2025-10-23 14:27:50,042 - NPM_Analyzer - INFO - Fetching metadata for 'aria-query'...
2025-10-23 14:27:50,165 - NPM_Analyzer - INFO - Found 29 versions. Starting download into 'temp/aria-query'...
2025-10-23 14:28:06,824 - BlankSpaceAnalyzer - INFO - Analyzing 29 versions for '*.js' in 'aria-query'.
2025-10-23 14:28:06,824 - BlankSpaceAnalyzer - INFO - -> Analyzing version 0.1.0 (1/29)...
2025-10-23 14:28:06,895 - BlankSpaceAnalyzer - INFO - -> Analyzing version 0.2.0 (2/29)...
2025-10-23 14:28:06,938 - BlankSpaceAnalyzer - INFO - -> Analyzing version 0.3.0 (3/29)...
2025-10-23 14:28:06,982 - BlankSpaceAnalyzer - INFO - -> Analyzing version 0.4.0 (4/29)...
2025-10-23 14:28:07,031 - BlankSpaceAnalyzer - INFO - -> Analyzing version 0.5.0 (5/29)...
2025-10-23 14:28:07,080 - BlankSpaceAnalyzer - INFO - -> Analyzing version 0.6.0 (6/29)...
2025-10-23 14:28:07,129 - BlankSpaceAnalyzer - INFO - -> Analyzing version 0.7.0 (7/29)...
2025-10-23 14:28:07,178 - BlankSpaceAnalyzer - INFO - -> Analyzing version 0.7.1 (8/29)...
2025-10-23 14:28:07,226 - BlankSpaceAnalyzer - INFO - -> Analyzing version 1.0.1 (9/29)...
2025-10-23 14:28:07,275 - BlankSpaceAnalyzer - INFO - -> Analyzing version 2.0.0 (10/29)...
2025-10-23 14:28:07,324 - BlankSpaceAnalyzer - INFO - -> Analyzing version 2.0.1 (11/29)...
2025-10-23 14:28:07,373 - BlankSpaceAnalyzer - INFO - -> Analyzing version 3.0.0 (12/29)...
2025-10-23 14:28:07,422 - BlankSpaceAnalyzer - INFO - -> Analyzing version 4.0.0 (13/29)...
2025-10-23 14:28:07,470 - BlankSpaceAnalyzer - INFO - -> Analyzing version 4.0.1 (14/29)...
2025-10-23 14:28:07,520 - BlankSpaceAnalyzer - INFO - -> Analyzing version 4.0.2 (15/29)...
2025-10-23 14:28:07,567 - BlankSpaceAnalyzer - INFO - -> Analyzing version 4.2.0 (16/29)...
2025-10-23 14:28:07,615 - BlankSpaceAnalyzer - INFO - -> Analyzing version 4.2.1 (17/29)...
2025-10-23 14:28:07,664 - BlankSpaceAnalyzer - INFO - -> Analyzing version 4.2.2 (18/29)...
2025-10-23 14:28:07,713 - BlankSpaceAnalyzer - INFO - -> Analyzing version 5.0.0 (19/29)...
2025-10-23 14:28:07,763 - BlankSpaceAnalyzer - INFO - -> Analyzing version 5.0.1 (20/29)...
2025-10-23 14:28:07,812 - BlankSpaceAnalyzer - INFO - -> Analyzing version 5.0.2 (21/29)...
2025-10-23 14:28:07,863 - BlankSpaceAnalyzer - INFO - -> Analyzing version 5.1.1 (22/29)...
2025-10-23 14:28:07,913 - BlankSpaceAnalyzer - INFO - -> Analyzing version 5.1.2 (23/29)...
2025-10-23 14:28:07,962 - BlankSpaceAnalyzer - INFO - -> Analyzing version 5.1.3 (24/29)...
2025-10-23 14:28:08,011 - BlankSpaceAnalyzer - INFO - -> Analyzing version 5.2.0 (25/29)...
2025-10-23 14:28:08,062 - BlankSpaceAnalyzer - INFO - -> Analyzing version 5.2.1 (26/29)...
2025-10-23 14:28:08,113 - BlankSpaceAnalyzer - INFO - -> Analyzing version 5.3.0 (27/29)...
2025-10-23 14:28:08,165 - BlankSpaceAnalyzer - INFO - -> Analyzing version 5.3.1 (28/29)...
2025-10-23 14:28:08,215 - BlankSpaceAnalyzer - INFO - -> Analyzing version 5.3.2 (29/29)...
2025-10-23 14:28:08,265 - BlankSpaceAnalyzer - INFO - Exporting results for 'aria-query' to CSV...
2025-10-23 14:28:08,331 - BlankSpaceAnalyzer - INFO - Reports saved in: /app/npm_results/aria-query
2025-10-23 14:28:08,332 - NPM_Analyzer - INFO - Cleaning temporary folder 'temp/aria-query'...
2025-10-23 14:28:08,392 - NPM_Analyzer - INFO - Cleanup completed.
