2025-11-17 10:18:49,395 - NPM_HUT_Analyzer - INFO - Recupero metadata per 'internal-ip'...
2025-11-17 10:18:49,517 - NPM_HUT_Analyzer - INFO - Trovate 21 versioni. Inizio download in 'temp_hut/internal-ip'...
2025-11-17 10:18:57,430 - UnicodeAnalyzer - INFO - Analizzando 21 versioni per '*.js' in 'internal-ip'.
2025-11-17 10:18:57,431 - UnicodeAnalyzer - INFO - -> Analizzando versione 1.0.0 (1/21)...
2025-11-17 10:18:57,514 - UnicodeAnalyzer - INFO - -> Analizzando versione 1.0.1 (2/21)...
2025-11-17 10:18:57,564 - UnicodeAnalyzer - INFO - -> Analizzando versione 1.1.0 (3/21)...
2025-11-17 10:18:57,618 - UnicodeAnalyzer - INFO - -> Analizzando versione 1.2.0 (4/21)...
2025-11-17 10:18:57,675 - UnicodeAnalyzer - INFO - -> Analizzando versione 2.0.0 (5/21)...
2025-11-17 10:18:57,675 - UnicodeAnalyzer - INFO - -> Analizzando versione 2.0.1 (6/21)...
2025-11-17 10:18:57,675 - UnicodeAnalyzer - INFO - -> Analizzando versione 2.0.2 (7/21)...
2025-11-17 10:18:57,676 - UnicodeAnalyzer - INFO - -> Analizzando versione 2.0.3 (8/21)...
2025-11-17 10:18:57,676 - UnicodeAnalyzer - INFO - -> Analizzando versione 3.0.0 (9/21)...
2025-11-17 10:18:57,676 - UnicodeAnalyzer - INFO - -> Analizzando versione 3.0.1 (10/21)...
2025-11-17 10:18:57,677 - UnicodeAnalyzer - INFO - -> Analizzando versione 4.0.0 (11/21)...
2025-11-17 10:18:57,677 - UnicodeAnalyzer - INFO - -> Analizzando versione 4.1.0 (12/21)...
2025-11-17 10:18:57,677 - UnicodeAnalyzer - INFO - -> Analizzando versione 4.2.0 (13/21)...
2025-11-17 10:18:57,678 - UnicodeAnalyzer - INFO - -> Analizzando versione 4.3.0 (14/21)...
2025-11-17 10:18:57,678 - UnicodeAnalyzer - INFO - -> Analizzando versione 5.0.0 (15/21)...
2025-11-17 10:18:57,678 - UnicodeAnalyzer - INFO - -> Analizzando versione 6.0.0 (16/21)...
2025-11-17 10:18:57,679 - UnicodeAnalyzer - INFO - -> Analizzando versione 6.1.0 (17/21)...
2025-11-17 10:18:57,679 - UnicodeAnalyzer - INFO - -> Analizzando versione 6.2.0 (18/21)...
2025-11-17 10:18:57,735 - UnicodeAnalyzer - INFO - -> Analizzando versione 7.0.0 (19/21)...
2025-11-17 10:18:57,792 - UnicodeAnalyzer - INFO - -> Analizzando versione 8.0.0 (20/21)...
2025-11-17 10:18:57,848 - UnicodeAnalyzer - INFO - -> Analizzando versione 8.0.1 (21/21)...
2025-11-17 10:18:57,904 - UnicodeAnalyzer - INFO - Esportando i risultati HUT per 'internal-ip' in CSV...
2025-11-17 10:18:57,929 - UnicodeAnalyzer - INFO - Report salvati in: /app/npm_hut_results/internal-ip
2025-11-17 10:18:57,929 - NPM_HUT_Analyzer - INFO - Pulizia cartella temporanea 'temp_hut/internal-ip'...
2025-11-17 10:18:57,931 - NPM_HUT_Analyzer - INFO - Pulizia completata.
