2025-11-17 16:07:44,969 - NPM_HUT_Analyzer - INFO - Recupero metadata per 'node-cron'...
2025-11-17 16:07:45,103 - NPM_HUT_Analyzer - INFO - Trovate 40 versioni. Inizio download in 'temp_hut/node-cron'...
2025-11-17 16:08:09,511 - UnicodeAnalyzer - INFO - Analizzando 40 versioni per '*.js' in 'node-cron'.
2025-11-17 16:08:09,512 - UnicodeAnalyzer - INFO - -> Analizzando versione 0.0.1 (1/40)...
2025-11-17 16:08:09,513 - UnicodeAnalyzer - INFO - Filtrati 5 file (es. in /dist, /test).
2025-11-17 16:08:09,514 - UnicodeAnalyzer - INFO - -> Analizzando versione 0.0.2 (2/40)...
2025-11-17 16:08:09,516 - UnicodeAnalyzer - INFO - Filtrati 5 file (es. in /dist, /test).
2025-11-17 16:08:09,517 - UnicodeAnalyzer - INFO - -> Analizzando versione 0.0.3 (3/40)...
2025-11-17 16:08:09,519 - UnicodeAnalyzer - INFO - Filtrati 5 file (es. in /dist, /test).
2025-11-17 16:08:09,520 - UnicodeAnalyzer - INFO - -> Analizzando versione 0.0.4 (4/40)...
2025-11-17 16:08:09,521 - UnicodeAnalyzer - INFO - Filtrati 6 file (es. in /dist, /test).
2025-11-17 16:08:09,522 - UnicodeAnalyzer - INFO - -> Analizzando versione 0.0.5 (5/40)...
2025-11-17 16:08:09,524 - UnicodeAnalyzer - INFO - Filtrati 8 file (es. in /dist, /test).
2025-11-17 16:08:09,600 - UnicodeAnalyzer - INFO - -> Analizzando versione 0.0.6 (6/40)...
2025-11-17 16:08:09,601 - UnicodeAnalyzer - INFO - Filtrati 8 file (es. in /dist, /test).
2025-11-17 16:08:09,659 - UnicodeAnalyzer - INFO - -> Analizzando versione 0.0.7 (7/40)...
2025-11-17 16:08:09,660 - UnicodeAnalyzer - INFO - Filtrati 14 file (es. in /dist, /test).
2025-11-17 16:08:09,720 - UnicodeAnalyzer - INFO - -> Analizzando versione 0.0.8 (8/40)...
2025-11-17 16:08:09,721 - UnicodeAnalyzer - INFO - Filtrati 19 file (es. in /dist, /test).
2025-11-17 16:08:09,781 - UnicodeAnalyzer - INFO - -> Analizzando versione 1.0.0 (9/40)...
2025-11-17 16:08:09,782 - UnicodeAnalyzer - INFO - Filtrati 19 file (es. in /dist, /test).
2025-11-17 16:08:09,845 - UnicodeAnalyzer - INFO - -> Analizzando versione 1.1.1 (10/40)...
2025-11-17 16:08:09,847 - UnicodeAnalyzer - INFO - Filtrati 23 file (es. in /dist, /test).
2025-11-17 16:08:09,907 - UnicodeAnalyzer - INFO - -> Analizzando versione 1.1.2 (11/40)...
2025-11-17 16:08:09,909 - UnicodeAnalyzer - INFO - Filtrati 28 file (es. in /dist, /test).
2025-11-17 16:08:09,974 - UnicodeAnalyzer - INFO - -> Analizzando versione 1.1.3 (12/40)...
2025-11-17 16:08:09,975 - UnicodeAnalyzer - INFO - Filtrati 29 file (es. in /dist, /test).
2025-11-17 16:08:10,038 - UnicodeAnalyzer - INFO - -> Analizzando versione 1.2.0 (13/40)...
2025-11-17 16:08:10,039 - UnicodeAnalyzer - INFO - Filtrati 30 file (es. in /dist, /test).
2025-11-17 16:08:10,102 - UnicodeAnalyzer - INFO - -> Analizzando versione 1.2.1 (14/40)...
2025-11-17 16:08:10,104 - UnicodeAnalyzer - INFO - Filtrati 31 file (es. in /dist, /test).
2025-11-17 16:08:10,165 - UnicodeAnalyzer - INFO - -> Analizzando versione 2.0.0 (15/40)...
2025-11-17 16:08:10,167 - UnicodeAnalyzer - INFO - Filtrati 33 file (es. in /dist, /test).
2025-11-17 16:08:10,228 - UnicodeAnalyzer - INFO - -> Analizzando versione 2.0.1 (16/40)...
2025-11-17 16:08:10,230 - UnicodeAnalyzer - INFO - Filtrati 33 file (es. in /dist, /test).
2025-11-17 16:08:10,292 - UnicodeAnalyzer - INFO - -> Analizzando versione 2.0.2 (17/40)...
2025-11-17 16:08:10,293 - UnicodeAnalyzer - INFO - Filtrati 33 file (es. in /dist, /test).
2025-11-17 16:08:10,358 - UnicodeAnalyzer - INFO - -> Analizzando versione 2.0.3 (18/40)...
2025-11-17 16:08:10,360 - UnicodeAnalyzer - INFO - Filtrati 33 file (es. in /dist, /test).
2025-11-17 16:08:10,422 - UnicodeAnalyzer - INFO - -> Analizzando versione 3.0.0 (19/40)...
2025-11-17 16:08:10,424 - UnicodeAnalyzer - INFO - Filtrati 22 file (es. in /dist, /test).
2025-11-17 16:08:10,486 - UnicodeAnalyzer - INFO - -> Analizzando versione 3.0.1 (20/40)...
2025-11-17 16:08:10,488 - UnicodeAnalyzer - INFO - Filtrati 22 file (es. in /dist, /test).
2025-11-17 16:08:10,551 - UnicodeAnalyzer - INFO - -> Analizzando versione 3.0.2 (21/40)...
2025-11-17 16:08:10,553 - UnicodeAnalyzer - INFO - Filtrati 22 file (es. in /dist, /test).
2025-11-17 16:08:10,616 - UnicodeAnalyzer - INFO - -> Analizzando versione 3.0.3 (22/40)...
2025-11-17 16:08:10,617 - UnicodeAnalyzer - INFO - Filtrati 22 file (es. in /dist, /test).
2025-11-17 16:08:10,681 - UnicodeAnalyzer - INFO - -> Analizzando versione 4.0.0 (23/40)...
2025-11-17 16:08:10,683 - UnicodeAnalyzer - INFO - Filtrati 46 file (es. in /dist, /test).
2025-11-17 16:08:10,683 - UnicodeAnalyzer - INFO - -> Analizzando versione 4.0.0-beta.1 (24/40)...
2025-11-17 16:08:10,744 - UnicodeAnalyzer - INFO - -> Analizzando versione 4.0.0-beta.2 (25/40)...
2025-11-17 16:08:10,805 - UnicodeAnalyzer - INFO - -> Analizzando versione 4.0.0-beta.3 (26/40)...
2025-11-17 16:08:10,807 - UnicodeAnalyzer - INFO - Filtrati 46 file (es. in /dist, /test).
2025-11-17 16:08:10,807 - UnicodeAnalyzer - INFO - -> Analizzando versione 4.0.0-beta.4 (27/40)...
2025-11-17 16:08:10,809 - UnicodeAnalyzer - INFO - Filtrati 46 file (es. in /dist, /test).
2025-11-17 16:08:10,809 - UnicodeAnalyzer - INFO - -> Analizzando versione 4.0.0-beta.5 (28/40)...
2025-11-17 16:08:10,811 - UnicodeAnalyzer - INFO - Filtrati 46 file (es. in /dist, /test).
2025-11-17 16:08:10,811 - UnicodeAnalyzer - INFO - -> Analizzando versione 4.0.0-beta.6 (29/40)...
2025-11-17 16:08:10,813 - UnicodeAnalyzer - INFO - Filtrati 46 file (es. in /dist, /test).
2025-11-17 16:08:10,813 - UnicodeAnalyzer - INFO - -> Analizzando versione 4.0.1 (30/40)...
2025-11-17 16:08:10,815 - UnicodeAnalyzer - INFO - Filtrati 42 file (es. in /dist, /test).
2025-11-17 16:08:10,815 - UnicodeAnalyzer - INFO - -> Analizzando versione 4.0.2 (31/40)...
2025-11-17 16:08:10,817 - UnicodeAnalyzer - INFO - Filtrati 42 file (es. in /dist, /test).
2025-11-17 16:08:10,818 - UnicodeAnalyzer - INFO - -> Analizzando versione 4.0.3 (32/40)...
2025-11-17 16:08:10,820 - UnicodeAnalyzer - INFO - Filtrati 42 file (es. in /dist, /test).
2025-11-17 16:08:10,820 - UnicodeAnalyzer - INFO - -> Analizzando versione 4.0.4 (33/40)...
2025-11-17 16:08:10,822 - UnicodeAnalyzer - INFO - Filtrati 42 file (es. in /dist, /test).
2025-11-17 16:08:10,822 - UnicodeAnalyzer - INFO - -> Analizzando versione 4.0.5 (34/40)...
2025-11-17 16:08:10,824 - UnicodeAnalyzer - INFO - Filtrati 42 file (es. in /dist, /test).
2025-11-17 16:08:10,824 - UnicodeAnalyzer - INFO - -> Analizzando versione 4.0.6 (35/40)...
2025-11-17 16:08:10,826 - UnicodeAnalyzer - INFO - Filtrati 42 file (es. in /dist, /test).
2025-11-17 16:08:10,826 - UnicodeAnalyzer - INFO - -> Analizzando versione 4.0.7 (36/40)...
2025-11-17 16:08:10,829 - UnicodeAnalyzer - INFO - Filtrati 42 file (es. in /dist, /test).
2025-11-17 16:08:10,829 - UnicodeAnalyzer - INFO - -> Analizzando versione 4.1.0 (37/40)...
2025-11-17 16:08:10,831 - UnicodeAnalyzer - INFO - Filtrati 42 file (es. in /dist, /test).
2025-11-17 16:08:10,831 - UnicodeAnalyzer - INFO - -> Analizzando versione 4.1.1 (38/40)...
2025-11-17 16:08:10,833 - UnicodeAnalyzer - INFO - Filtrati 42 file (es. in /dist, /test).
2025-11-17 16:08:10,833 - UnicodeAnalyzer - INFO - -> Analizzando versione 4.2.0 (39/40)...
2025-11-17 16:08:10,835 - UnicodeAnalyzer - INFO - Filtrati 42 file (es. in /dist, /test).
2025-11-17 16:08:10,835 - UnicodeAnalyzer - INFO - -> Analizzando versione 4.2.1 (40/40)...
2025-11-17 16:08:10,838 - UnicodeAnalyzer - INFO - Filtrati 42 file (es. in /dist, /test).
2025-11-17 16:08:10,838 - UnicodeAnalyzer - INFO - Esportando i risultati HUT per 'node-cron' in CSV...
2025-11-17 16:08:10,897 - UnicodeAnalyzer - INFO - Report salvati in: /app/npm_hut_results/node-cron
2025-11-17 16:08:10,897 - NPM_HUT_Analyzer - INFO - Pulizia cartella temporanea 'temp_hut/node-cron'...
2025-11-17 16:08:10,957 - NPM_HUT_Analyzer - INFO - Pulizia completata.
