2025-10-26 01:34:11,285 - NPM_Analyzer - INFO - Fetching metadata for 'cli-color'...
2025-10-26 01:34:11,422 - NPM_Analyzer - INFO - Found 26 versions. Starting download into 'temp/cli-color'...
2025-10-26 01:34:23,594 - BlankSpaceAnalyzer - INFO - Analyzing 26 versions for '*.js' in 'cli-color'.
2025-10-26 01:34:23,595 - BlankSpaceAnalyzer - INFO - -> Analyzing version 0.1.0 (1/26)...
2025-10-26 01:34:23,698 - BlankSpaceAnalyzer - INFO - -> Analyzing version 0.1.1 (2/26)...
2025-10-26 01:34:23,770 - BlankSpaceAnalyzer - INFO - -> Analyzing version 0.1.2 (3/26)...
2025-10-26 01:34:23,842 - BlankSpaceAnalyzer - INFO - -> Analyzing version 0.1.3 (4/26)...
2025-10-26 01:34:23,916 - BlankSpaceAnalyzer - INFO - -> Analyzing version 0.1.4 (5/26)...
2025-10-26 01:34:23,989 - BlankSpaceAnalyzer - INFO - -> Analyzing version 0.1.5 (6/26)...
2025-10-26 01:34:24,062 - BlankSpaceAnalyzer - INFO - -> Analyzing version 0.1.6 (7/26)...
2025-10-26 01:34:24,141 - BlankSpaceAnalyzer - INFO - -> Analyzing version 0.1.7 (8/26)...
2025-10-26 01:34:24,217 - BlankSpaceAnalyzer - INFO - -> Analyzing version 0.2.0 (9/26)...
2025-10-26 01:34:24,290 - BlankSpaceAnalyzer - INFO - -> Analyzing version 0.2.1 (10/26)...
2025-10-26 01:34:24,364 - BlankSpaceAnalyzer - INFO - -> Analyzing version 0.2.2 (11/26)...
2025-10-26 01:34:24,444 - BlankSpaceAnalyzer - INFO - -> Analyzing version 0.2.3 (12/26)...
2025-10-26 01:34:24,523 - BlankSpaceAnalyzer - INFO - -> Analyzing version 0.3.0 (13/26)...
2025-10-26 01:34:24,605 - BlankSpaceAnalyzer - INFO - -> Analyzing version 0.3.1 (14/26)...
2025-10-26 01:34:24,686 - BlankSpaceAnalyzer - INFO - -> Analyzing version 0.3.2 (15/26)...
2025-10-26 01:34:24,759 - BlankSpaceAnalyzer - INFO - -> Analyzing version 0.3.3 (16/26)...
2025-10-26 01:34:24,842 - BlankSpaceAnalyzer - INFO - -> Analyzing version 1.0.0 (17/26)...
2025-10-26 01:34:24,922 - BlankSpaceAnalyzer - INFO - -> Analyzing version 1.1.0 (18/26)...
2025-10-26 01:34:25,005 - BlankSpaceAnalyzer - INFO - -> Analyzing version 1.2.0 (19/26)...
2025-10-26 01:34:25,088 - BlankSpaceAnalyzer - INFO - -> Analyzing version 1.3.0 (20/26)...
2025-10-26 01:34:25,170 - BlankSpaceAnalyzer - INFO - -> Analyzing version 1.4.0 (21/26)...
2025-10-26 01:34:25,252 - BlankSpaceAnalyzer - INFO - -> Analyzing version 2.0.0 (22/26)...
2025-10-26 01:34:25,334 - BlankSpaceAnalyzer - INFO - -> Analyzing version 2.0.1 (23/26)...
2025-10-26 01:34:25,416 - BlankSpaceAnalyzer - INFO - -> Analyzing version 2.0.2 (24/26)...
2025-10-26 01:34:25,496 - BlankSpaceAnalyzer - INFO - -> Analyzing version 2.0.3 (25/26)...
2025-10-26 01:34:25,572 - BlankSpaceAnalyzer - INFO - -> Analyzing version 2.0.4 (26/26)...
2025-10-26 01:34:25,655 - BlankSpaceAnalyzer - INFO - Exporting results for 'cli-color' to CSV...
2025-10-26 01:34:25,684 - BlankSpaceAnalyzer - INFO - Reports saved in: /app/npm_results/cli-color
2025-10-26 01:34:25,684 - NPM_Analyzer - INFO - Cleaning temporary folder 'temp/cli-color'...
2025-10-26 01:34:25,698 - NPM_Analyzer - INFO - Cleanup completed.
