2025-10-25 11:59:42,819 - NPM_Analyzer - INFO - Fetching metadata for '@babel/plugin-transform-unicode-property-regex'...
2025-10-25 11:59:42,906 - NPM_Analyzer - INFO - Found 32 versions. Starting download into 'temp/@babel_plugin-transform-unicode-property-regex'...
2025-10-25 12:00:18,468 - BlankSpaceAnalyzer - INFO - Analyzing 32 versions for '*.js' in '@babel_plugin-transform-unicode-property-regex'.
2025-10-25 12:00:18,469 - BlankSpaceAnalyzer - INFO - -> Analyzing version 7.22.0 (1/32)...
2025-10-25 12:00:18,470 - BlankSpaceAnalyzer - INFO - -> Analyzing version 7.22.3 (2/32)...
2025-10-25 12:00:18,471 - BlankSpaceAnalyzer - INFO - -> Analyzing version 7.22.5 (3/32)...
2025-10-25 12:00:18,472 - BlankSpaceAnalyzer - INFO - -> Analyzing version 7.23.3 (4/32)...
2025-10-25 12:00:18,473 - BlankSpaceAnalyzer - INFO - -> Analyzing version 7.24.1 (5/32)...
2025-10-25 12:00:18,474 - BlankSpaceAnalyzer - INFO - -> Analyzing version 7.24.6 (6/32)...
2025-10-25 12:00:18,476 - BlankSpaceAnalyzer - INFO - -> Analyzing version 7.24.7 (7/32)...
2025-10-25 12:00:18,477 - BlankSpaceAnalyzer - INFO - -> Analyzing version 7.25.7 (8/32)...
2025-10-25 12:00:18,478 - BlankSpaceAnalyzer - INFO - -> Analyzing version 7.25.9 (9/32)...
2025-10-25 12:00:18,479 - BlankSpaceAnalyzer - INFO - -> Analyzing version 7.27.1 (10/32)...
2025-10-25 12:00:18,480 - BlankSpaceAnalyzer - INFO - -> Analyzing version 8.0.0-alpha.0 (11/32)...
2025-10-25 12:00:18,481 - BlankSpaceAnalyzer - INFO - -> Analyzing version 8.0.0-alpha.1 (12/32)...
2025-10-25 12:00:18,482 - BlankSpaceAnalyzer - INFO - -> Analyzing version 8.0.0-alpha.10 (13/32)...
2025-10-25 12:00:18,483 - BlankSpaceAnalyzer - INFO - -> Analyzing version 8.0.0-alpha.11 (14/32)...
2025-10-25 12:00:18,484 - BlankSpaceAnalyzer - INFO - -> Analyzing version 8.0.0-alpha.12 (15/32)...
2025-10-25 12:00:18,485 - BlankSpaceAnalyzer - INFO - -> Analyzing version 8.0.0-alpha.13 (16/32)...
2025-10-25 12:00:18,486 - BlankSpaceAnalyzer - INFO - -> Analyzing version 8.0.0-alpha.14 (17/32)...
2025-10-25 12:00:18,487 - BlankSpaceAnalyzer - INFO - -> Analyzing version 8.0.0-alpha.15 (18/32)...
2025-10-25 12:00:18,488 - BlankSpaceAnalyzer - INFO - -> Analyzing version 8.0.0-alpha.16 (19/32)...
2025-10-25 12:00:18,489 - BlankSpaceAnalyzer - INFO - -> Analyzing version 8.0.0-alpha.17 (20/32)...
2025-10-25 12:00:18,490 - BlankSpaceAnalyzer - INFO - -> Analyzing version 8.0.0-alpha.2 (21/32)...
2025-10-25 12:00:18,491 - BlankSpaceAnalyzer - INFO - -> Analyzing version 8.0.0-alpha.3 (22/32)...
2025-10-25 12:00:18,492 - BlankSpaceAnalyzer - INFO - -> Analyzing version 8.0.0-alpha.4 (23/32)...
2025-10-25 12:00:18,493 - BlankSpaceAnalyzer - INFO - -> Analyzing version 8.0.0-alpha.5 (24/32)...
2025-10-25 12:00:18,494 - BlankSpaceAnalyzer - INFO - -> Analyzing version 8.0.0-alpha.6 (25/32)...
2025-10-25 12:00:18,495 - BlankSpaceAnalyzer - INFO - -> Analyzing version 8.0.0-alpha.7 (26/32)...
2025-10-25 12:00:18,496 - BlankSpaceAnalyzer - INFO - -> Analyzing version 8.0.0-alpha.8 (27/32)...
2025-10-25 12:00:18,496 - BlankSpaceAnalyzer - INFO - -> Analyzing version 8.0.0-alpha.9 (28/32)...
2025-10-25 12:00:18,497 - BlankSpaceAnalyzer - INFO - -> Analyzing version 8.0.0-beta.0 (29/32)...
2025-10-25 12:00:18,498 - BlankSpaceAnalyzer - INFO - -> Analyzing version 8.0.0-beta.1 (30/32)...
2025-10-25 12:00:18,498 - BlankSpaceAnalyzer - INFO - -> Analyzing version 8.0.0-beta.2 (31/32)...
2025-10-25 12:00:18,499 - BlankSpaceAnalyzer - INFO - -> Analyzing version 8.0.0-beta.3 (32/32)...
2025-10-25 12:00:18,500 - BlankSpaceAnalyzer - INFO - Exporting results for '@babel/plugin-transform-unicode-property-regex' to CSV...
2025-10-25 12:00:18,532 - BlankSpaceAnalyzer - INFO - Reports saved in: /app/npm_results/@babel_plugin-transform-unicode-property-regex
2025-10-25 12:00:18,533 - NPM_Analyzer - INFO - Cleaning temporary folder 'temp/@babel_plugin-transform-unicode-property-regex'...
2025-10-25 12:00:18,538 - NPM_Analyzer - INFO - Cleanup completed.
