2025-10-25 13:44:16,979 - NPM_Analyzer - INFO - Fetching metadata for '@radix-ui/react-dropdown-menu'...
2025-10-25 13:44:17,276 - NPM_Analyzer - INFO - Found 349 versions. Starting download into 'temp/@radix-ui_react-dropdown-menu'...
2025-10-25 13:52:45,087 - BlankSpaceAnalyzer - INFO - Analyzing 349 versions for '*.js' in '@radix-ui_react-dropdown-menu'.
2025-10-25 13:52:45,088 - BlankSpaceAnalyzer - INFO - -> Analyzing version 0.0.0-20250116175529 (1/349)...
2025-10-25 13:52:45,089 - BlankSpaceAnalyzer - INFO - -> Analyzing version 0.0.0-20250116183145 (2/349)...
2025-10-25 13:52:45,092 - BlankSpaceAnalyzer - INFO - -> Analyzing version 0.0.0-20250116193558 (3/349)...
2025-10-25 13:52:45,093 - BlankSpaceAnalyzer - INFO - -> Analyzing version 0.0.0-20250116194335 (4/349)...
2025-10-25 13:52:45,094 - BlankSpaceAnalyzer - INFO - -> Analyzing version 0.0.1 (5/349)...
2025-10-25 13:52:45,165 - BlankSpaceAnalyzer - INFO - -> Analyzing version 0.0.10 (6/349)...
2025-10-25 13:52:45,224 - BlankSpaceAnalyzer - INFO - -> Analyzing version 0.0.11 (7/349)...
2025-10-25 13:52:45,282 - BlankSpaceAnalyzer - INFO - -> Analyzing version 0.0.12 (8/349)...
2025-10-25 13:52:45,341 - BlankSpaceAnalyzer - INFO - -> Analyzing version 0.0.13 (9/349)...
2025-10-25 13:52:45,406 - BlankSpaceAnalyzer - INFO - -> Analyzing version 0.0.14 (10/349)...
2025-10-25 13:52:45,470 - BlankSpaceAnalyzer - INFO - -> Analyzing version 0.0.15 (11/349)...
2025-10-25 13:52:45,528 - BlankSpaceAnalyzer - INFO - -> Analyzing version 0.0.16 (12/349)...
2025-10-25 13:52:45,588 - BlankSpaceAnalyzer - INFO - -> Analyzing version 0.0.17 (13/349)...
2025-10-25 13:52:45,647 - BlankSpaceAnalyzer - INFO - -> Analyzing version 0.0.18 (14/349)...
2025-10-25 13:52:45,706 - BlankSpaceAnalyzer - INFO - -> Analyzing version 0.0.19 (15/349)...
2025-10-25 13:52:45,765 - BlankSpaceAnalyzer - INFO - -> Analyzing version 0.0.2 (16/349)...
2025-10-25 13:52:45,824 - BlankSpaceAnalyzer - INFO - -> Analyzing version 0.0.20 (17/349)...
2025-10-25 13:52:45,884 - BlankSpaceAnalyzer - INFO - -> Analyzing version 0.0.21 (18/349)...
2025-10-25 13:52:45,943 - BlankSpaceAnalyzer - INFO - -> Analyzing version 0.0.22 (19/349)...
2025-10-25 13:52:46,006 - BlankSpaceAnalyzer - INFO - -> Analyzing version 0.0.23 (20/349)...
2025-10-25 13:52:46,066 - BlankSpaceAnalyzer - INFO - -> Analyzing version 0.0.3 (21/349)...
2025-10-25 13:52:46,125 - BlankSpaceAnalyzer - INFO - -> Analyzing version 0.0.4 (22/349)...
2025-10-25 13:52:46,184 - BlankSpaceAnalyzer - INFO - -> Analyzing version 0.0.5 (23/349)...
2025-10-25 13:52:46,243 - BlankSpaceAnalyzer - INFO - -> Analyzing version 0.0.6 (24/349)...
2025-10-25 13:52:46,307 - BlankSpaceAnalyzer - INFO - -> Analyzing version 0.0.7 (25/349)...
2025-10-25 13:52:46,372 - BlankSpaceAnalyzer - INFO - -> Analyzing version 0.0.8 (26/349)...
2025-10-25 13:52:46,431 - BlankSpaceAnalyzer - INFO - -> Analyzing version 0.0.9 (27/349)...
2025-10-25 13:52:46,494 - BlankSpaceAnalyzer - INFO - -> Analyzing version 0.1.0 (28/349)...
2025-10-25 13:52:46,558 - BlankSpaceAnalyzer - INFO - -> Analyzing version 0.1.0-rc.1 (29/349)...
2025-10-25 13:52:46,559 - BlankSpaceAnalyzer - INFO - -> Analyzing version 0.1.0-rc.2 (30/349)...
2025-10-25 13:52:46,618 - BlankSpaceAnalyzer - INFO - -> Analyzing version 0.1.1 (31/349)...
2025-10-25 13:52:46,677 - BlankSpaceAnalyzer - INFO - -> Analyzing version 0.1.1-rc.1 (32/349)...
2025-10-25 13:52:46,737 - BlankSpaceAnalyzer - INFO - -> Analyzing version 0.1.1-rc.10 (33/349)...
2025-10-25 13:52:46,798 - BlankSpaceAnalyzer - INFO - -> Analyzing version 0.1.1-rc.11 (34/349)...
2025-10-25 13:52:46,856 - BlankSpaceAnalyzer - INFO - -> Analyzing version 0.1.1-rc.12 (35/349)...
2025-10-25 13:52:46,916 - BlankSpaceAnalyzer - INFO - -> Analyzing version 0.1.1-rc.13 (36/349)...
2025-10-25 13:52:46,976 - BlankSpaceAnalyzer - INFO - -> Analyzing version 0.1.1-rc.14 (37/349)...
2025-10-25 13:52:47,041 - BlankSpaceAnalyzer - INFO - -> Analyzing version 0.1.1-rc.15 (38/349)...
2025-10-25 13:52:47,102 - BlankSpaceAnalyzer - INFO - -> Analyzing version 0.1.1-rc.16 (39/349)...
2025-10-25 13:52:47,162 - BlankSpaceAnalyzer - INFO - -> Analyzing version 0.1.1-rc.17 (40/349)...
2025-10-25 13:52:47,221 - BlankSpaceAnalyzer - INFO - -> Analyzing version 0.1.1-rc.18 (41/349)...
2025-10-25 13:52:47,280 - BlankSpaceAnalyzer - INFO - -> Analyzing version 0.1.1-rc.19 (42/349)...
2025-10-25 13:52:47,340 - BlankSpaceAnalyzer - INFO - -> Analyzing version 0.1.1-rc.2 (43/349)...
2025-10-25 13:52:47,400 - BlankSpaceAnalyzer - INFO - -> Analyzing version 0.1.1-rc.3 (44/349)...
2025-10-25 13:52:47,459 - BlankSpaceAnalyzer - INFO - -> Analyzing version 0.1.1-rc.4 (45/349)...
2025-10-25 13:52:47,520 - BlankSpaceAnalyzer - INFO - -> Analyzing version 0.1.1-rc.5 (46/349)...
2025-10-25 13:52:47,580 - BlankSpaceAnalyzer - INFO - -> Analyzing version 0.1.1-rc.6 (47/349)...
2025-10-25 13:52:47,645 - BlankSpaceAnalyzer - INFO - -> Analyzing version 0.1.1-rc.7 (48/349)...
2025-10-25 13:52:47,710 - BlankSpaceAnalyzer - INFO - -> Analyzing version 0.1.1-rc.8 (49/349)...
2025-10-25 13:52:47,777 - BlankSpaceAnalyzer - INFO - -> Analyzing version 0.1.1-rc.9 (50/349)...
2025-10-25 13:52:47,835 - BlankSpaceAnalyzer - INFO - -> Analyzing version 0.1.2 (51/349)...
2025-10-25 13:52:47,898 - BlankSpaceAnalyzer - INFO - -> Analyzing version 0.1.2-rc.1 (52/349)...
2025-10-25 13:52:47,963 - BlankSpaceAnalyzer - INFO - -> Analyzing version 0.1.2-rc.10 (53/349)...
2025-10-25 13:52:48,029 - BlankSpaceAnalyzer - INFO - -> Analyzing version 0.1.2-rc.11 (54/349)...
2025-10-25 13:52:48,094 - BlankSpaceAnalyzer - INFO - -> Analyzing version 0.1.2-rc.12 (55/349)...
2025-10-25 13:52:48,158 - BlankSpaceAnalyzer - INFO - -> Analyzing version 0.1.2-rc.13 (56/349)...
2025-10-25 13:52:48,226 - BlankSpaceAnalyzer - INFO - -> Analyzing version 0.1.2-rc.14 (57/349)...
2025-10-25 13:52:48,288 - BlankSpaceAnalyzer - INFO - -> Analyzing version 0.1.2-rc.15 (58/349)...
2025-10-25 13:52:48,348 - BlankSpaceAnalyzer - INFO - -> Analyzing version 0.1.2-rc.2 (59/349)...
2025-10-25 13:52:48,412 - BlankSpaceAnalyzer - INFO - -> Analyzing version 0.1.2-rc.3 (60/349)...
2025-10-25 13:52:48,476 - BlankSpaceAnalyzer - INFO - -> Analyzing version 0.1.2-rc.4 (61/349)...
2025-10-25 13:52:48,542 - BlankSpaceAnalyzer - INFO - -> Analyzing version 0.1.2-rc.5 (62/349)...
2025-10-25 13:52:48,600 - BlankSpaceAnalyzer - INFO - -> Analyzing version 0.1.2-rc.6 (63/349)...
2025-10-25 13:52:48,659 - BlankSpaceAnalyzer - INFO - -> Analyzing version 0.1.2-rc.7 (64/349)...
2025-10-25 13:52:48,718 - BlankSpaceAnalyzer - INFO - -> Analyzing version 0.1.2-rc.8 (65/349)...
2025-10-25 13:52:48,777 - BlankSpaceAnalyzer - INFO - -> Analyzing version 0.1.2-rc.9 (66/349)...
2025-10-25 13:52:48,835 - BlankSpaceAnalyzer - INFO - -> Analyzing version 0.1.3 (67/349)...
2025-10-25 13:52:48,894 - BlankSpaceAnalyzer - INFO - -> Analyzing version 0.1.3-rc.1 (68/349)...
2025-10-25 13:52:48,953 - BlankSpaceAnalyzer - INFO - -> Analyzing version 0.1.4 (69/349)...
2025-10-25 13:52:49,018 - BlankSpaceAnalyzer - INFO - -> Analyzing version 0.1.4-rc.1 (70/349)...
2025-10-25 13:52:49,081 - BlankSpaceAnalyzer - INFO - -> Analyzing version 0.1.5 (71/349)...
2025-10-25 13:52:49,140 - BlankSpaceAnalyzer - INFO - -> Analyzing version 0.1.5-rc.1 (72/349)...
2025-10-25 13:52:49,204 - BlankSpaceAnalyzer - INFO - -> Analyzing version 0.1.5-rc.10 (73/349)...
2025-10-25 13:52:49,269 - BlankSpaceAnalyzer - INFO - -> Analyzing version 0.1.5-rc.11 (74/349)...
2025-10-25 13:52:49,328 - BlankSpaceAnalyzer - INFO - -> Analyzing version 0.1.5-rc.12 (75/349)...
2025-10-25 13:52:49,390 - BlankSpaceAnalyzer - INFO - -> Analyzing version 0.1.5-rc.13 (76/349)...
2025-10-25 13:52:49,455 - BlankSpaceAnalyzer - INFO - -> Analyzing version 0.1.5-rc.14 (77/349)...
2025-10-25 13:52:49,522 - BlankSpaceAnalyzer - INFO - -> Analyzing version 0.1.5-rc.15 (78/349)...
2025-10-25 13:52:49,585 - BlankSpaceAnalyzer - INFO - -> Analyzing version 0.1.5-rc.16 (79/349)...
2025-10-25 13:52:49,651 - BlankSpaceAnalyzer - INFO - -> Analyzing version 0.1.5-rc.17 (80/349)...
2025-10-25 13:52:49,716 - BlankSpaceAnalyzer - INFO - -> Analyzing version 0.1.5-rc.18 (81/349)...
2025-10-25 13:52:49,780 - BlankSpaceAnalyzer - INFO - -> Analyzing version 0.1.5-rc.19 (82/349)...
2025-10-25 13:52:49,840 - BlankSpaceAnalyzer - INFO - -> Analyzing version 0.1.5-rc.2 (83/349)...
2025-10-25 13:52:49,907 - BlankSpaceAnalyzer - INFO - -> Analyzing version 0.1.5-rc.20 (84/349)...
2025-10-25 13:52:49,971 - BlankSpaceAnalyzer - INFO - -> Analyzing version 0.1.5-rc.21 (85/349)...
2025-10-25 13:52:50,030 - BlankSpaceAnalyzer - INFO - -> Analyzing version 0.1.5-rc.22 (86/349)...
2025-10-25 13:52:50,092 - BlankSpaceAnalyzer - INFO - -> Analyzing version 0.1.5-rc.23 (87/349)...
2025-10-25 13:52:50,156 - BlankSpaceAnalyzer - INFO - -> Analyzing version 0.1.5-rc.24 (88/349)...
2025-10-25 13:52:50,221 - BlankSpaceAnalyzer - INFO - -> Analyzing version 0.1.5-rc.25 (89/349)...
2025-10-25 13:52:50,283 - BlankSpaceAnalyzer - INFO - -> Analyzing version 0.1.5-rc.26 (90/349)...
2025-10-25 13:52:50,343 - BlankSpaceAnalyzer - INFO - -> Analyzing version 0.1.5-rc.3 (91/349)...
2025-10-25 13:52:50,407 - BlankSpaceAnalyzer - INFO - -> Analyzing version 0.1.5-rc.4 (92/349)...
2025-10-25 13:52:50,472 - BlankSpaceAnalyzer - INFO - -> Analyzing version 0.1.5-rc.5 (93/349)...
2025-10-25 13:52:50,532 - BlankSpaceAnalyzer - INFO - -> Analyzing version 0.1.5-rc.6 (94/349)...
2025-10-25 13:52:50,595 - BlankSpaceAnalyzer - INFO - -> Analyzing version 0.1.5-rc.7 (95/349)...
2025-10-25 13:52:50,660 - BlankSpaceAnalyzer - INFO - -> Analyzing version 0.1.5-rc.8 (96/349)...
2025-10-25 13:52:50,726 - BlankSpaceAnalyzer - INFO - -> Analyzing version 0.1.5-rc.9 (97/349)...
2025-10-25 13:52:50,789 - BlankSpaceAnalyzer - INFO - -> Analyzing version 0.1.6 (98/349)...
2025-10-25 13:52:50,849 - BlankSpaceAnalyzer - INFO - -> Analyzing version 0.1.6-rc.1 (99/349)...
2025-10-25 13:52:50,908 - BlankSpaceAnalyzer - INFO - -> Analyzing version 0.1.7-rc.1 (100/349)...
2025-10-25 13:52:50,968 - BlankSpaceAnalyzer - INFO - -> Analyzing version 0.1.7-rc.10 (101/349)...
2025-10-25 13:52:51,028 - BlankSpaceAnalyzer - INFO - -> Analyzing version 0.1.7-rc.11 (102/349)...
2025-10-25 13:52:51,091 - BlankSpaceAnalyzer - INFO - -> Analyzing version 0.1.7-rc.12 (103/349)...
2025-10-25 13:52:51,157 - BlankSpaceAnalyzer - INFO - -> Analyzing version 0.1.7-rc.13 (104/349)...
2025-10-25 13:52:51,223 - BlankSpaceAnalyzer - INFO - -> Analyzing version 0.1.7-rc.14 (105/349)...
2025-10-25 13:52:51,290 - BlankSpaceAnalyzer - INFO - -> Analyzing version 0.1.7-rc.15 (106/349)...
2025-10-25 13:52:51,347 - BlankSpaceAnalyzer - INFO - -> Analyzing version 0.1.7-rc.16 (107/349)...
2025-10-25 13:52:51,411 - BlankSpaceAnalyzer - INFO - -> Analyzing version 0.1.7-rc.17 (108/349)...
2025-10-25 13:52:51,475 - BlankSpaceAnalyzer - INFO - -> Analyzing version 0.1.7-rc.18 (109/349)...
2025-10-25 13:52:51,534 - BlankSpaceAnalyzer - INFO - -> Analyzing version 0.1.7-rc.19 (110/349)...
2025-10-25 13:52:51,596 - BlankSpaceAnalyzer - INFO - -> Analyzing version 0.1.7-rc.2 (111/349)...
2025-10-25 13:52:51,661 - BlankSpaceAnalyzer - INFO - -> Analyzing version 0.1.7-rc.20 (112/349)...
2025-10-25 13:52:51,726 - BlankSpaceAnalyzer - INFO - -> Analyzing version 0.1.7-rc.21 (113/349)...
2025-10-25 13:52:51,791 - BlankSpaceAnalyzer - INFO - -> Analyzing version 0.1.7-rc.22 (114/349)...
2025-10-25 13:52:51,855 - BlankSpaceAnalyzer - INFO - -> Analyzing version 0.1.7-rc.23 (115/349)...
2025-10-25 13:52:51,915 - BlankSpaceAnalyzer - INFO - -> Analyzing version 0.1.7-rc.24 (116/349)...
2025-10-25 13:52:51,974 - BlankSpaceAnalyzer - INFO - -> Analyzing version 0.1.7-rc.25 (117/349)...
2025-10-25 13:52:52,034 - BlankSpaceAnalyzer - INFO - -> Analyzing version 0.1.7-rc.26 (118/349)...
2025-10-25 13:52:52,097 - BlankSpaceAnalyzer - INFO - -> Analyzing version 0.1.7-rc.27 (119/349)...
2025-10-25 13:52:52,161 - BlankSpaceAnalyzer - INFO - -> Analyzing version 0.1.7-rc.28 (120/349)...
2025-10-25 13:52:52,220 - BlankSpaceAnalyzer - INFO - -> Analyzing version 0.1.7-rc.29 (121/349)...
2025-10-25 13:52:52,278 - BlankSpaceAnalyzer - INFO - -> Analyzing version 0.1.7-rc.3 (122/349)...
2025-10-25 13:52:52,337 - BlankSpaceAnalyzer - INFO - -> Analyzing version 0.1.7-rc.30 (123/349)...
2025-10-25 13:52:52,401 - BlankSpaceAnalyzer - INFO - -> Analyzing version 0.1.7-rc.31 (124/349)...
2025-10-25 13:52:52,469 - BlankSpaceAnalyzer - INFO - -> Analyzing version 0.1.7-rc.32 (125/349)...
2025-10-25 13:52:52,527 - BlankSpaceAnalyzer - INFO - -> Analyzing version 0.1.7-rc.33 (126/349)...
2025-10-25 13:52:52,587 - BlankSpaceAnalyzer - INFO - -> Analyzing version 0.1.7-rc.34 (127/349)...
2025-10-25 13:52:52,646 - BlankSpaceAnalyzer - INFO - -> Analyzing version 0.1.7-rc.35 (128/349)...
2025-10-25 13:52:52,710 - BlankSpaceAnalyzer - INFO - -> Analyzing version 0.1.7-rc.36 (129/349)...
2025-10-25 13:52:52,774 - BlankSpaceAnalyzer - INFO - -> Analyzing version 0.1.7-rc.37 (130/349)...
2025-10-25 13:52:52,833 - BlankSpaceAnalyzer - INFO - -> Analyzing version 0.1.7-rc.38 (131/349)...
2025-10-25 13:52:52,896 - BlankSpaceAnalyzer - INFO - -> Analyzing version 0.1.7-rc.39 (132/349)...
2025-10-25 13:52:52,961 - BlankSpaceAnalyzer - INFO - -> Analyzing version 0.1.7-rc.4 (133/349)...
2025-10-25 13:52:53,026 - BlankSpaceAnalyzer - INFO - -> Analyzing version 0.1.7-rc.40 (134/349)...
2025-10-25 13:52:53,088 - BlankSpaceAnalyzer - INFO - -> Analyzing version 0.1.7-rc.41 (135/349)...
2025-10-25 13:52:53,147 - BlankSpaceAnalyzer - INFO - -> Analyzing version 0.1.7-rc.42 (136/349)...
2025-10-25 13:52:53,206 - BlankSpaceAnalyzer - INFO - -> Analyzing version 0.1.7-rc.43 (137/349)...
2025-10-25 13:52:53,265 - BlankSpaceAnalyzer - INFO - -> Analyzing version 0.1.7-rc.44 (138/349)...
2025-10-25 13:52:53,324 - BlankSpaceAnalyzer - INFO - -> Analyzing version 0.1.7-rc.45 (139/349)...
2025-10-25 13:52:53,386 - BlankSpaceAnalyzer - INFO - -> Analyzing version 0.1.7-rc.46 (140/349)...
2025-10-25 13:52:53,451 - BlankSpaceAnalyzer - INFO - -> Analyzing version 0.1.7-rc.47 (141/349)...
2025-10-25 13:52:53,517 - BlankSpaceAnalyzer - INFO - -> Analyzing version 0.1.7-rc.48 (142/349)...
2025-10-25 13:52:53,580 - BlankSpaceAnalyzer - INFO - -> Analyzing version 0.1.7-rc.49 (143/349)...
2025-10-25 13:52:53,640 - BlankSpaceAnalyzer - INFO - -> Analyzing version 0.1.7-rc.5 (144/349)...
2025-10-25 13:52:53,698 - BlankSpaceAnalyzer - INFO - -> Analyzing version 0.1.7-rc.50 (145/349)...
2025-10-25 13:52:53,759 - BlankSpaceAnalyzer - INFO - -> Analyzing version 0.1.7-rc.6 (146/349)...
2025-10-25 13:52:53,824 - BlankSpaceAnalyzer - INFO - -> Analyzing version 0.1.7-rc.7 (147/349)...
2025-10-25 13:52:53,889 - BlankSpaceAnalyzer - INFO - -> Analyzing version 0.1.7-rc.8 (148/349)...
2025-10-25 13:52:53,954 - BlankSpaceAnalyzer - INFO - -> Analyzing version 0.1.7-rc.9 (149/349)...
2025-10-25 13:52:54,014 - BlankSpaceAnalyzer - INFO - -> Analyzing version 1.0.0 (150/349)...
2025-10-25 13:52:54,074 - BlankSpaceAnalyzer - INFO - -> Analyzing version 1.0.0-rc.1 (151/349)...
2025-10-25 13:52:54,135 - BlankSpaceAnalyzer - INFO - -> Analyzing version 1.0.1-rc.1 (152/349)...
2025-10-25 13:52:54,198 - BlankSpaceAnalyzer - INFO - -> Analyzing version 1.0.1-rc.10 (153/349)...
2025-10-25 13:52:54,263 - BlankSpaceAnalyzer - INFO - -> Analyzing version 1.0.1-rc.11 (154/349)...
2025-10-25 13:52:54,328 - BlankSpaceAnalyzer - INFO - -> Analyzing version 1.0.1-rc.12 (155/349)...
2025-10-25 13:52:54,390 - BlankSpaceAnalyzer - INFO - -> Analyzing version 1.0.1-rc.13 (156/349)...
2025-10-25 13:52:54,449 - BlankSpaceAnalyzer - INFO - -> Analyzing version 1.0.1-rc.14 (157/349)...
2025-10-25 13:52:54,516 - BlankSpaceAnalyzer - INFO - -> Analyzing version 1.0.1-rc.2 (158/349)...
2025-10-25 13:52:54,579 - BlankSpaceAnalyzer - INFO - -> Analyzing version 1.0.1-rc.3 (159/349)...
2025-10-25 13:52:54,640 - BlankSpaceAnalyzer - INFO - -> Analyzing version 1.0.1-rc.4 (160/349)...
2025-10-25 13:52:54,704 - BlankSpaceAnalyzer - INFO - -> Analyzing version 1.0.1-rc.5 (161/349)...
2025-10-25 13:52:54,769 - BlankSpaceAnalyzer - INFO - -> Analyzing version 1.0.1-rc.6 (162/349)...
2025-10-25 13:52:54,829 - BlankSpaceAnalyzer - INFO - -> Analyzing version 1.0.1-rc.7 (163/349)...
2025-10-25 13:52:54,892 - BlankSpaceAnalyzer - INFO - -> Analyzing version 1.0.1-rc.8 (164/349)...
2025-10-25 13:52:54,957 - BlankSpaceAnalyzer - INFO - -> Analyzing version 1.0.1-rc.9 (165/349)...
2025-10-25 13:52:55,017 - BlankSpaceAnalyzer - INFO - -> Analyzing version 2.0.0 (166/349)...
2025-10-25 13:52:55,077 - BlankSpaceAnalyzer - INFO - -> Analyzing version 2.0.0-rc.1 (167/349)...
2025-10-25 13:52:55,141 - BlankSpaceAnalyzer - INFO - -> Analyzing version 2.0.0-rc.2 (168/349)...
2025-10-25 13:52:55,202 - BlankSpaceAnalyzer - INFO - -> Analyzing version 2.0.0-rc.3 (169/349)...
2025-10-25 13:52:55,267 - BlankSpaceAnalyzer - INFO - -> Analyzing version 2.0.0-rc.4 (170/349)...
2025-10-25 13:52:55,332 - BlankSpaceAnalyzer - INFO - -> Analyzing version 2.0.0-rc.5 (171/349)...
2025-10-25 13:52:55,398 - BlankSpaceAnalyzer - INFO - -> Analyzing version 2.0.0-rc.6 (172/349)...
2025-10-25 13:52:55,463 - BlankSpaceAnalyzer - INFO - -> Analyzing version 2.0.0-rc.7 (173/349)...
2025-10-25 13:52:55,528 - BlankSpaceAnalyzer - INFO - -> Analyzing version 2.0.0-rc.8 (174/349)...
2025-10-25 13:52:55,591 - BlankSpaceAnalyzer - INFO - -> Analyzing version 2.0.0-rc.9 (175/349)...
2025-10-25 13:52:55,652 - BlankSpaceAnalyzer - INFO - -> Analyzing version 2.0.1 (176/349)...
2025-10-25 13:52:55,717 - BlankSpaceAnalyzer - INFO - -> Analyzing version 2.0.1-rc.1 (177/349)...
2025-10-25 13:52:55,781 - BlankSpaceAnalyzer - INFO - -> Analyzing version 2.0.2 (178/349)...
2025-10-25 13:52:55,839 - BlankSpaceAnalyzer - INFO - -> Analyzing version 2.0.2-rc.1 (179/349)...
2025-10-25 13:52:55,899 - BlankSpaceAnalyzer - INFO - -> Analyzing version 2.0.2-rc.2 (180/349)...
2025-10-25 13:52:55,959 - BlankSpaceAnalyzer - INFO - -> Analyzing version 2.0.2-rc.3 (181/349)...
2025-10-25 13:52:56,020 - BlankSpaceAnalyzer - INFO - -> Analyzing version 2.0.2-rc.4 (182/349)...
2025-10-25 13:52:56,087 - BlankSpaceAnalyzer - INFO - -> Analyzing version 2.0.2-rc.5 (183/349)...
2025-10-25 13:52:56,151 - BlankSpaceAnalyzer - INFO - -> Analyzing version 2.0.3 (184/349)...
2025-10-25 13:52:56,216 - BlankSpaceAnalyzer - INFO - -> Analyzing version 2.0.3-rc.1 (185/349)...
2025-10-25 13:52:56,280 - BlankSpaceAnalyzer - INFO - -> Analyzing version 2.0.3-rc.10 (186/349)...
2025-10-25 13:52:56,340 - BlankSpaceAnalyzer - INFO - -> Analyzing version 2.0.3-rc.11 (187/349)...
2025-10-25 13:52:56,403 - BlankSpaceAnalyzer - INFO - -> Analyzing version 2.0.3-rc.12 (188/349)...
2025-10-25 13:52:56,468 - BlankSpaceAnalyzer - INFO - -> Analyzing version 2.0.3-rc.13 (189/349)...
2025-10-25 13:52:56,530 - BlankSpaceAnalyzer - INFO - -> Analyzing version 2.0.3-rc.14 (190/349)...
2025-10-25 13:52:56,590 - BlankSpaceAnalyzer - INFO - -> Analyzing version 2.0.3-rc.2 (191/349)...
2025-10-25 13:52:56,656 - BlankSpaceAnalyzer - INFO - -> Analyzing version 2.0.3-rc.3 (192/349)...
2025-10-25 13:52:56,721 - BlankSpaceAnalyzer - INFO - -> Analyzing version 2.0.3-rc.4 (193/349)...
2025-10-25 13:52:56,784 - BlankSpaceAnalyzer - INFO - -> Analyzing version 2.0.3-rc.5 (194/349)...
2025-10-25 13:52:56,844 - BlankSpaceAnalyzer - INFO - -> Analyzing version 2.0.3-rc.6 (195/349)...
2025-10-25 13:52:56,910 - BlankSpaceAnalyzer - INFO - -> Analyzing version 2.0.3-rc.7 (196/349)...
2025-10-25 13:52:56,974 - BlankSpaceAnalyzer - INFO - -> Analyzing version 2.0.3-rc.8 (197/349)...
2025-10-25 13:52:57,038 - BlankSpaceAnalyzer - INFO - -> Analyzing version 2.0.3-rc.9 (198/349)...
2025-10-25 13:52:57,103 - BlankSpaceAnalyzer - INFO - -> Analyzing version 2.0.4 (199/349)...
2025-10-25 13:52:57,168 - BlankSpaceAnalyzer - INFO - -> Analyzing version 2.0.4-rc.1 (200/349)...
2025-10-25 13:52:57,228 - BlankSpaceAnalyzer - INFO - -> Analyzing version 2.0.5 (201/349)...
2025-10-25 13:52:57,229 - BlankSpaceAnalyzer - INFO - -> Analyzing version 2.0.5-rc.1 (202/349)...
2025-10-25 13:52:57,292 - BlankSpaceAnalyzer - INFO - -> Analyzing version 2.0.5-rc.10 (203/349)...
2025-10-25 13:52:57,357 - BlankSpaceAnalyzer - INFO - -> Analyzing version 2.0.5-rc.11 (204/349)...
2025-10-25 13:52:57,358 - BlankSpaceAnalyzer - INFO - -> Analyzing version 2.0.5-rc.12 (205/349)...
2025-10-25 13:52:57,358 - BlankSpaceAnalyzer - INFO - -> Analyzing version 2.0.5-rc.13 (206/349)...
2025-10-25 13:52:57,358 - BlankSpaceAnalyzer - INFO - -> Analyzing version 2.0.5-rc.14 (207/349)...
2025-10-25 13:52:57,359 - BlankSpaceAnalyzer - INFO - -> Analyzing version 2.0.5-rc.15 (208/349)...
2025-10-25 13:52:57,359 - BlankSpaceAnalyzer - INFO - -> Analyzing version 2.0.5-rc.16 (209/349)...
2025-10-25 13:52:57,360 - BlankSpaceAnalyzer - INFO - -> Analyzing version 2.0.5-rc.2 (210/349)...
2025-10-25 13:52:57,420 - BlankSpaceAnalyzer - INFO - -> Analyzing version 2.0.5-rc.3 (211/349)...
2025-10-25 13:52:57,483 - BlankSpaceAnalyzer - INFO - -> Analyzing version 2.0.5-rc.4 (212/349)...
2025-10-25 13:52:57,548 - BlankSpaceAnalyzer - INFO - -> Analyzing version 2.0.5-rc.5 (213/349)...
2025-10-25 13:52:57,613 - BlankSpaceAnalyzer - INFO - -> Analyzing version 2.0.5-rc.6 (214/349)...
2025-10-25 13:52:57,677 - BlankSpaceAnalyzer - INFO - -> Analyzing version 2.0.5-rc.7 (215/349)...
2025-10-25 13:52:57,738 - BlankSpaceAnalyzer - INFO - -> Analyzing version 2.0.5-rc.8 (216/349)...
2025-10-25 13:52:57,803 - BlankSpaceAnalyzer - INFO - -> Analyzing version 2.0.5-rc.9 (217/349)...
2025-10-25 13:52:57,868 - BlankSpaceAnalyzer - INFO - -> Analyzing version 2.0.6 (218/349)...
2025-10-25 13:52:57,869 - BlankSpaceAnalyzer - INFO - -> Analyzing version 2.0.6-rc.1 (219/349)...
2025-10-25 13:52:57,869 - BlankSpaceAnalyzer - INFO - -> Analyzing version 2.0.6-rc.2 (220/349)...
2025-10-25 13:52:57,870 - BlankSpaceAnalyzer - INFO - -> Analyzing version 2.0.6-rc.3 (221/349)...
2025-10-25 13:52:57,870 - BlankSpaceAnalyzer - INFO - -> Analyzing version 2.0.6-rc.4 (222/349)...
2025-10-25 13:52:57,870 - BlankSpaceAnalyzer - INFO - -> Analyzing version 2.0.6-rc.5 (223/349)...
2025-10-25 13:52:57,871 - BlankSpaceAnalyzer - INFO - -> Analyzing version 2.0.6-rc.6 (224/349)...
2025-10-25 13:52:57,871 - BlankSpaceAnalyzer - INFO - -> Analyzing version 2.0.6-rc.7 (225/349)...
2025-10-25 13:52:57,872 - BlankSpaceAnalyzer - INFO - -> Analyzing version 2.0.6-rc.8 (226/349)...
2025-10-25 13:52:57,872 - BlankSpaceAnalyzer - INFO - -> Analyzing version 2.0.6-rc.9 (227/349)...
2025-10-25 13:52:57,872 - BlankSpaceAnalyzer - INFO - -> Analyzing version 2.0.7-rc.1 (228/349)...
2025-10-25 13:52:57,873 - BlankSpaceAnalyzer - INFO - -> Analyzing version 2.0.7-rc.10 (229/349)...
2025-10-25 13:52:57,873 - BlankSpaceAnalyzer - INFO - -> Analyzing version 2.0.7-rc.11 (230/349)...
2025-10-25 13:52:57,874 - BlankSpaceAnalyzer - INFO - -> Analyzing version 2.0.7-rc.2 (231/349)...
2025-10-25 13:52:57,874 - BlankSpaceAnalyzer - INFO - -> Analyzing version 2.0.7-rc.3 (232/349)...
2025-10-25 13:52:57,874 - BlankSpaceAnalyzer - INFO - -> Analyzing version 2.0.7-rc.4 (233/349)...
2025-10-25 13:52:57,875 - BlankSpaceAnalyzer - INFO - -> Analyzing version 2.0.7-rc.5 (234/349)...
2025-10-25 13:52:57,875 - BlankSpaceAnalyzer - INFO - -> Analyzing version 2.0.7-rc.6 (235/349)...
2025-10-25 13:52:57,876 - BlankSpaceAnalyzer - INFO - -> Analyzing version 2.0.7-rc.7 (236/349)...
2025-10-25 13:52:57,876 - BlankSpaceAnalyzer - INFO - -> Analyzing version 2.0.7-rc.8 (237/349)...
2025-10-25 13:52:57,876 - BlankSpaceAnalyzer - INFO - -> Analyzing version 2.0.7-rc.9 (238/349)...
2025-10-25 13:52:57,877 - BlankSpaceAnalyzer - INFO - -> Analyzing version 2.1.0 (239/349)...
2025-10-25 13:52:57,877 - BlankSpaceAnalyzer - INFO - -> Analyzing version 2.1.0-rc.1 (240/349)...
2025-10-25 13:52:57,877 - BlankSpaceAnalyzer - INFO - -> Analyzing version 2.1.0-rc.2 (241/349)...
2025-10-25 13:52:57,878 - BlankSpaceAnalyzer - INFO - -> Analyzing version 2.1.0-rc.3 (242/349)...
2025-10-25 13:52:57,878 - BlankSpaceAnalyzer - INFO - -> Analyzing version 2.1.0-rc.4 (243/349)...
2025-10-25 13:52:57,878 - BlankSpaceAnalyzer - INFO - -> Analyzing version 2.1.0-rc.5 (244/349)...
2025-10-25 13:52:57,879 - BlankSpaceAnalyzer - INFO - -> Analyzing version 2.1.0-rc.6 (245/349)...
2025-10-25 13:52:57,879 - BlankSpaceAnalyzer - INFO - -> Analyzing version 2.1.0-rc.7 (246/349)...
2025-10-25 13:52:57,879 - BlankSpaceAnalyzer - INFO - -> Analyzing version 2.1.1 (247/349)...
2025-10-25 13:52:57,880 - BlankSpaceAnalyzer - INFO - -> Analyzing version 2.1.1-rc.1 (248/349)...
2025-10-25 13:52:57,880 - BlankSpaceAnalyzer - INFO - -> Analyzing version 2.1.10 (249/349)...
2025-10-25 13:52:57,880 - BlankSpaceAnalyzer - INFO - -> Analyzing version 2.1.10-rc.1745001912396 (250/349)...
2025-10-25 13:52:57,881 - BlankSpaceAnalyzer - INFO - -> Analyzing version 2.1.10-rc.1745002236885 (251/349)...
2025-10-25 13:52:57,881 - BlankSpaceAnalyzer - INFO - -> Analyzing version 2.1.11 (252/349)...
2025-10-25 13:52:57,881 - BlankSpaceAnalyzer - INFO - -> Analyzing version 2.1.11-rc.1745092579314 (253/349)...
2025-10-25 13:52:57,882 - BlankSpaceAnalyzer - INFO - -> Analyzing version 2.1.12 (254/349)...
2025-10-25 13:52:57,882 - BlankSpaceAnalyzer - INFO - -> Analyzing version 2.1.12-rc.1745097595920 (255/349)...
2025-10-25 13:52:57,882 - BlankSpaceAnalyzer - INFO - -> Analyzing version 2.1.12-rc.1745339201309 (256/349)...
2025-10-25 13:52:57,883 - BlankSpaceAnalyzer - INFO - -> Analyzing version 2.1.13 (257/349)...
2025-10-25 13:52:57,883 - BlankSpaceAnalyzer - INFO - -> Analyzing version 2.1.13-rc.1745345395380 (258/349)...
2025-10-25 13:52:57,884 - BlankSpaceAnalyzer - INFO - -> Analyzing version 2.1.13-rc.1745439717073 (259/349)...
2025-10-25 13:52:57,884 - BlankSpaceAnalyzer - INFO - -> Analyzing version 2.1.13-rc.1745972185559 (260/349)...
2025-10-25 13:52:57,884 - BlankSpaceAnalyzer - INFO - -> Analyzing version 2.1.13-rc.1746044551800 (261/349)...
2025-10-25 13:52:57,885 - BlankSpaceAnalyzer - INFO - -> Analyzing version 2.1.13-rc.1746053194630 (262/349)...
2025-10-25 13:52:57,885 - BlankSpaceAnalyzer - INFO - -> Analyzing version 2.1.13-rc.1746075822931 (263/349)...
2025-10-25 13:52:57,885 - BlankSpaceAnalyzer - INFO - -> Analyzing version 2.1.13-rc.1746466567086 (264/349)...
2025-10-25 13:52:57,886 - BlankSpaceAnalyzer - INFO - -> Analyzing version 2.1.14 (265/349)...
2025-10-25 13:52:57,886 - BlankSpaceAnalyzer - INFO - -> Analyzing version 2.1.15 (266/349)...
2025-10-25 13:52:57,887 - BlankSpaceAnalyzer - INFO - -> Analyzing version 2.1.15-rc.1746560904918 (267/349)...
2025-10-25 13:52:57,887 - BlankSpaceAnalyzer - INFO - -> Analyzing version 2.1.15-rc.1747678980544 (268/349)...
2025-10-25 13:52:57,887 - BlankSpaceAnalyzer - INFO - -> Analyzing version 2.1.16 (269/349)...
2025-10-25 13:52:57,888 - BlankSpaceAnalyzer - INFO - -> Analyzing version 2.1.16-rc.1751501220403 (270/349)...
2025-10-25 13:52:57,888 - BlankSpaceAnalyzer - INFO - -> Analyzing version 2.1.16-rc.1752165236204 (271/349)...
2025-10-25 13:52:57,888 - BlankSpaceAnalyzer - INFO - -> Analyzing version 2.1.16-rc.1752166197873 (272/349)...
2025-10-25 13:52:57,889 - BlankSpaceAnalyzer - INFO - -> Analyzing version 2.1.16-rc.1752166434368 (273/349)...
2025-10-25 13:52:57,889 - BlankSpaceAnalyzer - INFO - -> Analyzing version 2.1.16-rc.1752166910601 (274/349)...
2025-10-25 13:52:57,889 - BlankSpaceAnalyzer - INFO - -> Analyzing version 2.1.16-rc.1752791004720 (275/349)...
2025-10-25 13:52:57,890 - BlankSpaceAnalyzer - INFO - -> Analyzing version 2.1.16-rc.1755114563302 (276/349)...
2025-10-25 13:52:57,890 - BlankSpaceAnalyzer - INFO - -> Analyzing version 2.1.16-rc.1755118410828 (277/349)...
2025-10-25 13:52:57,890 - BlankSpaceAnalyzer - INFO - -> Analyzing version 2.1.16-rc.1755201399387 (278/349)...
2025-10-25 13:52:57,891 - BlankSpaceAnalyzer - INFO - -> Analyzing version 2.1.16-rc.1755205432459 (279/349)...
2025-10-25 13:52:57,891 - BlankSpaceAnalyzer - INFO - -> Analyzing version 2.1.16-rc.1761327012562 (280/349)...
2025-10-25 13:52:57,891 - BlankSpaceAnalyzer - INFO - -> Analyzing version 2.1.2 (281/349)...
2025-10-25 13:52:57,892 - BlankSpaceAnalyzer - INFO - -> Analyzing version 2.1.2-rc.1 (282/349)...
2025-10-25 13:52:57,892 - BlankSpaceAnalyzer - INFO - -> Analyzing version 2.1.2-rc.10 (283/349)...
2025-10-25 13:52:57,893 - BlankSpaceAnalyzer - INFO - -> Analyzing version 2.1.2-rc.11 (284/349)...
2025-10-25 13:52:57,893 - BlankSpaceAnalyzer - INFO - -> Analyzing version 2.1.2-rc.12 (285/349)...
2025-10-25 13:52:57,893 - BlankSpaceAnalyzer - INFO - -> Analyzing version 2.1.2-rc.13 (286/349)...
2025-10-25 13:52:57,894 - BlankSpaceAnalyzer - INFO - -> Analyzing version 2.1.2-rc.14 (287/349)...
2025-10-25 13:52:57,894 - BlankSpaceAnalyzer - INFO - -> Analyzing version 2.1.2-rc.2 (288/349)...
2025-10-25 13:52:57,894 - BlankSpaceAnalyzer - INFO - -> Analyzing version 2.1.2-rc.3 (289/349)...
2025-10-25 13:52:57,895 - BlankSpaceAnalyzer - INFO - -> Analyzing version 2.1.2-rc.4 (290/349)...
2025-10-25 13:52:57,895 - BlankSpaceAnalyzer - INFO - -> Analyzing version 2.1.2-rc.5 (291/349)...
2025-10-25 13:52:57,896 - BlankSpaceAnalyzer - INFO - -> Analyzing version 2.1.2-rc.6 (292/349)...
2025-10-25 13:52:57,896 - BlankSpaceAnalyzer - INFO - -> Analyzing version 2.1.2-rc.7 (293/349)...
2025-10-25 13:52:57,897 - BlankSpaceAnalyzer - INFO - -> Analyzing version 2.1.2-rc.8 (294/349)...
2025-10-25 13:52:57,897 - BlankSpaceAnalyzer - INFO - -> Analyzing version 2.1.2-rc.9 (295/349)...
2025-10-25 13:52:57,897 - BlankSpaceAnalyzer - INFO - -> Analyzing version 2.1.3 (296/349)...
2025-10-25 13:52:57,898 - BlankSpaceAnalyzer - INFO - -> Analyzing version 2.1.3-rc.1 (297/349)...
2025-10-25 13:52:57,898 - BlankSpaceAnalyzer - INFO - -> Analyzing version 2.1.3-rc.2 (298/349)...
2025-10-25 13:52:57,898 - BlankSpaceAnalyzer - INFO - -> Analyzing version 2.1.3-rc.3 (299/349)...
2025-10-25 13:52:57,899 - BlankSpaceAnalyzer - INFO - -> Analyzing version 2.1.4 (300/349)...
2025-10-25 13:52:57,899 - BlankSpaceAnalyzer - INFO - -> Analyzing version 2.1.5 (301/349)...
2025-10-25 13:52:57,900 - BlankSpaceAnalyzer - INFO - -> Analyzing version 2.1.5-rc.1 (302/349)...
2025-10-25 13:52:57,900 - BlankSpaceAnalyzer - INFO - -> Analyzing version 2.1.5-rc.2 (303/349)...
2025-10-25 13:52:57,901 - BlankSpaceAnalyzer - INFO - -> Analyzing version 2.1.5-rc.3 (304/349)...
2025-10-25 13:52:57,901 - BlankSpaceAnalyzer - INFO - -> Analyzing version 2.1.5-rc.4 (305/349)...
2025-10-25 13:52:57,901 - BlankSpaceAnalyzer - INFO - -> Analyzing version 2.1.5-rc.5 (306/349)...
2025-10-25 13:52:57,902 - BlankSpaceAnalyzer - INFO - -> Analyzing version 2.1.5-rc.6 (307/349)...
2025-10-25 13:52:57,902 - BlankSpaceAnalyzer - INFO - -> Analyzing version 2.1.5-rc.7 (308/349)...
2025-10-25 13:52:57,902 - BlankSpaceAnalyzer - INFO - -> Analyzing version 2.1.5-rc.8 (309/349)...
2025-10-25 13:52:57,903 - BlankSpaceAnalyzer - INFO - -> Analyzing version 2.1.5-rc.9 (310/349)...
2025-10-25 13:52:57,903 - BlankSpaceAnalyzer - INFO - -> Analyzing version 2.1.6 (311/349)...
2025-10-25 13:52:57,903 - BlankSpaceAnalyzer - INFO - -> Analyzing version 2.1.6-rc.1 (312/349)...
2025-10-25 13:52:57,904 - BlankSpaceAnalyzer - INFO - -> Analyzing version 2.1.6-rc.2 (313/349)...
2025-10-25 13:52:57,904 - BlankSpaceAnalyzer - INFO - -> Analyzing version 2.1.6-rc.3 (314/349)...
2025-10-25 13:52:57,905 - BlankSpaceAnalyzer - INFO - -> Analyzing version 2.1.6-rc.4 (315/349)...
2025-10-25 13:52:57,905 - BlankSpaceAnalyzer - INFO - -> Analyzing version 2.1.6-rc.5 (316/349)...
2025-10-25 13:52:57,905 - BlankSpaceAnalyzer - INFO - -> Analyzing version 2.1.7 (317/349)...
2025-10-25 13:52:57,906 - BlankSpaceAnalyzer - INFO - -> Analyzing version 2.1.7-rc.1 (318/349)...
2025-10-25 13:52:57,906 - BlankSpaceAnalyzer - INFO - -> Analyzing version 2.1.7-rc.10 (319/349)...
2025-10-25 13:52:57,906 - BlankSpaceAnalyzer - INFO - -> Analyzing version 2.1.7-rc.2 (320/349)...
2025-10-25 13:52:57,907 - BlankSpaceAnalyzer - INFO - -> Analyzing version 2.1.7-rc.3 (321/349)...
2025-10-25 13:52:57,907 - BlankSpaceAnalyzer - INFO - -> Analyzing version 2.1.7-rc.4 (322/349)...
2025-10-25 13:52:57,908 - BlankSpaceAnalyzer - INFO - -> Analyzing version 2.1.7-rc.5 (323/349)...
2025-10-25 13:52:57,908 - BlankSpaceAnalyzer - INFO - -> Analyzing version 2.1.7-rc.6 (324/349)...
2025-10-25 13:52:57,909 - BlankSpaceAnalyzer - INFO - -> Analyzing version 2.1.7-rc.7 (325/349)...
2025-10-25 13:52:57,909 - BlankSpaceAnalyzer - INFO - -> Analyzing version 2.1.7-rc.8 (326/349)...
2025-10-25 13:52:57,909 - BlankSpaceAnalyzer - INFO - -> Analyzing version 2.1.7-rc.9 (327/349)...
2025-10-25 13:52:57,910 - BlankSpaceAnalyzer - INFO - -> Analyzing version 2.1.8 (328/349)...
2025-10-25 13:52:57,910 - BlankSpaceAnalyzer - INFO - -> Analyzing version 2.1.8-rc.1744259191780 (329/349)...
2025-10-25 13:52:57,910 - BlankSpaceAnalyzer - INFO - -> Analyzing version 2.1.8-rc.1744259481941 (330/349)...
2025-10-25 13:52:57,911 - BlankSpaceAnalyzer - INFO - -> Analyzing version 2.1.8-rc.1744311029001 (331/349)...
2025-10-25 13:52:57,911 - BlankSpaceAnalyzer - INFO - -> Analyzing version 2.1.8-rc.1744416976900 (332/349)...
2025-10-25 13:52:57,911 - BlankSpaceAnalyzer - INFO - -> Analyzing version 2.1.8-rc.1744502104733 (333/349)...
2025-10-25 13:52:57,912 - BlankSpaceAnalyzer - INFO - -> Analyzing version 2.1.8-rc.1744518250005 (334/349)...
2025-10-25 13:52:57,912 - BlankSpaceAnalyzer - INFO - -> Analyzing version 2.1.8-rc.1744519235198 (335/349)...
2025-10-25 13:52:57,913 - BlankSpaceAnalyzer - INFO - -> Analyzing version 2.1.8-rc.1744574857111 (336/349)...
2025-10-25 13:52:57,913 - BlankSpaceAnalyzer - INFO - -> Analyzing version 2.1.8-rc.1744660991666 (337/349)...
2025-10-25 13:52:57,913 - BlankSpaceAnalyzer - INFO - -> Analyzing version 2.1.8-rc.1744661316162 (338/349)...
2025-10-25 13:52:57,914 - BlankSpaceAnalyzer - INFO - -> Analyzing version 2.1.8-rc.1744830756566 (339/349)...
2025-10-25 13:52:57,914 - BlankSpaceAnalyzer - INFO - -> Analyzing version 2.1.8-rc.1744831331200 (340/349)...
2025-10-25 13:52:57,914 - BlankSpaceAnalyzer - INFO - -> Analyzing version 2.1.8-rc.1744836032308 (341/349)...
2025-10-25 13:52:57,915 - BlankSpaceAnalyzer - INFO - -> Analyzing version 2.1.8-rc.1744897529216 (342/349)...
2025-10-25 13:52:57,915 - BlankSpaceAnalyzer - INFO - -> Analyzing version 2.1.8-rc.1744898528774 (343/349)...
2025-10-25 13:52:57,916 - BlankSpaceAnalyzer - INFO - -> Analyzing version 2.1.8-rc.1744905634543 (344/349)...
2025-10-25 13:52:57,916 - BlankSpaceAnalyzer - INFO - -> Analyzing version 2.1.8-rc.1744910682821 (345/349)...
2025-10-25 13:52:57,916 - BlankSpaceAnalyzer - INFO - -> Analyzing version 2.1.9 (346/349)...
2025-10-25 13:52:57,917 - BlankSpaceAnalyzer - INFO - -> Analyzing version 2.1.9-rc.1744998730501 (347/349)...
2025-10-25 13:52:57,917 - BlankSpaceAnalyzer - INFO - -> Analyzing version 2.1.9-rc.1744998943107 (348/349)...
2025-10-25 13:52:57,917 - BlankSpaceAnalyzer - INFO - -> Analyzing version 2.1.9-rc.1744999865452 (349/349)...
2025-10-25 13:52:57,928 - BlankSpaceAnalyzer - INFO - Exporting results for '@radix-ui/react-dropdown-menu' to CSV...
2025-10-25 13:52:58,266 - BlankSpaceAnalyzer - INFO - Reports saved in: /app/npm_results/@radix-ui_react-dropdown-menu
2025-10-25 13:52:58,266 - NPM_Analyzer - INFO - Cleaning temporary folder 'temp/@radix-ui_react-dropdown-menu'...
2025-10-25 13:52:58,345 - NPM_Analyzer - INFO - Cleanup completed.
