2025-11-16 03:45:23,447 - NPM_HUT_Analyzer - INFO - Recupero metadata per 'bottleneck'...
2025-11-16 03:45:23,619 - NPM_HUT_Analyzer - INFO - Trovate 79 versioni. Inizio download in 'temp_hut/bottleneck'...
2025-11-16 03:46:10,500 - UnicodeAnalyzer - INFO - Analizzando 79 versioni per '*.js' in 'bottleneck'.
2025-11-16 03:46:10,501 - UnicodeAnalyzer - INFO - -> Analizzando versione 0.1.0 (1/79)...
2025-11-16 03:46:10,564 - UnicodeAnalyzer - INFO - -> Analizzando versione 1.0.0 (2/79)...
2025-11-16 03:46:10,607 - UnicodeAnalyzer - INFO - -> Analizzando versione 1.1.0 (3/79)...
2025-11-16 03:46:10,655 - UnicodeAnalyzer - INFO - -> Analizzando versione 1.1.1 (4/79)...
2025-11-16 03:46:10,702 - UnicodeAnalyzer - INFO - -> Analizzando versione 1.1.2 (5/79)...
2025-11-16 03:46:10,749 - UnicodeAnalyzer - INFO - -> Analizzando versione 1.10.0 (6/79)...
2025-11-16 03:46:10,750 - UnicodeAnalyzer - INFO - Filtrati 5 file (es. in /dist, /test).
2025-11-16 03:46:10,797 - UnicodeAnalyzer - INFO - -> Analizzando versione 1.10.1 (7/79)...
2025-11-16 03:46:10,798 - UnicodeAnalyzer - INFO - Filtrati 5 file (es. in /dist, /test).
2025-11-16 03:46:10,846 - UnicodeAnalyzer - INFO - -> Analizzando versione 1.10.2 (8/79)...
2025-11-16 03:46:10,846 - UnicodeAnalyzer - INFO - Filtrati 5 file (es. in /dist, /test).
2025-11-16 03:46:10,893 - UnicodeAnalyzer - INFO - -> Analizzando versione 1.11.0 (9/79)...
2025-11-16 03:46:10,894 - UnicodeAnalyzer - INFO - Filtrati 5 file (es. in /dist, /test).
2025-11-16 03:46:10,942 - UnicodeAnalyzer - INFO - -> Analizzando versione 1.12.0 (10/79)...
2025-11-16 03:46:10,942 - UnicodeAnalyzer - INFO - Filtrati 5 file (es. in /dist, /test).
2025-11-16 03:46:10,991 - UnicodeAnalyzer - INFO - -> Analizzando versione 1.13.0 (11/79)...
2025-11-16 03:46:10,991 - UnicodeAnalyzer - INFO - Filtrati 5 file (es. in /dist, /test).
2025-11-16 03:46:11,040 - UnicodeAnalyzer - INFO - -> Analizzando versione 1.13.1 (12/79)...
2025-11-16 03:46:11,041 - UnicodeAnalyzer - INFO - Filtrati 5 file (es. in /dist, /test).
2025-11-16 03:46:11,089 - UnicodeAnalyzer - INFO - -> Analizzando versione 1.14.0 (13/79)...
2025-11-16 03:46:11,089 - UnicodeAnalyzer - INFO - Filtrati 5 file (es. in /dist, /test).
2025-11-16 03:46:11,139 - UnicodeAnalyzer - INFO - -> Analizzando versione 1.15.0 (14/79)...
2025-11-16 03:46:11,140 - UnicodeAnalyzer - INFO - Filtrati 5 file (es. in /dist, /test).
2025-11-16 03:46:11,189 - UnicodeAnalyzer - INFO - -> Analizzando versione 1.15.1 (15/79)...
2025-11-16 03:46:11,189 - UnicodeAnalyzer - INFO - Filtrati 5 file (es. in /dist, /test).
2025-11-16 03:46:11,237 - UnicodeAnalyzer - INFO - -> Analizzando versione 1.16.0 (16/79)...
2025-11-16 03:46:11,238 - UnicodeAnalyzer - INFO - Filtrati 5 file (es. in /dist, /test).
2025-11-16 03:46:11,288 - UnicodeAnalyzer - INFO - -> Analizzando versione 1.2.0 (17/79)...
2025-11-16 03:46:11,337 - UnicodeAnalyzer - INFO - -> Analizzando versione 1.3.0 (18/79)...
2025-11-16 03:46:11,386 - UnicodeAnalyzer - INFO - -> Analizzando versione 1.3.1 (19/79)...
2025-11-16 03:46:11,434 - UnicodeAnalyzer - INFO - -> Analizzando versione 1.4.0 (20/79)...
2025-11-16 03:46:11,481 - UnicodeAnalyzer - INFO - -> Analizzando versione 1.4.1 (21/79)...
2025-11-16 03:46:11,530 - UnicodeAnalyzer - INFO - -> Analizzando versione 1.5.0 (22/79)...
2025-11-16 03:46:11,578 - UnicodeAnalyzer - INFO - -> Analizzando versione 1.5.1 (23/79)...
2025-11-16 03:46:11,625 - UnicodeAnalyzer - INFO - -> Analizzando versione 1.5.2 (24/79)...
2025-11-16 03:46:11,673 - UnicodeAnalyzer - INFO - -> Analizzando versione 1.5.3 (25/79)...
2025-11-16 03:46:11,724 - UnicodeAnalyzer - INFO - -> Analizzando versione 1.6.0 (26/79)...
2025-11-16 03:46:11,771 - UnicodeAnalyzer - INFO - -> Analizzando versione 1.7.0 (27/79)...
2025-11-16 03:46:11,819 - UnicodeAnalyzer - INFO - -> Analizzando versione 1.7.1 (28/79)...
2025-11-16 03:46:11,868 - UnicodeAnalyzer - INFO - -> Analizzando versione 1.7.2 (29/79)...
2025-11-16 03:46:11,917 - UnicodeAnalyzer - INFO - -> Analizzando versione 1.8.0 (30/79)...
2025-11-16 03:46:11,965 - UnicodeAnalyzer - INFO - -> Analizzando versione 1.8.1 (31/79)...
2025-11-16 03:46:12,014 - UnicodeAnalyzer - INFO - -> Analizzando versione 1.9.0 (32/79)...
2025-11-16 03:46:12,064 - UnicodeAnalyzer - INFO - -> Analizzando versione 1.9.1 (33/79)...
2025-11-16 03:46:12,113 - UnicodeAnalyzer - INFO - -> Analizzando versione 2.0.0 (34/79)...
2025-11-16 03:46:12,114 - UnicodeAnalyzer - INFO - Filtrati 7 file (es. in /dist, /test).
2025-11-16 03:46:12,168 - UnicodeAnalyzer - INFO - -> Analizzando versione 2.0.1 (35/79)...
2025-11-16 03:46:12,169 - UnicodeAnalyzer - INFO - Filtrati 7 file (es. in /dist, /test).
2025-11-16 03:46:12,220 - UnicodeAnalyzer - INFO - -> Analizzando versione 2.1.0 (36/79)...
2025-11-16 03:46:12,221 - UnicodeAnalyzer - INFO - Filtrati 7 file (es. in /dist, /test).
2025-11-16 03:46:12,273 - UnicodeAnalyzer - INFO - -> Analizzando versione 2.10.0 (37/79)...
2025-11-16 03:46:12,274 - UnicodeAnalyzer - INFO - Filtrati 10 file (es. in /dist, /test).
2025-11-16 03:46:12,329 - UnicodeAnalyzer - INFO - -> Analizzando versione 2.11.0 (38/79)...
2025-11-16 03:46:12,331 - UnicodeAnalyzer - INFO - Filtrati 11 file (es. in /dist, /test).
2025-11-16 03:46:12,384 - UnicodeAnalyzer - INFO - -> Analizzando versione 2.11.1 (39/79)...
2025-11-16 03:46:12,386 - UnicodeAnalyzer - INFO - Filtrati 11 file (es. in /dist, /test).
2025-11-16 03:46:12,439 - UnicodeAnalyzer - INFO - -> Analizzando versione 2.11.2 (40/79)...
2025-11-16 03:46:12,440 - UnicodeAnalyzer - INFO - Filtrati 11 file (es. in /dist, /test).
2025-11-16 03:46:12,494 - UnicodeAnalyzer - INFO - -> Analizzando versione 2.12.0 (41/79)...
2025-11-16 03:46:12,495 - UnicodeAnalyzer - INFO - Filtrati 13 file (es. in /dist, /test).
2025-11-16 03:46:12,548 - UnicodeAnalyzer - INFO - -> Analizzando versione 2.12.1 (42/79)...
2025-11-16 03:46:12,549 - UnicodeAnalyzer - INFO - Filtrati 13 file (es. in /dist, /test).
2025-11-16 03:46:12,603 - UnicodeAnalyzer - INFO - -> Analizzando versione 2.12.2 (43/79)...
2025-11-16 03:46:12,605 - UnicodeAnalyzer - INFO - Filtrati 13 file (es. in /dist, /test).
2025-11-16 03:46:12,658 - UnicodeAnalyzer - INFO - -> Analizzando versione 2.13.0 (44/79)...
2025-11-16 03:46:12,660 - UnicodeAnalyzer - INFO - Filtrati 14 file (es. in /dist, /test).
2025-11-16 03:46:12,717 - UnicodeAnalyzer - INFO - -> Analizzando versione 2.13.1 (45/79)...
2025-11-16 03:46:12,719 - UnicodeAnalyzer - INFO - Filtrati 14 file (es. in /dist, /test).
2025-11-16 03:46:12,778 - UnicodeAnalyzer - INFO - -> Analizzando versione 2.13.2 (46/79)...
2025-11-16 03:46:12,779 - UnicodeAnalyzer - INFO - Filtrati 14 file (es. in /dist, /test).
2025-11-16 03:46:12,838 - UnicodeAnalyzer - INFO - -> Analizzando versione 2.14.0 (47/79)...
2025-11-16 03:46:12,839 - UnicodeAnalyzer - INFO - Filtrati 14 file (es. in /dist, /test).
2025-11-16 03:46:12,896 - UnicodeAnalyzer - INFO - -> Analizzando versione 2.14.1 (48/79)...
2025-11-16 03:46:12,897 - UnicodeAnalyzer - INFO - Filtrati 14 file (es. in /dist, /test).
2025-11-16 03:46:12,956 - UnicodeAnalyzer - INFO - -> Analizzando versione 2.15.0 (49/79)...
2025-11-16 03:46:12,957 - UnicodeAnalyzer - INFO - Filtrati 15 file (es. in /dist, /test).
2025-11-16 03:46:13,016 - UnicodeAnalyzer - INFO - -> Analizzando versione 2.15.1 (50/79)...
2025-11-16 03:46:13,017 - UnicodeAnalyzer - INFO - Filtrati 15 file (es. in /dist, /test).
2025-11-16 03:46:13,078 - UnicodeAnalyzer - INFO - -> Analizzando versione 2.15.2 (51/79)...
2025-11-16 03:46:13,079 - UnicodeAnalyzer - INFO - Filtrati 15 file (es. in /dist, /test).
2025-11-16 03:46:13,137 - UnicodeAnalyzer - INFO - -> Analizzando versione 2.15.3 (52/79)...
2025-11-16 03:46:13,139 - UnicodeAnalyzer - INFO - Filtrati 15 file (es. in /dist, /test).
2025-11-16 03:46:13,198 - UnicodeAnalyzer - INFO - -> Analizzando versione 2.16.0 (53/79)...
2025-11-16 03:46:13,200 - UnicodeAnalyzer - INFO - Filtrati 15 file (es. in /dist, /test).
2025-11-16 03:46:13,264 - UnicodeAnalyzer - INFO - -> Analizzando versione 2.16.1 (54/79)...
2025-11-16 03:46:13,265 - UnicodeAnalyzer - INFO - Filtrati 15 file (es. in /dist, /test).
2025-11-16 03:46:13,322 - UnicodeAnalyzer - INFO - -> Analizzando versione 2.16.2 (55/79)...
2025-11-16 03:46:13,323 - UnicodeAnalyzer - INFO - Filtrati 15 file (es. in /dist, /test).
2025-11-16 03:46:13,386 - UnicodeAnalyzer - INFO - -> Analizzando versione 2.17.0 (56/79)...
2025-11-16 03:46:13,387 - UnicodeAnalyzer - INFO - Filtrati 15 file (es. in /dist, /test).
2025-11-16 03:46:13,445 - UnicodeAnalyzer - INFO - -> Analizzando versione 2.17.1 (57/79)...
2025-11-16 03:46:13,446 - UnicodeAnalyzer - INFO - Filtrati 15 file (es. in /dist, /test).
2025-11-16 03:46:13,508 - UnicodeAnalyzer - INFO - -> Analizzando versione 2.18.0 (58/79)...
2025-11-16 03:46:13,509 - UnicodeAnalyzer - INFO - Filtrati 16 file (es. in /dist, /test).
2025-11-16 03:46:13,568 - UnicodeAnalyzer - INFO - -> Analizzando versione 2.18.1 (59/79)...
2025-11-16 03:46:13,569 - UnicodeAnalyzer - INFO - Filtrati 16 file (es. in /dist, /test).
2025-11-16 03:46:13,626 - UnicodeAnalyzer - INFO - -> Analizzando versione 2.19.0 (60/79)...
2025-11-16 03:46:13,628 - UnicodeAnalyzer - INFO - Filtrati 16 file (es. in /dist, /test).
2025-11-16 03:46:13,685 - UnicodeAnalyzer - INFO - -> Analizzando versione 2.19.1 (61/79)...
2025-11-16 03:46:13,686 - UnicodeAnalyzer - INFO - Filtrati 16 file (es. in /dist, /test).
2025-11-16 03:46:13,746 - UnicodeAnalyzer - INFO - -> Analizzando versione 2.19.2 (62/79)...
2025-11-16 03:46:13,747 - UnicodeAnalyzer - INFO - Filtrati 16 file (es. in /dist, /test).
2025-11-16 03:46:13,808 - UnicodeAnalyzer - INFO - -> Analizzando versione 2.19.3 (63/79)...
2025-11-16 03:46:13,810 - UnicodeAnalyzer - INFO - Filtrati 16 file (es. in /dist, /test).
2025-11-16 03:46:13,870 - UnicodeAnalyzer - INFO - -> Analizzando versione 2.19.4 (64/79)...
2025-11-16 03:46:13,872 - UnicodeAnalyzer - INFO - Filtrati 16 file (es. in /dist, /test).
2025-11-16 03:46:13,933 - UnicodeAnalyzer - INFO - -> Analizzando versione 2.19.5 (65/79)...
2025-11-16 03:46:13,935 - UnicodeAnalyzer - INFO - Filtrati 16 file (es. in /dist, /test).
2025-11-16 03:46:13,994 - UnicodeAnalyzer - INFO - -> Analizzando versione 2.2.0 (66/79)...
2025-11-16 03:46:13,995 - UnicodeAnalyzer - INFO - Filtrati 7 file (es. in /dist, /test).
2025-11-16 03:46:14,048 - UnicodeAnalyzer - INFO - -> Analizzando versione 2.2.1 (67/79)...
2025-11-16 03:46:14,049 - UnicodeAnalyzer - INFO - Filtrati 7 file (es. in /dist, /test).
2025-11-16 03:46:14,103 - UnicodeAnalyzer - INFO - -> Analizzando versione 2.2.2 (68/79)...
2025-11-16 03:46:14,104 - UnicodeAnalyzer - INFO - Filtrati 7 file (es. in /dist, /test).
2025-11-16 03:46:14,156 - UnicodeAnalyzer - INFO - -> Analizzando versione 2.3.0 (69/79)...
2025-11-16 03:46:14,157 - UnicodeAnalyzer - INFO - Filtrati 8 file (es. in /dist, /test).
2025-11-16 03:46:14,211 - UnicodeAnalyzer - INFO - -> Analizzando versione 2.3.1 (70/79)...
2025-11-16 03:46:14,212 - UnicodeAnalyzer - INFO - Filtrati 8 file (es. in /dist, /test).
2025-11-16 03:46:14,265 - UnicodeAnalyzer - INFO - -> Analizzando versione 2.4.0 (71/79)...
2025-11-16 03:46:14,266 - UnicodeAnalyzer - INFO - Filtrati 8 file (es. in /dist, /test).
2025-11-16 03:46:14,317 - UnicodeAnalyzer - INFO - -> Analizzando versione 2.5.0 (72/79)...
2025-11-16 03:46:14,318 - UnicodeAnalyzer - INFO - Filtrati 9 file (es. in /dist, /test).
2025-11-16 03:46:14,373 - UnicodeAnalyzer - INFO - -> Analizzando versione 2.5.1 (73/79)...
2025-11-16 03:46:14,374 - UnicodeAnalyzer - INFO - Filtrati 9 file (es. in /dist, /test).
2025-11-16 03:46:14,424 - UnicodeAnalyzer - INFO - -> Analizzando versione 2.6.0 (74/79)...
2025-11-16 03:46:14,425 - UnicodeAnalyzer - INFO - Filtrati 9 file (es. in /dist, /test).
2025-11-16 03:46:14,477 - UnicodeAnalyzer - INFO - -> Analizzando versione 2.7.0 (75/79)...
2025-11-16 03:46:14,478 - UnicodeAnalyzer - INFO - Filtrati 9 file (es. in /dist, /test).
2025-11-16 03:46:14,532 - UnicodeAnalyzer - INFO - -> Analizzando versione 2.7.1 (76/79)...
2025-11-16 03:46:14,533 - UnicodeAnalyzer - INFO - Filtrati 9 file (es. in /dist, /test).
2025-11-16 03:46:14,586 - UnicodeAnalyzer - INFO - -> Analizzando versione 2.7.2 (77/79)...
2025-11-16 03:46:14,587 - UnicodeAnalyzer - INFO - Filtrati 9 file (es. in /dist, /test).
2025-11-16 03:46:14,641 - UnicodeAnalyzer - INFO - -> Analizzando versione 2.8.0 (78/79)...
2025-11-16 03:46:14,642 - UnicodeAnalyzer - INFO - Filtrati 10 file (es. in /dist, /test).
2025-11-16 03:46:14,695 - UnicodeAnalyzer - INFO - -> Analizzando versione 2.9.0 (79/79)...
2025-11-16 03:46:14,696 - UnicodeAnalyzer - INFO - Filtrati 10 file (es. in /dist, /test).
2025-11-16 03:46:14,749 - UnicodeAnalyzer - INFO - Esportando i risultati HUT per 'bottleneck' in CSV...
2025-11-16 03:46:14,866 - UnicodeAnalyzer - INFO - Report salvati in: /app/npm_hut_results/bottleneck
2025-11-16 03:46:14,867 - NPM_HUT_Analyzer - INFO - Pulizia cartella temporanea 'temp_hut/bottleneck'...
2025-11-16 03:46:14,931 - NPM_HUT_Analyzer - INFO - Pulizia completata.
