2025-11-14 16:41:54,118 - NPM_HUT_Analyzer - INFO - Recupero metadata per 'googleapis'...
2025-11-14 16:41:54,210 - NPM_HUT_Analyzer - INFO - Trovate 279 versioni. Inizio download in 'temp_hut/googleapis'...
2025-11-14 16:47:05,235 - UnicodeAnalyzer - INFO - Analizzando 279 versioni per '*.js' in 'googleapis'.
2025-11-14 16:47:05,235 - UnicodeAnalyzer - INFO - -> Analizzando versione 0.1.0 (1/279)...
2025-11-14 16:47:05,281 - UnicodeAnalyzer - INFO - -> Analizzando versione 0.2.0 (2/279)...
2025-11-14 16:47:05,323 - UnicodeAnalyzer - INFO - -> Analizzando versione 0.2.1-alpha (3/279)...
2025-11-14 16:47:05,324 - UnicodeAnalyzer - INFO - Filtrati 5 file (es. in /dist, /test).
2025-11-14 16:47:05,366 - UnicodeAnalyzer - INFO - -> Analizzando versione 0.2.10-alpha (4/279)...
2025-11-14 16:47:05,412 - UnicodeAnalyzer - INFO - -> Analizzando versione 0.2.11-alpha (5/279)...
2025-11-14 16:47:05,460 - UnicodeAnalyzer - INFO - -> Analizzando versione 0.2.12-alpha (6/279)...
2025-11-14 16:47:05,509 - UnicodeAnalyzer - INFO - -> Analizzando versione 0.2.13-alpha (7/279)...
2025-11-14 16:47:05,556 - UnicodeAnalyzer - INFO - -> Analizzando versione 0.2.2-alpha (8/279)...
2025-11-14 16:47:05,557 - UnicodeAnalyzer - INFO - Filtrati 6 file (es. in /dist, /test).
2025-11-14 16:47:05,603 - UnicodeAnalyzer - INFO - -> Analizzando versione 0.2.3-alpha (9/279)...
2025-11-14 16:47:05,604 - UnicodeAnalyzer - INFO - Filtrati 2 file (es. in /dist, /test).
2025-11-14 16:47:05,650 - UnicodeAnalyzer - INFO - -> Analizzando versione 0.2.4-alpha (10/279)...
2025-11-14 16:47:05,697 - UnicodeAnalyzer - INFO - -> Analizzando versione 0.2.5-alpha (11/279)...
2025-11-14 16:47:05,744 - UnicodeAnalyzer - INFO - -> Analizzando versione 0.2.6-alpha (12/279)...
2025-11-14 16:47:05,792 - UnicodeAnalyzer - INFO - -> Analizzando versione 0.2.7-alpha (13/279)...
2025-11-14 16:47:05,839 - UnicodeAnalyzer - INFO - -> Analizzando versione 0.2.8-alpha (14/279)...
2025-11-14 16:47:05,889 - UnicodeAnalyzer - INFO - -> Analizzando versione 0.2.9-alpha (15/279)...
2025-11-14 16:47:05,936 - UnicodeAnalyzer - INFO - -> Analizzando versione 0.3.1 (16/279)...
2025-11-14 16:47:05,986 - UnicodeAnalyzer - INFO - -> Analizzando versione 0.3.2 (17/279)...
2025-11-14 16:47:06,037 - UnicodeAnalyzer - INFO - -> Analizzando versione 0.4.0 (18/279)...
2025-11-14 16:47:06,086 - UnicodeAnalyzer - INFO - -> Analizzando versione 0.4.1 (19/279)...
2025-11-14 16:47:06,134 - UnicodeAnalyzer - INFO - -> Analizzando versione 0.4.2 (20/279)...
2025-11-14 16:47:06,182 - UnicodeAnalyzer - INFO - -> Analizzando versione 0.4.3 (21/279)...
2025-11-14 16:47:06,232 - UnicodeAnalyzer - INFO - -> Analizzando versione 0.4.4 (22/279)...
2025-11-14 16:47:06,281 - UnicodeAnalyzer - INFO - -> Analizzando versione 0.4.5 (23/279)...
2025-11-14 16:47:06,330 - UnicodeAnalyzer - INFO - -> Analizzando versione 0.4.6 (24/279)...
2025-11-14 16:47:06,378 - UnicodeAnalyzer - INFO - -> Analizzando versione 0.4.7 (25/279)...
2025-11-14 16:47:06,379 - UnicodeAnalyzer - INFO - Filtrati 8 file (es. in /dist, /test).
2025-11-14 16:47:06,427 - UnicodeAnalyzer - INFO - -> Analizzando versione 0.6.0 (26/279)...
2025-11-14 16:47:06,428 - UnicodeAnalyzer - INFO - Filtrati 8 file (es. in /dist, /test).
2025-11-14 16:47:06,476 - UnicodeAnalyzer - INFO - -> Analizzando versione 0.6.1 (27/279)...
2025-11-14 16:47:06,477 - UnicodeAnalyzer - INFO - Filtrati 8 file (es. in /dist, /test).
2025-11-14 16:47:06,526 - UnicodeAnalyzer - INFO - -> Analizzando versione 0.7.0 (28/279)...
2025-11-14 16:47:06,527 - UnicodeAnalyzer - INFO - Filtrati 8 file (es. in /dist, /test).
2025-11-14 16:47:06,577 - UnicodeAnalyzer - INFO - -> Analizzando versione 0.8.0 (29/279)...
2025-11-14 16:47:06,578 - UnicodeAnalyzer - INFO - Filtrati 8 file (es. in /dist, /test).
2025-11-14 16:47:06,627 - UnicodeAnalyzer - INFO - -> Analizzando versione 1.0.0 (30/279)...
2025-11-14 16:47:06,633 - UnicodeAnalyzer - INFO - Filtrati 12 file (es. in /dist, /test).
2025-11-14 16:47:06,712 - UnicodeAnalyzer - INFO - -> Analizzando versione 1.0.1 (31/279)...
2025-11-14 16:47:06,718 - UnicodeAnalyzer - INFO - Filtrati 12 file (es. in /dist, /test).
2025-11-14 16:47:06,796 - UnicodeAnalyzer - INFO - -> Analizzando versione 1.0.10 (32/279)...
2025-11-14 16:47:06,882 - UnicodeAnalyzer - INFO - -> Analizzando versione 1.0.11 (33/279)...
2025-11-14 16:47:06,969 - UnicodeAnalyzer - INFO - -> Analizzando versione 1.0.12 (34/279)...
2025-11-14 16:47:07,050 - UnicodeAnalyzer - INFO - -> Analizzando versione 1.0.13 (35/279)...
2025-11-14 16:47:07,133 - UnicodeAnalyzer - INFO - -> Analizzando versione 1.0.14 (36/279)...
2025-11-14 16:47:07,219 - UnicodeAnalyzer - INFO - -> Analizzando versione 1.0.15 (37/279)...
2025-11-14 16:47:07,304 - UnicodeAnalyzer - INFO - -> Analizzando versione 1.0.16 (38/279)...
2025-11-14 16:47:07,388 - UnicodeAnalyzer - INFO - -> Analizzando versione 1.0.17 (39/279)...
2025-11-14 16:47:07,474 - UnicodeAnalyzer - INFO - -> Analizzando versione 1.0.18 (40/279)...
2025-11-14 16:47:07,557 - UnicodeAnalyzer - INFO - -> Analizzando versione 1.0.19 (41/279)...
2025-11-14 16:47:07,638 - UnicodeAnalyzer - INFO - -> Analizzando versione 1.0.2 (42/279)...
2025-11-14 16:47:07,643 - UnicodeAnalyzer - INFO - Filtrati 12 file (es. in /dist, /test).
2025-11-14 16:47:07,721 - UnicodeAnalyzer - INFO - -> Analizzando versione 1.0.20 (43/279)...
2025-11-14 16:47:07,809 - UnicodeAnalyzer - INFO - -> Analizzando versione 1.0.21 (44/279)...
2025-11-14 16:47:07,900 - UnicodeAnalyzer - INFO - -> Analizzando versione 1.0.22 (45/279)...
2025-11-14 16:47:07,989 - UnicodeAnalyzer - INFO - -> Analizzando versione 1.0.23 (46/279)...
2025-11-14 16:47:08,080 - UnicodeAnalyzer - INFO - -> Analizzando versione 1.0.3 (47/279)...
2025-11-14 16:47:08,158 - UnicodeAnalyzer - INFO - -> Analizzando versione 1.0.4 (48/279)...
2025-11-14 16:47:08,243 - UnicodeAnalyzer - INFO - -> Analizzando versione 1.0.5 (49/279)...
2025-11-14 16:47:08,323 - UnicodeAnalyzer - INFO - -> Analizzando versione 1.0.6 (50/279)...
2025-11-14 16:47:08,405 - UnicodeAnalyzer - INFO - -> Analizzando versione 1.0.7 (51/279)...
2025-11-14 16:47:08,486 - UnicodeAnalyzer - INFO - -> Analizzando versione 1.0.8 (52/279)...
2025-11-14 16:47:08,564 - UnicodeAnalyzer - INFO - -> Analizzando versione 1.0.9 (53/279)...
2025-11-14 16:47:08,646 - UnicodeAnalyzer - INFO - -> Analizzando versione 1.1.0 (54/279)...
2025-11-14 16:47:08,738 - UnicodeAnalyzer - INFO - -> Analizzando versione 1.1.1 (55/279)...
2025-11-14 16:47:08,828 - UnicodeAnalyzer - INFO - -> Analizzando versione 1.1.2 (56/279)...
2025-11-14 16:47:08,916 - UnicodeAnalyzer - INFO - -> Analizzando versione 1.1.3 (57/279)...
2025-11-14 16:47:09,006 - UnicodeAnalyzer - INFO - -> Analizzando versione 1.1.4 (58/279)...
2025-11-14 16:47:09,101 - UnicodeAnalyzer - INFO - -> Analizzando versione 1.1.5 (59/279)...
2025-11-14 16:47:09,188 - UnicodeAnalyzer - INFO - -> Analizzando versione 10.0.0 (60/279)...
2025-11-14 16:47:09,386 - UnicodeAnalyzer - INFO - -> Analizzando versione 100.0.0 (61/279)...
2025-11-14 16:47:09,411 - UnicodeAnalyzer - INFO - Filtrati 667 file (es. in /dist, /test).
2025-11-14 16:47:09,412 - UnicodeAnalyzer - INFO - -> Analizzando versione 101.0.0 (62/279)...
2025-11-14 16:47:09,437 - UnicodeAnalyzer - INFO - Filtrati 678 file (es. in /dist, /test).
2025-11-14 16:47:09,437 - UnicodeAnalyzer - INFO - -> Analizzando versione 102.0.0 (63/279)...
2025-11-14 16:47:09,462 - UnicodeAnalyzer - INFO - Filtrati 678 file (es. in /dist, /test).
2025-11-14 16:47:09,462 - UnicodeAnalyzer - INFO - -> Analizzando versione 103.0.0 (64/279)...
2025-11-14 16:47:09,489 - UnicodeAnalyzer - INFO - Filtrati 684 file (es. in /dist, /test).
2025-11-14 16:47:09,489 - UnicodeAnalyzer - INFO - -> Analizzando versione 104.0.0 (65/279)...
2025-11-14 16:47:09,520 - UnicodeAnalyzer - INFO - Filtrati 684 file (es. in /dist, /test).
2025-11-14 16:47:09,521 - UnicodeAnalyzer - INFO - -> Analizzando versione 105.0.0 (66/279)...
2025-11-14 16:47:09,552 - UnicodeAnalyzer - INFO - Filtrati 685 file (es. in /dist, /test).
2025-11-14 16:47:09,552 - UnicodeAnalyzer - INFO - -> Analizzando versione 106.0.0 (67/279)...
2025-11-14 16:47:09,583 - UnicodeAnalyzer - INFO - Filtrati 690 file (es. in /dist, /test).
2025-11-14 16:47:09,583 - UnicodeAnalyzer - INFO - -> Analizzando versione 107.0.0 (68/279)...
2025-11-14 16:47:09,609 - UnicodeAnalyzer - INFO - Filtrati 690 file (es. in /dist, /test).
2025-11-14 16:47:09,609 - UnicodeAnalyzer - INFO - -> Analizzando versione 108.0.0 (69/279)...
2025-11-14 16:47:09,635 - UnicodeAnalyzer - INFO - Filtrati 696 file (es. in /dist, /test).
2025-11-14 16:47:09,635 - UnicodeAnalyzer - INFO - -> Analizzando versione 108.0.1 (70/279)...
2025-11-14 16:47:09,662 - UnicodeAnalyzer - INFO - Filtrati 696 file (es. in /dist, /test).
2025-11-14 16:47:09,663 - UnicodeAnalyzer - INFO - -> Analizzando versione 109.0.0 (71/279)...
2025-11-14 16:47:09,691 - UnicodeAnalyzer - INFO - Filtrati 701 file (es. in /dist, /test).
2025-11-14 16:47:09,692 - UnicodeAnalyzer - INFO - -> Analizzando versione 109.0.1 (72/279)...
2025-11-14 16:47:09,724 - UnicodeAnalyzer - INFO - Filtrati 701 file (es. in /dist, /test).
2025-11-14 16:47:09,724 - UnicodeAnalyzer - INFO - -> Analizzando versione 11.0.0 (73/279)...
2025-11-14 16:47:09,907 - UnicodeAnalyzer - INFO - -> Analizzando versione 110.0.0 (74/279)...
2025-11-14 16:47:09,940 - UnicodeAnalyzer - INFO - Filtrati 712 file (es. in /dist, /test).
2025-11-14 16:47:09,940 - UnicodeAnalyzer - INFO - -> Analizzando versione 111.0.0 (75/279)...
2025-11-14 16:47:09,973 - UnicodeAnalyzer - INFO - Filtrati 723 file (es. in /dist, /test).
2025-11-14 16:47:09,973 - UnicodeAnalyzer - INFO - -> Analizzando versione 112.0.0 (76/279)...
2025-11-14 16:47:10,005 - UnicodeAnalyzer - INFO - Filtrati 725 file (es. in /dist, /test).
2025-11-14 16:47:10,005 - UnicodeAnalyzer - INFO - -> Analizzando versione 113.0.0 (77/279)...
2025-11-14 16:47:10,038 - UnicodeAnalyzer - INFO - Filtrati 733 file (es. in /dist, /test).
2025-11-14 16:47:10,038 - UnicodeAnalyzer - INFO - -> Analizzando versione 114.0.0 (78/279)...
2025-11-14 16:47:10,071 - UnicodeAnalyzer - INFO - Filtrati 739 file (es. in /dist, /test).
2025-11-14 16:47:10,071 - UnicodeAnalyzer - INFO - -> Analizzando versione 115.0.0 (79/279)...
2025-11-14 16:47:10,100 - UnicodeAnalyzer - INFO - Filtrati 741 file (es. in /dist, /test).
2025-11-14 16:47:10,100 - UnicodeAnalyzer - INFO - -> Analizzando versione 116.0.0 (80/279)...
2025-11-14 16:47:10,126 - UnicodeAnalyzer - INFO - Filtrati 741 file (es. in /dist, /test).
2025-11-14 16:47:10,126 - UnicodeAnalyzer - INFO - -> Analizzando versione 117.0.0 (81/279)...
2025-11-14 16:47:10,152 - UnicodeAnalyzer - INFO - Filtrati 741 file (es. in /dist, /test).
2025-11-14 16:47:10,153 - UnicodeAnalyzer - INFO - -> Analizzando versione 118.0.0 (82/279)...
2025-11-14 16:47:10,179 - UnicodeAnalyzer - INFO - Filtrati 741 file (es. in /dist, /test).
2025-11-14 16:47:10,179 - UnicodeAnalyzer - INFO - -> Analizzando versione 12.0.0 (83/279)...
2025-11-14 16:47:10,355 - UnicodeAnalyzer - INFO - -> Analizzando versione 12.1.0 (84/279)...
2025-11-14 16:47:10,536 - UnicodeAnalyzer - INFO - -> Analizzando versione 12.2.0 (85/279)...
2025-11-14 16:47:10,750 - UnicodeAnalyzer - INFO - -> Analizzando versione 12.3.0 (86/279)...
2025-11-14 16:47:10,938 - UnicodeAnalyzer - INFO - -> Analizzando versione 12.4.0 (87/279)...
2025-11-14 16:47:11,139 - UnicodeAnalyzer - INFO - -> Analizzando versione 120.0.0 (88/279)...
2025-11-14 16:47:11,168 - UnicodeAnalyzer - INFO - Filtrati 746 file (es. in /dist, /test).
2025-11-14 16:47:11,168 - UnicodeAnalyzer - INFO - -> Analizzando versione 121.0.0 (89/279)...
2025-11-14 16:47:11,199 - UnicodeAnalyzer - INFO - Filtrati 749 file (es. in /dist, /test).
2025-11-14 16:47:11,199 - UnicodeAnalyzer - INFO - -> Analizzando versione 122.0.0 (90/279)...
2025-11-14 16:47:11,233 - UnicodeAnalyzer - INFO - Filtrati 749 file (es. in /dist, /test).
2025-11-14 16:47:11,233 - UnicodeAnalyzer - INFO - -> Analizzando versione 123.0.0 (91/279)...
2025-11-14 16:47:11,266 - UnicodeAnalyzer - INFO - Filtrati 749 file (es. in /dist, /test).
2025-11-14 16:47:11,266 - UnicodeAnalyzer - INFO - -> Analizzando versione 124.0.0 (92/279)...
2025-11-14 16:47:11,300 - UnicodeAnalyzer - INFO - Filtrati 755 file (es. in /dist, /test).
2025-11-14 16:47:11,300 - UnicodeAnalyzer - INFO - -> Analizzando versione 125.0.0 (93/279)...
2025-11-14 16:47:11,334 - UnicodeAnalyzer - INFO - Filtrati 756 file (es. in /dist, /test).
2025-11-14 16:47:11,334 - UnicodeAnalyzer - INFO - -> Analizzando versione 126.0.0 (94/279)...
2025-11-14 16:47:11,368 - UnicodeAnalyzer - INFO - Filtrati 756 file (es. in /dist, /test).
2025-11-14 16:47:11,368 - UnicodeAnalyzer - INFO - -> Analizzando versione 126.0.1 (95/279)...
2025-11-14 16:47:11,402 - UnicodeAnalyzer - INFO - Filtrati 756 file (es. in /dist, /test).
2025-11-14 16:47:11,402 - UnicodeAnalyzer - INFO - -> Analizzando versione 127.0.0 (96/279)...
2025-11-14 16:47:11,436 - UnicodeAnalyzer - INFO - Filtrati 772 file (es. in /dist, /test).
2025-11-14 16:47:11,437 - UnicodeAnalyzer - INFO - -> Analizzando versione 128.0.0 (97/279)...
2025-11-14 16:47:11,471 - UnicodeAnalyzer - INFO - Filtrati 772 file (es. in /dist, /test).
2025-11-14 16:47:11,471 - UnicodeAnalyzer - INFO - -> Analizzando versione 129.0.0 (98/279)...
2025-11-14 16:47:11,506 - UnicodeAnalyzer - INFO - Filtrati 779 file (es. in /dist, /test).
2025-11-14 16:47:11,506 - UnicodeAnalyzer - INFO - -> Analizzando versione 13.0.0 (99/279)...
2025-11-14 16:47:11,725 - UnicodeAnalyzer - INFO - -> Analizzando versione 130.0.0 (100/279)...
2025-11-14 16:47:11,761 - UnicodeAnalyzer - INFO - Filtrati 785 file (es. in /dist, /test).
2025-11-14 16:47:11,761 - UnicodeAnalyzer - INFO - -> Analizzando versione 131.0.0 (101/279)...
2025-11-14 16:47:11,796 - UnicodeAnalyzer - INFO - Filtrati 785 file (es. in /dist, /test).
2025-11-14 16:47:11,797 - UnicodeAnalyzer - INFO - -> Analizzando versione 132.0.0 (102/279)...
2025-11-14 16:47:11,832 - UnicodeAnalyzer - INFO - Filtrati 791 file (es. in /dist, /test).
2025-11-14 16:47:11,832 - UnicodeAnalyzer - INFO - -> Analizzando versione 133.0.0 (103/279)...
2025-11-14 16:47:11,867 - UnicodeAnalyzer - INFO - Filtrati 791 file (es. in /dist, /test).
2025-11-14 16:47:11,868 - UnicodeAnalyzer - INFO - -> Analizzando versione 134.0.0 (104/279)...
2025-11-14 16:47:11,903 - UnicodeAnalyzer - INFO - Filtrati 791 file (es. in /dist, /test).
2025-11-14 16:47:11,903 - UnicodeAnalyzer - INFO - -> Analizzando versione 135.0.0 (105/279)...
2025-11-14 16:47:11,938 - UnicodeAnalyzer - INFO - Filtrati 795 file (es. in /dist, /test).
2025-11-14 16:47:11,939 - UnicodeAnalyzer - INFO - -> Analizzando versione 135.1.0 (106/279)...
2025-11-14 16:47:11,974 - UnicodeAnalyzer - INFO - Filtrati 795 file (es. in /dist, /test).
2025-11-14 16:47:11,974 - UnicodeAnalyzer - INFO - -> Analizzando versione 136.0.0 (107/279)...
2025-11-14 16:47:12,005 - UnicodeAnalyzer - INFO - Filtrati 806 file (es. in /dist, /test).
2025-11-14 16:47:12,006 - UnicodeAnalyzer - INFO - -> Analizzando versione 137.0.0 (108/279)...
2025-11-14 16:47:12,036 - UnicodeAnalyzer - INFO - Filtrati 806 file (es. in /dist, /test).
2025-11-14 16:47:12,037 - UnicodeAnalyzer - INFO - -> Analizzando versione 137.1.0 (109/279)...
2025-11-14 16:47:12,065 - UnicodeAnalyzer - INFO - Filtrati 806 file (es. in /dist, /test).
2025-11-14 16:47:12,066 - UnicodeAnalyzer - INFO - -> Analizzando versione 139.0.0 (110/279)...
2025-11-14 16:47:12,098 - UnicodeAnalyzer - INFO - Filtrati 808 file (es. in /dist, /test).
2025-11-14 16:47:12,098 - UnicodeAnalyzer - INFO - -> Analizzando versione 14.0.0 (111/279)...
2025-11-14 16:47:12,335 - UnicodeAnalyzer - INFO - -> Analizzando versione 14.1.0 (112/279)...
2025-11-14 16:47:12,544 - UnicodeAnalyzer - INFO - -> Analizzando versione 14.2.0 (113/279)...
2025-11-14 16:47:12,749 - UnicodeAnalyzer - INFO - -> Analizzando versione 140.0.0 (114/279)...
2025-11-14 16:47:12,779 - UnicodeAnalyzer - INFO - Filtrati 808 file (es. in /dist, /test).
2025-11-14 16:47:12,779 - UnicodeAnalyzer - INFO - -> Analizzando versione 140.0.1 (115/279)...
2025-11-14 16:47:12,815 - UnicodeAnalyzer - INFO - Filtrati 808 file (es. in /dist, /test).
2025-11-14 16:47:12,816 - UnicodeAnalyzer - INFO - -> Analizzando versione 142.0.0 (116/279)...
2025-11-14 16:47:12,853 - UnicodeAnalyzer - INFO - Filtrati 836 file (es. in /dist, /test).
2025-11-14 16:47:12,853 - UnicodeAnalyzer - INFO - -> Analizzando versione 143.0.0 (117/279)...
2025-11-14 16:47:12,891 - UnicodeAnalyzer - INFO - Filtrati 837 file (es. in /dist, /test).
2025-11-14 16:47:12,891 - UnicodeAnalyzer - INFO - -> Analizzando versione 144.0.0 (118/279)...
2025-11-14 16:47:12,928 - UnicodeAnalyzer - INFO - Filtrati 837 file (es. in /dist, /test).
2025-11-14 16:47:12,928 - UnicodeAnalyzer - INFO - -> Analizzando versione 146.0.0 (119/279)...
2025-11-14 16:47:12,966 - UnicodeAnalyzer - INFO - Filtrati 856 file (es. in /dist, /test).
2025-11-14 16:47:12,966 - UnicodeAnalyzer - INFO - -> Analizzando versione 148.0.0 (120/279)...
2025-11-14 16:47:13,004 - UnicodeAnalyzer - INFO - Filtrati 858 file (es. in /dist, /test).
2025-11-14 16:47:13,005 - UnicodeAnalyzer - INFO - -> Analizzando versione 149.0.0 (121/279)...
2025-11-14 16:47:13,043 - UnicodeAnalyzer - INFO - Filtrati 864 file (es. in /dist, /test).
2025-11-14 16:47:13,043 - UnicodeAnalyzer - INFO - -> Analizzando versione 15.0.0 (122/279)...
2025-11-14 16:47:13,284 - UnicodeAnalyzer - INFO - -> Analizzando versione 15.1.0 (123/279)...
2025-11-14 16:47:13,565 - UnicodeAnalyzer - INFO - -> Analizzando versione 150.0.1 (124/279)...
2025-11-14 16:47:13,601 - UnicodeAnalyzer - INFO - Filtrati 871 file (es. in /dist, /test).
2025-11-14 16:47:13,601 - UnicodeAnalyzer - INFO - -> Analizzando versione 152.0.0 (125/279)...
2025-11-14 16:47:13,632 - UnicodeAnalyzer - INFO - Filtrati 876 file (es. in /dist, /test).
2025-11-14 16:47:13,632 - UnicodeAnalyzer - INFO - -> Analizzando versione 153.0.0 (126/279)...
2025-11-14 16:47:13,663 - UnicodeAnalyzer - INFO - Filtrati 878 file (es. in /dist, /test).
2025-11-14 16:47:13,664 - UnicodeAnalyzer - INFO - -> Analizzando versione 154.0.0 (127/279)...
2025-11-14 16:47:13,699 - UnicodeAnalyzer - INFO - Filtrati 878 file (es. in /dist, /test).
2025-11-14 16:47:13,699 - UnicodeAnalyzer - INFO - -> Analizzando versione 154.1.0 (128/279)...
2025-11-14 16:47:13,738 - UnicodeAnalyzer - INFO - Filtrati 878 file (es. in /dist, /test).
2025-11-14 16:47:13,739 - UnicodeAnalyzer - INFO - -> Analizzando versione 155.0.0 (129/279)...
2025-11-14 16:47:13,778 - UnicodeAnalyzer - INFO - Filtrati 880 file (es. in /dist, /test).
2025-11-14 16:47:13,779 - UnicodeAnalyzer - INFO - -> Analizzando versione 155.0.1 (130/279)...
2025-11-14 16:47:13,817 - UnicodeAnalyzer - INFO - Filtrati 880 file (es. in /dist, /test).
2025-11-14 16:47:13,818 - UnicodeAnalyzer - INFO - -> Analizzando versione 156.0.0 (131/279)...
2025-11-14 16:47:13,857 - UnicodeAnalyzer - INFO - Filtrati 892 file (es. in /dist, /test).
2025-11-14 16:47:13,857 - UnicodeAnalyzer - INFO - -> Analizzando versione 157.0.0 (132/279)...
2025-11-14 16:47:13,893 - UnicodeAnalyzer - INFO - Filtrati 892 file (es. in /dist, /test).
2025-11-14 16:47:13,893 - UnicodeAnalyzer - INFO - -> Analizzando versione 158.0.0 (133/279)...
2025-11-14 16:47:13,926 - UnicodeAnalyzer - INFO - Filtrati 892 file (es. in /dist, /test).
2025-11-14 16:47:13,926 - UnicodeAnalyzer - INFO - -> Analizzando versione 159.0.0 (134/279)...
2025-11-14 16:47:13,958 - UnicodeAnalyzer - INFO - Filtrati 892 file (es. in /dist, /test).
2025-11-14 16:47:13,958 - UnicodeAnalyzer - INFO - -> Analizzando versione 16.0.0 (135/279)...
2025-11-14 16:47:14,217 - UnicodeAnalyzer - INFO - -> Analizzando versione 16.1.0 (136/279)...
2025-11-14 16:47:14,447 - UnicodeAnalyzer - INFO - -> Analizzando versione 160.0.0 (137/279)...
2025-11-14 16:47:14,487 - UnicodeAnalyzer - INFO - Filtrati 892 file (es. in /dist, /test).
2025-11-14 16:47:14,488 - UnicodeAnalyzer - INFO - -> Analizzando versione 161.0.0 (138/279)...
2025-11-14 16:47:14,521 - UnicodeAnalyzer - INFO - Filtrati 895 file (es. in /dist, /test).
2025-11-14 16:47:14,521 - UnicodeAnalyzer - INFO - -> Analizzando versione 162.0.0 (139/279)...
2025-11-14 16:47:14,554 - UnicodeAnalyzer - INFO - Filtrati 899 file (es. in /dist, /test).
2025-11-14 16:47:14,554 - UnicodeAnalyzer - INFO - -> Analizzando versione 163.0.0 (140/279)...
2025-11-14 16:47:14,587 - UnicodeAnalyzer - INFO - Filtrati 899 file (es. in /dist, /test).
2025-11-14 16:47:14,588 - UnicodeAnalyzer - INFO - -> Analizzando versione 164.0.0 (141/279)...
2025-11-14 16:47:14,628 - UnicodeAnalyzer - INFO - Filtrati 899 file (es. in /dist, /test).
2025-11-14 16:47:14,628 - UnicodeAnalyzer - INFO - -> Analizzando versione 164.1.0 (142/279)...
2025-11-14 16:47:14,667 - UnicodeAnalyzer - INFO - Filtrati 900 file (es. in /dist, /test).
2025-11-14 16:47:14,668 - UnicodeAnalyzer - INFO - -> Analizzando versione 165.0.0 (143/279)...
2025-11-14 16:47:14,707 - UnicodeAnalyzer - INFO - Filtrati 902 file (es. in /dist, /test).
2025-11-14 16:47:14,708 - UnicodeAnalyzer - INFO - -> Analizzando versione 166.0.0 (144/279)...
2025-11-14 16:47:14,747 - UnicodeAnalyzer - INFO - Filtrati 902 file (es. in /dist, /test).
2025-11-14 16:47:14,748 - UnicodeAnalyzer - INFO - -> Analizzando versione 17.1.0 (145/279)...
2025-11-14 16:47:15,006 - UnicodeAnalyzer - INFO - -> Analizzando versione 18.0.0 (146/279)...
2025-11-14 16:47:15,295 - UnicodeAnalyzer - INFO - -> Analizzando versione 19.0.0 (147/279)...
2025-11-14 16:47:15,559 - UnicodeAnalyzer - INFO - -> Analizzando versione 2.0.0 (148/279)...
2025-11-14 16:47:15,647 - UnicodeAnalyzer - INFO - -> Analizzando versione 2.0.1 (149/279)...
2025-11-14 16:47:15,728 - UnicodeAnalyzer - INFO - -> Analizzando versione 2.0.2 (150/279)...
2025-11-14 16:47:15,826 - UnicodeAnalyzer - INFO - -> Analizzando versione 2.0.3 (151/279)...
2025-11-14 16:47:15,922 - UnicodeAnalyzer - INFO - -> Analizzando versione 2.0.4 (152/279)...
2025-11-14 16:47:16,012 - UnicodeAnalyzer - INFO - -> Analizzando versione 2.0.5 (153/279)...
2025-11-14 16:47:16,110 - UnicodeAnalyzer - INFO - -> Analizzando versione 2.0.6 (154/279)...
2025-11-14 16:47:16,203 - UnicodeAnalyzer - INFO - -> Analizzando versione 2.1.0 (155/279)...
2025-11-14 16:47:16,298 - UnicodeAnalyzer - INFO - -> Analizzando versione 2.1.1 (156/279)...
2025-11-14 16:47:16,395 - UnicodeAnalyzer - INFO - -> Analizzando versione 2.1.2 (157/279)...
2025-11-14 16:47:16,495 - UnicodeAnalyzer - INFO - -> Analizzando versione 2.1.3 (158/279)...
2025-11-14 16:47:16,599 - UnicodeAnalyzer - INFO - -> Analizzando versione 2.1.4 (159/279)...
2025-11-14 16:47:16,704 - UnicodeAnalyzer - INFO - -> Analizzando versione 2.1.5 (160/279)...
2025-11-14 16:47:16,806 - UnicodeAnalyzer - INFO - -> Analizzando versione 2.1.6 (161/279)...
2025-11-14 16:47:16,901 - UnicodeAnalyzer - INFO - -> Analizzando versione 2.1.7 (162/279)...
2025-11-14 16:47:17,014 - UnicodeAnalyzer - INFO - -> Analizzando versione 20.0.0 (163/279)...
2025-11-14 16:47:17,066 - UnicodeAnalyzer - INFO - -> Analizzando versione 20.0.1 (164/279)...
2025-11-14 16:47:17,374 - UnicodeAnalyzer - INFO - -> Analizzando versione 20.1.0 (165/279)...
2025-11-14 16:47:17,618 - UnicodeAnalyzer - INFO - -> Analizzando versione 20.2.0 (166/279)...
2025-11-14 16:47:17,916 - UnicodeAnalyzer - INFO - -> Analizzando versione 21.2.0 (167/279)...
2025-11-14 16:47:18,241 - UnicodeAnalyzer - INFO - -> Analizzando versione 21.3.0 (168/279)...
2025-11-14 16:47:18,545 - UnicodeAnalyzer - INFO - -> Analizzando versione 22.0.0 (169/279)...
2025-11-14 16:47:18,866 - UnicodeAnalyzer - INFO - -> Analizzando versione 22.1.0 (170/279)...
2025-11-14 16:47:19,151 - UnicodeAnalyzer - INFO - -> Analizzando versione 22.2.0 (171/279)...
2025-11-14 16:47:19,428 - UnicodeAnalyzer - INFO - -> Analizzando versione 23.0.0 (172/279)...
2025-11-14 16:47:19,688 - UnicodeAnalyzer - INFO - -> Analizzando versione 23.0.1 (173/279)...
2025-11-14 16:47:19,702 - UnicodeAnalyzer - INFO - Filtrati 201 file (es. in /dist, /test).
2025-11-14 16:47:19,702 - UnicodeAnalyzer - INFO - -> Analizzando versione 23.0.2 (174/279)...
2025-11-14 16:47:19,715 - UnicodeAnalyzer - INFO - Filtrati 201 file (es. in /dist, /test).
2025-11-14 16:47:19,715 - UnicodeAnalyzer - INFO - -> Analizzando versione 24.0.0 (175/279)...
2025-11-14 16:47:19,728 - UnicodeAnalyzer - INFO - Filtrati 201 file (es. in /dist, /test).
2025-11-14 16:47:19,728 - UnicodeAnalyzer - INFO - -> Analizzando versione 25.0.0 (176/279)...
2025-11-14 16:47:19,741 - UnicodeAnalyzer - INFO - Filtrati 199 file (es. in /dist, /test).
2025-11-14 16:47:19,741 - UnicodeAnalyzer - INFO - -> Analizzando versione 26.0.1 (177/279)...
2025-11-14 16:47:19,750 - UnicodeAnalyzer - INFO - Filtrati 202 file (es. in /dist, /test).
2025-11-14 16:47:19,751 - UnicodeAnalyzer - INFO - -> Analizzando versione 27.0.0 (178/279)...
2025-11-14 16:47:19,760 - UnicodeAnalyzer - INFO - Filtrati 205 file (es. in /dist, /test).
2025-11-14 16:47:19,760 - UnicodeAnalyzer - INFO - -> Analizzando versione 28.0.0 (179/279)...
2025-11-14 16:47:19,760 - UnicodeAnalyzer - INFO - -> Analizzando versione 28.0.1 (180/279)...
2025-11-14 16:47:19,772 - UnicodeAnalyzer - INFO - Filtrati 206 file (es. in /dist, /test).
2025-11-14 16:47:19,772 - UnicodeAnalyzer - INFO - -> Analizzando versione 28.1.0 (181/279)...
2025-11-14 16:47:19,783 - UnicodeAnalyzer - INFO - Filtrati 206 file (es. in /dist, /test).
2025-11-14 16:47:19,783 - UnicodeAnalyzer - INFO - -> Analizzando versione 29.0.0 (182/279)...
2025-11-14 16:47:19,795 - UnicodeAnalyzer - INFO - Filtrati 206 file (es. in /dist, /test).
2025-11-14 16:47:19,795 - UnicodeAnalyzer - INFO - -> Analizzando versione 3.0.0 (183/279)...
2025-11-14 16:47:19,920 - UnicodeAnalyzer - INFO - -> Analizzando versione 3.1.0 (184/279)...
2025-11-14 16:47:20,046 - UnicodeAnalyzer - INFO - -> Analizzando versione 30.0.0 (185/279)...
2025-11-14 16:47:20,058 - UnicodeAnalyzer - INFO - Filtrati 206 file (es. in /dist, /test).
2025-11-14 16:47:20,058 - UnicodeAnalyzer - INFO - -> Analizzando versione 31.0.0 (186/279)...
2025-11-14 16:47:20,058 - UnicodeAnalyzer - INFO - -> Analizzando versione 31.0.2 (187/279)...
2025-11-14 16:47:20,075 - UnicodeAnalyzer - INFO - Filtrati 344 file (es. in /dist, /test).
2025-11-14 16:47:20,075 - UnicodeAnalyzer - INFO - -> Analizzando versione 32.0.0 (188/279)...
2025-11-14 16:47:20,092 - UnicodeAnalyzer - INFO - Filtrati 341 file (es. in /dist, /test).
2025-11-14 16:47:20,092 - UnicodeAnalyzer - INFO - -> Analizzando versione 33.0.0 (189/279)...
2025-11-14 16:47:20,109 - UnicodeAnalyzer - INFO - Filtrati 347 file (es. in /dist, /test).
2025-11-14 16:47:20,109 - UnicodeAnalyzer - INFO - -> Analizzando versione 34.0.0 (190/279)...
2025-11-14 16:47:20,126 - UnicodeAnalyzer - INFO - Filtrati 348 file (es. in /dist, /test).
2025-11-14 16:47:20,127 - UnicodeAnalyzer - INFO - -> Analizzando versione 35.0.0 (191/279)...
2025-11-14 16:47:20,144 - UnicodeAnalyzer - INFO - Filtrati 356 file (es. in /dist, /test).
2025-11-14 16:47:20,144 - UnicodeAnalyzer - INFO - -> Analizzando versione 36.0.0 (192/279)...
2025-11-14 16:47:20,161 - UnicodeAnalyzer - INFO - Filtrati 358 file (es. in /dist, /test).
2025-11-14 16:47:20,161 - UnicodeAnalyzer - INFO - -> Analizzando versione 37.0.0 (193/279)...
2025-11-14 16:47:20,179 - UnicodeAnalyzer - INFO - Filtrati 375 file (es. in /dist, /test).
2025-11-14 16:47:20,179 - UnicodeAnalyzer - INFO - -> Analizzando versione 37.0.0-webpack (194/279)...
2025-11-14 16:47:20,197 - UnicodeAnalyzer - INFO - Filtrati 383 file (es. in /dist, /test).
2025-11-14 16:47:20,197 - UnicodeAnalyzer - INFO - -> Analizzando versione 37.1.0 (195/279)...
2025-11-14 16:47:20,215 - UnicodeAnalyzer - INFO - Filtrati 377 file (es. in /dist, /test).
2025-11-14 16:47:20,215 - UnicodeAnalyzer - INFO - -> Analizzando versione 37.2.0 (196/279)...
2025-11-14 16:47:20,233 - UnicodeAnalyzer - INFO - Filtrati 381 file (es. in /dist, /test).
2025-11-14 16:47:20,233 - UnicodeAnalyzer - INFO - -> Analizzando versione 38.0.0 (197/279)...
2025-11-14 16:47:20,251 - UnicodeAnalyzer - INFO - Filtrati 387 file (es. in /dist, /test).
2025-11-14 16:47:20,251 - UnicodeAnalyzer - INFO - -> Analizzando versione 39.0.0 (198/279)...
2025-11-14 16:47:20,270 - UnicodeAnalyzer - INFO - Filtrati 393 file (es. in /dist, /test).
2025-11-14 16:47:20,270 - UnicodeAnalyzer - INFO - -> Analizzando versione 39.1.0 (199/279)...
2025-11-14 16:47:20,288 - UnicodeAnalyzer - INFO - Filtrati 393 file (es. in /dist, /test).
2025-11-14 16:47:20,288 - UnicodeAnalyzer - INFO - -> Analizzando versione 39.2.0 (200/279)...
2025-11-14 16:47:20,306 - UnicodeAnalyzer - INFO - Filtrati 400 file (es. in /dist, /test).
2025-11-14 16:47:20,306 - UnicodeAnalyzer - INFO - -> Analizzando versione 4.0.0 (201/279)...
2025-11-14 16:47:20,434 - UnicodeAnalyzer - INFO - -> Analizzando versione 40.0.0 (202/279)...
2025-11-14 16:47:20,454 - UnicodeAnalyzer - INFO - Filtrati 405 file (es. in /dist, /test).
2025-11-14 16:47:20,454 - UnicodeAnalyzer - INFO - -> Analizzando versione 40.0.1 (203/279)...
2025-11-14 16:47:20,473 - UnicodeAnalyzer - INFO - Filtrati 405 file (es. in /dist, /test).
2025-11-14 16:47:20,473 - UnicodeAnalyzer - INFO - -> Analizzando versione 41.0.0 (204/279)...
2025-11-14 16:47:20,492 - UnicodeAnalyzer - INFO - Filtrati 411 file (es. in /dist, /test).
2025-11-14 16:47:20,492 - UnicodeAnalyzer - INFO - -> Analizzando versione 41.0.1 (205/279)...
2025-11-14 16:47:20,511 - UnicodeAnalyzer - INFO - Filtrati 411 file (es. in /dist, /test).
2025-11-14 16:47:20,511 - UnicodeAnalyzer - INFO - -> Analizzando versione 42.0.0 (206/279)...
2025-11-14 16:47:20,530 - UnicodeAnalyzer - INFO - Filtrati 411 file (es. in /dist, /test).
2025-11-14 16:47:20,530 - UnicodeAnalyzer - INFO - -> Analizzando versione 43.0.0 (207/279)...
2025-11-14 16:47:20,550 - UnicodeAnalyzer - INFO - Filtrati 418 file (es. in /dist, /test).
2025-11-14 16:47:20,550 - UnicodeAnalyzer - INFO - -> Analizzando versione 44.0.0 (208/279)...
2025-11-14 16:47:20,569 - UnicodeAnalyzer - INFO - Filtrati 421 file (es. in /dist, /test).
2025-11-14 16:47:20,569 - UnicodeAnalyzer - INFO - -> Analizzando versione 45.0.0 (209/279)...
2025-11-14 16:47:20,589 - UnicodeAnalyzer - INFO - Filtrati 428 file (es. in /dist, /test).
2025-11-14 16:47:20,589 - UnicodeAnalyzer - INFO - -> Analizzando versione 46.0.0 (210/279)...
2025-11-14 16:47:20,610 - UnicodeAnalyzer - INFO - Filtrati 430 file (es. in /dist, /test).
2025-11-14 16:47:20,610 - UnicodeAnalyzer - INFO - -> Analizzando versione 47.0.0 (211/279)...
2025-11-14 16:47:20,630 - UnicodeAnalyzer - INFO - Filtrati 433 file (es. in /dist, /test).
2025-11-14 16:47:20,630 - UnicodeAnalyzer - INFO - -> Analizzando versione 48.0.0 (212/279)...
2025-11-14 16:47:20,650 - UnicodeAnalyzer - INFO - Filtrati 443 file (es. in /dist, /test).
2025-11-14 16:47:20,651 - UnicodeAnalyzer - INFO - -> Analizzando versione 49.0.0 (213/279)...
2025-11-14 16:47:20,671 - UnicodeAnalyzer - INFO - Filtrati 443 file (es. in /dist, /test).
2025-11-14 16:47:20,671 - UnicodeAnalyzer - INFO - -> Analizzando versione 5.0.0 (214/279)...
2025-11-14 16:47:20,799 - UnicodeAnalyzer - INFO - -> Analizzando versione 5.1.0 (215/279)...
2025-11-14 16:47:20,909 - UnicodeAnalyzer - INFO - -> Analizzando versione 5.2.0 (216/279)...
2025-11-14 16:47:21,029 - UnicodeAnalyzer - INFO - -> Analizzando versione 5.2.1 (217/279)...
2025-11-14 16:47:21,175 - UnicodeAnalyzer - INFO - -> Analizzando versione 50.0.0 (218/279)...
2025-11-14 16:47:21,196 - UnicodeAnalyzer - INFO - Filtrati 448 file (es. in /dist, /test).
2025-11-14 16:47:21,196 - UnicodeAnalyzer - INFO - -> Analizzando versione 51.0.0 (219/279)...
2025-11-14 16:47:21,216 - UnicodeAnalyzer - INFO - Filtrati 447 file (es. in /dist, /test).
2025-11-14 16:47:21,217 - UnicodeAnalyzer - INFO - -> Analizzando versione 52.0.0 (220/279)...
2025-11-14 16:47:21,237 - UnicodeAnalyzer - INFO - Filtrati 452 file (es. in /dist, /test).
2025-11-14 16:47:21,238 - UnicodeAnalyzer - INFO - -> Analizzando versione 52.1.0 (221/279)...
2025-11-14 16:47:21,259 - UnicodeAnalyzer - INFO - Filtrati 452 file (es. in /dist, /test).
2025-11-14 16:47:21,259 - UnicodeAnalyzer - INFO - -> Analizzando versione 54.0.0 (222/279)...
2025-11-14 16:47:21,280 - UnicodeAnalyzer - INFO - Filtrati 464 file (es. in /dist, /test).
2025-11-14 16:47:21,281 - UnicodeAnalyzer - INFO - -> Analizzando versione 54.1.0 (223/279)...
2025-11-14 16:47:21,302 - UnicodeAnalyzer - INFO - Filtrati 466 file (es. in /dist, /test).
2025-11-14 16:47:21,303 - UnicodeAnalyzer - INFO - -> Analizzando versione 55.0.0 (224/279)...
2025-11-14 16:47:21,324 - UnicodeAnalyzer - INFO - Filtrati 466 file (es. in /dist, /test).
2025-11-14 16:47:21,325 - UnicodeAnalyzer - INFO - -> Analizzando versione 56.0.0 (225/279)...
2025-11-14 16:47:21,346 - UnicodeAnalyzer - INFO - Filtrati 467 file (es. in /dist, /test).
2025-11-14 16:47:21,346 - UnicodeAnalyzer - INFO - -> Analizzando versione 57.0.0 (226/279)...
2025-11-14 16:47:21,368 - UnicodeAnalyzer - INFO - Filtrati 467 file (es. in /dist, /test).
2025-11-14 16:47:21,368 - UnicodeAnalyzer - INFO - -> Analizzando versione 58.0.0 (227/279)...
2025-11-14 16:47:21,390 - UnicodeAnalyzer - INFO - Filtrati 467 file (es. in /dist, /test).
2025-11-14 16:47:21,390 - UnicodeAnalyzer - INFO - -> Analizzando versione 59.0.0 (228/279)...
2025-11-14 16:47:21,412 - UnicodeAnalyzer - INFO - Filtrati 472 file (es. in /dist, /test).
2025-11-14 16:47:21,412 - UnicodeAnalyzer - INFO - -> Analizzando versione 6.0.0 (229/279)...
2025-11-14 16:47:21,539 - UnicodeAnalyzer - INFO - -> Analizzando versione 6.1.0 (230/279)...
2025-11-14 16:47:21,671 - UnicodeAnalyzer - INFO - -> Analizzando versione 60.0.1 (231/279)...
2025-11-14 16:47:21,694 - UnicodeAnalyzer - INFO - Filtrati 476 file (es. in /dist, /test).
2025-11-14 16:47:21,694 - UnicodeAnalyzer - INFO - -> Analizzando versione 61.0.0 (232/279)...
2025-11-14 16:47:21,718 - UnicodeAnalyzer - INFO - Filtrati 502 file (es. in /dist, /test).
2025-11-14 16:47:21,718 - UnicodeAnalyzer - INFO - -> Analizzando versione 62.0.0 (233/279)...
2025-11-14 16:47:21,741 - UnicodeAnalyzer - INFO - Filtrati 509 file (es. in /dist, /test).
2025-11-14 16:47:21,741 - UnicodeAnalyzer - INFO - -> Analizzando versione 63.0.0 (234/279)...
2025-11-14 16:47:21,765 - UnicodeAnalyzer - INFO - Filtrati 511 file (es. in /dist, /test).
2025-11-14 16:47:21,765 - UnicodeAnalyzer - INFO - -> Analizzando versione 64.0.0 (235/279)...
2025-11-14 16:47:21,789 - UnicodeAnalyzer - INFO - Filtrati 515 file (es. in /dist, /test).
2025-11-14 16:47:21,789 - UnicodeAnalyzer - INFO - -> Analizzando versione 65.0.0 (236/279)...
2025-11-14 16:47:21,815 - UnicodeAnalyzer - INFO - Filtrati 520 file (es. in /dist, /test).
2025-11-14 16:47:21,815 - UnicodeAnalyzer - INFO - -> Analizzando versione 66.0.0 (237/279)...
2025-11-14 16:47:21,839 - UnicodeAnalyzer - INFO - Filtrati 524 file (es. in /dist, /test).
2025-11-14 16:47:21,839 - UnicodeAnalyzer - INFO - -> Analizzando versione 67.0.0 (238/279)...
2025-11-14 16:47:21,864 - UnicodeAnalyzer - INFO - Filtrati 525 file (es. in /dist, /test).
2025-11-14 16:47:21,864 - UnicodeAnalyzer - INFO - -> Analizzando versione 67.1.0 (239/279)...
2025-11-14 16:47:21,888 - UnicodeAnalyzer - INFO - Filtrati 525 file (es. in /dist, /test).
2025-11-14 16:47:21,888 - UnicodeAnalyzer - INFO - -> Analizzando versione 67.1.1 (240/279)...
2025-11-14 16:47:21,912 - UnicodeAnalyzer - INFO - Filtrati 525 file (es. in /dist, /test).
2025-11-14 16:47:21,912 - UnicodeAnalyzer - INFO - -> Analizzando versione 68.0.0 (241/279)...
2025-11-14 16:47:21,937 - UnicodeAnalyzer - INFO - Filtrati 559 file (es. in /dist, /test).
2025-11-14 16:47:21,938 - UnicodeAnalyzer - INFO - -> Analizzando versione 7.0.0 (242/279)...
2025-11-14 16:47:22,095 - UnicodeAnalyzer - INFO - -> Analizzando versione 7.1.0 (243/279)...
2025-11-14 16:47:22,253 - UnicodeAnalyzer - INFO - -> Analizzando versione 70.0.0 (244/279)...
2025-11-14 16:47:22,280 - UnicodeAnalyzer - INFO - Filtrati 572 file (es. in /dist, /test).
2025-11-14 16:47:22,280 - UnicodeAnalyzer - INFO - -> Analizzando versione 71.0.0 (245/279)...
2025-11-14 16:47:22,303 - UnicodeAnalyzer - INFO - Filtrati 575 file (es. in /dist, /test).
2025-11-14 16:47:22,303 - UnicodeAnalyzer - INFO - -> Analizzando versione 72.0.0 (246/279)...
2025-11-14 16:47:22,324 - UnicodeAnalyzer - INFO - Filtrati 580 file (es. in /dist, /test).
2025-11-14 16:47:22,325 - UnicodeAnalyzer - INFO - -> Analizzando versione 73.0.0 (247/279)...
2025-11-14 16:47:22,346 - UnicodeAnalyzer - INFO - Filtrati 582 file (es. in /dist, /test).
2025-11-14 16:47:22,346 - UnicodeAnalyzer - INFO - -> Analizzando versione 74.0.0 (248/279)...
2025-11-14 16:47:22,367 - UnicodeAnalyzer - INFO - Filtrati 591 file (es. in /dist, /test).
2025-11-14 16:47:22,367 - UnicodeAnalyzer - INFO - -> Analizzando versione 74.1.0 (249/279)...
2025-11-14 16:47:22,392 - UnicodeAnalyzer - INFO - Filtrati 591 file (es. in /dist, /test).
2025-11-14 16:47:22,392 - UnicodeAnalyzer - INFO - -> Analizzando versione 74.2.0 (250/279)...
2025-11-14 16:47:22,419 - UnicodeAnalyzer - INFO - Filtrati 594 file (es. in /dist, /test).
2025-11-14 16:47:22,419 - UnicodeAnalyzer - INFO - -> Analizzando versione 75.0.0 (251/279)...
2025-11-14 16:47:22,447 - UnicodeAnalyzer - INFO - Filtrati 597 file (es. in /dist, /test).
2025-11-14 16:47:22,447 - UnicodeAnalyzer - INFO - -> Analizzando versione 76.0.0 (252/279)...
2025-11-14 16:47:22,474 - UnicodeAnalyzer - INFO - Filtrati 597 file (es. in /dist, /test).
2025-11-14 16:47:22,474 - UnicodeAnalyzer - INFO - -> Analizzando versione 77.0.0 (253/279)...
2025-11-14 16:47:22,501 - UnicodeAnalyzer - INFO - Filtrati 599 file (es. in /dist, /test).
2025-11-14 16:47:22,501 - UnicodeAnalyzer - INFO - -> Analizzando versione 78.0.0 (254/279)...
2025-11-14 16:47:22,528 - UnicodeAnalyzer - INFO - Filtrati 599 file (es. in /dist, /test).
2025-11-14 16:47:22,528 - UnicodeAnalyzer - INFO - -> Analizzando versione 79.0.0 (255/279)...
2025-11-14 16:47:22,555 - UnicodeAnalyzer - INFO - Filtrati 600 file (es. in /dist, /test).
2025-11-14 16:47:22,555 - UnicodeAnalyzer - INFO - -> Analizzando versione 8.0.0 (256/279)...
2025-11-14 16:47:22,674 - UnicodeAnalyzer - INFO - -> Analizzando versione 8.2.0 (257/279)...
2025-11-14 16:47:22,833 - UnicodeAnalyzer - INFO - -> Analizzando versione 80.0.0 (258/279)...
2025-11-14 16:47:22,861 - UnicodeAnalyzer - INFO - Filtrati 603 file (es. in /dist, /test).
2025-11-14 16:47:22,861 - UnicodeAnalyzer - INFO - -> Analizzando versione 80.1.0 (259/279)...
2025-11-14 16:47:22,889 - UnicodeAnalyzer - INFO - Filtrati 603 file (es. in /dist, /test).
2025-11-14 16:47:22,889 - UnicodeAnalyzer - INFO - -> Analizzando versione 80.2.0 (260/279)...
2025-11-14 16:47:22,916 - UnicodeAnalyzer - INFO - Filtrati 603 file (es. in /dist, /test).
2025-11-14 16:47:22,916 - UnicodeAnalyzer - INFO - -> Analizzando versione 81.0.0 (261/279)...
2025-11-14 16:47:22,943 - UnicodeAnalyzer - INFO - Filtrati 603 file (es. in /dist, /test).
2025-11-14 16:47:22,943 - UnicodeAnalyzer - INFO - -> Analizzando versione 82.0.0 (262/279)...
2025-11-14 16:47:22,970 - UnicodeAnalyzer - INFO - Filtrati 603 file (es. in /dist, /test).
2025-11-14 16:47:22,970 - UnicodeAnalyzer - INFO - -> Analizzando versione 83.0.0 (263/279)...
2025-11-14 16:47:22,999 - UnicodeAnalyzer - INFO - Filtrati 607 file (es. in /dist, /test).
2025-11-14 16:47:23,000 - UnicodeAnalyzer - INFO - -> Analizzando versione 84.0.0 (264/279)...
2025-11-14 16:47:23,028 - UnicodeAnalyzer - INFO - Filtrati 613 file (es. in /dist, /test).
2025-11-14 16:47:23,029 - UnicodeAnalyzer - INFO - -> Analizzando versione 85.0.0 (265/279)...
2025-11-14 16:47:23,057 - UnicodeAnalyzer - INFO - Filtrati 620 file (es. in /dist, /test).
2025-11-14 16:47:23,058 - UnicodeAnalyzer - INFO - -> Analizzando versione 86.1.0 (266/279)...
2025-11-14 16:47:23,086 - UnicodeAnalyzer - INFO - Filtrati 621 file (es. in /dist, /test).
2025-11-14 16:47:23,086 - UnicodeAnalyzer - INFO - -> Analizzando versione 87.0.0 (267/279)...
2025-11-14 16:47:23,109 - UnicodeAnalyzer - INFO - Filtrati 621 file (es. in /dist, /test).
2025-11-14 16:47:23,109 - UnicodeAnalyzer - INFO - -> Analizzando versione 88.2.0 (268/279)...
2025-11-14 16:47:23,131 - UnicodeAnalyzer - INFO - Filtrati 622 file (es. in /dist, /test).
2025-11-14 16:47:23,132 - UnicodeAnalyzer - INFO - -> Analizzando versione 89.0.0 (269/279)...
2025-11-14 16:47:23,155 - UnicodeAnalyzer - INFO - Filtrati 631 file (es. in /dist, /test).
2025-11-14 16:47:23,155 - UnicodeAnalyzer - INFO - -> Analizzando versione 9.0.0 (270/279)...
2025-11-14 16:47:23,334 - UnicodeAnalyzer - INFO - -> Analizzando versione 90.0.0 (271/279)...
2025-11-14 16:47:23,363 - UnicodeAnalyzer - INFO - Filtrati 638 file (es. in /dist, /test).
2025-11-14 16:47:23,363 - UnicodeAnalyzer - INFO - -> Analizzando versione 91.0.0 (272/279)...
2025-11-14 16:47:23,390 - UnicodeAnalyzer - INFO - Filtrati 640 file (es. in /dist, /test).
2025-11-14 16:47:23,390 - UnicodeAnalyzer - INFO - -> Analizzando versione 92.0.0 (273/279)...
2025-11-14 16:47:23,413 - UnicodeAnalyzer - INFO - Filtrati 643 file (es. in /dist, /test).
2025-11-14 16:47:23,413 - UnicodeAnalyzer - INFO - -> Analizzando versione 94.0.0 (274/279)...
2025-11-14 16:47:23,436 - UnicodeAnalyzer - INFO - Filtrati 647 file (es. in /dist, /test).
2025-11-14 16:47:23,436 - UnicodeAnalyzer - INFO - -> Analizzando versione 95.0.0 (275/279)...
2025-11-14 16:47:23,460 - UnicodeAnalyzer - INFO - Filtrati 651 file (es. in /dist, /test).
2025-11-14 16:47:23,461 - UnicodeAnalyzer - INFO - -> Analizzando versione 96.0.0 (276/279)...
2025-11-14 16:47:23,486 - UnicodeAnalyzer - INFO - Filtrati 662 file (es. in /dist, /test).
2025-11-14 16:47:23,486 - UnicodeAnalyzer - INFO - -> Analizzando versione 97.0.0 (277/279)...
2025-11-14 16:47:23,516 - UnicodeAnalyzer - INFO - Filtrati 667 file (es. in /dist, /test).
2025-11-14 16:47:23,516 - UnicodeAnalyzer - INFO - -> Analizzando versione 98.0.0 (278/279)...
2025-11-14 16:47:23,545 - UnicodeAnalyzer - INFO - Filtrati 667 file (es. in /dist, /test).
2025-11-14 16:47:23,546 - UnicodeAnalyzer - INFO - -> Analizzando versione 99.0.0 (279/279)...
2025-11-14 16:47:23,575 - UnicodeAnalyzer - INFO - Filtrati 667 file (es. in /dist, /test).
2025-11-14 16:47:23,576 - UnicodeAnalyzer - INFO - Esportando i risultati HUT per 'googleapis' in CSV...
2025-11-14 16:47:24,144 - UnicodeAnalyzer - INFO - Report salvati in: /app/npm_hut_results/googleapis
2025-11-14 16:47:24,146 - NPM_HUT_Analyzer - INFO - Pulizia cartella temporanea 'temp_hut/googleapis'...
2025-11-14 16:47:32,492 - NPM_HUT_Analyzer - INFO - Pulizia completata.
