2025-11-17 04:15:36,873 - NPM_HUT_Analyzer - INFO - Recupero metadata per '@types/inquirer'...
2025-11-17 04:15:37,063 - NPM_HUT_Analyzer - INFO - Trovate 62 versioni. Inizio download in 'temp_hut/@types_inquirer'...
2025-11-17 04:16:43,973 - UnicodeAnalyzer - INFO - Analizzando 62 versioni per '*.js' in '@types_inquirer'.
2025-11-17 04:16:43,973 - UnicodeAnalyzer - INFO - -> Analizzando versione 0.0.15-alpha (1/62)...
2025-11-17 04:16:43,974 - UnicodeAnalyzer - INFO - -> Analizzando versione 0.0.16-alpha (2/62)...
2025-11-17 04:16:43,974 - UnicodeAnalyzer - INFO - -> Analizzando versione 0.0.21-alpha (3/62)...
2025-11-17 04:16:43,975 - UnicodeAnalyzer - INFO - -> Analizzando versione 0.0.22-alpha (4/62)...
2025-11-17 04:16:43,975 - UnicodeAnalyzer - INFO - -> Analizzando versione 0.0.23-alpha (5/62)...
2025-11-17 04:16:43,976 - UnicodeAnalyzer - INFO - -> Analizzando versione 0.0.24-alpha (6/62)...
2025-11-17 04:16:43,976 - UnicodeAnalyzer - INFO - -> Analizzando versione 0.0.25-alpha (7/62)...
2025-11-17 04:16:43,977 - UnicodeAnalyzer - INFO - -> Analizzando versione 0.0.26-alpha (8/62)...
2025-11-17 04:16:43,977 - UnicodeAnalyzer - INFO - -> Analizzando versione 0.0.27-alpha (9/62)...
2025-11-17 04:16:43,978 - UnicodeAnalyzer - INFO - -> Analizzando versione 0.0.28 (10/62)...
2025-11-17 04:16:43,978 - UnicodeAnalyzer - INFO - -> Analizzando versione 0.0.29 (11/62)...
2025-11-17 04:16:43,979 - UnicodeAnalyzer - INFO - -> Analizzando versione 0.0.30 (12/62)...
2025-11-17 04:16:43,979 - UnicodeAnalyzer - INFO - -> Analizzando versione 0.0.31 (13/62)...
2025-11-17 04:16:43,980 - UnicodeAnalyzer - INFO - -> Analizzando versione 0.0.32 (14/62)...
2025-11-17 04:16:43,980 - UnicodeAnalyzer - INFO - -> Analizzando versione 0.0.33 (15/62)...
2025-11-17 04:16:43,981 - UnicodeAnalyzer - INFO - -> Analizzando versione 0.0.34 (16/62)...
2025-11-17 04:16:43,982 - UnicodeAnalyzer - INFO - -> Analizzando versione 0.0.35 (17/62)...
2025-11-17 04:16:43,982 - UnicodeAnalyzer - INFO - -> Analizzando versione 0.0.36 (18/62)...
2025-11-17 04:16:43,983 - UnicodeAnalyzer - INFO - -> Analizzando versione 0.0.37 (19/62)...
2025-11-17 04:16:43,983 - UnicodeAnalyzer - INFO - -> Analizzando versione 0.0.38 (20/62)...
2025-11-17 04:16:43,984 - UnicodeAnalyzer - INFO - -> Analizzando versione 0.0.39 (21/62)...
2025-11-17 04:16:43,984 - UnicodeAnalyzer - INFO - -> Analizzando versione 0.0.40 (22/62)...
2025-11-17 04:16:43,985 - UnicodeAnalyzer - INFO - -> Analizzando versione 0.0.41 (23/62)...
2025-11-17 04:16:43,985 - UnicodeAnalyzer - INFO - -> Analizzando versione 0.0.42 (24/62)...
2025-11-17 04:16:43,986 - UnicodeAnalyzer - INFO - -> Analizzando versione 0.0.43 (25/62)...
2025-11-17 04:16:43,986 - UnicodeAnalyzer - INFO - -> Analizzando versione 0.0.44 (26/62)...
2025-11-17 04:16:43,987 - UnicodeAnalyzer - INFO - -> Analizzando versione 6.0.0 (27/62)...
2025-11-17 04:16:43,987 - UnicodeAnalyzer - INFO - -> Analizzando versione 6.0.1 (28/62)...
2025-11-17 04:16:43,988 - UnicodeAnalyzer - INFO - -> Analizzando versione 6.0.2 (29/62)...
2025-11-17 04:16:43,988 - UnicodeAnalyzer - INFO - -> Analizzando versione 6.0.3 (30/62)...
2025-11-17 04:16:43,989 - UnicodeAnalyzer - INFO - -> Analizzando versione 6.5.0 (31/62)...
2025-11-17 04:16:43,990 - UnicodeAnalyzer - INFO - -> Analizzando versione 7.3.0 (32/62)...
2025-11-17 04:16:43,991 - UnicodeAnalyzer - INFO - -> Analizzando versione 7.3.1 (33/62)...
2025-11-17 04:16:43,993 - UnicodeAnalyzer - INFO - -> Analizzando versione 7.3.2 (34/62)...
2025-11-17 04:16:43,994 - UnicodeAnalyzer - INFO - -> Analizzando versione 7.3.3 (35/62)...
2025-11-17 04:16:43,995 - UnicodeAnalyzer - INFO - -> Analizzando versione 8.1.0 (36/62)...
2025-11-17 04:16:43,997 - UnicodeAnalyzer - INFO - -> Analizzando versione 8.1.1 (37/62)...
2025-11-17 04:16:43,998 - UnicodeAnalyzer - INFO - -> Analizzando versione 8.1.2 (38/62)...
2025-11-17 04:16:43,999 - UnicodeAnalyzer - INFO - -> Analizzando versione 8.1.3 (39/62)...
2025-11-17 04:16:44,000 - UnicodeAnalyzer - INFO - -> Analizzando versione 8.2.0 (40/62)...
2025-11-17 04:16:44,001 - UnicodeAnalyzer - INFO - -> Analizzando versione 8.2.1 (41/62)...
2025-11-17 04:16:44,002 - UnicodeAnalyzer - INFO - -> Analizzando versione 8.2.10 (42/62)...
2025-11-17 04:16:44,002 - UnicodeAnalyzer - INFO - -> Analizzando versione 8.2.11 (43/62)...
2025-11-17 04:16:44,003 - UnicodeAnalyzer - INFO - -> Analizzando versione 8.2.12 (44/62)...
2025-11-17 04:16:44,004 - UnicodeAnalyzer - INFO - -> Analizzando versione 8.2.2 (45/62)...
2025-11-17 04:16:44,004 - UnicodeAnalyzer - INFO - -> Analizzando versione 8.2.3 (46/62)...
2025-11-17 04:16:44,004 - UnicodeAnalyzer - INFO - -> Analizzando versione 8.2.4 (47/62)...
2025-11-17 04:16:44,005 - UnicodeAnalyzer - INFO - -> Analizzando versione 8.2.5 (48/62)...
2025-11-17 04:16:44,005 - UnicodeAnalyzer - INFO - -> Analizzando versione 8.2.6 (49/62)...
2025-11-17 04:16:44,005 - UnicodeAnalyzer - INFO - -> Analizzando versione 8.2.7 (50/62)...
2025-11-17 04:16:44,006 - UnicodeAnalyzer - INFO - -> Analizzando versione 8.2.8 (51/62)...
2025-11-17 04:16:44,006 - UnicodeAnalyzer - INFO - -> Analizzando versione 8.2.9 (52/62)...
2025-11-17 04:16:44,006 - UnicodeAnalyzer - INFO - -> Analizzando versione 9.0.0 (53/62)...
2025-11-17 04:16:44,007 - UnicodeAnalyzer - INFO - -> Analizzando versione 9.0.1 (54/62)...
2025-11-17 04:16:44,007 - UnicodeAnalyzer - INFO - -> Analizzando versione 9.0.2 (55/62)...
2025-11-17 04:16:44,007 - UnicodeAnalyzer - INFO - -> Analizzando versione 9.0.3 (56/62)...
2025-11-17 04:16:44,007 - UnicodeAnalyzer - INFO - -> Analizzando versione 9.0.4 (57/62)...
2025-11-17 04:16:44,008 - UnicodeAnalyzer - INFO - -> Analizzando versione 9.0.5 (58/62)...
2025-11-17 04:16:44,008 - UnicodeAnalyzer - INFO - -> Analizzando versione 9.0.6 (59/62)...
2025-11-17 04:16:44,008 - UnicodeAnalyzer - INFO - -> Analizzando versione 9.0.7 (60/62)...
2025-11-17 04:16:44,009 - UnicodeAnalyzer - INFO - -> Analizzando versione 9.0.8 (61/62)...
2025-11-17 04:16:44,009 - UnicodeAnalyzer - INFO - -> Analizzando versione 9.0.9 (62/62)...
2025-11-17 04:16:44,009 - UnicodeAnalyzer - INFO - Esportando i risultati HUT per '@types/inquirer' in CSV...
2025-11-17 04:16:44,009 - UnicodeAnalyzer - WARNING - Nessun file analizzato. I file CSV saranno vuoti.
2025-11-17 04:16:44,009 - NPM_HUT_Analyzer - INFO - Pulizia cartella temporanea 'temp_hut/@types_inquirer'...
2025-11-17 04:16:44,032 - NPM_HUT_Analyzer - INFO - Pulizia completata.
