2025-11-08 07:14:44,259 - NPM_Analyzer - INFO - Fetching metadata for 'is-invalid-path'...
2025-11-08 07:14:44,406 - NPM_Analyzer - INFO - Found 4 versions. Starting download into 'temp/is-invalid-path'...
2025-11-08 07:14:45,985 - BlankSpaceAnalyzer - INFO - Analyzing 4 versions for '*.js' in 'is-invalid-path'.
2025-11-08 07:14:45,985 - BlankSpaceAnalyzer - INFO - -> Analyzing version 0.1.0 (1/4)...
2025-11-08 07:14:45,986 - BlankSpaceAnalyzer - INFO - -> Analyzing version 1.0.0 (2/4)...
2025-11-08 07:14:45,987 - BlankSpaceAnalyzer - INFO - -> Analyzing version 1.0.1 (3/4)...
2025-11-08 07:14:45,988 - BlankSpaceAnalyzer - INFO - -> Analyzing version 1.0.2 (4/4)...
2025-11-08 07:14:45,989 - BlankSpaceAnalyzer - INFO - Exporting results for 'is-invalid-path' to CSV...
2025-11-08 07:14:46,007 - BlankSpaceAnalyzer - INFO - Reports saved in: /app/npm_results/is-invalid-path
2025-11-08 07:14:46,008 - NPM_Analyzer - INFO - Cleaning temporary folder 'temp/is-invalid-path'...
2025-11-08 07:14:46,010 - NPM_Analyzer - INFO - Cleanup completed.
2025-11-08 21:09:58,822 - NPM_Analyzer - INFO - Fetching metadata for 'is-invalid-path'...
2025-11-08 21:09:58,971 - NPM_Analyzer - INFO - Found 4 versions. Starting download into 'temp/is-invalid-path'...
2025-11-08 21:09:59,918 - BlankSpaceAnalyzer - INFO - Analyzing 4 versions for '*.js' in 'is-invalid-path'.
2025-11-08 21:09:59,918 - BlankSpaceAnalyzer - INFO - -> Analyzing version 0.1.0 (1/4)...
2025-11-08 21:09:59,919 - BlankSpaceAnalyzer - INFO - -> Analyzing version 1.0.0 (2/4)...
2025-11-08 21:09:59,920 - BlankSpaceAnalyzer - INFO - -> Analyzing version 1.0.1 (3/4)...
2025-11-08 21:09:59,921 - BlankSpaceAnalyzer - INFO - -> Analyzing version 1.0.2 (4/4)...
2025-11-08 21:09:59,922 - BlankSpaceAnalyzer - INFO - Exporting results for 'is-invalid-path' to CSV...
2025-11-08 21:09:59,941 - BlankSpaceAnalyzer - INFO - Reports saved in: /app/npm_results/is-invalid-path
2025-11-08 21:09:59,941 - NPM_Analyzer - INFO - Cleaning temporary folder 'temp/is-invalid-path'...
2025-11-08 21:09:59,943 - NPM_Analyzer - INFO - Cleanup completed.
2025-11-09 07:35:41,574 - NPM_Analyzer - INFO - Fetching metadata for 'is-invalid-path'...
2025-11-09 07:35:41,710 - NPM_Analyzer - INFO - Found 4 versions. Starting download into 'temp/is-invalid-path'...
2025-11-09 07:35:43,276 - BlankSpaceAnalyzer - INFO - Analyzing 4 versions for '*.js' in 'is-invalid-path'.
2025-11-09 07:35:43,277 - BlankSpaceAnalyzer - INFO - -> Analyzing version 0.1.0 (1/4)...
2025-11-09 07:35:43,278 - BlankSpaceAnalyzer - INFO - -> Analyzing version 1.0.0 (2/4)...
2025-11-09 07:35:43,279 - BlankSpaceAnalyzer - INFO - -> Analyzing version 1.0.1 (3/4)...
2025-11-09 07:35:43,280 - BlankSpaceAnalyzer - INFO - -> Analyzing version 1.0.2 (4/4)...
2025-11-09 07:35:43,281 - BlankSpaceAnalyzer - INFO - Exporting results for 'is-invalid-path' to CSV...
2025-11-09 07:35:43,300 - BlankSpaceAnalyzer - INFO - Reports saved in: /app/npm_results/is-invalid-path
2025-11-09 07:35:43,300 - NPM_Analyzer - INFO - Cleaning temporary folder 'temp/is-invalid-path'...
2025-11-09 07:35:43,302 - NPM_Analyzer - INFO - Cleanup completed.
2025-11-09 18:05:19,327 - NPM_Analyzer - INFO - Fetching metadata for 'is-invalid-path'...
2025-11-09 18:05:19,425 - NPM_Analyzer - INFO - Found 4 versions. Starting download into 'temp/is-invalid-path'...
2025-11-09 18:05:20,410 - BlankSpaceAnalyzer - INFO - Analyzing 4 versions for '*.js' in 'is-invalid-path'.
2025-11-09 18:05:20,410 - BlankSpaceAnalyzer - INFO - -> Analyzing version 0.1.0 (1/4)...
2025-11-09 18:05:20,411 - BlankSpaceAnalyzer - INFO - -> Analyzing version 1.0.0 (2/4)...
2025-11-09 18:05:20,412 - BlankSpaceAnalyzer - INFO - -> Analyzing version 1.0.1 (3/4)...
2025-11-09 18:05:20,413 - BlankSpaceAnalyzer - INFO - -> Analyzing version 1.0.2 (4/4)...
2025-11-09 18:05:20,414 - BlankSpaceAnalyzer - INFO - Exporting results for 'is-invalid-path' to CSV...
2025-11-09 18:05:20,432 - BlankSpaceAnalyzer - INFO - Reports saved in: /app/npm_results/is-invalid-path
2025-11-09 18:05:20,433 - NPM_Analyzer - INFO - Cleaning temporary folder 'temp/is-invalid-path'...
2025-11-09 18:05:20,435 - NPM_Analyzer - INFO - Cleanup completed.
2025-11-10 04:33:01,055 - NPM_Analyzer - INFO - Fetching metadata for 'is-invalid-path'...
2025-11-10 04:33:01,205 - NPM_Analyzer - INFO - Found 4 versions. Starting download into 'temp/is-invalid-path'...
2025-11-10 04:33:02,113 - BlankSpaceAnalyzer - INFO - Analyzing 4 versions for '*.js' in 'is-invalid-path'.
2025-11-10 04:33:02,113 - BlankSpaceAnalyzer - INFO - -> Analyzing version 0.1.0 (1/4)...
2025-11-10 04:33:02,114 - BlankSpaceAnalyzer - INFO - -> Analyzing version 1.0.0 (2/4)...
2025-11-10 04:33:02,115 - BlankSpaceAnalyzer - INFO - -> Analyzing version 1.0.1 (3/4)...
2025-11-10 04:33:02,116 - BlankSpaceAnalyzer - INFO - -> Analyzing version 1.0.2 (4/4)...
2025-11-10 04:33:02,117 - BlankSpaceAnalyzer - INFO - Exporting results for 'is-invalid-path' to CSV...
2025-11-10 04:33:02,135 - BlankSpaceAnalyzer - INFO - Reports saved in: /app/npm_results/is-invalid-path
2025-11-10 04:33:02,136 - NPM_Analyzer - INFO - Cleaning temporary folder 'temp/is-invalid-path'...
2025-11-10 04:33:02,138 - NPM_Analyzer - INFO - Cleanup completed.
2025-11-10 14:45:41,882 - NPM_Analyzer - INFO - Fetching metadata for 'is-invalid-path'...
2025-11-10 14:45:42,031 - NPM_Analyzer - INFO - Found 4 versions. Starting download into 'temp/is-invalid-path'...
2025-11-10 14:45:43,138 - BlankSpaceAnalyzer - INFO - Analyzing 4 versions for '*.js' in 'is-invalid-path'.
2025-11-10 14:45:43,139 - BlankSpaceAnalyzer - INFO - -> Analyzing version 0.1.0 (1/4)...
2025-11-10 14:45:43,140 - BlankSpaceAnalyzer - INFO - -> Analyzing version 1.0.0 (2/4)...
2025-11-10 14:45:43,141 - BlankSpaceAnalyzer - INFO - -> Analyzing version 1.0.1 (3/4)...
2025-11-10 14:45:43,141 - BlankSpaceAnalyzer - INFO - -> Analyzing version 1.0.2 (4/4)...
2025-11-10 14:45:43,143 - BlankSpaceAnalyzer - INFO - Exporting results for 'is-invalid-path' to CSV...
2025-11-10 14:45:43,162 - BlankSpaceAnalyzer - INFO - Reports saved in: /app/npm_results/is-invalid-path
2025-11-10 14:45:43,162 - NPM_Analyzer - INFO - Cleaning temporary folder 'temp/is-invalid-path'...
2025-11-10 14:45:43,164 - NPM_Analyzer - INFO - Cleanup completed.
2025-11-11 01:14:32,464 - NPM_Analyzer - INFO - Fetching metadata for 'is-invalid-path'...
2025-11-11 01:14:32,602 - NPM_Analyzer - INFO - Found 4 versions. Starting download into 'temp/is-invalid-path'...
2025-11-11 01:14:34,215 - BlankSpaceAnalyzer - INFO - Analyzing 4 versions for '*.js' in 'is-invalid-path'.
2025-11-11 01:14:34,215 - BlankSpaceAnalyzer - INFO - -> Analyzing version 0.1.0 (1/4)...
2025-11-11 01:14:34,216 - BlankSpaceAnalyzer - INFO - -> Analyzing version 1.0.0 (2/4)...
2025-11-11 01:14:34,217 - BlankSpaceAnalyzer - INFO - -> Analyzing version 1.0.1 (3/4)...
2025-11-11 01:14:34,218 - BlankSpaceAnalyzer - INFO - -> Analyzing version 1.0.2 (4/4)...
2025-11-11 01:14:34,219 - BlankSpaceAnalyzer - INFO - Exporting results for 'is-invalid-path' to CSV...
2025-11-11 01:14:34,239 - BlankSpaceAnalyzer - INFO - Reports saved in: /app/npm_results/is-invalid-path
2025-11-11 01:14:34,239 - NPM_Analyzer - INFO - Cleaning temporary folder 'temp/is-invalid-path'...
2025-11-11 01:14:34,242 - NPM_Analyzer - INFO - Cleanup completed.
2025-11-11 11:33:08,226 - NPM_Analyzer - INFO - Fetching metadata for 'is-invalid-path'...
2025-11-11 11:33:08,369 - NPM_Analyzer - INFO - Found 4 versions. Starting download into 'temp/is-invalid-path'...
2025-11-11 11:33:09,266 - BlankSpaceAnalyzer - INFO - Analyzing 4 versions for '*.js' in 'is-invalid-path'.
2025-11-11 11:33:09,266 - BlankSpaceAnalyzer - INFO - -> Analyzing version 0.1.0 (1/4)...
2025-11-11 11:33:09,267 - BlankSpaceAnalyzer - INFO - -> Analyzing version 1.0.0 (2/4)...
2025-11-11 11:33:09,268 - BlankSpaceAnalyzer - INFO - -> Analyzing version 1.0.1 (3/4)...
2025-11-11 11:33:09,269 - BlankSpaceAnalyzer - INFO - -> Analyzing version 1.0.2 (4/4)...
2025-11-11 11:33:09,269 - BlankSpaceAnalyzer - INFO - Exporting results for 'is-invalid-path' to CSV...
2025-11-11 11:33:09,288 - BlankSpaceAnalyzer - INFO - Reports saved in: /app/npm_results/is-invalid-path
2025-11-11 11:33:09,288 - NPM_Analyzer - INFO - Cleaning temporary folder 'temp/is-invalid-path'...
2025-11-11 11:33:09,290 - NPM_Analyzer - INFO - Cleanup completed.
2025-11-11 22:21:13,595 - NPM_Analyzer - INFO - Fetching metadata for 'is-invalid-path'...
2025-11-11 22:21:13,731 - NPM_Analyzer - INFO - Found 4 versions. Starting download into 'temp/is-invalid-path'...
2025-11-11 22:21:14,593 - BlankSpaceAnalyzer - INFO - Analyzing 4 versions for '*.js' in 'is-invalid-path'.
2025-11-11 22:21:14,593 - BlankSpaceAnalyzer - INFO - -> Analyzing version 0.1.0 (1/4)...
2025-11-11 22:21:14,593 - BlankSpaceAnalyzer - INFO - -> Analyzing version 1.0.0 (2/4)...
2025-11-11 22:21:14,594 - BlankSpaceAnalyzer - INFO - -> Analyzing version 1.0.1 (3/4)...
2025-11-11 22:21:14,594 - BlankSpaceAnalyzer - INFO - -> Analyzing version 1.0.2 (4/4)...
2025-11-11 22:21:14,595 - BlankSpaceAnalyzer - INFO - Exporting results for 'is-invalid-path' to CSV...
2025-11-11 22:21:14,605 - BlankSpaceAnalyzer - INFO - Reports saved in: /app/npm_results/is-invalid-path
2025-11-11 22:21:14,605 - NPM_Analyzer - INFO - Cleaning temporary folder 'temp/is-invalid-path'...
2025-11-11 22:21:14,607 - NPM_Analyzer - INFO - Cleanup completed.
2025-11-12 08:51:59,086 - NPM_Analyzer - INFO - Fetching metadata for 'is-invalid-path'...
2025-11-12 08:51:59,220 - NPM_Analyzer - INFO - Found 4 versions. Starting download into 'temp/is-invalid-path'...
2025-11-12 08:52:00,138 - BlankSpaceAnalyzer - INFO - Analyzing 4 versions for '*.js' in 'is-invalid-path'.
2025-11-12 08:52:00,139 - BlankSpaceAnalyzer - INFO - -> Analyzing version 0.1.0 (1/4)...
2025-11-12 08:52:00,140 - BlankSpaceAnalyzer - INFO - -> Analyzing version 1.0.0 (2/4)...
2025-11-12 08:52:00,140 - BlankSpaceAnalyzer - INFO - -> Analyzing version 1.0.1 (3/4)...
2025-11-12 08:52:00,141 - BlankSpaceAnalyzer - INFO - -> Analyzing version 1.0.2 (4/4)...
2025-11-12 08:52:00,142 - BlankSpaceAnalyzer - INFO - Exporting results for 'is-invalid-path' to CSV...
2025-11-12 08:52:00,162 - BlankSpaceAnalyzer - INFO - Reports saved in: /app/npm_results/is-invalid-path
2025-11-12 08:52:00,162 - NPM_Analyzer - INFO - Cleaning temporary folder 'temp/is-invalid-path'...
2025-11-12 08:52:00,165 - NPM_Analyzer - INFO - Cleanup completed.
2025-11-12 19:29:16,552 - NPM_Analyzer - INFO - Fetching metadata for 'is-invalid-path'...
2025-11-12 19:29:17,375 - NPM_Analyzer - INFO - Found 4 versions. Starting download into 'temp/is-invalid-path'...
2025-11-12 19:29:18,345 - BlankSpaceAnalyzer - INFO - Analyzing 4 versions for '*.js' in 'is-invalid-path'.
2025-11-12 19:29:18,346 - BlankSpaceAnalyzer - INFO - -> Analyzing version 0.1.0 (1/4)...
2025-11-12 19:29:18,347 - BlankSpaceAnalyzer - INFO - -> Analyzing version 1.0.0 (2/4)...
2025-11-12 19:29:18,348 - BlankSpaceAnalyzer - INFO - -> Analyzing version 1.0.1 (3/4)...
2025-11-12 19:29:18,349 - BlankSpaceAnalyzer - INFO - -> Analyzing version 1.0.2 (4/4)...
2025-11-12 19:29:18,350 - BlankSpaceAnalyzer - INFO - Exporting results for 'is-invalid-path' to CSV...
2025-11-12 19:29:18,368 - BlankSpaceAnalyzer - INFO - Reports saved in: /app/npm_results/is-invalid-path
2025-11-12 19:29:18,369 - NPM_Analyzer - INFO - Cleaning temporary folder 'temp/is-invalid-path'...
2025-11-12 19:29:18,371 - NPM_Analyzer - INFO - Cleanup completed.
2025-11-13 06:05:28,945 - NPM_Analyzer - INFO - Fetching metadata for 'is-invalid-path'...
2025-11-13 06:05:29,011 - NPM_Analyzer - INFO - Found 4 versions. Starting download into 'temp/is-invalid-path'...
2025-11-13 06:05:29,875 - BlankSpaceAnalyzer - INFO - Analyzing 4 versions for '*.js' in 'is-invalid-path'.
2025-11-13 06:05:29,876 - BlankSpaceAnalyzer - INFO - -> Analyzing version 0.1.0 (1/4)...
2025-11-13 06:05:29,877 - BlankSpaceAnalyzer - INFO - -> Analyzing version 1.0.0 (2/4)...
2025-11-13 06:05:29,878 - BlankSpaceAnalyzer - INFO - -> Analyzing version 1.0.1 (3/4)...
2025-11-13 06:05:29,878 - BlankSpaceAnalyzer - INFO - -> Analyzing version 1.0.2 (4/4)...
2025-11-13 06:05:29,880 - BlankSpaceAnalyzer - INFO - Exporting results for 'is-invalid-path' to CSV...
2025-11-13 06:05:29,898 - BlankSpaceAnalyzer - INFO - Reports saved in: /app/npm_results/is-invalid-path
2025-11-13 06:05:29,899 - NPM_Analyzer - INFO - Cleaning temporary folder 'temp/is-invalid-path'...
2025-11-13 06:05:29,901 - NPM_Analyzer - INFO - Cleanup completed.
2025-11-13 16:32:29,931 - NPM_Analyzer - INFO - Fetching metadata for 'is-invalid-path'...
2025-11-13 16:32:30,106 - NPM_Analyzer - INFO - Found 4 versions. Starting download into 'temp/is-invalid-path'...
2025-11-13 16:32:31,187 - BlankSpaceAnalyzer - INFO - Analyzing 4 versions for '*.js' in 'is-invalid-path'.
2025-11-13 16:32:31,187 - BlankSpaceAnalyzer - INFO - -> Analyzing version 0.1.0 (1/4)...
2025-11-13 16:32:31,188 - BlankSpaceAnalyzer - INFO - -> Analyzing version 1.0.0 (2/4)...
2025-11-13 16:32:31,189 - BlankSpaceAnalyzer - INFO - -> Analyzing version 1.0.1 (3/4)...
2025-11-13 16:32:31,190 - BlankSpaceAnalyzer - INFO - -> Analyzing version 1.0.2 (4/4)...
2025-11-13 16:32:31,191 - BlankSpaceAnalyzer - INFO - Exporting results for 'is-invalid-path' to CSV...
2025-11-13 16:32:31,210 - BlankSpaceAnalyzer - INFO - Reports saved in: /app/npm_results/is-invalid-path
2025-11-13 16:32:31,210 - NPM_Analyzer - INFO - Cleaning temporary folder 'temp/is-invalid-path'...
2025-11-13 16:32:31,212 - NPM_Analyzer - INFO - Cleanup completed.
2025-11-14 03:06:22,182 - NPM_Analyzer - INFO - Fetching metadata for 'is-invalid-path'...
2025-11-14 03:06:22,250 - NPM_Analyzer - INFO - Found 4 versions. Starting download into 'temp/is-invalid-path'...
2025-11-14 03:06:23,797 - BlankSpaceAnalyzer - INFO - Analyzing 4 versions for '*.js' in 'is-invalid-path'.
2025-11-14 03:06:23,797 - BlankSpaceAnalyzer - INFO - -> Analyzing version 0.1.0 (1/4)...
2025-11-14 03:06:23,798 - BlankSpaceAnalyzer - INFO - -> Analyzing version 1.0.0 (2/4)...
2025-11-14 03:06:23,799 - BlankSpaceAnalyzer - INFO - -> Analyzing version 1.0.1 (3/4)...
2025-11-14 03:06:23,800 - BlankSpaceAnalyzer - INFO - -> Analyzing version 1.0.2 (4/4)...
2025-11-14 03:06:23,801 - BlankSpaceAnalyzer - INFO - Exporting results for 'is-invalid-path' to CSV...
2025-11-14 03:06:23,820 - BlankSpaceAnalyzer - INFO - Reports saved in: /app/npm_results/is-invalid-path
2025-11-14 03:06:23,820 - NPM_Analyzer - INFO - Cleaning temporary folder 'temp/is-invalid-path'...
2025-11-14 03:06:23,822 - NPM_Analyzer - INFO - Cleanup completed.
2025-11-14 13:28:38,587 - NPM_Analyzer - INFO - Fetching metadata for 'is-invalid-path'...
2025-11-14 13:28:38,702 - NPM_Analyzer - INFO - Found 4 versions. Starting download into 'temp/is-invalid-path'...
2025-11-14 13:28:39,685 - BlankSpaceAnalyzer - INFO - Analyzing 4 versions for '*.js' in 'is-invalid-path'.
2025-11-14 13:28:39,686 - BlankSpaceAnalyzer - INFO - -> Analyzing version 0.1.0 (1/4)...
2025-11-14 13:28:39,687 - BlankSpaceAnalyzer - INFO - -> Analyzing version 1.0.0 (2/4)...
2025-11-14 13:28:39,688 - BlankSpaceAnalyzer - INFO - -> Analyzing version 1.0.1 (3/4)...
2025-11-14 13:28:39,688 - BlankSpaceAnalyzer - INFO - -> Analyzing version 1.0.2 (4/4)...
2025-11-14 13:28:39,689 - BlankSpaceAnalyzer - INFO - Exporting results for 'is-invalid-path' to CSV...
2025-11-14 13:28:39,693 - BlankSpaceAnalyzer - INFO - Reports saved in: /app/npm_results/is-invalid-path
2025-11-14 13:28:39,693 - NPM_Analyzer - INFO - Cleaning temporary folder 'temp/is-invalid-path'...
2025-11-14 13:28:39,694 - NPM_Analyzer - INFO - Cleanup completed.
2025-11-15 00:10:55,326 - NPM_Analyzer - INFO - Fetching metadata for 'is-invalid-path'...
2025-11-15 00:10:55,428 - NPM_Analyzer - INFO - Found 4 versions. Starting download into 'temp/is-invalid-path'...
2025-11-15 00:10:56,506 - BlankSpaceAnalyzer - INFO - Analyzing 4 versions for '*.js' in 'is-invalid-path'.
2025-11-15 00:10:56,507 - BlankSpaceAnalyzer - INFO - -> Analyzing version 0.1.0 (1/4)...
2025-11-15 00:10:56,508 - BlankSpaceAnalyzer - INFO - -> Analyzing version 1.0.0 (2/4)...
2025-11-15 00:10:56,508 - BlankSpaceAnalyzer - INFO - -> Analyzing version 1.0.1 (3/4)...
2025-11-15 00:10:56,509 - BlankSpaceAnalyzer - INFO - -> Analyzing version 1.0.2 (4/4)...
2025-11-15 00:10:56,510 - BlankSpaceAnalyzer - INFO - Exporting results for 'is-invalid-path' to CSV...
2025-11-15 00:10:56,530 - BlankSpaceAnalyzer - INFO - Reports saved in: /app/npm_results/is-invalid-path
2025-11-15 00:10:56,530 - NPM_Analyzer - INFO - Cleaning temporary folder 'temp/is-invalid-path'...
2025-11-15 00:10:56,532 - NPM_Analyzer - INFO - Cleanup completed.
2025-11-15 10:44:57,428 - NPM_Analyzer - INFO - Fetching metadata for 'is-invalid-path'...
2025-11-15 10:44:57,530 - NPM_Analyzer - INFO - Found 4 versions. Starting download into 'temp/is-invalid-path'...
2025-11-15 10:44:58,423 - BlankSpaceAnalyzer - INFO - Analyzing 4 versions for '*.js' in 'is-invalid-path'.
2025-11-15 10:44:58,423 - BlankSpaceAnalyzer - INFO - -> Analyzing version 0.1.0 (1/4)...
2025-11-15 10:44:58,424 - BlankSpaceAnalyzer - INFO - -> Analyzing version 1.0.0 (2/4)...
2025-11-15 10:44:58,425 - BlankSpaceAnalyzer - INFO - -> Analyzing version 1.0.1 (3/4)...
2025-11-15 10:44:58,426 - BlankSpaceAnalyzer - INFO - -> Analyzing version 1.0.2 (4/4)...
2025-11-15 10:44:58,427 - BlankSpaceAnalyzer - INFO - Exporting results for 'is-invalid-path' to CSV...
2025-11-15 10:44:58,446 - BlankSpaceAnalyzer - INFO - Reports saved in: /app/npm_results/is-invalid-path
2025-11-15 10:44:58,446 - NPM_Analyzer - INFO - Cleaning temporary folder 'temp/is-invalid-path'...
2025-11-15 10:44:58,449 - NPM_Analyzer - INFO - Cleanup completed.
2025-11-15 21:20:19,252 - NPM_Analyzer - INFO - Fetching metadata for 'is-invalid-path'...
2025-11-15 21:20:19,390 - NPM_Analyzer - INFO - Found 4 versions. Starting download into 'temp/is-invalid-path'...
2025-11-15 21:20:20,336 - BlankSpaceAnalyzer - INFO - Analyzing 4 versions for '*.js' in 'is-invalid-path'.
2025-11-15 21:20:20,336 - BlankSpaceAnalyzer - INFO - -> Analyzing version 0.1.0 (1/4)...
2025-11-15 21:20:20,338 - BlankSpaceAnalyzer - INFO - -> Analyzing version 1.0.0 (2/4)...
2025-11-15 21:20:20,338 - BlankSpaceAnalyzer - INFO - -> Analyzing version 1.0.1 (3/4)...
2025-11-15 21:20:20,339 - BlankSpaceAnalyzer - INFO - -> Analyzing version 1.0.2 (4/4)...
2025-11-15 21:20:20,341 - BlankSpaceAnalyzer - INFO - Exporting results for 'is-invalid-path' to CSV...
2025-11-15 21:20:20,360 - BlankSpaceAnalyzer - INFO - Reports saved in: /app/npm_results/is-invalid-path
2025-11-15 21:20:20,360 - NPM_Analyzer - INFO - Cleaning temporary folder 'temp/is-invalid-path'...
2025-11-15 21:20:20,362 - NPM_Analyzer - INFO - Cleanup completed.
2025-11-16 07:43:53,374 - NPM_Analyzer - INFO - Fetching metadata for 'is-invalid-path'...
2025-11-16 07:43:53,519 - NPM_Analyzer - INFO - Found 4 versions. Starting download into 'temp/is-invalid-path'...
2025-11-16 07:43:54,410 - BlankSpaceAnalyzer - INFO - Analyzing 4 versions for '*.js' in 'is-invalid-path'.
2025-11-16 07:43:54,411 - BlankSpaceAnalyzer - INFO - -> Analyzing version 0.1.0 (1/4)...
2025-11-16 07:43:54,412 - BlankSpaceAnalyzer - INFO - -> Analyzing version 1.0.0 (2/4)...
2025-11-16 07:43:54,413 - BlankSpaceAnalyzer - INFO - -> Analyzing version 1.0.1 (3/4)...
2025-11-16 07:43:54,414 - BlankSpaceAnalyzer - INFO - -> Analyzing version 1.0.2 (4/4)...
2025-11-16 07:43:54,415 - BlankSpaceAnalyzer - INFO - Exporting results for 'is-invalid-path' to CSV...
2025-11-16 07:43:54,434 - BlankSpaceAnalyzer - INFO - Reports saved in: /app/npm_results/is-invalid-path
2025-11-16 07:43:54,434 - NPM_Analyzer - INFO - Cleaning temporary folder 'temp/is-invalid-path'...
2025-11-16 07:43:54,437 - NPM_Analyzer - INFO - Cleanup completed.
2025-11-16 18:12:26,629 - NPM_Analyzer - INFO - Fetching metadata for 'is-invalid-path'...
2025-11-16 18:12:26,761 - NPM_Analyzer - INFO - Found 4 versions. Starting download into 'temp/is-invalid-path'...
2025-11-16 18:12:27,700 - BlankSpaceAnalyzer - INFO - Analyzing 4 versions for '*.js' in 'is-invalid-path'.
2025-11-16 18:12:27,701 - BlankSpaceAnalyzer - INFO - -> Analyzing version 0.1.0 (1/4)...
2025-11-16 18:12:27,702 - BlankSpaceAnalyzer - INFO - -> Analyzing version 1.0.0 (2/4)...
2025-11-16 18:12:27,702 - BlankSpaceAnalyzer - INFO - -> Analyzing version 1.0.1 (3/4)...
2025-11-16 18:12:27,703 - BlankSpaceAnalyzer - INFO - -> Analyzing version 1.0.2 (4/4)...
2025-11-16 18:12:27,704 - BlankSpaceAnalyzer - INFO - Exporting results for 'is-invalid-path' to CSV...
2025-11-16 18:12:27,723 - BlankSpaceAnalyzer - INFO - Reports saved in: /app/npm_results/is-invalid-path
2025-11-16 18:12:27,724 - NPM_Analyzer - INFO - Cleaning temporary folder 'temp/is-invalid-path'...
2025-11-16 18:12:27,726 - NPM_Analyzer - INFO - Cleanup completed.
