2025-11-01 00:39:53,184 - NPM_Analyzer - INFO - Fetching metadata for 'babel-plugin-styled-components'...
2025-11-01 00:39:53,337 - NPM_Analyzer - INFO - Found 95 versions. Starting download into 'temp/babel-plugin-styled-components'...
2025-11-01 00:40:33,444 - NPM_Analyzer - ERROR -   Error on version 1.10.2-ej5: 404 Client Error: Not Found for url: https://registry.npmjs.org/babel-plugin-styled-components/-/babel-plugin-styled-components-1.10.2-ej5.tgz
2025-11-01 00:40:54,361 - BlankSpaceAnalyzer - INFO - Analyzing 94 versions for '*.js' in 'babel-plugin-styled-components'.
2025-11-01 00:40:54,362 - BlankSpaceAnalyzer - INFO - -> Analyzing version 0.0.2 (1/94)...
2025-11-01 00:40:54,478 - BlankSpaceAnalyzer - INFO - -> Analyzing version 0.0.3-0 (2/94)...
2025-11-01 00:40:54,570 - BlankSpaceAnalyzer - INFO - -> Analyzing version 0.0.3-1 (3/94)...
2025-11-01 00:40:54,663 - BlankSpaceAnalyzer - INFO - -> Analyzing version 1.0.0 (4/94)...
2025-11-01 00:40:54,757 - BlankSpaceAnalyzer - INFO - -> Analyzing version 1.0.1 (5/94)...
2025-11-01 00:40:54,855 - BlankSpaceAnalyzer - INFO - -> Analyzing version 1.1.0 (6/94)...
2025-11-01 00:40:54,947 - BlankSpaceAnalyzer - INFO - -> Analyzing version 1.1.1 (7/94)...
2025-11-01 00:40:55,044 - BlankSpaceAnalyzer - INFO - -> Analyzing version 1.1.2 (8/94)...
2025-11-01 00:40:55,136 - BlankSpaceAnalyzer - INFO - -> Analyzing version 1.1.3 (9/94)...
2025-11-01 00:40:55,236 - BlankSpaceAnalyzer - INFO - -> Analyzing version 1.1.4 (10/94)...
2025-11-01 00:40:55,328 - BlankSpaceAnalyzer - INFO - -> Analyzing version 1.1.5 (11/94)...
2025-11-01 00:40:55,429 - BlankSpaceAnalyzer - INFO - -> Analyzing version 1.1.6 (12/94)...
2025-11-01 00:40:55,522 - BlankSpaceAnalyzer - INFO - -> Analyzing version 1.1.7 (13/94)...
2025-11-01 00:40:55,622 - BlankSpaceAnalyzer - INFO - -> Analyzing version 1.10.0 (14/94)...
2025-11-01 00:40:55,722 - BlankSpaceAnalyzer - INFO - -> Analyzing version 1.10.1 (15/94)...
2025-11-01 00:40:55,822 - BlankSpaceAnalyzer - INFO - -> Analyzing version 1.10.1-0 (16/94)...
2025-11-01 00:40:55,916 - BlankSpaceAnalyzer - INFO - -> Analyzing version 1.10.1-1 (17/94)...
2025-11-01 00:40:56,018 - BlankSpaceAnalyzer - INFO - -> Analyzing version 1.10.1-ej0 (18/94)...
2025-11-01 00:40:56,120 - BlankSpaceAnalyzer - INFO - -> Analyzing version 1.10.1-ej1 (19/94)...
2025-11-01 00:40:56,221 - BlankSpaceAnalyzer - INFO - -> Analyzing version 1.10.1-ej2 (20/94)...
2025-11-01 00:40:56,322 - BlankSpaceAnalyzer - INFO - -> Analyzing version 1.10.2 (21/94)...
2025-11-01 00:40:56,424 - BlankSpaceAnalyzer - INFO - -> Analyzing version 1.10.2-ej0 (22/94)...
2025-11-01 00:40:56,518 - BlankSpaceAnalyzer - INFO - -> Analyzing version 1.10.2-ej1 (23/94)...
2025-11-01 00:40:56,612 - BlankSpaceAnalyzer - INFO - -> Analyzing version 1.10.2-ej2 (24/94)...
2025-11-01 00:40:56,713 - BlankSpaceAnalyzer - INFO - -> Analyzing version 1.10.2-ej3 (25/94)...
2025-11-01 00:40:56,810 - BlankSpaceAnalyzer - INFO - -> Analyzing version 1.10.2-ej4 (26/94)...
2025-11-01 00:40:56,910 - BlankSpaceAnalyzer - INFO - -> Analyzing version 1.10.2-ej6 (27/94)...
2025-11-01 00:40:57,004 - BlankSpaceAnalyzer - INFO - -> Analyzing version 1.10.2-ej7 (28/94)...
2025-11-01 00:40:57,105 - BlankSpaceAnalyzer - INFO - -> Analyzing version 1.10.2-ej8 (29/94)...
2025-11-01 00:40:57,198 - BlankSpaceAnalyzer - INFO - -> Analyzing version 1.10.3 (30/94)...
2025-11-01 00:40:57,292 - BlankSpaceAnalyzer - INFO - -> Analyzing version 1.10.4 (31/94)...
2025-11-01 00:40:57,391 - BlankSpaceAnalyzer - INFO - -> Analyzing version 1.10.5 (32/94)...
2025-11-01 00:40:57,492 - BlankSpaceAnalyzer - INFO - -> Analyzing version 1.10.5-gatsby (33/94)...
2025-11-01 00:40:57,593 - BlankSpaceAnalyzer - INFO - -> Analyzing version 1.10.6 (34/94)...
2025-11-01 00:40:57,697 - BlankSpaceAnalyzer - INFO - -> Analyzing version 1.10.7 (35/94)...
2025-11-01 00:40:57,797 - BlankSpaceAnalyzer - INFO - -> Analyzing version 1.11.0 (36/94)...
2025-11-01 00:40:57,892 - BlankSpaceAnalyzer - INFO - -> Analyzing version 1.11.0-0 (37/94)...
2025-11-01 00:40:57,991 - BlankSpaceAnalyzer - INFO - -> Analyzing version 1.11.1 (38/94)...
2025-11-01 00:40:58,093 - BlankSpaceAnalyzer - INFO - -> Analyzing version 1.12.0 (39/94)...
2025-11-01 00:40:58,193 - BlankSpaceAnalyzer - INFO - -> Analyzing version 1.12.1 (40/94)...
2025-11-01 00:40:58,294 - BlankSpaceAnalyzer - INFO - -> Analyzing version 1.13.0 (41/94)...
2025-11-01 00:40:58,395 - BlankSpaceAnalyzer - INFO - -> Analyzing version 1.13.0-test (42/94)...
2025-11-01 00:40:58,491 - BlankSpaceAnalyzer - INFO - -> Analyzing version 1.13.0-test.1 (43/94)...
2025-11-01 00:40:58,589 - BlankSpaceAnalyzer - INFO - -> Analyzing version 1.13.0-test.2 (44/94)...
2025-11-01 00:40:58,690 - BlankSpaceAnalyzer - INFO - -> Analyzing version 1.13.0-test.3 (45/94)...
2025-11-01 00:40:58,785 - BlankSpaceAnalyzer - INFO - -> Analyzing version 1.13.1 (46/94)...
2025-11-01 00:40:58,883 - BlankSpaceAnalyzer - INFO - -> Analyzing version 1.13.2 (47/94)...
2025-11-01 00:40:58,979 - BlankSpaceAnalyzer - INFO - -> Analyzing version 1.13.2-test.0 (48/94)...
2025-11-01 00:40:59,078 - BlankSpaceAnalyzer - INFO - -> Analyzing version 1.13.2-test.1 (49/94)...
2025-11-01 00:40:59,176 - BlankSpaceAnalyzer - INFO - -> Analyzing version 1.13.3 (50/94)...
2025-11-01 00:40:59,271 - BlankSpaceAnalyzer - INFO - -> Analyzing version 1.2.0 (51/94)...
2025-11-01 00:40:59,368 - BlankSpaceAnalyzer - INFO - -> Analyzing version 1.2.1 (52/94)...
2025-11-01 00:40:59,462 - BlankSpaceAnalyzer - INFO - -> Analyzing version 1.3.0 (53/94)...
2025-11-01 00:40:59,558 - BlankSpaceAnalyzer - INFO - -> Analyzing version 1.4.0 (54/94)...
2025-11-01 00:40:59,659 - BlankSpaceAnalyzer - INFO - -> Analyzing version 1.5.0 (55/94)...
2025-11-01 00:40:59,760 - BlankSpaceAnalyzer - INFO - -> Analyzing version 1.5.1 (56/94)...
2025-11-01 00:40:59,861 - BlankSpaceAnalyzer - INFO - -> Analyzing version 1.6.0 (57/94)...
2025-11-01 00:40:59,962 - BlankSpaceAnalyzer - INFO - -> Analyzing version 1.6.1 (58/94)...
2025-11-01 00:41:00,064 - BlankSpaceAnalyzer - INFO - -> Analyzing version 1.6.2 (59/94)...
2025-11-01 00:41:00,164 - BlankSpaceAnalyzer - INFO - -> Analyzing version 1.6.2-0 (60/94)...
2025-11-01 00:41:00,261 - BlankSpaceAnalyzer - INFO - -> Analyzing version 1.6.3 (61/94)...
2025-11-01 00:41:00,362 - BlankSpaceAnalyzer - INFO - -> Analyzing version 1.6.4 (62/94)...
2025-11-01 00:41:00,462 - BlankSpaceAnalyzer - INFO - -> Analyzing version 1.7.0 (63/94)...
2025-11-01 00:41:00,557 - BlankSpaceAnalyzer - INFO - -> Analyzing version 1.7.0-0 (64/94)...
2025-11-01 00:41:00,658 - BlankSpaceAnalyzer - INFO - -> Analyzing version 1.7.1 (65/94)...
2025-11-01 00:41:00,759 - BlankSpaceAnalyzer - INFO - -> Analyzing version 1.7.2 (66/94)...
2025-11-01 00:41:00,861 - BlankSpaceAnalyzer - INFO - -> Analyzing version 1.8.0 (67/94)...
2025-11-01 00:41:00,960 - BlankSpaceAnalyzer - INFO - -> Analyzing version 1.8.0-0 (68/94)...
2025-11-01 00:41:01,056 - BlankSpaceAnalyzer - INFO - -> Analyzing version 1.8.0-1 (69/94)...
2025-11-01 00:41:01,157 - BlankSpaceAnalyzer - INFO - -> Analyzing version 1.9.0 (70/94)...
2025-11-01 00:41:01,257 - BlankSpaceAnalyzer - INFO - -> Analyzing version 1.9.0-0 (71/94)...
2025-11-01 00:41:01,358 - BlankSpaceAnalyzer - INFO - -> Analyzing version 1.9.0-1 (72/94)...
2025-11-01 00:41:01,460 - BlankSpaceAnalyzer - INFO - -> Analyzing version 1.9.1 (73/94)...
2025-11-01 00:41:01,559 - BlankSpaceAnalyzer - INFO - -> Analyzing version 1.9.1-0 (74/94)...
2025-11-01 00:41:01,655 - BlankSpaceAnalyzer - INFO - -> Analyzing version 1.9.2 (75/94)...
2025-11-01 00:41:01,756 - BlankSpaceAnalyzer - INFO - -> Analyzing version 1.9.3 (76/94)...
2025-11-01 00:41:01,856 - BlankSpaceAnalyzer - INFO - -> Analyzing version 1.9.3-0 (77/94)...
2025-11-01 00:41:01,951 - BlankSpaceAnalyzer - INFO - -> Analyzing version 1.9.4 (78/94)...
2025-11-01 00:41:02,059 - BlankSpaceAnalyzer - INFO - -> Analyzing version 1.9.4-0 (79/94)...
2025-11-01 00:41:02,159 - BlankSpaceAnalyzer - INFO - -> Analyzing version 1.9.5-0 (80/94)...
2025-11-01 00:41:02,260 - BlankSpaceAnalyzer - INFO - -> Analyzing version 2.0.0 (81/94)...
2025-11-01 00:41:02,361 - BlankSpaceAnalyzer - INFO - -> Analyzing version 2.0.1 (82/94)...
2025-11-01 00:41:02,462 - BlankSpaceAnalyzer - INFO - -> Analyzing version 2.0.1-test (83/94)...
2025-11-01 00:41:02,563 - BlankSpaceAnalyzer - INFO - -> Analyzing version 2.0.2 (84/94)...
2025-11-01 00:41:02,661 - BlankSpaceAnalyzer - INFO - -> Analyzing version 2.0.3 (85/94)...
2025-11-01 00:41:02,756 - BlankSpaceAnalyzer - INFO - -> Analyzing version 2.0.4 (86/94)...
2025-11-01 00:41:02,857 - BlankSpaceAnalyzer - INFO - -> Analyzing version 2.0.5 (87/94)...
2025-11-01 00:41:02,958 - BlankSpaceAnalyzer - INFO - -> Analyzing version 2.0.6 (88/94)...
2025-11-01 00:41:03,058 - BlankSpaceAnalyzer - INFO - -> Analyzing version 2.0.7 (89/94)...
2025-11-01 00:41:03,154 - BlankSpaceAnalyzer - INFO - -> Analyzing version 2.1.0 (90/94)...
2025-11-01 00:41:03,255 - BlankSpaceAnalyzer - INFO - -> Analyzing version 2.1.1 (91/94)...
2025-11-01 00:41:03,354 - BlankSpaceAnalyzer - INFO - -> Analyzing version 2.1.2 (92/94)...
2025-11-01 00:41:03,449 - BlankSpaceAnalyzer - INFO - -> Analyzing version 2.1.3 (93/94)...
2025-11-01 00:41:03,550 - BlankSpaceAnalyzer - INFO - -> Analyzing version 2.1.4 (94/94)...
2025-11-01 00:41:03,651 - BlankSpaceAnalyzer - INFO - Exporting results for 'babel-plugin-styled-components' to CSV...
2025-11-01 00:41:03,748 - BlankSpaceAnalyzer - INFO - Reports saved in: /app/npm_results/babel-plugin-styled-components
2025-11-01 00:41:03,748 - NPM_Analyzer - INFO - Cleaning temporary folder 'temp/babel-plugin-styled-components'...
2025-11-01 00:41:03,802 - NPM_Analyzer - INFO - Cleanup completed.
