2025-11-04 10:02:18,991 - NPM_Analyzer - INFO - Fetching metadata for 'yjs'...
2025-11-04 10:02:19,187 - NPM_Analyzer - INFO - Found 302 versions. Starting download into 'temp/yjs'...
2025-11-04 10:09:26,861 - BlankSpaceAnalyzer - INFO - Analyzing 302 versions for '*.js' in 'yjs'.
2025-11-04 10:09:26,861 - BlankSpaceAnalyzer - INFO - -> Analyzing version 0.3.0 (1/302)...
2025-11-04 10:09:26,980 - BlankSpaceAnalyzer - INFO - -> Analyzing version 0.3.1 (2/302)...
2025-11-04 10:09:27,083 - BlankSpaceAnalyzer - INFO - -> Analyzing version 0.3.2 (3/302)...
2025-11-04 10:09:27,197 - BlankSpaceAnalyzer - INFO - -> Analyzing version 0.4.0 (4/302)...
2025-11-04 10:09:27,298 - BlankSpaceAnalyzer - INFO - -> Analyzing version 0.4.1 (5/302)...
2025-11-04 10:09:27,408 - BlankSpaceAnalyzer - INFO - -> Analyzing version 0.5.0 (6/302)...
2025-11-04 10:09:27,527 - BlankSpaceAnalyzer - INFO - -> Analyzing version 0.5.2 (7/302)...
2025-11-04 10:09:27,640 - BlankSpaceAnalyzer - INFO - -> Analyzing version 0.5.3 (8/302)...
2025-11-04 10:09:27,762 - BlankSpaceAnalyzer - INFO - -> Analyzing version 0.7.1 (9/302)...
2025-11-04 10:09:27,865 - BlankSpaceAnalyzer - INFO - -> Analyzing version 0.7.2 (10/302)...
2025-11-04 10:09:27,967 - BlankSpaceAnalyzer - INFO - -> Analyzing version 0.7.3 (11/302)...
2025-11-04 10:09:28,071 - BlankSpaceAnalyzer - INFO - -> Analyzing version 0.7.6 (12/302)...
2025-11-04 10:09:28,166 - BlankSpaceAnalyzer - INFO - -> Analyzing version 0.7.7 (13/302)...
2025-11-04 10:09:28,265 - BlankSpaceAnalyzer - INFO - -> Analyzing version 0.8.1 (14/302)...
2025-11-04 10:09:28,360 - BlankSpaceAnalyzer - INFO - -> Analyzing version 0.8.10 (15/302)...
2025-11-04 10:09:28,453 - BlankSpaceAnalyzer - INFO - -> Analyzing version 0.8.12 (16/302)...
2025-11-04 10:09:28,547 - BlankSpaceAnalyzer - INFO - -> Analyzing version 0.8.13 (17/302)...
2025-11-04 10:09:28,642 - BlankSpaceAnalyzer - INFO - -> Analyzing version 0.8.14 (18/302)...
2025-11-04 10:09:28,736 - BlankSpaceAnalyzer - INFO - -> Analyzing version 0.8.15 (19/302)...
2025-11-04 10:09:28,830 - BlankSpaceAnalyzer - INFO - -> Analyzing version 0.8.16 (20/302)...
2025-11-04 10:09:28,926 - BlankSpaceAnalyzer - INFO - -> Analyzing version 0.8.17 (21/302)...
2025-11-04 10:09:29,028 - BlankSpaceAnalyzer - INFO - -> Analyzing version 0.8.18 (22/302)...
2025-11-04 10:09:29,121 - BlankSpaceAnalyzer - INFO - -> Analyzing version 0.8.19 (23/302)...
2025-11-04 10:09:29,214 - BlankSpaceAnalyzer - INFO - -> Analyzing version 0.8.2 (24/302)...
2025-11-04 10:09:29,308 - BlankSpaceAnalyzer - INFO - -> Analyzing version 0.8.21 (25/302)...
2025-11-04 10:09:29,411 - BlankSpaceAnalyzer - INFO - -> Analyzing version 0.8.22 (26/302)...
2025-11-04 10:09:29,511 - BlankSpaceAnalyzer - INFO - -> Analyzing version 0.8.23 (27/302)...
2025-11-04 10:09:29,612 - BlankSpaceAnalyzer - INFO - -> Analyzing version 0.8.25 (28/302)...
2025-11-04 10:09:29,712 - BlankSpaceAnalyzer - INFO - -> Analyzing version 0.8.26 (29/302)...
2025-11-04 10:09:29,805 - BlankSpaceAnalyzer - INFO - -> Analyzing version 0.8.27 (30/302)...
2025-11-04 10:09:29,906 - BlankSpaceAnalyzer - INFO - -> Analyzing version 0.8.28 (31/302)...
2025-11-04 10:09:30,007 - BlankSpaceAnalyzer - INFO - -> Analyzing version 0.8.3 (32/302)...
2025-11-04 10:09:30,108 - BlankSpaceAnalyzer - INFO - -> Analyzing version 0.8.4 (33/302)...
2025-11-04 10:09:30,209 - BlankSpaceAnalyzer - INFO - -> Analyzing version 0.8.5 (34/302)...
2025-11-04 10:09:30,310 - BlankSpaceAnalyzer - INFO - -> Analyzing version 0.8.6 (35/302)...
2025-11-04 10:09:30,404 - BlankSpaceAnalyzer - INFO - -> Analyzing version 0.8.7 (36/302)...
2025-11-04 10:09:30,497 - BlankSpaceAnalyzer - INFO - -> Analyzing version 0.8.8 (37/302)...
2025-11-04 10:09:30,590 - BlankSpaceAnalyzer - INFO - -> Analyzing version 0.8.9 (38/302)...
2025-11-04 10:09:30,691 - BlankSpaceAnalyzer - INFO - -> Analyzing version 10.0.0 (39/302)...
2025-11-04 10:09:30,785 - BlankSpaceAnalyzer - INFO - -> Analyzing version 10.0.2 (40/302)...
2025-11-04 10:09:30,885 - BlankSpaceAnalyzer - INFO - -> Analyzing version 10.0.3 (41/302)...
2025-11-04 10:09:30,980 - BlankSpaceAnalyzer - INFO - -> Analyzing version 11.0.0 (42/302)...
2025-11-04 10:09:31,074 - BlankSpaceAnalyzer - INFO - -> Analyzing version 11.0.1 (43/302)...
2025-11-04 10:09:31,179 - BlankSpaceAnalyzer - INFO - -> Analyzing version 11.0.2 (44/302)...
2025-11-04 10:09:31,274 - BlankSpaceAnalyzer - INFO - -> Analyzing version 11.0.3 (45/302)...
2025-11-04 10:09:31,373 - BlankSpaceAnalyzer - INFO - -> Analyzing version 11.0.4 (46/302)...
2025-11-04 10:09:31,469 - BlankSpaceAnalyzer - INFO - -> Analyzing version 11.1.0 (47/302)...
2025-11-04 10:09:31,567 - BlankSpaceAnalyzer - INFO - -> Analyzing version 11.2.0 (48/302)...
2025-11-04 10:09:31,668 - BlankSpaceAnalyzer - INFO - -> Analyzing version 11.2.1 (49/302)...
2025-11-04 10:09:31,769 - BlankSpaceAnalyzer - INFO - -> Analyzing version 11.2.2 (50/302)...
2025-11-04 10:09:31,870 - BlankSpaceAnalyzer - INFO - -> Analyzing version 11.2.4 (51/302)...
2025-11-04 10:09:31,971 - BlankSpaceAnalyzer - INFO - -> Analyzing version 11.2.5 (52/302)...
2025-11-04 10:09:32,067 - BlankSpaceAnalyzer - INFO - -> Analyzing version 11.2.6 (53/302)...
2025-11-04 10:09:32,166 - BlankSpaceAnalyzer - INFO - -> Analyzing version 12.0.0 (54/302)...
2025-11-04 10:09:32,268 - BlankSpaceAnalyzer - INFO - -> Analyzing version 12.0.1 (55/302)...
2025-11-04 10:09:32,369 - BlankSpaceAnalyzer - INFO - -> Analyzing version 12.0.2 (56/302)...
2025-11-04 10:09:32,470 - BlankSpaceAnalyzer - INFO - -> Analyzing version 12.0.3 (57/302)...
2025-11-04 10:09:32,570 - BlankSpaceAnalyzer - INFO - -> Analyzing version 12.0.4 (58/302)...
2025-11-04 10:09:32,672 - BlankSpaceAnalyzer - INFO - -> Analyzing version 12.1.0 (59/302)...
2025-11-04 10:09:32,774 - BlankSpaceAnalyzer - INFO - -> Analyzing version 12.1.1 (60/302)...
2025-11-04 10:09:32,876 - BlankSpaceAnalyzer - INFO - -> Analyzing version 12.1.2 (61/302)...
2025-11-04 10:09:32,977 - BlankSpaceAnalyzer - INFO - -> Analyzing version 12.1.3 (62/302)...
2025-11-04 10:09:33,079 - BlankSpaceAnalyzer - INFO - -> Analyzing version 12.1.4 (63/302)...
2025-11-04 10:09:33,180 - BlankSpaceAnalyzer - INFO - -> Analyzing version 12.1.5 (64/302)...
2025-11-04 10:09:33,283 - BlankSpaceAnalyzer - INFO - -> Analyzing version 12.1.6 (65/302)...
2025-11-04 10:09:33,379 - BlankSpaceAnalyzer - INFO - -> Analyzing version 12.1.7 (66/302)...
2025-11-04 10:09:33,473 - BlankSpaceAnalyzer - INFO - -> Analyzing version 12.2.0 (67/302)...
2025-11-04 10:09:33,568 - BlankSpaceAnalyzer - INFO - -> Analyzing version 12.2.1 (68/302)...
2025-11-04 10:09:33,663 - BlankSpaceAnalyzer - INFO - -> Analyzing version 12.3.0 (69/302)...
2025-11-04 10:09:33,763 - BlankSpaceAnalyzer - INFO - -> Analyzing version 12.3.1 (70/302)...
2025-11-04 10:09:33,864 - BlankSpaceAnalyzer - INFO - -> Analyzing version 12.3.2 (71/302)...
2025-11-04 10:09:33,966 - BlankSpaceAnalyzer - INFO - -> Analyzing version 12.3.3 (72/302)...
2025-11-04 10:09:34,062 - BlankSpaceAnalyzer - INFO - -> Analyzing version 13.0.0 (73/302)...
2025-11-04 10:09:34,164 - BlankSpaceAnalyzer - INFO - -> Analyzing version 13.0.0-0 (74/302)...
2025-11-04 10:09:34,262 - BlankSpaceAnalyzer - INFO - -> Analyzing version 13.0.0-10 (75/302)...
2025-11-04 10:09:34,365 - BlankSpaceAnalyzer - INFO - -> Analyzing version 13.0.0-100 (76/302)...
2025-11-04 10:09:34,467 - BlankSpaceAnalyzer - INFO - -> Analyzing version 13.0.0-101 (77/302)...
2025-11-04 10:09:34,571 - BlankSpaceAnalyzer - INFO - -> Analyzing version 13.0.0-102 (78/302)...
2025-11-04 10:09:34,671 - BlankSpaceAnalyzer - INFO - -> Analyzing version 13.0.0-103 (79/302)...
2025-11-04 10:09:34,773 - BlankSpaceAnalyzer - INFO - -> Analyzing version 13.0.0-104 (80/302)...
2025-11-04 10:09:34,878 - BlankSpaceAnalyzer - INFO - -> Analyzing version 13.0.0-105 (81/302)...
2025-11-04 10:09:34,984 - BlankSpaceAnalyzer - INFO - -> Analyzing version 13.0.0-106 (82/302)...
2025-11-04 10:09:35,083 - BlankSpaceAnalyzer - INFO - -> Analyzing version 13.0.0-107 (83/302)...
2025-11-04 10:09:35,187 - BlankSpaceAnalyzer - INFO - -> Analyzing version 13.0.0-108 (84/302)...
2025-11-04 10:09:35,287 - BlankSpaceAnalyzer - INFO - -> Analyzing version 13.0.0-11 (85/302)...
2025-11-04 10:09:35,393 - BlankSpaceAnalyzer - INFO - -> Analyzing version 13.0.0-12 (86/302)...
2025-11-04 10:09:35,492 - BlankSpaceAnalyzer - INFO - -> Analyzing version 13.0.0-13 (87/302)...
2025-11-04 10:09:35,594 - BlankSpaceAnalyzer - INFO - -> Analyzing version 13.0.0-15 (88/302)...
2025-11-04 10:09:35,687 - BlankSpaceAnalyzer - INFO - -> Analyzing version 13.0.0-16 (89/302)...
2025-11-04 10:09:35,785 - BlankSpaceAnalyzer - INFO - -> Analyzing version 13.0.0-17 (90/302)...
2025-11-04 10:09:35,886 - BlankSpaceAnalyzer - INFO - -> Analyzing version 13.0.0-18 (91/302)...
2025-11-04 10:09:35,979 - BlankSpaceAnalyzer - INFO - -> Analyzing version 13.0.0-19 (92/302)...
2025-11-04 10:09:36,080 - BlankSpaceAnalyzer - INFO - -> Analyzing version 13.0.0-2 (93/302)...
2025-11-04 10:09:36,081 - BlankSpaceAnalyzer - INFO - -> Analyzing version 13.0.0-20 (94/302)...
2025-11-04 10:09:36,181 - BlankSpaceAnalyzer - INFO - -> Analyzing version 13.0.0-21 (95/302)...
2025-11-04 10:09:36,288 - BlankSpaceAnalyzer - INFO - -> Analyzing version 13.0.0-22 (96/302)...
2025-11-04 10:09:36,389 - BlankSpaceAnalyzer - INFO - -> Analyzing version 13.0.0-23 (97/302)...
2025-11-04 10:09:36,485 - BlankSpaceAnalyzer - INFO - -> Analyzing version 13.0.0-24 (98/302)...
2025-11-04 10:09:36,581 - BlankSpaceAnalyzer - INFO - -> Analyzing version 13.0.0-25 (99/302)...
2025-11-04 10:09:36,679 - BlankSpaceAnalyzer - INFO - -> Analyzing version 13.0.0-26 (100/302)...
2025-11-04 10:09:36,777 - BlankSpaceAnalyzer - INFO - -> Analyzing version 13.0.0-27 (101/302)...
2025-11-04 10:09:36,876 - BlankSpaceAnalyzer - INFO - -> Analyzing version 13.0.0-28 (102/302)...
2025-11-04 10:09:36,974 - BlankSpaceAnalyzer - INFO - -> Analyzing version 13.0.0-29 (103/302)...
2025-11-04 10:09:37,072 - BlankSpaceAnalyzer - INFO - -> Analyzing version 13.0.0-3 (104/302)...
2025-11-04 10:09:37,073 - BlankSpaceAnalyzer - INFO - -> Analyzing version 13.0.0-30 (105/302)...
2025-11-04 10:09:37,170 - BlankSpaceAnalyzer - INFO - -> Analyzing version 13.0.0-32 (106/302)...
2025-11-04 10:09:37,268 - BlankSpaceAnalyzer - INFO - -> Analyzing version 13.0.0-33 (107/302)...
2025-11-04 10:09:37,376 - BlankSpaceAnalyzer - INFO - -> Analyzing version 13.0.0-34 (108/302)...
2025-11-04 10:09:37,484 - BlankSpaceAnalyzer - INFO - -> Analyzing version 13.0.0-35 (109/302)...
2025-11-04 10:09:37,593 - BlankSpaceAnalyzer - INFO - -> Analyzing version 13.0.0-36 (110/302)...
2025-11-04 10:09:37,702 - BlankSpaceAnalyzer - INFO - -> Analyzing version 13.0.0-37 (111/302)...
2025-11-04 10:09:37,801 - BlankSpaceAnalyzer - INFO - -> Analyzing version 13.0.0-38 (112/302)...
2025-11-04 10:09:37,901 - BlankSpaceAnalyzer - INFO - -> Analyzing version 13.0.0-39 (113/302)...
2025-11-04 10:09:38,011 - BlankSpaceAnalyzer - INFO - -> Analyzing version 13.0.0-4 (114/302)...
2025-11-04 10:09:38,111 - BlankSpaceAnalyzer - INFO - -> Analyzing version 13.0.0-40 (115/302)...
2025-11-04 10:09:38,213 - BlankSpaceAnalyzer - INFO - -> Analyzing version 13.0.0-41 (116/302)...
2025-11-04 10:09:38,314 - BlankSpaceAnalyzer - INFO - -> Analyzing version 13.0.0-42 (117/302)...
2025-11-04 10:09:38,415 - BlankSpaceAnalyzer - INFO - -> Analyzing version 13.0.0-43 (118/302)...
2025-11-04 10:09:38,515 - BlankSpaceAnalyzer - INFO - -> Analyzing version 13.0.0-46 (119/302)...
2025-11-04 10:09:38,624 - BlankSpaceAnalyzer - INFO - -> Analyzing version 13.0.0-47 (120/302)...
2025-11-04 10:09:38,725 - BlankSpaceAnalyzer - INFO - -> Analyzing version 13.0.0-48 (121/302)...
2025-11-04 10:09:38,827 - BlankSpaceAnalyzer - INFO - -> Analyzing version 13.0.0-49 (122/302)...
2025-11-04 10:09:38,933 - BlankSpaceAnalyzer - INFO - -> Analyzing version 13.0.0-5 (123/302)...
2025-11-04 10:09:39,032 - BlankSpaceAnalyzer - INFO - -> Analyzing version 13.0.0-50 (124/302)...
2025-11-04 10:09:39,138 - BlankSpaceAnalyzer - INFO - -> Analyzing version 13.0.0-51 (125/302)...
2025-11-04 10:09:39,242 - BlankSpaceAnalyzer - INFO - -> Analyzing version 13.0.0-52 (126/302)...
2025-11-04 10:09:39,344 - BlankSpaceAnalyzer - INFO - -> Analyzing version 13.0.0-53 (127/302)...
2025-11-04 10:09:39,454 - BlankSpaceAnalyzer - INFO - -> Analyzing version 13.0.0-54 (128/302)...
2025-11-04 10:09:39,559 - BlankSpaceAnalyzer - INFO - -> Analyzing version 13.0.0-55 (129/302)...
2025-11-04 10:09:39,654 - BlankSpaceAnalyzer - INFO - -> Analyzing version 13.0.0-56 (130/302)...
2025-11-04 10:09:39,765 - BlankSpaceAnalyzer - INFO - -> Analyzing version 13.0.0-57 (131/302)...
2025-11-04 10:09:39,874 - BlankSpaceAnalyzer - INFO - -> Analyzing version 13.0.0-58 (132/302)...
2025-11-04 10:09:39,982 - BlankSpaceAnalyzer - INFO - -> Analyzing version 13.0.0-59 (133/302)...
2025-11-04 10:09:40,098 - BlankSpaceAnalyzer - INFO - -> Analyzing version 13.0.0-6 (134/302)...
2025-11-04 10:09:40,196 - BlankSpaceAnalyzer - INFO - -> Analyzing version 13.0.0-60 (135/302)...
2025-11-04 10:09:40,304 - BlankSpaceAnalyzer - INFO - -> Analyzing version 13.0.0-61 (136/302)...
2025-11-04 10:09:40,404 - BlankSpaceAnalyzer - INFO - -> Analyzing version 13.0.0-62 (137/302)...
2025-11-04 10:09:40,503 - BlankSpaceAnalyzer - INFO - -> Analyzing version 13.0.0-63 (138/302)...
2025-11-04 10:09:40,597 - BlankSpaceAnalyzer - INFO - -> Analyzing version 13.0.0-65 (139/302)...
2025-11-04 10:09:40,701 - BlankSpaceAnalyzer - INFO - -> Analyzing version 13.0.0-66 (140/302)...
2025-11-04 10:09:40,797 - BlankSpaceAnalyzer - INFO - -> Analyzing version 13.0.0-67 (141/302)...
2025-11-04 10:09:40,901 - BlankSpaceAnalyzer - INFO - -> Analyzing version 13.0.0-68 (142/302)...
2025-11-04 10:09:41,005 - BlankSpaceAnalyzer - INFO - -> Analyzing version 13.0.0-69 (143/302)...
2025-11-04 10:09:41,111 - BlankSpaceAnalyzer - INFO - -> Analyzing version 13.0.0-7 (144/302)...
2025-11-04 10:09:41,209 - BlankSpaceAnalyzer - INFO - -> Analyzing version 13.0.0-70 (145/302)...
2025-11-04 10:09:41,306 - BlankSpaceAnalyzer - INFO - -> Analyzing version 13.0.0-71 (146/302)...
2025-11-04 10:09:41,403 - BlankSpaceAnalyzer - INFO - -> Analyzing version 13.0.0-72 (147/302)...
2025-11-04 10:09:41,511 - BlankSpaceAnalyzer - INFO - -> Analyzing version 13.0.0-73 (148/302)...
2025-11-04 10:09:41,613 - BlankSpaceAnalyzer - INFO - -> Analyzing version 13.0.0-74 (149/302)...
2025-11-04 10:09:41,712 - BlankSpaceAnalyzer - INFO - -> Analyzing version 13.0.0-75 (150/302)...
2025-11-04 10:09:41,824 - BlankSpaceAnalyzer - INFO - -> Analyzing version 13.0.0-76 (151/302)...
2025-11-04 10:09:41,943 - BlankSpaceAnalyzer - INFO - -> Analyzing version 13.0.0-77 (152/302)...
2025-11-04 10:09:42,070 - BlankSpaceAnalyzer - INFO - -> Analyzing version 13.0.0-78 (153/302)...
2025-11-04 10:09:42,190 - BlankSpaceAnalyzer - INFO - -> Analyzing version 13.0.0-8 (154/302)...
2025-11-04 10:09:42,296 - BlankSpaceAnalyzer - INFO - -> Analyzing version 13.0.0-80 (155/302)...
2025-11-04 10:09:42,395 - BlankSpaceAnalyzer - INFO - -> Analyzing version 13.0.0-81 (156/302)...
2025-11-04 10:09:42,494 - BlankSpaceAnalyzer - INFO - -> Analyzing version 13.0.0-82 (157/302)...
2025-11-04 10:09:42,598 - BlankSpaceAnalyzer - INFO - -> Analyzing version 13.0.0-83 (158/302)...
2025-11-04 10:09:42,695 - BlankSpaceAnalyzer - INFO - -> Analyzing version 13.0.0-84 (159/302)...
2025-11-04 10:09:42,800 - BlankSpaceAnalyzer - INFO - -> Analyzing version 13.0.0-85 (160/302)...
2025-11-04 10:09:42,896 - BlankSpaceAnalyzer - INFO - -> Analyzing version 13.0.0-86 (161/302)...
2025-11-04 10:09:43,000 - BlankSpaceAnalyzer - INFO - -> Analyzing version 13.0.0-87 (162/302)...
2025-11-04 10:09:43,097 - BlankSpaceAnalyzer - INFO - -> Analyzing version 13.0.0-88 (163/302)...
2025-11-04 10:09:43,202 - BlankSpaceAnalyzer - INFO - -> Analyzing version 13.0.0-89 (164/302)...
2025-11-04 10:09:43,307 - BlankSpaceAnalyzer - INFO - -> Analyzing version 13.0.0-9 (165/302)...
2025-11-04 10:09:43,413 - BlankSpaceAnalyzer - INFO - -> Analyzing version 13.0.0-90 (166/302)...
2025-11-04 10:09:43,509 - BlankSpaceAnalyzer - INFO - -> Analyzing version 13.0.0-91 (167/302)...
2025-11-04 10:09:43,618 - BlankSpaceAnalyzer - INFO - -> Analyzing version 13.0.0-92 (168/302)...
2025-11-04 10:09:43,722 - BlankSpaceAnalyzer - INFO - -> Analyzing version 13.0.0-93 (169/302)...
2025-11-04 10:09:43,820 - BlankSpaceAnalyzer - INFO - -> Analyzing version 13.0.0-94 (170/302)...
2025-11-04 10:09:43,924 - BlankSpaceAnalyzer - INFO - -> Analyzing version 13.0.0-95 (171/302)...
2025-11-04 10:09:44,022 - BlankSpaceAnalyzer - INFO - -> Analyzing version 13.0.0-96 (172/302)...
2025-11-04 10:09:44,121 - BlankSpaceAnalyzer - INFO - -> Analyzing version 13.0.0-97 (173/302)...
2025-11-04 10:09:44,227 - BlankSpaceAnalyzer - INFO - -> Analyzing version 13.0.0-98 (174/302)...
2025-11-04 10:09:44,332 - BlankSpaceAnalyzer - INFO - -> Analyzing version 13.0.0-99 (175/302)...
2025-11-04 10:09:44,431 - BlankSpaceAnalyzer - INFO - -> Analyzing version 13.0.1 (176/302)...
2025-11-04 10:09:44,530 - BlankSpaceAnalyzer - INFO - -> Analyzing version 13.0.2 (177/302)...
2025-11-04 10:09:44,634 - BlankSpaceAnalyzer - INFO - -> Analyzing version 13.0.3 (178/302)...
2025-11-04 10:09:44,737 - BlankSpaceAnalyzer - INFO - -> Analyzing version 13.0.4 (179/302)...
2025-11-04 10:09:44,834 - BlankSpaceAnalyzer - INFO - -> Analyzing version 13.0.5 (180/302)...
2025-11-04 10:09:44,933 - BlankSpaceAnalyzer - INFO - -> Analyzing version 13.0.6 (181/302)...
2025-11-04 10:09:45,039 - BlankSpaceAnalyzer - INFO - -> Analyzing version 13.0.7 (182/302)...
2025-11-04 10:09:45,145 - BlankSpaceAnalyzer - INFO - -> Analyzing version 13.0.8 (183/302)...
2025-11-04 10:09:45,257 - BlankSpaceAnalyzer - INFO - -> Analyzing version 13.1.0 (184/302)...
2025-11-04 10:09:45,363 - BlankSpaceAnalyzer - INFO - -> Analyzing version 13.1.1 (185/302)...
2025-11-04 10:09:45,471 - BlankSpaceAnalyzer - INFO - -> Analyzing version 13.2.0 (186/302)...
2025-11-04 10:09:45,579 - BlankSpaceAnalyzer - INFO - -> Analyzing version 13.3.0 (187/302)...
2025-11-04 10:09:45,686 - BlankSpaceAnalyzer - INFO - -> Analyzing version 13.3.1 (188/302)...
2025-11-04 10:09:45,807 - BlankSpaceAnalyzer - INFO - -> Analyzing version 13.3.2 (189/302)...
2025-11-04 10:09:45,908 - BlankSpaceAnalyzer - INFO - -> Analyzing version 13.4.0 (190/302)...
2025-11-04 10:09:46,017 - BlankSpaceAnalyzer - INFO - -> Analyzing version 13.4.0-0 (191/302)...
2025-11-04 10:09:46,126 - BlankSpaceAnalyzer - INFO - -> Analyzing version 13.4.1 (192/302)...
2025-11-04 10:09:46,226 - BlankSpaceAnalyzer - INFO - -> Analyzing version 13.4.11 (193/302)...
2025-11-04 10:09:46,334 - BlankSpaceAnalyzer - INFO - -> Analyzing version 13.4.12 (194/302)...
2025-11-04 10:09:46,436 - BlankSpaceAnalyzer - INFO - -> Analyzing version 13.4.13 (195/302)...
2025-11-04 10:09:46,436 - BlankSpaceAnalyzer - INFO - -> Analyzing version 13.4.14 (196/302)...
2025-11-04 10:09:46,534 - BlankSpaceAnalyzer - INFO - -> Analyzing version 13.4.2 (197/302)...
2025-11-04 10:09:46,636 - BlankSpaceAnalyzer - INFO - -> Analyzing version 13.4.3 (198/302)...
2025-11-04 10:09:46,746 - BlankSpaceAnalyzer - INFO - -> Analyzing version 13.4.4 (199/302)...
2025-11-04 10:09:46,855 - BlankSpaceAnalyzer - INFO - -> Analyzing version 13.4.5 (200/302)...
2025-11-04 10:09:46,962 - BlankSpaceAnalyzer - INFO - -> Analyzing version 13.4.6 (201/302)...
2025-11-04 10:09:47,064 - BlankSpaceAnalyzer - INFO - -> Analyzing version 13.4.7 (202/302)...
2025-11-04 10:09:47,165 - BlankSpaceAnalyzer - INFO - -> Analyzing version 13.4.8 (203/302)...
2025-11-04 10:09:47,271 - BlankSpaceAnalyzer - INFO - -> Analyzing version 13.4.9 (204/302)...
2025-11-04 10:09:47,379 - BlankSpaceAnalyzer - INFO - -> Analyzing version 13.5.0 (205/302)...
2025-11-04 10:09:47,483 - BlankSpaceAnalyzer - INFO - -> Analyzing version 13.5.1 (206/302)...
2025-11-04 10:09:47,578 - BlankSpaceAnalyzer - INFO - -> Analyzing version 13.5.10 (207/302)...
2025-11-04 10:09:47,679 - BlankSpaceAnalyzer - INFO - -> Analyzing version 13.5.11 (208/302)...
2025-11-04 10:09:47,783 - BlankSpaceAnalyzer - INFO - -> Analyzing version 13.5.12 (209/302)...
2025-11-04 10:09:47,880 - BlankSpaceAnalyzer - INFO - -> Analyzing version 13.5.13 (210/302)...
2025-11-04 10:09:47,981 - BlankSpaceAnalyzer - INFO - -> Analyzing version 13.5.14 (211/302)...
2025-11-04 10:09:48,078 - BlankSpaceAnalyzer - INFO - -> Analyzing version 13.5.16 (212/302)...
2025-11-04 10:09:48,173 - BlankSpaceAnalyzer - INFO - -> Analyzing version 13.5.17 (213/302)...
2025-11-04 10:09:48,268 - BlankSpaceAnalyzer - INFO - -> Analyzing version 13.5.18 (214/302)...
2025-11-04 10:09:48,369 - BlankSpaceAnalyzer - INFO - -> Analyzing version 13.5.19 (215/302)...
2025-11-04 10:09:48,472 - BlankSpaceAnalyzer - INFO - -> Analyzing version 13.5.2 (216/302)...
2025-11-04 10:09:48,574 - BlankSpaceAnalyzer - INFO - -> Analyzing version 13.5.20 (217/302)...
2025-11-04 10:09:48,671 - BlankSpaceAnalyzer - INFO - -> Analyzing version 13.5.21 (218/302)...
2025-11-04 10:09:48,772 - BlankSpaceAnalyzer - INFO - -> Analyzing version 13.5.22 (219/302)...
2025-11-04 10:09:48,874 - BlankSpaceAnalyzer - INFO - -> Analyzing version 13.5.23 (220/302)...
2025-11-04 10:09:48,971 - BlankSpaceAnalyzer - INFO - -> Analyzing version 13.5.24 (221/302)...
2025-11-04 10:09:49,073 - BlankSpaceAnalyzer - INFO - -> Analyzing version 13.5.25 (222/302)...
2025-11-04 10:09:49,170 - BlankSpaceAnalyzer - INFO - -> Analyzing version 13.5.26 (223/302)...
2025-11-04 10:09:49,266 - BlankSpaceAnalyzer - INFO - -> Analyzing version 13.5.27 (224/302)...
2025-11-04 10:09:49,367 - BlankSpaceAnalyzer - INFO - -> Analyzing version 13.5.28 (225/302)...
2025-11-04 10:09:49,466 - BlankSpaceAnalyzer - INFO - -> Analyzing version 13.5.29 (226/302)...
2025-11-04 10:09:49,568 - BlankSpaceAnalyzer - INFO - -> Analyzing version 13.5.3 (227/302)...
2025-11-04 10:09:49,675 - BlankSpaceAnalyzer - INFO - -> Analyzing version 13.5.30 (228/302)...
2025-11-04 10:09:49,771 - BlankSpaceAnalyzer - INFO - -> Analyzing version 13.5.31 (229/302)...
2025-11-04 10:09:49,872 - BlankSpaceAnalyzer - INFO - -> Analyzing version 13.5.32 (230/302)...
2025-11-04 10:09:49,974 - BlankSpaceAnalyzer - INFO - -> Analyzing version 13.5.33 (231/302)...
2025-11-04 10:09:50,071 - BlankSpaceAnalyzer - INFO - -> Analyzing version 13.5.34 (232/302)...
2025-11-04 10:09:50,172 - BlankSpaceAnalyzer - INFO - -> Analyzing version 13.5.35 (233/302)...
2025-11-04 10:09:50,274 - BlankSpaceAnalyzer - INFO - -> Analyzing version 13.5.36 (234/302)...
2025-11-04 10:09:50,371 - BlankSpaceAnalyzer - INFO - -> Analyzing version 13.5.37 (235/302)...
2025-11-04 10:09:50,469 - BlankSpaceAnalyzer - INFO - -> Analyzing version 13.5.38 (236/302)...
2025-11-04 10:09:50,568 - BlankSpaceAnalyzer - INFO - -> Analyzing version 13.5.39 (237/302)...
2025-11-04 10:09:50,665 - BlankSpaceAnalyzer - INFO - -> Analyzing version 13.5.4 (238/302)...
2025-11-04 10:09:50,762 - BlankSpaceAnalyzer - INFO - -> Analyzing version 13.5.40 (239/302)...
2025-11-04 10:09:50,856 - BlankSpaceAnalyzer - INFO - -> Analyzing version 13.5.41 (240/302)...
2025-11-04 10:09:50,954 - BlankSpaceAnalyzer - INFO - -> Analyzing version 13.5.42 (241/302)...
2025-11-04 10:09:51,057 - BlankSpaceAnalyzer - INFO - -> Analyzing version 13.5.43 (242/302)...
2025-11-04 10:09:51,155 - BlankSpaceAnalyzer - INFO - -> Analyzing version 13.5.44 (243/302)...
2025-11-04 10:09:51,252 - BlankSpaceAnalyzer - INFO - -> Analyzing version 13.5.45 (244/302)...
2025-11-04 10:09:51,351 - BlankSpaceAnalyzer - INFO - -> Analyzing version 13.5.46 (245/302)...
2025-11-04 10:09:51,454 - BlankSpaceAnalyzer - INFO - -> Analyzing version 13.5.47 (246/302)...
2025-11-04 10:09:51,554 - BlankSpaceAnalyzer - INFO - -> Analyzing version 13.5.48 (247/302)...
2025-11-04 10:09:51,656 - BlankSpaceAnalyzer - INFO - -> Analyzing version 13.5.49 (248/302)...
2025-11-04 10:09:51,754 - BlankSpaceAnalyzer - INFO - -> Analyzing version 13.5.5 (249/302)...
2025-11-04 10:09:51,853 - BlankSpaceAnalyzer - INFO - -> Analyzing version 13.5.50 (250/302)...
2025-11-04 10:09:51,952 - BlankSpaceAnalyzer - INFO - -> Analyzing version 13.5.51 (251/302)...
2025-11-04 10:09:52,049 - BlankSpaceAnalyzer - INFO - -> Analyzing version 13.5.52 (252/302)...
2025-11-04 10:09:52,144 - BlankSpaceAnalyzer - INFO - -> Analyzing version 13.5.53 (253/302)...
2025-11-04 10:09:52,241 - BlankSpaceAnalyzer - INFO - -> Analyzing version 13.5.6 (254/302)...
2025-11-04 10:09:52,342 - BlankSpaceAnalyzer - INFO - -> Analyzing version 13.5.8 (255/302)...
2025-11-04 10:09:52,442 - BlankSpaceAnalyzer - INFO - -> Analyzing version 13.5.9 (256/302)...
2025-11-04 10:09:52,541 - BlankSpaceAnalyzer - INFO - -> Analyzing version 13.6.0 (257/302)...
2025-11-04 10:09:52,639 - BlankSpaceAnalyzer - INFO - -> Analyzing version 13.6.0-0 (258/302)...
2025-11-04 10:09:52,740 - BlankSpaceAnalyzer - INFO - -> Analyzing version 13.6.0-1 (259/302)...
2025-11-04 10:09:52,838 - BlankSpaceAnalyzer - INFO - -> Analyzing version 13.6.0-2 (260/302)...
2025-11-04 10:09:52,939 - BlankSpaceAnalyzer - INFO - -> Analyzing version 13.6.1 (261/302)...
2025-11-04 10:09:53,035 - BlankSpaceAnalyzer - INFO - -> Analyzing version 13.6.10 (262/302)...
2025-11-04 10:09:53,129 - BlankSpaceAnalyzer - INFO - -> Analyzing version 13.6.11 (263/302)...
2025-11-04 10:09:53,226 - BlankSpaceAnalyzer - INFO - -> Analyzing version 13.6.12 (264/302)...
2025-11-04 10:09:53,323 - BlankSpaceAnalyzer - INFO - -> Analyzing version 13.6.13 (265/302)...
2025-11-04 10:09:53,425 - BlankSpaceAnalyzer - INFO - -> Analyzing version 13.6.14 (266/302)...
2025-11-04 10:09:53,521 - BlankSpaceAnalyzer - INFO - -> Analyzing version 13.6.15 (267/302)...
2025-11-04 10:09:53,624 - BlankSpaceAnalyzer - INFO - -> Analyzing version 13.6.16 (268/302)...
2025-11-04 10:09:53,718 - BlankSpaceAnalyzer - INFO - -> Analyzing version 13.6.17 (269/302)...
2025-11-04 10:09:53,815 - BlankSpaceAnalyzer - INFO - -> Analyzing version 13.6.18 (270/302)...
2025-11-04 10:09:53,918 - BlankSpaceAnalyzer - INFO - -> Analyzing version 13.6.19 (271/302)...
2025-11-04 10:09:54,017 - BlankSpaceAnalyzer - INFO - -> Analyzing version 13.6.2 (272/302)...
2025-11-04 10:09:54,112 - BlankSpaceAnalyzer - INFO - -> Analyzing version 13.6.20 (273/302)...
2025-11-04 10:09:54,207 - BlankSpaceAnalyzer - INFO - -> Analyzing version 13.6.21 (274/302)...
2025-11-04 10:09:54,310 - BlankSpaceAnalyzer - INFO - -> Analyzing version 13.6.22 (275/302)...
2025-11-04 10:09:54,412 - BlankSpaceAnalyzer - INFO - -> Analyzing version 13.6.23 (276/302)...
2025-11-04 10:09:54,508 - BlankSpaceAnalyzer - INFO - -> Analyzing version 13.6.24 (277/302)...
2025-11-04 10:09:54,611 - BlankSpaceAnalyzer - INFO - -> Analyzing version 13.6.25 (278/302)...
2025-11-04 10:09:54,707 - BlankSpaceAnalyzer - INFO - -> Analyzing version 13.6.26 (279/302)...
2025-11-04 10:09:54,812 - BlankSpaceAnalyzer - INFO - -> Analyzing version 13.6.27 (280/302)...
2025-11-04 10:09:54,907 - BlankSpaceAnalyzer - INFO - -> Analyzing version 13.6.3 (281/302)...
2025-11-04 10:09:55,012 - BlankSpaceAnalyzer - INFO - -> Analyzing version 13.6.4 (282/302)...
2025-11-04 10:09:55,115 - BlankSpaceAnalyzer - INFO - -> Analyzing version 13.6.5 (283/302)...
2025-11-04 10:09:55,210 - BlankSpaceAnalyzer - INFO - -> Analyzing version 13.6.6 (284/302)...
2025-11-04 10:09:55,313 - BlankSpaceAnalyzer - INFO - -> Analyzing version 13.6.7 (285/302)...
2025-11-04 10:09:55,408 - BlankSpaceAnalyzer - INFO - -> Analyzing version 13.6.8 (286/302)...
2025-11-04 10:09:55,511 - BlankSpaceAnalyzer - INFO - -> Analyzing version 13.6.9 (287/302)...
2025-11-04 10:09:55,614 - BlankSpaceAnalyzer - INFO - -> Analyzing version 14.0.0-0 (288/302)...
2025-11-04 10:09:55,708 - BlankSpaceAnalyzer - INFO - -> Analyzing version 14.0.0-1 (289/302)...
2025-11-04 10:09:55,811 - BlankSpaceAnalyzer - INFO - -> Analyzing version 14.0.0-10 (290/302)...
2025-11-04 10:09:55,917 - BlankSpaceAnalyzer - INFO - -> Analyzing version 14.0.0-2 (291/302)...
2025-11-04 10:09:56,013 - BlankSpaceAnalyzer - INFO - -> Analyzing version 14.0.0-3 (292/302)...
2025-11-04 10:09:56,118 - BlankSpaceAnalyzer - INFO - -> Analyzing version 14.0.0-4 (293/302)...
2025-11-04 10:09:56,219 - BlankSpaceAnalyzer - INFO - -> Analyzing version 14.0.0-5 (294/302)...
2025-11-04 10:09:56,319 - BlankSpaceAnalyzer - INFO - -> Analyzing version 14.0.0-6 (295/302)...
2025-11-04 10:09:56,425 - BlankSpaceAnalyzer - INFO - -> Analyzing version 14.0.0-7 (296/302)...
2025-11-04 10:09:56,528 - BlankSpaceAnalyzer - INFO - -> Analyzing version 14.0.0-8 (297/302)...
2025-11-04 10:09:56,634 - BlankSpaceAnalyzer - INFO - -> Analyzing version 14.0.0-9 (298/302)...
2025-11-04 10:09:56,739 - BlankSpaceAnalyzer - INFO - -> Analyzing version 9.0.1 (299/302)...
2025-11-04 10:09:56,844 - BlankSpaceAnalyzer - INFO - -> Analyzing version 9.0.2 (300/302)...
2025-11-04 10:09:56,945 - BlankSpaceAnalyzer - INFO - -> Analyzing version 9.0.3 (301/302)...
2025-11-04 10:09:57,043 - BlankSpaceAnalyzer - INFO - -> Analyzing version 9.0.4 (302/302)...
2025-11-04 10:09:57,143 - BlankSpaceAnalyzer - INFO - Exporting results for 'yjs' to CSV...
2025-11-04 10:09:57,657 - BlankSpaceAnalyzer - INFO - Reports saved in: /app/npm_results/yjs
2025-11-04 10:09:57,658 - NPM_Analyzer - INFO - Cleaning temporary folder 'temp/yjs'...
2025-11-04 10:09:58,182 - NPM_Analyzer - INFO - Cleanup completed.
