2025-11-05 10:31:01,742 - NPM_Analyzer - INFO - Fetching metadata for 'react-tooltip'...
2025-11-05 10:31:01,947 - NPM_Analyzer - INFO - Found 357 versions. Starting download into 'temp/react-tooltip'...
2025-11-05 10:36:52,803 - BlankSpaceAnalyzer - INFO - Analyzing 357 versions for '*.js' in 'react-tooltip'.
2025-11-05 10:36:52,803 - BlankSpaceAnalyzer - INFO - -> Analyzing version 0.0.1 (1/357)...
2025-11-05 10:36:52,867 - BlankSpaceAnalyzer - INFO - -> Analyzing version 0.1.0 (2/357)...
2025-11-05 10:36:52,914 - BlankSpaceAnalyzer - INFO - -> Analyzing version 0.1.1 (3/357)...
2025-11-05 10:36:52,961 - BlankSpaceAnalyzer - INFO - -> Analyzing version 0.1.2 (4/357)...
2025-11-05 10:36:53,010 - BlankSpaceAnalyzer - INFO - -> Analyzing version 0.1.3 (5/357)...
2025-11-05 10:36:53,054 - BlankSpaceAnalyzer - INFO - -> Analyzing version 0.1.4 (6/357)...
2025-11-05 10:36:53,105 - BlankSpaceAnalyzer - INFO - -> Analyzing version 0.1.5 (7/357)...
2025-11-05 10:36:53,148 - BlankSpaceAnalyzer - INFO - -> Analyzing version 0.1.6 (8/357)...
2025-11-05 10:36:53,193 - BlankSpaceAnalyzer - INFO - -> Analyzing version 0.1.7 (9/357)...
2025-11-05 10:36:53,237 - BlankSpaceAnalyzer - INFO - -> Analyzing version 0.1.8 (10/357)...
2025-11-05 10:36:53,290 - BlankSpaceAnalyzer - INFO - -> Analyzing version 0.2.0 (11/357)...
2025-11-05 10:36:53,291 - BlankSpaceAnalyzer - INFO - -> Analyzing version 0.2.1 (12/357)...
2025-11-05 10:36:53,291 - BlankSpaceAnalyzer - INFO - -> Analyzing version 0.2.2 (13/357)...
2025-11-05 10:36:53,292 - BlankSpaceAnalyzer - INFO - -> Analyzing version 0.2.3 (14/357)...
2025-11-05 10:36:53,292 - BlankSpaceAnalyzer - INFO - -> Analyzing version 0.2.4 (15/357)...
2025-11-05 10:36:53,292 - BlankSpaceAnalyzer - INFO - -> Analyzing version 0.2.5 (16/357)...
2025-11-05 10:36:53,293 - BlankSpaceAnalyzer - INFO - -> Analyzing version 0.2.6 (17/357)...
2025-11-05 10:36:53,293 - BlankSpaceAnalyzer - INFO - -> Analyzing version 0.2.7 (18/357)...
2025-11-05 10:36:53,337 - BlankSpaceAnalyzer - INFO - -> Analyzing version 0.3.0 (19/357)...
2025-11-05 10:36:53,338 - BlankSpaceAnalyzer - INFO - -> Analyzing version 0.3.1 (20/357)...
2025-11-05 10:36:53,338 - BlankSpaceAnalyzer - INFO - -> Analyzing version 0.3.2 (21/357)...
2025-11-05 10:36:53,338 - BlankSpaceAnalyzer - INFO - -> Analyzing version 0.3.3 (22/357)...
2025-11-05 10:36:53,339 - BlankSpaceAnalyzer - INFO - -> Analyzing version 0.3.4 (23/357)...
2025-11-05 10:36:53,339 - BlankSpaceAnalyzer - INFO - -> Analyzing version 0.3.5 (24/357)...
2025-11-05 10:36:53,340 - BlankSpaceAnalyzer - INFO - -> Analyzing version 0.3.6 (25/357)...
2025-11-05 10:36:53,340 - BlankSpaceAnalyzer - INFO - -> Analyzing version 0.3.7 (26/357)...
2025-11-05 10:36:53,340 - BlankSpaceAnalyzer - INFO - -> Analyzing version 0.3.8 (27/357)...
2025-11-05 10:36:53,341 - BlankSpaceAnalyzer - INFO - -> Analyzing version 0.5.0 (28/357)...
2025-11-05 10:36:53,386 - BlankSpaceAnalyzer - INFO - -> Analyzing version 0.5.1 (29/357)...
2025-11-05 10:36:53,428 - BlankSpaceAnalyzer - INFO - -> Analyzing version 0.6.0 (30/357)...
2025-11-05 10:36:53,472 - BlankSpaceAnalyzer - INFO - -> Analyzing version 0.6.1 (31/357)...
2025-11-05 10:36:53,518 - BlankSpaceAnalyzer - INFO - -> Analyzing version 0.6.2 (32/357)...
2025-11-05 10:36:53,561 - BlankSpaceAnalyzer - INFO - -> Analyzing version 0.6.3 (33/357)...
2025-11-05 10:36:53,605 - BlankSpaceAnalyzer - INFO - -> Analyzing version 0.6.4 (34/357)...
2025-11-05 10:36:53,649 - BlankSpaceAnalyzer - INFO - -> Analyzing version 0.7.0 (35/357)...
2025-11-05 10:36:53,694 - BlankSpaceAnalyzer - INFO - -> Analyzing version 0.7.1 (36/357)...
2025-11-05 10:36:53,738 - BlankSpaceAnalyzer - INFO - -> Analyzing version 0.7.2 (37/357)...
2025-11-05 10:36:53,782 - BlankSpaceAnalyzer - INFO - -> Analyzing version 0.7.3 (38/357)...
2025-11-05 10:36:53,826 - BlankSpaceAnalyzer - INFO - -> Analyzing version 0.7.4 (39/357)...
2025-11-05 10:36:53,870 - BlankSpaceAnalyzer - INFO - -> Analyzing version 0.7.5 (40/357)...
2025-11-05 10:36:53,917 - BlankSpaceAnalyzer - INFO - -> Analyzing version 0.8.0 (41/357)...
2025-11-05 10:36:53,961 - BlankSpaceAnalyzer - INFO - -> Analyzing version 0.8.1 (42/357)...
2025-11-05 10:36:54,006 - BlankSpaceAnalyzer - INFO - -> Analyzing version 0.8.2 (43/357)...
2025-11-05 10:36:54,050 - BlankSpaceAnalyzer - INFO - -> Analyzing version 0.8.3 (44/357)...
2025-11-05 10:36:54,094 - BlankSpaceAnalyzer - INFO - -> Analyzing version 0.8.4 (45/357)...
2025-11-05 10:36:54,139 - BlankSpaceAnalyzer - INFO - -> Analyzing version 0.8.5 (46/357)...
2025-11-05 10:36:54,182 - BlankSpaceAnalyzer - INFO - -> Analyzing version 0.8.6 (47/357)...
2025-11-05 10:36:54,226 - BlankSpaceAnalyzer - INFO - -> Analyzing version 0.9.0 (48/357)...
2025-11-05 10:36:54,271 - BlankSpaceAnalyzer - INFO - -> Analyzing version 0.9.1 (49/357)...
2025-11-05 10:36:54,315 - BlankSpaceAnalyzer - INFO - -> Analyzing version 0.9.2 (50/357)...
2025-11-05 10:36:54,359 - BlankSpaceAnalyzer - INFO - -> Analyzing version 0.9.3 (51/357)...
2025-11-05 10:36:54,404 - BlankSpaceAnalyzer - INFO - -> Analyzing version 0.9.4 (52/357)...
2025-11-05 10:36:54,453 - BlankSpaceAnalyzer - INFO - -> Analyzing version 0.9.5 (53/357)...
2025-11-05 10:36:54,501 - BlankSpaceAnalyzer - INFO - -> Analyzing version 0.9.6 (54/357)...
2025-11-05 10:36:54,545 - BlankSpaceAnalyzer - INFO - -> Analyzing version 0.9.7 (55/357)...
2025-11-05 10:36:54,590 - BlankSpaceAnalyzer - INFO - -> Analyzing version 0.9.8 (56/357)...
2025-11-05 10:36:54,634 - BlankSpaceAnalyzer - INFO - -> Analyzing version 1.0.0 (57/357)...
2025-11-05 10:36:54,678 - BlankSpaceAnalyzer - INFO - -> Analyzing version 1.0.1 (58/357)...
2025-11-05 10:36:54,722 - BlankSpaceAnalyzer - INFO - -> Analyzing version 1.0.2 (59/357)...
2025-11-05 10:36:54,767 - BlankSpaceAnalyzer - INFO - -> Analyzing version 1.0.3 (60/357)...
2025-11-05 10:36:54,812 - BlankSpaceAnalyzer - INFO - -> Analyzing version 1.0.4 (61/357)...
2025-11-05 10:36:54,855 - BlankSpaceAnalyzer - INFO - -> Analyzing version 1.0.5 (62/357)...
2025-11-05 10:36:54,899 - BlankSpaceAnalyzer - INFO - -> Analyzing version 1.0.6 (63/357)...
2025-11-05 10:36:54,943 - BlankSpaceAnalyzer - INFO - -> Analyzing version 1.0.7 (64/357)...
2025-11-05 10:36:54,988 - BlankSpaceAnalyzer - INFO - -> Analyzing version 1.1.0 (65/357)...
2025-11-05 10:36:55,033 - BlankSpaceAnalyzer - INFO - -> Analyzing version 1.1.1 (66/357)...
2025-11-05 10:36:55,078 - BlankSpaceAnalyzer - INFO - -> Analyzing version 1.1.2 (67/357)...
2025-11-05 10:36:55,125 - BlankSpaceAnalyzer - INFO - -> Analyzing version 1.1.3 (68/357)...
2025-11-05 10:36:55,170 - BlankSpaceAnalyzer - INFO - -> Analyzing version 1.1.4 (69/357)...
2025-11-05 10:36:55,215 - BlankSpaceAnalyzer - INFO - -> Analyzing version 1.2.0 (70/357)...
2025-11-05 10:36:55,259 - BlankSpaceAnalyzer - INFO - -> Analyzing version 1.2.1 (71/357)...
2025-11-05 10:36:55,304 - BlankSpaceAnalyzer - INFO - -> Analyzing version 2.0.0 (72/357)...
2025-11-05 10:36:55,349 - BlankSpaceAnalyzer - INFO - -> Analyzing version 2.0.1 (73/357)...
2025-11-05 10:36:55,394 - BlankSpaceAnalyzer - INFO - -> Analyzing version 2.0.2 (74/357)...
2025-11-05 10:36:55,439 - BlankSpaceAnalyzer - INFO - -> Analyzing version 2.0.3 (75/357)...
2025-11-05 10:36:55,484 - BlankSpaceAnalyzer - INFO - -> Analyzing version 3.0.0 (76/357)...
2025-11-05 10:36:55,531 - BlankSpaceAnalyzer - INFO - -> Analyzing version 3.0.1 (77/357)...
2025-11-05 10:36:55,576 - BlankSpaceAnalyzer - INFO - -> Analyzing version 3.0.10 (78/357)...
2025-11-05 10:36:55,621 - BlankSpaceAnalyzer - INFO - -> Analyzing version 3.0.13 (79/357)...
2025-11-05 10:36:55,667 - BlankSpaceAnalyzer - INFO - -> Analyzing version 3.0.2 (80/357)...
2025-11-05 10:36:55,722 - BlankSpaceAnalyzer - INFO - -> Analyzing version 3.0.3 (81/357)...
2025-11-05 10:36:55,768 - BlankSpaceAnalyzer - INFO - -> Analyzing version 3.0.4 (82/357)...
2025-11-05 10:36:55,814 - BlankSpaceAnalyzer - INFO - -> Analyzing version 3.0.5 (83/357)...
2025-11-05 10:36:55,861 - BlankSpaceAnalyzer - INFO - -> Analyzing version 3.0.6 (84/357)...
2025-11-05 10:36:55,907 - BlankSpaceAnalyzer - INFO - -> Analyzing version 3.0.7 (85/357)...
2025-11-05 10:36:55,954 - BlankSpaceAnalyzer - INFO - -> Analyzing version 3.0.8 (86/357)...
2025-11-05 10:36:56,001 - BlankSpaceAnalyzer - INFO - -> Analyzing version 3.0.9 (87/357)...
2025-11-05 10:36:56,047 - BlankSpaceAnalyzer - INFO - -> Analyzing version 3.1.0 (88/357)...
2025-11-05 10:36:56,093 - BlankSpaceAnalyzer - INFO - -> Analyzing version 3.1.1 (89/357)...
2025-11-05 10:36:56,140 - BlankSpaceAnalyzer - INFO - -> Analyzing version 3.1.2 (90/357)...
2025-11-05 10:36:56,185 - BlankSpaceAnalyzer - INFO - -> Analyzing version 3.1.3 (91/357)...
2025-11-05 10:36:56,233 - BlankSpaceAnalyzer - INFO - -> Analyzing version 3.1.4 (92/357)...
2025-11-05 10:36:56,280 - BlankSpaceAnalyzer - INFO - -> Analyzing version 3.1.5 (93/357)...
2025-11-05 10:36:56,325 - BlankSpaceAnalyzer - INFO - -> Analyzing version 3.1.6 (94/357)...
2025-11-05 10:36:56,372 - BlankSpaceAnalyzer - INFO - -> Analyzing version 3.1.7 (95/357)...
2025-11-05 10:36:56,416 - BlankSpaceAnalyzer - INFO - -> Analyzing version 3.1.8 (96/357)...
2025-11-05 10:36:56,461 - BlankSpaceAnalyzer - INFO - -> Analyzing version 3.10.0 (97/357)...
2025-11-05 10:36:56,509 - BlankSpaceAnalyzer - INFO - -> Analyzing version 3.10.1 (98/357)...
2025-11-05 10:36:56,556 - BlankSpaceAnalyzer - INFO - -> Analyzing version 3.11.0 (99/357)...
2025-11-05 10:36:56,602 - BlankSpaceAnalyzer - INFO - -> Analyzing version 3.11.1 (100/357)...
2025-11-05 10:36:56,648 - BlankSpaceAnalyzer - INFO - -> Analyzing version 3.11.2 (101/357)...
2025-11-05 10:36:56,696 - BlankSpaceAnalyzer - INFO - -> Analyzing version 3.11.3 (102/357)...
2025-11-05 10:36:56,741 - BlankSpaceAnalyzer - INFO - -> Analyzing version 3.11.4 (103/357)...
2025-11-05 10:36:56,787 - BlankSpaceAnalyzer - INFO - -> Analyzing version 3.11.5 (104/357)...
2025-11-05 10:36:56,833 - BlankSpaceAnalyzer - INFO - -> Analyzing version 3.11.6 (105/357)...
2025-11-05 10:36:56,878 - BlankSpaceAnalyzer - INFO - -> Analyzing version 3.2.0 (106/357)...
2025-11-05 10:36:56,923 - BlankSpaceAnalyzer - INFO - -> Analyzing version 3.2.1 (107/357)...
2025-11-05 10:36:56,968 - BlankSpaceAnalyzer - INFO - -> Analyzing version 3.2.10 (108/357)...
2025-11-05 10:36:57,015 - BlankSpaceAnalyzer - INFO - -> Analyzing version 3.2.2 (109/357)...
2025-11-05 10:36:57,061 - BlankSpaceAnalyzer - INFO - -> Analyzing version 3.2.3 (110/357)...
2025-11-05 10:36:57,109 - BlankSpaceAnalyzer - INFO - -> Analyzing version 3.2.4 (111/357)...
2025-11-05 10:36:57,156 - BlankSpaceAnalyzer - INFO - -> Analyzing version 3.2.5 (112/357)...
2025-11-05 10:36:57,202 - BlankSpaceAnalyzer - INFO - -> Analyzing version 3.2.6 (113/357)...
2025-11-05 10:36:57,247 - BlankSpaceAnalyzer - INFO - -> Analyzing version 3.2.7 (114/357)...
2025-11-05 10:36:57,294 - BlankSpaceAnalyzer - INFO - -> Analyzing version 3.2.8 (115/357)...
2025-11-05 10:36:57,340 - BlankSpaceAnalyzer - INFO - -> Analyzing version 3.2.9 (116/357)...
2025-11-05 10:36:57,386 - BlankSpaceAnalyzer - INFO - -> Analyzing version 3.3.0 (117/357)...
2025-11-05 10:36:57,432 - BlankSpaceAnalyzer - INFO - -> Analyzing version 3.3.1 (118/357)...
2025-11-05 10:36:57,479 - BlankSpaceAnalyzer - INFO - -> Analyzing version 3.4.0 (119/357)...
2025-11-05 10:36:57,525 - BlankSpaceAnalyzer - INFO - -> Analyzing version 3.4.1 (120/357)...
2025-11-05 10:36:57,571 - BlankSpaceAnalyzer - INFO - -> Analyzing version 3.4.2 (121/357)...
2025-11-05 10:36:57,618 - BlankSpaceAnalyzer - INFO - -> Analyzing version 3.4.3 (122/357)...
2025-11-05 10:36:57,664 - BlankSpaceAnalyzer - INFO - -> Analyzing version 3.5.0 (123/357)...
2025-11-05 10:36:57,711 - BlankSpaceAnalyzer - INFO - -> Analyzing version 3.5.1 (124/357)...
2025-11-05 10:36:57,758 - BlankSpaceAnalyzer - INFO - -> Analyzing version 3.6.0 (125/357)...
2025-11-05 10:36:57,804 - BlankSpaceAnalyzer - INFO - -> Analyzing version 3.6.1 (126/357)...
2025-11-05 10:36:57,851 - BlankSpaceAnalyzer - INFO - -> Analyzing version 3.7.0 (127/357)...
2025-11-05 10:36:57,897 - BlankSpaceAnalyzer - INFO - -> Analyzing version 3.8.0 (128/357)...
2025-11-05 10:36:57,943 - BlankSpaceAnalyzer - INFO - -> Analyzing version 3.8.1 (129/357)...
2025-11-05 10:36:57,998 - BlankSpaceAnalyzer - INFO - -> Analyzing version 3.8.2 (130/357)...
2025-11-05 10:36:58,054 - BlankSpaceAnalyzer - INFO - -> Analyzing version 3.8.3 (131/357)...
2025-11-05 10:36:58,103 - BlankSpaceAnalyzer - INFO - -> Analyzing version 3.8.4 (132/357)...
2025-11-05 10:36:58,153 - BlankSpaceAnalyzer - INFO - -> Analyzing version 3.9.0 (133/357)...
2025-11-05 10:36:58,202 - BlankSpaceAnalyzer - INFO - -> Analyzing version 3.9.1 (134/357)...
2025-11-05 10:36:58,248 - BlankSpaceAnalyzer - INFO - -> Analyzing version 3.9.2 (135/357)...
2025-11-05 10:36:58,294 - BlankSpaceAnalyzer - INFO - -> Analyzing version 4.0.0 (136/357)...
2025-11-05 10:36:58,339 - BlankSpaceAnalyzer - INFO - -> Analyzing version 4.0.1 (137/357)...
2025-11-05 10:36:58,385 - BlankSpaceAnalyzer - INFO - -> Analyzing version 4.0.2 (138/357)...
2025-11-05 10:36:58,430 - BlankSpaceAnalyzer - INFO - -> Analyzing version 4.0.3 (139/357)...
2025-11-05 10:36:58,475 - BlankSpaceAnalyzer - INFO - -> Analyzing version 4.0.5 (140/357)...
2025-11-05 10:36:58,520 - BlankSpaceAnalyzer - INFO - -> Analyzing version 4.1.0 (141/357)...
2025-11-05 10:36:58,567 - BlankSpaceAnalyzer - INFO - -> Analyzing version 4.1.1 (142/357)...
2025-11-05 10:36:58,612 - BlankSpaceAnalyzer - INFO - -> Analyzing version 4.1.2 (143/357)...
2025-11-05 10:36:58,657 - BlankSpaceAnalyzer - INFO - -> Analyzing version 4.1.3 (144/357)...
2025-11-05 10:36:58,702 - BlankSpaceAnalyzer - INFO - -> Analyzing version 4.1.4 (145/357)...
2025-11-05 10:36:58,747 - BlankSpaceAnalyzer - INFO - -> Analyzing version 4.1.5 (146/357)...
2025-11-05 10:36:58,792 - BlankSpaceAnalyzer - INFO - -> Analyzing version 4.2.0 (147/357)...
2025-11-05 10:36:58,839 - BlankSpaceAnalyzer - INFO - -> Analyzing version 4.2.1 (148/357)...
2025-11-05 10:36:58,884 - BlankSpaceAnalyzer - INFO - -> Analyzing version 4.2.10 (149/357)...
2025-11-05 10:36:58,928 - BlankSpaceAnalyzer - INFO - -> Analyzing version 4.2.11 (150/357)...
2025-11-05 10:36:58,973 - BlankSpaceAnalyzer - INFO - -> Analyzing version 4.2.12 (151/357)...
2025-11-05 10:36:59,018 - BlankSpaceAnalyzer - INFO - -> Analyzing version 4.2.13 (152/357)...
2025-11-05 10:36:59,063 - BlankSpaceAnalyzer - INFO - -> Analyzing version 4.2.14 (153/357)...
2025-11-05 10:36:59,108 - BlankSpaceAnalyzer - INFO - -> Analyzing version 4.2.15 (154/357)...
2025-11-05 10:36:59,154 - BlankSpaceAnalyzer - INFO - -> Analyzing version 4.2.16 (155/357)...
2025-11-05 10:36:59,201 - BlankSpaceAnalyzer - INFO - -> Analyzing version 4.2.17 (156/357)...
2025-11-05 10:36:59,245 - BlankSpaceAnalyzer - INFO - -> Analyzing version 4.2.18 (157/357)...
2025-11-05 10:36:59,289 - BlankSpaceAnalyzer - INFO - -> Analyzing version 4.2.19 (158/357)...
2025-11-05 10:36:59,334 - BlankSpaceAnalyzer - INFO - -> Analyzing version 4.2.2 (159/357)...
2025-11-05 10:36:59,379 - BlankSpaceAnalyzer - INFO - -> Analyzing version 4.2.20 (160/357)...
2025-11-05 10:36:59,423 - BlankSpaceAnalyzer - INFO - -> Analyzing version 4.2.21 (161/357)...
2025-11-05 10:36:59,468 - BlankSpaceAnalyzer - INFO - -> Analyzing version 4.2.3 (162/357)...
2025-11-05 10:36:59,513 - BlankSpaceAnalyzer - INFO - -> Analyzing version 4.2.4 (163/357)...
2025-11-05 10:36:59,557 - BlankSpaceAnalyzer - INFO - -> Analyzing version 4.2.5 (164/357)...
2025-11-05 10:36:59,602 - BlankSpaceAnalyzer - INFO - -> Analyzing version 4.2.6 (165/357)...
2025-11-05 10:36:59,646 - BlankSpaceAnalyzer - INFO - -> Analyzing version 4.2.7 (166/357)...
2025-11-05 10:36:59,691 - BlankSpaceAnalyzer - INFO - -> Analyzing version 4.2.8 (167/357)...
2025-11-05 10:36:59,735 - BlankSpaceAnalyzer - INFO - -> Analyzing version 4.2.9 (168/357)...
2025-11-05 10:36:59,779 - BlankSpaceAnalyzer - INFO - -> Analyzing version 4.3.0 (169/357)...
2025-11-05 10:36:59,824 - BlankSpaceAnalyzer - INFO - -> Analyzing version 4.3.1 (170/357)...
2025-11-05 10:36:59,870 - BlankSpaceAnalyzer - INFO - -> Analyzing version 4.4.0 (171/357)...
2025-11-05 10:36:59,916 - BlankSpaceAnalyzer - INFO - -> Analyzing version 4.4.2 (172/357)...
2025-11-05 10:36:59,961 - BlankSpaceAnalyzer - INFO - -> Analyzing version 4.4.3 (173/357)...
2025-11-05 10:37:00,006 - BlankSpaceAnalyzer - INFO - -> Analyzing version 4.4.4 (174/357)...
2025-11-05 10:37:00,053 - BlankSpaceAnalyzer - INFO - -> Analyzing version 4.4.5 (175/357)...
2025-11-05 10:37:00,098 - BlankSpaceAnalyzer - INFO - -> Analyzing version 4.5.0 (176/357)...
2025-11-05 10:37:00,143 - BlankSpaceAnalyzer - INFO - -> Analyzing version 4.5.1 (177/357)...
2025-11-05 10:37:00,188 - BlankSpaceAnalyzer - INFO - -> Analyzing version 5.0.0 (178/357)...
2025-11-05 10:37:00,234 - BlankSpaceAnalyzer - INFO - -> Analyzing version 5.0.0-beta.0 (179/357)...
2025-11-05 10:37:00,295 - BlankSpaceAnalyzer - INFO - -> Analyzing version 5.0.0-beta.1 (180/357)...
2025-11-05 10:37:00,355 - BlankSpaceAnalyzer - INFO - -> Analyzing version 5.0.0-beta.2 (181/357)...
2025-11-05 10:37:00,403 - BlankSpaceAnalyzer - INFO - -> Analyzing version 5.1.0 (182/357)...
2025-11-05 10:37:00,448 - BlankSpaceAnalyzer - INFO - -> Analyzing version 5.1.0-beta.0 (183/357)...
2025-11-05 10:37:00,495 - BlankSpaceAnalyzer - INFO - -> Analyzing version 5.1.0-beta.1 (184/357)...
2025-11-05 10:37:00,542 - BlankSpaceAnalyzer - INFO - -> Analyzing version 5.1.1 (185/357)...
2025-11-05 10:37:00,589 - BlankSpaceAnalyzer - INFO - -> Analyzing version 5.1.2 (186/357)...
2025-11-05 10:37:00,635 - BlankSpaceAnalyzer - INFO - -> Analyzing version 5.1.3 (187/357)...
2025-11-05 10:37:00,681 - BlankSpaceAnalyzer - INFO - -> Analyzing version 5.10.0 (188/357)...
2025-11-05 10:37:00,726 - BlankSpaceAnalyzer - INFO - -> Analyzing version 5.10.0-beta.0 (189/357)...
2025-11-05 10:37:00,772 - BlankSpaceAnalyzer - INFO - -> Analyzing version 5.10.0-beta.1 (190/357)...
2025-11-05 10:37:00,817 - BlankSpaceAnalyzer - INFO - -> Analyzing version 5.10.1 (191/357)...
2025-11-05 10:37:00,862 - BlankSpaceAnalyzer - INFO - -> Analyzing version 5.10.1-beta-10 (192/357)...
2025-11-05 10:37:00,907 - BlankSpaceAnalyzer - INFO - -> Analyzing version 5.10.1-beta-6 (193/357)...
2025-11-05 10:37:00,951 - BlankSpaceAnalyzer - INFO - -> Analyzing version 5.10.1-beta-7 (194/357)...
2025-11-05 10:37:00,996 - BlankSpaceAnalyzer - INFO - -> Analyzing version 5.10.1-beta-8 (195/357)...
2025-11-05 10:37:01,041 - BlankSpaceAnalyzer - INFO - -> Analyzing version 5.10.1-beta-9 (196/357)...
2025-11-05 10:37:01,086 - BlankSpaceAnalyzer - INFO - -> Analyzing version 5.10.1-beta.0 (197/357)...
2025-11-05 10:37:01,132 - BlankSpaceAnalyzer - INFO - -> Analyzing version 5.10.1-beta.1 (198/357)...
2025-11-05 10:37:01,177 - BlankSpaceAnalyzer - INFO - -> Analyzing version 5.10.1-beta.2 (199/357)...
2025-11-05 10:37:01,223 - BlankSpaceAnalyzer - INFO - -> Analyzing version 5.10.1-beta.3 (200/357)...
2025-11-05 10:37:01,268 - BlankSpaceAnalyzer - INFO - -> Analyzing version 5.10.1-beta.4 (201/357)...
2025-11-05 10:37:01,314 - BlankSpaceAnalyzer - INFO - -> Analyzing version 5.10.1-beta.5 (202/357)...
2025-11-05 10:37:01,359 - BlankSpaceAnalyzer - INFO - -> Analyzing version 5.10.1-beta.6 (203/357)...
2025-11-05 10:37:01,403 - BlankSpaceAnalyzer - INFO - -> Analyzing version 5.10.2-beta.1 (204/357)...
2025-11-05 10:37:01,448 - BlankSpaceAnalyzer - INFO - -> Analyzing version 5.10.2-beta.2 (205/357)...
2025-11-05 10:37:01,494 - BlankSpaceAnalyzer - INFO - -> Analyzing version 5.10.2-beta.3 (206/357)...
2025-11-05 10:37:01,539 - BlankSpaceAnalyzer - INFO - -> Analyzing version 5.10.2-beta.4 (207/357)...
2025-11-05 10:37:01,584 - BlankSpaceAnalyzer - INFO - -> Analyzing version 5.10.2-beta.994.1 (208/357)...
2025-11-05 10:37:01,628 - BlankSpaceAnalyzer - INFO - -> Analyzing version 5.10.3 (209/357)...
2025-11-05 10:37:01,674 - BlankSpaceAnalyzer - INFO - -> Analyzing version 5.10.4 (210/357)...
2025-11-05 10:37:01,720 - BlankSpaceAnalyzer - INFO - -> Analyzing version 5.10.4-beta.994.1 (211/357)...
2025-11-05 10:37:01,764 - BlankSpaceAnalyzer - INFO - -> Analyzing version 5.10.5 (212/357)...
2025-11-05 10:37:01,809 - BlankSpaceAnalyzer - INFO - -> Analyzing version 5.10.5-beta.996.1 (213/357)...
2025-11-05 10:37:01,854 - BlankSpaceAnalyzer - INFO - -> Analyzing version 5.10.6 (214/357)...
2025-11-05 10:37:01,899 - BlankSpaceAnalyzer - INFO - -> Analyzing version 5.10.6-beta.1005.1 (215/357)...
2025-11-05 10:37:01,943 - BlankSpaceAnalyzer - INFO - -> Analyzing version 5.10.6-beta.1005.2 (216/357)...
2025-11-05 10:37:01,988 - BlankSpaceAnalyzer - INFO - -> Analyzing version 5.10.6-beta.1009.1 (217/357)...
2025-11-05 10:37:02,032 - BlankSpaceAnalyzer - INFO - -> Analyzing version 5.11.0 (218/357)...
2025-11-05 10:37:02,076 - BlankSpaceAnalyzer - INFO - -> Analyzing version 5.11.1 (219/357)...
2025-11-05 10:37:02,121 - BlankSpaceAnalyzer - INFO - -> Analyzing version 5.11.2 (220/357)...
2025-11-05 10:37:02,166 - BlankSpaceAnalyzer - INFO - -> Analyzing version 5.11.2-beta.0 (221/357)...
2025-11-05 10:37:02,210 - BlankSpaceAnalyzer - INFO - -> Analyzing version 5.11.2-beta.1019.0 (222/357)...
2025-11-05 10:37:02,255 - BlankSpaceAnalyzer - INFO - -> Analyzing version 5.12.0 (223/357)...
2025-11-05 10:37:02,299 - BlankSpaceAnalyzer - INFO - -> Analyzing version 5.12.0-beta.1014.1 (224/357)...
2025-11-05 10:37:02,343 - BlankSpaceAnalyzer - INFO - -> Analyzing version 5.12.0-beta.1014.2 (225/357)...
2025-11-05 10:37:02,388 - BlankSpaceAnalyzer - INFO - -> Analyzing version 5.12.0-beta.1014.3 (226/357)...
2025-11-05 10:37:02,433 - BlankSpaceAnalyzer - INFO - -> Analyzing version 5.13.0 (227/357)...
2025-11-05 10:37:02,479 - BlankSpaceAnalyzer - INFO - -> Analyzing version 5.13.1 (228/357)...
2025-11-05 10:37:02,523 - BlankSpaceAnalyzer - INFO - -> Analyzing version 5.13.2 (229/357)...
2025-11-05 10:37:02,568 - BlankSpaceAnalyzer - INFO - -> Analyzing version 5.14.0 (230/357)...
2025-11-05 10:37:02,613 - BlankSpaceAnalyzer - INFO - -> Analyzing version 5.14.1-beta.1043.0 (231/357)...
2025-11-05 10:37:02,657 - BlankSpaceAnalyzer - INFO - -> Analyzing version 5.15.0 (232/357)...
2025-11-05 10:37:02,701 - BlankSpaceAnalyzer - INFO - -> Analyzing version 5.15.0-beta.1041.0 (233/357)...
2025-11-05 10:37:02,746 - BlankSpaceAnalyzer - INFO - -> Analyzing version 5.15.0-beta.1045.0 (234/357)...
2025-11-05 10:37:02,791 - BlankSpaceAnalyzer - INFO - -> Analyzing version 5.15.0-beta.1045.1 (235/357)...
2025-11-05 10:37:02,836 - BlankSpaceAnalyzer - INFO - -> Analyzing version 5.15.1 (236/357)...
2025-11-05 10:37:02,881 - BlankSpaceAnalyzer - INFO - -> Analyzing version 5.16.0 (237/357)...
2025-11-05 10:37:02,928 - BlankSpaceAnalyzer - INFO - -> Analyzing version 5.16.0-beta.1041.0 (238/357)...
2025-11-05 10:37:02,971 - BlankSpaceAnalyzer - INFO - -> Analyzing version 5.16.0-beta.10410.0 (239/357)...
2025-11-05 10:37:03,017 - BlankSpaceAnalyzer - INFO - -> Analyzing version 5.16.1 (240/357)...
2025-11-05 10:37:03,061 - BlankSpaceAnalyzer - INFO - -> Analyzing version 5.17.0 (241/357)...
2025-11-05 10:37:03,106 - BlankSpaceAnalyzer - INFO - -> Analyzing version 5.18.0 (242/357)...
2025-11-05 10:37:03,151 - BlankSpaceAnalyzer - INFO - -> Analyzing version 5.18.1 (243/357)...
2025-11-05 10:37:03,195 - BlankSpaceAnalyzer - INFO - -> Analyzing version 5.18.1-beta.0 (244/357)...
2025-11-05 10:37:03,239 - BlankSpaceAnalyzer - INFO - -> Analyzing version 5.18.1-beta.1062.0 (245/357)...
2025-11-05 10:37:03,283 - BlankSpaceAnalyzer - INFO - -> Analyzing version 5.19.0 (246/357)...
2025-11-05 10:37:03,328 - BlankSpaceAnalyzer - INFO - -> Analyzing version 5.19.0-beta.1052.0 (247/357)...
2025-11-05 10:37:03,373 - BlankSpaceAnalyzer - INFO - -> Analyzing version 5.2.0 (248/357)...
2025-11-05 10:37:03,419 - BlankSpaceAnalyzer - INFO - -> Analyzing version 5.20.0 (249/357)...
2025-11-05 10:37:03,464 - BlankSpaceAnalyzer - INFO - -> Analyzing version 5.21.0 (250/357)...
2025-11-05 10:37:03,509 - BlankSpaceAnalyzer - INFO - -> Analyzing version 5.21.1 (251/357)...
2025-11-05 10:37:03,554 - BlankSpaceAnalyzer - INFO - -> Analyzing version 5.21.2 (252/357)...
2025-11-05 10:37:03,598 - BlankSpaceAnalyzer - INFO - -> Analyzing version 5.21.3 (253/357)...
2025-11-05 10:37:03,643 - BlankSpaceAnalyzer - INFO - -> Analyzing version 5.21.4 (254/357)...
2025-11-05 10:37:03,687 - BlankSpaceAnalyzer - INFO - -> Analyzing version 5.21.5 (255/357)...
2025-11-05 10:37:03,732 - BlankSpaceAnalyzer - INFO - -> Analyzing version 5.21.6 (256/357)...
2025-11-05 10:37:03,776 - BlankSpaceAnalyzer - INFO - -> Analyzing version 5.21.7 (257/357)...
2025-11-05 10:37:03,820 - BlankSpaceAnalyzer - INFO - -> Analyzing version 5.21.7-beta.1110.0 (258/357)...
2025-11-05 10:37:03,865 - BlankSpaceAnalyzer - INFO - -> Analyzing version 5.22.0 (259/357)...
2025-11-05 10:37:03,911 - BlankSpaceAnalyzer - INFO - -> Analyzing version 5.22.0-beta.1091.0 (260/357)...
2025-11-05 10:37:03,955 - BlankSpaceAnalyzer - INFO - -> Analyzing version 5.22.0-beta.1091.1 (261/357)...
2025-11-05 10:37:03,999 - BlankSpaceAnalyzer - INFO - -> Analyzing version 5.22.0-beta.1106.0 (262/357)...
2025-11-05 10:37:04,044 - BlankSpaceAnalyzer - INFO - -> Analyzing version 5.22.0-beta.1108.0 (263/357)...
2025-11-05 10:37:04,089 - BlankSpaceAnalyzer - INFO - -> Analyzing version 5.22.0-beta.1109.0 (264/357)...
2025-11-05 10:37:04,133 - BlankSpaceAnalyzer - INFO - -> Analyzing version 5.22.0-beta.1109.1 (265/357)...
2025-11-05 10:37:04,177 - BlankSpaceAnalyzer - INFO - -> Analyzing version 5.22.1-beta.1118.0 (266/357)...
2025-11-05 10:37:04,221 - BlankSpaceAnalyzer - INFO - -> Analyzing version 5.23.0 (267/357)...
2025-11-05 10:37:04,266 - BlankSpaceAnalyzer - INFO - -> Analyzing version 5.23.0-beta.1109.0 (268/357)...
2025-11-05 10:37:04,310 - BlankSpaceAnalyzer - INFO - -> Analyzing version 5.24.0 (269/357)...
2025-11-05 10:37:04,355 - BlankSpaceAnalyzer - INFO - -> Analyzing version 5.25.0 (270/357)...
2025-11-05 10:37:04,399 - BlankSpaceAnalyzer - INFO - -> Analyzing version 5.25.1 (271/357)...
2025-11-05 10:37:04,444 - BlankSpaceAnalyzer - INFO - -> Analyzing version 5.25.1-beta.1137.0 (272/357)...
2025-11-05 10:37:04,488 - BlankSpaceAnalyzer - INFO - -> Analyzing version 5.25.1-beta.1140.0 (273/357)...
2025-11-05 10:37:04,535 - BlankSpaceAnalyzer - INFO - -> Analyzing version 5.25.1-beta.1142.0 (274/357)...
2025-11-05 10:37:04,579 - BlankSpaceAnalyzer - INFO - -> Analyzing version 5.25.1-beta.1145.0 (275/357)...
2025-11-05 10:37:04,623 - BlankSpaceAnalyzer - INFO - -> Analyzing version 5.25.2 (276/357)...
2025-11-05 10:37:04,667 - BlankSpaceAnalyzer - INFO - -> Analyzing version 5.25.2-beta.1148.0 (277/357)...
2025-11-05 10:37:04,712 - BlankSpaceAnalyzer - INFO - -> Analyzing version 5.25.2-beta.1148.2 (278/357)...
2025-11-05 10:37:04,756 - BlankSpaceAnalyzer - INFO - -> Analyzing version 5.25.2-beta.1148.3 (279/357)...
2025-11-05 10:37:04,800 - BlankSpaceAnalyzer - INFO - -> Analyzing version 5.25.2-beta.1148.4 (280/357)...
2025-11-05 10:37:04,845 - BlankSpaceAnalyzer - INFO - -> Analyzing version 5.25.2-beta.1148.5 (281/357)...
2025-11-05 10:37:04,889 - BlankSpaceAnalyzer - INFO - -> Analyzing version 5.25.2-beta.1148.6 (282/357)...
2025-11-05 10:37:04,934 - BlankSpaceAnalyzer - INFO - -> Analyzing version 5.25.2-beta.1149.0 (283/357)...
2025-11-05 10:37:04,978 - BlankSpaceAnalyzer - INFO - -> Analyzing version 5.26.0 (284/357)...
2025-11-05 10:37:05,022 - BlankSpaceAnalyzer - INFO - -> Analyzing version 5.26.1 (285/357)...
2025-11-05 10:37:05,067 - BlankSpaceAnalyzer - INFO - -> Analyzing version 5.26.1-beta.1168.0 (286/357)...
2025-11-05 10:37:05,112 - BlankSpaceAnalyzer - INFO - -> Analyzing version 5.26.1-beta.1169.0 (287/357)...
2025-11-05 10:37:05,158 - BlankSpaceAnalyzer - INFO - -> Analyzing version 5.26.1-beta.1170.0 (288/357)...
2025-11-05 10:37:05,202 - BlankSpaceAnalyzer - INFO - -> Analyzing version 5.26.2 (289/357)...
2025-11-05 10:37:05,248 - BlankSpaceAnalyzer - INFO - -> Analyzing version 5.26.3 (290/357)...
2025-11-05 10:37:05,292 - BlankSpaceAnalyzer - INFO - -> Analyzing version 5.26.4 (291/357)...
2025-11-05 10:37:05,337 - BlankSpaceAnalyzer - INFO - -> Analyzing version 5.26.4-beta.1148.rc.0 (292/357)...
2025-11-05 10:37:05,381 - BlankSpaceAnalyzer - INFO - -> Analyzing version 5.26.4-beta.1194.rc.0 (293/357)...
2025-11-05 10:37:05,426 - BlankSpaceAnalyzer - INFO - -> Analyzing version 5.26.4-beta.1194.rc.1 (294/357)...
2025-11-05 10:37:05,471 - BlankSpaceAnalyzer - INFO - -> Analyzing version 5.26.4-beta.1196.rc.0 (295/357)...
2025-11-05 10:37:05,516 - BlankSpaceAnalyzer - INFO - -> Analyzing version 5.27.0 (296/357)...
2025-11-05 10:37:05,560 - BlankSpaceAnalyzer - INFO - -> Analyzing version 5.27.0-beta.1203.rc.0 (297/357)...
2025-11-05 10:37:05,605 - BlankSpaceAnalyzer - INFO - -> Analyzing version 5.27.0-beta.1205.rc.0 (298/357)...
2025-11-05 10:37:05,649 - BlankSpaceAnalyzer - INFO - -> Analyzing version 5.27.1 (299/357)...
2025-11-05 10:37:05,695 - BlankSpaceAnalyzer - INFO - -> Analyzing version 5.28.0 (300/357)...
2025-11-05 10:37:05,739 - BlankSpaceAnalyzer - INFO - -> Analyzing version 5.28.0-beta.1224.rc.0 (301/357)...
2025-11-05 10:37:05,786 - BlankSpaceAnalyzer - INFO - -> Analyzing version 5.28.0-beta.1237.rc.0 (302/357)...
2025-11-05 10:37:05,831 - BlankSpaceAnalyzer - INFO - -> Analyzing version 5.28.0-beta.1237.rc.1 (303/357)...
2025-11-05 10:37:05,875 - BlankSpaceAnalyzer - INFO - -> Analyzing version 5.28.0-beta.1237.rc.2 (304/357)...
2025-11-05 10:37:05,920 - BlankSpaceAnalyzer - INFO - -> Analyzing version 5.28.0-beta.1245.rc.0 (305/357)...
2025-11-05 10:37:05,964 - BlankSpaceAnalyzer - INFO - -> Analyzing version 5.28.0-beta.1245.rc.1 (306/357)...
2025-11-05 10:37:06,009 - BlankSpaceAnalyzer - INFO - -> Analyzing version 5.28.0-beta.1246.rc.0 (307/357)...
2025-11-05 10:37:06,055 - BlankSpaceAnalyzer - INFO - -> Analyzing version 5.28.1 (308/357)...
2025-11-05 10:37:06,100 - BlankSpaceAnalyzer - INFO - -> Analyzing version 5.29.0 (309/357)...
2025-11-05 10:37:06,145 - BlankSpaceAnalyzer - INFO - -> Analyzing version 5.29.1 (310/357)...
2025-11-05 10:37:06,189 - BlankSpaceAnalyzer - INFO - -> Analyzing version 5.29.1-beta.1258.rc.0 (311/357)...
2025-11-05 10:37:06,234 - BlankSpaceAnalyzer - INFO - -> Analyzing version 5.29.1-beta.1258.rc.1 (312/357)...
2025-11-05 10:37:06,279 - BlankSpaceAnalyzer - INFO - -> Analyzing version 5.29.1-beta.1258.rc.2 (313/357)...
2025-11-05 10:37:06,324 - BlankSpaceAnalyzer - INFO - -> Analyzing version 5.3.0 (314/357)...
2025-11-05 10:37:06,370 - BlankSpaceAnalyzer - INFO - -> Analyzing version 5.3.1 (315/357)...
2025-11-05 10:37:06,417 - BlankSpaceAnalyzer - INFO - -> Analyzing version 5.3.2 (316/357)...
2025-11-05 10:37:06,463 - BlankSpaceAnalyzer - INFO - -> Analyzing version 5.3.3 (317/357)...
2025-11-05 10:37:06,510 - BlankSpaceAnalyzer - INFO - -> Analyzing version 5.3.3-beta.0 (318/357)...
2025-11-05 10:37:06,556 - BlankSpaceAnalyzer - INFO - -> Analyzing version 5.3.4 (319/357)...
2025-11-05 10:37:06,602 - BlankSpaceAnalyzer - INFO - -> Analyzing version 5.3.4-beta.0 (320/357)...
2025-11-05 10:37:06,649 - BlankSpaceAnalyzer - INFO - -> Analyzing version 5.3.4-beta.1 (321/357)...
2025-11-05 10:37:06,695 - BlankSpaceAnalyzer - INFO - -> Analyzing version 5.3.4-beta.2 (322/357)...
2025-11-05 10:37:06,742 - BlankSpaceAnalyzer - INFO - -> Analyzing version 5.30.0 (323/357)...
2025-11-05 10:37:06,787 - BlankSpaceAnalyzer - INFO - -> Analyzing version 5.4.0 (324/357)...
2025-11-05 10:37:06,834 - BlankSpaceAnalyzer - INFO - -> Analyzing version 5.5.0 (325/357)...
2025-11-05 10:37:06,880 - BlankSpaceAnalyzer - INFO - -> Analyzing version 5.5.1 (326/357)...
2025-11-05 10:37:06,927 - BlankSpaceAnalyzer - INFO - -> Analyzing version 5.5.2 (327/357)...
2025-11-05 10:37:06,973 - BlankSpaceAnalyzer - INFO - -> Analyzing version 5.6.0 (328/357)...
2025-11-05 10:37:07,020 - BlankSpaceAnalyzer - INFO - -> Analyzing version 5.7.0 (329/357)...
2025-11-05 10:37:07,067 - BlankSpaceAnalyzer - INFO - -> Analyzing version 5.7.1 (330/357)...
2025-11-05 10:37:07,112 - BlankSpaceAnalyzer - INFO - -> Analyzing version 5.7.2 (331/357)...
2025-11-05 10:37:07,161 - BlankSpaceAnalyzer - INFO - -> Analyzing version 5.7.3 (332/357)...
2025-11-05 10:37:07,208 - BlankSpaceAnalyzer - INFO - -> Analyzing version 5.7.4 (333/357)...
2025-11-05 10:37:07,254 - BlankSpaceAnalyzer - INFO - -> Analyzing version 5.7.4-beta.0 (334/357)...
2025-11-05 10:37:07,301 - BlankSpaceAnalyzer - INFO - -> Analyzing version 5.7.5 (335/357)...
2025-11-05 10:37:07,348 - BlankSpaceAnalyzer - INFO - -> Analyzing version 5.8.0 (336/357)...
2025-11-05 10:37:07,394 - BlankSpaceAnalyzer - INFO - -> Analyzing version 5.8.0-beta.0 (337/357)...
2025-11-05 10:37:07,441 - BlankSpaceAnalyzer - INFO - -> Analyzing version 5.8.1 (338/357)...
2025-11-05 10:37:07,487 - BlankSpaceAnalyzer - INFO - -> Analyzing version 5.8.2 (339/357)...
2025-11-05 10:37:07,534 - BlankSpaceAnalyzer - INFO - -> Analyzing version 5.8.2-beta.0 (340/357)...
2025-11-05 10:37:07,580 - BlankSpaceAnalyzer - INFO - -> Analyzing version 5.8.2-beta.1 (341/357)...
2025-11-05 10:37:07,628 - BlankSpaceAnalyzer - INFO - -> Analyzing version 5.8.2-beta.2 (342/357)...
2025-11-05 10:37:07,675 - BlankSpaceAnalyzer - INFO - -> Analyzing version 5.8.2-beta.3 (343/357)...
2025-11-05 10:37:07,721 - BlankSpaceAnalyzer - INFO - -> Analyzing version 5.8.2-beta.4 (344/357)...
2025-11-05 10:37:07,768 - BlankSpaceAnalyzer - INFO - -> Analyzing version 5.8.3 (345/357)...
2025-11-05 10:37:07,814 - BlankSpaceAnalyzer - INFO - -> Analyzing version 5.8.4-beta.0 (346/357)...
2025-11-05 10:37:07,861 - BlankSpaceAnalyzer - INFO - -> Analyzing version 5.8.4-beta.0-esbuild (347/357)...
2025-11-05 10:37:07,907 - BlankSpaceAnalyzer - INFO - -> Analyzing version 5.8.4-beta.1 (348/357)...
2025-11-05 10:37:07,953 - BlankSpaceAnalyzer - INFO - -> Analyzing version 5.8.4-beta.2 (349/357)...
2025-11-05 10:37:07,999 - BlankSpaceAnalyzer - INFO - -> Analyzing version 5.9.0 (350/357)...
2025-11-05 10:37:08,044 - BlankSpaceAnalyzer - INFO - -> Analyzing version 5.9.1 (351/357)...
2025-11-05 10:37:08,091 - BlankSpaceAnalyzer - INFO - -> Analyzing version 5.9.1-beta.0 (352/357)...
2025-11-05 10:37:08,136 - BlankSpaceAnalyzer - INFO - -> Analyzing version 5.9.1-beta.1 (353/357)...
2025-11-05 10:37:08,182 - BlankSpaceAnalyzer - INFO - -> Analyzing version 5.9.1-beta.2 (354/357)...
2025-11-05 10:37:08,227 - BlankSpaceAnalyzer - INFO - -> Analyzing version 6.0.0-beta.1179.rc.0 (355/357)...
2025-11-05 10:37:08,272 - BlankSpaceAnalyzer - INFO - -> Analyzing version 6.0.0-beta.1179.rc.1 (356/357)...
2025-11-05 10:37:08,317 - BlankSpaceAnalyzer - INFO - -> Analyzing version 6.0.0-beta.1179.rc.2 (357/357)...
2025-11-05 10:37:08,363 - BlankSpaceAnalyzer - INFO - Exporting results for 'react-tooltip' to CSV...
2025-11-05 10:37:08,782 - BlankSpaceAnalyzer - INFO - Reports saved in: /app/npm_results/react-tooltip
2025-11-05 10:37:08,782 - NPM_Analyzer - INFO - Cleaning temporary folder 'temp/react-tooltip'...
2025-11-05 10:37:08,962 - NPM_Analyzer - INFO - Cleanup completed.
