2025-11-06 02:24:43,065 - NPM_Analyzer - INFO - Fetching metadata for 'postcss-env-function'...
2025-11-06 02:24:43,749 - NPM_Analyzer - INFO - Found 16 versions. Starting download into 'temp/postcss-env-function'...
2025-11-06 02:24:50,453 - BlankSpaceAnalyzer - INFO - Analyzing 16 versions for '*.js' in 'postcss-env-function'.
2025-11-06 02:24:50,454 - BlankSpaceAnalyzer - INFO - -> Analyzing version 1.0.0 (1/16)...
2025-11-06 02:24:50,525 - BlankSpaceAnalyzer - INFO - -> Analyzing version 2.0.0 (2/16)...
2025-11-06 02:24:50,526 - BlankSpaceAnalyzer - INFO - -> Analyzing version 2.0.1 (3/16)...
2025-11-06 02:24:50,526 - BlankSpaceAnalyzer - INFO - -> Analyzing version 2.0.2 (4/16)...
2025-11-06 02:24:50,526 - BlankSpaceAnalyzer - INFO - -> Analyzing version 3.0.0 (5/16)...
2025-11-06 02:24:50,527 - BlankSpaceAnalyzer - INFO - -> Analyzing version 4.0.0 (6/16)...
2025-11-06 02:24:50,527 - BlankSpaceAnalyzer - INFO - -> Analyzing version 4.0.1 (7/16)...
2025-11-06 02:24:50,527 - BlankSpaceAnalyzer - INFO - -> Analyzing version 4.0.2 (8/16)...
2025-11-06 02:24:50,527 - BlankSpaceAnalyzer - INFO - -> Analyzing version 4.0.3 (9/16)...
2025-11-06 02:24:50,528 - BlankSpaceAnalyzer - INFO - -> Analyzing version 4.0.4 (10/16)...
2025-11-06 02:24:50,528 - BlankSpaceAnalyzer - INFO - -> Analyzing version 4.0.5 (11/16)...
2025-11-06 02:24:50,528 - BlankSpaceAnalyzer - INFO - -> Analyzing version 4.0.6 (12/16)...
2025-11-06 02:24:50,528 - BlankSpaceAnalyzer - INFO - -> Analyzing version 5.0.0 (13/16)...
2025-11-06 02:24:50,529 - BlankSpaceAnalyzer - INFO - -> Analyzing version 5.0.1 (14/16)...
2025-11-06 02:24:50,529 - BlankSpaceAnalyzer - INFO - -> Analyzing version 6.0.0 (15/16)...
2025-11-06 02:24:50,529 - BlankSpaceAnalyzer - INFO - -> Analyzing version 7.0.0 (16/16)...
2025-11-06 02:24:50,529 - BlankSpaceAnalyzer - INFO - Exporting results for 'postcss-env-function' to CSV...
2025-11-06 02:24:50,543 - BlankSpaceAnalyzer - INFO - Reports saved in: /app/npm_results/postcss-env-function
2025-11-06 02:24:50,544 - NPM_Analyzer - INFO - Cleaning temporary folder 'temp/postcss-env-function'...
2025-11-06 02:24:50,546 - NPM_Analyzer - INFO - Cleanup completed.
