2025-11-11 21:12:37,761 - NPM_HUT_Analyzer - INFO - Recupero metadata per 'esquery'...
2025-11-11 21:12:37,885 - NPM_HUT_Analyzer - INFO - Trovate 17 versioni. Inizio download in 'temp_hut/esquery'...
2025-11-11 21:12:44,602 - UnicodeAnalyzer - INFO - Analizzando 17 versioni per '*.js' in 'esquery'.
2025-11-11 21:12:44,602 - UnicodeAnalyzer - INFO - -> Analizzando versione 0.0.1 (1/17)...
2025-11-11 21:12:44,605 - UnicodeAnalyzer - INFO - Filtrati 13 file (es. in /dist, /test).
2025-11-11 21:12:44,608 - UnicodeAnalyzer - INFO - -> Analizzando versione 0.1.0 (2/17)...
2025-11-11 21:12:44,611 - UnicodeAnalyzer - INFO - Filtrati 18 file (es. in /dist, /test).
2025-11-11 21:12:44,620 - UnicodeAnalyzer - INFO - -> Analizzando versione 0.2.0 (3/17)...
2025-11-11 21:12:44,624 - UnicodeAnalyzer - INFO - Filtrati 19 file (es. in /dist, /test).
2025-11-11 21:12:44,631 - UnicodeAnalyzer - INFO - -> Analizzando versione 0.3.0 (4/17)...
2025-11-11 21:12:44,633 - UnicodeAnalyzer - INFO - Filtrati 17 file (es. in /dist, /test).
2025-11-11 21:12:44,690 - UnicodeAnalyzer - INFO - -> Analizzando versione 0.4.0 (5/17)...
2025-11-11 21:12:44,743 - UnicodeAnalyzer - INFO - -> Analizzando versione 1.0.0 (6/17)...
2025-11-11 21:12:44,795 - UnicodeAnalyzer - INFO - -> Analizzando versione 1.0.1 (7/17)...
2025-11-11 21:12:44,848 - UnicodeAnalyzer - INFO - -> Analizzando versione 1.1.0 (8/17)...
2025-11-11 21:12:44,901 - UnicodeAnalyzer - INFO - -> Analizzando versione 1.2.0 (9/17)...
2025-11-11 21:12:44,901 - UnicodeAnalyzer - INFO - Filtrati 4 file (es. in /dist, /test).
2025-11-11 21:12:44,906 - UnicodeAnalyzer - INFO - -> Analizzando versione 1.2.1 (10/17)...
2025-11-11 21:12:44,906 - UnicodeAnalyzer - INFO - Filtrati 4 file (es. in /dist, /test).
2025-11-11 21:12:44,910 - UnicodeAnalyzer - INFO - -> Analizzando versione 1.3.0 (11/17)...
2025-11-11 21:12:44,910 - UnicodeAnalyzer - INFO - Filtrati 4 file (es. in /dist, /test).
2025-11-11 21:12:44,914 - UnicodeAnalyzer - INFO - -> Analizzando versione 1.3.1 (12/17)...
2025-11-11 21:12:44,915 - UnicodeAnalyzer - INFO - Filtrati 4 file (es. in /dist, /test).
2025-11-11 21:12:44,919 - UnicodeAnalyzer - INFO - -> Analizzando versione 1.4.0 (13/17)...
2025-11-11 21:12:44,919 - UnicodeAnalyzer - INFO - Filtrati 6 file (es. in /dist, /test).
2025-11-11 21:12:44,923 - UnicodeAnalyzer - INFO - -> Analizzando versione 1.4.1 (14/17)...
2025-11-11 21:12:44,923 - UnicodeAnalyzer - INFO - Filtrati 6 file (es. in /dist, /test).
2025-11-11 21:12:44,927 - UnicodeAnalyzer - INFO - -> Analizzando versione 1.4.2 (15/17)...
2025-11-11 21:12:44,928 - UnicodeAnalyzer - INFO - Filtrati 6 file (es. in /dist, /test).
2025-11-11 21:12:44,932 - UnicodeAnalyzer - INFO - -> Analizzando versione 1.5.0 (16/17)...
2025-11-11 21:12:44,932 - UnicodeAnalyzer - INFO - Filtrati 6 file (es. in /dist, /test).
2025-11-11 21:12:44,936 - UnicodeAnalyzer - INFO - -> Analizzando versione 1.6.0 (17/17)...
2025-11-11 21:12:44,937 - UnicodeAnalyzer - INFO - Filtrati 6 file (es. in /dist, /test).
2025-11-11 21:12:44,941 - UnicodeAnalyzer - INFO - Esportando i risultati HUT per 'esquery' in CSV...
2025-11-11 21:12:44,966 - UnicodeAnalyzer - INFO - Report salvati in: /app/npm_hut_results/esquery
2025-11-11 21:12:44,966 - NPM_HUT_Analyzer - INFO - Pulizia cartella temporanea 'temp_hut/esquery'...
2025-11-11 21:12:44,971 - NPM_HUT_Analyzer - INFO - Pulizia completata.
