2025-10-28 00:14:27,187 - NPM_Analyzer - INFO - Fetching metadata for '@types/mysql'...
2025-10-28 00:14:27,354 - NPM_Analyzer - INFO - Found 44 versions. Starting download into 'temp/@types_mysql'...
2025-10-28 00:15:17,790 - BlankSpaceAnalyzer - INFO - Analyzing 44 versions for '*.js' in '@types_mysql'.
2025-10-28 00:15:17,791 - BlankSpaceAnalyzer - INFO - -> Analyzing version 0.0.15-alpha (1/44)...
2025-10-28 00:15:17,791 - BlankSpaceAnalyzer - INFO - -> Analyzing version 0.0.16-alpha (2/44)...
2025-10-28 00:15:17,792 - BlankSpaceAnalyzer - INFO - -> Analyzing version 0.0.21-alpha (3/44)...
2025-10-28 00:15:17,793 - BlankSpaceAnalyzer - INFO - -> Analyzing version 0.0.22-alpha (4/44)...
2025-10-28 00:15:17,794 - BlankSpaceAnalyzer - INFO - -> Analyzing version 0.0.23-alpha (5/44)...
2025-10-28 00:15:17,794 - BlankSpaceAnalyzer - INFO - -> Analyzing version 0.0.24-alpha (6/44)...
2025-10-28 00:15:17,795 - BlankSpaceAnalyzer - INFO - -> Analyzing version 0.0.25-alpha (7/44)...
2025-10-28 00:15:17,795 - BlankSpaceAnalyzer - INFO - -> Analyzing version 0.0.26-alpha (8/44)...
2025-10-28 00:15:17,796 - BlankSpaceAnalyzer - INFO - -> Analyzing version 0.0.27-alpha (9/44)...
2025-10-28 00:15:17,796 - BlankSpaceAnalyzer - INFO - -> Analyzing version 0.0.28 (10/44)...
2025-10-28 00:15:17,797 - BlankSpaceAnalyzer - INFO - -> Analyzing version 0.0.29 (11/44)...
2025-10-28 00:15:17,797 - BlankSpaceAnalyzer - INFO - -> Analyzing version 0.0.30 (12/44)...
2025-10-28 00:15:17,798 - BlankSpaceAnalyzer - INFO - -> Analyzing version 0.0.31 (13/44)...
2025-10-28 00:15:17,798 - BlankSpaceAnalyzer - INFO - -> Analyzing version 0.0.32 (14/44)...
2025-10-28 00:15:17,799 - BlankSpaceAnalyzer - INFO - -> Analyzing version 0.0.33 (15/44)...
2025-10-28 00:15:17,799 - BlankSpaceAnalyzer - INFO - -> Analyzing version 0.0.34 (16/44)...
2025-10-28 00:15:17,800 - BlankSpaceAnalyzer - INFO - -> Analyzing version 2.15.0 (17/44)...
2025-10-28 00:15:17,800 - BlankSpaceAnalyzer - INFO - -> Analyzing version 2.15.1 (18/44)...
2025-10-28 00:15:17,801 - BlankSpaceAnalyzer - INFO - -> Analyzing version 2.15.10 (19/44)...
2025-10-28 00:15:17,801 - BlankSpaceAnalyzer - INFO - -> Analyzing version 2.15.11 (20/44)...
2025-10-28 00:15:17,802 - BlankSpaceAnalyzer - INFO - -> Analyzing version 2.15.12 (21/44)...
2025-10-28 00:15:17,802 - BlankSpaceAnalyzer - INFO - -> Analyzing version 2.15.13 (22/44)...
2025-10-28 00:15:17,803 - BlankSpaceAnalyzer - INFO - -> Analyzing version 2.15.14 (23/44)...
2025-10-28 00:15:17,803 - BlankSpaceAnalyzer - INFO - -> Analyzing version 2.15.15 (24/44)...
2025-10-28 00:15:17,804 - BlankSpaceAnalyzer - INFO - -> Analyzing version 2.15.16 (25/44)...
2025-10-28 00:15:17,804 - BlankSpaceAnalyzer - INFO - -> Analyzing version 2.15.17 (26/44)...
2025-10-28 00:15:17,805 - BlankSpaceAnalyzer - INFO - -> Analyzing version 2.15.18 (27/44)...
2025-10-28 00:15:17,805 - BlankSpaceAnalyzer - INFO - -> Analyzing version 2.15.19 (28/44)...
2025-10-28 00:15:17,806 - BlankSpaceAnalyzer - INFO - -> Analyzing version 2.15.2 (29/44)...
2025-10-28 00:15:17,806 - BlankSpaceAnalyzer - INFO - -> Analyzing version 2.15.20 (30/44)...
2025-10-28 00:15:17,806 - BlankSpaceAnalyzer - INFO - -> Analyzing version 2.15.21 (31/44)...
2025-10-28 00:15:17,807 - BlankSpaceAnalyzer - INFO - -> Analyzing version 2.15.22 (32/44)...
2025-10-28 00:15:17,808 - BlankSpaceAnalyzer - INFO - -> Analyzing version 2.15.23 (33/44)...
2025-10-28 00:15:17,808 - BlankSpaceAnalyzer - INFO - -> Analyzing version 2.15.24 (34/44)...
2025-10-28 00:15:17,808 - BlankSpaceAnalyzer - INFO - -> Analyzing version 2.15.25 (35/44)...
2025-10-28 00:15:17,809 - BlankSpaceAnalyzer - INFO - -> Analyzing version 2.15.26 (36/44)...
2025-10-28 00:15:17,809 - BlankSpaceAnalyzer - INFO - -> Analyzing version 2.15.27 (37/44)...
2025-10-28 00:15:17,810 - BlankSpaceAnalyzer - INFO - -> Analyzing version 2.15.3 (38/44)...
2025-10-28 00:15:17,810 - BlankSpaceAnalyzer - INFO - -> Analyzing version 2.15.4 (39/44)...
2025-10-28 00:15:17,811 - BlankSpaceAnalyzer - INFO - -> Analyzing version 2.15.5 (40/44)...
2025-10-28 00:15:17,811 - BlankSpaceAnalyzer - INFO - -> Analyzing version 2.15.6 (41/44)...
2025-10-28 00:15:17,812 - BlankSpaceAnalyzer - INFO - -> Analyzing version 2.15.7 (42/44)...
2025-10-28 00:15:17,812 - BlankSpaceAnalyzer - INFO - -> Analyzing version 2.15.8 (43/44)...
2025-10-28 00:15:17,813 - BlankSpaceAnalyzer - INFO - -> Analyzing version 2.15.9 (44/44)...
2025-10-28 00:15:17,815 - BlankSpaceAnalyzer - INFO - Exporting results for '@types/mysql' to CSV...
2025-10-28 00:15:17,816 - BlankSpaceAnalyzer - WARNING - No files analyzed. CSV files will be empty.
2025-10-28 00:15:17,816 - NPM_Analyzer - INFO - Cleaning temporary folder 'temp/@types_mysql'...
2025-10-28 00:15:17,827 - NPM_Analyzer - INFO - Cleanup completed.
