2025-10-26 08:19:23,718 - NPM_Analyzer - INFO - Fetching metadata for 'git-url-parse'...
2025-10-26 08:19:23,809 - NPM_Analyzer - INFO - Found 63 versions. Starting download into 'temp/git-url-parse'...
2025-10-26 08:19:55,818 - BlankSpaceAnalyzer - INFO - Analyzing 63 versions for '*.js' in 'git-url-parse'.
2025-10-26 08:19:55,818 - BlankSpaceAnalyzer - INFO - -> Analyzing version 10.0.1 (1/63)...
2025-10-26 08:19:55,820 - BlankSpaceAnalyzer - INFO - -> Analyzing version 10.1.0 (2/63)...
2025-10-26 08:19:55,821 - BlankSpaceAnalyzer - INFO - -> Analyzing version 11.0.0 (3/63)...
2025-10-26 08:19:55,822 - BlankSpaceAnalyzer - INFO - -> Analyzing version 11.0.1 (4/63)...
2025-10-26 08:19:55,824 - BlankSpaceAnalyzer - INFO - -> Analyzing version 11.1.0 (5/63)...
2025-10-26 08:19:55,826 - BlankSpaceAnalyzer - INFO - -> Analyzing version 11.1.1 (6/63)...
2025-10-26 08:19:55,827 - BlankSpaceAnalyzer - INFO - -> Analyzing version 11.1.2 (7/63)...
2025-10-26 08:19:55,828 - BlankSpaceAnalyzer - INFO - -> Analyzing version 11.1.3 (8/63)...
2025-10-26 08:19:55,830 - BlankSpaceAnalyzer - INFO - -> Analyzing version 11.2.0 (9/63)...
2025-10-26 08:19:55,831 - BlankSpaceAnalyzer - INFO - -> Analyzing version 11.3.0 (10/63)...
2025-10-26 08:19:55,832 - BlankSpaceAnalyzer - INFO - -> Analyzing version 11.4.0 (11/63)...
2025-10-26 08:19:55,834 - BlankSpaceAnalyzer - INFO - -> Analyzing version 11.4.1 (12/63)...
2025-10-26 08:19:55,835 - BlankSpaceAnalyzer - INFO - -> Analyzing version 11.4.3 (13/63)...
2025-10-26 08:19:55,836 - BlankSpaceAnalyzer - INFO - -> Analyzing version 11.4.4 (14/63)...
2025-10-26 08:19:55,838 - BlankSpaceAnalyzer - INFO - -> Analyzing version 11.5.0 (15/63)...
2025-10-26 08:19:55,839 - BlankSpaceAnalyzer - INFO - -> Analyzing version 11.6.0 (16/63)...
2025-10-26 08:19:55,840 - BlankSpaceAnalyzer - INFO - -> Analyzing version 12.0.0 (17/63)...
2025-10-26 08:19:55,841 - BlankSpaceAnalyzer - INFO - -> Analyzing version 13.0.0 (18/63)...
2025-10-26 08:19:55,842 - BlankSpaceAnalyzer - INFO - -> Analyzing version 13.1.0 (19/63)...
2025-10-26 08:19:55,843 - BlankSpaceAnalyzer - INFO - -> Analyzing version 13.1.1 (20/63)...
2025-10-26 08:19:55,844 - BlankSpaceAnalyzer - INFO - -> Analyzing version 14.0.0 (21/63)...
2025-10-26 08:19:55,845 - BlankSpaceAnalyzer - INFO - -> Analyzing version 14.1.0 (22/63)...
2025-10-26 08:19:55,846 - BlankSpaceAnalyzer - INFO - -> Analyzing version 15.0.0 (23/63)...
2025-10-26 08:19:55,846 - BlankSpaceAnalyzer - INFO - -> Analyzing version 16.0.0 (24/63)...
2025-10-26 08:19:55,847 - BlankSpaceAnalyzer - INFO - -> Analyzing version 16.0.1 (25/63)...
2025-10-26 08:19:55,848 - BlankSpaceAnalyzer - INFO - -> Analyzing version 16.0.2 (26/63)...
2025-10-26 08:19:55,849 - BlankSpaceAnalyzer - INFO - -> Analyzing version 16.0.3 (27/63)...
2025-10-26 08:19:55,849 - BlankSpaceAnalyzer - INFO - -> Analyzing version 16.1.0 (28/63)...
2025-10-26 08:19:55,850 - BlankSpaceAnalyzer - INFO - -> Analyzing version 2.0.0 (29/63)...
2025-10-26 08:19:55,931 - BlankSpaceAnalyzer - INFO - -> Analyzing version 3.0.0 (30/63)...
2025-10-26 08:19:56,010 - BlankSpaceAnalyzer - INFO - -> Analyzing version 4.0.0 (31/63)...
2025-10-26 08:19:56,089 - BlankSpaceAnalyzer - INFO - -> Analyzing version 4.1.0 (32/63)...
2025-10-26 08:19:56,166 - BlankSpaceAnalyzer - INFO - -> Analyzing version 4.2.0 (33/63)...
2025-10-26 08:19:56,240 - BlankSpaceAnalyzer - INFO - -> Analyzing version 4.2.1 (34/63)...
2025-10-26 08:19:56,320 - BlankSpaceAnalyzer - INFO - -> Analyzing version 5.0.0 (35/63)...
2025-10-26 08:19:56,401 - BlankSpaceAnalyzer - INFO - -> Analyzing version 5.0.1 (36/63)...
2025-10-26 08:19:56,475 - BlankSpaceAnalyzer - INFO - -> Analyzing version 5.0.1-beta (37/63)...
2025-10-26 08:19:56,549 - BlankSpaceAnalyzer - INFO - -> Analyzing version 6.0.0 (38/63)...
2025-10-26 08:19:56,624 - BlankSpaceAnalyzer - INFO - -> Analyzing version 6.0.1 (39/63)...
2025-10-26 08:19:56,705 - BlankSpaceAnalyzer - INFO - -> Analyzing version 6.0.2 (40/63)...
2025-10-26 08:19:56,780 - BlankSpaceAnalyzer - INFO - -> Analyzing version 6.0.3 (41/63)...
2025-10-26 08:19:56,854 - BlankSpaceAnalyzer - INFO - -> Analyzing version 6.0.4 (42/63)...
2025-10-26 08:19:56,854 - BlankSpaceAnalyzer - INFO - -> Analyzing version 6.0.5 (43/63)...
2025-10-26 08:19:56,855 - BlankSpaceAnalyzer - INFO - -> Analyzing version 6.0.6 (44/63)...
2025-10-26 08:19:56,855 - BlankSpaceAnalyzer - INFO - -> Analyzing version 6.0.7 (45/63)...
2025-10-26 08:19:56,855 - BlankSpaceAnalyzer - INFO - -> Analyzing version 6.1.0 (46/63)...
2025-10-26 08:19:56,855 - BlankSpaceAnalyzer - INFO - -> Analyzing version 6.1.1 (47/63)...
2025-10-26 08:19:56,856 - BlankSpaceAnalyzer - INFO - -> Analyzing version 6.2.0 (48/63)...
2025-10-26 08:19:56,856 - BlankSpaceAnalyzer - INFO - -> Analyzing version 6.2.1 (49/63)...
2025-10-26 08:19:56,856 - BlankSpaceAnalyzer - INFO - -> Analyzing version 6.2.2 (50/63)...
2025-10-26 08:19:56,857 - BlankSpaceAnalyzer - INFO - -> Analyzing version 7.0.0 (51/63)...
2025-10-26 08:19:56,857 - BlankSpaceAnalyzer - INFO - -> Analyzing version 7.0.1 (52/63)...
2025-10-26 08:19:56,857 - BlankSpaceAnalyzer - INFO - -> Analyzing version 7.0.2 (53/63)...
2025-10-26 08:19:56,858 - BlankSpaceAnalyzer - INFO - -> Analyzing version 7.1.0 (54/63)...
2025-10-26 08:19:56,858 - BlankSpaceAnalyzer - INFO - -> Analyzing version 7.2.0 (55/63)...
2025-10-26 08:19:56,858 - BlankSpaceAnalyzer - INFO - -> Analyzing version 8.0.0 (56/63)...
2025-10-26 08:19:56,859 - BlankSpaceAnalyzer - INFO - -> Analyzing version 8.0.1 (57/63)...
2025-10-26 08:19:56,859 - BlankSpaceAnalyzer - INFO - -> Analyzing version 8.1.0 (58/63)...
2025-10-26 08:19:56,859 - BlankSpaceAnalyzer - INFO - -> Analyzing version 8.2.0 (59/63)...
2025-10-26 08:19:56,860 - BlankSpaceAnalyzer - INFO - -> Analyzing version 8.3.0 (60/63)...
2025-10-26 08:19:56,860 - BlankSpaceAnalyzer - INFO - -> Analyzing version 8.3.1 (61/63)...
2025-10-26 08:19:56,860 - BlankSpaceAnalyzer - INFO - -> Analyzing version 9.0.0 (62/63)...
2025-10-26 08:19:56,861 - BlankSpaceAnalyzer - INFO - -> Analyzing version 9.0.1 (63/63)...
2025-10-26 08:19:56,861 - BlankSpaceAnalyzer - INFO - Exporting results for 'git-url-parse' to CSV...
2025-10-26 08:19:56,906 - BlankSpaceAnalyzer - INFO - Reports saved in: /app/npm_results/git-url-parse
2025-10-26 08:19:56,906 - NPM_Analyzer - INFO - Cleaning temporary folder 'temp/git-url-parse'...
2025-10-26 08:19:56,915 - NPM_Analyzer - INFO - Cleanup completed.
