2025-11-11 10:34:44,920 - NPM_HUT_Analyzer - INFO - Recupero metadata per 'whatwg-url'...
2025-11-11 10:34:45,051 - NPM_HUT_Analyzer - INFO - Trovate 68 versioni. Inizio download in 'temp_hut/whatwg-url'...
2025-11-11 10:35:17,173 - UnicodeAnalyzer - INFO - Analizzando 68 versioni per '*.js' in 'whatwg-url'.
2025-11-11 10:35:17,174 - UnicodeAnalyzer - INFO - -> Analizzando versione 0.0.1 (1/68)...
2025-11-11 10:35:17,183 - UnicodeAnalyzer - INFO - -> Analizzando versione 0.1.0 (2/68)...
2025-11-11 10:35:17,191 - UnicodeAnalyzer - INFO - -> Analizzando versione 0.2.0 (3/68)...
2025-11-11 10:35:17,265 - UnicodeAnalyzer - INFO - -> Analizzando versione 0.2.1 (4/68)...
2025-11-11 10:35:17,321 - UnicodeAnalyzer - INFO - -> Analizzando versione 0.3.0 (5/68)...
2025-11-11 10:35:17,323 - UnicodeAnalyzer - INFO - -> Analizzando versione 0.3.1 (6/68)...
2025-11-11 10:35:17,325 - UnicodeAnalyzer - INFO - -> Analizzando versione 0.4.0 (7/68)...
2025-11-11 10:35:17,328 - UnicodeAnalyzer - INFO - -> Analizzando versione 0.4.1 (8/68)...
2025-11-11 10:35:17,330 - UnicodeAnalyzer - INFO - -> Analizzando versione 0.4.2 (9/68)...
2025-11-11 10:35:17,332 - UnicodeAnalyzer - INFO - -> Analizzando versione 0.5.0 (10/68)...
2025-11-11 10:35:17,334 - UnicodeAnalyzer - INFO - -> Analizzando versione 0.6.0 (11/68)...
2025-11-11 10:35:17,337 - UnicodeAnalyzer - INFO - -> Analizzando versione 0.6.1 (12/68)...
2025-11-11 10:35:17,339 - UnicodeAnalyzer - INFO - -> Analizzando versione 0.6.2 (13/68)...
2025-11-11 10:35:17,341 - UnicodeAnalyzer - INFO - -> Analizzando versione 0.6.4 (14/68)...
2025-11-11 10:35:17,404 - UnicodeAnalyzer - INFO - -> Analizzando versione 0.6.5 (15/68)...
2025-11-11 10:35:17,406 - UnicodeAnalyzer - INFO - -> Analizzando versione 1.0.0 (16/68)...
2025-11-11 10:35:17,474 - UnicodeAnalyzer - INFO - -> Analizzando versione 1.0.1 (17/68)...
2025-11-11 10:35:17,537 - UnicodeAnalyzer - INFO - -> Analizzando versione 10.0.0 (18/68)...
2025-11-11 10:35:17,607 - UnicodeAnalyzer - INFO - -> Analizzando versione 11.0.0 (19/68)...
2025-11-11 10:35:17,674 - UnicodeAnalyzer - INFO - -> Analizzando versione 12.0.0 (20/68)...
2025-11-11 10:35:17,740 - UnicodeAnalyzer - INFO - -> Analizzando versione 12.0.1 (21/68)...
2025-11-11 10:35:17,805 - UnicodeAnalyzer - INFO - -> Analizzando versione 13.0.0 (22/68)...
2025-11-11 10:35:17,872 - UnicodeAnalyzer - INFO - -> Analizzando versione 14.0.0 (23/68)...
2025-11-11 10:35:17,938 - UnicodeAnalyzer - INFO - -> Analizzando versione 14.1.0 (24/68)...
2025-11-11 10:35:18,007 - UnicodeAnalyzer - INFO - -> Analizzando versione 14.1.1 (25/68)...
2025-11-11 10:35:18,074 - UnicodeAnalyzer - INFO - -> Analizzando versione 14.2.0 (26/68)...
2025-11-11 10:35:18,142 - UnicodeAnalyzer - INFO - -> Analizzando versione 15.0.0 (27/68)...
2025-11-11 10:35:18,208 - UnicodeAnalyzer - INFO - -> Analizzando versione 15.1.0 (28/68)...
2025-11-11 10:35:18,274 - UnicodeAnalyzer - INFO - -> Analizzando versione 2.0.0 (29/68)...
2025-11-11 10:35:18,337 - UnicodeAnalyzer - INFO - -> Analizzando versione 2.0.1 (30/68)...
2025-11-11 10:35:18,403 - UnicodeAnalyzer - INFO - -> Analizzando versione 3.0.0 (31/68)...
2025-11-11 10:35:18,473 - UnicodeAnalyzer - INFO - -> Analizzando versione 3.1.0 (32/68)...
2025-11-11 10:35:18,541 - UnicodeAnalyzer - INFO - -> Analizzando versione 4.0.0 (33/68)...
2025-11-11 10:35:18,606 - UnicodeAnalyzer - INFO - -> Analizzando versione 4.1.0 (34/68)...
2025-11-11 10:35:18,668 - UnicodeAnalyzer - INFO - -> Analizzando versione 4.1.1 (35/68)...
2025-11-11 10:35:18,731 - UnicodeAnalyzer - INFO - -> Analizzando versione 4.2.0 (36/68)...
2025-11-11 10:35:18,795 - UnicodeAnalyzer - INFO - -> Analizzando versione 4.3.0 (37/68)...
2025-11-11 10:35:18,859 - UnicodeAnalyzer - INFO - -> Analizzando versione 4.4.0 (38/68)...
2025-11-11 10:35:18,928 - UnicodeAnalyzer - INFO - -> Analizzando versione 4.5.0 (39/68)...
2025-11-11 10:35:18,990 - UnicodeAnalyzer - INFO - -> Analizzando versione 4.5.1 (40/68)...
2025-11-11 10:35:19,056 - UnicodeAnalyzer - INFO - -> Analizzando versione 4.6.0 (41/68)...
2025-11-11 10:35:19,120 - UnicodeAnalyzer - INFO - -> Analizzando versione 4.7.0 (42/68)...
2025-11-11 10:35:19,183 - UnicodeAnalyzer - INFO - -> Analizzando versione 4.7.1 (43/68)...
2025-11-11 10:35:19,246 - UnicodeAnalyzer - INFO - -> Analizzando versione 4.8.0 (44/68)...
2025-11-11 10:35:19,309 - UnicodeAnalyzer - INFO - -> Analizzando versione 5.0.0 (45/68)...
2025-11-11 10:35:19,373 - UnicodeAnalyzer - INFO - -> Analizzando versione 6.0.0 (46/68)...
2025-11-11 10:35:19,439 - UnicodeAnalyzer - INFO - -> Analizzando versione 6.0.1 (47/68)...
2025-11-11 10:35:19,504 - UnicodeAnalyzer - INFO - -> Analizzando versione 6.1.0 (48/68)...
2025-11-11 10:35:19,568 - UnicodeAnalyzer - INFO - -> Analizzando versione 6.2.0 (49/68)...
2025-11-11 10:35:19,633 - UnicodeAnalyzer - INFO - -> Analizzando versione 6.2.1 (50/68)...
2025-11-11 10:35:19,700 - UnicodeAnalyzer - INFO - -> Analizzando versione 6.3.0 (51/68)...
2025-11-11 10:35:19,765 - UnicodeAnalyzer - INFO - -> Analizzando versione 6.4.0 (52/68)...
2025-11-11 10:35:19,831 - UnicodeAnalyzer - INFO - -> Analizzando versione 6.4.1 (53/68)...
2025-11-11 10:35:19,896 - UnicodeAnalyzer - INFO - -> Analizzando versione 6.5.0 (54/68)...
2025-11-11 10:35:19,961 - UnicodeAnalyzer - INFO - -> Analizzando versione 7.0.0 (55/68)...
2025-11-11 10:35:20,027 - UnicodeAnalyzer - INFO - -> Analizzando versione 7.1.0 (56/68)...
2025-11-11 10:35:20,092 - UnicodeAnalyzer - INFO - -> Analizzando versione 8.0.0 (57/68)...
2025-11-11 10:35:20,157 - UnicodeAnalyzer - INFO - -> Analizzando versione 8.1.0 (58/68)...
2025-11-11 10:35:20,223 - UnicodeAnalyzer - INFO - -> Analizzando versione 8.2.0 (59/68)...
2025-11-11 10:35:20,223 - UnicodeAnalyzer - INFO - Filtrati 12 file (es. in /dist, /test).
2025-11-11 10:35:20,285 - UnicodeAnalyzer - INFO - -> Analizzando versione 8.2.1 (60/68)...
2025-11-11 10:35:20,285 - UnicodeAnalyzer - INFO - Filtrati 12 file (es. in /dist, /test).
2025-11-11 10:35:20,346 - UnicodeAnalyzer - INFO - -> Analizzando versione 8.2.2 (61/68)...
2025-11-11 10:35:20,347 - UnicodeAnalyzer - INFO - Filtrati 12 file (es. in /dist, /test).
2025-11-11 10:35:20,407 - UnicodeAnalyzer - INFO - -> Analizzando versione 8.3.0 (62/68)...
2025-11-11 10:35:20,408 - UnicodeAnalyzer - INFO - Filtrati 12 file (es. in /dist, /test).
2025-11-11 10:35:20,470 - UnicodeAnalyzer - INFO - -> Analizzando versione 8.4.0 (63/68)...
2025-11-11 10:35:20,470 - UnicodeAnalyzer - INFO - Filtrati 12 file (es. in /dist, /test).
2025-11-11 10:35:20,531 - UnicodeAnalyzer - INFO - -> Analizzando versione 8.5.0 (64/68)...
2025-11-11 10:35:20,532 - UnicodeAnalyzer - INFO - Filtrati 12 file (es. in /dist, /test).
2025-11-11 10:35:20,589 - UnicodeAnalyzer - INFO - -> Analizzando versione 8.6.0 (65/68)...
2025-11-11 10:35:20,590 - UnicodeAnalyzer - INFO - Filtrati 12 file (es. in /dist, /test).
2025-11-11 10:35:20,648 - UnicodeAnalyzer - INFO - -> Analizzando versione 8.7.0 (66/68)...
2025-11-11 10:35:20,649 - UnicodeAnalyzer - INFO - Filtrati 12 file (es. in /dist, /test).
2025-11-11 10:35:20,711 - UnicodeAnalyzer - INFO - -> Analizzando versione 9.0.0 (67/68)...
2025-11-11 10:35:20,712 - UnicodeAnalyzer - INFO - Filtrati 12 file (es. in /dist, /test).
2025-11-11 10:35:20,772 - UnicodeAnalyzer - INFO - -> Analizzando versione 9.1.0 (68/68)...
2025-11-11 10:35:20,773 - UnicodeAnalyzer - INFO - Filtrati 12 file (es. in /dist, /test).
2025-11-11 10:35:20,834 - UnicodeAnalyzer - INFO - Esportando i risultati HUT per 'whatwg-url' in CSV...
2025-11-11 10:35:20,927 - UnicodeAnalyzer - INFO - Report salvati in: /app/npm_hut_results/whatwg-url
2025-11-11 10:35:20,927 - NPM_HUT_Analyzer - INFO - Pulizia cartella temporanea 'temp_hut/whatwg-url'...
2025-11-11 10:35:20,943 - NPM_HUT_Analyzer - INFO - Pulizia completata.
