2025-11-12 14:36:23,880 - NPM_HUT_Analyzer - INFO - Recupero metadata per 'repeat-string'...
2025-11-12 14:36:23,991 - NPM_HUT_Analyzer - INFO - Trovate 17 versioni. Inizio download in 'temp_hut/repeat-string'...
2025-11-12 14:36:33,414 - UnicodeAnalyzer - INFO - Analizzando 17 versioni per '*.js' in 'repeat-string'.
2025-11-12 14:36:33,414 - UnicodeAnalyzer - INFO - -> Analizzando versione 0.1.0 (1/17)...
2025-11-12 14:36:33,415 - UnicodeAnalyzer - INFO - Filtrati 1 file (es. in /dist, /test).
2025-11-12 14:36:33,416 - UnicodeAnalyzer - INFO - -> Analizzando versione 0.1.1 (2/17)...
2025-11-12 14:36:33,417 - UnicodeAnalyzer - INFO - Filtrati 1 file (es. in /dist, /test).
2025-11-12 14:36:33,418 - UnicodeAnalyzer - INFO - -> Analizzando versione 0.1.2 (3/17)...
2025-11-12 14:36:33,419 - UnicodeAnalyzer - INFO - Filtrati 1 file (es. in /dist, /test).
2025-11-12 14:36:33,419 - UnicodeAnalyzer - INFO - -> Analizzando versione 0.2.0 (4/17)...
2025-11-12 14:36:33,504 - UnicodeAnalyzer - INFO - -> Analizzando versione 0.2.1 (5/17)...
2025-11-12 14:36:33,556 - UnicodeAnalyzer - INFO - -> Analizzando versione 0.2.2 (6/17)...
2025-11-12 14:36:33,610 - UnicodeAnalyzer - INFO - -> Analizzando versione 1.0.0 (7/17)...
2025-11-12 14:36:33,669 - UnicodeAnalyzer - INFO - -> Analizzando versione 1.1.0 (8/17)...
2025-11-12 14:36:33,729 - UnicodeAnalyzer - INFO - -> Analizzando versione 1.2.0 (9/17)...
2025-11-12 14:36:33,729 - UnicodeAnalyzer - INFO - -> Analizzando versione 1.3.0 (10/17)...
2025-11-12 14:36:33,729 - UnicodeAnalyzer - INFO - -> Analizzando versione 1.4.0 (11/17)...
2025-11-12 14:36:33,730 - UnicodeAnalyzer - INFO - -> Analizzando versione 1.5.0 (12/17)...
2025-11-12 14:36:33,730 - UnicodeAnalyzer - INFO - -> Analizzando versione 1.5.1 (13/17)...
2025-11-12 14:36:33,730 - UnicodeAnalyzer - INFO - -> Analizzando versione 1.5.2 (14/17)...
2025-11-12 14:36:33,731 - UnicodeAnalyzer - INFO - -> Analizzando versione 1.5.4 (15/17)...
2025-11-12 14:36:33,731 - UnicodeAnalyzer - INFO - -> Analizzando versione 1.6.0 (16/17)...
2025-11-12 14:36:33,731 - UnicodeAnalyzer - INFO - -> Analizzando versione 1.6.1 (17/17)...
2025-11-12 14:36:33,732 - UnicodeAnalyzer - INFO - Esportando i risultati HUT per 'repeat-string' in CSV...
2025-11-12 14:36:33,756 - UnicodeAnalyzer - INFO - Report salvati in: /app/npm_hut_results/repeat-string
2025-11-12 14:36:33,757 - NPM_HUT_Analyzer - INFO - Pulizia cartella temporanea 'temp_hut/repeat-string'...
2025-11-12 14:36:33,759 - NPM_HUT_Analyzer - INFO - Pulizia completata.
