2025-10-30 11:31:13,311 - NPM_Analyzer - INFO - Fetching metadata for 'rc-progress'...
2025-10-30 11:31:13,407 - NPM_Analyzer - INFO - Found 51 versions. Starting download into 'temp/rc-progress'...
2025-10-30 11:31:39,815 - BlankSpaceAnalyzer - INFO - Analyzing 51 versions for '*.js' in 'rc-progress'.
2025-10-30 11:31:39,815 - BlankSpaceAnalyzer - INFO - -> Analyzing version 1.0.0 (1/51)...
2025-10-30 11:31:39,935 - BlankSpaceAnalyzer - INFO - -> Analyzing version 1.0.1 (2/51)...
2025-10-30 11:31:40,028 - BlankSpaceAnalyzer - INFO - -> Analyzing version 1.0.2 (3/51)...
2025-10-30 11:31:40,028 - BlankSpaceAnalyzer - INFO - -> Analyzing version 1.0.3 (4/51)...
2025-10-30 11:31:40,125 - BlankSpaceAnalyzer - INFO - -> Analyzing version 1.0.4 (5/51)...
2025-10-30 11:31:40,220 - BlankSpaceAnalyzer - INFO - -> Analyzing version 2.0.0 (6/51)...
2025-10-30 11:31:40,315 - BlankSpaceAnalyzer - INFO - -> Analyzing version 2.0.1 (7/51)...
2025-10-30 11:31:40,405 - BlankSpaceAnalyzer - INFO - -> Analyzing version 2.0.2 (8/51)...
2025-10-30 11:31:40,496 - BlankSpaceAnalyzer - INFO - -> Analyzing version 2.0.3 (9/51)...
2025-10-30 11:31:40,588 - BlankSpaceAnalyzer - INFO - -> Analyzing version 2.0.5 (10/51)...
2025-10-30 11:31:40,679 - BlankSpaceAnalyzer - INFO - -> Analyzing version 2.0.6 (11/51)...
2025-10-30 11:31:40,771 - BlankSpaceAnalyzer - INFO - -> Analyzing version 2.1.0 (12/51)...
2025-10-30 11:31:40,870 - BlankSpaceAnalyzer - INFO - -> Analyzing version 2.1.1 (13/51)...
2025-10-30 11:31:40,962 - BlankSpaceAnalyzer - INFO - -> Analyzing version 2.1.2 (14/51)...
2025-10-30 11:31:41,056 - BlankSpaceAnalyzer - INFO - -> Analyzing version 2.2.0 (15/51)...
2025-10-30 11:31:41,156 - BlankSpaceAnalyzer - INFO - -> Analyzing version 2.2.1 (16/51)...
2025-10-30 11:31:41,256 - BlankSpaceAnalyzer - INFO - -> Analyzing version 2.2.2 (17/51)...
2025-10-30 11:31:41,350 - BlankSpaceAnalyzer - INFO - -> Analyzing version 2.2.3 (18/51)...
2025-10-30 11:31:41,442 - BlankSpaceAnalyzer - INFO - -> Analyzing version 2.2.4 (19/51)...
2025-10-30 11:31:41,535 - BlankSpaceAnalyzer - INFO - -> Analyzing version 2.2.5 (20/51)...
2025-10-30 11:31:41,628 - BlankSpaceAnalyzer - INFO - -> Analyzing version 2.2.6 (21/51)...
2025-10-30 11:31:41,723 - BlankSpaceAnalyzer - INFO - -> Analyzing version 2.2.7 (22/51)...
2025-10-30 11:31:41,822 - BlankSpaceAnalyzer - INFO - -> Analyzing version 2.3.0 (23/51)...
2025-10-30 11:31:41,924 - BlankSpaceAnalyzer - INFO - -> Analyzing version 2.4.0 (24/51)...
2025-10-30 11:31:42,025 - BlankSpaceAnalyzer - INFO - -> Analyzing version 2.4.1 (25/51)...
2025-10-30 11:31:42,125 - BlankSpaceAnalyzer - INFO - -> Analyzing version 2.5.0 (26/51)...
2025-10-30 11:31:42,225 - BlankSpaceAnalyzer - INFO - -> Analyzing version 2.5.1 (27/51)...
2025-10-30 11:31:42,325 - BlankSpaceAnalyzer - INFO - -> Analyzing version 2.5.2 (28/51)...
2025-10-30 11:31:42,427 - BlankSpaceAnalyzer - INFO - -> Analyzing version 2.5.3 (29/51)...
2025-10-30 11:31:42,527 - BlankSpaceAnalyzer - INFO - -> Analyzing version 2.6.0 (30/51)...
2025-10-30 11:31:42,623 - BlankSpaceAnalyzer - INFO - -> Analyzing version 2.6.1 (31/51)...
2025-10-30 11:31:42,720 - BlankSpaceAnalyzer - INFO - -> Analyzing version 3.0.0 (32/51)...
2025-10-30 11:31:42,817 - BlankSpaceAnalyzer - INFO - -> Analyzing version 3.1.0 (33/51)...
2025-10-30 11:31:42,910 - BlankSpaceAnalyzer - INFO - -> Analyzing version 3.1.1 (34/51)...
2025-10-30 11:31:43,003 - BlankSpaceAnalyzer - INFO - -> Analyzing version 3.1.2 (35/51)...
2025-10-30 11:31:43,096 - BlankSpaceAnalyzer - INFO - -> Analyzing version 3.1.3 (36/51)...
2025-10-30 11:31:43,189 - BlankSpaceAnalyzer - INFO - -> Analyzing version 3.1.4 (37/51)...
2025-10-30 11:31:43,287 - BlankSpaceAnalyzer - INFO - -> Analyzing version 3.2.0 (38/51)...
2025-10-30 11:31:43,379 - BlankSpaceAnalyzer - INFO - -> Analyzing version 3.2.1 (39/51)...
2025-10-30 11:31:43,472 - BlankSpaceAnalyzer - INFO - -> Analyzing version 3.2.2 (40/51)...
2025-10-30 11:31:43,572 - BlankSpaceAnalyzer - INFO - -> Analyzing version 3.2.4 (41/51)...
2025-10-30 11:31:43,673 - BlankSpaceAnalyzer - INFO - -> Analyzing version 3.3.0 (42/51)...
2025-10-30 11:31:43,766 - BlankSpaceAnalyzer - INFO - -> Analyzing version 3.3.1 (43/51)...
2025-10-30 11:31:43,859 - BlankSpaceAnalyzer - INFO - -> Analyzing version 3.3.2 (44/51)...
2025-10-30 11:31:43,952 - BlankSpaceAnalyzer - INFO - -> Analyzing version 3.3.3 (45/51)...
2025-10-30 11:31:44,053 - BlankSpaceAnalyzer - INFO - -> Analyzing version 3.4.0 (46/51)...
2025-10-30 11:31:44,153 - BlankSpaceAnalyzer - INFO - -> Analyzing version 3.4.1 (47/51)...
2025-10-30 11:31:44,254 - BlankSpaceAnalyzer - INFO - -> Analyzing version 3.4.2 (48/51)...
2025-10-30 11:31:44,355 - BlankSpaceAnalyzer - INFO - -> Analyzing version 3.5.0 (49/51)...
2025-10-30 11:31:44,457 - BlankSpaceAnalyzer - INFO - -> Analyzing version 3.5.1 (50/51)...
2025-10-30 11:31:44,559 - BlankSpaceAnalyzer - INFO - -> Analyzing version 4.0.0 (51/51)...
2025-10-30 11:31:44,661 - BlankSpaceAnalyzer - INFO - Exporting results for 'rc-progress' to CSV...
2025-10-30 11:31:44,710 - BlankSpaceAnalyzer - INFO - Reports saved in: /app/npm_results/rc-progress
2025-10-30 11:31:44,710 - NPM_Analyzer - INFO - Cleaning temporary folder 'temp/rc-progress'...
2025-10-30 11:31:44,733 - NPM_Analyzer - INFO - Cleanup completed.
