2025-11-17 16:09:36,373 - NPM_HUT_Analyzer - INFO - Recupero metadata per '@csstools/selector-specificity'...
2025-11-17 16:09:36,507 - NPM_HUT_Analyzer - INFO - Trovate 15 versioni. Inizio download in 'temp_hut/@csstools_selector-specificity'...
2025-11-17 16:09:43,262 - UnicodeAnalyzer - INFO - Analizzando 15 versioni per '*.js' in '@csstools_selector-specificity'.
2025-11-17 16:09:43,263 - UnicodeAnalyzer - INFO - -> Analizzando versione 1.0.0 (1/15)...
2025-11-17 16:09:43,264 - UnicodeAnalyzer - INFO - -> Analizzando versione 2.0.0 (2/15)...
2025-11-17 16:09:43,265 - UnicodeAnalyzer - INFO - -> Analizzando versione 2.0.1 (3/15)...
2025-11-17 16:09:43,265 - UnicodeAnalyzer - INFO - -> Analizzando versione 2.0.2 (4/15)...
2025-11-17 16:09:43,266 - UnicodeAnalyzer - INFO - -> Analizzando versione 2.1.0 (5/15)...
2025-11-17 16:09:43,267 - UnicodeAnalyzer - INFO - -> Analizzando versione 2.1.1 (6/15)...
2025-11-17 16:09:43,268 - UnicodeAnalyzer - INFO - -> Analizzando versione 2.2.0 (7/15)...
2025-11-17 16:09:43,269 - UnicodeAnalyzer - INFO - -> Analizzando versione 3.0.0 (8/15)...
2025-11-17 16:09:43,269 - UnicodeAnalyzer - INFO - -> Analizzando versione 3.0.1 (9/15)...
2025-11-17 16:09:43,270 - UnicodeAnalyzer - INFO - -> Analizzando versione 3.0.2 (10/15)...
2025-11-17 16:09:43,271 - UnicodeAnalyzer - INFO - -> Analizzando versione 3.0.3 (11/15)...
2025-11-17 16:09:43,272 - UnicodeAnalyzer - INFO - -> Analizzando versione 3.1.0 (12/15)...
2025-11-17 16:09:43,272 - UnicodeAnalyzer - INFO - -> Analizzando versione 3.1.1 (13/15)...
2025-11-17 16:09:43,273 - UnicodeAnalyzer - INFO - -> Analizzando versione 4.0.0 (14/15)...
2025-11-17 16:09:43,274 - UnicodeAnalyzer - INFO - -> Analizzando versione 5.0.0 (15/15)...
2025-11-17 16:09:43,275 - UnicodeAnalyzer - INFO - Esportando i risultati HUT per '@csstools/selector-specificity' in CSV...
2025-11-17 16:09:43,275 - UnicodeAnalyzer - WARNING - Nessun file analizzato. I file CSV saranno vuoti.
2025-11-17 16:09:43,276 - NPM_HUT_Analyzer - INFO - Pulizia cartella temporanea 'temp_hut/@csstools_selector-specificity'...
2025-11-17 16:09:43,288 - NPM_HUT_Analyzer - INFO - Pulizia completata.
