2025-11-05 00:09:04,179 - NPM_Analyzer - INFO - Fetching metadata for '@algolia/requester-node-http'...
2025-11-05 00:09:04,363 - NPM_Analyzer - INFO - Found 281 versions. Starting download into 'temp/@algolia_requester-node-http'...
2025-11-05 00:14:55,822 - BlankSpaceAnalyzer - INFO - Analyzing 281 versions for '*.js' in '@algolia_requester-node-http'.
2025-11-05 00:14:55,823 - BlankSpaceAnalyzer - INFO - -> Analyzing version 0.0.0 (1/281)...
2025-11-05 00:14:55,824 - BlankSpaceAnalyzer - INFO - -> Analyzing version 4.0.0 (2/281)...
2025-11-05 00:14:55,884 - BlankSpaceAnalyzer - INFO - -> Analyzing version 4.0.0-beta.1 (3/281)...
2025-11-05 00:14:55,923 - BlankSpaceAnalyzer - INFO - -> Analyzing version 4.0.0-beta.10 (4/281)...
2025-11-05 00:14:55,964 - BlankSpaceAnalyzer - INFO - -> Analyzing version 4.0.0-beta.11 (5/281)...
2025-11-05 00:14:56,002 - BlankSpaceAnalyzer - INFO - -> Analyzing version 4.0.0-beta.12 (6/281)...
2025-11-05 00:14:56,046 - BlankSpaceAnalyzer - INFO - -> Analyzing version 4.0.0-beta.13 (7/281)...
2025-11-05 00:14:56,089 - BlankSpaceAnalyzer - INFO - -> Analyzing version 4.0.0-beta.14 (8/281)...
2025-11-05 00:14:56,132 - BlankSpaceAnalyzer - INFO - -> Analyzing version 4.0.0-beta.15 (9/281)...
2025-11-05 00:14:56,178 - BlankSpaceAnalyzer - INFO - -> Analyzing version 4.0.0-beta.16 (10/281)...
2025-11-05 00:14:56,221 - BlankSpaceAnalyzer - INFO - -> Analyzing version 4.0.0-beta.2 (11/281)...
2025-11-05 00:14:56,264 - BlankSpaceAnalyzer - INFO - -> Analyzing version 4.0.0-beta.3 (12/281)...
2025-11-05 00:14:56,308 - BlankSpaceAnalyzer - INFO - -> Analyzing version 4.0.0-beta.4 (13/281)...
2025-11-05 00:14:56,353 - BlankSpaceAnalyzer - INFO - -> Analyzing version 4.0.0-beta.5 (14/281)...
2025-11-05 00:14:56,398 - BlankSpaceAnalyzer - INFO - -> Analyzing version 4.0.0-beta.6 (15/281)...
2025-11-05 00:14:56,445 - BlankSpaceAnalyzer - INFO - -> Analyzing version 4.0.0-beta.7 (16/281)...
2025-11-05 00:14:56,491 - BlankSpaceAnalyzer - INFO - -> Analyzing version 4.0.0-beta.8 (17/281)...
2025-11-05 00:14:56,539 - BlankSpaceAnalyzer - INFO - -> Analyzing version 4.0.0-beta.9 (18/281)...
2025-11-05 00:14:56,585 - BlankSpaceAnalyzer - INFO - -> Analyzing version 4.0.1 (19/281)...
2025-11-05 00:14:56,628 - BlankSpaceAnalyzer - INFO - -> Analyzing version 4.0.2 (20/281)...
2025-11-05 00:14:56,670 - BlankSpaceAnalyzer - INFO - -> Analyzing version 4.0.3 (21/281)...
2025-11-05 00:14:56,713 - BlankSpaceAnalyzer - INFO - -> Analyzing version 4.1.0 (22/281)...
2025-11-05 00:14:56,757 - BlankSpaceAnalyzer - INFO - -> Analyzing version 4.10.0 (23/281)...
2025-11-05 00:14:56,800 - BlankSpaceAnalyzer - INFO - -> Analyzing version 4.10.2 (24/281)...
2025-11-05 00:14:56,843 - BlankSpaceAnalyzer - INFO - -> Analyzing version 4.10.3 (25/281)...
2025-11-05 00:14:56,886 - BlankSpaceAnalyzer - INFO - -> Analyzing version 4.10.4 (26/281)...
2025-11-05 00:14:56,929 - BlankSpaceAnalyzer - INFO - -> Analyzing version 4.10.5 (27/281)...
2025-11-05 00:14:56,972 - BlankSpaceAnalyzer - INFO - -> Analyzing version 4.11.0 (28/281)...
2025-11-05 00:14:57,016 - BlankSpaceAnalyzer - INFO - -> Analyzing version 4.12.0 (29/281)...
2025-11-05 00:14:57,059 - BlankSpaceAnalyzer - INFO - -> Analyzing version 4.12.1 (30/281)...
2025-11-05 00:14:57,101 - BlankSpaceAnalyzer - INFO - -> Analyzing version 4.12.2 (31/281)...
2025-11-05 00:14:57,145 - BlankSpaceAnalyzer - INFO - -> Analyzing version 4.13.0 (32/281)...
2025-11-05 00:14:57,188 - BlankSpaceAnalyzer - INFO - -> Analyzing version 4.13.1 (33/281)...
2025-11-05 00:14:57,231 - BlankSpaceAnalyzer - INFO - -> Analyzing version 4.14.0 (34/281)...
2025-11-05 00:14:57,275 - BlankSpaceAnalyzer - INFO - -> Analyzing version 4.14.1 (35/281)...
2025-11-05 00:14:57,318 - BlankSpaceAnalyzer - INFO - -> Analyzing version 4.14.2 (36/281)...
2025-11-05 00:14:57,360 - BlankSpaceAnalyzer - INFO - -> Analyzing version 4.14.3 (37/281)...
2025-11-05 00:14:57,404 - BlankSpaceAnalyzer - INFO - -> Analyzing version 4.15.0 (38/281)...
2025-11-05 00:14:57,449 - BlankSpaceAnalyzer - INFO - -> Analyzing version 4.16.0 (39/281)...
2025-11-05 00:14:57,494 - BlankSpaceAnalyzer - INFO - -> Analyzing version 4.17.0 (40/281)...
2025-11-05 00:14:57,536 - BlankSpaceAnalyzer - INFO - -> Analyzing version 4.17.1 (41/281)...
2025-11-05 00:14:57,580 - BlankSpaceAnalyzer - INFO - -> Analyzing version 4.17.2 (42/281)...
2025-11-05 00:14:57,622 - BlankSpaceAnalyzer - INFO - -> Analyzing version 4.18.0 (43/281)...
2025-11-05 00:14:57,666 - BlankSpaceAnalyzer - INFO - -> Analyzing version 4.19.0 (44/281)...
2025-11-05 00:14:57,710 - BlankSpaceAnalyzer - INFO - -> Analyzing version 4.19.1 (45/281)...
2025-11-05 00:14:57,754 - BlankSpaceAnalyzer - INFO - -> Analyzing version 4.2.0 (46/281)...
2025-11-05 00:14:57,797 - BlankSpaceAnalyzer - INFO - -> Analyzing version 4.20.0 (47/281)...
2025-11-05 00:14:57,841 - BlankSpaceAnalyzer - INFO - -> Analyzing version 4.21.0 (48/281)...
2025-11-05 00:14:57,884 - BlankSpaceAnalyzer - INFO - -> Analyzing version 4.21.1 (49/281)...
2025-11-05 00:14:57,928 - BlankSpaceAnalyzer - INFO - -> Analyzing version 4.22.0 (50/281)...
2025-11-05 00:14:57,971 - BlankSpaceAnalyzer - INFO - -> Analyzing version 4.22.1 (51/281)...
2025-11-05 00:14:58,015 - BlankSpaceAnalyzer - INFO - -> Analyzing version 4.23.0 (52/281)...
2025-11-05 00:14:58,060 - BlankSpaceAnalyzer - INFO - -> Analyzing version 4.23.1 (53/281)...
2025-11-05 00:14:58,103 - BlankSpaceAnalyzer - INFO - -> Analyzing version 4.23.2 (54/281)...
2025-11-05 00:14:58,146 - BlankSpaceAnalyzer - INFO - -> Analyzing version 4.23.3 (55/281)...
2025-11-05 00:14:58,189 - BlankSpaceAnalyzer - INFO - -> Analyzing version 4.24.0 (56/281)...
2025-11-05 00:14:58,232 - BlankSpaceAnalyzer - INFO - -> Analyzing version 4.25.0 (57/281)...
2025-11-05 00:14:58,276 - BlankSpaceAnalyzer - INFO - -> Analyzing version 4.25.1 (58/281)...
2025-11-05 00:14:58,320 - BlankSpaceAnalyzer - INFO - -> Analyzing version 4.25.2 (59/281)...
2025-11-05 00:14:58,363 - BlankSpaceAnalyzer - INFO - -> Analyzing version 4.3.0 (60/281)...
2025-11-05 00:14:58,406 - BlankSpaceAnalyzer - INFO - -> Analyzing version 4.3.1 (61/281)...
2025-11-05 00:14:58,449 - BlankSpaceAnalyzer - INFO - -> Analyzing version 4.4.0 (62/281)...
2025-11-05 00:14:58,493 - BlankSpaceAnalyzer - INFO - -> Analyzing version 4.5.0 (63/281)...
2025-11-05 00:14:58,536 - BlankSpaceAnalyzer - INFO - -> Analyzing version 4.5.1 (64/281)...
2025-11-05 00:14:58,580 - BlankSpaceAnalyzer - INFO - -> Analyzing version 4.6.0 (65/281)...
2025-11-05 00:14:58,623 - BlankSpaceAnalyzer - INFO - -> Analyzing version 4.7.0 (66/281)...
2025-11-05 00:14:58,669 - BlankSpaceAnalyzer - INFO - -> Analyzing version 4.8.0 (67/281)...
2025-11-05 00:14:58,712 - BlankSpaceAnalyzer - INFO - -> Analyzing version 4.8.1 (68/281)...
2025-11-05 00:14:58,755 - BlankSpaceAnalyzer - INFO - -> Analyzing version 4.8.2 (69/281)...
2025-11-05 00:14:58,798 - BlankSpaceAnalyzer - INFO - -> Analyzing version 4.8.3 (70/281)...
2025-11-05 00:14:58,841 - BlankSpaceAnalyzer - INFO - -> Analyzing version 4.8.4 (71/281)...
2025-11-05 00:14:58,886 - BlankSpaceAnalyzer - INFO - -> Analyzing version 4.8.5 (72/281)...
2025-11-05 00:14:58,929 - BlankSpaceAnalyzer - INFO - -> Analyzing version 4.8.6 (73/281)...
2025-11-05 00:14:58,974 - BlankSpaceAnalyzer - INFO - -> Analyzing version 4.9.0 (74/281)...
2025-11-05 00:14:59,017 - BlankSpaceAnalyzer - INFO - -> Analyzing version 4.9.1 (75/281)...
2025-11-05 00:14:59,062 - BlankSpaceAnalyzer - INFO - -> Analyzing version 4.9.2 (76/281)...
2025-11-05 00:14:59,105 - BlankSpaceAnalyzer - INFO - -> Analyzing version 4.9.3 (77/281)...
2025-11-05 00:14:59,148 - BlankSpaceAnalyzer - INFO - -> Analyzing version 5.0.0 (78/281)...
2025-11-05 00:14:59,149 - BlankSpaceAnalyzer - INFO - -> Analyzing version 5.0.0-alpha.1 (79/281)...
2025-11-05 00:14:59,192 - BlankSpaceAnalyzer - INFO - -> Analyzing version 5.0.0-alpha.10 (80/281)...
2025-11-05 00:14:59,236 - BlankSpaceAnalyzer - INFO - -> Analyzing version 5.0.0-alpha.100 (81/281)...
2025-11-05 00:14:59,236 - BlankSpaceAnalyzer - INFO - -> Analyzing version 5.0.0-alpha.101 (82/281)...
2025-11-05 00:14:59,237 - BlankSpaceAnalyzer - INFO - -> Analyzing version 5.0.0-alpha.102 (83/281)...
2025-11-05 00:14:59,237 - BlankSpaceAnalyzer - INFO - -> Analyzing version 5.0.0-alpha.103 (84/281)...
2025-11-05 00:14:59,238 - BlankSpaceAnalyzer - INFO - -> Analyzing version 5.0.0-alpha.104 (85/281)...
2025-11-05 00:14:59,238 - BlankSpaceAnalyzer - INFO - -> Analyzing version 5.0.0-alpha.105 (86/281)...
2025-11-05 00:14:59,238 - BlankSpaceAnalyzer - INFO - -> Analyzing version 5.0.0-alpha.106 (87/281)...
2025-11-05 00:14:59,239 - BlankSpaceAnalyzer - INFO - -> Analyzing version 5.0.0-alpha.107 (88/281)...
2025-11-05 00:14:59,239 - BlankSpaceAnalyzer - INFO - -> Analyzing version 5.0.0-alpha.108 (89/281)...
2025-11-05 00:14:59,239 - BlankSpaceAnalyzer - INFO - -> Analyzing version 5.0.0-alpha.109 (90/281)...
2025-11-05 00:14:59,240 - BlankSpaceAnalyzer - INFO - -> Analyzing version 5.0.0-alpha.11 (91/281)...
2025-11-05 00:14:59,283 - BlankSpaceAnalyzer - INFO - -> Analyzing version 5.0.0-alpha.110 (92/281)...
2025-11-05 00:14:59,284 - BlankSpaceAnalyzer - INFO - -> Analyzing version 5.0.0-alpha.111 (93/281)...
2025-11-05 00:14:59,284 - BlankSpaceAnalyzer - INFO - -> Analyzing version 5.0.0-alpha.112 (94/281)...
2025-11-05 00:14:59,284 - BlankSpaceAnalyzer - INFO - -> Analyzing version 5.0.0-alpha.113 (95/281)...
2025-11-05 00:14:59,285 - BlankSpaceAnalyzer - INFO - -> Analyzing version 5.0.0-alpha.12 (96/281)...
2025-11-05 00:14:59,328 - BlankSpaceAnalyzer - INFO - -> Analyzing version 5.0.0-alpha.13 (97/281)...
2025-11-05 00:14:59,372 - BlankSpaceAnalyzer - INFO - -> Analyzing version 5.0.0-alpha.14 (98/281)...
2025-11-05 00:14:59,415 - BlankSpaceAnalyzer - INFO - -> Analyzing version 5.0.0-alpha.15 (99/281)...
2025-11-05 00:14:59,458 - BlankSpaceAnalyzer - INFO - -> Analyzing version 5.0.0-alpha.16 (100/281)...
2025-11-05 00:14:59,504 - BlankSpaceAnalyzer - INFO - -> Analyzing version 5.0.0-alpha.17 (101/281)...
2025-11-05 00:14:59,547 - BlankSpaceAnalyzer - INFO - -> Analyzing version 5.0.0-alpha.18 (102/281)...
2025-11-05 00:14:59,591 - BlankSpaceAnalyzer - INFO - -> Analyzing version 5.0.0-alpha.19 (103/281)...
2025-11-05 00:14:59,634 - BlankSpaceAnalyzer - INFO - -> Analyzing version 5.0.0-alpha.2 (104/281)...
2025-11-05 00:14:59,677 - BlankSpaceAnalyzer - INFO - -> Analyzing version 5.0.0-alpha.20 (105/281)...
2025-11-05 00:14:59,722 - BlankSpaceAnalyzer - INFO - -> Analyzing version 5.0.0-alpha.21 (106/281)...
2025-11-05 00:14:59,765 - BlankSpaceAnalyzer - INFO - -> Analyzing version 5.0.0-alpha.22 (107/281)...
2025-11-05 00:14:59,809 - BlankSpaceAnalyzer - INFO - -> Analyzing version 5.0.0-alpha.23 (108/281)...
2025-11-05 00:14:59,852 - BlankSpaceAnalyzer - INFO - -> Analyzing version 5.0.0-alpha.24 (109/281)...
2025-11-05 00:14:59,896 - BlankSpaceAnalyzer - INFO - -> Analyzing version 5.0.0-alpha.25 (110/281)...
2025-11-05 00:14:59,939 - BlankSpaceAnalyzer - INFO - -> Analyzing version 5.0.0-alpha.26 (111/281)...
2025-11-05 00:14:59,982 - BlankSpaceAnalyzer - INFO - -> Analyzing version 5.0.0-alpha.27 (112/281)...
2025-11-05 00:15:00,026 - BlankSpaceAnalyzer - INFO - -> Analyzing version 5.0.0-alpha.28 (113/281)...
2025-11-05 00:15:00,069 - BlankSpaceAnalyzer - INFO - -> Analyzing version 5.0.0-alpha.29 (114/281)...
2025-11-05 00:15:00,113 - BlankSpaceAnalyzer - INFO - -> Analyzing version 5.0.0-alpha.3 (115/281)...
2025-11-05 00:15:00,156 - BlankSpaceAnalyzer - INFO - -> Analyzing version 5.0.0-alpha.30 (116/281)...
2025-11-05 00:15:00,200 - BlankSpaceAnalyzer - INFO - -> Analyzing version 5.0.0-alpha.31 (117/281)...
2025-11-05 00:15:00,242 - BlankSpaceAnalyzer - INFO - -> Analyzing version 5.0.0-alpha.32 (118/281)...
2025-11-05 00:15:00,285 - BlankSpaceAnalyzer - INFO - -> Analyzing version 5.0.0-alpha.33 (119/281)...
2025-11-05 00:15:00,329 - BlankSpaceAnalyzer - INFO - -> Analyzing version 5.0.0-alpha.34 (120/281)...
2025-11-05 00:15:00,373 - BlankSpaceAnalyzer - INFO - -> Analyzing version 5.0.0-alpha.35 (121/281)...
2025-11-05 00:15:00,416 - BlankSpaceAnalyzer - INFO - -> Analyzing version 5.0.0-alpha.36 (122/281)...
2025-11-05 00:15:00,460 - BlankSpaceAnalyzer - INFO - -> Analyzing version 5.0.0-alpha.37 (123/281)...
2025-11-05 00:15:00,502 - BlankSpaceAnalyzer - INFO - -> Analyzing version 5.0.0-alpha.38 (124/281)...
2025-11-05 00:15:00,545 - BlankSpaceAnalyzer - INFO - -> Analyzing version 5.0.0-alpha.39 (125/281)...
2025-11-05 00:15:00,588 - BlankSpaceAnalyzer - INFO - -> Analyzing version 5.0.0-alpha.4 (126/281)...
2025-11-05 00:15:00,632 - BlankSpaceAnalyzer - INFO - -> Analyzing version 5.0.0-alpha.40 (127/281)...
2025-11-05 00:15:00,675 - BlankSpaceAnalyzer - INFO - -> Analyzing version 5.0.0-alpha.41 (128/281)...
2025-11-05 00:15:00,719 - BlankSpaceAnalyzer - INFO - -> Analyzing version 5.0.0-alpha.42 (129/281)...
2025-11-05 00:15:00,762 - BlankSpaceAnalyzer - INFO - -> Analyzing version 5.0.0-alpha.43 (130/281)...
2025-11-05 00:15:00,805 - BlankSpaceAnalyzer - INFO - -> Analyzing version 5.0.0-alpha.44 (131/281)...
2025-11-05 00:15:00,848 - BlankSpaceAnalyzer - INFO - -> Analyzing version 5.0.0-alpha.45 (132/281)...
2025-11-05 00:15:00,891 - BlankSpaceAnalyzer - INFO - -> Analyzing version 5.0.0-alpha.46 (133/281)...
2025-11-05 00:15:00,934 - BlankSpaceAnalyzer - INFO - -> Analyzing version 5.0.0-alpha.47 (134/281)...
2025-11-05 00:15:00,977 - BlankSpaceAnalyzer - INFO - -> Analyzing version 5.0.0-alpha.48 (135/281)...
2025-11-05 00:15:01,021 - BlankSpaceAnalyzer - INFO - -> Analyzing version 5.0.0-alpha.49 (136/281)...
2025-11-05 00:15:01,065 - BlankSpaceAnalyzer - INFO - -> Analyzing version 5.0.0-alpha.5 (137/281)...
2025-11-05 00:15:01,108 - BlankSpaceAnalyzer - INFO - -> Analyzing version 5.0.0-alpha.50 (138/281)...
2025-11-05 00:15:01,152 - BlankSpaceAnalyzer - INFO - -> Analyzing version 5.0.0-alpha.51 (139/281)...
2025-11-05 00:15:01,195 - BlankSpaceAnalyzer - INFO - -> Analyzing version 5.0.0-alpha.52 (140/281)...
2025-11-05 00:15:01,238 - BlankSpaceAnalyzer - INFO - -> Analyzing version 5.0.0-alpha.53 (141/281)...
2025-11-05 00:15:01,282 - BlankSpaceAnalyzer - INFO - -> Analyzing version 5.0.0-alpha.54 (142/281)...
2025-11-05 00:15:01,325 - BlankSpaceAnalyzer - INFO - -> Analyzing version 5.0.0-alpha.55 (143/281)...
2025-11-05 00:15:01,368 - BlankSpaceAnalyzer - INFO - -> Analyzing version 5.0.0-alpha.56 (144/281)...
2025-11-05 00:15:01,411 - BlankSpaceAnalyzer - INFO - -> Analyzing version 5.0.0-alpha.57 (145/281)...
2025-11-05 00:15:01,455 - BlankSpaceAnalyzer - INFO - -> Analyzing version 5.0.0-alpha.58 (146/281)...
2025-11-05 00:15:01,498 - BlankSpaceAnalyzer - INFO - -> Analyzing version 5.0.0-alpha.59 (147/281)...
2025-11-05 00:15:01,542 - BlankSpaceAnalyzer - INFO - -> Analyzing version 5.0.0-alpha.6 (148/281)...
2025-11-05 00:15:01,587 - BlankSpaceAnalyzer - INFO - -> Analyzing version 5.0.0-alpha.60 (149/281)...
2025-11-05 00:15:01,631 - BlankSpaceAnalyzer - INFO - -> Analyzing version 5.0.0-alpha.61 (150/281)...
2025-11-05 00:15:01,675 - BlankSpaceAnalyzer - INFO - -> Analyzing version 5.0.0-alpha.63 (151/281)...
2025-11-05 00:15:01,718 - BlankSpaceAnalyzer - INFO - -> Analyzing version 5.0.0-alpha.64 (152/281)...
2025-11-05 00:15:01,762 - BlankSpaceAnalyzer - INFO - -> Analyzing version 5.0.0-alpha.65 (153/281)...
2025-11-05 00:15:01,805 - BlankSpaceAnalyzer - INFO - -> Analyzing version 5.0.0-alpha.66 (154/281)...
2025-11-05 00:15:01,849 - BlankSpaceAnalyzer - INFO - -> Analyzing version 5.0.0-alpha.67 (155/281)...
2025-11-05 00:15:01,892 - BlankSpaceAnalyzer - INFO - -> Analyzing version 5.0.0-alpha.68 (156/281)...
2025-11-05 00:15:01,936 - BlankSpaceAnalyzer - INFO - -> Analyzing version 5.0.0-alpha.69 (157/281)...
2025-11-05 00:15:01,979 - BlankSpaceAnalyzer - INFO - -> Analyzing version 5.0.0-alpha.7 (158/281)...
2025-11-05 00:15:02,023 - BlankSpaceAnalyzer - INFO - -> Analyzing version 5.0.0-alpha.70 (159/281)...
2025-11-05 00:15:02,066 - BlankSpaceAnalyzer - INFO - -> Analyzing version 5.0.0-alpha.71 (160/281)...
2025-11-05 00:15:02,109 - BlankSpaceAnalyzer - INFO - -> Analyzing version 5.0.0-alpha.72 (161/281)...
2025-11-05 00:15:02,153 - BlankSpaceAnalyzer - INFO - -> Analyzing version 5.0.0-alpha.73 (162/281)...
2025-11-05 00:15:02,196 - BlankSpaceAnalyzer - INFO - -> Analyzing version 5.0.0-alpha.75 (163/281)...
2025-11-05 00:15:02,242 - BlankSpaceAnalyzer - INFO - -> Analyzing version 5.0.0-alpha.76 (164/281)...
2025-11-05 00:15:02,284 - BlankSpaceAnalyzer - INFO - -> Analyzing version 5.0.0-alpha.77 (165/281)...
2025-11-05 00:15:02,329 - BlankSpaceAnalyzer - INFO - -> Analyzing version 5.0.0-alpha.78 (166/281)...
2025-11-05 00:15:02,330 - BlankSpaceAnalyzer - INFO - -> Analyzing version 5.0.0-alpha.79 (167/281)...
2025-11-05 00:15:02,330 - BlankSpaceAnalyzer - INFO - -> Analyzing version 5.0.0-alpha.8 (168/281)...
2025-11-05 00:15:02,375 - BlankSpaceAnalyzer - INFO - -> Analyzing version 5.0.0-alpha.80 (169/281)...
2025-11-05 00:15:02,375 - BlankSpaceAnalyzer - INFO - -> Analyzing version 5.0.0-alpha.81 (170/281)...
2025-11-05 00:15:02,376 - BlankSpaceAnalyzer - INFO - -> Analyzing version 5.0.0-alpha.82 (171/281)...
2025-11-05 00:15:02,376 - BlankSpaceAnalyzer - INFO - -> Analyzing version 5.0.0-alpha.83 (172/281)...
2025-11-05 00:15:02,377 - BlankSpaceAnalyzer - INFO - -> Analyzing version 5.0.0-alpha.84 (173/281)...
2025-11-05 00:15:02,377 - BlankSpaceAnalyzer - INFO - -> Analyzing version 5.0.0-alpha.85 (174/281)...
2025-11-05 00:15:02,378 - BlankSpaceAnalyzer - INFO - -> Analyzing version 5.0.0-alpha.86 (175/281)...
2025-11-05 00:15:02,378 - BlankSpaceAnalyzer - INFO - -> Analyzing version 5.0.0-alpha.87 (176/281)...
2025-11-05 00:15:02,378 - BlankSpaceAnalyzer - INFO - -> Analyzing version 5.0.0-alpha.88 (177/281)...
2025-11-05 00:15:02,379 - BlankSpaceAnalyzer - INFO - -> Analyzing version 5.0.0-alpha.89 (178/281)...
2025-11-05 00:15:02,380 - BlankSpaceAnalyzer - INFO - -> Analyzing version 5.0.0-alpha.9 (179/281)...
2025-11-05 00:15:02,425 - BlankSpaceAnalyzer - INFO - -> Analyzing version 5.0.0-alpha.90 (180/281)...
2025-11-05 00:15:02,425 - BlankSpaceAnalyzer - INFO - -> Analyzing version 5.0.0-alpha.91 (181/281)...
2025-11-05 00:15:02,426 - BlankSpaceAnalyzer - INFO - -> Analyzing version 5.0.0-alpha.92 (182/281)...
2025-11-05 00:15:02,426 - BlankSpaceAnalyzer - INFO - -> Analyzing version 5.0.0-alpha.98 (183/281)...
2025-11-05 00:15:02,426 - BlankSpaceAnalyzer - INFO - -> Analyzing version 5.0.0-alpha.99 (184/281)...
2025-11-05 00:15:02,427 - BlankSpaceAnalyzer - INFO - -> Analyzing version 5.0.0-beta.1 (185/281)...
2025-11-05 00:15:02,427 - BlankSpaceAnalyzer - INFO - -> Analyzing version 5.0.0-beta.10 (186/281)...
2025-11-05 00:15:02,427 - BlankSpaceAnalyzer - INFO - -> Analyzing version 5.0.0-beta.11 (187/281)...
2025-11-05 00:15:02,428 - BlankSpaceAnalyzer - INFO - -> Analyzing version 5.0.0-beta.12 (188/281)...
2025-11-05 00:15:02,428 - BlankSpaceAnalyzer - INFO - -> Analyzing version 5.0.0-beta.13 (189/281)...
2025-11-05 00:15:02,429 - BlankSpaceAnalyzer - INFO - -> Analyzing version 5.0.0-beta.14 (190/281)...
2025-11-05 00:15:02,429 - BlankSpaceAnalyzer - INFO - -> Analyzing version 5.0.0-beta.15 (191/281)...
2025-11-05 00:15:02,429 - BlankSpaceAnalyzer - INFO - -> Analyzing version 5.0.0-beta.16 (192/281)...
2025-11-05 00:15:02,430 - BlankSpaceAnalyzer - INFO - -> Analyzing version 5.0.0-beta.17 (193/281)...
2025-11-05 00:15:02,430 - BlankSpaceAnalyzer - INFO - -> Analyzing version 5.0.0-beta.18 (194/281)...
2025-11-05 00:15:02,430 - BlankSpaceAnalyzer - INFO - -> Analyzing version 5.0.0-beta.2 (195/281)...
2025-11-05 00:15:02,431 - BlankSpaceAnalyzer - INFO - -> Analyzing version 5.0.0-beta.3 (196/281)...
2025-11-05 00:15:02,431 - BlankSpaceAnalyzer - INFO - -> Analyzing version 5.0.0-beta.4 (197/281)...
2025-11-05 00:15:02,431 - BlankSpaceAnalyzer - INFO - -> Analyzing version 5.0.0-beta.5 (198/281)...
2025-11-05 00:15:02,432 - BlankSpaceAnalyzer - INFO - -> Analyzing version 5.0.0-beta.6 (199/281)...
2025-11-05 00:15:02,432 - BlankSpaceAnalyzer - INFO - -> Analyzing version 5.0.0-beta.7 (200/281)...
2025-11-05 00:15:02,432 - BlankSpaceAnalyzer - INFO - -> Analyzing version 5.0.0-beta.8 (201/281)...
2025-11-05 00:15:02,433 - BlankSpaceAnalyzer - INFO - -> Analyzing version 5.0.0-beta.9 (202/281)...
2025-11-05 00:15:02,433 - BlankSpaceAnalyzer - INFO - -> Analyzing version 5.0.2 (203/281)...
2025-11-05 00:15:02,434 - BlankSpaceAnalyzer - INFO - -> Analyzing version 5.1.0 (204/281)...
2025-11-05 00:15:02,434 - BlankSpaceAnalyzer - INFO - -> Analyzing version 5.1.1 (205/281)...
2025-11-05 00:15:02,434 - BlankSpaceAnalyzer - INFO - -> Analyzing version 5.10.0 (206/281)...
2025-11-05 00:15:02,477 - BlankSpaceAnalyzer - INFO - -> Analyzing version 5.10.0-beta.1 (207/281)...
2025-11-05 00:15:02,520 - BlankSpaceAnalyzer - INFO - -> Analyzing version 5.10.1 (208/281)...
2025-11-05 00:15:02,563 - BlankSpaceAnalyzer - INFO - -> Analyzing version 5.10.2 (209/281)...
2025-11-05 00:15:02,605 - BlankSpaceAnalyzer - INFO - -> Analyzing version 5.11.0 (210/281)...
2025-11-05 00:15:02,649 - BlankSpaceAnalyzer - INFO - -> Analyzing version 5.12.0 (211/281)...
2025-11-05 00:15:02,691 - BlankSpaceAnalyzer - INFO - -> Analyzing version 5.13.0 (212/281)...
2025-11-05 00:15:02,734 - BlankSpaceAnalyzer - INFO - -> Analyzing version 5.14.0 (213/281)...
2025-11-05 00:15:02,777 - BlankSpaceAnalyzer - INFO - -> Analyzing version 5.14.1 (214/281)...
2025-11-05 00:15:02,820 - BlankSpaceAnalyzer - INFO - -> Analyzing version 5.14.2 (215/281)...
2025-11-05 00:15:02,864 - BlankSpaceAnalyzer - INFO - -> Analyzing version 5.15.0 (216/281)...
2025-11-05 00:15:02,906 - BlankSpaceAnalyzer - INFO - -> Analyzing version 5.16.0 (217/281)...
2025-11-05 00:15:02,949 - BlankSpaceAnalyzer - INFO - -> Analyzing version 5.17.0 (218/281)...
2025-11-05 00:15:02,993 - BlankSpaceAnalyzer - INFO - -> Analyzing version 5.17.1 (219/281)...
2025-11-05 00:15:03,037 - BlankSpaceAnalyzer - INFO - -> Analyzing version 5.18.0 (220/281)...
2025-11-05 00:15:03,081 - BlankSpaceAnalyzer - INFO - -> Analyzing version 5.19.0 (221/281)...
2025-11-05 00:15:03,124 - BlankSpaceAnalyzer - INFO - -> Analyzing version 5.2.1 (222/281)...
2025-11-05 00:15:03,124 - BlankSpaceAnalyzer - INFO - -> Analyzing version 5.2.2 (223/281)...
2025-11-05 00:15:03,125 - BlankSpaceAnalyzer - INFO - -> Analyzing version 5.2.3 (224/281)...
2025-11-05 00:15:03,125 - BlankSpaceAnalyzer - INFO - -> Analyzing version 5.2.4 (225/281)...
2025-11-05 00:15:03,126 - BlankSpaceAnalyzer - INFO - -> Analyzing version 5.2.4-beta.2 (226/281)...
2025-11-05 00:15:03,126 - BlankSpaceAnalyzer - INFO - -> Analyzing version 5.2.4-beta.3 (227/281)...
2025-11-05 00:15:03,126 - BlankSpaceAnalyzer - INFO - -> Analyzing version 5.2.4-beta.4 (228/281)...
2025-11-05 00:15:03,127 - BlankSpaceAnalyzer - INFO - -> Analyzing version 5.2.4-beta.5 (229/281)...
2025-11-05 00:15:03,127 - BlankSpaceAnalyzer - INFO - -> Analyzing version 5.2.4-beta.6 (230/281)...
2025-11-05 00:15:03,128 - BlankSpaceAnalyzer - INFO - -> Analyzing version 5.2.5 (231/281)...
2025-11-05 00:15:03,128 - BlankSpaceAnalyzer - INFO - -> Analyzing version 5.20.0 (232/281)...
2025-11-05 00:15:03,171 - BlankSpaceAnalyzer - INFO - -> Analyzing version 5.20.1 (233/281)...
2025-11-05 00:15:03,214 - BlankSpaceAnalyzer - INFO - -> Analyzing version 5.20.2 (234/281)...
2025-11-05 00:15:03,257 - BlankSpaceAnalyzer - INFO - -> Analyzing version 5.20.3 (235/281)...
2025-11-05 00:15:03,300 - BlankSpaceAnalyzer - INFO - -> Analyzing version 5.20.4 (236/281)...
2025-11-05 00:15:03,342 - BlankSpaceAnalyzer - INFO - -> Analyzing version 5.21.0 (237/281)...
2025-11-05 00:15:03,385 - BlankSpaceAnalyzer - INFO - -> Analyzing version 5.22.0 (238/281)...
2025-11-05 00:15:03,429 - BlankSpaceAnalyzer - INFO - -> Analyzing version 5.23.0 (239/281)...
2025-11-05 00:15:03,472 - BlankSpaceAnalyzer - INFO - -> Analyzing version 5.23.1 (240/281)...
2025-11-05 00:15:03,515 - BlankSpaceAnalyzer - INFO - -> Analyzing version 5.23.2 (241/281)...
2025-11-05 00:15:03,558 - BlankSpaceAnalyzer - INFO - -> Analyzing version 5.23.3 (242/281)...
2025-11-05 00:15:03,601 - BlankSpaceAnalyzer - INFO - -> Analyzing version 5.23.4 (243/281)...
2025-11-05 00:15:03,643 - BlankSpaceAnalyzer - INFO - -> Analyzing version 5.24.0 (244/281)...
2025-11-05 00:15:03,686 - BlankSpaceAnalyzer - INFO - -> Analyzing version 5.25.0 (245/281)...
2025-11-05 00:15:03,729 - BlankSpaceAnalyzer - INFO - -> Analyzing version 5.26.0 (246/281)...
2025-11-05 00:15:03,773 - BlankSpaceAnalyzer - INFO - -> Analyzing version 5.27.0 (247/281)...
2025-11-05 00:15:03,816 - BlankSpaceAnalyzer - INFO - -> Analyzing version 5.28.0 (248/281)...
2025-11-05 00:15:03,859 - BlankSpaceAnalyzer - INFO - -> Analyzing version 5.29.0 (249/281)...
2025-11-05 00:15:03,901 - BlankSpaceAnalyzer - INFO - -> Analyzing version 5.3.0 (250/281)...
2025-11-05 00:15:03,902 - BlankSpaceAnalyzer - INFO - -> Analyzing version 5.3.1 (251/281)...
2025-11-05 00:15:03,902 - BlankSpaceAnalyzer - INFO - -> Analyzing version 5.3.2 (252/281)...
2025-11-05 00:15:03,902 - BlankSpaceAnalyzer - INFO - -> Analyzing version 5.30.0 (253/281)...
2025-11-05 00:15:03,945 - BlankSpaceAnalyzer - INFO - -> Analyzing version 5.31.0 (254/281)...
2025-11-05 00:15:03,988 - BlankSpaceAnalyzer - INFO - -> Analyzing version 5.32.0 (255/281)...
2025-11-05 00:15:04,032 - BlankSpaceAnalyzer - INFO - -> Analyzing version 5.33.0 (256/281)...
2025-11-05 00:15:04,076 - BlankSpaceAnalyzer - INFO - -> Analyzing version 5.34.0 (257/281)...
2025-11-05 00:15:04,118 - BlankSpaceAnalyzer - INFO - -> Analyzing version 5.34.1 (258/281)...
2025-11-05 00:15:04,161 - BlankSpaceAnalyzer - INFO - -> Analyzing version 5.35.0 (259/281)...
2025-11-05 00:15:04,204 - BlankSpaceAnalyzer - INFO - -> Analyzing version 5.36.0 (260/281)...
2025-11-05 00:15:04,247 - BlankSpaceAnalyzer - INFO - -> Analyzing version 5.37.0 (261/281)...
2025-11-05 00:15:04,293 - BlankSpaceAnalyzer - INFO - -> Analyzing version 5.38.0 (262/281)...
2025-11-05 00:15:04,336 - BlankSpaceAnalyzer - INFO - -> Analyzing version 5.39.0 (263/281)...
2025-11-05 00:15:04,379 - BlankSpaceAnalyzer - INFO - -> Analyzing version 5.4.0 (264/281)...
2025-11-05 00:15:04,379 - BlankSpaceAnalyzer - INFO - -> Analyzing version 5.4.1 (265/281)...
2025-11-05 00:15:04,379 - BlankSpaceAnalyzer - INFO - -> Analyzing version 5.4.3 (266/281)...
2025-11-05 00:15:04,380 - BlankSpaceAnalyzer - INFO - -> Analyzing version 5.40.0 (267/281)...
2025-11-05 00:15:04,422 - BlankSpaceAnalyzer - INFO - -> Analyzing version 5.40.1 (268/281)...
2025-11-05 00:15:04,465 - BlankSpaceAnalyzer - INFO - -> Analyzing version 5.41.0 (269/281)...
2025-11-05 00:15:04,509 - BlankSpaceAnalyzer - INFO - -> Analyzing version 5.42.0 (270/281)...
2025-11-05 00:15:04,551 - BlankSpaceAnalyzer - INFO - -> Analyzing version 5.5.0 (271/281)...
2025-11-05 00:15:04,552 - BlankSpaceAnalyzer - INFO - -> Analyzing version 5.5.1 (272/281)...
2025-11-05 00:15:04,552 - BlankSpaceAnalyzer - INFO - -> Analyzing version 5.5.2 (273/281)...
2025-11-05 00:15:04,553 - BlankSpaceAnalyzer - INFO - -> Analyzing version 5.5.3 (274/281)...
2025-11-05 00:15:04,553 - BlankSpaceAnalyzer - INFO - -> Analyzing version 5.6.0 (275/281)...
2025-11-05 00:15:04,553 - BlankSpaceAnalyzer - INFO - -> Analyzing version 5.6.1 (276/281)...
2025-11-05 00:15:04,554 - BlankSpaceAnalyzer - INFO - -> Analyzing version 5.7.0 (277/281)...
2025-11-05 00:15:04,554 - BlankSpaceAnalyzer - INFO - -> Analyzing version 5.8.0 (278/281)...
2025-11-05 00:15:04,555 - BlankSpaceAnalyzer - INFO - -> Analyzing version 5.8.1 (279/281)...
2025-11-05 00:15:04,555 - BlankSpaceAnalyzer - INFO - -> Analyzing version 5.9.0 (280/281)...
2025-11-05 00:15:04,597 - BlankSpaceAnalyzer - INFO - -> Analyzing version 5.9.1 (281/281)...
2025-11-05 00:15:04,644 - BlankSpaceAnalyzer - INFO - Exporting results for '@algolia/requester-node-http' to CSV...
2025-11-05 00:15:04,925 - BlankSpaceAnalyzer - INFO - Reports saved in: /app/npm_results/@algolia_requester-node-http
2025-11-05 00:15:04,925 - NPM_Analyzer - INFO - Cleaning temporary folder 'temp/@algolia_requester-node-http'...
2025-11-05 00:15:05,012 - NPM_Analyzer - INFO - Cleanup completed.
