2025-11-13 06:30:08,158 - NPM_HUT_Analyzer - INFO - Recupero metadata per 'esutils'...
2025-11-13 06:30:08,250 - NPM_HUT_Analyzer - INFO - Trovate 13 versioni. Inizio download in 'temp_hut/esutils'...
2025-11-13 06:30:13,858 - UnicodeAnalyzer - INFO - Analizzando 13 versioni per '*.js' in 'esutils'.
2025-11-13 06:30:13,859 - UnicodeAnalyzer - INFO - -> Analizzando versione 1.0.0 (1/13)...
2025-11-13 06:30:13,981 - UnicodeAnalyzer - INFO - -> Analizzando versione 1.1.0 (2/13)...
2025-11-13 06:30:14,075 - UnicodeAnalyzer - INFO - -> Analizzando versione 1.1.1 (3/13)...
2025-11-13 06:30:14,170 - UnicodeAnalyzer - INFO - -> Analizzando versione 1.1.2 (4/13)...
2025-11-13 06:30:14,263 - UnicodeAnalyzer - INFO - -> Analizzando versione 1.1.3 (5/13)...
2025-11-13 06:30:14,363 - UnicodeAnalyzer - INFO - -> Analizzando versione 1.1.4 (6/13)...
2025-11-13 06:30:14,457 - UnicodeAnalyzer - INFO - -> Analizzando versione 1.1.5 (7/13)...
2025-11-13 06:30:14,559 - UnicodeAnalyzer - INFO - -> Analizzando versione 1.1.5-dev (8/13)...
2025-11-13 06:30:14,653 - UnicodeAnalyzer - INFO - -> Analizzando versione 1.1.6 (9/13)...
2025-11-13 06:30:14,755 - UnicodeAnalyzer - INFO - -> Analizzando versione 2.0.0 (10/13)...
2025-11-13 06:30:14,849 - UnicodeAnalyzer - INFO - -> Analizzando versione 2.0.1 (11/13)...
2025-11-13 06:30:14,945 - UnicodeAnalyzer - INFO - -> Analizzando versione 2.0.2 (12/13)...
2025-11-13 06:30:15,040 - UnicodeAnalyzer - INFO - -> Analizzando versione 2.0.3 (13/13)...
2025-11-13 06:30:15,144 - UnicodeAnalyzer - INFO - Esportando i risultati HUT per 'esutils' in CSV...
2025-11-13 06:30:15,160 - UnicodeAnalyzer - INFO - Report salvati in: /app/npm_hut_results/esutils
2025-11-13 06:30:15,160 - NPM_HUT_Analyzer - INFO - Pulizia cartella temporanea 'temp_hut/esutils'...
2025-11-13 06:30:15,162 - NPM_HUT_Analyzer - INFO - Pulizia completata.
