2025-10-24 19:52:50,294 - NPM_Analyzer - INFO - Fetching metadata for '@xmldom/xmldom'...
2025-10-24 19:52:50,558 - NPM_Analyzer - INFO - Found 46 versions. Starting download into 'temp/@xmldom_xmldom'...
2025-10-24 19:53:27,387 - BlankSpaceAnalyzer - INFO - Analyzing 46 versions for '*.js' in '@xmldom_xmldom'.
2025-10-24 19:53:27,388 - BlankSpaceAnalyzer - INFO - -> Analyzing version 0.7.0 (1/46)...
2025-10-24 19:53:27,490 - BlankSpaceAnalyzer - INFO - -> Analyzing version 0.7.1 (2/46)...
2025-10-24 19:53:27,558 - BlankSpaceAnalyzer - INFO - -> Analyzing version 0.7.10 (3/46)...
2025-10-24 19:53:27,634 - BlankSpaceAnalyzer - INFO - -> Analyzing version 0.7.11 (4/46)...
2025-10-24 19:53:27,710 - BlankSpaceAnalyzer - INFO - -> Analyzing version 0.7.12 (5/46)...
2025-10-24 19:53:27,787 - BlankSpaceAnalyzer - INFO - -> Analyzing version 0.7.13 (6/46)...
2025-10-24 19:53:27,868 - BlankSpaceAnalyzer - INFO - -> Analyzing version 0.7.2 (7/46)...
2025-10-24 19:53:27,943 - BlankSpaceAnalyzer - INFO - -> Analyzing version 0.7.3 (8/46)...
2025-10-24 19:53:28,020 - BlankSpaceAnalyzer - INFO - -> Analyzing version 0.7.4 (9/46)...
2025-10-24 19:53:28,094 - BlankSpaceAnalyzer - INFO - -> Analyzing version 0.7.5 (10/46)...
2025-10-24 19:53:28,164 - BlankSpaceAnalyzer - INFO - -> Analyzing version 0.7.6 (11/46)...
2025-10-24 19:53:28,244 - BlankSpaceAnalyzer - INFO - -> Analyzing version 0.7.7 (12/46)...
2025-10-24 19:53:28,319 - BlankSpaceAnalyzer - INFO - -> Analyzing version 0.7.8 (13/46)...
2025-10-24 19:53:28,393 - BlankSpaceAnalyzer - INFO - -> Analyzing version 0.7.9 (14/46)...
2025-10-24 19:53:28,464 - BlankSpaceAnalyzer - INFO - -> Analyzing version 0.8.0 (15/46)...
2025-10-24 19:53:28,541 - BlankSpaceAnalyzer - INFO - -> Analyzing version 0.8.1 (16/46)...
2025-10-24 19:53:28,617 - BlankSpaceAnalyzer - INFO - -> Analyzing version 0.8.10 (17/46)...
2025-10-24 19:53:28,692 - BlankSpaceAnalyzer - INFO - -> Analyzing version 0.8.11 (18/46)...
2025-10-24 19:53:28,762 - BlankSpaceAnalyzer - INFO - -> Analyzing version 0.8.2 (19/46)...
2025-10-24 19:53:28,838 - BlankSpaceAnalyzer - INFO - -> Analyzing version 0.8.3 (20/46)...
2025-10-24 19:53:28,915 - BlankSpaceAnalyzer - INFO - -> Analyzing version 0.8.4 (21/46)...
2025-10-24 19:53:28,989 - BlankSpaceAnalyzer - INFO - -> Analyzing version 0.8.5 (22/46)...
2025-10-24 19:53:29,060 - BlankSpaceAnalyzer - INFO - -> Analyzing version 0.8.6 (23/46)...
2025-10-24 19:53:29,136 - BlankSpaceAnalyzer - INFO - -> Analyzing version 0.8.7 (24/46)...
2025-10-24 19:53:29,213 - BlankSpaceAnalyzer - INFO - -> Analyzing version 0.8.8 (25/46)...
2025-10-24 19:53:29,289 - BlankSpaceAnalyzer - INFO - -> Analyzing version 0.8.9 (26/46)...
2025-10-24 19:53:29,366 - BlankSpaceAnalyzer - INFO - -> Analyzing version 0.9.0 (27/46)...
2025-10-24 19:53:29,443 - BlankSpaceAnalyzer - INFO - -> Analyzing version 0.9.0-beta.1 (28/46)...
2025-10-24 19:53:29,519 - BlankSpaceAnalyzer - INFO - -> Analyzing version 0.9.0-beta.10 (29/46)...
2025-10-24 19:53:29,596 - BlankSpaceAnalyzer - INFO - -> Analyzing version 0.9.0-beta.11 (30/46)...
2025-10-24 19:53:29,672 - BlankSpaceAnalyzer - INFO - -> Analyzing version 0.9.0-beta.2 (31/46)...
2025-10-24 19:53:29,748 - BlankSpaceAnalyzer - INFO - -> Analyzing version 0.9.0-beta.3 (32/46)...
2025-10-24 19:53:29,824 - BlankSpaceAnalyzer - INFO - -> Analyzing version 0.9.0-beta.4 (33/46)...
2025-10-24 19:53:29,900 - BlankSpaceAnalyzer - INFO - -> Analyzing version 0.9.0-beta.5 (34/46)...
2025-10-24 19:53:29,976 - BlankSpaceAnalyzer - INFO - -> Analyzing version 0.9.0-beta.6 (35/46)...
2025-10-24 19:53:30,047 - BlankSpaceAnalyzer - INFO - -> Analyzing version 0.9.0-beta.7 (36/46)...
2025-10-24 19:53:30,123 - BlankSpaceAnalyzer - INFO - -> Analyzing version 0.9.0-beta.8 (37/46)...
2025-10-24 19:53:30,200 - BlankSpaceAnalyzer - INFO - -> Analyzing version 0.9.0-beta.9 (38/46)...
2025-10-24 19:53:30,277 - BlankSpaceAnalyzer - INFO - -> Analyzing version 0.9.1 (39/46)...
2025-10-24 19:53:30,354 - BlankSpaceAnalyzer - INFO - -> Analyzing version 0.9.2 (40/46)...
2025-10-24 19:53:30,431 - BlankSpaceAnalyzer - INFO - -> Analyzing version 0.9.3 (41/46)...
2025-10-24 19:53:30,509 - BlankSpaceAnalyzer - INFO - -> Analyzing version 0.9.4 (42/46)...
2025-10-24 19:53:30,586 - BlankSpaceAnalyzer - INFO - -> Analyzing version 0.9.5 (43/46)...
2025-10-24 19:53:30,663 - BlankSpaceAnalyzer - INFO - -> Analyzing version 0.9.6 (44/46)...
2025-10-24 19:53:30,741 - BlankSpaceAnalyzer - INFO - -> Analyzing version 0.9.7 (45/46)...
2025-10-24 19:53:30,818 - BlankSpaceAnalyzer - INFO - -> Analyzing version 0.9.8 (46/46)...
2025-10-24 19:53:30,896 - BlankSpaceAnalyzer - INFO - Exporting results for '@xmldom/xmldom' to CSV...
2025-10-24 19:53:30,938 - BlankSpaceAnalyzer - INFO - Reports saved in: /app/npm_results/@xmldom_xmldom
2025-10-24 19:53:30,939 - NPM_Analyzer - INFO - Cleaning temporary folder 'temp/@xmldom_xmldom'...
2025-10-24 19:53:30,952 - NPM_Analyzer - INFO - Cleanup completed.
