2025-11-12 10:30:17,507 - NPM_HUT_Analyzer - INFO - Recupero metadata per 'acorn-globals'...
2025-11-12 10:30:17,614 - NPM_HUT_Analyzer - INFO - Trovate 27 versioni. Inizio download in 'temp_hut/acorn-globals'...
2025-11-12 10:30:32,888 - UnicodeAnalyzer - INFO - Analizzando 27 versioni per '*.js' in 'acorn-globals'.
2025-11-12 10:30:32,888 - UnicodeAnalyzer - INFO - -> Analizzando versione 1.0.0 (1/27)...
2025-11-12 10:30:32,888 - UnicodeAnalyzer - INFO - -> Analizzando versione 1.0.1 (2/27)...
2025-11-12 10:30:32,889 - UnicodeAnalyzer - INFO - -> Analizzando versione 1.0.2 (3/27)...
2025-11-12 10:30:32,889 - UnicodeAnalyzer - INFO - -> Analizzando versione 1.0.3 (4/27)...
2025-11-12 10:30:32,890 - UnicodeAnalyzer - INFO - -> Analizzando versione 1.0.4 (5/27)...
2025-11-12 10:30:32,890 - UnicodeAnalyzer - INFO - -> Analizzando versione 1.0.5 (6/27)...
2025-11-12 10:30:32,891 - UnicodeAnalyzer - INFO - -> Analizzando versione 1.0.6 (7/27)...
2025-11-12 10:30:32,891 - UnicodeAnalyzer - INFO - -> Analizzando versione 1.0.7 (8/27)...
2025-11-12 10:30:32,892 - UnicodeAnalyzer - INFO - -> Analizzando versione 1.0.8 (9/27)...
2025-11-12 10:30:32,892 - UnicodeAnalyzer - INFO - -> Analizzando versione 1.0.9 (10/27)...
2025-11-12 10:30:32,893 - UnicodeAnalyzer - INFO - -> Analizzando versione 2.0.0 (11/27)...
2025-11-12 10:30:32,893 - UnicodeAnalyzer - INFO - -> Analizzando versione 3.0.0 (12/27)...
2025-11-12 10:30:32,894 - UnicodeAnalyzer - INFO - -> Analizzando versione 3.1.0 (13/27)...
2025-11-12 10:30:32,894 - UnicodeAnalyzer - INFO - -> Analizzando versione 4.0.0 (14/27)...
2025-11-12 10:30:32,895 - UnicodeAnalyzer - INFO - -> Analizzando versione 4.1.0 (15/27)...
2025-11-12 10:30:32,895 - UnicodeAnalyzer - INFO - -> Analizzando versione 4.2.0 (16/27)...
2025-11-12 10:30:32,896 - UnicodeAnalyzer - INFO - -> Analizzando versione 4.3.0 (17/27)...
2025-11-12 10:30:32,896 - UnicodeAnalyzer - INFO - -> Analizzando versione 4.3.1 (18/27)...
2025-11-12 10:30:32,897 - UnicodeAnalyzer - INFO - -> Analizzando versione 4.3.2 (19/27)...
2025-11-12 10:30:32,897 - UnicodeAnalyzer - INFO - -> Analizzando versione 4.3.3 (20/27)...
2025-11-12 10:30:32,898 - UnicodeAnalyzer - INFO - -> Analizzando versione 4.3.4 (21/27)...
2025-11-12 10:30:32,899 - UnicodeAnalyzer - INFO - -> Analizzando versione 5.0.0 (22/27)...
2025-11-12 10:30:32,899 - UnicodeAnalyzer - INFO - -> Analizzando versione 6.0.0 (23/27)...
2025-11-12 10:30:32,900 - UnicodeAnalyzer - INFO - -> Analizzando versione 7.0.0 (24/27)...
2025-11-12 10:30:32,900 - UnicodeAnalyzer - INFO - -> Analizzando versione 7.0.0-canary-3 (25/27)...
2025-11-12 10:30:32,901 - UnicodeAnalyzer - INFO - -> Analizzando versione 7.0.1 (26/27)...
2025-11-12 10:30:32,902 - UnicodeAnalyzer - INFO - -> Analizzando versione 7.0.1-canary-4 (27/27)...
2025-11-12 10:30:32,902 - UnicodeAnalyzer - INFO - Esportando i risultati HUT per 'acorn-globals' in CSV...
2025-11-12 10:30:32,936 - UnicodeAnalyzer - INFO - Report salvati in: /app/npm_hut_results/acorn-globals
2025-11-12 10:30:32,936 - NPM_HUT_Analyzer - INFO - Pulizia cartella temporanea 'temp_hut/acorn-globals'...
2025-11-12 10:30:32,938 - NPM_HUT_Analyzer - INFO - Pulizia completata.
