2025-10-30 14:51:46,696 - NPM_Analyzer - INFO - Fetching metadata for 'builtins'...
2025-10-30 14:51:46,821 - NPM_Analyzer - INFO - Found 21 versions. Starting download into 'temp/builtins'...
2025-10-30 14:51:58,253 - BlankSpaceAnalyzer - INFO - Analyzing 21 versions for '*.js' in 'builtins'.
2025-10-30 14:51:58,253 - BlankSpaceAnalyzer - INFO - -> Analyzing version 0.0.0 (1/21)...
2025-10-30 14:51:58,254 - BlankSpaceAnalyzer - INFO - -> Analyzing version 0.0.1 (2/21)...
2025-10-30 14:51:58,255 - BlankSpaceAnalyzer - INFO - -> Analyzing version 0.0.2 (3/21)...
2025-10-30 14:51:58,255 - BlankSpaceAnalyzer - INFO - -> Analyzing version 0.0.3 (4/21)...
2025-10-30 14:51:58,256 - BlankSpaceAnalyzer - INFO - -> Analyzing version 0.0.4 (5/21)...
2025-10-30 14:51:58,256 - BlankSpaceAnalyzer - INFO - -> Analyzing version 0.0.5 (6/21)...
2025-10-30 14:51:58,257 - BlankSpaceAnalyzer - INFO - -> Analyzing version 0.0.6 (7/21)...
2025-10-30 14:51:58,257 - BlankSpaceAnalyzer - INFO - -> Analyzing version 0.0.7 (8/21)...
2025-10-30 14:51:58,258 - BlankSpaceAnalyzer - INFO - -> Analyzing version 1.0.0 (9/21)...
2025-10-30 14:51:58,258 - BlankSpaceAnalyzer - INFO - -> Analyzing version 1.0.1 (10/21)...
2025-10-30 14:51:58,259 - BlankSpaceAnalyzer - INFO - -> Analyzing version 1.0.2 (11/21)...
2025-10-30 14:51:58,260 - BlankSpaceAnalyzer - INFO - -> Analyzing version 1.0.3 (12/21)...
2025-10-30 14:51:58,260 - BlankSpaceAnalyzer - INFO - -> Analyzing version 2.0.0 (13/21)...
2025-10-30 14:51:58,386 - BlankSpaceAnalyzer - INFO - -> Analyzing version 2.0.1 (14/21)...
2025-10-30 14:51:58,486 - BlankSpaceAnalyzer - INFO - -> Analyzing version 3.0.0 (15/21)...
2025-10-30 14:51:58,585 - BlankSpaceAnalyzer - INFO - -> Analyzing version 3.0.1 (16/21)...
2025-10-30 14:51:58,586 - BlankSpaceAnalyzer - INFO - -> Analyzing version 4.0.0 (17/21)...
2025-10-30 14:51:58,586 - BlankSpaceAnalyzer - INFO - -> Analyzing version 4.1.0 (18/21)...
2025-10-30 14:51:58,586 - BlankSpaceAnalyzer - INFO - -> Analyzing version 5.0.0 (19/21)...
2025-10-30 14:51:58,586 - BlankSpaceAnalyzer - INFO - -> Analyzing version 5.0.1 (20/21)...
2025-10-30 14:51:58,587 - BlankSpaceAnalyzer - INFO - -> Analyzing version 5.1.0 (21/21)...
2025-10-30 14:51:58,587 - BlankSpaceAnalyzer - INFO - Exporting results for 'builtins' to CSV...
2025-10-30 14:51:58,606 - BlankSpaceAnalyzer - INFO - Reports saved in: /app/npm_results/builtins
2025-10-30 14:51:58,606 - NPM_Analyzer - INFO - Cleaning temporary folder 'temp/builtins'...
2025-10-30 14:51:58,609 - NPM_Analyzer - INFO - Cleanup completed.
