2025-10-27 05:04:35,547 - NPM_Analyzer - INFO - Fetching metadata for '@actions/core'...
2025-10-27 05:04:35,747 - NPM_Analyzer - INFO - Found 28 versions. Starting download into 'temp/@actions_core'...
2025-10-27 05:05:05,399 - BlankSpaceAnalyzer - INFO - Analyzing 28 versions for '*.js' in '@actions_core'.
2025-10-27 05:05:05,399 - BlankSpaceAnalyzer - INFO - -> Analyzing version 1.0.0 (1/28)...
2025-10-27 05:05:05,498 - BlankSpaceAnalyzer - INFO - -> Analyzing version 1.1.0 (2/28)...
2025-10-27 05:05:05,565 - BlankSpaceAnalyzer - INFO - -> Analyzing version 1.1.1 (3/28)...
2025-10-27 05:05:05,638 - BlankSpaceAnalyzer - INFO - -> Analyzing version 1.1.2 (4/28)...
2025-10-27 05:05:05,708 - BlankSpaceAnalyzer - INFO - -> Analyzing version 1.1.3 (5/28)...
2025-10-27 05:05:05,775 - BlankSpaceAnalyzer - INFO - -> Analyzing version 1.10.0 (6/28)...
2025-10-27 05:05:05,844 - BlankSpaceAnalyzer - INFO - -> Analyzing version 1.10.1 (7/28)...
2025-10-27 05:05:05,915 - BlankSpaceAnalyzer - INFO - -> Analyzing version 1.11.0 (8/28)...
2025-10-27 05:05:05,989 - BlankSpaceAnalyzer - INFO - -> Analyzing version 1.11.1 (9/28)...
2025-10-27 05:05:06,058 - BlankSpaceAnalyzer - INFO - -> Analyzing version 1.2.0 (10/28)...
2025-10-27 05:05:06,131 - BlankSpaceAnalyzer - INFO - -> Analyzing version 1.2.1 (11/28)...
2025-10-27 05:05:06,202 - BlankSpaceAnalyzer - INFO - -> Analyzing version 1.2.2 (12/28)...
2025-10-27 05:05:06,270 - BlankSpaceAnalyzer - INFO - -> Analyzing version 1.2.3 (13/28)...
2025-10-27 05:05:06,343 - BlankSpaceAnalyzer - INFO - -> Analyzing version 1.2.4 (14/28)...
2025-10-27 05:05:06,413 - BlankSpaceAnalyzer - INFO - -> Analyzing version 1.2.5 (15/28)...
2025-10-27 05:05:06,480 - BlankSpaceAnalyzer - INFO - -> Analyzing version 1.2.6 (16/28)...
2025-10-27 05:05:06,554 - BlankSpaceAnalyzer - INFO - -> Analyzing version 1.2.7 (17/28)...
2025-10-27 05:05:06,623 - BlankSpaceAnalyzer - INFO - -> Analyzing version 1.3.0 (18/28)...
2025-10-27 05:05:06,691 - BlankSpaceAnalyzer - INFO - -> Analyzing version 1.4.0 (19/28)...
2025-10-27 05:05:06,759 - BlankSpaceAnalyzer - INFO - -> Analyzing version 1.5.0 (20/28)...
2025-10-27 05:05:06,832 - BlankSpaceAnalyzer - INFO - -> Analyzing version 1.6.0 (21/28)...
2025-10-27 05:05:06,904 - BlankSpaceAnalyzer - INFO - -> Analyzing version 1.6.0-beta.0 (22/28)...
2025-10-27 05:05:06,972 - BlankSpaceAnalyzer - INFO - -> Analyzing version 1.7.0 (23/28)...
2025-10-27 05:05:07,047 - BlankSpaceAnalyzer - INFO - -> Analyzing version 1.8.0 (24/28)...
2025-10-27 05:05:07,118 - BlankSpaceAnalyzer - INFO - -> Analyzing version 1.8.1 (25/28)...
2025-10-27 05:05:07,186 - BlankSpaceAnalyzer - INFO - -> Analyzing version 1.8.2 (26/28)...
2025-10-27 05:05:07,254 - BlankSpaceAnalyzer - INFO - -> Analyzing version 1.9.0 (27/28)...
2025-10-27 05:05:07,327 - BlankSpaceAnalyzer - INFO - -> Analyzing version 1.9.1 (28/28)...
2025-10-27 05:05:07,403 - BlankSpaceAnalyzer - INFO - Exporting results for '@actions/core' to CSV...
2025-10-27 05:05:07,429 - BlankSpaceAnalyzer - INFO - Reports saved in: /app/npm_results/@actions_core
2025-10-27 05:05:07,429 - NPM_Analyzer - INFO - Cleaning temporary folder 'temp/@actions_core'...
2025-10-27 05:05:07,438 - NPM_Analyzer - INFO - Cleanup completed.
