2025-10-26 11:39:06,297 - NPM_Analyzer - INFO - Fetching metadata for 'errorhandler'...
2025-10-26 11:39:06,414 - NPM_Analyzer - INFO - Found 23 versions. Starting download into 'temp/errorhandler'...
2025-10-26 11:39:19,798 - BlankSpaceAnalyzer - INFO - Analyzing 23 versions for '*.js' in 'errorhandler'.
2025-10-26 11:39:19,799 - BlankSpaceAnalyzer - INFO - -> Analyzing version 1.0.0 (1/23)...
2025-10-26 11:39:19,800 - BlankSpaceAnalyzer - INFO - -> Analyzing version 1.0.1 (2/23)...
2025-10-26 11:39:19,801 - BlankSpaceAnalyzer - INFO - -> Analyzing version 1.0.2 (3/23)...
2025-10-26 11:39:19,803 - BlankSpaceAnalyzer - INFO - -> Analyzing version 1.1.0 (4/23)...
2025-10-26 11:39:19,804 - BlankSpaceAnalyzer - INFO - -> Analyzing version 1.1.1 (5/23)...
2025-10-26 11:39:19,805 - BlankSpaceAnalyzer - INFO - -> Analyzing version 1.2.0 (6/23)...
2025-10-26 11:39:19,806 - BlankSpaceAnalyzer - INFO - -> Analyzing version 1.2.1 (7/23)...
2025-10-26 11:39:19,807 - BlankSpaceAnalyzer - INFO - -> Analyzing version 1.2.2 (8/23)...
2025-10-26 11:39:19,808 - BlankSpaceAnalyzer - INFO - -> Analyzing version 1.2.3 (9/23)...
2025-10-26 11:39:19,810 - BlankSpaceAnalyzer - INFO - -> Analyzing version 1.2.4 (10/23)...
2025-10-26 11:39:19,811 - BlankSpaceAnalyzer - INFO - -> Analyzing version 1.3.0 (11/23)...
2025-10-26 11:39:19,812 - BlankSpaceAnalyzer - INFO - -> Analyzing version 1.3.1 (12/23)...
2025-10-26 11:39:19,813 - BlankSpaceAnalyzer - INFO - -> Analyzing version 1.3.2 (13/23)...
2025-10-26 11:39:19,814 - BlankSpaceAnalyzer - INFO - -> Analyzing version 1.3.3 (14/23)...
2025-10-26 11:39:19,816 - BlankSpaceAnalyzer - INFO - -> Analyzing version 1.3.4 (15/23)...
2025-10-26 11:39:19,817 - BlankSpaceAnalyzer - INFO - -> Analyzing version 1.3.5 (16/23)...
2025-10-26 11:39:19,819 - BlankSpaceAnalyzer - INFO - -> Analyzing version 1.3.6 (17/23)...
2025-10-26 11:39:19,821 - BlankSpaceAnalyzer - INFO - -> Analyzing version 1.4.0 (18/23)...
2025-10-26 11:39:19,822 - BlankSpaceAnalyzer - INFO - -> Analyzing version 1.4.1 (19/23)...
2025-10-26 11:39:19,823 - BlankSpaceAnalyzer - INFO - -> Analyzing version 1.4.2 (20/23)...
2025-10-26 11:39:19,824 - BlankSpaceAnalyzer - INFO - -> Analyzing version 1.4.3 (21/23)...
2025-10-26 11:39:19,825 - BlankSpaceAnalyzer - INFO - -> Analyzing version 1.5.0 (22/23)...
2025-10-26 11:39:19,826 - BlankSpaceAnalyzer - INFO - -> Analyzing version 1.5.1 (23/23)...
2025-10-26 11:39:19,827 - BlankSpaceAnalyzer - INFO - Exporting results for 'errorhandler' to CSV...
2025-10-26 11:39:19,855 - BlankSpaceAnalyzer - INFO - Reports saved in: /app/npm_results/errorhandler
2025-10-26 11:39:19,855 - NPM_Analyzer - INFO - Cleaning temporary folder 'temp/errorhandler'...
2025-10-26 11:39:19,859 - NPM_Analyzer - INFO - Cleanup completed.
