2025-11-07 07:07:45,749 - NPM_Analyzer - INFO - Fetching metadata for '@adraffy/ens-normalize'...
2025-11-07 07:07:45,955 - NPM_Analyzer - INFO - Found 52 versions. Starting download into 'temp/@adraffy_ens-normalize'...
2025-11-07 07:09:16,609 - BlankSpaceAnalyzer - INFO - Analyzing 52 versions for '*.js' in '@adraffy_ens-normalize'.
2025-11-07 07:09:16,609 - BlankSpaceAnalyzer - INFO - -> Analyzing version 1.0.0 (1/52)...
2025-11-07 07:09:16,611 - BlankSpaceAnalyzer - INFO - -> Analyzing version 1.0.1 (2/52)...
2025-11-07 07:09:16,612 - BlankSpaceAnalyzer - INFO - -> Analyzing version 1.0.10 (3/52)...
2025-11-07 07:09:16,680 - BlankSpaceAnalyzer - INFO - -> Analyzing version 1.0.2 (4/52)...
2025-11-07 07:09:16,681 - BlankSpaceAnalyzer - INFO - -> Analyzing version 1.0.3 (5/52)...
2025-11-07 07:09:16,681 - BlankSpaceAnalyzer - INFO - -> Analyzing version 1.0.4 (6/52)...
2025-11-07 07:09:16,682 - BlankSpaceAnalyzer - INFO - -> Analyzing version 1.0.5 (7/52)...
2025-11-07 07:09:16,682 - BlankSpaceAnalyzer - INFO - -> Analyzing version 1.0.6 (8/52)...
2025-11-07 07:09:16,682 - BlankSpaceAnalyzer - INFO - -> Analyzing version 1.0.7 (9/52)...
2025-11-07 07:09:16,722 - BlankSpaceAnalyzer - INFO - -> Analyzing version 1.0.8 (10/52)...
2025-11-07 07:09:16,760 - BlankSpaceAnalyzer - INFO - -> Analyzing version 1.0.9 (11/52)...
2025-11-07 07:09:16,804 - BlankSpaceAnalyzer - INFO - -> Analyzing version 1.1.0 (12/52)...
2025-11-07 07:09:16,846 - BlankSpaceAnalyzer - INFO - -> Analyzing version 1.1.1 (13/52)...
2025-11-07 07:09:16,888 - BlankSpaceAnalyzer - INFO - -> Analyzing version 1.10.0 (14/52)...
2025-11-07 07:09:16,932 - BlankSpaceAnalyzer - INFO - -> Analyzing version 1.10.1 (15/52)...
2025-11-07 07:09:16,976 - BlankSpaceAnalyzer - INFO - -> Analyzing version 1.11.0 (16/52)...
2025-11-07 07:09:17,020 - BlankSpaceAnalyzer - INFO - -> Analyzing version 1.11.1 (17/52)...
2025-11-07 07:09:17,064 - BlankSpaceAnalyzer - INFO - -> Analyzing version 1.2.0 (18/52)...
2025-11-07 07:09:17,106 - BlankSpaceAnalyzer - INFO - -> Analyzing version 1.2.1 (19/52)...
2025-11-07 07:09:17,149 - BlankSpaceAnalyzer - INFO - -> Analyzing version 1.2.2 (20/52)...
2025-11-07 07:09:17,192 - BlankSpaceAnalyzer - INFO - -> Analyzing version 1.3.0 (21/52)...
2025-11-07 07:09:17,236 - BlankSpaceAnalyzer - INFO - -> Analyzing version 1.3.10 (22/52)...
2025-11-07 07:09:17,281 - BlankSpaceAnalyzer - INFO - -> Analyzing version 1.3.11 (23/52)...
2025-11-07 07:09:17,327 - BlankSpaceAnalyzer - INFO - -> Analyzing version 1.3.12 (24/52)...
2025-11-07 07:09:17,373 - BlankSpaceAnalyzer - INFO - -> Analyzing version 1.3.16 (25/52)...
2025-11-07 07:09:17,419 - BlankSpaceAnalyzer - INFO - -> Analyzing version 1.3.2 (26/52)...
2025-11-07 07:09:17,465 - BlankSpaceAnalyzer - INFO - -> Analyzing version 1.3.4 (27/52)...
2025-11-07 07:09:17,511 - BlankSpaceAnalyzer - INFO - -> Analyzing version 1.3.7 (28/52)...
2025-11-07 07:09:17,557 - BlankSpaceAnalyzer - INFO - -> Analyzing version 1.3.9 (29/52)...
2025-11-07 07:09:17,603 - BlankSpaceAnalyzer - INFO - -> Analyzing version 1.5.0 (30/52)...
2025-11-07 07:09:17,647 - BlankSpaceAnalyzer - INFO - -> Analyzing version 1.5.1 (31/52)...
2025-11-07 07:09:17,692 - BlankSpaceAnalyzer - INFO - -> Analyzing version 1.5.2 (32/52)...
2025-11-07 07:09:17,737 - BlankSpaceAnalyzer - INFO - -> Analyzing version 1.5.3 (33/52)...
2025-11-07 07:09:17,781 - BlankSpaceAnalyzer - INFO - -> Analyzing version 1.5.4 (34/52)...
2025-11-07 07:09:17,825 - BlankSpaceAnalyzer - INFO - -> Analyzing version 1.5.5 (35/52)...
2025-11-07 07:09:17,871 - BlankSpaceAnalyzer - INFO - -> Analyzing version 1.5.6 (36/52)...
2025-11-07 07:09:17,915 - BlankSpaceAnalyzer - INFO - -> Analyzing version 1.6.0 (37/52)...
2025-11-07 07:09:17,960 - BlankSpaceAnalyzer - INFO - -> Analyzing version 1.6.1 (38/52)...
2025-11-07 07:09:18,005 - BlankSpaceAnalyzer - INFO - -> Analyzing version 1.6.11 (39/52)...
2025-11-07 07:09:18,049 - BlankSpaceAnalyzer - INFO - -> Analyzing version 1.6.12 (40/52)...
2025-11-07 07:09:18,094 - BlankSpaceAnalyzer - INFO - -> Analyzing version 1.6.3 (41/52)...
2025-11-07 07:09:18,137 - BlankSpaceAnalyzer - INFO - -> Analyzing version 1.6.4 (42/52)...
2025-11-07 07:09:18,181 - BlankSpaceAnalyzer - INFO - -> Analyzing version 1.6.7 (43/52)...
2025-11-07 07:09:18,224 - BlankSpaceAnalyzer - INFO - -> Analyzing version 1.8.10 (44/52)...
2025-11-07 07:09:18,268 - BlankSpaceAnalyzer - INFO - -> Analyzing version 1.8.3 (45/52)...
2025-11-07 07:09:18,312 - BlankSpaceAnalyzer - INFO - -> Analyzing version 1.8.6 (46/52)...
2025-11-07 07:09:18,357 - BlankSpaceAnalyzer - INFO - -> Analyzing version 1.8.8 (47/52)...
2025-11-07 07:09:18,401 - BlankSpaceAnalyzer - INFO - -> Analyzing version 1.8.9 (48/52)...
2025-11-07 07:09:18,445 - BlankSpaceAnalyzer - INFO - -> Analyzing version 1.9.0 (49/52)...
2025-11-07 07:09:18,489 - BlankSpaceAnalyzer - INFO - -> Analyzing version 1.9.1 (50/52)...
2025-11-07 07:09:18,533 - BlankSpaceAnalyzer - INFO - -> Analyzing version 1.9.2 (51/52)...
2025-11-07 07:09:18,576 - BlankSpaceAnalyzer - INFO - -> Analyzing version 1.9.4 (52/52)...
2025-11-07 07:09:18,620 - BlankSpaceAnalyzer - INFO - Exporting results for '@adraffy/ens-normalize' to CSV...
2025-11-07 07:09:18,672 - BlankSpaceAnalyzer - INFO - Reports saved in: /app/npm_results/@adraffy_ens-normalize
2025-11-07 07:09:18,673 - NPM_Analyzer - INFO - Cleaning temporary folder 'temp/@adraffy_ens-normalize'...
2025-11-07 07:09:18,690 - NPM_Analyzer - INFO - Cleanup completed.
