2025-11-08 04:35:45,976 - NPM_Analyzer - INFO - Fetching metadata for '@npmcli/query'...
2025-11-08 04:35:46,205 - NPM_Analyzer - INFO - Found 13 versions. Starting download into 'temp/@npmcli_query'...
2025-11-08 04:35:57,857 - BlankSpaceAnalyzer - INFO - Analyzing 13 versions for '*.js' in '@npmcli_query'.
2025-11-08 04:35:57,857 - BlankSpaceAnalyzer - INFO - -> Analyzing version 1.0.0 (1/13)...
2025-11-08 04:35:57,858 - BlankSpaceAnalyzer - INFO - -> Analyzing version 1.0.1 (2/13)...
2025-11-08 04:35:57,860 - BlankSpaceAnalyzer - INFO - -> Analyzing version 1.0.2 (3/13)...
2025-11-08 04:35:57,861 - BlankSpaceAnalyzer - INFO - -> Analyzing version 1.1.0 (4/13)...
2025-11-08 04:35:57,862 - BlankSpaceAnalyzer - INFO - -> Analyzing version 1.1.1 (5/13)...
2025-11-08 04:35:57,864 - BlankSpaceAnalyzer - INFO - -> Analyzing version 1.2.0 (6/13)...
2025-11-08 04:35:57,865 - BlankSpaceAnalyzer - INFO - -> Analyzing version 2.0.0 (7/13)...
2025-11-08 04:35:57,866 - BlankSpaceAnalyzer - INFO - -> Analyzing version 3.0.0 (8/13)...
2025-11-08 04:35:57,868 - BlankSpaceAnalyzer - INFO - -> Analyzing version 3.0.1 (9/13)...
2025-11-08 04:35:57,869 - BlankSpaceAnalyzer - INFO - -> Analyzing version 3.1.0 (10/13)...
2025-11-08 04:35:57,871 - BlankSpaceAnalyzer - INFO - -> Analyzing version 4.0.0 (11/13)...
2025-11-08 04:35:57,872 - BlankSpaceAnalyzer - INFO - -> Analyzing version 4.0.1 (12/13)...
2025-11-08 04:35:57,873 - BlankSpaceAnalyzer - INFO - -> Analyzing version 5.0.0 (13/13)...
2025-11-08 04:35:57,879 - BlankSpaceAnalyzer - INFO - Exporting results for '@npmcli/query' to CSV...
2025-11-08 04:35:57,903 - BlankSpaceAnalyzer - INFO - Reports saved in: /app/npm_results/@npmcli_query
2025-11-08 04:35:57,903 - NPM_Analyzer - INFO - Cleaning temporary folder 'temp/@npmcli_query'...
2025-11-08 04:35:57,906 - NPM_Analyzer - INFO - Cleanup completed.
2025-11-08 19:30:44,846 - NPM_Analyzer - INFO - Fetching metadata for '@npmcli/query'...
2025-11-08 19:30:45,075 - NPM_Analyzer - INFO - Found 13 versions. Starting download into 'temp/@npmcli_query'...
2025-11-08 19:30:55,538 - BlankSpaceAnalyzer - INFO - Analyzing 13 versions for '*.js' in '@npmcli_query'.
2025-11-08 19:30:55,538 - BlankSpaceAnalyzer - INFO - -> Analyzing version 1.0.0 (1/13)...
2025-11-08 19:30:55,540 - BlankSpaceAnalyzer - INFO - -> Analyzing version 1.0.1 (2/13)...
2025-11-08 19:30:55,541 - BlankSpaceAnalyzer - INFO - -> Analyzing version 1.0.2 (3/13)...
2025-11-08 19:30:55,543 - BlankSpaceAnalyzer - INFO - -> Analyzing version 1.1.0 (4/13)...
2025-11-08 19:30:55,544 - BlankSpaceAnalyzer - INFO - -> Analyzing version 1.1.1 (5/13)...
2025-11-08 19:30:55,545 - BlankSpaceAnalyzer - INFO - -> Analyzing version 1.2.0 (6/13)...
2025-11-08 19:30:55,547 - BlankSpaceAnalyzer - INFO - -> Analyzing version 2.0.0 (7/13)...
2025-11-08 19:30:55,548 - BlankSpaceAnalyzer - INFO - -> Analyzing version 3.0.0 (8/13)...
2025-11-08 19:30:55,549 - BlankSpaceAnalyzer - INFO - -> Analyzing version 3.0.1 (9/13)...
2025-11-08 19:30:55,551 - BlankSpaceAnalyzer - INFO - -> Analyzing version 3.1.0 (10/13)...
2025-11-08 19:30:55,552 - BlankSpaceAnalyzer - INFO - -> Analyzing version 4.0.0 (11/13)...
2025-11-08 19:30:55,554 - BlankSpaceAnalyzer - INFO - -> Analyzing version 4.0.1 (12/13)...
2025-11-08 19:30:55,555 - BlankSpaceAnalyzer - INFO - -> Analyzing version 5.0.0 (13/13)...
2025-11-08 19:30:55,560 - BlankSpaceAnalyzer - INFO - Exporting results for '@npmcli/query' to CSV...
2025-11-08 19:30:55,585 - BlankSpaceAnalyzer - INFO - Reports saved in: /app/npm_results/@npmcli_query
2025-11-08 19:30:55,585 - NPM_Analyzer - INFO - Cleaning temporary folder 'temp/@npmcli_query'...
2025-11-08 19:30:55,588 - NPM_Analyzer - INFO - Cleanup completed.
2025-11-09 05:59:21,046 - NPM_Analyzer - INFO - Fetching metadata for '@npmcli/query'...
2025-11-09 05:59:22,445 - NPM_Analyzer - INFO - Found 13 versions. Starting download into 'temp/@npmcli_query'...
2025-11-09 05:59:32,531 - BlankSpaceAnalyzer - INFO - Analyzing 13 versions for '*.js' in '@npmcli_query'.
2025-11-09 05:59:32,532 - BlankSpaceAnalyzer - INFO - -> Analyzing version 1.0.0 (1/13)...
2025-11-09 05:59:32,533 - BlankSpaceAnalyzer - INFO - -> Analyzing version 1.0.1 (2/13)...
2025-11-09 05:59:32,534 - BlankSpaceAnalyzer - INFO - -> Analyzing version 1.0.2 (3/13)...
2025-11-09 05:59:32,536 - BlankSpaceAnalyzer - INFO - -> Analyzing version 1.1.0 (4/13)...
2025-11-09 05:59:32,537 - BlankSpaceAnalyzer - INFO - -> Analyzing version 1.1.1 (5/13)...
2025-11-09 05:59:32,538 - BlankSpaceAnalyzer - INFO - -> Analyzing version 1.2.0 (6/13)...
2025-11-09 05:59:32,539 - BlankSpaceAnalyzer - INFO - -> Analyzing version 2.0.0 (7/13)...
2025-11-09 05:59:32,541 - BlankSpaceAnalyzer - INFO - -> Analyzing version 3.0.0 (8/13)...
2025-11-09 05:59:32,542 - BlankSpaceAnalyzer - INFO - -> Analyzing version 3.0.1 (9/13)...
2025-11-09 05:59:32,543 - BlankSpaceAnalyzer - INFO - -> Analyzing version 3.1.0 (10/13)...
2025-11-09 05:59:32,545 - BlankSpaceAnalyzer - INFO - -> Analyzing version 4.0.0 (11/13)...
2025-11-09 05:59:32,546 - BlankSpaceAnalyzer - INFO - -> Analyzing version 4.0.1 (12/13)...
2025-11-09 05:59:32,547 - BlankSpaceAnalyzer - INFO - -> Analyzing version 5.0.0 (13/13)...
2025-11-09 05:59:32,552 - BlankSpaceAnalyzer - INFO - Exporting results for '@npmcli/query' to CSV...
2025-11-09 05:59:32,576 - BlankSpaceAnalyzer - INFO - Reports saved in: /app/npm_results/@npmcli_query
2025-11-09 05:59:32,577 - NPM_Analyzer - INFO - Cleaning temporary folder 'temp/@npmcli_query'...
2025-11-09 05:59:32,579 - NPM_Analyzer - INFO - Cleanup completed.
2025-11-09 16:26:46,215 - NPM_Analyzer - INFO - Fetching metadata for '@npmcli/query'...
2025-11-09 16:26:46,331 - NPM_Analyzer - INFO - Found 13 versions. Starting download into 'temp/@npmcli_query'...
2025-11-09 16:26:55,605 - BlankSpaceAnalyzer - INFO - Analyzing 13 versions for '*.js' in '@npmcli_query'.
2025-11-09 16:26:55,605 - BlankSpaceAnalyzer - INFO - -> Analyzing version 1.0.0 (1/13)...
2025-11-09 16:26:55,606 - BlankSpaceAnalyzer - INFO - -> Analyzing version 1.0.1 (2/13)...
2025-11-09 16:26:55,608 - BlankSpaceAnalyzer - INFO - -> Analyzing version 1.0.2 (3/13)...
2025-11-09 16:26:55,609 - BlankSpaceAnalyzer - INFO - -> Analyzing version 1.1.0 (4/13)...
2025-11-09 16:26:55,610 - BlankSpaceAnalyzer - INFO - -> Analyzing version 1.1.1 (5/13)...
2025-11-09 16:26:55,612 - BlankSpaceAnalyzer - INFO - -> Analyzing version 1.2.0 (6/13)...
2025-11-09 16:26:55,613 - BlankSpaceAnalyzer - INFO - -> Analyzing version 2.0.0 (7/13)...
2025-11-09 16:26:55,614 - BlankSpaceAnalyzer - INFO - -> Analyzing version 3.0.0 (8/13)...
2025-11-09 16:26:55,616 - BlankSpaceAnalyzer - INFO - -> Analyzing version 3.0.1 (9/13)...
2025-11-09 16:26:55,617 - BlankSpaceAnalyzer - INFO - -> Analyzing version 3.1.0 (10/13)...
2025-11-09 16:26:55,618 - BlankSpaceAnalyzer - INFO - -> Analyzing version 4.0.0 (11/13)...
2025-11-09 16:26:55,620 - BlankSpaceAnalyzer - INFO - -> Analyzing version 4.0.1 (12/13)...
2025-11-09 16:26:55,621 - BlankSpaceAnalyzer - INFO - -> Analyzing version 5.0.0 (13/13)...
2025-11-09 16:26:55,626 - BlankSpaceAnalyzer - INFO - Exporting results for '@npmcli/query' to CSV...
2025-11-09 16:26:55,650 - BlankSpaceAnalyzer - INFO - Reports saved in: /app/npm_results/@npmcli_query
2025-11-09 16:26:55,651 - NPM_Analyzer - INFO - Cleaning temporary folder 'temp/@npmcli_query'...
2025-11-09 16:26:55,653 - NPM_Analyzer - INFO - Cleanup completed.
2025-11-10 02:57:37,773 - NPM_Analyzer - INFO - Fetching metadata for '@npmcli/query'...
2025-11-10 02:57:37,993 - NPM_Analyzer - INFO - Found 13 versions. Starting download into 'temp/@npmcli_query'...
2025-11-10 02:57:47,203 - BlankSpaceAnalyzer - INFO - Analyzing 13 versions for '*.js' in '@npmcli_query'.
2025-11-10 02:57:47,204 - BlankSpaceAnalyzer - INFO - -> Analyzing version 1.0.0 (1/13)...
2025-11-10 02:57:47,205 - BlankSpaceAnalyzer - INFO - -> Analyzing version 1.0.1 (2/13)...
2025-11-10 02:57:47,206 - BlankSpaceAnalyzer - INFO - -> Analyzing version 1.0.2 (3/13)...
2025-11-10 02:57:47,208 - BlankSpaceAnalyzer - INFO - -> Analyzing version 1.1.0 (4/13)...
2025-11-10 02:57:47,209 - BlankSpaceAnalyzer - INFO - -> Analyzing version 1.1.1 (5/13)...
2025-11-10 02:57:47,210 - BlankSpaceAnalyzer - INFO - -> Analyzing version 1.2.0 (6/13)...
2025-11-10 02:57:47,212 - BlankSpaceAnalyzer - INFO - -> Analyzing version 2.0.0 (7/13)...
2025-11-10 02:57:47,213 - BlankSpaceAnalyzer - INFO - -> Analyzing version 3.0.0 (8/13)...
2025-11-10 02:57:47,214 - BlankSpaceAnalyzer - INFO - -> Analyzing version 3.0.1 (9/13)...
2025-11-10 02:57:47,216 - BlankSpaceAnalyzer - INFO - -> Analyzing version 3.1.0 (10/13)...
2025-11-10 02:57:47,217 - BlankSpaceAnalyzer - INFO - -> Analyzing version 4.0.0 (11/13)...
2025-11-10 02:57:47,218 - BlankSpaceAnalyzer - INFO - -> Analyzing version 4.0.1 (12/13)...
2025-11-10 02:57:47,220 - BlankSpaceAnalyzer - INFO - -> Analyzing version 5.0.0 (13/13)...
2025-11-10 02:57:47,225 - BlankSpaceAnalyzer - INFO - Exporting results for '@npmcli/query' to CSV...
2025-11-10 02:57:47,249 - BlankSpaceAnalyzer - INFO - Reports saved in: /app/npm_results/@npmcli_query
2025-11-10 02:57:47,249 - NPM_Analyzer - INFO - Cleaning temporary folder 'temp/@npmcli_query'...
2025-11-10 02:57:47,251 - NPM_Analyzer - INFO - Cleanup completed.
2025-11-10 13:09:30,940 - NPM_Analyzer - INFO - Fetching metadata for '@npmcli/query'...
2025-11-10 13:09:31,164 - NPM_Analyzer - INFO - Found 13 versions. Starting download into 'temp/@npmcli_query'...
2025-11-10 13:09:39,707 - BlankSpaceAnalyzer - INFO - Analyzing 13 versions for '*.js' in '@npmcli_query'.
2025-11-10 13:09:39,708 - BlankSpaceAnalyzer - INFO - -> Analyzing version 1.0.0 (1/13)...
2025-11-10 13:09:39,708 - BlankSpaceAnalyzer - INFO - -> Analyzing version 1.0.1 (2/13)...
2025-11-10 13:09:39,708 - BlankSpaceAnalyzer - INFO - -> Analyzing version 1.0.2 (3/13)...
2025-11-10 13:09:39,709 - BlankSpaceAnalyzer - INFO - -> Analyzing version 1.1.0 (4/13)...
2025-11-10 13:09:39,709 - BlankSpaceAnalyzer - INFO - -> Analyzing version 1.1.1 (5/13)...
2025-11-10 13:09:39,709 - BlankSpaceAnalyzer - INFO - -> Analyzing version 1.2.0 (6/13)...
2025-11-10 13:09:39,710 - BlankSpaceAnalyzer - INFO - -> Analyzing version 2.0.0 (7/13)...
2025-11-10 13:09:39,710 - BlankSpaceAnalyzer - INFO - -> Analyzing version 3.0.0 (8/13)...
2025-11-10 13:09:39,710 - BlankSpaceAnalyzer - INFO - -> Analyzing version 3.0.1 (9/13)...
2025-11-10 13:09:39,711 - BlankSpaceAnalyzer - INFO - -> Analyzing version 3.1.0 (10/13)...
2025-11-10 13:09:39,711 - BlankSpaceAnalyzer - INFO - -> Analyzing version 4.0.0 (11/13)...
2025-11-10 13:09:39,711 - BlankSpaceAnalyzer - INFO - -> Analyzing version 4.0.1 (12/13)...
2025-11-10 13:09:39,712 - BlankSpaceAnalyzer - INFO - -> Analyzing version 5.0.0 (13/13)...
2025-11-10 13:09:39,713 - BlankSpaceAnalyzer - INFO - Exporting results for '@npmcli/query' to CSV...
2025-11-10 13:09:39,722 - BlankSpaceAnalyzer - INFO - Reports saved in: /app/npm_results/@npmcli_query
2025-11-10 13:09:39,722 - NPM_Analyzer - INFO - Cleaning temporary folder 'temp/@npmcli_query'...
2025-11-10 13:09:39,724 - NPM_Analyzer - INFO - Cleanup completed.
2025-11-10 23:36:30,400 - NPM_Analyzer - INFO - Fetching metadata for '@npmcli/query'...
2025-11-10 23:36:30,540 - NPM_Analyzer - INFO - Found 13 versions. Starting download into 'temp/@npmcli_query'...
2025-11-10 23:36:38,355 - BlankSpaceAnalyzer - INFO - Analyzing 13 versions for '*.js' in '@npmcli_query'.
2025-11-10 23:36:38,355 - BlankSpaceAnalyzer - INFO - -> Analyzing version 1.0.0 (1/13)...
2025-11-10 23:36:38,356 - BlankSpaceAnalyzer - INFO - -> Analyzing version 1.0.1 (2/13)...
2025-11-10 23:36:38,357 - BlankSpaceAnalyzer - INFO - -> Analyzing version 1.0.2 (3/13)...
2025-11-10 23:36:38,359 - BlankSpaceAnalyzer - INFO - -> Analyzing version 1.1.0 (4/13)...
2025-11-10 23:36:38,360 - BlankSpaceAnalyzer - INFO - -> Analyzing version 1.1.1 (5/13)...
2025-11-10 23:36:38,361 - BlankSpaceAnalyzer - INFO - -> Analyzing version 1.2.0 (6/13)...
2025-11-10 23:36:38,362 - BlankSpaceAnalyzer - INFO - -> Analyzing version 2.0.0 (7/13)...
2025-11-10 23:36:38,364 - BlankSpaceAnalyzer - INFO - -> Analyzing version 3.0.0 (8/13)...
2025-11-10 23:36:38,365 - BlankSpaceAnalyzer - INFO - -> Analyzing version 3.0.1 (9/13)...
2025-11-10 23:36:38,366 - BlankSpaceAnalyzer - INFO - -> Analyzing version 3.1.0 (10/13)...
2025-11-10 23:36:38,368 - BlankSpaceAnalyzer - INFO - -> Analyzing version 4.0.0 (11/13)...
2025-11-10 23:36:38,369 - BlankSpaceAnalyzer - INFO - -> Analyzing version 4.0.1 (12/13)...
2025-11-10 23:36:38,370 - BlankSpaceAnalyzer - INFO - -> Analyzing version 5.0.0 (13/13)...
2025-11-10 23:36:38,376 - BlankSpaceAnalyzer - INFO - Exporting results for '@npmcli/query' to CSV...
2025-11-10 23:36:38,401 - BlankSpaceAnalyzer - INFO - Reports saved in: /app/npm_results/@npmcli_query
2025-11-10 23:36:38,401 - NPM_Analyzer - INFO - Cleaning temporary folder 'temp/@npmcli_query'...
2025-11-10 23:36:38,404 - NPM_Analyzer - INFO - Cleanup completed.
2025-11-11 09:55:36,777 - NPM_Analyzer - INFO - Fetching metadata for '@npmcli/query'...
2025-11-11 09:55:36,886 - NPM_Analyzer - INFO - Found 13 versions. Starting download into 'temp/@npmcli_query'...
2025-11-11 09:55:44,415 - BlankSpaceAnalyzer - INFO - Analyzing 13 versions for '*.js' in '@npmcli_query'.
2025-11-11 09:55:44,415 - BlankSpaceAnalyzer - INFO - -> Analyzing version 1.0.0 (1/13)...
2025-11-11 09:55:44,415 - BlankSpaceAnalyzer - INFO - -> Analyzing version 1.0.1 (2/13)...
2025-11-11 09:55:44,416 - BlankSpaceAnalyzer - INFO - -> Analyzing version 1.0.2 (3/13)...
2025-11-11 09:55:44,416 - BlankSpaceAnalyzer - INFO - -> Analyzing version 1.1.0 (4/13)...
2025-11-11 09:55:44,416 - BlankSpaceAnalyzer - INFO - -> Analyzing version 1.1.1 (5/13)...
2025-11-11 09:55:44,417 - BlankSpaceAnalyzer - INFO - -> Analyzing version 1.2.0 (6/13)...
2025-11-11 09:55:44,417 - BlankSpaceAnalyzer - INFO - -> Analyzing version 2.0.0 (7/13)...
2025-11-11 09:55:44,417 - BlankSpaceAnalyzer - INFO - -> Analyzing version 3.0.0 (8/13)...
2025-11-11 09:55:44,418 - BlankSpaceAnalyzer - INFO - -> Analyzing version 3.0.1 (9/13)...
2025-11-11 09:55:44,418 - BlankSpaceAnalyzer - INFO - -> Analyzing version 3.1.0 (10/13)...
2025-11-11 09:55:44,418 - BlankSpaceAnalyzer - INFO - -> Analyzing version 4.0.0 (11/13)...
2025-11-11 09:55:44,419 - BlankSpaceAnalyzer - INFO - -> Analyzing version 4.0.1 (12/13)...
2025-11-11 09:55:44,419 - BlankSpaceAnalyzer - INFO - -> Analyzing version 5.0.0 (13/13)...
2025-11-11 09:55:44,420 - BlankSpaceAnalyzer - INFO - Exporting results for '@npmcli/query' to CSV...
2025-11-11 09:55:44,428 - BlankSpaceAnalyzer - INFO - Reports saved in: /app/npm_results/@npmcli_query
2025-11-11 09:55:44,429 - NPM_Analyzer - INFO - Cleaning temporary folder 'temp/@npmcli_query'...
2025-11-11 09:55:44,431 - NPM_Analyzer - INFO - Cleanup completed.
2025-11-11 20:29:22,715 - NPM_Analyzer - INFO - Fetching metadata for '@npmcli/query'...
2025-11-11 20:29:22,923 - NPM_Analyzer - INFO - Found 13 versions. Starting download into 'temp/@npmcli_query'...
2025-11-11 20:29:31,736 - BlankSpaceAnalyzer - INFO - Analyzing 13 versions for '*.js' in '@npmcli_query'.
2025-11-11 20:29:31,736 - BlankSpaceAnalyzer - INFO - -> Analyzing version 1.0.0 (1/13)...
2025-11-11 20:29:31,738 - BlankSpaceAnalyzer - INFO - -> Analyzing version 1.0.1 (2/13)...
2025-11-11 20:29:31,739 - BlankSpaceAnalyzer - INFO - -> Analyzing version 1.0.2 (3/13)...
2025-11-11 20:29:31,741 - BlankSpaceAnalyzer - INFO - -> Analyzing version 1.1.0 (4/13)...
2025-11-11 20:29:31,742 - BlankSpaceAnalyzer - INFO - -> Analyzing version 1.1.1 (5/13)...
2025-11-11 20:29:31,743 - BlankSpaceAnalyzer - INFO - -> Analyzing version 1.2.0 (6/13)...
2025-11-11 20:29:31,745 - BlankSpaceAnalyzer - INFO - -> Analyzing version 2.0.0 (7/13)...
2025-11-11 20:29:31,746 - BlankSpaceAnalyzer - INFO - -> Analyzing version 3.0.0 (8/13)...
2025-11-11 20:29:31,747 - BlankSpaceAnalyzer - INFO - -> Analyzing version 3.0.1 (9/13)...
2025-11-11 20:29:31,748 - BlankSpaceAnalyzer - INFO - -> Analyzing version 3.1.0 (10/13)...
2025-11-11 20:29:31,749 - BlankSpaceAnalyzer - INFO - -> Analyzing version 4.0.0 (11/13)...
2025-11-11 20:29:31,751 - BlankSpaceAnalyzer - INFO - -> Analyzing version 4.0.1 (12/13)...
2025-11-11 20:29:31,752 - BlankSpaceAnalyzer - INFO - -> Analyzing version 5.0.0 (13/13)...
2025-11-11 20:29:31,757 - BlankSpaceAnalyzer - INFO - Exporting results for '@npmcli/query' to CSV...
2025-11-11 20:29:31,781 - BlankSpaceAnalyzer - INFO - Reports saved in: /app/npm_results/@npmcli_query
2025-11-11 20:29:31,781 - NPM_Analyzer - INFO - Cleaning temporary folder 'temp/@npmcli_query'...
2025-11-11 20:29:31,784 - NPM_Analyzer - INFO - Cleanup completed.
2025-11-12 07:15:14,107 - NPM_Analyzer - INFO - Fetching metadata for '@npmcli/query'...
2025-11-12 07:15:14,347 - NPM_Analyzer - INFO - Found 13 versions. Starting download into 'temp/@npmcli_query'...
2025-11-12 07:15:22,201 - BlankSpaceAnalyzer - INFO - Analyzing 13 versions for '*.js' in '@npmcli_query'.
2025-11-12 07:15:22,201 - BlankSpaceAnalyzer - INFO - -> Analyzing version 1.0.0 (1/13)...
2025-11-12 07:15:22,202 - BlankSpaceAnalyzer - INFO - -> Analyzing version 1.0.1 (2/13)...
2025-11-12 07:15:22,204 - BlankSpaceAnalyzer - INFO - -> Analyzing version 1.0.2 (3/13)...
2025-11-12 07:15:22,205 - BlankSpaceAnalyzer - INFO - -> Analyzing version 1.1.0 (4/13)...
2025-11-12 07:15:22,206 - BlankSpaceAnalyzer - INFO - -> Analyzing version 1.1.1 (5/13)...
2025-11-12 07:15:22,208 - BlankSpaceAnalyzer - INFO - -> Analyzing version 1.2.0 (6/13)...
2025-11-12 07:15:22,209 - BlankSpaceAnalyzer - INFO - -> Analyzing version 2.0.0 (7/13)...
2025-11-12 07:15:22,210 - BlankSpaceAnalyzer - INFO - -> Analyzing version 3.0.0 (8/13)...
2025-11-12 07:15:22,211 - BlankSpaceAnalyzer - INFO - -> Analyzing version 3.0.1 (9/13)...
2025-11-12 07:15:22,213 - BlankSpaceAnalyzer - INFO - -> Analyzing version 3.1.0 (10/13)...
2025-11-12 07:15:22,214 - BlankSpaceAnalyzer - INFO - -> Analyzing version 4.0.0 (11/13)...
2025-11-12 07:15:22,215 - BlankSpaceAnalyzer - INFO - -> Analyzing version 4.0.1 (12/13)...
2025-11-12 07:15:22,216 - BlankSpaceAnalyzer - INFO - -> Analyzing version 5.0.0 (13/13)...
2025-11-12 07:15:22,223 - BlankSpaceAnalyzer - INFO - Exporting results for '@npmcli/query' to CSV...
2025-11-12 07:15:22,245 - BlankSpaceAnalyzer - INFO - Reports saved in: /app/npm_results/@npmcli_query
2025-11-12 07:15:22,246 - NPM_Analyzer - INFO - Cleaning temporary folder 'temp/@npmcli_query'...
2025-11-12 07:15:22,248 - NPM_Analyzer - INFO - Cleanup completed.
2025-11-12 17:47:32,813 - NPM_Analyzer - INFO - Fetching metadata for '@npmcli/query'...
2025-11-12 17:47:33,017 - NPM_Analyzer - INFO - Found 13 versions. Starting download into 'temp/@npmcli_query'...
2025-11-12 17:47:41,078 - BlankSpaceAnalyzer - INFO - Analyzing 13 versions for '*.js' in '@npmcli_query'.
2025-11-12 17:47:41,078 - BlankSpaceAnalyzer - INFO - -> Analyzing version 1.0.0 (1/13)...
2025-11-12 17:47:41,080 - BlankSpaceAnalyzer - INFO - -> Analyzing version 1.0.1 (2/13)...
2025-11-12 17:47:41,081 - BlankSpaceAnalyzer - INFO - -> Analyzing version 1.0.2 (3/13)...
2025-11-12 17:47:41,082 - BlankSpaceAnalyzer - INFO - -> Analyzing version 1.1.0 (4/13)...
2025-11-12 17:47:41,083 - BlankSpaceAnalyzer - INFO - -> Analyzing version 1.1.1 (5/13)...
2025-11-12 17:47:41,084 - BlankSpaceAnalyzer - INFO - -> Analyzing version 1.2.0 (6/13)...
2025-11-12 17:47:41,086 - BlankSpaceAnalyzer - INFO - -> Analyzing version 2.0.0 (7/13)...
2025-11-12 17:47:41,087 - BlankSpaceAnalyzer - INFO - -> Analyzing version 3.0.0 (8/13)...
2025-11-12 17:47:41,088 - BlankSpaceAnalyzer - INFO - -> Analyzing version 3.0.1 (9/13)...
2025-11-12 17:47:41,089 - BlankSpaceAnalyzer - INFO - -> Analyzing version 3.1.0 (10/13)...
2025-11-12 17:47:41,090 - BlankSpaceAnalyzer - INFO - -> Analyzing version 4.0.0 (11/13)...
2025-11-12 17:47:41,092 - BlankSpaceAnalyzer - INFO - -> Analyzing version 4.0.1 (12/13)...
2025-11-12 17:47:41,093 - BlankSpaceAnalyzer - INFO - -> Analyzing version 5.0.0 (13/13)...
2025-11-12 17:47:41,098 - BlankSpaceAnalyzer - INFO - Exporting results for '@npmcli/query' to CSV...
2025-11-12 17:47:41,123 - BlankSpaceAnalyzer - INFO - Reports saved in: /app/npm_results/@npmcli_query
2025-11-12 17:47:41,123 - NPM_Analyzer - INFO - Cleaning temporary folder 'temp/@npmcli_query'...
2025-11-12 17:47:41,126 - NPM_Analyzer - INFO - Cleanup completed.
2025-11-13 04:29:12,313 - NPM_Analyzer - INFO - Fetching metadata for '@npmcli/query'...
2025-11-13 04:29:12,593 - NPM_Analyzer - INFO - Found 13 versions. Starting download into 'temp/@npmcli_query'...
2025-11-13 04:29:21,439 - BlankSpaceAnalyzer - INFO - Analyzing 13 versions for '*.js' in '@npmcli_query'.
2025-11-13 04:29:21,439 - BlankSpaceAnalyzer - INFO - -> Analyzing version 1.0.0 (1/13)...
2025-11-13 04:29:21,441 - BlankSpaceAnalyzer - INFO - -> Analyzing version 1.0.1 (2/13)...
2025-11-13 04:29:21,442 - BlankSpaceAnalyzer - INFO - -> Analyzing version 1.0.2 (3/13)...
2025-11-13 04:29:21,443 - BlankSpaceAnalyzer - INFO - -> Analyzing version 1.1.0 (4/13)...
2025-11-13 04:29:21,444 - BlankSpaceAnalyzer - INFO - -> Analyzing version 1.1.1 (5/13)...
2025-11-13 04:29:21,446 - BlankSpaceAnalyzer - INFO - -> Analyzing version 1.2.0 (6/13)...
2025-11-13 04:29:21,447 - BlankSpaceAnalyzer - INFO - -> Analyzing version 2.0.0 (7/13)...
2025-11-13 04:29:21,448 - BlankSpaceAnalyzer - INFO - -> Analyzing version 3.0.0 (8/13)...
2025-11-13 04:29:21,449 - BlankSpaceAnalyzer - INFO - -> Analyzing version 3.0.1 (9/13)...
2025-11-13 04:29:21,451 - BlankSpaceAnalyzer - INFO - -> Analyzing version 3.1.0 (10/13)...
2025-11-13 04:29:21,452 - BlankSpaceAnalyzer - INFO - -> Analyzing version 4.0.0 (11/13)...
2025-11-13 04:29:21,453 - BlankSpaceAnalyzer - INFO - -> Analyzing version 4.0.1 (12/13)...
2025-11-13 04:29:21,454 - BlankSpaceAnalyzer - INFO - -> Analyzing version 5.0.0 (13/13)...
2025-11-13 04:29:21,460 - BlankSpaceAnalyzer - INFO - Exporting results for '@npmcli/query' to CSV...
2025-11-13 04:29:21,484 - BlankSpaceAnalyzer - INFO - Reports saved in: /app/npm_results/@npmcli_query
2025-11-13 04:29:21,484 - NPM_Analyzer - INFO - Cleaning temporary folder 'temp/@npmcli_query'...
2025-11-13 04:29:21,486 - NPM_Analyzer - INFO - Cleanup completed.
2025-11-13 14:53:07,091 - NPM_Analyzer - INFO - Fetching metadata for '@npmcli/query'...
2025-11-13 14:53:07,336 - NPM_Analyzer - INFO - Found 13 versions. Starting download into 'temp/@npmcli_query'...
2025-11-13 14:53:16,456 - BlankSpaceAnalyzer - INFO - Analyzing 13 versions for '*.js' in '@npmcli_query'.
2025-11-13 14:53:16,456 - BlankSpaceAnalyzer - INFO - -> Analyzing version 1.0.0 (1/13)...
2025-11-13 14:53:16,457 - BlankSpaceAnalyzer - INFO - -> Analyzing version 1.0.1 (2/13)...
2025-11-13 14:53:16,458 - BlankSpaceAnalyzer - INFO - -> Analyzing version 1.0.2 (3/13)...
2025-11-13 14:53:16,460 - BlankSpaceAnalyzer - INFO - -> Analyzing version 1.1.0 (4/13)...
2025-11-13 14:53:16,461 - BlankSpaceAnalyzer - INFO - -> Analyzing version 1.1.1 (5/13)...
2025-11-13 14:53:16,462 - BlankSpaceAnalyzer - INFO - -> Analyzing version 1.2.0 (6/13)...
2025-11-13 14:53:16,463 - BlankSpaceAnalyzer - INFO - -> Analyzing version 2.0.0 (7/13)...
2025-11-13 14:53:16,465 - BlankSpaceAnalyzer - INFO - -> Analyzing version 3.0.0 (8/13)...
2025-11-13 14:53:16,466 - BlankSpaceAnalyzer - INFO - -> Analyzing version 3.0.1 (9/13)...
2025-11-13 14:53:16,467 - BlankSpaceAnalyzer - INFO - -> Analyzing version 3.1.0 (10/13)...
2025-11-13 14:53:16,468 - BlankSpaceAnalyzer - INFO - -> Analyzing version 4.0.0 (11/13)...
2025-11-13 14:53:16,470 - BlankSpaceAnalyzer - INFO - -> Analyzing version 4.0.1 (12/13)...
2025-11-13 14:53:16,471 - BlankSpaceAnalyzer - INFO - -> Analyzing version 5.0.0 (13/13)...
2025-11-13 14:53:16,476 - BlankSpaceAnalyzer - INFO - Exporting results for '@npmcli/query' to CSV...
2025-11-13 14:53:16,502 - BlankSpaceAnalyzer - INFO - Reports saved in: /app/npm_results/@npmcli_query
2025-11-13 14:53:16,502 - NPM_Analyzer - INFO - Cleaning temporary folder 'temp/@npmcli_query'...
2025-11-13 14:53:16,505 - NPM_Analyzer - INFO - Cleanup completed.
2025-11-14 01:25:57,949 - NPM_Analyzer - INFO - Fetching metadata for '@npmcli/query'...
2025-11-14 01:25:58,764 - NPM_Analyzer - INFO - Found 13 versions. Starting download into 'temp/@npmcli_query'...
2025-11-14 01:26:06,653 - BlankSpaceAnalyzer - INFO - Analyzing 13 versions for '*.js' in '@npmcli_query'.
2025-11-14 01:26:06,654 - BlankSpaceAnalyzer - INFO - -> Analyzing version 1.0.0 (1/13)...
2025-11-14 01:26:06,655 - BlankSpaceAnalyzer - INFO - -> Analyzing version 1.0.1 (2/13)...
2025-11-14 01:26:06,656 - BlankSpaceAnalyzer - INFO - -> Analyzing version 1.0.2 (3/13)...
2025-11-14 01:26:06,658 - BlankSpaceAnalyzer - INFO - -> Analyzing version 1.1.0 (4/13)...
2025-11-14 01:26:06,659 - BlankSpaceAnalyzer - INFO - -> Analyzing version 1.1.1 (5/13)...
2025-11-14 01:26:06,660 - BlankSpaceAnalyzer - INFO - -> Analyzing version 1.2.0 (6/13)...
2025-11-14 01:26:06,661 - BlankSpaceAnalyzer - INFO - -> Analyzing version 2.0.0 (7/13)...
2025-11-14 01:26:06,663 - BlankSpaceAnalyzer - INFO - -> Analyzing version 3.0.0 (8/13)...
2025-11-14 01:26:06,664 - BlankSpaceAnalyzer - INFO - -> Analyzing version 3.0.1 (9/13)...
2025-11-14 01:26:06,665 - BlankSpaceAnalyzer - INFO - -> Analyzing version 3.1.0 (10/13)...
2025-11-14 01:26:06,666 - BlankSpaceAnalyzer - INFO - -> Analyzing version 4.0.0 (11/13)...
2025-11-14 01:26:06,668 - BlankSpaceAnalyzer - INFO - -> Analyzing version 4.0.1 (12/13)...
2025-11-14 01:26:06,669 - BlankSpaceAnalyzer - INFO - -> Analyzing version 5.0.0 (13/13)...
2025-11-14 01:26:06,674 - BlankSpaceAnalyzer - INFO - Exporting results for '@npmcli/query' to CSV...
2025-11-14 01:26:06,699 - BlankSpaceAnalyzer - INFO - Reports saved in: /app/npm_results/@npmcli_query
2025-11-14 01:26:06,700 - NPM_Analyzer - INFO - Cleaning temporary folder 'temp/@npmcli_query'...
2025-11-14 01:26:06,702 - NPM_Analyzer - INFO - Cleanup completed.
2025-11-14 11:50:52,059 - NPM_Analyzer - INFO - Fetching metadata for '@npmcli/query'...
2025-11-14 11:50:52,258 - NPM_Analyzer - INFO - Found 13 versions. Starting download into 'temp/@npmcli_query'...
2025-11-14 11:51:00,899 - BlankSpaceAnalyzer - INFO - Analyzing 13 versions for '*.js' in '@npmcli_query'.
2025-11-14 11:51:00,900 - BlankSpaceAnalyzer - INFO - -> Analyzing version 1.0.0 (1/13)...
2025-11-14 11:51:00,901 - BlankSpaceAnalyzer - INFO - -> Analyzing version 1.0.1 (2/13)...
2025-11-14 11:51:00,902 - BlankSpaceAnalyzer - INFO - -> Analyzing version 1.0.2 (3/13)...
2025-11-14 11:51:00,904 - BlankSpaceAnalyzer - INFO - -> Analyzing version 1.1.0 (4/13)...
2025-11-14 11:51:00,905 - BlankSpaceAnalyzer - INFO - -> Analyzing version 1.1.1 (5/13)...
2025-11-14 11:51:00,906 - BlankSpaceAnalyzer - INFO - -> Analyzing version 1.2.0 (6/13)...
2025-11-14 11:51:00,908 - BlankSpaceAnalyzer - INFO - -> Analyzing version 2.0.0 (7/13)...
2025-11-14 11:51:00,909 - BlankSpaceAnalyzer - INFO - -> Analyzing version 3.0.0 (8/13)...
2025-11-14 11:51:00,910 - BlankSpaceAnalyzer - INFO - -> Analyzing version 3.0.1 (9/13)...
2025-11-14 11:51:00,912 - BlankSpaceAnalyzer - INFO - -> Analyzing version 3.1.0 (10/13)...
2025-11-14 11:51:00,913 - BlankSpaceAnalyzer - INFO - -> Analyzing version 4.0.0 (11/13)...
2025-11-14 11:51:00,914 - BlankSpaceAnalyzer - INFO - -> Analyzing version 4.0.1 (12/13)...
2025-11-14 11:51:00,916 - BlankSpaceAnalyzer - INFO - -> Analyzing version 5.0.0 (13/13)...
2025-11-14 11:51:00,921 - BlankSpaceAnalyzer - INFO - Exporting results for '@npmcli/query' to CSV...
2025-11-14 11:51:00,946 - BlankSpaceAnalyzer - INFO - Reports saved in: /app/npm_results/@npmcli_query
2025-11-14 11:51:00,946 - NPM_Analyzer - INFO - Cleaning temporary folder 'temp/@npmcli_query'...
2025-11-14 11:51:00,949 - NPM_Analyzer - INFO - Cleanup completed.
2025-11-14 22:31:58,053 - NPM_Analyzer - INFO - Fetching metadata for '@npmcli/query'...
2025-11-14 22:31:58,185 - NPM_Analyzer - INFO - Found 13 versions. Starting download into 'temp/@npmcli_query'...
2025-11-14 22:32:06,700 - BlankSpaceAnalyzer - INFO - Analyzing 13 versions for '*.js' in '@npmcli_query'.
2025-11-14 22:32:06,700 - BlankSpaceAnalyzer - INFO - -> Analyzing version 1.0.0 (1/13)...
2025-11-14 22:32:06,702 - BlankSpaceAnalyzer - INFO - -> Analyzing version 1.0.1 (2/13)...
2025-11-14 22:32:06,703 - BlankSpaceAnalyzer - INFO - -> Analyzing version 1.0.2 (3/13)...
2025-11-14 22:32:06,705 - BlankSpaceAnalyzer - INFO - -> Analyzing version 1.1.0 (4/13)...
2025-11-14 22:32:06,706 - BlankSpaceAnalyzer - INFO - -> Analyzing version 1.1.1 (5/13)...
2025-11-14 22:32:06,707 - BlankSpaceAnalyzer - INFO - -> Analyzing version 1.2.0 (6/13)...
2025-11-14 22:32:06,708 - BlankSpaceAnalyzer - INFO - -> Analyzing version 2.0.0 (7/13)...
2025-11-14 22:32:06,710 - BlankSpaceAnalyzer - INFO - -> Analyzing version 3.0.0 (8/13)...
2025-11-14 22:32:06,711 - BlankSpaceAnalyzer - INFO - -> Analyzing version 3.0.1 (9/13)...
2025-11-14 22:32:06,712 - BlankSpaceAnalyzer - INFO - -> Analyzing version 3.1.0 (10/13)...
2025-11-14 22:32:06,713 - BlankSpaceAnalyzer - INFO - -> Analyzing version 4.0.0 (11/13)...
2025-11-14 22:32:06,715 - BlankSpaceAnalyzer - INFO - -> Analyzing version 4.0.1 (12/13)...
2025-11-14 22:32:06,716 - BlankSpaceAnalyzer - INFO - -> Analyzing version 5.0.0 (13/13)...
2025-11-14 22:32:06,721 - BlankSpaceAnalyzer - INFO - Exporting results for '@npmcli/query' to CSV...
2025-11-14 22:32:06,745 - BlankSpaceAnalyzer - INFO - Reports saved in: /app/npm_results/@npmcli_query
2025-11-14 22:32:06,746 - NPM_Analyzer - INFO - Cleaning temporary folder 'temp/@npmcli_query'...
2025-11-14 22:32:06,748 - NPM_Analyzer - INFO - Cleanup completed.
2025-11-15 09:06:01,626 - NPM_Analyzer - INFO - Fetching metadata for '@npmcli/query'...
2025-11-15 09:06:02,490 - NPM_Analyzer - INFO - Found 13 versions. Starting download into 'temp/@npmcli_query'...
2025-11-15 09:06:10,962 - BlankSpaceAnalyzer - INFO - Analyzing 13 versions for '*.js' in '@npmcli_query'.
2025-11-15 09:06:10,962 - BlankSpaceAnalyzer - INFO - -> Analyzing version 1.0.0 (1/13)...
2025-11-15 09:06:10,964 - BlankSpaceAnalyzer - INFO - -> Analyzing version 1.0.1 (2/13)...
2025-11-15 09:06:10,966 - BlankSpaceAnalyzer - INFO - -> Analyzing version 1.0.2 (3/13)...
2025-11-15 09:06:10,967 - BlankSpaceAnalyzer - INFO - -> Analyzing version 1.1.0 (4/13)...
2025-11-15 09:06:10,968 - BlankSpaceAnalyzer - INFO - -> Analyzing version 1.1.1 (5/13)...
2025-11-15 09:06:10,969 - BlankSpaceAnalyzer - INFO - -> Analyzing version 1.2.0 (6/13)...
2025-11-15 09:06:10,970 - BlankSpaceAnalyzer - INFO - -> Analyzing version 2.0.0 (7/13)...
2025-11-15 09:06:10,972 - BlankSpaceAnalyzer - INFO - -> Analyzing version 3.0.0 (8/13)...
2025-11-15 09:06:10,973 - BlankSpaceAnalyzer - INFO - -> Analyzing version 3.0.1 (9/13)...
2025-11-15 09:06:10,974 - BlankSpaceAnalyzer - INFO - -> Analyzing version 3.1.0 (10/13)...
2025-11-15 09:06:10,976 - BlankSpaceAnalyzer - INFO - -> Analyzing version 4.0.0 (11/13)...
2025-11-15 09:06:10,977 - BlankSpaceAnalyzer - INFO - -> Analyzing version 4.0.1 (12/13)...
2025-11-15 09:06:10,978 - BlankSpaceAnalyzer - INFO - -> Analyzing version 5.0.0 (13/13)...
2025-11-15 09:06:10,982 - BlankSpaceAnalyzer - INFO - Exporting results for '@npmcli/query' to CSV...
2025-11-15 09:06:10,990 - BlankSpaceAnalyzer - INFO - Reports saved in: /app/npm_results/@npmcli_query
2025-11-15 09:06:10,990 - NPM_Analyzer - INFO - Cleaning temporary folder 'temp/@npmcli_query'...
2025-11-15 09:06:10,992 - NPM_Analyzer - INFO - Cleanup completed.
2025-11-15 19:42:11,201 - NPM_Analyzer - INFO - Fetching metadata for '@npmcli/query'...
2025-11-15 19:42:11,423 - NPM_Analyzer - INFO - Found 13 versions. Starting download into 'temp/@npmcli_query'...
2025-11-15 19:42:20,808 - BlankSpaceAnalyzer - INFO - Analyzing 13 versions for '*.js' in '@npmcli_query'.
2025-11-15 19:42:20,809 - BlankSpaceAnalyzer - INFO - -> Analyzing version 1.0.0 (1/13)...
2025-11-15 19:42:20,811 - BlankSpaceAnalyzer - INFO - -> Analyzing version 1.0.1 (2/13)...
2025-11-15 19:42:20,812 - BlankSpaceAnalyzer - INFO - -> Analyzing version 1.0.2 (3/13)...
2025-11-15 19:42:20,813 - BlankSpaceAnalyzer - INFO - -> Analyzing version 1.1.0 (4/13)...
2025-11-15 19:42:20,814 - BlankSpaceAnalyzer - INFO - -> Analyzing version 1.1.1 (5/13)...
2025-11-15 19:42:20,816 - BlankSpaceAnalyzer - INFO - -> Analyzing version 1.2.0 (6/13)...
2025-11-15 19:42:20,817 - BlankSpaceAnalyzer - INFO - -> Analyzing version 2.0.0 (7/13)...
2025-11-15 19:42:20,818 - BlankSpaceAnalyzer - INFO - -> Analyzing version 3.0.0 (8/13)...
2025-11-15 19:42:20,819 - BlankSpaceAnalyzer - INFO - -> Analyzing version 3.0.1 (9/13)...
2025-11-15 19:42:20,821 - BlankSpaceAnalyzer - INFO - -> Analyzing version 3.1.0 (10/13)...
2025-11-15 19:42:20,822 - BlankSpaceAnalyzer - INFO - -> Analyzing version 4.0.0 (11/13)...
2025-11-15 19:42:20,823 - BlankSpaceAnalyzer - INFO - -> Analyzing version 4.0.1 (12/13)...
2025-11-15 19:42:20,824 - BlankSpaceAnalyzer - INFO - -> Analyzing version 5.0.0 (13/13)...
2025-11-15 19:42:20,829 - BlankSpaceAnalyzer - INFO - Exporting results for '@npmcli/query' to CSV...
2025-11-15 19:42:20,856 - BlankSpaceAnalyzer - INFO - Reports saved in: /app/npm_results/@npmcli_query
2025-11-15 19:42:20,856 - NPM_Analyzer - INFO - Cleaning temporary folder 'temp/@npmcli_query'...
2025-11-15 19:42:20,859 - NPM_Analyzer - INFO - Cleanup completed.
2025-11-16 06:06:43,731 - NPM_Analyzer - INFO - Fetching metadata for '@npmcli/query'...
2025-11-16 06:06:45,203 - NPM_Analyzer - INFO - Found 13 versions. Starting download into 'temp/@npmcli_query'...
2025-11-16 06:06:53,478 - BlankSpaceAnalyzer - INFO - Analyzing 13 versions for '*.js' in '@npmcli_query'.
2025-11-16 06:06:53,478 - BlankSpaceAnalyzer - INFO - -> Analyzing version 1.0.0 (1/13)...
2025-11-16 06:06:53,478 - BlankSpaceAnalyzer - INFO - -> Analyzing version 1.0.1 (2/13)...
2025-11-16 06:06:53,478 - BlankSpaceAnalyzer - INFO - -> Analyzing version 1.0.2 (3/13)...
2025-11-16 06:06:53,479 - BlankSpaceAnalyzer - INFO - -> Analyzing version 1.1.0 (4/13)...
2025-11-16 06:06:53,479 - BlankSpaceAnalyzer - INFO - -> Analyzing version 1.1.1 (5/13)...
2025-11-16 06:06:53,479 - BlankSpaceAnalyzer - INFO - -> Analyzing version 1.2.0 (6/13)...
2025-11-16 06:06:53,480 - BlankSpaceAnalyzer - INFO - -> Analyzing version 2.0.0 (7/13)...
2025-11-16 06:06:53,480 - BlankSpaceAnalyzer - INFO - -> Analyzing version 3.0.0 (8/13)...
2025-11-16 06:06:53,480 - BlankSpaceAnalyzer - INFO - -> Analyzing version 3.0.1 (9/13)...
2025-11-16 06:06:53,480 - BlankSpaceAnalyzer - INFO - -> Analyzing version 3.1.0 (10/13)...
2025-11-16 06:06:53,481 - BlankSpaceAnalyzer - INFO - -> Analyzing version 4.0.0 (11/13)...
2025-11-16 06:06:53,481 - BlankSpaceAnalyzer - INFO - -> Analyzing version 4.0.1 (12/13)...
2025-11-16 06:06:53,481 - BlankSpaceAnalyzer - INFO - -> Analyzing version 5.0.0 (13/13)...
2025-11-16 06:06:53,483 - BlankSpaceAnalyzer - INFO - Exporting results for '@npmcli/query' to CSV...
2025-11-16 06:06:53,493 - BlankSpaceAnalyzer - INFO - Reports saved in: /app/npm_results/@npmcli_query
2025-11-16 06:06:53,493 - NPM_Analyzer - INFO - Cleaning temporary folder 'temp/@npmcli_query'...
2025-11-16 06:06:53,495 - NPM_Analyzer - INFO - Cleanup completed.
2025-11-16 16:32:44,656 - NPM_Analyzer - INFO - Fetching metadata for '@npmcli/query'...
2025-11-16 16:32:45,587 - NPM_Analyzer - INFO - Found 13 versions. Starting download into 'temp/@npmcli_query'...
2025-11-16 16:32:54,727 - BlankSpaceAnalyzer - INFO - Analyzing 13 versions for '*.js' in '@npmcli_query'.
2025-11-16 16:32:54,727 - BlankSpaceAnalyzer - INFO - -> Analyzing version 1.0.0 (1/13)...
2025-11-16 16:32:54,728 - BlankSpaceAnalyzer - INFO - -> Analyzing version 1.0.1 (2/13)...
2025-11-16 16:32:54,728 - BlankSpaceAnalyzer - INFO - -> Analyzing version 1.0.2 (3/13)...
2025-11-16 16:32:54,729 - BlankSpaceAnalyzer - INFO - -> Analyzing version 1.1.0 (4/13)...
2025-11-16 16:32:54,729 - BlankSpaceAnalyzer - INFO - -> Analyzing version 1.1.1 (5/13)...
2025-11-16 16:32:54,729 - BlankSpaceAnalyzer - INFO - -> Analyzing version 1.2.0 (6/13)...
2025-11-16 16:32:54,730 - BlankSpaceAnalyzer - INFO - -> Analyzing version 2.0.0 (7/13)...
2025-11-16 16:32:54,730 - BlankSpaceAnalyzer - INFO - -> Analyzing version 3.0.0 (8/13)...
2025-11-16 16:32:54,730 - BlankSpaceAnalyzer - INFO - -> Analyzing version 3.0.1 (9/13)...
2025-11-16 16:32:54,731 - BlankSpaceAnalyzer - INFO - -> Analyzing version 3.1.0 (10/13)...
2025-11-16 16:32:54,731 - BlankSpaceAnalyzer - INFO - -> Analyzing version 4.0.0 (11/13)...
2025-11-16 16:32:54,731 - BlankSpaceAnalyzer - INFO - -> Analyzing version 4.0.1 (12/13)...
2025-11-16 16:32:54,732 - BlankSpaceAnalyzer - INFO - -> Analyzing version 5.0.0 (13/13)...
2025-11-16 16:32:54,734 - BlankSpaceAnalyzer - INFO - Exporting results for '@npmcli/query' to CSV...
2025-11-16 16:32:54,748 - BlankSpaceAnalyzer - INFO - Reports saved in: /app/npm_results/@npmcli_query
2025-11-16 16:32:54,748 - NPM_Analyzer - INFO - Cleaning temporary folder 'temp/@npmcli_query'...
2025-11-16 16:32:54,750 - NPM_Analyzer - INFO - Cleanup completed.
