2025-10-26 08:37:27,345 - NPM_Analyzer - INFO - Fetching metadata for 'lit-html'...
2025-10-26 08:37:27,444 - NPM_Analyzer - INFO - Found 105 versions. Starting download into 'temp/lit-html'...
2025-10-26 08:38:50,381 - BlankSpaceAnalyzer - INFO - Analyzing 105 versions for '*.js' in 'lit-html'.
2025-10-26 08:38:50,381 - BlankSpaceAnalyzer - INFO - -> Analyzing version 0.1.0 (1/105)...
2025-10-26 08:38:50,383 - BlankSpaceAnalyzer - INFO - -> Analyzing version 0.10.0 (2/105)...
2025-10-26 08:38:50,480 - BlankSpaceAnalyzer - INFO - -> Analyzing version 0.10.1 (3/105)...
2025-10-26 08:38:50,553 - BlankSpaceAnalyzer - INFO - -> Analyzing version 0.10.2 (4/105)...
2025-10-26 08:38:50,627 - BlankSpaceAnalyzer - INFO - -> Analyzing version 0.11.0 (5/105)...
2025-10-26 08:38:50,702 - BlankSpaceAnalyzer - INFO - -> Analyzing version 0.11.0-dev.1 (6/105)...
2025-10-26 08:38:50,785 - BlankSpaceAnalyzer - INFO - -> Analyzing version 0.11.0-dev.2 (7/105)...
2025-10-26 08:38:50,859 - BlankSpaceAnalyzer - INFO - -> Analyzing version 0.11.0-dev.3 (8/105)...
2025-10-26 08:38:50,934 - BlankSpaceAnalyzer - INFO - -> Analyzing version 0.11.1 (9/105)...
2025-10-26 08:38:51,009 - BlankSpaceAnalyzer - INFO - -> Analyzing version 0.11.2 (10/105)...
2025-10-26 08:38:51,091 - BlankSpaceAnalyzer - INFO - -> Analyzing version 0.11.3 (11/105)...
2025-10-26 08:38:51,172 - BlankSpaceAnalyzer - INFO - -> Analyzing version 0.11.4 (12/105)...
2025-10-26 08:38:51,250 - BlankSpaceAnalyzer - INFO - -> Analyzing version 0.12.0 (13/105)...
2025-10-26 08:38:51,325 - BlankSpaceAnalyzer - INFO - -> Analyzing version 0.13.0 (14/105)...
2025-10-26 08:38:51,406 - BlankSpaceAnalyzer - INFO - -> Analyzing version 0.14.0 (15/105)...
2025-10-26 08:38:51,488 - BlankSpaceAnalyzer - INFO - -> Analyzing version 0.2.0 (16/105)...
2025-10-26 08:38:51,488 - BlankSpaceAnalyzer - INFO - -> Analyzing version 0.2.1 (17/105)...
2025-10-26 08:38:51,567 - BlankSpaceAnalyzer - INFO - -> Analyzing version 0.2.2 (18/105)...
2025-10-26 08:38:51,644 - BlankSpaceAnalyzer - INFO - -> Analyzing version 0.2.3 (19/105)...
2025-10-26 08:38:51,717 - BlankSpaceAnalyzer - INFO - -> Analyzing version 0.2.4 (20/105)...
2025-10-26 08:38:51,797 - BlankSpaceAnalyzer - INFO - -> Analyzing version 0.2.5 (21/105)...
2025-10-26 08:38:51,878 - BlankSpaceAnalyzer - INFO - -> Analyzing version 0.2.6 (22/105)...
2025-10-26 08:38:51,954 - BlankSpaceAnalyzer - INFO - -> Analyzing version 0.3.0 (23/105)...
2025-10-26 08:38:52,028 - BlankSpaceAnalyzer - INFO - -> Analyzing version 0.4.0 (24/105)...
2025-10-26 08:38:52,101 - BlankSpaceAnalyzer - INFO - -> Analyzing version 0.5.0 (25/105)...
2025-10-26 08:38:52,180 - BlankSpaceAnalyzer - INFO - -> Analyzing version 0.6.0 (26/105)...
2025-10-26 08:38:52,257 - BlankSpaceAnalyzer - INFO - -> Analyzing version 0.6.0-pre.1 (27/105)...
2025-10-26 08:38:52,332 - BlankSpaceAnalyzer - INFO - -> Analyzing version 0.6.0-pre.2 (28/105)...
2025-10-26 08:38:52,408 - BlankSpaceAnalyzer - INFO - -> Analyzing version 0.6.0-pre.3 (29/105)...
2025-10-26 08:38:52,490 - BlankSpaceAnalyzer - INFO - -> Analyzing version 0.7.0 (30/105)...
2025-10-26 08:38:52,571 - BlankSpaceAnalyzer - INFO - -> Analyzing version 0.7.1 (31/105)...
2025-10-26 08:38:52,648 - BlankSpaceAnalyzer - INFO - -> Analyzing version 0.8.0 (32/105)...
2025-10-26 08:38:52,723 - BlankSpaceAnalyzer - INFO - -> Analyzing version 0.8.0-pre.1 (33/105)...
2025-10-26 08:38:52,801 - BlankSpaceAnalyzer - INFO - -> Analyzing version 0.9.0 (34/105)...
2025-10-26 08:38:52,881 - BlankSpaceAnalyzer - INFO - -> Analyzing version 1.0.0 (35/105)...
2025-10-26 08:38:52,958 - BlankSpaceAnalyzer - INFO - -> Analyzing version 1.0.0-dev.c8753bc (36/105)...
2025-10-26 08:38:53,035 - BlankSpaceAnalyzer - INFO - -> Analyzing version 1.0.0-rc.1 (37/105)...
2025-10-26 08:38:53,116 - BlankSpaceAnalyzer - INFO - -> Analyzing version 1.0.0-rc.2 (38/105)...
2025-10-26 08:38:53,199 - BlankSpaceAnalyzer - INFO - -> Analyzing version 1.0.1-dev.58f394e (39/105)...
2025-10-26 08:38:53,284 - BlankSpaceAnalyzer - INFO - -> Analyzing version 1.1.0 (40/105)...
2025-10-26 08:38:53,365 - BlankSpaceAnalyzer - INFO - -> Analyzing version 1.1.1 (41/105)...
2025-10-26 08:38:53,444 - BlankSpaceAnalyzer - INFO - -> Analyzing version 1.1.2 (42/105)...
2025-10-26 08:38:53,519 - BlankSpaceAnalyzer - INFO - -> Analyzing version 1.2.0 (43/105)...
2025-10-26 08:38:53,601 - BlankSpaceAnalyzer - INFO - -> Analyzing version 1.2.0-pre.1 (44/105)...
2025-10-26 08:38:53,683 - BlankSpaceAnalyzer - INFO - -> Analyzing version 1.2.1 (45/105)...
2025-10-26 08:38:53,768 - BlankSpaceAnalyzer - INFO - -> Analyzing version 1.3.0 (46/105)...
2025-10-26 08:38:53,851 - BlankSpaceAnalyzer - INFO - -> Analyzing version 1.3.0-pre.1 (47/105)...
2025-10-26 08:38:53,946 - BlankSpaceAnalyzer - INFO - -> Analyzing version 1.4.0 (48/105)...
2025-10-26 08:38:54,028 - BlankSpaceAnalyzer - INFO - -> Analyzing version 1.4.1 (49/105)...
2025-10-26 08:38:54,110 - BlankSpaceAnalyzer - INFO - -> Analyzing version 2.0.0 (50/105)...
2025-10-26 08:38:54,196 - BlankSpaceAnalyzer - INFO - -> Analyzing version 2.0.0-pre.1 (51/105)...
2025-10-26 08:38:54,276 - BlankSpaceAnalyzer - INFO - -> Analyzing version 2.0.0-pre.2 (52/105)...
2025-10-26 08:38:54,357 - BlankSpaceAnalyzer - INFO - -> Analyzing version 2.0.0-pre.3 (53/105)...
2025-10-26 08:38:54,437 - BlankSpaceAnalyzer - INFO - -> Analyzing version 2.0.0-pre.4 (54/105)...
2025-10-26 08:38:54,516 - BlankSpaceAnalyzer - INFO - -> Analyzing version 2.0.0-pre.5 (55/105)...
2025-10-26 08:38:54,598 - BlankSpaceAnalyzer - INFO - -> Analyzing version 2.0.0-pre.6 (56/105)...
2025-10-26 08:38:54,673 - BlankSpaceAnalyzer - INFO - -> Analyzing version 2.0.0-pre.7 (57/105)...
2025-10-26 08:38:54,750 - BlankSpaceAnalyzer - INFO - -> Analyzing version 2.0.0-rc.1 (58/105)...
2025-10-26 08:38:54,826 - BlankSpaceAnalyzer - INFO - -> Analyzing version 2.0.0-rc.2 (59/105)...
2025-10-26 08:38:54,908 - BlankSpaceAnalyzer - INFO - -> Analyzing version 2.0.0-rc.3 (60/105)...
2025-10-26 08:38:54,989 - BlankSpaceAnalyzer - INFO - -> Analyzing version 2.0.0-rc.4 (61/105)...
2025-10-26 08:38:55,077 - BlankSpaceAnalyzer - INFO - -> Analyzing version 2.0.0-rc.5 (62/105)...
2025-10-26 08:38:55,160 - BlankSpaceAnalyzer - INFO - -> Analyzing version 2.0.1 (63/105)...
2025-10-26 08:38:55,243 - BlankSpaceAnalyzer - INFO - -> Analyzing version 2.0.2 (64/105)...
2025-10-26 08:38:55,325 - BlankSpaceAnalyzer - INFO - -> Analyzing version 2.1.0 (65/105)...
2025-10-26 08:38:55,410 - BlankSpaceAnalyzer - INFO - -> Analyzing version 2.1.1 (66/105)...
2025-10-26 08:38:55,494 - BlankSpaceAnalyzer - INFO - -> Analyzing version 2.1.2 (67/105)...
2025-10-26 08:38:55,578 - BlankSpaceAnalyzer - INFO - -> Analyzing version 2.1.3 (68/105)...
2025-10-26 08:38:55,665 - BlankSpaceAnalyzer - INFO - -> Analyzing version 2.2.0 (69/105)...
2025-10-26 08:38:55,749 - BlankSpaceAnalyzer - INFO - -> Analyzing version 2.2.1 (70/105)...
2025-10-26 08:38:55,832 - BlankSpaceAnalyzer - INFO - -> Analyzing version 2.2.2 (71/105)...
2025-10-26 08:38:55,916 - BlankSpaceAnalyzer - INFO - -> Analyzing version 2.2.3 (72/105)...
2025-10-26 08:38:56,004 - BlankSpaceAnalyzer - INFO - -> Analyzing version 2.2.4 (73/105)...
2025-10-26 08:38:56,090 - BlankSpaceAnalyzer - INFO - -> Analyzing version 2.2.5 (74/105)...
2025-10-26 08:38:56,172 - BlankSpaceAnalyzer - INFO - -> Analyzing version 2.2.6 (75/105)...
2025-10-26 08:38:56,256 - BlankSpaceAnalyzer - INFO - -> Analyzing version 2.2.7 (76/105)...
2025-10-26 08:38:56,339 - BlankSpaceAnalyzer - INFO - -> Analyzing version 2.3.0 (77/105)...
2025-10-26 08:38:56,415 - BlankSpaceAnalyzer - INFO - -> Analyzing version 2.3.0-next.0 (78/105)...
2025-10-26 08:38:56,415 - BlankSpaceAnalyzer - INFO - -> Analyzing version 2.3.0-next.1 (79/105)...
2025-10-26 08:38:56,498 - BlankSpaceAnalyzer - INFO - -> Analyzing version 2.3.1 (80/105)...
2025-10-26 08:38:56,581 - BlankSpaceAnalyzer - INFO - -> Analyzing version 2.4.0 (81/105)...
2025-10-26 08:38:56,664 - BlankSpaceAnalyzer - INFO - -> Analyzing version 2.5.0 (82/105)...
2025-10-26 08:38:56,746 - BlankSpaceAnalyzer - INFO - -> Analyzing version 2.6.0 (83/105)...
2025-10-26 08:38:56,825 - BlankSpaceAnalyzer - INFO - -> Analyzing version 2.6.1 (84/105)...
2025-10-26 08:38:56,908 - BlankSpaceAnalyzer - INFO - -> Analyzing version 2.7.0 (85/105)...
2025-10-26 08:38:56,992 - BlankSpaceAnalyzer - INFO - -> Analyzing version 2.7.1 (86/105)...
2025-10-26 08:38:57,072 - BlankSpaceAnalyzer - INFO - -> Analyzing version 2.7.2 (87/105)...
2025-10-26 08:38:57,160 - BlankSpaceAnalyzer - INFO - -> Analyzing version 2.7.3 (88/105)...
2025-10-26 08:38:57,247 - BlankSpaceAnalyzer - INFO - -> Analyzing version 2.7.4 (89/105)...
2025-10-26 08:38:57,330 - BlankSpaceAnalyzer - INFO - -> Analyzing version 2.7.5 (90/105)...
2025-10-26 08:38:57,409 - BlankSpaceAnalyzer - INFO - -> Analyzing version 2.8.0 (91/105)...
2025-10-26 08:38:57,493 - BlankSpaceAnalyzer - INFO - -> Analyzing version 3.0.0 (92/105)...
2025-10-26 08:38:57,577 - BlankSpaceAnalyzer - INFO - -> Analyzing version 3.0.0-pre.0 (93/105)...
2025-10-26 08:38:57,661 - BlankSpaceAnalyzer - INFO - -> Analyzing version 3.0.0-pre.1 (94/105)...
2025-10-26 08:38:57,744 - BlankSpaceAnalyzer - INFO - -> Analyzing version 3.0.1 (95/105)...
2025-10-26 08:38:57,823 - BlankSpaceAnalyzer - INFO - -> Analyzing version 3.0.2 (96/105)...
2025-10-26 08:38:57,908 - BlankSpaceAnalyzer - INFO - -> Analyzing version 3.1.0 (97/105)...
2025-10-26 08:38:57,987 - BlankSpaceAnalyzer - INFO - -> Analyzing version 3.1.1 (98/105)...
2025-10-26 08:38:58,076 - BlankSpaceAnalyzer - INFO - -> Analyzing version 3.1.2 (99/105)...
2025-10-26 08:38:58,160 - BlankSpaceAnalyzer - INFO - -> Analyzing version 3.1.3 (100/105)...
2025-10-26 08:38:58,244 - BlankSpaceAnalyzer - INFO - -> Analyzing version 3.1.4 (101/105)...
2025-10-26 08:38:58,329 - BlankSpaceAnalyzer - INFO - -> Analyzing version 3.2.0 (102/105)...
2025-10-26 08:38:58,409 - BlankSpaceAnalyzer - INFO - -> Analyzing version 3.2.1 (103/105)...
2025-10-26 08:38:58,495 - BlankSpaceAnalyzer - INFO - -> Analyzing version 3.3.0 (104/105)...
2025-10-26 08:38:58,581 - BlankSpaceAnalyzer - INFO - -> Analyzing version 3.3.1 (105/105)...
2025-10-26 08:38:58,667 - BlankSpaceAnalyzer - INFO - Exporting results for 'lit-html' to CSV...
2025-10-26 08:38:58,799 - BlankSpaceAnalyzer - INFO - Reports saved in: /app/npm_results/lit-html
2025-10-26 08:38:58,799 - NPM_Analyzer - INFO - Cleaning temporary folder 'temp/lit-html'...
2025-10-26 08:38:59,113 - NPM_Analyzer - INFO - Cleanup completed.
