2025-11-14 03:05:19,767 - NPM_HUT_Analyzer - INFO - Recupero metadata per '@angular/cdk'...
2025-11-14 03:05:20,029 - NPM_HUT_Analyzer - INFO - Trovate 626 versioni. Inizio download in 'temp_hut/@angular_cdk'...
2025-11-14 03:25:59,897 - UnicodeAnalyzer - INFO - Analizzando 626 versioni per '*.js' in '@angular_cdk'.
2025-11-14 03:25:59,897 - UnicodeAnalyzer - INFO - -> Analizzando versione 10.0.0 (1/626)...
2025-11-14 03:26:00,038 - UnicodeAnalyzer - INFO - -> Analizzando versione 10.0.0-next.0 (2/626)...
2025-11-14 03:26:00,178 - UnicodeAnalyzer - INFO - -> Analizzando versione 10.0.0-next.1 (3/626)...
2025-11-14 03:26:00,326 - UnicodeAnalyzer - INFO - -> Analizzando versione 10.0.0-next.2 (4/626)...
2025-11-14 03:26:00,465 - UnicodeAnalyzer - INFO - -> Analizzando versione 10.0.0-rc.0 (5/626)...
2025-11-14 03:26:00,606 - UnicodeAnalyzer - INFO - -> Analizzando versione 10.0.0-rc.1 (6/626)...
2025-11-14 03:26:00,749 - UnicodeAnalyzer - INFO - -> Analizzando versione 10.0.0-rc.2 (7/626)...
2025-11-14 03:26:00,890 - UnicodeAnalyzer - INFO - -> Analizzando versione 10.0.0-rc.3 (8/626)...
2025-11-14 03:26:01,035 - UnicodeAnalyzer - INFO - -> Analizzando versione 10.0.1 (9/626)...
2025-11-14 03:26:01,174 - UnicodeAnalyzer - INFO - -> Analizzando versione 10.0.2 (10/626)...
2025-11-14 03:26:01,309 - UnicodeAnalyzer - INFO - -> Analizzando versione 10.1.0 (11/626)...
2025-11-14 03:26:01,450 - UnicodeAnalyzer - INFO - -> Analizzando versione 10.1.1 (12/626)...
2025-11-14 03:26:01,597 - UnicodeAnalyzer - INFO - -> Analizzando versione 10.1.2 (13/626)...
2025-11-14 03:26:01,742 - UnicodeAnalyzer - INFO - -> Analizzando versione 10.1.3 (14/626)...
2025-11-14 03:26:01,876 - UnicodeAnalyzer - INFO - -> Analizzando versione 10.2.0 (15/626)...
2025-11-14 03:26:02,017 - UnicodeAnalyzer - INFO - -> Analizzando versione 10.2.0-rc.0 (16/626)...
2025-11-14 03:26:02,155 - UnicodeAnalyzer - INFO - -> Analizzando versione 10.2.1 (17/626)...
2025-11-14 03:26:02,293 - UnicodeAnalyzer - INFO - -> Analizzando versione 10.2.2 (18/626)...
2025-11-14 03:26:02,436 - UnicodeAnalyzer - INFO - -> Analizzando versione 10.2.3 (19/626)...
2025-11-14 03:26:02,580 - UnicodeAnalyzer - INFO - -> Analizzando versione 10.2.4 (20/626)...
2025-11-14 03:26:02,724 - UnicodeAnalyzer - INFO - -> Analizzando versione 10.2.5 (21/626)...
2025-11-14 03:26:02,861 - UnicodeAnalyzer - INFO - -> Analizzando versione 10.2.6 (22/626)...
2025-11-14 03:26:02,996 - UnicodeAnalyzer - INFO - -> Analizzando versione 10.2.7 (23/626)...
2025-11-14 03:26:03,140 - UnicodeAnalyzer - INFO - -> Analizzando versione 11.0.0 (24/626)...
2025-11-14 03:26:03,277 - UnicodeAnalyzer - INFO - -> Analizzando versione 11.0.0-next.1 (25/626)...
2025-11-14 03:26:03,418 - UnicodeAnalyzer - INFO - -> Analizzando versione 11.0.0-next.2 (26/626)...
2025-11-14 03:26:03,559 - UnicodeAnalyzer - INFO - -> Analizzando versione 11.0.0-rc.0 (27/626)...
2025-11-14 03:26:03,693 - UnicodeAnalyzer - INFO - -> Analizzando versione 11.0.0-rc.1 (28/626)...
2025-11-14 03:26:03,834 - UnicodeAnalyzer - INFO - -> Analizzando versione 11.0.0-rc.2 (29/626)...
2025-11-14 03:26:03,974 - UnicodeAnalyzer - INFO - -> Analizzando versione 11.0.0-rc.3 (30/626)...
2025-11-14 03:26:04,119 - UnicodeAnalyzer - INFO - -> Analizzando versione 11.0.0-rc.4 (31/626)...
2025-11-14 03:26:04,265 - UnicodeAnalyzer - INFO - -> Analizzando versione 11.0.1 (32/626)...
2025-11-14 03:26:04,411 - UnicodeAnalyzer - INFO - -> Analizzando versione 11.0.2 (33/626)...
2025-11-14 03:26:04,559 - UnicodeAnalyzer - INFO - -> Analizzando versione 11.0.3 (34/626)...
2025-11-14 03:26:04,697 - UnicodeAnalyzer - INFO - -> Analizzando versione 11.0.4 (35/626)...
2025-11-14 03:26:04,842 - UnicodeAnalyzer - INFO - -> Analizzando versione 11.1.0 (36/626)...
2025-11-14 03:26:04,980 - UnicodeAnalyzer - INFO - -> Analizzando versione 11.1.0-rc.0 (37/626)...
2025-11-14 03:26:05,121 - UnicodeAnalyzer - INFO - -> Analizzando versione 11.1.1 (38/626)...
2025-11-14 03:26:05,270 - UnicodeAnalyzer - INFO - -> Analizzando versione 11.1.2 (39/626)...
2025-11-14 03:26:05,413 - UnicodeAnalyzer - INFO - -> Analizzando versione 11.2.0 (40/626)...
2025-11-14 03:26:05,557 - UnicodeAnalyzer - INFO - -> Analizzando versione 11.2.0-rc.0 (41/626)...
2025-11-14 03:26:05,696 - UnicodeAnalyzer - INFO - -> Analizzando versione 11.2.1 (42/626)...
2025-11-14 03:26:05,838 - UnicodeAnalyzer - INFO - -> Analizzando versione 11.2.10 (43/626)...
2025-11-14 03:26:05,985 - UnicodeAnalyzer - INFO - -> Analizzando versione 11.2.11 (44/626)...
2025-11-14 03:26:06,137 - UnicodeAnalyzer - INFO - -> Analizzando versione 11.2.12 (45/626)...
2025-11-14 03:26:06,297 - UnicodeAnalyzer - INFO - -> Analizzando versione 11.2.13 (46/626)...
2025-11-14 03:26:06,443 - UnicodeAnalyzer - INFO - -> Analizzando versione 11.2.2 (47/626)...
2025-11-14 03:26:06,588 - UnicodeAnalyzer - INFO - -> Analizzando versione 11.2.3 (48/626)...
2025-11-14 03:26:06,730 - UnicodeAnalyzer - INFO - -> Analizzando versione 11.2.4 (49/626)...
2025-11-14 03:26:06,876 - UnicodeAnalyzer - INFO - -> Analizzando versione 11.2.5 (50/626)...
2025-11-14 03:26:07,015 - UnicodeAnalyzer - INFO - -> Analizzando versione 11.2.6 (51/626)...
2025-11-14 03:26:07,160 - UnicodeAnalyzer - INFO - -> Analizzando versione 11.2.7 (52/626)...
2025-11-14 03:26:07,304 - UnicodeAnalyzer - INFO - -> Analizzando versione 11.2.8 (53/626)...
2025-11-14 03:26:07,450 - UnicodeAnalyzer - INFO - -> Analizzando versione 11.2.9 (54/626)...
2025-11-14 03:26:07,597 - UnicodeAnalyzer - INFO - -> Analizzando versione 12.0.0 (55/626)...
2025-11-14 03:26:07,741 - UnicodeAnalyzer - INFO - -> Analizzando versione 12.0.0-next.1 (56/626)...
2025-11-14 03:26:07,882 - UnicodeAnalyzer - INFO - -> Analizzando versione 12.0.0-next.2 (57/626)...
2025-11-14 03:26:08,021 - UnicodeAnalyzer - INFO - -> Analizzando versione 12.0.0-next.3 (58/626)...
2025-11-14 03:26:08,168 - UnicodeAnalyzer - INFO - -> Analizzando versione 12.0.0-next.4 (59/626)...
2025-11-14 03:26:08,309 - UnicodeAnalyzer - INFO - -> Analizzando versione 12.0.0-next.5 (60/626)...
2025-11-14 03:26:08,459 - UnicodeAnalyzer - INFO - -> Analizzando versione 12.0.0-next.6 (61/626)...
2025-11-14 03:26:08,602 - UnicodeAnalyzer - INFO - -> Analizzando versione 12.0.0-next.7 (62/626)...
2025-11-14 03:26:08,751 - UnicodeAnalyzer - INFO - -> Analizzando versione 12.0.0-rc.0 (63/626)...
2025-11-14 03:26:08,889 - UnicodeAnalyzer - INFO - -> Analizzando versione 12.0.0-rc.1 (64/626)...
2025-11-14 03:26:09,035 - UnicodeAnalyzer - INFO - -> Analizzando versione 12.0.0-rc.2 (65/626)...
2025-11-14 03:26:09,181 - UnicodeAnalyzer - INFO - -> Analizzando versione 12.0.0-rc.3 (66/626)...
2025-11-14 03:26:09,324 - UnicodeAnalyzer - INFO - -> Analizzando versione 12.0.1 (67/626)...
2025-11-14 03:26:09,468 - UnicodeAnalyzer - INFO - -> Analizzando versione 12.0.2 (68/626)...
2025-11-14 03:26:09,608 - UnicodeAnalyzer - INFO - -> Analizzando versione 12.0.3 (69/626)...
2025-11-14 03:26:09,755 - UnicodeAnalyzer - INFO - -> Analizzando versione 12.0.4 (70/626)...
2025-11-14 03:26:09,893 - UnicodeAnalyzer - INFO - -> Analizzando versione 12.0.5 (71/626)...
2025-11-14 03:26:10,034 - UnicodeAnalyzer - INFO - -> Analizzando versione 12.0.6 (72/626)...
2025-11-14 03:26:10,171 - UnicodeAnalyzer - INFO - -> Analizzando versione 12.1.0 (73/626)...
2025-11-14 03:26:10,312 - UnicodeAnalyzer - INFO - -> Analizzando versione 12.1.0-next.0 (74/626)...
2025-11-14 03:26:10,456 - UnicodeAnalyzer - INFO - -> Analizzando versione 12.1.0-next.1 (75/626)...
2025-11-14 03:26:10,592 - UnicodeAnalyzer - INFO - -> Analizzando versione 12.1.0-rc.0 (76/626)...
2025-11-14 03:26:10,734 - UnicodeAnalyzer - INFO - -> Analizzando versione 12.1.1 (77/626)...
2025-11-14 03:26:10,870 - UnicodeAnalyzer - INFO - -> Analizzando versione 12.1.2 (78/626)...
2025-11-14 03:26:11,016 - UnicodeAnalyzer - INFO - -> Analizzando versione 12.1.3 (79/626)...
2025-11-14 03:26:11,163 - UnicodeAnalyzer - INFO - -> Analizzando versione 12.1.4 (80/626)...
2025-11-14 03:26:11,306 - UnicodeAnalyzer - INFO - -> Analizzando versione 12.2.0 (81/626)...
2025-11-14 03:26:11,451 - UnicodeAnalyzer - INFO - -> Analizzando versione 12.2.0-rc.0 (82/626)...
2025-11-14 03:26:11,593 - UnicodeAnalyzer - INFO - -> Analizzando versione 12.2.1 (83/626)...
2025-11-14 03:26:11,734 - UnicodeAnalyzer - INFO - -> Analizzando versione 12.2.10 (84/626)...
2025-11-14 03:26:11,881 - UnicodeAnalyzer - INFO - -> Analizzando versione 12.2.11 (85/626)...
2025-11-14 03:26:12,033 - UnicodeAnalyzer - INFO - -> Analizzando versione 12.2.12 (86/626)...
2025-11-14 03:26:12,181 - UnicodeAnalyzer - INFO - -> Analizzando versione 12.2.13 (87/626)...
2025-11-14 03:26:12,325 - UnicodeAnalyzer - INFO - -> Analizzando versione 12.2.2 (88/626)...
2025-11-14 03:26:12,471 - UnicodeAnalyzer - INFO - -> Analizzando versione 12.2.3 (89/626)...
2025-11-14 03:26:12,612 - UnicodeAnalyzer - INFO - -> Analizzando versione 12.2.4 (90/626)...
2025-11-14 03:26:12,765 - UnicodeAnalyzer - INFO - -> Analizzando versione 12.2.5 (91/626)...
2025-11-14 03:26:12,909 - UnicodeAnalyzer - INFO - -> Analizzando versione 12.2.6 (92/626)...
2025-11-14 03:26:13,059 - UnicodeAnalyzer - INFO - -> Analizzando versione 12.2.7 (93/626)...
2025-11-14 03:26:13,199 - UnicodeAnalyzer - INFO - -> Analizzando versione 12.2.8 (94/626)...
2025-11-14 03:26:13,341 - UnicodeAnalyzer - INFO - -> Analizzando versione 12.2.9 (95/626)...
2025-11-14 03:26:13,491 - UnicodeAnalyzer - INFO - -> Analizzando versione 13.0.0 (96/626)...
2025-11-14 03:26:13,583 - UnicodeAnalyzer - INFO - -> Analizzando versione 13.0.0-next.0 (97/626)...
2025-11-14 03:26:13,724 - UnicodeAnalyzer - INFO - -> Analizzando versione 13.0.0-next.1 (98/626)...
2025-11-14 03:26:13,876 - UnicodeAnalyzer - INFO - -> Analizzando versione 13.0.0-next.2 (99/626)...
2025-11-14 03:26:14,017 - UnicodeAnalyzer - INFO - -> Analizzando versione 13.0.0-next.3 (100/626)...
2025-11-14 03:26:14,160 - UnicodeAnalyzer - INFO - -> Analizzando versione 13.0.0-next.4 (101/626)...
2025-11-14 03:26:14,301 - UnicodeAnalyzer - INFO - -> Analizzando versione 13.0.0-next.5 (102/626)...
2025-11-14 03:26:14,451 - UnicodeAnalyzer - INFO - -> Analizzando versione 13.0.0-next.6 (103/626)...
2025-11-14 03:26:14,596 - UnicodeAnalyzer - INFO - -> Analizzando versione 13.0.0-next.7 (104/626)...
2025-11-14 03:26:14,745 - UnicodeAnalyzer - INFO - -> Analizzando versione 13.0.0-next.8 (105/626)...
2025-11-14 03:26:14,835 - UnicodeAnalyzer - INFO - -> Analizzando versione 13.0.0-rc.0 (106/626)...
2025-11-14 03:26:14,929 - UnicodeAnalyzer - INFO - -> Analizzando versione 13.0.0-rc.1 (107/626)...
2025-11-14 03:26:15,024 - UnicodeAnalyzer - INFO - -> Analizzando versione 13.0.0-rc.2 (108/626)...
2025-11-14 03:26:15,120 - UnicodeAnalyzer - INFO - -> Analizzando versione 13.0.0-rc.3 (109/626)...
2025-11-14 03:26:15,215 - UnicodeAnalyzer - INFO - -> Analizzando versione 13.0.1 (110/626)...
2025-11-14 03:26:15,310 - UnicodeAnalyzer - INFO - -> Analizzando versione 13.0.2 (111/626)...
2025-11-14 03:26:15,405 - UnicodeAnalyzer - INFO - -> Analizzando versione 13.0.3 (112/626)...
2025-11-14 03:26:15,499 - UnicodeAnalyzer - INFO - -> Analizzando versione 13.0.4 (113/626)...
2025-11-14 03:26:15,596 - UnicodeAnalyzer - INFO - -> Analizzando versione 13.1.0 (114/626)...
2025-11-14 03:26:15,690 - UnicodeAnalyzer - INFO - -> Analizzando versione 13.1.0-next.0 (115/626)...
2025-11-14 03:26:15,785 - UnicodeAnalyzer - INFO - -> Analizzando versione 13.1.0-next.1 (116/626)...
2025-11-14 03:26:15,879 - UnicodeAnalyzer - INFO - -> Analizzando versione 13.1.0-next.2 (117/626)...
2025-11-14 03:26:15,974 - UnicodeAnalyzer - INFO - -> Analizzando versione 13.1.0-next.3 (118/626)...
2025-11-14 03:26:16,070 - UnicodeAnalyzer - INFO - -> Analizzando versione 13.1.0-rc.0 (119/626)...
2025-11-14 03:26:16,165 - UnicodeAnalyzer - INFO - -> Analizzando versione 13.1.1 (120/626)...
2025-11-14 03:26:16,260 - UnicodeAnalyzer - INFO - -> Analizzando versione 13.1.2 (121/626)...
2025-11-14 03:26:16,356 - UnicodeAnalyzer - INFO - -> Analizzando versione 13.1.3 (122/626)...
2025-11-14 03:26:16,451 - UnicodeAnalyzer - INFO - -> Analizzando versione 13.2.0 (123/626)...
2025-11-14 03:26:16,550 - UnicodeAnalyzer - INFO - -> Analizzando versione 13.2.0-next.0 (124/626)...
2025-11-14 03:26:16,647 - UnicodeAnalyzer - INFO - -> Analizzando versione 13.2.0-next.1 (125/626)...
2025-11-14 03:26:16,741 - UnicodeAnalyzer - INFO - -> Analizzando versione 13.2.0-rc.0 (126/626)...
2025-11-14 03:26:16,838 - UnicodeAnalyzer - INFO - -> Analizzando versione 13.2.1 (127/626)...
2025-11-14 03:26:16,935 - UnicodeAnalyzer - INFO - -> Analizzando versione 13.2.2 (128/626)...
2025-11-14 03:26:17,031 - UnicodeAnalyzer - INFO - -> Analizzando versione 13.2.3 (129/626)...
2025-11-14 03:26:17,126 - UnicodeAnalyzer - INFO - -> Analizzando versione 13.2.4 (130/626)...
2025-11-14 03:26:17,223 - UnicodeAnalyzer - INFO - -> Analizzando versione 13.2.5 (131/626)...
2025-11-14 03:26:17,320 - UnicodeAnalyzer - INFO - -> Analizzando versione 13.2.6 (132/626)...
2025-11-14 03:26:17,414 - UnicodeAnalyzer - INFO - -> Analizzando versione 13.3.0 (133/626)...
2025-11-14 03:26:17,508 - UnicodeAnalyzer - INFO - -> Analizzando versione 13.3.1 (134/626)...
2025-11-14 03:26:17,605 - UnicodeAnalyzer - INFO - -> Analizzando versione 13.3.2 (135/626)...
2025-11-14 03:26:17,705 - UnicodeAnalyzer - INFO - -> Analizzando versione 13.3.3 (136/626)...
2025-11-14 03:26:17,800 - UnicodeAnalyzer - INFO - -> Analizzando versione 13.3.4 (137/626)...
2025-11-14 03:26:17,894 - UnicodeAnalyzer - INFO - -> Analizzando versione 13.3.5 (138/626)...
2025-11-14 03:26:17,988 - UnicodeAnalyzer - INFO - -> Analizzando versione 13.3.6 (139/626)...
2025-11-14 03:26:18,084 - UnicodeAnalyzer - INFO - -> Analizzando versione 13.3.7 (140/626)...
2025-11-14 03:26:18,180 - UnicodeAnalyzer - INFO - -> Analizzando versione 13.3.8 (141/626)...
2025-11-14 03:26:18,274 - UnicodeAnalyzer - INFO - -> Analizzando versione 13.3.9 (142/626)...
2025-11-14 03:26:18,369 - UnicodeAnalyzer - INFO - -> Analizzando versione 14.0.0 (143/626)...
2025-11-14 03:26:18,465 - UnicodeAnalyzer - INFO - -> Analizzando versione 14.0.0-next.0 (144/626)...
2025-11-14 03:26:18,561 - UnicodeAnalyzer - INFO - -> Analizzando versione 14.0.0-next.1 (145/626)...
2025-11-14 03:26:18,656 - UnicodeAnalyzer - INFO - -> Analizzando versione 14.0.0-next.10 (146/626)...
2025-11-14 03:26:18,750 - UnicodeAnalyzer - INFO - -> Analizzando versione 14.0.0-next.11 (147/626)...
2025-11-14 03:26:18,845 - UnicodeAnalyzer - INFO - -> Analizzando versione 14.0.0-next.12 (148/626)...
2025-11-14 03:26:18,941 - UnicodeAnalyzer - INFO - -> Analizzando versione 14.0.0-next.13 (149/626)...
2025-11-14 03:26:19,036 - UnicodeAnalyzer - INFO - -> Analizzando versione 14.0.0-next.2 (150/626)...
2025-11-14 03:26:19,130 - UnicodeAnalyzer - INFO - -> Analizzando versione 14.0.0-next.3 (151/626)...
2025-11-14 03:26:19,231 - UnicodeAnalyzer - INFO - -> Analizzando versione 14.0.0-next.4 (152/626)...
2025-11-14 03:26:19,330 - UnicodeAnalyzer - INFO - -> Analizzando versione 14.0.0-next.5 (153/626)...
2025-11-14 03:26:19,426 - UnicodeAnalyzer - INFO - -> Analizzando versione 14.0.0-next.6 (154/626)...
2025-11-14 03:26:19,523 - UnicodeAnalyzer - INFO - -> Analizzando versione 14.0.0-next.7 (155/626)...
2025-11-14 03:26:19,624 - UnicodeAnalyzer - INFO - -> Analizzando versione 14.0.0-next.8 (156/626)...
2025-11-14 03:26:19,717 - UnicodeAnalyzer - INFO - -> Analizzando versione 14.0.0-next.9 (157/626)...
2025-11-14 03:26:19,812 - UnicodeAnalyzer - INFO - -> Analizzando versione 14.0.0-rc.0 (158/626)...
2025-11-14 03:26:19,960 - UnicodeAnalyzer - INFO - -> Analizzando versione 14.0.0-rc.1 (159/626)...
2025-11-14 03:26:20,054 - UnicodeAnalyzer - INFO - -> Analizzando versione 14.0.0-rc.2 (160/626)...
2025-11-14 03:26:20,139 - UnicodeAnalyzer - INFO - -> Analizzando versione 14.0.1 (161/626)...
2025-11-14 03:26:20,232 - UnicodeAnalyzer - INFO - -> Analizzando versione 14.0.2 (162/626)...
2025-11-14 03:26:20,324 - UnicodeAnalyzer - INFO - -> Analizzando versione 14.0.3 (163/626)...
2025-11-14 03:26:20,418 - UnicodeAnalyzer - INFO - -> Analizzando versione 14.0.4 (164/626)...
2025-11-14 03:26:20,510 - UnicodeAnalyzer - INFO - -> Analizzando versione 14.0.5 (165/626)...
2025-11-14 03:26:20,607 - UnicodeAnalyzer - INFO - -> Analizzando versione 14.0.6 (166/626)...
2025-11-14 03:26:20,697 - UnicodeAnalyzer - INFO - -> Analizzando versione 14.1.0 (167/626)...
2025-11-14 03:26:20,791 - UnicodeAnalyzer - INFO - -> Analizzando versione 14.1.0-next.0 (168/626)...
2025-11-14 03:26:20,885 - UnicodeAnalyzer - INFO - -> Analizzando versione 14.1.0-next.1 (169/626)...
2025-11-14 03:26:20,980 - UnicodeAnalyzer - INFO - -> Analizzando versione 14.1.0-next.2 (170/626)...
2025-11-14 03:26:21,078 - UnicodeAnalyzer - INFO - -> Analizzando versione 14.1.0-next.3 (171/626)...
2025-11-14 03:26:21,170 - UnicodeAnalyzer - INFO - -> Analizzando versione 14.1.0-rc.0 (172/626)...
2025-11-14 03:26:21,263 - UnicodeAnalyzer - INFO - -> Analizzando versione 14.1.1 (173/626)...
2025-11-14 03:26:21,356 - UnicodeAnalyzer - INFO - -> Analizzando versione 14.1.2 (174/626)...
2025-11-14 03:26:21,449 - UnicodeAnalyzer - INFO - -> Analizzando versione 14.1.3 (175/626)...
2025-11-14 03:26:21,541 - UnicodeAnalyzer - INFO - -> Analizzando versione 14.2.0 (176/626)...
2025-11-14 03:26:21,635 - UnicodeAnalyzer - INFO - -> Analizzando versione 14.2.0-next.1 (177/626)...
2025-11-14 03:26:21,727 - UnicodeAnalyzer - INFO - -> Analizzando versione 14.2.0-next.2 (178/626)...
2025-11-14 03:26:21,819 - UnicodeAnalyzer - INFO - -> Analizzando versione 14.2.0-rc.0 (179/626)...
2025-11-14 03:26:21,913 - UnicodeAnalyzer - INFO - -> Analizzando versione 14.2.1 (180/626)...
2025-11-14 03:26:22,007 - UnicodeAnalyzer - INFO - -> Analizzando versione 14.2.2 (181/626)...
2025-11-14 03:26:22,102 - UnicodeAnalyzer - INFO - -> Analizzando versione 14.2.3 (182/626)...
2025-11-14 03:26:22,196 - UnicodeAnalyzer - INFO - -> Analizzando versione 14.2.4 (183/626)...
2025-11-14 03:26:22,289 - UnicodeAnalyzer - INFO - -> Analizzando versione 14.2.5 (184/626)...
2025-11-14 03:26:22,381 - UnicodeAnalyzer - INFO - -> Analizzando versione 14.2.6 (185/626)...
2025-11-14 03:26:22,476 - UnicodeAnalyzer - INFO - -> Analizzando versione 14.2.7 (186/626)...
2025-11-14 03:26:22,568 - UnicodeAnalyzer - INFO - -> Analizzando versione 15.0.0 (187/626)...
2025-11-14 03:26:22,661 - UnicodeAnalyzer - INFO - -> Analizzando versione 15.0.0-next.0 (188/626)...
2025-11-14 03:26:22,757 - UnicodeAnalyzer - INFO - -> Analizzando versione 15.0.0-next.1 (189/626)...
2025-11-14 03:26:22,854 - UnicodeAnalyzer - INFO - -> Analizzando versione 15.0.0-next.2 (190/626)...
2025-11-14 03:26:22,947 - UnicodeAnalyzer - INFO - -> Analizzando versione 15.0.0-next.3 (191/626)...
2025-11-14 03:26:23,041 - UnicodeAnalyzer - INFO - -> Analizzando versione 15.0.0-next.4 (192/626)...
2025-11-14 03:26:23,133 - UnicodeAnalyzer - INFO - -> Analizzando versione 15.0.0-next.5 (193/626)...
2025-11-14 03:26:23,228 - UnicodeAnalyzer - INFO - -> Analizzando versione 15.0.0-rc.0 (194/626)...
2025-11-14 03:26:23,319 - UnicodeAnalyzer - INFO - -> Analizzando versione 15.0.0-rc.1 (195/626)...
2025-11-14 03:26:23,413 - UnicodeAnalyzer - INFO - -> Analizzando versione 15.0.0-rc.2 (196/626)...
2025-11-14 03:26:23,505 - UnicodeAnalyzer - INFO - -> Analizzando versione 15.0.0-rc.3 (197/626)...
2025-11-14 03:26:23,600 - UnicodeAnalyzer - INFO - -> Analizzando versione 15.0.1 (198/626)...
2025-11-14 03:26:23,693 - UnicodeAnalyzer - INFO - -> Analizzando versione 15.0.2 (199/626)...
2025-11-14 03:26:23,787 - UnicodeAnalyzer - INFO - -> Analizzando versione 15.0.3 (200/626)...
2025-11-14 03:26:23,881 - UnicodeAnalyzer - INFO - -> Analizzando versione 15.0.4 (201/626)...
2025-11-14 03:26:23,971 - UnicodeAnalyzer - INFO - -> Analizzando versione 15.1.0 (202/626)...
2025-11-14 03:26:24,063 - UnicodeAnalyzer - INFO - -> Analizzando versione 15.1.0-next.0 (203/626)...
2025-11-14 03:26:24,155 - UnicodeAnalyzer - INFO - -> Analizzando versione 15.1.0-next.1 (204/626)...
2025-11-14 03:26:24,247 - UnicodeAnalyzer - INFO - -> Analizzando versione 15.1.0-next.2 (205/626)...
2025-11-14 03:26:24,339 - UnicodeAnalyzer - INFO - -> Analizzando versione 15.1.0-rc.0 (206/626)...
2025-11-14 03:26:24,434 - UnicodeAnalyzer - INFO - -> Analizzando versione 15.1.1 (207/626)...
2025-11-14 03:26:24,527 - UnicodeAnalyzer - INFO - -> Analizzando versione 15.1.2 (208/626)...
2025-11-14 03:26:24,622 - UnicodeAnalyzer - INFO - -> Analizzando versione 15.1.3 (209/626)...
2025-11-14 03:26:24,714 - UnicodeAnalyzer - INFO - -> Analizzando versione 15.1.4 (210/626)...
2025-11-14 03:26:24,809 - UnicodeAnalyzer - INFO - -> Analizzando versione 15.1.5 (211/626)...
2025-11-14 03:26:24,900 - UnicodeAnalyzer - INFO - -> Analizzando versione 15.1.6 (212/626)...
2025-11-14 03:26:24,994 - UnicodeAnalyzer - INFO - -> Analizzando versione 15.2.0 (213/626)...
2025-11-14 03:26:25,087 - UnicodeAnalyzer - INFO - -> Analizzando versione 15.2.0-next.0 (214/626)...
2025-11-14 03:26:25,179 - UnicodeAnalyzer - INFO - -> Analizzando versione 15.2.0-next.1 (215/626)...
2025-11-14 03:26:25,272 - UnicodeAnalyzer - INFO - -> Analizzando versione 15.2.0-next.2 (216/626)...
2025-11-14 03:26:25,367 - UnicodeAnalyzer - INFO - -> Analizzando versione 15.2.0-next.3 (217/626)...
2025-11-14 03:26:25,460 - UnicodeAnalyzer - INFO - -> Analizzando versione 15.2.0-next.4 (218/626)...
2025-11-14 03:26:25,555 - UnicodeAnalyzer - INFO - -> Analizzando versione 15.2.0-rc.0 (219/626)...
2025-11-14 03:26:25,649 - UnicodeAnalyzer - INFO - -> Analizzando versione 15.2.1 (220/626)...
2025-11-14 03:26:25,742 - UnicodeAnalyzer - INFO - -> Analizzando versione 15.2.2 (221/626)...
2025-11-14 03:26:25,832 - UnicodeAnalyzer - INFO - -> Analizzando versione 15.2.3 (222/626)...
2025-11-14 03:26:25,924 - UnicodeAnalyzer - INFO - -> Analizzando versione 15.2.4 (223/626)...
2025-11-14 03:26:26,017 - UnicodeAnalyzer - INFO - -> Analizzando versione 15.2.5 (224/626)...
2025-11-14 03:26:26,109 - UnicodeAnalyzer - INFO - -> Analizzando versione 15.2.6 (225/626)...
2025-11-14 03:26:26,201 - UnicodeAnalyzer - INFO - -> Analizzando versione 15.2.7 (226/626)...
2025-11-14 03:26:26,294 - UnicodeAnalyzer - INFO - -> Analizzando versione 15.2.8 (227/626)...
2025-11-14 03:26:26,390 - UnicodeAnalyzer - INFO - -> Analizzando versione 15.2.9 (228/626)...
2025-11-14 03:26:26,484 - UnicodeAnalyzer - INFO - -> Analizzando versione 16.0.0 (229/626)...
2025-11-14 03:26:26,576 - UnicodeAnalyzer - INFO - -> Analizzando versione 16.0.0-next.0 (230/626)...
2025-11-14 03:26:26,669 - UnicodeAnalyzer - INFO - -> Analizzando versione 16.0.0-next.1 (231/626)...
2025-11-14 03:26:26,759 - UnicodeAnalyzer - INFO - -> Analizzando versione 16.0.0-next.2 (232/626)...
2025-11-14 03:26:26,852 - UnicodeAnalyzer - INFO - -> Analizzando versione 16.0.0-next.3 (233/626)...
2025-11-14 03:26:26,942 - UnicodeAnalyzer - INFO - -> Analizzando versione 16.0.0-next.4 (234/626)...
2025-11-14 03:26:27,033 - UnicodeAnalyzer - INFO - -> Analizzando versione 16.0.0-next.5 (235/626)...
2025-11-14 03:26:27,126 - UnicodeAnalyzer - INFO - -> Analizzando versione 16.0.0-rc.0 (236/626)...
2025-11-14 03:26:27,226 - UnicodeAnalyzer - INFO - -> Analizzando versione 16.0.0-rc.1 (237/626)...
2025-11-14 03:26:27,318 - UnicodeAnalyzer - INFO - -> Analizzando versione 16.0.0-rc.2 (238/626)...
2025-11-14 03:26:27,414 - UnicodeAnalyzer - INFO - -> Analizzando versione 16.0.1 (239/626)...
2025-11-14 03:26:27,504 - UnicodeAnalyzer - INFO - -> Analizzando versione 16.0.2 (240/626)...
2025-11-14 03:26:27,596 - UnicodeAnalyzer - INFO - -> Analizzando versione 16.0.3 (241/626)...
2025-11-14 03:26:27,689 - UnicodeAnalyzer - INFO - -> Analizzando versione 16.0.4 (242/626)...
2025-11-14 03:26:27,785 - UnicodeAnalyzer - INFO - -> Analizzando versione 16.1.0 (243/626)...
2025-11-14 03:26:27,878 - UnicodeAnalyzer - INFO - -> Analizzando versione 16.1.0-next.0 (244/626)...
2025-11-14 03:26:27,972 - UnicodeAnalyzer - INFO - -> Analizzando versione 16.1.0-next.1 (245/626)...
2025-11-14 03:26:28,066 - UnicodeAnalyzer - INFO - -> Analizzando versione 16.1.0-next.2 (246/626)...
2025-11-14 03:26:28,158 - UnicodeAnalyzer - INFO - -> Analizzando versione 16.1.0-rc.0 (247/626)...
2025-11-14 03:26:28,251 - UnicodeAnalyzer - INFO - -> Analizzando versione 16.1.1 (248/626)...
2025-11-14 03:26:28,341 - UnicodeAnalyzer - INFO - -> Analizzando versione 16.1.2 (249/626)...
2025-11-14 03:26:28,434 - UnicodeAnalyzer - INFO - -> Analizzando versione 16.1.3 (250/626)...
2025-11-14 03:26:28,529 - UnicodeAnalyzer - INFO - -> Analizzando versione 16.1.4 (251/626)...
2025-11-14 03:26:28,622 - UnicodeAnalyzer - INFO - -> Analizzando versione 16.1.5 (252/626)...
2025-11-14 03:26:28,717 - UnicodeAnalyzer - INFO - -> Analizzando versione 16.1.6 (253/626)...
2025-11-14 03:26:28,810 - UnicodeAnalyzer - INFO - -> Analizzando versione 16.1.7 (254/626)...
2025-11-14 03:26:28,901 - UnicodeAnalyzer - INFO - -> Analizzando versione 16.1.8 (255/626)...
2025-11-14 03:26:28,993 - UnicodeAnalyzer - INFO - -> Analizzando versione 16.2.0 (256/626)...
2025-11-14 03:26:29,085 - UnicodeAnalyzer - INFO - -> Analizzando versione 16.2.0-next.0 (257/626)...
2025-11-14 03:26:29,179 - UnicodeAnalyzer - INFO - -> Analizzando versione 16.2.0-next.1 (258/626)...
2025-11-14 03:26:29,271 - UnicodeAnalyzer - INFO - -> Analizzando versione 16.2.0-next.2 (259/626)...
2025-11-14 03:26:29,361 - UnicodeAnalyzer - INFO - -> Analizzando versione 16.2.0-next.3 (260/626)...
2025-11-14 03:26:29,454 - UnicodeAnalyzer - INFO - -> Analizzando versione 16.2.0-next.4 (261/626)...
2025-11-14 03:26:29,548 - UnicodeAnalyzer - INFO - -> Analizzando versione 16.2.0-next.5 (262/626)...
2025-11-14 03:26:29,640 - UnicodeAnalyzer - INFO - -> Analizzando versione 16.2.0-rc.0 (263/626)...
2025-11-14 03:26:29,736 - UnicodeAnalyzer - INFO - -> Analizzando versione 16.2.1 (264/626)...
2025-11-14 03:26:29,828 - UnicodeAnalyzer - INFO - -> Analizzando versione 16.2.10 (265/626)...
2025-11-14 03:26:29,919 - UnicodeAnalyzer - INFO - -> Analizzando versione 16.2.11 (266/626)...
2025-11-14 03:26:30,011 - UnicodeAnalyzer - INFO - -> Analizzando versione 16.2.12 (267/626)...
2025-11-14 03:26:30,106 - UnicodeAnalyzer - INFO - -> Analizzando versione 16.2.13 (268/626)...
2025-11-14 03:26:30,197 - UnicodeAnalyzer - INFO - -> Analizzando versione 16.2.14 (269/626)...
2025-11-14 03:26:30,290 - UnicodeAnalyzer - INFO - -> Analizzando versione 16.2.2 (270/626)...
2025-11-14 03:26:30,381 - UnicodeAnalyzer - INFO - -> Analizzando versione 16.2.3 (271/626)...
2025-11-14 03:26:30,473 - UnicodeAnalyzer - INFO - -> Analizzando versione 16.2.4 (272/626)...
2025-11-14 03:26:30,567 - UnicodeAnalyzer - INFO - -> Analizzando versione 16.2.5 (273/626)...
2025-11-14 03:26:30,659 - UnicodeAnalyzer - INFO - -> Analizzando versione 16.2.6 (274/626)...
2025-11-14 03:26:30,751 - UnicodeAnalyzer - INFO - -> Analizzando versione 16.2.7 (275/626)...
2025-11-14 03:26:30,844 - UnicodeAnalyzer - INFO - -> Analizzando versione 16.2.8 (276/626)...
2025-11-14 03:26:30,935 - UnicodeAnalyzer - INFO - -> Analizzando versione 16.2.9 (277/626)...
2025-11-14 03:26:31,028 - UnicodeAnalyzer - INFO - -> Analizzando versione 17.0.0 (278/626)...
2025-11-14 03:26:31,124 - UnicodeAnalyzer - INFO - -> Analizzando versione 17.0.0-next.0 (279/626)...
2025-11-14 03:26:31,219 - UnicodeAnalyzer - INFO - -> Analizzando versione 17.0.0-next.1 (280/626)...
2025-11-14 03:26:31,311 - UnicodeAnalyzer - INFO - -> Analizzando versione 17.0.0-next.2 (281/626)...
2025-11-14 03:26:31,402 - UnicodeAnalyzer - INFO - -> Analizzando versione 17.0.0-next.3 (282/626)...
2025-11-14 03:26:31,493 - UnicodeAnalyzer - INFO - -> Analizzando versione 17.0.0-next.4 (283/626)...
2025-11-14 03:26:31,585 - UnicodeAnalyzer - INFO - -> Analizzando versione 17.0.0-next.5 (284/626)...
2025-11-14 03:26:31,679 - UnicodeAnalyzer - INFO - -> Analizzando versione 17.0.0-next.6 (285/626)...
2025-11-14 03:26:31,772 - UnicodeAnalyzer - INFO - -> Analizzando versione 17.0.0-next.7 (286/626)...
2025-11-14 03:26:31,865 - UnicodeAnalyzer - INFO - -> Analizzando versione 17.0.0-rc.0 (287/626)...
2025-11-14 03:26:31,958 - UnicodeAnalyzer - INFO - -> Analizzando versione 17.0.0-rc.1 (288/626)...
2025-11-14 03:26:32,051 - UnicodeAnalyzer - INFO - -> Analizzando versione 17.0.0-rc.2 (289/626)...
2025-11-14 03:26:32,143 - UnicodeAnalyzer - INFO - -> Analizzando versione 17.0.0-rc.3 (290/626)...
2025-11-14 03:26:32,235 - UnicodeAnalyzer - INFO - -> Analizzando versione 17.0.1 (291/626)...
2025-11-14 03:26:32,330 - UnicodeAnalyzer - INFO - -> Analizzando versione 17.0.2 (292/626)...
2025-11-14 03:26:32,423 - UnicodeAnalyzer - INFO - -> Analizzando versione 17.0.3 (293/626)...
2025-11-14 03:26:32,515 - UnicodeAnalyzer - INFO - -> Analizzando versione 17.0.4 (294/626)...
2025-11-14 03:26:32,606 - UnicodeAnalyzer - INFO - -> Analizzando versione 17.0.5 (295/626)...
2025-11-14 03:26:32,700 - UnicodeAnalyzer - INFO - -> Analizzando versione 17.0.6 (296/626)...
2025-11-14 03:26:32,796 - UnicodeAnalyzer - INFO - -> Analizzando versione 17.1.0 (297/626)...
2025-11-14 03:26:32,887 - UnicodeAnalyzer - INFO - -> Analizzando versione 17.1.0-next.0 (298/626)...
2025-11-14 03:26:32,981 - UnicodeAnalyzer - INFO - -> Analizzando versione 17.1.0-next.1 (299/626)...
2025-11-14 03:26:33,075 - UnicodeAnalyzer - INFO - -> Analizzando versione 17.1.0-next.2 (300/626)...
2025-11-14 03:26:33,167 - UnicodeAnalyzer - INFO - -> Analizzando versione 17.1.0-next.3 (301/626)...
2025-11-14 03:26:33,261 - UnicodeAnalyzer - INFO - -> Analizzando versione 17.1.0-rc.0 (302/626)...
2025-11-14 03:26:33,354 - UnicodeAnalyzer - INFO - -> Analizzando versione 17.1.1 (303/626)...
2025-11-14 03:26:33,444 - UnicodeAnalyzer - INFO - -> Analizzando versione 17.1.2 (304/626)...
2025-11-14 03:26:33,538 - UnicodeAnalyzer - INFO - -> Analizzando versione 17.2.0 (305/626)...
2025-11-14 03:26:33,630 - UnicodeAnalyzer - INFO - -> Analizzando versione 17.2.0-next.0 (306/626)...
2025-11-14 03:26:33,722 - UnicodeAnalyzer - INFO - -> Analizzando versione 17.2.0-next.1 (307/626)...
2025-11-14 03:26:33,814 - UnicodeAnalyzer - INFO - -> Analizzando versione 17.2.0-rc.0 (308/626)...
2025-11-14 03:26:33,909 - UnicodeAnalyzer - INFO - -> Analizzando versione 17.2.1 (309/626)...
2025-11-14 03:26:34,003 - UnicodeAnalyzer - INFO - -> Analizzando versione 17.2.2 (310/626)...
2025-11-14 03:26:34,095 - UnicodeAnalyzer - INFO - -> Analizzando versione 17.3.0 (311/626)...
2025-11-14 03:26:34,187 - UnicodeAnalyzer - INFO - -> Analizzando versione 17.3.0-next.0 (312/626)...
2025-11-14 03:26:34,280 - UnicodeAnalyzer - INFO - -> Analizzando versione 17.3.0-rc.0 (313/626)...
2025-11-14 03:26:34,374 - UnicodeAnalyzer - INFO - -> Analizzando versione 17.3.1 (314/626)...
2025-11-14 03:26:34,467 - UnicodeAnalyzer - INFO - -> Analizzando versione 17.3.10 (315/626)...
2025-11-14 03:26:34,562 - UnicodeAnalyzer - INFO - -> Analizzando versione 17.3.2 (316/626)...
2025-11-14 03:26:34,654 - UnicodeAnalyzer - INFO - -> Analizzando versione 17.3.3 (317/626)...
2025-11-14 03:26:34,745 - UnicodeAnalyzer - INFO - -> Analizzando versione 17.3.4 (318/626)...
2025-11-14 03:26:34,838 - UnicodeAnalyzer - INFO - -> Analizzando versione 17.3.5 (319/626)...
2025-11-14 03:26:34,929 - UnicodeAnalyzer - INFO - -> Analizzando versione 17.3.6 (320/626)...
2025-11-14 03:26:35,020 - UnicodeAnalyzer - INFO - -> Analizzando versione 17.3.7 (321/626)...
2025-11-14 03:26:35,112 - UnicodeAnalyzer - INFO - -> Analizzando versione 17.3.8 (322/626)...
2025-11-14 03:26:35,206 - UnicodeAnalyzer - INFO - -> Analizzando versione 17.3.9 (323/626)...
2025-11-14 03:26:35,297 - UnicodeAnalyzer - INFO - -> Analizzando versione 18.0.0 (324/626)...
2025-11-14 03:26:35,391 - UnicodeAnalyzer - INFO - -> Analizzando versione 18.0.0-next.0 (325/626)...
2025-11-14 03:26:35,482 - UnicodeAnalyzer - INFO - -> Analizzando versione 18.0.0-next.1 (326/626)...
2025-11-14 03:26:35,576 - UnicodeAnalyzer - INFO - -> Analizzando versione 18.0.0-next.2 (327/626)...
2025-11-14 03:26:35,669 - UnicodeAnalyzer - INFO - -> Analizzando versione 18.0.0-next.3 (328/626)...
2025-11-14 03:26:35,760 - UnicodeAnalyzer - INFO - -> Analizzando versione 18.0.0-next.4 (329/626)...
2025-11-14 03:26:35,850 - UnicodeAnalyzer - INFO - -> Analizzando versione 18.0.0-next.5 (330/626)...
2025-11-14 03:26:35,941 - UnicodeAnalyzer - INFO - -> Analizzando versione 18.0.0-next.6 (331/626)...
2025-11-14 03:26:36,033 - UnicodeAnalyzer - INFO - -> Analizzando versione 18.0.0-rc.0 (332/626)...
2025-11-14 03:26:36,126 - UnicodeAnalyzer - INFO - -> Analizzando versione 18.0.0-rc.1 (333/626)...
2025-11-14 03:26:36,218 - UnicodeAnalyzer - INFO - -> Analizzando versione 18.0.0-rc.2 (334/626)...
2025-11-14 03:26:36,311 - UnicodeAnalyzer - INFO - -> Analizzando versione 18.0.0-rc.3 (335/626)...
2025-11-14 03:26:36,404 - UnicodeAnalyzer - INFO - -> Analizzando versione 18.0.1 (336/626)...
2025-11-14 03:26:36,497 - UnicodeAnalyzer - INFO - -> Analizzando versione 18.0.2 (337/626)...
2025-11-14 03:26:36,591 - UnicodeAnalyzer - INFO - -> Analizzando versione 18.0.3 (338/626)...
2025-11-14 03:26:36,683 - UnicodeAnalyzer - INFO - -> Analizzando versione 18.0.4 (339/626)...
2025-11-14 03:26:36,774 - UnicodeAnalyzer - INFO - -> Analizzando versione 18.0.5 (340/626)...
2025-11-14 03:26:36,867 - UnicodeAnalyzer - INFO - -> Analizzando versione 18.0.6 (341/626)...
2025-11-14 03:26:36,958 - UnicodeAnalyzer - INFO - -> Analizzando versione 18.1.0 (342/626)...
2025-11-14 03:26:37,052 - UnicodeAnalyzer - INFO - -> Analizzando versione 18.1.0-next.0 (343/626)...
2025-11-14 03:26:37,149 - UnicodeAnalyzer - INFO - -> Analizzando versione 18.1.0-next.1 (344/626)...
2025-11-14 03:26:37,240 - UnicodeAnalyzer - INFO - -> Analizzando versione 18.1.0-next.2 (345/626)...
2025-11-14 03:26:37,333 - UnicodeAnalyzer - INFO - -> Analizzando versione 18.1.0-next.3 (346/626)...
2025-11-14 03:26:37,426 - UnicodeAnalyzer - INFO - -> Analizzando versione 18.1.0-next.4 (347/626)...
2025-11-14 03:26:37,518 - UnicodeAnalyzer - INFO - -> Analizzando versione 18.1.0-rc.0 (348/626)...
2025-11-14 03:26:37,611 - UnicodeAnalyzer - INFO - -> Analizzando versione 18.1.1 (349/626)...
2025-11-14 03:26:37,702 - UnicodeAnalyzer - INFO - -> Analizzando versione 18.1.2 (350/626)...
2025-11-14 03:26:37,794 - UnicodeAnalyzer - INFO - -> Analizzando versione 18.1.3 (351/626)...
2025-11-14 03:26:37,887 - UnicodeAnalyzer - INFO - -> Analizzando versione 18.1.4 (352/626)...
2025-11-14 03:26:37,981 - UnicodeAnalyzer - INFO - -> Analizzando versione 18.1.5 (353/626)...
2025-11-14 03:26:38,073 - UnicodeAnalyzer - INFO - -> Analizzando versione 18.2.0 (354/626)...
2025-11-14 03:26:38,164 - UnicodeAnalyzer - INFO - -> Analizzando versione 18.2.0-next.0 (355/626)...
2025-11-14 03:26:38,255 - UnicodeAnalyzer - INFO - -> Analizzando versione 18.2.0-next.1 (356/626)...
2025-11-14 03:26:38,347 - UnicodeAnalyzer - INFO - -> Analizzando versione 18.2.0-next.2 (357/626)...
2025-11-14 03:26:38,439 - UnicodeAnalyzer - INFO - -> Analizzando versione 18.2.0-next.3 (358/626)...
2025-11-14 03:26:38,531 - UnicodeAnalyzer - INFO - -> Analizzando versione 18.2.0-rc.0 (359/626)...
2025-11-14 03:26:38,624 - UnicodeAnalyzer - INFO - -> Analizzando versione 18.2.1 (360/626)...
2025-11-14 03:26:38,716 - UnicodeAnalyzer - INFO - -> Analizzando versione 18.2.10 (361/626)...
2025-11-14 03:26:38,810 - UnicodeAnalyzer - INFO - -> Analizzando versione 18.2.11 (362/626)...
2025-11-14 03:26:38,902 - UnicodeAnalyzer - INFO - -> Analizzando versione 18.2.12 (363/626)...
2025-11-14 03:26:38,996 - UnicodeAnalyzer - INFO - -> Analizzando versione 18.2.13 (364/626)...
2025-11-14 03:26:39,090 - UnicodeAnalyzer - INFO - -> Analizzando versione 18.2.14 (365/626)...
2025-11-14 03:26:39,183 - UnicodeAnalyzer - INFO - -> Analizzando versione 18.2.2 (366/626)...
2025-11-14 03:26:39,275 - UnicodeAnalyzer - INFO - -> Analizzando versione 18.2.3 (367/626)...
2025-11-14 03:26:39,369 - UnicodeAnalyzer - INFO - -> Analizzando versione 18.2.4 (368/626)...
2025-11-14 03:26:39,461 - UnicodeAnalyzer - INFO - -> Analizzando versione 18.2.5 (369/626)...
2025-11-14 03:26:39,556 - UnicodeAnalyzer - INFO - -> Analizzando versione 18.2.6 (370/626)...
2025-11-14 03:26:39,649 - UnicodeAnalyzer - INFO - -> Analizzando versione 18.2.7 (371/626)...
2025-11-14 03:26:39,744 - UnicodeAnalyzer - INFO - -> Analizzando versione 18.2.8 (372/626)...
2025-11-14 03:26:39,836 - UnicodeAnalyzer - INFO - -> Analizzando versione 18.2.9 (373/626)...
2025-11-14 03:26:39,929 - UnicodeAnalyzer - INFO - -> Analizzando versione 19.0.0 (374/626)...
2025-11-14 03:26:40,019 - UnicodeAnalyzer - INFO - -> Analizzando versione 19.0.0-next.0 (375/626)...
2025-11-14 03:26:40,115 - UnicodeAnalyzer - INFO - -> Analizzando versione 19.0.0-next.1 (376/626)...
2025-11-14 03:26:40,207 - UnicodeAnalyzer - INFO - -> Analizzando versione 19.0.0-next.10 (377/626)...
2025-11-14 03:26:40,296 - UnicodeAnalyzer - INFO - -> Analizzando versione 19.0.0-next.2 (378/626)...
2025-11-14 03:26:40,387 - UnicodeAnalyzer - INFO - -> Analizzando versione 19.0.0-next.3 (379/626)...
2025-11-14 03:26:40,479 - UnicodeAnalyzer - INFO - -> Analizzando versione 19.0.0-next.4 (380/626)...
2025-11-14 03:26:40,571 - UnicodeAnalyzer - INFO - -> Analizzando versione 19.0.0-next.5 (381/626)...
2025-11-14 03:26:40,663 - UnicodeAnalyzer - INFO - -> Analizzando versione 19.0.0-next.6 (382/626)...
2025-11-14 03:26:40,753 - UnicodeAnalyzer - INFO - -> Analizzando versione 19.0.0-next.7 (383/626)...
2025-11-14 03:26:40,844 - UnicodeAnalyzer - INFO - -> Analizzando versione 19.0.0-next.8 (384/626)...
2025-11-14 03:26:40,934 - UnicodeAnalyzer - INFO - -> Analizzando versione 19.0.0-next.9 (385/626)...
2025-11-14 03:26:41,024 - UnicodeAnalyzer - INFO - -> Analizzando versione 19.0.0-rc.0 (386/626)...
2025-11-14 03:26:41,114 - UnicodeAnalyzer - INFO - -> Analizzando versione 19.0.0-rc.1 (387/626)...
2025-11-14 03:26:41,206 - UnicodeAnalyzer - INFO - -> Analizzando versione 19.0.0-rc.2 (388/626)...
2025-11-14 03:26:41,294 - UnicodeAnalyzer - INFO - -> Analizzando versione 19.0.0-rc.3 (389/626)...
2025-11-14 03:26:41,385 - UnicodeAnalyzer - INFO - -> Analizzando versione 19.0.1 (390/626)...
2025-11-14 03:26:41,476 - UnicodeAnalyzer - INFO - -> Analizzando versione 19.0.2 (391/626)...
2025-11-14 03:26:41,567 - UnicodeAnalyzer - INFO - -> Analizzando versione 19.0.3 (392/626)...
2025-11-14 03:26:41,657 - UnicodeAnalyzer - INFO - -> Analizzando versione 19.0.4 (393/626)...
2025-11-14 03:26:41,748 - UnicodeAnalyzer - INFO - -> Analizzando versione 19.0.5 (394/626)...
2025-11-14 03:26:41,840 - UnicodeAnalyzer - INFO - -> Analizzando versione 19.1.0 (395/626)...
2025-11-14 03:26:41,933 - UnicodeAnalyzer - INFO - -> Analizzando versione 19.1.0-next.0 (396/626)...
2025-11-14 03:26:42,023 - UnicodeAnalyzer - INFO - -> Analizzando versione 19.1.0-next.1 (397/626)...
2025-11-14 03:26:42,117 - UnicodeAnalyzer - INFO - -> Analizzando versione 19.1.0-next.2 (398/626)...
2025-11-14 03:26:42,210 - UnicodeAnalyzer - INFO - -> Analizzando versione 19.1.0-next.3 (399/626)...
2025-11-14 03:26:42,300 - UnicodeAnalyzer - INFO - -> Analizzando versione 19.1.0-rc.0 (400/626)...
2025-11-14 03:26:42,393 - UnicodeAnalyzer - INFO - -> Analizzando versione 19.1.1 (401/626)...
2025-11-14 03:26:42,483 - UnicodeAnalyzer - INFO - -> Analizzando versione 19.1.2 (402/626)...
2025-11-14 03:26:42,574 - UnicodeAnalyzer - INFO - -> Analizzando versione 19.1.3 (403/626)...
2025-11-14 03:26:42,664 - UnicodeAnalyzer - INFO - -> Analizzando versione 19.1.4 (404/626)...
2025-11-14 03:26:42,754 - UnicodeAnalyzer - INFO - -> Analizzando versione 19.1.5 (405/626)...
2025-11-14 03:26:42,849 - UnicodeAnalyzer - INFO - -> Analizzando versione 19.2.0 (406/626)...
2025-11-14 03:26:42,938 - UnicodeAnalyzer - INFO - -> Analizzando versione 19.2.0-next.0 (407/626)...
2025-11-14 03:26:43,030 - UnicodeAnalyzer - INFO - -> Analizzando versione 19.2.0-next.1 (408/626)...
2025-11-14 03:26:43,121 - UnicodeAnalyzer - INFO - -> Analizzando versione 19.2.0-next.2 (409/626)...
2025-11-14 03:26:43,213 - UnicodeAnalyzer - INFO - -> Analizzando versione 19.2.0-next.3 (410/626)...
2025-11-14 03:26:43,304 - UnicodeAnalyzer - INFO - -> Analizzando versione 19.2.0-next.4 (411/626)...
2025-11-14 03:26:43,396 - UnicodeAnalyzer - INFO - -> Analizzando versione 19.2.0-rc.0 (412/626)...
2025-11-14 03:26:43,486 - UnicodeAnalyzer - INFO - -> Analizzando versione 19.2.1 (413/626)...
2025-11-14 03:26:43,577 - UnicodeAnalyzer - INFO - -> Analizzando versione 19.2.10 (414/626)...
2025-11-14 03:26:43,665 - UnicodeAnalyzer - INFO - -> Analizzando versione 19.2.11 (415/626)...
2025-11-14 03:26:43,756 - UnicodeAnalyzer - INFO - -> Analizzando versione 19.2.12 (416/626)...
2025-11-14 03:26:43,851 - UnicodeAnalyzer - INFO - -> Analizzando versione 19.2.13 (417/626)...
2025-11-14 03:26:43,952 - UnicodeAnalyzer - INFO - -> Analizzando versione 19.2.14 (418/626)...
2025-11-14 03:26:44,043 - UnicodeAnalyzer - INFO - -> Analizzando versione 19.2.15 (419/626)...
2025-11-14 03:26:44,131 - UnicodeAnalyzer - INFO - -> Analizzando versione 19.2.16 (420/626)...
2025-11-14 03:26:44,223 - UnicodeAnalyzer - INFO - -> Analizzando versione 19.2.17 (421/626)...
2025-11-14 03:26:44,313 - UnicodeAnalyzer - INFO - -> Analizzando versione 19.2.18 (422/626)...
2025-11-14 03:26:44,403 - UnicodeAnalyzer - INFO - -> Analizzando versione 19.2.19 (423/626)...
2025-11-14 03:26:44,490 - UnicodeAnalyzer - INFO - -> Analizzando versione 19.2.2 (424/626)...
2025-11-14 03:26:44,581 - UnicodeAnalyzer - INFO - -> Analizzando versione 19.2.3 (425/626)...
2025-11-14 03:26:44,673 - UnicodeAnalyzer - INFO - -> Analizzando versione 19.2.4 (426/626)...
2025-11-14 03:26:44,765 - UnicodeAnalyzer - INFO - -> Analizzando versione 19.2.5 (427/626)...
2025-11-14 03:26:44,858 - UnicodeAnalyzer - INFO - -> Analizzando versione 19.2.6 (428/626)...
2025-11-14 03:26:44,950 - UnicodeAnalyzer - INFO - -> Analizzando versione 19.2.7 (429/626)...
2025-11-14 03:26:45,038 - UnicodeAnalyzer - INFO - -> Analizzando versione 19.2.8 (430/626)...
2025-11-14 03:26:45,125 - UnicodeAnalyzer - INFO - -> Analizzando versione 19.2.9 (431/626)...
2025-11-14 03:26:45,214 - UnicodeAnalyzer - INFO - -> Analizzando versione 2.0.0-beta.10 (432/626)...
2025-11-14 03:26:45,306 - UnicodeAnalyzer - INFO - -> Analizzando versione 2.0.0-beta.11 (433/626)...
2025-11-14 03:26:45,402 - UnicodeAnalyzer - INFO - -> Analizzando versione 2.0.0-beta.12 (434/626)...
2025-11-14 03:26:45,503 - UnicodeAnalyzer - INFO - -> Analizzando versione 2.0.0-beta.8 (435/626)...
2025-11-14 03:26:45,587 - UnicodeAnalyzer - INFO - -> Analizzando versione 2.0.0-beta.9 (436/626)...
2025-11-14 03:26:45,680 - UnicodeAnalyzer - INFO - -> Analizzando versione 20.0.0 (437/626)...
2025-11-14 03:26:45,769 - UnicodeAnalyzer - INFO - -> Analizzando versione 20.0.0-next.0 (438/626)...
2025-11-14 03:26:45,859 - UnicodeAnalyzer - INFO - -> Analizzando versione 20.0.0-next.1 (439/626)...
2025-11-14 03:26:45,950 - UnicodeAnalyzer - INFO - -> Analizzando versione 20.0.0-next.10 (440/626)...
2025-11-14 03:26:46,037 - UnicodeAnalyzer - INFO - -> Analizzando versione 20.0.0-next.2 (441/626)...
2025-11-14 03:26:46,127 - UnicodeAnalyzer - INFO - -> Analizzando versione 20.0.0-next.3 (442/626)...
2025-11-14 03:26:46,219 - UnicodeAnalyzer - INFO - -> Analizzando versione 20.0.0-next.4 (443/626)...
2025-11-14 03:26:46,309 - UnicodeAnalyzer - INFO - -> Analizzando versione 20.0.0-next.5 (444/626)...
2025-11-14 03:26:46,396 - UnicodeAnalyzer - INFO - -> Analizzando versione 20.0.0-next.6 (445/626)...
2025-11-14 03:26:46,485 - UnicodeAnalyzer - INFO - -> Analizzando versione 20.0.0-next.7 (446/626)...
2025-11-14 03:26:46,576 - UnicodeAnalyzer - INFO - -> Analizzando versione 20.0.0-next.8 (447/626)...
2025-11-14 03:26:46,664 - UnicodeAnalyzer - INFO - -> Analizzando versione 20.0.0-next.9 (448/626)...
2025-11-14 03:26:46,751 - UnicodeAnalyzer - INFO - -> Analizzando versione 20.0.0-rc.0 (449/626)...
2025-11-14 03:26:46,843 - UnicodeAnalyzer - INFO - -> Analizzando versione 20.0.0-rc.1 (450/626)...
2025-11-14 03:26:46,931 - UnicodeAnalyzer - INFO - -> Analizzando versione 20.0.0-rc.2 (451/626)...
2025-11-14 03:26:47,018 - UnicodeAnalyzer - INFO - -> Analizzando versione 20.0.1 (452/626)...
2025-11-14 03:26:47,106 - UnicodeAnalyzer - INFO - -> Analizzando versione 20.0.2 (453/626)...
2025-11-14 03:26:47,203 - UnicodeAnalyzer - INFO - -> Analizzando versione 20.0.3 (454/626)...
2025-11-14 03:26:47,293 - UnicodeAnalyzer - INFO - -> Analizzando versione 20.0.4 (455/626)...
2025-11-14 03:26:47,382 - UnicodeAnalyzer - INFO - -> Analizzando versione 20.0.5 (456/626)...
2025-11-14 03:26:47,470 - UnicodeAnalyzer - INFO - -> Analizzando versione 20.0.6 (457/626)...
2025-11-14 03:26:47,558 - UnicodeAnalyzer - INFO - -> Analizzando versione 20.1.0 (458/626)...
2025-11-14 03:26:47,647 - UnicodeAnalyzer - INFO - -> Analizzando versione 20.1.0-next.0 (459/626)...
2025-11-14 03:26:47,735 - UnicodeAnalyzer - INFO - -> Analizzando versione 20.1.0-next.1 (460/626)...
2025-11-14 03:26:47,824 - UnicodeAnalyzer - INFO - -> Analizzando versione 20.1.0-next.2 (461/626)...
2025-11-14 03:26:47,911 - UnicodeAnalyzer - INFO - -> Analizzando versione 20.1.0-rc.0 (462/626)...
2025-11-14 03:26:47,999 - UnicodeAnalyzer - INFO - -> Analizzando versione 20.1.1 (463/626)...
2025-11-14 03:26:48,088 - UnicodeAnalyzer - INFO - -> Analizzando versione 20.1.2 (464/626)...
2025-11-14 03:26:48,178 - UnicodeAnalyzer - INFO - -> Analizzando versione 20.1.3 (465/626)...
2025-11-14 03:26:48,267 - UnicodeAnalyzer - INFO - -> Analizzando versione 20.1.4 (466/626)...
2025-11-14 03:26:48,355 - UnicodeAnalyzer - INFO - -> Analizzando versione 20.1.5 (467/626)...
2025-11-14 03:26:48,442 - UnicodeAnalyzer - INFO - -> Analizzando versione 20.1.6 (468/626)...
2025-11-14 03:26:48,530 - UnicodeAnalyzer - INFO - -> Analizzando versione 20.1.7 (469/626)...
2025-11-14 03:26:48,617 - UnicodeAnalyzer - INFO - -> Analizzando versione 20.2.0 (470/626)...
2025-11-14 03:26:48,706 - UnicodeAnalyzer - INFO - -> Analizzando versione 20.2.0-next.0 (471/626)...
2025-11-14 03:26:48,798 - UnicodeAnalyzer - INFO - -> Analizzando versione 20.2.0-next.1 (472/626)...
2025-11-14 03:26:48,884 - UnicodeAnalyzer - INFO - -> Analizzando versione 20.2.0-next.2 (473/626)...
2025-11-14 03:26:48,971 - UnicodeAnalyzer - INFO - -> Analizzando versione 20.2.0-next.3 (474/626)...
2025-11-14 03:26:49,061 - UnicodeAnalyzer - INFO - -> Analizzando versione 20.2.0-rc.0 (475/626)...
2025-11-14 03:26:49,153 - UnicodeAnalyzer - INFO - -> Analizzando versione 20.2.1 (476/626)...
2025-11-14 03:26:49,240 - UnicodeAnalyzer - INFO - -> Analizzando versione 20.2.10 (477/626)...
2025-11-14 03:26:49,328 - UnicodeAnalyzer - INFO - -> Analizzando versione 20.2.11 (478/626)...
2025-11-14 03:26:49,415 - UnicodeAnalyzer - INFO - -> Analizzando versione 20.2.12 (479/626)...
2025-11-14 03:26:49,502 - UnicodeAnalyzer - INFO - -> Analizzando versione 20.2.13 (480/626)...
2025-11-14 03:26:49,592 - UnicodeAnalyzer - INFO - -> Analizzando versione 20.2.2 (481/626)...
2025-11-14 03:26:49,679 - UnicodeAnalyzer - INFO - -> Analizzando versione 20.2.3 (482/626)...
2025-11-14 03:26:49,768 - UnicodeAnalyzer - INFO - -> Analizzando versione 20.2.4 (483/626)...
2025-11-14 03:26:49,859 - UnicodeAnalyzer - INFO - -> Analizzando versione 20.2.5 (484/626)...
2025-11-14 03:26:49,948 - UnicodeAnalyzer - INFO - -> Analizzando versione 20.2.6 (485/626)...
2025-11-14 03:26:50,037 - UnicodeAnalyzer - INFO - -> Analizzando versione 20.2.7 (486/626)...
2025-11-14 03:26:50,128 - UnicodeAnalyzer - INFO - -> Analizzando versione 20.2.8 (487/626)...
2025-11-14 03:26:50,215 - UnicodeAnalyzer - INFO - -> Analizzando versione 20.2.9 (488/626)...
2025-11-14 03:26:50,304 - UnicodeAnalyzer - INFO - -> Analizzando versione 21.0.0-next.0 (489/626)...
2025-11-14 03:26:50,393 - UnicodeAnalyzer - INFO - -> Analizzando versione 21.0.0-next.1 (490/626)...
2025-11-14 03:26:50,481 - UnicodeAnalyzer - INFO - -> Analizzando versione 21.0.0-next.10 (491/626)...
2025-11-14 03:26:50,571 - UnicodeAnalyzer - INFO - -> Analizzando versione 21.0.0-next.2 (492/626)...
2025-11-14 03:26:50,662 - UnicodeAnalyzer - INFO - -> Analizzando versione 21.0.0-next.3 (493/626)...
2025-11-14 03:26:50,750 - UnicodeAnalyzer - INFO - -> Analizzando versione 21.0.0-next.4 (494/626)...
2025-11-14 03:26:50,837 - UnicodeAnalyzer - INFO - -> Analizzando versione 21.0.0-next.5 (495/626)...
2025-11-14 03:26:50,926 - UnicodeAnalyzer - INFO - -> Analizzando versione 21.0.0-next.6 (496/626)...
2025-11-14 03:26:51,015 - UnicodeAnalyzer - INFO - -> Analizzando versione 21.0.0-next.8 (497/626)...
2025-11-14 03:26:51,100 - UnicodeAnalyzer - INFO - -> Analizzando versione 21.0.0-next.9 (498/626)...
2025-11-14 03:26:51,187 - UnicodeAnalyzer - INFO - -> Analizzando versione 21.0.0-rc.0 (499/626)...
2025-11-14 03:26:51,274 - UnicodeAnalyzer - INFO - -> Analizzando versione 21.0.0-rc.1 (500/626)...
2025-11-14 03:26:51,362 - UnicodeAnalyzer - INFO - -> Analizzando versione 21.0.0-rc.2 (501/626)...
2025-11-14 03:26:51,456 - UnicodeAnalyzer - INFO - -> Analizzando versione 5.0.0 (502/626)...
2025-11-14 03:26:51,561 - UnicodeAnalyzer - INFO - -> Analizzando versione 5.0.0-rc.0 (503/626)...
2025-11-14 03:26:51,662 - UnicodeAnalyzer - INFO - -> Analizzando versione 5.0.0-rc.1 (504/626)...
2025-11-14 03:26:51,766 - UnicodeAnalyzer - INFO - -> Analizzando versione 5.0.0-rc.2 (505/626)...
2025-11-14 03:26:51,871 - UnicodeAnalyzer - INFO - -> Analizzando versione 5.0.0-rc.3 (506/626)...
2025-11-14 03:26:51,973 - UnicodeAnalyzer - INFO - -> Analizzando versione 5.0.0-rc0 (507/626)...
2025-11-14 03:26:52,074 - UnicodeAnalyzer - INFO - -> Analizzando versione 5.0.1 (508/626)...
2025-11-14 03:26:52,174 - UnicodeAnalyzer - INFO - -> Analizzando versione 5.0.2 (509/626)...
2025-11-14 03:26:52,281 - UnicodeAnalyzer - INFO - -> Analizzando versione 5.0.3 (510/626)...
2025-11-14 03:26:52,385 - UnicodeAnalyzer - INFO - -> Analizzando versione 5.0.4 (511/626)...
2025-11-14 03:26:52,487 - UnicodeAnalyzer - INFO - -> Analizzando versione 5.1.0 (512/626)...
2025-11-14 03:26:52,589 - UnicodeAnalyzer - INFO - -> Analizzando versione 5.1.1 (513/626)...
2025-11-14 03:26:52,689 - UnicodeAnalyzer - INFO - -> Analizzando versione 5.2.0 (514/626)...
2025-11-14 03:26:52,793 - UnicodeAnalyzer - INFO - -> Analizzando versione 5.2.0-beta.0 (515/626)...
2025-11-14 03:26:52,902 - UnicodeAnalyzer - INFO - -> Analizzando versione 5.2.1 (516/626)...
2025-11-14 03:26:53,001 - UnicodeAnalyzer - INFO - -> Analizzando versione 5.2.2 (517/626)...
2025-11-14 03:26:53,105 - UnicodeAnalyzer - INFO - -> Analizzando versione 5.2.3 (518/626)...
2025-11-14 03:26:53,207 - UnicodeAnalyzer - INFO - -> Analizzando versione 5.2.4 (519/626)...
2025-11-14 03:26:53,314 - UnicodeAnalyzer - INFO - -> Analizzando versione 5.2.5 (520/626)...
2025-11-14 03:26:53,418 - UnicodeAnalyzer - INFO - -> Analizzando versione 6.0.0 (521/626)...
2025-11-14 03:26:53,530 - UnicodeAnalyzer - INFO - -> Analizzando versione 6.0.0-beta-0 (522/626)...
2025-11-14 03:26:53,635 - UnicodeAnalyzer - INFO - -> Analizzando versione 6.0.0-beta.1 (523/626)...
2025-11-14 03:26:53,738 - UnicodeAnalyzer - INFO - -> Analizzando versione 6.0.0-beta.2 (524/626)...
2025-11-14 03:26:53,843 - UnicodeAnalyzer - INFO - -> Analizzando versione 6.0.0-beta.3 (525/626)...
2025-11-14 03:26:53,949 - UnicodeAnalyzer - INFO - -> Analizzando versione 6.0.0-beta.4 (526/626)...
2025-11-14 03:26:54,054 - UnicodeAnalyzer - INFO - -> Analizzando versione 6.0.0-beta.5 (527/626)...
2025-11-14 03:26:54,156 - UnicodeAnalyzer - INFO - -> Analizzando versione 6.0.0-rc.0 (528/626)...
2025-11-14 03:26:54,257 - UnicodeAnalyzer - INFO - -> Analizzando versione 6.0.0-rc.1 (529/626)...
2025-11-14 03:26:54,363 - UnicodeAnalyzer - INFO - -> Analizzando versione 6.0.0-rc.10 (530/626)...
2025-11-14 03:26:54,466 - UnicodeAnalyzer - INFO - -> Analizzando versione 6.0.0-rc.11 (531/626)...
2025-11-14 03:26:54,569 - UnicodeAnalyzer - INFO - -> Analizzando versione 6.0.0-rc.12 (532/626)...
2025-11-14 03:26:54,671 - UnicodeAnalyzer - INFO - -> Analizzando versione 6.0.0-rc.13 (533/626)...
2025-11-14 03:26:54,782 - UnicodeAnalyzer - INFO - -> Analizzando versione 6.0.0-rc.14 (534/626)...
2025-11-14 03:26:54,887 - UnicodeAnalyzer - INFO - -> Analizzando versione 6.0.0-rc.2 (535/626)...
2025-11-14 03:26:54,989 - UnicodeAnalyzer - INFO - -> Analizzando versione 6.0.0-rc.3 (536/626)...
2025-11-14 03:26:55,096 - UnicodeAnalyzer - INFO - -> Analizzando versione 6.0.0-rc.4 (537/626)...
2025-11-14 03:26:55,200 - UnicodeAnalyzer - INFO - -> Analizzando versione 6.0.0-rc.5 (538/626)...
2025-11-14 03:26:55,305 - UnicodeAnalyzer - INFO - -> Analizzando versione 6.0.0-rc.6 (539/626)...
2025-11-14 03:26:55,406 - UnicodeAnalyzer - INFO - -> Analizzando versione 6.0.0-rc.7 (540/626)...
2025-11-14 03:26:55,508 - UnicodeAnalyzer - INFO - -> Analizzando versione 6.0.0-rc.8 (541/626)...
2025-11-14 03:26:55,610 - UnicodeAnalyzer - INFO - -> Analizzando versione 6.0.0-rc.9 (542/626)...
2025-11-14 03:26:55,713 - UnicodeAnalyzer - INFO - -> Analizzando versione 6.0.1 (543/626)...
2025-11-14 03:26:55,828 - UnicodeAnalyzer - INFO - -> Analizzando versione 6.0.2 (544/626)...
2025-11-14 03:26:55,927 - UnicodeAnalyzer - INFO - -> Analizzando versione 6.1.0 (545/626)...
2025-11-14 03:26:56,030 - UnicodeAnalyzer - INFO - -> Analizzando versione 6.2.0 (546/626)...
2025-11-14 03:26:56,138 - UnicodeAnalyzer - INFO - -> Analizzando versione 6.2.1 (547/626)...
2025-11-14 03:26:56,251 - UnicodeAnalyzer - INFO - -> Analizzando versione 6.3.0 (548/626)...
2025-11-14 03:26:56,363 - UnicodeAnalyzer - INFO - -> Analizzando versione 6.3.1 (549/626)...
2025-11-14 03:26:56,472 - UnicodeAnalyzer - INFO - -> Analizzando versione 6.3.2 (550/626)...
2025-11-14 03:26:56,573 - UnicodeAnalyzer - INFO - -> Analizzando versione 6.3.3 (551/626)...
2025-11-14 03:26:56,679 - UnicodeAnalyzer - INFO - -> Analizzando versione 6.4.0 (552/626)...
2025-11-14 03:26:56,783 - UnicodeAnalyzer - INFO - -> Analizzando versione 6.4.1 (553/626)...
2025-11-14 03:26:56,888 - UnicodeAnalyzer - INFO - -> Analizzando versione 6.4.2 (554/626)...
2025-11-14 03:26:57,000 - UnicodeAnalyzer - INFO - -> Analizzando versione 6.4.3 (555/626)...
2025-11-14 03:26:57,105 - UnicodeAnalyzer - INFO - -> Analizzando versione 6.4.5 (556/626)...
2025-11-14 03:26:57,216 - UnicodeAnalyzer - INFO - -> Analizzando versione 6.4.6 (557/626)...
2025-11-14 03:26:57,336 - UnicodeAnalyzer - INFO - -> Analizzando versione 6.4.7 (558/626)...
2025-11-14 03:26:57,441 - UnicodeAnalyzer - INFO - -> Analizzando versione 7.0.0 (559/626)...
2025-11-14 03:26:57,559 - UnicodeAnalyzer - INFO - -> Analizzando versione 7.0.0-beta.0 (560/626)...
2025-11-14 03:26:57,666 - UnicodeAnalyzer - INFO - -> Analizzando versione 7.0.0-beta.1 (561/626)...
2025-11-14 03:26:57,779 - UnicodeAnalyzer - INFO - -> Analizzando versione 7.0.0-beta.2 (562/626)...
2025-11-14 03:26:57,889 - UnicodeAnalyzer - INFO - -> Analizzando versione 7.0.0-rc.0 (563/626)...
2025-11-14 03:26:58,007 - UnicodeAnalyzer - INFO - -> Analizzando versione 7.0.0-rc.1 (564/626)...
2025-11-14 03:26:58,122 - UnicodeAnalyzer - INFO - -> Analizzando versione 7.0.0-rc.2 (565/626)...
2025-11-14 03:26:58,239 - UnicodeAnalyzer - INFO - -> Analizzando versione 7.0.1 (566/626)...
2025-11-14 03:26:58,362 - UnicodeAnalyzer - INFO - -> Analizzando versione 7.0.2 (567/626)...
2025-11-14 03:26:58,471 - UnicodeAnalyzer - INFO - -> Analizzando versione 7.0.3 (568/626)...
2025-11-14 03:26:58,577 - UnicodeAnalyzer - INFO - -> Analizzando versione 7.0.4 (569/626)...
2025-11-14 03:26:58,693 - UnicodeAnalyzer - INFO - -> Analizzando versione 7.1.0 (570/626)...
2025-11-14 03:26:58,814 - UnicodeAnalyzer - INFO - -> Analizzando versione 7.1.1 (571/626)...
2025-11-14 03:26:58,938 - UnicodeAnalyzer - INFO - -> Analizzando versione 7.2.0 (572/626)...
2025-11-14 03:26:59,054 - UnicodeAnalyzer - INFO - -> Analizzando versione 7.2.1 (573/626)...
2025-11-14 03:26:59,166 - UnicodeAnalyzer - INFO - -> Analizzando versione 7.2.2 (574/626)...
2025-11-14 03:26:59,289 - UnicodeAnalyzer - INFO - -> Analizzando versione 7.3.0 (575/626)...
2025-11-14 03:26:59,411 - UnicodeAnalyzer - INFO - -> Analizzando versione 7.3.1 (576/626)...
2025-11-14 03:26:59,533 - UnicodeAnalyzer - INFO - -> Analizzando versione 7.3.2 (577/626)...
2025-11-14 03:26:59,656 - UnicodeAnalyzer - INFO - -> Analizzando versione 7.3.3 (578/626)...
2025-11-14 03:26:59,777 - UnicodeAnalyzer - INFO - -> Analizzando versione 7.3.4 (579/626)...
2025-11-14 03:26:59,897 - UnicodeAnalyzer - INFO - -> Analizzando versione 7.3.5 (580/626)...
2025-11-14 03:27:00,019 - UnicodeAnalyzer - INFO - -> Analizzando versione 7.3.6 (581/626)...
2025-11-14 03:27:00,137 - UnicodeAnalyzer - INFO - -> Analizzando versione 7.3.7 (582/626)...
2025-11-14 03:27:00,256 - UnicodeAnalyzer - INFO - -> Analizzando versione 8.0.0 (583/626)...
2025-11-14 03:27:00,369 - UnicodeAnalyzer - INFO - -> Analizzando versione 8.0.0-beta.0 (584/626)...
2025-11-14 03:27:00,494 - UnicodeAnalyzer - INFO - -> Analizzando versione 8.0.0-beta.1 (585/626)...
2025-11-14 03:27:00,616 - UnicodeAnalyzer - INFO - -> Analizzando versione 8.0.0-beta.2 (586/626)...
2025-11-14 03:27:00,740 - UnicodeAnalyzer - INFO - -> Analizzando versione 8.0.0-rc.0 (587/626)...
2025-11-14 03:27:00,857 - UnicodeAnalyzer - INFO - -> Analizzando versione 8.0.0-rc.1 (588/626)...
2025-11-14 03:27:00,964 - UnicodeAnalyzer - INFO - -> Analizzando versione 8.0.0-rc.2 (589/626)...
2025-11-14 03:27:01,082 - UnicodeAnalyzer - INFO - -> Analizzando versione 8.0.1 (590/626)...
2025-11-14 03:27:01,203 - UnicodeAnalyzer - INFO - -> Analizzando versione 8.0.2 (591/626)...
2025-11-14 03:27:01,324 - UnicodeAnalyzer - INFO - -> Analizzando versione 8.1.0 (592/626)...
2025-11-14 03:27:01,442 - UnicodeAnalyzer - INFO - -> Analizzando versione 8.1.1 (593/626)...
2025-11-14 03:27:01,559 - UnicodeAnalyzer - INFO - -> Analizzando versione 8.1.2 (594/626)...
2025-11-14 03:27:01,678 - UnicodeAnalyzer - INFO - -> Analizzando versione 8.1.3 (595/626)...
2025-11-14 03:27:01,804 - UnicodeAnalyzer - INFO - -> Analizzando versione 8.1.4 (596/626)...
2025-11-14 03:27:01,927 - UnicodeAnalyzer - INFO - -> Analizzando versione 8.2.0 (597/626)...
2025-11-14 03:27:02,051 - UnicodeAnalyzer - INFO - -> Analizzando versione 8.2.1 (598/626)...
2025-11-14 03:27:02,170 - UnicodeAnalyzer - INFO - -> Analizzando versione 8.2.2 (599/626)...
2025-11-14 03:27:02,284 - UnicodeAnalyzer - INFO - -> Analizzando versione 8.2.3 (600/626)...
2025-11-14 03:27:02,406 - UnicodeAnalyzer - INFO - -> Analizzando versione 9.0.0 (601/626)...
2025-11-14 03:27:02,575 - UnicodeAnalyzer - INFO - -> Analizzando versione 9.0.0-next.0 (602/626)...
2025-11-14 03:27:02,731 - UnicodeAnalyzer - INFO - -> Analizzando versione 9.0.0-next.1 (603/626)...
2025-11-14 03:27:02,897 - UnicodeAnalyzer - INFO - -> Analizzando versione 9.0.0-next.2 (604/626)...
2025-11-14 03:27:03,068 - UnicodeAnalyzer - INFO - -> Analizzando versione 9.0.0-rc.0 (605/626)...
2025-11-14 03:27:03,240 - UnicodeAnalyzer - INFO - -> Analizzando versione 9.0.0-rc.1 (606/626)...
2025-11-14 03:27:03,409 - UnicodeAnalyzer - INFO - -> Analizzando versione 9.0.0-rc.10 (607/626)...
2025-11-14 03:27:03,577 - UnicodeAnalyzer - INFO - -> Analizzando versione 9.0.0-rc.2 (608/626)...
2025-11-14 03:27:03,747 - UnicodeAnalyzer - INFO - -> Analizzando versione 9.0.0-rc.3 (609/626)...
2025-11-14 03:27:03,919 - UnicodeAnalyzer - INFO - -> Analizzando versione 9.0.0-rc.4 (610/626)...
2025-11-14 03:27:04,084 - UnicodeAnalyzer - INFO - -> Analizzando versione 9.0.0-rc.5 (611/626)...
2025-11-14 03:27:04,255 - UnicodeAnalyzer - INFO - -> Analizzando versione 9.0.0-rc.6 (612/626)...
2025-11-14 03:27:04,421 - UnicodeAnalyzer - INFO - -> Analizzando versione 9.0.0-rc.7 (613/626)...
2025-11-14 03:27:04,589 - UnicodeAnalyzer - INFO - -> Analizzando versione 9.0.0-rc.8 (614/626)...
2025-11-14 03:27:04,763 - UnicodeAnalyzer - INFO - -> Analizzando versione 9.0.0-rc.9 (615/626)...
2025-11-14 03:27:04,940 - UnicodeAnalyzer - INFO - -> Analizzando versione 9.0.1 (616/626)...
2025-11-14 03:27:05,115 - UnicodeAnalyzer - INFO - -> Analizzando versione 9.1.0 (617/626)...
2025-11-14 03:27:05,282 - UnicodeAnalyzer - INFO - -> Analizzando versione 9.1.1 (618/626)...
2025-11-14 03:27:05,453 - UnicodeAnalyzer - INFO - -> Analizzando versione 9.1.2 (619/626)...
2025-11-14 03:27:05,630 - UnicodeAnalyzer - INFO - -> Analizzando versione 9.1.3 (620/626)...
2025-11-14 03:27:05,810 - UnicodeAnalyzer - INFO - -> Analizzando versione 9.2.0 (621/626)...
2025-11-14 03:27:05,977 - UnicodeAnalyzer - INFO - -> Analizzando versione 9.2.0-next.0 (622/626)...
2025-11-14 03:27:06,152 - UnicodeAnalyzer - INFO - -> Analizzando versione 9.2.1 (623/626)...
2025-11-14 03:27:06,329 - UnicodeAnalyzer - INFO - -> Analizzando versione 9.2.2 (624/626)...
2025-11-14 03:27:06,501 - UnicodeAnalyzer - INFO - -> Analizzando versione 9.2.3 (625/626)...
2025-11-14 03:27:06,673 - UnicodeAnalyzer - INFO - -> Analizzando versione 9.2.4 (626/626)...
2025-11-14 03:27:06,922 - UnicodeAnalyzer - INFO - Esportando i risultati HUT per '@angular/cdk' in CSV...
2025-11-14 03:27:09,223 - UnicodeAnalyzer - INFO - Report salvati in: /app/npm_hut_results/@angular_cdk
2025-11-14 03:27:09,230 - NPM_HUT_Analyzer - INFO - Pulizia cartella temporanea 'temp_hut/@angular_cdk'...
2025-11-14 03:27:16,667 - NPM_HUT_Analyzer - INFO - Pulizia completata.
