2025-11-11 00:16:24,198 - NPM_HUT_Analyzer - INFO - Recupero metadata per 'buffer'...
2025-11-11 00:16:24,296 - NPM_HUT_Analyzer - INFO - Trovate 96 versioni. Inizio download in 'temp_hut/buffer'...
2025-11-11 00:17:37,702 - UnicodeAnalyzer - INFO - Analizzando 96 versioni per '*.js' in 'buffer'.
2025-11-11 00:17:37,703 - UnicodeAnalyzer - INFO - -> Analizzando versione 2.1.1 (1/96)...
2025-11-11 00:17:37,704 - UnicodeAnalyzer - INFO - Filtrati 8 file (es. in /dist, /test).
2025-11-11 00:17:37,795 - UnicodeAnalyzer - INFO - -> Analizzando versione 2.1.10 (2/96)...
2025-11-11 00:17:37,797 - UnicodeAnalyzer - INFO - Filtrati 8 file (es. in /dist, /test).
2025-11-11 00:17:37,894 - UnicodeAnalyzer - INFO - -> Analizzando versione 2.1.11 (3/96)...
2025-11-11 00:17:37,895 - UnicodeAnalyzer - INFO - Filtrati 8 file (es. in /dist, /test).
2025-11-11 00:17:37,995 - UnicodeAnalyzer - INFO - -> Analizzando versione 2.1.12 (4/96)...
2025-11-11 00:17:37,997 - UnicodeAnalyzer - INFO - Filtrati 8 file (es. in /dist, /test).
2025-11-11 00:17:38,095 - UnicodeAnalyzer - INFO - -> Analizzando versione 2.1.13 (5/96)...
2025-11-11 00:17:38,096 - UnicodeAnalyzer - INFO - Filtrati 8 file (es. in /dist, /test).
2025-11-11 00:17:38,196 - UnicodeAnalyzer - INFO - -> Analizzando versione 2.1.2 (6/96)...
2025-11-11 00:17:38,197 - UnicodeAnalyzer - INFO - Filtrati 8 file (es. in /dist, /test).
2025-11-11 00:17:38,319 - UnicodeAnalyzer - INFO - -> Analizzando versione 2.1.3 (7/96)...
2025-11-11 00:17:38,320 - UnicodeAnalyzer - INFO - Filtrati 8 file (es. in /dist, /test).
2025-11-11 00:17:38,410 - UnicodeAnalyzer - INFO - -> Analizzando versione 2.1.4 (8/96)...
2025-11-11 00:17:38,411 - UnicodeAnalyzer - INFO - Filtrati 8 file (es. in /dist, /test).
2025-11-11 00:17:38,505 - UnicodeAnalyzer - INFO - -> Analizzando versione 2.1.5 (9/96)...
2025-11-11 00:17:38,506 - UnicodeAnalyzer - INFO - Filtrati 8 file (es. in /dist, /test).
2025-11-11 00:17:38,606 - UnicodeAnalyzer - INFO - -> Analizzando versione 2.1.6 (10/96)...
2025-11-11 00:17:38,607 - UnicodeAnalyzer - INFO - Filtrati 8 file (es. in /dist, /test).
2025-11-11 00:17:38,707 - UnicodeAnalyzer - INFO - -> Analizzando versione 2.1.7 (11/96)...
2025-11-11 00:17:38,708 - UnicodeAnalyzer - INFO - Filtrati 8 file (es. in /dist, /test).
2025-11-11 00:17:38,808 - UnicodeAnalyzer - INFO - -> Analizzando versione 2.1.8 (12/96)...
2025-11-11 00:17:38,809 - UnicodeAnalyzer - INFO - Filtrati 8 file (es. in /dist, /test).
2025-11-11 00:17:38,910 - UnicodeAnalyzer - INFO - -> Analizzando versione 2.1.9 (13/96)...
2025-11-11 00:17:38,911 - UnicodeAnalyzer - INFO - Filtrati 8 file (es. in /dist, /test).
2025-11-11 00:17:39,032 - UnicodeAnalyzer - INFO - -> Analizzando versione 2.2.0 (14/96)...
2025-11-11 00:17:39,033 - UnicodeAnalyzer - INFO - Filtrati 9 file (es. in /dist, /test).
2025-11-11 00:17:39,132 - UnicodeAnalyzer - INFO - -> Analizzando versione 2.3.0 (15/96)...
2025-11-11 00:17:39,134 - UnicodeAnalyzer - INFO - Filtrati 9 file (es. in /dist, /test).
2025-11-11 00:17:39,231 - UnicodeAnalyzer - INFO - -> Analizzando versione 2.3.1 (16/96)...
2025-11-11 00:17:39,232 - UnicodeAnalyzer - INFO - Filtrati 10 file (es. in /dist, /test).
2025-11-11 00:17:39,332 - UnicodeAnalyzer - INFO - -> Analizzando versione 2.3.2 (17/96)...
2025-11-11 00:17:39,333 - UnicodeAnalyzer - INFO - Filtrati 10 file (es. in /dist, /test).
2025-11-11 00:17:39,435 - UnicodeAnalyzer - INFO - -> Analizzando versione 2.3.3 (18/96)...
2025-11-11 00:17:39,437 - UnicodeAnalyzer - INFO - Filtrati 11 file (es. in /dist, /test).
2025-11-11 00:17:39,537 - UnicodeAnalyzer - INFO - -> Analizzando versione 2.3.4 (19/96)...
2025-11-11 00:17:39,539 - UnicodeAnalyzer - INFO - Filtrati 11 file (es. in /dist, /test).
2025-11-11 00:17:39,642 - UnicodeAnalyzer - INFO - -> Analizzando versione 2.4.0 (20/96)...
2025-11-11 00:17:39,644 - UnicodeAnalyzer - INFO - Filtrati 11 file (es. in /dist, /test).
2025-11-11 00:17:39,746 - UnicodeAnalyzer - INFO - -> Analizzando versione 2.5.0 (21/96)...
2025-11-11 00:17:39,747 - UnicodeAnalyzer - INFO - Filtrati 11 file (es. in /dist, /test).
2025-11-11 00:17:39,872 - UnicodeAnalyzer - INFO - -> Analizzando versione 2.5.1 (22/96)...
2025-11-11 00:17:39,873 - UnicodeAnalyzer - INFO - Filtrati 11 file (es. in /dist, /test).
2025-11-11 00:17:39,971 - UnicodeAnalyzer - INFO - -> Analizzando versione 2.6.0 (23/96)...
2025-11-11 00:17:39,973 - UnicodeAnalyzer - INFO - Filtrati 12 file (es. in /dist, /test).
2025-11-11 00:17:40,075 - UnicodeAnalyzer - INFO - -> Analizzando versione 2.6.1 (24/96)...
2025-11-11 00:17:40,076 - UnicodeAnalyzer - INFO - Filtrati 12 file (es. in /dist, /test).
2025-11-11 00:17:40,151 - UnicodeAnalyzer - INFO - -> Analizzando versione 2.6.2 (25/96)...
2025-11-11 00:17:40,153 - UnicodeAnalyzer - INFO - Filtrati 12 file (es. in /dist, /test).
2025-11-11 00:17:40,226 - UnicodeAnalyzer - INFO - -> Analizzando versione 2.7.0 (26/96)...
2025-11-11 00:17:40,227 - UnicodeAnalyzer - INFO - Filtrati 12 file (es. in /dist, /test).
2025-11-11 00:17:40,297 - UnicodeAnalyzer - INFO - -> Analizzando versione 2.8.0 (27/96)...
2025-11-11 00:17:40,297 - UnicodeAnalyzer - INFO - Filtrati 12 file (es. in /dist, /test).
2025-11-11 00:17:40,342 - UnicodeAnalyzer - INFO - -> Analizzando versione 2.8.1 (28/96)...
2025-11-11 00:17:40,343 - UnicodeAnalyzer - INFO - Filtrati 12 file (es. in /dist, /test).
2025-11-11 00:17:40,386 - UnicodeAnalyzer - INFO - -> Analizzando versione 2.8.2 (29/96)...
2025-11-11 00:17:40,387 - UnicodeAnalyzer - INFO - Filtrati 12 file (es. in /dist, /test).
2025-11-11 00:17:40,431 - UnicodeAnalyzer - INFO - -> Analizzando versione 2.8.3 (30/96)...
2025-11-11 00:17:40,431 - UnicodeAnalyzer - INFO - Filtrati 12 file (es. in /dist, /test).
2025-11-11 00:17:40,474 - UnicodeAnalyzer - INFO - -> Analizzando versione 3.0.0 (31/96)...
2025-11-11 00:17:40,475 - UnicodeAnalyzer - INFO - Filtrati 18 file (es. in /dist, /test).
2025-11-11 00:17:40,519 - UnicodeAnalyzer - INFO - -> Analizzando versione 3.0.1 (32/96)...
2025-11-11 00:17:40,520 - UnicodeAnalyzer - INFO - Filtrati 18 file (es. in /dist, /test).
2025-11-11 00:17:40,564 - UnicodeAnalyzer - INFO - -> Analizzando versione 3.0.2 (33/96)...
2025-11-11 00:17:40,565 - UnicodeAnalyzer - INFO - Filtrati 18 file (es. in /dist, /test).
2025-11-11 00:17:40,609 - UnicodeAnalyzer - INFO - -> Analizzando versione 3.0.3 (34/96)...
2025-11-11 00:17:40,610 - UnicodeAnalyzer - INFO - Filtrati 18 file (es. in /dist, /test).
2025-11-11 00:17:40,655 - UnicodeAnalyzer - INFO - -> Analizzando versione 3.1.0 (35/96)...
2025-11-11 00:17:40,656 - UnicodeAnalyzer - INFO - Filtrati 19 file (es. in /dist, /test).
2025-11-11 00:17:40,700 - UnicodeAnalyzer - INFO - -> Analizzando versione 3.1.1 (36/96)...
2025-11-11 00:17:40,701 - UnicodeAnalyzer - INFO - Filtrati 20 file (es. in /dist, /test).
2025-11-11 00:17:40,745 - UnicodeAnalyzer - INFO - -> Analizzando versione 3.1.2 (37/96)...
2025-11-11 00:17:40,746 - UnicodeAnalyzer - INFO - Filtrati 20 file (es. in /dist, /test).
2025-11-11 00:17:40,791 - UnicodeAnalyzer - INFO - -> Analizzando versione 3.2.0 (38/96)...
2025-11-11 00:17:40,792 - UnicodeAnalyzer - INFO - Filtrati 20 file (es. in /dist, /test).
2025-11-11 00:17:40,836 - UnicodeAnalyzer - INFO - -> Analizzando versione 3.2.1 (39/96)...
2025-11-11 00:17:40,837 - UnicodeAnalyzer - INFO - Filtrati 20 file (es. in /dist, /test).
2025-11-11 00:17:40,881 - UnicodeAnalyzer - INFO - -> Analizzando versione 3.2.2 (40/96)...
2025-11-11 00:17:40,882 - UnicodeAnalyzer - INFO - Filtrati 20 file (es. in /dist, /test).
2025-11-11 00:17:40,926 - UnicodeAnalyzer - INFO - -> Analizzando versione 3.3.0 (41/96)...
2025-11-11 00:17:40,927 - UnicodeAnalyzer - INFO - Filtrati 21 file (es. in /dist, /test).
2025-11-11 00:17:40,971 - UnicodeAnalyzer - INFO - -> Analizzando versione 3.3.1 (42/96)...
2025-11-11 00:17:40,972 - UnicodeAnalyzer - INFO - Filtrati 21 file (es. in /dist, /test).
2025-11-11 00:17:41,035 - UnicodeAnalyzer - INFO - -> Analizzando versione 3.3.2 (43/96)...
2025-11-11 00:17:41,036 - UnicodeAnalyzer - INFO - Filtrati 21 file (es. in /dist, /test).
2025-11-11 00:17:41,079 - UnicodeAnalyzer - INFO - -> Analizzando versione 3.4.0 (44/96)...
2025-11-11 00:17:41,080 - UnicodeAnalyzer - INFO - Filtrati 20 file (es. in /dist, /test).
2025-11-11 00:17:41,125 - UnicodeAnalyzer - INFO - -> Analizzando versione 3.4.1 (45/96)...
2025-11-11 00:17:41,125 - UnicodeAnalyzer - INFO - Filtrati 20 file (es. in /dist, /test).
2025-11-11 00:17:41,171 - UnicodeAnalyzer - INFO - -> Analizzando versione 3.4.2 (46/96)...
2025-11-11 00:17:41,172 - UnicodeAnalyzer - INFO - Filtrati 20 file (es. in /dist, /test).
2025-11-11 00:17:41,216 - UnicodeAnalyzer - INFO - -> Analizzando versione 3.4.3 (47/96)...
2025-11-11 00:17:41,217 - UnicodeAnalyzer - INFO - Filtrati 20 file (es. in /dist, /test).
2025-11-11 00:17:41,261 - UnicodeAnalyzer - INFO - -> Analizzando versione 3.5.0 (48/96)...
2025-11-11 00:17:41,262 - UnicodeAnalyzer - INFO - Filtrati 20 file (es. in /dist, /test).
2025-11-11 00:17:41,306 - UnicodeAnalyzer - INFO - -> Analizzando versione 3.5.1 (49/96)...
2025-11-11 00:17:41,307 - UnicodeAnalyzer - INFO - Filtrati 20 file (es. in /dist, /test).
2025-11-11 00:17:41,350 - UnicodeAnalyzer - INFO - -> Analizzando versione 3.5.2 (50/96)...
2025-11-11 00:17:41,351 - UnicodeAnalyzer - INFO - Filtrati 20 file (es. in /dist, /test).
2025-11-11 00:17:41,396 - UnicodeAnalyzer - INFO - -> Analizzando versione 3.5.3 (51/96)...
2025-11-11 00:17:41,397 - UnicodeAnalyzer - INFO - Filtrati 20 file (es. in /dist, /test).
2025-11-11 00:17:41,440 - UnicodeAnalyzer - INFO - -> Analizzando versione 3.5.4 (52/96)...
2025-11-11 00:17:41,441 - UnicodeAnalyzer - INFO - Filtrati 20 file (es. in /dist, /test).
2025-11-11 00:17:41,485 - UnicodeAnalyzer - INFO - -> Analizzando versione 3.5.5 (53/96)...
2025-11-11 00:17:41,486 - UnicodeAnalyzer - INFO - Filtrati 20 file (es. in /dist, /test).
2025-11-11 00:17:41,530 - UnicodeAnalyzer - INFO - -> Analizzando versione 3.6.0 (54/96)...
2025-11-11 00:17:41,531 - UnicodeAnalyzer - INFO - Filtrati 20 file (es. in /dist, /test).
2025-11-11 00:17:41,575 - UnicodeAnalyzer - INFO - -> Analizzando versione 3.6.2 (55/96)...
2025-11-11 00:17:41,576 - UnicodeAnalyzer - INFO - Filtrati 20 file (es. in /dist, /test).
2025-11-11 00:17:41,619 - UnicodeAnalyzer - INFO - -> Analizzando versione 4.0.0 (56/96)...
2025-11-11 00:17:41,620 - UnicodeAnalyzer - INFO - Filtrati 20 file (es. in /dist, /test).
2025-11-11 00:17:41,665 - UnicodeAnalyzer - INFO - -> Analizzando versione 4.1.0 (57/96)...
2025-11-11 00:17:41,666 - UnicodeAnalyzer - INFO - Filtrati 22 file (es. in /dist, /test).
2025-11-11 00:17:41,709 - UnicodeAnalyzer - INFO - -> Analizzando versione 4.2.0 (58/96)...
2025-11-11 00:17:41,710 - UnicodeAnalyzer - INFO - Filtrati 21 file (es. in /dist, /test).
2025-11-11 00:17:41,754 - UnicodeAnalyzer - INFO - -> Analizzando versione 4.3.0 (59/96)...
2025-11-11 00:17:41,755 - UnicodeAnalyzer - INFO - Filtrati 21 file (es. in /dist, /test).
2025-11-11 00:17:41,798 - UnicodeAnalyzer - INFO - -> Analizzando versione 4.3.1 (60/96)...
2025-11-11 00:17:41,800 - UnicodeAnalyzer - INFO - Filtrati 21 file (es. in /dist, /test).
2025-11-11 00:17:41,843 - UnicodeAnalyzer - INFO - -> Analizzando versione 4.4.0 (61/96)...
2025-11-11 00:17:41,844 - UnicodeAnalyzer - INFO - Filtrati 22 file (es. in /dist, /test).
2025-11-11 00:17:41,889 - UnicodeAnalyzer - INFO - -> Analizzando versione 4.5.0 (62/96)...
2025-11-11 00:17:41,890 - UnicodeAnalyzer - INFO - Filtrati 21 file (es. in /dist, /test).
2025-11-11 00:17:41,934 - UnicodeAnalyzer - INFO - -> Analizzando versione 4.5.1 (63/96)...
2025-11-11 00:17:41,935 - UnicodeAnalyzer - INFO - Filtrati 21 file (es. in /dist, /test).
2025-11-11 00:17:41,987 - UnicodeAnalyzer - INFO - -> Analizzando versione 4.6.0 (64/96)...
2025-11-11 00:17:41,988 - UnicodeAnalyzer - INFO - Filtrati 32 file (es. in /dist, /test).
2025-11-11 00:17:42,033 - UnicodeAnalyzer - INFO - -> Analizzando versione 4.7.0 (65/96)...
2025-11-11 00:17:42,034 - UnicodeAnalyzer - INFO - Filtrati 32 file (es. in /dist, /test).
2025-11-11 00:17:42,079 - UnicodeAnalyzer - INFO - -> Analizzando versione 4.7.1 (66/96)...
2025-11-11 00:17:42,080 - UnicodeAnalyzer - INFO - Filtrati 32 file (es. in /dist, /test).
2025-11-11 00:17:42,126 - UnicodeAnalyzer - INFO - -> Analizzando versione 4.8.0 (67/96)...
2025-11-11 00:17:42,127 - UnicodeAnalyzer - INFO - Filtrati 33 file (es. in /dist, /test).
2025-11-11 00:17:42,171 - UnicodeAnalyzer - INFO - -> Analizzando versione 4.9.0 (68/96)...
2025-11-11 00:17:42,173 - UnicodeAnalyzer - INFO - Filtrati 33 file (es. in /dist, /test).
2025-11-11 00:17:42,217 - UnicodeAnalyzer - INFO - -> Analizzando versione 4.9.1 (69/96)...
2025-11-11 00:17:42,218 - UnicodeAnalyzer - INFO - Filtrati 33 file (es. in /dist, /test).
2025-11-11 00:17:42,263 - UnicodeAnalyzer - INFO - -> Analizzando versione 4.9.2 (70/96)...
2025-11-11 00:17:42,264 - UnicodeAnalyzer - INFO - Filtrati 33 file (es. in /dist, /test).
2025-11-11 00:17:42,308 - UnicodeAnalyzer - INFO - -> Analizzando versione 5.0.0 (71/96)...
2025-11-11 00:17:42,309 - UnicodeAnalyzer - INFO - Filtrati 33 file (es. in /dist, /test).
2025-11-11 00:17:42,354 - UnicodeAnalyzer - INFO - -> Analizzando versione 5.0.1 (72/96)...
2025-11-11 00:17:42,355 - UnicodeAnalyzer - INFO - Filtrati 33 file (es. in /dist, /test).
2025-11-11 00:17:42,399 - UnicodeAnalyzer - INFO - -> Analizzando versione 5.0.2 (73/96)...
2025-11-11 00:17:42,401 - UnicodeAnalyzer - INFO - Filtrati 32 file (es. in /dist, /test).
2025-11-11 00:17:42,403 - UnicodeAnalyzer - INFO - -> Analizzando versione 5.0.3 (74/96)...
2025-11-11 00:17:42,404 - UnicodeAnalyzer - INFO - Filtrati 32 file (es. in /dist, /test).
2025-11-11 00:17:42,407 - UnicodeAnalyzer - INFO - -> Analizzando versione 5.0.4 (75/96)...
2025-11-11 00:17:42,408 - UnicodeAnalyzer - INFO - Filtrati 32 file (es. in /dist, /test).
2025-11-11 00:17:42,411 - UnicodeAnalyzer - INFO - -> Analizzando versione 5.0.5 (76/96)...
2025-11-11 00:17:42,412 - UnicodeAnalyzer - INFO - Filtrati 32 file (es. in /dist, /test).
2025-11-11 00:17:42,414 - UnicodeAnalyzer - INFO - -> Analizzando versione 5.0.6 (77/96)...
2025-11-11 00:17:42,415 - UnicodeAnalyzer - INFO - Filtrati 32 file (es. in /dist, /test).
2025-11-11 00:17:42,419 - UnicodeAnalyzer - INFO - -> Analizzando versione 5.0.7 (78/96)...
2025-11-11 00:17:42,420 - UnicodeAnalyzer - INFO - Filtrati 32 file (es. in /dist, /test).
2025-11-11 00:17:42,423 - UnicodeAnalyzer - INFO - -> Analizzando versione 5.0.8 (79/96)...
2025-11-11 00:17:42,424 - UnicodeAnalyzer - INFO - Filtrati 32 file (es. in /dist, /test).
2025-11-11 00:17:42,426 - UnicodeAnalyzer - INFO - -> Analizzando versione 5.1.0 (80/96)...
2025-11-11 00:17:42,427 - UnicodeAnalyzer - INFO - Filtrati 33 file (es. in /dist, /test).
2025-11-11 00:17:42,430 - UnicodeAnalyzer - INFO - -> Analizzando versione 5.2.0 (81/96)...
2025-11-11 00:17:42,433 - UnicodeAnalyzer - INFO - -> Analizzando versione 5.2.1 (82/96)...
2025-11-11 00:17:42,436 - UnicodeAnalyzer - INFO - -> Analizzando versione 5.3.0 (83/96)...
2025-11-11 00:17:42,439 - UnicodeAnalyzer - INFO - -> Analizzando versione 5.4.0 (84/96)...
2025-11-11 00:17:42,442 - UnicodeAnalyzer - INFO - -> Analizzando versione 5.4.1 (85/96)...
2025-11-11 00:17:42,445 - UnicodeAnalyzer - INFO - -> Analizzando versione 5.4.2 (86/96)...
2025-11-11 00:17:42,448 - UnicodeAnalyzer - INFO - -> Analizzando versione 5.4.3 (87/96)...
2025-11-11 00:17:42,451 - UnicodeAnalyzer - INFO - -> Analizzando versione 5.5.0 (88/96)...
2025-11-11 00:17:42,454 - UnicodeAnalyzer - INFO - -> Analizzando versione 5.6.0 (89/96)...
2025-11-11 00:17:42,457 - UnicodeAnalyzer - INFO - -> Analizzando versione 5.6.1 (90/96)...
2025-11-11 00:17:42,460 - UnicodeAnalyzer - INFO - -> Analizzando versione 5.7.0 (91/96)...
2025-11-11 00:17:42,463 - UnicodeAnalyzer - INFO - -> Analizzando versione 5.7.1 (92/96)...
2025-11-11 00:17:42,466 - UnicodeAnalyzer - INFO - -> Analizzando versione 6.0.0 (93/96)...
2025-11-11 00:17:42,470 - UnicodeAnalyzer - INFO - -> Analizzando versione 6.0.1 (94/96)...
2025-11-11 00:17:42,473 - UnicodeAnalyzer - INFO - -> Analizzando versione 6.0.2 (95/96)...
2025-11-11 00:17:42,477 - UnicodeAnalyzer - INFO - -> Analizzando versione 6.0.3 (96/96)...
2025-11-11 00:17:42,481 - UnicodeAnalyzer - INFO - Esportando i risultati HUT per 'buffer' in CSV...
2025-11-11 00:17:42,640 - UnicodeAnalyzer - INFO - Report salvati in: /app/npm_hut_results/buffer
2025-11-11 00:17:42,641 - NPM_HUT_Analyzer - INFO - Pulizia cartella temporanea 'temp_hut/buffer'...
2025-11-11 00:17:42,692 - NPM_HUT_Analyzer - INFO - Pulizia completata.
