2025-10-27 23:46:47,449 - NPM_Analyzer - INFO - Fetching metadata for 'lazy-ass'...
2025-10-27 23:46:47,586 - NPM_Analyzer - INFO - Found 25 versions. Starting download into 'temp/lazy-ass'...
2025-10-27 23:47:03,673 - BlankSpaceAnalyzer - INFO - Analyzing 25 versions for '*.js' in 'lazy-ass'.
2025-10-27 23:47:03,674 - BlankSpaceAnalyzer - INFO - -> Analyzing version 0.1.0 (1/25)...
2025-10-27 23:47:03,771 - BlankSpaceAnalyzer - INFO - -> Analyzing version 0.1.1 (2/25)...
2025-10-27 23:47:03,843 - BlankSpaceAnalyzer - INFO - -> Analyzing version 0.1.2 (3/25)...
2025-10-27 23:47:03,915 - BlankSpaceAnalyzer - INFO - -> Analyzing version 0.2.0 (4/25)...
2025-10-27 23:47:03,988 - BlankSpaceAnalyzer - INFO - -> Analyzing version 0.4.0 (5/25)...
2025-10-27 23:47:04,065 - BlankSpaceAnalyzer - INFO - -> Analyzing version 0.4.1 (6/25)...
2025-10-27 23:47:04,143 - BlankSpaceAnalyzer - INFO - -> Analyzing version 0.5.0 (7/25)...
2025-10-27 23:47:04,216 - BlankSpaceAnalyzer - INFO - -> Analyzing version 0.5.1 (8/25)...
2025-10-27 23:47:04,294 - BlankSpaceAnalyzer - INFO - -> Analyzing version 0.5.2 (9/25)...
2025-10-27 23:47:04,374 - BlankSpaceAnalyzer - INFO - -> Analyzing version 0.5.3 (10/25)...
2025-10-27 23:47:04,454 - BlankSpaceAnalyzer - INFO - -> Analyzing version 0.5.4 (11/25)...
2025-10-27 23:47:04,535 - BlankSpaceAnalyzer - INFO - -> Analyzing version 0.5.5 (12/25)...
2025-10-27 23:47:04,614 - BlankSpaceAnalyzer - INFO - -> Analyzing version 0.5.6 (13/25)...
2025-10-27 23:47:04,693 - BlankSpaceAnalyzer - INFO - -> Analyzing version 0.5.8 (14/25)...
2025-10-27 23:47:04,773 - BlankSpaceAnalyzer - INFO - -> Analyzing version 0.6.0 (15/25)...
2025-10-27 23:47:04,850 - BlankSpaceAnalyzer - INFO - -> Analyzing version 1.0.0 (16/25)...
2025-10-27 23:47:04,923 - BlankSpaceAnalyzer - INFO - -> Analyzing version 1.1.0 (17/25)...
2025-10-27 23:47:05,002 - BlankSpaceAnalyzer - INFO - -> Analyzing version 1.2.0 (18/25)...
2025-10-27 23:47:05,076 - BlankSpaceAnalyzer - INFO - -> Analyzing version 1.3.0 (19/25)...
2025-10-27 23:47:05,148 - BlankSpaceAnalyzer - INFO - -> Analyzing version 1.4.0 (20/25)...
2025-10-27 23:47:05,221 - BlankSpaceAnalyzer - INFO - -> Analyzing version 1.5.0 (21/25)...
2025-10-27 23:47:05,293 - BlankSpaceAnalyzer - INFO - -> Analyzing version 1.5.1 (22/25)...
2025-10-27 23:47:05,370 - BlankSpaceAnalyzer - INFO - -> Analyzing version 1.6.0 (23/25)...
2025-10-27 23:47:05,446 - BlankSpaceAnalyzer - INFO - -> Analyzing version 2.0.2 (24/25)...
2025-10-27 23:47:05,447 - BlankSpaceAnalyzer - INFO - -> Analyzing version 2.0.3 (25/25)...
2025-10-27 23:47:05,448 - BlankSpaceAnalyzer - INFO - Exporting results for 'lazy-ass' to CSV...
2025-10-27 23:47:05,467 - BlankSpaceAnalyzer - INFO - Reports saved in: /app/npm_results/lazy-ass
2025-10-27 23:47:05,467 - NPM_Analyzer - INFO - Cleaning temporary folder 'temp/lazy-ass'...
2025-10-27 23:47:05,471 - NPM_Analyzer - INFO - Cleanup completed.
