2025-11-14 06:43:32,961 - NPM_HUT_Analyzer - INFO - Recupero metadata per 'pg-types'...
2025-11-14 06:43:33,054 - NPM_HUT_Analyzer - INFO - Trovate 25 versioni. Inizio download in 'temp_hut/pg-types'...
2025-11-14 06:43:44,196 - UnicodeAnalyzer - INFO - Analizzando 25 versioni per '*.js' in 'pg-types'.
2025-11-14 06:43:44,196 - UnicodeAnalyzer - INFO - -> Analizzando versione 1.0.0 (1/25)...
2025-11-14 06:43:44,198 - UnicodeAnalyzer - INFO - Filtrati 4 file (es. in /dist, /test).
2025-11-14 06:43:44,293 - UnicodeAnalyzer - INFO - -> Analizzando versione 1.1.0 (2/25)...
2025-11-14 06:43:44,294 - UnicodeAnalyzer - INFO - Filtrati 4 file (es. in /dist, /test).
2025-11-14 06:43:44,367 - UnicodeAnalyzer - INFO - -> Analizzando versione 1.10.0 (3/25)...
2025-11-14 06:43:44,368 - UnicodeAnalyzer - INFO - Filtrati 2 file (es. in /dist, /test).
2025-11-14 06:43:44,448 - UnicodeAnalyzer - INFO - -> Analizzando versione 1.11.0 (4/25)...
2025-11-14 06:43:44,448 - UnicodeAnalyzer - INFO - Filtrati 2 file (es. in /dist, /test).
2025-11-14 06:43:44,528 - UnicodeAnalyzer - INFO - -> Analizzando versione 1.12.0 (5/25)...
2025-11-14 06:43:44,529 - UnicodeAnalyzer - INFO - Filtrati 2 file (es. in /dist, /test).
2025-11-14 06:43:44,608 - UnicodeAnalyzer - INFO - -> Analizzando versione 1.12.1 (6/25)...
2025-11-14 06:43:44,609 - UnicodeAnalyzer - INFO - Filtrati 2 file (es. in /dist, /test).
2025-11-14 06:43:44,689 - UnicodeAnalyzer - INFO - -> Analizzando versione 1.13.0 (7/25)...
2025-11-14 06:43:44,690 - UnicodeAnalyzer - INFO - Filtrati 2 file (es. in /dist, /test).
2025-11-14 06:43:44,771 - UnicodeAnalyzer - INFO - -> Analizzando versione 1.2.0 (8/25)...
2025-11-14 06:43:44,771 - UnicodeAnalyzer - INFO - Filtrati 4 file (es. in /dist, /test).
2025-11-14 06:43:44,851 - UnicodeAnalyzer - INFO - -> Analizzando versione 1.3.0 (9/25)...
2025-11-14 06:43:44,852 - UnicodeAnalyzer - INFO - Filtrati 4 file (es. in /dist, /test).
2025-11-14 06:43:44,932 - UnicodeAnalyzer - INFO - -> Analizzando versione 1.4.0 (10/25)...
2025-11-14 06:43:44,933 - UnicodeAnalyzer - INFO - Filtrati 4 file (es. in /dist, /test).
2025-11-14 06:43:45,015 - UnicodeAnalyzer - INFO - -> Analizzando versione 1.5.0 (11/25)...
2025-11-14 06:43:45,016 - UnicodeAnalyzer - INFO - Filtrati 4 file (es. in /dist, /test).
2025-11-14 06:43:45,098 - UnicodeAnalyzer - INFO - -> Analizzando versione 1.6.0 (12/25)...
2025-11-14 06:43:45,099 - UnicodeAnalyzer - INFO - Filtrati 4 file (es. in /dist, /test).
2025-11-14 06:43:45,181 - UnicodeAnalyzer - INFO - -> Analizzando versione 1.7.0 (13/25)...
2025-11-14 06:43:45,182 - UnicodeAnalyzer - INFO - Filtrati 4 file (es. in /dist, /test).
2025-11-14 06:43:45,262 - UnicodeAnalyzer - INFO - -> Analizzando versione 1.8.0 (14/25)...
2025-11-14 06:43:45,263 - UnicodeAnalyzer - INFO - Filtrati 2 file (es. in /dist, /test).
2025-11-14 06:43:45,343 - UnicodeAnalyzer - INFO - -> Analizzando versione 1.9.0 (15/25)...
2025-11-14 06:43:45,343 - UnicodeAnalyzer - INFO - Filtrati 2 file (es. in /dist, /test).
2025-11-14 06:43:45,419 - UnicodeAnalyzer - INFO - -> Analizzando versione 2.0.0 (16/25)...
2025-11-14 06:43:45,420 - UnicodeAnalyzer - INFO - Filtrati 2 file (es. in /dist, /test).
2025-11-14 06:43:45,496 - UnicodeAnalyzer - INFO - -> Analizzando versione 2.0.1 (17/25)...
2025-11-14 06:43:45,496 - UnicodeAnalyzer - INFO - Filtrati 2 file (es. in /dist, /test).
2025-11-14 06:43:45,576 - UnicodeAnalyzer - INFO - -> Analizzando versione 2.1.0 (18/25)...
2025-11-14 06:43:45,577 - UnicodeAnalyzer - INFO - Filtrati 2 file (es. in /dist, /test).
2025-11-14 06:43:45,658 - UnicodeAnalyzer - INFO - -> Analizzando versione 2.2.0 (19/25)...
2025-11-14 06:43:45,658 - UnicodeAnalyzer - INFO - Filtrati 2 file (es. in /dist, /test).
2025-11-14 06:43:45,739 - UnicodeAnalyzer - INFO - -> Analizzando versione 3.0.0 (20/25)...
2025-11-14 06:43:45,822 - UnicodeAnalyzer - INFO - -> Analizzando versione 3.0.1 (21/25)...
2025-11-14 06:43:45,904 - UnicodeAnalyzer - INFO - -> Analizzando versione 4.0.0 (22/25)...
2025-11-14 06:43:45,986 - UnicodeAnalyzer - INFO - -> Analizzando versione 4.0.1 (23/25)...
2025-11-14 06:43:46,069 - UnicodeAnalyzer - INFO - -> Analizzando versione 4.0.2 (24/25)...
2025-11-14 06:43:46,149 - UnicodeAnalyzer - INFO - -> Analizzando versione 4.1.0 (25/25)...
2025-11-14 06:43:46,232 - UnicodeAnalyzer - INFO - Esportando i risultati HUT per 'pg-types' in CSV...
2025-11-14 06:43:46,268 - UnicodeAnalyzer - INFO - Report salvati in: /app/npm_hut_results/pg-types
2025-11-14 06:43:46,268 - NPM_HUT_Analyzer - INFO - Pulizia cartella temporanea 'temp_hut/pg-types'...
2025-11-14 06:43:46,274 - NPM_HUT_Analyzer - INFO - Pulizia completata.
