2025-10-29 13:38:45,698 - NPM_Analyzer - INFO - Fetching metadata for 'css'...
2025-10-29 13:38:45,791 - NPM_Analyzer - INFO - Found 27 versions. Starting download into 'temp/css'...
2025-10-29 13:38:58,835 - BlankSpaceAnalyzer - INFO - Analyzing 27 versions for '*.js' in 'css'.
2025-10-29 13:38:58,835 - BlankSpaceAnalyzer - INFO - -> Analyzing version 1.0.0 (1/27)...
2025-10-29 13:38:58,924 - BlankSpaceAnalyzer - INFO - -> Analyzing version 1.0.1 (2/27)...
2025-10-29 13:38:58,981 - BlankSpaceAnalyzer - INFO - -> Analyzing version 1.0.2 (3/27)...
2025-10-29 13:38:59,039 - BlankSpaceAnalyzer - INFO - -> Analyzing version 1.0.3 (4/27)...
2025-10-29 13:38:59,097 - BlankSpaceAnalyzer - INFO - -> Analyzing version 1.0.4 (5/27)...
2025-10-29 13:38:59,157 - BlankSpaceAnalyzer - INFO - -> Analyzing version 1.0.5 (6/27)...
2025-10-29 13:38:59,219 - BlankSpaceAnalyzer - INFO - -> Analyzing version 1.0.6 (7/27)...
2025-10-29 13:38:59,281 - BlankSpaceAnalyzer - INFO - -> Analyzing version 1.0.7 (8/27)...
2025-10-29 13:38:59,344 - BlankSpaceAnalyzer - INFO - -> Analyzing version 1.0.8 (9/27)...
2025-10-29 13:38:59,401 - BlankSpaceAnalyzer - INFO - -> Analyzing version 1.1.0 (10/27)...
2025-10-29 13:38:59,461 - BlankSpaceAnalyzer - INFO - -> Analyzing version 1.2.0 (11/27)...
2025-10-29 13:38:59,524 - BlankSpaceAnalyzer - INFO - -> Analyzing version 1.3.0 (12/27)...
2025-10-29 13:38:59,580 - BlankSpaceAnalyzer - INFO - -> Analyzing version 1.3.1 (13/27)...
2025-10-29 13:38:59,637 - BlankSpaceAnalyzer - INFO - -> Analyzing version 1.4.0 (14/27)...
2025-10-29 13:38:59,698 - BlankSpaceAnalyzer - INFO - -> Analyzing version 1.4.1 (15/27)...
2025-10-29 13:38:59,761 - BlankSpaceAnalyzer - INFO - -> Analyzing version 1.4.2 (16/27)...
2025-10-29 13:38:59,823 - BlankSpaceAnalyzer - INFO - -> Analyzing version 1.4.3 (17/27)...
2025-10-29 13:38:59,880 - BlankSpaceAnalyzer - INFO - -> Analyzing version 1.4.4 (18/27)...
2025-10-29 13:38:59,938 - BlankSpaceAnalyzer - INFO - -> Analyzing version 1.6.0 (19/27)...
2025-10-29 13:39:00,002 - BlankSpaceAnalyzer - INFO - -> Analyzing version 2.0.0 (20/27)...
2025-10-29 13:39:00,065 - BlankSpaceAnalyzer - INFO - -> Analyzing version 2.1.0 (21/27)...
2025-10-29 13:39:00,129 - BlankSpaceAnalyzer - INFO - -> Analyzing version 2.2.0 (22/27)...
2025-10-29 13:39:00,193 - BlankSpaceAnalyzer - INFO - -> Analyzing version 2.2.1 (23/27)...
2025-10-29 13:39:00,257 - BlankSpaceAnalyzer - INFO - -> Analyzing version 2.2.2 (24/27)...
2025-10-29 13:39:00,319 - BlankSpaceAnalyzer - INFO - -> Analyzing version 2.2.3 (25/27)...
2025-10-29 13:39:00,383 - BlankSpaceAnalyzer - INFO - -> Analyzing version 2.2.4 (26/27)...
2025-10-29 13:39:00,445 - BlankSpaceAnalyzer - INFO - -> Analyzing version 3.0.0 (27/27)...
2025-10-29 13:39:00,504 - BlankSpaceAnalyzer - INFO - Exporting results for 'css' to CSV...
2025-10-29 13:39:00,527 - BlankSpaceAnalyzer - INFO - Reports saved in: /app/npm_results/css
2025-10-29 13:39:00,527 - NPM_Analyzer - INFO - Cleaning temporary folder 'temp/css'...
2025-10-29 13:39:00,533 - NPM_Analyzer - INFO - Cleanup completed.
