2025-10-23 23:13:42,170 - NPM_Analyzer - INFO - Fetching metadata for '@types/react-dom'...
2025-10-23 23:13:42,294 - NPM_Analyzer - INFO - Found 181 versions. Starting download into 'temp/@types_react-dom'...
2025-10-23 23:13:57,209 - NPM_Analyzer - ERROR -   Error on version 0.14.14: not a gzip file
2025-10-23 23:16:04,117 - BlankSpaceAnalyzer - INFO - Analyzing 180 versions for '*.js' in '@types_react-dom'.
2025-10-23 23:16:04,117 - BlankSpaceAnalyzer - INFO - -> Analyzing version 0.14.1-alpha (1/180)...
2025-10-23 23:16:04,118 - BlankSpaceAnalyzer - INFO - -> Analyzing version 0.14.10-alpha (2/180)...
2025-10-23 23:16:04,118 - BlankSpaceAnalyzer - INFO - -> Analyzing version 0.14.11-alpha (3/180)...
2025-10-23 23:16:04,119 - BlankSpaceAnalyzer - INFO - -> Analyzing version 0.14.12-alpha (4/180)...
2025-10-23 23:16:04,120 - BlankSpaceAnalyzer - INFO - -> Analyzing version 0.14.13 (5/180)...
2025-10-23 23:16:04,120 - BlankSpaceAnalyzer - INFO - -> Analyzing version 0.14.15 (6/180)...
2025-10-23 23:16:04,121 - BlankSpaceAnalyzer - INFO - -> Analyzing version 0.14.16 (7/180)...
2025-10-23 23:16:04,122 - BlankSpaceAnalyzer - INFO - -> Analyzing version 0.14.17 (8/180)...
2025-10-23 23:16:04,122 - BlankSpaceAnalyzer - INFO - -> Analyzing version 0.14.18 (9/180)...
2025-10-23 23:16:04,123 - BlankSpaceAnalyzer - INFO - -> Analyzing version 0.14.19 (10/180)...
2025-10-23 23:16:04,124 - BlankSpaceAnalyzer - INFO - -> Analyzing version 0.14.2-alpha (11/180)...
2025-10-23 23:16:04,124 - BlankSpaceAnalyzer - INFO - -> Analyzing version 0.14.20 (12/180)...
2025-10-23 23:16:04,125 - BlankSpaceAnalyzer - INFO - -> Analyzing version 0.14.21 (13/180)...
2025-10-23 23:16:04,125 - BlankSpaceAnalyzer - INFO - -> Analyzing version 0.14.22 (14/180)...
2025-10-23 23:16:04,126 - BlankSpaceAnalyzer - INFO - -> Analyzing version 0.14.23 (15/180)...
2025-10-23 23:16:04,127 - BlankSpaceAnalyzer - INFO - -> Analyzing version 0.14.7-alpha (16/180)...
2025-10-23 23:16:04,127 - BlankSpaceAnalyzer - INFO - -> Analyzing version 0.14.8-alpha (17/180)...
2025-10-23 23:16:04,128 - BlankSpaceAnalyzer - INFO - -> Analyzing version 0.14.9-alpha (18/180)...
2025-10-23 23:16:04,128 - BlankSpaceAnalyzer - INFO - -> Analyzing version 15.5.0 (19/180)...
2025-10-23 23:16:04,129 - BlankSpaceAnalyzer - INFO - -> Analyzing version 15.5.1 (20/180)...
2025-10-23 23:16:04,130 - BlankSpaceAnalyzer - INFO - -> Analyzing version 15.5.10 (21/180)...
2025-10-23 23:16:04,131 - BlankSpaceAnalyzer - INFO - -> Analyzing version 15.5.11 (22/180)...
2025-10-23 23:16:04,132 - BlankSpaceAnalyzer - INFO - -> Analyzing version 15.5.12 (23/180)...
2025-10-23 23:16:04,133 - BlankSpaceAnalyzer - INFO - -> Analyzing version 15.5.13 (24/180)...
2025-10-23 23:16:04,134 - BlankSpaceAnalyzer - INFO - -> Analyzing version 15.5.14 (25/180)...
2025-10-23 23:16:04,135 - BlankSpaceAnalyzer - INFO - -> Analyzing version 15.5.15 (26/180)...
2025-10-23 23:16:04,136 - BlankSpaceAnalyzer - INFO - -> Analyzing version 15.5.16 (27/180)...
2025-10-23 23:16:04,136 - BlankSpaceAnalyzer - INFO - -> Analyzing version 15.5.17 (28/180)...
2025-10-23 23:16:04,137 - BlankSpaceAnalyzer - INFO - -> Analyzing version 15.5.18 (29/180)...
2025-10-23 23:16:04,138 - BlankSpaceAnalyzer - INFO - -> Analyzing version 15.5.19 (30/180)...
2025-10-23 23:16:04,138 - BlankSpaceAnalyzer - INFO - -> Analyzing version 15.5.2 (31/180)...
2025-10-23 23:16:04,139 - BlankSpaceAnalyzer - INFO - -> Analyzing version 15.5.20 (32/180)...
2025-10-23 23:16:04,139 - BlankSpaceAnalyzer - INFO - -> Analyzing version 15.5.21 (33/180)...
2025-10-23 23:16:04,140 - BlankSpaceAnalyzer - INFO - -> Analyzing version 15.5.22 (34/180)...
2025-10-23 23:16:04,140 - BlankSpaceAnalyzer - INFO - -> Analyzing version 15.5.3 (35/180)...
2025-10-23 23:16:04,141 - BlankSpaceAnalyzer - INFO - -> Analyzing version 15.5.4 (36/180)...
2025-10-23 23:16:04,141 - BlankSpaceAnalyzer - INFO - -> Analyzing version 15.5.5 (37/180)...
2025-10-23 23:16:04,142 - BlankSpaceAnalyzer - INFO - -> Analyzing version 15.5.6 (38/180)...
2025-10-23 23:16:04,143 - BlankSpaceAnalyzer - INFO - -> Analyzing version 15.5.7 (39/180)...
2025-10-23 23:16:04,143 - BlankSpaceAnalyzer - INFO - -> Analyzing version 15.5.8 (40/180)...
2025-10-23 23:16:04,144 - BlankSpaceAnalyzer - INFO - -> Analyzing version 15.5.9 (41/180)...
2025-10-23 23:16:04,144 - BlankSpaceAnalyzer - INFO - -> Analyzing version 16.0.0 (42/180)...
2025-10-23 23:16:04,145 - BlankSpaceAnalyzer - INFO - -> Analyzing version 16.0.1 (43/180)...
2025-10-23 23:16:04,145 - BlankSpaceAnalyzer - INFO - -> Analyzing version 16.0.10 (44/180)...
2025-10-23 23:16:04,145 - BlankSpaceAnalyzer - INFO - -> Analyzing version 16.0.11 (45/180)...
2025-10-23 23:16:04,146 - BlankSpaceAnalyzer - INFO - -> Analyzing version 16.0.2 (46/180)...
2025-10-23 23:16:04,146 - BlankSpaceAnalyzer - INFO - -> Analyzing version 16.0.3 (47/180)...
2025-10-23 23:16:04,147 - BlankSpaceAnalyzer - INFO - -> Analyzing version 16.0.4 (48/180)...
2025-10-23 23:16:04,147 - BlankSpaceAnalyzer - INFO - -> Analyzing version 16.0.5 (49/180)...
2025-10-23 23:16:04,148 - BlankSpaceAnalyzer - INFO - -> Analyzing version 16.0.6 (50/180)...
2025-10-23 23:16:04,148 - BlankSpaceAnalyzer - INFO - -> Analyzing version 16.0.7 (51/180)...
2025-10-23 23:16:04,149 - BlankSpaceAnalyzer - INFO - -> Analyzing version 16.0.8 (52/180)...
2025-10-23 23:16:04,149 - BlankSpaceAnalyzer - INFO - -> Analyzing version 16.0.9 (53/180)...
2025-10-23 23:16:04,149 - BlankSpaceAnalyzer - INFO - -> Analyzing version 16.8.0 (54/180)...
2025-10-23 23:16:04,150 - BlankSpaceAnalyzer - INFO - -> Analyzing version 16.8.1 (55/180)...
2025-10-23 23:16:04,150 - BlankSpaceAnalyzer - INFO - -> Analyzing version 16.8.2 (56/180)...
2025-10-23 23:16:04,150 - BlankSpaceAnalyzer - INFO - -> Analyzing version 16.8.3 (57/180)...
2025-10-23 23:16:04,151 - BlankSpaceAnalyzer - INFO - -> Analyzing version 16.8.4 (58/180)...
2025-10-23 23:16:04,151 - BlankSpaceAnalyzer - INFO - -> Analyzing version 16.8.5 (59/180)...
2025-10-23 23:16:04,151 - BlankSpaceAnalyzer - INFO - -> Analyzing version 16.9.0 (60/180)...
2025-10-23 23:16:04,152 - BlankSpaceAnalyzer - INFO - -> Analyzing version 16.9.1 (61/180)...
2025-10-23 23:16:04,152 - BlankSpaceAnalyzer - INFO - -> Analyzing version 16.9.10 (62/180)...
2025-10-23 23:16:04,152 - BlankSpaceAnalyzer - INFO - -> Analyzing version 16.9.11 (63/180)...
2025-10-23 23:16:04,153 - BlankSpaceAnalyzer - INFO - -> Analyzing version 16.9.12 (64/180)...
2025-10-23 23:16:04,153 - BlankSpaceAnalyzer - INFO - -> Analyzing version 16.9.13 (65/180)...
2025-10-23 23:16:04,153 - BlankSpaceAnalyzer - INFO - -> Analyzing version 16.9.14 (66/180)...
2025-10-23 23:16:04,154 - BlankSpaceAnalyzer - INFO - -> Analyzing version 16.9.15 (67/180)...
2025-10-23 23:16:04,154 - BlankSpaceAnalyzer - INFO - -> Analyzing version 16.9.16 (68/180)...
2025-10-23 23:16:04,154 - BlankSpaceAnalyzer - INFO - -> Analyzing version 16.9.17 (69/180)...
2025-10-23 23:16:04,154 - BlankSpaceAnalyzer - INFO - -> Analyzing version 16.9.18 (70/180)...
2025-10-23 23:16:04,155 - BlankSpaceAnalyzer - INFO - -> Analyzing version 16.9.19 (71/180)...
2025-10-23 23:16:04,155 - BlankSpaceAnalyzer - INFO - -> Analyzing version 16.9.2 (72/180)...
2025-10-23 23:16:04,155 - BlankSpaceAnalyzer - INFO - -> Analyzing version 16.9.20 (73/180)...
2025-10-23 23:16:04,155 - BlankSpaceAnalyzer - INFO - -> Analyzing version 16.9.21 (74/180)...
2025-10-23 23:16:04,156 - BlankSpaceAnalyzer - INFO - -> Analyzing version 16.9.22 (75/180)...
2025-10-23 23:16:04,156 - BlankSpaceAnalyzer - INFO - -> Analyzing version 16.9.23 (76/180)...
2025-10-23 23:16:04,156 - BlankSpaceAnalyzer - INFO - -> Analyzing version 16.9.24 (77/180)...
2025-10-23 23:16:04,156 - BlankSpaceAnalyzer - INFO - -> Analyzing version 16.9.25 (78/180)...
2025-10-23 23:16:04,156 - BlankSpaceAnalyzer - INFO - -> Analyzing version 16.9.3 (79/180)...
2025-10-23 23:16:04,157 - BlankSpaceAnalyzer - INFO - -> Analyzing version 16.9.4 (80/180)...
2025-10-23 23:16:04,157 - BlankSpaceAnalyzer - INFO - -> Analyzing version 16.9.5 (81/180)...
2025-10-23 23:16:04,157 - BlankSpaceAnalyzer - INFO - -> Analyzing version 16.9.6 (82/180)...
2025-10-23 23:16:04,157 - BlankSpaceAnalyzer - INFO - -> Analyzing version 16.9.7 (83/180)...
2025-10-23 23:16:04,158 - BlankSpaceAnalyzer - INFO - -> Analyzing version 16.9.8 (84/180)...
2025-10-23 23:16:04,158 - BlankSpaceAnalyzer - INFO - -> Analyzing version 16.9.9 (85/180)...
2025-10-23 23:16:04,158 - BlankSpaceAnalyzer - INFO - -> Analyzing version 17.0.0 (86/180)...
2025-10-23 23:16:04,159 - BlankSpaceAnalyzer - INFO - -> Analyzing version 17.0.1 (87/180)...
2025-10-23 23:16:04,159 - BlankSpaceAnalyzer - INFO - -> Analyzing version 17.0.10 (88/180)...
2025-10-23 23:16:04,159 - BlankSpaceAnalyzer - INFO - -> Analyzing version 17.0.11 (89/180)...
2025-10-23 23:16:04,159 - BlankSpaceAnalyzer - INFO - -> Analyzing version 17.0.12 (90/180)...
2025-10-23 23:16:04,160 - BlankSpaceAnalyzer - INFO - -> Analyzing version 17.0.13 (91/180)...
2025-10-23 23:16:04,160 - BlankSpaceAnalyzer - INFO - -> Analyzing version 17.0.14 (92/180)...
2025-10-23 23:16:04,160 - BlankSpaceAnalyzer - INFO - -> Analyzing version 17.0.15 (93/180)...
2025-10-23 23:16:04,160 - BlankSpaceAnalyzer - INFO - -> Analyzing version 17.0.16 (94/180)...
2025-10-23 23:16:04,160 - BlankSpaceAnalyzer - INFO - -> Analyzing version 17.0.17 (95/180)...
2025-10-23 23:16:04,161 - BlankSpaceAnalyzer - INFO - -> Analyzing version 17.0.18 (96/180)...
2025-10-23 23:16:04,161 - BlankSpaceAnalyzer - INFO - -> Analyzing version 17.0.19 (97/180)...
2025-10-23 23:16:04,161 - BlankSpaceAnalyzer - INFO - -> Analyzing version 17.0.2 (98/180)...
2025-10-23 23:16:04,161 - BlankSpaceAnalyzer - INFO - -> Analyzing version 17.0.20 (99/180)...
2025-10-23 23:16:04,161 - BlankSpaceAnalyzer - INFO - -> Analyzing version 17.0.21 (100/180)...
2025-10-23 23:16:04,161 - BlankSpaceAnalyzer - INFO - -> Analyzing version 17.0.22 (101/180)...
2025-10-23 23:16:04,162 - BlankSpaceAnalyzer - INFO - -> Analyzing version 17.0.23 (102/180)...
2025-10-23 23:16:04,162 - BlankSpaceAnalyzer - INFO - -> Analyzing version 17.0.24 (103/180)...
2025-10-23 23:16:04,162 - BlankSpaceAnalyzer - INFO - -> Analyzing version 17.0.25 (104/180)...
2025-10-23 23:16:04,162 - BlankSpaceAnalyzer - INFO - -> Analyzing version 17.0.26 (105/180)...
2025-10-23 23:16:04,162 - BlankSpaceAnalyzer - INFO - -> Analyzing version 17.0.3 (106/180)...
2025-10-23 23:16:04,162 - BlankSpaceAnalyzer - INFO - -> Analyzing version 17.0.4 (107/180)...
2025-10-23 23:16:04,163 - BlankSpaceAnalyzer - INFO - -> Analyzing version 17.0.5 (108/180)...
2025-10-23 23:16:04,163 - BlankSpaceAnalyzer - INFO - -> Analyzing version 17.0.6 (109/180)...
2025-10-23 23:16:04,163 - BlankSpaceAnalyzer - INFO - -> Analyzing version 17.0.7 (110/180)...
2025-10-23 23:16:04,163 - BlankSpaceAnalyzer - INFO - -> Analyzing version 17.0.8 (111/180)...
2025-10-23 23:16:04,163 - BlankSpaceAnalyzer - INFO - -> Analyzing version 17.0.9 (112/180)...
2025-10-23 23:16:04,164 - BlankSpaceAnalyzer - INFO - -> Analyzing version 18.0.0 (113/180)...
2025-10-23 23:16:04,164 - BlankSpaceAnalyzer - INFO - -> Analyzing version 18.0.1 (114/180)...
2025-10-23 23:16:04,164 - BlankSpaceAnalyzer - INFO - -> Analyzing version 18.0.10 (115/180)...
2025-10-23 23:16:04,164 - BlankSpaceAnalyzer - INFO - -> Analyzing version 18.0.11 (116/180)...
2025-10-23 23:16:04,164 - BlankSpaceAnalyzer - INFO - -> Analyzing version 18.0.2 (117/180)...
2025-10-23 23:16:04,164 - BlankSpaceAnalyzer - INFO - -> Analyzing version 18.0.3 (118/180)...
2025-10-23 23:16:04,165 - BlankSpaceAnalyzer - INFO - -> Analyzing version 18.0.4 (119/180)...
2025-10-23 23:16:04,165 - BlankSpaceAnalyzer - INFO - -> Analyzing version 18.0.5 (120/180)...
2025-10-23 23:16:04,165 - BlankSpaceAnalyzer - INFO - -> Analyzing version 18.0.6 (121/180)...
2025-10-23 23:16:04,165 - BlankSpaceAnalyzer - INFO - -> Analyzing version 18.0.7 (122/180)...
2025-10-23 23:16:04,165 - BlankSpaceAnalyzer - INFO - -> Analyzing version 18.0.8 (123/180)...
2025-10-23 23:16:04,165 - BlankSpaceAnalyzer - INFO - -> Analyzing version 18.0.9 (124/180)...
2025-10-23 23:16:04,166 - BlankSpaceAnalyzer - INFO - -> Analyzing version 18.2.0 (125/180)...
2025-10-23 23:16:04,166 - BlankSpaceAnalyzer - INFO - -> Analyzing version 18.2.1 (126/180)...
2025-10-23 23:16:04,166 - BlankSpaceAnalyzer - INFO - -> Analyzing version 18.2.10 (127/180)...
2025-10-23 23:16:04,166 - BlankSpaceAnalyzer - INFO - -> Analyzing version 18.2.11 (128/180)...
2025-10-23 23:16:04,166 - BlankSpaceAnalyzer - INFO - -> Analyzing version 18.2.12 (129/180)...
2025-10-23 23:16:04,166 - BlankSpaceAnalyzer - INFO - -> Analyzing version 18.2.13 (130/180)...
2025-10-23 23:16:04,167 - BlankSpaceAnalyzer - INFO - -> Analyzing version 18.2.14 (131/180)...
2025-10-23 23:16:04,167 - BlankSpaceAnalyzer - INFO - -> Analyzing version 18.2.15 (132/180)...
2025-10-23 23:16:04,167 - BlankSpaceAnalyzer - INFO - -> Analyzing version 18.2.16 (133/180)...
2025-10-23 23:16:04,167 - BlankSpaceAnalyzer - INFO - -> Analyzing version 18.2.17 (134/180)...
2025-10-23 23:16:04,167 - BlankSpaceAnalyzer - INFO - -> Analyzing version 18.2.18 (135/180)...
2025-10-23 23:16:04,167 - BlankSpaceAnalyzer - INFO - -> Analyzing version 18.2.19 (136/180)...
2025-10-23 23:16:04,168 - BlankSpaceAnalyzer - INFO - -> Analyzing version 18.2.2 (137/180)...
2025-10-23 23:16:04,168 - BlankSpaceAnalyzer - INFO - -> Analyzing version 18.2.20 (138/180)...
2025-10-23 23:16:04,168 - BlankSpaceAnalyzer - INFO - -> Analyzing version 18.2.21 (139/180)...
2025-10-23 23:16:04,168 - BlankSpaceAnalyzer - INFO - -> Analyzing version 18.2.22 (140/180)...
2025-10-23 23:16:04,168 - BlankSpaceAnalyzer - INFO - -> Analyzing version 18.2.23 (141/180)...
2025-10-23 23:16:04,168 - BlankSpaceAnalyzer - INFO - -> Analyzing version 18.2.24 (142/180)...
2025-10-23 23:16:04,169 - BlankSpaceAnalyzer - INFO - -> Analyzing version 18.2.25 (143/180)...
2025-10-23 23:16:04,169 - BlankSpaceAnalyzer - INFO - -> Analyzing version 18.2.3 (144/180)...
2025-10-23 23:16:04,169 - BlankSpaceAnalyzer - INFO - -> Analyzing version 18.2.4 (145/180)...
2025-10-23 23:16:04,169 - BlankSpaceAnalyzer - INFO - -> Analyzing version 18.2.5 (146/180)...
2025-10-23 23:16:04,169 - BlankSpaceAnalyzer - INFO - -> Analyzing version 18.2.6 (147/180)...
2025-10-23 23:16:04,169 - BlankSpaceAnalyzer - INFO - -> Analyzing version 18.2.7 (148/180)...
2025-10-23 23:16:04,170 - BlankSpaceAnalyzer - INFO - -> Analyzing version 18.2.8 (149/180)...
2025-10-23 23:16:04,170 - BlankSpaceAnalyzer - INFO - -> Analyzing version 18.2.9 (150/180)...
2025-10-23 23:16:04,170 - BlankSpaceAnalyzer - INFO - -> Analyzing version 18.3.0 (151/180)...
2025-10-23 23:16:04,170 - BlankSpaceAnalyzer - INFO - -> Analyzing version 18.3.1 (152/180)...
2025-10-23 23:16:04,170 - BlankSpaceAnalyzer - INFO - -> Analyzing version 18.3.2 (153/180)...
2025-10-23 23:16:04,170 - BlankSpaceAnalyzer - INFO - -> Analyzing version 18.3.3 (154/180)...
2025-10-23 23:16:04,171 - BlankSpaceAnalyzer - INFO - -> Analyzing version 18.3.4 (155/180)...
2025-10-23 23:16:04,171 - BlankSpaceAnalyzer - INFO - -> Analyzing version 18.3.5 (156/180)...
2025-10-23 23:16:04,171 - BlankSpaceAnalyzer - INFO - -> Analyzing version 18.3.6 (157/180)...
2025-10-23 23:16:04,171 - BlankSpaceAnalyzer - INFO - -> Analyzing version 18.3.7 (158/180)...
2025-10-23 23:16:04,171 - BlankSpaceAnalyzer - INFO - -> Analyzing version 19.0.0 (159/180)...
2025-10-23 23:16:04,171 - BlankSpaceAnalyzer - INFO - -> Analyzing version 19.0.1 (160/180)...
2025-10-23 23:16:04,172 - BlankSpaceAnalyzer - INFO - -> Analyzing version 19.0.2 (161/180)...
2025-10-23 23:16:04,172 - BlankSpaceAnalyzer - INFO - -> Analyzing version 19.0.3 (162/180)...
2025-10-23 23:16:04,172 - BlankSpaceAnalyzer - INFO - -> Analyzing version 19.0.4 (163/180)...
2025-10-23 23:16:04,172 - BlankSpaceAnalyzer - INFO - -> Analyzing version 19.0.5 (164/180)...
2025-10-23 23:16:04,172 - BlankSpaceAnalyzer - INFO - -> Analyzing version 19.0.6 (165/180)...
2025-10-23 23:16:04,172 - BlankSpaceAnalyzer - INFO - -> Analyzing version 19.1.0 (166/180)...
2025-10-23 23:16:04,173 - BlankSpaceAnalyzer - INFO - -> Analyzing version 19.1.1 (167/180)...
2025-10-23 23:16:04,173 - BlankSpaceAnalyzer - INFO - -> Analyzing version 19.1.10 (168/180)...
2025-10-23 23:16:04,173 - BlankSpaceAnalyzer - INFO - -> Analyzing version 19.1.11 (169/180)...
2025-10-23 23:16:04,173 - BlankSpaceAnalyzer - INFO - -> Analyzing version 19.1.2 (170/180)...
2025-10-23 23:16:04,173 - BlankSpaceAnalyzer - INFO - -> Analyzing version 19.1.3 (171/180)...
2025-10-23 23:16:04,174 - BlankSpaceAnalyzer - INFO - -> Analyzing version 19.1.4 (172/180)...
2025-10-23 23:16:04,174 - BlankSpaceAnalyzer - INFO - -> Analyzing version 19.1.5 (173/180)...
2025-10-23 23:16:04,174 - BlankSpaceAnalyzer - INFO - -> Analyzing version 19.1.6 (174/180)...
2025-10-23 23:16:04,174 - BlankSpaceAnalyzer - INFO - -> Analyzing version 19.1.7 (175/180)...
2025-10-23 23:16:04,174 - BlankSpaceAnalyzer - INFO - -> Analyzing version 19.1.8 (176/180)...
2025-10-23 23:16:04,174 - BlankSpaceAnalyzer - INFO - -> Analyzing version 19.1.9 (177/180)...
2025-10-23 23:16:04,175 - BlankSpaceAnalyzer - INFO - -> Analyzing version 19.2.0 (178/180)...
2025-10-23 23:16:04,175 - BlankSpaceAnalyzer - INFO - -> Analyzing version 19.2.1 (179/180)...
2025-10-23 23:16:04,175 - BlankSpaceAnalyzer - INFO - -> Analyzing version 19.2.2 (180/180)...
2025-10-23 23:16:04,175 - BlankSpaceAnalyzer - INFO - Exporting results for '@types/react-dom' to CSV...
2025-10-23 23:16:04,175 - BlankSpaceAnalyzer - WARNING - No files analyzed. CSV files will be empty.
2025-10-23 23:16:04,176 - NPM_Analyzer - INFO - Cleaning temporary folder 'temp/@types_react-dom'...
2025-10-23 23:16:04,211 - NPM_Analyzer - INFO - Cleanup completed.
