2025-10-27 04:25:33,278 - NPM_Analyzer - INFO - Fetching metadata for '@smithy/eventstream-serde-config-resolver'...
2025-10-27 04:25:33,483 - NPM_Analyzer - INFO - Found 52 versions. Starting download into 'temp/@smithy_eventstream-serde-config-resolver'...
2025-10-27 04:26:10,638 - BlankSpaceAnalyzer - INFO - Analyzing 52 versions for '*.js' in '@smithy_eventstream-serde-config-resolver'.
2025-10-27 04:26:10,639 - BlankSpaceAnalyzer - INFO - -> Analyzing version 1.0.0 (1/52)...
2025-10-27 04:26:10,736 - BlankSpaceAnalyzer - INFO - -> Analyzing version 1.0.1 (2/52)...
2025-10-27 04:26:10,803 - BlankSpaceAnalyzer - INFO - -> Analyzing version 1.0.2 (3/52)...
2025-10-27 04:26:10,871 - BlankSpaceAnalyzer - INFO - -> Analyzing version 1.0.3 (4/52)...
2025-10-27 04:26:10,941 - BlankSpaceAnalyzer - INFO - -> Analyzing version 1.1.0 (5/52)...
2025-10-27 04:26:11,015 - BlankSpaceAnalyzer - INFO - -> Analyzing version 2.0.0 (6/52)...
2025-10-27 04:26:11,089 - BlankSpaceAnalyzer - INFO - -> Analyzing version 2.0.1 (7/52)...
2025-10-27 04:26:11,163 - BlankSpaceAnalyzer - INFO - -> Analyzing version 2.0.10 (8/52)...
2025-10-27 04:26:11,235 - BlankSpaceAnalyzer - INFO - -> Analyzing version 2.0.11 (9/52)...
2025-10-27 04:26:11,303 - BlankSpaceAnalyzer - INFO - -> Analyzing version 2.0.12 (10/52)...
2025-10-27 04:26:11,370 - BlankSpaceAnalyzer - INFO - -> Analyzing version 2.0.13 (11/52)...
2025-10-27 04:26:11,441 - BlankSpaceAnalyzer - INFO - -> Analyzing version 2.0.14 (12/52)...
2025-10-27 04:26:11,515 - BlankSpaceAnalyzer - INFO - -> Analyzing version 2.0.15 (13/52)...
2025-10-27 04:26:11,590 - BlankSpaceAnalyzer - INFO - -> Analyzing version 2.0.16 (14/52)...
2025-10-27 04:26:11,665 - BlankSpaceAnalyzer - INFO - -> Analyzing version 2.0.2 (15/52)...
2025-10-27 04:26:11,737 - BlankSpaceAnalyzer - INFO - -> Analyzing version 2.0.3 (16/52)...
2025-10-27 04:26:11,804 - BlankSpaceAnalyzer - INFO - -> Analyzing version 2.0.4 (17/52)...
2025-10-27 04:26:11,877 - BlankSpaceAnalyzer - INFO - -> Analyzing version 2.0.5 (18/52)...
2025-10-27 04:26:11,951 - BlankSpaceAnalyzer - INFO - -> Analyzing version 2.0.6 (19/52)...
2025-10-27 04:26:12,025 - BlankSpaceAnalyzer - INFO - -> Analyzing version 2.0.7 (20/52)...
2025-10-27 04:26:12,092 - BlankSpaceAnalyzer - INFO - -> Analyzing version 2.0.8 (21/52)...
2025-10-27 04:26:12,166 - BlankSpaceAnalyzer - INFO - -> Analyzing version 2.0.9 (22/52)...
2025-10-27 04:26:12,237 - BlankSpaceAnalyzer - INFO - -> Analyzing version 2.1.0 (23/52)...
2025-10-27 04:26:12,305 - BlankSpaceAnalyzer - INFO - -> Analyzing version 2.1.1 (24/52)...
2025-10-27 04:26:12,379 - BlankSpaceAnalyzer - INFO - -> Analyzing version 2.1.2 (25/52)...
2025-10-27 04:26:12,453 - BlankSpaceAnalyzer - INFO - -> Analyzing version 2.1.3 (26/52)...
2025-10-27 04:26:12,526 - BlankSpaceAnalyzer - INFO - -> Analyzing version 2.1.4 (27/52)...
2025-10-27 04:26:12,594 - BlankSpaceAnalyzer - INFO - -> Analyzing version 2.2.0 (28/52)...
2025-10-27 04:26:12,669 - BlankSpaceAnalyzer - INFO - -> Analyzing version 3.0.0 (29/52)...
2025-10-27 04:26:12,740 - BlankSpaceAnalyzer - INFO - -> Analyzing version 3.0.1 (30/52)...
2025-10-27 04:26:12,808 - BlankSpaceAnalyzer - INFO - -> Analyzing version 3.0.10 (31/52)...
2025-10-27 04:26:12,876 - BlankSpaceAnalyzer - INFO - -> Analyzing version 3.0.11 (32/52)...
2025-10-27 04:26:12,947 - BlankSpaceAnalyzer - INFO - -> Analyzing version 3.0.2 (33/52)...
2025-10-27 04:26:13,021 - BlankSpaceAnalyzer - INFO - -> Analyzing version 3.0.3 (34/52)...
2025-10-27 04:26:13,090 - BlankSpaceAnalyzer - INFO - -> Analyzing version 3.0.4 (35/52)...
2025-10-27 04:26:13,164 - BlankSpaceAnalyzer - INFO - -> Analyzing version 3.0.5 (36/52)...
2025-10-27 04:26:13,238 - BlankSpaceAnalyzer - INFO - -> Analyzing version 3.0.6 (37/52)...
2025-10-27 04:26:13,312 - BlankSpaceAnalyzer - INFO - -> Analyzing version 3.0.7 (38/52)...
2025-10-27 04:26:13,386 - BlankSpaceAnalyzer - INFO - -> Analyzing version 3.0.8 (39/52)...
2025-10-27 04:26:13,461 - BlankSpaceAnalyzer - INFO - -> Analyzing version 3.0.9 (40/52)...
2025-10-27 04:26:13,535 - BlankSpaceAnalyzer - INFO - -> Analyzing version 4.0.0 (41/52)...
2025-10-27 04:26:13,610 - BlankSpaceAnalyzer - INFO - -> Analyzing version 4.0.1 (42/52)...
2025-10-27 04:26:13,684 - BlankSpaceAnalyzer - INFO - -> Analyzing version 4.1.0 (43/52)...
2025-10-27 04:26:13,758 - BlankSpaceAnalyzer - INFO - -> Analyzing version 4.1.1 (44/52)...
2025-10-27 04:26:13,830 - BlankSpaceAnalyzer - INFO - -> Analyzing version 4.1.2 (45/52)...
2025-10-27 04:26:13,898 - BlankSpaceAnalyzer - INFO - -> Analyzing version 4.1.3 (46/52)...
2025-10-27 04:26:13,972 - BlankSpaceAnalyzer - INFO - -> Analyzing version 4.2.0 (47/52)...
2025-10-27 04:26:14,044 - BlankSpaceAnalyzer - INFO - -> Analyzing version 4.2.1 (48/52)...
2025-10-27 04:26:14,111 - BlankSpaceAnalyzer - INFO - -> Analyzing version 4.3.0 (49/52)...
2025-10-27 04:26:14,184 - BlankSpaceAnalyzer - INFO - -> Analyzing version 4.3.1 (50/52)...
2025-10-27 04:26:14,258 - BlankSpaceAnalyzer - INFO - -> Analyzing version 4.3.2 (51/52)...
2025-10-27 04:26:14,330 - BlankSpaceAnalyzer - INFO - -> Analyzing version 4.3.3 (52/52)...
2025-10-27 04:26:14,398 - BlankSpaceAnalyzer - INFO - Exporting results for '@smithy/eventstream-serde-config-resolver' to CSV...
2025-10-27 04:26:14,446 - BlankSpaceAnalyzer - INFO - Reports saved in: /app/npm_results/@smithy_eventstream-serde-config-resolver
2025-10-27 04:26:14,446 - NPM_Analyzer - INFO - Cleaning temporary folder 'temp/@smithy_eventstream-serde-config-resolver'...
2025-10-27 04:26:14,465 - NPM_Analyzer - INFO - Cleanup completed.
