2025-10-28 19:17:09,897 - NPM_Analyzer - INFO - Fetching metadata for '@google-cloud/promisify'...
2025-10-28 19:17:10,089 - NPM_Analyzer - INFO - Found 20 versions. Starting download into 'temp/@google-cloud_promisify'...
2025-10-28 19:17:29,275 - BlankSpaceAnalyzer - INFO - Analyzing 20 versions for '*.js' in '@google-cloud_promisify'.
2025-10-28 19:17:29,275 - BlankSpaceAnalyzer - INFO - -> Analyzing version 0.1.2 (1/20)...
2025-10-28 19:17:29,277 - BlankSpaceAnalyzer - INFO - -> Analyzing version 0.2.0 (2/20)...
2025-10-28 19:17:29,278 - BlankSpaceAnalyzer - INFO - -> Analyzing version 0.3.0 (3/20)...
2025-10-28 19:17:29,279 - BlankSpaceAnalyzer - INFO - -> Analyzing version 0.3.1 (4/20)...
2025-10-28 19:17:29,280 - BlankSpaceAnalyzer - INFO - -> Analyzing version 0.4.0 (5/20)...
2025-10-28 19:17:29,282 - BlankSpaceAnalyzer - INFO - -> Analyzing version 1.0.0 (6/20)...
2025-10-28 19:17:29,283 - BlankSpaceAnalyzer - INFO - -> Analyzing version 1.0.1 (7/20)...
2025-10-28 19:17:29,284 - BlankSpaceAnalyzer - INFO - -> Analyzing version 1.0.2 (8/20)...
2025-10-28 19:17:29,286 - BlankSpaceAnalyzer - INFO - -> Analyzing version 1.0.3 (9/20)...
2025-10-28 19:17:29,287 - BlankSpaceAnalyzer - INFO - -> Analyzing version 1.0.4 (10/20)...
2025-10-28 19:17:29,289 - BlankSpaceAnalyzer - INFO - -> Analyzing version 2.0.0 (11/20)...
2025-10-28 19:17:29,290 - BlankSpaceAnalyzer - INFO - -> Analyzing version 2.0.1 (12/20)...
2025-10-28 19:17:29,291 - BlankSpaceAnalyzer - INFO - -> Analyzing version 2.0.2 (13/20)...
2025-10-28 19:17:29,292 - BlankSpaceAnalyzer - INFO - -> Analyzing version 2.0.3 (14/20)...
2025-10-28 19:17:29,294 - BlankSpaceAnalyzer - INFO - -> Analyzing version 2.0.4 (15/20)...
2025-10-28 19:17:29,295 - BlankSpaceAnalyzer - INFO - -> Analyzing version 3.0.0 (16/20)...
2025-10-28 19:17:29,296 - BlankSpaceAnalyzer - INFO - -> Analyzing version 3.0.1 (17/20)...
2025-10-28 19:17:29,298 - BlankSpaceAnalyzer - INFO - -> Analyzing version 4.0.0 (18/20)...
2025-10-28 19:17:29,299 - BlankSpaceAnalyzer - INFO - -> Analyzing version 4.1.0 (19/20)...
2025-10-28 19:17:29,300 - BlankSpaceAnalyzer - INFO - -> Analyzing version 5.0.0 (20/20)...
2025-10-28 19:17:29,302 - BlankSpaceAnalyzer - INFO - Exporting results for '@google-cloud/promisify' to CSV...
2025-10-28 19:17:29,328 - BlankSpaceAnalyzer - INFO - Reports saved in: /app/npm_results/@google-cloud_promisify
2025-10-28 19:17:29,328 - NPM_Analyzer - INFO - Cleaning temporary folder 'temp/@google-cloud_promisify'...
2025-10-28 19:17:29,333 - NPM_Analyzer - INFO - Cleanup completed.
