2025-10-30 11:32:40,181 - NPM_Analyzer - INFO - Fetching metadata for 'effect'...
2025-10-30 11:32:40,561 - NPM_Analyzer - INFO - Found 336 versions. Starting download into 'temp/effect'...
2025-10-30 11:41:35,575 - BlankSpaceAnalyzer - INFO - Analyzing 336 versions for '*.js' in 'effect'.
2025-10-30 11:41:35,575 - BlankSpaceAnalyzer - INFO - -> Analyzing version 0.0.0-snapshot-0a6088b73485a0602ff216faac09f40877bc31d5 (1/336)...
2025-10-30 11:41:35,718 - BlankSpaceAnalyzer - INFO - -> Analyzing version 0.0.0-snapshot-0ce73bf1949f6aea574a226e867d6954c3d6d751 (2/336)...
2025-10-30 11:41:35,846 - BlankSpaceAnalyzer - INFO - -> Analyzing version 0.0.0-snapshot-0cec0372df0b954b85183fe71d8431e8486b383b (3/336)...
2025-10-30 11:41:35,977 - BlankSpaceAnalyzer - INFO - -> Analyzing version 0.0.0-snapshot-12726140ae2dad830fafff1edb8f3844ae9bae62 (4/336)...
2025-10-30 11:41:36,094 - BlankSpaceAnalyzer - INFO - -> Analyzing version 0.0.0-snapshot-189d4cae80e186661241002ad9d729628096520f (5/336)...
2025-10-30 11:41:36,212 - BlankSpaceAnalyzer - INFO - -> Analyzing version 0.0.0-snapshot-27f0443ffcce4f230f5d485826d1b79976d1307e (6/336)...
2025-10-30 11:41:36,346 - BlankSpaceAnalyzer - INFO - -> Analyzing version 0.0.0-snapshot-28c950c1f2b091132e985b78bbb8d0f72c86ce2f (7/336)...
2025-10-30 11:41:36,464 - BlankSpaceAnalyzer - INFO - -> Analyzing version 0.0.0-snapshot-3877d62208e83aededdf0b98c4c49b814f4d7da6 (8/336)...
2025-10-30 11:41:36,578 - BlankSpaceAnalyzer - INFO - -> Analyzing version 0.0.0-snapshot-56483396d5b4f58594f0c6e48b6848b0e7373001 (9/336)...
2025-10-30 11:41:36,698 - BlankSpaceAnalyzer - INFO - -> Analyzing version 0.0.0-snapshot-57e37f3292d7bdc631a323ced69567ce2d313edb (10/336)...
2025-10-30 11:41:36,814 - BlankSpaceAnalyzer - INFO - -> Analyzing version 0.0.0-snapshot-5fe45984d8022d8f8001e1057a5bacdd3e510676 (11/336)...
2025-10-30 11:41:36,936 - BlankSpaceAnalyzer - INFO - -> Analyzing version 0.0.0-snapshot-60b494ae37bd23801b7aaea356876a7a0496a3a9 (12/336)...
2025-10-30 11:41:37,057 - BlankSpaceAnalyzer - INFO - -> Analyzing version 0.0.0-snapshot-64d29bc90eef90891aa52242a56ea80a52c18645 (13/336)...
2025-10-30 11:41:37,173 - BlankSpaceAnalyzer - INFO - -> Analyzing version 0.0.0-snapshot-6e9edd448c6d82afd40e9d971340ed91efdcfce7 (14/336)...
2025-10-30 11:41:37,293 - BlankSpaceAnalyzer - INFO - -> Analyzing version 0.0.0-snapshot-6ebc752baf28354006ca2a0ae783a5bccf5de9ad (15/336)...
2025-10-30 11:41:37,412 - BlankSpaceAnalyzer - INFO - -> Analyzing version 0.0.0-snapshot-78b767c2b1625186e17131761a0edbac25d21850 (16/336)...
2025-10-30 11:41:37,527 - BlankSpaceAnalyzer - INFO - -> Analyzing version 0.0.0-snapshot-79dc882eafd6ddb60780764e2f663a6087b52622 (17/336)...
2025-10-30 11:41:37,653 - BlankSpaceAnalyzer - INFO - -> Analyzing version 0.0.0-snapshot-981d1fc733b034a10bf77fb06b1e8c764ba879a9 (18/336)...
2025-10-30 11:41:37,771 - BlankSpaceAnalyzer - INFO - -> Analyzing version 0.0.0-snapshot-a451d9997e8c09bbbfb2025dcfec7f669464c9d8 (19/336)...
2025-10-30 11:41:37,895 - BlankSpaceAnalyzer - INFO - -> Analyzing version 0.0.0-snapshot-a514ee721521f26f393f3a3b4e4eacedfad8e61d (20/336)...
2025-10-30 11:41:38,015 - BlankSpaceAnalyzer - INFO - -> Analyzing version 0.0.0-snapshot-a5ad9d748a9f2655de9c9dbe76597867a218e45b (21/336)...
2025-10-30 11:41:38,142 - BlankSpaceAnalyzer - INFO - -> Analyzing version 0.0.0-snapshot-b4323ccacbf56b5c574bb69e7775d11cb8d2178a (22/336)...
2025-10-30 11:41:38,268 - BlankSpaceAnalyzer - INFO - -> Analyzing version 0.0.0-snapshot-b4e2d6446fdc267f3c789d6c141284b2dac08851 (23/336)...
2025-10-30 11:41:38,383 - BlankSpaceAnalyzer - INFO - -> Analyzing version 0.0.0-snapshot-b5569e358534da41047a687afbc85dbe8517ddca (24/336)...
2025-10-30 11:41:38,499 - BlankSpaceAnalyzer - INFO - -> Analyzing version 0.0.0-snapshot-b823490622aaa8337bc7047aba37354de498625b (25/336)...
2025-10-30 11:41:38,618 - BlankSpaceAnalyzer - INFO - -> Analyzing version 0.0.0-snapshot-c0ae728e57df2c572ea803e1bb7121088cd67b49 (26/336)...
2025-10-30 11:41:38,737 - BlankSpaceAnalyzer - INFO - -> Analyzing version 0.0.0-snapshot-cd2ce058b07b2826dfb058edc32bc4ab50f27f76 (27/336)...
2025-10-30 11:41:38,862 - BlankSpaceAnalyzer - INFO - -> Analyzing version 0.0.0-snapshot-d173a21c87b057e0151a0df4c89e7b7420ff7a99 (28/336)...
2025-10-30 11:41:38,990 - BlankSpaceAnalyzer - INFO - -> Analyzing version 0.0.0-snapshot-d23809d45f1f3b0a46e468fef45a6a6a83e3c0fb (29/336)...
2025-10-30 11:41:39,104 - BlankSpaceAnalyzer - INFO - -> Analyzing version 0.0.0-snapshot-d33d8b050b8e3c87dcde9587083e6c1cf733f72b (30/336)...
2025-10-30 11:41:39,226 - BlankSpaceAnalyzer - INFO - -> Analyzing version 0.0.0-snapshot-e0f0eba005ab024d629f3728d81590db23057c74 (31/336)...
2025-10-30 11:41:39,342 - BlankSpaceAnalyzer - INFO - -> Analyzing version 0.0.0-snapshot-e1ebaaa379fd8da009fc70115350394e6295b9d4 (32/336)...
2025-10-30 11:41:39,460 - BlankSpaceAnalyzer - INFO - -> Analyzing version 0.0.0-snapshot-fcdba24de686805e60dc4b9fbccd460054faf46d (33/336)...
2025-10-30 11:41:39,588 - BlankSpaceAnalyzer - INFO - -> Analyzing version 2.0.0 (34/336)...
2025-10-30 11:41:39,704 - BlankSpaceAnalyzer - INFO - -> Analyzing version 2.0.0-next.1 (35/336)...
2025-10-30 11:41:39,798 - BlankSpaceAnalyzer - INFO - -> Analyzing version 2.0.0-next.10 (36/336)...
2025-10-30 11:41:39,888 - BlankSpaceAnalyzer - INFO - -> Analyzing version 2.0.0-next.11 (37/336)...
2025-10-30 11:41:39,981 - BlankSpaceAnalyzer - INFO - -> Analyzing version 2.0.0-next.12 (38/336)...
2025-10-30 11:41:40,081 - BlankSpaceAnalyzer - INFO - -> Analyzing version 2.0.0-next.13 (39/336)...
2025-10-30 11:41:40,180 - BlankSpaceAnalyzer - INFO - -> Analyzing version 2.0.0-next.14 (40/336)...
2025-10-30 11:41:40,280 - BlankSpaceAnalyzer - INFO - -> Analyzing version 2.0.0-next.15 (41/336)...
2025-10-30 11:41:40,373 - BlankSpaceAnalyzer - INFO - -> Analyzing version 2.0.0-next.16 (42/336)...
2025-10-30 11:41:40,480 - BlankSpaceAnalyzer - INFO - -> Analyzing version 2.0.0-next.17 (43/336)...
2025-10-30 11:41:40,573 - BlankSpaceAnalyzer - INFO - -> Analyzing version 2.0.0-next.18 (44/336)...
2025-10-30 11:41:40,675 - BlankSpaceAnalyzer - INFO - -> Analyzing version 2.0.0-next.19 (45/336)...
2025-10-30 11:41:40,789 - BlankSpaceAnalyzer - INFO - -> Analyzing version 2.0.0-next.2 (46/336)...
2025-10-30 11:41:40,900 - BlankSpaceAnalyzer - INFO - -> Analyzing version 2.0.0-next.20 (47/336)...
2025-10-30 11:41:41,015 - BlankSpaceAnalyzer - INFO - -> Analyzing version 2.0.0-next.21 (48/336)...
2025-10-30 11:41:41,133 - BlankSpaceAnalyzer - INFO - -> Analyzing version 2.0.0-next.22 (49/336)...
2025-10-30 11:41:41,238 - BlankSpaceAnalyzer - INFO - -> Analyzing version 2.0.0-next.23 (50/336)...
2025-10-30 11:41:41,350 - BlankSpaceAnalyzer - INFO - -> Analyzing version 2.0.0-next.24 (51/336)...
2025-10-30 11:41:41,463 - BlankSpaceAnalyzer - INFO - -> Analyzing version 2.0.0-next.25 (52/336)...
2025-10-30 11:41:41,568 - BlankSpaceAnalyzer - INFO - -> Analyzing version 2.0.0-next.26 (53/336)...
2025-10-30 11:41:41,671 - BlankSpaceAnalyzer - INFO - -> Analyzing version 2.0.0-next.27 (54/336)...
2025-10-30 11:41:41,766 - BlankSpaceAnalyzer - INFO - -> Analyzing version 2.0.0-next.28 (55/336)...
2025-10-30 11:41:41,869 - BlankSpaceAnalyzer - INFO - -> Analyzing version 2.0.0-next.29 (56/336)...
2025-10-30 11:41:41,964 - BlankSpaceAnalyzer - INFO - -> Analyzing version 2.0.0-next.3 (57/336)...
2025-10-30 11:41:42,062 - BlankSpaceAnalyzer - INFO - -> Analyzing version 2.0.0-next.30 (58/336)...
2025-10-30 11:41:42,166 - BlankSpaceAnalyzer - INFO - -> Analyzing version 2.0.0-next.31 (59/336)...
2025-10-30 11:41:42,261 - BlankSpaceAnalyzer - INFO - -> Analyzing version 2.0.0-next.32 (60/336)...
2025-10-30 11:41:42,364 - BlankSpaceAnalyzer - INFO - -> Analyzing version 2.0.0-next.33 (61/336)...
2025-10-30 11:41:42,459 - BlankSpaceAnalyzer - INFO - -> Analyzing version 2.0.0-next.34 (62/336)...
2025-10-30 11:41:42,555 - BlankSpaceAnalyzer - INFO - -> Analyzing version 2.0.0-next.35 (63/336)...
2025-10-30 11:41:42,657 - BlankSpaceAnalyzer - INFO - -> Analyzing version 2.0.0-next.36 (64/336)...
2025-10-30 11:41:42,751 - BlankSpaceAnalyzer - INFO - -> Analyzing version 2.0.0-next.37 (65/336)...
2025-10-30 11:41:42,878 - BlankSpaceAnalyzer - INFO - -> Analyzing version 2.0.0-next.38 (66/336)...
2025-10-30 11:41:43,002 - BlankSpaceAnalyzer - INFO - -> Analyzing version 2.0.0-next.39 (67/336)...
2025-10-30 11:41:43,135 - BlankSpaceAnalyzer - INFO - -> Analyzing version 2.0.0-next.4 (68/336)...
2025-10-30 11:41:43,232 - BlankSpaceAnalyzer - INFO - -> Analyzing version 2.0.0-next.40 (69/336)...
2025-10-30 11:41:43,361 - BlankSpaceAnalyzer - INFO - -> Analyzing version 2.0.0-next.41 (70/336)...
2025-10-30 11:41:43,489 - BlankSpaceAnalyzer - INFO - -> Analyzing version 2.0.0-next.42 (71/336)...
2025-10-30 11:41:43,613 - BlankSpaceAnalyzer - INFO - -> Analyzing version 2.0.0-next.43 (72/336)...
2025-10-30 11:41:43,744 - BlankSpaceAnalyzer - INFO - -> Analyzing version 2.0.0-next.44 (73/336)...
2025-10-30 11:41:43,877 - BlankSpaceAnalyzer - INFO - -> Analyzing version 2.0.0-next.45 (74/336)...
2025-10-30 11:41:43,997 - BlankSpaceAnalyzer - INFO - -> Analyzing version 2.0.0-next.46 (75/336)...
2025-10-30 11:41:44,122 - BlankSpaceAnalyzer - INFO - -> Analyzing version 2.0.0-next.47 (76/336)...
2025-10-30 11:41:44,252 - BlankSpaceAnalyzer - INFO - -> Analyzing version 2.0.0-next.48 (77/336)...
2025-10-30 11:41:44,381 - BlankSpaceAnalyzer - INFO - -> Analyzing version 2.0.0-next.49 (78/336)...
2025-10-30 11:41:44,509 - BlankSpaceAnalyzer - INFO - -> Analyzing version 2.0.0-next.5 (79/336)...
2025-10-30 11:41:44,601 - BlankSpaceAnalyzer - INFO - -> Analyzing version 2.0.0-next.50 (80/336)...
2025-10-30 11:41:44,731 - BlankSpaceAnalyzer - INFO - -> Analyzing version 2.0.0-next.51 (81/336)...
2025-10-30 11:41:44,850 - BlankSpaceAnalyzer - INFO - -> Analyzing version 2.0.0-next.52 (82/336)...
2025-10-30 11:41:44,973 - BlankSpaceAnalyzer - INFO - -> Analyzing version 2.0.0-next.53 (83/336)...
2025-10-30 11:41:45,099 - BlankSpaceAnalyzer - INFO - -> Analyzing version 2.0.0-next.54 (84/336)...
2025-10-30 11:41:45,225 - BlankSpaceAnalyzer - INFO - -> Analyzing version 2.0.0-next.55 (85/336)...
2025-10-30 11:41:45,337 - BlankSpaceAnalyzer - INFO - -> Analyzing version 2.0.0-next.56 (86/336)...
2025-10-30 11:41:45,447 - BlankSpaceAnalyzer - INFO - -> Analyzing version 2.0.0-next.57 (87/336)...
2025-10-30 11:41:45,563 - BlankSpaceAnalyzer - INFO - -> Analyzing version 2.0.0-next.58 (88/336)...
2025-10-30 11:41:45,673 - BlankSpaceAnalyzer - INFO - -> Analyzing version 2.0.0-next.59 (89/336)...
2025-10-30 11:41:45,785 - BlankSpaceAnalyzer - INFO - -> Analyzing version 2.0.0-next.6 (90/336)...
2025-10-30 11:41:45,875 - BlankSpaceAnalyzer - INFO - -> Analyzing version 2.0.0-next.60 (91/336)...
2025-10-30 11:41:45,998 - BlankSpaceAnalyzer - INFO - -> Analyzing version 2.0.0-next.61 (92/336)...
2025-10-30 11:41:46,114 - BlankSpaceAnalyzer - INFO - -> Analyzing version 2.0.0-next.62 (93/336)...
2025-10-30 11:41:46,232 - BlankSpaceAnalyzer - INFO - -> Analyzing version 2.0.0-next.7 (94/336)...
2025-10-30 11:41:46,328 - BlankSpaceAnalyzer - INFO - -> Analyzing version 2.0.0-next.8 (95/336)...
2025-10-30 11:41:46,428 - BlankSpaceAnalyzer - INFO - -> Analyzing version 2.0.0-next.9 (96/336)...
2025-10-30 11:41:46,529 - BlankSpaceAnalyzer - INFO - -> Analyzing version 2.0.1 (97/336)...
2025-10-30 11:41:46,659 - BlankSpaceAnalyzer - INFO - -> Analyzing version 2.0.2 (98/336)...
2025-10-30 11:41:46,788 - BlankSpaceAnalyzer - INFO - -> Analyzing version 2.0.3 (99/336)...
2025-10-30 11:41:46,917 - BlankSpaceAnalyzer - INFO - -> Analyzing version 2.0.4 (100/336)...
2025-10-30 11:41:47,045 - BlankSpaceAnalyzer - INFO - -> Analyzing version 2.0.5 (101/336)...
2025-10-30 11:41:47,171 - BlankSpaceAnalyzer - INFO - -> Analyzing version 2.1.0 (102/336)...
2025-10-30 11:41:47,290 - BlankSpaceAnalyzer - INFO - -> Analyzing version 2.1.1 (103/336)...
2025-10-30 11:41:47,465 - BlankSpaceAnalyzer - INFO - -> Analyzing version 2.1.2 (104/336)...
2025-10-30 11:41:47,592 - BlankSpaceAnalyzer - INFO - -> Analyzing version 2.2.0 (105/336)...
2025-10-30 11:41:47,713 - BlankSpaceAnalyzer - INFO - -> Analyzing version 2.2.1 (106/336)...
2025-10-30 11:41:47,840 - BlankSpaceAnalyzer - INFO - -> Analyzing version 2.2.2 (107/336)...
2025-10-30 11:41:47,958 - BlankSpaceAnalyzer - INFO - -> Analyzing version 2.2.3 (108/336)...
2025-10-30 11:41:48,081 - BlankSpaceAnalyzer - INFO - -> Analyzing version 2.2.4 (109/336)...
2025-10-30 11:41:48,197 - BlankSpaceAnalyzer - INFO - -> Analyzing version 2.2.5 (110/336)...
2025-10-30 11:41:48,314 - BlankSpaceAnalyzer - INFO - -> Analyzing version 2.3.0 (111/336)...
2025-10-30 11:41:48,437 - BlankSpaceAnalyzer - INFO - -> Analyzing version 2.3.1 (112/336)...
2025-10-30 11:41:48,557 - BlankSpaceAnalyzer - INFO - -> Analyzing version 2.3.2 (113/336)...
2025-10-30 11:41:48,681 - BlankSpaceAnalyzer - INFO - -> Analyzing version 2.3.3 (114/336)...
2025-10-30 11:41:48,802 - BlankSpaceAnalyzer - INFO - -> Analyzing version 2.3.4 (115/336)...
2025-10-30 11:41:48,917 - BlankSpaceAnalyzer - INFO - -> Analyzing version 2.3.5 (116/336)...
2025-10-30 11:41:49,037 - BlankSpaceAnalyzer - INFO - -> Analyzing version 2.3.6 (117/336)...
2025-10-30 11:41:49,155 - BlankSpaceAnalyzer - INFO - -> Analyzing version 2.3.7 (118/336)...
2025-10-30 11:41:49,281 - BlankSpaceAnalyzer - INFO - -> Analyzing version 2.3.8 (119/336)...
2025-10-30 11:41:49,397 - BlankSpaceAnalyzer - INFO - -> Analyzing version 2.4.0 (120/336)...
2025-10-30 11:41:49,508 - BlankSpaceAnalyzer - INFO - -> Analyzing version 2.4.1 (121/336)...
2025-10-30 11:41:49,627 - BlankSpaceAnalyzer - INFO - -> Analyzing version 2.4.10 (122/336)...
2025-10-30 11:41:49,750 - BlankSpaceAnalyzer - INFO - -> Analyzing version 2.4.11 (123/336)...
2025-10-30 11:41:49,869 - BlankSpaceAnalyzer - INFO - -> Analyzing version 2.4.12 (124/336)...
2025-10-30 11:41:49,991 - BlankSpaceAnalyzer - INFO - -> Analyzing version 2.4.13 (125/336)...
2025-10-30 11:41:50,109 - BlankSpaceAnalyzer - INFO - -> Analyzing version 2.4.14 (126/336)...
2025-10-30 11:41:50,227 - BlankSpaceAnalyzer - INFO - -> Analyzing version 2.4.15 (127/336)...
2025-10-30 11:41:50,345 - BlankSpaceAnalyzer - INFO - -> Analyzing version 2.4.16 (128/336)...
2025-10-30 11:41:50,467 - BlankSpaceAnalyzer - INFO - -> Analyzing version 2.4.17 (129/336)...
2025-10-30 11:41:50,592 - BlankSpaceAnalyzer - INFO - -> Analyzing version 2.4.18 (130/336)...
2025-10-30 11:41:50,708 - BlankSpaceAnalyzer - INFO - -> Analyzing version 2.4.19 (131/336)...
2025-10-30 11:41:50,830 - BlankSpaceAnalyzer - INFO - -> Analyzing version 2.4.2 (132/336)...
2025-10-30 11:41:50,953 - BlankSpaceAnalyzer - INFO - -> Analyzing version 2.4.3 (133/336)...
2025-10-30 11:41:51,071 - BlankSpaceAnalyzer - INFO - -> Analyzing version 2.4.4 (134/336)...
2025-10-30 11:41:51,196 - BlankSpaceAnalyzer - INFO - -> Analyzing version 2.4.5 (135/336)...
2025-10-30 11:41:51,311 - BlankSpaceAnalyzer - INFO - -> Analyzing version 2.4.6 (136/336)...
2025-10-30 11:41:51,433 - BlankSpaceAnalyzer - INFO - -> Analyzing version 2.4.7 (137/336)...
2025-10-30 11:41:51,549 - BlankSpaceAnalyzer - INFO - -> Analyzing version 2.4.8 (138/336)...
2025-10-30 11:41:51,676 - BlankSpaceAnalyzer - INFO - -> Analyzing version 2.4.9 (139/336)...
2025-10-30 11:41:51,795 - BlankSpaceAnalyzer - INFO - -> Analyzing version 3.0.0 (140/336)...
2025-10-30 11:41:51,917 - BlankSpaceAnalyzer - INFO - -> Analyzing version 3.0.1 (141/336)...
2025-10-30 11:41:52,038 - BlankSpaceAnalyzer - INFO - -> Analyzing version 3.0.2 (142/336)...
2025-10-30 11:41:52,162 - BlankSpaceAnalyzer - INFO - -> Analyzing version 3.0.3 (143/336)...
2025-10-30 11:41:52,287 - BlankSpaceAnalyzer - INFO - -> Analyzing version 3.0.4 (144/336)...
2025-10-30 11:41:52,402 - BlankSpaceAnalyzer - INFO - -> Analyzing version 3.0.5 (145/336)...
2025-10-30 11:41:52,530 - BlankSpaceAnalyzer - INFO - -> Analyzing version 3.0.6 (146/336)...
2025-10-30 11:41:52,659 - BlankSpaceAnalyzer - INFO - -> Analyzing version 3.0.7 (147/336)...
2025-10-30 11:41:52,787 - BlankSpaceAnalyzer - INFO - -> Analyzing version 3.0.8 (148/336)...
2025-10-30 11:41:52,911 - BlankSpaceAnalyzer - INFO - -> Analyzing version 3.1.0 (149/336)...
2025-10-30 11:41:53,038 - BlankSpaceAnalyzer - INFO - -> Analyzing version 3.1.1 (150/336)...
2025-10-30 11:41:53,160 - BlankSpaceAnalyzer - INFO - -> Analyzing version 3.1.2 (151/336)...
2025-10-30 11:41:53,291 - BlankSpaceAnalyzer - INFO - -> Analyzing version 3.1.3 (152/336)...
2025-10-30 11:41:53,418 - BlankSpaceAnalyzer - INFO - -> Analyzing version 3.1.4 (153/336)...
2025-10-30 11:41:53,539 - BlankSpaceAnalyzer - INFO - -> Analyzing version 3.1.5 (154/336)...
2025-10-30 11:41:53,664 - BlankSpaceAnalyzer - INFO - -> Analyzing version 3.1.6 (155/336)...
2025-10-30 11:41:53,796 - BlankSpaceAnalyzer - INFO - -> Analyzing version 3.10.0 (156/336)...
2025-10-30 11:41:53,928 - BlankSpaceAnalyzer - INFO - -> Analyzing version 3.10.1 (157/336)...
2025-10-30 11:41:54,056 - BlankSpaceAnalyzer - INFO - -> Analyzing version 3.10.10 (158/336)...
2025-10-30 11:41:54,184 - BlankSpaceAnalyzer - INFO - -> Analyzing version 3.10.11 (159/336)...
2025-10-30 11:41:54,314 - BlankSpaceAnalyzer - INFO - -> Analyzing version 3.10.12 (160/336)...
2025-10-30 11:41:54,445 - BlankSpaceAnalyzer - INFO - -> Analyzing version 3.10.13 (161/336)...
2025-10-30 11:41:54,575 - BlankSpaceAnalyzer - INFO - -> Analyzing version 3.10.14 (162/336)...
2025-10-30 11:41:54,708 - BlankSpaceAnalyzer - INFO - -> Analyzing version 3.10.15 (163/336)...
2025-10-30 11:41:54,839 - BlankSpaceAnalyzer - INFO - -> Analyzing version 3.10.16 (164/336)...
2025-10-30 11:41:54,969 - BlankSpaceAnalyzer - INFO - -> Analyzing version 3.10.17 (165/336)...
2025-10-30 11:41:55,098 - BlankSpaceAnalyzer - INFO - -> Analyzing version 3.10.18 (166/336)...
2025-10-30 11:41:55,228 - BlankSpaceAnalyzer - INFO - -> Analyzing version 3.10.19 (167/336)...
2025-10-30 11:41:55,359 - BlankSpaceAnalyzer - INFO - -> Analyzing version 3.10.2 (168/336)...
2025-10-30 11:41:55,487 - BlankSpaceAnalyzer - INFO - -> Analyzing version 3.10.3 (169/336)...
2025-10-30 11:41:56,089 - BlankSpaceAnalyzer - INFO - -> Analyzing version 3.10.4 (170/336)...
2025-10-30 11:41:56,278 - BlankSpaceAnalyzer - INFO - -> Analyzing version 3.10.5 (171/336)...
2025-10-30 11:41:56,400 - BlankSpaceAnalyzer - INFO - -> Analyzing version 3.10.6 (172/336)...
2025-10-30 11:41:56,526 - BlankSpaceAnalyzer - INFO - -> Analyzing version 3.10.7 (173/336)...
2025-10-30 11:41:56,640 - BlankSpaceAnalyzer - INFO - -> Analyzing version 3.10.8 (174/336)...
2025-10-30 11:41:56,765 - BlankSpaceAnalyzer - INFO - -> Analyzing version 3.10.9 (175/336)...
2025-10-30 11:41:56,879 - BlankSpaceAnalyzer - INFO - -> Analyzing version 3.11.0 (176/336)...
2025-10-30 11:41:56,999 - BlankSpaceAnalyzer - INFO - -> Analyzing version 3.11.1 (177/336)...
2025-10-30 11:41:57,116 - BlankSpaceAnalyzer - INFO - -> Analyzing version 3.11.10 (178/336)...
2025-10-30 11:41:57,236 - BlankSpaceAnalyzer - INFO - -> Analyzing version 3.11.2 (179/336)...
2025-10-30 11:41:57,360 - BlankSpaceAnalyzer - INFO - -> Analyzing version 3.11.3 (180/336)...
2025-10-30 11:41:57,474 - BlankSpaceAnalyzer - INFO - -> Analyzing version 3.11.4 (181/336)...
2025-10-30 11:41:57,591 - BlankSpaceAnalyzer - INFO - -> Analyzing version 3.11.5 (182/336)...
2025-10-30 11:41:57,707 - BlankSpaceAnalyzer - INFO - -> Analyzing version 3.11.6 (183/336)...
2025-10-30 11:41:57,822 - BlankSpaceAnalyzer - INFO - -> Analyzing version 3.11.7 (184/336)...
2025-10-30 11:41:57,946 - BlankSpaceAnalyzer - INFO - -> Analyzing version 3.11.8 (185/336)...
2025-10-30 11:41:58,063 - BlankSpaceAnalyzer - INFO - -> Analyzing version 3.11.9 (186/336)...
2025-10-30 11:41:58,187 - BlankSpaceAnalyzer - INFO - -> Analyzing version 3.12.0 (187/336)...
2025-10-30 11:41:58,305 - BlankSpaceAnalyzer - INFO - -> Analyzing version 3.12.1 (188/336)...
2025-10-30 11:41:58,422 - BlankSpaceAnalyzer - INFO - -> Analyzing version 3.12.10 (189/336)...
2025-10-30 11:41:58,547 - BlankSpaceAnalyzer - INFO - -> Analyzing version 3.12.11 (190/336)...
2025-10-30 11:41:58,665 - BlankSpaceAnalyzer - INFO - -> Analyzing version 3.12.12 (191/336)...
2025-10-30 11:41:58,786 - BlankSpaceAnalyzer - INFO - -> Analyzing version 3.12.2 (192/336)...
2025-10-30 11:41:58,907 - BlankSpaceAnalyzer - INFO - -> Analyzing version 3.12.3 (193/336)...
2025-10-30 11:41:59,027 - BlankSpaceAnalyzer - INFO - -> Analyzing version 3.12.4 (194/336)...
2025-10-30 11:41:59,149 - BlankSpaceAnalyzer - INFO - -> Analyzing version 3.12.5 (195/336)...
2025-10-30 11:41:59,284 - BlankSpaceAnalyzer - INFO - -> Analyzing version 3.12.6 (196/336)...
2025-10-30 11:41:59,402 - BlankSpaceAnalyzer - INFO - -> Analyzing version 3.12.7 (197/336)...
2025-10-30 11:41:59,527 - BlankSpaceAnalyzer - INFO - -> Analyzing version 3.12.8 (198/336)...
2025-10-30 11:41:59,647 - BlankSpaceAnalyzer - INFO - -> Analyzing version 3.12.9 (199/336)...
2025-10-30 11:41:59,765 - BlankSpaceAnalyzer - INFO - -> Analyzing version 3.13.0 (200/336)...
2025-10-30 11:41:59,889 - BlankSpaceAnalyzer - INFO - -> Analyzing version 3.13.1 (201/336)...
2025-10-30 11:42:00,010 - BlankSpaceAnalyzer - INFO - -> Analyzing version 3.13.10 (202/336)...
2025-10-30 11:42:00,129 - BlankSpaceAnalyzer - INFO - -> Analyzing version 3.13.11 (203/336)...
2025-10-30 11:42:00,248 - BlankSpaceAnalyzer - INFO - -> Analyzing version 3.13.12 (204/336)...
2025-10-30 11:42:00,362 - BlankSpaceAnalyzer - INFO - -> Analyzing version 3.13.2 (205/336)...
2025-10-30 11:42:00,481 - BlankSpaceAnalyzer - INFO - -> Analyzing version 3.13.3 (206/336)...
2025-10-30 11:42:00,618 - BlankSpaceAnalyzer - INFO - -> Analyzing version 3.13.4 (207/336)...
2025-10-30 11:42:00,751 - BlankSpaceAnalyzer - INFO - -> Analyzing version 3.13.6 (208/336)...
2025-10-30 11:42:00,871 - BlankSpaceAnalyzer - INFO - -> Analyzing version 3.13.7 (209/336)...
2025-10-30 11:42:00,994 - BlankSpaceAnalyzer - INFO - -> Analyzing version 3.13.8 (210/336)...
2025-10-30 11:42:01,123 - BlankSpaceAnalyzer - INFO - -> Analyzing version 3.13.9 (211/336)...
2025-10-30 11:42:01,260 - BlankSpaceAnalyzer - INFO - -> Analyzing version 3.14.0 (212/336)...
2025-10-30 11:42:01,392 - BlankSpaceAnalyzer - INFO - -> Analyzing version 3.14.1 (213/336)...
2025-10-30 11:42:01,528 - BlankSpaceAnalyzer - INFO - -> Analyzing version 3.14.10 (214/336)...
2025-10-30 11:42:01,662 - BlankSpaceAnalyzer - INFO - -> Analyzing version 3.14.11 (215/336)...
2025-10-30 11:42:01,796 - BlankSpaceAnalyzer - INFO - -> Analyzing version 3.14.12 (216/336)...
2025-10-30 11:42:01,923 - BlankSpaceAnalyzer - INFO - -> Analyzing version 3.14.13 (217/336)...
2025-10-30 11:42:02,058 - BlankSpaceAnalyzer - INFO - -> Analyzing version 3.14.14 (218/336)...
2025-10-30 11:42:02,179 - BlankSpaceAnalyzer - INFO - -> Analyzing version 3.14.15 (219/336)...
2025-10-30 11:42:02,302 - BlankSpaceAnalyzer - INFO - -> Analyzing version 3.14.16 (220/336)...
2025-10-30 11:42:02,431 - BlankSpaceAnalyzer - INFO - -> Analyzing version 3.14.17 (221/336)...
2025-10-30 11:42:02,551 - BlankSpaceAnalyzer - INFO - -> Analyzing version 3.14.18 (222/336)...
2025-10-30 11:42:02,674 - BlankSpaceAnalyzer - INFO - -> Analyzing version 3.14.19 (223/336)...
2025-10-30 11:42:02,794 - BlankSpaceAnalyzer - INFO - -> Analyzing version 3.14.2 (224/336)...
2025-10-30 11:42:02,913 - BlankSpaceAnalyzer - INFO - -> Analyzing version 3.14.20 (225/336)...
2025-10-30 11:42:03,042 - BlankSpaceAnalyzer - INFO - -> Analyzing version 3.14.21 (226/336)...
2025-10-30 11:42:03,165 - BlankSpaceAnalyzer - INFO - -> Analyzing version 3.14.22 (227/336)...
2025-10-30 11:42:03,286 - BlankSpaceAnalyzer - INFO - -> Analyzing version 3.14.3 (228/336)...
2025-10-30 11:42:03,405 - BlankSpaceAnalyzer - INFO - -> Analyzing version 3.14.4 (229/336)...
2025-10-30 11:42:03,525 - BlankSpaceAnalyzer - INFO - -> Analyzing version 3.14.5 (230/336)...
2025-10-30 11:42:03,650 - BlankSpaceAnalyzer - INFO - -> Analyzing version 3.14.6 (231/336)...
2025-10-30 11:42:03,782 - BlankSpaceAnalyzer - INFO - -> Analyzing version 3.14.7 (232/336)...
2025-10-30 11:42:03,904 - BlankSpaceAnalyzer - INFO - -> Analyzing version 3.14.8 (233/336)...
2025-10-30 11:42:04,022 - BlankSpaceAnalyzer - INFO - -> Analyzing version 3.14.9 (234/336)...
2025-10-30 11:42:04,151 - BlankSpaceAnalyzer - INFO - -> Analyzing version 3.15.0 (235/336)...
2025-10-30 11:42:04,271 - BlankSpaceAnalyzer - INFO - -> Analyzing version 3.15.1 (236/336)...
2025-10-30 11:42:04,503 - BlankSpaceAnalyzer - INFO - -> Analyzing version 3.15.2 (237/336)...
2025-10-30 11:42:04,631 - BlankSpaceAnalyzer - INFO - -> Analyzing version 3.15.3 (238/336)...
2025-10-30 11:42:04,752 - BlankSpaceAnalyzer - INFO - -> Analyzing version 3.15.4 (239/336)...
2025-10-30 11:42:04,869 - BlankSpaceAnalyzer - INFO - -> Analyzing version 3.15.5 (240/336)...
2025-10-30 11:42:04,995 - BlankSpaceAnalyzer - INFO - -> Analyzing version 3.16.0 (241/336)...
2025-10-30 11:42:05,118 - BlankSpaceAnalyzer - INFO - -> Analyzing version 3.16.1 (242/336)...
2025-10-30 11:42:05,248 - BlankSpaceAnalyzer - INFO - -> Analyzing version 3.16.10 (243/336)...
2025-10-30 11:42:05,371 - BlankSpaceAnalyzer - INFO - -> Analyzing version 3.16.11 (244/336)...
2025-10-30 11:42:05,493 - BlankSpaceAnalyzer - INFO - -> Analyzing version 3.16.12 (245/336)...
2025-10-30 11:42:05,616 - BlankSpaceAnalyzer - INFO - -> Analyzing version 3.16.13 (246/336)...
2025-10-30 11:42:05,739 - BlankSpaceAnalyzer - INFO - -> Analyzing version 3.16.14 (247/336)...
2025-10-30 11:42:05,864 - BlankSpaceAnalyzer - INFO - -> Analyzing version 3.16.15 (248/336)...
2025-10-30 11:42:05,986 - BlankSpaceAnalyzer - INFO - -> Analyzing version 3.16.16 (249/336)...
2025-10-30 11:42:06,113 - BlankSpaceAnalyzer - INFO - -> Analyzing version 3.16.17 (250/336)...
2025-10-30 11:42:06,242 - BlankSpaceAnalyzer - INFO - -> Analyzing version 3.16.2 (251/336)...
2025-10-30 11:42:06,365 - BlankSpaceAnalyzer - INFO - -> Analyzing version 3.16.3 (252/336)...
2025-10-30 11:42:06,485 - BlankSpaceAnalyzer - INFO - -> Analyzing version 3.16.4 (253/336)...
2025-10-30 11:42:06,610 - BlankSpaceAnalyzer - INFO - -> Analyzing version 3.16.5 (254/336)...
2025-10-30 11:42:06,733 - BlankSpaceAnalyzer - INFO - -> Analyzing version 3.16.6 (255/336)...
2025-10-30 11:42:06,854 - BlankSpaceAnalyzer - INFO - -> Analyzing version 3.16.7 (256/336)...
2025-10-30 11:42:06,979 - BlankSpaceAnalyzer - INFO - -> Analyzing version 3.16.8 (257/336)...
2025-10-30 11:42:07,111 - BlankSpaceAnalyzer - INFO - -> Analyzing version 3.16.9 (258/336)...
2025-10-30 11:42:07,248 - BlankSpaceAnalyzer - INFO - -> Analyzing version 3.17.0 (259/336)...
2025-10-30 11:42:07,380 - BlankSpaceAnalyzer - INFO - -> Analyzing version 3.17.1 (260/336)...
2025-10-30 11:42:07,514 - BlankSpaceAnalyzer - INFO - -> Analyzing version 3.17.10 (261/336)...
2025-10-30 11:42:07,650 - BlankSpaceAnalyzer - INFO - -> Analyzing version 3.17.11 (262/336)...
2025-10-30 11:42:07,779 - BlankSpaceAnalyzer - INFO - -> Analyzing version 3.17.12 (263/336)...
2025-10-30 11:42:07,918 - BlankSpaceAnalyzer - INFO - -> Analyzing version 3.17.13 (264/336)...
2025-10-30 11:42:08,055 - BlankSpaceAnalyzer - INFO - -> Analyzing version 3.17.14 (265/336)...
2025-10-30 11:42:08,183 - BlankSpaceAnalyzer - INFO - -> Analyzing version 3.17.2 (266/336)...
2025-10-30 11:42:08,320 - BlankSpaceAnalyzer - INFO - -> Analyzing version 3.17.3 (267/336)...
2025-10-30 11:42:08,453 - BlankSpaceAnalyzer - INFO - -> Analyzing version 3.17.4 (268/336)...
2025-10-30 11:42:08,587 - BlankSpaceAnalyzer - INFO - -> Analyzing version 3.17.5 (269/336)...
2025-10-30 11:42:08,722 - BlankSpaceAnalyzer - INFO - -> Analyzing version 3.17.6 (270/336)...
2025-10-30 11:42:08,858 - BlankSpaceAnalyzer - INFO - -> Analyzing version 3.17.7 (271/336)...
2025-10-30 11:42:08,986 - BlankSpaceAnalyzer - INFO - -> Analyzing version 3.17.8 (272/336)...
2025-10-30 11:42:09,112 - BlankSpaceAnalyzer - INFO - -> Analyzing version 3.17.9 (273/336)...
2025-10-30 11:42:09,240 - BlankSpaceAnalyzer - INFO - -> Analyzing version 3.18.0 (274/336)...
2025-10-30 11:42:09,372 - BlankSpaceAnalyzer - INFO - -> Analyzing version 3.18.1 (275/336)...
2025-10-30 11:42:09,499 - BlankSpaceAnalyzer - INFO - -> Analyzing version 3.18.2 (276/336)...
2025-10-30 11:42:09,627 - BlankSpaceAnalyzer - INFO - -> Analyzing version 3.18.3 (277/336)...
2025-10-30 11:42:09,761 - BlankSpaceAnalyzer - INFO - -> Analyzing version 3.18.4 (278/336)...
2025-10-30 11:42:09,888 - BlankSpaceAnalyzer - INFO - -> Analyzing version 3.2.0 (279/336)...
2025-10-30 11:42:10,017 - BlankSpaceAnalyzer - INFO - -> Analyzing version 3.2.1 (280/336)...
2025-10-30 11:42:10,139 - BlankSpaceAnalyzer - INFO - -> Analyzing version 3.2.2 (281/336)...
2025-10-30 11:42:10,269 - BlankSpaceAnalyzer - INFO - -> Analyzing version 3.2.3 (282/336)...
2025-10-30 11:42:10,400 - BlankSpaceAnalyzer - INFO - -> Analyzing version 3.2.4 (283/336)...
2025-10-30 11:42:10,689 - BlankSpaceAnalyzer - INFO - -> Analyzing version 3.2.5 (284/336)...
2025-10-30 11:42:10,814 - BlankSpaceAnalyzer - INFO - -> Analyzing version 3.2.6 (285/336)...
2025-10-30 11:42:10,944 - BlankSpaceAnalyzer - INFO - -> Analyzing version 3.2.7 (286/336)...
2025-10-30 11:42:11,070 - BlankSpaceAnalyzer - INFO - -> Analyzing version 3.2.8 (287/336)...
2025-10-30 11:42:11,191 - BlankSpaceAnalyzer - INFO - -> Analyzing version 3.2.9 (288/336)...
2025-10-30 11:42:11,316 - BlankSpaceAnalyzer - INFO - -> Analyzing version 3.3.0 (289/336)...
2025-10-30 11:42:11,447 - BlankSpaceAnalyzer - INFO - -> Analyzing version 3.3.1 (290/336)...
2025-10-30 11:42:11,581 - BlankSpaceAnalyzer - INFO - -> Analyzing version 3.3.2 (291/336)...
2025-10-30 11:42:11,711 - BlankSpaceAnalyzer - INFO - -> Analyzing version 3.3.3 (292/336)...
2025-10-30 11:42:11,847 - BlankSpaceAnalyzer - INFO - -> Analyzing version 3.3.4 (293/336)...
2025-10-30 11:42:11,980 - BlankSpaceAnalyzer - INFO - -> Analyzing version 3.3.5 (294/336)...
2025-10-30 11:42:12,104 - BlankSpaceAnalyzer - INFO - -> Analyzing version 3.4.0 (295/336)...
2025-10-30 11:42:12,225 - BlankSpaceAnalyzer - INFO - -> Analyzing version 3.4.1 (296/336)...
2025-10-30 11:42:12,348 - BlankSpaceAnalyzer - INFO - -> Analyzing version 3.4.2 (297/336)...
2025-10-30 11:42:12,472 - BlankSpaceAnalyzer - INFO - -> Analyzing version 3.4.3 (298/336)...
2025-10-30 11:42:12,594 - BlankSpaceAnalyzer - INFO - -> Analyzing version 3.4.4 (299/336)...
2025-10-30 11:42:12,722 - BlankSpaceAnalyzer - INFO - -> Analyzing version 3.4.5 (300/336)...
2025-10-30 11:42:12,858 - BlankSpaceAnalyzer - INFO - -> Analyzing version 3.4.6 (301/336)...
2025-10-30 11:42:12,981 - BlankSpaceAnalyzer - INFO - -> Analyzing version 3.4.7 (302/336)...
2025-10-30 11:42:13,104 - BlankSpaceAnalyzer - INFO - -> Analyzing version 3.4.8 (303/336)...
2025-10-30 11:42:13,345 - BlankSpaceAnalyzer - INFO - -> Analyzing version 3.4.9 (304/336)...
2025-10-30 11:42:13,467 - BlankSpaceAnalyzer - INFO - -> Analyzing version 3.5.0 (305/336)...
2025-10-30 11:42:13,603 - BlankSpaceAnalyzer - INFO - -> Analyzing version 3.5.1 (306/336)...
2025-10-30 11:42:13,730 - BlankSpaceAnalyzer - INFO - -> Analyzing version 3.5.2 (307/336)...
2025-10-30 11:42:13,858 - BlankSpaceAnalyzer - INFO - -> Analyzing version 3.5.3 (308/336)...
2025-10-30 11:42:13,981 - BlankSpaceAnalyzer - INFO - -> Analyzing version 3.5.4 (309/336)...
2025-10-30 11:42:14,111 - BlankSpaceAnalyzer - INFO - -> Analyzing version 3.5.5 (310/336)...
2025-10-30 11:42:14,245 - BlankSpaceAnalyzer - INFO - -> Analyzing version 3.5.6 (311/336)...
2025-10-30 11:42:14,383 - BlankSpaceAnalyzer - INFO - -> Analyzing version 3.5.7 (312/336)...
2025-10-30 11:42:14,508 - BlankSpaceAnalyzer - INFO - -> Analyzing version 3.5.8 (313/336)...
2025-10-30 11:42:14,634 - BlankSpaceAnalyzer - INFO - -> Analyzing version 3.5.9 (314/336)...
2025-10-30 11:42:14,756 - BlankSpaceAnalyzer - INFO - -> Analyzing version 3.6.0 (315/336)...
2025-10-30 11:42:14,877 - BlankSpaceAnalyzer - INFO - -> Analyzing version 3.6.1 (316/336)...
2025-10-30 11:42:15,013 - BlankSpaceAnalyzer - INFO - -> Analyzing version 3.6.2 (317/336)...
2025-10-30 11:42:15,148 - BlankSpaceAnalyzer - INFO - -> Analyzing version 3.6.3 (318/336)...
2025-10-30 11:42:15,288 - BlankSpaceAnalyzer - INFO - -> Analyzing version 3.6.4 (319/336)...
2025-10-30 11:42:15,419 - BlankSpaceAnalyzer - INFO - -> Analyzing version 3.6.5 (320/336)...
2025-10-30 11:42:15,551 - BlankSpaceAnalyzer - INFO - -> Analyzing version 3.6.6 (321/336)...
2025-10-30 11:42:15,683 - BlankSpaceAnalyzer - INFO - -> Analyzing version 3.6.7 (322/336)...
2025-10-30 11:42:15,807 - BlankSpaceAnalyzer - INFO - -> Analyzing version 3.6.8 (323/336)...
2025-10-30 11:42:15,936 - BlankSpaceAnalyzer - INFO - -> Analyzing version 3.7.0 (324/336)...
2025-10-30 11:42:16,062 - BlankSpaceAnalyzer - INFO - -> Analyzing version 3.7.1 (325/336)...
2025-10-30 11:42:16,200 - BlankSpaceAnalyzer - INFO - -> Analyzing version 3.7.2 (326/336)...
2025-10-30 11:42:16,327 - BlankSpaceAnalyzer - INFO - -> Analyzing version 3.7.3 (327/336)...
2025-10-30 11:42:16,457 - BlankSpaceAnalyzer - INFO - -> Analyzing version 3.8.0 (328/336)...
2025-10-30 11:42:16,592 - BlankSpaceAnalyzer - INFO - -> Analyzing version 3.8.1 (329/336)...
2025-10-30 11:42:16,721 - BlankSpaceAnalyzer - INFO - -> Analyzing version 3.8.2 (330/336)...
2025-10-30 11:42:16,851 - BlankSpaceAnalyzer - INFO - -> Analyzing version 3.8.3 (331/336)...
2025-10-30 11:42:16,978 - BlankSpaceAnalyzer - INFO - -> Analyzing version 3.8.4 (332/336)...
2025-10-30 11:42:17,105 - BlankSpaceAnalyzer - INFO - -> Analyzing version 3.8.5 (333/336)...
2025-10-30 11:42:17,235 - BlankSpaceAnalyzer - INFO - -> Analyzing version 3.9.0 (334/336)...
2025-10-30 11:42:17,357 - BlankSpaceAnalyzer - INFO - -> Analyzing version 3.9.1 (335/336)...
2025-10-30 11:42:17,485 - BlankSpaceAnalyzer - INFO - -> Analyzing version 3.9.2 (336/336)...
2025-10-30 11:42:17,613 - BlankSpaceAnalyzer - INFO - Exporting results for 'effect' to CSV...
2025-10-30 11:42:20,563 - BlankSpaceAnalyzer - INFO - Reports saved in: /app/npm_results/effect
2025-10-30 11:42:20,574 - NPM_Analyzer - INFO - Cleaning temporary folder 'temp/effect'...
2025-10-30 11:42:34,722 - NPM_Analyzer - INFO - Cleanup completed.
