2025-11-07 00:16:07,993 - NPM_Analyzer - INFO - Fetching metadata for '@types/prismjs'...
2025-11-07 00:16:08,125 - NPM_Analyzer - INFO - Found 34 versions. Starting download into 'temp/@types_prismjs'...
2025-11-07 00:16:52,210 - BlankSpaceAnalyzer - INFO - Analyzing 34 versions for '*.js' in '@types_prismjs'.
2025-11-07 00:16:52,210 - BlankSpaceAnalyzer - INFO - -> Analyzing version 1.16.0 (1/34)...
2025-11-07 00:16:52,211 - BlankSpaceAnalyzer - INFO - -> Analyzing version 1.16.1 (2/34)...
2025-11-07 00:16:52,212 - BlankSpaceAnalyzer - INFO - -> Analyzing version 1.16.2 (3/34)...
2025-11-07 00:16:52,212 - BlankSpaceAnalyzer - INFO - -> Analyzing version 1.16.3 (4/34)...
2025-11-07 00:16:52,213 - BlankSpaceAnalyzer - INFO - -> Analyzing version 1.16.4 (5/34)...
2025-11-07 00:16:52,214 - BlankSpaceAnalyzer - INFO - -> Analyzing version 1.16.5 (6/34)...
2025-11-07 00:16:52,214 - BlankSpaceAnalyzer - INFO - -> Analyzing version 1.16.6 (7/34)...
2025-11-07 00:16:52,215 - BlankSpaceAnalyzer - INFO - -> Analyzing version 1.16.7 (8/34)...
2025-11-07 00:16:52,216 - BlankSpaceAnalyzer - INFO - -> Analyzing version 1.16.8 (9/34)...
2025-11-07 00:16:52,216 - BlankSpaceAnalyzer - INFO - -> Analyzing version 1.26.0 (10/34)...
2025-11-07 00:16:52,217 - BlankSpaceAnalyzer - INFO - -> Analyzing version 1.26.1 (11/34)...
2025-11-07 00:16:52,218 - BlankSpaceAnalyzer - INFO - -> Analyzing version 1.26.2 (12/34)...
2025-11-07 00:16:52,219 - BlankSpaceAnalyzer - INFO - -> Analyzing version 1.26.3 (13/34)...
2025-11-07 00:16:52,219 - BlankSpaceAnalyzer - INFO - -> Analyzing version 1.26.4 (14/34)...
2025-11-07 00:16:52,220 - BlankSpaceAnalyzer - INFO - -> Analyzing version 1.26.5 (15/34)...
2025-11-07 00:16:52,221 - BlankSpaceAnalyzer - INFO - -> Analyzing version 1.4.10-alpha (16/34)...
2025-11-07 00:16:52,221 - BlankSpaceAnalyzer - INFO - -> Analyzing version 1.4.11-alpha (17/34)...
2025-11-07 00:16:52,222 - BlankSpaceAnalyzer - INFO - -> Analyzing version 1.4.12-alpha (18/34)...
2025-11-07 00:16:52,222 - BlankSpaceAnalyzer - INFO - -> Analyzing version 1.4.13-alpha (19/34)...
2025-11-07 00:16:52,223 - BlankSpaceAnalyzer - INFO - -> Analyzing version 1.4.14-alpha (20/34)...
2025-11-07 00:16:52,223 - BlankSpaceAnalyzer - INFO - -> Analyzing version 1.4.15-alpha (21/34)...
2025-11-07 00:16:52,224 - BlankSpaceAnalyzer - INFO - -> Analyzing version 1.4.16-alpha (22/34)...
2025-11-07 00:16:52,225 - BlankSpaceAnalyzer - INFO - -> Analyzing version 1.4.17 (23/34)...
2025-11-07 00:16:52,225 - BlankSpaceAnalyzer - INFO - -> Analyzing version 1.4.18 (24/34)...
2025-11-07 00:16:52,226 - BlankSpaceAnalyzer - INFO - -> Analyzing version 1.4.4-alpha (25/34)...
2025-11-07 00:16:52,226 - BlankSpaceAnalyzer - INFO - -> Analyzing version 1.4.5-alpha (26/34)...
2025-11-07 00:16:52,227 - BlankSpaceAnalyzer - INFO - -> Analyzing version 1.6.0 (27/34)...
2025-11-07 00:16:52,227 - BlankSpaceAnalyzer - INFO - -> Analyzing version 1.6.1 (28/34)...
2025-11-07 00:16:52,228 - BlankSpaceAnalyzer - INFO - -> Analyzing version 1.6.2 (29/34)...
2025-11-07 00:16:52,228 - BlankSpaceAnalyzer - INFO - -> Analyzing version 1.6.3 (30/34)...
2025-11-07 00:16:52,229 - BlankSpaceAnalyzer - INFO - -> Analyzing version 1.6.4 (31/34)...
2025-11-07 00:16:52,230 - BlankSpaceAnalyzer - INFO - -> Analyzing version 1.6.5 (32/34)...
2025-11-07 00:16:52,230 - BlankSpaceAnalyzer - INFO - -> Analyzing version 1.9.0 (33/34)...
2025-11-07 00:16:52,231 - BlankSpaceAnalyzer - INFO - -> Analyzing version 1.9.1 (34/34)...
2025-11-07 00:16:52,231 - BlankSpaceAnalyzer - INFO - Exporting results for '@types/prismjs' to CSV...
2025-11-07 00:16:52,231 - BlankSpaceAnalyzer - WARNING - No files analyzed. CSV files will be empty.
2025-11-07 00:16:52,232 - NPM_Analyzer - INFO - Cleaning temporary folder 'temp/@types_prismjs'...
2025-11-07 00:16:52,245 - NPM_Analyzer - INFO - Cleanup completed.
