2025-11-03 20:02:10,056 - NPM_Analyzer - INFO - Fetching metadata for 'postcss-focus-within'...
2025-11-03 20:02:10,147 - NPM_Analyzer - INFO - Found 19 versions. Starting download into 'temp/postcss-focus-within'...
2025-11-03 20:02:17,789 - BlankSpaceAnalyzer - INFO - Analyzing 19 versions for '*.js' in 'postcss-focus-within'.
2025-11-03 20:02:17,789 - BlankSpaceAnalyzer - INFO - -> Analyzing version 1.0.0 (1/19)...
2025-11-03 20:02:17,906 - BlankSpaceAnalyzer - INFO - -> Analyzing version 2.0.0 (2/19)...
2025-11-03 20:02:17,995 - BlankSpaceAnalyzer - INFO - -> Analyzing version 3.0.0 (3/19)...
2025-11-03 20:02:17,996 - BlankSpaceAnalyzer - INFO - -> Analyzing version 4.0.0 (4/19)...
2025-11-03 20:02:18,092 - BlankSpaceAnalyzer - INFO - -> Analyzing version 5.0.0 (5/19)...
2025-11-03 20:02:18,093 - BlankSpaceAnalyzer - INFO - -> Analyzing version 5.0.1 (6/19)...
2025-11-03 20:02:18,093 - BlankSpaceAnalyzer - INFO - -> Analyzing version 5.0.2 (7/19)...
2025-11-03 20:02:18,093 - BlankSpaceAnalyzer - INFO - -> Analyzing version 5.0.3 (8/19)...
2025-11-03 20:02:18,093 - BlankSpaceAnalyzer - INFO - -> Analyzing version 5.0.4 (9/19)...
2025-11-03 20:02:18,094 - BlankSpaceAnalyzer - INFO - -> Analyzing version 6.0.0 (10/19)...
2025-11-03 20:02:18,094 - BlankSpaceAnalyzer - INFO - -> Analyzing version 6.1.0 (11/19)...
2025-11-03 20:02:18,094 - BlankSpaceAnalyzer - INFO - -> Analyzing version 6.1.1 (12/19)...
2025-11-03 20:02:18,094 - BlankSpaceAnalyzer - INFO - -> Analyzing version 7.0.0 (13/19)...
2025-11-03 20:02:18,095 - BlankSpaceAnalyzer - INFO - -> Analyzing version 7.0.1 (14/19)...
2025-11-03 20:02:18,095 - BlankSpaceAnalyzer - INFO - -> Analyzing version 7.0.2 (15/19)...
2025-11-03 20:02:18,095 - BlankSpaceAnalyzer - INFO - -> Analyzing version 8.0.0 (16/19)...
2025-11-03 20:02:18,096 - BlankSpaceAnalyzer - INFO - -> Analyzing version 8.0.1 (17/19)...
2025-11-03 20:02:18,096 - BlankSpaceAnalyzer - INFO - -> Analyzing version 9.0.0 (18/19)...
2025-11-03 20:02:18,096 - BlankSpaceAnalyzer - INFO - -> Analyzing version 9.0.1 (19/19)...
2025-11-03 20:02:18,096 - BlankSpaceAnalyzer - INFO - Exporting results for 'postcss-focus-within' to CSV...
2025-11-03 20:02:18,115 - BlankSpaceAnalyzer - INFO - Reports saved in: /app/npm_results/postcss-focus-within
2025-11-03 20:02:18,115 - NPM_Analyzer - INFO - Cleaning temporary folder 'temp/postcss-focus-within'...
2025-11-03 20:02:18,120 - NPM_Analyzer - INFO - Cleanup completed.
