2025-11-11 21:46:43,983 - NPM_HUT_Analyzer - INFO - Recupero metadata per '@babel/plugin-transform-modules-commonjs'...
2025-11-11 21:46:44,097 - NPM_HUT_Analyzer - INFO - Trovate 113 versioni. Inizio download in 'temp_hut/@babel_plugin-transform-modules-commonjs'...
2025-11-11 21:49:09,053 - UnicodeAnalyzer - INFO - Analizzando 113 versioni per '*.js' in '@babel_plugin-transform-modules-commonjs'.
2025-11-11 21:49:09,053 - UnicodeAnalyzer - INFO - -> Analizzando versione 7.0.0 (1/113)...
2025-11-11 21:49:09,056 - UnicodeAnalyzer - INFO - -> Analizzando versione 7.0.0-beta.31 (2/113)...
2025-11-11 21:49:09,059 - UnicodeAnalyzer - INFO - -> Analizzando versione 7.0.0-beta.32 (3/113)...
2025-11-11 21:49:09,061 - UnicodeAnalyzer - INFO - -> Analizzando versione 7.0.0-beta.33 (4/113)...
2025-11-11 21:49:09,064 - UnicodeAnalyzer - INFO - -> Analizzando versione 7.0.0-beta.34 (5/113)...
2025-11-11 21:49:09,067 - UnicodeAnalyzer - INFO - -> Analizzando versione 7.0.0-beta.35 (6/113)...
2025-11-11 21:49:09,069 - UnicodeAnalyzer - INFO - -> Analizzando versione 7.0.0-beta.36 (7/113)...
2025-11-11 21:49:09,071 - UnicodeAnalyzer - INFO - -> Analizzando versione 7.0.0-beta.37 (8/113)...
2025-11-11 21:49:09,073 - UnicodeAnalyzer - INFO - -> Analizzando versione 7.0.0-beta.38 (9/113)...
2025-11-11 21:49:09,075 - UnicodeAnalyzer - INFO - -> Analizzando versione 7.0.0-beta.39 (10/113)...
2025-11-11 21:49:09,077 - UnicodeAnalyzer - INFO - -> Analizzando versione 7.0.0-beta.4 (11/113)...
2025-11-11 21:49:09,078 - UnicodeAnalyzer - INFO - -> Analizzando versione 7.0.0-beta.40 (12/113)...
2025-11-11 21:49:09,079 - UnicodeAnalyzer - INFO - -> Analizzando versione 7.0.0-beta.41 (13/113)...
2025-11-11 21:49:09,081 - UnicodeAnalyzer - INFO - -> Analizzando versione 7.0.0-beta.42 (14/113)...
2025-11-11 21:49:09,082 - UnicodeAnalyzer - INFO - -> Analizzando versione 7.0.0-beta.43 (15/113)...
2025-11-11 21:49:09,083 - UnicodeAnalyzer - INFO - -> Analizzando versione 7.0.0-beta.44 (16/113)...
2025-11-11 21:49:09,084 - UnicodeAnalyzer - INFO - -> Analizzando versione 7.0.0-beta.45 (17/113)...
2025-11-11 21:49:09,085 - UnicodeAnalyzer - INFO - -> Analizzando versione 7.0.0-beta.46 (18/113)...
2025-11-11 21:49:09,086 - UnicodeAnalyzer - INFO - -> Analizzando versione 7.0.0-beta.47 (19/113)...
2025-11-11 21:49:09,087 - UnicodeAnalyzer - INFO - -> Analizzando versione 7.0.0-beta.48 (20/113)...
2025-11-11 21:49:09,088 - UnicodeAnalyzer - INFO - -> Analizzando versione 7.0.0-beta.49 (21/113)...
2025-11-11 21:49:09,089 - UnicodeAnalyzer - INFO - -> Analizzando versione 7.0.0-beta.5 (22/113)...
2025-11-11 21:49:09,090 - UnicodeAnalyzer - INFO - -> Analizzando versione 7.0.0-beta.50 (23/113)...
2025-11-11 21:49:09,091 - UnicodeAnalyzer - INFO - -> Analizzando versione 7.0.0-beta.51 (24/113)...
2025-11-11 21:49:09,092 - UnicodeAnalyzer - INFO - -> Analizzando versione 7.0.0-beta.52 (25/113)...
2025-11-11 21:49:09,092 - UnicodeAnalyzer - INFO - -> Analizzando versione 7.0.0-beta.53 (26/113)...
2025-11-11 21:49:09,093 - UnicodeAnalyzer - INFO - -> Analizzando versione 7.0.0-beta.54 (27/113)...
2025-11-11 21:49:09,094 - UnicodeAnalyzer - INFO - -> Analizzando versione 7.0.0-beta.55 (28/113)...
2025-11-11 21:49:09,095 - UnicodeAnalyzer - INFO - -> Analizzando versione 7.0.0-beta.56 (29/113)...
2025-11-11 21:49:09,095 - UnicodeAnalyzer - INFO - -> Analizzando versione 7.0.0-rc.0 (30/113)...
2025-11-11 21:49:09,096 - UnicodeAnalyzer - INFO - -> Analizzando versione 7.0.0-rc.1 (31/113)...
2025-11-11 21:49:09,097 - UnicodeAnalyzer - INFO - -> Analizzando versione 7.0.0-rc.2 (32/113)...
2025-11-11 21:49:09,098 - UnicodeAnalyzer - INFO - -> Analizzando versione 7.0.0-rc.3 (33/113)...
2025-11-11 21:49:09,098 - UnicodeAnalyzer - INFO - -> Analizzando versione 7.0.0-rc.4 (34/113)...
2025-11-11 21:49:09,099 - UnicodeAnalyzer - INFO - -> Analizzando versione 7.1.0 (35/113)...
2025-11-11 21:49:09,100 - UnicodeAnalyzer - INFO - -> Analizzando versione 7.10.1 (36/113)...
2025-11-11 21:49:09,100 - UnicodeAnalyzer - INFO - -> Analizzando versione 7.10.4 (37/113)...
2025-11-11 21:49:09,101 - UnicodeAnalyzer - INFO - -> Analizzando versione 7.12.1 (38/113)...
2025-11-11 21:49:09,102 - UnicodeAnalyzer - INFO - -> Analizzando versione 7.12.13 (39/113)...
2025-11-11 21:49:09,102 - UnicodeAnalyzer - INFO - -> Analizzando versione 7.13.0 (40/113)...
2025-11-11 21:49:09,103 - UnicodeAnalyzer - INFO - -> Analizzando versione 7.13.8 (41/113)...
2025-11-11 21:49:09,103 - UnicodeAnalyzer - INFO - -> Analizzando versione 7.14.0 (42/113)...
2025-11-11 21:49:09,104 - UnicodeAnalyzer - INFO - -> Analizzando versione 7.14.5 (43/113)...
2025-11-11 21:49:09,105 - UnicodeAnalyzer - INFO - -> Analizzando versione 7.15.0 (44/113)...
2025-11-11 21:49:09,105 - UnicodeAnalyzer - INFO - -> Analizzando versione 7.15.4 (45/113)...
2025-11-11 21:49:09,106 - UnicodeAnalyzer - INFO - -> Analizzando versione 7.16.0 (46/113)...
2025-11-11 21:49:09,107 - UnicodeAnalyzer - INFO - -> Analizzando versione 7.16.5 (47/113)...
2025-11-11 21:49:09,108 - UnicodeAnalyzer - INFO - -> Analizzando versione 7.16.7 (48/113)...
2025-11-11 21:49:09,108 - UnicodeAnalyzer - INFO - -> Analizzando versione 7.16.8 (49/113)...
2025-11-11 21:49:09,109 - UnicodeAnalyzer - INFO - -> Analizzando versione 7.17.12 (50/113)...
2025-11-11 21:49:09,110 - UnicodeAnalyzer - INFO - -> Analizzando versione 7.17.7 (51/113)...
2025-11-11 21:49:09,110 - UnicodeAnalyzer - INFO - -> Analizzando versione 7.17.9 (52/113)...
2025-11-11 21:49:09,111 - UnicodeAnalyzer - INFO - -> Analizzando versione 7.18.0 (53/113)...
2025-11-11 21:49:09,112 - UnicodeAnalyzer - INFO - -> Analizzando versione 7.18.2 (54/113)...
2025-11-11 21:49:09,112 - UnicodeAnalyzer - INFO - -> Analizzando versione 7.18.6 (55/113)...
2025-11-11 21:49:09,113 - UnicodeAnalyzer - INFO - -> Analizzando versione 7.19.6 (56/113)...
2025-11-11 21:49:09,157 - UnicodeAnalyzer - INFO - -> Analizzando versione 7.2.0 (57/113)...
2025-11-11 21:49:09,158 - UnicodeAnalyzer - INFO - -> Analizzando versione 7.20.11 (58/113)...
2025-11-11 21:49:09,208 - UnicodeAnalyzer - INFO - -> Analizzando versione 7.20.7 (59/113)...
2025-11-11 21:49:09,258 - UnicodeAnalyzer - INFO - -> Analizzando versione 7.21.2 (60/113)...
2025-11-11 21:49:09,307 - UnicodeAnalyzer - INFO - -> Analizzando versione 7.21.4-esm (61/113)...
2025-11-11 21:49:09,357 - UnicodeAnalyzer - INFO - -> Analizzando versione 7.21.4-esm.1 (62/113)...
2025-11-11 21:49:09,406 - UnicodeAnalyzer - INFO - -> Analizzando versione 7.21.4-esm.2 (63/113)...
2025-11-11 21:49:09,456 - UnicodeAnalyzer - INFO - -> Analizzando versione 7.21.4-esm.3 (64/113)...
2025-11-11 21:49:09,508 - UnicodeAnalyzer - INFO - -> Analizzando versione 7.21.4-esm.4 (65/113)...
2025-11-11 21:49:09,557 - UnicodeAnalyzer - INFO - -> Analizzando versione 7.21.5 (66/113)...
2025-11-11 21:49:09,608 - UnicodeAnalyzer - INFO - -> Analizzando versione 7.22.11 (67/113)...
2025-11-11 21:49:09,658 - UnicodeAnalyzer - INFO - -> Analizzando versione 7.22.15 (68/113)...
2025-11-11 21:49:09,709 - UnicodeAnalyzer - INFO - -> Analizzando versione 7.22.5 (69/113)...
2025-11-11 21:49:09,759 - UnicodeAnalyzer - INFO - -> Analizzando versione 7.23.0 (70/113)...
2025-11-11 21:49:09,809 - UnicodeAnalyzer - INFO - -> Analizzando versione 7.23.3 (71/113)...
2025-11-11 21:49:09,861 - UnicodeAnalyzer - INFO - -> Analizzando versione 7.24.1 (72/113)...
2025-11-11 21:49:09,912 - UnicodeAnalyzer - INFO - -> Analizzando versione 7.24.6 (73/113)...
2025-11-11 21:49:09,962 - UnicodeAnalyzer - INFO - -> Analizzando versione 7.24.7 (74/113)...
2025-11-11 21:49:10,013 - UnicodeAnalyzer - INFO - -> Analizzando versione 7.24.8 (75/113)...
2025-11-11 21:49:10,065 - UnicodeAnalyzer - INFO - -> Analizzando versione 7.25.7 (76/113)...
2025-11-11 21:49:10,115 - UnicodeAnalyzer - INFO - -> Analizzando versione 7.25.9 (77/113)...
2025-11-11 21:49:10,166 - UnicodeAnalyzer - INFO - -> Analizzando versione 7.26.3 (78/113)...
2025-11-11 21:49:10,216 - UnicodeAnalyzer - INFO - -> Analizzando versione 7.27.1 (79/113)...
2025-11-11 21:49:10,266 - UnicodeAnalyzer - INFO - -> Analizzando versione 7.4.0 (80/113)...
2025-11-11 21:49:10,267 - UnicodeAnalyzer - INFO - -> Analizzando versione 7.4.3 (81/113)...
2025-11-11 21:49:10,268 - UnicodeAnalyzer - INFO - -> Analizzando versione 7.4.4 (82/113)...
2025-11-11 21:49:10,269 - UnicodeAnalyzer - INFO - -> Analizzando versione 7.5.0 (83/113)...
2025-11-11 21:49:10,269 - UnicodeAnalyzer - INFO - -> Analizzando versione 7.6.0 (84/113)...
2025-11-11 21:49:10,270 - UnicodeAnalyzer - INFO - -> Analizzando versione 7.7.0 (85/113)...
2025-11-11 21:49:10,271 - UnicodeAnalyzer - INFO - -> Analizzando versione 7.7.4 (86/113)...
2025-11-11 21:49:10,271 - UnicodeAnalyzer - INFO - -> Analizzando versione 7.7.5 (87/113)...
2025-11-11 21:49:10,272 - UnicodeAnalyzer - INFO - -> Analizzando versione 7.8.0 (88/113)...
2025-11-11 21:49:10,273 - UnicodeAnalyzer - INFO - -> Analizzando versione 7.8.3 (89/113)...
2025-11-11 21:49:10,273 - UnicodeAnalyzer - INFO - -> Analizzando versione 7.9.0 (90/113)...
2025-11-11 21:49:10,274 - UnicodeAnalyzer - INFO - -> Analizzando versione 7.9.6 (91/113)...
2025-11-11 21:49:10,275 - UnicodeAnalyzer - INFO - -> Analizzando versione 8.0.0-alpha.0 (92/113)...
2025-11-11 21:49:10,323 - UnicodeAnalyzer - INFO - -> Analizzando versione 8.0.0-alpha.1 (93/113)...
2025-11-11 21:49:10,373 - UnicodeAnalyzer - INFO - -> Analizzando versione 8.0.0-alpha.10 (94/113)...
2025-11-11 21:49:10,374 - UnicodeAnalyzer - INFO - -> Analizzando versione 8.0.0-alpha.11 (95/113)...
2025-11-11 21:49:10,374 - UnicodeAnalyzer - INFO - -> Analizzando versione 8.0.0-alpha.12 (96/113)...
2025-11-11 21:49:10,375 - UnicodeAnalyzer - INFO - -> Analizzando versione 8.0.0-alpha.13 (97/113)...
2025-11-11 21:49:10,376 - UnicodeAnalyzer - INFO - -> Analizzando versione 8.0.0-alpha.14 (98/113)...
2025-11-11 21:49:10,377 - UnicodeAnalyzer - INFO - -> Analizzando versione 8.0.0-alpha.15 (99/113)...
2025-11-11 21:49:10,377 - UnicodeAnalyzer - INFO - -> Analizzando versione 8.0.0-alpha.16 (100/113)...
2025-11-11 21:49:10,378 - UnicodeAnalyzer - INFO - -> Analizzando versione 8.0.0-alpha.17 (101/113)...
2025-11-11 21:49:10,379 - UnicodeAnalyzer - INFO - -> Analizzando versione 8.0.0-alpha.2 (102/113)...
2025-11-11 21:49:10,429 - UnicodeAnalyzer - INFO - -> Analizzando versione 8.0.0-alpha.3 (103/113)...
2025-11-11 21:49:10,430 - UnicodeAnalyzer - INFO - -> Analizzando versione 8.0.0-alpha.4 (104/113)...
2025-11-11 21:49:10,431 - UnicodeAnalyzer - INFO - -> Analizzando versione 8.0.0-alpha.5 (105/113)...
2025-11-11 21:49:10,431 - UnicodeAnalyzer - INFO - -> Analizzando versione 8.0.0-alpha.6 (106/113)...
2025-11-11 21:49:10,432 - UnicodeAnalyzer - INFO - -> Analizzando versione 8.0.0-alpha.7 (107/113)...
2025-11-11 21:49:10,433 - UnicodeAnalyzer - INFO - -> Analizzando versione 8.0.0-alpha.8 (108/113)...
2025-11-11 21:49:10,434 - UnicodeAnalyzer - INFO - -> Analizzando versione 8.0.0-alpha.9 (109/113)...
2025-11-11 21:49:10,435 - UnicodeAnalyzer - INFO - -> Analizzando versione 8.0.0-beta.0 (110/113)...
2025-11-11 21:49:10,435 - UnicodeAnalyzer - INFO - -> Analizzando versione 8.0.0-beta.1 (111/113)...
2025-11-11 21:49:10,436 - UnicodeAnalyzer - INFO - -> Analizzando versione 8.0.0-beta.2 (112/113)...
2025-11-11 21:49:10,437 - UnicodeAnalyzer - INFO - -> Analizzando versione 8.0.0-beta.3 (113/113)...
2025-11-11 21:49:10,438 - UnicodeAnalyzer - INFO - Esportando i risultati HUT per '@babel/plugin-transform-modules-commonjs' in CSV...
2025-11-11 21:49:10,593 - UnicodeAnalyzer - INFO - Report salvati in: /app/npm_hut_results/@babel_plugin-transform-modules-commonjs
2025-11-11 21:49:10,593 - NPM_HUT_Analyzer - INFO - Pulizia cartella temporanea 'temp_hut/@babel_plugin-transform-modules-commonjs'...
2025-11-11 21:49:10,608 - NPM_HUT_Analyzer - INFO - Pulizia completata.
