2025-11-01 22:48:58,336 - NPM_Analyzer - INFO - Fetching metadata for '@ngtools/webpack'...
2025-11-01 22:48:58,511 - NPM_Analyzer - INFO - Found 973 versions. Starting download into 'temp/@ngtools_webpack'...
2025-11-01 23:11:09,015 - BlankSpaceAnalyzer - INFO - Analyzing 973 versions for '*.js' in '@ngtools_webpack'.
2025-11-01 23:11:09,015 - BlankSpaceAnalyzer - INFO - -> Analyzing version 0.1.0-beta.0 (1/973)...
2025-11-01 23:11:09,109 - BlankSpaceAnalyzer - INFO - -> Analyzing version 1.0.0 (2/973)...
2025-11-01 23:11:09,201 - BlankSpaceAnalyzer - INFO - -> Analyzing version 1.1.0 (3/973)...
2025-11-01 23:11:09,301 - BlankSpaceAnalyzer - INFO - -> Analyzing version 1.1.1 (4/973)...
2025-11-01 23:11:09,301 - BlankSpaceAnalyzer - INFO - -> Analyzing version 1.1.2 (5/973)...
2025-11-01 23:11:09,402 - BlankSpaceAnalyzer - INFO - -> Analyzing version 1.1.3 (6/973)...
2025-11-01 23:11:09,402 - BlankSpaceAnalyzer - INFO - -> Analyzing version 1.1.4 (7/973)...
2025-11-01 23:11:09,502 - BlankSpaceAnalyzer - INFO - -> Analyzing version 1.1.5 (8/973)...
2025-11-01 23:11:09,594 - BlankSpaceAnalyzer - INFO - -> Analyzing version 1.1.6 (9/973)...
2025-11-01 23:11:09,687 - BlankSpaceAnalyzer - INFO - -> Analyzing version 1.1.7 (10/973)...
2025-11-01 23:11:09,779 - BlankSpaceAnalyzer - INFO - -> Analyzing version 1.1.8 (11/973)...
2025-11-01 23:11:09,879 - BlankSpaceAnalyzer - INFO - -> Analyzing version 1.1.9 (12/973)...
2025-11-01 23:11:09,976 - BlankSpaceAnalyzer - INFO - -> Analyzing version 1.10.0 (13/973)...
2025-11-01 23:11:10,079 - BlankSpaceAnalyzer - INFO - -> Analyzing version 1.10.0-beta.0 (14/973)...
2025-11-01 23:11:10,180 - BlankSpaceAnalyzer - INFO - -> Analyzing version 1.10.0-beta.1 (15/973)...
2025-11-01 23:11:10,282 - BlankSpaceAnalyzer - INFO - -> Analyzing version 1.10.0-beta.2 (16/973)...
2025-11-01 23:11:10,384 - BlankSpaceAnalyzer - INFO - -> Analyzing version 1.10.0-beta.3 (17/973)...
2025-11-01 23:11:10,480 - BlankSpaceAnalyzer - INFO - -> Analyzing version 1.10.0-rc.0 (18/973)...
2025-11-01 23:11:10,579 - BlankSpaceAnalyzer - INFO - -> Analyzing version 1.10.1 (19/973)...
2025-11-01 23:11:10,675 - BlankSpaceAnalyzer - INFO - -> Analyzing version 1.10.2 (20/973)...
2025-11-01 23:11:10,773 - BlankSpaceAnalyzer - INFO - -> Analyzing version 1.2.0 (21/973)...
2025-11-01 23:11:10,868 - BlankSpaceAnalyzer - INFO - -> Analyzing version 1.2.1 (22/973)...
2025-11-01 23:11:10,960 - BlankSpaceAnalyzer - INFO - -> Analyzing version 1.2.10 (23/973)...
2025-11-01 23:11:11,055 - BlankSpaceAnalyzer - INFO - -> Analyzing version 1.2.11 (24/973)...
2025-11-01 23:11:11,152 - BlankSpaceAnalyzer - INFO - -> Analyzing version 1.2.12 (25/973)...
2025-11-01 23:11:11,244 - BlankSpaceAnalyzer - INFO - -> Analyzing version 1.2.13 (26/973)...
2025-11-01 23:11:11,338 - BlankSpaceAnalyzer - INFO - -> Analyzing version 1.2.14 (27/973)...
2025-11-01 23:11:11,432 - BlankSpaceAnalyzer - INFO - -> Analyzing version 1.2.2 (28/973)...
2025-11-01 23:11:11,432 - BlankSpaceAnalyzer - INFO - -> Analyzing version 1.2.3 (29/973)...
2025-11-01 23:11:11,525 - BlankSpaceAnalyzer - INFO - -> Analyzing version 1.2.4 (30/973)...
2025-11-01 23:11:11,626 - BlankSpaceAnalyzer - INFO - -> Analyzing version 1.2.5 (31/973)...
2025-11-01 23:11:11,718 - BlankSpaceAnalyzer - INFO - -> Analyzing version 1.2.6 (32/973)...
2025-11-01 23:11:11,819 - BlankSpaceAnalyzer - INFO - -> Analyzing version 1.2.7 (33/973)...
2025-11-01 23:11:11,911 - BlankSpaceAnalyzer - INFO - -> Analyzing version 1.2.8 (34/973)...
2025-11-01 23:11:12,011 - BlankSpaceAnalyzer - INFO - -> Analyzing version 1.2.9 (35/973)...
2025-11-01 23:11:12,105 - BlankSpaceAnalyzer - INFO - -> Analyzing version 1.3.0 (36/973)...
2025-11-01 23:11:12,205 - BlankSpaceAnalyzer - INFO - -> Analyzing version 1.3.1 (37/973)...
2025-11-01 23:11:12,296 - BlankSpaceAnalyzer - INFO - -> Analyzing version 1.3.2 (38/973)...
2025-11-01 23:11:12,395 - BlankSpaceAnalyzer - INFO - -> Analyzing version 1.3.3 (39/973)...
2025-11-01 23:11:12,489 - BlankSpaceAnalyzer - INFO - -> Analyzing version 1.4.0 (40/973)...
2025-11-01 23:11:12,588 - BlankSpaceAnalyzer - INFO - -> Analyzing version 1.4.0-rc.1 (41/973)...
2025-11-01 23:11:12,685 - BlankSpaceAnalyzer - INFO - -> Analyzing version 1.4.0-rc.2 (42/973)...
2025-11-01 23:11:12,776 - BlankSpaceAnalyzer - INFO - -> Analyzing version 1.4.1 (43/973)...
2025-11-01 23:11:12,873 - BlankSpaceAnalyzer - INFO - -> Analyzing version 1.4.2 (44/973)...
2025-11-01 23:11:12,968 - BlankSpaceAnalyzer - INFO - -> Analyzing version 1.5.0 (45/973)...
2025-11-01 23:11:13,061 - BlankSpaceAnalyzer - INFO - -> Analyzing version 1.5.0-beta.1 (46/973)...
2025-11-01 23:11:13,152 - BlankSpaceAnalyzer - INFO - -> Analyzing version 1.5.0-rc.0 (47/973)...
2025-11-01 23:11:13,244 - BlankSpaceAnalyzer - INFO - -> Analyzing version 1.5.0-rc.1 (48/973)...
2025-11-01 23:11:13,337 - BlankSpaceAnalyzer - INFO - -> Analyzing version 1.5.1 (49/973)...
2025-11-01 23:11:13,429 - BlankSpaceAnalyzer - INFO - -> Analyzing version 1.5.2 (50/973)...
2025-11-01 23:11:13,530 - BlankSpaceAnalyzer - INFO - -> Analyzing version 1.5.3 (51/973)...
2025-11-01 23:11:13,629 - BlankSpaceAnalyzer - INFO - -> Analyzing version 1.5.4 (52/973)...
2025-11-01 23:11:13,729 - BlankSpaceAnalyzer - INFO - -> Analyzing version 1.5.5 (53/973)...
2025-11-01 23:11:13,820 - BlankSpaceAnalyzer - INFO - -> Analyzing version 1.5.6 (54/973)...
2025-11-01 23:11:13,920 - BlankSpaceAnalyzer - INFO - -> Analyzing version 1.6.0 (55/973)...
2025-11-01 23:11:14,013 - BlankSpaceAnalyzer - INFO - -> Analyzing version 1.6.0-beta.0 (56/973)...
2025-11-01 23:11:14,113 - BlankSpaceAnalyzer - INFO - -> Analyzing version 1.6.0-beta.1 (57/973)...
2025-11-01 23:11:14,212 - BlankSpaceAnalyzer - INFO - -> Analyzing version 1.6.0-rc.0 (58/973)...
2025-11-01 23:11:14,312 - BlankSpaceAnalyzer - INFO - -> Analyzing version 1.6.0-rc.1 (59/973)...
2025-11-01 23:11:14,403 - BlankSpaceAnalyzer - INFO - -> Analyzing version 1.6.0-rc.2 (60/973)...
2025-11-01 23:11:14,503 - BlankSpaceAnalyzer - INFO - -> Analyzing version 1.6.0-rc.3 (61/973)...
2025-11-01 23:11:14,603 - BlankSpaceAnalyzer - INFO - -> Analyzing version 1.6.0-rc.4 (62/973)...
2025-11-01 23:11:14,604 - BlankSpaceAnalyzer - INFO - -> Analyzing version 1.6.0-rc.5 (63/973)...
2025-11-01 23:11:14,704 - BlankSpaceAnalyzer - INFO - -> Analyzing version 1.6.1 (64/973)...
2025-11-01 23:11:14,797 - BlankSpaceAnalyzer - INFO - -> Analyzing version 1.6.2 (65/973)...
2025-11-01 23:11:14,896 - BlankSpaceAnalyzer - INFO - -> Analyzing version 1.7.0 (66/973)...
2025-11-01 23:11:14,989 - BlankSpaceAnalyzer - INFO - -> Analyzing version 1.7.0-beta.0 (67/973)...
2025-11-01 23:11:15,082 - BlankSpaceAnalyzer - INFO - -> Analyzing version 1.7.0-beta.1 (68/973)...
2025-11-01 23:11:15,174 - BlankSpaceAnalyzer - INFO - -> Analyzing version 1.7.0-beta.2 (69/973)...
2025-11-01 23:11:15,266 - BlankSpaceAnalyzer - INFO - -> Analyzing version 1.7.0-rc.0 (70/973)...
2025-11-01 23:11:15,358 - BlankSpaceAnalyzer - INFO - -> Analyzing version 1.7.0-rc.1 (71/973)...
2025-11-01 23:11:15,453 - BlankSpaceAnalyzer - INFO - -> Analyzing version 1.7.0-rc.2 (72/973)...
2025-11-01 23:11:15,550 - BlankSpaceAnalyzer - INFO - -> Analyzing version 1.7.1 (73/973)...
2025-11-01 23:11:15,642 - BlankSpaceAnalyzer - INFO - -> Analyzing version 1.7.2 (74/973)...
2025-11-01 23:11:15,734 - BlankSpaceAnalyzer - INFO - -> Analyzing version 1.7.3 (75/973)...
2025-11-01 23:11:15,826 - BlankSpaceAnalyzer - INFO - -> Analyzing version 1.7.4 (76/973)...
2025-11-01 23:11:15,926 - BlankSpaceAnalyzer - INFO - -> Analyzing version 1.7.5 (77/973)...
2025-11-01 23:11:16,026 - BlankSpaceAnalyzer - INFO - -> Analyzing version 1.8.0 (78/973)...
2025-11-01 23:11:16,121 - BlankSpaceAnalyzer - INFO - -> Analyzing version 1.8.0-beta.0 (79/973)...
2025-11-01 23:11:16,224 - BlankSpaceAnalyzer - INFO - -> Analyzing version 1.8.0-beta.1 (80/973)...
2025-11-01 23:11:16,317 - BlankSpaceAnalyzer - INFO - -> Analyzing version 1.8.0-beta.2 (81/973)...
2025-11-01 23:11:16,410 - BlankSpaceAnalyzer - INFO - -> Analyzing version 1.8.0-beta.3 (82/973)...
2025-11-01 23:11:16,512 - BlankSpaceAnalyzer - INFO - -> Analyzing version 1.8.0-beta.4 (83/973)...
2025-11-01 23:11:16,612 - BlankSpaceAnalyzer - INFO - -> Analyzing version 1.8.0-rc.0 (84/973)...
2025-11-01 23:11:16,713 - BlankSpaceAnalyzer - INFO - -> Analyzing version 1.8.0-rc.1 (85/973)...
2025-11-01 23:11:16,815 - BlankSpaceAnalyzer - INFO - -> Analyzing version 1.8.0-rc.2 (86/973)...
2025-11-01 23:11:16,917 - BlankSpaceAnalyzer - INFO - -> Analyzing version 1.8.0-rc.3 (87/973)...
2025-11-01 23:11:17,018 - BlankSpaceAnalyzer - INFO - -> Analyzing version 1.8.0-rc.4 (88/973)...
2025-11-01 23:11:17,119 - BlankSpaceAnalyzer - INFO - -> Analyzing version 1.8.0-rc.5 (89/973)...
2025-11-01 23:11:17,212 - BlankSpaceAnalyzer - INFO - -> Analyzing version 1.8.0-rc.6 (90/973)...
2025-11-01 23:11:17,306 - BlankSpaceAnalyzer - INFO - -> Analyzing version 1.8.0-rc.7 (91/973)...
2025-11-01 23:11:17,406 - BlankSpaceAnalyzer - INFO - -> Analyzing version 1.8.0-rc.8 (92/973)...
2025-11-01 23:11:17,507 - BlankSpaceAnalyzer - INFO - -> Analyzing version 1.8.1 (93/973)...
2025-11-01 23:11:17,609 - BlankSpaceAnalyzer - INFO - -> Analyzing version 1.8.2 (94/973)...
2025-11-01 23:11:17,701 - BlankSpaceAnalyzer - INFO - -> Analyzing version 1.8.3 (95/973)...
2025-11-01 23:11:17,802 - BlankSpaceAnalyzer - INFO - -> Analyzing version 1.8.4 (96/973)...
2025-11-01 23:11:17,907 - BlankSpaceAnalyzer - INFO - -> Analyzing version 1.8.5 (97/973)...
2025-11-01 23:11:18,008 - BlankSpaceAnalyzer - INFO - -> Analyzing version 1.8.6 (98/973)...
2025-11-01 23:11:18,102 - BlankSpaceAnalyzer - INFO - -> Analyzing version 1.9.0 (99/973)...
2025-11-01 23:11:18,202 - BlankSpaceAnalyzer - INFO - -> Analyzing version 1.9.0-beta.0 (100/973)...
2025-11-01 23:11:18,304 - BlankSpaceAnalyzer - INFO - -> Analyzing version 1.9.0-beta.1 (101/973)...
2025-11-01 23:11:18,398 - BlankSpaceAnalyzer - INFO - -> Analyzing version 1.9.0-beta.2 (102/973)...
2025-11-01 23:11:18,498 - BlankSpaceAnalyzer - INFO - -> Analyzing version 1.9.0-rc.0 (103/973)...
2025-11-01 23:11:18,599 - BlankSpaceAnalyzer - INFO - -> Analyzing version 1.9.0-rc.1 (104/973)...
2025-11-01 23:11:18,700 - BlankSpaceAnalyzer - INFO - -> Analyzing version 1.9.0-rc.2 (105/973)...
2025-11-01 23:11:18,803 - BlankSpaceAnalyzer - INFO - -> Analyzing version 1.9.1 (106/973)...
2025-11-01 23:11:18,904 - BlankSpaceAnalyzer - INFO - -> Analyzing version 1.9.2 (107/973)...
2025-11-01 23:11:18,998 - BlankSpaceAnalyzer - INFO - -> Analyzing version 1.9.3 (108/973)...
2025-11-01 23:11:19,100 - BlankSpaceAnalyzer - INFO - -> Analyzing version 1.9.4 (109/973)...
2025-11-01 23:11:19,202 - BlankSpaceAnalyzer - INFO - -> Analyzing version 1.9.5 (110/973)...
2025-11-01 23:11:19,303 - BlankSpaceAnalyzer - INFO - -> Analyzing version 1.9.6 (111/973)...
2025-11-01 23:11:19,404 - BlankSpaceAnalyzer - INFO - -> Analyzing version 1.9.7 (112/973)...
2025-11-01 23:11:19,506 - BlankSpaceAnalyzer - INFO - -> Analyzing version 1.9.8 (113/973)...
2025-11-01 23:11:19,607 - BlankSpaceAnalyzer - INFO - -> Analyzing version 10.0.0 (114/973)...
2025-11-01 23:11:19,710 - BlankSpaceAnalyzer - INFO - -> Analyzing version 10.0.0-next.0 (115/973)...
2025-11-01 23:11:19,805 - BlankSpaceAnalyzer - INFO - -> Analyzing version 10.0.0-next.1 (116/973)...
2025-11-01 23:11:19,898 - BlankSpaceAnalyzer - INFO - -> Analyzing version 10.0.0-next.2 (117/973)...
2025-11-01 23:11:19,992 - BlankSpaceAnalyzer - INFO - -> Analyzing version 10.0.0-next.3 (118/973)...
2025-11-01 23:11:20,095 - BlankSpaceAnalyzer - INFO - -> Analyzing version 10.0.0-next.4 (119/973)...
2025-11-01 23:11:20,196 - BlankSpaceAnalyzer - INFO - -> Analyzing version 10.0.0-next.5 (120/973)...
2025-11-01 23:11:20,291 - BlankSpaceAnalyzer - INFO - -> Analyzing version 10.0.0-next.6 (121/973)...
2025-11-01 23:11:20,391 - BlankSpaceAnalyzer - INFO - -> Analyzing version 10.0.0-rc.0 (122/973)...
2025-11-01 23:11:20,493 - BlankSpaceAnalyzer - INFO - -> Analyzing version 10.0.0-rc.2 (123/973)...
2025-11-01 23:11:20,589 - BlankSpaceAnalyzer - INFO - -> Analyzing version 10.0.0-rc.3 (124/973)...
2025-11-01 23:11:20,690 - BlankSpaceAnalyzer - INFO - -> Analyzing version 10.0.0-rc.4 (125/973)...
2025-11-01 23:11:20,792 - BlankSpaceAnalyzer - INFO - -> Analyzing version 10.0.0-rc.5 (126/973)...
2025-11-01 23:11:20,894 - BlankSpaceAnalyzer - INFO - -> Analyzing version 10.0.1 (127/973)...
2025-11-01 23:11:20,996 - BlankSpaceAnalyzer - INFO - -> Analyzing version 10.0.2 (128/973)...
2025-11-01 23:11:21,093 - BlankSpaceAnalyzer - INFO - -> Analyzing version 10.0.3 (129/973)...
2025-11-01 23:11:21,187 - BlankSpaceAnalyzer - INFO - -> Analyzing version 10.0.4 (130/973)...
2025-11-01 23:11:21,286 - BlankSpaceAnalyzer - INFO - -> Analyzing version 10.0.5 (131/973)...
2025-11-01 23:11:21,387 - BlankSpaceAnalyzer - INFO - -> Analyzing version 10.0.6 (132/973)...
2025-11-01 23:11:21,484 - BlankSpaceAnalyzer - INFO - -> Analyzing version 10.0.7 (133/973)...
2025-11-01 23:11:21,585 - BlankSpaceAnalyzer - INFO - -> Analyzing version 10.0.8 (134/973)...
2025-11-01 23:11:21,688 - BlankSpaceAnalyzer - INFO - -> Analyzing version 10.1.0 (135/973)...
2025-11-01 23:11:21,791 - BlankSpaceAnalyzer - INFO - -> Analyzing version 10.1.0-next.0 (136/973)...
2025-11-01 23:11:21,893 - BlankSpaceAnalyzer - INFO - -> Analyzing version 10.1.0-next.1 (137/973)...
2025-11-01 23:11:21,995 - BlankSpaceAnalyzer - INFO - -> Analyzing version 10.1.0-next.2 (138/973)...
2025-11-01 23:11:22,097 - BlankSpaceAnalyzer - INFO - -> Analyzing version 10.1.0-next.3 (139/973)...
2025-11-01 23:11:22,192 - BlankSpaceAnalyzer - INFO - -> Analyzing version 10.1.0-next.4 (140/973)...
2025-11-01 23:11:22,293 - BlankSpaceAnalyzer - INFO - -> Analyzing version 10.1.0-next.5 (141/973)...
2025-11-01 23:11:22,395 - BlankSpaceAnalyzer - INFO - -> Analyzing version 10.1.0-next.6 (142/973)...
2025-11-01 23:11:22,497 - BlankSpaceAnalyzer - INFO - -> Analyzing version 10.1.0-next.7 (143/973)...
2025-11-01 23:11:22,598 - BlankSpaceAnalyzer - INFO - -> Analyzing version 10.1.0-rc.0 (144/973)...
2025-11-01 23:11:22,693 - BlankSpaceAnalyzer - INFO - -> Analyzing version 10.1.1 (145/973)...
2025-11-01 23:11:22,788 - BlankSpaceAnalyzer - INFO - -> Analyzing version 10.1.2 (146/973)...
2025-11-01 23:11:22,883 - BlankSpaceAnalyzer - INFO - -> Analyzing version 10.1.3 (147/973)...
2025-11-01 23:11:22,980 - BlankSpaceAnalyzer - INFO - -> Analyzing version 10.1.4 (148/973)...
2025-11-01 23:11:23,079 - BlankSpaceAnalyzer - INFO - -> Analyzing version 10.1.5 (149/973)...
2025-11-01 23:11:23,177 - BlankSpaceAnalyzer - INFO - -> Analyzing version 10.1.6 (150/973)...
2025-11-01 23:11:23,271 - BlankSpaceAnalyzer - INFO - -> Analyzing version 10.1.7 (151/973)...
2025-11-01 23:11:23,368 - BlankSpaceAnalyzer - INFO - -> Analyzing version 10.2.0 (152/973)...
2025-11-01 23:11:23,469 - BlankSpaceAnalyzer - INFO - -> Analyzing version 10.2.1 (153/973)...
2025-11-01 23:11:23,567 - BlankSpaceAnalyzer - INFO - -> Analyzing version 10.2.2 (154/973)...
2025-11-01 23:11:23,666 - BlankSpaceAnalyzer - INFO - -> Analyzing version 10.2.3 (155/973)...
2025-11-01 23:11:23,764 - BlankSpaceAnalyzer - INFO - -> Analyzing version 10.2.4 (156/973)...
2025-11-01 23:11:23,861 - BlankSpaceAnalyzer - INFO - -> Analyzing version 11.0.0 (157/973)...
2025-11-01 23:11:23,959 - BlankSpaceAnalyzer - INFO - -> Analyzing version 11.0.0-next.0 (158/973)...
2025-11-01 23:11:24,061 - BlankSpaceAnalyzer - INFO - -> Analyzing version 11.0.0-next.1 (159/973)...
2025-11-01 23:11:24,165 - BlankSpaceAnalyzer - INFO - -> Analyzing version 11.0.0-next.2 (160/973)...
2025-11-01 23:11:24,267 - BlankSpaceAnalyzer - INFO - -> Analyzing version 11.0.0-next.3 (161/973)...
2025-11-01 23:11:24,365 - BlankSpaceAnalyzer - INFO - -> Analyzing version 11.0.0-next.4 (162/973)...
2025-11-01 23:11:24,462 - BlankSpaceAnalyzer - INFO - -> Analyzing version 11.0.0-next.5 (163/973)...
2025-11-01 23:11:24,565 - BlankSpaceAnalyzer - INFO - -> Analyzing version 11.0.0-next.6 (164/973)...
2025-11-01 23:11:24,668 - BlankSpaceAnalyzer - INFO - -> Analyzing version 11.0.0-next.7 (165/973)...
2025-11-01 23:11:24,770 - BlankSpaceAnalyzer - INFO - -> Analyzing version 11.0.0-rc.0 (166/973)...
2025-11-01 23:11:24,869 - BlankSpaceAnalyzer - INFO - -> Analyzing version 11.0.0-rc.1 (167/973)...
2025-11-01 23:11:24,968 - BlankSpaceAnalyzer - INFO - -> Analyzing version 11.0.0-rc.2 (168/973)...
2025-11-01 23:11:25,071 - BlankSpaceAnalyzer - INFO - -> Analyzing version 11.0.0-rc.3 (169/973)...
2025-11-01 23:11:25,172 - BlankSpaceAnalyzer - INFO - -> Analyzing version 11.0.1 (170/973)...
2025-11-01 23:11:25,276 - BlankSpaceAnalyzer - INFO - -> Analyzing version 11.0.2 (171/973)...
2025-11-01 23:11:25,378 - BlankSpaceAnalyzer - INFO - -> Analyzing version 11.0.3 (172/973)...
2025-11-01 23:11:25,481 - BlankSpaceAnalyzer - INFO - -> Analyzing version 11.0.4 (173/973)...
2025-11-01 23:11:25,579 - BlankSpaceAnalyzer - INFO - -> Analyzing version 11.0.5 (174/973)...
2025-11-01 23:11:25,679 - BlankSpaceAnalyzer - INFO - -> Analyzing version 11.0.6 (175/973)...
2025-11-01 23:11:25,781 - BlankSpaceAnalyzer - INFO - -> Analyzing version 11.0.7 (176/973)...
2025-11-01 23:11:25,878 - BlankSpaceAnalyzer - INFO - -> Analyzing version 11.1.0 (177/973)...
2025-11-01 23:11:25,979 - BlankSpaceAnalyzer - INFO - -> Analyzing version 11.1.0-next.0 (178/973)...
2025-11-01 23:11:26,082 - BlankSpaceAnalyzer - INFO - -> Analyzing version 11.1.0-next.1 (179/973)...
2025-11-01 23:11:26,180 - BlankSpaceAnalyzer - INFO - -> Analyzing version 11.1.0-next.2 (180/973)...
2025-11-01 23:11:26,281 - BlankSpaceAnalyzer - INFO - -> Analyzing version 11.1.0-next.3 (181/973)...
2025-11-01 23:11:26,379 - BlankSpaceAnalyzer - INFO - -> Analyzing version 11.1.0-next.4 (182/973)...
2025-11-01 23:11:26,481 - BlankSpaceAnalyzer - INFO - -> Analyzing version 11.1.0-rc.0 (183/973)...
2025-11-01 23:11:26,583 - BlankSpaceAnalyzer - INFO - -> Analyzing version 11.1.1 (184/973)...
2025-11-01 23:11:26,686 - BlankSpaceAnalyzer - INFO - -> Analyzing version 11.1.2 (185/973)...
2025-11-01 23:11:26,791 - BlankSpaceAnalyzer - INFO - -> Analyzing version 11.1.3 (186/973)...
2025-11-01 23:11:26,887 - BlankSpaceAnalyzer - INFO - -> Analyzing version 11.1.4 (187/973)...
2025-11-01 23:11:26,988 - BlankSpaceAnalyzer - INFO - -> Analyzing version 11.2.0 (188/973)...
2025-11-01 23:11:27,092 - BlankSpaceAnalyzer - INFO - -> Analyzing version 11.2.0-next.0 (189/973)...
2025-11-01 23:11:27,188 - BlankSpaceAnalyzer - INFO - -> Analyzing version 11.2.0-rc.0 (190/973)...
2025-11-01 23:11:27,286 - BlankSpaceAnalyzer - INFO - -> Analyzing version 11.2.0-rc.1 (191/973)...
2025-11-01 23:11:27,382 - BlankSpaceAnalyzer - INFO - -> Analyzing version 11.2.1 (192/973)...
2025-11-01 23:11:27,479 - BlankSpaceAnalyzer - INFO - -> Analyzing version 11.2.10 (193/973)...
2025-11-01 23:11:27,579 - BlankSpaceAnalyzer - INFO - -> Analyzing version 11.2.11 (194/973)...
2025-11-01 23:11:27,677 - BlankSpaceAnalyzer - INFO - -> Analyzing version 11.2.12 (195/973)...
2025-11-01 23:11:27,779 - BlankSpaceAnalyzer - INFO - -> Analyzing version 11.2.13 (196/973)...
2025-11-01 23:11:27,886 - BlankSpaceAnalyzer - INFO - -> Analyzing version 11.2.14 (197/973)...
2025-11-01 23:11:27,982 - BlankSpaceAnalyzer - INFO - -> Analyzing version 11.2.15 (198/973)...
2025-11-01 23:11:28,085 - BlankSpaceAnalyzer - INFO - -> Analyzing version 11.2.16 (199/973)...
2025-11-01 23:11:28,187 - BlankSpaceAnalyzer - INFO - -> Analyzing version 11.2.17 (200/973)...
2025-11-01 23:11:28,284 - BlankSpaceAnalyzer - INFO - -> Analyzing version 11.2.18 (201/973)...
2025-11-01 23:11:28,385 - BlankSpaceAnalyzer - INFO - -> Analyzing version 11.2.19 (202/973)...
2025-11-01 23:11:28,488 - BlankSpaceAnalyzer - INFO - -> Analyzing version 11.2.2 (203/973)...
2025-11-01 23:11:28,585 - BlankSpaceAnalyzer - INFO - -> Analyzing version 11.2.3 (204/973)...
2025-11-01 23:11:28,681 - BlankSpaceAnalyzer - INFO - -> Analyzing version 11.2.4 (205/973)...
2025-11-01 23:11:28,776 - BlankSpaceAnalyzer - INFO - -> Analyzing version 11.2.5 (206/973)...
2025-11-01 23:11:28,872 - BlankSpaceAnalyzer - INFO - -> Analyzing version 11.2.6 (207/973)...
2025-11-01 23:11:28,972 - BlankSpaceAnalyzer - INFO - -> Analyzing version 11.2.7 (208/973)...
2025-11-01 23:11:29,069 - BlankSpaceAnalyzer - INFO - -> Analyzing version 11.2.8 (209/973)...
2025-11-01 23:11:29,172 - BlankSpaceAnalyzer - INFO - -> Analyzing version 11.2.9 (210/973)...
2025-11-01 23:11:29,270 - BlankSpaceAnalyzer - INFO - -> Analyzing version 12.0.0 (211/973)...
2025-11-01 23:11:29,365 - BlankSpaceAnalyzer - INFO - -> Analyzing version 12.0.0-next.0 (212/973)...
2025-11-01 23:11:29,461 - BlankSpaceAnalyzer - INFO - -> Analyzing version 12.0.0-next.1 (213/973)...
2025-11-01 23:11:29,563 - BlankSpaceAnalyzer - INFO - -> Analyzing version 12.0.0-next.2 (214/973)...
2025-11-01 23:11:29,667 - BlankSpaceAnalyzer - INFO - -> Analyzing version 12.0.0-next.3 (215/973)...
2025-11-01 23:11:29,770 - BlankSpaceAnalyzer - INFO - -> Analyzing version 12.0.0-next.4 (216/973)...
2025-11-01 23:11:29,867 - BlankSpaceAnalyzer - INFO - -> Analyzing version 12.0.0-next.5 (217/973)...
2025-11-01 23:11:29,963 - BlankSpaceAnalyzer - INFO - -> Analyzing version 12.0.0-next.6 (218/973)...
2025-11-01 23:11:30,059 - BlankSpaceAnalyzer - INFO - -> Analyzing version 12.0.0-next.7 (219/973)...
2025-11-01 23:11:30,158 - BlankSpaceAnalyzer - INFO - -> Analyzing version 12.0.0-next.8 (220/973)...
2025-11-01 23:11:30,257 - BlankSpaceAnalyzer - INFO - -> Analyzing version 12.0.0-next.9 (221/973)...
2025-11-01 23:11:30,354 - BlankSpaceAnalyzer - INFO - -> Analyzing version 12.0.0-rc.0 (222/973)...
2025-11-01 23:11:30,454 - BlankSpaceAnalyzer - INFO - -> Analyzing version 12.0.0-rc.1 (223/973)...
2025-11-01 23:11:30,551 - BlankSpaceAnalyzer - INFO - -> Analyzing version 12.0.0-rc.2 (224/973)...
2025-11-01 23:11:30,649 - BlankSpaceAnalyzer - INFO - -> Analyzing version 12.0.0-rc.3 (225/973)...
2025-11-01 23:11:30,745 - BlankSpaceAnalyzer - INFO - -> Analyzing version 12.0.1 (226/973)...
2025-11-01 23:11:30,839 - BlankSpaceAnalyzer - INFO - -> Analyzing version 12.0.2 (227/973)...
2025-11-01 23:11:30,932 - BlankSpaceAnalyzer - INFO - -> Analyzing version 12.0.3 (228/973)...
2025-11-01 23:11:31,032 - BlankSpaceAnalyzer - INFO - -> Analyzing version 12.0.4 (229/973)...
2025-11-01 23:11:31,126 - BlankSpaceAnalyzer - INFO - -> Analyzing version 12.0.5 (230/973)...
2025-11-01 23:11:31,219 - BlankSpaceAnalyzer - INFO - -> Analyzing version 12.1.0 (231/973)...
2025-11-01 23:11:31,319 - BlankSpaceAnalyzer - INFO - -> Analyzing version 12.1.0-next.2 (232/973)...
2025-11-01 23:11:31,421 - BlankSpaceAnalyzer - INFO - -> Analyzing version 12.1.0-next.3 (233/973)...
2025-11-01 23:11:31,522 - BlankSpaceAnalyzer - INFO - -> Analyzing version 12.1.0-next.4 (234/973)...
2025-11-01 23:11:31,623 - BlankSpaceAnalyzer - INFO - -> Analyzing version 12.1.0-next.5 (235/973)...
2025-11-01 23:11:31,717 - BlankSpaceAnalyzer - INFO - -> Analyzing version 12.1.0-next.6 (236/973)...
2025-11-01 23:11:31,811 - BlankSpaceAnalyzer - INFO - -> Analyzing version 12.1.1 (237/973)...
2025-11-01 23:11:31,905 - BlankSpaceAnalyzer - INFO - -> Analyzing version 12.1.2 (238/973)...
2025-11-01 23:11:32,006 - BlankSpaceAnalyzer - INFO - -> Analyzing version 12.1.3 (239/973)...
2025-11-01 23:11:32,107 - BlankSpaceAnalyzer - INFO - -> Analyzing version 12.1.4 (240/973)...
2025-11-01 23:11:32,201 - BlankSpaceAnalyzer - INFO - -> Analyzing version 12.2.0 (241/973)...
2025-11-01 23:11:32,301 - BlankSpaceAnalyzer - INFO - -> Analyzing version 12.2.0-next.0 (242/973)...
2025-11-01 23:11:32,403 - BlankSpaceAnalyzer - INFO - -> Analyzing version 12.2.0-next.2 (243/973)...
2025-11-01 23:11:32,507 - BlankSpaceAnalyzer - INFO - -> Analyzing version 12.2.0-next.3 (244/973)...
2025-11-01 23:11:32,601 - BlankSpaceAnalyzer - INFO - -> Analyzing version 12.2.0-rc.0 (245/973)...
2025-11-01 23:11:32,702 - BlankSpaceAnalyzer - INFO - -> Analyzing version 12.2.1 (246/973)...
2025-11-01 23:11:32,796 - BlankSpaceAnalyzer - INFO - -> Analyzing version 12.2.10 (247/973)...
2025-11-01 23:11:32,897 - BlankSpaceAnalyzer - INFO - -> Analyzing version 12.2.11 (248/973)...
2025-11-01 23:11:32,995 - BlankSpaceAnalyzer - INFO - -> Analyzing version 12.2.12 (249/973)...
2025-11-01 23:11:33,100 - BlankSpaceAnalyzer - INFO - -> Analyzing version 12.2.13 (250/973)...
2025-11-01 23:11:33,203 - BlankSpaceAnalyzer - INFO - -> Analyzing version 12.2.14 (251/973)...
2025-11-01 23:11:33,304 - BlankSpaceAnalyzer - INFO - -> Analyzing version 12.2.15 (252/973)...
2025-11-01 23:11:33,397 - BlankSpaceAnalyzer - INFO - -> Analyzing version 12.2.16 (253/973)...
2025-11-01 23:11:33,490 - BlankSpaceAnalyzer - INFO - -> Analyzing version 12.2.17 (254/973)...
2025-11-01 23:11:33,590 - BlankSpaceAnalyzer - INFO - -> Analyzing version 12.2.18 (255/973)...
2025-11-01 23:11:33,694 - BlankSpaceAnalyzer - INFO - -> Analyzing version 12.2.2 (256/973)...
2025-11-01 23:11:33,795 - BlankSpaceAnalyzer - INFO - -> Analyzing version 12.2.3 (257/973)...
2025-11-01 23:11:33,896 - BlankSpaceAnalyzer - INFO - -> Analyzing version 12.2.4 (258/973)...
2025-11-01 23:11:33,998 - BlankSpaceAnalyzer - INFO - -> Analyzing version 12.2.5 (259/973)...
2025-11-01 23:11:34,101 - BlankSpaceAnalyzer - INFO - -> Analyzing version 12.2.6 (260/973)...
2025-11-01 23:11:34,195 - BlankSpaceAnalyzer - INFO - -> Analyzing version 12.2.7 (261/973)...
2025-11-01 23:11:34,296 - BlankSpaceAnalyzer - INFO - -> Analyzing version 12.2.8 (262/973)...
2025-11-01 23:11:34,389 - BlankSpaceAnalyzer - INFO - -> Analyzing version 12.2.9 (263/973)...
2025-11-01 23:11:34,483 - BlankSpaceAnalyzer - INFO - -> Analyzing version 13.0.0 (264/973)...
2025-11-01 23:11:34,583 - BlankSpaceAnalyzer - INFO - -> Analyzing version 13.0.0-next.0 (265/973)...
2025-11-01 23:11:34,684 - BlankSpaceAnalyzer - INFO - -> Analyzing version 13.0.0-next.1 (266/973)...
2025-11-01 23:11:34,780 - BlankSpaceAnalyzer - INFO - -> Analyzing version 13.0.0-next.2 (267/973)...
2025-11-01 23:11:34,879 - BlankSpaceAnalyzer - INFO - -> Analyzing version 13.0.0-next.3 (268/973)...
2025-11-01 23:11:34,975 - BlankSpaceAnalyzer - INFO - -> Analyzing version 13.0.0-next.4 (269/973)...
2025-11-01 23:11:35,074 - BlankSpaceAnalyzer - INFO - -> Analyzing version 13.0.0-next.5 (270/973)...
2025-11-01 23:11:35,175 - BlankSpaceAnalyzer - INFO - -> Analyzing version 13.0.0-next.6 (271/973)...
2025-11-01 23:11:35,277 - BlankSpaceAnalyzer - INFO - -> Analyzing version 13.0.0-next.7 (272/973)...
2025-11-01 23:11:35,379 - BlankSpaceAnalyzer - INFO - -> Analyzing version 13.0.0-next.8 (273/973)...
2025-11-01 23:11:35,481 - BlankSpaceAnalyzer - INFO - -> Analyzing version 13.0.0-next.9 (274/973)...
2025-11-01 23:11:35,583 - BlankSpaceAnalyzer - INFO - -> Analyzing version 13.0.0-rc.0 (275/973)...
2025-11-01 23:11:35,676 - BlankSpaceAnalyzer - INFO - -> Analyzing version 13.0.0-rc.1 (276/973)...
2025-11-01 23:11:35,781 - BlankSpaceAnalyzer - INFO - -> Analyzing version 13.0.0-rc.2 (277/973)...
2025-11-01 23:11:35,881 - BlankSpaceAnalyzer - INFO - -> Analyzing version 13.0.0-rc.3 (278/973)...
2025-11-01 23:11:35,976 - BlankSpaceAnalyzer - INFO - -> Analyzing version 13.0.1 (279/973)...
2025-11-01 23:11:36,070 - BlankSpaceAnalyzer - INFO - -> Analyzing version 13.0.2 (280/973)...
2025-11-01 23:11:36,164 - BlankSpaceAnalyzer - INFO - -> Analyzing version 13.0.3 (281/973)...
2025-11-01 23:11:36,260 - BlankSpaceAnalyzer - INFO - -> Analyzing version 13.0.4 (282/973)...
2025-11-01 23:11:36,361 - BlankSpaceAnalyzer - INFO - -> Analyzing version 13.1.0 (283/973)...
2025-11-01 23:11:36,459 - BlankSpaceAnalyzer - INFO - -> Analyzing version 13.1.0-next.0 (284/973)...
2025-11-01 23:11:36,555 - BlankSpaceAnalyzer - INFO - -> Analyzing version 13.1.0-next.1 (285/973)...
2025-11-01 23:11:36,654 - BlankSpaceAnalyzer - INFO - -> Analyzing version 13.1.0-next.2 (286/973)...
2025-11-01 23:11:36,747 - BlankSpaceAnalyzer - INFO - -> Analyzing version 13.1.0-next.3 (287/973)...
2025-11-01 23:11:36,846 - BlankSpaceAnalyzer - INFO - -> Analyzing version 13.1.0-rc.0 (288/973)...
2025-11-01 23:11:36,946 - BlankSpaceAnalyzer - INFO - -> Analyzing version 13.1.1 (289/973)...
2025-11-01 23:11:37,041 - BlankSpaceAnalyzer - INFO - -> Analyzing version 13.1.2 (290/973)...
2025-11-01 23:11:37,143 - BlankSpaceAnalyzer - INFO - -> Analyzing version 13.1.3 (291/973)...
2025-11-01 23:11:37,242 - BlankSpaceAnalyzer - INFO - -> Analyzing version 13.1.4 (292/973)...
2025-11-01 23:11:37,336 - BlankSpaceAnalyzer - INFO - -> Analyzing version 13.2.0 (293/973)...
2025-11-01 23:11:37,438 - BlankSpaceAnalyzer - INFO - -> Analyzing version 13.2.0-next.0 (294/973)...
2025-11-01 23:11:37,539 - BlankSpaceAnalyzer - INFO - -> Analyzing version 13.2.0-next.1 (295/973)...
2025-11-01 23:11:37,641 - BlankSpaceAnalyzer - INFO - -> Analyzing version 13.2.0-next.2 (296/973)...
2025-11-01 23:11:37,735 - BlankSpaceAnalyzer - INFO - -> Analyzing version 13.2.0-rc.0 (297/973)...
2025-11-01 23:11:37,836 - BlankSpaceAnalyzer - INFO - -> Analyzing version 13.2.0-rc.1 (298/973)...
2025-11-01 23:11:37,937 - BlankSpaceAnalyzer - INFO - -> Analyzing version 13.2.1 (299/973)...
2025-11-01 23:11:38,038 - BlankSpaceAnalyzer - INFO - -> Analyzing version 13.2.2 (300/973)...
2025-11-01 23:11:38,138 - BlankSpaceAnalyzer - INFO - -> Analyzing version 13.2.3 (301/973)...
2025-11-01 23:11:38,239 - BlankSpaceAnalyzer - INFO - -> Analyzing version 13.2.4 (302/973)...
2025-11-01 23:11:38,334 - BlankSpaceAnalyzer - INFO - -> Analyzing version 13.2.5 (303/973)...
2025-11-01 23:11:38,437 - BlankSpaceAnalyzer - INFO - -> Analyzing version 13.2.6 (304/973)...
2025-11-01 23:11:38,538 - BlankSpaceAnalyzer - INFO - -> Analyzing version 13.3.0 (305/973)...
2025-11-01 23:11:38,632 - BlankSpaceAnalyzer - INFO - -> Analyzing version 13.3.1 (306/973)...
2025-11-01 23:11:38,726 - BlankSpaceAnalyzer - INFO - -> Analyzing version 13.3.10 (307/973)...
2025-11-01 23:11:38,827 - BlankSpaceAnalyzer - INFO - -> Analyzing version 13.3.11 (308/973)...
2025-11-01 23:11:38,921 - BlankSpaceAnalyzer - INFO - -> Analyzing version 13.3.2 (309/973)...
2025-11-01 23:11:39,023 - BlankSpaceAnalyzer - INFO - -> Analyzing version 13.3.3 (310/973)...
2025-11-01 23:11:39,123 - BlankSpaceAnalyzer - INFO - -> Analyzing version 13.3.4 (311/973)...
2025-11-01 23:11:39,225 - BlankSpaceAnalyzer - INFO - -> Analyzing version 13.3.5 (312/973)...
2025-11-01 23:11:39,318 - BlankSpaceAnalyzer - INFO - -> Analyzing version 13.3.6 (313/973)...
2025-11-01 23:11:39,420 - BlankSpaceAnalyzer - INFO - -> Analyzing version 13.3.7 (314/973)...
2025-11-01 23:11:39,521 - BlankSpaceAnalyzer - INFO - -> Analyzing version 13.3.8 (315/973)...
2025-11-01 23:11:39,614 - BlankSpaceAnalyzer - INFO - -> Analyzing version 13.3.9 (316/973)...
2025-11-01 23:11:39,715 - BlankSpaceAnalyzer - INFO - -> Analyzing version 14.0.0 (317/973)...
2025-11-01 23:11:39,816 - BlankSpaceAnalyzer - INFO - -> Analyzing version 14.0.0-next.0 (318/973)...
2025-11-01 23:11:39,917 - BlankSpaceAnalyzer - INFO - -> Analyzing version 14.0.0-next.1 (319/973)...
2025-11-01 23:11:40,017 - BlankSpaceAnalyzer - INFO - -> Analyzing version 14.0.0-next.10 (320/973)...
2025-11-01 23:11:40,109 - BlankSpaceAnalyzer - INFO - -> Analyzing version 14.0.0-next.11 (321/973)...
2025-11-01 23:11:40,211 - BlankSpaceAnalyzer - INFO - -> Analyzing version 14.0.0-next.12 (322/973)...
2025-11-01 23:11:40,312 - BlankSpaceAnalyzer - INFO - -> Analyzing version 14.0.0-next.13 (323/973)...
2025-11-01 23:11:40,413 - BlankSpaceAnalyzer - INFO - -> Analyzing version 14.0.0-next.2 (324/973)...
2025-11-01 23:11:40,513 - BlankSpaceAnalyzer - INFO - -> Analyzing version 14.0.0-next.3 (325/973)...
2025-11-01 23:11:40,615 - BlankSpaceAnalyzer - INFO - -> Analyzing version 14.0.0-next.4 (326/973)...
2025-11-01 23:11:40,716 - BlankSpaceAnalyzer - INFO - -> Analyzing version 14.0.0-next.5 (327/973)...
2025-11-01 23:11:40,811 - BlankSpaceAnalyzer - INFO - -> Analyzing version 14.0.0-next.6 (328/973)...
2025-11-01 23:11:40,912 - BlankSpaceAnalyzer - INFO - -> Analyzing version 14.0.0-next.7 (329/973)...
2025-11-01 23:11:41,005 - BlankSpaceAnalyzer - INFO - -> Analyzing version 14.0.0-next.8 (330/973)...
2025-11-01 23:11:41,107 - BlankSpaceAnalyzer - INFO - -> Analyzing version 14.0.0-next.9 (331/973)...
2025-11-01 23:11:41,210 - BlankSpaceAnalyzer - INFO - -> Analyzing version 14.0.0-rc.0 (332/973)...
2025-11-01 23:11:41,303 - BlankSpaceAnalyzer - INFO - -> Analyzing version 14.0.0-rc.1 (333/973)...
2025-11-01 23:11:41,404 - BlankSpaceAnalyzer - INFO - -> Analyzing version 14.0.0-rc.2 (334/973)...
2025-11-01 23:11:41,505 - BlankSpaceAnalyzer - INFO - -> Analyzing version 14.0.0-rc.3 (335/973)...
2025-11-01 23:11:41,606 - BlankSpaceAnalyzer - INFO - -> Analyzing version 14.0.1 (336/973)...
2025-11-01 23:11:41,707 - BlankSpaceAnalyzer - INFO - -> Analyzing version 14.0.2 (337/973)...
2025-11-01 23:11:41,809 - BlankSpaceAnalyzer - INFO - -> Analyzing version 14.0.3 (338/973)...
2025-11-01 23:11:41,912 - BlankSpaceAnalyzer - INFO - -> Analyzing version 14.0.4 (339/973)...
2025-11-01 23:11:42,016 - BlankSpaceAnalyzer - INFO - -> Analyzing version 14.0.5 (340/973)...
2025-11-01 23:11:42,118 - BlankSpaceAnalyzer - INFO - -> Analyzing version 14.0.6 (341/973)...
2025-11-01 23:11:42,219 - BlankSpaceAnalyzer - INFO - -> Analyzing version 14.0.7 (342/973)...
2025-11-01 23:11:42,321 - BlankSpaceAnalyzer - INFO - -> Analyzing version 14.1.0 (343/973)...
2025-11-01 23:11:42,422 - BlankSpaceAnalyzer - INFO - -> Analyzing version 14.1.0-next.0 (344/973)...
2025-11-01 23:11:42,524 - BlankSpaceAnalyzer - INFO - -> Analyzing version 14.1.0-next.1 (345/973)...
2025-11-01 23:11:42,627 - BlankSpaceAnalyzer - INFO - -> Analyzing version 14.1.0-next.2 (346/973)...
2025-11-01 23:11:42,720 - BlankSpaceAnalyzer - INFO - -> Analyzing version 14.1.0-next.3 (347/973)...
2025-11-01 23:11:42,827 - BlankSpaceAnalyzer - INFO - -> Analyzing version 14.1.0-next.4 (348/973)...
2025-11-01 23:11:42,921 - BlankSpaceAnalyzer - INFO - -> Analyzing version 14.1.0-rc.3 (349/973)...
2025-11-01 23:11:43,023 - BlankSpaceAnalyzer - INFO - -> Analyzing version 14.1.1 (350/973)...
2025-11-01 23:11:43,125 - BlankSpaceAnalyzer - INFO - -> Analyzing version 14.1.2 (351/973)...
2025-11-01 23:11:43,219 - BlankSpaceAnalyzer - INFO - -> Analyzing version 14.1.3 (352/973)...
2025-11-01 23:11:43,322 - BlankSpaceAnalyzer - INFO - -> Analyzing version 14.2.0 (353/973)...
2025-11-01 23:11:43,416 - BlankSpaceAnalyzer - INFO - -> Analyzing version 14.2.0-next.0 (354/973)...
2025-11-01 23:11:43,510 - BlankSpaceAnalyzer - INFO - -> Analyzing version 14.2.0-next.1 (355/973)...
2025-11-01 23:11:43,603 - BlankSpaceAnalyzer - INFO - -> Analyzing version 14.2.0-next.2 (356/973)...
2025-11-01 23:11:43,704 - BlankSpaceAnalyzer - INFO - -> Analyzing version 14.2.0-rc.0 (357/973)...
2025-11-01 23:11:43,798 - BlankSpaceAnalyzer - INFO - -> Analyzing version 14.2.1 (358/973)...
2025-11-01 23:11:43,900 - BlankSpaceAnalyzer - INFO - -> Analyzing version 14.2.10 (359/973)...
2025-11-01 23:11:44,001 - BlankSpaceAnalyzer - INFO - -> Analyzing version 14.2.11 (360/973)...
2025-11-01 23:11:44,095 - BlankSpaceAnalyzer - INFO - -> Analyzing version 14.2.12 (361/973)...
2025-11-01 23:11:44,195 - BlankSpaceAnalyzer - INFO - -> Analyzing version 14.2.13 (362/973)...
2025-11-01 23:11:44,300 - BlankSpaceAnalyzer - INFO - -> Analyzing version 14.2.2 (363/973)...
2025-11-01 23:11:44,400 - BlankSpaceAnalyzer - INFO - -> Analyzing version 14.2.3 (364/973)...
2025-11-01 23:11:44,501 - BlankSpaceAnalyzer - INFO - -> Analyzing version 14.2.4 (365/973)...
2025-11-01 23:11:44,595 - BlankSpaceAnalyzer - INFO - -> Analyzing version 14.2.5 (366/973)...
2025-11-01 23:11:44,695 - BlankSpaceAnalyzer - INFO - -> Analyzing version 14.2.6 (367/973)...
2025-11-01 23:11:44,798 - BlankSpaceAnalyzer - INFO - -> Analyzing version 14.2.7 (368/973)...
2025-11-01 23:11:44,893 - BlankSpaceAnalyzer - INFO - -> Analyzing version 14.2.8 (369/973)...
2025-11-01 23:11:44,987 - BlankSpaceAnalyzer - INFO - -> Analyzing version 14.2.9 (370/973)...
2025-11-01 23:11:45,087 - BlankSpaceAnalyzer - INFO - -> Analyzing version 15.0.0 (371/973)...
2025-11-01 23:11:45,188 - BlankSpaceAnalyzer - INFO - -> Analyzing version 15.0.0-next.0 (372/973)...
2025-11-01 23:11:45,288 - BlankSpaceAnalyzer - INFO - -> Analyzing version 15.0.0-next.1 (373/973)...
2025-11-01 23:11:45,383 - BlankSpaceAnalyzer - INFO - -> Analyzing version 15.0.0-next.2 (374/973)...
2025-11-01 23:11:45,481 - BlankSpaceAnalyzer - INFO - -> Analyzing version 15.0.0-next.3 (375/973)...
2025-11-01 23:11:45,577 - BlankSpaceAnalyzer - INFO - -> Analyzing version 15.0.0-next.4 (376/973)...
2025-11-01 23:11:45,671 - BlankSpaceAnalyzer - INFO - -> Analyzing version 15.0.0-next.5 (377/973)...
2025-11-01 23:11:45,769 - BlankSpaceAnalyzer - INFO - -> Analyzing version 15.0.0-next.6 (378/973)...
2025-11-01 23:11:45,866 - BlankSpaceAnalyzer - INFO - -> Analyzing version 15.0.0-rc.0 (379/973)...
2025-11-01 23:11:45,959 - BlankSpaceAnalyzer - INFO - -> Analyzing version 15.0.0-rc.1 (380/973)...
2025-11-01 23:11:46,057 - BlankSpaceAnalyzer - INFO - -> Analyzing version 15.0.0-rc.2 (381/973)...
2025-11-01 23:11:46,159 - BlankSpaceAnalyzer - INFO - -> Analyzing version 15.0.0-rc.3 (382/973)...
2025-11-01 23:11:46,259 - BlankSpaceAnalyzer - INFO - -> Analyzing version 15.0.0-rc.4 (383/973)...
2025-11-01 23:11:46,360 - BlankSpaceAnalyzer - INFO - -> Analyzing version 15.0.0-rc.5 (384/973)...
2025-11-01 23:11:46,458 - BlankSpaceAnalyzer - INFO - -> Analyzing version 15.0.1 (385/973)...
2025-11-01 23:11:46,550 - BlankSpaceAnalyzer - INFO - -> Analyzing version 15.0.2 (386/973)...
2025-11-01 23:11:46,645 - BlankSpaceAnalyzer - INFO - -> Analyzing version 15.0.3 (387/973)...
2025-11-01 23:11:46,740 - BlankSpaceAnalyzer - INFO - -> Analyzing version 15.0.4 (388/973)...
2025-11-01 23:11:46,840 - BlankSpaceAnalyzer - INFO - -> Analyzing version 15.0.5 (389/973)...
2025-11-01 23:11:46,933 - BlankSpaceAnalyzer - INFO - -> Analyzing version 15.1.0 (390/973)...
2025-11-01 23:11:47,027 - BlankSpaceAnalyzer - INFO - -> Analyzing version 15.1.0-next.0 (391/973)...
2025-11-01 23:11:47,121 - BlankSpaceAnalyzer - INFO - -> Analyzing version 15.1.0-next.1 (392/973)...
2025-11-01 23:11:47,222 - BlankSpaceAnalyzer - INFO - -> Analyzing version 15.1.0-next.2 (393/973)...
2025-11-01 23:11:47,322 - BlankSpaceAnalyzer - INFO - -> Analyzing version 15.1.0-next.3 (394/973)...
2025-11-01 23:11:47,424 - BlankSpaceAnalyzer - INFO - -> Analyzing version 15.1.0-rc.0 (395/973)...
2025-11-01 23:11:47,525 - BlankSpaceAnalyzer - INFO - -> Analyzing version 15.1.1 (396/973)...
2025-11-01 23:11:47,619 - BlankSpaceAnalyzer - INFO - -> Analyzing version 15.1.2 (397/973)...
2025-11-01 23:11:47,720 - BlankSpaceAnalyzer - INFO - -> Analyzing version 15.1.3 (398/973)...
2025-11-01 23:11:47,813 - BlankSpaceAnalyzer - INFO - -> Analyzing version 15.1.4 (399/973)...
2025-11-01 23:11:47,914 - BlankSpaceAnalyzer - INFO - -> Analyzing version 15.1.5 (400/973)...
2025-11-01 23:11:48,016 - BlankSpaceAnalyzer - INFO - -> Analyzing version 15.1.6 (401/973)...
2025-11-01 23:11:48,118 - BlankSpaceAnalyzer - INFO - -> Analyzing version 15.2.0 (402/973)...
2025-11-01 23:11:48,211 - BlankSpaceAnalyzer - INFO - -> Analyzing version 15.2.0-next.0 (403/973)...
2025-11-01 23:11:48,305 - BlankSpaceAnalyzer - INFO - -> Analyzing version 15.2.0-next.1 (404/973)...
2025-11-01 23:11:48,407 - BlankSpaceAnalyzer - INFO - -> Analyzing version 15.2.0-next.2 (405/973)...
2025-11-01 23:11:48,508 - BlankSpaceAnalyzer - INFO - -> Analyzing version 15.2.0-next.3 (406/973)...
2025-11-01 23:11:48,610 - BlankSpaceAnalyzer - INFO - -> Analyzing version 15.2.0-next.4 (407/973)...
2025-11-01 23:11:48,712 - BlankSpaceAnalyzer - INFO - -> Analyzing version 15.2.0-rc.0 (408/973)...
2025-11-01 23:11:48,814 - BlankSpaceAnalyzer - INFO - -> Analyzing version 15.2.1 (409/973)...
2025-11-01 23:11:48,909 - BlankSpaceAnalyzer - INFO - -> Analyzing version 15.2.10 (410/973)...
2025-11-01 23:11:49,003 - BlankSpaceAnalyzer - INFO - -> Analyzing version 15.2.11 (411/973)...
2025-11-01 23:11:49,105 - BlankSpaceAnalyzer - INFO - -> Analyzing version 15.2.2 (412/973)...
2025-11-01 23:11:49,198 - BlankSpaceAnalyzer - INFO - -> Analyzing version 15.2.3 (413/973)...
2025-11-01 23:11:49,299 - BlankSpaceAnalyzer - INFO - -> Analyzing version 15.2.4 (414/973)...
2025-11-01 23:11:49,393 - BlankSpaceAnalyzer - INFO - -> Analyzing version 15.2.5 (415/973)...
2025-11-01 23:11:49,493 - BlankSpaceAnalyzer - INFO - -> Analyzing version 15.2.6 (416/973)...
2025-11-01 23:11:49,588 - BlankSpaceAnalyzer - INFO - -> Analyzing version 15.2.7 (417/973)...
2025-11-01 23:11:49,681 - BlankSpaceAnalyzer - INFO - -> Analyzing version 15.2.8 (418/973)...
2025-11-01 23:11:49,776 - BlankSpaceAnalyzer - INFO - -> Analyzing version 15.2.9 (419/973)...
2025-11-01 23:11:49,872 - BlankSpaceAnalyzer - INFO - -> Analyzing version 16.0.0 (420/973)...
2025-11-01 23:11:49,965 - BlankSpaceAnalyzer - INFO - -> Analyzing version 16.0.0-next.0 (421/973)...
2025-11-01 23:11:50,060 - BlankSpaceAnalyzer - INFO - -> Analyzing version 16.0.0-next.1 (422/973)...
2025-11-01 23:11:50,156 - BlankSpaceAnalyzer - INFO - -> Analyzing version 16.0.0-next.2 (423/973)...
2025-11-01 23:11:50,255 - BlankSpaceAnalyzer - INFO - -> Analyzing version 16.0.0-next.3 (424/973)...
2025-11-01 23:11:50,352 - BlankSpaceAnalyzer - INFO - -> Analyzing version 16.0.0-next.4 (425/973)...
2025-11-01 23:11:50,454 - BlankSpaceAnalyzer - INFO - -> Analyzing version 16.0.0-next.5 (426/973)...
2025-11-01 23:11:50,557 - BlankSpaceAnalyzer - INFO - -> Analyzing version 16.0.0-next.6 (427/973)...
2025-11-01 23:11:50,658 - BlankSpaceAnalyzer - INFO - -> Analyzing version 16.0.0-next.7 (428/973)...
2025-11-01 23:11:50,757 - BlankSpaceAnalyzer - INFO - -> Analyzing version 16.0.0-rc.0 (429/973)...
2025-11-01 23:11:50,854 - BlankSpaceAnalyzer - INFO - -> Analyzing version 16.0.0-rc.1 (430/973)...
2025-11-01 23:11:50,955 - BlankSpaceAnalyzer - INFO - -> Analyzing version 16.0.0-rc.2 (431/973)...
2025-11-01 23:11:51,057 - BlankSpaceAnalyzer - INFO - -> Analyzing version 16.0.0-rc.3 (432/973)...
2025-11-01 23:11:51,159 - BlankSpaceAnalyzer - INFO - -> Analyzing version 16.0.0-rc.4 (433/973)...
2025-11-01 23:11:51,260 - BlankSpaceAnalyzer - INFO - -> Analyzing version 16.0.1 (434/973)...
2025-11-01 23:11:51,357 - BlankSpaceAnalyzer - INFO - -> Analyzing version 16.0.2 (435/973)...
2025-11-01 23:11:51,454 - BlankSpaceAnalyzer - INFO - -> Analyzing version 16.0.3 (436/973)...
2025-11-01 23:11:51,553 - BlankSpaceAnalyzer - INFO - -> Analyzing version 16.0.4 (437/973)...
2025-11-01 23:11:51,646 - BlankSpaceAnalyzer - INFO - -> Analyzing version 16.0.5 (438/973)...
2025-11-01 23:11:51,740 - BlankSpaceAnalyzer - INFO - -> Analyzing version 16.0.6 (439/973)...
2025-11-01 23:11:51,834 - BlankSpaceAnalyzer - INFO - -> Analyzing version 16.1.0 (440/973)...
2025-11-01 23:11:51,935 - BlankSpaceAnalyzer - INFO - -> Analyzing version 16.1.0-next.0 (441/973)...
2025-11-01 23:11:52,028 - BlankSpaceAnalyzer - INFO - -> Analyzing version 16.1.0-next.1 (442/973)...
2025-11-01 23:11:52,122 - BlankSpaceAnalyzer - INFO - -> Analyzing version 16.1.0-next.2 (443/973)...
2025-11-01 23:11:52,223 - BlankSpaceAnalyzer - INFO - -> Analyzing version 16.1.0-rc.0 (444/973)...
2025-11-01 23:11:52,318 - BlankSpaceAnalyzer - INFO - -> Analyzing version 16.1.1 (445/973)...
2025-11-01 23:11:52,420 - BlankSpaceAnalyzer - INFO - -> Analyzing version 16.1.2 (446/973)...
2025-11-01 23:11:52,523 - BlankSpaceAnalyzer - INFO - -> Analyzing version 16.1.3 (447/973)...
2025-11-01 23:11:52,617 - BlankSpaceAnalyzer - INFO - -> Analyzing version 16.1.4 (448/973)...
2025-11-01 23:11:52,719 - BlankSpaceAnalyzer - INFO - -> Analyzing version 16.1.5 (449/973)...
2025-11-01 23:11:52,820 - BlankSpaceAnalyzer - INFO - -> Analyzing version 16.1.6 (450/973)...
2025-11-01 23:11:52,921 - BlankSpaceAnalyzer - INFO - -> Analyzing version 16.1.7 (451/973)...
2025-11-01 23:11:53,023 - BlankSpaceAnalyzer - INFO - -> Analyzing version 16.1.8 (452/973)...
2025-11-01 23:11:53,124 - BlankSpaceAnalyzer - INFO - -> Analyzing version 16.2.0 (453/973)...
2025-11-01 23:11:53,220 - BlankSpaceAnalyzer - INFO - -> Analyzing version 16.2.0-next.0 (454/973)...
2025-11-01 23:11:53,321 - BlankSpaceAnalyzer - INFO - -> Analyzing version 16.2.0-next.1 (455/973)...
2025-11-01 23:11:53,422 - BlankSpaceAnalyzer - INFO - -> Analyzing version 16.2.0-next.2 (456/973)...
2025-11-01 23:11:53,524 - BlankSpaceAnalyzer - INFO - -> Analyzing version 16.2.0-next.3 (457/973)...
2025-11-01 23:11:53,617 - BlankSpaceAnalyzer - INFO - -> Analyzing version 16.2.0-next.4 (458/973)...
2025-11-01 23:11:53,718 - BlankSpaceAnalyzer - INFO - -> Analyzing version 16.2.0-rc.0 (459/973)...
2025-11-01 23:11:53,821 - BlankSpaceAnalyzer - INFO - -> Analyzing version 16.2.0-rc.1 (460/973)...
2025-11-01 23:11:53,915 - BlankSpaceAnalyzer - INFO - -> Analyzing version 16.2.1 (461/973)...
2025-11-01 23:11:54,016 - BlankSpaceAnalyzer - INFO - -> Analyzing version 16.2.10 (462/973)...
2025-11-01 23:11:54,111 - BlankSpaceAnalyzer - INFO - -> Analyzing version 16.2.11 (463/973)...
2025-11-01 23:11:54,205 - BlankSpaceAnalyzer - INFO - -> Analyzing version 16.2.12 (464/973)...
2025-11-01 23:11:54,307 - BlankSpaceAnalyzer - INFO - -> Analyzing version 16.2.13 (465/973)...
2025-11-01 23:11:54,400 - BlankSpaceAnalyzer - INFO - -> Analyzing version 16.2.14 (466/973)...
2025-11-01 23:11:54,501 - BlankSpaceAnalyzer - INFO - -> Analyzing version 16.2.15 (467/973)...
2025-11-01 23:11:54,602 - BlankSpaceAnalyzer - INFO - -> Analyzing version 16.2.16 (468/973)...
2025-11-01 23:11:54,703 - BlankSpaceAnalyzer - INFO - -> Analyzing version 16.2.2 (469/973)...
2025-11-01 23:11:54,796 - BlankSpaceAnalyzer - INFO - -> Analyzing version 16.2.3 (470/973)...
2025-11-01 23:11:54,898 - BlankSpaceAnalyzer - INFO - -> Analyzing version 16.2.4 (471/973)...
2025-11-01 23:11:55,001 - BlankSpaceAnalyzer - INFO - -> Analyzing version 16.2.5 (472/973)...
2025-11-01 23:11:55,097 - BlankSpaceAnalyzer - INFO - -> Analyzing version 16.2.6 (473/973)...
2025-11-01 23:11:55,199 - BlankSpaceAnalyzer - INFO - -> Analyzing version 16.2.7 (474/973)...
2025-11-01 23:11:55,303 - BlankSpaceAnalyzer - INFO - -> Analyzing version 16.2.8 (475/973)...
2025-11-01 23:11:55,403 - BlankSpaceAnalyzer - INFO - -> Analyzing version 16.2.9 (476/973)...
2025-11-01 23:11:55,497 - BlankSpaceAnalyzer - INFO - -> Analyzing version 17.0.0 (477/973)...
2025-11-01 23:11:55,590 - BlankSpaceAnalyzer - INFO - -> Analyzing version 17.0.0-next.0 (478/973)...
2025-11-01 23:11:55,690 - BlankSpaceAnalyzer - INFO - -> Analyzing version 17.0.0-next.3 (479/973)...
2025-11-01 23:11:55,785 - BlankSpaceAnalyzer - INFO - -> Analyzing version 17.0.0-next.4 (480/973)...
2025-11-01 23:11:55,878 - BlankSpaceAnalyzer - INFO - -> Analyzing version 17.0.0-next.5 (481/973)...
2025-11-01 23:11:55,972 - BlankSpaceAnalyzer - INFO - -> Analyzing version 17.0.0-next.6 (482/973)...
2025-11-01 23:11:56,071 - BlankSpaceAnalyzer - INFO - -> Analyzing version 17.0.0-next.7 (483/973)...
2025-11-01 23:11:56,168 - BlankSpaceAnalyzer - INFO - -> Analyzing version 17.0.0-next.8 (484/973)...
2025-11-01 23:11:56,262 - BlankSpaceAnalyzer - INFO - -> Analyzing version 17.0.0-next.9 (485/973)...
2025-11-01 23:11:56,353 - BlankSpaceAnalyzer - INFO - -> Analyzing version 17.0.0-rc.0 (486/973)...
2025-11-01 23:11:56,447 - BlankSpaceAnalyzer - INFO - -> Analyzing version 17.0.0-rc.1 (487/973)...
2025-11-01 23:11:56,539 - BlankSpaceAnalyzer - INFO - -> Analyzing version 17.0.0-rc.2 (488/973)...
2025-11-01 23:11:56,633 - BlankSpaceAnalyzer - INFO - -> Analyzing version 17.0.0-rc.3 (489/973)...
2025-11-01 23:11:56,726 - BlankSpaceAnalyzer - INFO - -> Analyzing version 17.0.0-rc.4 (490/973)...
2025-11-01 23:11:56,822 - BlankSpaceAnalyzer - INFO - -> Analyzing version 17.0.0-rc.5 (491/973)...
2025-11-01 23:11:56,922 - BlankSpaceAnalyzer - INFO - -> Analyzing version 17.0.1 (492/973)...
2025-11-01 23:11:57,016 - BlankSpaceAnalyzer - INFO - -> Analyzing version 17.0.10 (493/973)...
2025-11-01 23:11:57,110 - BlankSpaceAnalyzer - INFO - -> Analyzing version 17.0.2 (494/973)...
2025-11-01 23:11:57,211 - BlankSpaceAnalyzer - INFO - -> Analyzing version 17.0.3 (495/973)...
2025-11-01 23:11:57,304 - BlankSpaceAnalyzer - INFO - -> Analyzing version 17.0.4 (496/973)...
2025-11-01 23:11:57,405 - BlankSpaceAnalyzer - INFO - -> Analyzing version 17.0.5 (497/973)...
2025-11-01 23:11:57,497 - BlankSpaceAnalyzer - INFO - -> Analyzing version 17.0.6 (498/973)...
2025-11-01 23:11:57,597 - BlankSpaceAnalyzer - INFO - -> Analyzing version 17.0.7 (499/973)...
2025-11-01 23:11:57,691 - BlankSpaceAnalyzer - INFO - -> Analyzing version 17.0.8 (500/973)...
2025-11-01 23:11:57,790 - BlankSpaceAnalyzer - INFO - -> Analyzing version 17.0.9 (501/973)...
2025-11-01 23:11:57,885 - BlankSpaceAnalyzer - INFO - -> Analyzing version 17.1.0 (502/973)...
2025-11-01 23:11:57,983 - BlankSpaceAnalyzer - INFO - -> Analyzing version 17.1.0-next.0 (503/973)...
2025-11-01 23:11:58,086 - BlankSpaceAnalyzer - INFO - -> Analyzing version 17.1.0-next.1 (504/973)...
2025-11-01 23:11:58,188 - BlankSpaceAnalyzer - INFO - -> Analyzing version 17.1.0-next.2 (505/973)...
2025-11-01 23:11:58,289 - BlankSpaceAnalyzer - INFO - -> Analyzing version 17.1.0-next.3 (506/973)...
2025-11-01 23:11:58,391 - BlankSpaceAnalyzer - INFO - -> Analyzing version 17.1.0-rc.0 (507/973)...
2025-11-01 23:11:58,487 - BlankSpaceAnalyzer - INFO - -> Analyzing version 17.1.0-rc.1 (508/973)...
2025-11-01 23:11:58,581 - BlankSpaceAnalyzer - INFO - -> Analyzing version 17.1.1 (509/973)...
2025-11-01 23:11:58,681 - BlankSpaceAnalyzer - INFO - -> Analyzing version 17.1.2 (510/973)...
2025-11-01 23:11:58,777 - BlankSpaceAnalyzer - INFO - -> Analyzing version 17.1.3 (511/973)...
2025-11-01 23:11:58,875 - BlankSpaceAnalyzer - INFO - -> Analyzing version 17.1.4 (512/973)...
2025-11-01 23:11:58,971 - BlankSpaceAnalyzer - INFO - -> Analyzing version 17.2.0 (513/973)...
2025-11-01 23:11:59,069 - BlankSpaceAnalyzer - INFO - -> Analyzing version 17.2.0-next.0 (514/973)...
2025-11-01 23:11:59,165 - BlankSpaceAnalyzer - INFO - -> Analyzing version 17.2.0-next.1 (515/973)...
2025-11-01 23:11:59,262 - BlankSpaceAnalyzer - INFO - -> Analyzing version 17.2.0-rc.0 (516/973)...
2025-11-01 23:11:59,363 - BlankSpaceAnalyzer - INFO - -> Analyzing version 17.2.1 (517/973)...
2025-11-01 23:11:59,465 - BlankSpaceAnalyzer - INFO - -> Analyzing version 17.2.2 (518/973)...
2025-11-01 23:11:59,566 - BlankSpaceAnalyzer - INFO - -> Analyzing version 17.2.3 (519/973)...
2025-11-01 23:11:59,668 - BlankSpaceAnalyzer - INFO - -> Analyzing version 17.3.0 (520/973)...
2025-11-01 23:11:59,770 - BlankSpaceAnalyzer - INFO - -> Analyzing version 17.3.0-rc.0 (521/973)...
2025-11-01 23:11:59,872 - BlankSpaceAnalyzer - INFO - -> Analyzing version 17.3.1 (522/973)...
2025-11-01 23:11:59,969 - BlankSpaceAnalyzer - INFO - -> Analyzing version 17.3.10 (523/973)...
2025-11-01 23:12:00,069 - BlankSpaceAnalyzer - INFO - -> Analyzing version 17.3.11 (524/973)...
2025-11-01 23:12:00,167 - BlankSpaceAnalyzer - INFO - -> Analyzing version 17.3.12 (525/973)...
2025-11-01 23:12:00,268 - BlankSpaceAnalyzer - INFO - -> Analyzing version 17.3.13 (526/973)...
2025-11-01 23:12:00,367 - BlankSpaceAnalyzer - INFO - -> Analyzing version 17.3.14 (527/973)...
2025-11-01 23:12:00,468 - BlankSpaceAnalyzer - INFO - -> Analyzing version 17.3.15 (528/973)...
2025-11-01 23:12:00,571 - BlankSpaceAnalyzer - INFO - -> Analyzing version 17.3.16 (529/973)...
2025-11-01 23:12:00,673 - BlankSpaceAnalyzer - INFO - -> Analyzing version 17.3.17 (530/973)...
2025-11-01 23:12:00,770 - BlankSpaceAnalyzer - INFO - -> Analyzing version 17.3.2 (531/973)...
2025-11-01 23:12:00,870 - BlankSpaceAnalyzer - INFO - -> Analyzing version 17.3.3 (532/973)...
2025-11-01 23:12:00,969 - BlankSpaceAnalyzer - INFO - -> Analyzing version 17.3.4 (533/973)...
2025-11-01 23:12:01,069 - BlankSpaceAnalyzer - INFO - -> Analyzing version 17.3.5 (534/973)...
2025-11-01 23:12:01,171 - BlankSpaceAnalyzer - INFO - -> Analyzing version 17.3.6 (535/973)...
2025-11-01 23:12:01,273 - BlankSpaceAnalyzer - INFO - -> Analyzing version 17.3.7 (536/973)...
2025-11-01 23:12:01,375 - BlankSpaceAnalyzer - INFO - -> Analyzing version 17.3.8 (537/973)...
2025-11-01 23:12:01,477 - BlankSpaceAnalyzer - INFO - -> Analyzing version 17.3.9 (538/973)...
2025-11-01 23:12:01,578 - BlankSpaceAnalyzer - INFO - -> Analyzing version 18.0.0 (539/973)...
2025-11-01 23:12:01,680 - BlankSpaceAnalyzer - INFO - -> Analyzing version 18.0.0-next.0 (540/973)...
2025-11-01 23:12:01,782 - BlankSpaceAnalyzer - INFO - -> Analyzing version 18.0.0-next.1 (541/973)...
2025-11-01 23:12:01,878 - BlankSpaceAnalyzer - INFO - -> Analyzing version 18.0.0-next.2 (542/973)...
2025-11-01 23:12:01,972 - BlankSpaceAnalyzer - INFO - -> Analyzing version 18.0.0-next.3 (543/973)...
2025-11-01 23:12:02,072 - BlankSpaceAnalyzer - INFO - -> Analyzing version 18.0.0-next.4 (544/973)...
2025-11-01 23:12:02,173 - BlankSpaceAnalyzer - INFO - -> Analyzing version 18.0.0-next.5 (545/973)...
2025-11-01 23:12:02,270 - BlankSpaceAnalyzer - INFO - -> Analyzing version 18.0.0-rc.0 (546/973)...
2025-11-01 23:12:02,367 - BlankSpaceAnalyzer - INFO - -> Analyzing version 18.0.0-rc.1 (547/973)...
2025-11-01 23:12:02,466 - BlankSpaceAnalyzer - INFO - -> Analyzing version 18.0.0-rc.2 (548/973)...
2025-11-01 23:12:02,564 - BlankSpaceAnalyzer - INFO - -> Analyzing version 18.0.0-rc.3 (549/973)...
2025-11-01 23:12:02,662 - BlankSpaceAnalyzer - INFO - -> Analyzing version 18.0.1 (550/973)...
2025-11-01 23:12:02,759 - BlankSpaceAnalyzer - INFO - -> Analyzing version 18.0.2 (551/973)...
2025-11-01 23:12:02,861 - BlankSpaceAnalyzer - INFO - -> Analyzing version 18.0.3 (552/973)...
2025-11-01 23:12:02,961 - BlankSpaceAnalyzer - INFO - -> Analyzing version 18.0.4 (553/973)...
2025-11-01 23:12:03,060 - BlankSpaceAnalyzer - INFO - -> Analyzing version 18.0.5 (554/973)...
2025-11-01 23:12:03,161 - BlankSpaceAnalyzer - INFO - -> Analyzing version 18.0.6 (555/973)...
2025-11-01 23:12:03,258 - BlankSpaceAnalyzer - INFO - -> Analyzing version 18.0.7 (556/973)...
2025-11-01 23:12:03,355 - BlankSpaceAnalyzer - INFO - -> Analyzing version 18.1.0 (557/973)...
2025-11-01 23:12:03,455 - BlankSpaceAnalyzer - INFO - -> Analyzing version 18.1.0-next.0 (558/973)...
2025-11-01 23:12:03,557 - BlankSpaceAnalyzer - INFO - -> Analyzing version 18.1.0-next.1 (559/973)...
2025-11-01 23:12:03,659 - BlankSpaceAnalyzer - INFO - -> Analyzing version 18.1.0-next.2 (560/973)...
2025-11-01 23:12:03,760 - BlankSpaceAnalyzer - INFO - -> Analyzing version 18.1.0-next.3 (561/973)...
2025-11-01 23:12:03,859 - BlankSpaceAnalyzer - INFO - -> Analyzing version 18.1.0-rc.0 (562/973)...
2025-11-01 23:12:03,956 - BlankSpaceAnalyzer - INFO - -> Analyzing version 18.1.0-rc.1 (563/973)...
2025-11-01 23:12:04,058 - BlankSpaceAnalyzer - INFO - -> Analyzing version 18.1.1 (564/973)...
2025-11-01 23:12:04,160 - BlankSpaceAnalyzer - INFO - -> Analyzing version 18.1.2 (565/973)...
2025-11-01 23:12:04,263 - BlankSpaceAnalyzer - INFO - -> Analyzing version 18.1.3 (566/973)...
2025-11-01 23:12:04,359 - BlankSpaceAnalyzer - INFO - -> Analyzing version 18.1.4 (567/973)...
2025-11-01 23:12:04,461 - BlankSpaceAnalyzer - INFO - -> Analyzing version 18.2.0 (568/973)...
2025-11-01 23:12:04,560 - BlankSpaceAnalyzer - INFO - -> Analyzing version 18.2.0-next.0 (569/973)...
2025-11-01 23:12:04,657 - BlankSpaceAnalyzer - INFO - -> Analyzing version 18.2.0-next.1 (570/973)...
2025-11-01 23:12:04,756 - BlankSpaceAnalyzer - INFO - -> Analyzing version 18.2.0-next.2 (571/973)...
2025-11-01 23:12:04,852 - BlankSpaceAnalyzer - INFO - -> Analyzing version 18.2.0-next.3 (572/973)...
2025-11-01 23:12:04,951 - BlankSpaceAnalyzer - INFO - -> Analyzing version 18.2.0-rc.0 (573/973)...
2025-11-01 23:12:05,047 - BlankSpaceAnalyzer - INFO - -> Analyzing version 18.2.1 (574/973)...
2025-11-01 23:12:05,150 - BlankSpaceAnalyzer - INFO - -> Analyzing version 18.2.10 (575/973)...
2025-11-01 23:12:05,252 - BlankSpaceAnalyzer - INFO - -> Analyzing version 18.2.11 (576/973)...
2025-11-01 23:12:05,355 - BlankSpaceAnalyzer - INFO - -> Analyzing version 18.2.12 (577/973)...
2025-11-01 23:12:05,454 - BlankSpaceAnalyzer - INFO - -> Analyzing version 18.2.13 (578/973)...
2025-11-01 23:12:05,547 - BlankSpaceAnalyzer - INFO - -> Analyzing version 18.2.14 (579/973)...
2025-11-01 23:12:05,641 - BlankSpaceAnalyzer - INFO - -> Analyzing version 18.2.15 (580/973)...
2025-11-01 23:12:05,736 - BlankSpaceAnalyzer - INFO - -> Analyzing version 18.2.16 (581/973)...
2025-11-01 23:12:05,835 - BlankSpaceAnalyzer - INFO - -> Analyzing version 18.2.17 (582/973)...
2025-11-01 23:12:05,928 - BlankSpaceAnalyzer - INFO - -> Analyzing version 18.2.18 (583/973)...
2025-11-01 23:12:06,021 - BlankSpaceAnalyzer - INFO - -> Analyzing version 18.2.19 (584/973)...
2025-11-01 23:12:06,123 - BlankSpaceAnalyzer - INFO - -> Analyzing version 18.2.2 (585/973)...
2025-11-01 23:12:06,216 - BlankSpaceAnalyzer - INFO - -> Analyzing version 18.2.20 (586/973)...
2025-11-01 23:12:06,317 - BlankSpaceAnalyzer - INFO - -> Analyzing version 18.2.21 (587/973)...
2025-11-01 23:12:06,418 - BlankSpaceAnalyzer - INFO - -> Analyzing version 18.2.3 (588/973)...
2025-11-01 23:12:06,519 - BlankSpaceAnalyzer - INFO - -> Analyzing version 18.2.4 (589/973)...
2025-11-01 23:12:06,620 - BlankSpaceAnalyzer - INFO - -> Analyzing version 18.2.5 (590/973)...
2025-11-01 23:12:06,715 - BlankSpaceAnalyzer - INFO - -> Analyzing version 18.2.6 (591/973)...
2025-11-01 23:12:06,817 - BlankSpaceAnalyzer - INFO - -> Analyzing version 18.2.7 (592/973)...
2025-11-01 23:12:06,911 - BlankSpaceAnalyzer - INFO - -> Analyzing version 18.2.8 (593/973)...
2025-11-01 23:12:07,004 - BlankSpaceAnalyzer - INFO - -> Analyzing version 18.2.9 (594/973)...
2025-11-01 23:12:07,106 - BlankSpaceAnalyzer - INFO - -> Analyzing version 19.0.0 (595/973)...
2025-11-01 23:12:07,207 - BlankSpaceAnalyzer - INFO - -> Analyzing version 19.0.0-next.0 (596/973)...
2025-11-01 23:12:07,308 - BlankSpaceAnalyzer - INFO - -> Analyzing version 19.0.0-next.1 (597/973)...
2025-11-01 23:12:07,401 - BlankSpaceAnalyzer - INFO - -> Analyzing version 19.0.0-next.10 (598/973)...
2025-11-01 23:12:07,503 - BlankSpaceAnalyzer - INFO - -> Analyzing version 19.0.0-next.11 (599/973)...
2025-11-01 23:12:07,604 - BlankSpaceAnalyzer - INFO - -> Analyzing version 19.0.0-next.12 (600/973)...
2025-11-01 23:12:07,698 - BlankSpaceAnalyzer - INFO - -> Analyzing version 19.0.0-next.13 (601/973)...
2025-11-01 23:12:07,801 - BlankSpaceAnalyzer - INFO - -> Analyzing version 19.0.0-next.2 (602/973)...
2025-11-01 23:12:07,896 - BlankSpaceAnalyzer - INFO - -> Analyzing version 19.0.0-next.3 (603/973)...
2025-11-01 23:12:07,996 - BlankSpaceAnalyzer - INFO - -> Analyzing version 19.0.0-next.4 (604/973)...
2025-11-01 23:12:08,091 - BlankSpaceAnalyzer - INFO - -> Analyzing version 19.0.0-next.5 (605/973)...
2025-11-01 23:12:08,184 - BlankSpaceAnalyzer - INFO - -> Analyzing version 19.0.0-next.6 (606/973)...
2025-11-01 23:12:08,278 - BlankSpaceAnalyzer - INFO - -> Analyzing version 19.0.0-next.7 (607/973)...
2025-11-01 23:12:08,376 - BlankSpaceAnalyzer - INFO - -> Analyzing version 19.0.0-next.8 (608/973)...
2025-11-01 23:12:08,477 - BlankSpaceAnalyzer - INFO - -> Analyzing version 19.0.0-next.9 (609/973)...
2025-11-01 23:12:08,580 - BlankSpaceAnalyzer - INFO - -> Analyzing version 19.0.0-rc.0 (610/973)...
2025-11-01 23:12:08,680 - BlankSpaceAnalyzer - INFO - -> Analyzing version 19.0.0-rc.1 (611/973)...
2025-11-01 23:12:08,778 - BlankSpaceAnalyzer - INFO - -> Analyzing version 19.0.0-rc.2 (612/973)...
2025-11-01 23:12:08,875 - BlankSpaceAnalyzer - INFO - -> Analyzing version 19.0.0-rc.3 (613/973)...
2025-11-01 23:12:08,973 - BlankSpaceAnalyzer - INFO - -> Analyzing version 19.0.1 (614/973)...
2025-11-01 23:12:09,071 - BlankSpaceAnalyzer - INFO - -> Analyzing version 19.0.2 (615/973)...
2025-11-01 23:12:09,170 - BlankSpaceAnalyzer - INFO - -> Analyzing version 19.0.3 (616/973)...
2025-11-01 23:12:09,271 - BlankSpaceAnalyzer - INFO - -> Analyzing version 19.0.4 (617/973)...
2025-11-01 23:12:09,373 - BlankSpaceAnalyzer - INFO - -> Analyzing version 19.0.5 (618/973)...
2025-11-01 23:12:09,470 - BlankSpaceAnalyzer - INFO - -> Analyzing version 19.0.6 (619/973)...
2025-11-01 23:12:09,563 - BlankSpaceAnalyzer - INFO - -> Analyzing version 19.0.7 (620/973)...
2025-11-01 23:12:09,661 - BlankSpaceAnalyzer - INFO - -> Analyzing version 19.1.0 (621/973)...
2025-11-01 23:12:09,763 - BlankSpaceAnalyzer - INFO - -> Analyzing version 19.1.0-next.0 (622/973)...
2025-11-01 23:12:09,866 - BlankSpaceAnalyzer - INFO - -> Analyzing version 19.1.0-next.1 (623/973)...
2025-11-01 23:12:09,968 - BlankSpaceAnalyzer - INFO - -> Analyzing version 19.1.0-next.2 (624/973)...
2025-11-01 23:12:10,069 - BlankSpaceAnalyzer - INFO - -> Analyzing version 19.1.0-rc.0 (625/973)...
2025-11-01 23:12:10,171 - BlankSpaceAnalyzer - INFO - -> Analyzing version 19.1.1 (626/973)...
2025-11-01 23:12:10,269 - BlankSpaceAnalyzer - INFO - -> Analyzing version 19.1.2 (627/973)...
2025-11-01 23:12:10,363 - BlankSpaceAnalyzer - INFO - -> Analyzing version 19.1.3 (628/973)...
2025-11-01 23:12:10,461 - BlankSpaceAnalyzer - INFO - -> Analyzing version 19.1.4 (629/973)...
2025-11-01 23:12:10,558 - BlankSpaceAnalyzer - INFO - -> Analyzing version 19.1.5 (630/973)...
2025-11-01 23:12:10,655 - BlankSpaceAnalyzer - INFO - -> Analyzing version 19.1.6 (631/973)...
2025-11-01 23:12:10,757 - BlankSpaceAnalyzer - INFO - -> Analyzing version 19.1.7 (632/973)...
2025-11-01 23:12:10,855 - BlankSpaceAnalyzer - INFO - -> Analyzing version 19.1.8 (633/973)...
2025-11-01 23:12:10,951 - BlankSpaceAnalyzer - INFO - -> Analyzing version 19.1.9 (634/973)...
2025-11-01 23:12:11,050 - BlankSpaceAnalyzer - INFO - -> Analyzing version 19.2.0 (635/973)...
2025-11-01 23:12:11,147 - BlankSpaceAnalyzer - INFO - -> Analyzing version 19.2.0-next.0 (636/973)...
2025-11-01 23:12:11,243 - BlankSpaceAnalyzer - INFO - -> Analyzing version 19.2.0-next.1 (637/973)...
2025-11-01 23:12:11,344 - BlankSpaceAnalyzer - INFO - -> Analyzing version 19.2.0-next.2 (638/973)...
2025-11-01 23:12:11,446 - BlankSpaceAnalyzer - INFO - -> Analyzing version 19.2.0-rc.0 (639/973)...
2025-11-01 23:12:11,547 - BlankSpaceAnalyzer - INFO - -> Analyzing version 19.2.1 (640/973)...
2025-11-01 23:12:11,655 - BlankSpaceAnalyzer - INFO - -> Analyzing version 19.2.10 (641/973)...
2025-11-01 23:12:11,756 - BlankSpaceAnalyzer - INFO - -> Analyzing version 19.2.11 (642/973)...
2025-11-01 23:12:11,856 - BlankSpaceAnalyzer - INFO - -> Analyzing version 19.2.12 (643/973)...
2025-11-01 23:12:11,955 - BlankSpaceAnalyzer - INFO - -> Analyzing version 19.2.13 (644/973)...
2025-11-01 23:12:12,049 - BlankSpaceAnalyzer - INFO - -> Analyzing version 19.2.14 (645/973)...
2025-11-01 23:12:12,144 - BlankSpaceAnalyzer - INFO - -> Analyzing version 19.2.15 (646/973)...
2025-11-01 23:12:12,243 - BlankSpaceAnalyzer - INFO - -> Analyzing version 19.2.16 (647/973)...
2025-11-01 23:12:12,337 - BlankSpaceAnalyzer - INFO - -> Analyzing version 19.2.17 (648/973)...
2025-11-01 23:12:12,430 - BlankSpaceAnalyzer - INFO - -> Analyzing version 19.2.18 (649/973)...
2025-11-01 23:12:12,523 - BlankSpaceAnalyzer - INFO - -> Analyzing version 19.2.19 (650/973)...
2025-11-01 23:12:12,626 - BlankSpaceAnalyzer - INFO - -> Analyzing version 19.2.2 (651/973)...
2025-11-01 23:12:12,720 - BlankSpaceAnalyzer - INFO - -> Analyzing version 19.2.3 (652/973)...
2025-11-01 23:12:12,821 - BlankSpaceAnalyzer - INFO - -> Analyzing version 19.2.4 (653/973)...
2025-11-01 23:12:12,914 - BlankSpaceAnalyzer - INFO - -> Analyzing version 19.2.5 (654/973)...
2025-11-01 23:12:13,008 - BlankSpaceAnalyzer - INFO - -> Analyzing version 19.2.6 (655/973)...
2025-11-01 23:12:13,109 - BlankSpaceAnalyzer - INFO - -> Analyzing version 19.2.7 (656/973)...
2025-11-01 23:12:13,210 - BlankSpaceAnalyzer - INFO - -> Analyzing version 19.2.8 (657/973)...
2025-11-01 23:12:13,311 - BlankSpaceAnalyzer - INFO - -> Analyzing version 19.2.9 (658/973)...
2025-11-01 23:12:13,405 - BlankSpaceAnalyzer - INFO - -> Analyzing version 20.0.0 (659/973)...
2025-11-01 23:12:13,506 - BlankSpaceAnalyzer - INFO - -> Analyzing version 20.0.0-next.0 (660/973)...
2025-11-01 23:12:13,608 - BlankSpaceAnalyzer - INFO - -> Analyzing version 20.0.0-next.1 (661/973)...
2025-11-01 23:12:13,702 - BlankSpaceAnalyzer - INFO - -> Analyzing version 20.0.0-next.2 (662/973)...
2025-11-01 23:12:13,804 - BlankSpaceAnalyzer - INFO - -> Analyzing version 20.0.0-next.3 (663/973)...
2025-11-01 23:12:13,906 - BlankSpaceAnalyzer - INFO - -> Analyzing version 20.0.0-next.4 (664/973)...
2025-11-01 23:12:14,008 - BlankSpaceAnalyzer - INFO - -> Analyzing version 20.0.0-next.5 (665/973)...
2025-11-01 23:12:14,103 - BlankSpaceAnalyzer - INFO - -> Analyzing version 20.0.0-next.6 (666/973)...
2025-11-01 23:12:14,205 - BlankSpaceAnalyzer - INFO - -> Analyzing version 20.0.0-next.7 (667/973)...
2025-11-01 23:12:14,306 - BlankSpaceAnalyzer - INFO - -> Analyzing version 20.0.0-next.8 (668/973)...
2025-11-01 23:12:14,407 - BlankSpaceAnalyzer - INFO - -> Analyzing version 20.0.0-next.9 (669/973)...
2025-11-01 23:12:14,501 - BlankSpaceAnalyzer - INFO - -> Analyzing version 20.0.0-rc.0 (670/973)...
2025-11-01 23:12:14,603 - BlankSpaceAnalyzer - INFO - -> Analyzing version 20.0.0-rc.1 (671/973)...
2025-11-01 23:12:14,705 - BlankSpaceAnalyzer - INFO - -> Analyzing version 20.0.0-rc.2 (672/973)...
2025-11-01 23:12:14,807 - BlankSpaceAnalyzer - INFO - -> Analyzing version 20.0.0-rc.3 (673/973)...
2025-11-01 23:12:14,901 - BlankSpaceAnalyzer - INFO - -> Analyzing version 20.0.0-rc.4 (674/973)...
2025-11-01 23:12:15,004 - BlankSpaceAnalyzer - INFO - -> Analyzing version 20.0.1 (675/973)...
2025-11-01 23:12:15,107 - BlankSpaceAnalyzer - INFO - -> Analyzing version 20.0.2 (676/973)...
2025-11-01 23:12:15,201 - BlankSpaceAnalyzer - INFO - -> Analyzing version 20.0.3 (677/973)...
2025-11-01 23:12:15,302 - BlankSpaceAnalyzer - INFO - -> Analyzing version 20.0.4 (678/973)...
2025-11-01 23:12:15,403 - BlankSpaceAnalyzer - INFO - -> Analyzing version 20.0.5 (679/973)...
2025-11-01 23:12:15,496 - BlankSpaceAnalyzer - INFO - -> Analyzing version 20.0.6 (680/973)...
2025-11-01 23:12:15,597 - BlankSpaceAnalyzer - INFO - -> Analyzing version 20.1.0 (681/973)...
2025-11-01 23:12:15,698 - BlankSpaceAnalyzer - INFO - -> Analyzing version 20.1.0-next.0 (682/973)...
2025-11-01 23:12:15,800 - BlankSpaceAnalyzer - INFO - -> Analyzing version 20.1.0-next.1 (683/973)...
2025-11-01 23:12:15,895 - BlankSpaceAnalyzer - INFO - -> Analyzing version 20.1.0-next.2 (684/973)...
2025-11-01 23:12:15,988 - BlankSpaceAnalyzer - INFO - -> Analyzing version 20.1.0-next.3 (685/973)...
2025-11-01 23:12:16,089 - BlankSpaceAnalyzer - INFO - -> Analyzing version 20.1.0-rc.0 (686/973)...
2025-11-01 23:12:16,190 - BlankSpaceAnalyzer - INFO - -> Analyzing version 20.1.1 (687/973)...
2025-11-01 23:12:16,292 - BlankSpaceAnalyzer - INFO - -> Analyzing version 20.1.2 (688/973)...
2025-11-01 23:12:16,393 - BlankSpaceAnalyzer - INFO - -> Analyzing version 20.1.3 (689/973)...
2025-11-01 23:12:16,494 - BlankSpaceAnalyzer - INFO - -> Analyzing version 20.1.4 (690/973)...
2025-11-01 23:12:16,596 - BlankSpaceAnalyzer - INFO - -> Analyzing version 20.1.5 (691/973)...
2025-11-01 23:12:16,691 - BlankSpaceAnalyzer - INFO - -> Analyzing version 20.1.6 (692/973)...
2025-11-01 23:12:16,791 - BlankSpaceAnalyzer - INFO - -> Analyzing version 20.2.0 (693/973)...
2025-11-01 23:12:16,886 - BlankSpaceAnalyzer - INFO - -> Analyzing version 20.2.0-next.0 (694/973)...
2025-11-01 23:12:16,986 - BlankSpaceAnalyzer - INFO - -> Analyzing version 20.2.0-next.1 (695/973)...
2025-11-01 23:12:17,088 - BlankSpaceAnalyzer - INFO - -> Analyzing version 20.2.0-next.2 (696/973)...
2025-11-01 23:12:17,182 - BlankSpaceAnalyzer - INFO - -> Analyzing version 20.2.0-next.3 (697/973)...
2025-11-01 23:12:17,282 - BlankSpaceAnalyzer - INFO - -> Analyzing version 20.2.0-rc.0 (698/973)...
2025-11-01 23:12:17,377 - BlankSpaceAnalyzer - INFO - -> Analyzing version 20.2.0-rc.1 (699/973)...
2025-11-01 23:12:17,472 - BlankSpaceAnalyzer - INFO - -> Analyzing version 20.2.1 (700/973)...
2025-11-01 23:12:17,570 - BlankSpaceAnalyzer - INFO - -> Analyzing version 20.2.2 (701/973)...
2025-11-01 23:12:17,674 - BlankSpaceAnalyzer - INFO - -> Analyzing version 20.3.0 (702/973)...
2025-11-01 23:12:17,775 - BlankSpaceAnalyzer - INFO - -> Analyzing version 20.3.0-rc.0 (703/973)...
2025-11-01 23:12:17,876 - BlankSpaceAnalyzer - INFO - -> Analyzing version 20.3.1 (704/973)...
2025-11-01 23:12:17,979 - BlankSpaceAnalyzer - INFO - -> Analyzing version 20.3.2 (705/973)...
2025-11-01 23:12:18,082 - BlankSpaceAnalyzer - INFO - -> Analyzing version 20.3.3 (706/973)...
2025-11-01 23:12:18,183 - BlankSpaceAnalyzer - INFO - -> Analyzing version 20.3.4 (707/973)...
2025-11-01 23:12:18,279 - BlankSpaceAnalyzer - INFO - -> Analyzing version 20.3.5 (708/973)...
2025-11-01 23:12:18,372 - BlankSpaceAnalyzer - INFO - -> Analyzing version 20.3.6 (709/973)...
2025-11-01 23:12:18,465 - BlankSpaceAnalyzer - INFO - -> Analyzing version 20.3.7 (710/973)...
2025-11-01 23:12:18,564 - BlankSpaceAnalyzer - INFO - -> Analyzing version 20.3.8 (711/973)...
2025-11-01 23:12:18,661 - BlankSpaceAnalyzer - INFO - -> Analyzing version 21.0.0-next.0 (712/973)...
2025-11-01 23:12:18,754 - BlankSpaceAnalyzer - INFO - -> Analyzing version 21.0.0-next.1 (713/973)...
2025-11-01 23:12:18,847 - BlankSpaceAnalyzer - INFO - -> Analyzing version 21.0.0-next.10 (714/973)...
2025-11-01 23:12:18,943 - BlankSpaceAnalyzer - INFO - -> Analyzing version 21.0.0-next.2 (715/973)...
2025-11-01 23:12:19,042 - BlankSpaceAnalyzer - INFO - -> Analyzing version 21.0.0-next.3 (716/973)...
2025-11-01 23:12:19,136 - BlankSpaceAnalyzer - INFO - -> Analyzing version 21.0.0-next.4 (717/973)...
2025-11-01 23:12:19,229 - BlankSpaceAnalyzer - INFO - -> Analyzing version 21.0.0-next.5 (718/973)...
2025-11-01 23:12:19,322 - BlankSpaceAnalyzer - INFO - -> Analyzing version 21.0.0-next.6 (719/973)...
2025-11-01 23:12:19,424 - BlankSpaceAnalyzer - INFO - -> Analyzing version 21.0.0-next.7 (720/973)...
2025-11-01 23:12:19,517 - BlankSpaceAnalyzer - INFO - -> Analyzing version 21.0.0-next.8 (721/973)...
2025-11-01 23:12:19,618 - BlankSpaceAnalyzer - INFO - -> Analyzing version 21.0.0-next.9 (722/973)...
2025-11-01 23:12:19,719 - BlankSpaceAnalyzer - INFO - -> Analyzing version 21.0.0-rc.0 (723/973)...
2025-11-01 23:12:19,820 - BlankSpaceAnalyzer - INFO - -> Analyzing version 6.0.0 (724/973)...
2025-11-01 23:12:19,913 - BlankSpaceAnalyzer - INFO - -> Analyzing version 6.0.0-beta.2 (725/973)...
2025-11-01 23:12:20,007 - BlankSpaceAnalyzer - INFO - -> Analyzing version 6.0.0-beta.3 (726/973)...
2025-11-01 23:12:20,109 - BlankSpaceAnalyzer - INFO - -> Analyzing version 6.0.0-beta.4 (727/973)...
2025-11-01 23:12:20,203 - BlankSpaceAnalyzer - INFO - -> Analyzing version 6.0.0-beta.5 (728/973)...
2025-11-01 23:12:20,304 - BlankSpaceAnalyzer - INFO - -> Analyzing version 6.0.0-beta.6 (729/973)...
2025-11-01 23:12:20,406 - BlankSpaceAnalyzer - INFO - -> Analyzing version 6.0.0-beta.7 (730/973)...
2025-11-01 23:12:20,502 - BlankSpaceAnalyzer - INFO - -> Analyzing version 6.0.0-beta.8 (731/973)...
2025-11-01 23:12:20,603 - BlankSpaceAnalyzer - INFO - -> Analyzing version 6.0.0-beta.9 (732/973)...
2025-11-01 23:12:20,698 - BlankSpaceAnalyzer - INFO - -> Analyzing version 6.0.0-rc.0 (733/973)...
2025-11-01 23:12:20,792 - BlankSpaceAnalyzer - INFO - -> Analyzing version 6.0.0-rc.1 (734/973)...
2025-11-01 23:12:20,892 - BlankSpaceAnalyzer - INFO - -> Analyzing version 6.0.0-rc.10 (735/973)...
2025-11-01 23:12:20,988 - BlankSpaceAnalyzer - INFO - -> Analyzing version 6.0.0-rc.11 (736/973)...
2025-11-01 23:12:21,090 - BlankSpaceAnalyzer - INFO - -> Analyzing version 6.0.0-rc.2 (737/973)...
2025-11-01 23:12:21,185 - BlankSpaceAnalyzer - INFO - -> Analyzing version 6.0.0-rc.2.2 (738/973)...
2025-11-01 23:12:21,281 - BlankSpaceAnalyzer - INFO - -> Analyzing version 6.0.0-rc.2.3 (739/973)...
2025-11-01 23:12:21,380 - BlankSpaceAnalyzer - INFO - -> Analyzing version 6.0.0-rc.2.4 (740/973)...
2025-11-01 23:12:21,482 - BlankSpaceAnalyzer - INFO - -> Analyzing version 6.0.0-rc.3 (741/973)...
2025-11-01 23:12:21,582 - BlankSpaceAnalyzer - INFO - -> Analyzing version 6.0.0-rc.4 (742/973)...
2025-11-01 23:12:21,681 - BlankSpaceAnalyzer - INFO - -> Analyzing version 6.0.0-rc.5 (743/973)...
2025-11-01 23:12:21,779 - BlankSpaceAnalyzer - INFO - -> Analyzing version 6.0.0-rc.6 (744/973)...
2025-11-01 23:12:21,878 - BlankSpaceAnalyzer - INFO - -> Analyzing version 6.0.0-rc.7 (745/973)...
2025-11-01 23:12:21,980 - BlankSpaceAnalyzer - INFO - -> Analyzing version 6.0.0-rc.8 (746/973)...
2025-11-01 23:12:22,077 - BlankSpaceAnalyzer - INFO - -> Analyzing version 6.0.0-rc.9 (747/973)...
2025-11-01 23:12:22,175 - BlankSpaceAnalyzer - INFO - -> Analyzing version 6.0.1 (748/973)...
2025-11-01 23:12:22,277 - BlankSpaceAnalyzer - INFO - -> Analyzing version 6.0.2 (749/973)...
2025-11-01 23:12:22,379 - BlankSpaceAnalyzer - INFO - -> Analyzing version 6.0.3 (750/973)...
2025-11-01 23:12:22,481 - BlankSpaceAnalyzer - INFO - -> Analyzing version 6.0.4 (751/973)...
2025-11-01 23:12:22,582 - BlankSpaceAnalyzer - INFO - -> Analyzing version 6.0.5 (752/973)...
2025-11-01 23:12:22,684 - BlankSpaceAnalyzer - INFO - -> Analyzing version 6.0.6-1 (753/973)...
2025-11-01 23:12:22,786 - BlankSpaceAnalyzer - INFO - -> Analyzing version 6.0.7 (754/973)...
2025-11-01 23:12:22,888 - BlankSpaceAnalyzer - INFO - -> Analyzing version 6.0.8 (755/973)...
2025-11-01 23:12:22,984 - BlankSpaceAnalyzer - INFO - -> Analyzing version 6.1.0 (756/973)...
2025-11-01 23:12:23,078 - BlankSpaceAnalyzer - INFO - -> Analyzing version 6.1.0-beta.0 (757/973)...
2025-11-01 23:12:23,179 - BlankSpaceAnalyzer - INFO - -> Analyzing version 6.1.0-beta.1 (758/973)...
2025-11-01 23:12:23,281 - BlankSpaceAnalyzer - INFO - -> Analyzing version 6.1.0-beta.2 (759/973)...
2025-11-01 23:12:23,380 - BlankSpaceAnalyzer - INFO - -> Analyzing version 6.1.0-rc.0 (760/973)...
2025-11-01 23:12:23,479 - BlankSpaceAnalyzer - INFO - -> Analyzing version 6.1.0-rc.1 (761/973)...
2025-11-01 23:12:23,581 - BlankSpaceAnalyzer - INFO - -> Analyzing version 6.1.0-rc.2 (762/973)...
2025-11-01 23:12:23,683 - BlankSpaceAnalyzer - INFO - -> Analyzing version 6.1.0-rc.3 (763/973)...
2025-11-01 23:12:23,786 - BlankSpaceAnalyzer - INFO - -> Analyzing version 6.1.1 (764/973)...
2025-11-01 23:12:23,882 - BlankSpaceAnalyzer - INFO - -> Analyzing version 6.1.2 (765/973)...
2025-11-01 23:12:23,977 - BlankSpaceAnalyzer - INFO - -> Analyzing version 6.1.3 (766/973)...
2025-11-01 23:12:24,073 - BlankSpaceAnalyzer - INFO - -> Analyzing version 6.1.4 (767/973)...
2025-11-01 23:12:24,172 - BlankSpaceAnalyzer - INFO - -> Analyzing version 6.1.5 (768/973)...
2025-11-01 23:12:24,275 - BlankSpaceAnalyzer - INFO - -> Analyzing version 6.2.0 (769/973)...
2025-11-01 23:12:24,377 - BlankSpaceAnalyzer - INFO - -> Analyzing version 6.2.0-beta.0 (770/973)...
2025-11-01 23:12:24,478 - BlankSpaceAnalyzer - INFO - -> Analyzing version 6.2.0-beta.1 (771/973)...
2025-11-01 23:12:24,581 - BlankSpaceAnalyzer - INFO - -> Analyzing version 6.2.0-beta.2 (772/973)...
2025-11-01 23:12:24,684 - BlankSpaceAnalyzer - INFO - -> Analyzing version 6.2.0-beta.3 (773/973)...
2025-11-01 23:12:24,786 - BlankSpaceAnalyzer - INFO - -> Analyzing version 6.2.0-rc.0 (774/973)...
2025-11-01 23:12:24,889 - BlankSpaceAnalyzer - INFO - -> Analyzing version 6.2.0-rc.1 (775/973)...
2025-11-01 23:12:24,991 - BlankSpaceAnalyzer - INFO - -> Analyzing version 6.2.1 (776/973)...
2025-11-01 23:12:25,093 - BlankSpaceAnalyzer - INFO - -> Analyzing version 6.2.2 (777/973)...
2025-11-01 23:12:25,195 - BlankSpaceAnalyzer - INFO - -> Analyzing version 6.2.3 (778/973)...
2025-11-01 23:12:25,291 - BlankSpaceAnalyzer - INFO - -> Analyzing version 6.2.4 (779/973)...
2025-11-01 23:12:25,385 - BlankSpaceAnalyzer - INFO - -> Analyzing version 6.2.5 (780/973)...
2025-11-01 23:12:25,485 - BlankSpaceAnalyzer - INFO - -> Analyzing version 6.2.6 (781/973)...
2025-11-01 23:12:25,587 - BlankSpaceAnalyzer - INFO - -> Analyzing version 6.2.7 (782/973)...
2025-11-01 23:12:25,690 - BlankSpaceAnalyzer - INFO - -> Analyzing version 6.2.8 (783/973)...
2025-11-01 23:12:25,788 - BlankSpaceAnalyzer - INFO - -> Analyzing version 6.2.9 (784/973)...
2025-11-01 23:12:25,887 - BlankSpaceAnalyzer - INFO - -> Analyzing version 7.0.0-beta.0 (785/973)...
2025-11-01 23:12:25,989 - BlankSpaceAnalyzer - INFO - -> Analyzing version 7.0.0-beta.1 (786/973)...
2025-11-01 23:12:26,094 - BlankSpaceAnalyzer - INFO - -> Analyzing version 7.0.0-beta.2 (787/973)...
2025-11-01 23:12:26,197 - BlankSpaceAnalyzer - INFO - -> Analyzing version 7.0.0-beta.3 (788/973)...
2025-11-01 23:12:26,293 - BlankSpaceAnalyzer - INFO - -> Analyzing version 7.0.0-beta.4 (789/973)...
2025-11-01 23:12:26,395 - BlankSpaceAnalyzer - INFO - -> Analyzing version 7.0.0-rc.0 (790/973)...
2025-11-01 23:12:26,497 - BlankSpaceAnalyzer - INFO - -> Analyzing version 7.0.0-rc.1 (791/973)...
2025-11-01 23:12:26,599 - BlankSpaceAnalyzer - INFO - -> Analyzing version 7.0.0-rc.2 (792/973)...
2025-11-01 23:12:26,701 - BlankSpaceAnalyzer - INFO - -> Analyzing version 7.0.0-rc.3 (793/973)...
2025-11-01 23:12:26,796 - BlankSpaceAnalyzer - INFO - -> Analyzing version 7.0.1 (794/973)...
2025-11-01 23:12:26,898 - BlankSpaceAnalyzer - INFO - -> Analyzing version 7.0.2 (795/973)...
2025-11-01 23:12:26,999 - BlankSpaceAnalyzer - INFO - -> Analyzing version 7.0.3 (796/973)...
2025-11-01 23:12:27,094 - BlankSpaceAnalyzer - INFO - -> Analyzing version 7.0.4 (797/973)...
2025-11-01 23:12:27,195 - BlankSpaceAnalyzer - INFO - -> Analyzing version 7.0.5 (798/973)...
2025-11-01 23:12:27,297 - BlankSpaceAnalyzer - INFO - -> Analyzing version 7.0.6 (799/973)...
2025-11-01 23:12:27,398 - BlankSpaceAnalyzer - INFO - -> Analyzing version 7.0.7 (800/973)...
2025-11-01 23:12:27,494 - BlankSpaceAnalyzer - INFO - -> Analyzing version 7.1.0 (801/973)...
2025-11-01 23:12:27,594 - BlankSpaceAnalyzer - INFO - -> Analyzing version 7.1.0-beta.0 (802/973)...
2025-11-01 23:12:27,697 - BlankSpaceAnalyzer - INFO - -> Analyzing version 7.1.0-beta.1 (803/973)...
2025-11-01 23:12:27,792 - BlankSpaceAnalyzer - INFO - -> Analyzing version 7.1.0-rc.0 (804/973)...
2025-11-01 23:12:27,893 - BlankSpaceAnalyzer - INFO - -> Analyzing version 7.1.1 (805/973)...
2025-11-01 23:12:27,988 - BlankSpaceAnalyzer - INFO - -> Analyzing version 7.1.2 (806/973)...
2025-11-01 23:12:28,083 - BlankSpaceAnalyzer - INFO - -> Analyzing version 7.1.3 (807/973)...
2025-11-01 23:12:28,179 - BlankSpaceAnalyzer - INFO - -> Analyzing version 7.1.4 (808/973)...
2025-11-01 23:12:28,280 - BlankSpaceAnalyzer - INFO - -> Analyzing version 7.2.0 (809/973)...
2025-11-01 23:12:28,377 - BlankSpaceAnalyzer - INFO - -> Analyzing version 7.2.0-beta.0 (810/973)...
2025-11-01 23:12:28,472 - BlankSpaceAnalyzer - INFO - -> Analyzing version 7.2.0-beta.1 (811/973)...
2025-11-01 23:12:28,570 - BlankSpaceAnalyzer - INFO - -> Analyzing version 7.2.0-beta.2 (812/973)...
2025-11-01 23:12:28,672 - BlankSpaceAnalyzer - INFO - -> Analyzing version 7.2.0-rc.0 (813/973)...
2025-11-01 23:12:28,769 - BlankSpaceAnalyzer - INFO - -> Analyzing version 7.2.1 (814/973)...
2025-11-01 23:12:28,864 - BlankSpaceAnalyzer - INFO - -> Analyzing version 7.2.2 (815/973)...
2025-11-01 23:12:28,964 - BlankSpaceAnalyzer - INFO - -> Analyzing version 7.2.3 (816/973)...
2025-11-01 23:12:29,069 - BlankSpaceAnalyzer - INFO - -> Analyzing version 7.2.4 (817/973)...
2025-11-01 23:12:29,167 - BlankSpaceAnalyzer - INFO - -> Analyzing version 7.3.0 (818/973)...
2025-11-01 23:12:29,265 - BlankSpaceAnalyzer - INFO - -> Analyzing version 7.3.0-beta.0 (819/973)...
2025-11-01 23:12:29,367 - BlankSpaceAnalyzer - INFO - -> Analyzing version 7.3.0-rc.0 (820/973)...
2025-11-01 23:12:29,465 - BlankSpaceAnalyzer - INFO - -> Analyzing version 7.3.1 (821/973)...
2025-11-01 23:12:29,574 - BlankSpaceAnalyzer - INFO - -> Analyzing version 7.3.10 (822/973)...
2025-11-01 23:12:29,671 - BlankSpaceAnalyzer - INFO - -> Analyzing version 7.3.2 (823/973)...
2025-11-01 23:12:29,765 - BlankSpaceAnalyzer - INFO - -> Analyzing version 7.3.3 (824/973)...
2025-11-01 23:12:29,864 - BlankSpaceAnalyzer - INFO - -> Analyzing version 7.3.4 (825/973)...
2025-11-01 23:12:29,962 - BlankSpaceAnalyzer - INFO - -> Analyzing version 7.3.5 (826/973)...
2025-11-01 23:12:30,061 - BlankSpaceAnalyzer - INFO - -> Analyzing version 7.3.6 (827/973)...
2025-11-01 23:12:30,164 - BlankSpaceAnalyzer - INFO - -> Analyzing version 7.3.7 (828/973)...
2025-11-01 23:12:30,260 - BlankSpaceAnalyzer - INFO - -> Analyzing version 7.3.8 (829/973)...
2025-11-01 23:12:30,362 - BlankSpaceAnalyzer - INFO - -> Analyzing version 7.3.9 (830/973)...
2025-11-01 23:12:30,465 - BlankSpaceAnalyzer - INFO - -> Analyzing version 8.0.0 (831/973)...
2025-11-01 23:12:30,567 - BlankSpaceAnalyzer - INFO - -> Analyzing version 8.0.0-beta.0 (832/973)...
2025-11-01 23:12:30,665 - BlankSpaceAnalyzer - INFO - -> Analyzing version 8.0.0-beta.1 (833/973)...
2025-11-01 23:12:30,764 - BlankSpaceAnalyzer - INFO - -> Analyzing version 8.0.0-beta.10 (834/973)...
2025-11-01 23:12:30,859 - BlankSpaceAnalyzer - INFO - -> Analyzing version 8.0.0-beta.11 (835/973)...
2025-11-01 23:12:30,958 - BlankSpaceAnalyzer - INFO - -> Analyzing version 8.0.0-beta.12 (836/973)...
2025-11-01 23:12:31,061 - BlankSpaceAnalyzer - INFO - -> Analyzing version 8.0.0-beta.13 (837/973)...
2025-11-01 23:12:31,163 - BlankSpaceAnalyzer - INFO - -> Analyzing version 8.0.0-beta.14 (838/973)...
2025-11-01 23:12:31,265 - BlankSpaceAnalyzer - INFO - -> Analyzing version 8.0.0-beta.15 (839/973)...
2025-11-01 23:12:31,368 - BlankSpaceAnalyzer - INFO - -> Analyzing version 8.0.0-beta.16 (840/973)...
2025-11-01 23:12:31,471 - BlankSpaceAnalyzer - INFO - -> Analyzing version 8.0.0-beta.17 (841/973)...
2025-11-01 23:12:31,573 - BlankSpaceAnalyzer - INFO - -> Analyzing version 8.0.0-beta.18 (842/973)...
2025-11-01 23:12:31,675 - BlankSpaceAnalyzer - INFO - -> Analyzing version 8.0.0-beta.2 (843/973)...
2025-11-01 23:12:31,774 - BlankSpaceAnalyzer - INFO - -> Analyzing version 8.0.0-beta.4 (844/973)...
2025-11-01 23:12:31,874 - BlankSpaceAnalyzer - INFO - -> Analyzing version 8.0.0-beta.5 (845/973)...
2025-11-01 23:12:31,971 - BlankSpaceAnalyzer - INFO - -> Analyzing version 8.0.0-beta.6 (846/973)...
2025-11-01 23:12:32,071 - BlankSpaceAnalyzer - INFO - -> Analyzing version 8.0.0-beta.7 (847/973)...
2025-11-01 23:12:32,172 - BlankSpaceAnalyzer - INFO - -> Analyzing version 8.0.0-beta.8 (848/973)...
2025-11-01 23:12:32,270 - BlankSpaceAnalyzer - INFO - -> Analyzing version 8.0.0-beta.9 (849/973)...
2025-11-01 23:12:32,364 - BlankSpaceAnalyzer - INFO - -> Analyzing version 8.0.0-rc.0 (850/973)...
2025-11-01 23:12:32,462 - BlankSpaceAnalyzer - INFO - -> Analyzing version 8.0.0-rc.1 (851/973)...
2025-11-01 23:12:32,563 - BlankSpaceAnalyzer - INFO - -> Analyzing version 8.0.0-rc.2 (852/973)...
2025-11-01 23:12:32,665 - BlankSpaceAnalyzer - INFO - -> Analyzing version 8.0.0-rc.3 (853/973)...
2025-11-01 23:12:32,764 - BlankSpaceAnalyzer - INFO - -> Analyzing version 8.0.0-rc.4 (854/973)...
2025-11-01 23:12:32,862 - BlankSpaceAnalyzer - INFO - -> Analyzing version 8.0.1 (855/973)...
2025-11-01 23:12:32,963 - BlankSpaceAnalyzer - INFO - -> Analyzing version 8.0.2 (856/973)...
2025-11-01 23:12:33,066 - BlankSpaceAnalyzer - INFO - -> Analyzing version 8.0.3 (857/973)...
2025-11-01 23:12:33,164 - BlankSpaceAnalyzer - INFO - -> Analyzing version 8.0.4 (858/973)...
2025-11-01 23:12:33,259 - BlankSpaceAnalyzer - INFO - -> Analyzing version 8.0.5 (859/973)...
2025-11-01 23:12:33,356 - BlankSpaceAnalyzer - INFO - -> Analyzing version 8.0.6 (860/973)...
2025-11-01 23:12:33,459 - BlankSpaceAnalyzer - INFO - -> Analyzing version 8.1.0 (861/973)...
2025-11-01 23:12:33,561 - BlankSpaceAnalyzer - INFO - -> Analyzing version 8.1.0-beta.0 (862/973)...
2025-11-01 23:12:33,660 - BlankSpaceAnalyzer - INFO - -> Analyzing version 8.1.0-beta.1 (863/973)...
2025-11-01 23:12:33,754 - BlankSpaceAnalyzer - INFO - -> Analyzing version 8.1.0-beta.2 (864/973)...
2025-11-01 23:12:33,851 - BlankSpaceAnalyzer - INFO - -> Analyzing version 8.1.0-beta.3 (865/973)...
2025-11-01 23:12:33,951 - BlankSpaceAnalyzer - INFO - -> Analyzing version 8.1.0-rc.0 (866/973)...
2025-11-01 23:12:34,049 - BlankSpaceAnalyzer - INFO - -> Analyzing version 8.1.1 (867/973)...
2025-11-01 23:12:34,151 - BlankSpaceAnalyzer - INFO - -> Analyzing version 8.1.2 (868/973)...
2025-11-01 23:12:34,244 - BlankSpaceAnalyzer - INFO - -> Analyzing version 8.1.3 (869/973)...
2025-11-01 23:12:34,339 - BlankSpaceAnalyzer - INFO - -> Analyzing version 8.2.0 (870/973)...
2025-11-01 23:12:34,436 - BlankSpaceAnalyzer - INFO - -> Analyzing version 8.2.0-next.0 (871/973)...
2025-11-01 23:12:34,544 - BlankSpaceAnalyzer - INFO - -> Analyzing version 8.2.0-next.1 (872/973)...
2025-11-01 23:12:34,642 - BlankSpaceAnalyzer - INFO - -> Analyzing version 8.2.0-rc.0 (873/973)...
2025-11-01 23:12:34,738 - BlankSpaceAnalyzer - INFO - -> Analyzing version 8.2.1 (874/973)...
2025-11-01 23:12:34,839 - BlankSpaceAnalyzer - INFO - -> Analyzing version 8.2.2 (875/973)...
2025-11-01 23:12:34,940 - BlankSpaceAnalyzer - INFO - -> Analyzing version 8.3.0 (876/973)...
2025-11-01 23:12:35,036 - BlankSpaceAnalyzer - INFO - -> Analyzing version 8.3.0-next.0 (877/973)...
2025-11-01 23:12:35,136 - BlankSpaceAnalyzer - INFO - -> Analyzing version 8.3.0-next.1 (878/973)...
2025-11-01 23:12:35,232 - BlankSpaceAnalyzer - INFO - -> Analyzing version 8.3.0-next.2 (879/973)...
2025-11-01 23:12:35,335 - BlankSpaceAnalyzer - INFO - -> Analyzing version 8.3.0-rc.0 (880/973)...
2025-11-01 23:12:35,438 - BlankSpaceAnalyzer - INFO - -> Analyzing version 8.3.1 (881/973)...
2025-11-01 23:12:35,540 - BlankSpaceAnalyzer - INFO - -> Analyzing version 8.3.10 (882/973)...
2025-11-01 23:12:35,646 - BlankSpaceAnalyzer - INFO - -> Analyzing version 8.3.12 (883/973)...
2025-11-01 23:12:35,740 - BlankSpaceAnalyzer - INFO - -> Analyzing version 8.3.13 (884/973)...
2025-11-01 23:12:35,842 - BlankSpaceAnalyzer - INFO - -> Analyzing version 8.3.14 (885/973)...
2025-11-01 23:12:35,946 - BlankSpaceAnalyzer - INFO - -> Analyzing version 8.3.15 (886/973)...
2025-11-01 23:12:36,049 - BlankSpaceAnalyzer - INFO - -> Analyzing version 8.3.16 (887/973)...
2025-11-01 23:12:36,145 - BlankSpaceAnalyzer - INFO - -> Analyzing version 8.3.17 (888/973)...
2025-11-01 23:12:36,246 - BlankSpaceAnalyzer - INFO - -> Analyzing version 8.3.18 (889/973)...
2025-11-01 23:12:36,340 - BlankSpaceAnalyzer - INFO - -> Analyzing version 8.3.19 (890/973)...
2025-11-01 23:12:36,436 - BlankSpaceAnalyzer - INFO - -> Analyzing version 8.3.2 (891/973)...
2025-11-01 23:12:36,538 - BlankSpaceAnalyzer - INFO - -> Analyzing version 8.3.20 (892/973)...
2025-11-01 23:12:36,639 - BlankSpaceAnalyzer - INFO - -> Analyzing version 8.3.21 (893/973)...
2025-11-01 23:12:36,734 - BlankSpaceAnalyzer - INFO - -> Analyzing version 8.3.22 (894/973)...
2025-11-01 23:12:36,836 - BlankSpaceAnalyzer - INFO - -> Analyzing version 8.3.23 (895/973)...
2025-11-01 23:12:36,936 - BlankSpaceAnalyzer - INFO - -> Analyzing version 8.3.24 (896/973)...
2025-11-01 23:12:37,037 - BlankSpaceAnalyzer - INFO - -> Analyzing version 8.3.25 (897/973)...
2025-11-01 23:12:37,139 - BlankSpaceAnalyzer - INFO - -> Analyzing version 8.3.26 (898/973)...
2025-11-01 23:12:37,235 - BlankSpaceAnalyzer - INFO - -> Analyzing version 8.3.27 (899/973)...
2025-11-01 23:12:37,330 - BlankSpaceAnalyzer - INFO - -> Analyzing version 8.3.28 (900/973)...
2025-11-01 23:12:37,431 - BlankSpaceAnalyzer - INFO - -> Analyzing version 8.3.29 (901/973)...
2025-11-01 23:12:37,526 - BlankSpaceAnalyzer - INFO - -> Analyzing version 8.3.3 (902/973)...
2025-11-01 23:12:37,631 - BlankSpaceAnalyzer - INFO - -> Analyzing version 8.3.4 (903/973)...
2025-11-01 23:12:37,734 - BlankSpaceAnalyzer - INFO - -> Analyzing version 8.3.5 (904/973)...
2025-11-01 23:12:37,828 - BlankSpaceAnalyzer - INFO - -> Analyzing version 8.3.6 (905/973)...
2025-11-01 23:12:37,930 - BlankSpaceAnalyzer - INFO - -> Analyzing version 8.3.7 (906/973)...
2025-11-01 23:12:38,025 - BlankSpaceAnalyzer - INFO - -> Analyzing version 8.3.8 (907/973)...
2025-11-01 23:12:38,128 - BlankSpaceAnalyzer - INFO - -> Analyzing version 8.3.9 (908/973)...
2025-11-01 23:12:38,222 - BlankSpaceAnalyzer - INFO - -> Analyzing version 9.0.0 (909/973)...
2025-11-01 23:12:38,325 - BlankSpaceAnalyzer - INFO - -> Analyzing version 9.0.0-next.0 (910/973)...
2025-11-01 23:12:38,419 - BlankSpaceAnalyzer - INFO - -> Analyzing version 9.0.0-next.1 (911/973)...
2025-11-01 23:12:38,522 - BlankSpaceAnalyzer - INFO - -> Analyzing version 9.0.0-next.10 (912/973)...
2025-11-01 23:12:38,626 - BlankSpaceAnalyzer - INFO - -> Analyzing version 9.0.0-next.11 (913/973)...
2025-11-01 23:12:38,720 - BlankSpaceAnalyzer - INFO - -> Analyzing version 9.0.0-next.12 (914/973)...
2025-11-01 23:12:38,823 - BlankSpaceAnalyzer - INFO - -> Analyzing version 9.0.0-next.13 (915/973)...
2025-11-01 23:12:38,926 - BlankSpaceAnalyzer - INFO - -> Analyzing version 9.0.0-next.14 (916/973)...
2025-11-01 23:12:39,020 - BlankSpaceAnalyzer - INFO - -> Analyzing version 9.0.0-next.15 (917/973)...
2025-11-01 23:12:39,123 - BlankSpaceAnalyzer - INFO - -> Analyzing version 9.0.0-next.16 (918/973)...
2025-11-01 23:12:39,225 - BlankSpaceAnalyzer - INFO - -> Analyzing version 9.0.0-next.17 (919/973)...
2025-11-01 23:12:39,320 - BlankSpaceAnalyzer - INFO - -> Analyzing version 9.0.0-next.18 (920/973)...
2025-11-01 23:12:39,428 - BlankSpaceAnalyzer - INFO - -> Analyzing version 9.0.0-next.19 (921/973)...
2025-11-01 23:12:39,529 - BlankSpaceAnalyzer - INFO - -> Analyzing version 9.0.0-next.2 (922/973)...
2025-11-01 23:12:39,623 - BlankSpaceAnalyzer - INFO - -> Analyzing version 9.0.0-next.3 (923/973)...
2025-11-01 23:12:39,726 - BlankSpaceAnalyzer - INFO - -> Analyzing version 9.0.0-next.4 (924/973)...
2025-11-01 23:12:39,820 - BlankSpaceAnalyzer - INFO - -> Analyzing version 9.0.0-next.5 (925/973)...
2025-11-01 23:12:39,922 - BlankSpaceAnalyzer - INFO - -> Analyzing version 9.0.0-next.6 (926/973)...
2025-11-01 23:12:40,024 - BlankSpaceAnalyzer - INFO - -> Analyzing version 9.0.0-next.7 (927/973)...
2025-11-01 23:12:40,118 - BlankSpaceAnalyzer - INFO - -> Analyzing version 9.0.0-next.8 (928/973)...
2025-11-01 23:12:40,223 - BlankSpaceAnalyzer - INFO - -> Analyzing version 9.0.0-next.9 (929/973)...
2025-11-01 23:12:40,325 - BlankSpaceAnalyzer - INFO - -> Analyzing version 9.0.0-rc.0 (930/973)...
2025-11-01 23:12:40,419 - BlankSpaceAnalyzer - INFO - -> Analyzing version 9.0.0-rc.1 (931/973)...
2025-11-01 23:12:40,521 - BlankSpaceAnalyzer - INFO - -> Analyzing version 9.0.0-rc.10 (932/973)...
2025-11-01 23:12:40,616 - BlankSpaceAnalyzer - INFO - -> Analyzing version 9.0.0-rc.11 (933/973)...
2025-11-01 23:12:40,719 - BlankSpaceAnalyzer - INFO - -> Analyzing version 9.0.0-rc.12 (934/973)...
2025-11-01 23:12:40,814 - BlankSpaceAnalyzer - INFO - -> Analyzing version 9.0.0-rc.13 (935/973)...
2025-11-01 23:12:40,908 - BlankSpaceAnalyzer - INFO - -> Analyzing version 9.0.0-rc.14 (936/973)...
2025-11-01 23:12:41,003 - BlankSpaceAnalyzer - INFO - -> Analyzing version 9.0.0-rc.2 (937/973)...
2025-11-01 23:12:41,106 - BlankSpaceAnalyzer - INFO - -> Analyzing version 9.0.0-rc.3 (938/973)...
2025-11-01 23:12:41,209 - BlankSpaceAnalyzer - INFO - -> Analyzing version 9.0.0-rc.4 (939/973)...
2025-11-01 23:12:41,303 - BlankSpaceAnalyzer - INFO - -> Analyzing version 9.0.0-rc.5 (940/973)...
2025-11-01 23:12:41,407 - BlankSpaceAnalyzer - INFO - -> Analyzing version 9.0.0-rc.6 (941/973)...
2025-11-01 23:12:41,501 - BlankSpaceAnalyzer - INFO - -> Analyzing version 9.0.0-rc.7 (942/973)...
2025-11-01 23:12:41,604 - BlankSpaceAnalyzer - INFO - -> Analyzing version 9.0.0-rc.8 (943/973)...
2025-11-01 23:12:41,700 - BlankSpaceAnalyzer - INFO - -> Analyzing version 9.0.0-rc.9 (944/973)...
2025-11-01 23:12:41,802 - BlankSpaceAnalyzer - INFO - -> Analyzing version 9.0.1 (945/973)...
2025-11-01 23:12:41,897 - BlankSpaceAnalyzer - INFO - -> Analyzing version 9.0.2 (946/973)...
2025-11-01 23:12:42,000 - BlankSpaceAnalyzer - INFO - -> Analyzing version 9.0.3 (947/973)...
2025-11-01 23:12:42,103 - BlankSpaceAnalyzer - INFO - -> Analyzing version 9.0.4 (948/973)...
2025-11-01 23:12:42,205 - BlankSpaceAnalyzer - INFO - -> Analyzing version 9.0.5 (949/973)...
2025-11-01 23:12:42,299 - BlankSpaceAnalyzer - INFO - -> Analyzing version 9.0.6 (950/973)...
2025-11-01 23:12:42,394 - BlankSpaceAnalyzer - INFO - -> Analyzing version 9.0.7 (951/973)...
2025-11-01 23:12:42,489 - BlankSpaceAnalyzer - INFO - -> Analyzing version 9.1.0 (952/973)...
2025-11-01 23:12:42,589 - BlankSpaceAnalyzer - INFO - -> Analyzing version 9.1.0-next.0 (953/973)...
2025-11-01 23:12:42,685 - BlankSpaceAnalyzer - INFO - -> Analyzing version 9.1.0-next.1 (954/973)...
2025-11-01 23:12:42,781 - BlankSpaceAnalyzer - INFO - -> Analyzing version 9.1.0-next.2 (955/973)...
2025-11-01 23:12:42,881 - BlankSpaceAnalyzer - INFO - -> Analyzing version 9.1.0-next.3 (956/973)...
2025-11-01 23:12:42,984 - BlankSpaceAnalyzer - INFO - -> Analyzing version 9.1.0-next.4 (957/973)...
2025-11-01 23:12:43,089 - BlankSpaceAnalyzer - INFO - -> Analyzing version 9.1.0-rc.0 (958/973)...
2025-11-01 23:12:43,191 - BlankSpaceAnalyzer - INFO - -> Analyzing version 9.1.1 (959/973)...
2025-11-01 23:12:43,293 - BlankSpaceAnalyzer - INFO - -> Analyzing version 9.1.10 (960/973)...
2025-11-01 23:12:43,391 - BlankSpaceAnalyzer - INFO - -> Analyzing version 9.1.11 (961/973)...
2025-11-01 23:12:43,492 - BlankSpaceAnalyzer - INFO - -> Analyzing version 9.1.12 (962/973)...
2025-11-01 23:12:43,595 - BlankSpaceAnalyzer - INFO - -> Analyzing version 9.1.13 (963/973)...
2025-11-01 23:12:43,690 - BlankSpaceAnalyzer - INFO - -> Analyzing version 9.1.14 (964/973)...
2025-11-01 23:12:43,792 - BlankSpaceAnalyzer - INFO - -> Analyzing version 9.1.15 (965/973)...
2025-11-01 23:12:43,894 - BlankSpaceAnalyzer - INFO - -> Analyzing version 9.1.2 (966/973)...
2025-11-01 23:12:43,997 - BlankSpaceAnalyzer - INFO - -> Analyzing version 9.1.3 (967/973)...
2025-11-01 23:12:44,101 - BlankSpaceAnalyzer - INFO - -> Analyzing version 9.1.4 (968/973)...
2025-11-01 23:12:44,196 - BlankSpaceAnalyzer - INFO - -> Analyzing version 9.1.5 (969/973)...
2025-11-01 23:12:44,300 - BlankSpaceAnalyzer - INFO - -> Analyzing version 9.1.6 (970/973)...
2025-11-01 23:12:44,395 - BlankSpaceAnalyzer - INFO - -> Analyzing version 9.1.7 (971/973)...
2025-11-01 23:12:44,497 - BlankSpaceAnalyzer - INFO - -> Analyzing version 9.1.8 (972/973)...
2025-11-01 23:12:44,601 - BlankSpaceAnalyzer - INFO - -> Analyzing version 9.1.9 (973/973)...
2025-11-01 23:12:44,705 - BlankSpaceAnalyzer - INFO - Exporting results for '@ngtools/webpack' to CSV...
2025-11-01 23:12:46,029 - BlankSpaceAnalyzer - INFO - Reports saved in: /app/npm_results/@ngtools_webpack
2025-11-01 23:12:46,032 - NPM_Analyzer - INFO - Cleaning temporary folder 'temp/@ngtools_webpack'...
2025-11-01 23:12:46,890 - NPM_Analyzer - INFO - Cleanup completed.
