2025-10-26 01:14:50,211 - NPM_Analyzer - INFO - Fetching metadata for 'google-protobuf'...
2025-10-26 01:14:50,361 - NPM_Analyzer - INFO - Found 92 versions. Starting download into 'temp/google-protobuf'...
2025-10-26 01:16:02,093 - BlankSpaceAnalyzer - INFO - Analyzing 92 versions for '*.js' in 'google-protobuf'.
2025-10-26 01:16:02,093 - BlankSpaceAnalyzer - INFO - -> Analyzing version 1.0.0 (1/92)...
2025-10-26 01:16:02,094 - BlankSpaceAnalyzer - INFO - -> Analyzing version 3.0.0 (2/92)...
2025-10-26 01:16:02,194 - BlankSpaceAnalyzer - INFO - -> Analyzing version 3.0.0-alpha.5 (3/92)...
2025-10-26 01:16:02,271 - BlankSpaceAnalyzer - INFO - -> Analyzing version 3.0.0-alpha.6 (4/92)...
2025-10-26 01:16:02,348 - BlankSpaceAnalyzer - INFO - -> Analyzing version 3.0.0-alpha.6.1 (5/92)...
2025-10-26 01:16:02,427 - BlankSpaceAnalyzer - INFO - -> Analyzing version 3.0.0-alpha.6.2 (6/92)...
2025-10-26 01:16:02,500 - BlankSpaceAnalyzer - INFO - -> Analyzing version 3.0.2 (7/92)...
2025-10-26 01:16:02,579 - BlankSpaceAnalyzer - INFO - -> Analyzing version 3.1.0 (8/92)...
2025-10-26 01:16:02,652 - BlankSpaceAnalyzer - INFO - -> Analyzing version 3.1.1 (9/92)...
2025-10-26 01:16:02,728 - BlankSpaceAnalyzer - INFO - -> Analyzing version 3.1.1-pre.1 (10/92)...
2025-10-26 01:16:02,812 - BlankSpaceAnalyzer - INFO - -> Analyzing version 3.10.0 (11/92)...
2025-10-26 01:16:02,891 - BlankSpaceAnalyzer - INFO - -> Analyzing version 3.10.0-rc.1 (12/92)...
2025-10-26 01:16:02,971 - BlankSpaceAnalyzer - INFO - -> Analyzing version 3.11.0 (13/92)...
2025-10-26 01:16:03,050 - BlankSpaceAnalyzer - INFO - -> Analyzing version 3.11.0-rc.1 (14/92)...
2025-10-26 01:16:03,130 - BlankSpaceAnalyzer - INFO - -> Analyzing version 3.11.0-rc.2 (15/92)...
2025-10-26 01:16:03,210 - BlankSpaceAnalyzer - INFO - -> Analyzing version 3.11.1 (16/92)...
2025-10-26 01:16:03,290 - BlankSpaceAnalyzer - INFO - -> Analyzing version 3.11.2 (17/92)...
2025-10-26 01:16:03,370 - BlankSpaceAnalyzer - INFO - -> Analyzing version 3.11.3 (18/92)...
2025-10-26 01:16:03,450 - BlankSpaceAnalyzer - INFO - -> Analyzing version 3.11.4 (19/92)...
2025-10-26 01:16:03,531 - BlankSpaceAnalyzer - INFO - -> Analyzing version 3.12.0 (20/92)...
2025-10-26 01:16:03,610 - BlankSpaceAnalyzer - INFO - -> Analyzing version 3.12.0-rc.1 (21/92)...
2025-10-26 01:16:03,683 - BlankSpaceAnalyzer - INFO - -> Analyzing version 3.12.0-rc.2 (22/92)...
2025-10-26 01:16:03,763 - BlankSpaceAnalyzer - INFO - -> Analyzing version 3.12.1 (23/92)...
2025-10-26 01:16:03,843 - BlankSpaceAnalyzer - INFO - -> Analyzing version 3.12.2 (24/92)...
2025-10-26 01:16:03,923 - BlankSpaceAnalyzer - INFO - -> Analyzing version 3.12.4 (25/92)...
2025-10-26 01:16:04,003 - BlankSpaceAnalyzer - INFO - -> Analyzing version 3.13.0 (26/92)...
2025-10-26 01:16:04,084 - BlankSpaceAnalyzer - INFO - -> Analyzing version 3.13.0-rc.3 (27/92)...
2025-10-26 01:16:04,164 - BlankSpaceAnalyzer - INFO - -> Analyzing version 3.14.0 (28/92)...
2025-10-26 01:16:04,244 - BlankSpaceAnalyzer - INFO - -> Analyzing version 3.14.0-rc.1 (29/92)...
2025-10-26 01:16:04,326 - BlankSpaceAnalyzer - INFO - -> Analyzing version 3.14.0-rc.2 (30/92)...
2025-10-26 01:16:04,406 - BlankSpaceAnalyzer - INFO - -> Analyzing version 3.14.0-rc.3 (31/92)...
2025-10-26 01:16:04,480 - BlankSpaceAnalyzer - INFO - -> Analyzing version 3.15.0 (32/92)...
2025-10-26 01:16:04,559 - BlankSpaceAnalyzer - INFO - -> Analyzing version 3.15.0-rc.1 (33/92)...
2025-10-26 01:16:04,640 - BlankSpaceAnalyzer - INFO - -> Analyzing version 3.15.0-rc.2 (34/92)...
2025-10-26 01:16:04,719 - BlankSpaceAnalyzer - INFO - -> Analyzing version 3.15.1 (35/92)...
2025-10-26 01:16:04,799 - BlankSpaceAnalyzer - INFO - -> Analyzing version 3.15.2 (36/92)...
2025-10-26 01:16:04,880 - BlankSpaceAnalyzer - INFO - -> Analyzing version 3.15.3 (37/92)...
2025-10-26 01:16:04,961 - BlankSpaceAnalyzer - INFO - -> Analyzing version 3.15.4 (38/92)...
2025-10-26 01:16:05,041 - BlankSpaceAnalyzer - INFO - -> Analyzing version 3.15.5 (39/92)...
2025-10-26 01:16:05,119 - BlankSpaceAnalyzer - INFO - -> Analyzing version 3.15.6 (40/92)...
2025-10-26 01:16:05,191 - BlankSpaceAnalyzer - INFO - -> Analyzing version 3.15.7 (41/92)...
2025-10-26 01:16:05,275 - BlankSpaceAnalyzer - INFO - -> Analyzing version 3.15.8 (42/92)...
2025-10-26 01:16:05,355 - BlankSpaceAnalyzer - INFO - -> Analyzing version 3.16.0 (43/92)...
2025-10-26 01:16:05,431 - BlankSpaceAnalyzer - INFO - -> Analyzing version 3.16.0-rc.1 (44/92)...
2025-10-26 01:16:05,505 - BlankSpaceAnalyzer - INFO - -> Analyzing version 3.16.0-rc.2 (45/92)...
2025-10-26 01:16:05,579 - BlankSpaceAnalyzer - INFO - -> Analyzing version 3.17.0 (46/92)...
2025-10-26 01:16:05,659 - BlankSpaceAnalyzer - INFO - -> Analyzing version 3.17.0-rc.1 (47/92)...
2025-10-26 01:16:05,738 - BlankSpaceAnalyzer - INFO - -> Analyzing version 3.17.0-rc.2 (48/92)...
2025-10-26 01:16:05,818 - BlankSpaceAnalyzer - INFO - -> Analyzing version 3.17.1 (49/92)...
2025-10-26 01:16:05,898 - BlankSpaceAnalyzer - INFO - -> Analyzing version 3.17.2 (50/92)...
2025-10-26 01:16:05,978 - BlankSpaceAnalyzer - INFO - -> Analyzing version 3.17.3 (51/92)...
2025-10-26 01:16:06,059 - BlankSpaceAnalyzer - INFO - -> Analyzing version 3.18.0 (52/92)...
2025-10-26 01:16:06,139 - BlankSpaceAnalyzer - INFO - -> Analyzing version 3.18.0-rc.1 (53/92)...
2025-10-26 01:16:06,217 - BlankSpaceAnalyzer - INFO - -> Analyzing version 3.18.0-rc.2 (54/92)...
2025-10-26 01:16:06,291 - BlankSpaceAnalyzer - INFO - -> Analyzing version 3.18.1 (55/92)...
2025-10-26 01:16:06,371 - BlankSpaceAnalyzer - INFO - -> Analyzing version 3.18.2 (56/92)...
2025-10-26 01:16:06,451 - BlankSpaceAnalyzer - INFO - -> Analyzing version 3.19.0 (57/92)...
2025-10-26 01:16:06,535 - BlankSpaceAnalyzer - INFO - -> Analyzing version 3.19.0-rc.1 (58/92)...
2025-10-26 01:16:06,613 - BlankSpaceAnalyzer - INFO - -> Analyzing version 3.19.0-rc.2 (59/92)...
2025-10-26 01:16:06,687 - BlankSpaceAnalyzer - INFO - -> Analyzing version 3.19.1 (60/92)...
2025-10-26 01:16:06,773 - BlankSpaceAnalyzer - INFO - -> Analyzing version 3.19.2 (61/92)...
2025-10-26 01:16:06,853 - BlankSpaceAnalyzer - INFO - -> Analyzing version 3.19.3 (62/92)...
2025-10-26 01:16:06,937 - BlankSpaceAnalyzer - INFO - -> Analyzing version 3.19.4 (63/92)...
2025-10-26 01:16:07,014 - BlankSpaceAnalyzer - INFO - -> Analyzing version 3.2.0 (64/92)...
2025-10-26 01:16:07,088 - BlankSpaceAnalyzer - INFO - -> Analyzing version 3.2.0-rc.2 (65/92)...
2025-10-26 01:16:07,167 - BlankSpaceAnalyzer - INFO - -> Analyzing version 3.20.0 (66/92)...
2025-10-26 01:16:07,248 - BlankSpaceAnalyzer - INFO - -> Analyzing version 3.20.0-rc.1 (67/92)...
2025-10-26 01:16:07,324 - BlankSpaceAnalyzer - INFO - -> Analyzing version 3.20.0-rc.2 (68/92)...
2025-10-26 01:16:07,397 - BlankSpaceAnalyzer - INFO - -> Analyzing version 3.20.1 (69/92)...
2025-10-26 01:16:07,479 - BlankSpaceAnalyzer - INFO - -> Analyzing version 3.20.1-rc.1 (70/92)...
2025-10-26 01:16:07,560 - BlankSpaceAnalyzer - INFO - -> Analyzing version 3.21.0 (71/92)...
2025-10-26 01:16:07,636 - BlankSpaceAnalyzer - INFO - -> Analyzing version 3.21.1 (72/92)...
2025-10-26 01:16:07,710 - BlankSpaceAnalyzer - INFO - -> Analyzing version 3.21.2 (73/92)...
2025-10-26 01:16:07,790 - BlankSpaceAnalyzer - INFO - -> Analyzing version 3.21.4 (74/92)...
2025-10-26 01:16:07,871 - BlankSpaceAnalyzer - INFO - -> Analyzing version 3.3.0 (75/92)...
2025-10-26 01:16:07,946 - BlankSpaceAnalyzer - INFO - -> Analyzing version 3.4.0 (76/92)...
2025-10-26 01:16:08,020 - BlankSpaceAnalyzer - INFO - -> Analyzing version 3.5.0 (77/92)...
2025-10-26 01:16:08,093 - BlankSpaceAnalyzer - INFO - -> Analyzing version 3.6.0 (78/92)...
2025-10-26 01:16:08,174 - BlankSpaceAnalyzer - INFO - -> Analyzing version 3.6.1 (79/92)...
2025-10-26 01:16:08,254 - BlankSpaceAnalyzer - INFO - -> Analyzing version 3.7.0 (80/92)...
2025-10-26 01:16:08,335 - BlankSpaceAnalyzer - INFO - -> Analyzing version 3.7.0-rc.2 (81/92)...
2025-10-26 01:16:08,413 - BlankSpaceAnalyzer - INFO - -> Analyzing version 3.7.0-rc.3 (82/92)...
2025-10-26 01:16:08,486 - BlankSpaceAnalyzer - INFO - -> Analyzing version 3.7.1 (83/92)...
2025-10-26 01:16:08,566 - BlankSpaceAnalyzer - INFO - -> Analyzing version 3.8.0 (84/92)...
2025-10-26 01:16:08,647 - BlankSpaceAnalyzer - INFO - -> Analyzing version 3.8.0-rc.1 (85/92)...
2025-10-26 01:16:08,727 - BlankSpaceAnalyzer - INFO - -> Analyzing version 3.9.0 (86/92)...
2025-10-26 01:16:08,806 - BlankSpaceAnalyzer - INFO - -> Analyzing version 3.9.0-rc.1 (87/92)...
2025-10-26 01:16:08,880 - BlankSpaceAnalyzer - INFO - -> Analyzing version 3.9.1 (88/92)...
2025-10-26 01:16:08,959 - BlankSpaceAnalyzer - INFO - -> Analyzing version 3.9.2 (89/92)...
2025-10-26 01:16:09,040 - BlankSpaceAnalyzer - INFO - -> Analyzing version 4.0.0 (90/92)...
2025-10-26 01:16:09,119 - BlankSpaceAnalyzer - INFO - -> Analyzing version 4.0.0-rc.1 (91/92)...
2025-10-26 01:16:09,194 - BlankSpaceAnalyzer - INFO - -> Analyzing version 4.0.0-rc.2 (92/92)...
2025-10-26 01:16:09,276 - BlankSpaceAnalyzer - INFO - Exporting results for 'google-protobuf' to CSV...
2025-10-26 01:16:09,372 - BlankSpaceAnalyzer - INFO - Reports saved in: /app/npm_results/google-protobuf
2025-10-26 01:16:09,372 - NPM_Analyzer - INFO - Cleaning temporary folder 'temp/google-protobuf'...
2025-10-26 01:16:09,413 - NPM_Analyzer - INFO - Cleanup completed.
