2025-10-23 17:00:06,509 - NPM_Analyzer - INFO - Fetching metadata for '@smithy/util-middleware'...
2025-10-23 17:00:06,622 - NPM_Analyzer - INFO - Found 44 versions. Starting download into 'temp/@smithy_util-middleware'...
2025-10-23 17:00:35,002 - BlankSpaceAnalyzer - INFO - Analyzing 44 versions for '*.js' in '@smithy_util-middleware'.
2025-10-23 17:00:35,002 - BlankSpaceAnalyzer - INFO - -> Analyzing version 1.0.0 (1/44)...
2025-10-23 17:00:35,072 - BlankSpaceAnalyzer - INFO - -> Analyzing version 1.0.1 (2/44)...
2025-10-23 17:00:35,109 - BlankSpaceAnalyzer - INFO - -> Analyzing version 1.0.2 (3/44)...
2025-10-23 17:00:35,150 - BlankSpaceAnalyzer - INFO - -> Analyzing version 1.1.0 (4/44)...
2025-10-23 17:00:35,193 - BlankSpaceAnalyzer - INFO - -> Analyzing version 2.0.0 (5/44)...
2025-10-23 17:00:35,235 - BlankSpaceAnalyzer - INFO - -> Analyzing version 2.0.1 (6/44)...
2025-10-23 17:00:35,279 - BlankSpaceAnalyzer - INFO - -> Analyzing version 2.0.2 (7/44)...
2025-10-23 17:00:35,321 - BlankSpaceAnalyzer - INFO - -> Analyzing version 2.0.3 (8/44)...
2025-10-23 17:00:35,364 - BlankSpaceAnalyzer - INFO - -> Analyzing version 2.0.4 (9/44)...
2025-10-23 17:00:35,408 - BlankSpaceAnalyzer - INFO - -> Analyzing version 2.0.5 (10/44)...
2025-10-23 17:00:35,450 - BlankSpaceAnalyzer - INFO - -> Analyzing version 2.0.6 (11/44)...
2025-10-23 17:00:35,494 - BlankSpaceAnalyzer - INFO - -> Analyzing version 2.0.7 (12/44)...
2025-10-23 17:00:35,537 - BlankSpaceAnalyzer - INFO - -> Analyzing version 2.0.8 (13/44)...
2025-10-23 17:00:35,579 - BlankSpaceAnalyzer - INFO - -> Analyzing version 2.0.9 (14/44)...
2025-10-23 17:00:35,621 - BlankSpaceAnalyzer - INFO - -> Analyzing version 2.1.0 (15/44)...
2025-10-23 17:00:35,664 - BlankSpaceAnalyzer - INFO - -> Analyzing version 2.1.1 (16/44)...
2025-10-23 17:00:35,706 - BlankSpaceAnalyzer - INFO - -> Analyzing version 2.1.2 (17/44)...
2025-10-23 17:00:35,749 - BlankSpaceAnalyzer - INFO - -> Analyzing version 2.1.3 (18/44)...
2025-10-23 17:00:35,792 - BlankSpaceAnalyzer - INFO - -> Analyzing version 2.1.4 (19/44)...
2025-10-23 17:00:35,834 - BlankSpaceAnalyzer - INFO - -> Analyzing version 2.2.0 (20/44)...
2025-10-23 17:00:35,877 - BlankSpaceAnalyzer - INFO - -> Analyzing version 3.0.0 (21/44)...
2025-10-23 17:00:35,920 - BlankSpaceAnalyzer - INFO - -> Analyzing version 3.0.1 (22/44)...
2025-10-23 17:00:35,962 - BlankSpaceAnalyzer - INFO - -> Analyzing version 3.0.10 (23/44)...
2025-10-23 17:00:36,005 - BlankSpaceAnalyzer - INFO - -> Analyzing version 3.0.11 (24/44)...
2025-10-23 17:00:36,048 - BlankSpaceAnalyzer - INFO - -> Analyzing version 3.0.2 (25/44)...
2025-10-23 17:00:36,091 - BlankSpaceAnalyzer - INFO - -> Analyzing version 3.0.3 (26/44)...
2025-10-23 17:00:36,134 - BlankSpaceAnalyzer - INFO - -> Analyzing version 3.0.4 (27/44)...
2025-10-23 17:00:36,176 - BlankSpaceAnalyzer - INFO - -> Analyzing version 3.0.5 (28/44)...
2025-10-23 17:00:36,222 - BlankSpaceAnalyzer - INFO - -> Analyzing version 3.0.6 (29/44)...
2025-10-23 17:00:36,264 - BlankSpaceAnalyzer - INFO - -> Analyzing version 3.0.7 (30/44)...
2025-10-23 17:00:36,307 - BlankSpaceAnalyzer - INFO - -> Analyzing version 3.0.8 (31/44)...
2025-10-23 17:00:36,349 - BlankSpaceAnalyzer - INFO - -> Analyzing version 3.0.9 (32/44)...
2025-10-23 17:00:36,392 - BlankSpaceAnalyzer - INFO - -> Analyzing version 4.0.0 (33/44)...
2025-10-23 17:00:36,436 - BlankSpaceAnalyzer - INFO - -> Analyzing version 4.0.1 (34/44)...
2025-10-23 17:00:36,478 - BlankSpaceAnalyzer - INFO - -> Analyzing version 4.0.2 (35/44)...
2025-10-23 17:00:36,521 - BlankSpaceAnalyzer - INFO - -> Analyzing version 4.0.3 (36/44)...
2025-10-23 17:00:36,564 - BlankSpaceAnalyzer - INFO - -> Analyzing version 4.0.4 (37/44)...
2025-10-23 17:00:36,607 - BlankSpaceAnalyzer - INFO - -> Analyzing version 4.0.5 (38/44)...
2025-10-23 17:00:36,650 - BlankSpaceAnalyzer - INFO - -> Analyzing version 4.1.0 (39/44)...
2025-10-23 17:00:36,693 - BlankSpaceAnalyzer - INFO - -> Analyzing version 4.1.1 (40/44)...
2025-10-23 17:00:36,736 - BlankSpaceAnalyzer - INFO - -> Analyzing version 4.2.0 (41/44)...
2025-10-23 17:00:36,779 - BlankSpaceAnalyzer - INFO - -> Analyzing version 4.2.1 (42/44)...
2025-10-23 17:00:36,821 - BlankSpaceAnalyzer - INFO - -> Analyzing version 4.2.2 (43/44)...
2025-10-23 17:00:36,864 - BlankSpaceAnalyzer - INFO - -> Analyzing version 4.2.3 (44/44)...
2025-10-23 17:00:36,907 - BlankSpaceAnalyzer - INFO - Exporting results for '@smithy/util-middleware' to CSV...
2025-10-23 17:00:36,949 - BlankSpaceAnalyzer - INFO - Reports saved in: /app/npm_results/@smithy_util-middleware
2025-10-23 17:00:36,949 - NPM_Analyzer - INFO - Cleaning temporary folder 'temp/@smithy_util-middleware'...
2025-10-23 17:00:36,970 - NPM_Analyzer - INFO - Cleanup completed.
