2025-10-27 04:56:09,075 - NPM_Analyzer - INFO - Fetching metadata for '@radix-ui/react-switch'...
2025-10-27 04:56:09,293 - NPM_Analyzer - INFO - Found 237 versions. Starting download into 'temp/@radix-ui_react-switch'...
2025-10-27 05:01:51,949 - BlankSpaceAnalyzer - INFO - Analyzing 237 versions for '*.js' in '@radix-ui_react-switch'.
2025-10-27 05:01:51,949 - BlankSpaceAnalyzer - INFO - -> Analyzing version 0.0.0-20250116175529 (1/237)...
2025-10-27 05:01:51,951 - BlankSpaceAnalyzer - INFO - -> Analyzing version 0.0.0-20250116183145 (2/237)...
2025-10-27 05:01:51,952 - BlankSpaceAnalyzer - INFO - -> Analyzing version 0.0.0-20250116193558 (3/237)...
2025-10-27 05:01:51,953 - BlankSpaceAnalyzer - INFO - -> Analyzing version 0.0.0-20250116194335 (4/237)...
2025-10-27 05:01:51,955 - BlankSpaceAnalyzer - INFO - -> Analyzing version 0.0.1 (5/237)...
2025-10-27 05:01:52,041 - BlankSpaceAnalyzer - INFO - -> Analyzing version 0.0.10 (6/237)...
2025-10-27 05:01:52,108 - BlankSpaceAnalyzer - INFO - -> Analyzing version 0.0.11 (7/237)...
2025-10-27 05:01:52,176 - BlankSpaceAnalyzer - INFO - -> Analyzing version 0.0.12 (8/237)...
2025-10-27 05:01:52,243 - BlankSpaceAnalyzer - INFO - -> Analyzing version 0.0.13 (9/237)...
2025-10-27 05:01:52,310 - BlankSpaceAnalyzer - INFO - -> Analyzing version 0.0.14 (10/237)...
2025-10-27 05:01:52,377 - BlankSpaceAnalyzer - INFO - -> Analyzing version 0.0.15 (11/237)...
2025-10-27 05:01:52,451 - BlankSpaceAnalyzer - INFO - -> Analyzing version 0.0.2 (12/237)...
2025-10-27 05:01:52,524 - BlankSpaceAnalyzer - INFO - -> Analyzing version 0.0.3 (13/237)...
2025-10-27 05:01:52,597 - BlankSpaceAnalyzer - INFO - -> Analyzing version 0.0.4 (14/237)...
2025-10-27 05:01:52,664 - BlankSpaceAnalyzer - INFO - -> Analyzing version 0.0.5 (15/237)...
2025-10-27 05:01:52,738 - BlankSpaceAnalyzer - INFO - -> Analyzing version 0.0.6 (16/237)...
2025-10-27 05:01:52,808 - BlankSpaceAnalyzer - INFO - -> Analyzing version 0.0.7 (17/237)...
2025-10-27 05:01:52,876 - BlankSpaceAnalyzer - INFO - -> Analyzing version 0.0.8 (18/237)...
2025-10-27 05:01:52,944 - BlankSpaceAnalyzer - INFO - -> Analyzing version 0.0.9 (19/237)...
2025-10-27 05:01:53,012 - BlankSpaceAnalyzer - INFO - -> Analyzing version 0.1.0 (20/237)...
2025-10-27 05:01:53,079 - BlankSpaceAnalyzer - INFO - -> Analyzing version 0.1.0-rc.1 (21/237)...
2025-10-27 05:01:53,080 - BlankSpaceAnalyzer - INFO - -> Analyzing version 0.1.0-rc.2 (22/237)...
2025-10-27 05:01:53,147 - BlankSpaceAnalyzer - INFO - -> Analyzing version 0.1.1 (23/237)...
2025-10-27 05:01:53,215 - BlankSpaceAnalyzer - INFO - -> Analyzing version 0.1.1-rc.1 (24/237)...
2025-10-27 05:01:53,282 - BlankSpaceAnalyzer - INFO - -> Analyzing version 0.1.1-rc.10 (25/237)...
2025-10-27 05:01:53,350 - BlankSpaceAnalyzer - INFO - -> Analyzing version 0.1.1-rc.11 (26/237)...
2025-10-27 05:01:53,417 - BlankSpaceAnalyzer - INFO - -> Analyzing version 0.1.1-rc.12 (27/237)...
2025-10-27 05:01:53,484 - BlankSpaceAnalyzer - INFO - -> Analyzing version 0.1.1-rc.13 (28/237)...
2025-10-27 05:01:53,552 - BlankSpaceAnalyzer - INFO - -> Analyzing version 0.1.1-rc.14 (29/237)...
2025-10-27 05:01:53,619 - BlankSpaceAnalyzer - INFO - -> Analyzing version 0.1.1-rc.15 (30/237)...
2025-10-27 05:01:53,687 - BlankSpaceAnalyzer - INFO - -> Analyzing version 0.1.1-rc.16 (31/237)...
2025-10-27 05:01:53,756 - BlankSpaceAnalyzer - INFO - -> Analyzing version 0.1.1-rc.17 (32/237)...
2025-10-27 05:01:53,823 - BlankSpaceAnalyzer - INFO - -> Analyzing version 0.1.1-rc.18 (33/237)...
2025-10-27 05:01:53,890 - BlankSpaceAnalyzer - INFO - -> Analyzing version 0.1.1-rc.19 (34/237)...
2025-10-27 05:01:53,958 - BlankSpaceAnalyzer - INFO - -> Analyzing version 0.1.1-rc.2 (35/237)...
2025-10-27 05:01:54,032 - BlankSpaceAnalyzer - INFO - -> Analyzing version 0.1.1-rc.3 (36/237)...
2025-10-27 05:01:54,103 - BlankSpaceAnalyzer - INFO - -> Analyzing version 0.1.1-rc.4 (37/237)...
2025-10-27 05:01:54,171 - BlankSpaceAnalyzer - INFO - -> Analyzing version 0.1.1-rc.5 (38/237)...
2025-10-27 05:01:54,238 - BlankSpaceAnalyzer - INFO - -> Analyzing version 0.1.1-rc.6 (39/237)...
2025-10-27 05:01:54,306 - BlankSpaceAnalyzer - INFO - -> Analyzing version 0.1.1-rc.7 (40/237)...
2025-10-27 05:01:54,374 - BlankSpaceAnalyzer - INFO - -> Analyzing version 0.1.1-rc.8 (41/237)...
2025-10-27 05:01:54,441 - BlankSpaceAnalyzer - INFO - -> Analyzing version 0.1.1-rc.9 (42/237)...
2025-10-27 05:01:54,509 - BlankSpaceAnalyzer - INFO - -> Analyzing version 0.1.2 (43/237)...
2025-10-27 05:01:54,576 - BlankSpaceAnalyzer - INFO - -> Analyzing version 0.1.2-rc.1 (44/237)...
2025-10-27 05:01:54,643 - BlankSpaceAnalyzer - INFO - -> Analyzing version 0.1.2-rc.2 (45/237)...
2025-10-27 05:01:54,711 - BlankSpaceAnalyzer - INFO - -> Analyzing version 0.1.2-rc.3 (46/237)...
2025-10-27 05:01:54,777 - BlankSpaceAnalyzer - INFO - -> Analyzing version 0.1.2-rc.4 (47/237)...
2025-10-27 05:01:54,845 - BlankSpaceAnalyzer - INFO - -> Analyzing version 0.1.2-rc.5 (48/237)...
2025-10-27 05:01:54,917 - BlankSpaceAnalyzer - INFO - -> Analyzing version 0.1.2-rc.6 (49/237)...
2025-10-27 05:01:54,990 - BlankSpaceAnalyzer - INFO - -> Analyzing version 0.1.3 (50/237)...
2025-10-27 05:01:55,059 - BlankSpaceAnalyzer - INFO - -> Analyzing version 0.1.3-rc.1 (51/237)...
2025-10-27 05:01:55,126 - BlankSpaceAnalyzer - INFO - -> Analyzing version 0.1.4 (52/237)...
2025-10-27 05:01:55,194 - BlankSpaceAnalyzer - INFO - -> Analyzing version 0.1.4-rc.1 (53/237)...
2025-10-27 05:01:55,262 - BlankSpaceAnalyzer - INFO - -> Analyzing version 0.1.5 (54/237)...
2025-10-27 05:01:55,329 - BlankSpaceAnalyzer - INFO - -> Analyzing version 0.1.5-rc.1 (55/237)...
2025-10-27 05:01:55,398 - BlankSpaceAnalyzer - INFO - -> Analyzing version 0.1.5-rc.10 (56/237)...
2025-10-27 05:01:55,466 - BlankSpaceAnalyzer - INFO - -> Analyzing version 0.1.5-rc.11 (57/237)...
2025-10-27 05:01:55,538 - BlankSpaceAnalyzer - INFO - -> Analyzing version 0.1.5-rc.12 (58/237)...
2025-10-27 05:01:55,609 - BlankSpaceAnalyzer - INFO - -> Analyzing version 0.1.5-rc.13 (59/237)...
2025-10-27 05:01:55,677 - BlankSpaceAnalyzer - INFO - -> Analyzing version 0.1.5-rc.14 (60/237)...
2025-10-27 05:01:55,745 - BlankSpaceAnalyzer - INFO - -> Analyzing version 0.1.5-rc.15 (61/237)...
2025-10-27 05:01:55,814 - BlankSpaceAnalyzer - INFO - -> Analyzing version 0.1.5-rc.16 (62/237)...
2025-10-27 05:01:55,882 - BlankSpaceAnalyzer - INFO - -> Analyzing version 0.1.5-rc.17 (63/237)...
2025-10-27 05:01:55,950 - BlankSpaceAnalyzer - INFO - -> Analyzing version 0.1.5-rc.18 (64/237)...
2025-10-27 05:01:56,018 - BlankSpaceAnalyzer - INFO - -> Analyzing version 0.1.5-rc.19 (65/237)...
2025-10-27 05:01:56,085 - BlankSpaceAnalyzer - INFO - -> Analyzing version 0.1.5-rc.2 (66/237)...
2025-10-27 05:01:56,153 - BlankSpaceAnalyzer - INFO - -> Analyzing version 0.1.5-rc.20 (67/237)...
2025-10-27 05:01:56,226 - BlankSpaceAnalyzer - INFO - -> Analyzing version 0.1.5-rc.21 (68/237)...
2025-10-27 05:01:56,299 - BlankSpaceAnalyzer - INFO - -> Analyzing version 0.1.5-rc.22 (69/237)...
2025-10-27 05:01:56,367 - BlankSpaceAnalyzer - INFO - -> Analyzing version 0.1.5-rc.23 (70/237)...
2025-10-27 05:01:56,441 - BlankSpaceAnalyzer - INFO - -> Analyzing version 0.1.5-rc.24 (71/237)...
2025-10-27 05:01:56,511 - BlankSpaceAnalyzer - INFO - -> Analyzing version 0.1.5-rc.25 (72/237)...
2025-10-27 05:01:56,579 - BlankSpaceAnalyzer - INFO - -> Analyzing version 0.1.5-rc.26 (73/237)...
2025-10-27 05:01:56,647 - BlankSpaceAnalyzer - INFO - -> Analyzing version 0.1.5-rc.3 (74/237)...
2025-10-27 05:01:56,716 - BlankSpaceAnalyzer - INFO - -> Analyzing version 0.1.5-rc.4 (75/237)...
2025-10-27 05:01:56,783 - BlankSpaceAnalyzer - INFO - -> Analyzing version 0.1.5-rc.5 (76/237)...
2025-10-27 05:01:56,858 - BlankSpaceAnalyzer - INFO - -> Analyzing version 0.1.5-rc.6 (77/237)...
2025-10-27 05:01:56,927 - BlankSpaceAnalyzer - INFO - -> Analyzing version 0.1.5-rc.7 (78/237)...
2025-10-27 05:01:56,994 - BlankSpaceAnalyzer - INFO - -> Analyzing version 0.1.5-rc.8 (79/237)...
2025-10-27 05:01:57,063 - BlankSpaceAnalyzer - INFO - -> Analyzing version 0.1.5-rc.9 (80/237)...
2025-10-27 05:01:57,136 - BlankSpaceAnalyzer - INFO - -> Analyzing version 0.1.6-rc.1 (81/237)...
2025-10-27 05:01:57,208 - BlankSpaceAnalyzer - INFO - -> Analyzing version 0.1.6-rc.10 (82/237)...
2025-10-27 05:01:57,275 - BlankSpaceAnalyzer - INFO - -> Analyzing version 0.1.6-rc.11 (83/237)...
2025-10-27 05:01:57,343 - BlankSpaceAnalyzer - INFO - -> Analyzing version 0.1.6-rc.12 (84/237)...
2025-10-27 05:01:57,410 - BlankSpaceAnalyzer - INFO - -> Analyzing version 0.1.6-rc.13 (85/237)...
2025-10-27 05:01:57,478 - BlankSpaceAnalyzer - INFO - -> Analyzing version 0.1.6-rc.14 (86/237)...
2025-10-27 05:01:57,547 - BlankSpaceAnalyzer - INFO - -> Analyzing version 0.1.6-rc.15 (87/237)...
2025-10-27 05:01:57,618 - BlankSpaceAnalyzer - INFO - -> Analyzing version 0.1.6-rc.16 (88/237)...
2025-10-27 05:01:57,693 - BlankSpaceAnalyzer - INFO - -> Analyzing version 0.1.6-rc.17 (89/237)...
2025-10-27 05:01:57,761 - BlankSpaceAnalyzer - INFO - -> Analyzing version 0.1.6-rc.18 (90/237)...
2025-10-27 05:01:57,837 - BlankSpaceAnalyzer - INFO - -> Analyzing version 0.1.6-rc.19 (91/237)...
2025-10-27 05:01:57,907 - BlankSpaceAnalyzer - INFO - -> Analyzing version 0.1.6-rc.2 (92/237)...
2025-10-27 05:01:57,976 - BlankSpaceAnalyzer - INFO - -> Analyzing version 0.1.6-rc.20 (93/237)...
2025-10-27 05:01:58,045 - BlankSpaceAnalyzer - INFO - -> Analyzing version 0.1.6-rc.21 (94/237)...
2025-10-27 05:01:58,112 - BlankSpaceAnalyzer - INFO - -> Analyzing version 0.1.6-rc.22 (95/237)...
2025-10-27 05:01:58,180 - BlankSpaceAnalyzer - INFO - -> Analyzing version 0.1.6-rc.23 (96/237)...
2025-10-27 05:01:58,247 - BlankSpaceAnalyzer - INFO - -> Analyzing version 0.1.6-rc.24 (97/237)...
2025-10-27 05:01:58,316 - BlankSpaceAnalyzer - INFO - -> Analyzing version 0.1.6-rc.25 (98/237)...
2025-10-27 05:01:58,384 - BlankSpaceAnalyzer - INFO - -> Analyzing version 0.1.6-rc.26 (99/237)...
2025-10-27 05:01:58,452 - BlankSpaceAnalyzer - INFO - -> Analyzing version 0.1.6-rc.27 (100/237)...
2025-10-27 05:01:58,520 - BlankSpaceAnalyzer - INFO - -> Analyzing version 0.1.6-rc.28 (101/237)...
2025-10-27 05:01:58,588 - BlankSpaceAnalyzer - INFO - -> Analyzing version 0.1.6-rc.29 (102/237)...
2025-10-27 05:01:58,657 - BlankSpaceAnalyzer - INFO - -> Analyzing version 0.1.6-rc.3 (103/237)...
2025-10-27 05:01:58,725 - BlankSpaceAnalyzer - INFO - -> Analyzing version 0.1.6-rc.30 (104/237)...
2025-10-27 05:01:58,792 - BlankSpaceAnalyzer - INFO - -> Analyzing version 0.1.6-rc.31 (105/237)...
2025-10-27 05:01:58,859 - BlankSpaceAnalyzer - INFO - -> Analyzing version 0.1.6-rc.32 (106/237)...
2025-10-27 05:01:58,927 - BlankSpaceAnalyzer - INFO - -> Analyzing version 0.1.6-rc.33 (107/237)...
2025-10-27 05:01:58,994 - BlankSpaceAnalyzer - INFO - -> Analyzing version 0.1.6-rc.34 (108/237)...
2025-10-27 05:01:59,063 - BlankSpaceAnalyzer - INFO - -> Analyzing version 0.1.6-rc.35 (109/237)...
2025-10-27 05:01:59,130 - BlankSpaceAnalyzer - INFO - -> Analyzing version 0.1.6-rc.36 (110/237)...
2025-10-27 05:01:59,198 - BlankSpaceAnalyzer - INFO - -> Analyzing version 0.1.6-rc.37 (111/237)...
2025-10-27 05:01:59,265 - BlankSpaceAnalyzer - INFO - -> Analyzing version 0.1.6-rc.38 (112/237)...
2025-10-27 05:01:59,333 - BlankSpaceAnalyzer - INFO - -> Analyzing version 0.1.6-rc.39 (113/237)...
2025-10-27 05:01:59,401 - BlankSpaceAnalyzer - INFO - -> Analyzing version 0.1.6-rc.4 (114/237)...
2025-10-27 05:01:59,468 - BlankSpaceAnalyzer - INFO - -> Analyzing version 0.1.6-rc.40 (115/237)...
2025-10-27 05:01:59,535 - BlankSpaceAnalyzer - INFO - -> Analyzing version 0.1.6-rc.41 (116/237)...
2025-10-27 05:01:59,604 - BlankSpaceAnalyzer - INFO - -> Analyzing version 0.1.6-rc.42 (117/237)...
2025-10-27 05:01:59,673 - BlankSpaceAnalyzer - INFO - -> Analyzing version 0.1.6-rc.43 (118/237)...
2025-10-27 05:01:59,741 - BlankSpaceAnalyzer - INFO - -> Analyzing version 0.1.6-rc.44 (119/237)...
2025-10-27 05:01:59,808 - BlankSpaceAnalyzer - INFO - -> Analyzing version 0.1.6-rc.45 (120/237)...
2025-10-27 05:01:59,876 - BlankSpaceAnalyzer - INFO - -> Analyzing version 0.1.6-rc.46 (121/237)...
2025-10-27 05:01:59,951 - BlankSpaceAnalyzer - INFO - -> Analyzing version 0.1.6-rc.47 (122/237)...
2025-10-27 05:02:00,022 - BlankSpaceAnalyzer - INFO - -> Analyzing version 0.1.6-rc.5 (123/237)...
2025-10-27 05:02:00,089 - BlankSpaceAnalyzer - INFO - -> Analyzing version 0.1.6-rc.6 (124/237)...
2025-10-27 05:02:00,157 - BlankSpaceAnalyzer - INFO - -> Analyzing version 0.1.6-rc.7 (125/237)...
2025-10-27 05:02:00,229 - BlankSpaceAnalyzer - INFO - -> Analyzing version 0.1.6-rc.8 (126/237)...
2025-10-27 05:02:00,301 - BlankSpaceAnalyzer - INFO - -> Analyzing version 0.1.6-rc.9 (127/237)...
2025-10-27 05:02:00,369 - BlankSpaceAnalyzer - INFO - -> Analyzing version 1.0.0 (128/237)...
2025-10-27 05:02:00,443 - BlankSpaceAnalyzer - INFO - -> Analyzing version 1.0.0-rc.1 (129/237)...
2025-10-27 05:02:00,513 - BlankSpaceAnalyzer - INFO - -> Analyzing version 1.0.1 (130/237)...
2025-10-27 05:02:00,580 - BlankSpaceAnalyzer - INFO - -> Analyzing version 1.0.1-rc.1 (131/237)...
2025-10-27 05:02:00,647 - BlankSpaceAnalyzer - INFO - -> Analyzing version 1.0.1-rc.10 (132/237)...
2025-10-27 05:02:00,719 - BlankSpaceAnalyzer - INFO - -> Analyzing version 1.0.1-rc.11 (133/237)...
2025-10-27 05:02:00,793 - BlankSpaceAnalyzer - INFO - -> Analyzing version 1.0.1-rc.12 (134/237)...
2025-10-27 05:02:00,861 - BlankSpaceAnalyzer - INFO - -> Analyzing version 1.0.1-rc.13 (135/237)...
2025-10-27 05:02:00,937 - BlankSpaceAnalyzer - INFO - -> Analyzing version 1.0.1-rc.14 (136/237)...
2025-10-27 05:02:01,009 - BlankSpaceAnalyzer - INFO - -> Analyzing version 1.0.1-rc.15 (137/237)...
2025-10-27 05:02:01,078 - BlankSpaceAnalyzer - INFO - -> Analyzing version 1.0.1-rc.16 (138/237)...
2025-10-27 05:02:01,147 - BlankSpaceAnalyzer - INFO - -> Analyzing version 1.0.1-rc.2 (139/237)...
2025-10-27 05:02:01,214 - BlankSpaceAnalyzer - INFO - -> Analyzing version 1.0.1-rc.3 (140/237)...
2025-10-27 05:02:01,282 - BlankSpaceAnalyzer - INFO - -> Analyzing version 1.0.1-rc.4 (141/237)...
2025-10-27 05:02:01,356 - BlankSpaceAnalyzer - INFO - -> Analyzing version 1.0.1-rc.5 (142/237)...
2025-10-27 05:02:01,425 - BlankSpaceAnalyzer - INFO - -> Analyzing version 1.0.1-rc.6 (143/237)...
2025-10-27 05:02:01,492 - BlankSpaceAnalyzer - INFO - -> Analyzing version 1.0.1-rc.7 (144/237)...
2025-10-27 05:02:01,560 - BlankSpaceAnalyzer - INFO - -> Analyzing version 1.0.1-rc.8 (145/237)...
2025-10-27 05:02:01,633 - BlankSpaceAnalyzer - INFO - -> Analyzing version 1.0.1-rc.9 (146/237)...
2025-10-27 05:02:01,705 - BlankSpaceAnalyzer - INFO - -> Analyzing version 1.0.2 (147/237)...
2025-10-27 05:02:01,773 - BlankSpaceAnalyzer - INFO - -> Analyzing version 1.0.2-rc.1 (148/237)...
2025-10-27 05:02:01,842 - BlankSpaceAnalyzer - INFO - -> Analyzing version 1.0.3 (149/237)...
2025-10-27 05:02:01,842 - BlankSpaceAnalyzer - INFO - -> Analyzing version 1.0.3-rc.1 (150/237)...
2025-10-27 05:02:01,914 - BlankSpaceAnalyzer - INFO - -> Analyzing version 1.0.3-rc.10 (151/237)...
2025-10-27 05:02:01,915 - BlankSpaceAnalyzer - INFO - -> Analyzing version 1.0.3-rc.11 (152/237)...
2025-10-27 05:02:01,915 - BlankSpaceAnalyzer - INFO - -> Analyzing version 1.0.3-rc.2 (153/237)...
2025-10-27 05:02:01,990 - BlankSpaceAnalyzer - INFO - -> Analyzing version 1.0.3-rc.3 (154/237)...
2025-10-27 05:02:02,059 - BlankSpaceAnalyzer - INFO - -> Analyzing version 1.0.3-rc.4 (155/237)...
2025-10-27 05:02:02,132 - BlankSpaceAnalyzer - INFO - -> Analyzing version 1.0.3-rc.5 (156/237)...
2025-10-27 05:02:02,205 - BlankSpaceAnalyzer - INFO - -> Analyzing version 1.0.3-rc.6 (157/237)...
2025-10-27 05:02:02,206 - BlankSpaceAnalyzer - INFO - -> Analyzing version 1.0.3-rc.7 (158/237)...
2025-10-27 05:02:02,206 - BlankSpaceAnalyzer - INFO - -> Analyzing version 1.0.3-rc.8 (159/237)...
2025-10-27 05:02:02,207 - BlankSpaceAnalyzer - INFO - -> Analyzing version 1.0.3-rc.9 (160/237)...
2025-10-27 05:02:02,207 - BlankSpaceAnalyzer - INFO - -> Analyzing version 1.1.0 (161/237)...
2025-10-27 05:02:02,207 - BlankSpaceAnalyzer - INFO - -> Analyzing version 1.1.0-rc.1 (162/237)...
2025-10-27 05:02:02,208 - BlankSpaceAnalyzer - INFO - -> Analyzing version 1.1.0-rc.2 (163/237)...
2025-10-27 05:02:02,208 - BlankSpaceAnalyzer - INFO - -> Analyzing version 1.1.0-rc.3 (164/237)...
2025-10-27 05:02:02,208 - BlankSpaceAnalyzer - INFO - -> Analyzing version 1.1.0-rc.4 (165/237)...
2025-10-27 05:02:02,209 - BlankSpaceAnalyzer - INFO - -> Analyzing version 1.1.0-rc.5 (166/237)...
2025-10-27 05:02:02,209 - BlankSpaceAnalyzer - INFO - -> Analyzing version 1.1.0-rc.6 (167/237)...
2025-10-27 05:02:02,209 - BlankSpaceAnalyzer - INFO - -> Analyzing version 1.1.0-rc.7 (168/237)...
2025-10-27 05:02:02,210 - BlankSpaceAnalyzer - INFO - -> Analyzing version 1.1.1 (169/237)...
2025-10-27 05:02:02,210 - BlankSpaceAnalyzer - INFO - -> Analyzing version 1.1.1-rc.1 (170/237)...
2025-10-27 05:02:02,210 - BlankSpaceAnalyzer - INFO - -> Analyzing version 1.1.2 (171/237)...
2025-10-27 05:02:02,211 - BlankSpaceAnalyzer - INFO - -> Analyzing version 1.1.2-rc.1 (172/237)...
2025-10-27 05:02:02,211 - BlankSpaceAnalyzer - INFO - -> Analyzing version 1.1.2-rc.2 (173/237)...
2025-10-27 05:02:02,211 - BlankSpaceAnalyzer - INFO - -> Analyzing version 1.1.2-rc.3 (174/237)...
2025-10-27 05:02:02,212 - BlankSpaceAnalyzer - INFO - -> Analyzing version 1.1.3 (175/237)...
2025-10-27 05:02:02,212 - BlankSpaceAnalyzer - INFO - -> Analyzing version 1.1.3-rc.1 (176/237)...
2025-10-27 05:02:02,212 - BlankSpaceAnalyzer - INFO - -> Analyzing version 1.1.3-rc.2 (177/237)...
2025-10-27 05:02:02,213 - BlankSpaceAnalyzer - INFO - -> Analyzing version 1.1.3-rc.3 (178/237)...
2025-10-27 05:02:02,213 - BlankSpaceAnalyzer - INFO - -> Analyzing version 1.1.3-rc.4 (179/237)...
2025-10-27 05:02:02,213 - BlankSpaceAnalyzer - INFO - -> Analyzing version 1.1.4 (180/237)...
2025-10-27 05:02:02,214 - BlankSpaceAnalyzer - INFO - -> Analyzing version 1.1.4-rc.1 (181/237)...
2025-10-27 05:02:02,214 - BlankSpaceAnalyzer - INFO - -> Analyzing version 1.1.4-rc.2 (182/237)...
2025-10-27 05:02:02,214 - BlankSpaceAnalyzer - INFO - -> Analyzing version 1.1.4-rc.3 (183/237)...
2025-10-27 05:02:02,214 - BlankSpaceAnalyzer - INFO - -> Analyzing version 1.1.4-rc.4 (184/237)...
2025-10-27 05:02:02,215 - BlankSpaceAnalyzer - INFO - -> Analyzing version 1.1.4-rc.5 (185/237)...
2025-10-27 05:02:02,215 - BlankSpaceAnalyzer - INFO - -> Analyzing version 1.1.4-rc.6 (186/237)...
2025-10-27 05:02:02,215 - BlankSpaceAnalyzer - INFO - -> Analyzing version 1.1.4-rc.7 (187/237)...
2025-10-27 05:02:02,215 - BlankSpaceAnalyzer - INFO - -> Analyzing version 1.1.4-rc.8 (188/237)...
2025-10-27 05:02:02,216 - BlankSpaceAnalyzer - INFO - -> Analyzing version 1.1.4-rc.9 (189/237)...
2025-10-27 05:02:02,216 - BlankSpaceAnalyzer - INFO - -> Analyzing version 1.1.5-rc.1744259191780 (190/237)...
2025-10-27 05:02:02,216 - BlankSpaceAnalyzer - INFO - -> Analyzing version 1.1.5-rc.1744259481941 (191/237)...
2025-10-27 05:02:02,217 - BlankSpaceAnalyzer - INFO - -> Analyzing version 1.2.0 (192/237)...
2025-10-27 05:02:02,217 - BlankSpaceAnalyzer - INFO - -> Analyzing version 1.2.0-rc.1744311029001 (193/237)...
2025-10-27 05:02:02,217 - BlankSpaceAnalyzer - INFO - -> Analyzing version 1.2.0-rc.1744416976900 (194/237)...
2025-10-27 05:02:02,218 - BlankSpaceAnalyzer - INFO - -> Analyzing version 1.2.0-rc.1744502104733 (195/237)...
2025-10-27 05:02:02,218 - BlankSpaceAnalyzer - INFO - -> Analyzing version 1.2.0-rc.1744518250005 (196/237)...
2025-10-27 05:02:02,218 - BlankSpaceAnalyzer - INFO - -> Analyzing version 1.2.0-rc.1744519235198 (197/237)...
2025-10-27 05:02:02,218 - BlankSpaceAnalyzer - INFO - -> Analyzing version 1.2.0-rc.1744574857111 (198/237)...
2025-10-27 05:02:02,219 - BlankSpaceAnalyzer - INFO - -> Analyzing version 1.2.0-rc.1744660991666 (199/237)...
2025-10-27 05:02:02,219 - BlankSpaceAnalyzer - INFO - -> Analyzing version 1.2.0-rc.1744661316162 (200/237)...
2025-10-27 05:02:02,219 - BlankSpaceAnalyzer - INFO - -> Analyzing version 1.2.0-rc.1744830756566 (201/237)...
2025-10-27 05:02:02,220 - BlankSpaceAnalyzer - INFO - -> Analyzing version 1.2.0-rc.1744831331200 (202/237)...
2025-10-27 05:02:02,220 - BlankSpaceAnalyzer - INFO - -> Analyzing version 1.2.0-rc.1744836032308 (203/237)...
2025-10-27 05:02:02,220 - BlankSpaceAnalyzer - INFO - -> Analyzing version 1.2.0-rc.1744897529216 (204/237)...
2025-10-27 05:02:02,220 - BlankSpaceAnalyzer - INFO - -> Analyzing version 1.2.0-rc.1744898528774 (205/237)...
2025-10-27 05:02:02,221 - BlankSpaceAnalyzer - INFO - -> Analyzing version 1.2.0-rc.1744905634543 (206/237)...
2025-10-27 05:02:02,221 - BlankSpaceAnalyzer - INFO - -> Analyzing version 1.2.0-rc.1744910682821 (207/237)...
2025-10-27 05:02:02,221 - BlankSpaceAnalyzer - INFO - -> Analyzing version 1.2.1 (208/237)...
2025-10-27 05:02:02,222 - BlankSpaceAnalyzer - INFO - -> Analyzing version 1.2.1-rc.1744998730501 (209/237)...
2025-10-27 05:02:02,222 - BlankSpaceAnalyzer - INFO - -> Analyzing version 1.2.1-rc.1744998943107 (210/237)...
2025-10-27 05:02:02,222 - BlankSpaceAnalyzer - INFO - -> Analyzing version 1.2.1-rc.1744999865452 (211/237)...
2025-10-27 05:02:02,222 - BlankSpaceAnalyzer - INFO - -> Analyzing version 1.2.2 (212/237)...
2025-10-27 05:02:02,223 - BlankSpaceAnalyzer - INFO - -> Analyzing version 1.2.2-rc.1745001912396 (213/237)...
2025-10-27 05:02:02,223 - BlankSpaceAnalyzer - INFO - -> Analyzing version 1.2.2-rc.1745002236885 (214/237)...
2025-10-27 05:02:02,223 - BlankSpaceAnalyzer - INFO - -> Analyzing version 1.2.3 (215/237)...
2025-10-27 05:02:02,223 - BlankSpaceAnalyzer - INFO - -> Analyzing version 1.2.3-rc.1745345395380 (216/237)...
2025-10-27 05:02:02,224 - BlankSpaceAnalyzer - INFO - -> Analyzing version 1.2.3-rc.1745439717073 (217/237)...
2025-10-27 05:02:02,224 - BlankSpaceAnalyzer - INFO - -> Analyzing version 1.2.3-rc.1745972185559 (218/237)...
2025-10-27 05:02:02,224 - BlankSpaceAnalyzer - INFO - -> Analyzing version 1.2.3-rc.1746044551800 (219/237)...
2025-10-27 05:02:02,225 - BlankSpaceAnalyzer - INFO - -> Analyzing version 1.2.3-rc.1746053194630 (220/237)...
2025-10-27 05:02:02,225 - BlankSpaceAnalyzer - INFO - -> Analyzing version 1.2.3-rc.1746075822931 (221/237)...
2025-10-27 05:02:02,225 - BlankSpaceAnalyzer - INFO - -> Analyzing version 1.2.3-rc.1746466567086 (222/237)...
2025-10-27 05:02:02,225 - BlankSpaceAnalyzer - INFO - -> Analyzing version 1.2.4 (223/237)...
2025-10-27 05:02:02,226 - BlankSpaceAnalyzer - INFO - -> Analyzing version 1.2.5 (224/237)...
2025-10-27 05:02:02,226 - BlankSpaceAnalyzer - INFO - -> Analyzing version 1.2.5-rc.1746560904918 (225/237)...
2025-10-27 05:02:02,226 - BlankSpaceAnalyzer - INFO - -> Analyzing version 1.2.5-rc.1747678980544 (226/237)...
2025-10-27 05:02:02,227 - BlankSpaceAnalyzer - INFO - -> Analyzing version 1.2.6 (227/237)...
2025-10-27 05:02:02,227 - BlankSpaceAnalyzer - INFO - -> Analyzing version 1.2.6-rc.1752165236204 (228/237)...
2025-10-27 05:02:02,227 - BlankSpaceAnalyzer - INFO - -> Analyzing version 1.2.6-rc.1752166197873 (229/237)...
2025-10-27 05:02:02,227 - BlankSpaceAnalyzer - INFO - -> Analyzing version 1.2.6-rc.1752166434368 (230/237)...
2025-10-27 05:02:02,228 - BlankSpaceAnalyzer - INFO - -> Analyzing version 1.2.6-rc.1752166910601 (231/237)...
2025-10-27 05:02:02,228 - BlankSpaceAnalyzer - INFO - -> Analyzing version 1.2.6-rc.1752791004720 (232/237)...
2025-10-27 05:02:02,228 - BlankSpaceAnalyzer - INFO - -> Analyzing version 1.2.6-rc.1755114563302 (233/237)...
2025-10-27 05:02:02,229 - BlankSpaceAnalyzer - INFO - -> Analyzing version 1.2.6-rc.1755118410828 (234/237)...
2025-10-27 05:02:02,229 - BlankSpaceAnalyzer - INFO - -> Analyzing version 1.2.6-rc.1755201399387 (235/237)...
2025-10-27 05:02:02,229 - BlankSpaceAnalyzer - INFO - -> Analyzing version 1.2.6-rc.1755205432459 (236/237)...
2025-10-27 05:02:02,229 - BlankSpaceAnalyzer - INFO - -> Analyzing version 1.2.6-rc.1761327012562 (237/237)...
2025-10-27 05:02:02,230 - BlankSpaceAnalyzer - INFO - Exporting results for '@radix-ui/react-switch' to CSV...
2025-10-27 05:02:02,446 - BlankSpaceAnalyzer - INFO - Reports saved in: /app/npm_results/@radix-ui_react-switch
2025-10-27 05:02:02,447 - NPM_Analyzer - INFO - Cleaning temporary folder 'temp/@radix-ui_react-switch'...
2025-10-27 05:02:02,497 - NPM_Analyzer - INFO - Cleanup completed.
