2025-10-28 00:17:01,556 - NPM_Analyzer - INFO - Fetching metadata for '@ctrl/tinycolor'...
2025-10-28 00:17:01,786 - NPM_Analyzer - INFO - Found 49 versions. Starting download into 'temp/@ctrl_tinycolor'...
2025-10-28 00:18:10,113 - BlankSpaceAnalyzer - INFO - Analyzing 49 versions for '*.js' in '@ctrl_tinycolor'.
2025-10-28 00:18:10,113 - BlankSpaceAnalyzer - INFO - -> Analyzing version 1.0.0 (1/49)...
2025-10-28 00:18:10,215 - BlankSpaceAnalyzer - INFO - -> Analyzing version 1.1.0 (2/49)...
2025-10-28 00:18:10,286 - BlankSpaceAnalyzer - INFO - -> Analyzing version 1.1.1 (3/49)...
2025-10-28 00:18:10,366 - BlankSpaceAnalyzer - INFO - -> Analyzing version 1.2.0 (4/49)...
2025-10-28 00:18:10,444 - BlankSpaceAnalyzer - INFO - -> Analyzing version 2.0.0 (5/49)...
2025-10-28 00:18:10,522 - BlankSpaceAnalyzer - INFO - -> Analyzing version 2.0.1 (6/49)...
2025-10-28 00:18:10,605 - BlankSpaceAnalyzer - INFO - -> Analyzing version 2.1.0 (7/49)...
2025-10-28 00:18:10,682 - BlankSpaceAnalyzer - INFO - -> Analyzing version 2.2.0 (8/49)...
2025-10-28 00:18:10,760 - BlankSpaceAnalyzer - INFO - -> Analyzing version 2.2.1 (9/49)...
2025-10-28 00:18:10,840 - BlankSpaceAnalyzer - INFO - -> Analyzing version 2.3.0 (10/49)...
2025-10-28 00:18:10,919 - BlankSpaceAnalyzer - INFO - -> Analyzing version 2.4.0 (11/49)...
2025-10-28 00:18:10,998 - BlankSpaceAnalyzer - INFO - -> Analyzing version 2.5.0 (12/49)...
2025-10-28 00:18:11,078 - BlankSpaceAnalyzer - INFO - -> Analyzing version 2.5.1 (13/49)...
2025-10-28 00:18:11,156 - BlankSpaceAnalyzer - INFO - -> Analyzing version 2.5.2 (14/49)...
2025-10-28 00:18:11,236 - BlankSpaceAnalyzer - INFO - -> Analyzing version 2.5.3 (15/49)...
2025-10-28 00:18:11,316 - BlankSpaceAnalyzer - INFO - -> Analyzing version 2.5.4 (16/49)...
2025-10-28 00:18:11,394 - BlankSpaceAnalyzer - INFO - -> Analyzing version 2.6.0 (17/49)...
2025-10-28 00:18:11,474 - BlankSpaceAnalyzer - INFO - -> Analyzing version 2.6.1 (18/49)...
2025-10-28 00:18:11,552 - BlankSpaceAnalyzer - INFO - -> Analyzing version 3.0.0 (19/49)...
2025-10-28 00:18:11,631 - BlankSpaceAnalyzer - INFO - -> Analyzing version 3.0.1 (20/49)...
2025-10-28 00:18:11,710 - BlankSpaceAnalyzer - INFO - -> Analyzing version 3.0.2 (21/49)...
2025-10-28 00:18:11,782 - BlankSpaceAnalyzer - INFO - -> Analyzing version 3.1.0 (22/49)...
2025-10-28 00:18:11,860 - BlankSpaceAnalyzer - INFO - -> Analyzing version 3.1.1 (23/49)...
2025-10-28 00:18:11,940 - BlankSpaceAnalyzer - INFO - -> Analyzing version 3.1.2 (24/49)...
2025-10-28 00:18:12,019 - BlankSpaceAnalyzer - INFO - -> Analyzing version 3.1.3 (25/49)...
2025-10-28 00:18:12,099 - BlankSpaceAnalyzer - INFO - -> Analyzing version 3.1.4 (26/49)...
2025-10-28 00:18:12,178 - BlankSpaceAnalyzer - INFO - -> Analyzing version 3.1.5 (27/49)...
2025-10-28 00:18:12,258 - BlankSpaceAnalyzer - INFO - -> Analyzing version 3.1.6 (28/49)...
2025-10-28 00:18:12,336 - BlankSpaceAnalyzer - INFO - -> Analyzing version 3.1.7 (29/49)...
2025-10-28 00:18:12,415 - BlankSpaceAnalyzer - INFO - -> Analyzing version 3.2.0 (30/49)...
2025-10-28 00:18:12,494 - BlankSpaceAnalyzer - INFO - -> Analyzing version 3.2.1 (31/49)...
2025-10-28 00:18:12,575 - BlankSpaceAnalyzer - INFO - -> Analyzing version 3.3.0 (32/49)...
2025-10-28 00:18:12,655 - BlankSpaceAnalyzer - INFO - -> Analyzing version 3.3.1 (33/49)...
2025-10-28 00:18:12,732 - BlankSpaceAnalyzer - INFO - -> Analyzing version 3.3.2 (34/49)...
2025-10-28 00:18:12,803 - BlankSpaceAnalyzer - INFO - -> Analyzing version 3.3.3 (35/49)...
2025-10-28 00:18:12,882 - BlankSpaceAnalyzer - INFO - -> Analyzing version 3.3.4 (36/49)...
2025-10-28 00:18:12,962 - BlankSpaceAnalyzer - INFO - -> Analyzing version 3.4.0 (37/49)...
2025-10-28 00:18:13,038 - BlankSpaceAnalyzer - INFO - -> Analyzing version 3.4.1 (38/49)...
2025-10-28 00:18:13,110 - BlankSpaceAnalyzer - INFO - -> Analyzing version 3.5.0 (39/49)...
2025-10-28 00:18:13,182 - BlankSpaceAnalyzer - INFO - -> Analyzing version 3.5.1 (40/49)...
2025-10-28 00:18:13,261 - BlankSpaceAnalyzer - INFO - -> Analyzing version 3.6.0 (41/49)...
2025-10-28 00:18:13,341 - BlankSpaceAnalyzer - INFO - -> Analyzing version 3.6.1 (42/49)...
2025-10-28 00:18:13,424 - BlankSpaceAnalyzer - INFO - -> Analyzing version 4.0.0 (43/49)...
2025-10-28 00:18:13,501 - BlankSpaceAnalyzer - INFO - -> Analyzing version 4.0.1 (44/49)...
2025-10-28 00:18:13,581 - BlankSpaceAnalyzer - INFO - -> Analyzing version 4.0.2 (45/49)...
2025-10-28 00:18:13,660 - BlankSpaceAnalyzer - INFO - -> Analyzing version 4.0.3 (46/49)...
2025-10-28 00:18:13,739 - BlankSpaceAnalyzer - INFO - -> Analyzing version 4.0.4 (47/49)...
2025-10-28 00:18:13,818 - BlankSpaceAnalyzer - INFO - -> Analyzing version 4.1.0 (48/49)...
2025-10-28 00:18:13,897 - BlankSpaceAnalyzer - INFO - -> Analyzing version 4.2.0 (49/49)...
2025-10-28 00:18:13,976 - BlankSpaceAnalyzer - INFO - Exporting results for '@ctrl/tinycolor' to CSV...
2025-10-28 00:18:14,033 - BlankSpaceAnalyzer - INFO - Reports saved in: /app/npm_results/@ctrl_tinycolor
2025-10-28 00:18:14,033 - NPM_Analyzer - INFO - Cleaning temporary folder 'temp/@ctrl_tinycolor'...
2025-10-28 00:18:14,075 - NPM_Analyzer - INFO - Cleanup completed.
