2025-10-23 02:11:41,790 - NPM_Analyzer - INFO - Fetching metadata for 'to-regex-range'...
2025-10-23 02:11:41,904 - NPM_Analyzer - INFO - Found 18 versions. Starting download into 'temp/to-regex-range'...
2025-10-23 02:11:53,085 - BlankSpaceAnalyzer - INFO - Analyzing 18 versions for '*.js' in 'to-regex-range'.
2025-10-23 02:11:53,085 - BlankSpaceAnalyzer - INFO - -> Analyzing version 0.1.0 (1/18)...
2025-10-23 02:11:53,086 - BlankSpaceAnalyzer - INFO - -> Analyzing version 0.1.1 (2/18)...
2025-10-23 02:11:53,087 - BlankSpaceAnalyzer - INFO - -> Analyzing version 0.1.2 (3/18)...
2025-10-23 02:11:53,088 - BlankSpaceAnalyzer - INFO - -> Analyzing version 0.1.3 (4/18)...
2025-10-23 02:11:53,089 - BlankSpaceAnalyzer - INFO - -> Analyzing version 0.2.0 (5/18)...
2025-10-23 02:11:53,090 - BlankSpaceAnalyzer - INFO - -> Analyzing version 1.0.0 (6/18)...
2025-10-23 02:11:53,092 - BlankSpaceAnalyzer - INFO - -> Analyzing version 1.0.1 (7/18)...
2025-10-23 02:11:53,093 - BlankSpaceAnalyzer - INFO - -> Analyzing version 1.0.2 (8/18)...
2025-10-23 02:11:53,094 - BlankSpaceAnalyzer - INFO - -> Analyzing version 2.0.0 (9/18)...
2025-10-23 02:11:53,095 - BlankSpaceAnalyzer - INFO - -> Analyzing version 2.1.0 (10/18)...
2025-10-23 02:11:53,096 - BlankSpaceAnalyzer - INFO - -> Analyzing version 2.1.1 (11/18)...
2025-10-23 02:11:53,097 - BlankSpaceAnalyzer - INFO - -> Analyzing version 3.0.0 (12/18)...
2025-10-23 02:11:53,098 - BlankSpaceAnalyzer - INFO - -> Analyzing version 4.0.0 (13/18)...
2025-10-23 02:11:53,099 - BlankSpaceAnalyzer - INFO - -> Analyzing version 4.0.1 (14/18)...
2025-10-23 02:11:53,100 - BlankSpaceAnalyzer - INFO - -> Analyzing version 4.0.2 (15/18)...
2025-10-23 02:11:53,101 - BlankSpaceAnalyzer - INFO - -> Analyzing version 4.0.3 (16/18)...
2025-10-23 02:11:53,102 - BlankSpaceAnalyzer - INFO - -> Analyzing version 5.0.0 (17/18)...
2025-10-23 02:11:53,104 - BlankSpaceAnalyzer - INFO - -> Analyzing version 5.0.1 (18/18)...
2025-10-23 02:11:53,114 - BlankSpaceAnalyzer - INFO - Exporting results for 'to-regex-range' to CSV...
2025-10-23 02:11:53,137 - BlankSpaceAnalyzer - INFO - Reports saved in: /app/npm_results/to-regex-range
2025-10-23 02:11:53,137 - NPM_Analyzer - INFO - Cleaning temporary folder 'temp/to-regex-range'...
2025-10-23 02:11:53,139 - NPM_Analyzer - INFO - Cleanup completed.
