2025-11-18 00:45:00,978 - NPM_HUT_Analyzer - INFO - Recupero metadata per 'rbush'...
2025-11-18 00:45:01,690 - NPM_HUT_Analyzer - INFO - Trovate 29 versioni. Inizio download in 'temp_hut/rbush'...
2025-11-18 00:45:22,726 - UnicodeAnalyzer - INFO - Analizzando 29 versioni per '*.js' in 'rbush'.
2025-11-18 00:45:22,727 - UnicodeAnalyzer - INFO - -> Analizzando versione 0.1.0 (1/29)...
2025-11-18 00:45:22,728 - UnicodeAnalyzer - INFO - Filtrati 1 file (es. in /dist, /test).
2025-11-18 00:45:22,814 - UnicodeAnalyzer - INFO - -> Analizzando versione 0.2.0 (2/29)...
2025-11-18 00:45:22,815 - UnicodeAnalyzer - INFO - Filtrati 1 file (es. in /dist, /test).
2025-11-18 00:45:22,869 - UnicodeAnalyzer - INFO - -> Analizzando versione 0.3.0 (3/29)...
2025-11-18 00:45:22,869 - UnicodeAnalyzer - INFO - Filtrati 1 file (es. in /dist, /test).
2025-11-18 00:45:22,924 - UnicodeAnalyzer - INFO - -> Analizzando versione 1.0.0 (4/29)...
2025-11-18 00:45:22,925 - UnicodeAnalyzer - INFO - Filtrati 1 file (es. in /dist, /test).
2025-11-18 00:45:22,984 - UnicodeAnalyzer - INFO - -> Analizzando versione 1.1.0 (5/29)...
2025-11-18 00:45:22,984 - UnicodeAnalyzer - INFO - Filtrati 1 file (es. in /dist, /test).
2025-11-18 00:45:23,046 - UnicodeAnalyzer - INFO - -> Analizzando versione 1.1.1 (6/29)...
2025-11-18 00:45:23,047 - UnicodeAnalyzer - INFO - Filtrati 1 file (es. in /dist, /test).
2025-11-18 00:45:23,104 - UnicodeAnalyzer - INFO - -> Analizzando versione 1.2.0 (7/29)...
2025-11-18 00:45:23,105 - UnicodeAnalyzer - INFO - Filtrati 1 file (es. in /dist, /test).
2025-11-18 00:45:23,164 - UnicodeAnalyzer - INFO - -> Analizzando versione 1.2.1 (8/29)...
2025-11-18 00:45:23,164 - UnicodeAnalyzer - INFO - Filtrati 1 file (es. in /dist, /test).
2025-11-18 00:45:23,223 - UnicodeAnalyzer - INFO - -> Analizzando versione 1.2.2 (9/29)...
2025-11-18 00:45:23,224 - UnicodeAnalyzer - INFO - Filtrati 1 file (es. in /dist, /test).
2025-11-18 00:45:23,284 - UnicodeAnalyzer - INFO - -> Analizzando versione 1.2.3 (10/29)...
2025-11-18 00:45:23,284 - UnicodeAnalyzer - INFO - Filtrati 1 file (es. in /dist, /test).
2025-11-18 00:45:23,343 - UnicodeAnalyzer - INFO - -> Analizzando versione 1.2.4 (11/29)...
2025-11-18 00:45:23,344 - UnicodeAnalyzer - INFO - Filtrati 1 file (es. in /dist, /test).
2025-11-18 00:45:23,403 - UnicodeAnalyzer - INFO - -> Analizzando versione 1.2.5 (12/29)...
2025-11-18 00:45:23,404 - UnicodeAnalyzer - INFO - Filtrati 1 file (es. in /dist, /test).
2025-11-18 00:45:23,463 - UnicodeAnalyzer - INFO - -> Analizzando versione 1.3.0 (13/29)...
2025-11-18 00:45:23,464 - UnicodeAnalyzer - INFO - Filtrati 1 file (es. in /dist, /test).
2025-11-18 00:45:23,522 - UnicodeAnalyzer - INFO - -> Analizzando versione 1.3.1 (14/29)...
2025-11-18 00:45:23,523 - UnicodeAnalyzer - INFO - Filtrati 1 file (es. in /dist, /test).
2025-11-18 00:45:23,582 - UnicodeAnalyzer - INFO - -> Analizzando versione 1.3.2 (15/29)...
2025-11-18 00:45:23,583 - UnicodeAnalyzer - INFO - Filtrati 1 file (es. in /dist, /test).
2025-11-18 00:45:23,642 - UnicodeAnalyzer - INFO - -> Analizzando versione 1.3.3 (16/29)...
2025-11-18 00:45:23,643 - UnicodeAnalyzer - INFO - Filtrati 1 file (es. in /dist, /test).
2025-11-18 00:45:23,702 - UnicodeAnalyzer - INFO - -> Analizzando versione 1.3.4 (17/29)...
2025-11-18 00:45:23,703 - UnicodeAnalyzer - INFO - Filtrati 1 file (es. in /dist, /test).
2025-11-18 00:45:23,763 - UnicodeAnalyzer - INFO - -> Analizzando versione 1.3.5 (18/29)...
2025-11-18 00:45:23,764 - UnicodeAnalyzer - INFO - Filtrati 1 file (es. in /dist, /test).
2025-11-18 00:45:23,825 - UnicodeAnalyzer - INFO - -> Analizzando versione 1.4.0 (19/29)...
2025-11-18 00:45:23,826 - UnicodeAnalyzer - INFO - Filtrati 1 file (es. in /dist, /test).
2025-11-18 00:45:23,886 - UnicodeAnalyzer - INFO - -> Analizzando versione 1.4.1 (20/29)...
2025-11-18 00:45:23,886 - UnicodeAnalyzer - INFO - Filtrati 1 file (es. in /dist, /test).
2025-11-18 00:45:23,948 - UnicodeAnalyzer - INFO - -> Analizzando versione 1.4.2 (21/29)...
2025-11-18 00:45:23,949 - UnicodeAnalyzer - INFO - Filtrati 1 file (es. in /dist, /test).
2025-11-18 00:45:24,011 - UnicodeAnalyzer - INFO - -> Analizzando versione 1.4.3 (22/29)...
2025-11-18 00:45:24,011 - UnicodeAnalyzer - INFO - Filtrati 1 file (es. in /dist, /test).
2025-11-18 00:45:24,074 - UnicodeAnalyzer - INFO - -> Analizzando versione 2.0.0 (23/29)...
2025-11-18 00:45:24,135 - UnicodeAnalyzer - INFO - -> Analizzando versione 2.0.1 (24/29)...
2025-11-18 00:45:24,198 - UnicodeAnalyzer - INFO - -> Analizzando versione 2.0.2 (25/29)...
2025-11-18 00:45:24,257 - UnicodeAnalyzer - INFO - -> Analizzando versione 3.0.0 (26/29)...
2025-11-18 00:45:24,317 - UnicodeAnalyzer - INFO - -> Analizzando versione 3.0.1 (27/29)...
2025-11-18 00:45:24,377 - UnicodeAnalyzer - INFO - -> Analizzando versione 4.0.0 (28/29)...
2025-11-18 00:45:24,437 - UnicodeAnalyzer - INFO - -> Analizzando versione 4.0.1 (29/29)...
2025-11-18 00:45:24,498 - UnicodeAnalyzer - INFO - Esportando i risultati HUT per 'rbush' in CSV...
2025-11-18 00:45:24,539 - UnicodeAnalyzer - INFO - Report salvati in: /app/npm_hut_results/rbush
2025-11-18 00:45:24,539 - NPM_HUT_Analyzer - INFO - Pulizia cartella temporanea 'temp_hut/rbush'...
2025-11-18 00:45:24,548 - NPM_HUT_Analyzer - INFO - Pulizia completata.
