2025-11-01 18:42:52,611 - NPM_Analyzer - INFO - Fetching metadata for '@sqltools/formatter'...
2025-11-01 18:42:52,820 - NPM_Analyzer - INFO - Found 13 versions. Starting download into 'temp/@sqltools_formatter'...
2025-11-01 18:43:18,088 - BlankSpaceAnalyzer - INFO - Analyzing 13 versions for '*.js' in '@sqltools_formatter'.
2025-11-01 18:43:18,088 - BlankSpaceAnalyzer - INFO - -> Analyzing version 0.0.0 (1/13)...
2025-11-01 18:43:18,215 - BlankSpaceAnalyzer - INFO - -> Analyzing version 0.1.0 (2/13)...
2025-11-01 18:43:18,313 - BlankSpaceAnalyzer - INFO - -> Analyzing version 1.0.0 (3/13)...
2025-11-01 18:43:18,410 - BlankSpaceAnalyzer - INFO - -> Analyzing version 1.0.1 (4/13)...
2025-11-01 18:43:18,508 - BlankSpaceAnalyzer - INFO - -> Analyzing version 1.0.2 (5/13)...
2025-11-01 18:43:18,605 - BlankSpaceAnalyzer - INFO - -> Analyzing version 1.0.3 (6/13)...
2025-11-01 18:43:18,709 - BlankSpaceAnalyzer - INFO - -> Analyzing version 1.1.0 (7/13)...
2025-11-01 18:43:18,710 - BlankSpaceAnalyzer - INFO - -> Analyzing version 1.1.1 (8/13)...
2025-11-01 18:43:18,710 - BlankSpaceAnalyzer - INFO - -> Analyzing version 1.2.0 (9/13)...
2025-11-01 18:43:18,816 - BlankSpaceAnalyzer - INFO - -> Analyzing version 1.2.1 (10/13)...
2025-11-01 18:43:18,925 - BlankSpaceAnalyzer - INFO - -> Analyzing version 1.2.2 (11/13)...
2025-11-01 18:43:19,023 - BlankSpaceAnalyzer - INFO - -> Analyzing version 1.2.3 (12/13)...
2025-11-01 18:43:19,122 - BlankSpaceAnalyzer - INFO - -> Analyzing version 1.2.5 (13/13)...
2025-11-01 18:43:19,229 - BlankSpaceAnalyzer - INFO - Exporting results for '@sqltools/formatter' to CSV...
2025-11-01 18:43:19,241 - BlankSpaceAnalyzer - INFO - Reports saved in: /app/npm_results/@sqltools_formatter
2025-11-01 18:43:19,241 - NPM_Analyzer - INFO - Cleaning temporary folder 'temp/@sqltools_formatter'...
2025-11-01 18:43:19,247 - NPM_Analyzer - INFO - Cleanup completed.
