2025-11-15 02:26:23,568 - NPM_HUT_Analyzer - INFO - Recupero metadata per 'cookies'...
2025-11-15 02:26:23,648 - NPM_HUT_Analyzer - INFO - Trovate 34 versioni. Inizio download in 'temp_hut/cookies'...
2025-11-15 02:26:42,231 - UnicodeAnalyzer - INFO - Analizzando 34 versioni per '*.js' in 'cookies'.
2025-11-15 02:26:42,232 - UnicodeAnalyzer - INFO - -> Analizzando versione 0.1.0 (1/34)...
2025-11-15 02:26:42,306 - UnicodeAnalyzer - INFO - -> Analizzando versione 0.1.1 (2/34)...
2025-11-15 02:26:42,348 - UnicodeAnalyzer - INFO - -> Analizzando versione 0.1.2 (3/34)...
2025-11-15 02:26:42,390 - UnicodeAnalyzer - INFO - -> Analizzando versione 0.1.3 (4/34)...
2025-11-15 02:26:42,433 - UnicodeAnalyzer - INFO - -> Analizzando versione 0.1.4 (5/34)...
2025-11-15 02:26:42,479 - UnicodeAnalyzer - INFO - -> Analizzando versione 0.1.5 (6/34)...
2025-11-15 02:26:42,526 - UnicodeAnalyzer - INFO - -> Analizzando versione 0.1.6 (7/34)...
2025-11-15 02:26:42,577 - UnicodeAnalyzer - INFO - -> Analizzando versione 0.2.0 (8/34)...
2025-11-15 02:26:42,577 - UnicodeAnalyzer - INFO - Filtrati 2 file (es. in /dist, /test).
2025-11-15 02:26:42,578 - UnicodeAnalyzer - INFO - -> Analizzando versione 0.2.1 (9/34)...
2025-11-15 02:26:42,578 - UnicodeAnalyzer - INFO - Filtrati 2 file (es. in /dist, /test).
2025-11-15 02:26:42,578 - UnicodeAnalyzer - INFO - -> Analizzando versione 0.2.2 (10/34)...
2025-11-15 02:26:42,578 - UnicodeAnalyzer - INFO - Filtrati 2 file (es. in /dist, /test).
2025-11-15 02:26:42,579 - UnicodeAnalyzer - INFO - -> Analizzando versione 0.2.3 (11/34)...
2025-11-15 02:26:42,579 - UnicodeAnalyzer - INFO - Filtrati 2 file (es. in /dist, /test).
2025-11-15 02:26:42,579 - UnicodeAnalyzer - INFO - -> Analizzando versione 0.3.0 (12/34)...
2025-11-15 02:26:42,580 - UnicodeAnalyzer - INFO - Filtrati 2 file (es. in /dist, /test).
2025-11-15 02:26:42,580 - UnicodeAnalyzer - INFO - -> Analizzando versione 0.3.1 (13/34)...
2025-11-15 02:26:42,580 - UnicodeAnalyzer - INFO - Filtrati 2 file (es. in /dist, /test).
2025-11-15 02:26:42,580 - UnicodeAnalyzer - INFO - -> Analizzando versione 0.3.2 (14/34)...
2025-11-15 02:26:42,581 - UnicodeAnalyzer - INFO - Filtrati 2 file (es. in /dist, /test).
2025-11-15 02:26:42,581 - UnicodeAnalyzer - INFO - -> Analizzando versione 0.3.3 (15/34)...
2025-11-15 02:26:42,581 - UnicodeAnalyzer - INFO - Filtrati 2 file (es. in /dist, /test).
2025-11-15 02:26:42,581 - UnicodeAnalyzer - INFO - -> Analizzando versione 0.3.4 (16/34)...
2025-11-15 02:26:42,582 - UnicodeAnalyzer - INFO - Filtrati 2 file (es. in /dist, /test).
2025-11-15 02:26:42,582 - UnicodeAnalyzer - INFO - -> Analizzando versione 0.3.5 (17/34)...
2025-11-15 02:26:42,582 - UnicodeAnalyzer - INFO - Filtrati 2 file (es. in /dist, /test).
2025-11-15 02:26:42,582 - UnicodeAnalyzer - INFO - -> Analizzando versione 0.3.6 (18/34)...
2025-11-15 02:26:42,583 - UnicodeAnalyzer - INFO - Filtrati 3 file (es. in /dist, /test).
2025-11-15 02:26:42,583 - UnicodeAnalyzer - INFO - -> Analizzando versione 0.3.7 (19/34)...
2025-11-15 02:26:42,583 - UnicodeAnalyzer - INFO - Filtrati 3 file (es. in /dist, /test).
2025-11-15 02:26:42,584 - UnicodeAnalyzer - INFO - -> Analizzando versione 0.3.8 (20/34)...
2025-11-15 02:26:42,584 - UnicodeAnalyzer - INFO - Filtrati 3 file (es. in /dist, /test).
2025-11-15 02:26:42,584 - UnicodeAnalyzer - INFO - -> Analizzando versione 0.4.0 (21/34)...
2025-11-15 02:26:42,584 - UnicodeAnalyzer - INFO - Filtrati 3 file (es. in /dist, /test).
2025-11-15 02:26:42,585 - UnicodeAnalyzer - INFO - -> Analizzando versione 0.4.1 (22/34)...
2025-11-15 02:26:42,585 - UnicodeAnalyzer - INFO - Filtrati 3 file (es. in /dist, /test).
2025-11-15 02:26:42,585 - UnicodeAnalyzer - INFO - -> Analizzando versione 0.5.0 (23/34)...
2025-11-15 02:26:42,586 - UnicodeAnalyzer - INFO - -> Analizzando versione 0.5.1 (24/34)...
2025-11-15 02:26:42,586 - UnicodeAnalyzer - INFO - -> Analizzando versione 0.6.0 (25/34)...
2025-11-15 02:26:42,587 - UnicodeAnalyzer - INFO - -> Analizzando versione 0.6.1 (26/34)...
2025-11-15 02:26:42,587 - UnicodeAnalyzer - INFO - -> Analizzando versione 0.6.2 (27/34)...
2025-11-15 02:26:42,588 - UnicodeAnalyzer - INFO - -> Analizzando versione 0.7.0 (28/34)...
2025-11-15 02:26:42,589 - UnicodeAnalyzer - INFO - -> Analizzando versione 0.7.1 (29/34)...
2025-11-15 02:26:42,589 - UnicodeAnalyzer - INFO - -> Analizzando versione 0.7.2 (30/34)...
2025-11-15 02:26:42,590 - UnicodeAnalyzer - INFO - -> Analizzando versione 0.7.3 (31/34)...
2025-11-15 02:26:42,590 - UnicodeAnalyzer - INFO - -> Analizzando versione 0.8.0 (32/34)...
2025-11-15 02:26:42,591 - UnicodeAnalyzer - INFO - -> Analizzando versione 0.9.0 (33/34)...
2025-11-15 02:26:42,591 - UnicodeAnalyzer - INFO - -> Analizzando versione 0.9.1 (34/34)...
2025-11-15 02:26:42,592 - UnicodeAnalyzer - INFO - Esportando i risultati HUT per 'cookies' in CSV...
2025-11-15 02:26:42,640 - UnicodeAnalyzer - INFO - Report salvati in: /app/npm_hut_results/cookies
2025-11-15 02:26:42,640 - NPM_HUT_Analyzer - INFO - Pulizia cartella temporanea 'temp_hut/cookies'...
2025-11-15 02:26:42,646 - NPM_HUT_Analyzer - INFO - Pulizia completata.
