2025-11-15 02:38:28,343 - NPM_HUT_Analyzer - INFO - Recupero metadata per 'webpack-manifest-plugin'...
2025-11-15 02:38:28,485 - NPM_HUT_Analyzer - INFO - Trovate 42 versioni. Inizio download in 'temp_hut/webpack-manifest-plugin'...
2025-11-15 02:38:49,375 - UnicodeAnalyzer - INFO - Analizzando 42 versioni per '*.js' in 'webpack-manifest-plugin'.
2025-11-15 02:38:49,375 - UnicodeAnalyzer - INFO - -> Analizzando versione 0.0.1 (1/42)...
2025-11-15 02:38:49,449 - UnicodeAnalyzer - INFO - -> Analizzando versione 0.0.2 (2/42)...
2025-11-15 02:38:49,491 - UnicodeAnalyzer - INFO - -> Analizzando versione 0.2.0 (3/42)...
2025-11-15 02:38:49,534 - UnicodeAnalyzer - INFO - -> Analizzando versione 0.3.0 (4/42)...
2025-11-15 02:38:49,580 - UnicodeAnalyzer - INFO - -> Analizzando versione 0.4.0 (5/42)...
2025-11-15 02:38:49,626 - UnicodeAnalyzer - INFO - -> Analizzando versione 0.5.0 (6/42)...
2025-11-15 02:38:49,671 - UnicodeAnalyzer - INFO - -> Analizzando versione 1.0.0 (7/42)...
2025-11-15 02:38:49,716 - UnicodeAnalyzer - INFO - -> Analizzando versione 1.0.1 (8/42)...
2025-11-15 02:38:49,762 - UnicodeAnalyzer - INFO - -> Analizzando versione 1.1.0 (9/42)...
2025-11-15 02:38:49,809 - UnicodeAnalyzer - INFO - -> Analizzando versione 1.1.0-0 (10/42)...
2025-11-15 02:38:49,855 - UnicodeAnalyzer - INFO - -> Analizzando versione 1.1.1 (11/42)...
2025-11-15 02:38:49,899 - UnicodeAnalyzer - INFO - -> Analizzando versione 1.1.2 (12/42)...
2025-11-15 02:38:49,944 - UnicodeAnalyzer - INFO - -> Analizzando versione 1.2.0 (13/42)...
2025-11-15 02:38:49,991 - UnicodeAnalyzer - INFO - -> Analizzando versione 1.2.1 (14/42)...
2025-11-15 02:38:50,036 - UnicodeAnalyzer - INFO - -> Analizzando versione 1.3.0 (15/42)...
2025-11-15 02:38:50,085 - UnicodeAnalyzer - INFO - -> Analizzando versione 1.3.1 (16/42)...
2025-11-15 02:38:50,129 - UnicodeAnalyzer - INFO - -> Analizzando versione 1.3.2 (17/42)...
2025-11-15 02:38:50,174 - UnicodeAnalyzer - INFO - -> Analizzando versione 2.0.0 (18/42)...
2025-11-15 02:38:50,219 - UnicodeAnalyzer - INFO - -> Analizzando versione 2.0.0-rc.1 (19/42)...
2025-11-15 02:38:50,263 - UnicodeAnalyzer - INFO - -> Analizzando versione 2.0.0-rc.2 (20/42)...
2025-11-15 02:38:50,307 - UnicodeAnalyzer - INFO - -> Analizzando versione 2.0.1 (21/42)...
2025-11-15 02:38:50,353 - UnicodeAnalyzer - INFO - -> Analizzando versione 2.0.2 (22/42)...
2025-11-15 02:38:50,398 - UnicodeAnalyzer - INFO - -> Analizzando versione 2.0.3 (23/42)...
2025-11-15 02:38:50,442 - UnicodeAnalyzer - INFO - -> Analizzando versione 2.0.4 (24/42)...
2025-11-15 02:38:50,490 - UnicodeAnalyzer - INFO - -> Analizzando versione 2.1.0 (25/42)...
2025-11-15 02:38:50,534 - UnicodeAnalyzer - INFO - -> Analizzando versione 2.1.1 (26/42)...
2025-11-15 02:38:50,579 - UnicodeAnalyzer - INFO - -> Analizzando versione 2.1.2 (27/42)...
2025-11-15 02:38:50,623 - UnicodeAnalyzer - INFO - -> Analizzando versione 2.2.0 (28/42)...
2025-11-15 02:38:50,668 - UnicodeAnalyzer - INFO - -> Analizzando versione 3.0.0 (29/42)...
2025-11-15 02:38:50,713 - UnicodeAnalyzer - INFO - -> Analizzando versione 3.0.0-rc.0 (30/42)...
2025-11-15 02:38:50,758 - UnicodeAnalyzer - INFO - -> Analizzando versione 3.1.0 (31/42)...
2025-11-15 02:38:50,804 - UnicodeAnalyzer - INFO - -> Analizzando versione 3.1.1 (32/42)...
2025-11-15 02:38:50,849 - UnicodeAnalyzer - INFO - -> Analizzando versione 3.2.0 (33/42)...
2025-11-15 02:38:50,896 - UnicodeAnalyzer - INFO - -> Analizzando versione 4.0.0 (34/42)...
2025-11-15 02:38:50,896 - UnicodeAnalyzer - INFO - Filtrati 3 file (es. in /dist, /test).
2025-11-15 02:38:50,896 - UnicodeAnalyzer - INFO - -> Analizzando versione 4.0.1 (35/42)...
2025-11-15 02:38:50,896 - UnicodeAnalyzer - INFO - Filtrati 3 file (es. in /dist, /test).
2025-11-15 02:38:50,896 - UnicodeAnalyzer - INFO - -> Analizzando versione 4.0.2 (36/42)...
2025-11-15 02:38:50,897 - UnicodeAnalyzer - INFO - Filtrati 3 file (es. in /dist, /test).
2025-11-15 02:38:50,897 - UnicodeAnalyzer - INFO - -> Analizzando versione 4.1.0 (37/42)...
2025-11-15 02:38:50,897 - UnicodeAnalyzer - INFO - -> Analizzando versione 4.1.1 (38/42)...
2025-11-15 02:38:50,897 - UnicodeAnalyzer - INFO - Filtrati 3 file (es. in /dist, /test).
2025-11-15 02:38:50,897 - UnicodeAnalyzer - INFO - -> Analizzando versione 5.0.0 (39/42)...
2025-11-15 02:38:50,897 - UnicodeAnalyzer - INFO - Filtrati 3 file (es. in /dist, /test).
2025-11-15 02:38:50,897 - UnicodeAnalyzer - INFO - -> Analizzando versione 5.0.1 (40/42)...
2025-11-15 02:38:50,898 - UnicodeAnalyzer - INFO - Filtrati 3 file (es. in /dist, /test).
2025-11-15 02:38:50,898 - UnicodeAnalyzer - INFO - -> Analizzando versione 6.0.0 (41/42)...
2025-11-15 02:38:50,898 - UnicodeAnalyzer - INFO - Filtrati 3 file (es. in /dist, /test).
2025-11-15 02:38:50,898 - UnicodeAnalyzer - INFO - -> Analizzando versione 6.0.1 (42/42)...
2025-11-15 02:38:50,898 - UnicodeAnalyzer - INFO - Filtrati 3 file (es. in /dist, /test).
2025-11-15 02:38:50,898 - UnicodeAnalyzer - INFO - Esportando i risultati HUT per 'webpack-manifest-plugin' in CSV...
2025-11-15 02:38:50,957 - UnicodeAnalyzer - INFO - Report salvati in: /app/npm_hut_results/webpack-manifest-plugin
2025-11-15 02:38:50,958 - NPM_HUT_Analyzer - INFO - Pulizia cartella temporanea 'temp_hut/webpack-manifest-plugin'...
2025-11-15 02:38:50,966 - NPM_HUT_Analyzer - INFO - Pulizia completata.
