2025-11-10 17:42:43,587 - NPM_HUT_Analyzer - INFO - Recupero metadata per 'glob'...
2025-11-10 17:42:43,696 - NPM_HUT_Analyzer - INFO - Trovate 158 versioni. Inizio download in 'temp_hut/glob'...
2025-11-10 17:43:47,697 - UnicodeAnalyzer - INFO - Analizzando 158 versioni per '*.js' in 'glob'.
2025-11-10 17:43:47,697 - UnicodeAnalyzer - INFO - -> Analizzando versione 1.1.0 (1/158)...
2025-11-10 17:43:47,699 - UnicodeAnalyzer - INFO - Filtrati 1 file (es. in /dist, /test).
2025-11-10 17:43:47,701 - UnicodeAnalyzer - INFO - -> Analizzando versione 10.0.0 (2/158)...
2025-11-10 17:43:47,704 - UnicodeAnalyzer - INFO - Filtrati 14 file (es. in /dist, /test).
2025-11-10 17:43:47,704 - UnicodeAnalyzer - INFO - -> Analizzando versione 10.1.0 (3/158)...
2025-11-10 17:43:47,707 - UnicodeAnalyzer - INFO - Filtrati 14 file (es. in /dist, /test).
2025-11-10 17:43:47,707 - UnicodeAnalyzer - INFO - -> Analizzando versione 10.2.0 (4/158)...
2025-11-10 17:43:47,711 - UnicodeAnalyzer - INFO - Filtrati 15 file (es. in /dist, /test).
2025-11-10 17:43:47,711 - UnicodeAnalyzer - INFO - -> Analizzando versione 10.2.1 (5/158)...
2025-11-10 17:43:47,714 - UnicodeAnalyzer - INFO - Filtrati 15 file (es. in /dist, /test).
2025-11-10 17:43:47,714 - UnicodeAnalyzer - INFO - -> Analizzando versione 10.2.2 (6/158)...
2025-11-10 17:43:47,716 - UnicodeAnalyzer - INFO - Filtrati 15 file (es. in /dist, /test).
2025-11-10 17:43:47,716 - UnicodeAnalyzer - INFO - -> Analizzando versione 10.2.3 (7/158)...
2025-11-10 17:43:47,718 - UnicodeAnalyzer - INFO - Filtrati 15 file (es. in /dist, /test).
2025-11-10 17:43:47,718 - UnicodeAnalyzer - INFO - -> Analizzando versione 10.2.4 (8/158)...
2025-11-10 17:43:47,720 - UnicodeAnalyzer - INFO - Filtrati 15 file (es. in /dist, /test).
2025-11-10 17:43:47,720 - UnicodeAnalyzer - INFO - -> Analizzando versione 10.2.5 (9/158)...
2025-11-10 17:43:47,722 - UnicodeAnalyzer - INFO - Filtrati 15 file (es. in /dist, /test).
2025-11-10 17:43:47,722 - UnicodeAnalyzer - INFO - -> Analizzando versione 10.2.6 (10/158)...
2025-11-10 17:43:47,723 - UnicodeAnalyzer - INFO - Filtrati 15 file (es. in /dist, /test).
2025-11-10 17:43:47,724 - UnicodeAnalyzer - INFO - -> Analizzando versione 10.2.7 (11/158)...
2025-11-10 17:43:47,725 - UnicodeAnalyzer - INFO - Filtrati 15 file (es. in /dist, /test).
2025-11-10 17:43:47,725 - UnicodeAnalyzer - INFO - -> Analizzando versione 10.3.0 (12/158)...
2025-11-10 17:43:47,727 - UnicodeAnalyzer - INFO - Filtrati 15 file (es. in /dist, /test).
2025-11-10 17:43:47,727 - UnicodeAnalyzer - INFO - -> Analizzando versione 10.3.1 (13/158)...
2025-11-10 17:43:47,728 - UnicodeAnalyzer - INFO - Filtrati 15 file (es. in /dist, /test).
2025-11-10 17:43:47,728 - UnicodeAnalyzer - INFO - -> Analizzando versione 10.3.10 (14/158)...
2025-11-10 17:43:47,729 - UnicodeAnalyzer - INFO - Filtrati 14 file (es. in /dist, /test).
2025-11-10 17:43:47,729 - UnicodeAnalyzer - INFO - -> Analizzando versione 10.3.11 (15/158)...
2025-11-10 17:43:47,730 - UnicodeAnalyzer - INFO - Filtrati 14 file (es. in /dist, /test).
2025-11-10 17:43:47,730 - UnicodeAnalyzer - INFO - -> Analizzando versione 10.3.12 (16/158)...
2025-11-10 17:43:47,731 - UnicodeAnalyzer - INFO - Filtrati 14 file (es. in /dist, /test).
2025-11-10 17:43:47,731 - UnicodeAnalyzer - INFO - -> Analizzando versione 10.3.13 (17/158)...
2025-11-10 17:43:47,732 - UnicodeAnalyzer - INFO - Filtrati 14 file (es. in /dist, /test).
2025-11-10 17:43:47,732 - UnicodeAnalyzer - INFO - -> Analizzando versione 10.3.14 (18/158)...
2025-11-10 17:43:47,733 - UnicodeAnalyzer - INFO - Filtrati 14 file (es. in /dist, /test).
2025-11-10 17:43:47,733 - UnicodeAnalyzer - INFO - -> Analizzando versione 10.3.15 (19/158)...
2025-11-10 17:43:47,734 - UnicodeAnalyzer - INFO - Filtrati 14 file (es. in /dist, /test).
2025-11-10 17:43:47,734 - UnicodeAnalyzer - INFO - -> Analizzando versione 10.3.16 (20/158)...
2025-11-10 17:43:47,735 - UnicodeAnalyzer - INFO - Filtrati 14 file (es. in /dist, /test).
2025-11-10 17:43:47,735 - UnicodeAnalyzer - INFO - -> Analizzando versione 10.3.2 (21/158)...
2025-11-10 17:43:47,736 - UnicodeAnalyzer - INFO - Filtrati 15 file (es. in /dist, /test).
2025-11-10 17:43:47,736 - UnicodeAnalyzer - INFO - -> Analizzando versione 10.3.3 (22/158)...
2025-11-10 17:43:47,737 - UnicodeAnalyzer - INFO - Filtrati 15 file (es. in /dist, /test).
2025-11-10 17:43:47,737 - UnicodeAnalyzer - INFO - -> Analizzando versione 10.3.4 (23/158)...
2025-11-10 17:43:47,738 - UnicodeAnalyzer - INFO - Filtrati 15 file (es. in /dist, /test).
2025-11-10 17:43:47,738 - UnicodeAnalyzer - INFO - -> Analizzando versione 10.3.5 (24/158)...
2025-11-10 17:43:47,739 - UnicodeAnalyzer - INFO - Filtrati 15 file (es. in /dist, /test).
2025-11-10 17:43:47,739 - UnicodeAnalyzer - INFO - -> Analizzando versione 10.3.6 (25/158)...
2025-11-10 17:43:47,740 - UnicodeAnalyzer - INFO - Filtrati 15 file (es. in /dist, /test).
2025-11-10 17:43:47,740 - UnicodeAnalyzer - INFO - -> Analizzando versione 10.3.7 (26/158)...
2025-11-10 17:43:47,741 - UnicodeAnalyzer - INFO - Filtrati 14 file (es. in /dist, /test).
2025-11-10 17:43:47,741 - UnicodeAnalyzer - INFO - -> Analizzando versione 10.3.8 (27/158)...
2025-11-10 17:43:47,741 - UnicodeAnalyzer - INFO - Filtrati 14 file (es. in /dist, /test).
2025-11-10 17:43:47,742 - UnicodeAnalyzer - INFO - -> Analizzando versione 10.3.9 (28/158)...
2025-11-10 17:43:47,742 - UnicodeAnalyzer - INFO - Filtrati 14 file (es. in /dist, /test).
2025-11-10 17:43:47,742 - UnicodeAnalyzer - INFO - -> Analizzando versione 10.4.0 (29/158)...
2025-11-10 17:43:47,743 - UnicodeAnalyzer - INFO - Filtrati 14 file (es. in /dist, /test).
2025-11-10 17:43:47,743 - UnicodeAnalyzer - INFO - -> Analizzando versione 10.4.1 (30/158)...
2025-11-10 17:43:47,744 - UnicodeAnalyzer - INFO - Filtrati 14 file (es. in /dist, /test).
2025-11-10 17:43:47,744 - UnicodeAnalyzer - INFO - -> Analizzando versione 10.4.2 (31/158)...
2025-11-10 17:43:47,744 - UnicodeAnalyzer - INFO - Filtrati 14 file (es. in /dist, /test).
2025-11-10 17:43:47,744 - UnicodeAnalyzer - INFO - -> Analizzando versione 10.4.3 (32/158)...
2025-11-10 17:43:47,745 - UnicodeAnalyzer - INFO - Filtrati 14 file (es. in /dist, /test).
2025-11-10 17:43:47,745 - UnicodeAnalyzer - INFO - -> Analizzando versione 10.4.4 (33/158)...
2025-11-10 17:43:47,746 - UnicodeAnalyzer - INFO - Filtrati 14 file (es. in /dist, /test).
2025-11-10 17:43:47,746 - UnicodeAnalyzer - INFO - -> Analizzando versione 10.4.5 (34/158)...
2025-11-10 17:43:47,746 - UnicodeAnalyzer - INFO - Filtrati 14 file (es. in /dist, /test).
2025-11-10 17:43:47,747 - UnicodeAnalyzer - INFO - -> Analizzando versione 11.0.0 (35/158)...
2025-11-10 17:43:47,747 - UnicodeAnalyzer - INFO - Filtrati 14 file (es. in /dist, /test).
2025-11-10 17:43:47,747 - UnicodeAnalyzer - INFO - -> Analizzando versione 11.0.1 (36/158)...
2025-11-10 17:43:47,748 - UnicodeAnalyzer - INFO - Filtrati 14 file (es. in /dist, /test).
2025-11-10 17:43:47,748 - UnicodeAnalyzer - INFO - -> Analizzando versione 11.0.2 (37/158)...
2025-11-10 17:43:47,749 - UnicodeAnalyzer - INFO - Filtrati 14 file (es. in /dist, /test).
2025-11-10 17:43:47,749 - UnicodeAnalyzer - INFO - -> Analizzando versione 11.0.3 (38/158)...
2025-11-10 17:43:47,750 - UnicodeAnalyzer - INFO - Filtrati 14 file (es. in /dist, /test).
2025-11-10 17:43:47,750 - UnicodeAnalyzer - INFO - -> Analizzando versione 2.0.7 (39/158)...
2025-11-10 17:43:47,750 - UnicodeAnalyzer - INFO - Filtrati 1 file (es. in /dist, /test).
2025-11-10 17:43:47,750 - UnicodeAnalyzer - INFO - -> Analizzando versione 2.0.8 (40/158)...
2025-11-10 17:43:47,751 - UnicodeAnalyzer - INFO - Filtrati 1 file (es. in /dist, /test).
2025-11-10 17:43:47,751 - UnicodeAnalyzer - INFO - -> Analizzando versione 2.0.9 (41/158)...
2025-11-10 17:43:47,752 - UnicodeAnalyzer - INFO - Filtrati 1 file (es. in /dist, /test).
2025-11-10 17:43:47,752 - UnicodeAnalyzer - INFO - -> Analizzando versione 2.1.0 (42/158)...
2025-11-10 17:43:47,753 - UnicodeAnalyzer - INFO - Filtrati 1 file (es. in /dist, /test).
2025-11-10 17:43:47,753 - UnicodeAnalyzer - INFO - -> Analizzando versione 3.0.0 (43/158)...
2025-11-10 17:43:47,753 - UnicodeAnalyzer - INFO - Filtrati 4 file (es. in /dist, /test).
2025-11-10 17:43:47,754 - UnicodeAnalyzer - INFO - -> Analizzando versione 3.0.1 (44/158)...
2025-11-10 17:43:47,754 - UnicodeAnalyzer - INFO - Filtrati 5 file (es. in /dist, /test).
2025-11-10 17:43:47,755 - UnicodeAnalyzer - INFO - -> Analizzando versione 3.1.0 (45/158)...
2025-11-10 17:43:47,755 - UnicodeAnalyzer - INFO - Filtrati 5 file (es. in /dist, /test).
2025-11-10 17:43:47,756 - UnicodeAnalyzer - INFO - -> Analizzando versione 3.1.1 (46/158)...
2025-11-10 17:43:47,756 - UnicodeAnalyzer - INFO - Filtrati 5 file (es. in /dist, /test).
2025-11-10 17:43:47,757 - UnicodeAnalyzer - INFO - -> Analizzando versione 3.1.10 (47/158)...
2025-11-10 17:43:47,758 - UnicodeAnalyzer - INFO - Filtrati 9 file (es. in /dist, /test).
2025-11-10 17:43:47,759 - UnicodeAnalyzer - INFO - -> Analizzando versione 3.1.11 (48/158)...
2025-11-10 17:43:47,759 - UnicodeAnalyzer - INFO - Filtrati 9 file (es. in /dist, /test).
2025-11-10 17:43:47,760 - UnicodeAnalyzer - INFO - -> Analizzando versione 3.1.12 (49/158)...
2025-11-10 17:43:47,760 - UnicodeAnalyzer - INFO - Filtrati 9 file (es. in /dist, /test).
2025-11-10 17:43:47,761 - UnicodeAnalyzer - INFO - -> Analizzando versione 3.1.13 (50/158)...
2025-11-10 17:43:47,762 - UnicodeAnalyzer - INFO - Filtrati 10 file (es. in /dist, /test).
2025-11-10 17:43:47,763 - UnicodeAnalyzer - INFO - -> Analizzando versione 3.1.14 (51/158)...
2025-11-10 17:43:47,763 - UnicodeAnalyzer - INFO - Filtrati 10 file (es. in /dist, /test).
2025-11-10 17:43:47,764 - UnicodeAnalyzer - INFO - -> Analizzando versione 3.1.15 (52/158)...
2025-11-10 17:43:47,764 - UnicodeAnalyzer - INFO - Filtrati 10 file (es. in /dist, /test).
2025-11-10 17:43:47,765 - UnicodeAnalyzer - INFO - -> Analizzando versione 3.1.16 (53/158)...
2025-11-10 17:43:47,766 - UnicodeAnalyzer - INFO - Filtrati 10 file (es. in /dist, /test).
2025-11-10 17:43:47,767 - UnicodeAnalyzer - INFO - -> Analizzando versione 3.1.17 (54/158)...
2025-11-10 17:43:47,767 - UnicodeAnalyzer - INFO - Filtrati 10 file (es. in /dist, /test).
2025-11-10 17:43:47,768 - UnicodeAnalyzer - INFO - -> Analizzando versione 3.1.18 (55/158)...
2025-11-10 17:43:47,768 - UnicodeAnalyzer - INFO - Filtrati 10 file (es. in /dist, /test).
2025-11-10 17:43:47,770 - UnicodeAnalyzer - INFO - -> Analizzando versione 3.1.19 (56/158)...
2025-11-10 17:43:47,770 - UnicodeAnalyzer - INFO - Filtrati 10 file (es. in /dist, /test).
2025-11-10 17:43:47,771 - UnicodeAnalyzer - INFO - -> Analizzando versione 3.1.2 (57/158)...
2025-11-10 17:43:47,771 - UnicodeAnalyzer - INFO - Filtrati 5 file (es. in /dist, /test).
2025-11-10 17:43:47,772 - UnicodeAnalyzer - INFO - -> Analizzando versione 3.1.20 (58/158)...
2025-11-10 17:43:47,773 - UnicodeAnalyzer - INFO - Filtrati 10 file (es. in /dist, /test).
2025-11-10 17:43:47,774 - UnicodeAnalyzer - INFO - -> Analizzando versione 3.1.21 (59/158)...
2025-11-10 17:43:47,774 - UnicodeAnalyzer - INFO - Filtrati 11 file (es. in /dist, /test).
2025-11-10 17:43:47,775 - UnicodeAnalyzer - INFO - -> Analizzando versione 3.1.3 (60/158)...
2025-11-10 17:43:47,775 - UnicodeAnalyzer - INFO - Filtrati 6 file (es. in /dist, /test).
2025-11-10 17:43:47,776 - UnicodeAnalyzer - INFO - -> Analizzando versione 3.1.4 (61/158)...
2025-11-10 17:43:47,777 - UnicodeAnalyzer - INFO - Filtrati 8 file (es. in /dist, /test).
2025-11-10 17:43:47,777 - UnicodeAnalyzer - INFO - -> Analizzando versione 3.1.5 (62/158)...
2025-11-10 17:43:47,778 - UnicodeAnalyzer - INFO - Filtrati 8 file (es. in /dist, /test).
2025-11-10 17:43:47,779 - UnicodeAnalyzer - INFO - -> Analizzando versione 3.1.6 (63/158)...
2025-11-10 17:43:47,779 - UnicodeAnalyzer - INFO - Filtrati 8 file (es. in /dist, /test).
2025-11-10 17:43:47,780 - UnicodeAnalyzer - INFO - -> Analizzando versione 3.1.7 (64/158)...
2025-11-10 17:43:47,781 - UnicodeAnalyzer - INFO - Filtrati 8 file (es. in /dist, /test).
2025-11-10 17:43:47,782 - UnicodeAnalyzer - INFO - -> Analizzando versione 3.1.9 (65/158)...
2025-11-10 17:43:47,782 - UnicodeAnalyzer - INFO - Filtrati 9 file (es. in /dist, /test).
2025-11-10 17:43:47,783 - UnicodeAnalyzer - INFO - -> Analizzando versione 3.2.0 (66/158)...
2025-11-10 17:43:47,783 - UnicodeAnalyzer - INFO - Filtrati 13 file (es. in /dist, /test).
2025-11-10 17:43:47,785 - UnicodeAnalyzer - INFO - -> Analizzando versione 3.2.1 (67/158)...
2025-11-10 17:43:47,785 - UnicodeAnalyzer - INFO - Filtrati 13 file (es. in /dist, /test).
2025-11-10 17:43:47,786 - UnicodeAnalyzer - INFO - -> Analizzando versione 3.2.10 (68/158)...
2025-11-10 17:43:47,787 - UnicodeAnalyzer - INFO - Filtrati 15 file (es. in /dist, /test).
2025-11-10 17:43:47,788 - UnicodeAnalyzer - INFO - -> Analizzando versione 3.2.11 (69/158)...
2025-11-10 17:43:47,788 - UnicodeAnalyzer - INFO - Filtrati 15 file (es. in /dist, /test).
2025-11-10 17:43:47,790 - UnicodeAnalyzer - INFO - -> Analizzando versione 3.2.3 (70/158)...
2025-11-10 17:43:47,790 - UnicodeAnalyzer - INFO - Filtrati 13 file (es. in /dist, /test).
2025-11-10 17:43:47,791 - UnicodeAnalyzer - INFO - -> Analizzando versione 3.2.4 (71/158)...
2025-11-10 17:43:47,792 - UnicodeAnalyzer - INFO - Filtrati 13 file (es. in /dist, /test).
2025-11-10 17:43:47,793 - UnicodeAnalyzer - INFO - -> Analizzando versione 3.2.5 (72/158)...
2025-11-10 17:43:47,793 - UnicodeAnalyzer - INFO - Filtrati 13 file (es. in /dist, /test).
2025-11-10 17:43:47,794 - UnicodeAnalyzer - INFO - -> Analizzando versione 3.2.6 (73/158)...
2025-11-10 17:43:47,795 - UnicodeAnalyzer - INFO - Filtrati 13 file (es. in /dist, /test).
2025-11-10 17:43:47,796 - UnicodeAnalyzer - INFO - -> Analizzando versione 3.2.7 (74/158)...
2025-11-10 17:43:47,796 - UnicodeAnalyzer - INFO - Filtrati 14 file (es. in /dist, /test).
2025-11-10 17:43:47,797 - UnicodeAnalyzer - INFO - -> Analizzando versione 3.2.8 (75/158)...
2025-11-10 17:43:47,798 - UnicodeAnalyzer - INFO - Filtrati 14 file (es. in /dist, /test).
2025-11-10 17:43:47,799 - UnicodeAnalyzer - INFO - -> Analizzando versione 3.2.9 (76/158)...
2025-11-10 17:43:47,800 - UnicodeAnalyzer - INFO - Filtrati 15 file (es. in /dist, /test).
2025-11-10 17:43:47,801 - UnicodeAnalyzer - INFO - -> Analizzando versione 4.0.0 (77/158)...
2025-11-10 17:43:47,801 - UnicodeAnalyzer - INFO - Filtrati 15 file (es. in /dist, /test).
2025-11-10 17:43:47,802 - UnicodeAnalyzer - INFO - -> Analizzando versione 4.0.1 (78/158)...
2025-11-10 17:43:47,803 - UnicodeAnalyzer - INFO - Filtrati 16 file (es. in /dist, /test).
2025-11-10 17:43:47,804 - UnicodeAnalyzer - INFO - -> Analizzando versione 4.0.2 (79/158)...
2025-11-10 17:43:47,805 - UnicodeAnalyzer - INFO - Filtrati 17 file (es. in /dist, /test).
2025-11-10 17:43:47,806 - UnicodeAnalyzer - INFO - -> Analizzando versione 4.0.3 (80/158)...
2025-11-10 17:43:47,807 - UnicodeAnalyzer - INFO - Filtrati 17 file (es. in /dist, /test).
2025-11-10 17:43:47,808 - UnicodeAnalyzer - INFO - -> Analizzando versione 4.0.4 (81/158)...
2025-11-10 17:43:47,808 - UnicodeAnalyzer - INFO - Filtrati 18 file (es. in /dist, /test).
2025-11-10 17:43:47,810 - UnicodeAnalyzer - INFO - -> Analizzando versione 4.0.5 (82/158)...
2025-11-10 17:43:47,810 - UnicodeAnalyzer - INFO - Filtrati 18 file (es. in /dist, /test).
2025-11-10 17:43:47,811 - UnicodeAnalyzer - INFO - -> Analizzando versione 4.0.6 (83/158)...
2025-11-10 17:43:47,812 - UnicodeAnalyzer - INFO - Filtrati 18 file (es. in /dist, /test).
2025-11-10 17:43:47,813 - UnicodeAnalyzer - INFO - -> Analizzando versione 4.1.2 (84/158)...
2025-11-10 17:43:47,814 - UnicodeAnalyzer - INFO - Filtrati 19 file (es. in /dist, /test).
2025-11-10 17:43:47,838 - UnicodeAnalyzer - INFO - -> Analizzando versione 4.1.2-beta (85/158)...
2025-11-10 17:43:47,839 - UnicodeAnalyzer - INFO - Filtrati 18 file (es. in /dist, /test).
2025-11-10 17:43:47,864 - UnicodeAnalyzer - INFO - -> Analizzando versione 4.1.3 (86/158)...
2025-11-10 17:43:47,865 - UnicodeAnalyzer - INFO - Filtrati 20 file (es. in /dist, /test).
2025-11-10 17:43:47,890 - UnicodeAnalyzer - INFO - -> Analizzando versione 4.1.4 (87/158)...
2025-11-10 17:43:47,915 - UnicodeAnalyzer - INFO - -> Analizzando versione 4.1.5 (88/158)...
2025-11-10 17:43:47,939 - UnicodeAnalyzer - INFO - -> Analizzando versione 4.1.6 (89/158)...
2025-11-10 17:43:47,963 - UnicodeAnalyzer - INFO - -> Analizzando versione 4.2.0 (90/158)...
2025-11-10 17:43:47,987 - UnicodeAnalyzer - INFO - -> Analizzando versione 4.2.1 (91/158)...
2025-11-10 17:43:48,013 - UnicodeAnalyzer - INFO - -> Analizzando versione 4.2.2 (92/158)...
2025-11-10 17:43:48,037 - UnicodeAnalyzer - INFO - -> Analizzando versione 4.3.0 (93/158)...
2025-11-10 17:43:48,061 - UnicodeAnalyzer - INFO - -> Analizzando versione 4.3.1 (94/158)...
2025-11-10 17:43:48,086 - UnicodeAnalyzer - INFO - -> Analizzando versione 4.3.2 (95/158)...
2025-11-10 17:43:48,110 - UnicodeAnalyzer - INFO - -> Analizzando versione 4.3.3 (96/158)...
2025-11-10 17:43:48,134 - UnicodeAnalyzer - INFO - -> Analizzando versione 4.3.4 (97/158)...
2025-11-10 17:43:48,159 - UnicodeAnalyzer - INFO - -> Analizzando versione 4.3.5 (98/158)...
2025-11-10 17:43:48,183 - UnicodeAnalyzer - INFO - -> Analizzando versione 4.4.0 (99/158)...
2025-11-10 17:43:48,207 - UnicodeAnalyzer - INFO - -> Analizzando versione 4.4.2 (100/158)...
2025-11-10 17:43:48,232 - UnicodeAnalyzer - INFO - -> Analizzando versione 4.5.0 (101/158)...
2025-11-10 17:43:48,257 - UnicodeAnalyzer - INFO - -> Analizzando versione 4.5.1 (102/158)...
2025-11-10 17:43:48,282 - UnicodeAnalyzer - INFO - -> Analizzando versione 4.5.2 (103/158)...
2025-11-10 17:43:48,308 - UnicodeAnalyzer - INFO - -> Analizzando versione 4.5.3 (104/158)...
2025-11-10 17:43:48,332 - UnicodeAnalyzer - INFO - -> Analizzando versione 5.0.0 (105/158)...
2025-11-10 17:43:48,356 - UnicodeAnalyzer - INFO - -> Analizzando versione 5.0.1 (106/158)...
2025-11-10 17:43:48,381 - UnicodeAnalyzer - INFO - -> Analizzando versione 5.0.10 (107/158)...
2025-11-10 17:43:48,408 - UnicodeAnalyzer - INFO - -> Analizzando versione 5.0.11 (108/158)...
2025-11-10 17:43:48,432 - UnicodeAnalyzer - INFO - -> Analizzando versione 5.0.12 (109/158)...
2025-11-10 17:43:48,456 - UnicodeAnalyzer - INFO - -> Analizzando versione 5.0.13 (110/158)...
2025-11-10 17:43:48,480 - UnicodeAnalyzer - INFO - -> Analizzando versione 5.0.14 (111/158)...
2025-11-10 17:43:48,506 - UnicodeAnalyzer - INFO - -> Analizzando versione 5.0.15 (112/158)...
2025-11-10 17:43:48,531 - UnicodeAnalyzer - INFO - -> Analizzando versione 5.0.2 (113/158)...
2025-11-10 17:43:48,554 - UnicodeAnalyzer - INFO - -> Analizzando versione 5.0.3 (114/158)...
2025-11-10 17:43:48,579 - UnicodeAnalyzer - INFO - -> Analizzando versione 5.0.4 (115/158)...
2025-11-10 17:43:48,604 - UnicodeAnalyzer - INFO - -> Analizzando versione 5.0.5 (116/158)...
2025-11-10 17:43:48,629 - UnicodeAnalyzer - INFO - -> Analizzando versione 5.0.6 (117/158)...
2025-11-10 17:43:48,653 - UnicodeAnalyzer - INFO - -> Analizzando versione 5.0.7 (118/158)...
2025-11-10 17:43:48,678 - UnicodeAnalyzer - INFO - -> Analizzando versione 5.0.9 (119/158)...
2025-11-10 17:43:48,703 - UnicodeAnalyzer - INFO - -> Analizzando versione 6.0.1 (120/158)...
2025-11-10 17:43:48,727 - UnicodeAnalyzer - INFO - -> Analizzando versione 6.0.2 (121/158)...
2025-11-10 17:43:48,752 - UnicodeAnalyzer - INFO - -> Analizzando versione 6.0.3 (122/158)...
2025-11-10 17:43:48,776 - UnicodeAnalyzer - INFO - -> Analizzando versione 6.0.4 (123/158)...
2025-11-10 17:43:48,801 - UnicodeAnalyzer - INFO - -> Analizzando versione 7.0.0 (124/158)...
2025-11-10 17:43:48,827 - UnicodeAnalyzer - INFO - -> Analizzando versione 7.0.1 (125/158)...
2025-11-10 17:43:48,851 - UnicodeAnalyzer - INFO - -> Analizzando versione 7.0.3 (126/158)...
2025-11-10 17:43:48,876 - UnicodeAnalyzer - INFO - -> Analizzando versione 7.0.4 (127/158)...
2025-11-10 17:43:48,901 - UnicodeAnalyzer - INFO - -> Analizzando versione 7.0.5 (128/158)...
2025-11-10 17:43:48,926 - UnicodeAnalyzer - INFO - -> Analizzando versione 7.0.6 (129/158)...
2025-11-10 17:43:48,950 - UnicodeAnalyzer - INFO - -> Analizzando versione 7.1.0 (130/158)...
2025-11-10 17:43:48,975 - UnicodeAnalyzer - INFO - -> Analizzando versione 7.1.1 (131/158)...
2025-11-10 17:43:48,999 - UnicodeAnalyzer - INFO - -> Analizzando versione 7.1.2 (132/158)...
2025-11-10 17:43:49,025 - UnicodeAnalyzer - INFO - -> Analizzando versione 7.1.3 (133/158)...
2025-11-10 17:43:49,050 - UnicodeAnalyzer - INFO - -> Analizzando versione 7.1.4 (134/158)...
2025-11-10 17:43:49,074 - UnicodeAnalyzer - INFO - -> Analizzando versione 7.1.5 (135/158)...
2025-11-10 17:43:49,102 - UnicodeAnalyzer - INFO - -> Analizzando versione 7.1.6 (136/158)...
2025-11-10 17:43:49,126 - UnicodeAnalyzer - INFO - -> Analizzando versione 7.1.7 (137/158)...
2025-11-10 17:43:49,152 - UnicodeAnalyzer - INFO - -> Analizzando versione 7.2.0 (138/158)...
2025-11-10 17:43:49,177 - UnicodeAnalyzer - INFO - -> Analizzando versione 7.2.2 (139/158)...
2025-11-10 17:43:49,205 - UnicodeAnalyzer - INFO - -> Analizzando versione 7.2.3 (140/158)...
2025-11-10 17:43:49,230 - UnicodeAnalyzer - INFO - -> Analizzando versione 8.0.1 (141/158)...
2025-11-10 17:43:49,254 - UnicodeAnalyzer - INFO - -> Analizzando versione 8.0.2 (142/158)...
2025-11-10 17:43:49,280 - UnicodeAnalyzer - INFO - -> Analizzando versione 8.0.3 (143/158)...
2025-11-10 17:43:49,304 - UnicodeAnalyzer - INFO - -> Analizzando versione 8.1.0 (144/158)...
2025-11-10 17:43:49,329 - UnicodeAnalyzer - INFO - -> Analizzando versione 9.0.0 (145/158)...
2025-11-10 17:43:49,330 - UnicodeAnalyzer - INFO - Filtrati 15 file (es. in /dist, /test).
2025-11-10 17:43:49,330 - UnicodeAnalyzer - INFO - -> Analizzando versione 9.0.1 (146/158)...
2025-11-10 17:43:49,331 - UnicodeAnalyzer - INFO - Filtrati 15 file (es. in /dist, /test).
2025-11-10 17:43:49,331 - UnicodeAnalyzer - INFO - -> Analizzando versione 9.0.2 (147/158)...
2025-11-10 17:43:49,331 - UnicodeAnalyzer - INFO - Filtrati 15 file (es. in /dist, /test).
2025-11-10 17:43:49,332 - UnicodeAnalyzer - INFO - -> Analizzando versione 9.1.0 (148/158)...
2025-11-10 17:43:49,332 - UnicodeAnalyzer - INFO - Filtrati 15 file (es. in /dist, /test).
2025-11-10 17:43:49,332 - UnicodeAnalyzer - INFO - -> Analizzando versione 9.1.1 (149/158)...
2025-11-10 17:43:49,333 - UnicodeAnalyzer - INFO - Filtrati 15 file (es. in /dist, /test).
2025-11-10 17:43:49,333 - UnicodeAnalyzer - INFO - -> Analizzando versione 9.1.2 (150/158)...
2025-11-10 17:43:49,334 - UnicodeAnalyzer - INFO - Filtrati 15 file (es. in /dist, /test).
2025-11-10 17:43:49,334 - UnicodeAnalyzer - INFO - -> Analizzando versione 9.2.0 (151/158)...
2025-11-10 17:43:49,334 - UnicodeAnalyzer - INFO - Filtrati 15 file (es. in /dist, /test).
2025-11-10 17:43:49,334 - UnicodeAnalyzer - INFO - -> Analizzando versione 9.2.1 (152/158)...
2025-11-10 17:43:49,335 - UnicodeAnalyzer - INFO - Filtrati 15 file (es. in /dist, /test).
2025-11-10 17:43:49,335 - UnicodeAnalyzer - INFO - -> Analizzando versione 9.3.0 (153/158)...
2025-11-10 17:43:49,336 - UnicodeAnalyzer - INFO - Filtrati 15 file (es. in /dist, /test).
2025-11-10 17:43:49,336 - UnicodeAnalyzer - INFO - -> Analizzando versione 9.3.1 (154/158)...
2025-11-10 17:43:49,337 - UnicodeAnalyzer - INFO - Filtrati 15 file (es. in /dist, /test).
2025-11-10 17:43:49,337 - UnicodeAnalyzer - INFO - -> Analizzando versione 9.3.2 (155/158)...
2025-11-10 17:43:49,337 - UnicodeAnalyzer - INFO - Filtrati 15 file (es. in /dist, /test).
2025-11-10 17:43:49,337 - UnicodeAnalyzer - INFO - -> Analizzando versione 9.3.3 (156/158)...
2025-11-10 17:43:49,338 - UnicodeAnalyzer - INFO - Filtrati 15 file (es. in /dist, /test).
2025-11-10 17:43:49,338 - UnicodeAnalyzer - INFO - -> Analizzando versione 9.3.4 (157/158)...
2025-11-10 17:43:49,339 - UnicodeAnalyzer - INFO - Filtrati 15 file (es. in /dist, /test).
2025-11-10 17:43:49,339 - UnicodeAnalyzer - INFO - -> Analizzando versione 9.3.5 (158/158)...
2025-11-10 17:43:49,339 - UnicodeAnalyzer - INFO - Filtrati 15 file (es. in /dist, /test).
2025-11-10 17:43:49,341 - UnicodeAnalyzer - INFO - Esportando i risultati HUT per 'glob' in CSV...
2025-11-10 17:43:49,580 - UnicodeAnalyzer - INFO - Report salvati in: /app/npm_hut_results/glob
2025-11-10 17:43:49,580 - NPM_HUT_Analyzer - INFO - Pulizia cartella temporanea 'temp_hut/glob'...
2025-11-10 17:43:49,664 - NPM_HUT_Analyzer - INFO - Pulizia completata.
