2025-11-15 01:21:09,059 - NPM_HUT_Analyzer - INFO - Recupero metadata per 'vue-i18n'...
2025-11-15 01:21:09,855 - NPM_HUT_Analyzer - INFO - Trovate 386 versioni. Inizio download in 'temp_hut/vue-i18n'...
2025-11-15 01:26:31,200 - UnicodeAnalyzer - INFO - Analizzando 386 versioni per '*.js' in 'vue-i18n'.
2025-11-15 01:26:31,200 - UnicodeAnalyzer - INFO - -> Analizzando versione 0.0.0 (1/386)...
2025-11-15 01:26:31,201 - UnicodeAnalyzer - INFO - Filtrati 2 file (es. in /dist, /test).
2025-11-15 01:26:31,201 - UnicodeAnalyzer - INFO - -> Analizzando versione 0.1.0 (2/386)...
2025-11-15 01:26:31,202 - UnicodeAnalyzer - INFO - Filtrati 4 file (es. in /dist, /test).
2025-11-15 01:26:31,202 - UnicodeAnalyzer - INFO - -> Analizzando versione 0.1.1 (3/386)...
2025-11-15 01:26:31,202 - UnicodeAnalyzer - INFO - Filtrati 4 file (es. in /dist, /test).
2025-11-15 01:26:31,203 - UnicodeAnalyzer - INFO - -> Analizzando versione 0.1.2 (4/386)...
2025-11-15 01:26:31,203 - UnicodeAnalyzer - INFO - Filtrati 8 file (es. in /dist, /test).
2025-11-15 01:26:31,204 - UnicodeAnalyzer - INFO - -> Analizzando versione 0.11.0 (5/386)...
2025-11-15 01:26:31,204 - UnicodeAnalyzer - INFO - Filtrati 8 file (es. in /dist, /test).
2025-11-15 01:26:31,205 - UnicodeAnalyzer - INFO - -> Analizzando versione 0.2.0 (6/386)...
2025-11-15 01:26:31,205 - UnicodeAnalyzer - INFO - Filtrati 8 file (es. in /dist, /test).
2025-11-15 01:26:31,206 - UnicodeAnalyzer - INFO - -> Analizzando versione 1.0.0 (7/386)...
2025-11-15 01:26:31,206 - UnicodeAnalyzer - INFO - Filtrati 9 file (es. in /dist, /test).
2025-11-15 01:26:31,250 - UnicodeAnalyzer - INFO - -> Analizzando versione 1.1.0 (8/386)...
2025-11-15 01:26:31,251 - UnicodeAnalyzer - INFO - Filtrati 10 file (es. in /dist, /test).
2025-11-15 01:26:31,295 - UnicodeAnalyzer - INFO - -> Analizzando versione 1.1.1 (9/386)...
2025-11-15 01:26:31,297 - UnicodeAnalyzer - INFO - Filtrati 12 file (es. in /dist, /test).
2025-11-15 01:26:31,345 - UnicodeAnalyzer - INFO - -> Analizzando versione 10.0.0 (10/386)...
2025-11-15 01:26:31,346 - UnicodeAnalyzer - INFO - Filtrati 12 file (es. in /dist, /test).
2025-11-15 01:26:31,346 - UnicodeAnalyzer - INFO - -> Analizzando versione 10.0.0-alpha.1 (11/386)...
2025-11-15 01:26:31,346 - UnicodeAnalyzer - INFO - Filtrati 12 file (es. in /dist, /test).
2025-11-15 01:26:31,347 - UnicodeAnalyzer - INFO - -> Analizzando versione 10.0.0-alpha.2 (12/386)...
2025-11-15 01:26:31,347 - UnicodeAnalyzer - INFO - Filtrati 12 file (es. in /dist, /test).
2025-11-15 01:26:31,347 - UnicodeAnalyzer - INFO - -> Analizzando versione 10.0.0-alpha.3 (13/386)...
2025-11-15 01:26:31,348 - UnicodeAnalyzer - INFO - Filtrati 12 file (es. in /dist, /test).
2025-11-15 01:26:31,348 - UnicodeAnalyzer - INFO - -> Analizzando versione 10.0.0-alpha.4 (14/386)...
2025-11-15 01:26:31,348 - UnicodeAnalyzer - INFO - Filtrati 12 file (es. in /dist, /test).
2025-11-15 01:26:31,349 - UnicodeAnalyzer - INFO - -> Analizzando versione 10.0.0-alpha.5 (15/386)...
2025-11-15 01:26:31,349 - UnicodeAnalyzer - INFO - Filtrati 12 file (es. in /dist, /test).
2025-11-15 01:26:31,349 - UnicodeAnalyzer - INFO - -> Analizzando versione 10.0.0-beta.1 (16/386)...
2025-11-15 01:26:31,350 - UnicodeAnalyzer - INFO - Filtrati 12 file (es. in /dist, /test).
2025-11-15 01:26:31,350 - UnicodeAnalyzer - INFO - -> Analizzando versione 10.0.0-beta.2 (17/386)...
2025-11-15 01:26:31,350 - UnicodeAnalyzer - INFO - Filtrati 12 file (es. in /dist, /test).
2025-11-15 01:26:31,350 - UnicodeAnalyzer - INFO - -> Analizzando versione 10.0.0-beta.3 (18/386)...
2025-11-15 01:26:31,351 - UnicodeAnalyzer - INFO - Filtrati 12 file (es. in /dist, /test).
2025-11-15 01:26:31,351 - UnicodeAnalyzer - INFO - -> Analizzando versione 10.0.0-beta.4 (19/386)...
2025-11-15 01:26:31,352 - UnicodeAnalyzer - INFO - Filtrati 12 file (es. in /dist, /test).
2025-11-15 01:26:31,352 - UnicodeAnalyzer - INFO - -> Analizzando versione 10.0.0-beta.5 (20/386)...
2025-11-15 01:26:31,352 - UnicodeAnalyzer - INFO - Filtrati 12 file (es. in /dist, /test).
2025-11-15 01:26:31,352 - UnicodeAnalyzer - INFO - -> Analizzando versione 10.0.0-beta.6 (21/386)...
2025-11-15 01:26:31,353 - UnicodeAnalyzer - INFO - Filtrati 12 file (es. in /dist, /test).
2025-11-15 01:26:31,353 - UnicodeAnalyzer - INFO - -> Analizzando versione 10.0.0-rc.1 (22/386)...
2025-11-15 01:26:31,353 - UnicodeAnalyzer - INFO - Filtrati 12 file (es. in /dist, /test).
2025-11-15 01:26:31,354 - UnicodeAnalyzer - INFO - -> Analizzando versione 10.0.1 (23/386)...
2025-11-15 01:26:31,354 - UnicodeAnalyzer - INFO - Filtrati 12 file (es. in /dist, /test).
2025-11-15 01:26:31,354 - UnicodeAnalyzer - INFO - -> Analizzando versione 10.0.2 (24/386)...
2025-11-15 01:26:31,355 - UnicodeAnalyzer - INFO - Filtrati 12 file (es. in /dist, /test).
2025-11-15 01:26:31,355 - UnicodeAnalyzer - INFO - -> Analizzando versione 10.0.3 (25/386)...
2025-11-15 01:26:31,355 - UnicodeAnalyzer - INFO - Filtrati 12 file (es. in /dist, /test).
2025-11-15 01:26:31,356 - UnicodeAnalyzer - INFO - -> Analizzando versione 10.0.4 (26/386)...
2025-11-15 01:26:31,356 - UnicodeAnalyzer - INFO - Filtrati 12 file (es. in /dist, /test).
2025-11-15 01:26:31,356 - UnicodeAnalyzer - INFO - -> Analizzando versione 10.0.5 (27/386)...
2025-11-15 01:26:31,357 - UnicodeAnalyzer - INFO - Filtrati 12 file (es. in /dist, /test).
2025-11-15 01:26:31,357 - UnicodeAnalyzer - INFO - -> Analizzando versione 10.0.6 (28/386)...
2025-11-15 01:26:31,357 - UnicodeAnalyzer - INFO - Filtrati 12 file (es. in /dist, /test).
2025-11-15 01:26:31,357 - UnicodeAnalyzer - INFO - -> Analizzando versione 10.0.7 (29/386)...
2025-11-15 01:26:31,358 - UnicodeAnalyzer - INFO - Filtrati 12 file (es. in /dist, /test).
2025-11-15 01:26:31,358 - UnicodeAnalyzer - INFO - -> Analizzando versione 10.0.8 (30/386)...
2025-11-15 01:26:31,359 - UnicodeAnalyzer - INFO - Filtrati 12 file (es. in /dist, /test).
2025-11-15 01:26:31,359 - UnicodeAnalyzer - INFO - -> Analizzando versione 11.0.0 (31/386)...
2025-11-15 01:26:31,359 - UnicodeAnalyzer - INFO - Filtrati 12 file (es. in /dist, /test).
2025-11-15 01:26:31,359 - UnicodeAnalyzer - INFO - -> Analizzando versione 11.0.0-beta.0 (32/386)...
2025-11-15 01:26:31,360 - UnicodeAnalyzer - INFO - Filtrati 12 file (es. in /dist, /test).
2025-11-15 01:26:31,360 - UnicodeAnalyzer - INFO - -> Analizzando versione 11.0.0-beta.1 (33/386)...
2025-11-15 01:26:31,360 - UnicodeAnalyzer - INFO - Filtrati 12 file (es. in /dist, /test).
2025-11-15 01:26:31,361 - UnicodeAnalyzer - INFO - -> Analizzando versione 11.0.0-beta.2 (34/386)...
2025-11-15 01:26:31,361 - UnicodeAnalyzer - INFO - Filtrati 12 file (es. in /dist, /test).
2025-11-15 01:26:31,361 - UnicodeAnalyzer - INFO - -> Analizzando versione 11.0.0-rc.1 (35/386)...
2025-11-15 01:26:31,362 - UnicodeAnalyzer - INFO - Filtrati 12 file (es. in /dist, /test).
2025-11-15 01:26:31,362 - UnicodeAnalyzer - INFO - -> Analizzando versione 11.0.1 (36/386)...
2025-11-15 01:26:31,362 - UnicodeAnalyzer - INFO - Filtrati 12 file (es. in /dist, /test).
2025-11-15 01:26:31,363 - UnicodeAnalyzer - INFO - -> Analizzando versione 11.1.0 (37/386)...
2025-11-15 01:26:31,363 - UnicodeAnalyzer - INFO - Filtrati 12 file (es. in /dist, /test).
2025-11-15 01:26:31,363 - UnicodeAnalyzer - INFO - -> Analizzando versione 11.1.1 (38/386)...
2025-11-15 01:26:31,364 - UnicodeAnalyzer - INFO - Filtrati 12 file (es. in /dist, /test).
2025-11-15 01:26:31,364 - UnicodeAnalyzer - INFO - -> Analizzando versione 11.1.10 (39/386)...
2025-11-15 01:26:31,364 - UnicodeAnalyzer - INFO - Filtrati 12 file (es. in /dist, /test).
2025-11-15 01:26:31,364 - UnicodeAnalyzer - INFO - -> Analizzando versione 11.1.11 (40/386)...
2025-11-15 01:26:31,365 - UnicodeAnalyzer - INFO - Filtrati 12 file (es. in /dist, /test).
2025-11-15 01:26:31,365 - UnicodeAnalyzer - INFO - -> Analizzando versione 11.1.12 (41/386)...
2025-11-15 01:26:31,366 - UnicodeAnalyzer - INFO - Filtrati 12 file (es. in /dist, /test).
2025-11-15 01:26:31,366 - UnicodeAnalyzer - INFO - -> Analizzando versione 11.1.2 (42/386)...
2025-11-15 01:26:31,366 - UnicodeAnalyzer - INFO - Filtrati 12 file (es. in /dist, /test).
2025-11-15 01:26:31,366 - UnicodeAnalyzer - INFO - -> Analizzando versione 11.1.3 (43/386)...
2025-11-15 01:26:31,367 - UnicodeAnalyzer - INFO - Filtrati 12 file (es. in /dist, /test).
2025-11-15 01:26:31,367 - UnicodeAnalyzer - INFO - -> Analizzando versione 11.1.4 (44/386)...
2025-11-15 01:26:31,367 - UnicodeAnalyzer - INFO - Filtrati 12 file (es. in /dist, /test).
2025-11-15 01:26:31,368 - UnicodeAnalyzer - INFO - -> Analizzando versione 11.1.5 (45/386)...
2025-11-15 01:26:31,368 - UnicodeAnalyzer - INFO - Filtrati 12 file (es. in /dist, /test).
2025-11-15 01:26:31,368 - UnicodeAnalyzer - INFO - -> Analizzando versione 11.1.6 (46/386)...
2025-11-15 01:26:31,369 - UnicodeAnalyzer - INFO - Filtrati 12 file (es. in /dist, /test).
2025-11-15 01:26:31,369 - UnicodeAnalyzer - INFO - -> Analizzando versione 11.1.7 (47/386)...
2025-11-15 01:26:31,369 - UnicodeAnalyzer - INFO - Filtrati 12 file (es. in /dist, /test).
2025-11-15 01:26:31,370 - UnicodeAnalyzer - INFO - -> Analizzando versione 11.1.8 (48/386)...
2025-11-15 01:26:31,370 - UnicodeAnalyzer - INFO - Filtrati 12 file (es. in /dist, /test).
2025-11-15 01:26:31,370 - UnicodeAnalyzer - INFO - -> Analizzando versione 11.1.9 (49/386)...
2025-11-15 01:26:31,371 - UnicodeAnalyzer - INFO - Filtrati 12 file (es. in /dist, /test).
2025-11-15 01:26:31,371 - UnicodeAnalyzer - INFO - -> Analizzando versione 12.0.0-alpha.1 (50/386)...
2025-11-15 01:26:31,371 - UnicodeAnalyzer - INFO - Filtrati 14 file (es. in /dist, /test).
2025-11-15 01:26:31,371 - UnicodeAnalyzer - INFO - -> Analizzando versione 12.0.0-alpha.2 (51/386)...
2025-11-15 01:26:31,372 - UnicodeAnalyzer - INFO - Filtrati 14 file (es. in /dist, /test).
2025-11-15 01:26:31,372 - UnicodeAnalyzer - INFO - -> Analizzando versione 12.0.0-alpha.3 (52/386)...
2025-11-15 01:26:31,372 - UnicodeAnalyzer - INFO - Filtrati 14 file (es. in /dist, /test).
2025-11-15 01:26:31,372 - UnicodeAnalyzer - INFO - -> Analizzando versione 2.0.0 (53/386)...
2025-11-15 01:26:31,373 - UnicodeAnalyzer - INFO - Filtrati 11 file (es. in /dist, /test).
2025-11-15 01:26:31,421 - UnicodeAnalyzer - INFO - -> Analizzando versione 2.1.0 (54/386)...
2025-11-15 01:26:31,422 - UnicodeAnalyzer - INFO - Filtrati 11 file (es. in /dist, /test).
2025-11-15 01:26:31,468 - UnicodeAnalyzer - INFO - -> Analizzando versione 2.2.0 (55/386)...
2025-11-15 01:26:31,469 - UnicodeAnalyzer - INFO - Filtrati 4 file (es. in /dist, /test).
2025-11-15 01:26:31,515 - UnicodeAnalyzer - INFO - -> Analizzando versione 2.3.0 (56/386)...
2025-11-15 01:26:31,516 - UnicodeAnalyzer - INFO - Filtrati 4 file (es. in /dist, /test).
2025-11-15 01:26:31,565 - UnicodeAnalyzer - INFO - -> Analizzando versione 2.3.1 (57/386)...
2025-11-15 01:26:31,565 - UnicodeAnalyzer - INFO - Filtrati 4 file (es. in /dist, /test).
2025-11-15 01:26:31,612 - UnicodeAnalyzer - INFO - -> Analizzando versione 2.3.2 (58/386)...
2025-11-15 01:26:31,612 - UnicodeAnalyzer - INFO - Filtrati 3 file (es. in /dist, /test).
2025-11-15 01:26:31,658 - UnicodeAnalyzer - INFO - -> Analizzando versione 2.3.3 (59/386)...
2025-11-15 01:26:31,659 - UnicodeAnalyzer - INFO - Filtrati 3 file (es. in /dist, /test).
2025-11-15 01:26:31,708 - UnicodeAnalyzer - INFO - -> Analizzando versione 2.4.0 (60/386)...
2025-11-15 01:26:31,708 - UnicodeAnalyzer - INFO - Filtrati 3 file (es. in /dist, /test).
2025-11-15 01:26:31,755 - UnicodeAnalyzer - INFO - -> Analizzando versione 2.4.1 (61/386)...
2025-11-15 01:26:31,756 - UnicodeAnalyzer - INFO - Filtrati 3 file (es. in /dist, /test).
2025-11-15 01:26:31,802 - UnicodeAnalyzer - INFO - -> Analizzando versione 3.0.0 (62/386)...
2025-11-15 01:26:31,803 - UnicodeAnalyzer - INFO - Filtrati 3 file (es. in /dist, /test).
2025-11-15 01:26:31,851 - UnicodeAnalyzer - INFO - -> Analizzando versione 3.1.0 (63/386)...
2025-11-15 01:26:31,851 - UnicodeAnalyzer - INFO - Filtrati 3 file (es. in /dist, /test).
2025-11-15 01:26:31,899 - UnicodeAnalyzer - INFO - -> Analizzando versione 3.1.1 (64/386)...
2025-11-15 01:26:31,900 - UnicodeAnalyzer - INFO - Filtrati 3 file (es. in /dist, /test).
2025-11-15 01:26:31,948 - UnicodeAnalyzer - INFO - -> Analizzando versione 4.0.0 (65/386)...
2025-11-15 01:26:31,948 - UnicodeAnalyzer - INFO - Filtrati 3 file (es. in /dist, /test).
2025-11-15 01:26:31,996 - UnicodeAnalyzer - INFO - -> Analizzando versione 4.0.1 (66/386)...
2025-11-15 01:26:31,997 - UnicodeAnalyzer - INFO - Filtrati 3 file (es. in /dist, /test).
2025-11-15 01:26:32,046 - UnicodeAnalyzer - INFO - -> Analizzando versione 4.1.0 (67/386)...
2025-11-15 01:26:32,046 - UnicodeAnalyzer - INFO - Filtrati 3 file (es. in /dist, /test).
2025-11-15 01:26:32,094 - UnicodeAnalyzer - INFO - -> Analizzando versione 4.10.0 (68/386)...
2025-11-15 01:26:32,095 - UnicodeAnalyzer - INFO - Filtrati 3 file (es. in /dist, /test).
2025-11-15 01:26:32,144 - UnicodeAnalyzer - INFO - -> Analizzando versione 4.2.0 (69/386)...
2025-11-15 01:26:32,145 - UnicodeAnalyzer - INFO - Filtrati 3 file (es. in /dist, /test).
2025-11-15 01:26:32,193 - UnicodeAnalyzer - INFO - -> Analizzando versione 4.2.1 (70/386)...
2025-11-15 01:26:32,194 - UnicodeAnalyzer - INFO - Filtrati 3 file (es. in /dist, /test).
2025-11-15 01:26:32,243 - UnicodeAnalyzer - INFO - -> Analizzando versione 4.2.2 (71/386)...
2025-11-15 01:26:32,243 - UnicodeAnalyzer - INFO - Filtrati 3 file (es. in /dist, /test).
2025-11-15 01:26:32,291 - UnicodeAnalyzer - INFO - -> Analizzando versione 4.2.3 (72/386)...
2025-11-15 01:26:32,292 - UnicodeAnalyzer - INFO - Filtrati 3 file (es. in /dist, /test).
2025-11-15 01:26:32,340 - UnicodeAnalyzer - INFO - -> Analizzando versione 4.3.0 (73/386)...
2025-11-15 01:26:32,341 - UnicodeAnalyzer - INFO - Filtrati 3 file (es. in /dist, /test).
2025-11-15 01:26:32,390 - UnicodeAnalyzer - INFO - -> Analizzando versione 4.3.1 (74/386)...
2025-11-15 01:26:32,390 - UnicodeAnalyzer - INFO - Filtrati 3 file (es. in /dist, /test).
2025-11-15 01:26:32,438 - UnicodeAnalyzer - INFO - -> Analizzando versione 4.4.0 (75/386)...
2025-11-15 01:26:32,439 - UnicodeAnalyzer - INFO - Filtrati 3 file (es. in /dist, /test).
2025-11-15 01:26:32,488 - UnicodeAnalyzer - INFO - -> Analizzando versione 4.4.1 (76/386)...
2025-11-15 01:26:32,489 - UnicodeAnalyzer - INFO - Filtrati 3 file (es. in /dist, /test).
2025-11-15 01:26:32,539 - UnicodeAnalyzer - INFO - -> Analizzando versione 4.5.0 (77/386)...
2025-11-15 01:26:32,540 - UnicodeAnalyzer - INFO - Filtrati 3 file (es. in /dist, /test).
2025-11-15 01:26:32,588 - UnicodeAnalyzer - INFO - -> Analizzando versione 4.6.0 (78/386)...
2025-11-15 01:26:32,589 - UnicodeAnalyzer - INFO - Filtrati 3 file (es. in /dist, /test).
2025-11-15 01:26:32,637 - UnicodeAnalyzer - INFO - -> Analizzando versione 4.7.0 (79/386)...
2025-11-15 01:26:32,638 - UnicodeAnalyzer - INFO - Filtrati 3 file (es. in /dist, /test).
2025-11-15 01:26:32,687 - UnicodeAnalyzer - INFO - -> Analizzando versione 4.7.1 (80/386)...
2025-11-15 01:26:32,688 - UnicodeAnalyzer - INFO - Filtrati 3 file (es. in /dist, /test).
2025-11-15 01:26:32,737 - UnicodeAnalyzer - INFO - -> Analizzando versione 4.7.2 (81/386)...
2025-11-15 01:26:32,738 - UnicodeAnalyzer - INFO - Filtrati 3 file (es. in /dist, /test).
2025-11-15 01:26:32,786 - UnicodeAnalyzer - INFO - -> Analizzando versione 4.7.3 (82/386)...
2025-11-15 01:26:32,787 - UnicodeAnalyzer - INFO - Filtrati 3 file (es. in /dist, /test).
2025-11-15 01:26:32,836 - UnicodeAnalyzer - INFO - -> Analizzando versione 4.7.4 (83/386)...
2025-11-15 01:26:32,836 - UnicodeAnalyzer - INFO - Filtrati 3 file (es. in /dist, /test).
2025-11-15 01:26:32,886 - UnicodeAnalyzer - INFO - -> Analizzando versione 4.8.0 (84/386)...
2025-11-15 01:26:32,886 - UnicodeAnalyzer - INFO - Filtrati 3 file (es. in /dist, /test).
2025-11-15 01:26:32,936 - UnicodeAnalyzer - INFO - -> Analizzando versione 4.9.0 (85/386)...
2025-11-15 01:26:32,937 - UnicodeAnalyzer - INFO - Filtrati 3 file (es. in /dist, /test).
2025-11-15 01:26:32,986 - UnicodeAnalyzer - INFO - -> Analizzando versione 5.0.0 (86/386)...
2025-11-15 01:26:32,986 - UnicodeAnalyzer - INFO - Filtrati 3 file (es. in /dist, /test).
2025-11-15 01:26:33,036 - UnicodeAnalyzer - INFO - -> Analizzando versione 5.0.1 (87/386)...
2025-11-15 01:26:33,037 - UnicodeAnalyzer - INFO - Filtrati 3 file (es. in /dist, /test).
2025-11-15 01:26:33,085 - UnicodeAnalyzer - INFO - -> Analizzando versione 5.0.2 (88/386)...
2025-11-15 01:26:33,086 - UnicodeAnalyzer - INFO - Filtrati 3 file (es. in /dist, /test).
2025-11-15 01:26:33,135 - UnicodeAnalyzer - INFO - -> Analizzando versione 5.0.3 (89/386)...
2025-11-15 01:26:33,136 - UnicodeAnalyzer - INFO - Filtrati 3 file (es. in /dist, /test).
2025-11-15 01:26:33,185 - UnicodeAnalyzer - INFO - -> Analizzando versione 6.0.0 (90/386)...
2025-11-15 01:26:33,186 - UnicodeAnalyzer - INFO - Filtrati 4 file (es. in /dist, /test).
2025-11-15 01:26:33,234 - UnicodeAnalyzer - INFO - -> Analizzando versione 6.0.0-alpha.1 (91/386)...
2025-11-15 01:26:33,235 - UnicodeAnalyzer - INFO - Filtrati 3 file (es. in /dist, /test).
2025-11-15 01:26:33,284 - UnicodeAnalyzer - INFO - -> Analizzando versione 6.0.0-alpha.2 (92/386)...
2025-11-15 01:26:33,284 - UnicodeAnalyzer - INFO - Filtrati 3 file (es. in /dist, /test).
2025-11-15 01:26:33,333 - UnicodeAnalyzer - INFO - -> Analizzando versione 6.0.0-alpha.3 (93/386)...
2025-11-15 01:26:33,334 - UnicodeAnalyzer - INFO - Filtrati 3 file (es. in /dist, /test).
2025-11-15 01:26:33,384 - UnicodeAnalyzer - INFO - -> Analizzando versione 6.0.0-alpha.4 (94/386)...
2025-11-15 01:26:33,385 - UnicodeAnalyzer - INFO - Filtrati 3 file (es. in /dist, /test).
2025-11-15 01:26:33,434 - UnicodeAnalyzer - INFO - -> Analizzando versione 6.0.0-alpha.5 (95/386)...
2025-11-15 01:26:33,434 - UnicodeAnalyzer - INFO - Filtrati 3 file (es. in /dist, /test).
2025-11-15 01:26:33,484 - UnicodeAnalyzer - INFO - -> Analizzando versione 6.0.0-alpha.6 (96/386)...
2025-11-15 01:26:33,484 - UnicodeAnalyzer - INFO - Filtrati 3 file (es. in /dist, /test).
2025-11-15 01:26:33,533 - UnicodeAnalyzer - INFO - -> Analizzando versione 6.0.0-beta.1 (97/386)...
2025-11-15 01:26:33,533 - UnicodeAnalyzer - INFO - Filtrati 3 file (es. in /dist, /test).
2025-11-15 01:26:33,582 - UnicodeAnalyzer - INFO - -> Analizzando versione 6.1.0 (98/386)...
2025-11-15 01:26:33,582 - UnicodeAnalyzer - INFO - Filtrati 4 file (es. in /dist, /test).
2025-11-15 01:26:33,631 - UnicodeAnalyzer - INFO - -> Analizzando versione 6.1.1 (99/386)...
2025-11-15 01:26:33,632 - UnicodeAnalyzer - INFO - Filtrati 4 file (es. in /dist, /test).
2025-11-15 01:26:33,681 - UnicodeAnalyzer - INFO - -> Analizzando versione 6.1.2 (100/386)...
2025-11-15 01:26:33,681 - UnicodeAnalyzer - INFO - Filtrati 4 file (es. in /dist, /test).
2025-11-15 01:26:33,730 - UnicodeAnalyzer - INFO - -> Analizzando versione 6.1.3 (101/386)...
2025-11-15 01:26:33,731 - UnicodeAnalyzer - INFO - Filtrati 4 file (es. in /dist, /test).
2025-11-15 01:26:33,780 - UnicodeAnalyzer - INFO - -> Analizzando versione 7.0.0 (102/386)...
2025-11-15 01:26:33,780 - UnicodeAnalyzer - INFO - Filtrati 4 file (es. in /dist, /test).
2025-11-15 01:26:33,832 - UnicodeAnalyzer - INFO - -> Analizzando versione 7.0.0-beta.1 (103/386)...
2025-11-15 01:26:33,833 - UnicodeAnalyzer - INFO - Filtrati 4 file (es. in /dist, /test).
2025-11-15 01:26:33,880 - UnicodeAnalyzer - INFO - -> Analizzando versione 7.0.0-beta.2 (104/386)...
2025-11-15 01:26:33,881 - UnicodeAnalyzer - INFO - Filtrati 4 file (es. in /dist, /test).
2025-11-15 01:26:33,930 - UnicodeAnalyzer - INFO - -> Analizzando versione 7.0.0-beta.3 (105/386)...
2025-11-15 01:26:33,931 - UnicodeAnalyzer - INFO - Filtrati 4 file (es. in /dist, /test).
2025-11-15 01:26:33,980 - UnicodeAnalyzer - INFO - -> Analizzando versione 7.0.0-beta.4 (106/386)...
2025-11-15 01:26:33,981 - UnicodeAnalyzer - INFO - Filtrati 4 file (es. in /dist, /test).
2025-11-15 01:26:34,030 - UnicodeAnalyzer - INFO - -> Analizzando versione 7.0.0-rc.1 (107/386)...
2025-11-15 01:26:34,031 - UnicodeAnalyzer - INFO - Filtrati 4 file (es. in /dist, /test).
2025-11-15 01:26:34,080 - UnicodeAnalyzer - INFO - -> Analizzando versione 7.0.1 (108/386)...
2025-11-15 01:26:34,081 - UnicodeAnalyzer - INFO - Filtrati 4 file (es. in /dist, /test).
2025-11-15 01:26:34,133 - UnicodeAnalyzer - INFO - -> Analizzando versione 7.0.2 (109/386)...
2025-11-15 01:26:34,133 - UnicodeAnalyzer - INFO - Filtrati 4 file (es. in /dist, /test).
2025-11-15 01:26:34,181 - UnicodeAnalyzer - INFO - -> Analizzando versione 7.0.3 (110/386)...
2025-11-15 01:26:34,182 - UnicodeAnalyzer - INFO - Filtrati 4 file (es. in /dist, /test).
2025-11-15 01:26:34,231 - UnicodeAnalyzer - INFO - -> Analizzando versione 7.0.4 (111/386)...
2025-11-15 01:26:34,232 - UnicodeAnalyzer - INFO - Filtrati 4 file (es. in /dist, /test).
2025-11-15 01:26:34,283 - UnicodeAnalyzer - INFO - -> Analizzando versione 7.0.5 (112/386)...
2025-11-15 01:26:34,283 - UnicodeAnalyzer - INFO - Filtrati 4 file (es. in /dist, /test).
2025-11-15 01:26:34,334 - UnicodeAnalyzer - INFO - -> Analizzando versione 7.1.0 (113/386)...
2025-11-15 01:26:34,334 - UnicodeAnalyzer - INFO - Filtrati 4 file (es. in /dist, /test).
2025-11-15 01:26:34,384 - UnicodeAnalyzer - INFO - -> Analizzando versione 7.1.1 (114/386)...
2025-11-15 01:26:34,385 - UnicodeAnalyzer - INFO - Filtrati 4 file (es. in /dist, /test).
2025-11-15 01:26:34,433 - UnicodeAnalyzer - INFO - -> Analizzando versione 7.1.2 (115/386)...
2025-11-15 01:26:34,434 - UnicodeAnalyzer - INFO - Filtrati 4 file (es. in /dist, /test).
2025-11-15 01:26:34,484 - UnicodeAnalyzer - INFO - -> Analizzando versione 7.2.0 (116/386)...
2025-11-15 01:26:34,485 - UnicodeAnalyzer - INFO - Filtrati 4 file (es. in /dist, /test).
2025-11-15 01:26:34,534 - UnicodeAnalyzer - INFO - -> Analizzando versione 7.3.0 (117/386)...
2025-11-15 01:26:34,534 - UnicodeAnalyzer - INFO - Filtrati 4 file (es. in /dist, /test).
2025-11-15 01:26:34,584 - UnicodeAnalyzer - INFO - -> Analizzando versione 7.3.1 (118/386)...
2025-11-15 01:26:34,585 - UnicodeAnalyzer - INFO - Filtrati 4 file (es. in /dist, /test).
2025-11-15 01:26:34,634 - UnicodeAnalyzer - INFO - -> Analizzando versione 7.3.2 (119/386)...
2025-11-15 01:26:34,635 - UnicodeAnalyzer - INFO - Filtrati 4 file (es. in /dist, /test).
2025-11-15 01:26:34,684 - UnicodeAnalyzer - INFO - -> Analizzando versione 7.3.3 (120/386)...
2025-11-15 01:26:34,685 - UnicodeAnalyzer - INFO - Filtrati 4 file (es. in /dist, /test).
2025-11-15 01:26:34,735 - UnicodeAnalyzer - INFO - -> Analizzando versione 7.3.4 (121/386)...
2025-11-15 01:26:34,735 - UnicodeAnalyzer - INFO - Filtrati 4 file (es. in /dist, /test).
2025-11-15 01:26:34,784 - UnicodeAnalyzer - INFO - -> Analizzando versione 7.4.0 (122/386)...
2025-11-15 01:26:34,785 - UnicodeAnalyzer - INFO - Filtrati 4 file (es. in /dist, /test).
2025-11-15 01:26:34,834 - UnicodeAnalyzer - INFO - -> Analizzando versione 7.4.1 (123/386)...
2025-11-15 01:26:34,835 - UnicodeAnalyzer - INFO - Filtrati 4 file (es. in /dist, /test).
2025-11-15 01:26:34,885 - UnicodeAnalyzer - INFO - -> Analizzando versione 7.4.2 (124/386)...
2025-11-15 01:26:34,886 - UnicodeAnalyzer - INFO - Filtrati 4 file (es. in /dist, /test).
2025-11-15 01:26:34,935 - UnicodeAnalyzer - INFO - -> Analizzando versione 7.5.0 (125/386)...
2025-11-15 01:26:34,936 - UnicodeAnalyzer - INFO - Filtrati 4 file (es. in /dist, /test).
2025-11-15 01:26:34,985 - UnicodeAnalyzer - INFO - -> Analizzando versione 7.6.0 (126/386)...
2025-11-15 01:26:34,986 - UnicodeAnalyzer - INFO - Filtrati 4 file (es. in /dist, /test).
2025-11-15 01:26:35,037 - UnicodeAnalyzer - INFO - -> Analizzando versione 7.7.0 (127/386)...
2025-11-15 01:26:35,037 - UnicodeAnalyzer - INFO - Filtrati 4 file (es. in /dist, /test).
2025-11-15 01:26:35,087 - UnicodeAnalyzer - INFO - -> Analizzando versione 7.8.0 (128/386)...
2025-11-15 01:26:35,088 - UnicodeAnalyzer - INFO - Filtrati 4 file (es. in /dist, /test).
2025-11-15 01:26:35,138 - UnicodeAnalyzer - INFO - -> Analizzando versione 7.8.1 (129/386)...
2025-11-15 01:26:35,139 - UnicodeAnalyzer - INFO - Filtrati 4 file (es. in /dist, /test).
2025-11-15 01:26:35,189 - UnicodeAnalyzer - INFO - -> Analizzando versione 8.0.0 (130/386)...
2025-11-15 01:26:35,189 - UnicodeAnalyzer - INFO - Filtrati 4 file (es. in /dist, /test).
2025-11-15 01:26:35,239 - UnicodeAnalyzer - INFO - -> Analizzando versione 8.1.0 (131/386)...
2025-11-15 01:26:35,240 - UnicodeAnalyzer - INFO - Filtrati 4 file (es. in /dist, /test).
2025-11-15 01:26:35,290 - UnicodeAnalyzer - INFO - -> Analizzando versione 8.1.1 (132/386)...
2025-11-15 01:26:35,290 - UnicodeAnalyzer - INFO - Filtrati 4 file (es. in /dist, /test).
2025-11-15 01:26:35,339 - UnicodeAnalyzer - INFO - -> Analizzando versione 8.10.0 (133/386)...
2025-11-15 01:26:35,340 - UnicodeAnalyzer - INFO - Filtrati 4 file (es. in /dist, /test).
2025-11-15 01:26:35,390 - UnicodeAnalyzer - INFO - -> Analizzando versione 8.11.0 (134/386)...
2025-11-15 01:26:35,390 - UnicodeAnalyzer - INFO - Filtrati 4 file (es. in /dist, /test).
2025-11-15 01:26:35,440 - UnicodeAnalyzer - INFO - -> Analizzando versione 8.11.1 (135/386)...
2025-11-15 01:26:35,441 - UnicodeAnalyzer - INFO - Filtrati 6 file (es. in /dist, /test).
2025-11-15 01:26:35,491 - UnicodeAnalyzer - INFO - -> Analizzando versione 8.11.2 (136/386)...
2025-11-15 01:26:35,492 - UnicodeAnalyzer - INFO - Filtrati 6 file (es. in /dist, /test).
2025-11-15 01:26:35,541 - UnicodeAnalyzer - INFO - -> Analizzando versione 8.12.0 (137/386)...
2025-11-15 01:26:35,541 - UnicodeAnalyzer - INFO - Filtrati 6 file (es. in /dist, /test).
2025-11-15 01:26:35,592 - UnicodeAnalyzer - INFO - -> Analizzando versione 8.13.0 (138/386)...
2025-11-15 01:26:35,593 - UnicodeAnalyzer - INFO - Filtrati 6 file (es. in /dist, /test).
2025-11-15 01:26:35,642 - UnicodeAnalyzer - INFO - -> Analizzando versione 8.14.0 (139/386)...
2025-11-15 01:26:35,643 - UnicodeAnalyzer - INFO - Filtrati 6 file (es. in /dist, /test).
2025-11-15 01:26:35,692 - UnicodeAnalyzer - INFO - -> Analizzando versione 8.14.1 (140/386)...
2025-11-15 01:26:35,693 - UnicodeAnalyzer - INFO - Filtrati 6 file (es. in /dist, /test).
2025-11-15 01:26:35,743 - UnicodeAnalyzer - INFO - -> Analizzando versione 8.15.0 (141/386)...
2025-11-15 01:26:35,744 - UnicodeAnalyzer - INFO - Filtrati 6 file (es. in /dist, /test).
2025-11-15 01:26:35,794 - UnicodeAnalyzer - INFO - -> Analizzando versione 8.15.1 (142/386)...
2025-11-15 01:26:35,795 - UnicodeAnalyzer - INFO - Filtrati 6 file (es. in /dist, /test).
2025-11-15 01:26:35,844 - UnicodeAnalyzer - INFO - -> Analizzando versione 8.15.2 (143/386)...
2025-11-15 01:26:35,845 - UnicodeAnalyzer - INFO - Filtrati 6 file (es. in /dist, /test).
2025-11-15 01:26:35,896 - UnicodeAnalyzer - INFO - -> Analizzando versione 8.15.3 (144/386)...
2025-11-15 01:26:35,897 - UnicodeAnalyzer - INFO - Filtrati 6 file (es. in /dist, /test).
2025-11-15 01:26:35,946 - UnicodeAnalyzer - INFO - -> Analizzando versione 8.15.4 (145/386)...
2025-11-15 01:26:35,947 - UnicodeAnalyzer - INFO - Filtrati 6 file (es. in /dist, /test).
2025-11-15 01:26:35,998 - UnicodeAnalyzer - INFO - -> Analizzando versione 8.15.5 (146/386)...
2025-11-15 01:26:35,999 - UnicodeAnalyzer - INFO - Filtrati 6 file (es. in /dist, /test).
2025-11-15 01:26:36,051 - UnicodeAnalyzer - INFO - -> Analizzando versione 8.15.6 (147/386)...
2025-11-15 01:26:36,052 - UnicodeAnalyzer - INFO - Filtrati 6 file (es. in /dist, /test).
2025-11-15 01:26:36,102 - UnicodeAnalyzer - INFO - -> Analizzando versione 8.15.7 (148/386)...
2025-11-15 01:26:36,103 - UnicodeAnalyzer - INFO - Filtrati 6 file (es. in /dist, /test).
2025-11-15 01:26:36,153 - UnicodeAnalyzer - INFO - -> Analizzando versione 8.16.0 (149/386)...
2025-11-15 01:26:36,154 - UnicodeAnalyzer - INFO - Filtrati 6 file (es. in /dist, /test).
2025-11-15 01:26:36,204 - UnicodeAnalyzer - INFO - -> Analizzando versione 8.17.0 (150/386)...
2025-11-15 01:26:36,204 - UnicodeAnalyzer - INFO - Filtrati 6 file (es. in /dist, /test).
2025-11-15 01:26:36,255 - UnicodeAnalyzer - INFO - -> Analizzando versione 8.17.1 (151/386)...
2025-11-15 01:26:36,256 - UnicodeAnalyzer - INFO - Filtrati 6 file (es. in /dist, /test).
2025-11-15 01:26:36,306 - UnicodeAnalyzer - INFO - -> Analizzando versione 8.17.2 (152/386)...
2025-11-15 01:26:36,307 - UnicodeAnalyzer - INFO - Filtrati 6 file (es. in /dist, /test).
2025-11-15 01:26:36,357 - UnicodeAnalyzer - INFO - -> Analizzando versione 8.17.3 (153/386)...
2025-11-15 01:26:36,358 - UnicodeAnalyzer - INFO - Filtrati 6 file (es. in /dist, /test).
2025-11-15 01:26:36,408 - UnicodeAnalyzer - INFO - -> Analizzando versione 8.17.4 (154/386)...
2025-11-15 01:26:36,409 - UnicodeAnalyzer - INFO - Filtrati 6 file (es. in /dist, /test).
2025-11-15 01:26:36,458 - UnicodeAnalyzer - INFO - -> Analizzando versione 8.17.5 (155/386)...
2025-11-15 01:26:36,459 - UnicodeAnalyzer - INFO - Filtrati 6 file (es. in /dist, /test).
2025-11-15 01:26:36,509 - UnicodeAnalyzer - INFO - -> Analizzando versione 8.17.6 (156/386)...
2025-11-15 01:26:36,510 - UnicodeAnalyzer - INFO - Filtrati 6 file (es. in /dist, /test).
2025-11-15 01:26:36,559 - UnicodeAnalyzer - INFO - -> Analizzando versione 8.17.7 (157/386)...
2025-11-15 01:26:36,560 - UnicodeAnalyzer - INFO - Filtrati 6 file (es. in /dist, /test).
2025-11-15 01:26:36,612 - UnicodeAnalyzer - INFO - -> Analizzando versione 8.18.0 (158/386)...
2025-11-15 01:26:36,612 - UnicodeAnalyzer - INFO - Filtrati 6 file (es. in /dist, /test).
2025-11-15 01:26:36,666 - UnicodeAnalyzer - INFO - -> Analizzando versione 8.18.1 (159/386)...
2025-11-15 01:26:36,667 - UnicodeAnalyzer - INFO - Filtrati 6 file (es. in /dist, /test).
2025-11-15 01:26:36,717 - UnicodeAnalyzer - INFO - -> Analizzando versione 8.18.2 (160/386)...
2025-11-15 01:26:36,718 - UnicodeAnalyzer - INFO - Filtrati 6 file (es. in /dist, /test).
2025-11-15 01:26:36,768 - UnicodeAnalyzer - INFO - -> Analizzando versione 8.19.0 (161/386)...
2025-11-15 01:26:36,769 - UnicodeAnalyzer - INFO - Filtrati 6 file (es. in /dist, /test).
2025-11-15 01:26:36,819 - UnicodeAnalyzer - INFO - -> Analizzando versione 8.2.0 (162/386)...
2025-11-15 01:26:36,820 - UnicodeAnalyzer - INFO - Filtrati 4 file (es. in /dist, /test).
2025-11-15 01:26:36,872 - UnicodeAnalyzer - INFO - -> Analizzando versione 8.2.1 (163/386)...
2025-11-15 01:26:36,873 - UnicodeAnalyzer - INFO - Filtrati 4 file (es. in /dist, /test).
2025-11-15 01:26:36,921 - UnicodeAnalyzer - INFO - -> Analizzando versione 8.20.0 (164/386)...
2025-11-15 01:26:36,922 - UnicodeAnalyzer - INFO - Filtrati 6 file (es. in /dist, /test).
2025-11-15 01:26:36,973 - UnicodeAnalyzer - INFO - -> Analizzando versione 8.21.0 (165/386)...
2025-11-15 01:26:36,974 - UnicodeAnalyzer - INFO - Filtrati 6 file (es. in /dist, /test).
2025-11-15 01:26:37,023 - UnicodeAnalyzer - INFO - -> Analizzando versione 8.21.1 (166/386)...
2025-11-15 01:26:37,024 - UnicodeAnalyzer - INFO - Filtrati 6 file (es. in /dist, /test).
2025-11-15 01:26:37,074 - UnicodeAnalyzer - INFO - -> Analizzando versione 8.22.0 (167/386)...
2025-11-15 01:26:37,075 - UnicodeAnalyzer - INFO - Filtrati 6 file (es. in /dist, /test).
2025-11-15 01:26:37,126 - UnicodeAnalyzer - INFO - -> Analizzando versione 8.22.1 (168/386)...
2025-11-15 01:26:37,127 - UnicodeAnalyzer - INFO - Filtrati 6 file (es. in /dist, /test).
2025-11-15 01:26:37,176 - UnicodeAnalyzer - INFO - -> Analizzando versione 8.22.2 (169/386)...
2025-11-15 01:26:37,177 - UnicodeAnalyzer - INFO - Filtrati 6 file (es. in /dist, /test).
2025-11-15 01:26:37,227 - UnicodeAnalyzer - INFO - -> Analizzando versione 8.22.3 (170/386)...
2025-11-15 01:26:37,228 - UnicodeAnalyzer - INFO - Filtrati 6 file (es. in /dist, /test).
2025-11-15 01:26:37,278 - UnicodeAnalyzer - INFO - -> Analizzando versione 8.22.4 (171/386)...
2025-11-15 01:26:37,279 - UnicodeAnalyzer - INFO - Filtrati 6 file (es. in /dist, /test).
2025-11-15 01:26:37,329 - UnicodeAnalyzer - INFO - -> Analizzando versione 8.23.0 (172/386)...
2025-11-15 01:26:37,330 - UnicodeAnalyzer - INFO - Filtrati 6 file (es. in /dist, /test).
2025-11-15 01:26:37,381 - UnicodeAnalyzer - INFO - -> Analizzando versione 8.24.0 (173/386)...
2025-11-15 01:26:37,382 - UnicodeAnalyzer - INFO - Filtrati 6 file (es. in /dist, /test).
2025-11-15 01:26:37,433 - UnicodeAnalyzer - INFO - -> Analizzando versione 8.24.1 (174/386)...
2025-11-15 01:26:37,434 - UnicodeAnalyzer - INFO - Filtrati 6 file (es. in /dist, /test).
2025-11-15 01:26:37,486 - UnicodeAnalyzer - INFO - -> Analizzando versione 8.24.2 (175/386)...
2025-11-15 01:26:37,487 - UnicodeAnalyzer - INFO - Filtrati 6 file (es. in /dist, /test).
2025-11-15 01:26:37,539 - UnicodeAnalyzer - INFO - -> Analizzando versione 8.24.3 (176/386)...
2025-11-15 01:26:37,540 - UnicodeAnalyzer - INFO - Filtrati 6 file (es. in /dist, /test).
2025-11-15 01:26:37,591 - UnicodeAnalyzer - INFO - -> Analizzando versione 8.24.4 (177/386)...
2025-11-15 01:26:37,592 - UnicodeAnalyzer - INFO - Filtrati 6 file (es. in /dist, /test).
2025-11-15 01:26:37,642 - UnicodeAnalyzer - INFO - -> Analizzando versione 8.24.5 (178/386)...
2025-11-15 01:26:37,643 - UnicodeAnalyzer - INFO - Filtrati 6 file (es. in /dist, /test).
2025-11-15 01:26:37,694 - UnicodeAnalyzer - INFO - -> Analizzando versione 8.25.0 (179/386)...
2025-11-15 01:26:37,695 - UnicodeAnalyzer - INFO - Filtrati 6 file (es. in /dist, /test).
2025-11-15 01:26:37,745 - UnicodeAnalyzer - INFO - -> Analizzando versione 8.25.1 (180/386)...
2025-11-15 01:26:37,746 - UnicodeAnalyzer - INFO - Filtrati 6 file (es. in /dist, /test).
2025-11-15 01:26:37,797 - UnicodeAnalyzer - INFO - -> Analizzando versione 8.26.0 (181/386)...
2025-11-15 01:26:37,798 - UnicodeAnalyzer - INFO - Filtrati 6 file (es. in /dist, /test).
2025-11-15 01:26:37,849 - UnicodeAnalyzer - INFO - -> Analizzando versione 8.26.1 (182/386)...
2025-11-15 01:26:37,850 - UnicodeAnalyzer - INFO - Filtrati 6 file (es. in /dist, /test).
2025-11-15 01:26:37,900 - UnicodeAnalyzer - INFO - -> Analizzando versione 8.26.2 (183/386)...
2025-11-15 01:26:37,901 - UnicodeAnalyzer - INFO - Filtrati 6 file (es. in /dist, /test).
2025-11-15 01:26:37,954 - UnicodeAnalyzer - INFO - -> Analizzando versione 8.26.3 (184/386)...
2025-11-15 01:26:37,954 - UnicodeAnalyzer - INFO - Filtrati 6 file (es. in /dist, /test).
2025-11-15 01:26:38,005 - UnicodeAnalyzer - INFO - -> Analizzando versione 8.26.4 (185/386)...
2025-11-15 01:26:38,006 - UnicodeAnalyzer - INFO - Filtrati 6 file (es. in /dist, /test).
2025-11-15 01:26:38,057 - UnicodeAnalyzer - INFO - -> Analizzando versione 8.26.5 (186/386)...
2025-11-15 01:26:38,058 - UnicodeAnalyzer - INFO - Filtrati 6 file (es. in /dist, /test).
2025-11-15 01:26:38,109 - UnicodeAnalyzer - INFO - -> Analizzando versione 8.26.6 (187/386)...
2025-11-15 01:26:38,109 - UnicodeAnalyzer - INFO - Filtrati 6 file (es. in /dist, /test).
2025-11-15 01:26:38,161 - UnicodeAnalyzer - INFO - -> Analizzando versione 8.26.7 (188/386)...
2025-11-15 01:26:38,161 - UnicodeAnalyzer - INFO - Filtrati 6 file (es. in /dist, /test).
2025-11-15 01:26:38,211 - UnicodeAnalyzer - INFO - -> Analizzando versione 8.26.8 (189/386)...
2025-11-15 01:26:38,212 - UnicodeAnalyzer - INFO - Filtrati 6 file (es. in /dist, /test).
2025-11-15 01:26:38,265 - UnicodeAnalyzer - INFO - -> Analizzando versione 8.27.0 (190/386)...
2025-11-15 01:26:38,265 - UnicodeAnalyzer - INFO - Filtrati 6 file (es. in /dist, /test).
2025-11-15 01:26:38,316 - UnicodeAnalyzer - INFO - -> Analizzando versione 8.27.1 (191/386)...
2025-11-15 01:26:38,317 - UnicodeAnalyzer - INFO - Filtrati 6 file (es. in /dist, /test).
2025-11-15 01:26:38,368 - UnicodeAnalyzer - INFO - -> Analizzando versione 8.27.2 (192/386)...
2025-11-15 01:26:38,369 - UnicodeAnalyzer - INFO - Filtrati 6 file (es. in /dist, /test).
2025-11-15 01:26:38,421 - UnicodeAnalyzer - INFO - -> Analizzando versione 8.28.0 (193/386)...
2025-11-15 01:26:38,422 - UnicodeAnalyzer - INFO - Filtrati 6 file (es. in /dist, /test).
2025-11-15 01:26:38,472 - UnicodeAnalyzer - INFO - -> Analizzando versione 8.28.1 (194/386)...
2025-11-15 01:26:38,473 - UnicodeAnalyzer - INFO - Filtrati 6 file (es. in /dist, /test).
2025-11-15 01:26:38,523 - UnicodeAnalyzer - INFO - -> Analizzando versione 8.28.2 (195/386)...
2025-11-15 01:26:38,524 - UnicodeAnalyzer - INFO - Filtrati 6 file (es. in /dist, /test).
2025-11-15 01:26:38,575 - UnicodeAnalyzer - INFO - -> Analizzando versione 8.3.0 (196/386)...
2025-11-15 01:26:38,576 - UnicodeAnalyzer - INFO - Filtrati 4 file (es. in /dist, /test).
2025-11-15 01:26:38,625 - UnicodeAnalyzer - INFO - -> Analizzando versione 8.3.1 (197/386)...
2025-11-15 01:26:38,626 - UnicodeAnalyzer - INFO - Filtrati 4 file (es. in /dist, /test).
2025-11-15 01:26:38,679 - UnicodeAnalyzer - INFO - -> Analizzando versione 8.3.2 (198/386)...
2025-11-15 01:26:38,679 - UnicodeAnalyzer - INFO - Filtrati 4 file (es. in /dist, /test).
2025-11-15 01:26:38,728 - UnicodeAnalyzer - INFO - -> Analizzando versione 8.4.0 (199/386)...
2025-11-15 01:26:38,729 - UnicodeAnalyzer - INFO - Filtrati 4 file (es. in /dist, /test).
2025-11-15 01:26:38,779 - UnicodeAnalyzer - INFO - -> Analizzando versione 8.5.0 (200/386)...
2025-11-15 01:26:38,779 - UnicodeAnalyzer - INFO - Filtrati 4 file (es. in /dist, /test).
2025-11-15 01:26:38,830 - UnicodeAnalyzer - INFO - -> Analizzando versione 8.6.0 (201/386)...
2025-11-15 01:26:38,831 - UnicodeAnalyzer - INFO - Filtrati 4 file (es. in /dist, /test).
2025-11-15 01:26:38,879 - UnicodeAnalyzer - INFO - -> Analizzando versione 8.7.0 (202/386)...
2025-11-15 01:26:38,880 - UnicodeAnalyzer - INFO - Filtrati 4 file (es. in /dist, /test).
2025-11-15 01:26:38,930 - UnicodeAnalyzer - INFO - -> Analizzando versione 8.8.0 (203/386)...
2025-11-15 01:26:38,931 - UnicodeAnalyzer - INFO - Filtrati 4 file (es. in /dist, /test).
2025-11-15 01:26:38,981 - UnicodeAnalyzer - INFO - -> Analizzando versione 8.8.1 (204/386)...
2025-11-15 01:26:38,982 - UnicodeAnalyzer - INFO - Filtrati 4 file (es. in /dist, /test).
2025-11-15 01:26:39,031 - UnicodeAnalyzer - INFO - -> Analizzando versione 8.8.2 (205/386)...
2025-11-15 01:26:39,032 - UnicodeAnalyzer - INFO - Filtrati 4 file (es. in /dist, /test).
2025-11-15 01:26:39,081 - UnicodeAnalyzer - INFO - -> Analizzando versione 8.9.0 (206/386)...
2025-11-15 01:26:39,082 - UnicodeAnalyzer - INFO - Filtrati 4 file (es. in /dist, /test).
2025-11-15 01:26:39,131 - UnicodeAnalyzer - INFO - -> Analizzando versione 9.0.0 (207/386)...
2025-11-15 01:26:39,132 - UnicodeAnalyzer - INFO - Filtrati 12 file (es. in /dist, /test).
2025-11-15 01:26:39,132 - UnicodeAnalyzer - INFO - -> Analizzando versione 9.0.0-alpah.0 (208/386)...
2025-11-15 01:26:39,133 - UnicodeAnalyzer - INFO - Filtrati 7 file (es. in /dist, /test).
2025-11-15 01:26:39,133 - UnicodeAnalyzer - INFO - -> Analizzando versione 9.0.0-alpha.0 (209/386)...
2025-11-15 01:26:39,133 - UnicodeAnalyzer - INFO - Filtrati 7 file (es. in /dist, /test).
2025-11-15 01:26:39,133 - UnicodeAnalyzer - INFO - -> Analizzando versione 9.0.0-alpha.1 (210/386)...
2025-11-15 01:26:39,133 - UnicodeAnalyzer - INFO - Filtrati 7 file (es. in /dist, /test).
2025-11-15 01:26:39,134 - UnicodeAnalyzer - INFO - -> Analizzando versione 9.0.0-alpha.10 (211/386)...
2025-11-15 01:26:39,134 - UnicodeAnalyzer - INFO - Filtrati 7 file (es. in /dist, /test).
2025-11-15 01:26:39,134 - UnicodeAnalyzer - INFO - -> Analizzando versione 9.0.0-alpha.11 (212/386)...
2025-11-15 01:26:39,134 - UnicodeAnalyzer - INFO - Filtrati 9 file (es. in /dist, /test).
2025-11-15 01:26:39,134 - UnicodeAnalyzer - INFO - -> Analizzando versione 9.0.0-alpha.12 (213/386)...
2025-11-15 01:26:39,135 - UnicodeAnalyzer - INFO - Filtrati 7 file (es. in /dist, /test).
2025-11-15 01:26:39,135 - UnicodeAnalyzer - INFO - -> Analizzando versione 9.0.0-alpha.13 (214/386)...
2025-11-15 01:26:39,135 - UnicodeAnalyzer - INFO - Filtrati 7 file (es. in /dist, /test).
2025-11-15 01:26:39,135 - UnicodeAnalyzer - INFO - -> Analizzando versione 9.0.0-alpha.14 (215/386)...
2025-11-15 01:26:39,135 - UnicodeAnalyzer - INFO - Filtrati 7 file (es. in /dist, /test).
2025-11-15 01:26:39,136 - UnicodeAnalyzer - INFO - -> Analizzando versione 9.0.0-alpha.15 (216/386)...
2025-11-15 01:26:39,136 - UnicodeAnalyzer - INFO - Filtrati 7 file (es. in /dist, /test).
2025-11-15 01:26:39,136 - UnicodeAnalyzer - INFO - -> Analizzando versione 9.0.0-alpha.16 (217/386)...
2025-11-15 01:26:39,136 - UnicodeAnalyzer - INFO - Filtrati 7 file (es. in /dist, /test).
2025-11-15 01:26:39,136 - UnicodeAnalyzer - INFO - -> Analizzando versione 9.0.0-alpha.17 (218/386)...
2025-11-15 01:26:39,137 - UnicodeAnalyzer - INFO - Filtrati 7 file (es. in /dist, /test).
2025-11-15 01:26:39,137 - UnicodeAnalyzer - INFO - -> Analizzando versione 9.0.0-alpha.2 (219/386)...
2025-11-15 01:26:39,137 - UnicodeAnalyzer - INFO - Filtrati 11 file (es. in /dist, /test).
2025-11-15 01:26:39,137 - UnicodeAnalyzer - INFO - -> Analizzando versione 9.0.0-alpha.3 (220/386)...
2025-11-15 01:26:39,137 - UnicodeAnalyzer - INFO - Filtrati 7 file (es. in /dist, /test).
2025-11-15 01:26:39,138 - UnicodeAnalyzer - INFO - -> Analizzando versione 9.0.0-alpha.4 (221/386)...
2025-11-15 01:26:39,138 - UnicodeAnalyzer - INFO - Filtrati 9 file (es. in /dist, /test).
2025-11-15 01:26:39,138 - UnicodeAnalyzer - INFO - -> Analizzando versione 9.0.0-alpha.5 (222/386)...
2025-11-15 01:26:39,138 - UnicodeAnalyzer - INFO - Filtrati 9 file (es. in /dist, /test).
2025-11-15 01:26:39,138 - UnicodeAnalyzer - INFO - -> Analizzando versione 9.0.0-alpha.6 (223/386)...
2025-11-15 01:26:39,139 - UnicodeAnalyzer - INFO - Filtrati 7 file (es. in /dist, /test).
2025-11-15 01:26:39,139 - UnicodeAnalyzer - INFO - -> Analizzando versione 9.0.0-alpha.7 (224/386)...
2025-11-15 01:26:39,139 - UnicodeAnalyzer - INFO - Filtrati 7 file (es. in /dist, /test).
2025-11-15 01:26:39,139 - UnicodeAnalyzer - INFO - -> Analizzando versione 9.0.0-alpha.8 (225/386)...
2025-11-15 01:26:39,139 - UnicodeAnalyzer - INFO - Filtrati 7 file (es. in /dist, /test).
2025-11-15 01:26:39,139 - UnicodeAnalyzer - INFO - -> Analizzando versione 9.0.0-alpha.9 (226/386)...
2025-11-15 01:26:39,140 - UnicodeAnalyzer - INFO - Filtrati 7 file (es. in /dist, /test).
2025-11-15 01:26:39,140 - UnicodeAnalyzer - INFO - -> Analizzando versione 9.0.0-beta.1 (227/386)...
2025-11-15 01:26:39,140 - UnicodeAnalyzer - INFO - Filtrati 7 file (es. in /dist, /test).
2025-11-15 01:26:39,140 - UnicodeAnalyzer - INFO - -> Analizzando versione 9.0.0-beta.10 (228/386)...
2025-11-15 01:26:39,141 - UnicodeAnalyzer - INFO - Filtrati 7 file (es. in /dist, /test).
2025-11-15 01:26:39,141 - UnicodeAnalyzer - INFO - -> Analizzando versione 9.0.0-beta.11 (229/386)...
2025-11-15 01:26:39,141 - UnicodeAnalyzer - INFO - Filtrati 12 file (es. in /dist, /test).
2025-11-15 01:26:39,141 - UnicodeAnalyzer - INFO - -> Analizzando versione 9.0.0-beta.12 (230/386)...
2025-11-15 01:26:39,142 - UnicodeAnalyzer - INFO - Filtrati 12 file (es. in /dist, /test).
2025-11-15 01:26:39,142 - UnicodeAnalyzer - INFO - -> Analizzando versione 9.0.0-beta.13 (231/386)...
2025-11-15 01:26:39,142 - UnicodeAnalyzer - INFO - Filtrati 12 file (es. in /dist, /test).
2025-11-15 01:26:39,142 - UnicodeAnalyzer - INFO - -> Analizzando versione 9.0.0-beta.14 (232/386)...
2025-11-15 01:26:39,143 - UnicodeAnalyzer - INFO - Filtrati 12 file (es. in /dist, /test).
2025-11-15 01:26:39,143 - UnicodeAnalyzer - INFO - -> Analizzando versione 9.0.0-beta.15 (233/386)...
2025-11-15 01:26:39,143 - UnicodeAnalyzer - INFO - Filtrati 12 file (es. in /dist, /test).
2025-11-15 01:26:39,143 - UnicodeAnalyzer - INFO - -> Analizzando versione 9.0.0-beta.16 (234/386)...
2025-11-15 01:26:39,144 - UnicodeAnalyzer - INFO - Filtrati 12 file (es. in /dist, /test).
2025-11-15 01:26:39,144 - UnicodeAnalyzer - INFO - -> Analizzando versione 9.0.0-beta.17 (235/386)...
2025-11-15 01:26:39,145 - UnicodeAnalyzer - INFO - Filtrati 12 file (es. in /dist, /test).
2025-11-15 01:26:39,145 - UnicodeAnalyzer - INFO - -> Analizzando versione 9.0.0-beta.18 (236/386)...
2025-11-15 01:26:39,145 - UnicodeAnalyzer - INFO - Filtrati 12 file (es. in /dist, /test).
2025-11-15 01:26:39,145 - UnicodeAnalyzer - INFO - -> Analizzando versione 9.0.0-beta.2 (237/386)...
2025-11-15 01:26:39,146 - UnicodeAnalyzer - INFO - Filtrati 7 file (es. in /dist, /test).
2025-11-15 01:26:39,146 - UnicodeAnalyzer - INFO - -> Analizzando versione 9.0.0-beta.3 (238/386)...
2025-11-15 01:26:39,146 - UnicodeAnalyzer - INFO - Filtrati 7 file (es. in /dist, /test).
2025-11-15 01:26:39,146 - UnicodeAnalyzer - INFO - -> Analizzando versione 9.0.0-beta.4 (239/386)...
2025-11-15 01:26:39,146 - UnicodeAnalyzer - INFO - Filtrati 7 file (es. in /dist, /test).
2025-11-15 01:26:39,146 - UnicodeAnalyzer - INFO - -> Analizzando versione 9.0.0-beta.5 (240/386)...
2025-11-15 01:26:39,147 - UnicodeAnalyzer - INFO - Filtrati 7 file (es. in /dist, /test).
2025-11-15 01:26:39,147 - UnicodeAnalyzer - INFO - -> Analizzando versione 9.0.0-beta.6 (241/386)...
2025-11-15 01:26:39,147 - UnicodeAnalyzer - INFO - Filtrati 7 file (es. in /dist, /test).
2025-11-15 01:26:39,147 - UnicodeAnalyzer - INFO - -> Analizzando versione 9.0.0-beta.7 (242/386)...
2025-11-15 01:26:39,147 - UnicodeAnalyzer - INFO - Filtrati 7 file (es. in /dist, /test).
2025-11-15 01:26:39,147 - UnicodeAnalyzer - INFO - -> Analizzando versione 9.0.0-beta.8 (243/386)...
2025-11-15 01:26:39,148 - UnicodeAnalyzer - INFO - Filtrati 7 file (es. in /dist, /test).
2025-11-15 01:26:39,148 - UnicodeAnalyzer - INFO - -> Analizzando versione 9.0.0-beta.9 (244/386)...
2025-11-15 01:26:39,148 - UnicodeAnalyzer - INFO - Filtrati 7 file (es. in /dist, /test).
2025-11-15 01:26:39,148 - UnicodeAnalyzer - INFO - -> Analizzando versione 9.0.0-rc.1 (245/386)...
2025-11-15 01:26:39,149 - UnicodeAnalyzer - INFO - Filtrati 12 file (es. in /dist, /test).
2025-11-15 01:26:39,149 - UnicodeAnalyzer - INFO - -> Analizzando versione 9.0.0-rc.2 (246/386)...
2025-11-15 01:26:39,149 - UnicodeAnalyzer - INFO - Filtrati 12 file (es. in /dist, /test).
2025-11-15 01:26:39,149 - UnicodeAnalyzer - INFO - -> Analizzando versione 9.0.0-rc.3 (247/386)...
2025-11-15 01:26:39,150 - UnicodeAnalyzer - INFO - Filtrati 12 file (es. in /dist, /test).
2025-11-15 01:26:39,150 - UnicodeAnalyzer - INFO - -> Analizzando versione 9.0.0-rc.4 (248/386)...
2025-11-15 01:26:39,150 - UnicodeAnalyzer - INFO - Filtrati 12 file (es. in /dist, /test).
2025-11-15 01:26:39,150 - UnicodeAnalyzer - INFO - -> Analizzando versione 9.0.0-rc.5 (249/386)...
2025-11-15 01:26:39,151 - UnicodeAnalyzer - INFO - Filtrati 12 file (es. in /dist, /test).
2025-11-15 01:26:39,151 - UnicodeAnalyzer - INFO - -> Analizzando versione 9.0.0-rc.6 (250/386)...
2025-11-15 01:26:39,151 - UnicodeAnalyzer - INFO - Filtrati 12 file (es. in /dist, /test).
2025-11-15 01:26:39,152 - UnicodeAnalyzer - INFO - -> Analizzando versione 9.0.0-rc.7 (251/386)...
2025-11-15 01:26:39,152 - UnicodeAnalyzer - INFO - Filtrati 12 file (es. in /dist, /test).
2025-11-15 01:26:39,152 - UnicodeAnalyzer - INFO - -> Analizzando versione 9.0.0-rc.8 (252/386)...
2025-11-15 01:26:39,153 - UnicodeAnalyzer - INFO - Filtrati 12 file (es. in /dist, /test).
2025-11-15 01:26:39,153 - UnicodeAnalyzer - INFO - -> Analizzando versione 9.0.0-rc.9 (253/386)...
2025-11-15 01:26:39,153 - UnicodeAnalyzer - INFO - Filtrati 12 file (es. in /dist, /test).
2025-11-15 01:26:39,153 - UnicodeAnalyzer - INFO - -> Analizzando versione 9.1.0 (254/386)...
2025-11-15 01:26:39,154 - UnicodeAnalyzer - INFO - Filtrati 12 file (es. in /dist, /test).
2025-11-15 01:26:39,154 - UnicodeAnalyzer - INFO - -> Analizzando versione 9.1.1 (255/386)...
2025-11-15 01:26:39,154 - UnicodeAnalyzer - INFO - Filtrati 12 file (es. in /dist, /test).
2025-11-15 01:26:39,155 - UnicodeAnalyzer - INFO - -> Analizzando versione 9.1.10 (256/386)...
2025-11-15 01:26:39,155 - UnicodeAnalyzer - INFO - Filtrati 12 file (es. in /dist, /test).
2025-11-15 01:26:39,155 - UnicodeAnalyzer - INFO - -> Analizzando versione 9.1.11 (257/386)...
2025-11-15 01:26:39,156 - UnicodeAnalyzer - INFO - Filtrati 12 file (es. in /dist, /test).
2025-11-15 01:26:39,156 - UnicodeAnalyzer - INFO - -> Analizzando versione 9.1.2 (258/386)...
2025-11-15 01:26:39,156 - UnicodeAnalyzer - INFO - Filtrati 12 file (es. in /dist, /test).
2025-11-15 01:26:39,156 - UnicodeAnalyzer - INFO - -> Analizzando versione 9.1.3 (259/386)...
2025-11-15 01:26:39,157 - UnicodeAnalyzer - INFO - Filtrati 12 file (es. in /dist, /test).
2025-11-15 01:26:39,157 - UnicodeAnalyzer - INFO - -> Analizzando versione 9.1.4 (260/386)...
2025-11-15 01:26:39,158 - UnicodeAnalyzer - INFO - Filtrati 12 file (es. in /dist, /test).
2025-11-15 01:26:39,158 - UnicodeAnalyzer - INFO - -> Analizzando versione 9.1.5 (261/386)...
2025-11-15 01:26:39,159 - UnicodeAnalyzer - INFO - Filtrati 12 file (es. in /dist, /test).
2025-11-15 01:26:39,159 - UnicodeAnalyzer - INFO - -> Analizzando versione 9.1.6 (262/386)...
2025-11-15 01:26:39,160 - UnicodeAnalyzer - INFO - Filtrati 12 file (es. in /dist, /test).
2025-11-15 01:26:39,160 - UnicodeAnalyzer - INFO - -> Analizzando versione 9.1.7 (263/386)...
2025-11-15 01:26:39,160 - UnicodeAnalyzer - INFO - Filtrati 12 file (es. in /dist, /test).
2025-11-15 01:26:39,160 - UnicodeAnalyzer - INFO - -> Analizzando versione 9.1.8 (264/386)...
2025-11-15 01:26:39,161 - UnicodeAnalyzer - INFO - Filtrati 12 file (es. in /dist, /test).
2025-11-15 01:26:39,161 - UnicodeAnalyzer - INFO - -> Analizzando versione 9.1.9 (265/386)...
2025-11-15 01:26:39,161 - UnicodeAnalyzer - INFO - Filtrati 12 file (es. in /dist, /test).
2025-11-15 01:26:39,162 - UnicodeAnalyzer - INFO - -> Analizzando versione 9.10.0 (266/386)...
2025-11-15 01:26:39,162 - UnicodeAnalyzer - INFO - Filtrati 12 file (es. in /dist, /test).
2025-11-15 01:26:39,162 - UnicodeAnalyzer - INFO - -> Analizzando versione 9.10.1 (267/386)...
2025-11-15 01:26:39,163 - UnicodeAnalyzer - INFO - Filtrati 12 file (es. in /dist, /test).
2025-11-15 01:26:39,163 - UnicodeAnalyzer - INFO - -> Analizzando versione 9.10.2 (268/386)...
2025-11-15 01:26:39,164 - UnicodeAnalyzer - INFO - Filtrati 12 file (es. in /dist, /test).
2025-11-15 01:26:39,164 - UnicodeAnalyzer - INFO - -> Analizzando versione 9.11.0 (269/386)...
2025-11-15 01:26:39,165 - UnicodeAnalyzer - INFO - Filtrati 12 file (es. in /dist, /test).
2025-11-15 01:26:39,165 - UnicodeAnalyzer - INFO - -> Analizzando versione 9.11.1 (270/386)...
2025-11-15 01:26:39,166 - UnicodeAnalyzer - INFO - Filtrati 12 file (es. in /dist, /test).
2025-11-15 01:26:39,166 - UnicodeAnalyzer - INFO - -> Analizzando versione 9.12.0 (271/386)...
2025-11-15 01:26:39,167 - UnicodeAnalyzer - INFO - Filtrati 12 file (es. in /dist, /test).
2025-11-15 01:26:39,167 - UnicodeAnalyzer - INFO - -> Analizzando versione 9.12.1 (272/386)...
2025-11-15 01:26:39,168 - UnicodeAnalyzer - INFO - Filtrati 12 file (es. in /dist, /test).
2025-11-15 01:26:39,168 - UnicodeAnalyzer - INFO - -> Analizzando versione 9.13.0 (273/386)...
2025-11-15 01:26:39,169 - UnicodeAnalyzer - INFO - Filtrati 12 file (es. in /dist, /test).
2025-11-15 01:26:39,169 - UnicodeAnalyzer - INFO - -> Analizzando versione 9.13.1 (274/386)...
2025-11-15 01:26:39,170 - UnicodeAnalyzer - INFO - Filtrati 12 file (es. in /dist, /test).
2025-11-15 01:26:39,170 - UnicodeAnalyzer - INFO - -> Analizzando versione 9.14.0 (275/386)...
2025-11-15 01:26:39,170 - UnicodeAnalyzer - INFO - Filtrati 12 file (es. in /dist, /test).
2025-11-15 01:26:39,171 - UnicodeAnalyzer - INFO - -> Analizzando versione 9.14.1 (276/386)...
2025-11-15 01:26:39,171 - UnicodeAnalyzer - INFO - Filtrati 12 file (es. in /dist, /test).
2025-11-15 01:26:39,171 - UnicodeAnalyzer - INFO - -> Analizzando versione 9.14.2 (277/386)...
2025-11-15 01:26:39,172 - UnicodeAnalyzer - INFO - Filtrati 12 file (es. in /dist, /test).
2025-11-15 01:26:39,172 - UnicodeAnalyzer - INFO - -> Analizzando versione 9.14.3 (278/386)...
2025-11-15 01:26:39,173 - UnicodeAnalyzer - INFO - Filtrati 12 file (es. in /dist, /test).
2025-11-15 01:26:39,173 - UnicodeAnalyzer - INFO - -> Analizzando versione 9.14.4 (279/386)...
2025-11-15 01:26:39,173 - UnicodeAnalyzer - INFO - Filtrati 12 file (es. in /dist, /test).
2025-11-15 01:26:39,173 - UnicodeAnalyzer - INFO - -> Analizzando versione 9.14.5 (280/386)...
2025-11-15 01:26:39,174 - UnicodeAnalyzer - INFO - Filtrati 12 file (es. in /dist, /test).
2025-11-15 01:26:39,174 - UnicodeAnalyzer - INFO - -> Analizzando versione 9.2.0 (281/386)...
2025-11-15 01:26:39,175 - UnicodeAnalyzer - INFO - Filtrati 12 file (es. in /dist, /test).
2025-11-15 01:26:39,175 - UnicodeAnalyzer - INFO - -> Analizzando versione 9.2.0-alpha.1 (282/386)...
2025-11-15 01:26:39,175 - UnicodeAnalyzer - INFO - Filtrati 12 file (es. in /dist, /test).
2025-11-15 01:26:39,175 - UnicodeAnalyzer - INFO - -> Analizzando versione 9.2.0-alpha.2 (283/386)...
2025-11-15 01:26:39,176 - UnicodeAnalyzer - INFO - Filtrati 12 file (es. in /dist, /test).
2025-11-15 01:26:39,176 - UnicodeAnalyzer - INFO - -> Analizzando versione 9.2.0-alpha.3 (284/386)...
2025-11-15 01:26:39,176 - UnicodeAnalyzer - INFO - Filtrati 12 file (es. in /dist, /test).
2025-11-15 01:26:39,176 - UnicodeAnalyzer - INFO - -> Analizzando versione 9.2.0-alpha.4 (285/386)...
2025-11-15 01:26:39,177 - UnicodeAnalyzer - INFO - Filtrati 12 file (es. in /dist, /test).
2025-11-15 01:26:39,177 - UnicodeAnalyzer - INFO - -> Analizzando versione 9.2.0-alpha.5 (286/386)...
2025-11-15 01:26:39,178 - UnicodeAnalyzer - INFO - Filtrati 12 file (es. in /dist, /test).
2025-11-15 01:26:39,178 - UnicodeAnalyzer - INFO - -> Analizzando versione 9.2.0-alpha.6 (287/386)...
2025-11-15 01:26:39,179 - UnicodeAnalyzer - INFO - Filtrati 12 file (es. in /dist, /test).
2025-11-15 01:26:39,179 - UnicodeAnalyzer - INFO - -> Analizzando versione 9.2.0-alpha.7 (288/386)...
2025-11-15 01:26:39,179 - UnicodeAnalyzer - INFO - Filtrati 12 file (es. in /dist, /test).
2025-11-15 01:26:39,179 - UnicodeAnalyzer - INFO - -> Analizzando versione 9.2.0-alpha.8 (289/386)...
2025-11-15 01:26:39,180 - UnicodeAnalyzer - INFO - Filtrati 12 file (es. in /dist, /test).
2025-11-15 01:26:39,180 - UnicodeAnalyzer - INFO - -> Analizzando versione 9.2.0-alpha.9 (290/386)...
2025-11-15 01:26:39,180 - UnicodeAnalyzer - INFO - Filtrati 12 file (es. in /dist, /test).
2025-11-15 01:26:39,181 - UnicodeAnalyzer - INFO - -> Analizzando versione 9.2.0-beta.1 (291/386)...
2025-11-15 01:26:39,181 - UnicodeAnalyzer - INFO - Filtrati 12 file (es. in /dist, /test).
2025-11-15 01:26:39,181 - UnicodeAnalyzer - INFO - -> Analizzando versione 9.2.0-beta.10 (292/386)...
2025-11-15 01:26:39,182 - UnicodeAnalyzer - INFO - Filtrati 12 file (es. in /dist, /test).
2025-11-15 01:26:39,182 - UnicodeAnalyzer - INFO - -> Analizzando versione 9.2.0-beta.11 (293/386)...
2025-11-15 01:26:39,182 - UnicodeAnalyzer - INFO - Filtrati 12 file (es. in /dist, /test).
2025-11-15 01:26:39,182 - UnicodeAnalyzer - INFO - -> Analizzando versione 9.2.0-beta.12 (294/386)...
2025-11-15 01:26:39,183 - UnicodeAnalyzer - INFO - Filtrati 12 file (es. in /dist, /test).
2025-11-15 01:26:39,183 - UnicodeAnalyzer - INFO - -> Analizzando versione 9.2.0-beta.13 (295/386)...
2025-11-15 01:26:39,183 - UnicodeAnalyzer - INFO - Filtrati 12 file (es. in /dist, /test).
2025-11-15 01:26:39,184 - UnicodeAnalyzer - INFO - -> Analizzando versione 9.2.0-beta.14 (296/386)...
2025-11-15 01:26:39,184 - UnicodeAnalyzer - INFO - Filtrati 12 file (es. in /dist, /test).
2025-11-15 01:26:39,184 - UnicodeAnalyzer - INFO - -> Analizzando versione 9.2.0-beta.15 (297/386)...
2025-11-15 01:26:39,185 - UnicodeAnalyzer - INFO - Filtrati 12 file (es. in /dist, /test).
2025-11-15 01:26:39,185 - UnicodeAnalyzer - INFO - -> Analizzando versione 9.2.0-beta.16 (298/386)...
2025-11-15 01:26:39,185 - UnicodeAnalyzer - INFO - Filtrati 12 file (es. in /dist, /test).
2025-11-15 01:26:39,185 - UnicodeAnalyzer - INFO - -> Analizzando versione 9.2.0-beta.17 (299/386)...
2025-11-15 01:26:39,186 - UnicodeAnalyzer - INFO - Filtrati 12 file (es. in /dist, /test).
2025-11-15 01:26:39,186 - UnicodeAnalyzer - INFO - -> Analizzando versione 9.2.0-beta.18 (300/386)...
2025-11-15 01:26:39,187 - UnicodeAnalyzer - INFO - Filtrati 12 file (es. in /dist, /test).
2025-11-15 01:26:39,187 - UnicodeAnalyzer - INFO - -> Analizzando versione 9.2.0-beta.19 (301/386)...
2025-11-15 01:26:39,188 - UnicodeAnalyzer - INFO - Filtrati 12 file (es. in /dist, /test).
2025-11-15 01:26:39,188 - UnicodeAnalyzer - INFO - -> Analizzando versione 9.2.0-beta.2 (302/386)...
2025-11-15 01:26:39,188 - UnicodeAnalyzer - INFO - Filtrati 12 file (es. in /dist, /test).
2025-11-15 01:26:39,189 - UnicodeAnalyzer - INFO - -> Analizzando versione 9.2.0-beta.20 (303/386)...
2025-11-15 01:26:39,189 - UnicodeAnalyzer - INFO - Filtrati 12 file (es. in /dist, /test).
2025-11-15 01:26:39,189 - UnicodeAnalyzer - INFO - -> Analizzando versione 9.2.0-beta.21 (304/386)...
2025-11-15 01:26:39,190 - UnicodeAnalyzer - INFO - Filtrati 12 file (es. in /dist, /test).
2025-11-15 01:26:39,190 - UnicodeAnalyzer - INFO - -> Analizzando versione 9.2.0-beta.22 (305/386)...
2025-11-15 01:26:39,190 - UnicodeAnalyzer - INFO - Filtrati 12 file (es. in /dist, /test).
2025-11-15 01:26:39,190 - UnicodeAnalyzer - INFO - -> Analizzando versione 9.2.0-beta.23 (306/386)...
2025-11-15 01:26:39,191 - UnicodeAnalyzer - INFO - Filtrati 12 file (es. in /dist, /test).
2025-11-15 01:26:39,191 - UnicodeAnalyzer - INFO - -> Analizzando versione 9.2.0-beta.24 (307/386)...
2025-11-15 01:26:39,191 - UnicodeAnalyzer - INFO - Filtrati 12 file (es. in /dist, /test).
2025-11-15 01:26:39,192 - UnicodeAnalyzer - INFO - -> Analizzando versione 9.2.0-beta.25 (308/386)...
2025-11-15 01:26:39,192 - UnicodeAnalyzer - INFO - Filtrati 12 file (es. in /dist, /test).
2025-11-15 01:26:39,192 - UnicodeAnalyzer - INFO - -> Analizzando versione 9.2.0-beta.26 (309/386)...
2025-11-15 01:26:39,193 - UnicodeAnalyzer - INFO - Filtrati 12 file (es. in /dist, /test).
2025-11-15 01:26:39,193 - UnicodeAnalyzer - INFO - -> Analizzando versione 9.2.0-beta.27 (310/386)...
2025-11-15 01:26:39,193 - UnicodeAnalyzer - INFO - Filtrati 12 file (es. in /dist, /test).
2025-11-15 01:26:39,193 - UnicodeAnalyzer - INFO - -> Analizzando versione 9.2.0-beta.28 (311/386)...
2025-11-15 01:26:39,194 - UnicodeAnalyzer - INFO - Filtrati 12 file (es. in /dist, /test).
2025-11-15 01:26:39,194 - UnicodeAnalyzer - INFO - -> Analizzando versione 9.2.0-beta.29 (312/386)...
2025-11-15 01:26:39,195 - UnicodeAnalyzer - INFO - Filtrati 12 file (es. in /dist, /test).
2025-11-15 01:26:39,195 - UnicodeAnalyzer - INFO - -> Analizzando versione 9.2.0-beta.3 (313/386)...
2025-11-15 01:26:39,195 - UnicodeAnalyzer - INFO - Filtrati 12 file (es. in /dist, /test).
2025-11-15 01:26:39,195 - UnicodeAnalyzer - INFO - -> Analizzando versione 9.2.0-beta.30 (314/386)...
2025-11-15 01:26:39,196 - UnicodeAnalyzer - INFO - Filtrati 12 file (es. in /dist, /test).
2025-11-15 01:26:39,196 - UnicodeAnalyzer - INFO - -> Analizzando versione 9.2.0-beta.31 (315/386)...
2025-11-15 01:26:39,196 - UnicodeAnalyzer - INFO - Filtrati 12 file (es. in /dist, /test).
2025-11-15 01:26:39,197 - UnicodeAnalyzer - INFO - -> Analizzando versione 9.2.0-beta.32 (316/386)...
2025-11-15 01:26:39,197 - UnicodeAnalyzer - INFO - Filtrati 12 file (es. in /dist, /test).
2025-11-15 01:26:39,197 - UnicodeAnalyzer - INFO - -> Analizzando versione 9.2.0-beta.33 (317/386)...
2025-11-15 01:26:39,198 - UnicodeAnalyzer - INFO - Filtrati 12 file (es. in /dist, /test).
2025-11-15 01:26:39,198 - UnicodeAnalyzer - INFO - -> Analizzando versione 9.2.0-beta.34 (318/386)...
2025-11-15 01:26:39,198 - UnicodeAnalyzer - INFO - Filtrati 12 file (es. in /dist, /test).
2025-11-15 01:26:39,198 - UnicodeAnalyzer - INFO - -> Analizzando versione 9.2.0-beta.35 (319/386)...
2025-11-15 01:26:39,199 - UnicodeAnalyzer - INFO - Filtrati 12 file (es. in /dist, /test).
2025-11-15 01:26:39,199 - UnicodeAnalyzer - INFO - -> Analizzando versione 9.2.0-beta.36 (320/386)...
2025-11-15 01:26:39,200 - UnicodeAnalyzer - INFO - Filtrati 12 file (es. in /dist, /test).
2025-11-15 01:26:39,200 - UnicodeAnalyzer - INFO - -> Analizzando versione 9.2.0-beta.37 (321/386)...
2025-11-15 01:26:39,200 - UnicodeAnalyzer - INFO - Filtrati 12 file (es. in /dist, /test).
2025-11-15 01:26:39,200 - UnicodeAnalyzer - INFO - -> Analizzando versione 9.2.0-beta.38 (322/386)...
2025-11-15 01:26:39,201 - UnicodeAnalyzer - INFO - Filtrati 12 file (es. in /dist, /test).
2025-11-15 01:26:39,201 - UnicodeAnalyzer - INFO - -> Analizzando versione 9.2.0-beta.39 (323/386)...
2025-11-15 01:26:39,201 - UnicodeAnalyzer - INFO - Filtrati 12 file (es. in /dist, /test).
2025-11-15 01:26:39,201 - UnicodeAnalyzer - INFO - -> Analizzando versione 9.2.0-beta.4 (324/386)...
2025-11-15 01:26:39,203 - UnicodeAnalyzer - INFO - Filtrati 12 file (es. in /dist, /test).
2025-11-15 01:26:39,203 - UnicodeAnalyzer - INFO - -> Analizzando versione 9.2.0-beta.40 (325/386)...
2025-11-15 01:26:39,204 - UnicodeAnalyzer - INFO - Filtrati 12 file (es. in /dist, /test).
2025-11-15 01:26:39,204 - UnicodeAnalyzer - INFO - -> Analizzando versione 9.2.0-beta.5 (326/386)...
2025-11-15 01:26:39,204 - UnicodeAnalyzer - INFO - Filtrati 12 file (es. in /dist, /test).
2025-11-15 01:26:39,204 - UnicodeAnalyzer - INFO - -> Analizzando versione 9.2.0-beta.6 (327/386)...
2025-11-15 01:26:39,205 - UnicodeAnalyzer - INFO - Filtrati 12 file (es. in /dist, /test).
2025-11-15 01:26:39,205 - UnicodeAnalyzer - INFO - -> Analizzando versione 9.2.0-beta.7 (328/386)...
2025-11-15 01:26:39,206 - UnicodeAnalyzer - INFO - Filtrati 12 file (es. in /dist, /test).
2025-11-15 01:26:39,206 - UnicodeAnalyzer - INFO - -> Analizzando versione 9.2.0-beta.8 (329/386)...
2025-11-15 01:26:39,207 - UnicodeAnalyzer - INFO - Filtrati 12 file (es. in /dist, /test).
2025-11-15 01:26:39,207 - UnicodeAnalyzer - INFO - -> Analizzando versione 9.2.0-beta.9 (330/386)...
2025-11-15 01:26:39,208 - UnicodeAnalyzer - INFO - Filtrati 12 file (es. in /dist, /test).
2025-11-15 01:26:39,208 - UnicodeAnalyzer - INFO - -> Analizzando versione 9.2.1 (331/386)...
2025-11-15 01:26:39,209 - UnicodeAnalyzer - INFO - Filtrati 12 file (es. in /dist, /test).
2025-11-15 01:26:39,209 - UnicodeAnalyzer - INFO - -> Analizzando versione 9.2.2 (332/386)...
2025-11-15 01:26:39,209 - UnicodeAnalyzer - INFO - Filtrati 12 file (es. in /dist, /test).
2025-11-15 01:26:39,209 - UnicodeAnalyzer - INFO - -> Analizzando versione 9.3.0 (333/386)...
2025-11-15 01:26:39,210 - UnicodeAnalyzer - INFO - Filtrati 12 file (es. in /dist, /test).
2025-11-15 01:26:39,210 - UnicodeAnalyzer - INFO - -> Analizzando versione 9.3.0-beta.0 (334/386)...
2025-11-15 01:26:39,210 - UnicodeAnalyzer - INFO - Filtrati 12 file (es. in /dist, /test).
2025-11-15 01:26:39,210 - UnicodeAnalyzer - INFO - -> Analizzando versione 9.3.0-beta.1 (335/386)...
2025-11-15 01:26:39,211 - UnicodeAnalyzer - INFO - Filtrati 6 file (es. in /dist, /test).
2025-11-15 01:26:39,211 - UnicodeAnalyzer - INFO - -> Analizzando versione 9.3.0-beta.10 (336/386)...
2025-11-15 01:26:39,211 - UnicodeAnalyzer - INFO - Filtrati 12 file (es. in /dist, /test).
2025-11-15 01:26:39,212 - UnicodeAnalyzer - INFO - -> Analizzando versione 9.3.0-beta.11 (337/386)...
2025-11-15 01:26:39,212 - UnicodeAnalyzer - INFO - Filtrati 12 file (es. in /dist, /test).
2025-11-15 01:26:39,212 - UnicodeAnalyzer - INFO - -> Analizzando versione 9.3.0-beta.11-04f2dc8 (338/386)...
2025-11-15 01:26:39,213 - UnicodeAnalyzer - INFO - Filtrati 12 file (es. in /dist, /test).
2025-11-15 01:26:39,213 - UnicodeAnalyzer - INFO - -> Analizzando versione 9.3.0-beta.11-50140bd (339/386)...
2025-11-15 01:26:39,213 - UnicodeAnalyzer - INFO - Filtrati 12 file (es. in /dist, /test).
2025-11-15 01:26:39,213 - UnicodeAnalyzer - INFO - -> Analizzando versione 9.3.0-beta.11-b4c9de5 (340/386)...
2025-11-15 01:26:39,214 - UnicodeAnalyzer - INFO - Filtrati 12 file (es. in /dist, /test).
2025-11-15 01:26:39,214 - UnicodeAnalyzer - INFO - -> Analizzando versione 9.3.0-beta.11-cf9776c (341/386)...
2025-11-15 01:26:39,215 - UnicodeAnalyzer - INFO - Filtrati 12 file (es. in /dist, /test).
2025-11-15 01:26:39,215 - UnicodeAnalyzer - INFO - -> Analizzando versione 9.3.0-beta.12 (342/386)...
2025-11-15 01:26:39,215 - UnicodeAnalyzer - INFO - Filtrati 12 file (es. in /dist, /test).
2025-11-15 01:26:39,215 - UnicodeAnalyzer - INFO - -> Analizzando versione 9.3.0-beta.12-1f15ce9 (343/386)...
2025-11-15 01:26:39,216 - UnicodeAnalyzer - INFO - Filtrati 12 file (es. in /dist, /test).
2025-11-15 01:26:39,216 - UnicodeAnalyzer - INFO - -> Analizzando versione 9.3.0-beta.12-2827f2c (344/386)...
2025-11-15 01:26:39,216 - UnicodeAnalyzer - INFO - Filtrati 12 file (es. in /dist, /test).
2025-11-15 01:26:39,217 - UnicodeAnalyzer - INFO - -> Analizzando versione 9.3.0-beta.12-8236c33 (345/386)...
2025-11-15 01:26:39,217 - UnicodeAnalyzer - INFO - Filtrati 12 file (es. in /dist, /test).
2025-11-15 01:26:39,217 - UnicodeAnalyzer - INFO - -> Analizzando versione 9.3.0-beta.12-e5210d2 (346/386)...
2025-11-15 01:26:39,218 - UnicodeAnalyzer - INFO - Filtrati 12 file (es. in /dist, /test).
2025-11-15 01:26:39,218 - UnicodeAnalyzer - INFO - -> Analizzando versione 9.3.0-beta.12-ef73cfd (347/386)...
2025-11-15 01:26:39,218 - UnicodeAnalyzer - INFO - Filtrati 12 file (es. in /dist, /test).
2025-11-15 01:26:39,218 - UnicodeAnalyzer - INFO - -> Analizzando versione 9.3.0-beta.13 (348/386)...
2025-11-15 01:26:39,219 - UnicodeAnalyzer - INFO - Filtrati 12 file (es. in /dist, /test).
2025-11-15 01:26:39,219 - UnicodeAnalyzer - INFO - -> Analizzando versione 9.3.0-beta.13-972e836 (349/386)...
2025-11-15 01:26:39,220 - UnicodeAnalyzer - INFO - Filtrati 12 file (es. in /dist, /test).
2025-11-15 01:26:39,220 - UnicodeAnalyzer - INFO - -> Analizzando versione 9.3.0-beta.14 (350/386)...
2025-11-15 01:26:39,220 - UnicodeAnalyzer - INFO - Filtrati 12 file (es. in /dist, /test).
2025-11-15 01:26:39,220 - UnicodeAnalyzer - INFO - -> Analizzando versione 9.3.0-beta.14-77e850b (351/386)...
2025-11-15 01:26:39,221 - UnicodeAnalyzer - INFO - Filtrati 12 file (es. in /dist, /test).
2025-11-15 01:26:39,221 - UnicodeAnalyzer - INFO - -> Analizzando versione 9.3.0-beta.15 (352/386)...
2025-11-15 01:26:39,221 - UnicodeAnalyzer - INFO - Filtrati 12 file (es. in /dist, /test).
2025-11-15 01:26:39,222 - UnicodeAnalyzer - INFO - -> Analizzando versione 9.3.0-beta.16 (353/386)...
2025-11-15 01:26:39,222 - UnicodeAnalyzer - INFO - Filtrati 12 file (es. in /dist, /test).
2025-11-15 01:26:39,222 - UnicodeAnalyzer - INFO - -> Analizzando versione 9.3.0-beta.17 (354/386)...
2025-11-15 01:26:39,223 - UnicodeAnalyzer - INFO - Filtrati 12 file (es. in /dist, /test).
2025-11-15 01:26:39,223 - UnicodeAnalyzer - INFO - -> Analizzando versione 9.3.0-beta.18 (355/386)...
2025-11-15 01:26:39,224 - UnicodeAnalyzer - INFO - Filtrati 12 file (es. in /dist, /test).
2025-11-15 01:26:39,225 - UnicodeAnalyzer - INFO - -> Analizzando versione 9.3.0-beta.19 (356/386)...
2025-11-15 01:26:39,225 - UnicodeAnalyzer - INFO - Filtrati 12 file (es. in /dist, /test).
2025-11-15 01:26:39,225 - UnicodeAnalyzer - INFO - -> Analizzando versione 9.3.0-beta.2 (357/386)...
2025-11-15 01:26:39,226 - UnicodeAnalyzer - INFO - Filtrati 12 file (es. in /dist, /test).
2025-11-15 01:26:39,226 - UnicodeAnalyzer - INFO - -> Analizzando versione 9.3.0-beta.20 (358/386)...
2025-11-15 01:26:39,226 - UnicodeAnalyzer - INFO - Filtrati 12 file (es. in /dist, /test).
2025-11-15 01:26:39,226 - UnicodeAnalyzer - INFO - -> Analizzando versione 9.3.0-beta.21 (359/386)...
2025-11-15 01:26:39,227 - UnicodeAnalyzer - INFO - Filtrati 12 file (es. in /dist, /test).
2025-11-15 01:26:39,227 - UnicodeAnalyzer - INFO - -> Analizzando versione 9.3.0-beta.22 (360/386)...
2025-11-15 01:26:39,228 - UnicodeAnalyzer - INFO - Filtrati 12 file (es. in /dist, /test).
2025-11-15 01:26:39,228 - UnicodeAnalyzer - INFO - -> Analizzando versione 9.3.0-beta.23 (361/386)...
2025-11-15 01:26:39,228 - UnicodeAnalyzer - INFO - Filtrati 12 file (es. in /dist, /test).
2025-11-15 01:26:39,228 - UnicodeAnalyzer - INFO - -> Analizzando versione 9.3.0-beta.24 (362/386)...
2025-11-15 01:26:39,229 - UnicodeAnalyzer - INFO - Filtrati 12 file (es. in /dist, /test).
2025-11-15 01:26:39,229 - UnicodeAnalyzer - INFO - -> Analizzando versione 9.3.0-beta.25 (363/386)...
2025-11-15 01:26:39,229 - UnicodeAnalyzer - INFO - Filtrati 12 file (es. in /dist, /test).
2025-11-15 01:26:39,230 - UnicodeAnalyzer - INFO - -> Analizzando versione 9.3.0-beta.26 (364/386)...
2025-11-15 01:26:39,230 - UnicodeAnalyzer - INFO - Filtrati 12 file (es. in /dist, /test).
2025-11-15 01:26:39,230 - UnicodeAnalyzer - INFO - -> Analizzando versione 9.3.0-beta.27 (365/386)...
2025-11-15 01:26:39,231 - UnicodeAnalyzer - INFO - Filtrati 12 file (es. in /dist, /test).
2025-11-15 01:26:39,231 - UnicodeAnalyzer - INFO - -> Analizzando versione 9.3.0-beta.3 (366/386)...
2025-11-15 01:26:39,231 - UnicodeAnalyzer - INFO - Filtrati 12 file (es. in /dist, /test).
2025-11-15 01:26:39,231 - UnicodeAnalyzer - INFO - -> Analizzando versione 9.3.0-beta.4 (367/386)...
2025-11-15 01:26:39,232 - UnicodeAnalyzer - INFO - Filtrati 12 file (es. in /dist, /test).
2025-11-15 01:26:39,232 - UnicodeAnalyzer - INFO - -> Analizzando versione 9.3.0-beta.5 (368/386)...
2025-11-15 01:26:39,233 - UnicodeAnalyzer - INFO - Filtrati 12 file (es. in /dist, /test).
2025-11-15 01:26:39,233 - UnicodeAnalyzer - INFO - -> Analizzando versione 9.3.0-beta.6 (369/386)...
2025-11-15 01:26:39,233 - UnicodeAnalyzer - INFO - Filtrati 12 file (es. in /dist, /test).
2025-11-15 01:26:39,233 - UnicodeAnalyzer - INFO - -> Analizzando versione 9.3.0-beta.7 (370/386)...
2025-11-15 01:26:39,234 - UnicodeAnalyzer - INFO - Filtrati 12 file (es. in /dist, /test).
2025-11-15 01:26:39,234 - UnicodeAnalyzer - INFO - -> Analizzando versione 9.3.0-beta.8 (371/386)...
2025-11-15 01:26:39,234 - UnicodeAnalyzer - INFO - Filtrati 12 file (es. in /dist, /test).
2025-11-15 01:26:39,235 - UnicodeAnalyzer - INFO - -> Analizzando versione 9.3.0-beta.9 (372/386)...
2025-11-15 01:26:39,235 - UnicodeAnalyzer - INFO - Filtrati 12 file (es. in /dist, /test).
2025-11-15 01:26:39,235 - UnicodeAnalyzer - INFO - -> Analizzando versione 9.4.0 (373/386)...
2025-11-15 01:26:39,236 - UnicodeAnalyzer - INFO - Filtrati 12 file (es. in /dist, /test).
2025-11-15 01:26:39,236 - UnicodeAnalyzer - INFO - -> Analizzando versione 9.4.1 (374/386)...
2025-11-15 01:26:39,236 - UnicodeAnalyzer - INFO - Filtrati 12 file (es. in /dist, /test).
2025-11-15 01:26:39,236 - UnicodeAnalyzer - INFO - -> Analizzando versione 9.5.0 (375/386)...
2025-11-15 01:26:39,237 - UnicodeAnalyzer - INFO - Filtrati 12 file (es. in /dist, /test).
2025-11-15 01:26:39,237 - UnicodeAnalyzer - INFO - -> Analizzando versione 9.6.0 (376/386)...
2025-11-15 01:26:39,237 - UnicodeAnalyzer - INFO - Filtrati 12 file (es. in /dist, /test).
2025-11-15 01:26:39,238 - UnicodeAnalyzer - INFO - -> Analizzando versione 9.6.1 (377/386)...
2025-11-15 01:26:39,238 - UnicodeAnalyzer - INFO - Filtrati 12 file (es. in /dist, /test).
2025-11-15 01:26:39,239 - UnicodeAnalyzer - INFO - -> Analizzando versione 9.6.2 (378/386)...
2025-11-15 01:26:39,239 - UnicodeAnalyzer - INFO - Filtrati 12 file (es. in /dist, /test).
2025-11-15 01:26:39,240 - UnicodeAnalyzer - INFO - -> Analizzando versione 9.6.3 (379/386)...
2025-11-15 01:26:39,240 - UnicodeAnalyzer - INFO - Filtrati 12 file (es. in /dist, /test).
2025-11-15 01:26:39,241 - UnicodeAnalyzer - INFO - -> Analizzando versione 9.6.4 (380/386)...
2025-11-15 01:26:39,241 - UnicodeAnalyzer - INFO - Filtrati 12 file (es. in /dist, /test).
2025-11-15 01:26:39,242 - UnicodeAnalyzer - INFO - -> Analizzando versione 9.6.5 (381/386)...
2025-11-15 01:26:39,242 - UnicodeAnalyzer - INFO - Filtrati 12 file (es. in /dist, /test).
2025-11-15 01:26:39,243 - UnicodeAnalyzer - INFO - -> Analizzando versione 9.7.0 (382/386)...
2025-11-15 01:26:39,243 - UnicodeAnalyzer - INFO - Filtrati 12 file (es. in /dist, /test).
2025-11-15 01:26:39,244 - UnicodeAnalyzer - INFO - -> Analizzando versione 9.7.1 (383/386)...
2025-11-15 01:26:39,244 - UnicodeAnalyzer - INFO - Filtrati 12 file (es. in /dist, /test).
2025-11-15 01:26:39,245 - UnicodeAnalyzer - INFO - -> Analizzando versione 9.8.0 (384/386)...
2025-11-15 01:26:39,245 - UnicodeAnalyzer - INFO - Filtrati 12 file (es. in /dist, /test).
2025-11-15 01:26:39,245 - UnicodeAnalyzer - INFO - -> Analizzando versione 9.9.0 (385/386)...
2025-11-15 01:26:39,246 - UnicodeAnalyzer - INFO - Filtrati 12 file (es. in /dist, /test).
2025-11-15 01:26:39,246 - UnicodeAnalyzer - INFO - -> Analizzando versione 9.9.1 (386/386)...
2025-11-15 01:26:39,247 - UnicodeAnalyzer - INFO - Filtrati 12 file (es. in /dist, /test).
2025-11-15 01:26:39,247 - UnicodeAnalyzer - INFO - Esportando i risultati HUT per 'vue-i18n' in CSV...
2025-11-15 01:26:39,883 - UnicodeAnalyzer - INFO - Report salvati in: /app/npm_hut_results/vue-i18n
2025-11-15 01:26:39,884 - NPM_HUT_Analyzer - INFO - Pulizia cartella temporanea 'temp_hut/vue-i18n'...
2025-11-15 01:26:40,094 - NPM_HUT_Analyzer - INFO - Pulizia completata.
