2025-11-18 03:34:40,507 - NPM_HUT_Analyzer - INFO - Recupero metadata per 'react-error-overlay'...
2025-11-18 03:34:40,634 - NPM_HUT_Analyzer - INFO - Trovate 86 versioni. Inizio download in 'temp_hut/react-error-overlay'...
2025-11-18 03:35:39,183 - UnicodeAnalyzer - INFO - Analizzando 86 versioni per '*.js' in 'react-error-overlay'.
2025-11-18 03:35:39,183 - UnicodeAnalyzer - INFO - -> Analizzando versione 0.0.0 (1/86)...
2025-11-18 03:35:39,184 - UnicodeAnalyzer - INFO - -> Analizzando versione 1.0.0 (2/86)...
2025-11-18 03:35:39,274 - UnicodeAnalyzer - INFO - -> Analizzando versione 1.0.0-alpha.02968ecd (3/86)...
2025-11-18 03:35:39,336 - UnicodeAnalyzer - INFO - -> Analizzando versione 1.0.0-alpha.0d0536f9 (4/86)...
2025-11-18 03:35:39,402 - UnicodeAnalyzer - INFO - -> Analizzando versione 1.0.0-alpha.134d2297 (5/86)...
2025-11-18 03:35:39,470 - UnicodeAnalyzer - INFO - -> Analizzando versione 1.0.0-alpha.55afd862 (6/86)...
2025-11-18 03:35:39,539 - UnicodeAnalyzer - INFO - -> Analizzando versione 1.0.0-alpha.58689133 (7/86)...
2025-11-18 03:35:39,608 - UnicodeAnalyzer - INFO - -> Analizzando versione 1.0.0-alpha.c82c4f05 (8/86)...
2025-11-18 03:35:39,675 - UnicodeAnalyzer - INFO - -> Analizzando versione 1.0.0-alpha.dadf93b2 (9/86)...
2025-11-18 03:35:39,743 - UnicodeAnalyzer - INFO - -> Analizzando versione 1.0.0-alpha.e280254d (10/86)...
2025-11-18 03:35:39,810 - UnicodeAnalyzer - INFO - -> Analizzando versione 1.0.1 (11/86)...
2025-11-18 03:35:39,879 - UnicodeAnalyzer - INFO - -> Analizzando versione 1.0.10 (12/86)...
2025-11-18 03:35:39,947 - UnicodeAnalyzer - INFO - -> Analizzando versione 1.0.2 (13/86)...
2025-11-18 03:35:40,014 - UnicodeAnalyzer - INFO - -> Analizzando versione 1.0.3 (14/86)...
2025-11-18 03:35:40,081 - UnicodeAnalyzer - INFO - -> Analizzando versione 1.0.4 (15/86)...
2025-11-18 03:35:40,148 - UnicodeAnalyzer - INFO - -> Analizzando versione 1.0.5 (16/86)...
2025-11-18 03:35:40,215 - UnicodeAnalyzer - INFO - -> Analizzando versione 1.0.6 (17/86)...
2025-11-18 03:35:40,285 - UnicodeAnalyzer - INFO - -> Analizzando versione 1.0.7 (18/86)...
2025-11-18 03:35:40,351 - UnicodeAnalyzer - INFO - -> Analizzando versione 1.0.7-alpha.60ae2b6d (19/86)...
2025-11-18 03:35:40,418 - UnicodeAnalyzer - INFO - -> Analizzando versione 1.0.8 (20/86)...
2025-11-18 03:35:40,485 - UnicodeAnalyzer - INFO - -> Analizzando versione 1.0.9 (21/86)...
2025-11-18 03:35:40,551 - UnicodeAnalyzer - INFO - -> Analizzando versione 2.0.0 (22/86)...
2025-11-18 03:35:40,619 - UnicodeAnalyzer - INFO - -> Analizzando versione 2.0.1 (23/86)...
2025-11-18 03:35:40,687 - UnicodeAnalyzer - INFO - -> Analizzando versione 2.0.2 (24/86)...
2025-11-18 03:35:40,756 - UnicodeAnalyzer - INFO - -> Analizzando versione 3.0.0 (25/86)...
2025-11-18 03:35:40,784 - UnicodeAnalyzer - INFO - -> Analizzando versione 4.0.0 (26/86)...
2025-11-18 03:35:40,810 - UnicodeAnalyzer - INFO - -> Analizzando versione 4.0.1 (27/86)...
2025-11-18 03:35:40,836 - UnicodeAnalyzer - INFO - -> Analizzando versione 5.0.0 (28/86)...
2025-11-18 03:35:40,853 - UnicodeAnalyzer - INFO - -> Analizzando versione 5.0.0-next.03604a46 (29/86)...
2025-11-18 03:35:40,880 - UnicodeAnalyzer - INFO - -> Analizzando versione 5.0.0-next.096703ab (30/86)...
2025-11-18 03:35:40,908 - UnicodeAnalyzer - INFO - -> Analizzando versione 5.0.0-next.2150693d (31/86)...
2025-11-18 03:35:40,926 - UnicodeAnalyzer - INFO - -> Analizzando versione 5.0.0-next.3e165448 (32/86)...
2025-11-18 03:35:40,943 - UnicodeAnalyzer - INFO - -> Analizzando versione 5.0.0-next.47d2d941 (33/86)...
2025-11-18 03:35:40,969 - UnicodeAnalyzer - INFO - -> Analizzando versione 5.0.0-next.66cc7a90 (34/86)...
2025-11-18 03:35:40,991 - UnicodeAnalyzer - INFO - -> Analizzando versione 5.0.0-next.9754a231 (35/86)...
2025-11-18 03:35:41,013 - UnicodeAnalyzer - INFO - -> Analizzando versione 5.0.0-next.a671462c (36/86)...
2025-11-18 03:35:41,028 - UnicodeAnalyzer - INFO - -> Analizzando versione 5.0.0-next.b2fd8db8 (37/86)...
2025-11-18 03:35:41,051 - UnicodeAnalyzer - INFO - -> Analizzando versione 5.0.0-next.fb6e6f70 (38/86)...
2025-11-18 03:35:41,066 - UnicodeAnalyzer - INFO - -> Analizzando versione 5.0.1 (39/86)...
2025-11-18 03:35:41,081 - UnicodeAnalyzer - INFO - -> Analizzando versione 5.0.2 (40/86)...
2025-11-18 03:35:41,097 - UnicodeAnalyzer - INFO - -> Analizzando versione 5.0.3 (41/86)...
2025-11-18 03:35:41,114 - UnicodeAnalyzer - INFO - -> Analizzando versione 5.0.4 (42/86)...
2025-11-18 03:35:41,131 - UnicodeAnalyzer - INFO - -> Analizzando versione 5.0.5 (43/86)...
2025-11-18 03:35:41,147 - UnicodeAnalyzer - INFO - -> Analizzando versione 5.0.6 (44/86)...
2025-11-18 03:35:41,164 - UnicodeAnalyzer - INFO - -> Analizzando versione 5.0.6-next.9b4009d7 (45/86)...
2025-11-18 03:35:41,180 - UnicodeAnalyzer - INFO - -> Analizzando versione 5.0.6-next.c662dfb0 (46/86)...
2025-11-18 03:35:41,196 - UnicodeAnalyzer - INFO - -> Analizzando versione 5.1.0 (47/86)...
2025-11-18 03:35:41,212 - UnicodeAnalyzer - INFO - -> Analizzando versione 5.1.1 (48/86)...
2025-11-18 03:35:41,227 - UnicodeAnalyzer - INFO - -> Analizzando versione 5.1.2 (49/86)...
2025-11-18 03:35:41,242 - UnicodeAnalyzer - INFO - -> Analizzando versione 5.1.2-next.6a95aae9 (50/86)...
2025-11-18 03:35:41,257 - UnicodeAnalyzer - INFO - -> Analizzando versione 5.1.3 (51/86)...
2025-11-18 03:35:41,273 - UnicodeAnalyzer - INFO - -> Analizzando versione 5.1.4 (52/86)...
2025-11-18 03:35:41,288 - UnicodeAnalyzer - INFO - -> Analizzando versione 5.1.5 (53/86)...
2025-11-18 03:35:41,305 - UnicodeAnalyzer - INFO - -> Analizzando versione 5.1.6 (54/86)...
2025-11-18 03:35:41,321 - UnicodeAnalyzer - INFO - -> Analizzando versione 6.0.0 (55/86)...
2025-11-18 03:35:41,337 - UnicodeAnalyzer - INFO - -> Analizzando versione 6.0.0-next.74 (56/86)...
2025-11-18 03:35:41,353 - UnicodeAnalyzer - INFO - -> Analizzando versione 6.0.0-next.b0cbf2ca (57/86)...
2025-11-18 03:35:41,368 - UnicodeAnalyzer - INFO - -> Analizzando versione 6.0.1 (58/86)...
2025-11-18 03:35:41,385 - UnicodeAnalyzer - INFO - -> Analizzando versione 6.0.10 (59/86)...
2025-11-18 03:35:41,403 - UnicodeAnalyzer - INFO - -> Analizzando versione 6.0.11 (60/86)...
2025-11-18 03:35:41,421 - UnicodeAnalyzer - INFO - -> Analizzando versione 6.0.2 (61/86)...
2025-11-18 03:35:41,438 - UnicodeAnalyzer - INFO - -> Analizzando versione 6.0.3 (62/86)...
2025-11-18 03:35:41,454 - UnicodeAnalyzer - INFO - -> Analizzando versione 6.0.4 (63/86)...
2025-11-18 03:35:41,471 - UnicodeAnalyzer - INFO - -> Analizzando versione 6.0.5 (64/86)...
2025-11-18 03:35:41,487 - UnicodeAnalyzer - INFO - -> Analizzando versione 6.0.6 (65/86)...
2025-11-18 03:35:41,504 - UnicodeAnalyzer - INFO - -> Analizzando versione 6.0.7 (66/86)...
2025-11-18 03:35:41,521 - UnicodeAnalyzer - INFO - -> Analizzando versione 6.0.8 (67/86)...
2025-11-18 03:35:41,538 - UnicodeAnalyzer - INFO - -> Analizzando versione 6.0.9 (68/86)...
2025-11-18 03:35:41,555 - UnicodeAnalyzer - INFO - -> Analizzando versione 6.1.0 (69/86)...
2025-11-18 03:35:41,573 - UnicodeAnalyzer - INFO - -> Analizzando versione 6.1.0-next.14 (70/86)...
2025-11-18 03:35:41,591 - UnicodeAnalyzer - INFO - -> Analizzando versione 6.1.0-next.26 (71/86)...
2025-11-18 03:35:41,609 - UnicodeAnalyzer - INFO - -> Analizzando versione 6.1.0-next.38 (72/86)...
2025-11-18 03:35:41,625 - UnicodeAnalyzer - INFO - -> Analizzando versione 6.1.0-next.39 (73/86)...
2025-11-18 03:35:41,641 - UnicodeAnalyzer - INFO - -> Analizzando versione 6.1.0-next.62 (74/86)...
2025-11-18 03:35:41,658 - UnicodeAnalyzer - INFO - -> Analizzando versione 6.1.0-next.80 (75/86)...
2025-11-18 03:35:41,676 - UnicodeAnalyzer - INFO - -> Analizzando versione 7.0.0-next.116 (76/86)...
2025-11-18 03:35:41,693 - UnicodeAnalyzer - INFO - -> Analizzando versione 7.0.0-next.117 (77/86)...
2025-11-18 03:35:41,710 - UnicodeAnalyzer - INFO - -> Analizzando versione 7.0.0-next.38 (78/86)...
2025-11-18 03:35:41,726 - UnicodeAnalyzer - INFO - -> Analizzando versione 7.0.0-next.44 (79/86)...
2025-11-18 03:35:41,742 - UnicodeAnalyzer - INFO - -> Analizzando versione 7.0.0-next.54 (80/86)...
2025-11-18 03:35:41,758 - UnicodeAnalyzer - INFO - -> Analizzando versione 7.0.0-next.64 (81/86)...
2025-11-18 03:35:41,775 - UnicodeAnalyzer - INFO - -> Analizzando versione 7.0.0-next.65 (82/86)...
2025-11-18 03:35:41,793 - UnicodeAnalyzer - INFO - -> Analizzando versione 7.0.0-next.67 (83/86)...
2025-11-18 03:35:41,811 - UnicodeAnalyzer - INFO - -> Analizzando versione 7.0.0-next.77 (84/86)...
2025-11-18 03:35:41,828 - UnicodeAnalyzer - INFO - -> Analizzando versione 7.0.0-next.96 (85/86)...
2025-11-18 03:35:41,846 - UnicodeAnalyzer - INFO - -> Analizzando versione 7.0.0-next.98 (86/86)...
2025-11-18 03:35:41,863 - UnicodeAnalyzer - INFO - Esportando i risultati HUT per 'react-error-overlay' in CSV...
2025-11-18 03:35:41,966 - UnicodeAnalyzer - INFO - Report salvati in: /app/npm_hut_results/react-error-overlay
2025-11-18 03:35:41,966 - NPM_HUT_Analyzer - INFO - Pulizia cartella temporanea 'temp_hut/react-error-overlay'...
2025-11-18 03:35:41,993 - NPM_HUT_Analyzer - INFO - Pulizia completata.
