2025-11-15 15:16:08,125 - NPM_HUT_Analyzer - INFO - Recupero metadata per '@radix-ui/react-tabs'...
2025-11-15 15:16:08,413 - NPM_HUT_Analyzer - INFO - Trovate 298 versioni. Inizio download in 'temp_hut/@radix-ui_react-tabs'...
2025-11-15 15:23:17,230 - UnicodeAnalyzer - INFO - Analizzando 298 versioni per '*.js' in '@radix-ui_react-tabs'.
2025-11-15 15:23:17,231 - UnicodeAnalyzer - INFO - -> Analizzando versione 0.0.0-20250116175529 (1/298)...
2025-11-15 15:23:17,232 - UnicodeAnalyzer - INFO - Filtrati 1 file (es. in /dist, /test).
2025-11-15 15:23:17,232 - UnicodeAnalyzer - INFO - -> Analizzando versione 0.0.0-20250116183145 (2/298)...
2025-11-15 15:23:17,233 - UnicodeAnalyzer - INFO - Filtrati 1 file (es. in /dist, /test).
2025-11-15 15:23:17,233 - UnicodeAnalyzer - INFO - -> Analizzando versione 0.0.0-20250116193558 (3/298)...
2025-11-15 15:23:17,234 - UnicodeAnalyzer - INFO - Filtrati 1 file (es. in /dist, /test).
2025-11-15 15:23:17,234 - UnicodeAnalyzer - INFO - -> Analizzando versione 0.0.0-20250116194335 (4/298)...
2025-11-15 15:23:17,235 - UnicodeAnalyzer - INFO - Filtrati 1 file (es. in /dist, /test).
2025-11-15 15:23:17,235 - UnicodeAnalyzer - INFO - -> Analizzando versione 0.0.1 (5/298)...
2025-11-15 15:23:17,236 - UnicodeAnalyzer - INFO - Filtrati 2 file (es. in /dist, /test).
2025-11-15 15:23:17,236 - UnicodeAnalyzer - INFO - -> Analizzando versione 0.0.10 (6/298)...
2025-11-15 15:23:17,237 - UnicodeAnalyzer - INFO - Filtrati 2 file (es. in /dist, /test).
2025-11-15 15:23:17,237 - UnicodeAnalyzer - INFO - -> Analizzando versione 0.0.11 (7/298)...
2025-11-15 15:23:17,238 - UnicodeAnalyzer - INFO - Filtrati 2 file (es. in /dist, /test).
2025-11-15 15:23:17,238 - UnicodeAnalyzer - INFO - -> Analizzando versione 0.0.12 (8/298)...
2025-11-15 15:23:17,239 - UnicodeAnalyzer - INFO - Filtrati 2 file (es. in /dist, /test).
2025-11-15 15:23:17,239 - UnicodeAnalyzer - INFO - -> Analizzando versione 0.0.13 (9/298)...
2025-11-15 15:23:17,240 - UnicodeAnalyzer - INFO - Filtrati 2 file (es. in /dist, /test).
2025-11-15 15:23:17,240 - UnicodeAnalyzer - INFO - -> Analizzando versione 0.0.14 (10/298)...
2025-11-15 15:23:17,241 - UnicodeAnalyzer - INFO - Filtrati 2 file (es. in /dist, /test).
2025-11-15 15:23:17,241 - UnicodeAnalyzer - INFO - -> Analizzando versione 0.0.15 (11/298)...
2025-11-15 15:23:17,241 - UnicodeAnalyzer - INFO - Filtrati 2 file (es. in /dist, /test).
2025-11-15 15:23:17,241 - UnicodeAnalyzer - INFO - -> Analizzando versione 0.0.16 (12/298)...
2025-11-15 15:23:17,242 - UnicodeAnalyzer - INFO - Filtrati 2 file (es. in /dist, /test).
2025-11-15 15:23:17,242 - UnicodeAnalyzer - INFO - -> Analizzando versione 0.0.2 (13/298)...
2025-11-15 15:23:17,243 - UnicodeAnalyzer - INFO - Filtrati 2 file (es. in /dist, /test).
2025-11-15 15:23:17,243 - UnicodeAnalyzer - INFO - -> Analizzando versione 0.0.3 (14/298)...
2025-11-15 15:23:17,243 - UnicodeAnalyzer - INFO - Filtrati 2 file (es. in /dist, /test).
2025-11-15 15:23:17,243 - UnicodeAnalyzer - INFO - -> Analizzando versione 0.0.4 (15/298)...
2025-11-15 15:23:17,244 - UnicodeAnalyzer - INFO - Filtrati 2 file (es. in /dist, /test).
2025-11-15 15:23:17,244 - UnicodeAnalyzer - INFO - -> Analizzando versione 0.0.5 (16/298)...
2025-11-15 15:23:17,245 - UnicodeAnalyzer - INFO - Filtrati 2 file (es. in /dist, /test).
2025-11-15 15:23:17,245 - UnicodeAnalyzer - INFO - -> Analizzando versione 0.0.6 (17/298)...
2025-11-15 15:23:17,245 - UnicodeAnalyzer - INFO - Filtrati 2 file (es. in /dist, /test).
2025-11-15 15:23:17,245 - UnicodeAnalyzer - INFO - -> Analizzando versione 0.0.7 (18/298)...
2025-11-15 15:23:17,246 - UnicodeAnalyzer - INFO - Filtrati 2 file (es. in /dist, /test).
2025-11-15 15:23:17,246 - UnicodeAnalyzer - INFO - -> Analizzando versione 0.0.8 (19/298)...
2025-11-15 15:23:17,246 - UnicodeAnalyzer - INFO - Filtrati 2 file (es. in /dist, /test).
2025-11-15 15:23:17,246 - UnicodeAnalyzer - INFO - -> Analizzando versione 0.0.9 (20/298)...
2025-11-15 15:23:17,247 - UnicodeAnalyzer - INFO - Filtrati 2 file (es. in /dist, /test).
2025-11-15 15:23:17,247 - UnicodeAnalyzer - INFO - -> Analizzando versione 0.1.0 (21/298)...
2025-11-15 15:23:17,247 - UnicodeAnalyzer - INFO - Filtrati 2 file (es. in /dist, /test).
2025-11-15 15:23:17,248 - UnicodeAnalyzer - INFO - -> Analizzando versione 0.1.0-rc.1 (22/298)...
2025-11-15 15:23:17,248 - UnicodeAnalyzer - INFO - -> Analizzando versione 0.1.0-rc.2 (23/298)...
2025-11-15 15:23:17,248 - UnicodeAnalyzer - INFO - Filtrati 2 file (es. in /dist, /test).
2025-11-15 15:23:17,248 - UnicodeAnalyzer - INFO - -> Analizzando versione 0.1.1 (24/298)...
2025-11-15 15:23:17,249 - UnicodeAnalyzer - INFO - Filtrati 2 file (es. in /dist, /test).
2025-11-15 15:23:17,249 - UnicodeAnalyzer - INFO - -> Analizzando versione 0.1.1-rc.1 (25/298)...
2025-11-15 15:23:17,249 - UnicodeAnalyzer - INFO - Filtrati 2 file (es. in /dist, /test).
2025-11-15 15:23:17,249 - UnicodeAnalyzer - INFO - -> Analizzando versione 0.1.1-rc.10 (26/298)...
2025-11-15 15:23:17,249 - UnicodeAnalyzer - INFO - Filtrati 2 file (es. in /dist, /test).
2025-11-15 15:23:17,250 - UnicodeAnalyzer - INFO - -> Analizzando versione 0.1.1-rc.11 (27/298)...
2025-11-15 15:23:17,250 - UnicodeAnalyzer - INFO - Filtrati 2 file (es. in /dist, /test).
2025-11-15 15:23:17,250 - UnicodeAnalyzer - INFO - -> Analizzando versione 0.1.1-rc.12 (28/298)...
2025-11-15 15:23:17,250 - UnicodeAnalyzer - INFO - Filtrati 2 file (es. in /dist, /test).
2025-11-15 15:23:17,250 - UnicodeAnalyzer - INFO - -> Analizzando versione 0.1.1-rc.13 (29/298)...
2025-11-15 15:23:17,250 - UnicodeAnalyzer - INFO - Filtrati 2 file (es. in /dist, /test).
2025-11-15 15:23:17,250 - UnicodeAnalyzer - INFO - -> Analizzando versione 0.1.1-rc.14 (30/298)...
2025-11-15 15:23:17,250 - UnicodeAnalyzer - INFO - Filtrati 2 file (es. in /dist, /test).
2025-11-15 15:23:17,250 - UnicodeAnalyzer - INFO - -> Analizzando versione 0.1.1-rc.15 (31/298)...
2025-11-15 15:23:17,251 - UnicodeAnalyzer - INFO - Filtrati 2 file (es. in /dist, /test).
2025-11-15 15:23:17,251 - UnicodeAnalyzer - INFO - -> Analizzando versione 0.1.1-rc.16 (32/298)...
2025-11-15 15:23:17,251 - UnicodeAnalyzer - INFO - Filtrati 2 file (es. in /dist, /test).
2025-11-15 15:23:17,251 - UnicodeAnalyzer - INFO - -> Analizzando versione 0.1.1-rc.17 (33/298)...
2025-11-15 15:23:17,251 - UnicodeAnalyzer - INFO - Filtrati 2 file (es. in /dist, /test).
2025-11-15 15:23:17,251 - UnicodeAnalyzer - INFO - -> Analizzando versione 0.1.1-rc.18 (34/298)...
2025-11-15 15:23:17,251 - UnicodeAnalyzer - INFO - Filtrati 2 file (es. in /dist, /test).
2025-11-15 15:23:17,251 - UnicodeAnalyzer - INFO - -> Analizzando versione 0.1.1-rc.19 (35/298)...
2025-11-15 15:23:17,252 - UnicodeAnalyzer - INFO - Filtrati 2 file (es. in /dist, /test).
2025-11-15 15:23:17,252 - UnicodeAnalyzer - INFO - -> Analizzando versione 0.1.1-rc.2 (36/298)...
2025-11-15 15:23:17,252 - UnicodeAnalyzer - INFO - Filtrati 2 file (es. in /dist, /test).
2025-11-15 15:23:17,252 - UnicodeAnalyzer - INFO - -> Analizzando versione 0.1.1-rc.3 (37/298)...
2025-11-15 15:23:17,252 - UnicodeAnalyzer - INFO - Filtrati 2 file (es. in /dist, /test).
2025-11-15 15:23:17,252 - UnicodeAnalyzer - INFO - -> Analizzando versione 0.1.1-rc.4 (38/298)...
2025-11-15 15:23:17,252 - UnicodeAnalyzer - INFO - Filtrati 2 file (es. in /dist, /test).
2025-11-15 15:23:17,252 - UnicodeAnalyzer - INFO - -> Analizzando versione 0.1.1-rc.5 (39/298)...
2025-11-15 15:23:17,253 - UnicodeAnalyzer - INFO - Filtrati 2 file (es. in /dist, /test).
2025-11-15 15:23:17,253 - UnicodeAnalyzer - INFO - -> Analizzando versione 0.1.1-rc.6 (40/298)...
2025-11-15 15:23:17,253 - UnicodeAnalyzer - INFO - Filtrati 2 file (es. in /dist, /test).
2025-11-15 15:23:17,253 - UnicodeAnalyzer - INFO - -> Analizzando versione 0.1.1-rc.7 (41/298)...
2025-11-15 15:23:17,253 - UnicodeAnalyzer - INFO - Filtrati 2 file (es. in /dist, /test).
2025-11-15 15:23:17,253 - UnicodeAnalyzer - INFO - -> Analizzando versione 0.1.1-rc.8 (42/298)...
2025-11-15 15:23:17,253 - UnicodeAnalyzer - INFO - Filtrati 2 file (es. in /dist, /test).
2025-11-15 15:23:17,253 - UnicodeAnalyzer - INFO - -> Analizzando versione 0.1.1-rc.9 (43/298)...
2025-11-15 15:23:17,254 - UnicodeAnalyzer - INFO - Filtrati 2 file (es. in /dist, /test).
2025-11-15 15:23:17,254 - UnicodeAnalyzer - INFO - -> Analizzando versione 0.1.2 (44/298)...
2025-11-15 15:23:17,254 - UnicodeAnalyzer - INFO - Filtrati 2 file (es. in /dist, /test).
2025-11-15 15:23:17,254 - UnicodeAnalyzer - INFO - -> Analizzando versione 0.1.2-rc.1 (45/298)...
2025-11-15 15:23:17,254 - UnicodeAnalyzer - INFO - Filtrati 2 file (es. in /dist, /test).
2025-11-15 15:23:17,254 - UnicodeAnalyzer - INFO - -> Analizzando versione 0.1.2-rc.10 (46/298)...
2025-11-15 15:23:17,254 - UnicodeAnalyzer - INFO - Filtrati 2 file (es. in /dist, /test).
2025-11-15 15:23:17,254 - UnicodeAnalyzer - INFO - -> Analizzando versione 0.1.2-rc.11 (47/298)...
2025-11-15 15:23:17,255 - UnicodeAnalyzer - INFO - Filtrati 2 file (es. in /dist, /test).
2025-11-15 15:23:17,255 - UnicodeAnalyzer - INFO - -> Analizzando versione 0.1.2-rc.12 (48/298)...
2025-11-15 15:23:17,255 - UnicodeAnalyzer - INFO - Filtrati 2 file (es. in /dist, /test).
2025-11-15 15:23:17,255 - UnicodeAnalyzer - INFO - -> Analizzando versione 0.1.2-rc.13 (49/298)...
2025-11-15 15:23:17,255 - UnicodeAnalyzer - INFO - Filtrati 2 file (es. in /dist, /test).
2025-11-15 15:23:17,255 - UnicodeAnalyzer - INFO - -> Analizzando versione 0.1.2-rc.14 (50/298)...
2025-11-15 15:23:17,255 - UnicodeAnalyzer - INFO - Filtrati 2 file (es. in /dist, /test).
2025-11-15 15:23:17,255 - UnicodeAnalyzer - INFO - -> Analizzando versione 0.1.2-rc.15 (51/298)...
2025-11-15 15:23:17,256 - UnicodeAnalyzer - INFO - Filtrati 2 file (es. in /dist, /test).
2025-11-15 15:23:17,256 - UnicodeAnalyzer - INFO - -> Analizzando versione 0.1.2-rc.2 (52/298)...
2025-11-15 15:23:17,256 - UnicodeAnalyzer - INFO - Filtrati 2 file (es. in /dist, /test).
2025-11-15 15:23:17,256 - UnicodeAnalyzer - INFO - -> Analizzando versione 0.1.2-rc.3 (53/298)...
2025-11-15 15:23:17,256 - UnicodeAnalyzer - INFO - Filtrati 2 file (es. in /dist, /test).
2025-11-15 15:23:17,256 - UnicodeAnalyzer - INFO - -> Analizzando versione 0.1.2-rc.4 (54/298)...
2025-11-15 15:23:17,256 - UnicodeAnalyzer - INFO - Filtrati 2 file (es. in /dist, /test).
2025-11-15 15:23:17,256 - UnicodeAnalyzer - INFO - -> Analizzando versione 0.1.2-rc.5 (55/298)...
2025-11-15 15:23:17,257 - UnicodeAnalyzer - INFO - Filtrati 2 file (es. in /dist, /test).
2025-11-15 15:23:17,257 - UnicodeAnalyzer - INFO - -> Analizzando versione 0.1.2-rc.6 (56/298)...
2025-11-15 15:23:17,257 - UnicodeAnalyzer - INFO - Filtrati 2 file (es. in /dist, /test).
2025-11-15 15:23:17,257 - UnicodeAnalyzer - INFO - -> Analizzando versione 0.1.2-rc.7 (57/298)...
2025-11-15 15:23:17,257 - UnicodeAnalyzer - INFO - Filtrati 2 file (es. in /dist, /test).
2025-11-15 15:23:17,257 - UnicodeAnalyzer - INFO - -> Analizzando versione 0.1.2-rc.8 (58/298)...
2025-11-15 15:23:17,257 - UnicodeAnalyzer - INFO - Filtrati 2 file (es. in /dist, /test).
2025-11-15 15:23:17,257 - UnicodeAnalyzer - INFO - -> Analizzando versione 0.1.2-rc.9 (59/298)...
2025-11-15 15:23:17,258 - UnicodeAnalyzer - INFO - Filtrati 2 file (es. in /dist, /test).
2025-11-15 15:23:17,258 - UnicodeAnalyzer - INFO - -> Analizzando versione 0.1.3 (60/298)...
2025-11-15 15:23:17,258 - UnicodeAnalyzer - INFO - Filtrati 2 file (es. in /dist, /test).
2025-11-15 15:23:17,258 - UnicodeAnalyzer - INFO - -> Analizzando versione 0.1.3-rc.1 (61/298)...
2025-11-15 15:23:17,258 - UnicodeAnalyzer - INFO - Filtrati 2 file (es. in /dist, /test).
2025-11-15 15:23:17,258 - UnicodeAnalyzer - INFO - -> Analizzando versione 0.1.4 (62/298)...
2025-11-15 15:23:17,258 - UnicodeAnalyzer - INFO - Filtrati 2 file (es. in /dist, /test).
2025-11-15 15:23:17,258 - UnicodeAnalyzer - INFO - -> Analizzando versione 0.1.4-rc.1 (63/298)...
2025-11-15 15:23:17,259 - UnicodeAnalyzer - INFO - Filtrati 2 file (es. in /dist, /test).
2025-11-15 15:23:17,259 - UnicodeAnalyzer - INFO - -> Analizzando versione 0.1.5 (64/298)...
2025-11-15 15:23:17,259 - UnicodeAnalyzer - INFO - Filtrati 2 file (es. in /dist, /test).
2025-11-15 15:23:17,259 - UnicodeAnalyzer - INFO - -> Analizzando versione 0.1.5-rc.1 (65/298)...
2025-11-15 15:23:17,259 - UnicodeAnalyzer - INFO - Filtrati 2 file (es. in /dist, /test).
2025-11-15 15:23:17,259 - UnicodeAnalyzer - INFO - -> Analizzando versione 0.1.5-rc.10 (66/298)...
2025-11-15 15:23:17,259 - UnicodeAnalyzer - INFO - Filtrati 2 file (es. in /dist, /test).
2025-11-15 15:23:17,259 - UnicodeAnalyzer - INFO - -> Analizzando versione 0.1.5-rc.11 (67/298)...
2025-11-15 15:23:17,260 - UnicodeAnalyzer - INFO - Filtrati 2 file (es. in /dist, /test).
2025-11-15 15:23:17,260 - UnicodeAnalyzer - INFO - -> Analizzando versione 0.1.5-rc.12 (68/298)...
2025-11-15 15:23:17,260 - UnicodeAnalyzer - INFO - Filtrati 2 file (es. in /dist, /test).
2025-11-15 15:23:17,260 - UnicodeAnalyzer - INFO - -> Analizzando versione 0.1.5-rc.13 (69/298)...
2025-11-15 15:23:17,260 - UnicodeAnalyzer - INFO - Filtrati 2 file (es. in /dist, /test).
2025-11-15 15:23:17,260 - UnicodeAnalyzer - INFO - -> Analizzando versione 0.1.5-rc.14 (70/298)...
2025-11-15 15:23:17,260 - UnicodeAnalyzer - INFO - Filtrati 2 file (es. in /dist, /test).
2025-11-15 15:23:17,260 - UnicodeAnalyzer - INFO - -> Analizzando versione 0.1.5-rc.15 (71/298)...
2025-11-15 15:23:17,261 - UnicodeAnalyzer - INFO - Filtrati 2 file (es. in /dist, /test).
2025-11-15 15:23:17,261 - UnicodeAnalyzer - INFO - -> Analizzando versione 0.1.5-rc.16 (72/298)...
2025-11-15 15:23:17,261 - UnicodeAnalyzer - INFO - Filtrati 2 file (es. in /dist, /test).
2025-11-15 15:23:17,261 - UnicodeAnalyzer - INFO - -> Analizzando versione 0.1.5-rc.17 (73/298)...
2025-11-15 15:23:17,261 - UnicodeAnalyzer - INFO - Filtrati 2 file (es. in /dist, /test).
2025-11-15 15:23:17,261 - UnicodeAnalyzer - INFO - -> Analizzando versione 0.1.5-rc.18 (74/298)...
2025-11-15 15:23:17,261 - UnicodeAnalyzer - INFO - Filtrati 2 file (es. in /dist, /test).
2025-11-15 15:23:17,261 - UnicodeAnalyzer - INFO - -> Analizzando versione 0.1.5-rc.19 (75/298)...
2025-11-15 15:23:17,262 - UnicodeAnalyzer - INFO - Filtrati 2 file (es. in /dist, /test).
2025-11-15 15:23:17,262 - UnicodeAnalyzer - INFO - -> Analizzando versione 0.1.5-rc.2 (76/298)...
2025-11-15 15:23:17,262 - UnicodeAnalyzer - INFO - Filtrati 2 file (es. in /dist, /test).
2025-11-15 15:23:17,262 - UnicodeAnalyzer - INFO - -> Analizzando versione 0.1.5-rc.20 (77/298)...
2025-11-15 15:23:17,262 - UnicodeAnalyzer - INFO - Filtrati 2 file (es. in /dist, /test).
2025-11-15 15:23:17,262 - UnicodeAnalyzer - INFO - -> Analizzando versione 0.1.5-rc.21 (78/298)...
2025-11-15 15:23:17,262 - UnicodeAnalyzer - INFO - Filtrati 2 file (es. in /dist, /test).
2025-11-15 15:23:17,262 - UnicodeAnalyzer - INFO - -> Analizzando versione 0.1.5-rc.22 (79/298)...
2025-11-15 15:23:17,263 - UnicodeAnalyzer - INFO - Filtrati 2 file (es. in /dist, /test).
2025-11-15 15:23:17,263 - UnicodeAnalyzer - INFO - -> Analizzando versione 0.1.5-rc.23 (80/298)...
2025-11-15 15:23:17,263 - UnicodeAnalyzer - INFO - Filtrati 2 file (es. in /dist, /test).
2025-11-15 15:23:17,263 - UnicodeAnalyzer - INFO - -> Analizzando versione 0.1.5-rc.24 (81/298)...
2025-11-15 15:23:17,263 - UnicodeAnalyzer - INFO - Filtrati 2 file (es. in /dist, /test).
2025-11-15 15:23:17,263 - UnicodeAnalyzer - INFO - -> Analizzando versione 0.1.5-rc.25 (82/298)...
2025-11-15 15:23:17,263 - UnicodeAnalyzer - INFO - Filtrati 2 file (es. in /dist, /test).
2025-11-15 15:23:17,263 - UnicodeAnalyzer - INFO - -> Analizzando versione 0.1.5-rc.26 (83/298)...
2025-11-15 15:23:17,264 - UnicodeAnalyzer - INFO - Filtrati 2 file (es. in /dist, /test).
2025-11-15 15:23:17,264 - UnicodeAnalyzer - INFO - -> Analizzando versione 0.1.5-rc.3 (84/298)...
2025-11-15 15:23:17,264 - UnicodeAnalyzer - INFO - Filtrati 2 file (es. in /dist, /test).
2025-11-15 15:23:17,264 - UnicodeAnalyzer - INFO - -> Analizzando versione 0.1.5-rc.4 (85/298)...
2025-11-15 15:23:17,264 - UnicodeAnalyzer - INFO - Filtrati 2 file (es. in /dist, /test).
2025-11-15 15:23:17,264 - UnicodeAnalyzer - INFO - -> Analizzando versione 0.1.5-rc.5 (86/298)...
2025-11-15 15:23:17,264 - UnicodeAnalyzer - INFO - Filtrati 2 file (es. in /dist, /test).
2025-11-15 15:23:17,264 - UnicodeAnalyzer - INFO - -> Analizzando versione 0.1.5-rc.6 (87/298)...
2025-11-15 15:23:17,265 - UnicodeAnalyzer - INFO - Filtrati 2 file (es. in /dist, /test).
2025-11-15 15:23:17,265 - UnicodeAnalyzer - INFO - -> Analizzando versione 0.1.5-rc.7 (88/298)...
2025-11-15 15:23:17,265 - UnicodeAnalyzer - INFO - Filtrati 2 file (es. in /dist, /test).
2025-11-15 15:23:17,265 - UnicodeAnalyzer - INFO - -> Analizzando versione 0.1.5-rc.8 (89/298)...
2025-11-15 15:23:17,265 - UnicodeAnalyzer - INFO - Filtrati 2 file (es. in /dist, /test).
2025-11-15 15:23:17,265 - UnicodeAnalyzer - INFO - -> Analizzando versione 0.1.5-rc.9 (90/298)...
2025-11-15 15:23:17,265 - UnicodeAnalyzer - INFO - Filtrati 2 file (es. in /dist, /test).
2025-11-15 15:23:17,265 - UnicodeAnalyzer - INFO - -> Analizzando versione 0.1.6-rc.1 (91/298)...
2025-11-15 15:23:17,266 - UnicodeAnalyzer - INFO - Filtrati 2 file (es. in /dist, /test).
2025-11-15 15:23:17,266 - UnicodeAnalyzer - INFO - -> Analizzando versione 0.1.6-rc.10 (92/298)...
2025-11-15 15:23:17,266 - UnicodeAnalyzer - INFO - Filtrati 2 file (es. in /dist, /test).
2025-11-15 15:23:17,266 - UnicodeAnalyzer - INFO - -> Analizzando versione 0.1.6-rc.11 (93/298)...
2025-11-15 15:23:17,266 - UnicodeAnalyzer - INFO - Filtrati 2 file (es. in /dist, /test).
2025-11-15 15:23:17,266 - UnicodeAnalyzer - INFO - -> Analizzando versione 0.1.6-rc.12 (94/298)...
2025-11-15 15:23:17,266 - UnicodeAnalyzer - INFO - Filtrati 2 file (es. in /dist, /test).
2025-11-15 15:23:17,266 - UnicodeAnalyzer - INFO - -> Analizzando versione 0.1.6-rc.13 (95/298)...
2025-11-15 15:23:17,267 - UnicodeAnalyzer - INFO - Filtrati 2 file (es. in /dist, /test).
2025-11-15 15:23:17,267 - UnicodeAnalyzer - INFO - -> Analizzando versione 0.1.6-rc.14 (96/298)...
2025-11-15 15:23:17,267 - UnicodeAnalyzer - INFO - Filtrati 2 file (es. in /dist, /test).
2025-11-15 15:23:17,267 - UnicodeAnalyzer - INFO - -> Analizzando versione 0.1.6-rc.15 (97/298)...
2025-11-15 15:23:17,267 - UnicodeAnalyzer - INFO - Filtrati 2 file (es. in /dist, /test).
2025-11-15 15:23:17,267 - UnicodeAnalyzer - INFO - -> Analizzando versione 0.1.6-rc.16 (98/298)...
2025-11-15 15:23:17,267 - UnicodeAnalyzer - INFO - Filtrati 2 file (es. in /dist, /test).
2025-11-15 15:23:17,267 - UnicodeAnalyzer - INFO - -> Analizzando versione 0.1.6-rc.17 (99/298)...
2025-11-15 15:23:17,268 - UnicodeAnalyzer - INFO - Filtrati 2 file (es. in /dist, /test).
2025-11-15 15:23:17,268 - UnicodeAnalyzer - INFO - -> Analizzando versione 0.1.6-rc.18 (100/298)...
2025-11-15 15:23:17,268 - UnicodeAnalyzer - INFO - Filtrati 2 file (es. in /dist, /test).
2025-11-15 15:23:17,268 - UnicodeAnalyzer - INFO - -> Analizzando versione 0.1.6-rc.19 (101/298)...
2025-11-15 15:23:17,268 - UnicodeAnalyzer - INFO - Filtrati 2 file (es. in /dist, /test).
2025-11-15 15:23:17,268 - UnicodeAnalyzer - INFO - -> Analizzando versione 0.1.6-rc.2 (102/298)...
2025-11-15 15:23:17,268 - UnicodeAnalyzer - INFO - Filtrati 2 file (es. in /dist, /test).
2025-11-15 15:23:17,268 - UnicodeAnalyzer - INFO - -> Analizzando versione 0.1.6-rc.20 (103/298)...
2025-11-15 15:23:17,269 - UnicodeAnalyzer - INFO - Filtrati 2 file (es. in /dist, /test).
2025-11-15 15:23:17,269 - UnicodeAnalyzer - INFO - -> Analizzando versione 0.1.6-rc.21 (104/298)...
2025-11-15 15:23:17,269 - UnicodeAnalyzer - INFO - Filtrati 2 file (es. in /dist, /test).
2025-11-15 15:23:17,269 - UnicodeAnalyzer - INFO - -> Analizzando versione 0.1.6-rc.22 (105/298)...
2025-11-15 15:23:17,269 - UnicodeAnalyzer - INFO - Filtrati 2 file (es. in /dist, /test).
2025-11-15 15:23:17,269 - UnicodeAnalyzer - INFO - -> Analizzando versione 0.1.6-rc.23 (106/298)...
2025-11-15 15:23:17,269 - UnicodeAnalyzer - INFO - Filtrati 2 file (es. in /dist, /test).
2025-11-15 15:23:17,270 - UnicodeAnalyzer - INFO - -> Analizzando versione 0.1.6-rc.3 (107/298)...
2025-11-15 15:23:17,270 - UnicodeAnalyzer - INFO - Filtrati 2 file (es. in /dist, /test).
2025-11-15 15:23:17,270 - UnicodeAnalyzer - INFO - -> Analizzando versione 0.1.6-rc.4 (108/298)...
2025-11-15 15:23:17,270 - UnicodeAnalyzer - INFO - Filtrati 2 file (es. in /dist, /test).
2025-11-15 15:23:17,270 - UnicodeAnalyzer - INFO - -> Analizzando versione 0.1.6-rc.5 (109/298)...
2025-11-15 15:23:17,270 - UnicodeAnalyzer - INFO - Filtrati 2 file (es. in /dist, /test).
2025-11-15 15:23:17,270 - UnicodeAnalyzer - INFO - -> Analizzando versione 0.1.6-rc.6 (110/298)...
2025-11-15 15:23:17,270 - UnicodeAnalyzer - INFO - Filtrati 2 file (es. in /dist, /test).
2025-11-15 15:23:17,270 - UnicodeAnalyzer - INFO - -> Analizzando versione 0.1.6-rc.7 (111/298)...
2025-11-15 15:23:17,271 - UnicodeAnalyzer - INFO - Filtrati 2 file (es. in /dist, /test).
2025-11-15 15:23:17,271 - UnicodeAnalyzer - INFO - -> Analizzando versione 0.1.6-rc.8 (112/298)...
2025-11-15 15:23:17,271 - UnicodeAnalyzer - INFO - Filtrati 2 file (es. in /dist, /test).
2025-11-15 15:23:17,271 - UnicodeAnalyzer - INFO - -> Analizzando versione 0.1.6-rc.9 (113/298)...
2025-11-15 15:23:17,271 - UnicodeAnalyzer - INFO - Filtrati 2 file (es. in /dist, /test).
2025-11-15 15:23:17,271 - UnicodeAnalyzer - INFO - -> Analizzando versione 0.2.0-rc.1 (114/298)...
2025-11-15 15:23:17,271 - UnicodeAnalyzer - INFO - Filtrati 2 file (es. in /dist, /test).
2025-11-15 15:23:17,271 - UnicodeAnalyzer - INFO - -> Analizzando versione 0.2.0-rc.10 (115/298)...
2025-11-15 15:23:17,272 - UnicodeAnalyzer - INFO - Filtrati 2 file (es. in /dist, /test).
2025-11-15 15:23:17,272 - UnicodeAnalyzer - INFO - -> Analizzando versione 0.2.0-rc.11 (116/298)...
2025-11-15 15:23:17,272 - UnicodeAnalyzer - INFO - Filtrati 2 file (es. in /dist, /test).
2025-11-15 15:23:17,272 - UnicodeAnalyzer - INFO - -> Analizzando versione 0.2.0-rc.12 (117/298)...
2025-11-15 15:23:17,272 - UnicodeAnalyzer - INFO - Filtrati 2 file (es. in /dist, /test).
2025-11-15 15:23:17,272 - UnicodeAnalyzer - INFO - -> Analizzando versione 0.2.0-rc.13 (118/298)...
2025-11-15 15:23:17,272 - UnicodeAnalyzer - INFO - Filtrati 2 file (es. in /dist, /test).
2025-11-15 15:23:17,272 - UnicodeAnalyzer - INFO - -> Analizzando versione 0.2.0-rc.14 (119/298)...
2025-11-15 15:23:17,273 - UnicodeAnalyzer - INFO - Filtrati 2 file (es. in /dist, /test).
2025-11-15 15:23:17,273 - UnicodeAnalyzer - INFO - -> Analizzando versione 0.2.0-rc.15 (120/298)...
2025-11-15 15:23:17,273 - UnicodeAnalyzer - INFO - Filtrati 2 file (es. in /dist, /test).
2025-11-15 15:23:17,273 - UnicodeAnalyzer - INFO - -> Analizzando versione 0.2.0-rc.16 (121/298)...
2025-11-15 15:23:17,273 - UnicodeAnalyzer - INFO - Filtrati 2 file (es. in /dist, /test).
2025-11-15 15:23:17,273 - UnicodeAnalyzer - INFO - -> Analizzando versione 0.2.0-rc.17 (122/298)...
2025-11-15 15:23:17,273 - UnicodeAnalyzer - INFO - Filtrati 2 file (es. in /dist, /test).
2025-11-15 15:23:17,273 - UnicodeAnalyzer - INFO - -> Analizzando versione 0.2.0-rc.18 (123/298)...
2025-11-15 15:23:17,274 - UnicodeAnalyzer - INFO - Filtrati 2 file (es. in /dist, /test).
2025-11-15 15:23:17,274 - UnicodeAnalyzer - INFO - -> Analizzando versione 0.2.0-rc.19 (124/298)...
2025-11-15 15:23:17,274 - UnicodeAnalyzer - INFO - Filtrati 2 file (es. in /dist, /test).
2025-11-15 15:23:17,274 - UnicodeAnalyzer - INFO - -> Analizzando versione 0.2.0-rc.2 (125/298)...
2025-11-15 15:23:17,274 - UnicodeAnalyzer - INFO - Filtrati 2 file (es. in /dist, /test).
2025-11-15 15:23:17,274 - UnicodeAnalyzer - INFO - -> Analizzando versione 0.2.0-rc.20 (126/298)...
2025-11-15 15:23:17,274 - UnicodeAnalyzer - INFO - Filtrati 2 file (es. in /dist, /test).
2025-11-15 15:23:17,274 - UnicodeAnalyzer - INFO - -> Analizzando versione 0.2.0-rc.21 (127/298)...
2025-11-15 15:23:17,275 - UnicodeAnalyzer - INFO - Filtrati 2 file (es. in /dist, /test).
2025-11-15 15:23:17,275 - UnicodeAnalyzer - INFO - -> Analizzando versione 0.2.0-rc.22 (128/298)...
2025-11-15 15:23:17,275 - UnicodeAnalyzer - INFO - Filtrati 2 file (es. in /dist, /test).
2025-11-15 15:23:17,275 - UnicodeAnalyzer - INFO - -> Analizzando versione 0.2.0-rc.23 (129/298)...
2025-11-15 15:23:17,275 - UnicodeAnalyzer - INFO - Filtrati 2 file (es. in /dist, /test).
2025-11-15 15:23:17,275 - UnicodeAnalyzer - INFO - -> Analizzando versione 0.2.0-rc.24 (130/298)...
2025-11-15 15:23:17,275 - UnicodeAnalyzer - INFO - Filtrati 2 file (es. in /dist, /test).
2025-11-15 15:23:17,275 - UnicodeAnalyzer - INFO - -> Analizzando versione 0.2.0-rc.25 (131/298)...
2025-11-15 15:23:17,276 - UnicodeAnalyzer - INFO - Filtrati 2 file (es. in /dist, /test).
2025-11-15 15:23:17,276 - UnicodeAnalyzer - INFO - -> Analizzando versione 0.2.0-rc.26 (132/298)...
2025-11-15 15:23:17,276 - UnicodeAnalyzer - INFO - Filtrati 2 file (es. in /dist, /test).
2025-11-15 15:23:17,276 - UnicodeAnalyzer - INFO - -> Analizzando versione 0.2.0-rc.27 (133/298)...
2025-11-15 15:23:17,276 - UnicodeAnalyzer - INFO - Filtrati 2 file (es. in /dist, /test).
2025-11-15 15:23:17,276 - UnicodeAnalyzer - INFO - -> Analizzando versione 0.2.0-rc.3 (134/298)...
2025-11-15 15:23:17,276 - UnicodeAnalyzer - INFO - Filtrati 2 file (es. in /dist, /test).
2025-11-15 15:23:17,276 - UnicodeAnalyzer - INFO - -> Analizzando versione 0.2.0-rc.4 (135/298)...
2025-11-15 15:23:17,277 - UnicodeAnalyzer - INFO - Filtrati 2 file (es. in /dist, /test).
2025-11-15 15:23:17,277 - UnicodeAnalyzer - INFO - -> Analizzando versione 0.2.0-rc.5 (136/298)...
2025-11-15 15:23:17,277 - UnicodeAnalyzer - INFO - Filtrati 2 file (es. in /dist, /test).
2025-11-15 15:23:17,277 - UnicodeAnalyzer - INFO - -> Analizzando versione 0.2.0-rc.6 (137/298)...
2025-11-15 15:23:17,277 - UnicodeAnalyzer - INFO - Filtrati 2 file (es. in /dist, /test).
2025-11-15 15:23:17,277 - UnicodeAnalyzer - INFO - -> Analizzando versione 0.2.0-rc.7 (138/298)...
2025-11-15 15:23:17,277 - UnicodeAnalyzer - INFO - Filtrati 2 file (es. in /dist, /test).
2025-11-15 15:23:17,277 - UnicodeAnalyzer - INFO - -> Analizzando versione 0.2.0-rc.8 (139/298)...
2025-11-15 15:23:17,278 - UnicodeAnalyzer - INFO - Filtrati 2 file (es. in /dist, /test).
2025-11-15 15:23:17,278 - UnicodeAnalyzer - INFO - -> Analizzando versione 0.2.0-rc.9 (140/298)...
2025-11-15 15:23:17,278 - UnicodeAnalyzer - INFO - Filtrati 2 file (es. in /dist, /test).
2025-11-15 15:23:17,278 - UnicodeAnalyzer - INFO - -> Analizzando versione 1.0.0 (141/298)...
2025-11-15 15:23:17,278 - UnicodeAnalyzer - INFO - Filtrati 2 file (es. in /dist, /test).
2025-11-15 15:23:17,278 - UnicodeAnalyzer - INFO - -> Analizzando versione 1.0.0-rc.1 (142/298)...
2025-11-15 15:23:17,278 - UnicodeAnalyzer - INFO - Filtrati 2 file (es. in /dist, /test).
2025-11-15 15:23:17,278 - UnicodeAnalyzer - INFO - -> Analizzando versione 1.0.1 (143/298)...
2025-11-15 15:23:17,279 - UnicodeAnalyzer - INFO - Filtrati 2 file (es. in /dist, /test).
2025-11-15 15:23:17,279 - UnicodeAnalyzer - INFO - -> Analizzando versione 1.0.1-rc.1 (144/298)...
2025-11-15 15:23:17,279 - UnicodeAnalyzer - INFO - Filtrati 2 file (es. in /dist, /test).
2025-11-15 15:23:17,279 - UnicodeAnalyzer - INFO - -> Analizzando versione 1.0.1-rc.10 (145/298)...
2025-11-15 15:23:17,279 - UnicodeAnalyzer - INFO - Filtrati 2 file (es. in /dist, /test).
2025-11-15 15:23:17,279 - UnicodeAnalyzer - INFO - -> Analizzando versione 1.0.1-rc.11 (146/298)...
2025-11-15 15:23:17,279 - UnicodeAnalyzer - INFO - Filtrati 2 file (es. in /dist, /test).
2025-11-15 15:23:17,279 - UnicodeAnalyzer - INFO - -> Analizzando versione 1.0.1-rc.12 (147/298)...
2025-11-15 15:23:17,280 - UnicodeAnalyzer - INFO - Filtrati 2 file (es. in /dist, /test).
2025-11-15 15:23:17,280 - UnicodeAnalyzer - INFO - -> Analizzando versione 1.0.1-rc.13 (148/298)...
2025-11-15 15:23:17,280 - UnicodeAnalyzer - INFO - Filtrati 2 file (es. in /dist, /test).
2025-11-15 15:23:17,280 - UnicodeAnalyzer - INFO - -> Analizzando versione 1.0.1-rc.14 (149/298)...
2025-11-15 15:23:17,280 - UnicodeAnalyzer - INFO - Filtrati 2 file (es. in /dist, /test).
2025-11-15 15:23:17,280 - UnicodeAnalyzer - INFO - -> Analizzando versione 1.0.1-rc.15 (150/298)...
2025-11-15 15:23:17,280 - UnicodeAnalyzer - INFO - Filtrati 2 file (es. in /dist, /test).
2025-11-15 15:23:17,280 - UnicodeAnalyzer - INFO - -> Analizzando versione 1.0.1-rc.16 (151/298)...
2025-11-15 15:23:17,281 - UnicodeAnalyzer - INFO - Filtrati 2 file (es. in /dist, /test).
2025-11-15 15:23:17,281 - UnicodeAnalyzer - INFO - -> Analizzando versione 1.0.1-rc.2 (152/298)...
2025-11-15 15:23:17,281 - UnicodeAnalyzer - INFO - Filtrati 2 file (es. in /dist, /test).
2025-11-15 15:23:17,281 - UnicodeAnalyzer - INFO - -> Analizzando versione 1.0.1-rc.3 (153/298)...
2025-11-15 15:23:17,281 - UnicodeAnalyzer - INFO - Filtrati 2 file (es. in /dist, /test).
2025-11-15 15:23:17,281 - UnicodeAnalyzer - INFO - -> Analizzando versione 1.0.1-rc.4 (154/298)...
2025-11-15 15:23:17,281 - UnicodeAnalyzer - INFO - Filtrati 2 file (es. in /dist, /test).
2025-11-15 15:23:17,281 - UnicodeAnalyzer - INFO - -> Analizzando versione 1.0.1-rc.5 (155/298)...
2025-11-15 15:23:17,282 - UnicodeAnalyzer - INFO - Filtrati 2 file (es. in /dist, /test).
2025-11-15 15:23:17,282 - UnicodeAnalyzer - INFO - -> Analizzando versione 1.0.1-rc.6 (156/298)...
2025-11-15 15:23:17,282 - UnicodeAnalyzer - INFO - Filtrati 2 file (es. in /dist, /test).
2025-11-15 15:23:17,282 - UnicodeAnalyzer - INFO - -> Analizzando versione 1.0.1-rc.7 (157/298)...
2025-11-15 15:23:17,282 - UnicodeAnalyzer - INFO - Filtrati 2 file (es. in /dist, /test).
2025-11-15 15:23:17,282 - UnicodeAnalyzer - INFO - -> Analizzando versione 1.0.1-rc.8 (158/298)...
2025-11-15 15:23:17,282 - UnicodeAnalyzer - INFO - Filtrati 2 file (es. in /dist, /test).
2025-11-15 15:23:17,282 - UnicodeAnalyzer - INFO - -> Analizzando versione 1.0.1-rc.9 (159/298)...
2025-11-15 15:23:17,283 - UnicodeAnalyzer - INFO - Filtrati 2 file (es. in /dist, /test).
2025-11-15 15:23:17,283 - UnicodeAnalyzer - INFO - -> Analizzando versione 1.0.2 (160/298)...
2025-11-15 15:23:17,283 - UnicodeAnalyzer - INFO - Filtrati 2 file (es. in /dist, /test).
2025-11-15 15:23:17,283 - UnicodeAnalyzer - INFO - -> Analizzando versione 1.0.2-rc.1 (161/298)...
2025-11-15 15:23:17,283 - UnicodeAnalyzer - INFO - Filtrati 2 file (es. in /dist, /test).
2025-11-15 15:23:17,283 - UnicodeAnalyzer - INFO - -> Analizzando versione 1.0.2-rc.2 (162/298)...
2025-11-15 15:23:17,284 - UnicodeAnalyzer - INFO - Filtrati 2 file (es. in /dist, /test).
2025-11-15 15:23:17,284 - UnicodeAnalyzer - INFO - -> Analizzando versione 1.0.2-rc.3 (163/298)...
2025-11-15 15:23:17,284 - UnicodeAnalyzer - INFO - Filtrati 2 file (es. in /dist, /test).
2025-11-15 15:23:17,284 - UnicodeAnalyzer - INFO - -> Analizzando versione 1.0.3 (164/298)...
2025-11-15 15:23:17,284 - UnicodeAnalyzer - INFO - Filtrati 2 file (es. in /dist, /test).
2025-11-15 15:23:17,284 - UnicodeAnalyzer - INFO - -> Analizzando versione 1.0.3-rc.1 (165/298)...
2025-11-15 15:23:17,284 - UnicodeAnalyzer - INFO - Filtrati 2 file (es. in /dist, /test).
2025-11-15 15:23:17,284 - UnicodeAnalyzer - INFO - -> Analizzando versione 1.0.4 (166/298)...
2025-11-15 15:23:17,285 - UnicodeAnalyzer - INFO - Filtrati 1 file (es. in /dist, /test).
2025-11-15 15:23:17,285 - UnicodeAnalyzer - INFO - -> Analizzando versione 1.0.4-rc.1 (167/298)...
2025-11-15 15:23:17,285 - UnicodeAnalyzer - INFO - Filtrati 2 file (es. in /dist, /test).
2025-11-15 15:23:17,285 - UnicodeAnalyzer - INFO - -> Analizzando versione 1.0.4-rc.10 (168/298)...
2025-11-15 15:23:17,285 - UnicodeAnalyzer - INFO - Filtrati 1 file (es. in /dist, /test).
2025-11-15 15:23:17,285 - UnicodeAnalyzer - INFO - -> Analizzando versione 1.0.4-rc.11 (169/298)...
2025-11-15 15:23:17,285 - UnicodeAnalyzer - INFO - Filtrati 1 file (es. in /dist, /test).
2025-11-15 15:23:17,286 - UnicodeAnalyzer - INFO - -> Analizzando versione 1.0.4-rc.2 (170/298)...
2025-11-15 15:23:17,286 - UnicodeAnalyzer - INFO - Filtrati 2 file (es. in /dist, /test).
2025-11-15 15:23:17,286 - UnicodeAnalyzer - INFO - -> Analizzando versione 1.0.4-rc.3 (171/298)...
2025-11-15 15:23:17,286 - UnicodeAnalyzer - INFO - Filtrati 2 file (es. in /dist, /test).
2025-11-15 15:23:17,286 - UnicodeAnalyzer - INFO - -> Analizzando versione 1.0.4-rc.4 (172/298)...
2025-11-15 15:23:17,286 - UnicodeAnalyzer - INFO - Filtrati 2 file (es. in /dist, /test).
2025-11-15 15:23:17,286 - UnicodeAnalyzer - INFO - -> Analizzando versione 1.0.4-rc.5 (173/298)...
2025-11-15 15:23:17,287 - UnicodeAnalyzer - INFO - Filtrati 2 file (es. in /dist, /test).
2025-11-15 15:23:17,287 - UnicodeAnalyzer - INFO - -> Analizzando versione 1.0.4-rc.6 (174/298)...
2025-11-15 15:23:17,287 - UnicodeAnalyzer - INFO - Filtrati 1 file (es. in /dist, /test).
2025-11-15 15:23:17,287 - UnicodeAnalyzer - INFO - -> Analizzando versione 1.0.4-rc.7 (175/298)...
2025-11-15 15:23:17,287 - UnicodeAnalyzer - INFO - Filtrati 1 file (es. in /dist, /test).
2025-11-15 15:23:17,287 - UnicodeAnalyzer - INFO - -> Analizzando versione 1.0.4-rc.8 (176/298)...
2025-11-15 15:23:17,287 - UnicodeAnalyzer - INFO - Filtrati 1 file (es. in /dist, /test).
2025-11-15 15:23:17,287 - UnicodeAnalyzer - INFO - -> Analizzando versione 1.0.4-rc.9 (177/298)...
2025-11-15 15:23:17,288 - UnicodeAnalyzer - INFO - Filtrati 1 file (es. in /dist, /test).
2025-11-15 15:23:17,288 - UnicodeAnalyzer - INFO - -> Analizzando versione 1.0.5-rc.1 (178/298)...
2025-11-15 15:23:17,288 - UnicodeAnalyzer - INFO - Filtrati 1 file (es. in /dist, /test).
2025-11-15 15:23:17,288 - UnicodeAnalyzer - INFO - -> Analizzando versione 1.0.5-rc.10 (179/298)...
2025-11-15 15:23:17,288 - UnicodeAnalyzer - INFO - Filtrati 1 file (es. in /dist, /test).
2025-11-15 15:23:17,288 - UnicodeAnalyzer - INFO - -> Analizzando versione 1.0.5-rc.11 (180/298)...
2025-11-15 15:23:17,288 - UnicodeAnalyzer - INFO - Filtrati 1 file (es. in /dist, /test).
2025-11-15 15:23:17,288 - UnicodeAnalyzer - INFO - -> Analizzando versione 1.0.5-rc.2 (181/298)...
2025-11-15 15:23:17,289 - UnicodeAnalyzer - INFO - Filtrati 1 file (es. in /dist, /test).
2025-11-15 15:23:17,289 - UnicodeAnalyzer - INFO - -> Analizzando versione 1.0.5-rc.3 (182/298)...
2025-11-15 15:23:17,289 - UnicodeAnalyzer - INFO - Filtrati 1 file (es. in /dist, /test).
2025-11-15 15:23:17,289 - UnicodeAnalyzer - INFO - -> Analizzando versione 1.0.5-rc.4 (183/298)...
2025-11-15 15:23:17,289 - UnicodeAnalyzer - INFO - Filtrati 1 file (es. in /dist, /test).
2025-11-15 15:23:17,289 - UnicodeAnalyzer - INFO - -> Analizzando versione 1.0.5-rc.5 (184/298)...
2025-11-15 15:23:17,289 - UnicodeAnalyzer - INFO - Filtrati 1 file (es. in /dist, /test).
2025-11-15 15:23:17,290 - UnicodeAnalyzer - INFO - -> Analizzando versione 1.0.5-rc.6 (185/298)...
2025-11-15 15:23:17,290 - UnicodeAnalyzer - INFO - Filtrati 1 file (es. in /dist, /test).
2025-11-15 15:23:17,290 - UnicodeAnalyzer - INFO - -> Analizzando versione 1.0.5-rc.7 (186/298)...
2025-11-15 15:23:17,290 - UnicodeAnalyzer - INFO - Filtrati 1 file (es. in /dist, /test).
2025-11-15 15:23:17,290 - UnicodeAnalyzer - INFO - -> Analizzando versione 1.0.5-rc.8 (187/298)...
2025-11-15 15:23:17,290 - UnicodeAnalyzer - INFO - Filtrati 1 file (es. in /dist, /test).
2025-11-15 15:23:17,290 - UnicodeAnalyzer - INFO - -> Analizzando versione 1.0.5-rc.9 (188/298)...
2025-11-15 15:23:17,291 - UnicodeAnalyzer - INFO - Filtrati 1 file (es. in /dist, /test).
2025-11-15 15:23:17,291 - UnicodeAnalyzer - INFO - -> Analizzando versione 1.1.0 (189/298)...
2025-11-15 15:23:17,291 - UnicodeAnalyzer - INFO - Filtrati 1 file (es. in /dist, /test).
2025-11-15 15:23:17,291 - UnicodeAnalyzer - INFO - -> Analizzando versione 1.1.0-rc.1 (190/298)...
2025-11-15 15:23:17,291 - UnicodeAnalyzer - INFO - Filtrati 1 file (es. in /dist, /test).
2025-11-15 15:23:17,291 - UnicodeAnalyzer - INFO - -> Analizzando versione 1.1.0-rc.2 (191/298)...
2025-11-15 15:23:17,291 - UnicodeAnalyzer - INFO - Filtrati 1 file (es. in /dist, /test).
2025-11-15 15:23:17,291 - UnicodeAnalyzer - INFO - -> Analizzando versione 1.1.0-rc.3 (192/298)...
2025-11-15 15:23:17,292 - UnicodeAnalyzer - INFO - Filtrati 1 file (es. in /dist, /test).
2025-11-15 15:23:17,292 - UnicodeAnalyzer - INFO - -> Analizzando versione 1.1.0-rc.4 (193/298)...
2025-11-15 15:23:17,292 - UnicodeAnalyzer - INFO - Filtrati 1 file (es. in /dist, /test).
2025-11-15 15:23:17,292 - UnicodeAnalyzer - INFO - -> Analizzando versione 1.1.0-rc.5 (194/298)...
2025-11-15 15:23:17,292 - UnicodeAnalyzer - INFO - Filtrati 1 file (es. in /dist, /test).
2025-11-15 15:23:17,292 - UnicodeAnalyzer - INFO - -> Analizzando versione 1.1.0-rc.6 (195/298)...
2025-11-15 15:23:17,292 - UnicodeAnalyzer - INFO - Filtrati 1 file (es. in /dist, /test).
2025-11-15 15:23:17,292 - UnicodeAnalyzer - INFO - -> Analizzando versione 1.1.0-rc.7 (196/298)...
2025-11-15 15:23:17,293 - UnicodeAnalyzer - INFO - Filtrati 1 file (es. in /dist, /test).
2025-11-15 15:23:17,293 - UnicodeAnalyzer - INFO - -> Analizzando versione 1.1.1 (197/298)...
2025-11-15 15:23:17,293 - UnicodeAnalyzer - INFO - Filtrati 1 file (es. in /dist, /test).
2025-11-15 15:23:17,293 - UnicodeAnalyzer - INFO - -> Analizzando versione 1.1.1-rc.1 (198/298)...
2025-11-15 15:23:17,293 - UnicodeAnalyzer - INFO - Filtrati 1 file (es. in /dist, /test).
2025-11-15 15:23:17,293 - UnicodeAnalyzer - INFO - -> Analizzando versione 1.1.1-rc.10 (199/298)...
2025-11-15 15:23:17,293 - UnicodeAnalyzer - INFO - Filtrati 1 file (es. in /dist, /test).
2025-11-15 15:23:17,293 - UnicodeAnalyzer - INFO - -> Analizzando versione 1.1.1-rc.11 (200/298)...
2025-11-15 15:23:17,294 - UnicodeAnalyzer - INFO - Filtrati 1 file (es. in /dist, /test).
2025-11-15 15:23:17,294 - UnicodeAnalyzer - INFO - -> Analizzando versione 1.1.1-rc.12 (201/298)...
2025-11-15 15:23:17,294 - UnicodeAnalyzer - INFO - Filtrati 1 file (es. in /dist, /test).
2025-11-15 15:23:17,294 - UnicodeAnalyzer - INFO - -> Analizzando versione 1.1.1-rc.13 (202/298)...
2025-11-15 15:23:17,294 - UnicodeAnalyzer - INFO - Filtrati 1 file (es. in /dist, /test).
2025-11-15 15:23:17,294 - UnicodeAnalyzer - INFO - -> Analizzando versione 1.1.1-rc.14 (203/298)...
2025-11-15 15:23:17,294 - UnicodeAnalyzer - INFO - Filtrati 1 file (es. in /dist, /test).
2025-11-15 15:23:17,294 - UnicodeAnalyzer - INFO - -> Analizzando versione 1.1.1-rc.2 (204/298)...
2025-11-15 15:23:17,295 - UnicodeAnalyzer - INFO - Filtrati 1 file (es. in /dist, /test).
2025-11-15 15:23:17,295 - UnicodeAnalyzer - INFO - -> Analizzando versione 1.1.1-rc.3 (205/298)...
2025-11-15 15:23:17,295 - UnicodeAnalyzer - INFO - Filtrati 1 file (es. in /dist, /test).
2025-11-15 15:23:17,295 - UnicodeAnalyzer - INFO - -> Analizzando versione 1.1.1-rc.4 (206/298)...
2025-11-15 15:23:17,295 - UnicodeAnalyzer - INFO - Filtrati 1 file (es. in /dist, /test).
2025-11-15 15:23:17,295 - UnicodeAnalyzer - INFO - -> Analizzando versione 1.1.1-rc.5 (207/298)...
2025-11-15 15:23:17,295 - UnicodeAnalyzer - INFO - Filtrati 1 file (es. in /dist, /test).
2025-11-15 15:23:17,295 - UnicodeAnalyzer - INFO - -> Analizzando versione 1.1.1-rc.6 (208/298)...
2025-11-15 15:23:17,296 - UnicodeAnalyzer - INFO - Filtrati 1 file (es. in /dist, /test).
2025-11-15 15:23:17,296 - UnicodeAnalyzer - INFO - -> Analizzando versione 1.1.1-rc.7 (209/298)...
2025-11-15 15:23:17,296 - UnicodeAnalyzer - INFO - Filtrati 1 file (es. in /dist, /test).
2025-11-15 15:23:17,296 - UnicodeAnalyzer - INFO - -> Analizzando versione 1.1.1-rc.8 (210/298)...
2025-11-15 15:23:17,296 - UnicodeAnalyzer - INFO - Filtrati 1 file (es. in /dist, /test).
2025-11-15 15:23:17,296 - UnicodeAnalyzer - INFO - -> Analizzando versione 1.1.1-rc.9 (211/298)...
2025-11-15 15:23:17,296 - UnicodeAnalyzer - INFO - Filtrati 1 file (es. in /dist, /test).
2025-11-15 15:23:17,296 - UnicodeAnalyzer - INFO - -> Analizzando versione 1.1.10 (212/298)...
2025-11-15 15:23:17,297 - UnicodeAnalyzer - INFO - Filtrati 1 file (es. in /dist, /test).
2025-11-15 15:23:17,297 - UnicodeAnalyzer - INFO - -> Analizzando versione 1.1.10-rc.1745345395380 (213/298)...
2025-11-15 15:23:17,297 - UnicodeAnalyzer - INFO - Filtrati 1 file (es. in /dist, /test).
2025-11-15 15:23:17,297 - UnicodeAnalyzer - INFO - -> Analizzando versione 1.1.10-rc.1745439717073 (214/298)...
2025-11-15 15:23:17,297 - UnicodeAnalyzer - INFO - Filtrati 1 file (es. in /dist, /test).
2025-11-15 15:23:17,297 - UnicodeAnalyzer - INFO - -> Analizzando versione 1.1.10-rc.1745972185559 (215/298)...
2025-11-15 15:23:17,297 - UnicodeAnalyzer - INFO - Filtrati 1 file (es. in /dist, /test).
2025-11-15 15:23:17,297 - UnicodeAnalyzer - INFO - -> Analizzando versione 1.1.10-rc.1746044551800 (216/298)...
2025-11-15 15:23:17,298 - UnicodeAnalyzer - INFO - Filtrati 1 file (es. in /dist, /test).
2025-11-15 15:23:17,298 - UnicodeAnalyzer - INFO - -> Analizzando versione 1.1.10-rc.1746053194630 (217/298)...
2025-11-15 15:23:17,298 - UnicodeAnalyzer - INFO - Filtrati 1 file (es. in /dist, /test).
2025-11-15 15:23:17,298 - UnicodeAnalyzer - INFO - -> Analizzando versione 1.1.10-rc.1746075822931 (218/298)...
2025-11-15 15:23:17,298 - UnicodeAnalyzer - INFO - Filtrati 1 file (es. in /dist, /test).
2025-11-15 15:23:17,298 - UnicodeAnalyzer - INFO - -> Analizzando versione 1.1.10-rc.1746466567086 (219/298)...
2025-11-15 15:23:17,298 - UnicodeAnalyzer - INFO - Filtrati 1 file (es. in /dist, /test).
2025-11-15 15:23:17,299 - UnicodeAnalyzer - INFO - -> Analizzando versione 1.1.11 (220/298)...
2025-11-15 15:23:17,299 - UnicodeAnalyzer - INFO - Filtrati 1 file (es. in /dist, /test).
2025-11-15 15:23:17,299 - UnicodeAnalyzer - INFO - -> Analizzando versione 1.1.12 (221/298)...
2025-11-15 15:23:17,299 - UnicodeAnalyzer - INFO - Filtrati 1 file (es. in /dist, /test).
2025-11-15 15:23:17,299 - UnicodeAnalyzer - INFO - -> Analizzando versione 1.1.12-rc.1746560904918 (222/298)...
2025-11-15 15:23:17,299 - UnicodeAnalyzer - INFO - Filtrati 1 file (es. in /dist, /test).
2025-11-15 15:23:17,299 - UnicodeAnalyzer - INFO - -> Analizzando versione 1.1.12-rc.1747678980544 (223/298)...
2025-11-15 15:23:17,300 - UnicodeAnalyzer - INFO - Filtrati 1 file (es. in /dist, /test).
2025-11-15 15:23:17,300 - UnicodeAnalyzer - INFO - -> Analizzando versione 1.1.13 (224/298)...
2025-11-15 15:23:17,300 - UnicodeAnalyzer - INFO - Filtrati 1 file (es. in /dist, /test).
2025-11-15 15:23:17,300 - UnicodeAnalyzer - INFO - -> Analizzando versione 1.1.13-rc.1752165236204 (225/298)...
2025-11-15 15:23:17,300 - UnicodeAnalyzer - INFO - Filtrati 1 file (es. in /dist, /test).
2025-11-15 15:23:17,300 - UnicodeAnalyzer - INFO - -> Analizzando versione 1.1.13-rc.1752166197873 (226/298)...
2025-11-15 15:23:17,300 - UnicodeAnalyzer - INFO - Filtrati 1 file (es. in /dist, /test).
2025-11-15 15:23:17,300 - UnicodeAnalyzer - INFO - -> Analizzando versione 1.1.13-rc.1752166434368 (227/298)...
2025-11-15 15:23:17,301 - UnicodeAnalyzer - INFO - Filtrati 1 file (es. in /dist, /test).
2025-11-15 15:23:17,301 - UnicodeAnalyzer - INFO - -> Analizzando versione 1.1.13-rc.1752166910601 (228/298)...
2025-11-15 15:23:17,301 - UnicodeAnalyzer - INFO - Filtrati 1 file (es. in /dist, /test).
2025-11-15 15:23:17,301 - UnicodeAnalyzer - INFO - -> Analizzando versione 1.1.13-rc.1752791004720 (229/298)...
2025-11-15 15:23:17,301 - UnicodeAnalyzer - INFO - Filtrati 1 file (es. in /dist, /test).
2025-11-15 15:23:17,301 - UnicodeAnalyzer - INFO - -> Analizzando versione 1.1.13-rc.1755114563302 (230/298)...
2025-11-15 15:23:17,301 - UnicodeAnalyzer - INFO - Filtrati 1 file (es. in /dist, /test).
2025-11-15 15:23:17,301 - UnicodeAnalyzer - INFO - -> Analizzando versione 1.1.13-rc.1755118410828 (231/298)...
2025-11-15 15:23:17,302 - UnicodeAnalyzer - INFO - Filtrati 1 file (es. in /dist, /test).
2025-11-15 15:23:17,302 - UnicodeAnalyzer - INFO - -> Analizzando versione 1.1.13-rc.1755201399387 (232/298)...
2025-11-15 15:23:17,302 - UnicodeAnalyzer - INFO - Filtrati 1 file (es. in /dist, /test).
2025-11-15 15:23:17,302 - UnicodeAnalyzer - INFO - -> Analizzando versione 1.1.13-rc.1755205432459 (233/298)...
2025-11-15 15:23:17,302 - UnicodeAnalyzer - INFO - Filtrati 1 file (es. in /dist, /test).
2025-11-15 15:23:17,302 - UnicodeAnalyzer - INFO - -> Analizzando versione 1.1.13-rc.1761327012562 (234/298)...
2025-11-15 15:23:17,302 - UnicodeAnalyzer - INFO - Filtrati 1 file (es. in /dist, /test).
2025-11-15 15:23:17,302 - UnicodeAnalyzer - INFO - -> Analizzando versione 1.1.13-rc.1761582029795 (235/298)...
2025-11-15 15:23:17,303 - UnicodeAnalyzer - INFO - Filtrati 1 file (es. in /dist, /test).
2025-11-15 15:23:17,303 - UnicodeAnalyzer - INFO - -> Analizzando versione 1.1.13-rc.1761614469962 (236/298)...
2025-11-15 15:23:17,303 - UnicodeAnalyzer - INFO - Filtrati 1 file (es. in /dist, /test).
2025-11-15 15:23:17,303 - UnicodeAnalyzer - INFO - -> Analizzando versione 1.1.13-rc.1761614930803 (237/298)...
2025-11-15 15:23:17,303 - UnicodeAnalyzer - INFO - Filtrati 1 file (es. in /dist, /test).
2025-11-15 15:23:17,303 - UnicodeAnalyzer - INFO - -> Analizzando versione 1.1.13-rc.1761615925003 (238/298)...
2025-11-15 15:23:17,303 - UnicodeAnalyzer - INFO - Filtrati 1 file (es. in /dist, /test).
2025-11-15 15:23:17,303 - UnicodeAnalyzer - INFO - -> Analizzando versione 1.1.13-rc.1761619701743 (239/298)...
2025-11-15 15:23:17,304 - UnicodeAnalyzer - INFO - Filtrati 1 file (es. in /dist, /test).
2025-11-15 15:23:17,304 - UnicodeAnalyzer - INFO - -> Analizzando versione 1.1.13-rc.1761620575619 (240/298)...
2025-11-15 15:23:17,304 - UnicodeAnalyzer - INFO - Filtrati 1 file (es. in /dist, /test).
2025-11-15 15:23:17,304 - UnicodeAnalyzer - INFO - -> Analizzando versione 1.1.13-rc.1761621280215 (241/298)...
2025-11-15 15:23:17,304 - UnicodeAnalyzer - INFO - Filtrati 1 file (es. in /dist, /test).
2025-11-15 15:23:17,304 - UnicodeAnalyzer - INFO - -> Analizzando versione 1.1.13-rc.1761750045307 (242/298)...
2025-11-15 15:23:17,304 - UnicodeAnalyzer - INFO - Filtrati 1 file (es. in /dist, /test).
2025-11-15 15:23:17,305 - UnicodeAnalyzer - INFO - -> Analizzando versione 1.1.13-rc.1761750294484 (243/298)...
2025-11-15 15:23:17,305 - UnicodeAnalyzer - INFO - Filtrati 1 file (es. in /dist, /test).
2025-11-15 15:23:17,305 - UnicodeAnalyzer - INFO - -> Analizzando versione 1.1.13-rc.1761752560860 (244/298)...
2025-11-15 15:23:17,305 - UnicodeAnalyzer - INFO - Filtrati 1 file (es. in /dist, /test).
2025-11-15 15:23:17,305 - UnicodeAnalyzer - INFO - -> Analizzando versione 1.1.13-rc.1761757765388 (245/298)...
2025-11-15 15:23:17,305 - UnicodeAnalyzer - INFO - Filtrati 1 file (es. in /dist, /test).
2025-11-15 15:23:17,305 - UnicodeAnalyzer - INFO - -> Analizzando versione 1.1.13-rc.1761760880074 (246/298)...
2025-11-15 15:23:17,305 - UnicodeAnalyzer - INFO - Filtrati 1 file (es. in /dist, /test).
2025-11-15 15:23:17,306 - UnicodeAnalyzer - INFO - -> Analizzando versione 1.1.14-rc.1762290574118 (247/298)...
2025-11-15 15:23:17,306 - UnicodeAnalyzer - INFO - Filtrati 1 file (es. in /dist, /test).
2025-11-15 15:23:17,306 - UnicodeAnalyzer - INFO - -> Analizzando versione 1.1.14-rc.1762291353631 (248/298)...
2025-11-15 15:23:17,306 - UnicodeAnalyzer - INFO - Filtrati 1 file (es. in /dist, /test).
2025-11-15 15:23:17,306 - UnicodeAnalyzer - INFO - -> Analizzando versione 1.1.2 (249/298)...
2025-11-15 15:23:17,306 - UnicodeAnalyzer - INFO - Filtrati 1 file (es. in /dist, /test).
2025-11-15 15:23:17,306 - UnicodeAnalyzer - INFO - -> Analizzando versione 1.1.2-rc.1 (250/298)...
2025-11-15 15:23:17,307 - UnicodeAnalyzer - INFO - Filtrati 1 file (es. in /dist, /test).
2025-11-15 15:23:17,307 - UnicodeAnalyzer - INFO - -> Analizzando versione 1.1.2-rc.2 (251/298)...
2025-11-15 15:23:17,307 - UnicodeAnalyzer - INFO - Filtrati 1 file (es. in /dist, /test).
2025-11-15 15:23:17,307 - UnicodeAnalyzer - INFO - -> Analizzando versione 1.1.2-rc.3 (252/298)...
2025-11-15 15:23:17,307 - UnicodeAnalyzer - INFO - Filtrati 1 file (es. in /dist, /test).
2025-11-15 15:23:17,307 - UnicodeAnalyzer - INFO - -> Analizzando versione 1.1.3 (253/298)...
2025-11-15 15:23:17,307 - UnicodeAnalyzer - INFO - Filtrati 1 file (es. in /dist, /test).
2025-11-15 15:23:17,307 - UnicodeAnalyzer - INFO - -> Analizzando versione 1.1.3-rc.1 (254/298)...
2025-11-15 15:23:17,308 - UnicodeAnalyzer - INFO - Filtrati 1 file (es. in /dist, /test).
2025-11-15 15:23:17,308 - UnicodeAnalyzer - INFO - -> Analizzando versione 1.1.3-rc.2 (255/298)...
2025-11-15 15:23:17,308 - UnicodeAnalyzer - INFO - Filtrati 1 file (es. in /dist, /test).
2025-11-15 15:23:17,308 - UnicodeAnalyzer - INFO - -> Analizzando versione 1.1.3-rc.3 (256/298)...
2025-11-15 15:23:17,308 - UnicodeAnalyzer - INFO - Filtrati 1 file (es. in /dist, /test).
2025-11-15 15:23:17,308 - UnicodeAnalyzer - INFO - -> Analizzando versione 1.1.3-rc.4 (257/298)...
2025-11-15 15:23:17,308 - UnicodeAnalyzer - INFO - Filtrati 1 file (es. in /dist, /test).
2025-11-15 15:23:17,308 - UnicodeAnalyzer - INFO - -> Analizzando versione 1.1.4 (258/298)...
2025-11-15 15:23:17,309 - UnicodeAnalyzer - INFO - Filtrati 1 file (es. in /dist, /test).
2025-11-15 15:23:17,309 - UnicodeAnalyzer - INFO - -> Analizzando versione 1.1.4-rc.1 (259/298)...
2025-11-15 15:23:17,309 - UnicodeAnalyzer - INFO - Filtrati 1 file (es. in /dist, /test).
2025-11-15 15:23:17,309 - UnicodeAnalyzer - INFO - -> Analizzando versione 1.1.4-rc.10 (260/298)...
2025-11-15 15:23:17,309 - UnicodeAnalyzer - INFO - Filtrati 1 file (es. in /dist, /test).
2025-11-15 15:23:17,309 - UnicodeAnalyzer - INFO - -> Analizzando versione 1.1.4-rc.2 (261/298)...
2025-11-15 15:23:17,309 - UnicodeAnalyzer - INFO - Filtrati 1 file (es. in /dist, /test).
2025-11-15 15:23:17,309 - UnicodeAnalyzer - INFO - -> Analizzando versione 1.1.4-rc.3 (262/298)...
2025-11-15 15:23:17,310 - UnicodeAnalyzer - INFO - Filtrati 1 file (es. in /dist, /test).
2025-11-15 15:23:17,310 - UnicodeAnalyzer - INFO - -> Analizzando versione 1.1.4-rc.4 (263/298)...
2025-11-15 15:23:17,310 - UnicodeAnalyzer - INFO - Filtrati 1 file (es. in /dist, /test).
2025-11-15 15:23:17,310 - UnicodeAnalyzer - INFO - -> Analizzando versione 1.1.4-rc.5 (264/298)...
2025-11-15 15:23:17,310 - UnicodeAnalyzer - INFO - Filtrati 1 file (es. in /dist, /test).
2025-11-15 15:23:17,310 - UnicodeAnalyzer - INFO - -> Analizzando versione 1.1.4-rc.6 (265/298)...
2025-11-15 15:23:17,310 - UnicodeAnalyzer - INFO - Filtrati 1 file (es. in /dist, /test).
2025-11-15 15:23:17,310 - UnicodeAnalyzer - INFO - -> Analizzando versione 1.1.4-rc.7 (266/298)...
2025-11-15 15:23:17,311 - UnicodeAnalyzer - INFO - Filtrati 1 file (es. in /dist, /test).
2025-11-15 15:23:17,311 - UnicodeAnalyzer - INFO - -> Analizzando versione 1.1.4-rc.8 (267/298)...
2025-11-15 15:23:17,311 - UnicodeAnalyzer - INFO - Filtrati 1 file (es. in /dist, /test).
2025-11-15 15:23:17,311 - UnicodeAnalyzer - INFO - -> Analizzando versione 1.1.4-rc.9 (268/298)...
2025-11-15 15:23:17,311 - UnicodeAnalyzer - INFO - Filtrati 1 file (es. in /dist, /test).
2025-11-15 15:23:17,311 - UnicodeAnalyzer - INFO - -> Analizzando versione 1.1.5 (269/298)...
2025-11-15 15:23:17,311 - UnicodeAnalyzer - INFO - Filtrati 1 file (es. in /dist, /test).
2025-11-15 15:23:17,311 - UnicodeAnalyzer - INFO - -> Analizzando versione 1.1.5-rc.1744259191780 (270/298)...
2025-11-15 15:23:17,312 - UnicodeAnalyzer - INFO - Filtrati 1 file (es. in /dist, /test).
2025-11-15 15:23:17,312 - UnicodeAnalyzer - INFO - -> Analizzando versione 1.1.5-rc.1744259481941 (271/298)...
2025-11-15 15:23:17,312 - UnicodeAnalyzer - INFO - Filtrati 1 file (es. in /dist, /test).
2025-11-15 15:23:17,312 - UnicodeAnalyzer - INFO - -> Analizzando versione 1.1.5-rc.1744311029001 (272/298)...
2025-11-15 15:23:17,312 - UnicodeAnalyzer - INFO - Filtrati 1 file (es. in /dist, /test).
2025-11-15 15:23:17,312 - UnicodeAnalyzer - INFO - -> Analizzando versione 1.1.5-rc.1744416976900 (273/298)...
2025-11-15 15:23:17,312 - UnicodeAnalyzer - INFO - Filtrati 1 file (es. in /dist, /test).
2025-11-15 15:23:17,312 - UnicodeAnalyzer - INFO - -> Analizzando versione 1.1.5-rc.1744502104733 (274/298)...
2025-11-15 15:23:17,313 - UnicodeAnalyzer - INFO - Filtrati 1 file (es. in /dist, /test).
2025-11-15 15:23:17,313 - UnicodeAnalyzer - INFO - -> Analizzando versione 1.1.5-rc.1744518250005 (275/298)...
2025-11-15 15:23:17,313 - UnicodeAnalyzer - INFO - Filtrati 1 file (es. in /dist, /test).
2025-11-15 15:23:17,313 - UnicodeAnalyzer - INFO - -> Analizzando versione 1.1.5-rc.1744519235198 (276/298)...
2025-11-15 15:23:17,313 - UnicodeAnalyzer - INFO - Filtrati 1 file (es. in /dist, /test).
2025-11-15 15:23:17,313 - UnicodeAnalyzer - INFO - -> Analizzando versione 1.1.5-rc.1744574857111 (277/298)...
2025-11-15 15:23:17,313 - UnicodeAnalyzer - INFO - Filtrati 1 file (es. in /dist, /test).
2025-11-15 15:23:17,314 - UnicodeAnalyzer - INFO - -> Analizzando versione 1.1.5-rc.1744660991666 (278/298)...
2025-11-15 15:23:17,314 - UnicodeAnalyzer - INFO - Filtrati 1 file (es. in /dist, /test).
2025-11-15 15:23:17,314 - UnicodeAnalyzer - INFO - -> Analizzando versione 1.1.5-rc.1744661316162 (279/298)...
2025-11-15 15:23:17,314 - UnicodeAnalyzer - INFO - Filtrati 1 file (es. in /dist, /test).
2025-11-15 15:23:17,314 - UnicodeAnalyzer - INFO - -> Analizzando versione 1.1.5-rc.1744830756566 (280/298)...
2025-11-15 15:23:17,314 - UnicodeAnalyzer - INFO - Filtrati 1 file (es. in /dist, /test).
2025-11-15 15:23:17,314 - UnicodeAnalyzer - INFO - -> Analizzando versione 1.1.5-rc.1744831331200 (281/298)...
2025-11-15 15:23:17,315 - UnicodeAnalyzer - INFO - Filtrati 1 file (es. in /dist, /test).
2025-11-15 15:23:17,315 - UnicodeAnalyzer - INFO - -> Analizzando versione 1.1.5-rc.1744836032308 (282/298)...
2025-11-15 15:23:17,315 - UnicodeAnalyzer - INFO - Filtrati 1 file (es. in /dist, /test).
2025-11-15 15:23:17,315 - UnicodeAnalyzer - INFO - -> Analizzando versione 1.1.5-rc.1744897529216 (283/298)...
2025-11-15 15:23:17,315 - UnicodeAnalyzer - INFO - Filtrati 1 file (es. in /dist, /test).
2025-11-15 15:23:17,315 - UnicodeAnalyzer - INFO - -> Analizzando versione 1.1.5-rc.1744898528774 (284/298)...
2025-11-15 15:23:17,315 - UnicodeAnalyzer - INFO - Filtrati 1 file (es. in /dist, /test).
2025-11-15 15:23:17,315 - UnicodeAnalyzer - INFO - -> Analizzando versione 1.1.5-rc.1744905634543 (285/298)...
2025-11-15 15:23:17,316 - UnicodeAnalyzer - INFO - Filtrati 1 file (es. in /dist, /test).
2025-11-15 15:23:17,316 - UnicodeAnalyzer - INFO - -> Analizzando versione 1.1.5-rc.1744910682821 (286/298)...
2025-11-15 15:23:17,316 - UnicodeAnalyzer - INFO - Filtrati 1 file (es. in /dist, /test).
2025-11-15 15:23:17,316 - UnicodeAnalyzer - INFO - -> Analizzando versione 1.1.6 (287/298)...
2025-11-15 15:23:17,316 - UnicodeAnalyzer - INFO - Filtrati 1 file (es. in /dist, /test).
2025-11-15 15:23:17,316 - UnicodeAnalyzer - INFO - -> Analizzando versione 1.1.6-rc.1744998730501 (288/298)...
2025-11-15 15:23:17,316 - UnicodeAnalyzer - INFO - Filtrati 1 file (es. in /dist, /test).
2025-11-15 15:23:17,316 - UnicodeAnalyzer - INFO - -> Analizzando versione 1.1.6-rc.1744998943107 (289/298)...
2025-11-15 15:23:17,317 - UnicodeAnalyzer - INFO - Filtrati 1 file (es. in /dist, /test).
2025-11-15 15:23:17,317 - UnicodeAnalyzer - INFO - -> Analizzando versione 1.1.6-rc.1744999865452 (290/298)...
2025-11-15 15:23:17,317 - UnicodeAnalyzer - INFO - Filtrati 1 file (es. in /dist, /test).
2025-11-15 15:23:17,317 - UnicodeAnalyzer - INFO - -> Analizzando versione 1.1.7 (291/298)...
2025-11-15 15:23:17,317 - UnicodeAnalyzer - INFO - Filtrati 1 file (es. in /dist, /test).
2025-11-15 15:23:17,317 - UnicodeAnalyzer - INFO - -> Analizzando versione 1.1.7-rc.1745001912396 (292/298)...
2025-11-15 15:23:17,317 - UnicodeAnalyzer - INFO - Filtrati 1 file (es. in /dist, /test).
2025-11-15 15:23:17,317 - UnicodeAnalyzer - INFO - -> Analizzando versione 1.1.7-rc.1745002236885 (293/298)...
2025-11-15 15:23:17,318 - UnicodeAnalyzer - INFO - Filtrati 1 file (es. in /dist, /test).
2025-11-15 15:23:17,318 - UnicodeAnalyzer - INFO - -> Analizzando versione 1.1.8 (294/298)...
2025-11-15 15:23:17,318 - UnicodeAnalyzer - INFO - Filtrati 1 file (es. in /dist, /test).
2025-11-15 15:23:17,318 - UnicodeAnalyzer - INFO - -> Analizzando versione 1.1.8-rc.1745092579314 (295/298)...
2025-11-15 15:23:17,318 - UnicodeAnalyzer - INFO - Filtrati 1 file (es. in /dist, /test).
2025-11-15 15:23:17,318 - UnicodeAnalyzer - INFO - -> Analizzando versione 1.1.9 (296/298)...
2025-11-15 15:23:17,318 - UnicodeAnalyzer - INFO - Filtrati 1 file (es. in /dist, /test).
2025-11-15 15:23:17,318 - UnicodeAnalyzer - INFO - -> Analizzando versione 1.1.9-rc.1745097595920 (297/298)...
2025-11-15 15:23:17,319 - UnicodeAnalyzer - INFO - Filtrati 1 file (es. in /dist, /test).
2025-11-15 15:23:17,319 - UnicodeAnalyzer - INFO - -> Analizzando versione 1.1.9-rc.1745339201309 (298/298)...
2025-11-15 15:23:17,319 - UnicodeAnalyzer - INFO - Filtrati 1 file (es. in /dist, /test).
2025-11-15 15:23:17,319 - UnicodeAnalyzer - INFO - Esportando i risultati HUT per '@radix-ui/react-tabs' in CSV...
2025-11-15 15:23:17,320 - UnicodeAnalyzer - WARNING - Nessun file analizzato. I file CSV saranno vuoti.
2025-11-15 15:23:17,320 - NPM_HUT_Analyzer - INFO - Pulizia cartella temporanea 'temp_hut/@radix-ui_react-tabs'...
2025-11-15 15:23:17,384 - NPM_HUT_Analyzer - INFO - Pulizia completata.
