2025-11-11 17:19:12,765 - NPM_HUT_Analyzer - INFO - Recupero metadata per 'string.prototype.trimstart'...
2025-11-11 17:19:12,894 - NPM_HUT_Analyzer - INFO - Trovate 11 versioni. Inizio download in 'temp_hut/string.prototype.trimstart'...
2025-11-11 17:19:16,559 - UnicodeAnalyzer - INFO - Analizzando 11 versioni per '*.js' in 'string.prototype.trimstart'.
2025-11-11 17:19:16,560 - UnicodeAnalyzer - INFO - -> Analizzando versione 0.0.1 (1/11)...
2025-11-11 17:19:16,560 - UnicodeAnalyzer - INFO - -> Analizzando versione 0.1.0 (2/11)...
2025-11-11 17:19:16,561 - UnicodeAnalyzer - INFO - -> Analizzando versione 1.0.0 (3/11)...
2025-11-11 17:19:16,562 - UnicodeAnalyzer - INFO - Filtrati 3 file (es. in /dist, /test).
2025-11-11 17:19:16,637 - UnicodeAnalyzer - INFO - -> Analizzando versione 1.0.1 (4/11)...
2025-11-11 17:19:16,637 - UnicodeAnalyzer - INFO - Filtrati 3 file (es. in /dist, /test).
2025-11-11 17:19:16,699 - UnicodeAnalyzer - INFO - -> Analizzando versione 1.0.2 (5/11)...
2025-11-11 17:19:16,700 - UnicodeAnalyzer - INFO - Filtrati 3 file (es. in /dist, /test).
2025-11-11 17:19:16,762 - UnicodeAnalyzer - INFO - -> Analizzando versione 1.0.3 (6/11)...
2025-11-11 17:19:16,762 - UnicodeAnalyzer - INFO - Filtrati 4 file (es. in /dist, /test).
2025-11-11 17:19:16,828 - UnicodeAnalyzer - INFO - -> Analizzando versione 1.0.4 (7/11)...
2025-11-11 17:19:16,828 - UnicodeAnalyzer - INFO - Filtrati 4 file (es. in /dist, /test).
2025-11-11 17:19:16,896 - UnicodeAnalyzer - INFO - -> Analizzando versione 1.0.5 (8/11)...
2025-11-11 17:19:16,897 - UnicodeAnalyzer - INFO - Filtrati 4 file (es. in /dist, /test).
2025-11-11 17:19:16,964 - UnicodeAnalyzer - INFO - -> Analizzando versione 1.0.6 (9/11)...
2025-11-11 17:19:16,964 - UnicodeAnalyzer - INFO - Filtrati 4 file (es. in /dist, /test).
2025-11-11 17:19:17,033 - UnicodeAnalyzer - INFO - -> Analizzando versione 1.0.7 (10/11)...
2025-11-11 17:19:17,033 - UnicodeAnalyzer - INFO - Filtrati 4 file (es. in /dist, /test).
2025-11-11 17:19:17,101 - UnicodeAnalyzer - INFO - -> Analizzando versione 1.0.8 (11/11)...
2025-11-11 17:19:17,101 - UnicodeAnalyzer - INFO - Filtrati 4 file (es. in /dist, /test).
2025-11-11 17:19:17,172 - UnicodeAnalyzer - INFO - Esportando i risultati HUT per 'string.prototype.trimstart' in CSV...
2025-11-11 17:19:17,190 - UnicodeAnalyzer - INFO - Report salvati in: /app/npm_hut_results/string.prototype.trimstart
2025-11-11 17:19:17,191 - NPM_HUT_Analyzer - INFO - Pulizia cartella temporanea 'temp_hut/string.prototype.trimstart'...
2025-11-11 17:19:17,194 - NPM_HUT_Analyzer - INFO - Pulizia completata.
