2025-11-11 05:58:23,219 - NPM_HUT_Analyzer - INFO - Recupero metadata per 'fast-glob'...
2025-11-11 05:58:23,328 - NPM_HUT_Analyzer - INFO - Trovate 44 versioni. Inizio download in 'temp_hut/fast-glob'...
2025-11-11 05:58:43,766 - UnicodeAnalyzer - INFO - Analizzando 44 versioni per '*.js' in 'fast-glob'.
2025-11-11 05:58:43,766 - UnicodeAnalyzer - INFO - -> Analizzando versione 1.0.0 (1/44)...
2025-11-11 05:58:43,840 - UnicodeAnalyzer - INFO - -> Analizzando versione 1.0.1 (2/44)...
2025-11-11 05:58:43,886 - UnicodeAnalyzer - INFO - -> Analizzando versione 2.0.0 (3/44)...
2025-11-11 05:58:43,938 - UnicodeAnalyzer - INFO - -> Analizzando versione 2.0.1 (4/44)...
2025-11-11 05:58:43,989 - UnicodeAnalyzer - INFO - -> Analizzando versione 2.0.2 (5/44)...
2025-11-11 05:58:44,042 - UnicodeAnalyzer - INFO - -> Analizzando versione 2.0.3 (6/44)...
2025-11-11 05:58:44,096 - UnicodeAnalyzer - INFO - -> Analizzando versione 2.0.4 (7/44)...
2025-11-11 05:58:44,148 - UnicodeAnalyzer - INFO - -> Analizzando versione 2.1.0 (8/44)...
2025-11-11 05:58:44,201 - UnicodeAnalyzer - INFO - -> Analizzando versione 2.2.0 (9/44)...
2025-11-11 05:58:44,253 - UnicodeAnalyzer - INFO - -> Analizzando versione 2.2.1 (10/44)...
2025-11-11 05:58:44,306 - UnicodeAnalyzer - INFO - -> Analizzando versione 2.2.2 (11/44)...
2025-11-11 05:58:44,357 - UnicodeAnalyzer - INFO - -> Analizzando versione 2.2.3 (12/44)...
2025-11-11 05:58:44,410 - UnicodeAnalyzer - INFO - -> Analizzando versione 2.2.4 (13/44)...
2025-11-11 05:58:44,461 - UnicodeAnalyzer - INFO - -> Analizzando versione 2.2.5 (14/44)...
2025-11-11 05:58:44,514 - UnicodeAnalyzer - INFO - -> Analizzando versione 2.2.6 (15/44)...
2025-11-11 05:58:44,566 - UnicodeAnalyzer - INFO - -> Analizzando versione 2.2.7 (16/44)...
2025-11-11 05:58:44,624 - UnicodeAnalyzer - INFO - -> Analizzando versione 3.0.0 (17/44)...
2025-11-11 05:58:44,678 - UnicodeAnalyzer - INFO - -> Analizzando versione 3.0.1 (18/44)...
2025-11-11 05:58:44,732 - UnicodeAnalyzer - INFO - -> Analizzando versione 3.0.2 (19/44)...
2025-11-11 05:58:44,786 - UnicodeAnalyzer - INFO - -> Analizzando versione 3.0.3 (20/44)...
2025-11-11 05:58:44,840 - UnicodeAnalyzer - INFO - -> Analizzando versione 3.0.4 (21/44)...
2025-11-11 05:58:44,893 - UnicodeAnalyzer - INFO - -> Analizzando versione 3.1.0 (22/44)...
2025-11-11 05:58:44,948 - UnicodeAnalyzer - INFO - -> Analizzando versione 3.1.1 (23/44)...
2025-11-11 05:58:45,004 - UnicodeAnalyzer - INFO - -> Analizzando versione 3.2.0 (24/44)...
2025-11-11 05:58:45,060 - UnicodeAnalyzer - INFO - -> Analizzando versione 3.2.0-beta (25/44)...
2025-11-11 05:58:45,114 - UnicodeAnalyzer - INFO - -> Analizzando versione 3.2.0-beta.2 (26/44)...
2025-11-11 05:58:45,168 - UnicodeAnalyzer - INFO - -> Analizzando versione 3.2.1 (27/44)...
2025-11-11 05:58:45,222 - UnicodeAnalyzer - INFO - -> Analizzando versione 3.2.1-beta.0 (28/44)...
2025-11-11 05:58:45,277 - UnicodeAnalyzer - INFO - -> Analizzando versione 3.2.1-beta.1 (29/44)...
2025-11-11 05:58:45,332 - UnicodeAnalyzer - INFO - -> Analizzando versione 3.2.10 (30/44)...
2025-11-11 05:58:45,385 - UnicodeAnalyzer - INFO - -> Analizzando versione 3.2.11 (31/44)...
2025-11-11 05:58:45,440 - UnicodeAnalyzer - INFO - -> Analizzando versione 3.2.12 (32/44)...
2025-11-11 05:58:45,498 - UnicodeAnalyzer - INFO - -> Analizzando versione 3.2.2 (33/44)...
2025-11-11 05:58:45,551 - UnicodeAnalyzer - INFO - -> Analizzando versione 3.2.3 (34/44)...
2025-11-11 05:58:45,607 - UnicodeAnalyzer - INFO - -> Analizzando versione 3.2.4 (35/44)...
2025-11-11 05:58:45,661 - UnicodeAnalyzer - INFO - -> Analizzando versione 3.2.5 (36/44)...
2025-11-11 05:58:45,717 - UnicodeAnalyzer - INFO - -> Analizzando versione 3.2.6 (37/44)...
2025-11-11 05:58:45,771 - UnicodeAnalyzer - INFO - -> Analizzando versione 3.2.7 (38/44)...
2025-11-11 05:58:45,827 - UnicodeAnalyzer - INFO - -> Analizzando versione 3.2.8 (39/44)...
2025-11-11 05:58:45,881 - UnicodeAnalyzer - INFO - -> Analizzando versione 3.2.9 (40/44)...
2025-11-11 05:58:45,935 - UnicodeAnalyzer - INFO - -> Analizzando versione 3.3.0 (41/44)...
2025-11-11 05:58:45,998 - UnicodeAnalyzer - INFO - -> Analizzando versione 3.3.1 (42/44)...
2025-11-11 05:58:46,057 - UnicodeAnalyzer - INFO - -> Analizzando versione 3.3.2 (43/44)...
2025-11-11 05:58:46,110 - UnicodeAnalyzer - INFO - -> Analizzando versione 3.3.3 (44/44)...
2025-11-11 05:58:46,165 - UnicodeAnalyzer - INFO - Esportando i risultati HUT per 'fast-glob' in CSV...
2025-11-11 05:58:46,239 - UnicodeAnalyzer - INFO - Report salvati in: /app/npm_hut_results/fast-glob
2025-11-11 05:58:46,239 - NPM_HUT_Analyzer - INFO - Pulizia cartella temporanea 'temp_hut/fast-glob'...
2025-11-11 05:58:46,288 - NPM_HUT_Analyzer - INFO - Pulizia completata.
