2025-11-07 11:24:57,537 - NPM_Analyzer - INFO - Fetching metadata for 'web3-eth-abi'...
2025-11-07 11:24:58,314 - NPM_Analyzer - INFO - Found 515 versions. Starting download into 'temp/web3-eth-abi'...
2025-11-07 11:33:12,643 - BlankSpaceAnalyzer - INFO - Analyzing 515 versions for '*.js' in 'web3-eth-abi'.
2025-11-07 11:33:12,644 - BlankSpaceAnalyzer - INFO - -> Analyzing version 1.0.0 (1/515)...
2025-11-07 11:33:12,645 - BlankSpaceAnalyzer - INFO - -> Analyzing version 1.0.0-beta.10 (2/515)...
2025-11-07 11:33:12,698 - BlankSpaceAnalyzer - INFO - -> Analyzing version 1.0.0-beta.11 (3/515)...
2025-11-07 11:33:12,740 - BlankSpaceAnalyzer - INFO - -> Analyzing version 1.0.0-beta.12 (4/515)...
2025-11-07 11:33:12,786 - BlankSpaceAnalyzer - INFO - -> Analyzing version 1.0.0-beta.13 (5/515)...
2025-11-07 11:33:12,834 - BlankSpaceAnalyzer - INFO - -> Analyzing version 1.0.0-beta.14 (6/515)...
2025-11-07 11:33:12,886 - BlankSpaceAnalyzer - INFO - -> Analyzing version 1.0.0-beta.15 (7/515)...
2025-11-07 11:33:12,933 - BlankSpaceAnalyzer - INFO - -> Analyzing version 1.0.0-beta.16 (8/515)...
2025-11-07 11:33:12,980 - BlankSpaceAnalyzer - INFO - -> Analyzing version 1.0.0-beta.17 (9/515)...
2025-11-07 11:33:13,027 - BlankSpaceAnalyzer - INFO - -> Analyzing version 1.0.0-beta.18 (10/515)...
2025-11-07 11:33:13,073 - BlankSpaceAnalyzer - INFO - -> Analyzing version 1.0.0-beta.19 (11/515)...
2025-11-07 11:33:13,119 - BlankSpaceAnalyzer - INFO - -> Analyzing version 1.0.0-beta.20 (12/515)...
2025-11-07 11:33:13,165 - BlankSpaceAnalyzer - INFO - -> Analyzing version 1.0.0-beta.21 (13/515)...
2025-11-07 11:33:13,212 - BlankSpaceAnalyzer - INFO - -> Analyzing version 1.0.0-beta.22 (14/515)...
2025-11-07 11:33:13,258 - BlankSpaceAnalyzer - INFO - -> Analyzing version 1.0.0-beta.23 (15/515)...
2025-11-07 11:33:13,305 - BlankSpaceAnalyzer - INFO - -> Analyzing version 1.0.0-beta.24 (16/515)...
2025-11-07 11:33:13,352 - BlankSpaceAnalyzer - INFO - -> Analyzing version 1.0.0-beta.25 (17/515)...
2025-11-07 11:33:13,399 - BlankSpaceAnalyzer - INFO - -> Analyzing version 1.0.0-beta.26 (18/515)...
2025-11-07 11:33:13,445 - BlankSpaceAnalyzer - INFO - -> Analyzing version 1.0.0-beta.27 (19/515)...
2025-11-07 11:33:13,492 - BlankSpaceAnalyzer - INFO - -> Analyzing version 1.0.0-beta.28 (20/515)...
2025-11-07 11:33:13,540 - BlankSpaceAnalyzer - INFO - -> Analyzing version 1.0.0-beta.29 (21/515)...
2025-11-07 11:33:13,585 - BlankSpaceAnalyzer - INFO - -> Analyzing version 1.0.0-beta.30 (22/515)...
2025-11-07 11:33:13,631 - BlankSpaceAnalyzer - INFO - -> Analyzing version 1.0.0-beta.31 (23/515)...
2025-11-07 11:33:13,678 - BlankSpaceAnalyzer - INFO - -> Analyzing version 1.0.0-beta.32 (24/515)...
2025-11-07 11:33:13,727 - BlankSpaceAnalyzer - INFO - -> Analyzing version 1.0.0-beta.33 (25/515)...
2025-11-07 11:33:13,775 - BlankSpaceAnalyzer - INFO - -> Analyzing version 1.0.0-beta.34 (26/515)...
2025-11-07 11:33:13,821 - BlankSpaceAnalyzer - INFO - -> Analyzing version 1.0.0-beta.35 (27/515)...
2025-11-07 11:33:13,871 - BlankSpaceAnalyzer - INFO - -> Analyzing version 1.0.0-beta.36 (28/515)...
2025-11-07 11:33:13,871 - BlankSpaceAnalyzer - INFO - -> Analyzing version 1.0.0-beta.37 (29/515)...
2025-11-07 11:33:13,872 - BlankSpaceAnalyzer - INFO - -> Analyzing version 1.0.0-beta.38 (30/515)...
2025-11-07 11:33:13,917 - BlankSpaceAnalyzer - INFO - -> Analyzing version 1.0.0-beta.39 (31/515)...
2025-11-07 11:33:13,963 - BlankSpaceAnalyzer - INFO - -> Analyzing version 1.0.0-beta.40 (32/515)...
2025-11-07 11:33:14,010 - BlankSpaceAnalyzer - INFO - -> Analyzing version 1.0.0-beta.41 (33/515)...
2025-11-07 11:33:14,056 - BlankSpaceAnalyzer - INFO - -> Analyzing version 1.0.0-beta.42 (34/515)...
2025-11-07 11:33:14,102 - BlankSpaceAnalyzer - INFO - -> Analyzing version 1.0.0-beta.43 (35/515)...
2025-11-07 11:33:14,147 - BlankSpaceAnalyzer - INFO - -> Analyzing version 1.0.0-beta.44 (36/515)...
2025-11-07 11:33:14,193 - BlankSpaceAnalyzer - INFO - -> Analyzing version 1.0.0-beta.45 (37/515)...
2025-11-07 11:33:14,239 - BlankSpaceAnalyzer - INFO - -> Analyzing version 1.0.0-beta.46 (38/515)...
2025-11-07 11:33:14,285 - BlankSpaceAnalyzer - INFO - -> Analyzing version 1.0.0-beta.47 (39/515)...
2025-11-07 11:33:14,330 - BlankSpaceAnalyzer - INFO - -> Analyzing version 1.0.0-beta.48 (40/515)...
2025-11-07 11:33:14,376 - BlankSpaceAnalyzer - INFO - -> Analyzing version 1.0.0-beta.49 (41/515)...
2025-11-07 11:33:14,422 - BlankSpaceAnalyzer - INFO - -> Analyzing version 1.0.0-beta.50 (42/515)...
2025-11-07 11:33:14,468 - BlankSpaceAnalyzer - INFO - -> Analyzing version 1.0.0-beta.51 (43/515)...
2025-11-07 11:33:14,513 - BlankSpaceAnalyzer - INFO - -> Analyzing version 1.0.0-beta.52 (44/515)...
2025-11-07 11:33:14,559 - BlankSpaceAnalyzer - INFO - -> Analyzing version 1.0.0-beta.53 (45/515)...
2025-11-07 11:33:14,604 - BlankSpaceAnalyzer - INFO - -> Analyzing version 1.0.0-beta.54 (46/515)...
2025-11-07 11:33:14,649 - BlankSpaceAnalyzer - INFO - -> Analyzing version 1.0.0-beta.55 (47/515)...
2025-11-07 11:33:14,695 - BlankSpaceAnalyzer - INFO - -> Analyzing version 1.0.0-beta.8 (48/515)...
2025-11-07 11:33:14,741 - BlankSpaceAnalyzer - INFO - -> Analyzing version 1.0.0-beta.9 (49/515)...
2025-11-07 11:33:14,788 - BlankSpaceAnalyzer - INFO - -> Analyzing version 1.10.0 (50/515)...
2025-11-07 11:33:14,837 - BlankSpaceAnalyzer - INFO - -> Analyzing version 1.10.0-rc.0 (51/515)...
2025-11-07 11:33:14,882 - BlankSpaceAnalyzer - INFO - -> Analyzing version 1.10.1 (52/515)...
2025-11-07 11:33:14,927 - BlankSpaceAnalyzer - INFO - -> Analyzing version 1.10.1-rc.0 (53/515)...
2025-11-07 11:33:14,973 - BlankSpaceAnalyzer - INFO - -> Analyzing version 1.10.2 (54/515)...
2025-11-07 11:33:15,020 - BlankSpaceAnalyzer - INFO - -> Analyzing version 1.10.3 (55/515)...
2025-11-07 11:33:15,066 - BlankSpaceAnalyzer - INFO - -> Analyzing version 1.10.3-dev.0 (56/515)...
2025-11-07 11:33:15,111 - BlankSpaceAnalyzer - INFO - -> Analyzing version 1.10.4 (57/515)...
2025-11-07 11:33:15,156 - BlankSpaceAnalyzer - INFO - -> Analyzing version 1.10.4-dev.0 (58/515)...
2025-11-07 11:33:15,201 - BlankSpaceAnalyzer - INFO - -> Analyzing version 1.2.0 (59/515)...
2025-11-07 11:33:15,202 - BlankSpaceAnalyzer - INFO - -> Analyzing version 1.2.1 (60/515)...
2025-11-07 11:33:15,202 - BlankSpaceAnalyzer - INFO - -> Analyzing version 1.2.10 (61/515)...
2025-11-07 11:33:15,203 - BlankSpaceAnalyzer - INFO - -> Analyzing version 1.2.10-rc.0 (62/515)...
2025-11-07 11:33:15,203 - BlankSpaceAnalyzer - INFO - -> Analyzing version 1.2.11 (63/515)...
2025-11-07 11:33:15,204 - BlankSpaceAnalyzer - INFO - -> Analyzing version 1.2.2 (64/515)...
2025-11-07 11:33:15,204 - BlankSpaceAnalyzer - INFO - -> Analyzing version 1.2.3 (65/515)...
2025-11-07 11:33:15,205 - BlankSpaceAnalyzer - INFO - -> Analyzing version 1.2.4 (66/515)...
2025-11-07 11:33:15,205 - BlankSpaceAnalyzer - INFO - -> Analyzing version 1.2.5 (67/515)...
2025-11-07 11:33:15,205 - BlankSpaceAnalyzer - INFO - -> Analyzing version 1.2.5-rc.0 (68/515)...
2025-11-07 11:33:15,206 - BlankSpaceAnalyzer - INFO - -> Analyzing version 1.2.6 (69/515)...
2025-11-07 11:33:15,206 - BlankSpaceAnalyzer - INFO - -> Analyzing version 1.2.7 (70/515)...
2025-11-07 11:33:15,206 - BlankSpaceAnalyzer - INFO - -> Analyzing version 1.2.7-rc.0 (71/515)...
2025-11-07 11:33:15,207 - BlankSpaceAnalyzer - INFO - -> Analyzing version 1.2.8 (72/515)...
2025-11-07 11:33:15,207 - BlankSpaceAnalyzer - INFO - -> Analyzing version 1.2.8-rc.0 (73/515)...
2025-11-07 11:33:15,208 - BlankSpaceAnalyzer - INFO - -> Analyzing version 1.2.8-rc.1 (74/515)...
2025-11-07 11:33:15,208 - BlankSpaceAnalyzer - INFO - -> Analyzing version 1.2.9 (75/515)...
2025-11-07 11:33:15,209 - BlankSpaceAnalyzer - INFO - -> Analyzing version 1.2.9-rc.0 (76/515)...
2025-11-07 11:33:15,209 - BlankSpaceAnalyzer - INFO - -> Analyzing version 1.3.0 (77/515)...
2025-11-07 11:33:15,255 - BlankSpaceAnalyzer - INFO - -> Analyzing version 1.3.0-rc.0 (78/515)...
2025-11-07 11:33:15,301 - BlankSpaceAnalyzer - INFO - -> Analyzing version 1.3.1 (79/515)...
2025-11-07 11:33:15,347 - BlankSpaceAnalyzer - INFO - -> Analyzing version 1.3.2 (80/515)...
2025-11-07 11:33:15,392 - BlankSpaceAnalyzer - INFO - -> Analyzing version 1.3.2-rc.2 (81/515)...
2025-11-07 11:33:15,440 - BlankSpaceAnalyzer - INFO - -> Analyzing version 1.3.3 (82/515)...
2025-11-07 11:33:15,485 - BlankSpaceAnalyzer - INFO - -> Analyzing version 1.3.4 (83/515)...
2025-11-07 11:33:15,530 - BlankSpaceAnalyzer - INFO - -> Analyzing version 1.3.4-rc.1 (84/515)...
2025-11-07 11:33:15,576 - BlankSpaceAnalyzer - INFO - -> Analyzing version 1.3.4-rc.2 (85/515)...
2025-11-07 11:33:15,622 - BlankSpaceAnalyzer - INFO - -> Analyzing version 1.3.5 (86/515)...
2025-11-07 11:33:15,668 - BlankSpaceAnalyzer - INFO - -> Analyzing version 1.3.5-rc.0 (87/515)...
2025-11-07 11:33:15,714 - BlankSpaceAnalyzer - INFO - -> Analyzing version 1.3.6 (88/515)...
2025-11-07 11:33:15,759 - BlankSpaceAnalyzer - INFO - -> Analyzing version 1.3.6-rc.1 (89/515)...
2025-11-07 11:33:15,805 - BlankSpaceAnalyzer - INFO - -> Analyzing version 1.3.6-rc.2 (90/515)...
2025-11-07 11:33:15,850 - BlankSpaceAnalyzer - INFO - -> Analyzing version 1.4.0 (91/515)...
2025-11-07 11:33:15,896 - BlankSpaceAnalyzer - INFO - -> Analyzing version 1.4.0-rc.0 (92/515)...
2025-11-07 11:33:15,942 - BlankSpaceAnalyzer - INFO - -> Analyzing version 1.5.0 (93/515)...
2025-11-07 11:33:15,987 - BlankSpaceAnalyzer - INFO - -> Analyzing version 1.5.0-rc.0 (94/515)...
2025-11-07 11:33:16,034 - BlankSpaceAnalyzer - INFO - -> Analyzing version 1.5.0-rc.1 (95/515)...
2025-11-07 11:33:16,079 - BlankSpaceAnalyzer - INFO - -> Analyzing version 1.5.1 (96/515)...
2025-11-07 11:33:16,126 - BlankSpaceAnalyzer - INFO - -> Analyzing version 1.5.1-rc.0 (97/515)...
2025-11-07 11:33:16,171 - BlankSpaceAnalyzer - INFO - -> Analyzing version 1.5.1-rc.1 (98/515)...
2025-11-07 11:33:16,218 - BlankSpaceAnalyzer - INFO - -> Analyzing version 1.5.2 (99/515)...
2025-11-07 11:33:16,264 - BlankSpaceAnalyzer - INFO - -> Analyzing version 1.5.2-rc.0 (100/515)...
2025-11-07 11:33:16,309 - BlankSpaceAnalyzer - INFO - -> Analyzing version 1.5.3 (101/515)...
2025-11-07 11:33:16,354 - BlankSpaceAnalyzer - INFO - -> Analyzing version 1.5.3-rc.0 (102/515)...
2025-11-07 11:33:16,400 - BlankSpaceAnalyzer - INFO - -> Analyzing version 1.6.0 (103/515)...
2025-11-07 11:33:16,446 - BlankSpaceAnalyzer - INFO - -> Analyzing version 1.6.0-rc.0 (104/515)...
2025-11-07 11:33:16,489 - BlankSpaceAnalyzer - INFO - -> Analyzing version 1.6.1 (105/515)...
2025-11-07 11:33:16,530 - BlankSpaceAnalyzer - INFO - -> Analyzing version 1.6.1-rc.0 (106/515)...
2025-11-07 11:33:16,575 - BlankSpaceAnalyzer - INFO - -> Analyzing version 1.6.1-rc.2 (107/515)...
2025-11-07 11:33:16,621 - BlankSpaceAnalyzer - INFO - -> Analyzing version 1.6.1-rc.3 (108/515)...
2025-11-07 11:33:16,667 - BlankSpaceAnalyzer - INFO - -> Analyzing version 1.7.0 (109/515)...
2025-11-07 11:33:16,712 - BlankSpaceAnalyzer - INFO - -> Analyzing version 1.7.0-rc.0 (110/515)...
2025-11-07 11:33:16,758 - BlankSpaceAnalyzer - INFO - -> Analyzing version 1.7.1 (111/515)...
2025-11-07 11:33:16,803 - BlankSpaceAnalyzer - INFO - -> Analyzing version 1.7.1-rc.0 (112/515)...
2025-11-07 11:33:16,849 - BlankSpaceAnalyzer - INFO - -> Analyzing version 1.7.2 (113/515)...
2025-11-07 11:33:16,849 - BlankSpaceAnalyzer - INFO - -> Analyzing version 1.7.2-rc.0 (114/515)...
2025-11-07 11:33:16,896 - BlankSpaceAnalyzer - INFO - -> Analyzing version 1.7.3 (115/515)...
2025-11-07 11:33:16,941 - BlankSpaceAnalyzer - INFO - -> Analyzing version 1.7.3-rc.0 (116/515)...
2025-11-07 11:33:16,987 - BlankSpaceAnalyzer - INFO - -> Analyzing version 1.7.4 (117/515)...
2025-11-07 11:33:17,033 - BlankSpaceAnalyzer - INFO - -> Analyzing version 1.7.4-rc.0 (118/515)...
2025-11-07 11:33:17,079 - BlankSpaceAnalyzer - INFO - -> Analyzing version 1.7.4-rc.1 (119/515)...
2025-11-07 11:33:17,124 - BlankSpaceAnalyzer - INFO - -> Analyzing version 1.7.4-rc.2 (120/515)...
2025-11-07 11:33:17,170 - BlankSpaceAnalyzer - INFO - -> Analyzing version 1.7.5 (121/515)...
2025-11-07 11:33:17,216 - BlankSpaceAnalyzer - INFO - -> Analyzing version 1.7.5-rc.0 (122/515)...
2025-11-07 11:33:17,261 - BlankSpaceAnalyzer - INFO - -> Analyzing version 1.7.5-rc.1 (123/515)...
2025-11-07 11:33:17,307 - BlankSpaceAnalyzer - INFO - -> Analyzing version 1.8.0 (124/515)...
2025-11-07 11:33:17,353 - BlankSpaceAnalyzer - INFO - -> Analyzing version 1.8.0-rc.0 (125/515)...
2025-11-07 11:33:17,399 - BlankSpaceAnalyzer - INFO - -> Analyzing version 1.8.1 (126/515)...
2025-11-07 11:33:17,444 - BlankSpaceAnalyzer - INFO - -> Analyzing version 1.8.1-rc.0 (127/515)...
2025-11-07 11:33:17,489 - BlankSpaceAnalyzer - INFO - -> Analyzing version 1.8.2 (128/515)...
2025-11-07 11:33:17,535 - BlankSpaceAnalyzer - INFO - -> Analyzing version 1.8.2-rc.0 (129/515)...
2025-11-07 11:33:17,581 - BlankSpaceAnalyzer - INFO - -> Analyzing version 1.9.0 (130/515)...
2025-11-07 11:33:17,627 - BlankSpaceAnalyzer - INFO - -> Analyzing version 1.9.0-rc.0 (131/515)...
2025-11-07 11:33:17,675 - BlankSpaceAnalyzer - INFO - -> Analyzing version 2.0.0-alpha (132/515)...
2025-11-07 11:33:17,721 - BlankSpaceAnalyzer - INFO - -> Analyzing version 2.0.0-alpha.1 (133/515)...
2025-11-07 11:33:17,767 - BlankSpaceAnalyzer - INFO - -> Analyzing version 3.0.0-rc.0 (134/515)...
2025-11-07 11:33:17,813 - BlankSpaceAnalyzer - INFO - -> Analyzing version 3.0.0-rc.1 (135/515)...
2025-11-07 11:33:17,814 - BlankSpaceAnalyzer - INFO - -> Analyzing version 3.0.0-rc.4 (136/515)...
2025-11-07 11:33:17,859 - BlankSpaceAnalyzer - INFO - -> Analyzing version 3.0.0-rc.5 (137/515)...
2025-11-07 11:33:17,904 - BlankSpaceAnalyzer - INFO - -> Analyzing version 4.0.0-alpha.0 (138/515)...
2025-11-07 11:33:17,950 - BlankSpaceAnalyzer - INFO - -> Analyzing version 4.0.1 (139/515)...
2025-11-07 11:33:17,997 - BlankSpaceAnalyzer - INFO - -> Analyzing version 4.0.1-alpha.0 (140/515)...
2025-11-07 11:33:18,044 - BlankSpaceAnalyzer - INFO - -> Analyzing version 4.0.1-alpha.1 (141/515)...
2025-11-07 11:33:18,091 - BlankSpaceAnalyzer - INFO - -> Analyzing version 4.0.1-alpha.2 (142/515)...
2025-11-07 11:33:18,137 - BlankSpaceAnalyzer - INFO - -> Analyzing version 4.0.1-alpha.3 (143/515)...
2025-11-07 11:33:18,184 - BlankSpaceAnalyzer - INFO - -> Analyzing version 4.0.1-alpha.4 (144/515)...
2025-11-07 11:33:18,230 - BlankSpaceAnalyzer - INFO - -> Analyzing version 4.0.1-alpha.5 (145/515)...
2025-11-07 11:33:18,276 - BlankSpaceAnalyzer - INFO - -> Analyzing version 4.0.1-rc.0 (146/515)...
2025-11-07 11:33:18,322 - BlankSpaceAnalyzer - INFO - -> Analyzing version 4.0.1-rc.1 (147/515)...
2025-11-07 11:33:18,370 - BlankSpaceAnalyzer - INFO - -> Analyzing version 4.0.1-rc.2 (148/515)...
2025-11-07 11:33:18,417 - BlankSpaceAnalyzer - INFO - -> Analyzing version 4.0.2 (149/515)...
2025-11-07 11:33:18,465 - BlankSpaceAnalyzer - INFO - -> Analyzing version 4.0.2-dev.023f02d.0 (150/515)...
2025-11-07 11:33:18,512 - BlankSpaceAnalyzer - INFO - -> Analyzing version 4.0.2-dev.2130d22.0 (151/515)...
2025-11-07 11:33:18,560 - BlankSpaceAnalyzer - INFO - -> Analyzing version 4.0.2-dev.3f49e18.0 (152/515)...
2025-11-07 11:33:18,609 - BlankSpaceAnalyzer - INFO - -> Analyzing version 4.0.2-dev.51a59f9.0 (153/515)...
2025-11-07 11:33:18,657 - BlankSpaceAnalyzer - INFO - -> Analyzing version 4.0.2-dev.60b8ba9.0 (154/515)...
2025-11-07 11:33:18,705 - BlankSpaceAnalyzer - INFO - -> Analyzing version 4.0.2-dev.a2a232f.0 (155/515)...
2025-11-07 11:33:18,753 - BlankSpaceAnalyzer - INFO - -> Analyzing version 4.0.2-dev.ab0f4cb.0 (156/515)...
2025-11-07 11:33:18,801 - BlankSpaceAnalyzer - INFO - -> Analyzing version 4.0.2-dev.af57eae.0 (157/515)...
2025-11-07 11:33:18,852 - BlankSpaceAnalyzer - INFO - -> Analyzing version 4.0.2-dev.e8d579c.0 (158/515)...
2025-11-07 11:33:18,899 - BlankSpaceAnalyzer - INFO - -> Analyzing version 4.0.2-dev.f8a2533.0 (159/515)...
2025-11-07 11:33:18,948 - BlankSpaceAnalyzer - INFO - -> Analyzing version 4.0.3 (160/515)...
2025-11-07 11:33:18,995 - BlankSpaceAnalyzer - INFO - -> Analyzing version 4.0.3-dev.602dada.0 (161/515)...
2025-11-07 11:33:19,043 - BlankSpaceAnalyzer - INFO - -> Analyzing version 4.0.3-dev.a26a888.0 (162/515)...
2025-11-07 11:33:19,092 - BlankSpaceAnalyzer - INFO - -> Analyzing version 4.0.3-dev.d12dc7e.0 (163/515)...
2025-11-07 11:33:19,139 - BlankSpaceAnalyzer - INFO - -> Analyzing version 4.0.4-dev.0e5c53c.0 (164/515)...
2025-11-07 11:33:19,187 - BlankSpaceAnalyzer - INFO - -> Analyzing version 4.0.4-dev.0ee9bb4.0 (165/515)...
2025-11-07 11:33:19,236 - BlankSpaceAnalyzer - INFO - -> Analyzing version 4.0.4-dev.1361787.0 (166/515)...
2025-11-07 11:33:19,284 - BlankSpaceAnalyzer - INFO - -> Analyzing version 4.0.4-dev.4310419.0 (167/515)...
2025-11-07 11:33:19,332 - BlankSpaceAnalyzer - INFO - -> Analyzing version 4.0.4-dev.51bc03d.0 (168/515)...
2025-11-07 11:33:19,380 - BlankSpaceAnalyzer - INFO - -> Analyzing version 4.0.4-dev.51d087e.0 (169/515)...
2025-11-07 11:33:19,427 - BlankSpaceAnalyzer - INFO - -> Analyzing version 4.0.4-dev.6da17e1.0 (170/515)...
2025-11-07 11:33:19,475 - BlankSpaceAnalyzer - INFO - -> Analyzing version 4.0.4-dev.7d0a91d.0 (171/515)...
2025-11-07 11:33:19,523 - BlankSpaceAnalyzer - INFO - -> Analyzing version 4.0.4-dev.8958413.0 (172/515)...
2025-11-07 11:33:19,570 - BlankSpaceAnalyzer - INFO - -> Analyzing version 4.0.4-dev.933ef51.0 (173/515)...
2025-11-07 11:33:19,618 - BlankSpaceAnalyzer - INFO - -> Analyzing version 4.0.4-dev.ad377d1.0 (174/515)...
2025-11-07 11:33:19,666 - BlankSpaceAnalyzer - INFO - -> Analyzing version 4.0.4-dev.b771112.0 (175/515)...
2025-11-07 11:33:19,714 - BlankSpaceAnalyzer - INFO - -> Analyzing version 4.0.4-dev.b93934a.0 (176/515)...
2025-11-07 11:33:19,762 - BlankSpaceAnalyzer - INFO - -> Analyzing version 4.0.4-dev.e143157.0 (177/515)...
2025-11-07 11:33:19,811 - BlankSpaceAnalyzer - INFO - -> Analyzing version 4.0.4-dev.ebd0c57.0 (178/515)...
2025-11-07 11:33:19,859 - BlankSpaceAnalyzer - INFO - -> Analyzing version 4.0.4-dev.ed2770c.0 (179/515)...
2025-11-07 11:33:19,908 - BlankSpaceAnalyzer - INFO - -> Analyzing version 4.0.4-dev.f5b4d7d.0 (180/515)...
2025-11-07 11:33:19,956 - BlankSpaceAnalyzer - INFO - -> Analyzing version 4.1.0 (181/515)...
2025-11-07 11:33:20,004 - BlankSpaceAnalyzer - INFO - -> Analyzing version 4.1.0-rc.0 (182/515)...
2025-11-07 11:33:20,053 - BlankSpaceAnalyzer - INFO - -> Analyzing version 4.1.1 (183/515)...
2025-11-07 11:33:20,101 - BlankSpaceAnalyzer - INFO - -> Analyzing version 4.1.1-dev.1cdc86c.0 (184/515)...
2025-11-07 11:33:20,148 - BlankSpaceAnalyzer - INFO - -> Analyzing version 4.1.1-dev.622174c.0 (185/515)...
2025-11-07 11:33:20,197 - BlankSpaceAnalyzer - INFO - -> Analyzing version 4.1.1-dev.7a38fee.0 (186/515)...
2025-11-07 11:33:20,245 - BlankSpaceAnalyzer - INFO - -> Analyzing version 4.1.1-dev.86f0cdb.0 (187/515)...
2025-11-07 11:33:20,295 - BlankSpaceAnalyzer - INFO - -> Analyzing version 4.1.1-dev.a4cae6f.0 (188/515)...
2025-11-07 11:33:20,343 - BlankSpaceAnalyzer - INFO - -> Analyzing version 4.1.1-dev.c41d356.0 (189/515)...
2025-11-07 11:33:20,392 - BlankSpaceAnalyzer - INFO - -> Analyzing version 4.1.1-dev.d41a49e.0 (190/515)...
2025-11-07 11:33:20,439 - BlankSpaceAnalyzer - INFO - -> Analyzing version 4.1.1-dev.ec6e117.0 (191/515)...
2025-11-07 11:33:20,488 - BlankSpaceAnalyzer - INFO - -> Analyzing version 4.1.1-dev.f4fd498.0 (192/515)...
2025-11-07 11:33:20,536 - BlankSpaceAnalyzer - INFO - -> Analyzing version 4.1.2 (193/515)...
2025-11-07 11:33:20,584 - BlankSpaceAnalyzer - INFO - -> Analyzing version 4.1.2-dev.054033f.0 (194/515)...
2025-11-07 11:33:20,633 - BlankSpaceAnalyzer - INFO - -> Analyzing version 4.1.2-dev.3ab3b39.0 (195/515)...
2025-11-07 11:33:20,684 - BlankSpaceAnalyzer - INFO - -> Analyzing version 4.1.2-dev.8010a6d.0 (196/515)...
2025-11-07 11:33:20,731 - BlankSpaceAnalyzer - INFO - -> Analyzing version 4.1.2-dev.9ad39bd.0 (197/515)...
2025-11-07 11:33:20,779 - BlankSpaceAnalyzer - INFO - -> Analyzing version 4.1.2-dev.a325689.0 (198/515)...
2025-11-07 11:33:20,829 - BlankSpaceAnalyzer - INFO - -> Analyzing version 4.1.2-dev.da3e2f5.0 (199/515)...
2025-11-07 11:33:20,876 - BlankSpaceAnalyzer - INFO - -> Analyzing version 4.1.2-dev.e4ba45c.0 (200/515)...
2025-11-07 11:33:20,925 - BlankSpaceAnalyzer - INFO - -> Analyzing version 4.1.3 (201/515)...
2025-11-07 11:33:20,975 - BlankSpaceAnalyzer - INFO - -> Analyzing version 4.1.3-dev.09f4c8b.0 (202/515)...
2025-11-07 11:33:21,025 - BlankSpaceAnalyzer - INFO - -> Analyzing version 4.1.3-dev.0e78235.0 (203/515)...
2025-11-07 11:33:21,075 - BlankSpaceAnalyzer - INFO - -> Analyzing version 4.1.3-dev.10d1f12.0 (204/515)...
2025-11-07 11:33:21,124 - BlankSpaceAnalyzer - INFO - -> Analyzing version 4.1.3-dev.171b413.0 (205/515)...
2025-11-07 11:33:21,172 - BlankSpaceAnalyzer - INFO - -> Analyzing version 4.1.3-dev.226b3ba.0 (206/515)...
2025-11-07 11:33:21,222 - BlankSpaceAnalyzer - INFO - -> Analyzing version 4.1.3-dev.2b445bf.0 (207/515)...
2025-11-07 11:33:21,270 - BlankSpaceAnalyzer - INFO - -> Analyzing version 4.1.3-dev.3060994.0 (208/515)...
2025-11-07 11:33:21,319 - BlankSpaceAnalyzer - INFO - -> Analyzing version 4.1.3-dev.42502b6.0 (209/515)...
2025-11-07 11:33:21,369 - BlankSpaceAnalyzer - INFO - -> Analyzing version 4.1.3-dev.4879326.0 (210/515)...
2025-11-07 11:33:21,418 - BlankSpaceAnalyzer - INFO - -> Analyzing version 4.1.3-dev.4b445ae.0 (211/515)...
2025-11-07 11:33:21,467 - BlankSpaceAnalyzer - INFO - -> Analyzing version 4.1.3-dev.54c5ed0.0 (212/515)...
2025-11-07 11:33:21,515 - BlankSpaceAnalyzer - INFO - -> Analyzing version 4.1.3-dev.66ddb7e.0 (213/515)...
2025-11-07 11:33:21,563 - BlankSpaceAnalyzer - INFO - -> Analyzing version 4.1.3-dev.6e43d1b.0 (214/515)...
2025-11-07 11:33:21,615 - BlankSpaceAnalyzer - INFO - -> Analyzing version 4.1.3-dev.70d1957.0 (215/515)...
2025-11-07 11:33:21,664 - BlankSpaceAnalyzer - INFO - -> Analyzing version 4.1.3-dev.80986bb.0 (216/515)...
2025-11-07 11:33:21,713 - BlankSpaceAnalyzer - INFO - -> Analyzing version 4.1.3-dev.80adabe.0 (217/515)...
2025-11-07 11:33:21,762 - BlankSpaceAnalyzer - INFO - -> Analyzing version 4.1.3-dev.90d78c1.0 (218/515)...
2025-11-07 11:33:21,810 - BlankSpaceAnalyzer - INFO - -> Analyzing version 4.1.3-dev.9a5fd87.0 (219/515)...
2025-11-07 11:33:21,861 - BlankSpaceAnalyzer - INFO - -> Analyzing version 4.1.3-dev.9b03f9d.0 (220/515)...
2025-11-07 11:33:21,910 - BlankSpaceAnalyzer - INFO - -> Analyzing version 4.1.3-dev.ae98628.0 (221/515)...
2025-11-07 11:33:21,960 - BlankSpaceAnalyzer - INFO - -> Analyzing version 4.1.3-dev.b38f00d.0 (222/515)...
2025-11-07 11:33:22,009 - BlankSpaceAnalyzer - INFO - -> Analyzing version 4.1.3-dev.b8fa712.0 (223/515)...
2025-11-07 11:33:22,060 - BlankSpaceAnalyzer - INFO - -> Analyzing version 4.1.3-dev.bfcbea8.0 (224/515)...
2025-11-07 11:33:22,110 - BlankSpaceAnalyzer - INFO - -> Analyzing version 4.1.3-dev.c490c18.0 (225/515)...
2025-11-07 11:33:22,160 - BlankSpaceAnalyzer - INFO - -> Analyzing version 4.1.3-dev.d036166.0 (226/515)...
2025-11-07 11:33:22,208 - BlankSpaceAnalyzer - INFO - -> Analyzing version 4.1.3-dev.e760667.0 (227/515)...
2025-11-07 11:33:22,258 - BlankSpaceAnalyzer - INFO - -> Analyzing version 4.1.4 (228/515)...
2025-11-07 11:33:22,309 - BlankSpaceAnalyzer - INFO - -> Analyzing version 4.1.4-dev.6791e60.0 (229/515)...
2025-11-07 11:33:22,359 - BlankSpaceAnalyzer - INFO - -> Analyzing version 4.1.4-dev.7bee9bc.0 (230/515)...
2025-11-07 11:33:22,408 - BlankSpaceAnalyzer - INFO - -> Analyzing version 4.1.4-dev.90b8581.0 (231/515)...
2025-11-07 11:33:22,458 - BlankSpaceAnalyzer - INFO - -> Analyzing version 4.1.4-dev.a0d6730.0 (232/515)...
2025-11-07 11:33:22,509 - BlankSpaceAnalyzer - INFO - -> Analyzing version 4.1.4-dev.bd3b9a0.0 (233/515)...
2025-11-07 11:33:22,560 - BlankSpaceAnalyzer - INFO - -> Analyzing version 4.1.4-dev.f860b04.0 (234/515)...
2025-11-07 11:33:22,608 - BlankSpaceAnalyzer - INFO - -> Analyzing version 4.1.5-dev.09c8ad0.0 (235/515)...
2025-11-07 11:33:22,660 - BlankSpaceAnalyzer - INFO - -> Analyzing version 4.1.5-dev.0c67cc6.0 (236/515)...
2025-11-07 11:33:22,709 - BlankSpaceAnalyzer - INFO - -> Analyzing version 4.1.5-dev.0dec262.0 (237/515)...
2025-11-07 11:33:22,759 - BlankSpaceAnalyzer - INFO - -> Analyzing version 4.1.5-dev.116b7bb.0 (238/515)...
2025-11-07 11:33:22,810 - BlankSpaceAnalyzer - INFO - -> Analyzing version 4.1.5-dev.119dfa5.0 (239/515)...
2025-11-07 11:33:22,860 - BlankSpaceAnalyzer - INFO - -> Analyzing version 4.1.5-dev.11f20b2.0 (240/515)...
2025-11-07 11:33:22,911 - BlankSpaceAnalyzer - INFO - -> Analyzing version 4.1.5-dev.1eb07d1.0 (241/515)...
2025-11-07 11:33:22,962 - BlankSpaceAnalyzer - INFO - -> Analyzing version 4.1.5-dev.20cc5da.0 (242/515)...
2025-11-07 11:33:23,012 - BlankSpaceAnalyzer - INFO - -> Analyzing version 4.1.5-dev.23d69ba.0 (243/515)...
2025-11-07 11:33:23,063 - BlankSpaceAnalyzer - INFO - -> Analyzing version 4.1.5-dev.2785782.0 (244/515)...
2025-11-07 11:33:23,115 - BlankSpaceAnalyzer - INFO - -> Analyzing version 4.1.5-dev.2a40b66.0 (245/515)...
2025-11-07 11:33:23,165 - BlankSpaceAnalyzer - INFO - -> Analyzing version 4.1.5-dev.2c132c5.0 (246/515)...
2025-11-07 11:33:23,215 - BlankSpaceAnalyzer - INFO - -> Analyzing version 4.1.5-dev.2c60685.0 (247/515)...
2025-11-07 11:33:23,264 - BlankSpaceAnalyzer - INFO - -> Analyzing version 4.1.5-dev.332c18c.0 (248/515)...
2025-11-07 11:33:23,316 - BlankSpaceAnalyzer - INFO - -> Analyzing version 4.1.5-dev.3bda14d.0 (249/515)...
2025-11-07 11:33:23,366 - BlankSpaceAnalyzer - INFO - -> Analyzing version 4.1.5-dev.3cfe56f.0 (250/515)...
2025-11-07 11:33:23,415 - BlankSpaceAnalyzer - INFO - -> Analyzing version 4.1.5-dev.41dbf2a.0 (251/515)...
2025-11-07 11:33:23,465 - BlankSpaceAnalyzer - INFO - -> Analyzing version 4.1.5-dev.41f39c0.0 (252/515)...
2025-11-07 11:33:23,516 - BlankSpaceAnalyzer - INFO - -> Analyzing version 4.1.5-dev.43b11b8.0 (253/515)...
2025-11-07 11:33:23,566 - BlankSpaceAnalyzer - INFO - -> Analyzing version 4.1.5-dev.4778a0c.0 (254/515)...
2025-11-07 11:33:23,618 - BlankSpaceAnalyzer - INFO - -> Analyzing version 4.1.5-dev.5161642.0 (255/515)...
2025-11-07 11:33:23,668 - BlankSpaceAnalyzer - INFO - -> Analyzing version 4.1.5-dev.59fc438.0 (256/515)...
2025-11-07 11:33:23,717 - BlankSpaceAnalyzer - INFO - -> Analyzing version 4.1.5-dev.5aa8b7f.0 (257/515)...
2025-11-07 11:33:23,770 - BlankSpaceAnalyzer - INFO - -> Analyzing version 4.1.5-dev.5afcb54.0 (258/515)...
2025-11-07 11:33:23,819 - BlankSpaceAnalyzer - INFO - -> Analyzing version 4.1.5-dev.65a9862.0 (259/515)...
2025-11-07 11:33:23,869 - BlankSpaceAnalyzer - INFO - -> Analyzing version 4.1.5-dev.6b2dbe3.0 (260/515)...
2025-11-07 11:33:23,920 - BlankSpaceAnalyzer - INFO - -> Analyzing version 4.1.5-dev.6c075db.0 (261/515)...
2025-11-07 11:33:23,970 - BlankSpaceAnalyzer - INFO - -> Analyzing version 4.1.5-dev.6cc86b3.0 (262/515)...
2025-11-07 11:33:24,020 - BlankSpaceAnalyzer - INFO - -> Analyzing version 4.1.5-dev.72e9bbd.0 (263/515)...
2025-11-07 11:33:24,071 - BlankSpaceAnalyzer - INFO - -> Analyzing version 4.1.5-dev.7461c8e.0 (264/515)...
2025-11-07 11:33:24,121 - BlankSpaceAnalyzer - INFO - -> Analyzing version 4.1.5-dev.762c298.0 (265/515)...
2025-11-07 11:33:24,171 - BlankSpaceAnalyzer - INFO - -> Analyzing version 4.1.5-dev.7c33cc0.0 (266/515)...
2025-11-07 11:33:24,221 - BlankSpaceAnalyzer - INFO - -> Analyzing version 4.1.5-dev.80c2e1d.0 (267/515)...
2025-11-07 11:33:24,272 - BlankSpaceAnalyzer - INFO - -> Analyzing version 4.1.5-dev.882631c.0 (268/515)...
2025-11-07 11:33:24,321 - BlankSpaceAnalyzer - INFO - -> Analyzing version 4.1.5-dev.8c643c2.0 (269/515)...
2025-11-07 11:33:24,373 - BlankSpaceAnalyzer - INFO - -> Analyzing version 4.1.5-dev.8e3e676.0 (270/515)...
2025-11-07 11:33:24,423 - BlankSpaceAnalyzer - INFO - -> Analyzing version 4.1.5-dev.a3fe342.0 (271/515)...
2025-11-07 11:33:24,472 - BlankSpaceAnalyzer - INFO - -> Analyzing version 4.1.5-dev.a4f2f8c.0 (272/515)...
2025-11-07 11:33:24,524 - BlankSpaceAnalyzer - INFO - -> Analyzing version 4.1.5-dev.af91519.0 (273/515)...
2025-11-07 11:33:24,574 - BlankSpaceAnalyzer - INFO - -> Analyzing version 4.1.5-dev.b05345b.0 (274/515)...
2025-11-07 11:33:24,628 - BlankSpaceAnalyzer - INFO - -> Analyzing version 4.1.5-dev.b188714.0 (275/515)...
2025-11-07 11:33:24,677 - BlankSpaceAnalyzer - INFO - -> Analyzing version 4.1.5-dev.b35eca1.0 (276/515)...
2025-11-07 11:33:24,726 - BlankSpaceAnalyzer - INFO - -> Analyzing version 4.1.5-dev.b3ccd5c.0 (277/515)...
2025-11-07 11:33:24,778 - BlankSpaceAnalyzer - INFO - -> Analyzing version 4.1.5-dev.b819ee4.0 (278/515)...
2025-11-07 11:33:24,828 - BlankSpaceAnalyzer - INFO - -> Analyzing version 4.1.5-dev.b9da5a5.0 (279/515)...
2025-11-07 11:33:24,878 - BlankSpaceAnalyzer - INFO - -> Analyzing version 4.1.5-dev.bcd0706.0 (280/515)...
2025-11-07 11:33:24,928 - BlankSpaceAnalyzer - INFO - -> Analyzing version 4.1.5-dev.be86e25.0 (281/515)...
2025-11-07 11:33:24,978 - BlankSpaceAnalyzer - INFO - -> Analyzing version 4.1.5-dev.c097b9a.0 (282/515)...
2025-11-07 11:33:25,031 - BlankSpaceAnalyzer - INFO - -> Analyzing version 4.1.5-dev.c858390.0 (283/515)...
2025-11-07 11:33:25,080 - BlankSpaceAnalyzer - INFO - -> Analyzing version 4.1.5-dev.cc7ff1f.0 (284/515)...
2025-11-07 11:33:25,133 - BlankSpaceAnalyzer - INFO - -> Analyzing version 4.1.5-dev.cdd99e7.0 (285/515)...
2025-11-07 11:33:25,182 - BlankSpaceAnalyzer - INFO - -> Analyzing version 4.1.5-dev.d8b8e18.0 (286/515)...
2025-11-07 11:33:25,232 - BlankSpaceAnalyzer - INFO - -> Analyzing version 4.1.5-dev.df594c9.0 (287/515)...
2025-11-07 11:33:25,283 - BlankSpaceAnalyzer - INFO - -> Analyzing version 4.1.5-dev.e1080d9.0 (288/515)...
2025-11-07 11:33:25,332 - BlankSpaceAnalyzer - INFO - -> Analyzing version 4.1.5-dev.e442fd2.0 (289/515)...
2025-11-07 11:33:25,383 - BlankSpaceAnalyzer - INFO - -> Analyzing version 4.1.5-dev.e6d8c14.0 (290/515)...
2025-11-07 11:33:25,432 - BlankSpaceAnalyzer - INFO - -> Analyzing version 4.1.5-dev.ef6f04e.0 (291/515)...
2025-11-07 11:33:25,482 - BlankSpaceAnalyzer - INFO - -> Analyzing version 4.1.5-dev.f1c6916.0 (292/515)...
2025-11-07 11:33:25,533 - BlankSpaceAnalyzer - INFO - -> Analyzing version 4.1.5-dev.f6c7fca.0 (293/515)...
2025-11-07 11:33:25,583 - BlankSpaceAnalyzer - INFO - -> Analyzing version 4.1.5-dev.f7d9349.0 (294/515)...
2025-11-07 11:33:25,635 - BlankSpaceAnalyzer - INFO - -> Analyzing version 4.1.5-dev.f8d8774.0 (295/515)...
2025-11-07 11:33:25,684 - BlankSpaceAnalyzer - INFO - -> Analyzing version 4.1.5-dev.f9468a8.0 (296/515)...
2025-11-07 11:33:25,734 - BlankSpaceAnalyzer - INFO - -> Analyzing version 4.1.5-dev.f9bcac9.0 (297/515)...
2025-11-07 11:33:25,784 - BlankSpaceAnalyzer - INFO - -> Analyzing version 4.1.5-dev.fa4c72b.0 (298/515)...
2025-11-07 11:33:25,833 - BlankSpaceAnalyzer - INFO - -> Analyzing version 4.2.0 (299/515)...
2025-11-07 11:33:25,884 - BlankSpaceAnalyzer - INFO - -> Analyzing version 4.2.1 (300/515)...
2025-11-07 11:33:25,933 - BlankSpaceAnalyzer - INFO - -> Analyzing version 4.2.1-dev.028dc20.0 (301/515)...
2025-11-07 11:33:25,984 - BlankSpaceAnalyzer - INFO - -> Analyzing version 4.2.1-dev.040d3a3.0 (302/515)...
2025-11-07 11:33:26,033 - BlankSpaceAnalyzer - INFO - -> Analyzing version 4.2.1-dev.0881fe1.0 (303/515)...
2025-11-07 11:33:26,083 - BlankSpaceAnalyzer - INFO - -> Analyzing version 4.2.1-dev.0a8f9e4.0 (304/515)...
2025-11-07 11:33:26,134 - BlankSpaceAnalyzer - INFO - -> Analyzing version 4.2.1-dev.0e59f28.0 (305/515)...
2025-11-07 11:33:26,183 - BlankSpaceAnalyzer - INFO - -> Analyzing version 4.2.1-dev.16a2c27.0 (306/515)...
2025-11-07 11:33:26,234 - BlankSpaceAnalyzer - INFO - -> Analyzing version 4.2.1-dev.1c03666.0 (307/515)...
2025-11-07 11:33:26,283 - BlankSpaceAnalyzer - INFO - -> Analyzing version 4.2.1-dev.1f81ff0.0 (308/515)...
2025-11-07 11:33:26,335 - BlankSpaceAnalyzer - INFO - -> Analyzing version 4.2.1-dev.2373e94.0 (309/515)...
2025-11-07 11:33:26,385 - BlankSpaceAnalyzer - INFO - -> Analyzing version 4.2.1-dev.35cb1b8.0 (310/515)...
2025-11-07 11:33:26,434 - BlankSpaceAnalyzer - INFO - -> Analyzing version 4.2.1-dev.383af39.0 (311/515)...
2025-11-07 11:33:26,484 - BlankSpaceAnalyzer - INFO - -> Analyzing version 4.2.1-dev.42ec398.0 (312/515)...
2025-11-07 11:33:26,533 - BlankSpaceAnalyzer - INFO - -> Analyzing version 4.2.1-dev.43e70c1.0 (313/515)...
2025-11-07 11:33:26,584 - BlankSpaceAnalyzer - INFO - -> Analyzing version 4.2.1-dev.526c6f5.0 (314/515)...
2025-11-07 11:33:26,633 - BlankSpaceAnalyzer - INFO - -> Analyzing version 4.2.1-dev.5341c3a.0 (315/515)...
2025-11-07 11:33:26,684 - BlankSpaceAnalyzer - INFO - -> Analyzing version 4.2.1-dev.578ebb6.0 (316/515)...
2025-11-07 11:33:26,735 - BlankSpaceAnalyzer - INFO - -> Analyzing version 4.2.1-dev.5a579fa.0 (317/515)...
2025-11-07 11:33:26,784 - BlankSpaceAnalyzer - INFO - -> Analyzing version 4.2.1-dev.6187f30.0 (318/515)...
2025-11-07 11:33:26,835 - BlankSpaceAnalyzer - INFO - -> Analyzing version 4.2.1-dev.67d8a74.0 (319/515)...
2025-11-07 11:33:26,884 - BlankSpaceAnalyzer - INFO - -> Analyzing version 4.2.1-dev.6d0a0ae.0 (320/515)...
2025-11-07 11:33:26,936 - BlankSpaceAnalyzer - INFO - -> Analyzing version 4.2.1-dev.6da7379.0 (321/515)...
2025-11-07 11:33:26,987 - BlankSpaceAnalyzer - INFO - -> Analyzing version 4.2.1-dev.727c9fc.0 (322/515)...
2025-11-07 11:33:27,037 - BlankSpaceAnalyzer - INFO - -> Analyzing version 4.2.1-dev.7b97011.0 (323/515)...
2025-11-07 11:33:27,088 - BlankSpaceAnalyzer - INFO - -> Analyzing version 4.2.1-dev.7d7a9ea.0 (324/515)...
2025-11-07 11:33:27,137 - BlankSpaceAnalyzer - INFO - -> Analyzing version 4.2.1-dev.86447cd.0 (325/515)...
2025-11-07 11:33:27,189 - BlankSpaceAnalyzer - INFO - -> Analyzing version 4.2.1-dev.8ed041c.0 (326/515)...
2025-11-07 11:33:27,238 - BlankSpaceAnalyzer - INFO - -> Analyzing version 4.2.1-dev.9023511.0 (327/515)...
2025-11-07 11:33:27,287 - BlankSpaceAnalyzer - INFO - -> Analyzing version 4.2.1-dev.95807a6.0 (328/515)...
2025-11-07 11:33:27,338 - BlankSpaceAnalyzer - INFO - -> Analyzing version 4.2.1-dev.95b37d8.0 (329/515)...
2025-11-07 11:33:27,389 - BlankSpaceAnalyzer - INFO - -> Analyzing version 4.2.1-dev.9657b86.0 (330/515)...
2025-11-07 11:33:27,443 - BlankSpaceAnalyzer - INFO - -> Analyzing version 4.2.1-dev.998954f.0 (331/515)...
2025-11-07 11:33:27,492 - BlankSpaceAnalyzer - INFO - -> Analyzing version 4.2.1-dev.9d65c38.0 (332/515)...
2025-11-07 11:33:27,544 - BlankSpaceAnalyzer - INFO - -> Analyzing version 4.2.1-dev.9f31612.0 (333/515)...
2025-11-07 11:33:27,593 - BlankSpaceAnalyzer - INFO - -> Analyzing version 4.2.1-dev.a0d4d2e.0 (334/515)...
2025-11-07 11:33:27,642 - BlankSpaceAnalyzer - INFO - -> Analyzing version 4.2.1-dev.a173a8f.0 (335/515)...
2025-11-07 11:33:27,696 - BlankSpaceAnalyzer - INFO - -> Analyzing version 4.2.1-dev.a1f9dc4.0 (336/515)...
2025-11-07 11:33:27,745 - BlankSpaceAnalyzer - INFO - -> Analyzing version 4.2.1-dev.a2d9cb4.0 (337/515)...
2025-11-07 11:33:27,794 - BlankSpaceAnalyzer - INFO - -> Analyzing version 4.2.1-dev.a6b685e.0 (338/515)...
2025-11-07 11:33:27,845 - BlankSpaceAnalyzer - INFO - -> Analyzing version 4.2.1-dev.a72e99a.0 (339/515)...
2025-11-07 11:33:27,894 - BlankSpaceAnalyzer - INFO - -> Analyzing version 4.2.1-dev.a83e9d5.0 (340/515)...
2025-11-07 11:33:27,944 - BlankSpaceAnalyzer - INFO - -> Analyzing version 4.2.1-dev.aac2420.0 (341/515)...
2025-11-07 11:33:27,993 - BlankSpaceAnalyzer - INFO - -> Analyzing version 4.2.1-dev.ab1b250.0 (342/515)...
2025-11-07 11:33:28,044 - BlankSpaceAnalyzer - INFO - -> Analyzing version 4.2.1-dev.afece40.0 (343/515)...
2025-11-07 11:33:28,093 - BlankSpaceAnalyzer - INFO - -> Analyzing version 4.2.1-dev.b25b883.0 (344/515)...
2025-11-07 11:33:28,146 - BlankSpaceAnalyzer - INFO - -> Analyzing version 4.2.1-dev.b49094b.0 (345/515)...
2025-11-07 11:33:28,196 - BlankSpaceAnalyzer - INFO - -> Analyzing version 4.2.1-dev.b4c92e1.0 (346/515)...
2025-11-07 11:33:28,246 - BlankSpaceAnalyzer - INFO - -> Analyzing version 4.2.1-dev.bd6cc71.0 (347/515)...
2025-11-07 11:33:28,297 - BlankSpaceAnalyzer - INFO - -> Analyzing version 4.2.1-dev.bfb4f6f.0 (348/515)...
2025-11-07 11:33:28,347 - BlankSpaceAnalyzer - INFO - -> Analyzing version 4.2.1-dev.c4e039a.0 (349/515)...
2025-11-07 11:33:28,396 - BlankSpaceAnalyzer - INFO - -> Analyzing version 4.2.1-dev.c5cecaf.0 (350/515)...
2025-11-07 11:33:28,447 - BlankSpaceAnalyzer - INFO - -> Analyzing version 4.2.1-dev.ca31f6a.0 (351/515)...
2025-11-07 11:33:28,497 - BlankSpaceAnalyzer - INFO - -> Analyzing version 4.2.1-dev.ce59737.0 (352/515)...
2025-11-07 11:33:28,547 - BlankSpaceAnalyzer - INFO - -> Analyzing version 4.2.1-dev.cf4b93f.0 (353/515)...
2025-11-07 11:33:28,596 - BlankSpaceAnalyzer - INFO - -> Analyzing version 4.2.1-dev.cf60f71.0 (354/515)...
2025-11-07 11:33:28,646 - BlankSpaceAnalyzer - INFO - -> Analyzing version 4.2.1-dev.d254316.0 (355/515)...
2025-11-07 11:33:28,695 - BlankSpaceAnalyzer - INFO - -> Analyzing version 4.2.1-dev.d8b64a8.0 (356/515)...
2025-11-07 11:33:28,746 - BlankSpaceAnalyzer - INFO - -> Analyzing version 4.2.1-dev.e383ae3.0 (357/515)...
2025-11-07 11:33:28,796 - BlankSpaceAnalyzer - INFO - -> Analyzing version 4.2.1-dev.e5673ca.0 (358/515)...
2025-11-07 11:33:28,846 - BlankSpaceAnalyzer - INFO - -> Analyzing version 4.2.1-dev.e774646.0 (359/515)...
2025-11-07 11:33:28,896 - BlankSpaceAnalyzer - INFO - -> Analyzing version 4.2.1-dev.ec65468.0 (360/515)...
2025-11-07 11:33:28,945 - BlankSpaceAnalyzer - INFO - -> Analyzing version 4.2.1-dev.ed1460c.0 (361/515)...
2025-11-07 11:33:28,997 - BlankSpaceAnalyzer - INFO - -> Analyzing version 4.2.1-dev.edf3164.0 (362/515)...
2025-11-07 11:33:29,047 - BlankSpaceAnalyzer - INFO - -> Analyzing version 4.2.1-dev.f696e47.0 (363/515)...
2025-11-07 11:33:29,097 - BlankSpaceAnalyzer - INFO - -> Analyzing version 4.2.1-dev.f943944.0 (364/515)...
2025-11-07 11:33:29,147 - BlankSpaceAnalyzer - INFO - -> Analyzing version 4.2.2 (365/515)...
2025-11-07 11:33:29,197 - BlankSpaceAnalyzer - INFO - -> Analyzing version 4.2.2-dev.12c2515.0 (366/515)...
2025-11-07 11:33:29,249 - BlankSpaceAnalyzer - INFO - -> Analyzing version 4.2.2-dev.1ab7a6b.0 (367/515)...
2025-11-07 11:33:29,299 - BlankSpaceAnalyzer - INFO - -> Analyzing version 4.2.2-dev.2f73aa5.0 (368/515)...
2025-11-07 11:33:29,349 - BlankSpaceAnalyzer - INFO - -> Analyzing version 4.2.2-dev.32b6b29.0 (369/515)...
2025-11-07 11:33:29,399 - BlankSpaceAnalyzer - INFO - -> Analyzing version 4.2.2-dev.3904a46.0 (370/515)...
2025-11-07 11:33:29,449 - BlankSpaceAnalyzer - INFO - -> Analyzing version 4.2.2-dev.408125.0 (371/515)...
2025-11-07 11:33:29,499 - BlankSpaceAnalyzer - INFO - -> Analyzing version 4.2.2-dev.419c8d3.0 (372/515)...
2025-11-07 11:33:29,550 - BlankSpaceAnalyzer - INFO - -> Analyzing version 4.2.2-dev.53e2466.0 (373/515)...
2025-11-07 11:33:29,600 - BlankSpaceAnalyzer - INFO - -> Analyzing version 4.2.2-dev.553f270.0 (374/515)...
2025-11-07 11:33:29,653 - BlankSpaceAnalyzer - INFO - -> Analyzing version 4.2.2-dev.5d2f2aa.0 (375/515)...
2025-11-07 11:33:29,702 - BlankSpaceAnalyzer - INFO - -> Analyzing version 4.2.2-dev.5fd9dbb.0 (376/515)...
2025-11-07 11:33:29,756 - BlankSpaceAnalyzer - INFO - -> Analyzing version 4.2.2-dev.7a470c9.0 (377/515)...
2025-11-07 11:33:29,805 - BlankSpaceAnalyzer - INFO - -> Analyzing version 4.2.2-dev.7be0060.0 (378/515)...
2025-11-07 11:33:29,857 - BlankSpaceAnalyzer - INFO - -> Analyzing version 4.2.2-dev.866469d.0 (379/515)...
2025-11-07 11:33:29,910 - BlankSpaceAnalyzer - INFO - -> Analyzing version 4.2.2-dev.88b7e2e.0 (380/515)...
2025-11-07 11:33:29,959 - BlankSpaceAnalyzer - INFO - -> Analyzing version 4.2.2-dev.93296c2.0 (381/515)...
2025-11-07 11:33:30,008 - BlankSpaceAnalyzer - INFO - -> Analyzing version 4.2.2-dev.ac2e180.0 (382/515)...
2025-11-07 11:33:30,058 - BlankSpaceAnalyzer - INFO - -> Analyzing version 4.2.2-dev.b413ebd.0 (383/515)...
2025-11-07 11:33:30,107 - BlankSpaceAnalyzer - INFO - -> Analyzing version 4.2.2-dev.c62ef79.0 (384/515)...
2025-11-07 11:33:30,158 - BlankSpaceAnalyzer - INFO - -> Analyzing version 4.2.2-dev.d4e937d.0 (385/515)...
2025-11-07 11:33:30,209 - BlankSpaceAnalyzer - INFO - -> Analyzing version 4.2.2-dev.dd172c7.0 (386/515)...
2025-11-07 11:33:30,260 - BlankSpaceAnalyzer - INFO - -> Analyzing version 4.2.2-dev.de3e8f8.0 (387/515)...
2025-11-07 11:33:30,309 - BlankSpaceAnalyzer - INFO - -> Analyzing version 4.2.2-dev.e0fc158.0 (388/515)...
2025-11-07 11:33:30,359 - BlankSpaceAnalyzer - INFO - -> Analyzing version 4.2.2-dev.e29deea.0 (389/515)...
2025-11-07 11:33:30,407 - BlankSpaceAnalyzer - INFO - -> Analyzing version 4.2.2-dev.ebbbf1e.0 (390/515)...
2025-11-07 11:33:30,458 - BlankSpaceAnalyzer - INFO - -> Analyzing version 4.2.2-dev.ed2781f.0 (391/515)...
2025-11-07 11:33:30,508 - BlankSpaceAnalyzer - INFO - -> Analyzing version 4.2.2-dev.f216540.0 (392/515)...
2025-11-07 11:33:30,558 - BlankSpaceAnalyzer - INFO - -> Analyzing version 4.2.2-dev.f44dc5b.0 (393/515)...
2025-11-07 11:33:30,608 - BlankSpaceAnalyzer - INFO - -> Analyzing version 4.2.2-dev.f4e55bd.0 (394/515)...
2025-11-07 11:33:30,657 - BlankSpaceAnalyzer - INFO - -> Analyzing version 4.2.3 (395/515)...
2025-11-07 11:33:30,707 - BlankSpaceAnalyzer - INFO - -> Analyzing version 4.2.3-dev.1436228.0 (396/515)...
2025-11-07 11:33:30,757 - BlankSpaceAnalyzer - INFO - -> Analyzing version 4.2.3-dev.22c07ad.0 (397/515)...
2025-11-07 11:33:30,808 - BlankSpaceAnalyzer - INFO - -> Analyzing version 4.2.3-dev.683be62.0 (398/515)...
2025-11-07 11:33:30,858 - BlankSpaceAnalyzer - INFO - -> Analyzing version 4.2.3-dev.692987a.0 (399/515)...
2025-11-07 11:33:30,908 - BlankSpaceAnalyzer - INFO - -> Analyzing version 4.2.3-dev.7084665.0 (400/515)...
2025-11-07 11:33:30,961 - BlankSpaceAnalyzer - INFO - -> Analyzing version 4.2.3-dev.7537f03.0 (401/515)...
2025-11-07 11:33:31,010 - BlankSpaceAnalyzer - INFO - -> Analyzing version 4.2.3-dev.89711ab.0 (402/515)...
2025-11-07 11:33:31,061 - BlankSpaceAnalyzer - INFO - -> Analyzing version 4.2.3-dev.9086b98.0 (403/515)...
2025-11-07 11:33:31,111 - BlankSpaceAnalyzer - INFO - -> Analyzing version 4.2.3-dev.962b99f.0 (404/515)...
2025-11-07 11:33:31,163 - BlankSpaceAnalyzer - INFO - -> Analyzing version 4.2.3-dev.b63af9f.0 (405/515)...
2025-11-07 11:33:31,212 - BlankSpaceAnalyzer - INFO - -> Analyzing version 4.2.3-dev.f687df6.0 (406/515)...
2025-11-07 11:33:31,263 - BlankSpaceAnalyzer - INFO - -> Analyzing version 4.2.3-dev.fd2982d.0 (407/515)...
2025-11-07 11:33:31,314 - BlankSpaceAnalyzer - INFO - -> Analyzing version 4.2.4 (408/515)...
2025-11-07 11:33:31,365 - BlankSpaceAnalyzer - INFO - -> Analyzing version 4.2.4-dev.0b75589.0 (409/515)...
2025-11-07 11:33:31,417 - BlankSpaceAnalyzer - INFO - -> Analyzing version 4.2.4-dev.0db2b18.0 (410/515)...
2025-11-07 11:33:31,468 - BlankSpaceAnalyzer - INFO - -> Analyzing version 4.2.4-dev.2706805.0 (411/515)...
2025-11-07 11:33:31,518 - BlankSpaceAnalyzer - INFO - -> Analyzing version 4.2.4-dev.27155ea.0 (412/515)...
2025-11-07 11:33:31,567 - BlankSpaceAnalyzer - INFO - -> Analyzing version 4.2.4-dev.2ef694c.0 (413/515)...
2025-11-07 11:33:31,618 - BlankSpaceAnalyzer - INFO - -> Analyzing version 4.2.4-dev.2f24244.0 (414/515)...
2025-11-07 11:33:31,668 - BlankSpaceAnalyzer - INFO - -> Analyzing version 4.2.4-dev.463d070.0 (415/515)...
2025-11-07 11:33:31,721 - BlankSpaceAnalyzer - INFO - -> Analyzing version 4.2.4-dev.4f8e8cc.0 (416/515)...
2025-11-07 11:33:31,770 - BlankSpaceAnalyzer - INFO - -> Analyzing version 4.2.4-dev.5080e80.0 (417/515)...
2025-11-07 11:33:31,820 - BlankSpaceAnalyzer - INFO - -> Analyzing version 4.2.4-dev.5ad7e5b.0 (418/515)...
2025-11-07 11:33:31,870 - BlankSpaceAnalyzer - INFO - -> Analyzing version 4.2.4-dev.5f6deeb.0 (419/515)...
2025-11-07 11:33:31,919 - BlankSpaceAnalyzer - INFO - -> Analyzing version 4.2.4-dev.60fc197.0 (420/515)...
2025-11-07 11:33:31,969 - BlankSpaceAnalyzer - INFO - -> Analyzing version 4.2.4-dev.61e9e06.0 (421/515)...
2025-11-07 11:33:32,019 - BlankSpaceAnalyzer - INFO - -> Analyzing version 4.2.4-dev.6b80cf0.0 (422/515)...
2025-11-07 11:33:32,070 - BlankSpaceAnalyzer - INFO - -> Analyzing version 4.2.4-dev.75df267.0 (423/515)...
2025-11-07 11:33:32,121 - BlankSpaceAnalyzer - INFO - -> Analyzing version 4.2.4-dev.7a6e492.0 (424/515)...
2025-11-07 11:33:32,170 - BlankSpaceAnalyzer - INFO - -> Analyzing version 4.2.4-dev.8b435c1.0 (425/515)...
2025-11-07 11:33:32,220 - BlankSpaceAnalyzer - INFO - -> Analyzing version 4.2.4-dev.973ee80.0 (426/515)...
2025-11-07 11:33:32,269 - BlankSpaceAnalyzer - INFO - -> Analyzing version 4.2.4-dev.9afaa61.0 (427/515)...
2025-11-07 11:33:32,319 - BlankSpaceAnalyzer - INFO - -> Analyzing version 4.2.4-dev.9b32205.0 (428/515)...
2025-11-07 11:33:32,370 - BlankSpaceAnalyzer - INFO - -> Analyzing version 4.2.4-dev.a21078b.0 (429/515)...
2025-11-07 11:33:32,421 - BlankSpaceAnalyzer - INFO - -> Analyzing version 4.2.4-dev.b3cb1b7.0 (430/515)...
2025-11-07 11:33:32,470 - BlankSpaceAnalyzer - INFO - -> Analyzing version 4.2.4-dev.b86d8ca.0 (431/515)...
2025-11-07 11:33:32,520 - BlankSpaceAnalyzer - INFO - -> Analyzing version 4.2.4-dev.cbbbd84.0 (432/515)...
2025-11-07 11:33:32,571 - BlankSpaceAnalyzer - INFO - -> Analyzing version 4.2.4-dev.cbcfc18.0 (433/515)...
2025-11-07 11:33:32,620 - BlankSpaceAnalyzer - INFO - -> Analyzing version 4.2.4-dev.d9d0391.0 (434/515)...
2025-11-07 11:33:32,669 - BlankSpaceAnalyzer - INFO - -> Analyzing version 4.2.4-dev.dee14ec.0 (435/515)...
2025-11-07 11:33:32,721 - BlankSpaceAnalyzer - INFO - -> Analyzing version 4.2.4-dev.e5efe49.0 (436/515)...
2025-11-07 11:33:32,770 - BlankSpaceAnalyzer - INFO - -> Analyzing version 4.2.4-dev.e746566.0 (437/515)...
2025-11-07 11:33:32,820 - BlankSpaceAnalyzer - INFO - -> Analyzing version 4.2.4-dev.f351e00.0 (438/515)...
2025-11-07 11:33:32,870 - BlankSpaceAnalyzer - INFO - -> Analyzing version 4.2.4-dev.f87ffbe.0 (439/515)...
2025-11-07 11:33:32,920 - BlankSpaceAnalyzer - INFO - -> Analyzing version 4.2.5-dev.04da324.0 (440/515)...
2025-11-07 11:33:32,969 - BlankSpaceAnalyzer - INFO - -> Analyzing version 4.2.5-dev.32c8cc8.0 (441/515)...
2025-11-07 11:33:33,020 - BlankSpaceAnalyzer - INFO - -> Analyzing version 4.2.5-dev.496ed93.0 (442/515)...
2025-11-07 11:33:33,070 - BlankSpaceAnalyzer - INFO - -> Analyzing version 4.2.5-dev.5a7e302.0 (443/515)...
2025-11-07 11:33:33,121 - BlankSpaceAnalyzer - INFO - -> Analyzing version 4.2.5-dev.61babcc.0 (444/515)...
2025-11-07 11:33:33,170 - BlankSpaceAnalyzer - INFO - -> Analyzing version 4.2.5-dev.69187c5.0 (445/515)...
2025-11-07 11:33:33,220 - BlankSpaceAnalyzer - INFO - -> Analyzing version 4.2.5-dev.6f9a485.0 (446/515)...
2025-11-07 11:33:33,270 - BlankSpaceAnalyzer - INFO - -> Analyzing version 4.2.5-dev.7008e5c.0 (447/515)...
2025-11-07 11:33:33,320 - BlankSpaceAnalyzer - INFO - -> Analyzing version 4.2.5-dev.76c468a.0 (448/515)...
2025-11-07 11:33:33,373 - BlankSpaceAnalyzer - INFO - -> Analyzing version 4.2.5-dev.7c207b8.0 (449/515)...
2025-11-07 11:33:33,422 - BlankSpaceAnalyzer - INFO - -> Analyzing version 4.2.5-dev.822f8c1.0 (450/515)...
2025-11-07 11:33:33,472 - BlankSpaceAnalyzer - INFO - -> Analyzing version 4.2.5-dev.9edb183.0 (451/515)...
2025-11-07 11:33:33,522 - BlankSpaceAnalyzer - INFO - -> Analyzing version 4.2.5-dev.aa471e7.0 (452/515)...
2025-11-07 11:33:33,571 - BlankSpaceAnalyzer - INFO - -> Analyzing version 4.2.5-dev.adf483f.0 (453/515)...
2025-11-07 11:33:33,620 - BlankSpaceAnalyzer - INFO - -> Analyzing version 4.2.5-dev.bbde6ea.0 (454/515)...
2025-11-07 11:33:33,670 - BlankSpaceAnalyzer - INFO - -> Analyzing version 4.2.5-dev.c602fc6.0 (455/515)...
2025-11-07 11:33:33,721 - BlankSpaceAnalyzer - INFO - -> Analyzing version 4.2.5-dev.cc99825.0 (456/515)...
2025-11-07 11:33:33,770 - BlankSpaceAnalyzer - INFO - -> Analyzing version 4.2.5-dev.d45b712.0 (457/515)...
2025-11-07 11:33:33,820 - BlankSpaceAnalyzer - INFO - -> Analyzing version 4.2.5-dev.d6baee6.0 (458/515)...
2025-11-07 11:33:33,870 - BlankSpaceAnalyzer - INFO - -> Analyzing version 4.2.5-dev.dcd9d6a.0 (459/515)...
2025-11-07 11:33:33,920 - BlankSpaceAnalyzer - INFO - -> Analyzing version 4.2.5-dev.f701406.0 (460/515)...
2025-11-07 11:33:33,969 - BlankSpaceAnalyzer - INFO - -> Analyzing version 4.2.5-dev.facc2e6.0 (461/515)...
2025-11-07 11:33:34,019 - BlankSpaceAnalyzer - INFO - -> Analyzing version 4.3.0 (462/515)...
2025-11-07 11:33:34,069 - BlankSpaceAnalyzer - INFO - -> Analyzing version 4.3.1-dev.0681f97.0 (463/515)...
2025-11-07 11:33:34,118 - BlankSpaceAnalyzer - INFO - -> Analyzing version 4.3.1-dev.07993c2.0 (464/515)...
2025-11-07 11:33:34,171 - BlankSpaceAnalyzer - INFO - -> Analyzing version 4.3.1-dev.3283431.0 (465/515)...
2025-11-07 11:33:34,220 - BlankSpaceAnalyzer - INFO - -> Analyzing version 4.3.1-dev.331aa9c.0 (466/515)...
2025-11-07 11:33:34,269 - BlankSpaceAnalyzer - INFO - -> Analyzing version 4.3.1-dev.3687070.0 (467/515)...
2025-11-07 11:33:34,318 - BlankSpaceAnalyzer - INFO - -> Analyzing version 4.3.1-dev.376f192.0 (468/515)...
2025-11-07 11:33:34,367 - BlankSpaceAnalyzer - INFO - -> Analyzing version 4.3.1-dev.4aaf915.0 (469/515)...
2025-11-07 11:33:34,417 - BlankSpaceAnalyzer - INFO - -> Analyzing version 4.3.1-dev.4ca66af.0 (470/515)...
2025-11-07 11:33:34,467 - BlankSpaceAnalyzer - INFO - -> Analyzing version 4.3.1-dev.69d83e7.0 (471/515)...
2025-11-07 11:33:34,516 - BlankSpaceAnalyzer - INFO - -> Analyzing version 4.3.1-dev.70352cd.0 (472/515)...
2025-11-07 11:33:34,567 - BlankSpaceAnalyzer - INFO - -> Analyzing version 4.3.1-dev.95b4bab.0 (473/515)...
2025-11-07 11:33:34,617 - BlankSpaceAnalyzer - INFO - -> Analyzing version 4.3.1-dev.9fa32c9.0 (474/515)...
2025-11-07 11:33:34,667 - BlankSpaceAnalyzer - INFO - -> Analyzing version 4.3.1-dev.d3baae6.0 (475/515)...
2025-11-07 11:33:34,717 - BlankSpaceAnalyzer - INFO - -> Analyzing version 4.3.1-dev.d446838.0 (476/515)...
2025-11-07 11:33:34,767 - BlankSpaceAnalyzer - INFO - -> Analyzing version 4.3.1-dev.ed85cce.0 (477/515)...
2025-11-07 11:33:34,816 - BlankSpaceAnalyzer - INFO - -> Analyzing version 4.3.1-dev.efac906.0 (478/515)...
2025-11-07 11:33:34,867 - BlankSpaceAnalyzer - INFO - -> Analyzing version 4.3.1-dev.fab66e9.0 (479/515)...
2025-11-07 11:33:34,917 - BlankSpaceAnalyzer - INFO - -> Analyzing version 4.4.0 (480/515)...
2025-11-07 11:33:34,970 - BlankSpaceAnalyzer - INFO - -> Analyzing version 4.4.1 (481/515)...
2025-11-07 11:33:35,019 - BlankSpaceAnalyzer - INFO - -> Analyzing version 4.4.1-dev.079c558.0 (482/515)...
2025-11-07 11:33:35,069 - BlankSpaceAnalyzer - INFO - -> Analyzing version 4.4.1-dev.0915cf4.0 (483/515)...
2025-11-07 11:33:35,119 - BlankSpaceAnalyzer - INFO - -> Analyzing version 4.4.1-dev.098ee6d.0 (484/515)...
2025-11-07 11:33:35,169 - BlankSpaceAnalyzer - INFO - -> Analyzing version 4.4.1-dev.0cbc23d.0 (485/515)...
2025-11-07 11:33:35,219 - BlankSpaceAnalyzer - INFO - -> Analyzing version 4.4.1-dev.1724f35.0 (486/515)...
2025-11-07 11:33:35,268 - BlankSpaceAnalyzer - INFO - -> Analyzing version 4.4.1-dev.1b367e6.0 (487/515)...
2025-11-07 11:33:35,318 - BlankSpaceAnalyzer - INFO - -> Analyzing version 4.4.1-dev.2011192.0 (488/515)...
2025-11-07 11:33:35,369 - BlankSpaceAnalyzer - INFO - -> Analyzing version 4.4.1-dev.3b122a2.0 (489/515)...
2025-11-07 11:33:35,420 - BlankSpaceAnalyzer - INFO - -> Analyzing version 4.4.1-dev.471c12b.0 (490/515)...
2025-11-07 11:33:35,471 - BlankSpaceAnalyzer - INFO - -> Analyzing version 4.4.1-dev.4c55d98.0 (491/515)...
2025-11-07 11:33:35,520 - BlankSpaceAnalyzer - INFO - -> Analyzing version 4.4.1-dev.5437fbc.0 (492/515)...
2025-11-07 11:33:35,570 - BlankSpaceAnalyzer - INFO - -> Analyzing version 4.4.1-dev.56d4aec.0 (493/515)...
2025-11-07 11:33:35,620 - BlankSpaceAnalyzer - INFO - -> Analyzing version 4.4.1-dev.5eeb2d6.0 (494/515)...
2025-11-07 11:33:35,672 - BlankSpaceAnalyzer - INFO - -> Analyzing version 4.4.1-dev.6229f4d.0 (495/515)...
2025-11-07 11:33:35,723 - BlankSpaceAnalyzer - INFO - -> Analyzing version 4.4.1-dev.6379aa8.0 (496/515)...
2025-11-07 11:33:35,774 - BlankSpaceAnalyzer - INFO - -> Analyzing version 4.4.1-dev.6ad1ca9.0 (497/515)...
2025-11-07 11:33:35,823 - BlankSpaceAnalyzer - INFO - -> Analyzing version 4.4.1-dev.6af068f.0 (498/515)...
2025-11-07 11:33:35,873 - BlankSpaceAnalyzer - INFO - -> Analyzing version 4.4.1-dev.7109fb2.0 (499/515)...
2025-11-07 11:33:35,924 - BlankSpaceAnalyzer - INFO - -> Analyzing version 4.4.1-dev.7a8df69.0 (500/515)...
2025-11-07 11:33:35,974 - BlankSpaceAnalyzer - INFO - -> Analyzing version 4.4.1-dev.8c55cb0.0 (501/515)...
2025-11-07 11:33:36,023 - BlankSpaceAnalyzer - INFO - -> Analyzing version 4.4.1-dev.926044b.0 (502/515)...
2025-11-07 11:33:36,072 - BlankSpaceAnalyzer - INFO - -> Analyzing version 4.4.1-dev.984cb7c.0 (503/515)...
2025-11-07 11:33:36,123 - BlankSpaceAnalyzer - INFO - -> Analyzing version 4.4.1-dev.9aab5cd.0 (504/515)...
2025-11-07 11:33:36,206 - BlankSpaceAnalyzer - INFO - -> Analyzing version 4.4.1-dev.acdb0c7.0 (505/515)...
2025-11-07 11:33:36,257 - BlankSpaceAnalyzer - INFO - -> Analyzing version 4.4.1-dev.b3ee417.0 (506/515)...
2025-11-07 11:33:36,307 - BlankSpaceAnalyzer - INFO - -> Analyzing version 4.4.1-dev.bde1316.0 (507/515)...
2025-11-07 11:33:36,358 - BlankSpaceAnalyzer - INFO - -> Analyzing version 4.4.1-dev.e79ace2.0 (508/515)...
2025-11-07 11:33:36,410 - BlankSpaceAnalyzer - INFO - -> Analyzing version 4.4.2-dev.594f83a.0 (509/515)...
2025-11-07 11:33:36,460 - BlankSpaceAnalyzer - INFO - -> Analyzing version 4.4.2-dev.89976a9.0 (510/515)...
2025-11-07 11:33:36,510 - BlankSpaceAnalyzer - INFO - -> Analyzing version 4.4.2-dev.ae99434.0 (511/515)...
2025-11-07 11:33:36,561 - BlankSpaceAnalyzer - INFO - -> Analyzing version 4.4.2-dev.bc4a34b.0 (512/515)...
2025-11-07 11:33:36,612 - BlankSpaceAnalyzer - INFO - -> Analyzing version 4.4.2-dev.bf16917.0 (513/515)...
2025-11-07 11:33:36,663 - BlankSpaceAnalyzer - INFO - -> Analyzing version 4.4.2-dev.f41ca32.0 (514/515)...
2025-11-07 11:33:36,714 - BlankSpaceAnalyzer - INFO - -> Analyzing version 4.4.2-dev.fa5ce5b.0 (515/515)...
2025-11-07 11:33:36,769 - BlankSpaceAnalyzer - INFO - Exporting results for 'web3-eth-abi' to CSV...
2025-11-07 11:33:37,468 - BlankSpaceAnalyzer - INFO - Reports saved in: /app/npm_results/web3-eth-abi
2025-11-07 11:33:37,470 - NPM_Analyzer - INFO - Cleaning temporary folder 'temp/web3-eth-abi'...
2025-11-07 11:33:38,501 - NPM_Analyzer - INFO - Cleanup completed.
