2025-10-25 15:43:58,649 - NPM_Analyzer - INFO - Fetching metadata for 'pino-pretty'...
2025-10-25 15:43:58,759 - NPM_Analyzer - INFO - Found 95 versions. Starting download into 'temp/pino-pretty'...
2025-10-25 15:44:57,700 - BlankSpaceAnalyzer - INFO - Analyzing 95 versions for '*.js' in 'pino-pretty'.
2025-10-25 15:44:57,700 - BlankSpaceAnalyzer - INFO - -> Analyzing version 1.0.0 (1/95)...
2025-10-25 15:44:57,789 - BlankSpaceAnalyzer - INFO - -> Analyzing version 1.0.1 (2/95)...
2025-10-25 15:44:57,850 - BlankSpaceAnalyzer - INFO - -> Analyzing version 10.0.0 (3/95)...
2025-10-25 15:44:57,918 - BlankSpaceAnalyzer - INFO - -> Analyzing version 10.0.1 (4/95)...
2025-10-25 15:44:57,984 - BlankSpaceAnalyzer - INFO - -> Analyzing version 10.1.0 (5/95)...
2025-10-25 15:44:58,046 - BlankSpaceAnalyzer - INFO - -> Analyzing version 10.2.0 (6/95)...
2025-10-25 15:44:58,113 - BlankSpaceAnalyzer - INFO - -> Analyzing version 10.2.1 (7/95)...
2025-10-25 15:44:58,182 - BlankSpaceAnalyzer - INFO - -> Analyzing version 10.2.2 (8/95)...
2025-10-25 15:44:58,245 - BlankSpaceAnalyzer - INFO - -> Analyzing version 10.2.3 (9/95)...
2025-10-25 15:44:58,314 - BlankSpaceAnalyzer - INFO - -> Analyzing version 10.3.0 (10/95)...
2025-10-25 15:44:58,385 - BlankSpaceAnalyzer - INFO - -> Analyzing version 10.3.1 (11/95)...
2025-10-25 15:44:58,455 - BlankSpaceAnalyzer - INFO - -> Analyzing version 11.0.0 (12/95)...
2025-10-25 15:44:58,526 - BlankSpaceAnalyzer - INFO - -> Analyzing version 11.1.0 (13/95)...
2025-10-25 15:44:58,595 - BlankSpaceAnalyzer - INFO - -> Analyzing version 11.2.0 (14/95)...
2025-10-25 15:44:58,666 - BlankSpaceAnalyzer - INFO - -> Analyzing version 11.2.1 (15/95)...
2025-10-25 15:44:58,736 - BlankSpaceAnalyzer - INFO - -> Analyzing version 11.2.2 (16/95)...
2025-10-25 15:44:58,806 - BlankSpaceAnalyzer - INFO - -> Analyzing version 11.3.0 (17/95)...
2025-10-25 15:44:58,876 - BlankSpaceAnalyzer - INFO - -> Analyzing version 12.0.0 (18/95)...
2025-10-25 15:44:58,940 - BlankSpaceAnalyzer - INFO - -> Analyzing version 12.1.0 (19/95)...
2025-10-25 15:44:59,010 - BlankSpaceAnalyzer - INFO - -> Analyzing version 13.0.0 (20/95)...
2025-10-25 15:44:59,082 - BlankSpaceAnalyzer - INFO - -> Analyzing version 13.1.0 (21/95)...
2025-10-25 15:44:59,153 - BlankSpaceAnalyzer - INFO - -> Analyzing version 13.1.1 (22/95)...
2025-10-25 15:44:59,223 - BlankSpaceAnalyzer - INFO - -> Analyzing version 13.1.2 (23/95)...
2025-10-25 15:44:59,294 - BlankSpaceAnalyzer - INFO - -> Analyzing version 2.0.0 (24/95)...
2025-10-25 15:44:59,361 - BlankSpaceAnalyzer - INFO - -> Analyzing version 2.0.0-rc.1 (25/95)...
2025-10-25 15:44:59,427 - BlankSpaceAnalyzer - INFO - -> Analyzing version 2.0.1 (26/95)...
2025-10-25 15:44:59,492 - BlankSpaceAnalyzer - INFO - -> Analyzing version 2.1.0 (27/95)...
2025-10-25 15:44:59,552 - BlankSpaceAnalyzer - INFO - -> Analyzing version 2.2.0 (28/95)...
2025-10-25 15:44:59,619 - BlankSpaceAnalyzer - INFO - -> Analyzing version 2.2.1 (29/95)...
2025-10-25 15:44:59,685 - BlankSpaceAnalyzer - INFO - -> Analyzing version 2.2.2 (30/95)...
2025-10-25 15:44:59,751 - BlankSpaceAnalyzer - INFO - -> Analyzing version 2.2.3 (31/95)...
2025-10-25 15:44:59,818 - BlankSpaceAnalyzer - INFO - -> Analyzing version 2.2.4 (32/95)...
2025-10-25 15:44:59,885 - BlankSpaceAnalyzer - INFO - -> Analyzing version 2.3.0 (33/95)...
2025-10-25 15:44:59,953 - BlankSpaceAnalyzer - INFO - -> Analyzing version 2.4.0 (34/95)...
2025-10-25 15:45:00,020 - BlankSpaceAnalyzer - INFO - -> Analyzing version 2.5.0 (35/95)...
2025-10-25 15:45:00,086 - BlankSpaceAnalyzer - INFO - -> Analyzing version 2.6.0 (36/95)...
2025-10-25 15:45:00,153 - BlankSpaceAnalyzer - INFO - -> Analyzing version 2.6.1 (37/95)...
2025-10-25 15:45:00,220 - BlankSpaceAnalyzer - INFO - -> Analyzing version 3.0.0 (38/95)...
2025-10-25 15:45:00,287 - BlankSpaceAnalyzer - INFO - -> Analyzing version 3.0.0-rc.1 (39/95)...
2025-10-25 15:45:00,355 - BlankSpaceAnalyzer - INFO - -> Analyzing version 3.0.0-rc.2 (40/95)...
2025-10-25 15:45:00,422 - BlankSpaceAnalyzer - INFO - -> Analyzing version 3.0.1 (41/95)...
2025-10-25 15:45:00,489 - BlankSpaceAnalyzer - INFO - -> Analyzing version 3.1.0 (42/95)...
2025-10-25 15:45:00,556 - BlankSpaceAnalyzer - INFO - -> Analyzing version 3.2.0 (43/95)...
2025-10-25 15:45:00,624 - BlankSpaceAnalyzer - INFO - -> Analyzing version 3.2.1 (44/95)...
2025-10-25 15:45:00,693 - BlankSpaceAnalyzer - INFO - -> Analyzing version 3.2.2 (45/95)...
2025-10-25 15:45:00,760 - BlankSpaceAnalyzer - INFO - -> Analyzing version 3.3.0 (46/95)...
2025-10-25 15:45:00,827 - BlankSpaceAnalyzer - INFO - -> Analyzing version 3.4.0 (47/95)...
2025-10-25 15:45:00,894 - BlankSpaceAnalyzer - INFO - -> Analyzing version 3.5.0 (48/95)...
2025-10-25 15:45:00,962 - BlankSpaceAnalyzer - INFO - -> Analyzing version 3.6.0 (49/95)...
2025-10-25 15:45:01,030 - BlankSpaceAnalyzer - INFO - -> Analyzing version 3.6.1 (50/95)...
2025-10-25 15:45:01,097 - BlankSpaceAnalyzer - INFO - -> Analyzing version 4.0.0 (51/95)...
2025-10-25 15:45:01,165 - BlankSpaceAnalyzer - INFO - -> Analyzing version 4.0.1 (52/95)...
2025-10-25 15:45:01,232 - BlankSpaceAnalyzer - INFO - -> Analyzing version 4.0.2 (53/95)...
2025-10-25 15:45:01,300 - BlankSpaceAnalyzer - INFO - -> Analyzing version 4.0.3 (54/95)...
2025-10-25 15:45:01,367 - BlankSpaceAnalyzer - INFO - -> Analyzing version 4.1.0 (55/95)...
2025-10-25 15:45:01,434 - BlankSpaceAnalyzer - INFO - -> Analyzing version 4.2.0 (56/95)...
2025-10-25 15:45:01,501 - BlankSpaceAnalyzer - INFO - -> Analyzing version 4.2.1 (57/95)...
2025-10-25 15:45:01,568 - BlankSpaceAnalyzer - INFO - -> Analyzing version 4.3.0 (58/95)...
2025-10-25 15:45:01,635 - BlankSpaceAnalyzer - INFO - -> Analyzing version 4.4.0 (59/95)...
2025-10-25 15:45:01,703 - BlankSpaceAnalyzer - INFO - -> Analyzing version 4.5.0 (60/95)...
2025-10-25 15:45:01,771 - BlankSpaceAnalyzer - INFO - -> Analyzing version 4.6.0 (61/95)...
2025-10-25 15:45:01,838 - BlankSpaceAnalyzer - INFO - -> Analyzing version 4.7.0 (62/95)...
2025-10-25 15:45:01,905 - BlankSpaceAnalyzer - INFO - -> Analyzing version 4.7.1 (63/95)...
2025-10-25 15:45:01,973 - BlankSpaceAnalyzer - INFO - -> Analyzing version 4.8.0 (64/95)...
2025-10-25 15:45:02,041 - BlankSpaceAnalyzer - INFO - -> Analyzing version 5.0.0 (65/95)...
2025-10-25 15:45:02,109 - BlankSpaceAnalyzer - INFO - -> Analyzing version 5.0.1 (66/95)...
2025-10-25 15:45:02,179 - BlankSpaceAnalyzer - INFO - -> Analyzing version 5.0.2 (67/95)...
2025-10-25 15:45:02,239 - BlankSpaceAnalyzer - INFO - -> Analyzing version 5.1.0 (68/95)...
2025-10-25 15:45:02,305 - BlankSpaceAnalyzer - INFO - -> Analyzing version 5.1.1 (69/95)...
2025-10-25 15:45:02,373 - BlankSpaceAnalyzer - INFO - -> Analyzing version 5.1.2 (70/95)...
2025-10-25 15:45:02,441 - BlankSpaceAnalyzer - INFO - -> Analyzing version 5.1.3 (71/95)...
2025-10-25 15:45:02,511 - BlankSpaceAnalyzer - INFO - -> Analyzing version 6.0.0 (72/95)...
2025-10-25 15:45:02,577 - BlankSpaceAnalyzer - INFO - -> Analyzing version 7.0.0 (73/95)...
2025-10-25 15:45:02,645 - BlankSpaceAnalyzer - INFO - -> Analyzing version 7.0.1 (74/95)...
2025-10-25 15:45:02,714 - BlankSpaceAnalyzer - INFO - -> Analyzing version 7.1.0 (75/95)...
2025-10-25 15:45:02,782 - BlankSpaceAnalyzer - INFO - -> Analyzing version 7.2.0 (76/95)...
2025-10-25 15:45:02,850 - BlankSpaceAnalyzer - INFO - -> Analyzing version 7.3.0 (77/95)...
2025-10-25 15:45:02,918 - BlankSpaceAnalyzer - INFO - -> Analyzing version 7.4.0 (78/95)...
2025-10-25 15:45:02,985 - BlankSpaceAnalyzer - INFO - -> Analyzing version 7.5.0 (79/95)...
2025-10-25 15:45:03,054 - BlankSpaceAnalyzer - INFO - -> Analyzing version 7.5.1 (80/95)...
2025-10-25 15:45:03,124 - BlankSpaceAnalyzer - INFO - -> Analyzing version 7.5.2 (81/95)...
2025-10-25 15:45:03,191 - BlankSpaceAnalyzer - INFO - -> Analyzing version 7.5.3 (82/95)...
2025-10-25 15:45:03,259 - BlankSpaceAnalyzer - INFO - -> Analyzing version 7.5.4 (83/95)...
2025-10-25 15:45:03,328 - BlankSpaceAnalyzer - INFO - -> Analyzing version 7.6.0 (84/95)...
2025-10-25 15:45:03,395 - BlankSpaceAnalyzer - INFO - -> Analyzing version 7.6.1 (85/95)...
2025-10-25 15:45:03,463 - BlankSpaceAnalyzer - INFO - -> Analyzing version 8.0.0 (86/95)...
2025-10-25 15:45:03,532 - BlankSpaceAnalyzer - INFO - -> Analyzing version 8.1.0 (87/95)...
2025-10-25 15:45:03,599 - BlankSpaceAnalyzer - INFO - -> Analyzing version 9.0.0 (88/95)...
2025-10-25 15:45:03,666 - BlankSpaceAnalyzer - INFO - -> Analyzing version 9.0.1 (89/95)...
2025-10-25 15:45:03,736 - BlankSpaceAnalyzer - INFO - -> Analyzing version 9.1.0 (90/95)...
2025-10-25 15:45:03,803 - BlankSpaceAnalyzer - INFO - -> Analyzing version 9.1.1 (91/95)...
2025-10-25 15:45:03,870 - BlankSpaceAnalyzer - INFO - -> Analyzing version 9.2.0 (92/95)...
2025-10-25 15:45:03,938 - BlankSpaceAnalyzer - INFO - -> Analyzing version 9.3.0 (93/95)...
2025-10-25 15:45:04,006 - BlankSpaceAnalyzer - INFO - -> Analyzing version 9.4.0 (94/95)...
2025-10-25 15:45:04,075 - BlankSpaceAnalyzer - INFO - -> Analyzing version 9.4.1 (95/95)...
2025-10-25 15:45:04,136 - BlankSpaceAnalyzer - INFO - Exporting results for 'pino-pretty' to CSV...
2025-10-25 15:45:04,238 - BlankSpaceAnalyzer - INFO - Reports saved in: /app/npm_results/pino-pretty
2025-10-25 15:45:04,239 - NPM_Analyzer - INFO - Cleaning temporary folder 'temp/pino-pretty'...
2025-10-25 15:45:04,304 - NPM_Analyzer - INFO - Cleanup completed.
