2025-11-11 05:19:46,433 - NPM_HUT_Analyzer - INFO - Recupero metadata per 'undici-types'...
2025-11-11 05:19:46,519 - NPM_HUT_Analyzer - INFO - Trovate 81 versioni. Inizio download in 'temp_hut/undici-types'...
2025-11-11 05:20:33,644 - UnicodeAnalyzer - INFO - Analizzando 81 versioni per '*.js' in 'undici-types'.
2025-11-11 05:20:33,645 - UnicodeAnalyzer - INFO - -> Analizzando versione 0.0.1 (1/81)...
2025-11-11 05:20:33,646 - UnicodeAnalyzer - INFO - -> Analizzando versione 5.24.0-test.2 (2/81)...
2025-11-11 05:20:33,647 - UnicodeAnalyzer - INFO - -> Analizzando versione 5.24.0-test.5 (3/81)...
2025-11-11 05:20:33,647 - UnicodeAnalyzer - INFO - -> Analizzando versione 5.24.0-test.6 (4/81)...
2025-11-11 05:20:33,648 - UnicodeAnalyzer - INFO - -> Analizzando versione 5.25.1 (5/81)...
2025-11-11 05:20:33,649 - UnicodeAnalyzer - INFO - -> Analizzando versione 5.25.2 (6/81)...
2025-11-11 05:20:33,649 - UnicodeAnalyzer - INFO - -> Analizzando versione 5.25.3 (7/81)...
2025-11-11 05:20:33,650 - UnicodeAnalyzer - INFO - -> Analizzando versione 5.26.0 (8/81)...
2025-11-11 05:20:33,651 - UnicodeAnalyzer - INFO - -> Analizzando versione 5.26.1 (9/81)...
2025-11-11 05:20:33,651 - UnicodeAnalyzer - INFO - -> Analizzando versione 5.26.2 (10/81)...
2025-11-11 05:20:33,652 - UnicodeAnalyzer - INFO - -> Analizzando versione 5.26.3 (11/81)...
2025-11-11 05:20:33,653 - UnicodeAnalyzer - INFO - -> Analizzando versione 5.26.4 (12/81)...
2025-11-11 05:20:33,654 - UnicodeAnalyzer - INFO - -> Analizzando versione 5.26.5 (13/81)...
2025-11-11 05:20:33,655 - UnicodeAnalyzer - INFO - -> Analizzando versione 5.27.0 (14/81)...
2025-11-11 05:20:33,656 - UnicodeAnalyzer - INFO - -> Analizzando versione 5.27.1 (15/81)...
2025-11-11 05:20:33,657 - UnicodeAnalyzer - INFO - -> Analizzando versione 5.27.2 (16/81)...
2025-11-11 05:20:33,658 - UnicodeAnalyzer - INFO - -> Analizzando versione 5.28.0 (17/81)...
2025-11-11 05:20:33,659 - UnicodeAnalyzer - INFO - -> Analizzando versione 5.28.1 (18/81)...
2025-11-11 05:20:33,659 - UnicodeAnalyzer - INFO - -> Analizzando versione 5.28.2 (19/81)...
2025-11-11 05:20:33,660 - UnicodeAnalyzer - INFO - -> Analizzando versione 5.28.3 (20/81)...
2025-11-11 05:20:33,661 - UnicodeAnalyzer - INFO - -> Analizzando versione 5.28.4 (21/81)...
2025-11-11 05:20:33,661 - UnicodeAnalyzer - INFO - -> Analizzando versione 6.0.0 (22/81)...
2025-11-11 05:20:33,662 - UnicodeAnalyzer - INFO - -> Analizzando versione 6.0.1 (23/81)...
2025-11-11 05:20:33,663 - UnicodeAnalyzer - INFO - -> Analizzando versione 6.1.0 (24/81)...
2025-11-11 05:20:33,665 - UnicodeAnalyzer - INFO - -> Analizzando versione 6.10.0 (25/81)...
2025-11-11 05:20:33,666 - UnicodeAnalyzer - INFO - -> Analizzando versione 6.10.1 (26/81)...
2025-11-11 05:20:33,667 - UnicodeAnalyzer - INFO - -> Analizzando versione 6.10.2 (27/81)...
2025-11-11 05:20:33,667 - UnicodeAnalyzer - INFO - -> Analizzando versione 6.11.0 (28/81)...
2025-11-11 05:20:33,668 - UnicodeAnalyzer - INFO - -> Analizzando versione 6.11.1 (29/81)...
2025-11-11 05:20:33,668 - UnicodeAnalyzer - INFO - -> Analizzando versione 6.12.0 (30/81)...
2025-11-11 05:20:33,669 - UnicodeAnalyzer - INFO - -> Analizzando versione 6.13.0 (31/81)...
2025-11-11 05:20:33,669 - UnicodeAnalyzer - INFO - -> Analizzando versione 6.14.0 (32/81)...
2025-11-11 05:20:33,670 - UnicodeAnalyzer - INFO - -> Analizzando versione 6.14.1 (33/81)...
2025-11-11 05:20:33,670 - UnicodeAnalyzer - INFO - -> Analizzando versione 6.15.0 (34/81)...
2025-11-11 05:20:33,671 - UnicodeAnalyzer - INFO - -> Analizzando versione 6.16.0 (35/81)...
2025-11-11 05:20:33,671 - UnicodeAnalyzer - INFO - -> Analizzando versione 6.16.1 (36/81)...
2025-11-11 05:20:33,672 - UnicodeAnalyzer - INFO - -> Analizzando versione 6.17.0 (37/81)...
2025-11-11 05:20:33,672 - UnicodeAnalyzer - INFO - -> Analizzando versione 6.18.0 (38/81)...
2025-11-11 05:20:33,672 - UnicodeAnalyzer - INFO - -> Analizzando versione 6.18.1 (39/81)...
2025-11-11 05:20:33,673 - UnicodeAnalyzer - INFO - -> Analizzando versione 6.18.2 (40/81)...
2025-11-11 05:20:33,673 - UnicodeAnalyzer - INFO - -> Analizzando versione 6.19.1 (41/81)...
2025-11-11 05:20:33,674 - UnicodeAnalyzer - INFO - -> Analizzando versione 6.19.2 (42/81)...
2025-11-11 05:20:33,674 - UnicodeAnalyzer - INFO - -> Analizzando versione 6.19.3 (43/81)...
2025-11-11 05:20:33,674 - UnicodeAnalyzer - INFO - -> Analizzando versione 6.19.4 (44/81)...
2025-11-11 05:20:33,675 - UnicodeAnalyzer - INFO - -> Analizzando versione 6.19.5 (45/81)...
2025-11-11 05:20:33,675 - UnicodeAnalyzer - INFO - -> Analizzando versione 6.19.6 (46/81)...
2025-11-11 05:20:33,675 - UnicodeAnalyzer - INFO - -> Analizzando versione 6.19.8 (47/81)...
2025-11-11 05:20:33,676 - UnicodeAnalyzer - INFO - -> Analizzando versione 6.2.0 (48/81)...
2025-11-11 05:20:33,676 - UnicodeAnalyzer - INFO - -> Analizzando versione 6.2.1 (49/81)...
2025-11-11 05:20:33,676 - UnicodeAnalyzer - INFO - -> Analizzando versione 6.20.0 (50/81)...
2025-11-11 05:20:33,677 - UnicodeAnalyzer - INFO - -> Analizzando versione 6.21.0 (51/81)...
2025-11-11 05:20:33,677 - UnicodeAnalyzer - INFO - -> Analizzando versione 6.3.0 (52/81)...
2025-11-11 05:20:33,677 - UnicodeAnalyzer - INFO - -> Analizzando versione 6.4.0 (53/81)...
2025-11-11 05:20:33,677 - UnicodeAnalyzer - INFO - -> Analizzando versione 6.5.0 (54/81)...
2025-11-11 05:20:33,678 - UnicodeAnalyzer - INFO - -> Analizzando versione 6.6.0 (55/81)...
2025-11-11 05:20:33,678 - UnicodeAnalyzer - INFO - -> Analizzando versione 6.6.1 (56/81)...
2025-11-11 05:20:33,678 - UnicodeAnalyzer - INFO - -> Analizzando versione 6.6.2 (57/81)...
2025-11-11 05:20:33,678 - UnicodeAnalyzer - INFO - -> Analizzando versione 6.7.0 (58/81)...
2025-11-11 05:20:33,679 - UnicodeAnalyzer - INFO - -> Analizzando versione 6.7.1 (59/81)...
2025-11-11 05:20:33,679 - UnicodeAnalyzer - INFO - -> Analizzando versione 6.8.0 (60/81)...
2025-11-11 05:20:33,679 - UnicodeAnalyzer - INFO - -> Analizzando versione 6.9.0 (61/81)...
2025-11-11 05:20:33,679 - UnicodeAnalyzer - INFO - -> Analizzando versione 7.0.0 (62/81)...
2025-11-11 05:20:33,679 - UnicodeAnalyzer - INFO - -> Analizzando versione 7.1.0 (63/81)...
2025-11-11 05:20:33,679 - UnicodeAnalyzer - INFO - -> Analizzando versione 7.1.1 (64/81)...
2025-11-11 05:20:33,680 - UnicodeAnalyzer - INFO - -> Analizzando versione 7.10.0 (65/81)...
2025-11-11 05:20:33,680 - UnicodeAnalyzer - INFO - -> Analizzando versione 7.11.0 (66/81)...
2025-11-11 05:20:33,680 - UnicodeAnalyzer - INFO - -> Analizzando versione 7.12.0 (67/81)...
2025-11-11 05:20:33,680 - UnicodeAnalyzer - INFO - -> Analizzando versione 7.13.0 (68/81)...
2025-11-11 05:20:33,680 - UnicodeAnalyzer - INFO - -> Analizzando versione 7.14.0 (69/81)...
2025-11-11 05:20:33,680 - UnicodeAnalyzer - INFO - -> Analizzando versione 7.15.0 (70/81)...
2025-11-11 05:20:33,680 - UnicodeAnalyzer - INFO - -> Analizzando versione 7.16.0 (71/81)...
2025-11-11 05:20:33,681 - UnicodeAnalyzer - INFO - -> Analizzando versione 7.2.0 (72/81)...
2025-11-11 05:20:33,681 - UnicodeAnalyzer - INFO - -> Analizzando versione 7.2.1 (73/81)...
2025-11-11 05:20:33,681 - UnicodeAnalyzer - INFO - -> Analizzando versione 7.2.2 (74/81)...
2025-11-11 05:20:33,681 - UnicodeAnalyzer - INFO - -> Analizzando versione 7.2.3 (75/81)...
2025-11-11 05:20:33,681 - UnicodeAnalyzer - INFO - -> Analizzando versione 7.3.0 (76/81)...
2025-11-11 05:20:33,681 - UnicodeAnalyzer - INFO - -> Analizzando versione 7.4.0 (77/81)...
2025-11-11 05:20:33,681 - UnicodeAnalyzer - INFO - -> Analizzando versione 7.5.0 (78/81)...
2025-11-11 05:20:33,682 - UnicodeAnalyzer - INFO - -> Analizzando versione 7.7.0 (79/81)...
2025-11-11 05:20:33,682 - UnicodeAnalyzer - INFO - -> Analizzando versione 7.8.0 (80/81)...
2025-11-11 05:20:33,682 - UnicodeAnalyzer - INFO - -> Analizzando versione 7.9.0 (81/81)...
2025-11-11 05:20:33,682 - UnicodeAnalyzer - INFO - Esportando i risultati HUT per 'undici-types' in CSV...
2025-11-11 05:20:33,682 - UnicodeAnalyzer - WARNING - Nessun file analizzato. I file CSV saranno vuoti.
2025-11-11 05:20:33,682 - NPM_HUT_Analyzer - INFO - Pulizia cartella temporanea 'temp_hut/undici-types'...
2025-11-11 05:20:33,736 - NPM_HUT_Analyzer - INFO - Pulizia completata.
