2025-10-30 08:44:00,854 - NPM_Analyzer - INFO - Fetching metadata for 'better-sqlite3'...
2025-10-30 08:44:01,002 - NPM_Analyzer - INFO - Found 145 versions. Starting download into 'temp/better-sqlite3'...
2025-10-30 08:47:14,320 - BlankSpaceAnalyzer - INFO - Analyzing 145 versions for '*.js' in 'better-sqlite3'.
2025-10-30 08:47:14,321 - BlankSpaceAnalyzer - INFO - -> Analyzing version 0.10.0 (1/145)...
2025-10-30 08:47:14,430 - BlankSpaceAnalyzer - INFO - -> Analyzing version 0.10.1 (2/145)...
2025-10-30 08:47:14,522 - BlankSpaceAnalyzer - INFO - -> Analyzing version 0.10.2 (3/145)...
2025-10-30 08:47:14,621 - BlankSpaceAnalyzer - INFO - -> Analyzing version 0.10.3 (4/145)...
2025-10-30 08:47:14,712 - BlankSpaceAnalyzer - INFO - -> Analyzing version 0.5.0 (5/145)...
2025-10-30 08:47:14,808 - BlankSpaceAnalyzer - INFO - -> Analyzing version 0.6.0 (6/145)...
2025-10-30 08:47:14,906 - BlankSpaceAnalyzer - INFO - -> Analyzing version 0.6.1 (7/145)...
2025-10-30 08:47:14,995 - BlankSpaceAnalyzer - INFO - -> Analyzing version 0.6.2 (8/145)...
2025-10-30 08:47:15,086 - BlankSpaceAnalyzer - INFO - -> Analyzing version 0.7.0 (9/145)...
2025-10-30 08:47:15,176 - BlankSpaceAnalyzer - INFO - -> Analyzing version 0.8.0 (10/145)...
2025-10-30 08:47:15,265 - BlankSpaceAnalyzer - INFO - -> Analyzing version 0.8.1 (11/145)...
2025-10-30 08:47:15,354 - BlankSpaceAnalyzer - INFO - -> Analyzing version 0.8.2 (12/145)...
2025-10-30 08:47:15,448 - BlankSpaceAnalyzer - INFO - -> Analyzing version 0.9.0 (13/145)...
2025-10-30 08:47:15,543 - BlankSpaceAnalyzer - INFO - -> Analyzing version 0.9.1 (14/145)...
2025-10-30 08:47:15,638 - BlankSpaceAnalyzer - INFO - -> Analyzing version 0.9.2 (15/145)...
2025-10-30 08:47:15,735 - BlankSpaceAnalyzer - INFO - -> Analyzing version 1.0.0 (16/145)...
2025-10-30 08:47:15,829 - BlankSpaceAnalyzer - INFO - -> Analyzing version 1.0.1 (17/145)...
2025-10-30 08:47:15,930 - BlankSpaceAnalyzer - INFO - -> Analyzing version 1.0.2 (18/145)...
2025-10-30 08:47:16,032 - BlankSpaceAnalyzer - INFO - -> Analyzing version 1.1.0 (19/145)...
2025-10-30 08:47:16,136 - BlankSpaceAnalyzer - INFO - -> Analyzing version 1.1.1 (20/145)...
2025-10-30 08:47:16,232 - BlankSpaceAnalyzer - INFO - -> Analyzing version 1.1.2 (21/145)...
2025-10-30 08:47:16,326 - BlankSpaceAnalyzer - INFO - -> Analyzing version 1.1.3 (22/145)...
2025-10-30 08:47:16,427 - BlankSpaceAnalyzer - INFO - -> Analyzing version 1.2.0 (23/145)...
2025-10-30 08:47:16,525 - BlankSpaceAnalyzer - INFO - -> Analyzing version 1.2.1 (24/145)...
2025-10-30 08:47:16,619 - BlankSpaceAnalyzer - INFO - -> Analyzing version 1.3.1 (25/145)...
2025-10-30 08:47:16,712 - BlankSpaceAnalyzer - INFO - -> Analyzing version 1.3.2 (26/145)...
2025-10-30 08:47:16,812 - BlankSpaceAnalyzer - INFO - -> Analyzing version 1.3.3 (27/145)...
2025-10-30 08:47:16,904 - BlankSpaceAnalyzer - INFO - -> Analyzing version 1.3.4 (28/145)...
2025-10-30 08:47:16,997 - BlankSpaceAnalyzer - INFO - -> Analyzing version 1.3.5 (29/145)...
2025-10-30 08:47:17,092 - BlankSpaceAnalyzer - INFO - -> Analyzing version 1.3.6 (30/145)...
2025-10-30 08:47:17,193 - BlankSpaceAnalyzer - INFO - -> Analyzing version 1.3.7 (31/145)...
2025-10-30 08:47:17,287 - BlankSpaceAnalyzer - INFO - -> Analyzing version 1.3.8 (32/145)...
2025-10-30 08:47:17,388 - BlankSpaceAnalyzer - INFO - -> Analyzing version 1.3.9 (33/145)...
2025-10-30 08:47:17,481 - BlankSpaceAnalyzer - INFO - -> Analyzing version 1.4.0 (34/145)...
2025-10-30 08:47:17,575 - BlankSpaceAnalyzer - INFO - -> Analyzing version 10.0.0 (35/145)...
2025-10-30 08:47:17,672 - BlankSpaceAnalyzer - INFO - -> Analyzing version 10.1.0 (36/145)...
2025-10-30 08:47:17,770 - BlankSpaceAnalyzer - INFO - -> Analyzing version 11.0.0 (37/145)...
2025-10-30 08:47:17,863 - BlankSpaceAnalyzer - INFO - -> Analyzing version 11.1.1 (38/145)...
2025-10-30 08:47:17,953 - BlankSpaceAnalyzer - INFO - -> Analyzing version 11.1.2 (39/145)...
2025-10-30 08:47:18,044 - BlankSpaceAnalyzer - INFO - -> Analyzing version 11.10.0 (40/145)...
2025-10-30 08:47:18,137 - BlankSpaceAnalyzer - INFO - -> Analyzing version 11.2.0 (41/145)...
2025-10-30 08:47:18,234 - BlankSpaceAnalyzer - INFO - -> Analyzing version 11.2.1 (42/145)...
2025-10-30 08:47:18,334 - BlankSpaceAnalyzer - INFO - -> Analyzing version 11.3.0 (43/145)...
2025-10-30 08:47:18,431 - BlankSpaceAnalyzer - INFO - -> Analyzing version 11.4.0 (44/145)...
2025-10-30 08:47:18,529 - BlankSpaceAnalyzer - INFO - -> Analyzing version 11.5.0 (45/145)...
2025-10-30 08:47:18,621 - BlankSpaceAnalyzer - INFO - -> Analyzing version 11.6.0 (46/145)...
2025-10-30 08:47:18,719 - BlankSpaceAnalyzer - INFO - -> Analyzing version 11.7.0 (47/145)...
2025-10-30 08:47:18,810 - BlankSpaceAnalyzer - INFO - -> Analyzing version 11.7.2 (48/145)...
2025-10-30 08:47:18,909 - BlankSpaceAnalyzer - INFO - -> Analyzing version 11.8.0 (49/145)...
2025-10-30 08:47:19,007 - BlankSpaceAnalyzer - INFO - -> Analyzing version 11.8.1 (50/145)...
2025-10-30 08:47:19,098 - BlankSpaceAnalyzer - INFO - -> Analyzing version 11.9.0 (51/145)...
2025-10-30 08:47:19,189 - BlankSpaceAnalyzer - INFO - -> Analyzing version 11.9.1 (52/145)...
2025-10-30 08:47:19,287 - BlankSpaceAnalyzer - INFO - -> Analyzing version 12.0.0 (53/145)...
2025-10-30 08:47:19,378 - BlankSpaceAnalyzer - INFO - -> Analyzing version 12.1.0 (54/145)...
2025-10-30 08:47:19,476 - BlankSpaceAnalyzer - INFO - -> Analyzing version 12.1.1 (55/145)...
2025-10-30 08:47:19,568 - BlankSpaceAnalyzer - INFO - -> Analyzing version 12.2.0 (56/145)...
2025-10-30 08:47:19,660 - BlankSpaceAnalyzer - INFO - -> Analyzing version 12.3.0 (57/145)...
2025-10-30 08:47:19,755 - BlankSpaceAnalyzer - INFO - -> Analyzing version 12.4.1 (58/145)...
2025-10-30 08:47:19,857 - BlankSpaceAnalyzer - INFO - -> Analyzing version 2.0.0 (59/145)...
2025-10-30 08:47:19,950 - BlankSpaceAnalyzer - INFO - -> Analyzing version 2.0.1 (60/145)...
2025-10-30 08:47:20,043 - BlankSpaceAnalyzer - INFO - -> Analyzing version 2.1.0 (61/145)...
2025-10-30 08:47:20,140 - BlankSpaceAnalyzer - INFO - -> Analyzing version 2.2.0 (62/145)...
2025-10-30 08:47:20,238 - BlankSpaceAnalyzer - INFO - -> Analyzing version 2.3.0 (63/145)...
2025-10-30 08:47:20,332 - BlankSpaceAnalyzer - INFO - -> Analyzing version 2.3.1 (64/145)...
2025-10-30 08:47:20,433 - BlankSpaceAnalyzer - INFO - -> Analyzing version 2.3.2 (65/145)...
2025-10-30 08:47:20,531 - BlankSpaceAnalyzer - INFO - -> Analyzing version 2.3.3 (66/145)...
2025-10-30 08:47:20,625 - BlankSpaceAnalyzer - INFO - -> Analyzing version 3.0.0 (67/145)...
2025-10-30 08:47:20,718 - BlankSpaceAnalyzer - INFO - -> Analyzing version 3.0.3 (68/145)...
2025-10-30 08:47:20,816 - BlankSpaceAnalyzer - INFO - -> Analyzing version 3.1.0 (69/145)...
2025-10-30 08:47:20,916 - BlankSpaceAnalyzer - INFO - -> Analyzing version 3.1.1 (70/145)...
2025-10-30 08:47:21,008 - BlankSpaceAnalyzer - INFO - -> Analyzing version 3.1.2 (71/145)...
2025-10-30 08:47:21,107 - BlankSpaceAnalyzer - INFO - -> Analyzing version 3.1.3 (72/145)...
2025-10-30 08:47:21,207 - BlankSpaceAnalyzer - INFO - -> Analyzing version 3.2.0 (73/145)...
2025-10-30 08:47:21,300 - BlankSpaceAnalyzer - INFO - -> Analyzing version 3.3.0 (74/145)...
2025-10-30 08:47:21,392 - BlankSpaceAnalyzer - INFO - -> Analyzing version 4.0.0 (75/145)...
2025-10-30 08:47:21,493 - BlankSpaceAnalyzer - INFO - -> Analyzing version 4.0.1 (76/145)...
2025-10-30 08:47:21,592 - BlankSpaceAnalyzer - INFO - -> Analyzing version 4.0.2 (77/145)...
2025-10-30 08:47:21,684 - BlankSpaceAnalyzer - INFO - -> Analyzing version 4.0.3 (78/145)...
2025-10-30 08:47:21,784 - BlankSpaceAnalyzer - INFO - -> Analyzing version 4.1.0 (79/145)...
2025-10-30 08:47:21,884 - BlankSpaceAnalyzer - INFO - -> Analyzing version 4.1.1 (80/145)...
2025-10-30 08:47:21,982 - BlankSpaceAnalyzer - INFO - -> Analyzing version 4.1.2 (81/145)...
2025-10-30 08:47:22,085 - BlankSpaceAnalyzer - INFO - -> Analyzing version 4.1.3 (82/145)...
2025-10-30 08:47:22,184 - BlankSpaceAnalyzer - INFO - -> Analyzing version 4.1.4 (83/145)...
2025-10-30 08:47:22,277 - BlankSpaceAnalyzer - INFO - -> Analyzing version 4.2.0 (84/145)...
2025-10-30 08:47:22,376 - BlankSpaceAnalyzer - INFO - -> Analyzing version 5.0.0 (85/145)...
2025-10-30 08:47:22,477 - BlankSpaceAnalyzer - INFO - -> Analyzing version 5.0.1 (86/145)...
2025-10-30 08:47:22,578 - BlankSpaceAnalyzer - INFO - -> Analyzing version 5.2.0 (87/145)...
2025-10-30 08:47:22,678 - BlankSpaceAnalyzer - INFO - -> Analyzing version 5.2.1 (88/145)...
2025-10-30 08:47:22,778 - BlankSpaceAnalyzer - INFO - -> Analyzing version 5.3.0 (89/145)...
2025-10-30 08:47:22,878 - BlankSpaceAnalyzer - INFO - -> Analyzing version 5.4.0 (90/145)...
2025-10-30 08:47:22,978 - BlankSpaceAnalyzer - INFO - -> Analyzing version 5.4.1 (91/145)...
2025-10-30 08:47:23,071 - BlankSpaceAnalyzer - INFO - -> Analyzing version 5.4.2 (92/145)...
2025-10-30 08:47:23,171 - BlankSpaceAnalyzer - INFO - -> Analyzing version 5.4.3 (93/145)...
2025-10-30 08:47:23,265 - BlankSpaceAnalyzer - INFO - -> Analyzing version 6.0.0 (94/145)...
2025-10-30 08:47:23,363 - BlankSpaceAnalyzer - INFO - -> Analyzing version 6.0.1 (95/145)...
2025-10-30 08:47:23,464 - BlankSpaceAnalyzer - INFO - -> Analyzing version 7.0.0 (96/145)...
2025-10-30 08:47:23,561 - BlankSpaceAnalyzer - INFO - -> Analyzing version 7.0.1 (97/145)...
2025-10-30 08:47:23,659 - BlankSpaceAnalyzer - INFO - -> Analyzing version 7.1.0 (98/145)...
2025-10-30 08:47:23,759 - BlankSpaceAnalyzer - INFO - -> Analyzing version 7.1.1 (99/145)...
2025-10-30 08:47:23,860 - BlankSpaceAnalyzer - INFO - -> Analyzing version 7.1.2 (100/145)...
2025-10-30 08:47:23,960 - BlankSpaceAnalyzer - INFO - -> Analyzing version 7.1.4 (101/145)...
2025-10-30 08:47:24,064 - BlankSpaceAnalyzer - INFO - -> Analyzing version 7.1.5 (102/145)...
2025-10-30 08:47:24,172 - BlankSpaceAnalyzer - INFO - -> Analyzing version 7.2.0 (103/145)...
2025-10-30 08:47:24,266 - BlankSpaceAnalyzer - INFO - -> Analyzing version 7.3.0 (104/145)...
2025-10-30 08:47:24,358 - BlankSpaceAnalyzer - INFO - -> Analyzing version 7.3.1 (105/145)...
2025-10-30 08:47:24,455 - BlankSpaceAnalyzer - INFO - -> Analyzing version 7.4.0 (106/145)...
2025-10-30 08:47:24,552 - BlankSpaceAnalyzer - INFO - -> Analyzing version 7.4.1 (107/145)...
2025-10-30 08:47:24,649 - BlankSpaceAnalyzer - INFO - -> Analyzing version 7.4.2 (108/145)...
2025-10-30 08:47:24,750 - BlankSpaceAnalyzer - INFO - -> Analyzing version 7.4.3 (109/145)...
2025-10-30 08:47:24,847 - BlankSpaceAnalyzer - INFO - -> Analyzing version 7.4.4 (110/145)...
2025-10-30 08:47:24,949 - BlankSpaceAnalyzer - INFO - -> Analyzing version 7.4.5 (111/145)...
2025-10-30 08:47:25,049 - BlankSpaceAnalyzer - INFO - -> Analyzing version 7.4.6 (112/145)...
2025-10-30 08:47:25,150 - BlankSpaceAnalyzer - INFO - -> Analyzing version 7.5.0 (113/145)...
2025-10-30 08:47:25,245 - BlankSpaceAnalyzer - INFO - -> Analyzing version 7.5.1 (114/145)...
2025-10-30 08:47:25,338 - BlankSpaceAnalyzer - INFO - -> Analyzing version 7.5.2 (115/145)...
2025-10-30 08:47:25,437 - BlankSpaceAnalyzer - INFO - -> Analyzing version 7.5.3 (116/145)...
2025-10-30 08:47:25,535 - BlankSpaceAnalyzer - INFO - -> Analyzing version 7.6.0 (117/145)...
2025-10-30 08:47:25,632 - BlankSpaceAnalyzer - INFO - -> Analyzing version 7.6.1 (118/145)...
2025-10-30 08:47:25,723 - BlankSpaceAnalyzer - INFO - -> Analyzing version 7.6.2 (119/145)...
2025-10-30 08:47:25,814 - BlankSpaceAnalyzer - INFO - -> Analyzing version 8.0.0 (120/145)...
2025-10-30 08:47:25,914 - BlankSpaceAnalyzer - INFO - -> Analyzing version 8.0.1 (121/145)...
2025-10-30 08:47:26,012 - BlankSpaceAnalyzer - INFO - -> Analyzing version 8.1.0 (122/145)...
2025-10-30 08:47:26,110 - BlankSpaceAnalyzer - INFO - -> Analyzing version 8.2.0 (123/145)...
2025-10-30 08:47:26,209 - BlankSpaceAnalyzer - INFO - -> Analyzing version 8.3.0 (124/145)...
2025-10-30 08:47:26,308 - BlankSpaceAnalyzer - INFO - -> Analyzing version 8.4.0 (125/145)...
2025-10-30 08:47:26,407 - BlankSpaceAnalyzer - INFO - -> Analyzing version 8.5.0 (126/145)...
2025-10-30 08:47:26,497 - BlankSpaceAnalyzer - INFO - -> Analyzing version 8.5.1 (127/145)...
2025-10-30 08:47:26,588 - BlankSpaceAnalyzer - INFO - -> Analyzing version 8.5.2 (128/145)...
2025-10-30 08:47:26,688 - BlankSpaceAnalyzer - INFO - -> Analyzing version 8.6.0 (129/145)...
2025-10-30 08:47:26,779 - BlankSpaceAnalyzer - INFO - -> Analyzing version 8.7.0 (130/145)...
2025-10-30 08:47:26,870 - BlankSpaceAnalyzer - INFO - -> Analyzing version 9.0.0 (131/145)...
2025-10-30 08:47:26,969 - BlankSpaceAnalyzer - INFO - -> Analyzing version 9.1.0 (132/145)...
2025-10-30 08:47:27,064 - BlankSpaceAnalyzer - INFO - -> Analyzing version 9.1.1 (133/145)...
2025-10-30 08:47:27,156 - BlankSpaceAnalyzer - INFO - -> Analyzing version 9.2.0 (134/145)...
2025-10-30 08:47:27,247 - BlankSpaceAnalyzer - INFO - -> Analyzing version 9.2.1 (135/145)...
2025-10-30 08:47:27,342 - BlankSpaceAnalyzer - INFO - -> Analyzing version 9.2.2 (136/145)...
2025-10-30 08:47:27,441 - BlankSpaceAnalyzer - INFO - -> Analyzing version 9.3.0 (137/145)...
2025-10-30 08:47:27,541 - BlankSpaceAnalyzer - INFO - -> Analyzing version 9.4.0 (138/145)...
2025-10-30 08:47:27,637 - BlankSpaceAnalyzer - INFO - -> Analyzing version 9.4.1 (139/145)...
2025-10-30 08:47:27,728 - BlankSpaceAnalyzer - INFO - -> Analyzing version 9.4.2 (140/145)...
2025-10-30 08:47:27,821 - BlankSpaceAnalyzer - INFO - -> Analyzing version 9.4.3 (141/145)...
2025-10-30 08:47:27,920 - BlankSpaceAnalyzer - INFO - -> Analyzing version 9.4.4 (142/145)...
2025-10-30 08:47:28,011 - BlankSpaceAnalyzer - INFO - -> Analyzing version 9.4.5 (143/145)...
2025-10-30 08:47:28,109 - BlankSpaceAnalyzer - INFO - -> Analyzing version 9.5.0 (144/145)...
2025-10-30 08:47:28,207 - BlankSpaceAnalyzer - INFO - -> Analyzing version 9.6.0 (145/145)...
2025-10-30 08:47:28,306 - BlankSpaceAnalyzer - INFO - Exporting results for 'better-sqlite3' to CSV...
2025-10-30 08:47:28,487 - BlankSpaceAnalyzer - INFO - Reports saved in: /app/npm_results/better-sqlite3
2025-10-30 08:47:28,487 - NPM_Analyzer - INFO - Cleaning temporary folder 'temp/better-sqlite3'...
2025-10-30 08:47:28,753 - NPM_Analyzer - INFO - Cleanup completed.
