2025-10-31 07:53:58,268 - NPM_Analyzer - INFO - Fetching metadata for '@radix-ui/react-menu'...
2025-10-31 07:53:58,439 - NPM_Analyzer - INFO - Found 359 versions. Starting download into 'temp/@radix-ui_react-menu'...
2025-10-31 08:03:46,305 - BlankSpaceAnalyzer - INFO - Analyzing 359 versions for '*.js' in '@radix-ui_react-menu'.
2025-10-31 08:03:46,306 - BlankSpaceAnalyzer - INFO - -> Analyzing version 0.0.0-20250116175529 (1/359)...
2025-10-31 08:03:46,308 - BlankSpaceAnalyzer - INFO - -> Analyzing version 0.0.0-20250116183145 (2/359)...
2025-10-31 08:03:46,310 - BlankSpaceAnalyzer - INFO - -> Analyzing version 0.0.0-20250116193558 (3/359)...
2025-10-31 08:03:46,312 - BlankSpaceAnalyzer - INFO - -> Analyzing version 0.0.0-20250116194335 (4/359)...
2025-10-31 08:03:46,314 - BlankSpaceAnalyzer - INFO - -> Analyzing version 0.0.1 (5/359)...
2025-10-31 08:03:46,414 - BlankSpaceAnalyzer - INFO - -> Analyzing version 0.0.10 (6/359)...
2025-10-31 08:03:46,503 - BlankSpaceAnalyzer - INFO - -> Analyzing version 0.0.11 (7/359)...
2025-10-31 08:03:46,593 - BlankSpaceAnalyzer - INFO - -> Analyzing version 0.0.12 (8/359)...
2025-10-31 08:03:46,683 - BlankSpaceAnalyzer - INFO - -> Analyzing version 0.0.13 (9/359)...
2025-10-31 08:03:46,773 - BlankSpaceAnalyzer - INFO - -> Analyzing version 0.0.14 (10/359)...
2025-10-31 08:03:46,862 - BlankSpaceAnalyzer - INFO - -> Analyzing version 0.0.15 (11/359)...
2025-10-31 08:03:46,951 - BlankSpaceAnalyzer - INFO - -> Analyzing version 0.0.16 (12/359)...
2025-10-31 08:03:47,042 - BlankSpaceAnalyzer - INFO - -> Analyzing version 0.0.17 (13/359)...
2025-10-31 08:03:47,131 - BlankSpaceAnalyzer - INFO - -> Analyzing version 0.0.18 (14/359)...
2025-10-31 08:03:47,229 - BlankSpaceAnalyzer - INFO - -> Analyzing version 0.0.19 (15/359)...
2025-10-31 08:03:47,320 - BlankSpaceAnalyzer - INFO - -> Analyzing version 0.0.2 (16/359)...
2025-10-31 08:03:47,411 - BlankSpaceAnalyzer - INFO - -> Analyzing version 0.0.20 (17/359)...
2025-10-31 08:03:47,502 - BlankSpaceAnalyzer - INFO - -> Analyzing version 0.0.21 (18/359)...
2025-10-31 08:03:47,592 - BlankSpaceAnalyzer - INFO - -> Analyzing version 0.0.22 (19/359)...
2025-10-31 08:03:47,681 - BlankSpaceAnalyzer - INFO - -> Analyzing version 0.0.3 (20/359)...
2025-10-31 08:03:47,771 - BlankSpaceAnalyzer - INFO - -> Analyzing version 0.0.4 (21/359)...
2025-10-31 08:03:47,860 - BlankSpaceAnalyzer - INFO - -> Analyzing version 0.0.5 (22/359)...
2025-10-31 08:03:47,950 - BlankSpaceAnalyzer - INFO - -> Analyzing version 0.0.6 (23/359)...
2025-10-31 08:03:48,049 - BlankSpaceAnalyzer - INFO - -> Analyzing version 0.0.7 (24/359)...
2025-10-31 08:03:48,139 - BlankSpaceAnalyzer - INFO - -> Analyzing version 0.0.8 (25/359)...
2025-10-31 08:03:48,230 - BlankSpaceAnalyzer - INFO - -> Analyzing version 0.0.9 (26/359)...
2025-10-31 08:03:48,320 - BlankSpaceAnalyzer - INFO - -> Analyzing version 0.1.0 (27/359)...
2025-10-31 08:03:48,411 - BlankSpaceAnalyzer - INFO - -> Analyzing version 0.1.0-rc.1 (28/359)...
2025-10-31 08:03:48,411 - BlankSpaceAnalyzer - INFO - -> Analyzing version 0.1.0-rc.2 (29/359)...
2025-10-31 08:03:48,502 - BlankSpaceAnalyzer - INFO - -> Analyzing version 0.1.1 (30/359)...
2025-10-31 08:03:48,592 - BlankSpaceAnalyzer - INFO - -> Analyzing version 0.1.1-rc.1 (31/359)...
2025-10-31 08:03:48,682 - BlankSpaceAnalyzer - INFO - -> Analyzing version 0.1.1-rc.10 (32/359)...
2025-10-31 08:03:48,773 - BlankSpaceAnalyzer - INFO - -> Analyzing version 0.1.1-rc.11 (33/359)...
2025-10-31 08:03:48,863 - BlankSpaceAnalyzer - INFO - -> Analyzing version 0.1.1-rc.12 (34/359)...
2025-10-31 08:03:48,953 - BlankSpaceAnalyzer - INFO - -> Analyzing version 0.1.1-rc.13 (35/359)...
2025-10-31 08:03:49,044 - BlankSpaceAnalyzer - INFO - -> Analyzing version 0.1.1-rc.14 (36/359)...
2025-10-31 08:03:49,134 - BlankSpaceAnalyzer - INFO - -> Analyzing version 0.1.1-rc.15 (37/359)...
2025-10-31 08:03:49,226 - BlankSpaceAnalyzer - INFO - -> Analyzing version 0.1.1-rc.16 (38/359)...
2025-10-31 08:03:49,317 - BlankSpaceAnalyzer - INFO - -> Analyzing version 0.1.1-rc.17 (39/359)...
2025-10-31 08:03:49,408 - BlankSpaceAnalyzer - INFO - -> Analyzing version 0.1.1-rc.18 (40/359)...
2025-10-31 08:03:49,498 - BlankSpaceAnalyzer - INFO - -> Analyzing version 0.1.1-rc.19 (41/359)...
2025-10-31 08:03:49,588 - BlankSpaceAnalyzer - INFO - -> Analyzing version 0.1.1-rc.2 (42/359)...
2025-10-31 08:03:49,679 - BlankSpaceAnalyzer - INFO - -> Analyzing version 0.1.1-rc.3 (43/359)...
2025-10-31 08:03:49,769 - BlankSpaceAnalyzer - INFO - -> Analyzing version 0.1.1-rc.4 (44/359)...
2025-10-31 08:03:49,859 - BlankSpaceAnalyzer - INFO - -> Analyzing version 0.1.1-rc.5 (45/359)...
2025-10-31 08:03:49,949 - BlankSpaceAnalyzer - INFO - -> Analyzing version 0.1.1-rc.6 (46/359)...
2025-10-31 08:03:50,040 - BlankSpaceAnalyzer - INFO - -> Analyzing version 0.1.1-rc.7 (47/359)...
2025-10-31 08:03:50,131 - BlankSpaceAnalyzer - INFO - -> Analyzing version 0.1.1-rc.8 (48/359)...
2025-10-31 08:03:50,221 - BlankSpaceAnalyzer - INFO - -> Analyzing version 0.1.1-rc.9 (49/359)...
2025-10-31 08:03:50,312 - BlankSpaceAnalyzer - INFO - -> Analyzing version 0.1.2 (50/359)...
2025-10-31 08:03:50,403 - BlankSpaceAnalyzer - INFO - -> Analyzing version 0.1.2-rc.1 (51/359)...
2025-10-31 08:03:50,492 - BlankSpaceAnalyzer - INFO - -> Analyzing version 0.1.2-rc.10 (52/359)...
2025-10-31 08:03:50,583 - BlankSpaceAnalyzer - INFO - -> Analyzing version 0.1.2-rc.11 (53/359)...
2025-10-31 08:03:50,672 - BlankSpaceAnalyzer - INFO - -> Analyzing version 0.1.2-rc.12 (54/359)...
2025-10-31 08:03:50,762 - BlankSpaceAnalyzer - INFO - -> Analyzing version 0.1.2-rc.13 (55/359)...
2025-10-31 08:03:50,853 - BlankSpaceAnalyzer - INFO - -> Analyzing version 0.1.2-rc.14 (56/359)...
2025-10-31 08:03:50,943 - BlankSpaceAnalyzer - INFO - -> Analyzing version 0.1.2-rc.15 (57/359)...
2025-10-31 08:03:51,034 - BlankSpaceAnalyzer - INFO - -> Analyzing version 0.1.2-rc.2 (58/359)...
2025-10-31 08:03:51,131 - BlankSpaceAnalyzer - INFO - -> Analyzing version 0.1.2-rc.3 (59/359)...
2025-10-31 08:03:51,223 - BlankSpaceAnalyzer - INFO - -> Analyzing version 0.1.2-rc.4 (60/359)...
2025-10-31 08:03:51,315 - BlankSpaceAnalyzer - INFO - -> Analyzing version 0.1.2-rc.5 (61/359)...
2025-10-31 08:03:51,406 - BlankSpaceAnalyzer - INFO - -> Analyzing version 0.1.2-rc.6 (62/359)...
2025-10-31 08:03:51,498 - BlankSpaceAnalyzer - INFO - -> Analyzing version 0.1.2-rc.7 (63/359)...
2025-10-31 08:03:51,589 - BlankSpaceAnalyzer - INFO - -> Analyzing version 0.1.2-rc.8 (64/359)...
2025-10-31 08:03:51,680 - BlankSpaceAnalyzer - INFO - -> Analyzing version 0.1.2-rc.9 (65/359)...
2025-10-31 08:03:51,770 - BlankSpaceAnalyzer - INFO - -> Analyzing version 0.1.3 (66/359)...
2025-10-31 08:03:51,861 - BlankSpaceAnalyzer - INFO - -> Analyzing version 0.1.3-rc.1 (67/359)...
2025-10-31 08:03:51,952 - BlankSpaceAnalyzer - INFO - -> Analyzing version 0.1.4 (68/359)...
2025-10-31 08:03:52,043 - BlankSpaceAnalyzer - INFO - -> Analyzing version 0.1.4-rc.1 (69/359)...
2025-10-31 08:03:52,134 - BlankSpaceAnalyzer - INFO - -> Analyzing version 0.1.5 (70/359)...
2025-10-31 08:03:52,225 - BlankSpaceAnalyzer - INFO - -> Analyzing version 0.1.5-rc.1 (71/359)...
2025-10-31 08:03:52,321 - BlankSpaceAnalyzer - INFO - -> Analyzing version 0.1.5-rc.10 (72/359)...
2025-10-31 08:03:52,410 - BlankSpaceAnalyzer - INFO - -> Analyzing version 0.1.5-rc.11 (73/359)...
2025-10-31 08:03:52,500 - BlankSpaceAnalyzer - INFO - -> Analyzing version 0.1.5-rc.12 (74/359)...
2025-10-31 08:03:52,591 - BlankSpaceAnalyzer - INFO - -> Analyzing version 0.1.5-rc.13 (75/359)...
2025-10-31 08:03:52,682 - BlankSpaceAnalyzer - INFO - -> Analyzing version 0.1.5-rc.14 (76/359)...
2025-10-31 08:03:52,772 - BlankSpaceAnalyzer - INFO - -> Analyzing version 0.1.5-rc.15 (77/359)...
2025-10-31 08:03:52,866 - BlankSpaceAnalyzer - INFO - -> Analyzing version 0.1.5-rc.16 (78/359)...
2025-10-31 08:03:52,956 - BlankSpaceAnalyzer - INFO - -> Analyzing version 0.1.5-rc.17 (79/359)...
2025-10-31 08:03:53,047 - BlankSpaceAnalyzer - INFO - -> Analyzing version 0.1.5-rc.18 (80/359)...
2025-10-31 08:03:53,146 - BlankSpaceAnalyzer - INFO - -> Analyzing version 0.1.5-rc.19 (81/359)...
2025-10-31 08:03:53,237 - BlankSpaceAnalyzer - INFO - -> Analyzing version 0.1.5-rc.2 (82/359)...
2025-10-31 08:03:53,329 - BlankSpaceAnalyzer - INFO - -> Analyzing version 0.1.5-rc.20 (83/359)...
2025-10-31 08:03:53,420 - BlankSpaceAnalyzer - INFO - -> Analyzing version 0.1.5-rc.21 (84/359)...
2025-10-31 08:03:53,510 - BlankSpaceAnalyzer - INFO - -> Analyzing version 0.1.5-rc.22 (85/359)...
2025-10-31 08:03:53,600 - BlankSpaceAnalyzer - INFO - -> Analyzing version 0.1.5-rc.23 (86/359)...
2025-10-31 08:03:53,691 - BlankSpaceAnalyzer - INFO - -> Analyzing version 0.1.5-rc.24 (87/359)...
2025-10-31 08:03:53,781 - BlankSpaceAnalyzer - INFO - -> Analyzing version 0.1.5-rc.25 (88/359)...
2025-10-31 08:03:53,873 - BlankSpaceAnalyzer - INFO - -> Analyzing version 0.1.5-rc.26 (89/359)...
2025-10-31 08:03:53,963 - BlankSpaceAnalyzer - INFO - -> Analyzing version 0.1.5-rc.3 (90/359)...
2025-10-31 08:03:54,054 - BlankSpaceAnalyzer - INFO - -> Analyzing version 0.1.5-rc.4 (91/359)...
2025-10-31 08:03:54,145 - BlankSpaceAnalyzer - INFO - -> Analyzing version 0.1.5-rc.5 (92/359)...
2025-10-31 08:03:54,235 - BlankSpaceAnalyzer - INFO - -> Analyzing version 0.1.5-rc.6 (93/359)...
2025-10-31 08:03:54,327 - BlankSpaceAnalyzer - INFO - -> Analyzing version 0.1.5-rc.7 (94/359)...
2025-10-31 08:03:54,418 - BlankSpaceAnalyzer - INFO - -> Analyzing version 0.1.5-rc.8 (95/359)...
2025-10-31 08:03:54,509 - BlankSpaceAnalyzer - INFO - -> Analyzing version 0.1.5-rc.9 (96/359)...
2025-10-31 08:03:54,600 - BlankSpaceAnalyzer - INFO - -> Analyzing version 0.1.6 (97/359)...
2025-10-31 08:03:54,691 - BlankSpaceAnalyzer - INFO - -> Analyzing version 0.1.6-rc.1 (98/359)...
2025-10-31 08:03:54,782 - BlankSpaceAnalyzer - INFO - -> Analyzing version 0.1.7-rc.1 (99/359)...
2025-10-31 08:03:54,872 - BlankSpaceAnalyzer - INFO - -> Analyzing version 0.1.7-rc.10 (100/359)...
2025-10-31 08:03:54,963 - BlankSpaceAnalyzer - INFO - -> Analyzing version 0.1.7-rc.11 (101/359)...
2025-10-31 08:03:55,055 - BlankSpaceAnalyzer - INFO - -> Analyzing version 0.1.7-rc.12 (102/359)...
2025-10-31 08:03:55,147 - BlankSpaceAnalyzer - INFO - -> Analyzing version 0.1.7-rc.13 (103/359)...
2025-10-31 08:03:55,237 - BlankSpaceAnalyzer - INFO - -> Analyzing version 0.1.7-rc.14 (104/359)...
2025-10-31 08:03:55,328 - BlankSpaceAnalyzer - INFO - -> Analyzing version 0.1.7-rc.15 (105/359)...
2025-10-31 08:03:55,420 - BlankSpaceAnalyzer - INFO - -> Analyzing version 0.1.7-rc.16 (106/359)...
2025-10-31 08:03:55,512 - BlankSpaceAnalyzer - INFO - -> Analyzing version 0.1.7-rc.17 (107/359)...
2025-10-31 08:03:55,603 - BlankSpaceAnalyzer - INFO - -> Analyzing version 0.1.7-rc.18 (108/359)...
2025-10-31 08:03:55,693 - BlankSpaceAnalyzer - INFO - -> Analyzing version 0.1.7-rc.19 (109/359)...
2025-10-31 08:03:55,785 - BlankSpaceAnalyzer - INFO - -> Analyzing version 0.1.7-rc.2 (110/359)...
2025-10-31 08:03:55,876 - BlankSpaceAnalyzer - INFO - -> Analyzing version 0.1.7-rc.20 (111/359)...
2025-10-31 08:03:55,967 - BlankSpaceAnalyzer - INFO - -> Analyzing version 0.1.7-rc.21 (112/359)...
2025-10-31 08:03:56,059 - BlankSpaceAnalyzer - INFO - -> Analyzing version 0.1.7-rc.22 (113/359)...
2025-10-31 08:03:56,152 - BlankSpaceAnalyzer - INFO - -> Analyzing version 0.1.7-rc.23 (114/359)...
2025-10-31 08:03:56,252 - BlankSpaceAnalyzer - INFO - -> Analyzing version 0.1.7-rc.24 (115/359)...
2025-10-31 08:03:56,345 - BlankSpaceAnalyzer - INFO - -> Analyzing version 0.1.7-rc.25 (116/359)...
2025-10-31 08:03:56,437 - BlankSpaceAnalyzer - INFO - -> Analyzing version 0.1.7-rc.26 (117/359)...
2025-10-31 08:03:56,528 - BlankSpaceAnalyzer - INFO - -> Analyzing version 0.1.7-rc.27 (118/359)...
2025-10-31 08:03:56,619 - BlankSpaceAnalyzer - INFO - -> Analyzing version 0.1.7-rc.28 (119/359)...
2025-10-31 08:03:56,710 - BlankSpaceAnalyzer - INFO - -> Analyzing version 0.1.7-rc.29 (120/359)...
2025-10-31 08:03:56,800 - BlankSpaceAnalyzer - INFO - -> Analyzing version 0.1.7-rc.3 (121/359)...
2025-10-31 08:03:56,891 - BlankSpaceAnalyzer - INFO - -> Analyzing version 0.1.7-rc.30 (122/359)...
2025-10-31 08:03:56,981 - BlankSpaceAnalyzer - INFO - -> Analyzing version 0.1.7-rc.31 (123/359)...
2025-10-31 08:03:57,073 - BlankSpaceAnalyzer - INFO - -> Analyzing version 0.1.7-rc.32 (124/359)...
2025-10-31 08:03:57,170 - BlankSpaceAnalyzer - INFO - -> Analyzing version 0.1.7-rc.33 (125/359)...
2025-10-31 08:03:57,259 - BlankSpaceAnalyzer - INFO - -> Analyzing version 0.1.7-rc.34 (126/359)...
2025-10-31 08:03:57,350 - BlankSpaceAnalyzer - INFO - -> Analyzing version 0.1.7-rc.35 (127/359)...
2025-10-31 08:03:57,440 - BlankSpaceAnalyzer - INFO - -> Analyzing version 0.1.7-rc.36 (128/359)...
2025-10-31 08:03:57,531 - BlankSpaceAnalyzer - INFO - -> Analyzing version 0.1.7-rc.37 (129/359)...
2025-10-31 08:03:57,623 - BlankSpaceAnalyzer - INFO - -> Analyzing version 0.1.7-rc.38 (130/359)...
2025-10-31 08:03:57,715 - BlankSpaceAnalyzer - INFO - -> Analyzing version 0.1.7-rc.39 (131/359)...
2025-10-31 08:03:57,807 - BlankSpaceAnalyzer - INFO - -> Analyzing version 0.1.7-rc.4 (132/359)...
2025-10-31 08:03:57,899 - BlankSpaceAnalyzer - INFO - -> Analyzing version 0.1.7-rc.40 (133/359)...
2025-10-31 08:03:57,991 - BlankSpaceAnalyzer - INFO - -> Analyzing version 0.1.7-rc.41 (134/359)...
2025-10-31 08:03:58,082 - BlankSpaceAnalyzer - INFO - -> Analyzing version 0.1.7-rc.42 (135/359)...
2025-10-31 08:03:58,174 - BlankSpaceAnalyzer - INFO - -> Analyzing version 0.1.7-rc.43 (136/359)...
2025-10-31 08:03:58,266 - BlankSpaceAnalyzer - INFO - -> Analyzing version 0.1.7-rc.44 (137/359)...
2025-10-31 08:03:58,356 - BlankSpaceAnalyzer - INFO - -> Analyzing version 0.1.7-rc.45 (138/359)...
2025-10-31 08:03:58,447 - BlankSpaceAnalyzer - INFO - -> Analyzing version 0.1.7-rc.46 (139/359)...
2025-10-31 08:03:58,540 - BlankSpaceAnalyzer - INFO - -> Analyzing version 0.1.7-rc.47 (140/359)...
2025-10-31 08:03:58,635 - BlankSpaceAnalyzer - INFO - -> Analyzing version 0.1.7-rc.48 (141/359)...
2025-10-31 08:03:58,725 - BlankSpaceAnalyzer - INFO - -> Analyzing version 0.1.7-rc.49 (142/359)...
2025-10-31 08:03:58,815 - BlankSpaceAnalyzer - INFO - -> Analyzing version 0.1.7-rc.5 (143/359)...
2025-10-31 08:03:58,905 - BlankSpaceAnalyzer - INFO - -> Analyzing version 0.1.7-rc.50 (144/359)...
2025-10-31 08:03:58,996 - BlankSpaceAnalyzer - INFO - -> Analyzing version 0.1.7-rc.6 (145/359)...
2025-10-31 08:03:59,088 - BlankSpaceAnalyzer - INFO - -> Analyzing version 0.1.7-rc.7 (146/359)...
2025-10-31 08:03:59,178 - BlankSpaceAnalyzer - INFO - -> Analyzing version 0.1.7-rc.8 (147/359)...
2025-10-31 08:03:59,268 - BlankSpaceAnalyzer - INFO - -> Analyzing version 0.1.7-rc.9 (148/359)...
2025-10-31 08:03:59,359 - BlankSpaceAnalyzer - INFO - -> Analyzing version 1.0.0 (149/359)...
2025-10-31 08:03:59,449 - BlankSpaceAnalyzer - INFO - -> Analyzing version 1.0.0-rc.1 (150/359)...
2025-10-31 08:03:59,541 - BlankSpaceAnalyzer - INFO - -> Analyzing version 1.0.1-rc.1 (151/359)...
2025-10-31 08:03:59,631 - BlankSpaceAnalyzer - INFO - -> Analyzing version 1.0.1-rc.10 (152/359)...
2025-10-31 08:03:59,722 - BlankSpaceAnalyzer - INFO - -> Analyzing version 1.0.1-rc.11 (153/359)...
2025-10-31 08:03:59,812 - BlankSpaceAnalyzer - INFO - -> Analyzing version 1.0.1-rc.12 (154/359)...
2025-10-31 08:03:59,903 - BlankSpaceAnalyzer - INFO - -> Analyzing version 1.0.1-rc.13 (155/359)...
2025-10-31 08:03:59,994 - BlankSpaceAnalyzer - INFO - -> Analyzing version 1.0.1-rc.14 (156/359)...
2025-10-31 08:04:00,086 - BlankSpaceAnalyzer - INFO - -> Analyzing version 1.0.1-rc.2 (157/359)...
2025-10-31 08:04:00,177 - BlankSpaceAnalyzer - INFO - -> Analyzing version 1.0.1-rc.3 (158/359)...
2025-10-31 08:04:00,267 - BlankSpaceAnalyzer - INFO - -> Analyzing version 1.0.1-rc.4 (159/359)...
2025-10-31 08:04:00,359 - BlankSpaceAnalyzer - INFO - -> Analyzing version 1.0.1-rc.5 (160/359)...
2025-10-31 08:04:00,457 - BlankSpaceAnalyzer - INFO - -> Analyzing version 1.0.1-rc.6 (161/359)...
2025-10-31 08:04:00,548 - BlankSpaceAnalyzer - INFO - -> Analyzing version 1.0.1-rc.7 (162/359)...
2025-10-31 08:04:00,640 - BlankSpaceAnalyzer - INFO - -> Analyzing version 1.0.1-rc.8 (163/359)...
2025-10-31 08:04:00,733 - BlankSpaceAnalyzer - INFO - -> Analyzing version 1.0.1-rc.9 (164/359)...
2025-10-31 08:04:00,824 - BlankSpaceAnalyzer - INFO - -> Analyzing version 2.0.0 (165/359)...
2025-10-31 08:04:00,915 - BlankSpaceAnalyzer - INFO - -> Analyzing version 2.0.0-rc.1 (166/359)...
2025-10-31 08:04:01,006 - BlankSpaceAnalyzer - INFO - -> Analyzing version 2.0.0-rc.2 (167/359)...
2025-10-31 08:04:01,097 - BlankSpaceAnalyzer - INFO - -> Analyzing version 2.0.0-rc.3 (168/359)...
2025-10-31 08:04:01,189 - BlankSpaceAnalyzer - INFO - -> Analyzing version 2.0.0-rc.4 (169/359)...
2025-10-31 08:04:01,281 - BlankSpaceAnalyzer - INFO - -> Analyzing version 2.0.0-rc.5 (170/359)...
2025-10-31 08:04:01,372 - BlankSpaceAnalyzer - INFO - -> Analyzing version 2.0.0-rc.6 (171/359)...
2025-10-31 08:04:01,463 - BlankSpaceAnalyzer - INFO - -> Analyzing version 2.0.0-rc.7 (172/359)...
2025-10-31 08:04:01,554 - BlankSpaceAnalyzer - INFO - -> Analyzing version 2.0.0-rc.8 (173/359)...
2025-10-31 08:04:01,644 - BlankSpaceAnalyzer - INFO - -> Analyzing version 2.0.0-rc.9 (174/359)...
2025-10-31 08:04:01,736 - BlankSpaceAnalyzer - INFO - -> Analyzing version 2.0.1 (175/359)...
2025-10-31 08:04:01,827 - BlankSpaceAnalyzer - INFO - -> Analyzing version 2.0.1-rc.1 (176/359)...
2025-10-31 08:04:01,917 - BlankSpaceAnalyzer - INFO - -> Analyzing version 2.0.2 (177/359)...
2025-10-31 08:04:02,008 - BlankSpaceAnalyzer - INFO - -> Analyzing version 2.0.2-rc.1 (178/359)...
2025-10-31 08:04:02,099 - BlankSpaceAnalyzer - INFO - -> Analyzing version 2.0.2-rc.2 (179/359)...
2025-10-31 08:04:02,192 - BlankSpaceAnalyzer - INFO - -> Analyzing version 2.0.2-rc.3 (180/359)...
2025-10-31 08:04:02,282 - BlankSpaceAnalyzer - INFO - -> Analyzing version 2.0.2-rc.4 (181/359)...
2025-10-31 08:04:02,374 - BlankSpaceAnalyzer - INFO - -> Analyzing version 2.0.2-rc.5 (182/359)...
2025-10-31 08:04:02,465 - BlankSpaceAnalyzer - INFO - -> Analyzing version 2.0.3 (183/359)...
2025-10-31 08:04:02,556 - BlankSpaceAnalyzer - INFO - -> Analyzing version 2.0.3-rc.1 (184/359)...
2025-10-31 08:04:02,647 - BlankSpaceAnalyzer - INFO - -> Analyzing version 2.0.3-rc.10 (185/359)...
2025-10-31 08:04:02,746 - BlankSpaceAnalyzer - INFO - -> Analyzing version 2.0.3-rc.11 (186/359)...
2025-10-31 08:04:02,838 - BlankSpaceAnalyzer - INFO - -> Analyzing version 2.0.3-rc.12 (187/359)...
2025-10-31 08:04:02,928 - BlankSpaceAnalyzer - INFO - -> Analyzing version 2.0.3-rc.2 (188/359)...
2025-10-31 08:04:03,023 - BlankSpaceAnalyzer - INFO - -> Analyzing version 2.0.3-rc.3 (189/359)...
2025-10-31 08:04:03,114 - BlankSpaceAnalyzer - INFO - -> Analyzing version 2.0.3-rc.4 (190/359)...
2025-10-31 08:04:03,204 - BlankSpaceAnalyzer - INFO - -> Analyzing version 2.0.3-rc.5 (191/359)...
2025-10-31 08:04:03,294 - BlankSpaceAnalyzer - INFO - -> Analyzing version 2.0.3-rc.6 (192/359)...
2025-10-31 08:04:03,386 - BlankSpaceAnalyzer - INFO - -> Analyzing version 2.0.3-rc.7 (193/359)...
2025-10-31 08:04:03,477 - BlankSpaceAnalyzer - INFO - -> Analyzing version 2.0.3-rc.8 (194/359)...
2025-10-31 08:04:03,568 - BlankSpaceAnalyzer - INFO - -> Analyzing version 2.0.3-rc.9 (195/359)...
2025-10-31 08:04:03,659 - BlankSpaceAnalyzer - INFO - -> Analyzing version 2.0.4 (196/359)...
2025-10-31 08:04:03,749 - BlankSpaceAnalyzer - INFO - -> Analyzing version 2.0.4-rc.1 (197/359)...
2025-10-31 08:04:03,840 - BlankSpaceAnalyzer - INFO - -> Analyzing version 2.0.5 (198/359)...
2025-10-31 08:04:03,841 - BlankSpaceAnalyzer - INFO - -> Analyzing version 2.0.5-rc.1 (199/359)...
2025-10-31 08:04:03,933 - BlankSpaceAnalyzer - INFO - -> Analyzing version 2.0.5-rc.10 (200/359)...
2025-10-31 08:04:04,024 - BlankSpaceAnalyzer - INFO - -> Analyzing version 2.0.5-rc.11 (201/359)...
2025-10-31 08:04:04,025 - BlankSpaceAnalyzer - INFO - -> Analyzing version 2.0.5-rc.12 (202/359)...
2025-10-31 08:04:04,025 - BlankSpaceAnalyzer - INFO - -> Analyzing version 2.0.5-rc.13 (203/359)...
2025-10-31 08:04:04,026 - BlankSpaceAnalyzer - INFO - -> Analyzing version 2.0.5-rc.14 (204/359)...
2025-10-31 08:04:04,027 - BlankSpaceAnalyzer - INFO - -> Analyzing version 2.0.5-rc.15 (205/359)...
2025-10-31 08:04:04,027 - BlankSpaceAnalyzer - INFO - -> Analyzing version 2.0.5-rc.16 (206/359)...
2025-10-31 08:04:04,028 - BlankSpaceAnalyzer - INFO - -> Analyzing version 2.0.5-rc.2 (207/359)...
2025-10-31 08:04:04,126 - BlankSpaceAnalyzer - INFO - -> Analyzing version 2.0.5-rc.3 (208/359)...
2025-10-31 08:04:04,217 - BlankSpaceAnalyzer - INFO - -> Analyzing version 2.0.5-rc.4 (209/359)...
2025-10-31 08:04:04,309 - BlankSpaceAnalyzer - INFO - -> Analyzing version 2.0.5-rc.5 (210/359)...
2025-10-31 08:04:04,400 - BlankSpaceAnalyzer - INFO - -> Analyzing version 2.0.5-rc.6 (211/359)...
2025-10-31 08:04:04,491 - BlankSpaceAnalyzer - INFO - -> Analyzing version 2.0.5-rc.7 (212/359)...
2025-10-31 08:04:04,582 - BlankSpaceAnalyzer - INFO - -> Analyzing version 2.0.5-rc.8 (213/359)...
2025-10-31 08:04:04,674 - BlankSpaceAnalyzer - INFO - -> Analyzing version 2.0.5-rc.9 (214/359)...
2025-10-31 08:04:04,765 - BlankSpaceAnalyzer - INFO - -> Analyzing version 2.0.6 (215/359)...
2025-10-31 08:04:04,766 - BlankSpaceAnalyzer - INFO - -> Analyzing version 2.0.6-rc.1 (216/359)...
2025-10-31 08:04:04,767 - BlankSpaceAnalyzer - INFO - -> Analyzing version 2.0.6-rc.2 (217/359)...
2025-10-31 08:04:04,768 - BlankSpaceAnalyzer - INFO - -> Analyzing version 2.0.6-rc.3 (218/359)...
2025-10-31 08:04:04,768 - BlankSpaceAnalyzer - INFO - -> Analyzing version 2.0.6-rc.4 (219/359)...
2025-10-31 08:04:04,769 - BlankSpaceAnalyzer - INFO - -> Analyzing version 2.0.6-rc.5 (220/359)...
2025-10-31 08:04:04,769 - BlankSpaceAnalyzer - INFO - -> Analyzing version 2.0.6-rc.6 (221/359)...
2025-10-31 08:04:04,770 - BlankSpaceAnalyzer - INFO - -> Analyzing version 2.0.6-rc.7 (222/359)...
2025-10-31 08:04:04,771 - BlankSpaceAnalyzer - INFO - -> Analyzing version 2.0.6-rc.8 (223/359)...
2025-10-31 08:04:04,771 - BlankSpaceAnalyzer - INFO - -> Analyzing version 2.0.6-rc.9 (224/359)...
2025-10-31 08:04:04,772 - BlankSpaceAnalyzer - INFO - -> Analyzing version 2.0.7-rc.1 (225/359)...
2025-10-31 08:04:04,772 - BlankSpaceAnalyzer - INFO - -> Analyzing version 2.0.7-rc.10 (226/359)...
2025-10-31 08:04:04,773 - BlankSpaceAnalyzer - INFO - -> Analyzing version 2.0.7-rc.11 (227/359)...
2025-10-31 08:04:04,773 - BlankSpaceAnalyzer - INFO - -> Analyzing version 2.0.7-rc.2 (228/359)...
2025-10-31 08:04:04,774 - BlankSpaceAnalyzer - INFO - -> Analyzing version 2.0.7-rc.3 (229/359)...
2025-10-31 08:04:04,774 - BlankSpaceAnalyzer - INFO - -> Analyzing version 2.0.7-rc.4 (230/359)...
2025-10-31 08:04:04,775 - BlankSpaceAnalyzer - INFO - -> Analyzing version 2.0.7-rc.5 (231/359)...
2025-10-31 08:04:04,775 - BlankSpaceAnalyzer - INFO - -> Analyzing version 2.0.7-rc.6 (232/359)...
2025-10-31 08:04:04,776 - BlankSpaceAnalyzer - INFO - -> Analyzing version 2.0.7-rc.7 (233/359)...
2025-10-31 08:04:04,776 - BlankSpaceAnalyzer - INFO - -> Analyzing version 2.0.7-rc.8 (234/359)...
2025-10-31 08:04:04,777 - BlankSpaceAnalyzer - INFO - -> Analyzing version 2.0.7-rc.9 (235/359)...
2025-10-31 08:04:04,777 - BlankSpaceAnalyzer - INFO - -> Analyzing version 2.1.0 (236/359)...
2025-10-31 08:04:04,778 - BlankSpaceAnalyzer - INFO - -> Analyzing version 2.1.0-rc.1 (237/359)...
2025-10-31 08:04:04,778 - BlankSpaceAnalyzer - INFO - -> Analyzing version 2.1.0-rc.2 (238/359)...
2025-10-31 08:04:04,779 - BlankSpaceAnalyzer - INFO - -> Analyzing version 2.1.0-rc.3 (239/359)...
2025-10-31 08:04:04,779 - BlankSpaceAnalyzer - INFO - -> Analyzing version 2.1.0-rc.4 (240/359)...
2025-10-31 08:04:04,780 - BlankSpaceAnalyzer - INFO - -> Analyzing version 2.1.0-rc.5 (241/359)...
2025-10-31 08:04:04,780 - BlankSpaceAnalyzer - INFO - -> Analyzing version 2.1.0-rc.6 (242/359)...
2025-10-31 08:04:04,781 - BlankSpaceAnalyzer - INFO - -> Analyzing version 2.1.0-rc.7 (243/359)...
2025-10-31 08:04:04,781 - BlankSpaceAnalyzer - INFO - -> Analyzing version 2.1.1 (244/359)...
2025-10-31 08:04:04,782 - BlankSpaceAnalyzer - INFO - -> Analyzing version 2.1.1-rc.1 (245/359)...
2025-10-31 08:04:04,782 - BlankSpaceAnalyzer - INFO - -> Analyzing version 2.1.10 (246/359)...
2025-10-31 08:04:04,783 - BlankSpaceAnalyzer - INFO - -> Analyzing version 2.1.10-rc.1745001912396 (247/359)...
2025-10-31 08:04:04,783 - BlankSpaceAnalyzer - INFO - -> Analyzing version 2.1.10-rc.1745002236885 (248/359)...
2025-10-31 08:04:04,784 - BlankSpaceAnalyzer - INFO - -> Analyzing version 2.1.11 (249/359)...
2025-10-31 08:04:04,784 - BlankSpaceAnalyzer - INFO - -> Analyzing version 2.1.11-rc.1745092579314 (250/359)...
2025-10-31 08:04:04,785 - BlankSpaceAnalyzer - INFO - -> Analyzing version 2.1.12 (251/359)...
2025-10-31 08:04:04,785 - BlankSpaceAnalyzer - INFO - -> Analyzing version 2.1.12-rc.1745097595920 (252/359)...
2025-10-31 08:04:04,786 - BlankSpaceAnalyzer - INFO - -> Analyzing version 2.1.12-rc.1745339201309 (253/359)...
2025-10-31 08:04:04,786 - BlankSpaceAnalyzer - INFO - -> Analyzing version 2.1.13 (254/359)...
2025-10-31 08:04:04,787 - BlankSpaceAnalyzer - INFO - -> Analyzing version 2.1.13-rc.1745345395380 (255/359)...
2025-10-31 08:04:04,787 - BlankSpaceAnalyzer - INFO - -> Analyzing version 2.1.13-rc.1745439717073 (256/359)...
2025-10-31 08:04:04,788 - BlankSpaceAnalyzer - INFO - -> Analyzing version 2.1.13-rc.1745972185559 (257/359)...
2025-10-31 08:04:04,788 - BlankSpaceAnalyzer - INFO - -> Analyzing version 2.1.13-rc.1746044551800 (258/359)...
2025-10-31 08:04:04,789 - BlankSpaceAnalyzer - INFO - -> Analyzing version 2.1.13-rc.1746053194630 (259/359)...
2025-10-31 08:04:04,789 - BlankSpaceAnalyzer - INFO - -> Analyzing version 2.1.13-rc.1746075822931 (260/359)...
2025-10-31 08:04:04,790 - BlankSpaceAnalyzer - INFO - -> Analyzing version 2.1.13-rc.1746466567086 (261/359)...
2025-10-31 08:04:04,790 - BlankSpaceAnalyzer - INFO - -> Analyzing version 2.1.14 (262/359)...
2025-10-31 08:04:04,791 - BlankSpaceAnalyzer - INFO - -> Analyzing version 2.1.15 (263/359)...
2025-10-31 08:04:04,791 - BlankSpaceAnalyzer - INFO - -> Analyzing version 2.1.15-rc.1746560904918 (264/359)...
2025-10-31 08:04:04,792 - BlankSpaceAnalyzer - INFO - -> Analyzing version 2.1.15-rc.1747678980544 (265/359)...
2025-10-31 08:04:04,793 - BlankSpaceAnalyzer - INFO - -> Analyzing version 2.1.16 (266/359)...
2025-10-31 08:04:04,793 - BlankSpaceAnalyzer - INFO - -> Analyzing version 2.1.16-rc.1751501220403 (267/359)...
2025-10-31 08:04:04,794 - BlankSpaceAnalyzer - INFO - -> Analyzing version 2.1.16-rc.1752165236204 (268/359)...
2025-10-31 08:04:04,794 - BlankSpaceAnalyzer - INFO - -> Analyzing version 2.1.16-rc.1752166197873 (269/359)...
2025-10-31 08:04:04,795 - BlankSpaceAnalyzer - INFO - -> Analyzing version 2.1.16-rc.1752166434368 (270/359)...
2025-10-31 08:04:04,795 - BlankSpaceAnalyzer - INFO - -> Analyzing version 2.1.16-rc.1752166910601 (271/359)...
2025-10-31 08:04:04,796 - BlankSpaceAnalyzer - INFO - -> Analyzing version 2.1.16-rc.1752791004720 (272/359)...
2025-10-31 08:04:04,796 - BlankSpaceAnalyzer - INFO - -> Analyzing version 2.1.16-rc.1755114563302 (273/359)...
2025-10-31 08:04:04,797 - BlankSpaceAnalyzer - INFO - -> Analyzing version 2.1.16-rc.1755118410828 (274/359)...
2025-10-31 08:04:04,797 - BlankSpaceAnalyzer - INFO - -> Analyzing version 2.1.16-rc.1755201399387 (275/359)...
2025-10-31 08:04:04,798 - BlankSpaceAnalyzer - INFO - -> Analyzing version 2.1.16-rc.1755205432459 (276/359)...
2025-10-31 08:04:04,798 - BlankSpaceAnalyzer - INFO - -> Analyzing version 2.1.16-rc.1761327012562 (277/359)...
2025-10-31 08:04:04,799 - BlankSpaceAnalyzer - INFO - -> Analyzing version 2.1.16-rc.1761582029795 (278/359)...
2025-10-31 08:04:04,800 - BlankSpaceAnalyzer - INFO - -> Analyzing version 2.1.16-rc.1761614469962 (279/359)...
2025-10-31 08:04:04,801 - BlankSpaceAnalyzer - INFO - -> Analyzing version 2.1.16-rc.1761614930803 (280/359)...
2025-10-31 08:04:04,801 - BlankSpaceAnalyzer - INFO - -> Analyzing version 2.1.16-rc.1761615925003 (281/359)...
2025-10-31 08:04:04,802 - BlankSpaceAnalyzer - INFO - -> Analyzing version 2.1.16-rc.1761619701743 (282/359)...
2025-10-31 08:04:04,803 - BlankSpaceAnalyzer - INFO - -> Analyzing version 2.1.16-rc.1761620575619 (283/359)...
2025-10-31 08:04:04,803 - BlankSpaceAnalyzer - INFO - -> Analyzing version 2.1.16-rc.1761621280215 (284/359)...
2025-10-31 08:04:04,804 - BlankSpaceAnalyzer - INFO - -> Analyzing version 2.1.16-rc.1761750045307 (285/359)...
2025-10-31 08:04:04,804 - BlankSpaceAnalyzer - INFO - -> Analyzing version 2.1.16-rc.1761750294484 (286/359)...
2025-10-31 08:04:04,805 - BlankSpaceAnalyzer - INFO - -> Analyzing version 2.1.16-rc.1761752560860 (287/359)...
2025-10-31 08:04:04,805 - BlankSpaceAnalyzer - INFO - -> Analyzing version 2.1.16-rc.1761757765388 (288/359)...
2025-10-31 08:04:04,806 - BlankSpaceAnalyzer - INFO - -> Analyzing version 2.1.16-rc.1761760880074 (289/359)...
2025-10-31 08:04:04,806 - BlankSpaceAnalyzer - INFO - -> Analyzing version 2.1.2 (290/359)...
2025-10-31 08:04:04,807 - BlankSpaceAnalyzer - INFO - -> Analyzing version 2.1.2-rc.1 (291/359)...
2025-10-31 08:04:04,807 - BlankSpaceAnalyzer - INFO - -> Analyzing version 2.1.2-rc.10 (292/359)...
2025-10-31 08:04:04,808 - BlankSpaceAnalyzer - INFO - -> Analyzing version 2.1.2-rc.11 (293/359)...
2025-10-31 08:04:04,808 - BlankSpaceAnalyzer - INFO - -> Analyzing version 2.1.2-rc.12 (294/359)...
2025-10-31 08:04:04,809 - BlankSpaceAnalyzer - INFO - -> Analyzing version 2.1.2-rc.13 (295/359)...
2025-10-31 08:04:04,809 - BlankSpaceAnalyzer - INFO - -> Analyzing version 2.1.2-rc.14 (296/359)...
2025-10-31 08:04:04,810 - BlankSpaceAnalyzer - INFO - -> Analyzing version 2.1.2-rc.2 (297/359)...
2025-10-31 08:04:04,810 - BlankSpaceAnalyzer - INFO - -> Analyzing version 2.1.2-rc.3 (298/359)...
2025-10-31 08:04:04,811 - BlankSpaceAnalyzer - INFO - -> Analyzing version 2.1.2-rc.4 (299/359)...
2025-10-31 08:04:04,811 - BlankSpaceAnalyzer - INFO - -> Analyzing version 2.1.2-rc.5 (300/359)...
2025-10-31 08:04:04,812 - BlankSpaceAnalyzer - INFO - -> Analyzing version 2.1.2-rc.6 (301/359)...
2025-10-31 08:04:04,812 - BlankSpaceAnalyzer - INFO - -> Analyzing version 2.1.2-rc.7 (302/359)...
2025-10-31 08:04:04,813 - BlankSpaceAnalyzer - INFO - -> Analyzing version 2.1.2-rc.8 (303/359)...
2025-10-31 08:04:04,813 - BlankSpaceAnalyzer - INFO - -> Analyzing version 2.1.2-rc.9 (304/359)...
2025-10-31 08:04:04,814 - BlankSpaceAnalyzer - INFO - -> Analyzing version 2.1.3 (305/359)...
2025-10-31 08:04:04,814 - BlankSpaceAnalyzer - INFO - -> Analyzing version 2.1.3-rc.1 (306/359)...
2025-10-31 08:04:04,815 - BlankSpaceAnalyzer - INFO - -> Analyzing version 2.1.3-rc.2 (307/359)...
2025-10-31 08:04:04,815 - BlankSpaceAnalyzer - INFO - -> Analyzing version 2.1.3-rc.3 (308/359)...
2025-10-31 08:04:04,816 - BlankSpaceAnalyzer - INFO - -> Analyzing version 2.1.4 (309/359)...
2025-10-31 08:04:04,816 - BlankSpaceAnalyzer - INFO - -> Analyzing version 2.1.4-rc.1 (310/359)...
2025-10-31 08:04:04,817 - BlankSpaceAnalyzer - INFO - -> Analyzing version 2.1.5 (311/359)...
2025-10-31 08:04:04,817 - BlankSpaceAnalyzer - INFO - -> Analyzing version 2.1.5-rc.1 (312/359)...
2025-10-31 08:04:04,818 - BlankSpaceAnalyzer - INFO - -> Analyzing version 2.1.5-rc.2 (313/359)...
2025-10-31 08:04:04,818 - BlankSpaceAnalyzer - INFO - -> Analyzing version 2.1.5-rc.3 (314/359)...
2025-10-31 08:04:04,819 - BlankSpaceAnalyzer - INFO - -> Analyzing version 2.1.5-rc.4 (315/359)...
2025-10-31 08:04:04,819 - BlankSpaceAnalyzer - INFO - -> Analyzing version 2.1.5-rc.5 (316/359)...
2025-10-31 08:04:04,820 - BlankSpaceAnalyzer - INFO - -> Analyzing version 2.1.5-rc.6 (317/359)...
2025-10-31 08:04:04,820 - BlankSpaceAnalyzer - INFO - -> Analyzing version 2.1.5-rc.7 (318/359)...
2025-10-31 08:04:04,821 - BlankSpaceAnalyzer - INFO - -> Analyzing version 2.1.5-rc.8 (319/359)...
2025-10-31 08:04:04,821 - BlankSpaceAnalyzer - INFO - -> Analyzing version 2.1.5-rc.9 (320/359)...
2025-10-31 08:04:04,822 - BlankSpaceAnalyzer - INFO - -> Analyzing version 2.1.6 (321/359)...
2025-10-31 08:04:04,822 - BlankSpaceAnalyzer - INFO - -> Analyzing version 2.1.6-rc.1 (322/359)...
2025-10-31 08:04:04,823 - BlankSpaceAnalyzer - INFO - -> Analyzing version 2.1.6-rc.2 (323/359)...
2025-10-31 08:04:04,823 - BlankSpaceAnalyzer - INFO - -> Analyzing version 2.1.6-rc.3 (324/359)...
2025-10-31 08:04:04,824 - BlankSpaceAnalyzer - INFO - -> Analyzing version 2.1.6-rc.4 (325/359)...
2025-10-31 08:04:04,824 - BlankSpaceAnalyzer - INFO - -> Analyzing version 2.1.6-rc.5 (326/359)...
2025-10-31 08:04:04,825 - BlankSpaceAnalyzer - INFO - -> Analyzing version 2.1.7 (327/359)...
2025-10-31 08:04:04,825 - BlankSpaceAnalyzer - INFO - -> Analyzing version 2.1.7-rc.1 (328/359)...
2025-10-31 08:04:04,826 - BlankSpaceAnalyzer - INFO - -> Analyzing version 2.1.7-rc.10 (329/359)...
2025-10-31 08:04:04,826 - BlankSpaceAnalyzer - INFO - -> Analyzing version 2.1.7-rc.2 (330/359)...
2025-10-31 08:04:04,827 - BlankSpaceAnalyzer - INFO - -> Analyzing version 2.1.7-rc.3 (331/359)...
2025-10-31 08:04:04,827 - BlankSpaceAnalyzer - INFO - -> Analyzing version 2.1.7-rc.4 (332/359)...
2025-10-31 08:04:04,828 - BlankSpaceAnalyzer - INFO - -> Analyzing version 2.1.7-rc.5 (333/359)...
2025-10-31 08:04:04,828 - BlankSpaceAnalyzer - INFO - -> Analyzing version 2.1.7-rc.6 (334/359)...
2025-10-31 08:04:04,829 - BlankSpaceAnalyzer - INFO - -> Analyzing version 2.1.7-rc.7 (335/359)...
2025-10-31 08:04:04,829 - BlankSpaceAnalyzer - INFO - -> Analyzing version 2.1.7-rc.8 (336/359)...
2025-10-31 08:04:04,830 - BlankSpaceAnalyzer - INFO - -> Analyzing version 2.1.7-rc.9 (337/359)...
2025-10-31 08:04:04,830 - BlankSpaceAnalyzer - INFO - -> Analyzing version 2.1.8 (338/359)...
2025-10-31 08:04:04,831 - BlankSpaceAnalyzer - INFO - -> Analyzing version 2.1.8-rc.1744259191780 (339/359)...
2025-10-31 08:04:04,831 - BlankSpaceAnalyzer - INFO - -> Analyzing version 2.1.8-rc.1744259481941 (340/359)...
2025-10-31 08:04:04,832 - BlankSpaceAnalyzer - INFO - -> Analyzing version 2.1.8-rc.1744311029001 (341/359)...
2025-10-31 08:04:04,832 - BlankSpaceAnalyzer - INFO - -> Analyzing version 2.1.8-rc.1744416976900 (342/359)...
2025-10-31 08:04:04,833 - BlankSpaceAnalyzer - INFO - -> Analyzing version 2.1.8-rc.1744502104733 (343/359)...
2025-10-31 08:04:04,834 - BlankSpaceAnalyzer - INFO - -> Analyzing version 2.1.8-rc.1744518250005 (344/359)...
2025-10-31 08:04:04,835 - BlankSpaceAnalyzer - INFO - -> Analyzing version 2.1.8-rc.1744519235198 (345/359)...
2025-10-31 08:04:04,835 - BlankSpaceAnalyzer - INFO - -> Analyzing version 2.1.8-rc.1744574857111 (346/359)...
2025-10-31 08:04:04,836 - BlankSpaceAnalyzer - INFO - -> Analyzing version 2.1.8-rc.1744660991666 (347/359)...
2025-10-31 08:04:04,837 - BlankSpaceAnalyzer - INFO - -> Analyzing version 2.1.8-rc.1744661316162 (348/359)...
2025-10-31 08:04:04,837 - BlankSpaceAnalyzer - INFO - -> Analyzing version 2.1.8-rc.1744830756566 (349/359)...
2025-10-31 08:04:04,838 - BlankSpaceAnalyzer - INFO - -> Analyzing version 2.1.8-rc.1744831331200 (350/359)...
2025-10-31 08:04:04,838 - BlankSpaceAnalyzer - INFO - -> Analyzing version 2.1.8-rc.1744836032308 (351/359)...
2025-10-31 08:04:04,839 - BlankSpaceAnalyzer - INFO - -> Analyzing version 2.1.8-rc.1744897529216 (352/359)...
2025-10-31 08:04:04,839 - BlankSpaceAnalyzer - INFO - -> Analyzing version 2.1.8-rc.1744898528774 (353/359)...
2025-10-31 08:04:04,840 - BlankSpaceAnalyzer - INFO - -> Analyzing version 2.1.8-rc.1744905634543 (354/359)...
2025-10-31 08:04:04,840 - BlankSpaceAnalyzer - INFO - -> Analyzing version 2.1.8-rc.1744910682821 (355/359)...
2025-10-31 08:04:04,841 - BlankSpaceAnalyzer - INFO - -> Analyzing version 2.1.9 (356/359)...
2025-10-31 08:04:04,841 - BlankSpaceAnalyzer - INFO - -> Analyzing version 2.1.9-rc.1744998730501 (357/359)...
2025-10-31 08:04:04,842 - BlankSpaceAnalyzer - INFO - -> Analyzing version 2.1.9-rc.1744998943107 (358/359)...
2025-10-31 08:04:04,842 - BlankSpaceAnalyzer - INFO - -> Analyzing version 2.1.9-rc.1744999865452 (359/359)...
2025-10-31 08:04:04,843 - BlankSpaceAnalyzer - INFO - Exporting results for '@radix-ui/react-menu' to CSV...
2025-10-31 08:04:05,206 - BlankSpaceAnalyzer - INFO - Reports saved in: /app/npm_results/@radix-ui_react-menu
2025-10-31 08:04:05,207 - NPM_Analyzer - INFO - Cleaning temporary folder 'temp/@radix-ui_react-menu'...
2025-10-31 08:04:05,297 - NPM_Analyzer - INFO - Cleanup completed.
