2025-11-13 19:14:47,716 - NPM_HUT_Analyzer - INFO - Recupero metadata per 'ts-morph'...
2025-11-13 19:14:47,910 - NPM_HUT_Analyzer - INFO - Trovate 88 versioni. Inizio download in 'temp_hut/ts-morph'...
2025-11-13 19:15:55,641 - UnicodeAnalyzer - INFO - Analizzando 88 versioni per '*.js' in 'ts-morph'.
2025-11-13 19:15:55,641 - UnicodeAnalyzer - INFO - -> Analizzando versione 1.0.0 (1/88)...
2025-11-13 19:15:55,688 - UnicodeAnalyzer - INFO - Filtrati 518 file (es. in /dist, /test).
2025-11-13 19:15:55,688 - UnicodeAnalyzer - INFO - -> Analizzando versione 1.1.0 (2/88)...
2025-11-13 19:15:55,706 - UnicodeAnalyzer - INFO - Filtrati 519 file (es. in /dist, /test).
2025-11-13 19:15:55,706 - UnicodeAnalyzer - INFO - -> Analizzando versione 1.2.0 (3/88)...
2025-11-13 19:15:55,722 - UnicodeAnalyzer - INFO - Filtrati 523 file (es. in /dist, /test).
2025-11-13 19:15:55,722 - UnicodeAnalyzer - INFO - -> Analizzando versione 1.3.0 (4/88)...
2025-11-13 19:15:55,737 - UnicodeAnalyzer - INFO - Filtrati 525 file (es. in /dist, /test).
2025-11-13 19:15:55,737 - UnicodeAnalyzer - INFO - -> Analizzando versione 1.3.1 (5/88)...
2025-11-13 19:15:55,751 - UnicodeAnalyzer - INFO - Filtrati 525 file (es. in /dist, /test).
2025-11-13 19:15:55,752 - UnicodeAnalyzer - INFO - -> Analizzando versione 1.3.2 (6/88)...
2025-11-13 19:15:55,766 - UnicodeAnalyzer - INFO - Filtrati 525 file (es. in /dist, /test).
2025-11-13 19:15:55,766 - UnicodeAnalyzer - INFO - -> Analizzando versione 1.3.3 (7/88)...
2025-11-13 19:15:55,780 - UnicodeAnalyzer - INFO - Filtrati 525 file (es. in /dist, /test).
2025-11-13 19:15:55,780 - UnicodeAnalyzer - INFO - -> Analizzando versione 1.3.4 (8/88)...
2025-11-13 19:15:55,795 - UnicodeAnalyzer - INFO - Filtrati 525 file (es. in /dist, /test).
2025-11-13 19:15:55,795 - UnicodeAnalyzer - INFO - -> Analizzando versione 1.3.5 (9/88)...
2025-11-13 19:15:55,809 - UnicodeAnalyzer - INFO - Filtrati 525 file (es. in /dist, /test).
2025-11-13 19:15:55,810 - UnicodeAnalyzer - INFO - -> Analizzando versione 10.0.0 (10/88)...
2025-11-13 19:15:55,810 - UnicodeAnalyzer - INFO - Filtrati 1 file (es. in /dist, /test).
2025-11-13 19:15:55,810 - UnicodeAnalyzer - INFO - -> Analizzando versione 10.0.1 (11/88)...
2025-11-13 19:15:55,810 - UnicodeAnalyzer - INFO - Filtrati 1 file (es. in /dist, /test).
2025-11-13 19:15:55,810 - UnicodeAnalyzer - INFO - -> Analizzando versione 10.0.2 (12/88)...
2025-11-13 19:15:55,811 - UnicodeAnalyzer - INFO - Filtrati 1 file (es. in /dist, /test).
2025-11-13 19:15:55,859 - UnicodeAnalyzer - INFO - -> Analizzando versione 10.1.0 (13/88)...
2025-11-13 19:15:55,859 - UnicodeAnalyzer - INFO - Filtrati 1 file (es. in /dist, /test).
2025-11-13 19:15:55,859 - UnicodeAnalyzer - INFO - -> Analizzando versione 11.0.0 (14/88)...
2025-11-13 19:15:55,860 - UnicodeAnalyzer - INFO - Filtrati 1 file (es. in /dist, /test).
2025-11-13 19:15:55,860 - UnicodeAnalyzer - INFO - -> Analizzando versione 11.0.2 (15/88)...
2025-11-13 19:15:55,860 - UnicodeAnalyzer - INFO - Filtrati 1 file (es. in /dist, /test).
2025-11-13 19:15:55,860 - UnicodeAnalyzer - INFO - -> Analizzando versione 11.0.3 (16/88)...
2025-11-13 19:15:55,860 - UnicodeAnalyzer - INFO - Filtrati 1 file (es. in /dist, /test).
2025-11-13 19:15:55,860 - UnicodeAnalyzer - INFO - -> Analizzando versione 12.0.0 (17/88)...
2025-11-13 19:15:55,861 - UnicodeAnalyzer - INFO - Filtrati 1 file (es. in /dist, /test).
2025-11-13 19:15:55,861 - UnicodeAnalyzer - INFO - -> Analizzando versione 12.1.0 (18/88)...
2025-11-13 19:15:55,861 - UnicodeAnalyzer - INFO - Filtrati 1 file (es. in /dist, /test).
2025-11-13 19:15:55,861 - UnicodeAnalyzer - INFO - -> Analizzando versione 12.2.0 (19/88)...
2025-11-13 19:15:55,861 - UnicodeAnalyzer - INFO - Filtrati 1 file (es. in /dist, /test).
2025-11-13 19:15:55,861 - UnicodeAnalyzer - INFO - -> Analizzando versione 13.0.0 (20/88)...
2025-11-13 19:15:55,862 - UnicodeAnalyzer - INFO - Filtrati 1 file (es. in /dist, /test).
2025-11-13 19:15:55,862 - UnicodeAnalyzer - INFO - -> Analizzando versione 13.0.1 (21/88)...
2025-11-13 19:15:55,862 - UnicodeAnalyzer - INFO - Filtrati 1 file (es. in /dist, /test).
2025-11-13 19:15:55,862 - UnicodeAnalyzer - INFO - -> Analizzando versione 13.0.2 (22/88)...
2025-11-13 19:15:55,862 - UnicodeAnalyzer - INFO - Filtrati 1 file (es. in /dist, /test).
2025-11-13 19:15:55,862 - UnicodeAnalyzer - INFO - -> Analizzando versione 13.0.3 (23/88)...
2025-11-13 19:15:55,862 - UnicodeAnalyzer - INFO - Filtrati 1 file (es. in /dist, /test).
2025-11-13 19:15:55,863 - UnicodeAnalyzer - INFO - -> Analizzando versione 14.0.0 (24/88)...
2025-11-13 19:15:55,863 - UnicodeAnalyzer - INFO - Filtrati 1 file (es. in /dist, /test).
2025-11-13 19:15:55,863 - UnicodeAnalyzer - INFO - -> Analizzando versione 15.0.0 (25/88)...
2025-11-13 19:15:55,863 - UnicodeAnalyzer - INFO - Filtrati 1 file (es. in /dist, /test).
2025-11-13 19:15:55,863 - UnicodeAnalyzer - INFO - -> Analizzando versione 15.1.0 (26/88)...
2025-11-13 19:15:55,863 - UnicodeAnalyzer - INFO - Filtrati 1 file (es. in /dist, /test).
2025-11-13 19:15:55,863 - UnicodeAnalyzer - INFO - -> Analizzando versione 16.0.0 (27/88)...
2025-11-13 19:15:55,864 - UnicodeAnalyzer - INFO - Filtrati 1 file (es. in /dist, /test).
2025-11-13 19:15:55,864 - UnicodeAnalyzer - INFO - -> Analizzando versione 17.0.0 (28/88)...
2025-11-13 19:15:55,864 - UnicodeAnalyzer - INFO - Filtrati 1 file (es. in /dist, /test).
2025-11-13 19:15:55,864 - UnicodeAnalyzer - INFO - -> Analizzando versione 17.0.1 (29/88)...
2025-11-13 19:15:55,864 - UnicodeAnalyzer - INFO - Filtrati 1 file (es. in /dist, /test).
2025-11-13 19:15:55,864 - UnicodeAnalyzer - INFO - -> Analizzando versione 18.0.0 (30/88)...
2025-11-13 19:15:55,865 - UnicodeAnalyzer - INFO - Filtrati 1 file (es. in /dist, /test).
2025-11-13 19:15:55,865 - UnicodeAnalyzer - INFO - -> Analizzando versione 19.0.0 (31/88)...
2025-11-13 19:15:55,865 - UnicodeAnalyzer - INFO - Filtrati 1 file (es. in /dist, /test).
2025-11-13 19:15:55,865 - UnicodeAnalyzer - INFO - -> Analizzando versione 2.0.0-rc (32/88)...
2025-11-13 19:15:55,884 - UnicodeAnalyzer - INFO - Filtrati 538 file (es. in /dist, /test).
2025-11-13 19:15:55,884 - UnicodeAnalyzer - INFO - -> Analizzando versione 2.0.1 (33/88)...
2025-11-13 19:15:55,902 - UnicodeAnalyzer - INFO - Filtrati 538 file (es. in /dist, /test).
2025-11-13 19:15:55,902 - UnicodeAnalyzer - INFO - -> Analizzando versione 2.0.1-rc (34/88)...
2025-11-13 19:15:55,921 - UnicodeAnalyzer - INFO - Filtrati 538 file (es. in /dist, /test).
2025-11-13 19:15:55,921 - UnicodeAnalyzer - INFO - -> Analizzando versione 2.0.2-rc (35/88)...
2025-11-13 19:15:55,940 - UnicodeAnalyzer - INFO - Filtrati 538 file (es. in /dist, /test).
2025-11-13 19:15:55,940 - UnicodeAnalyzer - INFO - -> Analizzando versione 2.0.3-rc (36/88)...
2025-11-13 19:15:55,958 - UnicodeAnalyzer - INFO - Filtrati 538 file (es. in /dist, /test).
2025-11-13 19:15:55,959 - UnicodeAnalyzer - INFO - -> Analizzando versione 2.0.4-rc (37/88)...
2025-11-13 19:15:55,977 - UnicodeAnalyzer - INFO - Filtrati 538 file (es. in /dist, /test).
2025-11-13 19:15:55,977 - UnicodeAnalyzer - INFO - -> Analizzando versione 2.1.0 (38/88)...
2025-11-13 19:15:55,996 - UnicodeAnalyzer - INFO - Filtrati 544 file (es. in /dist, /test).
2025-11-13 19:15:55,996 - UnicodeAnalyzer - INFO - -> Analizzando versione 2.1.1 (39/88)...
2025-11-13 19:15:56,015 - UnicodeAnalyzer - INFO - Filtrati 544 file (es. in /dist, /test).
2025-11-13 19:15:56,016 - UnicodeAnalyzer - INFO - -> Analizzando versione 2.1.2 (40/88)...
2025-11-13 19:15:56,034 - UnicodeAnalyzer - INFO - Filtrati 544 file (es. in /dist, /test).
2025-11-13 19:15:56,035 - UnicodeAnalyzer - INFO - -> Analizzando versione 2.2.0 (41/88)...
2025-11-13 19:15:56,053 - UnicodeAnalyzer - INFO - Filtrati 544 file (es. in /dist, /test).
2025-11-13 19:15:56,053 - UnicodeAnalyzer - INFO - -> Analizzando versione 2.3.0 (42/88)...
2025-11-13 19:15:56,072 - UnicodeAnalyzer - INFO - Filtrati 544 file (es. in /dist, /test).
2025-11-13 19:15:56,072 - UnicodeAnalyzer - INFO - -> Analizzando versione 20.0.0 (43/88)...
2025-11-13 19:15:56,073 - UnicodeAnalyzer - INFO - Filtrati 1 file (es. in /dist, /test).
2025-11-13 19:15:56,073 - UnicodeAnalyzer - INFO - -> Analizzando versione 21.0.0 (44/88)...
2025-11-13 19:15:56,073 - UnicodeAnalyzer - INFO - Filtrati 1 file (es. in /dist, /test).
2025-11-13 19:15:56,073 - UnicodeAnalyzer - INFO - -> Analizzando versione 21.0.1 (45/88)...
2025-11-13 19:15:56,073 - UnicodeAnalyzer - INFO - Filtrati 1 file (es. in /dist, /test).
2025-11-13 19:15:56,073 - UnicodeAnalyzer - INFO - -> Analizzando versione 22.0.0 (46/88)...
2025-11-13 19:15:56,073 - UnicodeAnalyzer - INFO - Filtrati 1 file (es. in /dist, /test).
2025-11-13 19:15:56,073 - UnicodeAnalyzer - INFO - -> Analizzando versione 23.0.0 (47/88)...
2025-11-13 19:15:56,074 - UnicodeAnalyzer - INFO - Filtrati 1 file (es. in /dist, /test).
2025-11-13 19:15:56,074 - UnicodeAnalyzer - INFO - -> Analizzando versione 24.0.0 (48/88)...
2025-11-13 19:15:56,074 - UnicodeAnalyzer - INFO - Filtrati 1 file (es. in /dist, /test).
2025-11-13 19:15:56,074 - UnicodeAnalyzer - INFO - -> Analizzando versione 25.0.0 (49/88)...
2025-11-13 19:15:56,074 - UnicodeAnalyzer - INFO - Filtrati 1 file (es. in /dist, /test).
2025-11-13 19:15:56,074 - UnicodeAnalyzer - INFO - -> Analizzando versione 25.0.1 (50/88)...
2025-11-13 19:15:56,075 - UnicodeAnalyzer - INFO - Filtrati 1 file (es. in /dist, /test).
2025-11-13 19:15:56,075 - UnicodeAnalyzer - INFO - -> Analizzando versione 26.0.0 (51/88)...
2025-11-13 19:15:56,075 - UnicodeAnalyzer - INFO - Filtrati 1 file (es. in /dist, /test).
2025-11-13 19:15:56,075 - UnicodeAnalyzer - INFO - -> Analizzando versione 27.0.0 (52/88)...
2025-11-13 19:15:56,075 - UnicodeAnalyzer - INFO - Filtrati 1 file (es. in /dist, /test).
2025-11-13 19:15:56,075 - UnicodeAnalyzer - INFO - -> Analizzando versione 27.0.2 (53/88)...
2025-11-13 19:15:56,075 - UnicodeAnalyzer - INFO - Filtrati 1 file (es. in /dist, /test).
2025-11-13 19:15:56,075 - UnicodeAnalyzer - INFO - -> Analizzando versione 3.0.0 (54/88)...
2025-11-13 19:15:56,095 - UnicodeAnalyzer - INFO - Filtrati 556 file (es. in /dist, /test).
2025-11-13 19:15:56,095 - UnicodeAnalyzer - INFO - -> Analizzando versione 3.1.0 (55/88)...
2025-11-13 19:15:56,114 - UnicodeAnalyzer - INFO - Filtrati 556 file (es. in /dist, /test).
2025-11-13 19:15:56,114 - UnicodeAnalyzer - INFO - -> Analizzando versione 3.1.1 (56/88)...
2025-11-13 19:15:56,133 - UnicodeAnalyzer - INFO - Filtrati 556 file (es. in /dist, /test).
2025-11-13 19:15:56,134 - UnicodeAnalyzer - INFO - -> Analizzando versione 3.1.2 (57/88)...
2025-11-13 19:15:56,153 - UnicodeAnalyzer - INFO - Filtrati 556 file (es. in /dist, /test).
2025-11-13 19:15:56,153 - UnicodeAnalyzer - INFO - -> Analizzando versione 3.1.3 (58/88)...
2025-11-13 19:15:56,172 - UnicodeAnalyzer - INFO - Filtrati 556 file (es. in /dist, /test).
2025-11-13 19:15:56,173 - UnicodeAnalyzer - INFO - -> Analizzando versione 4.0.0 (59/88)...
2025-11-13 19:15:56,173 - UnicodeAnalyzer - INFO - Filtrati 1 file (es. in /dist, /test).
2025-11-13 19:15:56,242 - UnicodeAnalyzer - INFO - -> Analizzando versione 4.0.1 (60/88)...
2025-11-13 19:15:56,243 - UnicodeAnalyzer - INFO - Filtrati 1 file (es. in /dist, /test).
2025-11-13 19:15:56,317 - UnicodeAnalyzer - INFO - -> Analizzando versione 4.1.0 (61/88)...
2025-11-13 19:15:56,317 - UnicodeAnalyzer - INFO - Filtrati 1 file (es. in /dist, /test).
2025-11-13 19:15:56,317 - UnicodeAnalyzer - INFO - -> Analizzando versione 4.1.1 (62/88)...
2025-11-13 19:15:56,318 - UnicodeAnalyzer - INFO - Filtrati 1 file (es. in /dist, /test).
2025-11-13 19:15:56,318 - UnicodeAnalyzer - INFO - -> Analizzando versione 4.2.0 (63/88)...
2025-11-13 19:15:56,318 - UnicodeAnalyzer - INFO - Filtrati 1 file (es. in /dist, /test).
2025-11-13 19:15:56,318 - UnicodeAnalyzer - INFO - -> Analizzando versione 4.3.0 (64/88)...
2025-11-13 19:15:56,318 - UnicodeAnalyzer - INFO - Filtrati 1 file (es. in /dist, /test).
2025-11-13 19:15:56,318 - UnicodeAnalyzer - INFO - -> Analizzando versione 4.3.1 (65/88)...
2025-11-13 19:15:56,319 - UnicodeAnalyzer - INFO - Filtrati 1 file (es. in /dist, /test).
2025-11-13 19:15:56,319 - UnicodeAnalyzer - INFO - -> Analizzando versione 4.3.2 (66/88)...
2025-11-13 19:15:56,319 - UnicodeAnalyzer - INFO - Filtrati 1 file (es. in /dist, /test).
2025-11-13 19:15:56,319 - UnicodeAnalyzer - INFO - -> Analizzando versione 4.3.3 (67/88)...
2025-11-13 19:15:56,319 - UnicodeAnalyzer - INFO - Filtrati 1 file (es. in /dist, /test).
2025-11-13 19:15:56,319 - UnicodeAnalyzer - INFO - -> Analizzando versione 5.0.0 (68/88)...
2025-11-13 19:15:56,320 - UnicodeAnalyzer - INFO - Filtrati 1 file (es. in /dist, /test).
2025-11-13 19:15:56,320 - UnicodeAnalyzer - INFO - -> Analizzando versione 6.0.1 (69/88)...
2025-11-13 19:15:56,320 - UnicodeAnalyzer - INFO - Filtrati 1 file (es. in /dist, /test).
2025-11-13 19:15:56,320 - UnicodeAnalyzer - INFO - -> Analizzando versione 6.0.2 (70/88)...
2025-11-13 19:15:56,320 - UnicodeAnalyzer - INFO - Filtrati 1 file (es. in /dist, /test).
2025-11-13 19:15:56,320 - UnicodeAnalyzer - INFO - -> Analizzando versione 6.0.3 (71/88)...
2025-11-13 19:15:56,321 - UnicodeAnalyzer - INFO - Filtrati 1 file (es. in /dist, /test).
2025-11-13 19:15:56,321 - UnicodeAnalyzer - INFO - -> Analizzando versione 7.0.0 (72/88)...
2025-11-13 19:15:56,321 - UnicodeAnalyzer - INFO - Filtrati 1 file (es. in /dist, /test).
2025-11-13 19:15:56,321 - UnicodeAnalyzer - INFO - -> Analizzando versione 7.0.1 (73/88)...
2025-11-13 19:15:56,321 - UnicodeAnalyzer - INFO - Filtrati 1 file (es. in /dist, /test).
2025-11-13 19:15:56,321 - UnicodeAnalyzer - INFO - -> Analizzando versione 7.0.2 (74/88)...
2025-11-13 19:15:56,322 - UnicodeAnalyzer - INFO - Filtrati 1 file (es. in /dist, /test).
2025-11-13 19:15:56,322 - UnicodeAnalyzer - INFO - -> Analizzando versione 7.0.3 (75/88)...
2025-11-13 19:15:56,322 - UnicodeAnalyzer - INFO - Filtrati 1 file (es. in /dist, /test).
2025-11-13 19:15:56,322 - UnicodeAnalyzer - INFO - -> Analizzando versione 7.1.0 (76/88)...
2025-11-13 19:15:56,322 - UnicodeAnalyzer - INFO - Filtrati 1 file (es. in /dist, /test).
2025-11-13 19:15:56,322 - UnicodeAnalyzer - INFO - -> Analizzando versione 7.1.1 (77/88)...
2025-11-13 19:15:56,322 - UnicodeAnalyzer - INFO - Filtrati 1 file (es. in /dist, /test).
2025-11-13 19:15:56,322 - UnicodeAnalyzer - INFO - -> Analizzando versione 7.1.2 (78/88)...
2025-11-13 19:15:56,323 - UnicodeAnalyzer - INFO - Filtrati 1 file (es. in /dist, /test).
2025-11-13 19:15:56,323 - UnicodeAnalyzer - INFO - -> Analizzando versione 7.1.3 (79/88)...
2025-11-13 19:15:56,323 - UnicodeAnalyzer - INFO - Filtrati 1 file (es. in /dist, /test).
2025-11-13 19:15:56,323 - UnicodeAnalyzer - INFO - -> Analizzando versione 7.2.0 (80/88)...
2025-11-13 19:15:56,323 - UnicodeAnalyzer - INFO - Filtrati 1 file (es. in /dist, /test).
2025-11-13 19:15:56,323 - UnicodeAnalyzer - INFO - -> Analizzando versione 7.3.0 (81/88)...
2025-11-13 19:15:56,323 - UnicodeAnalyzer - INFO - Filtrati 1 file (es. in /dist, /test).
2025-11-13 19:15:56,324 - UnicodeAnalyzer - INFO - -> Analizzando versione 8.0.0 (82/88)...
2025-11-13 19:15:56,324 - UnicodeAnalyzer - INFO - Filtrati 1 file (es. in /dist, /test).
2025-11-13 19:15:56,324 - UnicodeAnalyzer - INFO - -> Analizzando versione 8.1.0 (83/88)...
2025-11-13 19:15:56,324 - UnicodeAnalyzer - INFO - Filtrati 1 file (es. in /dist, /test).
2025-11-13 19:15:56,324 - UnicodeAnalyzer - INFO - -> Analizzando versione 8.1.1 (84/88)...
2025-11-13 19:15:56,324 - UnicodeAnalyzer - INFO - Filtrati 1 file (es. in /dist, /test).
2025-11-13 19:15:56,324 - UnicodeAnalyzer - INFO - -> Analizzando versione 8.1.2 (85/88)...
2025-11-13 19:15:56,325 - UnicodeAnalyzer - INFO - Filtrati 1 file (es. in /dist, /test).
2025-11-13 19:15:56,325 - UnicodeAnalyzer - INFO - -> Analizzando versione 8.2.0 (86/88)...
2025-11-13 19:15:56,325 - UnicodeAnalyzer - INFO - Filtrati 1 file (es. in /dist, /test).
2025-11-13 19:15:56,325 - UnicodeAnalyzer - INFO - -> Analizzando versione 9.0.0 (87/88)...
2025-11-13 19:15:56,325 - UnicodeAnalyzer - INFO - Filtrati 1 file (es. in /dist, /test).
2025-11-13 19:15:56,325 - UnicodeAnalyzer - INFO - -> Analizzando versione 9.1.0 (88/88)...
2025-11-13 19:15:56,325 - UnicodeAnalyzer - INFO - Filtrati 1 file (es. in /dist, /test).
2025-11-13 19:15:56,327 - UnicodeAnalyzer - INFO - Esportando i risultati HUT per 'ts-morph' in CSV...
2025-11-13 19:15:56,443 - UnicodeAnalyzer - INFO - Report salvati in: /app/npm_hut_results/ts-morph
2025-11-13 19:15:56,444 - NPM_HUT_Analyzer - INFO - Pulizia cartella temporanea 'temp_hut/ts-morph'...
2025-11-13 19:15:56,696 - NPM_HUT_Analyzer - INFO - Pulizia completata.
