2025-11-10 23:55:51,265 - NPM_HUT_Analyzer - INFO - Recupero metadata per 'eslint'...
2025-11-10 23:55:51,503 - NPM_HUT_Analyzer - INFO - Trovate 401 versioni. Inizio download in 'temp_hut/eslint'...
2025-11-10 23:58:26,395 - UnicodeAnalyzer - INFO - Analizzando 401 versioni per '*.js' in 'eslint'.
2025-11-10 23:58:26,395 - UnicodeAnalyzer - INFO - -> Analizzando versione 0.0.4 (1/401)...
2025-11-10 23:58:26,399 - UnicodeAnalyzer - INFO - Filtrati 12 file (es. in /dist, /test).
2025-11-10 23:58:26,454 - UnicodeAnalyzer - INFO - -> Analizzando versione 0.0.5 (2/401)...
2025-11-10 23:58:26,455 - UnicodeAnalyzer - INFO - Filtrati 14 file (es. in /dist, /test).
2025-11-10 23:58:26,504 - UnicodeAnalyzer - INFO - -> Analizzando versione 0.0.6 (3/401)...
2025-11-10 23:58:26,506 - UnicodeAnalyzer - INFO - Filtrati 25 file (es. in /dist, /test).
2025-11-10 23:58:26,556 - UnicodeAnalyzer - INFO - -> Analizzando versione 0.0.7 (4/401)...
2025-11-10 23:58:26,558 - UnicodeAnalyzer - INFO - Filtrati 38 file (es. in /dist, /test).
2025-11-10 23:58:26,613 - UnicodeAnalyzer - INFO - -> Analizzando versione 0.1.0 (5/401)...
2025-11-10 23:58:26,619 - UnicodeAnalyzer - INFO - Filtrati 103 file (es. in /dist, /test).
2025-11-10 23:58:26,677 - UnicodeAnalyzer - INFO - -> Analizzando versione 0.1.0-dev (6/401)...
2025-11-10 23:58:26,683 - UnicodeAnalyzer - INFO - Filtrati 97 file (es. in /dist, /test).
2025-11-10 23:58:26,739 - UnicodeAnalyzer - INFO - -> Analizzando versione 0.1.1 (7/401)...
2025-11-10 23:58:26,746 - UnicodeAnalyzer - INFO - Filtrati 103 file (es. in /dist, /test).
2025-11-10 23:58:26,804 - UnicodeAnalyzer - INFO - -> Analizzando versione 0.1.2 (8/401)...
2025-11-10 23:58:26,807 - UnicodeAnalyzer - INFO - Filtrati 1 file (es. in /dist, /test).
2025-11-10 23:58:26,870 - UnicodeAnalyzer - INFO - -> Analizzando versione 0.1.3 (9/401)...
2025-11-10 23:58:26,873 - UnicodeAnalyzer - INFO - Filtrati 1 file (es. in /dist, /test).
2025-11-10 23:58:26,930 - UnicodeAnalyzer - INFO - -> Analizzando versione 0.1.4 (10/401)...
2025-11-10 23:58:26,933 - UnicodeAnalyzer - INFO - Filtrati 1 file (es. in /dist, /test).
2025-11-10 23:58:26,992 - UnicodeAnalyzer - INFO - -> Analizzando versione 0.10.0 (11/401)...
2025-11-10 23:58:27,058 - UnicodeAnalyzer - INFO - -> Analizzando versione 0.10.0-alpha (12/401)...
2025-11-10 23:58:27,124 - UnicodeAnalyzer - INFO - -> Analizzando versione 0.10.0-alpha.1 (13/401)...
2025-11-10 23:58:27,190 - UnicodeAnalyzer - INFO - -> Analizzando versione 0.10.0-alpha.2 (14/401)...
2025-11-10 23:58:27,256 - UnicodeAnalyzer - INFO - -> Analizzando versione 0.10.1 (15/401)...
2025-11-10 23:58:27,321 - UnicodeAnalyzer - INFO - -> Analizzando versione 0.10.2 (16/401)...
2025-11-10 23:58:27,389 - UnicodeAnalyzer - INFO - -> Analizzando versione 0.11.0 (17/401)...
2025-11-10 23:58:27,457 - UnicodeAnalyzer - INFO - -> Analizzando versione 0.11.0-alpha.0 (18/401)...
2025-11-10 23:58:27,524 - UnicodeAnalyzer - INFO - -> Analizzando versione 0.12.0 (19/401)...
2025-11-10 23:58:27,589 - UnicodeAnalyzer - INFO - -> Analizzando versione 0.13.0 (20/401)...
2025-11-10 23:58:27,653 - UnicodeAnalyzer - INFO - -> Analizzando versione 0.14.0 (21/401)...
2025-11-10 23:58:27,719 - UnicodeAnalyzer - INFO - -> Analizzando versione 0.14.1 (22/401)...
2025-11-10 23:58:27,788 - UnicodeAnalyzer - INFO - -> Analizzando versione 0.15.0 (23/401)...
2025-11-10 23:58:27,856 - UnicodeAnalyzer - INFO - -> Analizzando versione 0.15.1 (24/401)...
2025-11-10 23:58:27,923 - UnicodeAnalyzer - INFO - -> Analizzando versione 0.16.0 (25/401)...
2025-11-10 23:58:27,988 - UnicodeAnalyzer - INFO - -> Analizzando versione 0.16.1 (26/401)...
2025-11-10 23:58:28,055 - UnicodeAnalyzer - INFO - -> Analizzando versione 0.16.2 (27/401)...
2025-11-10 23:58:28,123 - UnicodeAnalyzer - INFO - -> Analizzando versione 0.17.0 (28/401)...
2025-11-10 23:58:28,190 - UnicodeAnalyzer - INFO - -> Analizzando versione 0.17.1 (29/401)...
2025-11-10 23:58:28,257 - UnicodeAnalyzer - INFO - -> Analizzando versione 0.18.0 (30/401)...
2025-11-10 23:58:28,323 - UnicodeAnalyzer - INFO - -> Analizzando versione 0.19.0 (31/401)...
2025-11-10 23:58:28,392 - UnicodeAnalyzer - INFO - -> Analizzando versione 0.2.0 (32/401)...
2025-11-10 23:58:28,395 - UnicodeAnalyzer - INFO - Filtrati 1 file (es. in /dist, /test).
2025-11-10 23:58:28,456 - UnicodeAnalyzer - INFO - -> Analizzando versione 0.20.0 (33/401)...
2025-11-10 23:58:28,523 - UnicodeAnalyzer - INFO - -> Analizzando versione 0.21.0 (34/401)...
2025-11-10 23:58:28,592 - UnicodeAnalyzer - INFO - -> Analizzando versione 0.21.1 (35/401)...
2025-11-10 23:58:28,662 - UnicodeAnalyzer - INFO - -> Analizzando versione 0.21.2 (36/401)...
2025-11-10 23:58:28,730 - UnicodeAnalyzer - INFO - -> Analizzando versione 0.22.0 (37/401)...
2025-11-10 23:58:28,800 - UnicodeAnalyzer - INFO - -> Analizzando versione 0.22.1 (38/401)...
2025-11-10 23:58:28,869 - UnicodeAnalyzer - INFO - -> Analizzando versione 0.23.0 (39/401)...
2025-11-10 23:58:28,939 - UnicodeAnalyzer - INFO - -> Analizzando versione 0.24.0 (40/401)...
2025-11-10 23:58:29,004 - UnicodeAnalyzer - INFO - -> Analizzando versione 0.24.1 (41/401)...
2025-11-10 23:58:29,072 - UnicodeAnalyzer - INFO - -> Analizzando versione 0.3.0 (42/401)...
2025-11-10 23:58:29,075 - UnicodeAnalyzer - INFO - Filtrati 1 file (es. in /dist, /test).
2025-11-10 23:58:29,135 - UnicodeAnalyzer - INFO - -> Analizzando versione 0.4.0 (43/401)...
2025-11-10 23:58:29,200 - UnicodeAnalyzer - INFO - -> Analizzando versione 0.4.1 (44/401)...
2025-11-10 23:58:29,265 - UnicodeAnalyzer - INFO - -> Analizzando versione 0.4.2 (45/401)...
2025-11-10 23:58:29,330 - UnicodeAnalyzer - INFO - -> Analizzando versione 0.4.3 (46/401)...
2025-11-10 23:58:29,399 - UnicodeAnalyzer - INFO - -> Analizzando versione 0.4.4 (47/401)...
2025-11-10 23:58:29,464 - UnicodeAnalyzer - INFO - -> Analizzando versione 0.4.5 (48/401)...
2025-11-10 23:58:29,529 - UnicodeAnalyzer - INFO - -> Analizzando versione 0.5.0 (49/401)...
2025-11-10 23:58:29,592 - UnicodeAnalyzer - INFO - -> Analizzando versione 0.5.1 (50/401)...
2025-11-10 23:58:29,653 - UnicodeAnalyzer - INFO - -> Analizzando versione 0.6.0 (51/401)...
2025-11-10 23:58:29,715 - UnicodeAnalyzer - INFO - -> Analizzando versione 0.6.1 (52/401)...
2025-11-10 23:58:29,777 - UnicodeAnalyzer - INFO - -> Analizzando versione 0.6.2 (53/401)...
2025-11-10 23:58:29,839 - UnicodeAnalyzer - INFO - -> Analizzando versione 0.7.1 (54/401)...
2025-11-10 23:58:29,902 - UnicodeAnalyzer - INFO - -> Analizzando versione 0.7.2 (55/401)...
2025-11-10 23:58:29,964 - UnicodeAnalyzer - INFO - -> Analizzando versione 0.7.3 (56/401)...
2025-11-10 23:58:30,024 - UnicodeAnalyzer - INFO - -> Analizzando versione 0.7.4 (57/401)...
2025-11-10 23:58:30,090 - UnicodeAnalyzer - INFO - -> Analizzando versione 0.8.0 (58/401)...
2025-11-10 23:58:30,155 - UnicodeAnalyzer - INFO - -> Analizzando versione 0.8.1 (59/401)...
2025-11-10 23:58:30,222 - UnicodeAnalyzer - INFO - -> Analizzando versione 0.8.2 (60/401)...
2025-11-10 23:58:30,286 - UnicodeAnalyzer - INFO - -> Analizzando versione 0.9.0 (61/401)...
2025-11-10 23:58:30,354 - UnicodeAnalyzer - INFO - -> Analizzando versione 0.9.1 (62/401)...
2025-11-10 23:58:30,418 - UnicodeAnalyzer - INFO - -> Analizzando versione 0.9.2 (63/401)...
2025-11-10 23:58:30,483 - UnicodeAnalyzer - INFO - -> Analizzando versione 1.0.0 (64/401)...
2025-11-10 23:58:30,549 - UnicodeAnalyzer - INFO - -> Analizzando versione 1.0.0-rc-1 (65/401)...
2025-11-10 23:58:30,615 - UnicodeAnalyzer - INFO - -> Analizzando versione 1.0.0-rc-2 (66/401)...
2025-11-10 23:58:30,680 - UnicodeAnalyzer - INFO - -> Analizzando versione 1.0.0-rc-3 (67/401)...
2025-11-10 23:58:30,751 - UnicodeAnalyzer - INFO - -> Analizzando versione 1.1.0 (68/401)...
2025-11-10 23:58:30,818 - UnicodeAnalyzer - INFO - -> Analizzando versione 1.10.0 (69/401)...
2025-11-10 23:58:30,888 - UnicodeAnalyzer - INFO - -> Analizzando versione 1.10.1 (70/401)...
2025-11-10 23:58:30,958 - UnicodeAnalyzer - INFO - -> Analizzando versione 1.10.2 (71/401)...
2025-11-10 23:58:31,029 - UnicodeAnalyzer - INFO - -> Analizzando versione 1.10.3 (72/401)...
2025-11-10 23:58:31,098 - UnicodeAnalyzer - INFO - -> Analizzando versione 1.2.0 (73/401)...
2025-11-10 23:58:31,164 - UnicodeAnalyzer - INFO - -> Analizzando versione 1.2.1 (74/401)...
2025-11-10 23:58:31,231 - UnicodeAnalyzer - INFO - -> Analizzando versione 1.3.0 (75/401)...
2025-11-10 23:58:31,299 - UnicodeAnalyzer - INFO - -> Analizzando versione 1.3.1 (76/401)...
2025-11-10 23:58:31,367 - UnicodeAnalyzer - INFO - -> Analizzando versione 1.4.0 (77/401)...
2025-11-10 23:58:31,437 - UnicodeAnalyzer - INFO - -> Analizzando versione 1.4.1 (78/401)...
2025-11-10 23:58:31,506 - UnicodeAnalyzer - INFO - -> Analizzando versione 1.4.2 (79/401)...
2025-11-10 23:58:31,576 - UnicodeAnalyzer - INFO - -> Analizzando versione 1.4.3 (80/401)...
2025-11-10 23:58:31,645 - UnicodeAnalyzer - INFO - -> Analizzando versione 1.5.0 (81/401)...
2025-11-10 23:58:31,715 - UnicodeAnalyzer - INFO - -> Analizzando versione 1.5.1 (82/401)...
2025-11-10 23:58:31,781 - UnicodeAnalyzer - INFO - -> Analizzando versione 1.6.0 (83/401)...
2025-11-10 23:58:31,851 - UnicodeAnalyzer - INFO - -> Analizzando versione 1.7.0 (84/401)...
2025-11-10 23:58:31,919 - UnicodeAnalyzer - INFO - -> Analizzando versione 1.7.1 (85/401)...
2025-11-10 23:58:31,988 - UnicodeAnalyzer - INFO - -> Analizzando versione 1.7.2 (86/401)...
2025-11-10 23:58:32,058 - UnicodeAnalyzer - INFO - -> Analizzando versione 1.7.3 (87/401)...
2025-11-10 23:58:32,127 - UnicodeAnalyzer - INFO - -> Analizzando versione 1.8.0 (88/401)...
2025-11-10 23:58:32,196 - UnicodeAnalyzer - INFO - -> Analizzando versione 1.9.0 (89/401)...
2025-11-10 23:58:32,266 - UnicodeAnalyzer - INFO - -> Analizzando versione 2.0.0 (90/401)...
2025-11-10 23:58:32,340 - UnicodeAnalyzer - INFO - -> Analizzando versione 2.0.0-alpha-1 (91/401)...
2025-11-10 23:58:32,414 - UnicodeAnalyzer - INFO - -> Analizzando versione 2.0.0-alpha-2 (92/401)...
2025-11-10 23:58:32,492 - UnicodeAnalyzer - INFO - -> Analizzando versione 2.0.0-beta.1 (93/401)...
2025-11-10 23:58:32,564 - UnicodeAnalyzer - INFO - -> Analizzando versione 2.0.0-beta.2 (94/401)...
2025-11-10 23:58:32,638 - UnicodeAnalyzer - INFO - -> Analizzando versione 2.0.0-beta.3 (95/401)...
2025-11-10 23:58:32,712 - UnicodeAnalyzer - INFO - -> Analizzando versione 2.0.0-rc.0 (96/401)...
2025-11-10 23:58:32,784 - UnicodeAnalyzer - INFO - -> Analizzando versione 2.0.0-rc.1 (97/401)...
2025-11-10 23:58:32,859 - UnicodeAnalyzer - INFO - -> Analizzando versione 2.1.0 (98/401)...
2025-11-10 23:58:32,933 - UnicodeAnalyzer - INFO - -> Analizzando versione 2.10.0 (99/401)...
2025-11-10 23:58:33,009 - UnicodeAnalyzer - INFO - -> Analizzando versione 2.10.1 (100/401)...
2025-11-10 23:58:33,084 - UnicodeAnalyzer - INFO - -> Analizzando versione 2.10.2 (101/401)...
2025-11-10 23:58:33,158 - UnicodeAnalyzer - INFO - -> Analizzando versione 2.11.0 (102/401)...
2025-11-10 23:58:33,232 - UnicodeAnalyzer - INFO - -> Analizzando versione 2.11.1 (103/401)...
2025-11-10 23:58:33,312 - UnicodeAnalyzer - INFO - -> Analizzando versione 2.12.0 (104/401)...
2025-11-10 23:58:33,387 - UnicodeAnalyzer - INFO - -> Analizzando versione 2.13.0 (105/401)...
2025-11-10 23:58:33,461 - UnicodeAnalyzer - INFO - -> Analizzando versione 2.13.1 (106/401)...
2025-11-10 23:58:33,538 - UnicodeAnalyzer - INFO - -> Analizzando versione 2.2.0 (107/401)...
2025-11-10 23:58:33,610 - UnicodeAnalyzer - INFO - -> Analizzando versione 2.3.0 (108/401)...
2025-11-10 23:58:33,682 - UnicodeAnalyzer - INFO - -> Analizzando versione 2.4.0 (109/401)...
2025-11-10 23:58:33,756 - UnicodeAnalyzer - INFO - -> Analizzando versione 2.5.0 (110/401)...
2025-11-10 23:58:34,209 - UnicodeAnalyzer - INFO - Filtrati 9666 file (es. in /dist, /test).
2025-11-10 23:58:34,276 - UnicodeAnalyzer - INFO - -> Analizzando versione 2.5.1 (111/401)...
2025-11-10 23:58:34,415 - UnicodeAnalyzer - INFO - Filtrati 3194 file (es. in /dist, /test).
2025-11-10 23:58:34,476 - UnicodeAnalyzer - INFO - -> Analizzando versione 2.5.2 (112/401)...
2025-11-10 23:58:34,629 - UnicodeAnalyzer - INFO - Filtrati 3194 file (es. in /dist, /test).
2025-11-10 23:58:34,698 - UnicodeAnalyzer - INFO - -> Analizzando versione 2.5.3 (113/401)...
2025-11-10 23:58:34,766 - UnicodeAnalyzer - INFO - -> Analizzando versione 2.6.0 (114/401)...
2025-11-10 23:58:34,838 - UnicodeAnalyzer - INFO - -> Analizzando versione 2.7.0 (115/401)...
2025-11-10 23:58:34,912 - UnicodeAnalyzer - INFO - -> Analizzando versione 2.8.0 (116/401)...
2025-11-10 23:58:34,987 - UnicodeAnalyzer - INFO - -> Analizzando versione 2.9.0 (117/401)...
2025-11-10 23:58:35,062 - UnicodeAnalyzer - INFO - -> Analizzando versione 3.0.0 (118/401)...
2025-11-10 23:58:35,137 - UnicodeAnalyzer - INFO - -> Analizzando versione 3.0.1 (119/401)...
2025-11-10 23:58:35,213 - UnicodeAnalyzer - INFO - -> Analizzando versione 3.1.0 (120/401)...
2025-11-10 23:58:35,288 - UnicodeAnalyzer - INFO - -> Analizzando versione 3.1.1 (121/401)...
2025-11-10 23:58:35,365 - UnicodeAnalyzer - INFO - -> Analizzando versione 3.10.0 (122/401)...
2025-11-10 23:58:35,441 - UnicodeAnalyzer - INFO - -> Analizzando versione 3.10.1 (123/401)...
2025-11-10 23:58:35,516 - UnicodeAnalyzer - INFO - -> Analizzando versione 3.10.2 (124/401)...
2025-11-10 23:58:35,598 - UnicodeAnalyzer - INFO - -> Analizzando versione 3.11.0 (125/401)...
2025-11-10 23:58:35,679 - UnicodeAnalyzer - INFO - -> Analizzando versione 3.11.1 (126/401)...
2025-11-10 23:58:35,760 - UnicodeAnalyzer - INFO - -> Analizzando versione 3.12.0 (127/401)...
2025-11-10 23:58:35,837 - UnicodeAnalyzer - INFO - -> Analizzando versione 3.12.1 (128/401)...
2025-11-10 23:58:35,919 - UnicodeAnalyzer - INFO - -> Analizzando versione 3.12.2 (129/401)...
2025-11-10 23:58:35,997 - UnicodeAnalyzer - INFO - -> Analizzando versione 3.13.0 (130/401)...
2025-11-10 23:58:36,076 - UnicodeAnalyzer - INFO - -> Analizzando versione 3.13.1 (131/401)...
2025-11-10 23:58:36,156 - UnicodeAnalyzer - INFO - -> Analizzando versione 3.14.0 (132/401)...
2025-11-10 23:58:36,239 - UnicodeAnalyzer - INFO - -> Analizzando versione 3.14.1 (133/401)...
2025-11-10 23:58:36,320 - UnicodeAnalyzer - INFO - -> Analizzando versione 3.15.0 (134/401)...
2025-11-10 23:58:36,400 - UnicodeAnalyzer - INFO - -> Analizzando versione 3.16.0 (135/401)...
2025-11-10 23:58:36,480 - UnicodeAnalyzer - INFO - -> Analizzando versione 3.16.1 (136/401)...
2025-11-10 23:58:36,558 - UnicodeAnalyzer - INFO - -> Analizzando versione 3.17.0 (137/401)...
2025-11-10 23:58:36,677 - UnicodeAnalyzer - INFO - -> Analizzando versione 3.17.1 (138/401)...
2025-11-10 23:58:36,756 - UnicodeAnalyzer - INFO - -> Analizzando versione 3.18.0 (139/401)...
2025-11-10 23:58:36,837 - UnicodeAnalyzer - INFO - -> Analizzando versione 3.19.0 (140/401)...
2025-11-10 23:58:36,920 - UnicodeAnalyzer - INFO - -> Analizzando versione 3.2.0 (141/401)...
2025-11-10 23:58:36,996 - UnicodeAnalyzer - INFO - -> Analizzando versione 3.2.1 (142/401)...
2025-11-10 23:58:37,072 - UnicodeAnalyzer - INFO - -> Analizzando versione 3.2.2 (143/401)...
2025-11-10 23:58:37,149 - UnicodeAnalyzer - INFO - -> Analizzando versione 3.3.0 (144/401)...
2025-11-10 23:58:37,226 - UnicodeAnalyzer - INFO - -> Analizzando versione 3.3.1 (145/401)...
2025-11-10 23:58:37,303 - UnicodeAnalyzer - INFO - -> Analizzando versione 3.4.0 (146/401)...
2025-11-10 23:58:37,379 - UnicodeAnalyzer - INFO - -> Analizzando versione 3.5.0 (147/401)...
2025-11-10 23:58:37,458 - UnicodeAnalyzer - INFO - -> Analizzando versione 3.6.0 (148/401)...
2025-11-10 23:58:37,536 - UnicodeAnalyzer - INFO - -> Analizzando versione 3.6.1 (149/401)...
2025-11-10 23:58:37,613 - UnicodeAnalyzer - INFO - -> Analizzando versione 3.7.0 (150/401)...
2025-11-10 23:58:37,691 - UnicodeAnalyzer - INFO - -> Analizzando versione 3.7.1 (151/401)...
2025-11-10 23:58:37,772 - UnicodeAnalyzer - INFO - -> Analizzando versione 3.8.0 (152/401)...
2025-11-10 23:58:37,849 - UnicodeAnalyzer - INFO - -> Analizzando versione 3.8.1 (153/401)...
2025-11-10 23:58:37,927 - UnicodeAnalyzer - INFO - -> Analizzando versione 3.9.0 (154/401)...
2025-11-10 23:58:38,004 - UnicodeAnalyzer - INFO - -> Analizzando versione 3.9.1 (155/401)...
2025-11-10 23:58:38,086 - UnicodeAnalyzer - INFO - -> Analizzando versione 4.0.0 (156/401)...
2025-11-10 23:58:38,165 - UnicodeAnalyzer - INFO - -> Analizzando versione 4.0.0-alpha.0 (157/401)...
2025-11-10 23:58:38,245 - UnicodeAnalyzer - INFO - -> Analizzando versione 4.0.0-alpha.1 (158/401)...
2025-11-10 23:58:38,421 - UnicodeAnalyzer - INFO - -> Analizzando versione 4.0.0-alpha.2 (159/401)...
2025-11-10 23:58:38,495 - UnicodeAnalyzer - INFO - -> Analizzando versione 4.0.0-beta.0 (160/401)...
2025-11-10 23:58:38,576 - UnicodeAnalyzer - INFO - -> Analizzando versione 4.0.0-rc.0 (161/401)...
2025-11-10 23:58:38,661 - UnicodeAnalyzer - INFO - -> Analizzando versione 4.1.0 (162/401)...
2025-11-10 23:58:38,741 - UnicodeAnalyzer - INFO - -> Analizzando versione 4.1.1 (163/401)...
2025-11-10 23:58:38,823 - UnicodeAnalyzer - INFO - -> Analizzando versione 4.10.0 (164/401)...
2025-11-10 23:58:38,905 - UnicodeAnalyzer - INFO - -> Analizzando versione 4.11.0 (165/401)...
2025-11-10 23:58:38,991 - UnicodeAnalyzer - INFO - -> Analizzando versione 4.12.0 (166/401)...
2025-11-10 23:58:39,073 - UnicodeAnalyzer - INFO - -> Analizzando versione 4.12.1 (167/401)...
2025-11-10 23:58:39,158 - UnicodeAnalyzer - INFO - -> Analizzando versione 4.13.0 (168/401)...
2025-11-10 23:58:39,239 - UnicodeAnalyzer - INFO - -> Analizzando versione 4.13.1 (169/401)...
2025-11-10 23:58:39,318 - UnicodeAnalyzer - INFO - -> Analizzando versione 4.14.0 (170/401)...
2025-11-10 23:58:39,403 - UnicodeAnalyzer - INFO - -> Analizzando versione 4.15.0 (171/401)...
2025-11-10 23:58:39,484 - UnicodeAnalyzer - INFO - -> Analizzando versione 4.16.0 (172/401)...
2025-11-10 23:58:39,568 - UnicodeAnalyzer - INFO - -> Analizzando versione 4.17.0 (173/401)...
2025-11-10 23:58:39,650 - UnicodeAnalyzer - INFO - -> Analizzando versione 4.18.0 (174/401)...
2025-11-10 23:58:39,734 - UnicodeAnalyzer - INFO - -> Analizzando versione 4.18.1 (175/401)...
2025-11-10 23:58:39,818 - UnicodeAnalyzer - INFO - -> Analizzando versione 4.18.2 (176/401)...
2025-11-10 23:58:39,898 - UnicodeAnalyzer - INFO - -> Analizzando versione 4.19.0 (177/401)...
2025-11-10 23:58:39,983 - UnicodeAnalyzer - INFO - -> Analizzando versione 4.19.1 (178/401)...
2025-11-10 23:58:40,066 - UnicodeAnalyzer - INFO - -> Analizzando versione 4.2.0 (179/401)...
2025-11-10 23:58:40,149 - UnicodeAnalyzer - INFO - -> Analizzando versione 4.3.0 (180/401)...
2025-11-10 23:58:40,230 - UnicodeAnalyzer - INFO - -> Analizzando versione 4.4.0 (181/401)...
2025-11-10 23:58:40,312 - UnicodeAnalyzer - INFO - -> Analizzando versione 4.4.1 (182/401)...
2025-11-10 23:58:40,395 - UnicodeAnalyzer - INFO - -> Analizzando versione 4.5.0 (183/401)...
2025-11-10 23:58:40,479 - UnicodeAnalyzer - INFO - -> Analizzando versione 4.6.0 (184/401)...
2025-11-10 23:58:40,564 - UnicodeAnalyzer - INFO - -> Analizzando versione 4.6.1 (185/401)...
2025-11-10 23:58:40,651 - UnicodeAnalyzer - INFO - -> Analizzando versione 4.7.0 (186/401)...
2025-11-10 23:58:40,735 - UnicodeAnalyzer - INFO - -> Analizzando versione 4.7.1 (187/401)...
2025-11-10 23:58:40,818 - UnicodeAnalyzer - INFO - -> Analizzando versione 4.7.2 (188/401)...
2025-11-10 23:58:40,900 - UnicodeAnalyzer - INFO - -> Analizzando versione 4.8.0 (189/401)...
2025-11-10 23:58:40,985 - UnicodeAnalyzer - INFO - -> Analizzando versione 4.9.0 (190/401)...
2025-11-10 23:58:41,067 - UnicodeAnalyzer - INFO - -> Analizzando versione 5.0.0 (191/401)...
2025-11-10 23:58:41,152 - UnicodeAnalyzer - INFO - -> Analizzando versione 5.0.0-alpha.0 (192/401)...
2025-11-10 23:58:41,237 - UnicodeAnalyzer - INFO - -> Analizzando versione 5.0.0-alpha.1 (193/401)...
2025-11-10 23:58:41,319 - UnicodeAnalyzer - INFO - -> Analizzando versione 5.0.0-alpha.2 (194/401)...
2025-11-10 23:58:41,408 - UnicodeAnalyzer - INFO - -> Analizzando versione 5.0.0-alpha.3 (195/401)...
2025-11-10 23:58:41,496 - UnicodeAnalyzer - INFO - -> Analizzando versione 5.0.0-alpha.4 (196/401)...
2025-11-10 23:58:41,581 - UnicodeAnalyzer - INFO - -> Analizzando versione 5.0.0-rc.0 (197/401)...
2025-11-10 23:58:41,666 - UnicodeAnalyzer - INFO - -> Analizzando versione 5.0.1 (198/401)...
2025-11-10 23:58:41,752 - UnicodeAnalyzer - INFO - -> Analizzando versione 5.1.0 (199/401)...
2025-11-10 23:58:41,834 - UnicodeAnalyzer - INFO - -> Analizzando versione 5.10.0 (200/401)...
2025-11-10 23:58:41,917 - UnicodeAnalyzer - INFO - -> Analizzando versione 5.11.0 (201/401)...
2025-11-10 23:58:42,006 - UnicodeAnalyzer - INFO - -> Analizzando versione 5.11.1 (202/401)...
2025-11-10 23:58:42,090 - UnicodeAnalyzer - INFO - -> Analizzando versione 5.12.0 (203/401)...
2025-11-10 23:58:42,172 - UnicodeAnalyzer - INFO - -> Analizzando versione 5.12.1 (204/401)...
2025-11-10 23:58:42,260 - UnicodeAnalyzer - INFO - -> Analizzando versione 5.13.0 (205/401)...
2025-11-10 23:58:42,347 - UnicodeAnalyzer - INFO - -> Analizzando versione 5.14.0 (206/401)...
2025-11-10 23:58:42,435 - UnicodeAnalyzer - INFO - -> Analizzando versione 5.14.1 (207/401)...
2025-11-10 23:58:42,521 - UnicodeAnalyzer - INFO - -> Analizzando versione 5.15.0 (208/401)...
2025-11-10 23:58:42,605 - UnicodeAnalyzer - INFO - -> Analizzando versione 5.15.1 (209/401)...
2025-11-10 23:58:42,692 - UnicodeAnalyzer - INFO - -> Analizzando versione 5.15.2 (210/401)...
2025-11-10 23:58:42,779 - UnicodeAnalyzer - INFO - -> Analizzando versione 5.15.3 (211/401)...
2025-11-10 23:58:42,866 - UnicodeAnalyzer - INFO - -> Analizzando versione 5.16.0 (212/401)...
2025-11-10 23:58:42,950 - UnicodeAnalyzer - INFO - -> Analizzando versione 5.2.0 (213/401)...
2025-11-10 23:58:43,038 - UnicodeAnalyzer - INFO - -> Analizzando versione 5.3.0 (214/401)...
2025-11-10 23:58:43,124 - UnicodeAnalyzer - INFO - -> Analizzando versione 5.4.0 (215/401)...
2025-11-10 23:58:43,212 - UnicodeAnalyzer - INFO - -> Analizzando versione 5.5.0 (216/401)...
2025-11-10 23:58:43,300 - UnicodeAnalyzer - INFO - -> Analizzando versione 5.6.0 (217/401)...
2025-11-10 23:58:43,385 - UnicodeAnalyzer - INFO - -> Analizzando versione 5.6.1 (218/401)...
2025-11-10 23:58:43,472 - UnicodeAnalyzer - INFO - -> Analizzando versione 5.7.0 (219/401)...
2025-11-10 23:58:43,556 - UnicodeAnalyzer - INFO - -> Analizzando versione 5.8.0 (220/401)...
2025-11-10 23:58:43,640 - UnicodeAnalyzer - INFO - -> Analizzando versione 5.9.0 (221/401)...
2025-11-10 23:58:43,723 - UnicodeAnalyzer - INFO - -> Analizzando versione 6.0.0 (222/401)...
2025-11-10 23:58:43,812 - UnicodeAnalyzer - INFO - -> Analizzando versione 6.0.0-alpha.0 (223/401)...
2025-11-10 23:58:43,898 - UnicodeAnalyzer - INFO - -> Analizzando versione 6.0.0-alpha.1 (224/401)...
2025-11-10 23:58:43,986 - UnicodeAnalyzer - INFO - -> Analizzando versione 6.0.0-alpha.2 (225/401)...
2025-11-10 23:58:44,075 - UnicodeAnalyzer - INFO - -> Analizzando versione 6.0.0-rc.0 (226/401)...
2025-11-10 23:58:44,163 - UnicodeAnalyzer - INFO - -> Analizzando versione 6.0.1 (227/401)...
2025-11-10 23:58:44,250 - UnicodeAnalyzer - INFO - -> Analizzando versione 6.1.0 (228/401)...
2025-11-10 23:58:44,337 - UnicodeAnalyzer - INFO - -> Analizzando versione 6.2.0 (229/401)...
2025-11-10 23:58:44,426 - UnicodeAnalyzer - INFO - -> Analizzando versione 6.2.1 (230/401)...
2025-11-10 23:58:44,517 - UnicodeAnalyzer - INFO - -> Analizzando versione 6.2.2 (231/401)...
2025-11-10 23:58:44,606 - UnicodeAnalyzer - INFO - -> Analizzando versione 6.3.0 (232/401)...
2025-11-10 23:58:44,695 - UnicodeAnalyzer - INFO - -> Analizzando versione 6.4.0 (233/401)...
2025-11-10 23:58:44,785 - UnicodeAnalyzer - INFO - -> Analizzando versione 6.5.0 (234/401)...
2025-11-10 23:58:44,874 - UnicodeAnalyzer - INFO - -> Analizzando versione 6.5.1 (235/401)...
2025-11-10 23:58:44,967 - UnicodeAnalyzer - INFO - -> Analizzando versione 6.6.0 (236/401)...
2025-11-10 23:58:45,057 - UnicodeAnalyzer - INFO - -> Analizzando versione 6.7.0 (237/401)...
2025-11-10 23:58:45,147 - UnicodeAnalyzer - INFO - -> Analizzando versione 6.7.1 (238/401)...
2025-11-10 23:58:45,238 - UnicodeAnalyzer - INFO - -> Analizzando versione 6.7.2 (239/401)...
2025-11-10 23:58:45,328 - UnicodeAnalyzer - INFO - -> Analizzando versione 6.8.0 (240/401)...
2025-11-10 23:58:45,417 - UnicodeAnalyzer - INFO - -> Analizzando versione 7.0.0 (241/401)...
2025-11-10 23:58:45,509 - UnicodeAnalyzer - INFO - -> Analizzando versione 7.0.0-alpha.0 (242/401)...
2025-11-10 23:58:45,600 - UnicodeAnalyzer - INFO - -> Analizzando versione 7.0.0-alpha.1 (243/401)...
2025-11-10 23:58:45,688 - UnicodeAnalyzer - INFO - -> Analizzando versione 7.0.0-alpha.2 (244/401)...
2025-11-10 23:58:45,777 - UnicodeAnalyzer - INFO - -> Analizzando versione 7.0.0-alpha.3 (245/401)...
2025-11-10 23:58:45,867 - UnicodeAnalyzer - INFO - -> Analizzando versione 7.0.0-rc.0 (246/401)...
2025-11-10 23:58:45,957 - UnicodeAnalyzer - INFO - -> Analizzando versione 7.1.0 (247/401)...
2025-11-10 23:58:46,049 - UnicodeAnalyzer - INFO - -> Analizzando versione 7.10.0 (248/401)...
2025-11-10 23:58:46,142 - UnicodeAnalyzer - INFO - -> Analizzando versione 7.11.0 (249/401)...
2025-11-10 23:58:46,235 - UnicodeAnalyzer - INFO - -> Analizzando versione 7.12.0 (250/401)...
2025-11-10 23:58:46,328 - UnicodeAnalyzer - INFO - -> Analizzando versione 7.12.1 (251/401)...
2025-11-10 23:58:46,418 - UnicodeAnalyzer - INFO - -> Analizzando versione 7.13.0 (252/401)...
2025-11-10 23:58:46,511 - UnicodeAnalyzer - INFO - -> Analizzando versione 7.14.0 (253/401)...
2025-11-10 23:58:46,605 - UnicodeAnalyzer - INFO - -> Analizzando versione 7.15.0 (254/401)...
2025-11-10 23:58:46,700 - UnicodeAnalyzer - INFO - -> Analizzando versione 7.16.0 (255/401)...
2025-11-10 23:58:46,792 - UnicodeAnalyzer - INFO - -> Analizzando versione 7.17.0 (256/401)...
2025-11-10 23:58:46,897 - UnicodeAnalyzer - INFO - -> Analizzando versione 7.18.0 (257/401)...
2025-11-10 23:58:46,992 - UnicodeAnalyzer - INFO - -> Analizzando versione 7.19.0 (258/401)...
2025-11-10 23:58:47,083 - UnicodeAnalyzer - INFO - -> Analizzando versione 7.2.0 (259/401)...
2025-11-10 23:58:47,173 - UnicodeAnalyzer - INFO - -> Analizzando versione 7.20.0 (260/401)...
2025-11-10 23:58:47,266 - UnicodeAnalyzer - INFO - -> Analizzando versione 7.21.0 (261/401)...
2025-11-10 23:58:47,356 - UnicodeAnalyzer - INFO - -> Analizzando versione 7.22.0 (262/401)...
2025-11-10 23:58:47,446 - UnicodeAnalyzer - INFO - -> Analizzando versione 7.23.0 (263/401)...
2025-11-10 23:58:47,541 - UnicodeAnalyzer - INFO - -> Analizzando versione 7.24.0 (264/401)...
2025-11-10 23:58:47,633 - UnicodeAnalyzer - INFO - -> Analizzando versione 7.25.0 (265/401)...
2025-11-10 23:58:47,725 - UnicodeAnalyzer - INFO - -> Analizzando versione 7.26.0 (266/401)...
2025-11-10 23:58:47,818 - UnicodeAnalyzer - INFO - -> Analizzando versione 7.27.0 (267/401)...
2025-11-10 23:58:47,909 - UnicodeAnalyzer - INFO - -> Analizzando versione 7.28.0 (268/401)...
2025-11-10 23:58:47,997 - UnicodeAnalyzer - INFO - -> Analizzando versione 7.29.0 (269/401)...
2025-11-10 23:58:48,089 - UnicodeAnalyzer - INFO - -> Analizzando versione 7.3.0 (270/401)...
2025-11-10 23:58:48,253 - UnicodeAnalyzer - INFO - -> Analizzando versione 7.3.1 (271/401)...
2025-11-10 23:58:48,348 - UnicodeAnalyzer - INFO - -> Analizzando versione 7.30.0 (272/401)...
2025-11-10 23:58:48,438 - UnicodeAnalyzer - INFO - -> Analizzando versione 7.31.0 (273/401)...
2025-11-10 23:58:48,532 - UnicodeAnalyzer - INFO - -> Analizzando versione 7.32.0 (274/401)...
2025-11-10 23:58:48,623 - UnicodeAnalyzer - INFO - -> Analizzando versione 7.4.0 (275/401)...
2025-11-10 23:58:48,713 - UnicodeAnalyzer - INFO - -> Analizzando versione 7.5.0 (276/401)...
2025-11-10 23:58:48,804 - UnicodeAnalyzer - INFO - -> Analizzando versione 7.6.0 (277/401)...
2025-11-10 23:58:48,895 - UnicodeAnalyzer - INFO - -> Analizzando versione 7.7.0 (278/401)...
2025-11-10 23:58:48,985 - UnicodeAnalyzer - INFO - -> Analizzando versione 7.8.0 (279/401)...
2025-11-10 23:58:49,076 - UnicodeAnalyzer - INFO - -> Analizzando versione 7.8.1 (280/401)...
2025-11-10 23:58:49,169 - UnicodeAnalyzer - INFO - -> Analizzando versione 7.9.0 (281/401)...
2025-11-10 23:58:49,263 - UnicodeAnalyzer - INFO - -> Analizzando versione 8.0.0 (282/401)...
2025-11-10 23:58:49,355 - UnicodeAnalyzer - INFO - -> Analizzando versione 8.0.0-beta.0 (283/401)...
2025-11-10 23:58:49,449 - UnicodeAnalyzer - INFO - -> Analizzando versione 8.0.0-beta.1 (284/401)...
2025-11-10 23:58:49,544 - UnicodeAnalyzer - INFO - -> Analizzando versione 8.0.0-beta.2 (285/401)...
2025-11-10 23:58:49,636 - UnicodeAnalyzer - INFO - -> Analizzando versione 8.0.0-rc.0 (286/401)...
2025-11-10 23:58:49,728 - UnicodeAnalyzer - INFO - -> Analizzando versione 8.0.1 (287/401)...
2025-11-10 23:58:49,817 - UnicodeAnalyzer - INFO - -> Analizzando versione 8.1.0 (288/401)...
2025-11-10 23:58:49,909 - UnicodeAnalyzer - INFO - -> Analizzando versione 8.10.0 (289/401)...
2025-11-10 23:58:50,003 - UnicodeAnalyzer - INFO - -> Analizzando versione 8.11.0 (290/401)...
2025-11-10 23:58:50,098 - UnicodeAnalyzer - INFO - -> Analizzando versione 8.12.0 (291/401)...
2025-11-10 23:58:50,189 - UnicodeAnalyzer - INFO - -> Analizzando versione 8.13.0 (292/401)...
2025-11-10 23:58:50,281 - UnicodeAnalyzer - INFO - -> Analizzando versione 8.14.0 (293/401)...
2025-11-10 23:58:50,372 - UnicodeAnalyzer - INFO - -> Analizzando versione 8.15.0 (294/401)...
2025-11-10 23:58:50,466 - UnicodeAnalyzer - INFO - -> Analizzando versione 8.16.0 (295/401)...
2025-11-10 23:58:50,558 - UnicodeAnalyzer - INFO - -> Analizzando versione 8.17.0 (296/401)...
2025-11-10 23:58:50,652 - UnicodeAnalyzer - INFO - -> Analizzando versione 8.18.0 (297/401)...
2025-11-10 23:58:50,746 - UnicodeAnalyzer - INFO - -> Analizzando versione 8.19.0 (298/401)...
2025-11-10 23:58:50,840 - UnicodeAnalyzer - INFO - -> Analizzando versione 8.2.0 (299/401)...
2025-11-10 23:58:50,941 - UnicodeAnalyzer - INFO - -> Analizzando versione 8.20.0 (300/401)...
2025-11-10 23:58:51,038 - UnicodeAnalyzer - INFO - -> Analizzando versione 8.21.0 (301/401)...
2025-11-10 23:58:51,133 - UnicodeAnalyzer - INFO - -> Analizzando versione 8.22.0 (302/401)...
2025-11-10 23:58:51,226 - UnicodeAnalyzer - INFO - -> Analizzando versione 8.23.0 (303/401)...
2025-11-10 23:58:51,320 - UnicodeAnalyzer - INFO - -> Analizzando versione 8.23.1 (304/401)...
2025-11-10 23:58:51,417 - UnicodeAnalyzer - INFO - -> Analizzando versione 8.24.0 (305/401)...
2025-11-10 23:58:51,515 - UnicodeAnalyzer - INFO - -> Analizzando versione 8.25.0 (306/401)...
2025-11-10 23:58:51,611 - UnicodeAnalyzer - INFO - -> Analizzando versione 8.26.0 (307/401)...
2025-11-10 23:58:51,715 - UnicodeAnalyzer - INFO - -> Analizzando versione 8.27.0 (308/401)...
2025-11-10 23:58:51,810 - UnicodeAnalyzer - INFO - -> Analizzando versione 8.28.0 (309/401)...
2025-11-10 23:58:51,904 - UnicodeAnalyzer - INFO - -> Analizzando versione 8.29.0 (310/401)...
2025-11-10 23:58:52,002 - UnicodeAnalyzer - INFO - -> Analizzando versione 8.3.0 (311/401)...
2025-11-10 23:58:52,107 - UnicodeAnalyzer - INFO - -> Analizzando versione 8.30.0 (312/401)...
2025-11-10 23:58:52,200 - UnicodeAnalyzer - INFO - -> Analizzando versione 8.31.0 (313/401)...
2025-11-10 23:58:52,293 - UnicodeAnalyzer - INFO - -> Analizzando versione 8.32.0 (314/401)...
2025-11-10 23:58:52,387 - UnicodeAnalyzer - INFO - -> Analizzando versione 8.33.0 (315/401)...
2025-11-10 23:58:52,481 - UnicodeAnalyzer - INFO - -> Analizzando versione 8.34.0 (316/401)...
2025-11-10 23:58:52,582 - UnicodeAnalyzer - INFO - -> Analizzando versione 8.35.0 (317/401)...
2025-11-10 23:58:52,679 - UnicodeAnalyzer - INFO - -> Analizzando versione 8.36.0 (318/401)...
2025-11-10 23:58:52,774 - UnicodeAnalyzer - INFO - -> Analizzando versione 8.37.0 (319/401)...
2025-11-10 23:58:52,867 - UnicodeAnalyzer - INFO - -> Analizzando versione 8.38.0 (320/401)...
2025-11-10 23:58:52,963 - UnicodeAnalyzer - INFO - -> Analizzando versione 8.39.0 (321/401)...
2025-11-10 23:58:53,058 - UnicodeAnalyzer - INFO - -> Analizzando versione 8.4.0 (322/401)...
2025-11-10 23:58:53,156 - UnicodeAnalyzer - INFO - -> Analizzando versione 8.4.1 (323/401)...
2025-11-10 23:58:53,249 - UnicodeAnalyzer - INFO - -> Analizzando versione 8.40.0 (324/401)...
2025-11-10 23:58:53,342 - UnicodeAnalyzer - INFO - -> Analizzando versione 8.41.0 (325/401)...
2025-11-10 23:58:53,441 - UnicodeAnalyzer - INFO - -> Analizzando versione 8.42.0 (326/401)...
2025-11-10 23:58:53,540 - UnicodeAnalyzer - INFO - -> Analizzando versione 8.43.0 (327/401)...
2025-11-10 23:58:53,632 - UnicodeAnalyzer - INFO - -> Analizzando versione 8.44.0 (328/401)...
2025-11-10 23:58:53,725 - UnicodeAnalyzer - INFO - -> Analizzando versione 8.45.0 (329/401)...
2025-11-10 23:58:53,819 - UnicodeAnalyzer - INFO - -> Analizzando versione 8.46.0 (330/401)...
2025-11-10 23:58:53,912 - UnicodeAnalyzer - INFO - -> Analizzando versione 8.47.0 (331/401)...
2025-11-10 23:58:54,008 - UnicodeAnalyzer - INFO - -> Analizzando versione 8.48.0 (332/401)...
2025-11-10 23:58:54,105 - UnicodeAnalyzer - INFO - -> Analizzando versione 8.49.0 (333/401)...
2025-11-10 23:58:54,201 - UnicodeAnalyzer - INFO - -> Analizzando versione 8.5.0 (334/401)...
2025-11-10 23:58:54,297 - UnicodeAnalyzer - INFO - -> Analizzando versione 8.50.0 (335/401)...
2025-11-10 23:58:54,394 - UnicodeAnalyzer - INFO - -> Analizzando versione 8.51.0 (336/401)...
2025-11-10 23:58:54,489 - UnicodeAnalyzer - INFO - -> Analizzando versione 8.52.0 (337/401)...
2025-11-10 23:58:54,585 - UnicodeAnalyzer - INFO - -> Analizzando versione 8.53.0 (338/401)...
2025-11-10 23:58:54,679 - UnicodeAnalyzer - INFO - -> Analizzando versione 8.54.0 (339/401)...
2025-11-10 23:58:54,772 - UnicodeAnalyzer - INFO - -> Analizzando versione 8.55.0 (340/401)...
2025-11-10 23:58:54,867 - UnicodeAnalyzer - INFO - -> Analizzando versione 8.56.0 (341/401)...
2025-11-10 23:58:54,963 - UnicodeAnalyzer - INFO - -> Analizzando versione 8.57.0 (342/401)...
2025-11-10 23:58:55,059 - UnicodeAnalyzer - INFO - -> Analizzando versione 8.57.1 (343/401)...
2025-11-10 23:58:55,160 - UnicodeAnalyzer - INFO - -> Analizzando versione 8.6.0 (344/401)...
2025-11-10 23:58:55,253 - UnicodeAnalyzer - INFO - -> Analizzando versione 8.7.0 (345/401)...
2025-11-10 23:58:55,343 - UnicodeAnalyzer - INFO - -> Analizzando versione 8.8.0 (346/401)...
2025-11-10 23:58:55,433 - UnicodeAnalyzer - INFO - -> Analizzando versione 8.9.0 (347/401)...
2025-11-10 23:58:55,525 - UnicodeAnalyzer - INFO - -> Analizzando versione 9.0.0 (348/401)...
2025-11-10 23:58:55,624 - UnicodeAnalyzer - INFO - -> Analizzando versione 9.0.0-alpha.0 (349/401)...
2025-11-10 23:58:55,722 - UnicodeAnalyzer - INFO - -> Analizzando versione 9.0.0-alpha.1 (350/401)...
2025-11-10 23:58:55,821 - UnicodeAnalyzer - INFO - -> Analizzando versione 9.0.0-alpha.2 (351/401)...
2025-11-10 23:58:55,919 - UnicodeAnalyzer - INFO - -> Analizzando versione 9.0.0-beta.0 (352/401)...
2025-11-10 23:58:56,019 - UnicodeAnalyzer - INFO - -> Analizzando versione 9.0.0-beta.1 (353/401)...
2025-11-10 23:58:56,119 - UnicodeAnalyzer - INFO - -> Analizzando versione 9.0.0-beta.2 (354/401)...
2025-11-10 23:58:56,220 - UnicodeAnalyzer - INFO - -> Analizzando versione 9.0.0-rc.0 (355/401)...
2025-11-10 23:58:56,317 - UnicodeAnalyzer - INFO - -> Analizzando versione 9.1.0 (356/401)...
2025-11-10 23:58:56,415 - UnicodeAnalyzer - INFO - -> Analizzando versione 9.1.1 (357/401)...
2025-11-10 23:58:56,512 - UnicodeAnalyzer - INFO - -> Analizzando versione 9.10.0 (358/401)...
2025-11-10 23:58:56,613 - UnicodeAnalyzer - INFO - -> Analizzando versione 9.11.0 (359/401)...
2025-11-10 23:58:56,711 - UnicodeAnalyzer - INFO - -> Analizzando versione 9.11.1 (360/401)...
2025-11-10 23:58:56,811 - UnicodeAnalyzer - INFO - -> Analizzando versione 9.12.0 (361/401)...
2025-11-10 23:58:56,908 - UnicodeAnalyzer - INFO - -> Analizzando versione 9.13.0 (362/401)...
2025-11-10 23:58:57,003 - UnicodeAnalyzer - INFO - -> Analizzando versione 9.14.0 (363/401)...
2025-11-10 23:58:57,108 - UnicodeAnalyzer - INFO - -> Analizzando versione 9.15.0 (364/401)...
2025-11-10 23:58:57,206 - UnicodeAnalyzer - INFO - -> Analizzando versione 9.16.0 (365/401)...
2025-11-10 23:58:57,307 - UnicodeAnalyzer - INFO - -> Analizzando versione 9.17.0 (366/401)...
2025-11-10 23:58:57,408 - UnicodeAnalyzer - INFO - -> Analizzando versione 9.18.0 (367/401)...
2025-11-10 23:58:57,507 - UnicodeAnalyzer - INFO - -> Analizzando versione 9.19.0 (368/401)...
2025-11-10 23:58:57,605 - UnicodeAnalyzer - INFO - -> Analizzando versione 9.2.0 (369/401)...
2025-11-10 23:58:57,703 - UnicodeAnalyzer - INFO - -> Analizzando versione 9.20.0 (370/401)...
2025-11-10 23:58:57,802 - UnicodeAnalyzer - INFO - -> Analizzando versione 9.20.1 (371/401)...
2025-11-10 23:58:57,904 - UnicodeAnalyzer - INFO - -> Analizzando versione 9.21.0 (372/401)...
2025-11-10 23:58:58,005 - UnicodeAnalyzer - INFO - -> Analizzando versione 9.22.0 (373/401)...
2025-11-10 23:58:58,106 - UnicodeAnalyzer - INFO - -> Analizzando versione 9.23.0 (374/401)...
2025-11-10 23:58:58,206 - UnicodeAnalyzer - INFO - -> Analizzando versione 9.24.0 (375/401)...
2025-11-10 23:58:58,303 - UnicodeAnalyzer - INFO - -> Analizzando versione 9.25.0 (376/401)...
2025-11-10 23:58:58,400 - UnicodeAnalyzer - INFO - -> Analizzando versione 9.25.1 (377/401)...
2025-11-10 23:58:58,492 - UnicodeAnalyzer - INFO - -> Analizzando versione 9.26.0 (378/401)...
2025-11-10 23:58:58,589 - UnicodeAnalyzer - INFO - -> Analizzando versione 9.27.0 (379/401)...
2025-11-10 23:58:58,685 - UnicodeAnalyzer - INFO - -> Analizzando versione 9.28.0 (380/401)...
2025-11-10 23:58:58,779 - UnicodeAnalyzer - INFO - -> Analizzando versione 9.29.0 (381/401)...
2025-11-10 23:58:58,872 - UnicodeAnalyzer - INFO - -> Analizzando versione 9.3.0 (382/401)...
2025-11-10 23:58:58,971 - UnicodeAnalyzer - INFO - -> Analizzando versione 9.30.0 (383/401)...
2025-11-10 23:58:59,066 - UnicodeAnalyzer - INFO - -> Analizzando versione 9.30.1 (384/401)...
2025-11-10 23:58:59,161 - UnicodeAnalyzer - INFO - -> Analizzando versione 9.31.0 (385/401)...
2025-11-10 23:58:59,262 - UnicodeAnalyzer - INFO - -> Analizzando versione 9.32.0 (386/401)...
2025-11-10 23:58:59,358 - UnicodeAnalyzer - INFO - -> Analizzando versione 9.33.0 (387/401)...
2025-11-10 23:58:59,455 - UnicodeAnalyzer - INFO - -> Analizzando versione 9.34.0 (388/401)...
2025-11-10 23:58:59,555 - UnicodeAnalyzer - INFO - -> Analizzando versione 9.35.0 (389/401)...
2025-11-10 23:58:59,654 - UnicodeAnalyzer - INFO - -> Analizzando versione 9.36.0 (390/401)...
2025-11-10 23:58:59,756 - UnicodeAnalyzer - INFO - -> Analizzando versione 9.37.0 (391/401)...
2025-11-10 23:58:59,854 - UnicodeAnalyzer - INFO - -> Analizzando versione 9.38.0 (392/401)...
2025-11-10 23:58:59,953 - UnicodeAnalyzer - INFO - -> Analizzando versione 9.39.0 (393/401)...
2025-11-10 23:59:00,054 - UnicodeAnalyzer - INFO - -> Analizzando versione 9.39.1 (394/401)...
2025-11-10 23:59:00,151 - UnicodeAnalyzer - INFO - -> Analizzando versione 9.4.0 (395/401)...
2025-11-10 23:59:00,255 - UnicodeAnalyzer - INFO - -> Analizzando versione 9.5.0 (396/401)...
2025-11-10 23:59:00,349 - UnicodeAnalyzer - INFO - -> Analizzando versione 9.6.0 (397/401)...
2025-11-10 23:59:00,447 - UnicodeAnalyzer - INFO - -> Analizzando versione 9.7.0 (398/401)...
2025-11-10 23:59:00,546 - UnicodeAnalyzer - INFO - -> Analizzando versione 9.8.0 (399/401)...
2025-11-10 23:59:00,646 - UnicodeAnalyzer - INFO - -> Analizzando versione 9.9.0 (400/401)...
2025-11-10 23:59:00,745 - UnicodeAnalyzer - INFO - -> Analizzando versione 9.9.1 (401/401)...
2025-11-10 23:59:00,842 - UnicodeAnalyzer - INFO - Esportando i risultati HUT per 'eslint' in CSV...
2025-11-10 23:59:02,686 - UnicodeAnalyzer - INFO - Report salvati in: /app/npm_hut_results/eslint
2025-11-10 23:59:02,693 - NPM_HUT_Analyzer - INFO - Pulizia cartella temporanea 'temp_hut/eslint'...
2025-11-10 23:59:04,924 - NPM_HUT_Analyzer - INFO - Pulizia completata.
