2025-10-23 11:59:26,137 - NPM_Analyzer - INFO - Fetching metadata for 'jest-circus'...
2025-10-23 11:59:26,283 - NPM_Analyzer - INFO - Found 269 versions. Starting download into 'temp/jest-circus'...
2025-10-23 12:02:25,885 - BlankSpaceAnalyzer - INFO - Analyzing 269 versions for '*.js' in 'jest-circus'.
2025-10-23 12:02:25,885 - BlankSpaceAnalyzer - INFO - -> Analyzing version 0.0.0 (1/269)...
2025-10-23 12:02:25,886 - BlankSpaceAnalyzer - INFO - -> Analyzing version 20.1.0-alpha.1 (2/269)...
2025-10-23 12:02:25,948 - BlankSpaceAnalyzer - INFO - -> Analyzing version 20.1.0-alpha.2 (3/269)...
2025-10-23 12:02:25,993 - BlankSpaceAnalyzer - INFO - -> Analyzing version 20.1.0-alpha.3 (4/269)...
2025-10-23 12:02:26,040 - BlankSpaceAnalyzer - INFO - -> Analyzing version 20.1.0-beta.1 (5/269)...
2025-10-23 12:02:26,086 - BlankSpaceAnalyzer - INFO - -> Analyzing version 20.1.0-chi.1 (6/269)...
2025-10-23 12:02:26,132 - BlankSpaceAnalyzer - INFO - -> Analyzing version 20.1.0-delta.1 (7/269)...
2025-10-23 12:02:26,178 - BlankSpaceAnalyzer - INFO - -> Analyzing version 20.1.0-delta.2 (8/269)...
2025-10-23 12:02:26,224 - BlankSpaceAnalyzer - INFO - -> Analyzing version 20.1.0-delta.3 (9/269)...
2025-10-23 12:02:26,270 - BlankSpaceAnalyzer - INFO - -> Analyzing version 20.1.0-delta.4 (10/269)...
2025-10-23 12:02:26,316 - BlankSpaceAnalyzer - INFO - -> Analyzing version 20.1.0-delta.5 (11/269)...
2025-10-23 12:02:26,362 - BlankSpaceAnalyzer - INFO - -> Analyzing version 20.1.0-echo.1 (12/269)...
2025-10-23 12:02:26,409 - BlankSpaceAnalyzer - INFO - -> Analyzing version 21.0.0 (13/269)...
2025-10-23 12:02:26,455 - BlankSpaceAnalyzer - INFO - -> Analyzing version 21.0.0-alpha.1 (14/269)...
2025-10-23 12:02:26,501 - BlankSpaceAnalyzer - INFO - -> Analyzing version 21.0.0-alpha.2 (15/269)...
2025-10-23 12:02:26,548 - BlankSpaceAnalyzer - INFO - -> Analyzing version 21.0.0-beta.1 (16/269)...
2025-10-23 12:02:26,594 - BlankSpaceAnalyzer - INFO - -> Analyzing version 21.0.2 (17/269)...
2025-10-23 12:02:26,640 - BlankSpaceAnalyzer - INFO - -> Analyzing version 21.1.0 (18/269)...
2025-10-23 12:02:26,686 - BlankSpaceAnalyzer - INFO - -> Analyzing version 21.2.0 (19/269)...
2025-10-23 12:02:26,732 - BlankSpaceAnalyzer - INFO - -> Analyzing version 21.2.1 (20/269)...
2025-10-23 12:02:26,781 - BlankSpaceAnalyzer - INFO - -> Analyzing version 21.3.0-alpha.1e3ee68e (21/269)...
2025-10-23 12:02:26,827 - BlankSpaceAnalyzer - INFO - -> Analyzing version 21.3.0-alpha.eff7a1cf (22/269)...
2025-10-23 12:02:26,873 - BlankSpaceAnalyzer - INFO - -> Analyzing version 21.3.0-beta.1 (23/269)...
2025-10-23 12:02:26,920 - BlankSpaceAnalyzer - INFO - -> Analyzing version 21.3.0-beta.10 (24/269)...
2025-10-23 12:02:26,968 - BlankSpaceAnalyzer - INFO - -> Analyzing version 21.3.0-beta.11 (25/269)...
2025-10-23 12:02:27,015 - BlankSpaceAnalyzer - INFO - -> Analyzing version 21.3.0-beta.12 (26/269)...
2025-10-23 12:02:27,063 - BlankSpaceAnalyzer - INFO - -> Analyzing version 21.3.0-beta.13 (27/269)...
2025-10-23 12:02:27,110 - BlankSpaceAnalyzer - INFO - -> Analyzing version 21.3.0-beta.14 (28/269)...
2025-10-23 12:02:27,158 - BlankSpaceAnalyzer - INFO - -> Analyzing version 21.3.0-beta.15 (29/269)...
2025-10-23 12:02:27,204 - BlankSpaceAnalyzer - INFO - -> Analyzing version 21.3.0-beta.2 (30/269)...
2025-10-23 12:02:27,251 - BlankSpaceAnalyzer - INFO - -> Analyzing version 21.3.0-beta.3 (31/269)...
2025-10-23 12:02:27,298 - BlankSpaceAnalyzer - INFO - -> Analyzing version 21.3.0-beta.4 (32/269)...
2025-10-23 12:02:27,344 - BlankSpaceAnalyzer - INFO - -> Analyzing version 21.3.0-beta.5 (33/269)...
2025-10-23 12:02:27,391 - BlankSpaceAnalyzer - INFO - -> Analyzing version 21.3.0-beta.6 (34/269)...
2025-10-23 12:02:27,437 - BlankSpaceAnalyzer - INFO - -> Analyzing version 21.3.0-beta.7 (35/269)...
2025-10-23 12:02:27,484 - BlankSpaceAnalyzer - INFO - -> Analyzing version 21.3.0-beta.8 (36/269)...
2025-10-23 12:02:27,532 - BlankSpaceAnalyzer - INFO - -> Analyzing version 21.3.0-beta.9 (37/269)...
2025-10-23 12:02:27,579 - BlankSpaceAnalyzer - INFO - -> Analyzing version 22.0.0 (38/269)...
2025-10-23 12:02:27,626 - BlankSpaceAnalyzer - INFO - -> Analyzing version 22.0.1 (39/269)...
2025-10-23 12:02:27,673 - BlankSpaceAnalyzer - INFO - -> Analyzing version 22.0.2 (40/269)...
2025-10-23 12:02:27,721 - BlankSpaceAnalyzer - INFO - -> Analyzing version 22.0.3 (41/269)...
2025-10-23 12:02:27,770 - BlankSpaceAnalyzer - INFO - -> Analyzing version 22.0.4 (42/269)...
2025-10-23 12:02:27,819 - BlankSpaceAnalyzer - INFO - -> Analyzing version 22.0.5 (43/269)...
2025-10-23 12:02:27,866 - BlankSpaceAnalyzer - INFO - -> Analyzing version 22.0.6 (44/269)...
2025-10-23 12:02:27,912 - BlankSpaceAnalyzer - INFO - -> Analyzing version 22.1.0 (45/269)...
2025-10-23 12:02:27,962 - BlankSpaceAnalyzer - INFO - -> Analyzing version 22.1.1 (46/269)...
2025-10-23 12:02:28,009 - BlankSpaceAnalyzer - INFO - -> Analyzing version 22.1.2 (47/269)...
2025-10-23 12:02:28,057 - BlankSpaceAnalyzer - INFO - -> Analyzing version 22.1.3 (48/269)...
2025-10-23 12:02:28,103 - BlankSpaceAnalyzer - INFO - -> Analyzing version 22.1.4 (49/269)...
2025-10-23 12:02:28,151 - BlankSpaceAnalyzer - INFO - -> Analyzing version 22.2.0 (50/269)...
2025-10-23 12:02:28,197 - BlankSpaceAnalyzer - INFO - -> Analyzing version 22.2.1 (51/269)...
2025-10-23 12:02:28,243 - BlankSpaceAnalyzer - INFO - -> Analyzing version 22.2.2 (52/269)...
2025-10-23 12:02:28,290 - BlankSpaceAnalyzer - INFO - -> Analyzing version 22.3.0 (53/269)...
2025-10-23 12:02:28,337 - BlankSpaceAnalyzer - INFO - -> Analyzing version 22.4.0 (54/269)...
2025-10-23 12:02:28,385 - BlankSpaceAnalyzer - INFO - -> Analyzing version 22.4.1 (55/269)...
2025-10-23 12:02:28,431 - BlankSpaceAnalyzer - INFO - -> Analyzing version 22.4.2 (56/269)...
2025-10-23 12:02:28,478 - BlankSpaceAnalyzer - INFO - -> Analyzing version 22.4.3 (57/269)...
2025-10-23 12:02:28,526 - BlankSpaceAnalyzer - INFO - -> Analyzing version 22.4.4 (58/269)...
2025-10-23 12:02:28,572 - BlankSpaceAnalyzer - INFO - -> Analyzing version 23.0.0 (59/269)...
2025-10-23 12:02:28,619 - BlankSpaceAnalyzer - INFO - -> Analyzing version 23.0.0-alpha.0 (60/269)...
2025-10-23 12:02:28,666 - BlankSpaceAnalyzer - INFO - -> Analyzing version 23.0.0-alpha.1 (61/269)...
2025-10-23 12:02:28,713 - BlankSpaceAnalyzer - INFO - -> Analyzing version 23.0.0-alpha.2 (62/269)...
2025-10-23 12:02:28,761 - BlankSpaceAnalyzer - INFO - -> Analyzing version 23.0.0-alpha.3r (63/269)...
2025-10-23 12:02:28,810 - BlankSpaceAnalyzer - INFO - -> Analyzing version 23.0.0-alpha.4 (64/269)...
2025-10-23 12:02:28,856 - BlankSpaceAnalyzer - INFO - -> Analyzing version 23.0.0-alpha.5 (65/269)...
2025-10-23 12:02:28,903 - BlankSpaceAnalyzer - INFO - -> Analyzing version 23.0.0-alpha.5r (66/269)...
2025-10-23 12:02:28,951 - BlankSpaceAnalyzer - INFO - -> Analyzing version 23.0.0-alpha.6r (67/269)...
2025-10-23 12:02:29,001 - BlankSpaceAnalyzer - INFO - -> Analyzing version 23.0.0-alpha.7 (68/269)...
2025-10-23 12:02:29,047 - BlankSpaceAnalyzer - INFO - -> Analyzing version 23.0.0-beta.0 (69/269)...
2025-10-23 12:02:29,098 - BlankSpaceAnalyzer - INFO - -> Analyzing version 23.0.0-beta.1 (70/269)...
2025-10-23 12:02:29,144 - BlankSpaceAnalyzer - INFO - -> Analyzing version 23.0.0-beta.2 (71/269)...
2025-10-23 12:02:29,191 - BlankSpaceAnalyzer - INFO - -> Analyzing version 23.0.0-beta.3r (72/269)...
2025-10-23 12:02:29,237 - BlankSpaceAnalyzer - INFO - -> Analyzing version 23.0.0-charlie.0 (73/269)...
2025-10-23 12:02:29,285 - BlankSpaceAnalyzer - INFO - -> Analyzing version 23.0.0-charlie.1 (74/269)...
2025-10-23 12:02:29,332 - BlankSpaceAnalyzer - INFO - -> Analyzing version 23.0.0-charlie.2 (75/269)...
2025-10-23 12:02:29,380 - BlankSpaceAnalyzer - INFO - -> Analyzing version 23.0.0-charlie.3 (76/269)...
2025-10-23 12:02:29,427 - BlankSpaceAnalyzer - INFO - -> Analyzing version 23.0.0-charlie.4 (77/269)...
2025-10-23 12:02:29,475 - BlankSpaceAnalyzer - INFO - -> Analyzing version 23.0.1 (78/269)...
2025-10-23 12:02:29,523 - BlankSpaceAnalyzer - INFO - -> Analyzing version 23.1.0 (79/269)...
2025-10-23 12:02:29,571 - BlankSpaceAnalyzer - INFO - -> Analyzing version 23.2.0 (80/269)...
2025-10-23 12:02:29,618 - BlankSpaceAnalyzer - INFO - -> Analyzing version 23.3.0 (81/269)...
2025-10-23 12:02:29,666 - BlankSpaceAnalyzer - INFO - -> Analyzing version 23.4.0 (82/269)...
2025-10-23 12:02:29,713 - BlankSpaceAnalyzer - INFO - -> Analyzing version 23.4.1 (83/269)...
2025-10-23 12:02:29,760 - BlankSpaceAnalyzer - INFO - -> Analyzing version 23.4.2 (84/269)...
2025-10-23 12:02:29,808 - BlankSpaceAnalyzer - INFO - -> Analyzing version 23.5.0 (85/269)...
2025-10-23 12:02:29,856 - BlankSpaceAnalyzer - INFO - -> Analyzing version 23.6.0 (86/269)...
2025-10-23 12:02:29,903 - BlankSpaceAnalyzer - INFO - -> Analyzing version 24.0.0 (87/269)...
2025-10-23 12:02:29,950 - BlankSpaceAnalyzer - INFO - -> Analyzing version 24.0.0-alpha.0 (88/269)...
2025-10-23 12:02:29,998 - BlankSpaceAnalyzer - INFO - -> Analyzing version 24.0.0-alpha.1 (89/269)...
2025-10-23 12:02:30,045 - BlankSpaceAnalyzer - INFO - -> Analyzing version 24.0.0-alpha.10 (90/269)...
2025-10-23 12:02:30,092 - BlankSpaceAnalyzer - INFO - -> Analyzing version 24.0.0-alpha.11 (91/269)...
2025-10-23 12:02:30,140 - BlankSpaceAnalyzer - INFO - -> Analyzing version 24.0.0-alpha.12 (92/269)...
2025-10-23 12:02:30,187 - BlankSpaceAnalyzer - INFO - -> Analyzing version 24.0.0-alpha.13 (93/269)...
2025-10-23 12:02:30,235 - BlankSpaceAnalyzer - INFO - -> Analyzing version 24.0.0-alpha.14 (94/269)...
2025-10-23 12:02:30,281 - BlankSpaceAnalyzer - INFO - -> Analyzing version 24.0.0-alpha.15 (95/269)...
2025-10-23 12:02:30,329 - BlankSpaceAnalyzer - INFO - -> Analyzing version 24.0.0-alpha.16 (96/269)...
2025-10-23 12:02:30,376 - BlankSpaceAnalyzer - INFO - -> Analyzing version 24.0.0-alpha.2 (97/269)...
2025-10-23 12:02:30,424 - BlankSpaceAnalyzer - INFO - -> Analyzing version 24.0.0-alpha.3 (98/269)...
2025-10-23 12:02:30,470 - BlankSpaceAnalyzer - INFO - -> Analyzing version 24.0.0-alpha.4 (99/269)...
2025-10-23 12:02:30,517 - BlankSpaceAnalyzer - INFO - -> Analyzing version 24.0.0-alpha.5 (100/269)...
2025-10-23 12:02:30,564 - BlankSpaceAnalyzer - INFO - -> Analyzing version 24.0.0-alpha.6 (101/269)...
2025-10-23 12:02:30,612 - BlankSpaceAnalyzer - INFO - -> Analyzing version 24.0.0-alpha.7 (102/269)...
2025-10-23 12:02:30,659 - BlankSpaceAnalyzer - INFO - -> Analyzing version 24.0.0-alpha.8 (103/269)...
2025-10-23 12:02:30,706 - BlankSpaceAnalyzer - INFO - -> Analyzing version 24.0.0-alpha.9 (104/269)...
2025-10-23 12:02:30,754 - BlankSpaceAnalyzer - INFO - -> Analyzing version 24.1.0 (105/269)...
2025-10-23 12:02:30,801 - BlankSpaceAnalyzer - INFO - -> Analyzing version 24.2.0-alpha.0 (106/269)...
2025-10-23 12:02:30,850 - BlankSpaceAnalyzer - INFO - -> Analyzing version 24.3.0 (107/269)...
2025-10-23 12:02:30,896 - BlankSpaceAnalyzer - INFO - -> Analyzing version 24.3.1 (108/269)...
2025-10-23 12:02:30,942 - BlankSpaceAnalyzer - INFO - -> Analyzing version 24.4.0 (109/269)...
2025-10-23 12:02:30,989 - BlankSpaceAnalyzer - INFO - -> Analyzing version 24.5.0 (110/269)...
2025-10-23 12:02:31,035 - BlankSpaceAnalyzer - INFO - -> Analyzing version 24.6.0 (111/269)...
2025-10-23 12:02:31,081 - BlankSpaceAnalyzer - INFO - -> Analyzing version 24.7.0 (112/269)...
2025-10-23 12:02:31,128 - BlankSpaceAnalyzer - INFO - -> Analyzing version 24.7.1 (113/269)...
2025-10-23 12:02:31,174 - BlankSpaceAnalyzer - INFO - -> Analyzing version 24.8.0 (114/269)...
2025-10-23 12:02:31,220 - BlankSpaceAnalyzer - INFO - -> Analyzing version 24.9.0 (115/269)...
2025-10-23 12:02:31,266 - BlankSpaceAnalyzer - INFO - -> Analyzing version 25.0.0 (116/269)...
2025-10-23 12:02:31,313 - BlankSpaceAnalyzer - INFO - -> Analyzing version 25.1.0 (117/269)...
2025-10-23 12:02:31,359 - BlankSpaceAnalyzer - INFO - -> Analyzing version 25.2.0 (118/269)...
2025-10-23 12:02:31,405 - BlankSpaceAnalyzer - INFO - -> Analyzing version 25.2.0-alpha.86 (119/269)...
2025-10-23 12:02:31,451 - BlankSpaceAnalyzer - INFO - -> Analyzing version 25.2.1 (120/269)...
2025-10-23 12:02:31,498 - BlankSpaceAnalyzer - INFO - -> Analyzing version 25.2.1-alpha.1 (121/269)...
2025-10-23 12:02:31,545 - BlankSpaceAnalyzer - INFO - -> Analyzing version 25.2.1-alpha.2 (122/269)...
2025-10-23 12:02:31,591 - BlankSpaceAnalyzer - INFO - -> Analyzing version 25.2.2 (123/269)...
2025-10-23 12:02:31,639 - BlankSpaceAnalyzer - INFO - -> Analyzing version 25.2.3 (124/269)...
2025-10-23 12:02:31,684 - BlankSpaceAnalyzer - INFO - -> Analyzing version 25.2.4 (125/269)...
2025-10-23 12:02:31,731 - BlankSpaceAnalyzer - INFO - -> Analyzing version 25.2.6 (126/269)...
2025-10-23 12:02:31,778 - BlankSpaceAnalyzer - INFO - -> Analyzing version 25.2.7 (127/269)...
2025-10-23 12:02:31,824 - BlankSpaceAnalyzer - INFO - -> Analyzing version 25.3.0 (128/269)...
2025-10-23 12:02:31,870 - BlankSpaceAnalyzer - INFO - -> Analyzing version 25.4.0 (129/269)...
2025-10-23 12:02:31,916 - BlankSpaceAnalyzer - INFO - -> Analyzing version 25.5.0 (130/269)...
2025-10-23 12:02:31,963 - BlankSpaceAnalyzer - INFO - -> Analyzing version 25.5.1 (131/269)...
2025-10-23 12:02:32,009 - BlankSpaceAnalyzer - INFO - -> Analyzing version 25.5.2 (132/269)...
2025-10-23 12:02:32,056 - BlankSpaceAnalyzer - INFO - -> Analyzing version 25.5.3 (133/269)...
2025-10-23 12:02:32,102 - BlankSpaceAnalyzer - INFO - -> Analyzing version 25.5.4 (134/269)...
2025-10-23 12:02:32,149 - BlankSpaceAnalyzer - INFO - -> Analyzing version 26.0.0 (135/269)...
2025-10-23 12:02:32,195 - BlankSpaceAnalyzer - INFO - -> Analyzing version 26.0.0-alpha.0 (136/269)...
2025-10-23 12:02:32,242 - BlankSpaceAnalyzer - INFO - -> Analyzing version 26.0.0-alpha.1 (137/269)...
2025-10-23 12:02:32,288 - BlankSpaceAnalyzer - INFO - -> Analyzing version 26.0.0-alpha.2 (138/269)...
2025-10-23 12:02:32,335 - BlankSpaceAnalyzer - INFO - -> Analyzing version 26.0.1 (139/269)...
2025-10-23 12:02:32,381 - BlankSpaceAnalyzer - INFO - -> Analyzing version 26.0.1-alpha.0 (140/269)...
2025-10-23 12:02:32,427 - BlankSpaceAnalyzer - INFO - -> Analyzing version 26.1.0 (141/269)...
2025-10-23 12:02:32,473 - BlankSpaceAnalyzer - INFO - -> Analyzing version 26.2.0 (142/269)...
2025-10-23 12:02:32,520 - BlankSpaceAnalyzer - INFO - -> Analyzing version 26.2.1 (143/269)...
2025-10-23 12:02:32,566 - BlankSpaceAnalyzer - INFO - -> Analyzing version 26.2.2 (144/269)...
2025-10-23 12:02:32,613 - BlankSpaceAnalyzer - INFO - -> Analyzing version 26.3.0 (145/269)...
2025-10-23 12:02:32,660 - BlankSpaceAnalyzer - INFO - -> Analyzing version 26.4.0 (146/269)...
2025-10-23 12:02:32,706 - BlankSpaceAnalyzer - INFO - -> Analyzing version 26.4.1 (147/269)...
2025-10-23 12:02:32,753 - BlankSpaceAnalyzer - INFO - -> Analyzing version 26.4.2 (148/269)...
2025-10-23 12:02:32,799 - BlankSpaceAnalyzer - INFO - -> Analyzing version 26.5.0 (149/269)...
2025-10-23 12:02:32,846 - BlankSpaceAnalyzer - INFO - -> Analyzing version 26.5.1 (150/269)...
2025-10-23 12:02:32,893 - BlankSpaceAnalyzer - INFO - -> Analyzing version 26.5.2 (151/269)...
2025-10-23 12:02:32,940 - BlankSpaceAnalyzer - INFO - -> Analyzing version 26.5.3 (152/269)...
2025-10-23 12:02:32,987 - BlankSpaceAnalyzer - INFO - -> Analyzing version 26.6.0 (153/269)...
2025-10-23 12:02:33,035 - BlankSpaceAnalyzer - INFO - -> Analyzing version 26.6.1 (154/269)...
2025-10-23 12:02:33,081 - BlankSpaceAnalyzer - INFO - -> Analyzing version 26.6.2 (155/269)...
2025-10-23 12:02:33,128 - BlankSpaceAnalyzer - INFO - -> Analyzing version 26.6.3 (156/269)...
2025-10-23 12:02:33,176 - BlankSpaceAnalyzer - INFO - -> Analyzing version 27.0.0 (157/269)...
2025-10-23 12:02:33,221 - BlankSpaceAnalyzer - INFO - -> Analyzing version 27.0.0-next.0 (158/269)...
2025-10-23 12:02:33,268 - BlankSpaceAnalyzer - INFO - -> Analyzing version 27.0.0-next.1 (159/269)...
2025-10-23 12:02:33,315 - BlankSpaceAnalyzer - INFO - -> Analyzing version 27.0.0-next.10 (160/269)...
2025-10-23 12:02:33,362 - BlankSpaceAnalyzer - INFO - -> Analyzing version 27.0.0-next.11 (161/269)...
2025-10-23 12:02:33,408 - BlankSpaceAnalyzer - INFO - -> Analyzing version 27.0.0-next.2 (162/269)...
2025-10-23 12:02:33,454 - BlankSpaceAnalyzer - INFO - -> Analyzing version 27.0.0-next.3 (163/269)...
2025-10-23 12:02:33,503 - BlankSpaceAnalyzer - INFO - -> Analyzing version 27.0.0-next.4 (164/269)...
2025-10-23 12:02:33,548 - BlankSpaceAnalyzer - INFO - -> Analyzing version 27.0.0-next.5 (165/269)...
2025-10-23 12:02:33,596 - BlankSpaceAnalyzer - INFO - -> Analyzing version 27.0.0-next.6 (166/269)...
2025-10-23 12:02:33,642 - BlankSpaceAnalyzer - INFO - -> Analyzing version 27.0.0-next.7 (167/269)...
2025-10-23 12:02:33,689 - BlankSpaceAnalyzer - INFO - -> Analyzing version 27.0.0-next.8 (168/269)...
2025-10-23 12:02:33,736 - BlankSpaceAnalyzer - INFO - -> Analyzing version 27.0.0-next.9 (169/269)...
2025-10-23 12:02:33,783 - BlankSpaceAnalyzer - INFO - -> Analyzing version 27.0.1 (170/269)...
2025-10-23 12:02:33,829 - BlankSpaceAnalyzer - INFO - -> Analyzing version 27.0.2 (171/269)...
2025-10-23 12:02:33,878 - BlankSpaceAnalyzer - INFO - -> Analyzing version 27.0.3 (172/269)...
2025-10-23 12:02:33,924 - BlankSpaceAnalyzer - INFO - -> Analyzing version 27.0.4 (173/269)...
2025-10-23 12:02:33,972 - BlankSpaceAnalyzer - INFO - -> Analyzing version 27.0.5 (174/269)...
2025-10-23 12:02:34,020 - BlankSpaceAnalyzer - INFO - -> Analyzing version 27.0.6 (175/269)...
2025-10-23 12:02:34,067 - BlankSpaceAnalyzer - INFO - -> Analyzing version 27.1.0 (176/269)...
2025-10-23 12:02:34,113 - BlankSpaceAnalyzer - INFO - -> Analyzing version 27.1.1 (177/269)...
2025-10-23 12:02:34,160 - BlankSpaceAnalyzer - INFO - -> Analyzing version 27.2.0 (178/269)...
2025-10-23 12:02:34,207 - BlankSpaceAnalyzer - INFO - -> Analyzing version 27.2.1 (179/269)...
2025-10-23 12:02:34,254 - BlankSpaceAnalyzer - INFO - -> Analyzing version 27.2.2 (180/269)...
2025-10-23 12:02:34,300 - BlankSpaceAnalyzer - INFO - -> Analyzing version 27.2.3 (181/269)...
2025-10-23 12:02:34,347 - BlankSpaceAnalyzer - INFO - -> Analyzing version 27.2.4 (182/269)...
2025-10-23 12:02:34,393 - BlankSpaceAnalyzer - INFO - -> Analyzing version 27.2.5 (183/269)...
2025-10-23 12:02:34,440 - BlankSpaceAnalyzer - INFO - -> Analyzing version 27.3.0 (184/269)...
2025-10-23 12:02:34,486 - BlankSpaceAnalyzer - INFO - -> Analyzing version 27.3.1 (185/269)...
2025-10-23 12:02:34,532 - BlankSpaceAnalyzer - INFO - -> Analyzing version 27.4.0 (186/269)...
2025-10-23 12:02:34,578 - BlankSpaceAnalyzer - INFO - -> Analyzing version 27.4.1 (187/269)...
2025-10-23 12:02:34,625 - BlankSpaceAnalyzer - INFO - -> Analyzing version 27.4.2 (188/269)...
2025-10-23 12:02:34,671 - BlankSpaceAnalyzer - INFO - -> Analyzing version 27.4.4 (189/269)...
2025-10-23 12:02:34,718 - BlankSpaceAnalyzer - INFO - -> Analyzing version 27.4.5 (190/269)...
2025-10-23 12:02:34,765 - BlankSpaceAnalyzer - INFO - -> Analyzing version 27.4.6 (191/269)...
2025-10-23 12:02:34,812 - BlankSpaceAnalyzer - INFO - -> Analyzing version 27.5.0 (192/269)...
2025-10-23 12:02:34,857 - BlankSpaceAnalyzer - INFO - -> Analyzing version 27.5.1 (193/269)...
2025-10-23 12:02:34,904 - BlankSpaceAnalyzer - INFO - -> Analyzing version 28.0.0 (194/269)...
2025-10-23 12:02:34,950 - BlankSpaceAnalyzer - INFO - -> Analyzing version 28.0.0-alpha.0 (195/269)...
2025-10-23 12:02:34,997 - BlankSpaceAnalyzer - INFO - -> Analyzing version 28.0.0-alpha.1 (196/269)...
2025-10-23 12:02:35,043 - BlankSpaceAnalyzer - INFO - -> Analyzing version 28.0.0-alpha.10 (197/269)...
2025-10-23 12:02:35,090 - BlankSpaceAnalyzer - INFO - -> Analyzing version 28.0.0-alpha.11 (198/269)...
2025-10-23 12:02:35,136 - BlankSpaceAnalyzer - INFO - -> Analyzing version 28.0.0-alpha.2 (199/269)...
2025-10-23 12:02:35,182 - BlankSpaceAnalyzer - INFO - -> Analyzing version 28.0.0-alpha.3 (200/269)...
2025-10-23 12:02:35,229 - BlankSpaceAnalyzer - INFO - -> Analyzing version 28.0.0-alpha.4 (201/269)...
2025-10-23 12:02:35,275 - BlankSpaceAnalyzer - INFO - -> Analyzing version 28.0.0-alpha.5 (202/269)...
2025-10-23 12:02:35,322 - BlankSpaceAnalyzer - INFO - -> Analyzing version 28.0.0-alpha.6 (203/269)...
2025-10-23 12:02:35,368 - BlankSpaceAnalyzer - INFO - -> Analyzing version 28.0.0-alpha.7 (204/269)...
2025-10-23 12:02:35,414 - BlankSpaceAnalyzer - INFO - -> Analyzing version 28.0.0-alpha.8 (205/269)...
2025-10-23 12:02:35,461 - BlankSpaceAnalyzer - INFO - -> Analyzing version 28.0.0-alpha.9 (206/269)...
2025-10-23 12:02:35,507 - BlankSpaceAnalyzer - INFO - -> Analyzing version 28.0.1 (207/269)...
2025-10-23 12:02:35,553 - BlankSpaceAnalyzer - INFO - -> Analyzing version 28.0.2 (208/269)...
2025-10-23 12:02:35,599 - BlankSpaceAnalyzer - INFO - -> Analyzing version 28.0.3 (209/269)...
2025-10-23 12:02:35,645 - BlankSpaceAnalyzer - INFO - -> Analyzing version 28.1.0 (210/269)...
2025-10-23 12:02:35,692 - BlankSpaceAnalyzer - INFO - -> Analyzing version 28.1.1 (211/269)...
2025-10-23 12:02:35,738 - BlankSpaceAnalyzer - INFO - -> Analyzing version 28.1.2 (212/269)...
2025-10-23 12:02:35,786 - BlankSpaceAnalyzer - INFO - -> Analyzing version 28.1.3 (213/269)...
2025-10-23 12:02:35,832 - BlankSpaceAnalyzer - INFO - -> Analyzing version 29.0.0 (214/269)...
2025-10-23 12:02:35,878 - BlankSpaceAnalyzer - INFO - -> Analyzing version 29.0.0-alpha.0 (215/269)...
2025-10-23 12:02:35,925 - BlankSpaceAnalyzer - INFO - -> Analyzing version 29.0.0-alpha.1 (216/269)...
2025-10-23 12:02:35,972 - BlankSpaceAnalyzer - INFO - -> Analyzing version 29.0.0-alpha.3 (217/269)...
2025-10-23 12:02:36,019 - BlankSpaceAnalyzer - INFO - -> Analyzing version 29.0.0-alpha.4 (218/269)...
2025-10-23 12:02:36,066 - BlankSpaceAnalyzer - INFO - -> Analyzing version 29.0.0-alpha.5 (219/269)...
2025-10-23 12:02:36,114 - BlankSpaceAnalyzer - INFO - -> Analyzing version 29.0.0-alpha.6 (220/269)...
2025-10-23 12:02:36,161 - BlankSpaceAnalyzer - INFO - -> Analyzing version 29.0.1 (221/269)...
2025-10-23 12:02:36,207 - BlankSpaceAnalyzer - INFO - -> Analyzing version 29.0.2 (222/269)...
2025-10-23 12:02:36,255 - BlankSpaceAnalyzer - INFO - -> Analyzing version 29.0.3 (223/269)...
2025-10-23 12:02:36,300 - BlankSpaceAnalyzer - INFO - -> Analyzing version 29.1.0 (224/269)...
2025-10-23 12:02:36,348 - BlankSpaceAnalyzer - INFO - -> Analyzing version 29.1.1 (225/269)...
2025-10-23 12:02:36,394 - BlankSpaceAnalyzer - INFO - -> Analyzing version 29.1.2 (226/269)...
2025-10-23 12:02:36,441 - BlankSpaceAnalyzer - INFO - -> Analyzing version 29.2.0 (227/269)...
2025-10-23 12:02:36,487 - BlankSpaceAnalyzer - INFO - -> Analyzing version 29.2.1 (228/269)...
2025-10-23 12:02:36,533 - BlankSpaceAnalyzer - INFO - -> Analyzing version 29.2.2 (229/269)...
2025-10-23 12:02:36,580 - BlankSpaceAnalyzer - INFO - -> Analyzing version 29.3.0 (230/269)...
2025-10-23 12:02:36,625 - BlankSpaceAnalyzer - INFO - -> Analyzing version 29.3.1 (231/269)...
2025-10-23 12:02:36,671 - BlankSpaceAnalyzer - INFO - -> Analyzing version 29.4.0 (232/269)...
2025-10-23 12:02:36,717 - BlankSpaceAnalyzer - INFO - -> Analyzing version 29.4.1 (233/269)...
2025-10-23 12:02:36,763 - BlankSpaceAnalyzer - INFO - -> Analyzing version 29.4.2 (234/269)...
2025-10-23 12:02:36,809 - BlankSpaceAnalyzer - INFO - -> Analyzing version 29.4.3 (235/269)...
2025-10-23 12:02:36,855 - BlankSpaceAnalyzer - INFO - -> Analyzing version 29.5.0 (236/269)...
2025-10-23 12:02:36,901 - BlankSpaceAnalyzer - INFO - -> Analyzing version 29.6.0 (237/269)...
2025-10-23 12:02:36,948 - BlankSpaceAnalyzer - INFO - -> Analyzing version 29.6.1 (238/269)...
2025-10-23 12:02:36,995 - BlankSpaceAnalyzer - INFO - -> Analyzing version 29.6.2 (239/269)...
2025-10-23 12:02:37,041 - BlankSpaceAnalyzer - INFO - -> Analyzing version 29.6.3 (240/269)...
2025-10-23 12:02:37,088 - BlankSpaceAnalyzer - INFO - -> Analyzing version 29.6.4 (241/269)...
2025-10-23 12:02:37,134 - BlankSpaceAnalyzer - INFO - -> Analyzing version 29.7.0 (242/269)...
2025-10-23 12:02:37,180 - BlankSpaceAnalyzer - INFO - -> Analyzing version 30.0.0 (243/269)...
2025-10-23 12:02:37,226 - BlankSpaceAnalyzer - INFO - -> Analyzing version 30.0.0-alpha.1 (244/269)...
2025-10-23 12:02:37,272 - BlankSpaceAnalyzer - INFO - -> Analyzing version 30.0.0-alpha.2 (245/269)...
2025-10-23 12:02:37,317 - BlankSpaceAnalyzer - INFO - -> Analyzing version 30.0.0-alpha.3 (246/269)...
2025-10-23 12:02:37,363 - BlankSpaceAnalyzer - INFO - -> Analyzing version 30.0.0-alpha.4 (247/269)...
2025-10-23 12:02:37,408 - BlankSpaceAnalyzer - INFO - -> Analyzing version 30.0.0-alpha.5 (248/269)...
2025-10-23 12:02:37,454 - BlankSpaceAnalyzer - INFO - -> Analyzing version 30.0.0-alpha.6 (249/269)...
2025-10-23 12:02:37,500 - BlankSpaceAnalyzer - INFO - -> Analyzing version 30.0.0-alpha.7 (250/269)...
2025-10-23 12:02:37,546 - BlankSpaceAnalyzer - INFO - -> Analyzing version 30.0.0-beta.2 (251/269)...
2025-10-23 12:02:37,593 - BlankSpaceAnalyzer - INFO - -> Analyzing version 30.0.0-beta.3 (252/269)...
2025-10-23 12:02:37,638 - BlankSpaceAnalyzer - INFO - -> Analyzing version 30.0.0-beta.4 (253/269)...
2025-10-23 12:02:37,683 - BlankSpaceAnalyzer - INFO - -> Analyzing version 30.0.0-beta.5 (254/269)...
2025-10-23 12:02:37,728 - BlankSpaceAnalyzer - INFO - -> Analyzing version 30.0.0-beta.6 (255/269)...
2025-10-23 12:02:37,774 - BlankSpaceAnalyzer - INFO - -> Analyzing version 30.0.0-beta.7 (256/269)...
2025-10-23 12:02:37,819 - BlankSpaceAnalyzer - INFO - -> Analyzing version 30.0.0-beta.8 (257/269)...
2025-10-23 12:02:37,865 - BlankSpaceAnalyzer - INFO - -> Analyzing version 30.0.0-beta.9 (258/269)...
2025-10-23 12:02:37,912 - BlankSpaceAnalyzer - INFO - -> Analyzing version 30.0.0-rc.1 (259/269)...
2025-10-23 12:02:37,956 - BlankSpaceAnalyzer - INFO - -> Analyzing version 30.0.1 (260/269)...
2025-10-23 12:02:38,002 - BlankSpaceAnalyzer - INFO - -> Analyzing version 30.0.2 (261/269)...
2025-10-23 12:02:38,048 - BlankSpaceAnalyzer - INFO - -> Analyzing version 30.0.3 (262/269)...
2025-10-23 12:02:38,094 - BlankSpaceAnalyzer - INFO - -> Analyzing version 30.0.4 (263/269)...
2025-10-23 12:02:38,140 - BlankSpaceAnalyzer - INFO - -> Analyzing version 30.0.5 (264/269)...
2025-10-23 12:02:38,185 - BlankSpaceAnalyzer - INFO - -> Analyzing version 30.1.0 (265/269)...
2025-10-23 12:02:38,231 - BlankSpaceAnalyzer - INFO - -> Analyzing version 30.1.1 (266/269)...
2025-10-23 12:02:38,277 - BlankSpaceAnalyzer - INFO - -> Analyzing version 30.1.2 (267/269)...
2025-10-23 12:02:38,323 - BlankSpaceAnalyzer - INFO - -> Analyzing version 30.1.3 (268/269)...
2025-10-23 12:02:38,369 - BlankSpaceAnalyzer - INFO - -> Analyzing version 30.2.0 (269/269)...
2025-10-23 12:02:38,415 - BlankSpaceAnalyzer - INFO - Exporting results for 'jest-circus' to CSV...
2025-10-23 12:02:38,727 - BlankSpaceAnalyzer - INFO - Reports saved in: /app/npm_results/jest-circus
2025-10-23 12:02:38,728 - NPM_Analyzer - INFO - Cleaning temporary folder 'temp/jest-circus'...
2025-10-23 12:02:38,886 - NPM_Analyzer - INFO - Cleanup completed.
