2025-11-07 20:28:23,865 - NPM_Analyzer - INFO - Fetching metadata for 'thread-loader'...
2025-11-07 20:28:23,993 - NPM_Analyzer - INFO - Found 27 versions. Starting download into 'temp/thread-loader'...
2025-11-07 20:28:36,245 - BlankSpaceAnalyzer - INFO - Analyzing 27 versions for '*.js' in 'thread-loader'.
2025-11-07 20:28:36,245 - BlankSpaceAnalyzer - INFO - -> Analyzing version 1.0.1 (1/27)...
2025-11-07 20:28:36,318 - BlankSpaceAnalyzer - INFO - -> Analyzing version 1.0.2 (2/27)...
2025-11-07 20:28:36,357 - BlankSpaceAnalyzer - INFO - -> Analyzing version 1.0.3 (3/27)...
2025-11-07 20:28:36,398 - BlankSpaceAnalyzer - INFO - -> Analyzing version 1.1.0 (4/27)...
2025-11-07 20:28:36,443 - BlankSpaceAnalyzer - INFO - -> Analyzing version 1.1.1 (5/27)...
2025-11-07 20:28:36,489 - BlankSpaceAnalyzer - INFO - -> Analyzing version 1.1.2 (6/27)...
2025-11-07 20:28:36,533 - BlankSpaceAnalyzer - INFO - -> Analyzing version 1.1.3 (7/27)...
2025-11-07 20:28:36,579 - BlankSpaceAnalyzer - INFO - -> Analyzing version 1.1.4 (8/27)...
2025-11-07 20:28:36,624 - BlankSpaceAnalyzer - INFO - -> Analyzing version 1.1.5 (9/27)...
2025-11-07 20:28:36,669 - BlankSpaceAnalyzer - INFO - -> Analyzing version 1.2.0 (10/27)...
2025-11-07 20:28:36,714 - BlankSpaceAnalyzer - INFO - -> Analyzing version 2.0.0 (11/27)...
2025-11-07 20:28:36,759 - BlankSpaceAnalyzer - INFO - -> Analyzing version 2.0.1 (12/27)...
2025-11-07 20:28:36,804 - BlankSpaceAnalyzer - INFO - -> Analyzing version 2.0.2 (13/27)...
2025-11-07 20:28:36,850 - BlankSpaceAnalyzer - INFO - -> Analyzing version 2.1.0 (14/27)...
2025-11-07 20:28:36,896 - BlankSpaceAnalyzer - INFO - -> Analyzing version 2.1.1 (15/27)...
2025-11-07 20:28:36,942 - BlankSpaceAnalyzer - INFO - -> Analyzing version 2.1.2 (16/27)...
2025-11-07 20:28:36,986 - BlankSpaceAnalyzer - INFO - -> Analyzing version 2.1.3 (17/27)...
2025-11-07 20:28:37,034 - BlankSpaceAnalyzer - INFO - -> Analyzing version 3.0.0 (18/27)...
2025-11-07 20:28:37,079 - BlankSpaceAnalyzer - INFO - -> Analyzing version 3.0.1 (19/27)...
2025-11-07 20:28:37,124 - BlankSpaceAnalyzer - INFO - -> Analyzing version 3.0.2 (20/27)...
2025-11-07 20:28:37,169 - BlankSpaceAnalyzer - INFO - -> Analyzing version 3.0.3 (21/27)...
2025-11-07 20:28:37,215 - BlankSpaceAnalyzer - INFO - -> Analyzing version 3.0.4 (22/27)...
2025-11-07 20:28:37,260 - BlankSpaceAnalyzer - INFO - -> Analyzing version 4.0.0 (23/27)...
2025-11-07 20:28:37,306 - BlankSpaceAnalyzer - INFO - -> Analyzing version 4.0.1 (24/27)...
2025-11-07 20:28:37,351 - BlankSpaceAnalyzer - INFO - -> Analyzing version 4.0.2 (25/27)...
2025-11-07 20:28:37,396 - BlankSpaceAnalyzer - INFO - -> Analyzing version 4.0.3 (26/27)...
2025-11-07 20:28:37,442 - BlankSpaceAnalyzer - INFO - -> Analyzing version 4.0.4 (27/27)...
2025-11-07 20:28:37,489 - BlankSpaceAnalyzer - INFO - Exporting results for 'thread-loader' to CSV...
2025-11-07 20:28:37,516 - BlankSpaceAnalyzer - INFO - Reports saved in: /app/npm_results/thread-loader
2025-11-07 20:28:37,516 - NPM_Analyzer - INFO - Cleaning temporary folder 'temp/thread-loader'...
2025-11-07 20:28:37,523 - NPM_Analyzer - INFO - Cleanup completed.
2025-11-08 14:38:31,297 - NPM_Analyzer - INFO - Fetching metadata for 'thread-loader'...
2025-11-08 14:38:31,417 - NPM_Analyzer - INFO - Found 27 versions. Starting download into 'temp/thread-loader'...
2025-11-08 14:38:39,669 - BlankSpaceAnalyzer - INFO - Analyzing 27 versions for '*.js' in 'thread-loader'.
2025-11-08 14:38:39,669 - BlankSpaceAnalyzer - INFO - -> Analyzing version 1.0.1 (1/27)...
2025-11-08 14:38:39,734 - BlankSpaceAnalyzer - INFO - -> Analyzing version 1.0.2 (2/27)...
2025-11-08 14:38:39,766 - BlankSpaceAnalyzer - INFO - -> Analyzing version 1.0.3 (3/27)...
2025-11-08 14:38:39,798 - BlankSpaceAnalyzer - INFO - -> Analyzing version 1.1.0 (4/27)...
2025-11-08 14:38:39,831 - BlankSpaceAnalyzer - INFO - -> Analyzing version 1.1.1 (5/27)...
2025-11-08 14:38:39,865 - BlankSpaceAnalyzer - INFO - -> Analyzing version 1.1.2 (6/27)...
2025-11-08 14:38:39,902 - BlankSpaceAnalyzer - INFO - -> Analyzing version 1.1.3 (7/27)...
2025-11-08 14:38:39,939 - BlankSpaceAnalyzer - INFO - -> Analyzing version 1.1.4 (8/27)...
2025-11-08 14:38:39,975 - BlankSpaceAnalyzer - INFO - -> Analyzing version 1.1.5 (9/27)...
2025-11-08 14:38:40,013 - BlankSpaceAnalyzer - INFO - -> Analyzing version 1.2.0 (10/27)...
2025-11-08 14:38:40,050 - BlankSpaceAnalyzer - INFO - -> Analyzing version 2.0.0 (11/27)...
2025-11-08 14:38:40,088 - BlankSpaceAnalyzer - INFO - -> Analyzing version 2.0.1 (12/27)...
2025-11-08 14:38:40,124 - BlankSpaceAnalyzer - INFO - -> Analyzing version 2.0.2 (13/27)...
2025-11-08 14:38:40,161 - BlankSpaceAnalyzer - INFO - -> Analyzing version 2.1.0 (14/27)...
2025-11-08 14:38:40,197 - BlankSpaceAnalyzer - INFO - -> Analyzing version 2.1.1 (15/27)...
2025-11-08 14:38:40,233 - BlankSpaceAnalyzer - INFO - -> Analyzing version 2.1.2 (16/27)...
2025-11-08 14:38:40,271 - BlankSpaceAnalyzer - INFO - -> Analyzing version 2.1.3 (17/27)...
2025-11-08 14:38:40,308 - BlankSpaceAnalyzer - INFO - -> Analyzing version 3.0.0 (18/27)...
2025-11-08 14:38:40,346 - BlankSpaceAnalyzer - INFO - -> Analyzing version 3.0.1 (19/27)...
2025-11-08 14:38:40,383 - BlankSpaceAnalyzer - INFO - -> Analyzing version 3.0.2 (20/27)...
2025-11-08 14:38:40,420 - BlankSpaceAnalyzer - INFO - -> Analyzing version 3.0.3 (21/27)...
2025-11-08 14:38:40,457 - BlankSpaceAnalyzer - INFO - -> Analyzing version 3.0.4 (22/27)...
2025-11-08 14:38:40,493 - BlankSpaceAnalyzer - INFO - -> Analyzing version 4.0.0 (23/27)...
2025-11-08 14:38:40,530 - BlankSpaceAnalyzer - INFO - -> Analyzing version 4.0.1 (24/27)...
2025-11-08 14:38:40,568 - BlankSpaceAnalyzer - INFO - -> Analyzing version 4.0.2 (25/27)...
2025-11-08 14:38:40,606 - BlankSpaceAnalyzer - INFO - -> Analyzing version 4.0.3 (26/27)...
2025-11-08 14:38:40,643 - BlankSpaceAnalyzer - INFO - -> Analyzing version 4.0.4 (27/27)...
2025-11-08 14:38:40,682 - BlankSpaceAnalyzer - INFO - Exporting results for 'thread-loader' to CSV...
2025-11-08 14:38:40,708 - BlankSpaceAnalyzer - INFO - Reports saved in: /app/npm_results/thread-loader
2025-11-08 14:38:40,708 - NPM_Analyzer - INFO - Cleaning temporary folder 'temp/thread-loader'...
2025-11-08 14:38:40,715 - NPM_Analyzer - INFO - Cleanup completed.
2025-11-09 01:21:30,988 - NPM_Analyzer - INFO - Fetching metadata for 'thread-loader'...
2025-11-09 01:21:31,109 - NPM_Analyzer - INFO - Found 27 versions. Starting download into 'temp/thread-loader'...
2025-11-09 01:21:37,254 - BlankSpaceAnalyzer - INFO - Analyzing 27 versions for '*.js' in 'thread-loader'.
2025-11-09 01:21:37,254 - BlankSpaceAnalyzer - INFO - -> Analyzing version 1.0.1 (1/27)...
2025-11-09 01:21:37,320 - BlankSpaceAnalyzer - INFO - -> Analyzing version 1.0.2 (2/27)...
2025-11-09 01:21:37,351 - BlankSpaceAnalyzer - INFO - -> Analyzing version 1.0.3 (3/27)...
2025-11-09 01:21:37,385 - BlankSpaceAnalyzer - INFO - -> Analyzing version 1.1.0 (4/27)...
2025-11-09 01:21:37,419 - BlankSpaceAnalyzer - INFO - -> Analyzing version 1.1.1 (5/27)...
2025-11-09 01:21:37,454 - BlankSpaceAnalyzer - INFO - -> Analyzing version 1.1.2 (6/27)...
2025-11-09 01:21:37,489 - BlankSpaceAnalyzer - INFO - -> Analyzing version 1.1.3 (7/27)...
2025-11-09 01:21:37,524 - BlankSpaceAnalyzer - INFO - -> Analyzing version 1.1.4 (8/27)...
2025-11-09 01:21:37,561 - BlankSpaceAnalyzer - INFO - -> Analyzing version 1.1.5 (9/27)...
2025-11-09 01:21:37,597 - BlankSpaceAnalyzer - INFO - -> Analyzing version 1.2.0 (10/27)...
2025-11-09 01:21:37,632 - BlankSpaceAnalyzer - INFO - -> Analyzing version 2.0.0 (11/27)...
2025-11-09 01:21:37,668 - BlankSpaceAnalyzer - INFO - -> Analyzing version 2.0.1 (12/27)...
2025-11-09 01:21:37,704 - BlankSpaceAnalyzer - INFO - -> Analyzing version 2.0.2 (13/27)...
2025-11-09 01:21:37,739 - BlankSpaceAnalyzer - INFO - -> Analyzing version 2.1.0 (14/27)...
2025-11-09 01:21:37,775 - BlankSpaceAnalyzer - INFO - -> Analyzing version 2.1.1 (15/27)...
2025-11-09 01:21:37,811 - BlankSpaceAnalyzer - INFO - -> Analyzing version 2.1.2 (16/27)...
2025-11-09 01:21:37,846 - BlankSpaceAnalyzer - INFO - -> Analyzing version 2.1.3 (17/27)...
2025-11-09 01:21:37,882 - BlankSpaceAnalyzer - INFO - -> Analyzing version 3.0.0 (18/27)...
2025-11-09 01:21:37,917 - BlankSpaceAnalyzer - INFO - -> Analyzing version 3.0.1 (19/27)...
2025-11-09 01:21:37,953 - BlankSpaceAnalyzer - INFO - -> Analyzing version 3.0.2 (20/27)...
2025-11-09 01:21:37,988 - BlankSpaceAnalyzer - INFO - -> Analyzing version 3.0.3 (21/27)...
2025-11-09 01:21:38,024 - BlankSpaceAnalyzer - INFO - -> Analyzing version 3.0.4 (22/27)...
2025-11-09 01:21:38,059 - BlankSpaceAnalyzer - INFO - -> Analyzing version 4.0.0 (23/27)...
2025-11-09 01:21:38,095 - BlankSpaceAnalyzer - INFO - -> Analyzing version 4.0.1 (24/27)...
2025-11-09 01:21:38,132 - BlankSpaceAnalyzer - INFO - -> Analyzing version 4.0.2 (25/27)...
2025-11-09 01:21:38,168 - BlankSpaceAnalyzer - INFO - -> Analyzing version 4.0.3 (26/27)...
2025-11-09 01:21:38,204 - BlankSpaceAnalyzer - INFO - -> Analyzing version 4.0.4 (27/27)...
2025-11-09 01:21:38,242 - BlankSpaceAnalyzer - INFO - Exporting results for 'thread-loader' to CSV...
2025-11-09 01:21:38,269 - BlankSpaceAnalyzer - INFO - Reports saved in: /app/npm_results/thread-loader
2025-11-09 01:21:38,269 - NPM_Analyzer - INFO - Cleaning temporary folder 'temp/thread-loader'...
2025-11-09 01:21:38,274 - NPM_Analyzer - INFO - Cleanup completed.
2025-11-09 11:43:14,248 - NPM_Analyzer - INFO - Fetching metadata for 'thread-loader'...
2025-11-09 11:43:14,374 - NPM_Analyzer - INFO - Found 27 versions. Starting download into 'temp/thread-loader'...
2025-11-09 11:43:20,825 - BlankSpaceAnalyzer - INFO - Analyzing 27 versions for '*.js' in 'thread-loader'.
2025-11-09 11:43:20,826 - BlankSpaceAnalyzer - INFO - -> Analyzing version 1.0.1 (1/27)...
2025-11-09 11:43:20,889 - BlankSpaceAnalyzer - INFO - -> Analyzing version 1.0.2 (2/27)...
2025-11-09 11:43:20,920 - BlankSpaceAnalyzer - INFO - -> Analyzing version 1.0.3 (3/27)...
2025-11-09 11:43:20,952 - BlankSpaceAnalyzer - INFO - -> Analyzing version 1.1.0 (4/27)...
2025-11-09 11:43:20,987 - BlankSpaceAnalyzer - INFO - -> Analyzing version 1.1.1 (5/27)...
2025-11-09 11:43:21,022 - BlankSpaceAnalyzer - INFO - -> Analyzing version 1.1.2 (6/27)...
2025-11-09 11:43:21,056 - BlankSpaceAnalyzer - INFO - -> Analyzing version 1.1.3 (7/27)...
2025-11-09 11:43:21,091 - BlankSpaceAnalyzer - INFO - -> Analyzing version 1.1.4 (8/27)...
2025-11-09 11:43:21,126 - BlankSpaceAnalyzer - INFO - -> Analyzing version 1.1.5 (9/27)...
2025-11-09 11:43:21,160 - BlankSpaceAnalyzer - INFO - -> Analyzing version 1.2.0 (10/27)...
2025-11-09 11:43:21,194 - BlankSpaceAnalyzer - INFO - -> Analyzing version 2.0.0 (11/27)...
2025-11-09 11:43:21,228 - BlankSpaceAnalyzer - INFO - -> Analyzing version 2.0.1 (12/27)...
2025-11-09 11:43:21,263 - BlankSpaceAnalyzer - INFO - -> Analyzing version 2.0.2 (13/27)...
2025-11-09 11:43:21,298 - BlankSpaceAnalyzer - INFO - -> Analyzing version 2.1.0 (14/27)...
2025-11-09 11:43:21,332 - BlankSpaceAnalyzer - INFO - -> Analyzing version 2.1.1 (15/27)...
2025-11-09 11:43:21,367 - BlankSpaceAnalyzer - INFO - -> Analyzing version 2.1.2 (16/27)...
2025-11-09 11:43:21,402 - BlankSpaceAnalyzer - INFO - -> Analyzing version 2.1.3 (17/27)...
2025-11-09 11:43:21,437 - BlankSpaceAnalyzer - INFO - -> Analyzing version 3.0.0 (18/27)...
2025-11-09 11:43:21,472 - BlankSpaceAnalyzer - INFO - -> Analyzing version 3.0.1 (19/27)...
2025-11-09 11:43:21,506 - BlankSpaceAnalyzer - INFO - -> Analyzing version 3.0.2 (20/27)...
2025-11-09 11:43:21,541 - BlankSpaceAnalyzer - INFO - -> Analyzing version 3.0.3 (21/27)...
2025-11-09 11:43:21,576 - BlankSpaceAnalyzer - INFO - -> Analyzing version 3.0.4 (22/27)...
2025-11-09 11:43:21,611 - BlankSpaceAnalyzer - INFO - -> Analyzing version 4.0.0 (23/27)...
2025-11-09 11:43:21,646 - BlankSpaceAnalyzer - INFO - -> Analyzing version 4.0.1 (24/27)...
2025-11-09 11:43:21,681 - BlankSpaceAnalyzer - INFO - -> Analyzing version 4.0.2 (25/27)...
2025-11-09 11:43:21,717 - BlankSpaceAnalyzer - INFO - -> Analyzing version 4.0.3 (26/27)...
2025-11-09 11:43:21,752 - BlankSpaceAnalyzer - INFO - -> Analyzing version 4.0.4 (27/27)...
2025-11-09 11:43:21,789 - BlankSpaceAnalyzer - INFO - Exporting results for 'thread-loader' to CSV...
2025-11-09 11:43:21,816 - BlankSpaceAnalyzer - INFO - Reports saved in: /app/npm_results/thread-loader
2025-11-09 11:43:21,816 - NPM_Analyzer - INFO - Cleaning temporary folder 'temp/thread-loader'...
2025-11-09 11:43:21,823 - NPM_Analyzer - INFO - Cleanup completed.
2025-11-09 22:22:13,294 - NPM_Analyzer - INFO - Fetching metadata for 'thread-loader'...
2025-11-09 22:22:13,397 - NPM_Analyzer - INFO - Found 27 versions. Starting download into 'temp/thread-loader'...
2025-11-09 22:22:19,774 - BlankSpaceAnalyzer - INFO - Analyzing 27 versions for '*.js' in 'thread-loader'.
2025-11-09 22:22:19,774 - BlankSpaceAnalyzer - INFO - -> Analyzing version 1.0.1 (1/27)...
2025-11-09 22:22:19,840 - BlankSpaceAnalyzer - INFO - -> Analyzing version 1.0.2 (2/27)...
2025-11-09 22:22:19,870 - BlankSpaceAnalyzer - INFO - -> Analyzing version 1.0.3 (3/27)...
2025-11-09 22:22:19,904 - BlankSpaceAnalyzer - INFO - -> Analyzing version 1.1.0 (4/27)...
2025-11-09 22:22:19,939 - BlankSpaceAnalyzer - INFO - -> Analyzing version 1.1.1 (5/27)...
2025-11-09 22:22:19,974 - BlankSpaceAnalyzer - INFO - -> Analyzing version 1.1.2 (6/27)...
2025-11-09 22:22:20,009 - BlankSpaceAnalyzer - INFO - -> Analyzing version 1.1.3 (7/27)...
2025-11-09 22:22:20,044 - BlankSpaceAnalyzer - INFO - -> Analyzing version 1.1.4 (8/27)...
2025-11-09 22:22:20,080 - BlankSpaceAnalyzer - INFO - -> Analyzing version 1.1.5 (9/27)...
2025-11-09 22:22:20,115 - BlankSpaceAnalyzer - INFO - -> Analyzing version 1.2.0 (10/27)...
2025-11-09 22:22:20,150 - BlankSpaceAnalyzer - INFO - -> Analyzing version 2.0.0 (11/27)...
2025-11-09 22:22:20,185 - BlankSpaceAnalyzer - INFO - -> Analyzing version 2.0.1 (12/27)...
2025-11-09 22:22:20,219 - BlankSpaceAnalyzer - INFO - -> Analyzing version 2.0.2 (13/27)...
2025-11-09 22:22:20,255 - BlankSpaceAnalyzer - INFO - -> Analyzing version 2.1.0 (14/27)...
2025-11-09 22:22:20,290 - BlankSpaceAnalyzer - INFO - -> Analyzing version 2.1.1 (15/27)...
2025-11-09 22:22:20,326 - BlankSpaceAnalyzer - INFO - -> Analyzing version 2.1.2 (16/27)...
2025-11-09 22:22:20,362 - BlankSpaceAnalyzer - INFO - -> Analyzing version 2.1.3 (17/27)...
2025-11-09 22:22:20,396 - BlankSpaceAnalyzer - INFO - -> Analyzing version 3.0.0 (18/27)...
2025-11-09 22:22:20,431 - BlankSpaceAnalyzer - INFO - -> Analyzing version 3.0.1 (19/27)...
2025-11-09 22:22:20,466 - BlankSpaceAnalyzer - INFO - -> Analyzing version 3.0.2 (20/27)...
2025-11-09 22:22:20,501 - BlankSpaceAnalyzer - INFO - -> Analyzing version 3.0.3 (21/27)...
2025-11-09 22:22:20,536 - BlankSpaceAnalyzer - INFO - -> Analyzing version 3.0.4 (22/27)...
2025-11-09 22:22:20,571 - BlankSpaceAnalyzer - INFO - -> Analyzing version 4.0.0 (23/27)...
2025-11-09 22:22:20,607 - BlankSpaceAnalyzer - INFO - -> Analyzing version 4.0.1 (24/27)...
2025-11-09 22:22:20,642 - BlankSpaceAnalyzer - INFO - -> Analyzing version 4.0.2 (25/27)...
2025-11-09 22:22:20,679 - BlankSpaceAnalyzer - INFO - -> Analyzing version 4.0.3 (26/27)...
2025-11-09 22:22:20,714 - BlankSpaceAnalyzer - INFO - -> Analyzing version 4.0.4 (27/27)...
2025-11-09 22:22:20,752 - BlankSpaceAnalyzer - INFO - Exporting results for 'thread-loader' to CSV...
2025-11-09 22:22:20,778 - BlankSpaceAnalyzer - INFO - Reports saved in: /app/npm_results/thread-loader
2025-11-09 22:22:20,779 - NPM_Analyzer - INFO - Cleaning temporary folder 'temp/thread-loader'...
2025-11-09 22:22:20,785 - NPM_Analyzer - INFO - Cleanup completed.
2025-11-10 08:35:29,884 - NPM_Analyzer - INFO - Fetching metadata for 'thread-loader'...
2025-11-10 08:35:30,111 - NPM_Analyzer - INFO - Found 27 versions. Starting download into 'temp/thread-loader'...
2025-11-10 08:35:36,499 - BlankSpaceAnalyzer - INFO - Analyzing 27 versions for '*.js' in 'thread-loader'.
2025-11-10 08:35:36,500 - BlankSpaceAnalyzer - INFO - -> Analyzing version 1.0.1 (1/27)...
2025-11-10 08:35:36,566 - BlankSpaceAnalyzer - INFO - -> Analyzing version 1.0.2 (2/27)...
2025-11-10 08:35:36,597 - BlankSpaceAnalyzer - INFO - -> Analyzing version 1.0.3 (3/27)...
2025-11-10 08:35:36,630 - BlankSpaceAnalyzer - INFO - -> Analyzing version 1.1.0 (4/27)...
2025-11-10 08:35:36,666 - BlankSpaceAnalyzer - INFO - -> Analyzing version 1.1.1 (5/27)...
2025-11-10 08:35:36,703 - BlankSpaceAnalyzer - INFO - -> Analyzing version 1.1.2 (6/27)...
2025-11-10 08:35:36,739 - BlankSpaceAnalyzer - INFO - -> Analyzing version 1.1.3 (7/27)...
2025-11-10 08:35:36,775 - BlankSpaceAnalyzer - INFO - -> Analyzing version 1.1.4 (8/27)...
2025-11-10 08:35:36,811 - BlankSpaceAnalyzer - INFO - -> Analyzing version 1.1.5 (9/27)...
2025-11-10 08:35:36,847 - BlankSpaceAnalyzer - INFO - -> Analyzing version 1.2.0 (10/27)...
2025-11-10 08:35:36,883 - BlankSpaceAnalyzer - INFO - -> Analyzing version 2.0.0 (11/27)...
2025-11-10 08:35:36,918 - BlankSpaceAnalyzer - INFO - -> Analyzing version 2.0.1 (12/27)...
2025-11-10 08:35:36,954 - BlankSpaceAnalyzer - INFO - -> Analyzing version 2.0.2 (13/27)...
2025-11-10 08:35:36,991 - BlankSpaceAnalyzer - INFO - -> Analyzing version 2.1.0 (14/27)...
2025-11-10 08:35:37,028 - BlankSpaceAnalyzer - INFO - -> Analyzing version 2.1.1 (15/27)...
2025-11-10 08:35:37,064 - BlankSpaceAnalyzer - INFO - -> Analyzing version 2.1.2 (16/27)...
2025-11-10 08:35:37,101 - BlankSpaceAnalyzer - INFO - -> Analyzing version 2.1.3 (17/27)...
2025-11-10 08:35:37,138 - BlankSpaceAnalyzer - INFO - -> Analyzing version 3.0.0 (18/27)...
2025-11-10 08:35:37,173 - BlankSpaceAnalyzer - INFO - -> Analyzing version 3.0.1 (19/27)...
2025-11-10 08:35:37,209 - BlankSpaceAnalyzer - INFO - -> Analyzing version 3.0.2 (20/27)...
2025-11-10 08:35:37,245 - BlankSpaceAnalyzer - INFO - -> Analyzing version 3.0.3 (21/27)...
2025-11-10 08:35:37,282 - BlankSpaceAnalyzer - INFO - -> Analyzing version 3.0.4 (22/27)...
2025-11-10 08:35:37,318 - BlankSpaceAnalyzer - INFO - -> Analyzing version 4.0.0 (23/27)...
2025-11-10 08:35:37,354 - BlankSpaceAnalyzer - INFO - -> Analyzing version 4.0.1 (24/27)...
2025-11-10 08:35:37,390 - BlankSpaceAnalyzer - INFO - -> Analyzing version 4.0.2 (25/27)...
2025-11-10 08:35:37,426 - BlankSpaceAnalyzer - INFO - -> Analyzing version 4.0.3 (26/27)...
2025-11-10 08:35:37,463 - BlankSpaceAnalyzer - INFO - -> Analyzing version 4.0.4 (27/27)...
2025-11-10 08:35:37,502 - BlankSpaceAnalyzer - INFO - Exporting results for 'thread-loader' to CSV...
2025-11-10 08:35:37,528 - BlankSpaceAnalyzer - INFO - Reports saved in: /app/npm_results/thread-loader
2025-11-10 08:35:37,528 - NPM_Analyzer - INFO - Cleaning temporary folder 'temp/thread-loader'...
2025-11-10 08:35:37,535 - NPM_Analyzer - INFO - Cleanup completed.
2025-11-10 18:55:11,322 - NPM_Analyzer - INFO - Fetching metadata for 'thread-loader'...
2025-11-10 18:55:11,401 - NPM_Analyzer - INFO - Found 27 versions. Starting download into 'temp/thread-loader'...
2025-11-10 18:55:18,604 - BlankSpaceAnalyzer - INFO - Analyzing 27 versions for '*.js' in 'thread-loader'.
2025-11-10 18:55:18,604 - BlankSpaceAnalyzer - INFO - -> Analyzing version 1.0.1 (1/27)...
2025-11-10 18:55:18,670 - BlankSpaceAnalyzer - INFO - -> Analyzing version 1.0.2 (2/27)...
2025-11-10 18:55:18,701 - BlankSpaceAnalyzer - INFO - -> Analyzing version 1.0.3 (3/27)...
2025-11-10 18:55:18,735 - BlankSpaceAnalyzer - INFO - -> Analyzing version 1.1.0 (4/27)...
2025-11-10 18:55:18,771 - BlankSpaceAnalyzer - INFO - -> Analyzing version 1.1.1 (5/27)...
2025-11-10 18:55:18,808 - BlankSpaceAnalyzer - INFO - -> Analyzing version 1.1.2 (6/27)...
2025-11-10 18:55:18,850 - BlankSpaceAnalyzer - INFO - -> Analyzing version 1.1.3 (7/27)...
2025-11-10 18:55:18,888 - BlankSpaceAnalyzer - INFO - -> Analyzing version 1.1.4 (8/27)...
2025-11-10 18:55:18,926 - BlankSpaceAnalyzer - INFO - -> Analyzing version 1.1.5 (9/27)...
2025-11-10 18:55:18,966 - BlankSpaceAnalyzer - INFO - -> Analyzing version 1.2.0 (10/27)...
2025-11-10 18:55:19,006 - BlankSpaceAnalyzer - INFO - -> Analyzing version 2.0.0 (11/27)...
2025-11-10 18:55:19,047 - BlankSpaceAnalyzer - INFO - -> Analyzing version 2.0.1 (12/27)...
2025-11-10 18:55:19,086 - BlankSpaceAnalyzer - INFO - -> Analyzing version 2.0.2 (13/27)...
2025-11-10 18:55:19,123 - BlankSpaceAnalyzer - INFO - -> Analyzing version 2.1.0 (14/27)...
2025-11-10 18:55:19,160 - BlankSpaceAnalyzer - INFO - -> Analyzing version 2.1.1 (15/27)...
2025-11-10 18:55:19,198 - BlankSpaceAnalyzer - INFO - -> Analyzing version 2.1.2 (16/27)...
2025-11-10 18:55:19,236 - BlankSpaceAnalyzer - INFO - -> Analyzing version 2.1.3 (17/27)...
2025-11-10 18:55:19,272 - BlankSpaceAnalyzer - INFO - -> Analyzing version 3.0.0 (18/27)...
2025-11-10 18:55:19,309 - BlankSpaceAnalyzer - INFO - -> Analyzing version 3.0.1 (19/27)...
2025-11-10 18:55:19,346 - BlankSpaceAnalyzer - INFO - -> Analyzing version 3.0.2 (20/27)...
2025-11-10 18:55:19,382 - BlankSpaceAnalyzer - INFO - -> Analyzing version 3.0.3 (21/27)...
2025-11-10 18:55:19,419 - BlankSpaceAnalyzer - INFO - -> Analyzing version 3.0.4 (22/27)...
2025-11-10 18:55:19,456 - BlankSpaceAnalyzer - INFO - -> Analyzing version 4.0.0 (23/27)...
2025-11-10 18:55:19,493 - BlankSpaceAnalyzer - INFO - -> Analyzing version 4.0.1 (24/27)...
2025-11-10 18:55:19,530 - BlankSpaceAnalyzer - INFO - -> Analyzing version 4.0.2 (25/27)...
2025-11-10 18:55:19,566 - BlankSpaceAnalyzer - INFO - -> Analyzing version 4.0.3 (26/27)...
2025-11-10 18:55:19,604 - BlankSpaceAnalyzer - INFO - -> Analyzing version 4.0.4 (27/27)...
2025-11-10 18:55:19,645 - BlankSpaceAnalyzer - INFO - Exporting results for 'thread-loader' to CSV...
2025-11-10 18:55:19,671 - BlankSpaceAnalyzer - INFO - Reports saved in: /app/npm_results/thread-loader
2025-11-10 18:55:19,671 - NPM_Analyzer - INFO - Cleaning temporary folder 'temp/thread-loader'...
2025-11-10 18:55:19,677 - NPM_Analyzer - INFO - Cleanup completed.
2025-11-11 05:22:32,892 - NPM_Analyzer - INFO - Fetching metadata for 'thread-loader'...
2025-11-11 05:22:33,011 - NPM_Analyzer - INFO - Found 27 versions. Starting download into 'temp/thread-loader'...
2025-11-11 05:22:39,263 - BlankSpaceAnalyzer - INFO - Analyzing 27 versions for '*.js' in 'thread-loader'.
2025-11-11 05:22:39,264 - BlankSpaceAnalyzer - INFO - -> Analyzing version 1.0.1 (1/27)...
2025-11-11 05:22:39,297 - BlankSpaceAnalyzer - INFO - -> Analyzing version 1.0.2 (2/27)...
2025-11-11 05:22:39,329 - BlankSpaceAnalyzer - INFO - -> Analyzing version 1.0.3 (3/27)...
2025-11-11 05:22:39,364 - BlankSpaceAnalyzer - INFO - -> Analyzing version 1.1.0 (4/27)...
2025-11-11 05:22:39,398 - BlankSpaceAnalyzer - INFO - -> Analyzing version 1.1.1 (5/27)...
2025-11-11 05:22:39,435 - BlankSpaceAnalyzer - INFO - -> Analyzing version 1.1.2 (6/27)...
2025-11-11 05:22:39,471 - BlankSpaceAnalyzer - INFO - -> Analyzing version 1.1.3 (7/27)...
2025-11-11 05:22:39,507 - BlankSpaceAnalyzer - INFO - -> Analyzing version 1.1.4 (8/27)...
2025-11-11 05:22:39,544 - BlankSpaceAnalyzer - INFO - -> Analyzing version 1.1.5 (9/27)...
2025-11-11 05:22:39,581 - BlankSpaceAnalyzer - INFO - -> Analyzing version 1.2.0 (10/27)...
2025-11-11 05:22:39,617 - BlankSpaceAnalyzer - INFO - -> Analyzing version 2.0.0 (11/27)...
2025-11-11 05:22:39,653 - BlankSpaceAnalyzer - INFO - -> Analyzing version 2.0.1 (12/27)...
2025-11-11 05:22:39,690 - BlankSpaceAnalyzer - INFO - -> Analyzing version 2.0.2 (13/27)...
2025-11-11 05:22:39,728 - BlankSpaceAnalyzer - INFO - -> Analyzing version 2.1.0 (14/27)...
2025-11-11 05:22:39,765 - BlankSpaceAnalyzer - INFO - -> Analyzing version 2.1.1 (15/27)...
2025-11-11 05:22:39,803 - BlankSpaceAnalyzer - INFO - -> Analyzing version 2.1.2 (16/27)...
2025-11-11 05:22:39,840 - BlankSpaceAnalyzer - INFO - -> Analyzing version 2.1.3 (17/27)...
2025-11-11 05:22:39,877 - BlankSpaceAnalyzer - INFO - -> Analyzing version 3.0.0 (18/27)...
2025-11-11 05:22:39,913 - BlankSpaceAnalyzer - INFO - -> Analyzing version 3.0.1 (19/27)...
2025-11-11 05:22:39,949 - BlankSpaceAnalyzer - INFO - -> Analyzing version 3.0.2 (20/27)...
2025-11-11 05:22:39,986 - BlankSpaceAnalyzer - INFO - -> Analyzing version 3.0.3 (21/27)...
2025-11-11 05:22:40,023 - BlankSpaceAnalyzer - INFO - -> Analyzing version 3.0.4 (22/27)...
2025-11-11 05:22:40,059 - BlankSpaceAnalyzer - INFO - -> Analyzing version 4.0.0 (23/27)...
2025-11-11 05:22:40,096 - BlankSpaceAnalyzer - INFO - -> Analyzing version 4.0.1 (24/27)...
2025-11-11 05:22:40,133 - BlankSpaceAnalyzer - INFO - -> Analyzing version 4.0.2 (25/27)...
2025-11-11 05:22:40,170 - BlankSpaceAnalyzer - INFO - -> Analyzing version 4.0.3 (26/27)...
2025-11-11 05:22:40,207 - BlankSpaceAnalyzer - INFO - -> Analyzing version 4.0.4 (27/27)...
2025-11-11 05:22:40,247 - BlankSpaceAnalyzer - INFO - Exporting results for 'thread-loader' to CSV...
2025-11-11 05:22:40,273 - BlankSpaceAnalyzer - INFO - Reports saved in: /app/npm_results/thread-loader
2025-11-11 05:22:40,274 - NPM_Analyzer - INFO - Cleaning temporary folder 'temp/thread-loader'...
2025-11-11 05:22:40,280 - NPM_Analyzer - INFO - Cleanup completed.
2025-11-11 15:43:08,102 - NPM_Analyzer - INFO - Fetching metadata for 'thread-loader'...
2025-11-11 15:43:08,231 - NPM_Analyzer - INFO - Found 27 versions. Starting download into 'temp/thread-loader'...
2025-11-11 15:43:14,526 - BlankSpaceAnalyzer - INFO - Analyzing 27 versions for '*.js' in 'thread-loader'.
2025-11-11 15:43:14,526 - BlankSpaceAnalyzer - INFO - -> Analyzing version 1.0.1 (1/27)...
2025-11-11 15:43:14,594 - BlankSpaceAnalyzer - INFO - -> Analyzing version 1.0.2 (2/27)...
2025-11-11 15:43:14,628 - BlankSpaceAnalyzer - INFO - -> Analyzing version 1.0.3 (3/27)...
2025-11-11 15:43:14,663 - BlankSpaceAnalyzer - INFO - -> Analyzing version 1.1.0 (4/27)...
2025-11-11 15:43:14,699 - BlankSpaceAnalyzer - INFO - -> Analyzing version 1.1.1 (5/27)...
2025-11-11 15:43:14,733 - BlankSpaceAnalyzer - INFO - -> Analyzing version 1.1.2 (6/27)...
2025-11-11 15:43:14,767 - BlankSpaceAnalyzer - INFO - -> Analyzing version 1.1.3 (7/27)...
2025-11-11 15:43:14,803 - BlankSpaceAnalyzer - INFO - -> Analyzing version 1.1.4 (8/27)...
2025-11-11 15:43:14,838 - BlankSpaceAnalyzer - INFO - -> Analyzing version 1.1.5 (9/27)...
2025-11-11 15:43:14,873 - BlankSpaceAnalyzer - INFO - -> Analyzing version 1.2.0 (10/27)...
2025-11-11 15:43:14,909 - BlankSpaceAnalyzer - INFO - -> Analyzing version 2.0.0 (11/27)...
2025-11-11 15:43:14,944 - BlankSpaceAnalyzer - INFO - -> Analyzing version 2.0.1 (12/27)...
2025-11-11 15:43:14,978 - BlankSpaceAnalyzer - INFO - -> Analyzing version 2.0.2 (13/27)...
2025-11-11 15:43:15,013 - BlankSpaceAnalyzer - INFO - -> Analyzing version 2.1.0 (14/27)...
2025-11-11 15:43:15,049 - BlankSpaceAnalyzer - INFO - -> Analyzing version 2.1.1 (15/27)...
2025-11-11 15:43:15,084 - BlankSpaceAnalyzer - INFO - -> Analyzing version 2.1.2 (16/27)...
2025-11-11 15:43:15,119 - BlankSpaceAnalyzer - INFO - -> Analyzing version 2.1.3 (17/27)...
2025-11-11 15:43:15,154 - BlankSpaceAnalyzer - INFO - -> Analyzing version 3.0.0 (18/27)...
2025-11-11 15:43:15,190 - BlankSpaceAnalyzer - INFO - -> Analyzing version 3.0.1 (19/27)...
2025-11-11 15:43:15,225 - BlankSpaceAnalyzer - INFO - -> Analyzing version 3.0.2 (20/27)...
2025-11-11 15:43:15,260 - BlankSpaceAnalyzer - INFO - -> Analyzing version 3.0.3 (21/27)...
2025-11-11 15:43:15,295 - BlankSpaceAnalyzer - INFO - -> Analyzing version 3.0.4 (22/27)...
2025-11-11 15:43:15,332 - BlankSpaceAnalyzer - INFO - -> Analyzing version 4.0.0 (23/27)...
2025-11-11 15:43:15,367 - BlankSpaceAnalyzer - INFO - -> Analyzing version 4.0.1 (24/27)...
2025-11-11 15:43:15,402 - BlankSpaceAnalyzer - INFO - -> Analyzing version 4.0.2 (25/27)...
2025-11-11 15:43:15,437 - BlankSpaceAnalyzer - INFO - -> Analyzing version 4.0.3 (26/27)...
2025-11-11 15:43:15,473 - BlankSpaceAnalyzer - INFO - -> Analyzing version 4.0.4 (27/27)...
2025-11-11 15:43:15,512 - BlankSpaceAnalyzer - INFO - Exporting results for 'thread-loader' to CSV...
2025-11-11 15:43:15,539 - BlankSpaceAnalyzer - INFO - Reports saved in: /app/npm_results/thread-loader
2025-11-11 15:43:15,539 - NPM_Analyzer - INFO - Cleaning temporary folder 'temp/thread-loader'...
2025-11-11 15:43:15,545 - NPM_Analyzer - INFO - Cleanup completed.
2025-11-12 02:35:35,831 - NPM_Analyzer - INFO - Fetching metadata for 'thread-loader'...
2025-11-12 02:35:35,929 - NPM_Analyzer - INFO - Found 27 versions. Starting download into 'temp/thread-loader'...
2025-11-12 02:35:42,120 - BlankSpaceAnalyzer - INFO - Analyzing 27 versions for '*.js' in 'thread-loader'.
2025-11-12 02:35:42,121 - BlankSpaceAnalyzer - INFO - -> Analyzing version 1.0.1 (1/27)...
2025-11-12 02:35:42,162 - BlankSpaceAnalyzer - INFO - -> Analyzing version 1.0.2 (2/27)...
2025-11-12 02:35:42,195 - BlankSpaceAnalyzer - INFO - -> Analyzing version 1.0.3 (3/27)...
2025-11-12 02:35:42,228 - BlankSpaceAnalyzer - INFO - -> Analyzing version 1.1.0 (4/27)...
2025-11-12 02:35:42,262 - BlankSpaceAnalyzer - INFO - -> Analyzing version 1.1.1 (5/27)...
2025-11-12 02:35:42,297 - BlankSpaceAnalyzer - INFO - -> Analyzing version 1.1.2 (6/27)...
2025-11-12 02:35:42,332 - BlankSpaceAnalyzer - INFO - -> Analyzing version 1.1.3 (7/27)...
2025-11-12 02:35:42,367 - BlankSpaceAnalyzer - INFO - -> Analyzing version 1.1.4 (8/27)...
2025-11-12 02:35:42,402 - BlankSpaceAnalyzer - INFO - -> Analyzing version 1.1.5 (9/27)...
2025-11-12 02:35:42,437 - BlankSpaceAnalyzer - INFO - -> Analyzing version 1.2.0 (10/27)...
2025-11-12 02:35:42,472 - BlankSpaceAnalyzer - INFO - -> Analyzing version 2.0.0 (11/27)...
2025-11-12 02:35:42,507 - BlankSpaceAnalyzer - INFO - -> Analyzing version 2.0.1 (12/27)...
2025-11-12 02:35:42,542 - BlankSpaceAnalyzer - INFO - -> Analyzing version 2.0.2 (13/27)...
2025-11-12 02:35:42,577 - BlankSpaceAnalyzer - INFO - -> Analyzing version 2.1.0 (14/27)...
2025-11-12 02:35:42,612 - BlankSpaceAnalyzer - INFO - -> Analyzing version 2.1.1 (15/27)...
2025-11-12 02:35:42,646 - BlankSpaceAnalyzer - INFO - -> Analyzing version 2.1.2 (16/27)...
2025-11-12 02:35:42,682 - BlankSpaceAnalyzer - INFO - -> Analyzing version 2.1.3 (17/27)...
2025-11-12 02:35:42,717 - BlankSpaceAnalyzer - INFO - -> Analyzing version 3.0.0 (18/27)...
2025-11-12 02:35:42,751 - BlankSpaceAnalyzer - INFO - -> Analyzing version 3.0.1 (19/27)...
2025-11-12 02:35:42,787 - BlankSpaceAnalyzer - INFO - -> Analyzing version 3.0.2 (20/27)...
2025-11-12 02:35:42,822 - BlankSpaceAnalyzer - INFO - -> Analyzing version 3.0.3 (21/27)...
2025-11-12 02:35:42,857 - BlankSpaceAnalyzer - INFO - -> Analyzing version 3.0.4 (22/27)...
2025-11-12 02:35:42,891 - BlankSpaceAnalyzer - INFO - -> Analyzing version 4.0.0 (23/27)...
2025-11-12 02:35:42,926 - BlankSpaceAnalyzer - INFO - -> Analyzing version 4.0.1 (24/27)...
2025-11-12 02:35:42,962 - BlankSpaceAnalyzer - INFO - -> Analyzing version 4.0.2 (25/27)...
2025-11-12 02:35:42,997 - BlankSpaceAnalyzer - INFO - -> Analyzing version 4.0.3 (26/27)...
2025-11-12 02:35:43,033 - BlankSpaceAnalyzer - INFO - -> Analyzing version 4.0.4 (27/27)...
2025-11-12 02:35:43,071 - BlankSpaceAnalyzer - INFO - Exporting results for 'thread-loader' to CSV...
2025-11-12 02:35:43,097 - BlankSpaceAnalyzer - INFO - Reports saved in: /app/npm_results/thread-loader
2025-11-12 02:35:43,097 - NPM_Analyzer - INFO - Cleaning temporary folder 'temp/thread-loader'...
2025-11-12 02:35:43,104 - NPM_Analyzer - INFO - Cleanup completed.
2025-11-12 13:01:07,424 - NPM_Analyzer - INFO - Fetching metadata for 'thread-loader'...
2025-11-12 13:01:07,583 - NPM_Analyzer - INFO - Found 27 versions. Starting download into 'temp/thread-loader'...
2025-11-12 13:01:14,405 - BlankSpaceAnalyzer - INFO - Analyzing 27 versions for '*.js' in 'thread-loader'.
2025-11-12 13:01:14,405 - BlankSpaceAnalyzer - INFO - -> Analyzing version 1.0.1 (1/27)...
2025-11-12 13:01:14,468 - BlankSpaceAnalyzer - INFO - -> Analyzing version 1.0.2 (2/27)...
2025-11-12 13:01:14,500 - BlankSpaceAnalyzer - INFO - -> Analyzing version 1.0.3 (3/27)...
2025-11-12 13:01:14,536 - BlankSpaceAnalyzer - INFO - -> Analyzing version 1.1.0 (4/27)...
2025-11-12 13:01:14,571 - BlankSpaceAnalyzer - INFO - -> Analyzing version 1.1.1 (5/27)...
2025-11-12 13:01:14,605 - BlankSpaceAnalyzer - INFO - -> Analyzing version 1.1.2 (6/27)...
2025-11-12 13:01:14,641 - BlankSpaceAnalyzer - INFO - -> Analyzing version 1.1.3 (7/27)...
2025-11-12 13:01:14,677 - BlankSpaceAnalyzer - INFO - -> Analyzing version 1.1.4 (8/27)...
2025-11-12 13:01:14,712 - BlankSpaceAnalyzer - INFO - -> Analyzing version 1.1.5 (9/27)...
2025-11-12 13:01:14,746 - BlankSpaceAnalyzer - INFO - -> Analyzing version 1.2.0 (10/27)...
2025-11-12 13:01:14,782 - BlankSpaceAnalyzer - INFO - -> Analyzing version 2.0.0 (11/27)...
2025-11-12 13:01:14,818 - BlankSpaceAnalyzer - INFO - -> Analyzing version 2.0.1 (12/27)...
2025-11-12 13:01:14,853 - BlankSpaceAnalyzer - INFO - -> Analyzing version 2.0.2 (13/27)...
2025-11-12 13:01:14,890 - BlankSpaceAnalyzer - INFO - -> Analyzing version 2.1.0 (14/27)...
2025-11-12 13:01:14,924 - BlankSpaceAnalyzer - INFO - -> Analyzing version 2.1.1 (15/27)...
2025-11-12 13:01:14,960 - BlankSpaceAnalyzer - INFO - -> Analyzing version 2.1.2 (16/27)...
2025-11-12 13:01:14,995 - BlankSpaceAnalyzer - INFO - -> Analyzing version 2.1.3 (17/27)...
2025-11-12 13:01:15,031 - BlankSpaceAnalyzer - INFO - -> Analyzing version 3.0.0 (18/27)...
2025-11-12 13:01:15,066 - BlankSpaceAnalyzer - INFO - -> Analyzing version 3.0.1 (19/27)...
2025-11-12 13:01:15,102 - BlankSpaceAnalyzer - INFO - -> Analyzing version 3.0.2 (20/27)...
2025-11-12 13:01:15,137 - BlankSpaceAnalyzer - INFO - -> Analyzing version 3.0.3 (21/27)...
2025-11-12 13:01:15,172 - BlankSpaceAnalyzer - INFO - -> Analyzing version 3.0.4 (22/27)...
2025-11-12 13:01:15,207 - BlankSpaceAnalyzer - INFO - -> Analyzing version 4.0.0 (23/27)...
2025-11-12 13:01:15,243 - BlankSpaceAnalyzer - INFO - -> Analyzing version 4.0.1 (24/27)...
2025-11-12 13:01:15,278 - BlankSpaceAnalyzer - INFO - -> Analyzing version 4.0.2 (25/27)...
2025-11-12 13:01:15,313 - BlankSpaceAnalyzer - INFO - -> Analyzing version 4.0.3 (26/27)...
2025-11-12 13:01:15,350 - BlankSpaceAnalyzer - INFO - -> Analyzing version 4.0.4 (27/27)...
2025-11-12 13:01:15,388 - BlankSpaceAnalyzer - INFO - Exporting results for 'thread-loader' to CSV...
2025-11-12 13:01:15,414 - BlankSpaceAnalyzer - INFO - Reports saved in: /app/npm_results/thread-loader
2025-11-12 13:01:15,414 - NPM_Analyzer - INFO - Cleaning temporary folder 'temp/thread-loader'...
2025-11-12 13:01:15,420 - NPM_Analyzer - INFO - Cleanup completed.
2025-11-12 23:47:28,443 - NPM_Analyzer - INFO - Fetching metadata for 'thread-loader'...
2025-11-12 23:47:28,598 - NPM_Analyzer - INFO - Found 27 versions. Starting download into 'temp/thread-loader'...
2025-11-12 23:47:35,355 - BlankSpaceAnalyzer - INFO - Analyzing 27 versions for '*.js' in 'thread-loader'.
2025-11-12 23:47:35,356 - BlankSpaceAnalyzer - INFO - -> Analyzing version 1.0.1 (1/27)...
2025-11-12 23:47:35,420 - BlankSpaceAnalyzer - INFO - -> Analyzing version 1.0.2 (2/27)...
2025-11-12 23:47:35,451 - BlankSpaceAnalyzer - INFO - -> Analyzing version 1.0.3 (3/27)...
2025-11-12 23:47:35,481 - BlankSpaceAnalyzer - INFO - -> Analyzing version 1.1.0 (4/27)...
2025-11-12 23:47:35,517 - BlankSpaceAnalyzer - INFO - -> Analyzing version 1.1.1 (5/27)...
2025-11-12 23:47:35,552 - BlankSpaceAnalyzer - INFO - -> Analyzing version 1.1.2 (6/27)...
2025-11-12 23:47:35,587 - BlankSpaceAnalyzer - INFO - -> Analyzing version 1.1.3 (7/27)...
2025-11-12 23:47:35,624 - BlankSpaceAnalyzer - INFO - -> Analyzing version 1.1.4 (8/27)...
2025-11-12 23:47:35,659 - BlankSpaceAnalyzer - INFO - -> Analyzing version 1.1.5 (9/27)...
2025-11-12 23:47:35,694 - BlankSpaceAnalyzer - INFO - -> Analyzing version 1.2.0 (10/27)...
2025-11-12 23:47:35,729 - BlankSpaceAnalyzer - INFO - -> Analyzing version 2.0.0 (11/27)...
2025-11-12 23:47:35,765 - BlankSpaceAnalyzer - INFO - -> Analyzing version 2.0.1 (12/27)...
2025-11-12 23:47:35,801 - BlankSpaceAnalyzer - INFO - -> Analyzing version 2.0.2 (13/27)...
2025-11-12 23:47:35,837 - BlankSpaceAnalyzer - INFO - -> Analyzing version 2.1.0 (14/27)...
2025-11-12 23:47:35,872 - BlankSpaceAnalyzer - INFO - -> Analyzing version 2.1.1 (15/27)...
2025-11-12 23:47:35,908 - BlankSpaceAnalyzer - INFO - -> Analyzing version 2.1.2 (16/27)...
2025-11-12 23:47:35,943 - BlankSpaceAnalyzer - INFO - -> Analyzing version 2.1.3 (17/27)...
2025-11-12 23:47:35,978 - BlankSpaceAnalyzer - INFO - -> Analyzing version 3.0.0 (18/27)...
2025-11-12 23:47:36,014 - BlankSpaceAnalyzer - INFO - -> Analyzing version 3.0.1 (19/27)...
2025-11-12 23:47:36,052 - BlankSpaceAnalyzer - INFO - -> Analyzing version 3.0.2 (20/27)...
2025-11-12 23:47:36,088 - BlankSpaceAnalyzer - INFO - -> Analyzing version 3.0.3 (21/27)...
2025-11-12 23:47:36,123 - BlankSpaceAnalyzer - INFO - -> Analyzing version 3.0.4 (22/27)...
2025-11-12 23:47:36,160 - BlankSpaceAnalyzer - INFO - -> Analyzing version 4.0.0 (23/27)...
2025-11-12 23:47:36,196 - BlankSpaceAnalyzer - INFO - -> Analyzing version 4.0.1 (24/27)...
2025-11-12 23:47:36,232 - BlankSpaceAnalyzer - INFO - -> Analyzing version 4.0.2 (25/27)...
2025-11-12 23:47:36,268 - BlankSpaceAnalyzer - INFO - -> Analyzing version 4.0.3 (26/27)...
2025-11-12 23:47:36,303 - BlankSpaceAnalyzer - INFO - -> Analyzing version 4.0.4 (27/27)...
2025-11-12 23:47:36,342 - BlankSpaceAnalyzer - INFO - Exporting results for 'thread-loader' to CSV...
2025-11-12 23:47:36,368 - BlankSpaceAnalyzer - INFO - Reports saved in: /app/npm_results/thread-loader
2025-11-12 23:47:36,368 - NPM_Analyzer - INFO - Cleaning temporary folder 'temp/thread-loader'...
2025-11-12 23:47:36,374 - NPM_Analyzer - INFO - Cleanup completed.
2025-11-13 10:10:02,194 - NPM_Analyzer - INFO - Fetching metadata for 'thread-loader'...
2025-11-13 10:10:02,845 - NPM_Analyzer - INFO - Found 27 versions. Starting download into 'temp/thread-loader'...
2025-11-13 10:10:09,276 - BlankSpaceAnalyzer - INFO - Analyzing 27 versions for '*.js' in 'thread-loader'.
2025-11-13 10:10:09,276 - BlankSpaceAnalyzer - INFO - -> Analyzing version 1.0.1 (1/27)...
2025-11-13 10:10:09,340 - BlankSpaceAnalyzer - INFO - -> Analyzing version 1.0.2 (2/27)...
2025-11-13 10:10:09,370 - BlankSpaceAnalyzer - INFO - -> Analyzing version 1.0.3 (3/27)...
2025-11-13 10:10:09,404 - BlankSpaceAnalyzer - INFO - -> Analyzing version 1.1.0 (4/27)...
2025-11-13 10:10:09,438 - BlankSpaceAnalyzer - INFO - -> Analyzing version 1.1.1 (5/27)...
2025-11-13 10:10:09,471 - BlankSpaceAnalyzer - INFO - -> Analyzing version 1.1.2 (6/27)...
2025-11-13 10:10:09,507 - BlankSpaceAnalyzer - INFO - -> Analyzing version 1.1.3 (7/27)...
2025-11-13 10:10:09,539 - BlankSpaceAnalyzer - INFO - -> Analyzing version 1.1.4 (8/27)...
2025-11-13 10:10:09,573 - BlankSpaceAnalyzer - INFO - -> Analyzing version 1.1.5 (9/27)...
2025-11-13 10:10:09,608 - BlankSpaceAnalyzer - INFO - -> Analyzing version 1.2.0 (10/27)...
2025-11-13 10:10:09,642 - BlankSpaceAnalyzer - INFO - -> Analyzing version 2.0.0 (11/27)...
2025-11-13 10:10:09,676 - BlankSpaceAnalyzer - INFO - -> Analyzing version 2.0.1 (12/27)...
2025-11-13 10:10:09,711 - BlankSpaceAnalyzer - INFO - -> Analyzing version 2.0.2 (13/27)...
2025-11-13 10:10:09,745 - BlankSpaceAnalyzer - INFO - -> Analyzing version 2.1.0 (14/27)...
2025-11-13 10:10:09,780 - BlankSpaceAnalyzer - INFO - -> Analyzing version 2.1.1 (15/27)...
2025-11-13 10:10:09,814 - BlankSpaceAnalyzer - INFO - -> Analyzing version 2.1.2 (16/27)...
2025-11-13 10:10:09,850 - BlankSpaceAnalyzer - INFO - -> Analyzing version 2.1.3 (17/27)...
2025-11-13 10:10:09,884 - BlankSpaceAnalyzer - INFO - -> Analyzing version 3.0.0 (18/27)...
2025-11-13 10:10:09,918 - BlankSpaceAnalyzer - INFO - -> Analyzing version 3.0.1 (19/27)...
2025-11-13 10:10:09,952 - BlankSpaceAnalyzer - INFO - -> Analyzing version 3.0.2 (20/27)...
2025-11-13 10:10:09,987 - BlankSpaceAnalyzer - INFO - -> Analyzing version 3.0.3 (21/27)...
2025-11-13 10:10:10,022 - BlankSpaceAnalyzer - INFO - -> Analyzing version 3.0.4 (22/27)...
2025-11-13 10:10:10,058 - BlankSpaceAnalyzer - INFO - -> Analyzing version 4.0.0 (23/27)...
2025-11-13 10:10:10,092 - BlankSpaceAnalyzer - INFO - -> Analyzing version 4.0.1 (24/27)...
2025-11-13 10:10:10,127 - BlankSpaceAnalyzer - INFO - -> Analyzing version 4.0.2 (25/27)...
2025-11-13 10:10:10,163 - BlankSpaceAnalyzer - INFO - -> Analyzing version 4.0.3 (26/27)...
2025-11-13 10:10:10,200 - BlankSpaceAnalyzer - INFO - -> Analyzing version 4.0.4 (27/27)...
2025-11-13 10:10:10,238 - BlankSpaceAnalyzer - INFO - Exporting results for 'thread-loader' to CSV...
2025-11-13 10:10:10,266 - BlankSpaceAnalyzer - INFO - Reports saved in: /app/npm_results/thread-loader
2025-11-13 10:10:10,266 - NPM_Analyzer - INFO - Cleaning temporary folder 'temp/thread-loader'...
2025-11-13 10:10:10,273 - NPM_Analyzer - INFO - Cleanup completed.
2025-11-13 20:45:58,039 - NPM_Analyzer - INFO - Fetching metadata for 'thread-loader'...
2025-11-13 20:45:58,177 - NPM_Analyzer - INFO - Found 27 versions. Starting download into 'temp/thread-loader'...
2025-11-13 20:46:05,562 - BlankSpaceAnalyzer - INFO - Analyzing 27 versions for '*.js' in 'thread-loader'.
2025-11-13 20:46:05,562 - BlankSpaceAnalyzer - INFO - -> Analyzing version 1.0.1 (1/27)...
2025-11-13 20:46:05,626 - BlankSpaceAnalyzer - INFO - -> Analyzing version 1.0.2 (2/27)...
2025-11-13 20:46:05,658 - BlankSpaceAnalyzer - INFO - -> Analyzing version 1.0.3 (3/27)...
2025-11-13 20:46:05,689 - BlankSpaceAnalyzer - INFO - -> Analyzing version 1.1.0 (4/27)...
2025-11-13 20:46:05,722 - BlankSpaceAnalyzer - INFO - -> Analyzing version 1.1.1 (5/27)...
2025-11-13 20:46:05,755 - BlankSpaceAnalyzer - INFO - -> Analyzing version 1.1.2 (6/27)...
2025-11-13 20:46:05,790 - BlankSpaceAnalyzer - INFO - -> Analyzing version 1.1.3 (7/27)...
2025-11-13 20:46:05,826 - BlankSpaceAnalyzer - INFO - -> Analyzing version 1.1.4 (8/27)...
2025-11-13 20:46:05,861 - BlankSpaceAnalyzer - INFO - -> Analyzing version 1.1.5 (9/27)...
2025-11-13 20:46:05,897 - BlankSpaceAnalyzer - INFO - -> Analyzing version 1.2.0 (10/27)...
2025-11-13 20:46:05,932 - BlankSpaceAnalyzer - INFO - -> Analyzing version 2.0.0 (11/27)...
2025-11-13 20:46:05,967 - BlankSpaceAnalyzer - INFO - -> Analyzing version 2.0.1 (12/27)...
2025-11-13 20:46:06,002 - BlankSpaceAnalyzer - INFO - -> Analyzing version 2.0.2 (13/27)...
2025-11-13 20:46:06,039 - BlankSpaceAnalyzer - INFO - -> Analyzing version 2.1.0 (14/27)...
2025-11-13 20:46:06,075 - BlankSpaceAnalyzer - INFO - -> Analyzing version 2.1.1 (15/27)...
2025-11-13 20:46:06,110 - BlankSpaceAnalyzer - INFO - -> Analyzing version 2.1.2 (16/27)...
2025-11-13 20:46:06,147 - BlankSpaceAnalyzer - INFO - -> Analyzing version 2.1.3 (17/27)...
2025-11-13 20:46:06,182 - BlankSpaceAnalyzer - INFO - -> Analyzing version 3.0.0 (18/27)...
2025-11-13 20:46:06,219 - BlankSpaceAnalyzer - INFO - -> Analyzing version 3.0.1 (19/27)...
2025-11-13 20:46:06,256 - BlankSpaceAnalyzer - INFO - -> Analyzing version 3.0.2 (20/27)...
2025-11-13 20:46:06,292 - BlankSpaceAnalyzer - INFO - -> Analyzing version 3.0.3 (21/27)...
2025-11-13 20:46:06,328 - BlankSpaceAnalyzer - INFO - -> Analyzing version 3.0.4 (22/27)...
2025-11-13 20:46:06,365 - BlankSpaceAnalyzer - INFO - -> Analyzing version 4.0.0 (23/27)...
2025-11-13 20:46:06,400 - BlankSpaceAnalyzer - INFO - -> Analyzing version 4.0.1 (24/27)...
2025-11-13 20:46:06,437 - BlankSpaceAnalyzer - INFO - -> Analyzing version 4.0.2 (25/27)...
2025-11-13 20:46:06,474 - BlankSpaceAnalyzer - INFO - -> Analyzing version 4.0.3 (26/27)...
2025-11-13 20:46:06,510 - BlankSpaceAnalyzer - INFO - -> Analyzing version 4.0.4 (27/27)...
2025-11-13 20:46:06,550 - BlankSpaceAnalyzer - INFO - Exporting results for 'thread-loader' to CSV...
2025-11-13 20:46:06,576 - BlankSpaceAnalyzer - INFO - Reports saved in: /app/npm_results/thread-loader
2025-11-13 20:46:06,576 - NPM_Analyzer - INFO - Cleaning temporary folder 'temp/thread-loader'...
2025-11-13 20:46:06,583 - NPM_Analyzer - INFO - Cleanup completed.
2025-11-14 07:13:51,757 - NPM_Analyzer - INFO - Fetching metadata for 'thread-loader'...
2025-11-14 07:13:51,884 - NPM_Analyzer - INFO - Found 27 versions. Starting download into 'temp/thread-loader'...
2025-11-14 07:13:58,516 - BlankSpaceAnalyzer - INFO - Analyzing 27 versions for '*.js' in 'thread-loader'.
2025-11-14 07:13:58,516 - BlankSpaceAnalyzer - INFO - -> Analyzing version 1.0.1 (1/27)...
2025-11-14 07:13:58,581 - BlankSpaceAnalyzer - INFO - -> Analyzing version 1.0.2 (2/27)...
2025-11-14 07:13:58,614 - BlankSpaceAnalyzer - INFO - -> Analyzing version 1.0.3 (3/27)...
2025-11-14 07:13:58,648 - BlankSpaceAnalyzer - INFO - -> Analyzing version 1.1.0 (4/27)...
2025-11-14 07:13:58,682 - BlankSpaceAnalyzer - INFO - -> Analyzing version 1.1.1 (5/27)...
2025-11-14 07:13:58,718 - BlankSpaceAnalyzer - INFO - -> Analyzing version 1.1.2 (6/27)...
2025-11-14 07:13:58,754 - BlankSpaceAnalyzer - INFO - -> Analyzing version 1.1.3 (7/27)...
2025-11-14 07:13:58,789 - BlankSpaceAnalyzer - INFO - -> Analyzing version 1.1.4 (8/27)...
2025-11-14 07:13:58,824 - BlankSpaceAnalyzer - INFO - -> Analyzing version 1.1.5 (9/27)...
2025-11-14 07:13:58,859 - BlankSpaceAnalyzer - INFO - -> Analyzing version 1.2.0 (10/27)...
2025-11-14 07:13:58,894 - BlankSpaceAnalyzer - INFO - -> Analyzing version 2.0.0 (11/27)...
2025-11-14 07:13:58,929 - BlankSpaceAnalyzer - INFO - -> Analyzing version 2.0.1 (12/27)...
2025-11-14 07:13:58,963 - BlankSpaceAnalyzer - INFO - -> Analyzing version 2.0.2 (13/27)...
2025-11-14 07:13:58,998 - BlankSpaceAnalyzer - INFO - -> Analyzing version 2.1.0 (14/27)...
2025-11-14 07:13:59,034 - BlankSpaceAnalyzer - INFO - -> Analyzing version 2.1.1 (15/27)...
2025-11-14 07:13:59,068 - BlankSpaceAnalyzer - INFO - -> Analyzing version 2.1.2 (16/27)...
2025-11-14 07:13:59,103 - BlankSpaceAnalyzer - INFO - -> Analyzing version 2.1.3 (17/27)...
2025-11-14 07:13:59,138 - BlankSpaceAnalyzer - INFO - -> Analyzing version 3.0.0 (18/27)...
2025-11-14 07:13:59,174 - BlankSpaceAnalyzer - INFO - -> Analyzing version 3.0.1 (19/27)...
2025-11-14 07:13:59,209 - BlankSpaceAnalyzer - INFO - -> Analyzing version 3.0.2 (20/27)...
2025-11-14 07:13:59,244 - BlankSpaceAnalyzer - INFO - -> Analyzing version 3.0.3 (21/27)...
2025-11-14 07:13:59,279 - BlankSpaceAnalyzer - INFO - -> Analyzing version 3.0.4 (22/27)...
2025-11-14 07:13:59,314 - BlankSpaceAnalyzer - INFO - -> Analyzing version 4.0.0 (23/27)...
2025-11-14 07:13:59,350 - BlankSpaceAnalyzer - INFO - -> Analyzing version 4.0.1 (24/27)...
2025-11-14 07:13:59,385 - BlankSpaceAnalyzer - INFO - -> Analyzing version 4.0.2 (25/27)...
2025-11-14 07:13:59,423 - BlankSpaceAnalyzer - INFO - -> Analyzing version 4.0.3 (26/27)...
2025-11-14 07:13:59,459 - BlankSpaceAnalyzer - INFO - -> Analyzing version 4.0.4 (27/27)...
2025-11-14 07:13:59,496 - BlankSpaceAnalyzer - INFO - Exporting results for 'thread-loader' to CSV...
2025-11-14 07:13:59,523 - BlankSpaceAnalyzer - INFO - Reports saved in: /app/npm_results/thread-loader
2025-11-14 07:13:59,523 - NPM_Analyzer - INFO - Cleaning temporary folder 'temp/thread-loader'...
2025-11-14 07:13:59,530 - NPM_Analyzer - INFO - Cleanup completed.
2025-11-14 17:43:01,681 - NPM_Analyzer - INFO - Fetching metadata for 'thread-loader'...
2025-11-14 17:43:01,796 - NPM_Analyzer - INFO - Found 27 versions. Starting download into 'temp/thread-loader'...
2025-11-14 17:43:08,827 - BlankSpaceAnalyzer - INFO - Analyzing 27 versions for '*.js' in 'thread-loader'.
2025-11-14 17:43:08,827 - BlankSpaceAnalyzer - INFO - -> Analyzing version 1.0.1 (1/27)...
2025-11-14 17:43:08,890 - BlankSpaceAnalyzer - INFO - -> Analyzing version 1.0.2 (2/27)...
2025-11-14 17:43:08,921 - BlankSpaceAnalyzer - INFO - -> Analyzing version 1.0.3 (3/27)...
2025-11-14 17:43:08,954 - BlankSpaceAnalyzer - INFO - -> Analyzing version 1.1.0 (4/27)...
2025-11-14 17:43:08,989 - BlankSpaceAnalyzer - INFO - -> Analyzing version 1.1.1 (5/27)...
2025-11-14 17:43:09,025 - BlankSpaceAnalyzer - INFO - -> Analyzing version 1.1.2 (6/27)...
2025-11-14 17:43:09,062 - BlankSpaceAnalyzer - INFO - -> Analyzing version 1.1.3 (7/27)...
2025-11-14 17:43:09,097 - BlankSpaceAnalyzer - INFO - -> Analyzing version 1.1.4 (8/27)...
2025-11-14 17:43:09,133 - BlankSpaceAnalyzer - INFO - -> Analyzing version 1.1.5 (9/27)...
2025-11-14 17:43:09,168 - BlankSpaceAnalyzer - INFO - -> Analyzing version 1.2.0 (10/27)...
2025-11-14 17:43:09,205 - BlankSpaceAnalyzer - INFO - -> Analyzing version 2.0.0 (11/27)...
2025-11-14 17:43:09,241 - BlankSpaceAnalyzer - INFO - -> Analyzing version 2.0.1 (12/27)...
2025-11-14 17:43:09,277 - BlankSpaceAnalyzer - INFO - -> Analyzing version 2.0.2 (13/27)...
2025-11-14 17:43:09,312 - BlankSpaceAnalyzer - INFO - -> Analyzing version 2.1.0 (14/27)...
2025-11-14 17:43:09,348 - BlankSpaceAnalyzer - INFO - -> Analyzing version 2.1.1 (15/27)...
2025-11-14 17:43:09,384 - BlankSpaceAnalyzer - INFO - -> Analyzing version 2.1.2 (16/27)...
2025-11-14 17:43:09,422 - BlankSpaceAnalyzer - INFO - -> Analyzing version 2.1.3 (17/27)...
2025-11-14 17:43:09,457 - BlankSpaceAnalyzer - INFO - -> Analyzing version 3.0.0 (18/27)...
2025-11-14 17:43:09,494 - BlankSpaceAnalyzer - INFO - -> Analyzing version 3.0.1 (19/27)...
2025-11-14 17:43:09,530 - BlankSpaceAnalyzer - INFO - -> Analyzing version 3.0.2 (20/27)...
2025-11-14 17:43:09,566 - BlankSpaceAnalyzer - INFO - -> Analyzing version 3.0.3 (21/27)...
2025-11-14 17:43:09,601 - BlankSpaceAnalyzer - INFO - -> Analyzing version 3.0.4 (22/27)...
2025-11-14 17:43:09,638 - BlankSpaceAnalyzer - INFO - -> Analyzing version 4.0.0 (23/27)...
2025-11-14 17:43:09,674 - BlankSpaceAnalyzer - INFO - -> Analyzing version 4.0.1 (24/27)...
2025-11-14 17:43:09,711 - BlankSpaceAnalyzer - INFO - -> Analyzing version 4.0.2 (25/27)...
2025-11-14 17:43:09,747 - BlankSpaceAnalyzer - INFO - -> Analyzing version 4.0.3 (26/27)...
2025-11-14 17:43:09,786 - BlankSpaceAnalyzer - INFO - -> Analyzing version 4.0.4 (27/27)...
2025-11-14 17:43:09,823 - BlankSpaceAnalyzer - INFO - Exporting results for 'thread-loader' to CSV...
2025-11-14 17:43:09,850 - BlankSpaceAnalyzer - INFO - Reports saved in: /app/npm_results/thread-loader
2025-11-14 17:43:09,850 - NPM_Analyzer - INFO - Cleaning temporary folder 'temp/thread-loader'...
2025-11-14 17:43:09,856 - NPM_Analyzer - INFO - Cleanup completed.
2025-11-15 04:23:49,480 - NPM_Analyzer - INFO - Fetching metadata for 'thread-loader'...
2025-11-15 04:23:50,204 - NPM_Analyzer - INFO - Found 27 versions. Starting download into 'temp/thread-loader'...
2025-11-15 04:23:56,272 - BlankSpaceAnalyzer - INFO - Analyzing 27 versions for '*.js' in 'thread-loader'.
2025-11-15 04:23:56,272 - BlankSpaceAnalyzer - INFO - -> Analyzing version 1.0.1 (1/27)...
2025-11-15 04:23:56,339 - BlankSpaceAnalyzer - INFO - -> Analyzing version 1.0.2 (2/27)...
2025-11-15 04:23:56,370 - BlankSpaceAnalyzer - INFO - -> Analyzing version 1.0.3 (3/27)...
2025-11-15 04:23:56,403 - BlankSpaceAnalyzer - INFO - -> Analyzing version 1.1.0 (4/27)...
2025-11-15 04:23:56,437 - BlankSpaceAnalyzer - INFO - -> Analyzing version 1.1.1 (5/27)...
2025-11-15 04:23:56,473 - BlankSpaceAnalyzer - INFO - -> Analyzing version 1.1.2 (6/27)...
2025-11-15 04:23:56,509 - BlankSpaceAnalyzer - INFO - -> Analyzing version 1.1.3 (7/27)...
2025-11-15 04:23:56,545 - BlankSpaceAnalyzer - INFO - -> Analyzing version 1.1.4 (8/27)...
2025-11-15 04:23:56,581 - BlankSpaceAnalyzer - INFO - -> Analyzing version 1.1.5 (9/27)...
2025-11-15 04:23:56,618 - BlankSpaceAnalyzer - INFO - -> Analyzing version 1.2.0 (10/27)...
2025-11-15 04:23:56,654 - BlankSpaceAnalyzer - INFO - -> Analyzing version 2.0.0 (11/27)...
2025-11-15 04:23:56,690 - BlankSpaceAnalyzer - INFO - -> Analyzing version 2.0.1 (12/27)...
2025-11-15 04:23:56,726 - BlankSpaceAnalyzer - INFO - -> Analyzing version 2.0.2 (13/27)...
2025-11-15 04:23:56,762 - BlankSpaceAnalyzer - INFO - -> Analyzing version 2.1.0 (14/27)...
2025-11-15 04:23:56,798 - BlankSpaceAnalyzer - INFO - -> Analyzing version 2.1.1 (15/27)...
2025-11-15 04:23:56,834 - BlankSpaceAnalyzer - INFO - -> Analyzing version 2.1.2 (16/27)...
2025-11-15 04:23:56,870 - BlankSpaceAnalyzer - INFO - -> Analyzing version 2.1.3 (17/27)...
2025-11-15 04:23:56,907 - BlankSpaceAnalyzer - INFO - -> Analyzing version 3.0.0 (18/27)...
2025-11-15 04:23:56,945 - BlankSpaceAnalyzer - INFO - -> Analyzing version 3.0.1 (19/27)...
2025-11-15 04:23:56,980 - BlankSpaceAnalyzer - INFO - -> Analyzing version 3.0.2 (20/27)...
2025-11-15 04:23:57,017 - BlankSpaceAnalyzer - INFO - -> Analyzing version 3.0.3 (21/27)...
2025-11-15 04:23:57,053 - BlankSpaceAnalyzer - INFO - -> Analyzing version 3.0.4 (22/27)...
2025-11-15 04:23:57,089 - BlankSpaceAnalyzer - INFO - -> Analyzing version 4.0.0 (23/27)...
2025-11-15 04:23:57,126 - BlankSpaceAnalyzer - INFO - -> Analyzing version 4.0.1 (24/27)...
2025-11-15 04:23:57,162 - BlankSpaceAnalyzer - INFO - -> Analyzing version 4.0.2 (25/27)...
2025-11-15 04:23:57,198 - BlankSpaceAnalyzer - INFO - -> Analyzing version 4.0.3 (26/27)...
2025-11-15 04:23:57,234 - BlankSpaceAnalyzer - INFO - -> Analyzing version 4.0.4 (27/27)...
2025-11-15 04:23:57,273 - BlankSpaceAnalyzer - INFO - Exporting results for 'thread-loader' to CSV...
2025-11-15 04:23:57,299 - BlankSpaceAnalyzer - INFO - Reports saved in: /app/npm_results/thread-loader
2025-11-15 04:23:57,299 - NPM_Analyzer - INFO - Cleaning temporary folder 'temp/thread-loader'...
2025-11-15 04:23:57,305 - NPM_Analyzer - INFO - Cleanup completed.
2025-11-15 14:56:54,040 - NPM_Analyzer - INFO - Fetching metadata for 'thread-loader'...
2025-11-15 14:56:54,146 - NPM_Analyzer - INFO - Found 27 versions. Starting download into 'temp/thread-loader'...
2025-11-15 14:57:00,658 - BlankSpaceAnalyzer - INFO - Analyzing 27 versions for '*.js' in 'thread-loader'.
2025-11-15 14:57:00,658 - BlankSpaceAnalyzer - INFO - -> Analyzing version 1.0.1 (1/27)...
2025-11-15 14:57:00,723 - BlankSpaceAnalyzer - INFO - -> Analyzing version 1.0.2 (2/27)...
2025-11-15 14:57:00,755 - BlankSpaceAnalyzer - INFO - -> Analyzing version 1.0.3 (3/27)...
2025-11-15 14:57:00,786 - BlankSpaceAnalyzer - INFO - -> Analyzing version 1.1.0 (4/27)...
2025-11-15 14:57:00,818 - BlankSpaceAnalyzer - INFO - -> Analyzing version 1.1.1 (5/27)...
2025-11-15 14:57:00,853 - BlankSpaceAnalyzer - INFO - -> Analyzing version 1.1.2 (6/27)...
2025-11-15 14:57:00,889 - BlankSpaceAnalyzer - INFO - -> Analyzing version 1.1.3 (7/27)...
2025-11-15 14:57:00,924 - BlankSpaceAnalyzer - INFO - -> Analyzing version 1.1.4 (8/27)...
2025-11-15 14:57:00,960 - BlankSpaceAnalyzer - INFO - -> Analyzing version 1.1.5 (9/27)...
2025-11-15 14:57:00,996 - BlankSpaceAnalyzer - INFO - -> Analyzing version 1.2.0 (10/27)...
2025-11-15 14:57:01,033 - BlankSpaceAnalyzer - INFO - -> Analyzing version 2.0.0 (11/27)...
2025-11-15 14:57:01,069 - BlankSpaceAnalyzer - INFO - -> Analyzing version 2.0.1 (12/27)...
2025-11-15 14:57:01,104 - BlankSpaceAnalyzer - INFO - -> Analyzing version 2.0.2 (13/27)...
2025-11-15 14:57:01,140 - BlankSpaceAnalyzer - INFO - -> Analyzing version 2.1.0 (14/27)...
2025-11-15 14:57:01,175 - BlankSpaceAnalyzer - INFO - -> Analyzing version 2.1.1 (15/27)...
2025-11-15 14:57:01,210 - BlankSpaceAnalyzer - INFO - -> Analyzing version 2.1.2 (16/27)...
2025-11-15 14:57:01,246 - BlankSpaceAnalyzer - INFO - -> Analyzing version 2.1.3 (17/27)...
2025-11-15 14:57:01,282 - BlankSpaceAnalyzer - INFO - -> Analyzing version 3.0.0 (18/27)...
2025-11-15 14:57:01,318 - BlankSpaceAnalyzer - INFO - -> Analyzing version 3.0.1 (19/27)...
2025-11-15 14:57:01,353 - BlankSpaceAnalyzer - INFO - -> Analyzing version 3.0.2 (20/27)...
2025-11-15 14:57:01,389 - BlankSpaceAnalyzer - INFO - -> Analyzing version 3.0.3 (21/27)...
2025-11-15 14:57:01,426 - BlankSpaceAnalyzer - INFO - -> Analyzing version 3.0.4 (22/27)...
2025-11-15 14:57:01,462 - BlankSpaceAnalyzer - INFO - -> Analyzing version 4.0.0 (23/27)...
2025-11-15 14:57:01,498 - BlankSpaceAnalyzer - INFO - -> Analyzing version 4.0.1 (24/27)...
2025-11-15 14:57:01,535 - BlankSpaceAnalyzer - INFO - -> Analyzing version 4.0.2 (25/27)...
2025-11-15 14:57:01,570 - BlankSpaceAnalyzer - INFO - -> Analyzing version 4.0.3 (26/27)...
2025-11-15 14:57:01,605 - BlankSpaceAnalyzer - INFO - -> Analyzing version 4.0.4 (27/27)...
2025-11-15 14:57:01,645 - BlankSpaceAnalyzer - INFO - Exporting results for 'thread-loader' to CSV...
2025-11-15 14:57:01,671 - BlankSpaceAnalyzer - INFO - Reports saved in: /app/npm_results/thread-loader
2025-11-15 14:57:01,672 - NPM_Analyzer - INFO - Cleaning temporary folder 'temp/thread-loader'...
2025-11-15 14:57:01,678 - NPM_Analyzer - INFO - Cleanup completed.
2025-11-16 01:28:48,006 - NPM_Analyzer - INFO - Fetching metadata for 'thread-loader'...
2025-11-16 01:28:48,086 - NPM_Analyzer - INFO - Found 27 versions. Starting download into 'temp/thread-loader'...
2025-11-16 01:28:54,808 - BlankSpaceAnalyzer - INFO - Analyzing 27 versions for '*.js' in 'thread-loader'.
2025-11-16 01:28:54,808 - BlankSpaceAnalyzer - INFO - -> Analyzing version 1.0.1 (1/27)...
2025-11-16 01:28:54,875 - BlankSpaceAnalyzer - INFO - -> Analyzing version 1.0.2 (2/27)...
2025-11-16 01:28:54,907 - BlankSpaceAnalyzer - INFO - -> Analyzing version 1.0.3 (3/27)...
2025-11-16 01:28:54,940 - BlankSpaceAnalyzer - INFO - -> Analyzing version 1.1.0 (4/27)...
2025-11-16 01:28:54,972 - BlankSpaceAnalyzer - INFO - -> Analyzing version 1.1.1 (5/27)...
2025-11-16 01:28:55,007 - BlankSpaceAnalyzer - INFO - -> Analyzing version 1.1.2 (6/27)...
2025-11-16 01:28:55,043 - BlankSpaceAnalyzer - INFO - -> Analyzing version 1.1.3 (7/27)...
2025-11-16 01:28:55,084 - BlankSpaceAnalyzer - INFO - -> Analyzing version 1.1.4 (8/27)...
2025-11-16 01:28:55,121 - BlankSpaceAnalyzer - INFO - -> Analyzing version 1.1.5 (9/27)...
2025-11-16 01:28:55,157 - BlankSpaceAnalyzer - INFO - -> Analyzing version 1.2.0 (10/27)...
2025-11-16 01:28:55,193 - BlankSpaceAnalyzer - INFO - -> Analyzing version 2.0.0 (11/27)...
2025-11-16 01:28:55,229 - BlankSpaceAnalyzer - INFO - -> Analyzing version 2.0.1 (12/27)...
2025-11-16 01:28:55,266 - BlankSpaceAnalyzer - INFO - -> Analyzing version 2.0.2 (13/27)...
2025-11-16 01:28:55,301 - BlankSpaceAnalyzer - INFO - -> Analyzing version 2.1.0 (14/27)...
2025-11-16 01:28:55,336 - BlankSpaceAnalyzer - INFO - -> Analyzing version 2.1.1 (15/27)...
2025-11-16 01:28:55,372 - BlankSpaceAnalyzer - INFO - -> Analyzing version 2.1.2 (16/27)...
2025-11-16 01:28:55,407 - BlankSpaceAnalyzer - INFO - -> Analyzing version 2.1.3 (17/27)...
2025-11-16 01:28:55,443 - BlankSpaceAnalyzer - INFO - -> Analyzing version 3.0.0 (18/27)...
2025-11-16 01:28:55,478 - BlankSpaceAnalyzer - INFO - -> Analyzing version 3.0.1 (19/27)...
2025-11-16 01:28:55,514 - BlankSpaceAnalyzer - INFO - -> Analyzing version 3.0.2 (20/27)...
2025-11-16 01:28:55,551 - BlankSpaceAnalyzer - INFO - -> Analyzing version 3.0.3 (21/27)...
2025-11-16 01:28:55,586 - BlankSpaceAnalyzer - INFO - -> Analyzing version 3.0.4 (22/27)...
2025-11-16 01:28:55,623 - BlankSpaceAnalyzer - INFO - -> Analyzing version 4.0.0 (23/27)...
2025-11-16 01:28:55,658 - BlankSpaceAnalyzer - INFO - -> Analyzing version 4.0.1 (24/27)...
2025-11-16 01:28:55,694 - BlankSpaceAnalyzer - INFO - -> Analyzing version 4.0.2 (25/27)...
2025-11-16 01:28:55,731 - BlankSpaceAnalyzer - INFO - -> Analyzing version 4.0.3 (26/27)...
2025-11-16 01:28:55,768 - BlankSpaceAnalyzer - INFO - -> Analyzing version 4.0.4 (27/27)...
2025-11-16 01:28:55,805 - BlankSpaceAnalyzer - INFO - Exporting results for 'thread-loader' to CSV...
2025-11-16 01:28:55,832 - BlankSpaceAnalyzer - INFO - Reports saved in: /app/npm_results/thread-loader
2025-11-16 01:28:55,832 - NPM_Analyzer - INFO - Cleaning temporary folder 'temp/thread-loader'...
2025-11-16 01:28:55,838 - NPM_Analyzer - INFO - Cleanup completed.
2025-11-16 11:51:38,798 - NPM_Analyzer - INFO - Fetching metadata for 'thread-loader'...
2025-11-16 11:51:38,915 - NPM_Analyzer - INFO - Found 27 versions. Starting download into 'temp/thread-loader'...
2025-11-16 11:51:45,171 - BlankSpaceAnalyzer - INFO - Analyzing 27 versions for '*.js' in 'thread-loader'.
2025-11-16 11:51:45,171 - BlankSpaceAnalyzer - INFO - -> Analyzing version 1.0.1 (1/27)...
2025-11-16 11:51:45,206 - BlankSpaceAnalyzer - INFO - -> Analyzing version 1.0.2 (2/27)...
2025-11-16 11:51:45,239 - BlankSpaceAnalyzer - INFO - -> Analyzing version 1.0.3 (3/27)...
2025-11-16 11:51:45,270 - BlankSpaceAnalyzer - INFO - -> Analyzing version 1.1.0 (4/27)...
2025-11-16 11:51:45,301 - BlankSpaceAnalyzer - INFO - -> Analyzing version 1.1.1 (5/27)...
2025-11-16 11:51:45,339 - BlankSpaceAnalyzer - INFO - -> Analyzing version 1.1.2 (6/27)...
2025-11-16 11:51:45,373 - BlankSpaceAnalyzer - INFO - -> Analyzing version 1.1.3 (7/27)...
2025-11-16 11:51:45,408 - BlankSpaceAnalyzer - INFO - -> Analyzing version 1.1.4 (8/27)...
2025-11-16 11:51:45,444 - BlankSpaceAnalyzer - INFO - -> Analyzing version 1.1.5 (9/27)...
2025-11-16 11:51:45,478 - BlankSpaceAnalyzer - INFO - -> Analyzing version 1.2.0 (10/27)...
2025-11-16 11:51:45,513 - BlankSpaceAnalyzer - INFO - -> Analyzing version 2.0.0 (11/27)...
2025-11-16 11:51:45,548 - BlankSpaceAnalyzer - INFO - -> Analyzing version 2.0.1 (12/27)...
2025-11-16 11:51:45,583 - BlankSpaceAnalyzer - INFO - -> Analyzing version 2.0.2 (13/27)...
2025-11-16 11:51:45,618 - BlankSpaceAnalyzer - INFO - -> Analyzing version 2.1.0 (14/27)...
2025-11-16 11:51:45,652 - BlankSpaceAnalyzer - INFO - -> Analyzing version 2.1.1 (15/27)...
2025-11-16 11:51:45,687 - BlankSpaceAnalyzer - INFO - -> Analyzing version 2.1.2 (16/27)...
2025-11-16 11:51:45,722 - BlankSpaceAnalyzer - INFO - -> Analyzing version 2.1.3 (17/27)...
2025-11-16 11:51:45,757 - BlankSpaceAnalyzer - INFO - -> Analyzing version 3.0.0 (18/27)...
2025-11-16 11:51:45,792 - BlankSpaceAnalyzer - INFO - -> Analyzing version 3.0.1 (19/27)...
2025-11-16 11:51:45,827 - BlankSpaceAnalyzer - INFO - -> Analyzing version 3.0.2 (20/27)...
2025-11-16 11:51:45,862 - BlankSpaceAnalyzer - INFO - -> Analyzing version 3.0.3 (21/27)...
2025-11-16 11:51:45,898 - BlankSpaceAnalyzer - INFO - -> Analyzing version 3.0.4 (22/27)...
2025-11-16 11:51:45,933 - BlankSpaceAnalyzer - INFO - -> Analyzing version 4.0.0 (23/27)...
2025-11-16 11:51:45,968 - BlankSpaceAnalyzer - INFO - -> Analyzing version 4.0.1 (24/27)...
2025-11-16 11:51:46,003 - BlankSpaceAnalyzer - INFO - -> Analyzing version 4.0.2 (25/27)...
2025-11-16 11:51:46,039 - BlankSpaceAnalyzer - INFO - -> Analyzing version 4.0.3 (26/27)...
2025-11-16 11:51:46,075 - BlankSpaceAnalyzer - INFO - -> Analyzing version 4.0.4 (27/27)...
2025-11-16 11:51:46,111 - BlankSpaceAnalyzer - INFO - Exporting results for 'thread-loader' to CSV...
2025-11-16 11:51:46,137 - BlankSpaceAnalyzer - INFO - Reports saved in: /app/npm_results/thread-loader
2025-11-16 11:51:46,138 - NPM_Analyzer - INFO - Cleaning temporary folder 'temp/thread-loader'...
2025-11-16 11:51:46,143 - NPM_Analyzer - INFO - Cleanup completed.
