2025-11-11 21:25:43,833 - NPM_HUT_Analyzer - INFO - Recupero metadata per 'jest-environment-node'...
2025-11-11 21:25:43,942 - NPM_HUT_Analyzer - INFO - Trovate 293 versioni. Inizio download in 'temp_hut/jest-environment-node'...
2025-11-11 21:29:21,583 - UnicodeAnalyzer - INFO - Analizzando 293 versioni per '*.js' in 'jest-environment-node'.
2025-11-11 21:29:21,584 - UnicodeAnalyzer - INFO - -> Analizzando versione 1.0.0 (1/293)...
2025-11-11 21:29:21,584 - UnicodeAnalyzer - INFO - -> Analizzando versione 10.0.2 (2/293)...
2025-11-11 21:29:21,649 - UnicodeAnalyzer - INFO - -> Analizzando versione 11.0.0 (3/293)...
2025-11-11 21:29:21,694 - UnicodeAnalyzer - INFO - -> Analizzando versione 11.0.1 (4/293)...
2025-11-11 21:29:21,742 - UnicodeAnalyzer - INFO - -> Analizzando versione 11.0.2 (5/293)...
2025-11-11 21:29:21,797 - UnicodeAnalyzer - INFO - -> Analizzando versione 12.0.0 (6/293)...
2025-11-11 21:29:21,848 - UnicodeAnalyzer - INFO - -> Analizzando versione 12.0.1 (7/293)...
2025-11-11 21:29:21,896 - UnicodeAnalyzer - INFO - -> Analizzando versione 12.0.2 (8/293)...
2025-11-11 21:29:21,949 - UnicodeAnalyzer - INFO - -> Analizzando versione 12.1.0 (9/293)...
2025-11-11 21:29:21,998 - UnicodeAnalyzer - INFO - -> Analizzando versione 12.1.1-alpha.2935e14d (10/293)...
2025-11-11 21:29:21,999 - UnicodeAnalyzer - INFO - Filtrati 1 file (es. in /dist, /test).
2025-11-11 21:29:21,999 - UnicodeAnalyzer - INFO - -> Analizzando versione 12.1.2-alpha.6230044c (11/293)...
2025-11-11 21:29:21,999 - UnicodeAnalyzer - INFO - Filtrati 1 file (es. in /dist, /test).
2025-11-11 21:29:21,999 - UnicodeAnalyzer - INFO - -> Analizzando versione 12.1.2-alpha.a482b15c (12/293)...
2025-11-11 21:29:21,999 - UnicodeAnalyzer - INFO - Filtrati 1 file (es. in /dist, /test).
2025-11-11 21:29:21,999 - UnicodeAnalyzer - INFO - -> Analizzando versione 12.1.3-alpha.6230044c (13/293)...
2025-11-11 21:29:22,000 - UnicodeAnalyzer - INFO - Filtrati 1 file (es. in /dist, /test).
2025-11-11 21:29:22,000 - UnicodeAnalyzer - INFO - -> Analizzando versione 12.1.4-alpha.a737c6e5 (14/293)...
2025-11-11 21:29:22,000 - UnicodeAnalyzer - INFO - Filtrati 1 file (es. in /dist, /test).
2025-11-11 21:29:22,000 - UnicodeAnalyzer - INFO - -> Analizzando versione 12.1.5-alpha.b5322422 (15/293)...
2025-11-11 21:29:22,000 - UnicodeAnalyzer - INFO - Filtrati 1 file (es. in /dist, /test).
2025-11-11 21:29:22,000 - UnicodeAnalyzer - INFO - -> Analizzando versione 13.0.0 (16/293)...
2025-11-11 21:29:22,000 - UnicodeAnalyzer - INFO - Filtrati 1 file (es. in /dist, /test).
2025-11-11 21:29:22,000 - UnicodeAnalyzer - INFO - -> Analizzando versione 13.1.0 (17/293)...
2025-11-11 21:29:22,001 - UnicodeAnalyzer - INFO - Filtrati 1 file (es. in /dist, /test).
2025-11-11 21:29:22,001 - UnicodeAnalyzer - INFO - -> Analizzando versione 13.1.1 (18/293)...
2025-11-11 21:29:22,001 - UnicodeAnalyzer - INFO - Filtrati 1 file (es. in /dist, /test).
2025-11-11 21:29:22,001 - UnicodeAnalyzer - INFO - -> Analizzando versione 13.1.2 (19/293)...
2025-11-11 21:29:22,001 - UnicodeAnalyzer - INFO - Filtrati 1 file (es. in /dist, /test).
2025-11-11 21:29:22,001 - UnicodeAnalyzer - INFO - -> Analizzando versione 13.1.3 (20/293)...
2025-11-11 21:29:22,001 - UnicodeAnalyzer - INFO - Filtrati 1 file (es. in /dist, /test).
2025-11-11 21:29:22,001 - UnicodeAnalyzer - INFO - -> Analizzando versione 13.2.0 (21/293)...
2025-11-11 21:29:22,002 - UnicodeAnalyzer - INFO - Filtrati 1 file (es. in /dist, /test).
2025-11-11 21:29:22,002 - UnicodeAnalyzer - INFO - -> Analizzando versione 13.2.1 (22/293)...
2025-11-11 21:29:22,002 - UnicodeAnalyzer - INFO - Filtrati 1 file (es. in /dist, /test).
2025-11-11 21:29:22,002 - UnicodeAnalyzer - INFO - -> Analizzando versione 13.2.2 (23/293)...
2025-11-11 21:29:22,002 - UnicodeAnalyzer - INFO - Filtrati 1 file (es. in /dist, /test).
2025-11-11 21:29:22,002 - UnicodeAnalyzer - INFO - -> Analizzando versione 13.3.0-alpha.4eb0c908 (24/293)...
2025-11-11 21:29:22,002 - UnicodeAnalyzer - INFO - Filtrati 1 file (es. in /dist, /test).
2025-11-11 21:29:22,002 - UnicodeAnalyzer - INFO - -> Analizzando versione 13.3.0-alpha.8b48d59e (25/293)...
2025-11-11 21:29:22,003 - UnicodeAnalyzer - INFO - Filtrati 1 file (es. in /dist, /test).
2025-11-11 21:29:22,003 - UnicodeAnalyzer - INFO - -> Analizzando versione 13.3.0-alpha.a44f195f (26/293)...
2025-11-11 21:29:22,003 - UnicodeAnalyzer - INFO - -> Analizzando versione 13.3.0-alpha.ffc7404b (27/293)...
2025-11-11 21:29:22,003 - UnicodeAnalyzer - INFO - Filtrati 1 file (es. in /dist, /test).
2025-11-11 21:29:22,003 - UnicodeAnalyzer - INFO - -> Analizzando versione 13.3.0-alpha.g8b48d59 (28/293)...
2025-11-11 21:29:22,003 - UnicodeAnalyzer - INFO - Filtrati 1 file (es. in /dist, /test).
2025-11-11 21:29:22,003 - UnicodeAnalyzer - INFO - -> Analizzando versione 13.4.0-alpha.d2632006 (29/293)...
2025-11-11 21:29:22,004 - UnicodeAnalyzer - INFO - Filtrati 1 file (es. in /dist, /test).
2025-11-11 21:29:22,004 - UnicodeAnalyzer - INFO - -> Analizzando versione 14.0.0 (30/293)...
2025-11-11 21:29:22,004 - UnicodeAnalyzer - INFO - Filtrati 1 file (es. in /dist, /test).
2025-11-11 21:29:22,004 - UnicodeAnalyzer - INFO - -> Analizzando versione 14.2.0-alpha.ca8bfb6e (31/293)...
2025-11-11 21:29:22,004 - UnicodeAnalyzer - INFO - Filtrati 1 file (es. in /dist, /test).
2025-11-11 21:29:22,004 - UnicodeAnalyzer - INFO - -> Analizzando versione 14.2.1-alpha.e21d71a4 (32/293)...
2025-11-11 21:29:22,004 - UnicodeAnalyzer - INFO - Filtrati 1 file (es. in /dist, /test).
2025-11-11 21:29:22,005 - UnicodeAnalyzer - INFO - -> Analizzando versione 14.2.2-alpha.22bd3c33 (33/293)...
2025-11-11 21:29:22,005 - UnicodeAnalyzer - INFO - Filtrati 1 file (es. in /dist, /test).
2025-11-11 21:29:22,005 - UnicodeAnalyzer - INFO - -> Analizzando versione 14.3.0-alpha.d13c163e (34/293)...
2025-11-11 21:29:22,005 - UnicodeAnalyzer - INFO - Filtrati 1 file (es. in /dist, /test).
2025-11-11 21:29:22,005 - UnicodeAnalyzer - INFO - -> Analizzando versione 14.3.1-alpha.410cb91a (35/293)...
2025-11-11 21:29:22,005 - UnicodeAnalyzer - INFO - Filtrati 1 file (es. in /dist, /test).
2025-11-11 21:29:22,005 - UnicodeAnalyzer - INFO - -> Analizzando versione 14.3.2-alpha.83c25417 (36/293)...
2025-11-11 21:29:22,005 - UnicodeAnalyzer - INFO - Filtrati 1 file (es. in /dist, /test).
2025-11-11 21:29:22,006 - UnicodeAnalyzer - INFO - -> Analizzando versione 15.0.0 (37/293)...
2025-11-11 21:29:22,006 - UnicodeAnalyzer - INFO - Filtrati 1 file (es. in /dist, /test).
2025-11-11 21:29:22,006 - UnicodeAnalyzer - INFO - -> Analizzando versione 15.0.1 (38/293)...
2025-11-11 21:29:22,006 - UnicodeAnalyzer - INFO - Filtrati 1 file (es. in /dist, /test).
2025-11-11 21:29:22,006 - UnicodeAnalyzer - INFO - -> Analizzando versione 15.1.0 (39/293)...
2025-11-11 21:29:22,006 - UnicodeAnalyzer - INFO - Filtrati 1 file (es. in /dist, /test).
2025-11-11 21:29:22,006 - UnicodeAnalyzer - INFO - -> Analizzando versione 15.1.1 (40/293)...
2025-11-11 21:29:22,006 - UnicodeAnalyzer - INFO - Filtrati 1 file (es. in /dist, /test).
2025-11-11 21:29:22,007 - UnicodeAnalyzer - INFO - -> Analizzando versione 15.2.0-alpha.c681f819 (41/293)...
2025-11-11 21:29:22,007 - UnicodeAnalyzer - INFO - Filtrati 1 file (es. in /dist, /test).
2025-11-11 21:29:22,007 - UnicodeAnalyzer - INFO - -> Analizzando versione 16.0.0 (42/293)...
2025-11-11 21:29:22,007 - UnicodeAnalyzer - INFO - Filtrati 1 file (es. in /dist, /test).
2025-11-11 21:29:22,007 - UnicodeAnalyzer - INFO - -> Analizzando versione 16.0.2 (43/293)...
2025-11-11 21:29:22,007 - UnicodeAnalyzer - INFO - Filtrati 1 file (es. in /dist, /test).
2025-11-11 21:29:22,007 - UnicodeAnalyzer - INFO - -> Analizzando versione 16.1.0-alpha.691b0e22 (44/293)...
2025-11-11 21:29:22,008 - UnicodeAnalyzer - INFO - Filtrati 1 file (es. in /dist, /test).
2025-11-11 21:29:22,008 - UnicodeAnalyzer - INFO - -> Analizzando versione 17.0.0 (45/293)...
2025-11-11 21:29:22,008 - UnicodeAnalyzer - INFO - Filtrati 1 file (es. in /dist, /test).
2025-11-11 21:29:22,008 - UnicodeAnalyzer - INFO - -> Analizzando versione 17.0.2 (46/293)...
2025-11-11 21:29:22,008 - UnicodeAnalyzer - INFO - Filtrati 1 file (es. in /dist, /test).
2025-11-11 21:29:22,008 - UnicodeAnalyzer - INFO - -> Analizzando versione 18.0.0 (47/293)...
2025-11-11 21:29:22,008 - UnicodeAnalyzer - INFO - Filtrati 1 file (es. in /dist, /test).
2025-11-11 21:29:22,008 - UnicodeAnalyzer - INFO - -> Analizzando versione 18.1.0 (48/293)...
2025-11-11 21:29:22,009 - UnicodeAnalyzer - INFO - Filtrati 1 file (es. in /dist, /test).
2025-11-11 21:29:22,009 - UnicodeAnalyzer - INFO - -> Analizzando versione 18.5.0-alpha.7da3df39 (49/293)...
2025-11-11 21:29:22,009 - UnicodeAnalyzer - INFO - Filtrati 1 file (es. in /dist, /test).
2025-11-11 21:29:22,009 - UnicodeAnalyzer - INFO - -> Analizzando versione 19.0.0 (50/293)...
2025-11-11 21:29:22,009 - UnicodeAnalyzer - INFO - Filtrati 1 file (es. in /dist, /test).
2025-11-11 21:29:22,009 - UnicodeAnalyzer - INFO - -> Analizzando versione 19.0.1 (51/293)...
2025-11-11 21:29:22,009 - UnicodeAnalyzer - INFO - Filtrati 1 file (es. in /dist, /test).
2025-11-11 21:29:22,009 - UnicodeAnalyzer - INFO - -> Analizzando versione 19.0.2 (52/293)...
2025-11-11 21:29:22,010 - UnicodeAnalyzer - INFO - Filtrati 1 file (es. in /dist, /test).
2025-11-11 21:29:22,010 - UnicodeAnalyzer - INFO - -> Analizzando versione 19.1.0-alpha.eed82034 (53/293)...
2025-11-11 21:29:22,010 - UnicodeAnalyzer - INFO - Filtrati 1 file (es. in /dist, /test).
2025-11-11 21:29:22,010 - UnicodeAnalyzer - INFO - -> Analizzando versione 19.2.0-alpha.993e64af (54/293)...
2025-11-11 21:29:22,010 - UnicodeAnalyzer - INFO - Filtrati 1 file (es. in /dist, /test).
2025-11-11 21:29:22,010 - UnicodeAnalyzer - INFO - -> Analizzando versione 19.3.0-alpha.85402254 (55/293)...
2025-11-11 21:29:22,010 - UnicodeAnalyzer - INFO - Filtrati 1 file (es. in /dist, /test).
2025-11-11 21:29:22,010 - UnicodeAnalyzer - INFO - -> Analizzando versione 20.0.0 (56/293)...
2025-11-11 21:29:22,011 - UnicodeAnalyzer - INFO - Filtrati 1 file (es. in /dist, /test).
2025-11-11 21:29:22,011 - UnicodeAnalyzer - INFO - -> Analizzando versione 20.0.1 (57/293)...
2025-11-11 21:29:22,011 - UnicodeAnalyzer - INFO - Filtrati 1 file (es. in /dist, /test).
2025-11-11 21:29:22,011 - UnicodeAnalyzer - INFO - -> Analizzando versione 20.0.2 (58/293)...
2025-11-11 21:29:22,011 - UnicodeAnalyzer - INFO - Filtrati 1 file (es. in /dist, /test).
2025-11-11 21:29:22,011 - UnicodeAnalyzer - INFO - -> Analizzando versione 20.0.3 (59/293)...
2025-11-11 21:29:22,011 - UnicodeAnalyzer - INFO - Filtrati 1 file (es. in /dist, /test).
2025-11-11 21:29:22,011 - UnicodeAnalyzer - INFO - -> Analizzando versione 20.1.0-alpha.1 (60/293)...
2025-11-11 21:29:22,012 - UnicodeAnalyzer - INFO - Filtrati 1 file (es. in /dist, /test).
2025-11-11 21:29:22,012 - UnicodeAnalyzer - INFO - -> Analizzando versione 20.1.0-alpha.2 (61/293)...
2025-11-11 21:29:22,012 - UnicodeAnalyzer - INFO - Filtrati 1 file (es. in /dist, /test).
2025-11-11 21:29:22,012 - UnicodeAnalyzer - INFO - -> Analizzando versione 20.1.0-alpha.3 (62/293)...
2025-11-11 21:29:22,012 - UnicodeAnalyzer - INFO - Filtrati 1 file (es. in /dist, /test).
2025-11-11 21:29:22,012 - UnicodeAnalyzer - INFO - -> Analizzando versione 20.1.0-beta.1 (63/293)...
2025-11-11 21:29:22,012 - UnicodeAnalyzer - INFO - Filtrati 1 file (es. in /dist, /test).
2025-11-11 21:29:22,012 - UnicodeAnalyzer - INFO - -> Analizzando versione 20.1.0-chi.1 (64/293)...
2025-11-11 21:29:22,013 - UnicodeAnalyzer - INFO - Filtrati 1 file (es. in /dist, /test).
2025-11-11 21:29:22,013 - UnicodeAnalyzer - INFO - -> Analizzando versione 20.1.0-delta.1 (65/293)...
2025-11-11 21:29:22,013 - UnicodeAnalyzer - INFO - Filtrati 1 file (es. in /dist, /test).
2025-11-11 21:29:22,013 - UnicodeAnalyzer - INFO - -> Analizzando versione 20.1.0-delta.2 (66/293)...
2025-11-11 21:29:22,013 - UnicodeAnalyzer - INFO - Filtrati 1 file (es. in /dist, /test).
2025-11-11 21:29:22,013 - UnicodeAnalyzer - INFO - -> Analizzando versione 20.1.0-delta.3 (67/293)...
2025-11-11 21:29:22,013 - UnicodeAnalyzer - INFO - Filtrati 1 file (es. in /dist, /test).
2025-11-11 21:29:22,014 - UnicodeAnalyzer - INFO - -> Analizzando versione 20.1.0-delta.4 (68/293)...
2025-11-11 21:29:22,014 - UnicodeAnalyzer - INFO - Filtrati 1 file (es. in /dist, /test).
2025-11-11 21:29:22,014 - UnicodeAnalyzer - INFO - -> Analizzando versione 20.1.0-delta.5 (69/293)...
2025-11-11 21:29:22,014 - UnicodeAnalyzer - INFO - Filtrati 1 file (es. in /dist, /test).
2025-11-11 21:29:22,014 - UnicodeAnalyzer - INFO - -> Analizzando versione 20.1.0-echo.1 (70/293)...
2025-11-11 21:29:22,014 - UnicodeAnalyzer - INFO - Filtrati 1 file (es. in /dist, /test).
2025-11-11 21:29:22,014 - UnicodeAnalyzer - INFO - -> Analizzando versione 21.0.0 (71/293)...
2025-11-11 21:29:22,014 - UnicodeAnalyzer - INFO - Filtrati 1 file (es. in /dist, /test).
2025-11-11 21:29:22,014 - UnicodeAnalyzer - INFO - -> Analizzando versione 21.0.0-alpha.1 (72/293)...
2025-11-11 21:29:22,015 - UnicodeAnalyzer - INFO - Filtrati 1 file (es. in /dist, /test).
2025-11-11 21:29:22,015 - UnicodeAnalyzer - INFO - -> Analizzando versione 21.0.0-alpha.2 (73/293)...
2025-11-11 21:29:22,015 - UnicodeAnalyzer - INFO - Filtrati 1 file (es. in /dist, /test).
2025-11-11 21:29:22,015 - UnicodeAnalyzer - INFO - -> Analizzando versione 21.0.0-beta.1 (74/293)...
2025-11-11 21:29:22,015 - UnicodeAnalyzer - INFO - Filtrati 1 file (es. in /dist, /test).
2025-11-11 21:29:22,015 - UnicodeAnalyzer - INFO - -> Analizzando versione 21.0.2 (75/293)...
2025-11-11 21:29:22,016 - UnicodeAnalyzer - INFO - Filtrati 1 file (es. in /dist, /test).
2025-11-11 21:29:22,016 - UnicodeAnalyzer - INFO - -> Analizzando versione 21.1.0 (76/293)...
2025-11-11 21:29:22,016 - UnicodeAnalyzer - INFO - Filtrati 1 file (es. in /dist, /test).
2025-11-11 21:29:22,016 - UnicodeAnalyzer - INFO - -> Analizzando versione 21.2.0 (77/293)...
2025-11-11 21:29:22,016 - UnicodeAnalyzer - INFO - Filtrati 1 file (es. in /dist, /test).
2025-11-11 21:29:22,016 - UnicodeAnalyzer - INFO - -> Analizzando versione 21.2.1 (78/293)...
2025-11-11 21:29:22,016 - UnicodeAnalyzer - INFO - Filtrati 1 file (es. in /dist, /test).
2025-11-11 21:29:22,016 - UnicodeAnalyzer - INFO - -> Analizzando versione 21.3.0-alpha.1e3ee68e (79/293)...
2025-11-11 21:29:22,017 - UnicodeAnalyzer - INFO - Filtrati 1 file (es. in /dist, /test).
2025-11-11 21:29:22,017 - UnicodeAnalyzer - INFO - -> Analizzando versione 21.3.0-alpha.eff7a1cf (80/293)...
2025-11-11 21:29:22,017 - UnicodeAnalyzer - INFO - Filtrati 1 file (es. in /dist, /test).
2025-11-11 21:29:22,017 - UnicodeAnalyzer - INFO - -> Analizzando versione 21.3.0-beta.1 (81/293)...
2025-11-11 21:29:22,017 - UnicodeAnalyzer - INFO - Filtrati 1 file (es. in /dist, /test).
2025-11-11 21:29:22,017 - UnicodeAnalyzer - INFO - -> Analizzando versione 21.3.0-beta.10 (82/293)...
2025-11-11 21:29:22,017 - UnicodeAnalyzer - INFO - Filtrati 1 file (es. in /dist, /test).
2025-11-11 21:29:22,018 - UnicodeAnalyzer - INFO - -> Analizzando versione 21.3.0-beta.11 (83/293)...
2025-11-11 21:29:22,018 - UnicodeAnalyzer - INFO - Filtrati 1 file (es. in /dist, /test).
2025-11-11 21:29:22,018 - UnicodeAnalyzer - INFO - -> Analizzando versione 21.3.0-beta.12 (84/293)...
2025-11-11 21:29:22,018 - UnicodeAnalyzer - INFO - Filtrati 1 file (es. in /dist, /test).
2025-11-11 21:29:22,018 - UnicodeAnalyzer - INFO - -> Analizzando versione 21.3.0-beta.13 (85/293)...
2025-11-11 21:29:22,018 - UnicodeAnalyzer - INFO - Filtrati 1 file (es. in /dist, /test).
2025-11-11 21:29:22,018 - UnicodeAnalyzer - INFO - -> Analizzando versione 21.3.0-beta.14 (86/293)...
2025-11-11 21:29:22,018 - UnicodeAnalyzer - INFO - Filtrati 1 file (es. in /dist, /test).
2025-11-11 21:29:22,018 - UnicodeAnalyzer - INFO - -> Analizzando versione 21.3.0-beta.15 (87/293)...
2025-11-11 21:29:22,019 - UnicodeAnalyzer - INFO - Filtrati 1 file (es. in /dist, /test).
2025-11-11 21:29:22,019 - UnicodeAnalyzer - INFO - -> Analizzando versione 21.3.0-beta.2 (88/293)...
2025-11-11 21:29:22,019 - UnicodeAnalyzer - INFO - Filtrati 1 file (es. in /dist, /test).
2025-11-11 21:29:22,019 - UnicodeAnalyzer - INFO - -> Analizzando versione 21.3.0-beta.3 (89/293)...
2025-11-11 21:29:22,019 - UnicodeAnalyzer - INFO - Filtrati 1 file (es. in /dist, /test).
2025-11-11 21:29:22,019 - UnicodeAnalyzer - INFO - -> Analizzando versione 21.3.0-beta.4 (90/293)...
2025-11-11 21:29:22,019 - UnicodeAnalyzer - INFO - Filtrati 1 file (es. in /dist, /test).
2025-11-11 21:29:22,020 - UnicodeAnalyzer - INFO - -> Analizzando versione 21.3.0-beta.5 (91/293)...
2025-11-11 21:29:22,020 - UnicodeAnalyzer - INFO - Filtrati 1 file (es. in /dist, /test).
2025-11-11 21:29:22,020 - UnicodeAnalyzer - INFO - -> Analizzando versione 21.3.0-beta.6 (92/293)...
2025-11-11 21:29:22,020 - UnicodeAnalyzer - INFO - Filtrati 1 file (es. in /dist, /test).
2025-11-11 21:29:22,020 - UnicodeAnalyzer - INFO - -> Analizzando versione 21.3.0-beta.7 (93/293)...
2025-11-11 21:29:22,020 - UnicodeAnalyzer - INFO - Filtrati 1 file (es. in /dist, /test).
2025-11-11 21:29:22,020 - UnicodeAnalyzer - INFO - -> Analizzando versione 21.3.0-beta.8 (94/293)...
2025-11-11 21:29:22,021 - UnicodeAnalyzer - INFO - Filtrati 1 file (es. in /dist, /test).
2025-11-11 21:29:22,021 - UnicodeAnalyzer - INFO - -> Analizzando versione 21.3.0-beta.9 (95/293)...
2025-11-11 21:29:22,021 - UnicodeAnalyzer - INFO - Filtrati 1 file (es. in /dist, /test).
2025-11-11 21:29:22,021 - UnicodeAnalyzer - INFO - -> Analizzando versione 22.0.0 (96/293)...
2025-11-11 21:29:22,021 - UnicodeAnalyzer - INFO - Filtrati 1 file (es. in /dist, /test).
2025-11-11 21:29:22,021 - UnicodeAnalyzer - INFO - -> Analizzando versione 22.0.1 (97/293)...
2025-11-11 21:29:22,021 - UnicodeAnalyzer - INFO - Filtrati 1 file (es. in /dist, /test).
2025-11-11 21:29:22,021 - UnicodeAnalyzer - INFO - -> Analizzando versione 22.0.2 (98/293)...
2025-11-11 21:29:22,022 - UnicodeAnalyzer - INFO - Filtrati 1 file (es. in /dist, /test).
2025-11-11 21:29:22,022 - UnicodeAnalyzer - INFO - -> Analizzando versione 22.0.3 (99/293)...
2025-11-11 21:29:22,022 - UnicodeAnalyzer - INFO - Filtrati 1 file (es. in /dist, /test).
2025-11-11 21:29:22,022 - UnicodeAnalyzer - INFO - -> Analizzando versione 22.0.4 (100/293)...
2025-11-11 21:29:22,022 - UnicodeAnalyzer - INFO - Filtrati 1 file (es. in /dist, /test).
2025-11-11 21:29:22,022 - UnicodeAnalyzer - INFO - -> Analizzando versione 22.0.5 (101/293)...
2025-11-11 21:29:22,022 - UnicodeAnalyzer - INFO - Filtrati 1 file (es. in /dist, /test).
2025-11-11 21:29:22,022 - UnicodeAnalyzer - INFO - -> Analizzando versione 22.0.6 (102/293)...
2025-11-11 21:29:22,023 - UnicodeAnalyzer - INFO - Filtrati 1 file (es. in /dist, /test).
2025-11-11 21:29:22,023 - UnicodeAnalyzer - INFO - -> Analizzando versione 22.1.0 (103/293)...
2025-11-11 21:29:22,023 - UnicodeAnalyzer - INFO - Filtrati 1 file (es. in /dist, /test).
2025-11-11 21:29:22,023 - UnicodeAnalyzer - INFO - -> Analizzando versione 22.1.2 (104/293)...
2025-11-11 21:29:22,023 - UnicodeAnalyzer - INFO - Filtrati 1 file (es. in /dist, /test).
2025-11-11 21:29:22,023 - UnicodeAnalyzer - INFO - -> Analizzando versione 22.1.4 (105/293)...
2025-11-11 21:29:22,023 - UnicodeAnalyzer - INFO - Filtrati 1 file (es. in /dist, /test).
2025-11-11 21:29:22,023 - UnicodeAnalyzer - INFO - -> Analizzando versione 22.2.0 (106/293)...
2025-11-11 21:29:22,024 - UnicodeAnalyzer - INFO - Filtrati 1 file (es. in /dist, /test).
2025-11-11 21:29:22,024 - UnicodeAnalyzer - INFO - -> Analizzando versione 22.2.2 (107/293)...
2025-11-11 21:29:22,024 - UnicodeAnalyzer - INFO - Filtrati 1 file (es. in /dist, /test).
2025-11-11 21:29:22,024 - UnicodeAnalyzer - INFO - -> Analizzando versione 22.3.0 (108/293)...
2025-11-11 21:29:22,024 - UnicodeAnalyzer - INFO - Filtrati 1 file (es. in /dist, /test).
2025-11-11 21:29:22,024 - UnicodeAnalyzer - INFO - -> Analizzando versione 22.4.0 (109/293)...
2025-11-11 21:29:22,024 - UnicodeAnalyzer - INFO - Filtrati 1 file (es. in /dist, /test).
2025-11-11 21:29:22,025 - UnicodeAnalyzer - INFO - -> Analizzando versione 22.4.1 (110/293)...
2025-11-11 21:29:22,025 - UnicodeAnalyzer - INFO - Filtrati 1 file (es. in /dist, /test).
2025-11-11 21:29:22,025 - UnicodeAnalyzer - INFO - -> Analizzando versione 22.4.3 (111/293)...
2025-11-11 21:29:22,025 - UnicodeAnalyzer - INFO - Filtrati 1 file (es. in /dist, /test).
2025-11-11 21:29:22,025 - UnicodeAnalyzer - INFO - -> Analizzando versione 23.0.0 (112/293)...
2025-11-11 21:29:22,025 - UnicodeAnalyzer - INFO - Filtrati 1 file (es. in /dist, /test).
2025-11-11 21:29:22,025 - UnicodeAnalyzer - INFO - -> Analizzando versione 23.0.0-alpha.0 (113/293)...
2025-11-11 21:29:22,025 - UnicodeAnalyzer - INFO - Filtrati 1 file (es. in /dist, /test).
2025-11-11 21:29:22,026 - UnicodeAnalyzer - INFO - -> Analizzando versione 23.0.0-alpha.1 (114/293)...
2025-11-11 21:29:22,026 - UnicodeAnalyzer - INFO - Filtrati 1 file (es. in /dist, /test).
2025-11-11 21:29:22,026 - UnicodeAnalyzer - INFO - -> Analizzando versione 23.0.0-alpha.2 (115/293)...
2025-11-11 21:29:22,026 - UnicodeAnalyzer - INFO - Filtrati 1 file (es. in /dist, /test).
2025-11-11 21:29:22,026 - UnicodeAnalyzer - INFO - -> Analizzando versione 23.0.0-alpha.3r (116/293)...
2025-11-11 21:29:22,026 - UnicodeAnalyzer - INFO - Filtrati 1 file (es. in /dist, /test).
2025-11-11 21:29:22,026 - UnicodeAnalyzer - INFO - -> Analizzando versione 23.0.0-alpha.4 (117/293)...
2025-11-11 21:29:22,027 - UnicodeAnalyzer - INFO - Filtrati 1 file (es. in /dist, /test).
2025-11-11 21:29:22,027 - UnicodeAnalyzer - INFO - -> Analizzando versione 23.0.0-alpha.5 (118/293)...
2025-11-11 21:29:22,027 - UnicodeAnalyzer - INFO - Filtrati 1 file (es. in /dist, /test).
2025-11-11 21:29:22,027 - UnicodeAnalyzer - INFO - -> Analizzando versione 23.0.0-alpha.5r (119/293)...
2025-11-11 21:29:22,027 - UnicodeAnalyzer - INFO - Filtrati 1 file (es. in /dist, /test).
2025-11-11 21:29:22,027 - UnicodeAnalyzer - INFO - -> Analizzando versione 23.0.0-alpha.6r (120/293)...
2025-11-11 21:29:22,028 - UnicodeAnalyzer - INFO - Filtrati 1 file (es. in /dist, /test).
2025-11-11 21:29:22,028 - UnicodeAnalyzer - INFO - -> Analizzando versione 23.0.0-alpha.7 (121/293)...
2025-11-11 21:29:22,028 - UnicodeAnalyzer - INFO - Filtrati 1 file (es. in /dist, /test).
2025-11-11 21:29:22,028 - UnicodeAnalyzer - INFO - -> Analizzando versione 23.0.0-beta.0 (122/293)...
2025-11-11 21:29:22,028 - UnicodeAnalyzer - INFO - Filtrati 1 file (es. in /dist, /test).
2025-11-11 21:29:22,028 - UnicodeAnalyzer - INFO - -> Analizzando versione 23.0.0-beta.1 (123/293)...
2025-11-11 21:29:22,028 - UnicodeAnalyzer - INFO - Filtrati 1 file (es. in /dist, /test).
2025-11-11 21:29:22,029 - UnicodeAnalyzer - INFO - -> Analizzando versione 23.0.0-beta.2 (124/293)...
2025-11-11 21:29:22,029 - UnicodeAnalyzer - INFO - Filtrati 1 file (es. in /dist, /test).
2025-11-11 21:29:22,029 - UnicodeAnalyzer - INFO - -> Analizzando versione 23.0.0-beta.3r (125/293)...
2025-11-11 21:29:22,029 - UnicodeAnalyzer - INFO - Filtrati 1 file (es. in /dist, /test).
2025-11-11 21:29:22,029 - UnicodeAnalyzer - INFO - -> Analizzando versione 23.0.0-charlie.0 (126/293)...
2025-11-11 21:29:22,029 - UnicodeAnalyzer - INFO - Filtrati 1 file (es. in /dist, /test).
2025-11-11 21:29:22,029 - UnicodeAnalyzer - INFO - -> Analizzando versione 23.0.0-charlie.1 (127/293)...
2025-11-11 21:29:22,030 - UnicodeAnalyzer - INFO - Filtrati 1 file (es. in /dist, /test).
2025-11-11 21:29:22,030 - UnicodeAnalyzer - INFO - -> Analizzando versione 23.0.0-charlie.2 (128/293)...
2025-11-11 21:29:22,030 - UnicodeAnalyzer - INFO - Filtrati 1 file (es. in /dist, /test).
2025-11-11 21:29:22,030 - UnicodeAnalyzer - INFO - -> Analizzando versione 23.0.0-charlie.3 (129/293)...
2025-11-11 21:29:22,030 - UnicodeAnalyzer - INFO - Filtrati 1 file (es. in /dist, /test).
2025-11-11 21:29:22,030 - UnicodeAnalyzer - INFO - -> Analizzando versione 23.0.0-charlie.4 (130/293)...
2025-11-11 21:29:22,030 - UnicodeAnalyzer - INFO - Filtrati 1 file (es. in /dist, /test).
2025-11-11 21:29:22,030 - UnicodeAnalyzer - INFO - -> Analizzando versione 23.0.1 (131/293)...
2025-11-11 21:29:22,031 - UnicodeAnalyzer - INFO - Filtrati 1 file (es. in /dist, /test).
2025-11-11 21:29:22,031 - UnicodeAnalyzer - INFO - -> Analizzando versione 23.1.0 (132/293)...
2025-11-11 21:29:22,031 - UnicodeAnalyzer - INFO - Filtrati 1 file (es. in /dist, /test).
2025-11-11 21:29:22,031 - UnicodeAnalyzer - INFO - -> Analizzando versione 23.2.0 (133/293)...
2025-11-11 21:29:22,031 - UnicodeAnalyzer - INFO - Filtrati 1 file (es. in /dist, /test).
2025-11-11 21:29:22,031 - UnicodeAnalyzer - INFO - -> Analizzando versione 23.3.0 (134/293)...
2025-11-11 21:29:22,032 - UnicodeAnalyzer - INFO - Filtrati 1 file (es. in /dist, /test).
2025-11-11 21:29:22,032 - UnicodeAnalyzer - INFO - -> Analizzando versione 23.4.0 (135/293)...
2025-11-11 21:29:22,032 - UnicodeAnalyzer - INFO - Filtrati 1 file (es. in /dist, /test).
2025-11-11 21:29:22,032 - UnicodeAnalyzer - INFO - -> Analizzando versione 24.0.0 (136/293)...
2025-11-11 21:29:22,032 - UnicodeAnalyzer - INFO - Filtrati 1 file (es. in /dist, /test).
2025-11-11 21:29:22,032 - UnicodeAnalyzer - INFO - -> Analizzando versione 24.0.0-alpha.0 (137/293)...
2025-11-11 21:29:22,032 - UnicodeAnalyzer - INFO - Filtrati 1 file (es. in /dist, /test).
2025-11-11 21:29:22,032 - UnicodeAnalyzer - INFO - -> Analizzando versione 24.0.0-alpha.1 (138/293)...
2025-11-11 21:29:22,032 - UnicodeAnalyzer - INFO - Filtrati 1 file (es. in /dist, /test).
2025-11-11 21:29:22,033 - UnicodeAnalyzer - INFO - -> Analizzando versione 24.0.0-alpha.10 (139/293)...
2025-11-11 21:29:22,033 - UnicodeAnalyzer - INFO - Filtrati 1 file (es. in /dist, /test).
2025-11-11 21:29:22,033 - UnicodeAnalyzer - INFO - -> Analizzando versione 24.0.0-alpha.11 (140/293)...
2025-11-11 21:29:22,033 - UnicodeAnalyzer - INFO - Filtrati 1 file (es. in /dist, /test).
2025-11-11 21:29:22,033 - UnicodeAnalyzer - INFO - -> Analizzando versione 24.0.0-alpha.12 (141/293)...
2025-11-11 21:29:22,033 - UnicodeAnalyzer - INFO - Filtrati 1 file (es. in /dist, /test).
2025-11-11 21:29:22,033 - UnicodeAnalyzer - INFO - -> Analizzando versione 24.0.0-alpha.13 (142/293)...
2025-11-11 21:29:22,033 - UnicodeAnalyzer - INFO - Filtrati 1 file (es. in /dist, /test).
2025-11-11 21:29:22,033 - UnicodeAnalyzer - INFO - -> Analizzando versione 24.0.0-alpha.15 (143/293)...
2025-11-11 21:29:22,034 - UnicodeAnalyzer - INFO - Filtrati 1 file (es. in /dist, /test).
2025-11-11 21:29:22,034 - UnicodeAnalyzer - INFO - -> Analizzando versione 24.0.0-alpha.16 (144/293)...
2025-11-11 21:29:22,034 - UnicodeAnalyzer - INFO - Filtrati 1 file (es. in /dist, /test).
2025-11-11 21:29:22,034 - UnicodeAnalyzer - INFO - -> Analizzando versione 24.0.0-alpha.2 (145/293)...
2025-11-11 21:29:22,034 - UnicodeAnalyzer - INFO - Filtrati 1 file (es. in /dist, /test).
2025-11-11 21:29:22,034 - UnicodeAnalyzer - INFO - -> Analizzando versione 24.0.0-alpha.3 (146/293)...
2025-11-11 21:29:22,034 - UnicodeAnalyzer - INFO - Filtrati 1 file (es. in /dist, /test).
2025-11-11 21:29:22,034 - UnicodeAnalyzer - INFO - -> Analizzando versione 24.0.0-alpha.4 (147/293)...
2025-11-11 21:29:22,035 - UnicodeAnalyzer - INFO - Filtrati 1 file (es. in /dist, /test).
2025-11-11 21:29:22,035 - UnicodeAnalyzer - INFO - -> Analizzando versione 24.0.0-alpha.5 (148/293)...
2025-11-11 21:29:22,035 - UnicodeAnalyzer - INFO - Filtrati 1 file (es. in /dist, /test).
2025-11-11 21:29:22,035 - UnicodeAnalyzer - INFO - -> Analizzando versione 24.0.0-alpha.6 (149/293)...
2025-11-11 21:29:22,035 - UnicodeAnalyzer - INFO - Filtrati 1 file (es. in /dist, /test).
2025-11-11 21:29:22,035 - UnicodeAnalyzer - INFO - -> Analizzando versione 24.0.0-alpha.7 (150/293)...
2025-11-11 21:29:22,035 - UnicodeAnalyzer - INFO - -> Analizzando versione 24.0.0-alpha.9 (151/293)...
2025-11-11 21:29:22,035 - UnicodeAnalyzer - INFO - Filtrati 1 file (es. in /dist, /test).
2025-11-11 21:29:22,035 - UnicodeAnalyzer - INFO - -> Analizzando versione 24.2.0-alpha.0 (152/293)...
2025-11-11 21:29:22,036 - UnicodeAnalyzer - INFO - Filtrati 1 file (es. in /dist, /test).
2025-11-11 21:29:22,036 - UnicodeAnalyzer - INFO - -> Analizzando versione 24.3.0 (153/293)...
2025-11-11 21:29:22,036 - UnicodeAnalyzer - INFO - Filtrati 1 file (es. in /dist, /test).
2025-11-11 21:29:22,036 - UnicodeAnalyzer - INFO - -> Analizzando versione 24.3.1 (154/293)...
2025-11-11 21:29:22,036 - UnicodeAnalyzer - INFO - Filtrati 1 file (es. in /dist, /test).
2025-11-11 21:29:22,036 - UnicodeAnalyzer - INFO - -> Analizzando versione 24.4.0 (155/293)...
2025-11-11 21:29:22,036 - UnicodeAnalyzer - INFO - Filtrati 1 file (es. in /dist, /test).
2025-11-11 21:29:22,036 - UnicodeAnalyzer - INFO - -> Analizzando versione 24.5.0 (156/293)...
2025-11-11 21:29:22,037 - UnicodeAnalyzer - INFO - Filtrati 1 file (es. in /dist, /test).
2025-11-11 21:29:22,037 - UnicodeAnalyzer - INFO - -> Analizzando versione 24.6.0 (157/293)...
2025-11-11 21:29:22,037 - UnicodeAnalyzer - INFO - Filtrati 1 file (es. in /dist, /test).
2025-11-11 21:29:22,037 - UnicodeAnalyzer - INFO - -> Analizzando versione 24.7.0 (158/293)...
2025-11-11 21:29:22,037 - UnicodeAnalyzer - INFO - Filtrati 1 file (es. in /dist, /test).
2025-11-11 21:29:22,037 - UnicodeAnalyzer - INFO - -> Analizzando versione 24.7.1 (159/293)...
2025-11-11 21:29:22,037 - UnicodeAnalyzer - INFO - Filtrati 1 file (es. in /dist, /test).
2025-11-11 21:29:22,037 - UnicodeAnalyzer - INFO - -> Analizzando versione 24.8.0 (160/293)...
2025-11-11 21:29:22,038 - UnicodeAnalyzer - INFO - Filtrati 1 file (es. in /dist, /test).
2025-11-11 21:29:22,038 - UnicodeAnalyzer - INFO - -> Analizzando versione 24.9.0 (161/293)...
2025-11-11 21:29:22,038 - UnicodeAnalyzer - INFO - Filtrati 1 file (es. in /dist, /test).
2025-11-11 21:29:22,038 - UnicodeAnalyzer - INFO - -> Analizzando versione 25.0.0 (162/293)...
2025-11-11 21:29:22,038 - UnicodeAnalyzer - INFO - Filtrati 1 file (es. in /dist, /test).
2025-11-11 21:29:22,038 - UnicodeAnalyzer - INFO - -> Analizzando versione 25.1.0 (163/293)...
2025-11-11 21:29:22,038 - UnicodeAnalyzer - INFO - Filtrati 1 file (es. in /dist, /test).
2025-11-11 21:29:22,038 - UnicodeAnalyzer - INFO - -> Analizzando versione 25.2.0 (164/293)...
2025-11-11 21:29:22,038 - UnicodeAnalyzer - INFO - Filtrati 1 file (es. in /dist, /test).
2025-11-11 21:29:22,039 - UnicodeAnalyzer - INFO - -> Analizzando versione 25.2.0-alpha.86 (165/293)...
2025-11-11 21:29:22,039 - UnicodeAnalyzer - INFO - Filtrati 1 file (es. in /dist, /test).
2025-11-11 21:29:22,039 - UnicodeAnalyzer - INFO - -> Analizzando versione 25.2.1 (166/293)...
2025-11-11 21:29:22,039 - UnicodeAnalyzer - INFO - Filtrati 1 file (es. in /dist, /test).
2025-11-11 21:29:22,039 - UnicodeAnalyzer - INFO - -> Analizzando versione 25.2.1-alpha.1 (167/293)...
2025-11-11 21:29:22,039 - UnicodeAnalyzer - INFO - Filtrati 1 file (es. in /dist, /test).
2025-11-11 21:29:22,039 - UnicodeAnalyzer - INFO - -> Analizzando versione 25.2.1-alpha.2 (168/293)...
2025-11-11 21:29:22,040 - UnicodeAnalyzer - INFO - Filtrati 1 file (es. in /dist, /test).
2025-11-11 21:29:22,040 - UnicodeAnalyzer - INFO - -> Analizzando versione 25.2.2 (169/293)...
2025-11-11 21:29:22,040 - UnicodeAnalyzer - INFO - Filtrati 1 file (es. in /dist, /test).
2025-11-11 21:29:22,040 - UnicodeAnalyzer - INFO - -> Analizzando versione 25.2.3 (170/293)...
2025-11-11 21:29:22,040 - UnicodeAnalyzer - INFO - Filtrati 1 file (es. in /dist, /test).
2025-11-11 21:29:22,040 - UnicodeAnalyzer - INFO - -> Analizzando versione 25.2.4 (171/293)...
2025-11-11 21:29:22,041 - UnicodeAnalyzer - INFO - Filtrati 1 file (es. in /dist, /test).
2025-11-11 21:29:22,041 - UnicodeAnalyzer - INFO - -> Analizzando versione 25.2.6 (172/293)...
2025-11-11 21:29:22,041 - UnicodeAnalyzer - INFO - Filtrati 1 file (es. in /dist, /test).
2025-11-11 21:29:22,041 - UnicodeAnalyzer - INFO - -> Analizzando versione 25.3.0 (173/293)...
2025-11-11 21:29:22,041 - UnicodeAnalyzer - INFO - Filtrati 1 file (es. in /dist, /test).
2025-11-11 21:29:22,041 - UnicodeAnalyzer - INFO - -> Analizzando versione 25.4.0 (174/293)...
2025-11-11 21:29:22,041 - UnicodeAnalyzer - INFO - Filtrati 1 file (es. in /dist, /test).
2025-11-11 21:29:22,041 - UnicodeAnalyzer - INFO - -> Analizzando versione 25.5.0 (175/293)...
2025-11-11 21:29:22,042 - UnicodeAnalyzer - INFO - Filtrati 1 file (es. in /dist, /test).
2025-11-11 21:29:22,042 - UnicodeAnalyzer - INFO - -> Analizzando versione 26.0.0 (176/293)...
2025-11-11 21:29:22,042 - UnicodeAnalyzer - INFO - Filtrati 1 file (es. in /dist, /test).
2025-11-11 21:29:22,042 - UnicodeAnalyzer - INFO - -> Analizzando versione 26.0.0-alpha.0 (177/293)...
2025-11-11 21:29:22,042 - UnicodeAnalyzer - INFO - Filtrati 1 file (es. in /dist, /test).
2025-11-11 21:29:22,042 - UnicodeAnalyzer - INFO - -> Analizzando versione 26.0.0-alpha.1 (178/293)...
2025-11-11 21:29:22,042 - UnicodeAnalyzer - INFO - Filtrati 1 file (es. in /dist, /test).
2025-11-11 21:29:22,042 - UnicodeAnalyzer - INFO - -> Analizzando versione 26.0.0-alpha.2 (179/293)...
2025-11-11 21:29:22,043 - UnicodeAnalyzer - INFO - Filtrati 1 file (es. in /dist, /test).
2025-11-11 21:29:22,043 - UnicodeAnalyzer - INFO - -> Analizzando versione 26.0.1 (180/293)...
2025-11-11 21:29:22,043 - UnicodeAnalyzer - INFO - Filtrati 1 file (es. in /dist, /test).
2025-11-11 21:29:22,043 - UnicodeAnalyzer - INFO - -> Analizzando versione 26.0.1-alpha.0 (181/293)...
2025-11-11 21:29:22,043 - UnicodeAnalyzer - INFO - Filtrati 1 file (es. in /dist, /test).
2025-11-11 21:29:22,043 - UnicodeAnalyzer - INFO - -> Analizzando versione 26.1.0 (182/293)...
2025-11-11 21:29:22,043 - UnicodeAnalyzer - INFO - Filtrati 1 file (es. in /dist, /test).
2025-11-11 21:29:22,043 - UnicodeAnalyzer - INFO - -> Analizzando versione 26.2.0 (183/293)...
2025-11-11 21:29:22,044 - UnicodeAnalyzer - INFO - Filtrati 1 file (es. in /dist, /test).
2025-11-11 21:29:22,044 - UnicodeAnalyzer - INFO - -> Analizzando versione 26.3.0 (184/293)...
2025-11-11 21:29:22,044 - UnicodeAnalyzer - INFO - Filtrati 1 file (es. in /dist, /test).
2025-11-11 21:29:22,044 - UnicodeAnalyzer - INFO - -> Analizzando versione 26.5.0 (185/293)...
2025-11-11 21:29:22,044 - UnicodeAnalyzer - INFO - Filtrati 1 file (es. in /dist, /test).
2025-11-11 21:29:22,044 - UnicodeAnalyzer - INFO - -> Analizzando versione 26.5.2 (186/293)...
2025-11-11 21:29:22,044 - UnicodeAnalyzer - INFO - Filtrati 1 file (es. in /dist, /test).
2025-11-11 21:29:22,044 - UnicodeAnalyzer - INFO - -> Analizzando versione 26.6.0 (187/293)...
2025-11-11 21:29:22,045 - UnicodeAnalyzer - INFO - Filtrati 1 file (es. in /dist, /test).
2025-11-11 21:29:22,045 - UnicodeAnalyzer - INFO - -> Analizzando versione 26.6.1 (188/293)...
2025-11-11 21:29:22,045 - UnicodeAnalyzer - INFO - Filtrati 1 file (es. in /dist, /test).
2025-11-11 21:29:22,045 - UnicodeAnalyzer - INFO - -> Analizzando versione 26.6.2 (189/293)...
2025-11-11 21:29:22,045 - UnicodeAnalyzer - INFO - Filtrati 1 file (es. in /dist, /test).
2025-11-11 21:29:22,045 - UnicodeAnalyzer - INFO - -> Analizzando versione 27.0.0 (190/293)...
2025-11-11 21:29:22,045 - UnicodeAnalyzer - INFO - Filtrati 1 file (es. in /dist, /test).
2025-11-11 21:29:22,045 - UnicodeAnalyzer - INFO - -> Analizzando versione 27.0.0-next.0 (191/293)...
2025-11-11 21:29:22,046 - UnicodeAnalyzer - INFO - Filtrati 1 file (es. in /dist, /test).
2025-11-11 21:29:22,046 - UnicodeAnalyzer - INFO - -> Analizzando versione 27.0.0-next.1 (192/293)...
2025-11-11 21:29:22,046 - UnicodeAnalyzer - INFO - Filtrati 1 file (es. in /dist, /test).
2025-11-11 21:29:22,046 - UnicodeAnalyzer - INFO - -> Analizzando versione 27.0.0-next.10 (193/293)...
2025-11-11 21:29:22,046 - UnicodeAnalyzer - INFO - Filtrati 1 file (es. in /dist, /test).
2025-11-11 21:29:22,046 - UnicodeAnalyzer - INFO - -> Analizzando versione 27.0.0-next.11 (194/293)...
2025-11-11 21:29:22,046 - UnicodeAnalyzer - INFO - Filtrati 1 file (es. in /dist, /test).
2025-11-11 21:29:22,046 - UnicodeAnalyzer - INFO - -> Analizzando versione 27.0.0-next.3 (195/293)...
2025-11-11 21:29:22,047 - UnicodeAnalyzer - INFO - Filtrati 1 file (es. in /dist, /test).
2025-11-11 21:29:22,047 - UnicodeAnalyzer - INFO - -> Analizzando versione 27.0.0-next.4 (196/293)...
2025-11-11 21:29:22,047 - UnicodeAnalyzer - INFO - Filtrati 1 file (es. in /dist, /test).
2025-11-11 21:29:22,047 - UnicodeAnalyzer - INFO - -> Analizzando versione 27.0.0-next.5 (197/293)...
2025-11-11 21:29:22,047 - UnicodeAnalyzer - INFO - Filtrati 1 file (es. in /dist, /test).
2025-11-11 21:29:22,047 - UnicodeAnalyzer - INFO - -> Analizzando versione 27.0.0-next.6 (198/293)...
2025-11-11 21:29:22,047 - UnicodeAnalyzer - INFO - Filtrati 1 file (es. in /dist, /test).
2025-11-11 21:29:22,047 - UnicodeAnalyzer - INFO - -> Analizzando versione 27.0.0-next.7 (199/293)...
2025-11-11 21:29:22,048 - UnicodeAnalyzer - INFO - Filtrati 1 file (es. in /dist, /test).
2025-11-11 21:29:22,048 - UnicodeAnalyzer - INFO - -> Analizzando versione 27.0.0-next.8 (200/293)...
2025-11-11 21:29:22,048 - UnicodeAnalyzer - INFO - Filtrati 1 file (es. in /dist, /test).
2025-11-11 21:29:22,048 - UnicodeAnalyzer - INFO - -> Analizzando versione 27.0.0-next.9 (201/293)...
2025-11-11 21:29:22,048 - UnicodeAnalyzer - INFO - Filtrati 1 file (es. in /dist, /test).
2025-11-11 21:29:22,048 - UnicodeAnalyzer - INFO - -> Analizzando versione 27.0.1 (202/293)...
2025-11-11 21:29:22,048 - UnicodeAnalyzer - INFO - Filtrati 1 file (es. in /dist, /test).
2025-11-11 21:29:22,048 - UnicodeAnalyzer - INFO - -> Analizzando versione 27.0.2 (203/293)...
2025-11-11 21:29:22,049 - UnicodeAnalyzer - INFO - Filtrati 1 file (es. in /dist, /test).
2025-11-11 21:29:22,049 - UnicodeAnalyzer - INFO - -> Analizzando versione 27.0.3 (204/293)...
2025-11-11 21:29:22,049 - UnicodeAnalyzer - INFO - Filtrati 1 file (es. in /dist, /test).
2025-11-11 21:29:22,049 - UnicodeAnalyzer - INFO - -> Analizzando versione 27.0.5 (205/293)...
2025-11-11 21:29:22,049 - UnicodeAnalyzer - INFO - Filtrati 1 file (es. in /dist, /test).
2025-11-11 21:29:22,049 - UnicodeAnalyzer - INFO - -> Analizzando versione 27.0.6 (206/293)...
2025-11-11 21:29:22,049 - UnicodeAnalyzer - INFO - Filtrati 1 file (es. in /dist, /test).
2025-11-11 21:29:22,049 - UnicodeAnalyzer - INFO - -> Analizzando versione 27.1.0 (207/293)...
2025-11-11 21:29:22,050 - UnicodeAnalyzer - INFO - Filtrati 1 file (es. in /dist, /test).
2025-11-11 21:29:22,050 - UnicodeAnalyzer - INFO - -> Analizzando versione 27.1.1 (208/293)...
2025-11-11 21:29:22,050 - UnicodeAnalyzer - INFO - Filtrati 1 file (es. in /dist, /test).
2025-11-11 21:29:22,050 - UnicodeAnalyzer - INFO - -> Analizzando versione 27.2.0 (209/293)...
2025-11-11 21:29:22,050 - UnicodeAnalyzer - INFO - Filtrati 1 file (es. in /dist, /test).
2025-11-11 21:29:22,050 - UnicodeAnalyzer - INFO - -> Analizzando versione 27.2.2 (210/293)...
2025-11-11 21:29:22,050 - UnicodeAnalyzer - INFO - Filtrati 1 file (es. in /dist, /test).
2025-11-11 21:29:22,050 - UnicodeAnalyzer - INFO - -> Analizzando versione 27.2.3 (211/293)...
2025-11-11 21:29:22,051 - UnicodeAnalyzer - INFO - Filtrati 1 file (es. in /dist, /test).
2025-11-11 21:29:22,051 - UnicodeAnalyzer - INFO - -> Analizzando versione 27.2.4 (212/293)...
2025-11-11 21:29:22,051 - UnicodeAnalyzer - INFO - Filtrati 1 file (es. in /dist, /test).
2025-11-11 21:29:22,051 - UnicodeAnalyzer - INFO - -> Analizzando versione 27.2.5 (213/293)...
2025-11-11 21:29:22,051 - UnicodeAnalyzer - INFO - Filtrati 1 file (es. in /dist, /test).
2025-11-11 21:29:22,051 - UnicodeAnalyzer - INFO - -> Analizzando versione 27.3.0 (214/293)...
2025-11-11 21:29:22,051 - UnicodeAnalyzer - INFO - Filtrati 1 file (es. in /dist, /test).
2025-11-11 21:29:22,051 - UnicodeAnalyzer - INFO - -> Analizzando versione 27.3.1 (215/293)...
2025-11-11 21:29:22,052 - UnicodeAnalyzer - INFO - Filtrati 1 file (es. in /dist, /test).
2025-11-11 21:29:22,052 - UnicodeAnalyzer - INFO - -> Analizzando versione 27.4.0 (216/293)...
2025-11-11 21:29:22,052 - UnicodeAnalyzer - INFO - Filtrati 1 file (es. in /dist, /test).
2025-11-11 21:29:22,052 - UnicodeAnalyzer - INFO - -> Analizzando versione 27.4.1 (217/293)...
2025-11-11 21:29:22,052 - UnicodeAnalyzer - INFO - Filtrati 1 file (es. in /dist, /test).
2025-11-11 21:29:22,052 - UnicodeAnalyzer - INFO - -> Analizzando versione 27.4.2 (218/293)...
2025-11-11 21:29:22,053 - UnicodeAnalyzer - INFO - Filtrati 1 file (es. in /dist, /test).
2025-11-11 21:29:22,053 - UnicodeAnalyzer - INFO - -> Analizzando versione 27.4.4 (219/293)...
2025-11-11 21:29:22,053 - UnicodeAnalyzer - INFO - Filtrati 1 file (es. in /dist, /test).
2025-11-11 21:29:22,053 - UnicodeAnalyzer - INFO - -> Analizzando versione 27.4.6 (220/293)...
2025-11-11 21:29:22,053 - UnicodeAnalyzer - INFO - Filtrati 1 file (es. in /dist, /test).
2025-11-11 21:29:22,053 - UnicodeAnalyzer - INFO - -> Analizzando versione 27.5.0 (221/293)...
2025-11-11 21:29:22,053 - UnicodeAnalyzer - INFO - Filtrati 1 file (es. in /dist, /test).
2025-11-11 21:29:22,053 - UnicodeAnalyzer - INFO - -> Analizzando versione 27.5.1 (222/293)...
2025-11-11 21:29:22,053 - UnicodeAnalyzer - INFO - Filtrati 1 file (es. in /dist, /test).
2025-11-11 21:29:22,054 - UnicodeAnalyzer - INFO - -> Analizzando versione 28.0.0 (223/293)...
2025-11-11 21:29:22,054 - UnicodeAnalyzer - INFO - Filtrati 1 file (es. in /dist, /test).
2025-11-11 21:29:22,054 - UnicodeAnalyzer - INFO - -> Analizzando versione 28.0.0-alpha.0 (224/293)...
2025-11-11 21:29:22,054 - UnicodeAnalyzer - INFO - Filtrati 1 file (es. in /dist, /test).
2025-11-11 21:29:22,054 - UnicodeAnalyzer - INFO - -> Analizzando versione 28.0.0-alpha.1 (225/293)...
2025-11-11 21:29:22,054 - UnicodeAnalyzer - INFO - Filtrati 1 file (es. in /dist, /test).
2025-11-11 21:29:22,054 - UnicodeAnalyzer - INFO - -> Analizzando versione 28.0.0-alpha.10 (226/293)...
2025-11-11 21:29:22,054 - UnicodeAnalyzer - INFO - Filtrati 1 file (es. in /dist, /test).
2025-11-11 21:29:22,055 - UnicodeAnalyzer - INFO - -> Analizzando versione 28.0.0-alpha.11 (227/293)...
2025-11-11 21:29:22,055 - UnicodeAnalyzer - INFO - Filtrati 1 file (es. in /dist, /test).
2025-11-11 21:29:22,055 - UnicodeAnalyzer - INFO - -> Analizzando versione 28.0.0-alpha.2 (228/293)...
2025-11-11 21:29:22,055 - UnicodeAnalyzer - INFO - Filtrati 1 file (es. in /dist, /test).
2025-11-11 21:29:22,055 - UnicodeAnalyzer - INFO - -> Analizzando versione 28.0.0-alpha.3 (229/293)...
2025-11-11 21:29:22,055 - UnicodeAnalyzer - INFO - Filtrati 1 file (es. in /dist, /test).
2025-11-11 21:29:22,055 - UnicodeAnalyzer - INFO - -> Analizzando versione 28.0.0-alpha.4 (230/293)...
2025-11-11 21:29:22,055 - UnicodeAnalyzer - INFO - Filtrati 1 file (es. in /dist, /test).
2025-11-11 21:29:22,056 - UnicodeAnalyzer - INFO - -> Analizzando versione 28.0.0-alpha.5 (231/293)...
2025-11-11 21:29:22,056 - UnicodeAnalyzer - INFO - Filtrati 1 file (es. in /dist, /test).
2025-11-11 21:29:22,056 - UnicodeAnalyzer - INFO - -> Analizzando versione 28.0.0-alpha.6 (232/293)...
2025-11-11 21:29:22,056 - UnicodeAnalyzer - INFO - Filtrati 1 file (es. in /dist, /test).
2025-11-11 21:29:22,056 - UnicodeAnalyzer - INFO - -> Analizzando versione 28.0.0-alpha.7 (233/293)...
2025-11-11 21:29:22,056 - UnicodeAnalyzer - INFO - Filtrati 1 file (es. in /dist, /test).
2025-11-11 21:29:22,056 - UnicodeAnalyzer - INFO - -> Analizzando versione 28.0.0-alpha.8 (234/293)...
2025-11-11 21:29:22,056 - UnicodeAnalyzer - INFO - Filtrati 1 file (es. in /dist, /test).
2025-11-11 21:29:22,056 - UnicodeAnalyzer - INFO - -> Analizzando versione 28.0.0-alpha.9 (235/293)...
2025-11-11 21:29:22,057 - UnicodeAnalyzer - INFO - Filtrati 1 file (es. in /dist, /test).
2025-11-11 21:29:22,057 - UnicodeAnalyzer - INFO - -> Analizzando versione 28.0.1 (236/293)...
2025-11-11 21:29:22,057 - UnicodeAnalyzer - INFO - Filtrati 1 file (es. in /dist, /test).
2025-11-11 21:29:22,057 - UnicodeAnalyzer - INFO - -> Analizzando versione 28.0.2 (237/293)...
2025-11-11 21:29:22,057 - UnicodeAnalyzer - INFO - Filtrati 1 file (es. in /dist, /test).
2025-11-11 21:29:22,057 - UnicodeAnalyzer - INFO - -> Analizzando versione 28.1.0 (238/293)...
2025-11-11 21:29:22,057 - UnicodeAnalyzer - INFO - Filtrati 1 file (es. in /dist, /test).
2025-11-11 21:29:22,057 - UnicodeAnalyzer - INFO - -> Analizzando versione 28.1.1 (239/293)...
2025-11-11 21:29:22,058 - UnicodeAnalyzer - INFO - Filtrati 1 file (es. in /dist, /test).
2025-11-11 21:29:22,058 - UnicodeAnalyzer - INFO - -> Analizzando versione 28.1.2 (240/293)...
2025-11-11 21:29:22,058 - UnicodeAnalyzer - INFO - Filtrati 1 file (es. in /dist, /test).
2025-11-11 21:29:22,058 - UnicodeAnalyzer - INFO - -> Analizzando versione 28.1.3 (241/293)...
2025-11-11 21:29:22,058 - UnicodeAnalyzer - INFO - Filtrati 1 file (es. in /dist, /test).
2025-11-11 21:29:22,058 - UnicodeAnalyzer - INFO - -> Analizzando versione 29.0.0 (242/293)...
2025-11-11 21:29:22,058 - UnicodeAnalyzer - INFO - Filtrati 1 file (es. in /dist, /test).
2025-11-11 21:29:22,058 - UnicodeAnalyzer - INFO - -> Analizzando versione 29.0.0-alpha.0 (243/293)...
2025-11-11 21:29:22,059 - UnicodeAnalyzer - INFO - Filtrati 1 file (es. in /dist, /test).
2025-11-11 21:29:22,059 - UnicodeAnalyzer - INFO - -> Analizzando versione 29.0.0-alpha.1 (244/293)...
2025-11-11 21:29:22,059 - UnicodeAnalyzer - INFO - Filtrati 1 file (es. in /dist, /test).
2025-11-11 21:29:22,059 - UnicodeAnalyzer - INFO - -> Analizzando versione 29.0.0-alpha.3 (245/293)...
2025-11-11 21:29:22,059 - UnicodeAnalyzer - INFO - Filtrati 1 file (es. in /dist, /test).
2025-11-11 21:29:22,059 - UnicodeAnalyzer - INFO - -> Analizzando versione 29.0.0-alpha.4 (246/293)...
2025-11-11 21:29:22,059 - UnicodeAnalyzer - INFO - Filtrati 1 file (es. in /dist, /test).
2025-11-11 21:29:22,059 - UnicodeAnalyzer - INFO - -> Analizzando versione 29.0.0-alpha.6 (247/293)...
2025-11-11 21:29:22,060 - UnicodeAnalyzer - INFO - Filtrati 1 file (es. in /dist, /test).
2025-11-11 21:29:22,060 - UnicodeAnalyzer - INFO - -> Analizzando versione 29.0.1 (248/293)...
2025-11-11 21:29:22,060 - UnicodeAnalyzer - INFO - Filtrati 1 file (es. in /dist, /test).
2025-11-11 21:29:22,060 - UnicodeAnalyzer - INFO - -> Analizzando versione 29.0.2 (249/293)...
2025-11-11 21:29:22,060 - UnicodeAnalyzer - INFO - Filtrati 1 file (es. in /dist, /test).
2025-11-11 21:29:22,060 - UnicodeAnalyzer - INFO - -> Analizzando versione 29.0.3 (250/293)...
2025-11-11 21:29:22,060 - UnicodeAnalyzer - INFO - Filtrati 1 file (es. in /dist, /test).
2025-11-11 21:29:22,060 - UnicodeAnalyzer - INFO - -> Analizzando versione 29.1.0 (251/293)...
2025-11-11 21:29:22,061 - UnicodeAnalyzer - INFO - Filtrati 1 file (es. in /dist, /test).
2025-11-11 21:29:22,061 - UnicodeAnalyzer - INFO - -> Analizzando versione 29.1.1 (252/293)...
2025-11-11 21:29:22,061 - UnicodeAnalyzer - INFO - Filtrati 1 file (es. in /dist, /test).
2025-11-11 21:29:22,061 - UnicodeAnalyzer - INFO - -> Analizzando versione 29.1.2 (253/293)...
2025-11-11 21:29:22,061 - UnicodeAnalyzer - INFO - Filtrati 1 file (es. in /dist, /test).
2025-11-11 21:29:22,061 - UnicodeAnalyzer - INFO - -> Analizzando versione 29.2.0 (254/293)...
2025-11-11 21:29:22,061 - UnicodeAnalyzer - INFO - Filtrati 1 file (es. in /dist, /test).
2025-11-11 21:29:22,061 - UnicodeAnalyzer - INFO - -> Analizzando versione 29.2.1 (255/293)...
2025-11-11 21:29:22,061 - UnicodeAnalyzer - INFO - Filtrati 1 file (es. in /dist, /test).
2025-11-11 21:29:22,062 - UnicodeAnalyzer - INFO - -> Analizzando versione 29.2.2 (256/293)...
2025-11-11 21:29:22,062 - UnicodeAnalyzer - INFO - Filtrati 1 file (es. in /dist, /test).
2025-11-11 21:29:22,062 - UnicodeAnalyzer - INFO - -> Analizzando versione 29.3.0 (257/293)...
2025-11-11 21:29:22,062 - UnicodeAnalyzer - INFO - Filtrati 1 file (es. in /dist, /test).
2025-11-11 21:29:22,062 - UnicodeAnalyzer - INFO - -> Analizzando versione 29.3.1 (258/293)...
2025-11-11 21:29:22,062 - UnicodeAnalyzer - INFO - Filtrati 1 file (es. in /dist, /test).
2025-11-11 21:29:22,062 - UnicodeAnalyzer - INFO - -> Analizzando versione 29.4.0 (259/293)...
2025-11-11 21:29:22,062 - UnicodeAnalyzer - INFO - Filtrati 1 file (es. in /dist, /test).
2025-11-11 21:29:22,062 - UnicodeAnalyzer - INFO - -> Analizzando versione 29.4.1 (260/293)...
2025-11-11 21:29:22,063 - UnicodeAnalyzer - INFO - Filtrati 1 file (es. in /dist, /test).
2025-11-11 21:29:22,063 - UnicodeAnalyzer - INFO - -> Analizzando versione 29.4.2 (261/293)...
2025-11-11 21:29:22,063 - UnicodeAnalyzer - INFO - Filtrati 1 file (es. in /dist, /test).
2025-11-11 21:29:22,063 - UnicodeAnalyzer - INFO - -> Analizzando versione 29.4.3 (262/293)...
2025-11-11 21:29:22,063 - UnicodeAnalyzer - INFO - Filtrati 1 file (es. in /dist, /test).
2025-11-11 21:29:22,063 - UnicodeAnalyzer - INFO - -> Analizzando versione 29.5.0 (263/293)...
2025-11-11 21:29:22,063 - UnicodeAnalyzer - INFO - Filtrati 1 file (es. in /dist, /test).
2025-11-11 21:29:22,063 - UnicodeAnalyzer - INFO - -> Analizzando versione 29.6.0 (264/293)...
2025-11-11 21:29:22,064 - UnicodeAnalyzer - INFO - Filtrati 1 file (es. in /dist, /test).
2025-11-11 21:29:22,064 - UnicodeAnalyzer - INFO - -> Analizzando versione 29.6.1 (265/293)...
2025-11-11 21:29:22,064 - UnicodeAnalyzer - INFO - Filtrati 1 file (es. in /dist, /test).
2025-11-11 21:29:22,064 - UnicodeAnalyzer - INFO - -> Analizzando versione 29.6.2 (266/293)...
2025-11-11 21:29:22,064 - UnicodeAnalyzer - INFO - Filtrati 1 file (es. in /dist, /test).
2025-11-11 21:29:22,064 - UnicodeAnalyzer - INFO - -> Analizzando versione 29.6.3 (267/293)...
2025-11-11 21:29:22,065 - UnicodeAnalyzer - INFO - Filtrati 1 file (es. in /dist, /test).
2025-11-11 21:29:22,065 - UnicodeAnalyzer - INFO - -> Analizzando versione 29.6.4 (268/293)...
2025-11-11 21:29:22,065 - UnicodeAnalyzer - INFO - Filtrati 1 file (es. in /dist, /test).
2025-11-11 21:29:22,065 - UnicodeAnalyzer - INFO - -> Analizzando versione 29.7.0 (269/293)...
2025-11-11 21:29:22,065 - UnicodeAnalyzer - INFO - Filtrati 1 file (es. in /dist, /test).
2025-11-11 21:29:22,065 - UnicodeAnalyzer - INFO - -> Analizzando versione 30.0.0 (270/293)...
2025-11-11 21:29:22,065 - UnicodeAnalyzer - INFO - Filtrati 1 file (es. in /dist, /test).
2025-11-11 21:29:22,065 - UnicodeAnalyzer - INFO - -> Analizzando versione 30.0.0-alpha.1 (271/293)...
2025-11-11 21:29:22,066 - UnicodeAnalyzer - INFO - Filtrati 1 file (es. in /dist, /test).
2025-11-11 21:29:22,066 - UnicodeAnalyzer - INFO - -> Analizzando versione 30.0.0-alpha.2 (272/293)...
2025-11-11 21:29:22,066 - UnicodeAnalyzer - INFO - Filtrati 1 file (es. in /dist, /test).
2025-11-11 21:29:22,066 - UnicodeAnalyzer - INFO - -> Analizzando versione 30.0.0-alpha.3 (273/293)...
2025-11-11 21:29:22,066 - UnicodeAnalyzer - INFO - Filtrati 1 file (es. in /dist, /test).
2025-11-11 21:29:22,066 - UnicodeAnalyzer - INFO - -> Analizzando versione 30.0.0-alpha.4 (274/293)...
2025-11-11 21:29:22,066 - UnicodeAnalyzer - INFO - Filtrati 1 file (es. in /dist, /test).
2025-11-11 21:29:22,066 - UnicodeAnalyzer - INFO - -> Analizzando versione 30.0.0-alpha.5 (275/293)...
2025-11-11 21:29:22,067 - UnicodeAnalyzer - INFO - Filtrati 1 file (es. in /dist, /test).
2025-11-11 21:29:22,067 - UnicodeAnalyzer - INFO - -> Analizzando versione 30.0.0-alpha.6 (276/293)...
2025-11-11 21:29:22,067 - UnicodeAnalyzer - INFO - Filtrati 1 file (es. in /dist, /test).
2025-11-11 21:29:22,067 - UnicodeAnalyzer - INFO - -> Analizzando versione 30.0.0-alpha.7 (277/293)...
2025-11-11 21:29:22,067 - UnicodeAnalyzer - INFO - Filtrati 1 file (es. in /dist, /test).
2025-11-11 21:29:22,067 - UnicodeAnalyzer - INFO - -> Analizzando versione 30.0.0-beta.2 (278/293)...
2025-11-11 21:29:22,067 - UnicodeAnalyzer - INFO - Filtrati 1 file (es. in /dist, /test).
2025-11-11 21:29:22,067 - UnicodeAnalyzer - INFO - -> Analizzando versione 30.0.0-beta.3 (279/293)...
2025-11-11 21:29:22,068 - UnicodeAnalyzer - INFO - Filtrati 1 file (es. in /dist, /test).
2025-11-11 21:29:22,068 - UnicodeAnalyzer - INFO - -> Analizzando versione 30.0.0-beta.4 (280/293)...
2025-11-11 21:29:22,068 - UnicodeAnalyzer - INFO - Filtrati 1 file (es. in /dist, /test).
2025-11-11 21:29:22,068 - UnicodeAnalyzer - INFO - -> Analizzando versione 30.0.0-beta.5 (281/293)...
2025-11-11 21:29:22,068 - UnicodeAnalyzer - INFO - Filtrati 1 file (es. in /dist, /test).
2025-11-11 21:29:22,068 - UnicodeAnalyzer - INFO - -> Analizzando versione 30.0.0-beta.6 (282/293)...
2025-11-11 21:29:22,068 - UnicodeAnalyzer - INFO - Filtrati 1 file (es. in /dist, /test).
2025-11-11 21:29:22,068 - UnicodeAnalyzer - INFO - -> Analizzando versione 30.0.0-beta.7 (283/293)...
2025-11-11 21:29:22,069 - UnicodeAnalyzer - INFO - Filtrati 1 file (es. in /dist, /test).
2025-11-11 21:29:22,069 - UnicodeAnalyzer - INFO - -> Analizzando versione 30.0.0-beta.8 (284/293)...
2025-11-11 21:29:22,071 - UnicodeAnalyzer - INFO - Filtrati 1 file (es. in /dist, /test).
2025-11-11 21:29:22,071 - UnicodeAnalyzer - INFO - -> Analizzando versione 30.0.0-rc.1 (285/293)...
2025-11-11 21:29:22,071 - UnicodeAnalyzer - INFO - Filtrati 1 file (es. in /dist, /test).
2025-11-11 21:29:22,071 - UnicodeAnalyzer - INFO - -> Analizzando versione 30.0.1 (286/293)...
2025-11-11 21:29:22,071 - UnicodeAnalyzer - INFO - Filtrati 1 file (es. in /dist, /test).
2025-11-11 21:29:22,072 - UnicodeAnalyzer - INFO - -> Analizzando versione 30.0.2 (287/293)...
2025-11-11 21:29:22,072 - UnicodeAnalyzer - INFO - Filtrati 1 file (es. in /dist, /test).
2025-11-11 21:29:22,072 - UnicodeAnalyzer - INFO - -> Analizzando versione 30.0.4 (288/293)...
2025-11-11 21:29:22,072 - UnicodeAnalyzer - INFO - Filtrati 1 file (es. in /dist, /test).
2025-11-11 21:29:22,072 - UnicodeAnalyzer - INFO - -> Analizzando versione 30.0.5 (289/293)...
2025-11-11 21:29:22,072 - UnicodeAnalyzer - INFO - Filtrati 1 file (es. in /dist, /test).
2025-11-11 21:29:22,072 - UnicodeAnalyzer - INFO - -> Analizzando versione 30.1.0 (290/293)...
2025-11-11 21:29:22,073 - UnicodeAnalyzer - INFO - Filtrati 1 file (es. in /dist, /test).
2025-11-11 21:29:22,073 - UnicodeAnalyzer - INFO - -> Analizzando versione 30.1.1 (291/293)...
2025-11-11 21:29:22,073 - UnicodeAnalyzer - INFO - Filtrati 1 file (es. in /dist, /test).
2025-11-11 21:29:22,073 - UnicodeAnalyzer - INFO - -> Analizzando versione 30.1.2 (292/293)...
2025-11-11 21:29:22,073 - UnicodeAnalyzer - INFO - Filtrati 1 file (es. in /dist, /test).
2025-11-11 21:29:22,073 - UnicodeAnalyzer - INFO - -> Analizzando versione 30.2.0 (293/293)...
2025-11-11 21:29:22,073 - UnicodeAnalyzer - INFO - Filtrati 1 file (es. in /dist, /test).
2025-11-11 21:29:22,074 - UnicodeAnalyzer - INFO - Esportando i risultati HUT per 'jest-environment-node' in CSV...
2025-11-11 21:29:22,509 - UnicodeAnalyzer - INFO - Report salvati in: /app/npm_hut_results/jest-environment-node
2025-11-11 21:29:22,510 - NPM_HUT_Analyzer - INFO - Pulizia cartella temporanea 'temp_hut/jest-environment-node'...
2025-11-11 21:29:22,552 - NPM_HUT_Analyzer - INFO - Pulizia completata.
