2025-11-11 06:11:46,377 - NPM_HUT_Analyzer - INFO - Recupero metadata per 'glob-parent'...
2025-11-11 06:11:46,514 - NPM_HUT_Analyzer - INFO - Trovate 16 versioni. Inizio download in 'temp_hut/glob-parent'...
2025-11-11 06:11:52,129 - UnicodeAnalyzer - INFO - Analizzando 16 versioni per '*.js' in 'glob-parent'.
2025-11-11 06:11:52,130 - UnicodeAnalyzer - INFO - -> Analizzando versione 1.0.0 (1/16)...
2025-11-11 06:11:52,198 - UnicodeAnalyzer - INFO - -> Analizzando versione 1.1.0 (2/16)...
2025-11-11 06:11:52,239 - UnicodeAnalyzer - INFO - -> Analizzando versione 1.2.0 (3/16)...
2025-11-11 06:11:52,290 - UnicodeAnalyzer - INFO - -> Analizzando versione 1.3.0 (4/16)...
2025-11-11 06:11:52,337 - UnicodeAnalyzer - INFO - -> Analizzando versione 2.0.0 (5/16)...
2025-11-11 06:11:52,384 - UnicodeAnalyzer - INFO - -> Analizzando versione 3.0.0 (6/16)...
2025-11-11 06:11:52,430 - UnicodeAnalyzer - INFO - -> Analizzando versione 3.0.1 (7/16)...
2025-11-11 06:11:52,477 - UnicodeAnalyzer - INFO - -> Analizzando versione 3.1.0 (8/16)...
2025-11-11 06:11:52,477 - UnicodeAnalyzer - INFO - -> Analizzando versione 4.0.0 (9/16)...
2025-11-11 06:11:52,478 - UnicodeAnalyzer - INFO - -> Analizzando versione 5.0.0 (10/16)...
2025-11-11 06:11:52,478 - UnicodeAnalyzer - INFO - -> Analizzando versione 5.1.0 (11/16)...
2025-11-11 06:11:52,478 - UnicodeAnalyzer - INFO - -> Analizzando versione 5.1.1 (12/16)...
2025-11-11 06:11:52,479 - UnicodeAnalyzer - INFO - -> Analizzando versione 5.1.2 (13/16)...
2025-11-11 06:11:52,479 - UnicodeAnalyzer - INFO - -> Analizzando versione 6.0.0 (14/16)...
2025-11-11 06:11:52,479 - UnicodeAnalyzer - INFO - -> Analizzando versione 6.0.1 (15/16)...
2025-11-11 06:11:52,480 - UnicodeAnalyzer - INFO - -> Analizzando versione 6.0.2 (16/16)...
2025-11-11 06:11:52,488 - UnicodeAnalyzer - INFO - Esportando i risultati HUT per 'glob-parent' in CSV...
2025-11-11 06:11:52,511 - UnicodeAnalyzer - INFO - Report salvati in: /app/npm_hut_results/glob-parent
2025-11-11 06:11:52,511 - NPM_HUT_Analyzer - INFO - Pulizia cartella temporanea 'temp_hut/glob-parent'...
2025-11-11 06:11:52,513 - NPM_HUT_Analyzer - INFO - Pulizia completata.
