2025-11-14 06:40:09,595 - NPM_HUT_Analyzer - INFO - Recupero metadata per 'dom-helpers'...
2025-11-14 06:40:09,674 - NPM_HUT_Analyzer - INFO - Trovate 36 versioni. Inizio download in 'temp_hut/dom-helpers'...
2025-11-14 06:40:28,292 - UnicodeAnalyzer - INFO - Analizzando 36 versioni per '*.js' in 'dom-helpers'.
2025-11-14 06:40:28,292 - UnicodeAnalyzer - INFO - -> Analizzando versione 1.0.0 (1/36)...
2025-11-14 06:40:28,397 - UnicodeAnalyzer - INFO - -> Analizzando versione 1.0.1 (2/36)...
2025-11-14 06:40:28,482 - UnicodeAnalyzer - INFO - -> Analizzando versione 1.0.2 (3/36)...
2025-11-14 06:40:28,573 - UnicodeAnalyzer - INFO - -> Analizzando versione 1.1.0 (4/36)...
2025-11-14 06:40:28,663 - UnicodeAnalyzer - INFO - -> Analizzando versione 1.2.0 (5/36)...
2025-11-14 06:40:28,752 - UnicodeAnalyzer - INFO - -> Analizzando versione 1.2.1 (6/36)...
2025-11-14 06:40:28,840 - UnicodeAnalyzer - INFO - -> Analizzando versione 1.2.2 (7/36)...
2025-11-14 06:40:28,929 - UnicodeAnalyzer - INFO - -> Analizzando versione 1.2.3 (8/36)...
2025-11-14 06:40:29,019 - UnicodeAnalyzer - INFO - -> Analizzando versione 1.2.4 (9/36)...
2025-11-14 06:40:29,111 - UnicodeAnalyzer - INFO - -> Analizzando versione 1.3.1 (10/36)...
2025-11-14 06:40:29,205 - UnicodeAnalyzer - INFO - -> Analizzando versione 1.3.2 (11/36)...
2025-11-14 06:40:29,298 - UnicodeAnalyzer - INFO - -> Analizzando versione 1.3.3 (12/36)...
2025-11-14 06:40:29,387 - UnicodeAnalyzer - INFO - -> Analizzando versione 2.0.0 (13/36)...
2025-11-14 06:40:29,480 - UnicodeAnalyzer - INFO - -> Analizzando versione 2.1.0 (14/36)...
2025-11-14 06:40:29,572 - UnicodeAnalyzer - INFO - -> Analizzando versione 2.2.0 (15/36)...
2025-11-14 06:40:29,669 - UnicodeAnalyzer - INFO - -> Analizzando versione 2.2.2 (16/36)...
2025-11-14 06:40:29,758 - UnicodeAnalyzer - INFO - -> Analizzando versione 2.2.4 (17/36)...
2025-11-14 06:40:29,850 - UnicodeAnalyzer - INFO - -> Analizzando versione 2.3.0 (18/36)...
2025-11-14 06:40:29,941 - UnicodeAnalyzer - INFO - -> Analizzando versione 2.4.0 (19/36)...
2025-11-14 06:40:30,032 - UnicodeAnalyzer - INFO - -> Analizzando versione 3.0.0 (20/36)...
2025-11-14 06:40:30,125 - UnicodeAnalyzer - INFO - -> Analizzando versione 3.1.0 (21/36)...
2025-11-14 06:40:30,221 - UnicodeAnalyzer - INFO - -> Analizzando versione 3.2.0 (22/36)...
2025-11-14 06:40:30,316 - UnicodeAnalyzer - INFO - -> Analizzando versione 3.2.1 (23/36)...
2025-11-14 06:40:30,408 - UnicodeAnalyzer - INFO - -> Analizzando versione 3.3.0 (24/36)...
2025-11-14 06:40:30,410 - UnicodeAnalyzer - INFO - Filtrati 7 file (es. in /dist, /test).
2025-11-14 06:40:30,503 - UnicodeAnalyzer - INFO - -> Analizzando versione 3.3.1 (25/36)...
2025-11-14 06:40:30,595 - UnicodeAnalyzer - INFO - -> Analizzando versione 3.4.0 (26/36)...
2025-11-14 06:40:30,688 - UnicodeAnalyzer - INFO - -> Analizzando versione 5.0.1 (27/36)...
2025-11-14 06:40:30,781 - UnicodeAnalyzer - INFO - -> Analizzando versione 5.1.0 (28/36)...
2025-11-14 06:40:30,875 - UnicodeAnalyzer - INFO - -> Analizzando versione 5.1.1 (29/36)...
2025-11-14 06:40:30,974 - UnicodeAnalyzer - INFO - -> Analizzando versione 5.1.2 (30/36)...
2025-11-14 06:40:31,069 - UnicodeAnalyzer - INFO - -> Analizzando versione 5.1.3 (31/36)...
2025-11-14 06:40:31,167 - UnicodeAnalyzer - INFO - -> Analizzando versione 5.1.4 (32/36)...
2025-11-14 06:40:31,265 - UnicodeAnalyzer - INFO - -> Analizzando versione 5.2.0 (33/36)...
2025-11-14 06:40:31,357 - UnicodeAnalyzer - INFO - -> Analizzando versione 5.2.1 (34/36)...
2025-11-14 06:40:31,460 - UnicodeAnalyzer - INFO - -> Analizzando versione 6.0.0 (35/36)...
2025-11-14 06:40:31,559 - UnicodeAnalyzer - INFO - -> Analizzando versione 6.0.1 (36/36)...
2025-11-14 06:40:31,658 - UnicodeAnalyzer - INFO - Esportando i risultati HUT per 'dom-helpers' in CSV...
2025-11-14 06:40:31,734 - UnicodeAnalyzer - INFO - Report salvati in: /app/npm_hut_results/dom-helpers
2025-11-14 06:40:31,734 - NPM_HUT_Analyzer - INFO - Pulizia cartella temporanea 'temp_hut/dom-helpers'...
2025-11-14 06:40:31,794 - NPM_HUT_Analyzer - INFO - Pulizia completata.
