2025-11-13 01:28:58,971 - NPM_HUT_Analyzer - INFO - Recupero metadata per 'styled-components'...
2025-11-13 01:28:59,119 - NPM_HUT_Analyzer - INFO - Trovate 364 versioni. Inizio download in 'temp_hut/styled-components'...
2025-11-13 01:35:54,887 - UnicodeAnalyzer - INFO - Analizzando 364 versioni per '*.js' in 'styled-components'.
2025-11-13 01:35:54,887 - UnicodeAnalyzer - INFO - -> Analizzando versione 0.0.1 (1/364)...
2025-11-13 01:35:54,894 - UnicodeAnalyzer - INFO - Filtrati 10 file (es. in /dist, /test).
2025-11-13 01:35:55,055 - UnicodeAnalyzer - INFO - -> Analizzando versione 0.0.2 (2/364)...
2025-11-13 01:35:55,057 - UnicodeAnalyzer - INFO - Filtrati 14 file (es. in /dist, /test).
2025-11-13 01:35:55,221 - UnicodeAnalyzer - INFO - -> Analizzando versione 0.0.3 (3/364)...
2025-11-13 01:35:55,223 - UnicodeAnalyzer - INFO - Filtrati 16 file (es. in /dist, /test).
2025-11-13 01:35:55,383 - UnicodeAnalyzer - INFO - -> Analizzando versione 0.0.4 (4/364)...
2025-11-13 01:35:55,385 - UnicodeAnalyzer - INFO - Filtrati 16 file (es. in /dist, /test).
2025-11-13 01:35:55,542 - UnicodeAnalyzer - INFO - -> Analizzando versione 0.0.5 (5/364)...
2025-11-13 01:35:55,545 - UnicodeAnalyzer - INFO - Filtrati 14 file (es. in /dist, /test).
2025-11-13 01:35:55,696 - UnicodeAnalyzer - INFO - -> Analizzando versione 0.0.5-0 (6/364)...
2025-11-13 01:35:55,699 - UnicodeAnalyzer - INFO - Filtrati 14 file (es. in /dist, /test).
2025-11-13 01:35:55,852 - UnicodeAnalyzer - INFO - -> Analizzando versione 0.0.5-1 (7/364)...
2025-11-13 01:35:55,854 - UnicodeAnalyzer - INFO - Filtrati 14 file (es. in /dist, /test).
2025-11-13 01:35:56,005 - UnicodeAnalyzer - INFO - -> Analizzando versione 0.0.5-2 (8/364)...
2025-11-13 01:35:56,007 - UnicodeAnalyzer - INFO - Filtrati 14 file (es. in /dist, /test).
2025-11-13 01:35:56,155 - UnicodeAnalyzer - INFO - -> Analizzando versione 0.0.6 (9/364)...
2025-11-13 01:35:56,157 - UnicodeAnalyzer - INFO - Filtrati 16 file (es. in /dist, /test).
2025-11-13 01:35:56,305 - UnicodeAnalyzer - INFO - -> Analizzando versione 0.1.0 (10/364)...
2025-11-13 01:35:56,308 - UnicodeAnalyzer - INFO - Filtrati 62 file (es. in /dist, /test).
2025-11-13 01:35:56,449 - UnicodeAnalyzer - INFO - -> Analizzando versione 0.1.1 (11/364)...
2025-11-13 01:35:56,452 - UnicodeAnalyzer - INFO - Filtrati 62 file (es. in /dist, /test).
2025-11-13 01:35:56,591 - UnicodeAnalyzer - INFO - -> Analizzando versione 0.1.2 (12/364)...
2025-11-13 01:35:56,594 - UnicodeAnalyzer - INFO - Filtrati 62 file (es. in /dist, /test).
2025-11-13 01:35:56,733 - UnicodeAnalyzer - INFO - -> Analizzando versione 0.1.3 (13/364)...
2025-11-13 01:35:56,736 - UnicodeAnalyzer - INFO - Filtrati 66 file (es. in /dist, /test).
2025-11-13 01:35:56,872 - UnicodeAnalyzer - INFO - -> Analizzando versione 0.1.4 (14/364)...
2025-11-13 01:35:56,876 - UnicodeAnalyzer - INFO - Filtrati 66 file (es. in /dist, /test).
2025-11-13 01:35:57,017 - UnicodeAnalyzer - INFO - -> Analizzando versione 0.1.5 (15/364)...
2025-11-13 01:35:57,020 - UnicodeAnalyzer - INFO - Filtrati 66 file (es. in /dist, /test).
2025-11-13 01:35:57,154 - UnicodeAnalyzer - INFO - -> Analizzando versione 0.1.6 (16/364)...
2025-11-13 01:35:57,157 - UnicodeAnalyzer - INFO - Filtrati 66 file (es. in /dist, /test).
2025-11-13 01:35:57,297 - UnicodeAnalyzer - INFO - -> Analizzando versione 0.1.7 (17/364)...
2025-11-13 01:35:57,300 - UnicodeAnalyzer - INFO - Filtrati 68 file (es. in /dist, /test).
2025-11-13 01:35:57,437 - UnicodeAnalyzer - INFO - -> Analizzando versione 0.1.8 (18/364)...
2025-11-13 01:35:57,440 - UnicodeAnalyzer - INFO - Filtrati 68 file (es. in /dist, /test).
2025-11-13 01:35:57,573 - UnicodeAnalyzer - INFO - -> Analizzando versione 0.1.9 (19/364)...
2025-11-13 01:35:57,577 - UnicodeAnalyzer - INFO - Filtrati 68 file (es. in /dist, /test).
2025-11-13 01:35:57,714 - UnicodeAnalyzer - INFO - -> Analizzando versione 0.2.0 (20/364)...
2025-11-13 01:35:57,717 - UnicodeAnalyzer - INFO - Filtrati 68 file (es. in /dist, /test).
2025-11-13 01:35:57,847 - UnicodeAnalyzer - INFO - -> Analizzando versione 0.2.1 (21/364)...
2025-11-13 01:35:57,850 - UnicodeAnalyzer - INFO - Filtrati 70 file (es. in /dist, /test).
2025-11-13 01:35:57,988 - UnicodeAnalyzer - INFO - -> Analizzando versione 0.2.2 (22/364)...
2025-11-13 01:35:57,991 - UnicodeAnalyzer - INFO - Filtrati 70 file (es. in /dist, /test).
2025-11-13 01:35:58,130 - UnicodeAnalyzer - INFO - -> Analizzando versione 0.2.3 (23/364)...
2025-11-13 01:35:58,134 - UnicodeAnalyzer - INFO - Filtrati 74 file (es. in /dist, /test).
2025-11-13 01:35:58,267 - UnicodeAnalyzer - INFO - -> Analizzando versione 0.2.4 (24/364)...
2025-11-13 01:35:58,272 - UnicodeAnalyzer - INFO - Filtrati 76 file (es. in /dist, /test).
2025-11-13 01:35:58,409 - UnicodeAnalyzer - INFO - -> Analizzando versione 0.2.5 (25/364)...
2025-11-13 01:35:58,413 - UnicodeAnalyzer - INFO - Filtrati 76 file (es. in /dist, /test).
2025-11-13 01:35:58,552 - UnicodeAnalyzer - INFO - -> Analizzando versione 0.3.0 (26/364)...
2025-11-13 01:35:58,556 - UnicodeAnalyzer - INFO - Filtrati 76 file (es. in /dist, /test).
2025-11-13 01:35:58,696 - UnicodeAnalyzer - INFO - -> Analizzando versione 0.3.1 (27/364)...
2025-11-13 01:35:58,700 - UnicodeAnalyzer - INFO - Filtrati 76 file (es. in /dist, /test).
2025-11-13 01:35:58,837 - UnicodeAnalyzer - INFO - -> Analizzando versione 0.3.2 (28/364)...
2025-11-13 01:35:58,841 - UnicodeAnalyzer - INFO - Filtrati 76 file (es. in /dist, /test).
2025-11-13 01:35:58,974 - UnicodeAnalyzer - INFO - -> Analizzando versione 0.3.3 (29/364)...
2025-11-13 01:35:58,978 - UnicodeAnalyzer - INFO - Filtrati 76 file (es. in /dist, /test).
2025-11-13 01:35:59,116 - UnicodeAnalyzer - INFO - -> Analizzando versione 0.3.4 (30/364)...
2025-11-13 01:35:59,120 - UnicodeAnalyzer - INFO - Filtrati 76 file (es. in /dist, /test).
2025-11-13 01:35:59,250 - UnicodeAnalyzer - INFO - -> Analizzando versione 0.4.0 (31/364)...
2025-11-13 01:35:59,256 - UnicodeAnalyzer - INFO - Filtrati 78 file (es. in /dist, /test).
2025-11-13 01:35:59,395 - UnicodeAnalyzer - INFO - -> Analizzando versione 0.4.1 (32/364)...
2025-11-13 01:35:59,400 - UnicodeAnalyzer - INFO - Filtrati 76 file (es. in /dist, /test).
2025-11-13 01:35:59,536 - UnicodeAnalyzer - INFO - -> Analizzando versione 0.4.2 (33/364)...
2025-11-13 01:35:59,540 - UnicodeAnalyzer - INFO - Filtrati 76 file (es. in /dist, /test).
2025-11-13 01:35:59,681 - UnicodeAnalyzer - INFO - -> Analizzando versione 1.0.0 (34/364)...
2025-11-13 01:35:59,686 - UnicodeAnalyzer - INFO - Filtrati 76 file (es. in /dist, /test).
2025-11-13 01:35:59,829 - UnicodeAnalyzer - INFO - -> Analizzando versione 1.0.10 (35/364)...
2025-11-13 01:35:59,834 - UnicodeAnalyzer - INFO - Filtrati 87 file (es. in /dist, /test).
2025-11-13 01:35:59,965 - UnicodeAnalyzer - INFO - -> Analizzando versione 1.0.11 (36/364)...
2025-11-13 01:35:59,971 - UnicodeAnalyzer - INFO - Filtrati 89 file (es. in /dist, /test).
2025-11-13 01:36:00,113 - UnicodeAnalyzer - INFO - -> Analizzando versione 1.0.12-0 (37/364)...
2025-11-13 01:36:00,119 - UnicodeAnalyzer - INFO - Filtrati 89 file (es. in /dist, /test).
2025-11-13 01:36:00,258 - UnicodeAnalyzer - INFO - -> Analizzando versione 1.0.2 (38/364)...
2025-11-13 01:36:00,263 - UnicodeAnalyzer - INFO - Filtrati 74 file (es. in /dist, /test).
2025-11-13 01:36:00,405 - UnicodeAnalyzer - INFO - -> Analizzando versione 1.0.3 (39/364)...
2025-11-13 01:36:00,410 - UnicodeAnalyzer - INFO - Filtrati 74 file (es. in /dist, /test).
2025-11-13 01:36:00,547 - UnicodeAnalyzer - INFO - -> Analizzando versione 1.0.4 (40/364)...
2025-11-13 01:36:00,552 - UnicodeAnalyzer - INFO - Filtrati 74 file (es. in /dist, /test).
2025-11-13 01:36:00,691 - UnicodeAnalyzer - INFO - -> Analizzando versione 1.0.5 (41/364)...
2025-11-13 01:36:00,696 - UnicodeAnalyzer - INFO - Filtrati 74 file (es. in /dist, /test).
2025-11-13 01:36:00,832 - UnicodeAnalyzer - INFO - -> Analizzando versione 1.0.6 (42/364)...
2025-11-13 01:36:00,836 - UnicodeAnalyzer - INFO - Filtrati 75 file (es. in /dist, /test).
2025-11-13 01:36:00,969 - UnicodeAnalyzer - INFO - -> Analizzando versione 1.0.7 (43/364)...
2025-11-13 01:36:00,974 - UnicodeAnalyzer - INFO - Filtrati 87 file (es. in /dist, /test).
2025-11-13 01:36:01,113 - UnicodeAnalyzer - INFO - -> Analizzando versione 1.0.8 (44/364)...
2025-11-13 01:36:01,118 - UnicodeAnalyzer - INFO - Filtrati 87 file (es. in /dist, /test).
2025-11-13 01:36:01,259 - UnicodeAnalyzer - INFO - -> Analizzando versione 1.0.9 (45/364)...
2025-11-13 01:36:01,264 - UnicodeAnalyzer - INFO - Filtrati 87 file (es. in /dist, /test).
2025-11-13 01:36:01,405 - UnicodeAnalyzer - INFO - -> Analizzando versione 1.1.0 (46/364)...
2025-11-13 01:36:01,411 - UnicodeAnalyzer - INFO - Filtrati 91 file (es. in /dist, /test).
2025-11-13 01:36:01,545 - UnicodeAnalyzer - INFO - -> Analizzando versione 1.1.1 (47/364)...
2025-11-13 01:36:01,551 - UnicodeAnalyzer - INFO - Filtrati 91 file (es. in /dist, /test).
2025-11-13 01:36:01,688 - UnicodeAnalyzer - INFO - -> Analizzando versione 1.1.2 (48/364)...
2025-11-13 01:36:01,694 - UnicodeAnalyzer - INFO - Filtrati 91 file (es. in /dist, /test).
2025-11-13 01:36:01,833 - UnicodeAnalyzer - INFO - -> Analizzando versione 1.1.2-0 (49/364)...
2025-11-13 01:36:01,839 - UnicodeAnalyzer - INFO - Filtrati 91 file (es. in /dist, /test).
2025-11-13 01:36:01,973 - UnicodeAnalyzer - INFO - -> Analizzando versione 1.1.3 (50/364)...
2025-11-13 01:36:01,979 - UnicodeAnalyzer - INFO - Filtrati 91 file (es. in /dist, /test).
2025-11-13 01:36:02,119 - UnicodeAnalyzer - INFO - -> Analizzando versione 1.2.0 (51/364)...
2025-11-13 01:36:02,125 - UnicodeAnalyzer - INFO - Filtrati 91 file (es. in /dist, /test).
2025-11-13 01:36:02,259 - UnicodeAnalyzer - INFO - -> Analizzando versione 1.2.1 (52/364)...
2025-11-13 01:36:02,265 - UnicodeAnalyzer - INFO - Filtrati 91 file (es. in /dist, /test).
2025-11-13 01:36:02,405 - UnicodeAnalyzer - INFO - -> Analizzando versione 1.3.0 (53/364)...
2025-11-13 01:36:02,427 - UnicodeAnalyzer - INFO - Filtrati 91 file (es. in /dist, /test).
2025-11-13 01:36:02,513 - UnicodeAnalyzer - INFO - -> Analizzando versione 1.3.1 (54/364)...
2025-11-13 01:36:02,519 - UnicodeAnalyzer - INFO - Filtrati 91 file (es. in /dist, /test).
2025-11-13 01:36:02,599 - UnicodeAnalyzer - INFO - -> Analizzando versione 1.4.0 (55/364)...
2025-11-13 01:36:02,606 - UnicodeAnalyzer - INFO - Filtrati 91 file (es. in /dist, /test).
2025-11-13 01:36:02,695 - UnicodeAnalyzer - INFO - -> Analizzando versione 1.4.1 (56/364)...
2025-11-13 01:36:02,701 - UnicodeAnalyzer - INFO - Filtrati 91 file (es. in /dist, /test).
2025-11-13 01:36:02,790 - UnicodeAnalyzer - INFO - -> Analizzando versione 1.4.2 (57/364)...
2025-11-13 01:36:02,796 - UnicodeAnalyzer - INFO - Filtrati 91 file (es. in /dist, /test).
2025-11-13 01:36:02,889 - UnicodeAnalyzer - INFO - -> Analizzando versione 1.4.3 (58/364)...
2025-11-13 01:36:02,896 - UnicodeAnalyzer - INFO - Filtrati 93 file (es. in /dist, /test).
2025-11-13 01:36:02,982 - UnicodeAnalyzer - INFO - -> Analizzando versione 1.4.4 (59/364)...
2025-11-13 01:36:02,988 - UnicodeAnalyzer - INFO - Filtrati 76 file (es. in /dist, /test).
2025-11-13 01:36:03,076 - UnicodeAnalyzer - INFO - -> Analizzando versione 1.4.5 (60/364)...
2025-11-13 01:36:03,082 - UnicodeAnalyzer - INFO - Filtrati 78 file (es. in /dist, /test).
2025-11-13 01:36:03,169 - UnicodeAnalyzer - INFO - -> Analizzando versione 1.4.6 (61/364)...
2025-11-13 01:36:03,176 - UnicodeAnalyzer - INFO - Filtrati 95 file (es. in /dist, /test).
2025-11-13 01:36:03,264 - UnicodeAnalyzer - INFO - -> Analizzando versione 2.0.0 (62/364)...
2025-11-13 01:36:03,272 - UnicodeAnalyzer - INFO - Filtrati 109 file (es. in /dist, /test).
2025-11-13 01:36:03,358 - UnicodeAnalyzer - INFO - -> Analizzando versione 2.0.0-0 (63/364)...
2025-11-13 01:36:03,364 - UnicodeAnalyzer - INFO - Filtrati 97 file (es. in /dist, /test).
2025-11-13 01:36:03,453 - UnicodeAnalyzer - INFO - -> Analizzando versione 2.0.0-1 (64/364)...
2025-11-13 01:36:03,459 - UnicodeAnalyzer - INFO - Filtrati 97 file (es. in /dist, /test).
2025-11-13 01:36:03,548 - UnicodeAnalyzer - INFO - -> Analizzando versione 2.0.0-10 (65/364)...
2025-11-13 01:36:03,556 - UnicodeAnalyzer - INFO - Filtrati 107 file (es. in /dist, /test).
2025-11-13 01:36:03,653 - UnicodeAnalyzer - INFO - -> Analizzando versione 2.0.0-11 (66/364)...
2025-11-13 01:36:03,661 - UnicodeAnalyzer - INFO - Filtrati 107 file (es. in /dist, /test).
2025-11-13 01:36:03,750 - UnicodeAnalyzer - INFO - -> Analizzando versione 2.0.0-12 (67/364)...
2025-11-13 01:36:03,757 - UnicodeAnalyzer - INFO - Filtrati 107 file (es. in /dist, /test).
2025-11-13 01:36:03,848 - UnicodeAnalyzer - INFO - -> Analizzando versione 2.0.0-13 (68/364)...
2025-11-13 01:36:03,856 - UnicodeAnalyzer - INFO - Filtrati 107 file (es. in /dist, /test).
2025-11-13 01:36:03,944 - UnicodeAnalyzer - INFO - -> Analizzando versione 2.0.0-14 (69/364)...
2025-11-13 01:36:03,952 - UnicodeAnalyzer - INFO - Filtrati 107 file (es. in /dist, /test).
2025-11-13 01:36:04,042 - UnicodeAnalyzer - INFO - -> Analizzando versione 2.0.0-15 (70/364)...
2025-11-13 01:36:04,050 - UnicodeAnalyzer - INFO - Filtrati 109 file (es. in /dist, /test).
2025-11-13 01:36:04,139 - UnicodeAnalyzer - INFO - -> Analizzando versione 2.0.0-16 (71/364)...
2025-11-13 01:36:04,147 - UnicodeAnalyzer - INFO - Filtrati 109 file (es. in /dist, /test).
2025-11-13 01:36:04,235 - UnicodeAnalyzer - INFO - -> Analizzando versione 2.0.0-17 (72/364)...
2025-11-13 01:36:04,243 - UnicodeAnalyzer - INFO - Filtrati 109 file (es. in /dist, /test).
2025-11-13 01:36:04,330 - UnicodeAnalyzer - INFO - -> Analizzando versione 2.0.0-18 (73/364)...
2025-11-13 01:36:04,340 - UnicodeAnalyzer - INFO - Filtrati 109 file (es. in /dist, /test).
2025-11-13 01:36:04,427 - UnicodeAnalyzer - INFO - -> Analizzando versione 2.0.0-19 (74/364)...
2025-11-13 01:36:04,437 - UnicodeAnalyzer - INFO - Filtrati 109 file (es. in /dist, /test).
2025-11-13 01:36:04,524 - UnicodeAnalyzer - INFO - -> Analizzando versione 2.0.0-2 (75/364)...
2025-11-13 01:36:04,531 - UnicodeAnalyzer - INFO - Filtrati 97 file (es. in /dist, /test).
2025-11-13 01:36:04,618 - UnicodeAnalyzer - INFO - -> Analizzando versione 2.0.0-3 (76/364)...
2025-11-13 01:36:04,625 - UnicodeAnalyzer - INFO - Filtrati 97 file (es. in /dist, /test).
2025-11-13 01:36:04,712 - UnicodeAnalyzer - INFO - -> Analizzando versione 2.0.0-4 (77/364)...
2025-11-13 01:36:04,719 - UnicodeAnalyzer - INFO - Filtrati 99 file (es. in /dist, /test).
2025-11-13 01:36:04,805 - UnicodeAnalyzer - INFO - -> Analizzando versione 2.0.0-5 (78/364)...
2025-11-13 01:36:04,812 - UnicodeAnalyzer - INFO - Filtrati 99 file (es. in /dist, /test).
2025-11-13 01:36:04,899 - UnicodeAnalyzer - INFO - -> Analizzando versione 2.0.0-6 (79/364)...
2025-11-13 01:36:04,906 - UnicodeAnalyzer - INFO - Filtrati 99 file (es. in /dist, /test).
2025-11-13 01:36:04,994 - UnicodeAnalyzer - INFO - -> Analizzando versione 2.0.0-7 (80/364)...
2025-11-13 01:36:05,001 - UnicodeAnalyzer - INFO - Filtrati 101 file (es. in /dist, /test).
2025-11-13 01:36:05,093 - UnicodeAnalyzer - INFO - -> Analizzando versione 2.0.0-8 (81/364)...
2025-11-13 01:36:05,100 - UnicodeAnalyzer - INFO - Filtrati 101 file (es. in /dist, /test).
2025-11-13 01:36:05,196 - UnicodeAnalyzer - INFO - -> Analizzando versione 2.0.0-9 (82/364)...
2025-11-13 01:36:05,203 - UnicodeAnalyzer - INFO - Filtrati 105 file (es. in /dist, /test).
2025-11-13 01:36:05,295 - UnicodeAnalyzer - INFO - -> Analizzando versione 2.0.1 (83/364)...
2025-11-13 01:36:05,302 - UnicodeAnalyzer - INFO - Filtrati 109 file (es. in /dist, /test).
2025-11-13 01:36:05,396 - UnicodeAnalyzer - INFO - -> Analizzando versione 2.1.0 (84/364)...
2025-11-13 01:36:05,404 - UnicodeAnalyzer - INFO - Filtrati 111 file (es. in /dist, /test).
2025-11-13 01:36:05,490 - UnicodeAnalyzer - INFO - -> Analizzando versione 2.1.1 (85/364)...
2025-11-13 01:36:05,498 - UnicodeAnalyzer - INFO - Filtrati 111 file (es. in /dist, /test).
2025-11-13 01:36:05,585 - UnicodeAnalyzer - INFO - -> Analizzando versione 2.1.1-0 (86/364)...
2025-11-13 01:36:05,593 - UnicodeAnalyzer - INFO - Filtrati 111 file (es. in /dist, /test).
2025-11-13 01:36:05,681 - UnicodeAnalyzer - INFO - -> Analizzando versione 2.1.1-1 (87/364)...
2025-11-13 01:36:05,689 - UnicodeAnalyzer - INFO - Filtrati 111 file (es. in /dist, /test).
2025-11-13 01:36:05,775 - UnicodeAnalyzer - INFO - -> Analizzando versione 2.1.2 (88/364)...
2025-11-13 01:36:05,783 - UnicodeAnalyzer - INFO - Filtrati 85 file (es. in /dist, /test).
2025-11-13 01:36:05,869 - UnicodeAnalyzer - INFO - -> Analizzando versione 2.1.3-0 (89/364)...
2025-11-13 01:36:05,877 - UnicodeAnalyzer - INFO - Filtrati 85 file (es. in /dist, /test).
2025-11-13 01:36:05,971 - UnicodeAnalyzer - INFO - -> Analizzando versione 2.2.0 (90/364)...
2025-11-13 01:36:05,978 - UnicodeAnalyzer - INFO - Filtrati 85 file (es. in /dist, /test).
2025-11-13 01:36:06,065 - UnicodeAnalyzer - INFO - -> Analizzando versione 2.2.1 (91/364)...
2025-11-13 01:36:06,072 - UnicodeAnalyzer - INFO - Filtrati 85 file (es. in /dist, /test).
2025-11-13 01:36:06,156 - UnicodeAnalyzer - INFO - -> Analizzando versione 2.2.2 (92/364)...
2025-11-13 01:36:06,164 - UnicodeAnalyzer - INFO - Filtrati 87 file (es. in /dist, /test).
2025-11-13 01:36:06,250 - UnicodeAnalyzer - INFO - -> Analizzando versione 2.2.3 (93/364)...
2025-11-13 01:36:06,257 - UnicodeAnalyzer - INFO - Filtrati 87 file (es. in /dist, /test).
2025-11-13 01:36:06,343 - UnicodeAnalyzer - INFO - -> Analizzando versione 2.2.4 (94/364)...
2025-11-13 01:36:06,350 - UnicodeAnalyzer - INFO - Filtrati 87 file (es. in /dist, /test).
2025-11-13 01:36:06,437 - UnicodeAnalyzer - INFO - -> Analizzando versione 2.3.0 (95/364)...
2025-11-13 01:36:06,445 - UnicodeAnalyzer - INFO - Filtrati 90 file (es. in /dist, /test).
2025-11-13 01:36:06,533 - UnicodeAnalyzer - INFO - -> Analizzando versione 2.3.1 (96/364)...
2025-11-13 01:36:06,540 - UnicodeAnalyzer - INFO - Filtrati 90 file (es. in /dist, /test).
2025-11-13 01:36:06,626 - UnicodeAnalyzer - INFO - -> Analizzando versione 2.3.2 (97/364)...
2025-11-13 01:36:06,633 - UnicodeAnalyzer - INFO - Filtrati 90 file (es. in /dist, /test).
2025-11-13 01:36:06,725 - UnicodeAnalyzer - INFO - -> Analizzando versione 2.3.3 (98/364)...
2025-11-13 01:36:06,733 - UnicodeAnalyzer - INFO - Filtrati 90 file (es. in /dist, /test).
2025-11-13 01:36:06,824 - UnicodeAnalyzer - INFO - -> Analizzando versione 2.3.3-0 (99/364)...
2025-11-13 01:36:06,830 - UnicodeAnalyzer - INFO - Filtrati 68 file (es. in /dist, /test).
2025-11-13 01:36:06,918 - UnicodeAnalyzer - INFO - -> Analizzando versione 2.4.0 (100/364)...
2025-11-13 01:36:06,926 - UnicodeAnalyzer - INFO - Filtrati 90 file (es. in /dist, /test).
2025-11-13 01:36:07,018 - UnicodeAnalyzer - INFO - -> Analizzando versione 2.4.0-0 (101/364)...
2025-11-13 01:36:07,026 - UnicodeAnalyzer - INFO - Filtrati 90 file (es. in /dist, /test).
2025-11-13 01:36:07,112 - UnicodeAnalyzer - INFO - -> Analizzando versione 2.4.1 (102/364)...
2025-11-13 01:36:07,120 - UnicodeAnalyzer - INFO - Filtrati 90 file (es. in /dist, /test).
2025-11-13 01:36:07,208 - UnicodeAnalyzer - INFO - -> Analizzando versione 2.5.0-1 (103/364)...
2025-11-13 01:36:07,214 - UnicodeAnalyzer - INFO - Filtrati 68 file (es. in /dist, /test).
2025-11-13 01:36:07,300 - UnicodeAnalyzer - INFO - -> Analizzando versione 3.0.1 (104/364)...
2025-11-13 01:36:07,306 - UnicodeAnalyzer - INFO - Filtrati 69 file (es. in /dist, /test).
2025-11-13 01:36:07,393 - UnicodeAnalyzer - INFO - -> Analizzando versione 3.0.2 (105/364)...
2025-11-13 01:36:07,399 - UnicodeAnalyzer - INFO - Filtrati 69 file (es. in /dist, /test).
2025-11-13 01:36:07,483 - UnicodeAnalyzer - INFO - -> Analizzando versione 3.1.0 (106/364)...
2025-11-13 01:36:07,488 - UnicodeAnalyzer - INFO - Filtrati 75 file (es. in /dist, /test).
2025-11-13 01:36:07,575 - UnicodeAnalyzer - INFO - -> Analizzando versione 3.1.0-0 (107/364)...
2025-11-13 01:36:07,581 - UnicodeAnalyzer - INFO - Filtrati 75 file (es. in /dist, /test).
2025-11-13 01:36:07,668 - UnicodeAnalyzer - INFO - -> Analizzando versione 3.1.0-1 (108/364)...
2025-11-13 01:36:07,674 - UnicodeAnalyzer - INFO - Filtrati 75 file (es. in /dist, /test).
2025-11-13 01:36:07,758 - UnicodeAnalyzer - INFO - -> Analizzando versione 3.1.0-3 (109/364)...
2025-11-13 01:36:07,764 - UnicodeAnalyzer - INFO - Filtrati 76 file (es. in /dist, /test).
2025-11-13 01:36:07,852 - UnicodeAnalyzer - INFO - -> Analizzando versione 3.1.0-speedy (110/364)...
2025-11-13 01:36:07,858 - UnicodeAnalyzer - INFO - Filtrati 70 file (es. in /dist, /test).
2025-11-13 01:36:07,945 - UnicodeAnalyzer - INFO - -> Analizzando versione 3.1.0-speedy2 (111/364)...
2025-11-13 01:36:07,951 - UnicodeAnalyzer - INFO - Filtrati 70 file (es. in /dist, /test).
2025-11-13 01:36:08,037 - UnicodeAnalyzer - INFO - -> Analizzando versione 3.1.0-speedy3 (112/364)...
2025-11-13 01:36:08,043 - UnicodeAnalyzer - INFO - Filtrati 70 file (es. in /dist, /test).
2025-11-13 01:36:08,130 - UnicodeAnalyzer - INFO - -> Analizzando versione 3.1.0-speedy4 (113/364)...
2025-11-13 01:36:08,135 - UnicodeAnalyzer - INFO - Filtrati 69 file (es. in /dist, /test).
2025-11-13 01:36:08,221 - UnicodeAnalyzer - INFO - -> Analizzando versione 3.1.0-speedy5 (114/364)...
2025-11-13 01:36:08,227 - UnicodeAnalyzer - INFO - Filtrati 69 file (es. in /dist, /test).
2025-11-13 01:36:08,313 - UnicodeAnalyzer - INFO - -> Analizzando versione 3.1.0-speedy6 (115/364)...
2025-11-13 01:36:08,319 - UnicodeAnalyzer - INFO - Filtrati 69 file (es. in /dist, /test).
2025-11-13 01:36:08,407 - UnicodeAnalyzer - INFO - -> Analizzando versione 3.1.1 (116/364)...
2025-11-13 01:36:08,414 - UnicodeAnalyzer - INFO - Filtrati 75 file (es. in /dist, /test).
2025-11-13 01:36:08,502 - UnicodeAnalyzer - INFO - -> Analizzando versione 3.1.2 (117/364)...
2025-11-13 01:36:08,508 - UnicodeAnalyzer - INFO - Filtrati 75 file (es. in /dist, /test).
2025-11-13 01:36:08,595 - UnicodeAnalyzer - INFO - -> Analizzando versione 3.1.3 (118/364)...
2025-11-13 01:36:08,601 - UnicodeAnalyzer - INFO - Filtrati 75 file (es. in /dist, /test).
2025-11-13 01:36:08,689 - UnicodeAnalyzer - INFO - -> Analizzando versione 3.1.4 (119/364)...
2025-11-13 01:36:08,695 - UnicodeAnalyzer - INFO - Filtrati 75 file (es. in /dist, /test).
2025-11-13 01:36:08,781 - UnicodeAnalyzer - INFO - -> Analizzando versione 3.1.5 (120/364)...
2025-11-13 01:36:08,787 - UnicodeAnalyzer - INFO - Filtrati 75 file (es. in /dist, /test).
2025-11-13 01:36:08,875 - UnicodeAnalyzer - INFO - -> Analizzando versione 3.1.6 (121/364)...
2025-11-13 01:36:08,881 - UnicodeAnalyzer - INFO - Filtrati 75 file (es. in /dist, /test).
2025-11-13 01:36:08,967 - UnicodeAnalyzer - INFO - -> Analizzando versione 3.1.6-0 (122/364)...
2025-11-13 01:36:08,973 - UnicodeAnalyzer - INFO - Filtrati 75 file (es. in /dist, /test).
2025-11-13 01:36:09,061 - UnicodeAnalyzer - INFO - -> Analizzando versione 3.1.6-1 (123/364)...
2025-11-13 01:36:09,067 - UnicodeAnalyzer - INFO - Filtrati 75 file (es. in /dist, /test).
2025-11-13 01:36:09,154 - UnicodeAnalyzer - INFO - -> Analizzando versione 3.1.6-2 (124/364)...
2025-11-13 01:36:09,160 - UnicodeAnalyzer - INFO - Filtrati 75 file (es. in /dist, /test).
2025-11-13 01:36:09,247 - UnicodeAnalyzer - INFO - -> Analizzando versione 3.2.0 (125/364)...
2025-11-13 01:36:09,253 - UnicodeAnalyzer - INFO - Filtrati 76 file (es. in /dist, /test).
2025-11-13 01:36:09,340 - UnicodeAnalyzer - INFO - -> Analizzando versione 3.2.0-0 (126/364)...
2025-11-13 01:36:09,347 - UnicodeAnalyzer - INFO - Filtrati 76 file (es. in /dist, /test).
2025-11-13 01:36:09,436 - UnicodeAnalyzer - INFO - -> Analizzando versione 3.2.0-1 (127/364)...
2025-11-13 01:36:09,442 - UnicodeAnalyzer - INFO - Filtrati 76 file (es. in /dist, /test).
2025-11-13 01:36:09,534 - UnicodeAnalyzer - INFO - -> Analizzando versione 3.2.0-stylerefactor1 (128/364)...
2025-11-13 01:36:09,540 - UnicodeAnalyzer - INFO - Filtrati 75 file (es. in /dist, /test).
2025-11-13 01:36:09,625 - UnicodeAnalyzer - INFO - -> Analizzando versione 3.2.0-stylerefactor2 (129/364)...
2025-11-13 01:36:09,631 - UnicodeAnalyzer - INFO - Filtrati 75 file (es. in /dist, /test).
2025-11-13 01:36:09,720 - UnicodeAnalyzer - INFO - -> Analizzando versione 3.2.1 (130/364)...
2025-11-13 01:36:09,726 - UnicodeAnalyzer - INFO - Filtrati 76 file (es. in /dist, /test).
2025-11-13 01:36:09,814 - UnicodeAnalyzer - INFO - -> Analizzando versione 3.2.1-0 (131/364)...
2025-11-13 01:36:09,820 - UnicodeAnalyzer - INFO - Filtrati 76 file (es. in /dist, /test).
2025-11-13 01:36:09,909 - UnicodeAnalyzer - INFO - -> Analizzando versione 3.2.1-1 (132/364)...
2025-11-13 01:36:09,915 - UnicodeAnalyzer - INFO - Filtrati 76 file (es. in /dist, /test).
2025-11-13 01:36:10,003 - UnicodeAnalyzer - INFO - -> Analizzando versione 3.2.1-2 (133/364)...
2025-11-13 01:36:10,009 - UnicodeAnalyzer - INFO - Filtrati 76 file (es. in /dist, /test).
2025-11-13 01:36:10,098 - UnicodeAnalyzer - INFO - -> Analizzando versione 3.2.2 (134/364)...
2025-11-13 01:36:10,104 - UnicodeAnalyzer - INFO - Filtrati 76 file (es. in /dist, /test).
2025-11-13 01:36:10,192 - UnicodeAnalyzer - INFO - -> Analizzando versione 3.2.2-0 (135/364)...
2025-11-13 01:36:10,198 - UnicodeAnalyzer - INFO - Filtrati 76 file (es. in /dist, /test).
2025-11-13 01:36:10,288 - UnicodeAnalyzer - INFO - -> Analizzando versione 3.2.2-1 (136/364)...
2025-11-13 01:36:10,294 - UnicodeAnalyzer - INFO - Filtrati 76 file (es. in /dist, /test).
2025-11-13 01:36:10,378 - UnicodeAnalyzer - INFO - -> Analizzando versione 3.2.3 (137/364)...
2025-11-13 01:36:10,385 - UnicodeAnalyzer - INFO - Filtrati 76 file (es. in /dist, /test).
2025-11-13 01:36:10,473 - UnicodeAnalyzer - INFO - -> Analizzando versione 3.2.3-ssrmem1 (138/364)...
2025-11-13 01:36:10,479 - UnicodeAnalyzer - INFO - Filtrati 76 file (es. in /dist, /test).
2025-11-13 01:36:10,566 - UnicodeAnalyzer - INFO - -> Analizzando versione 3.2.4 (139/364)...
2025-11-13 01:36:10,572 - UnicodeAnalyzer - INFO - Filtrati 77 file (es. in /dist, /test).
2025-11-13 01:36:10,660 - UnicodeAnalyzer - INFO - -> Analizzando versione 3.2.5 (140/364)...
2025-11-13 01:36:10,666 - UnicodeAnalyzer - INFO - Filtrati 77 file (es. in /dist, /test).
2025-11-13 01:36:10,755 - UnicodeAnalyzer - INFO - -> Analizzando versione 3.2.6 (141/364)...
2025-11-13 01:36:10,761 - UnicodeAnalyzer - INFO - Filtrati 81 file (es. in /dist, /test).
2025-11-13 01:36:10,847 - UnicodeAnalyzer - INFO - -> Analizzando versione 3.3.0 (142/364)...
2025-11-13 01:36:10,853 - UnicodeAnalyzer - INFO - Filtrati 82 file (es. in /dist, /test).
2025-11-13 01:36:10,939 - UnicodeAnalyzer - INFO - -> Analizzando versione 3.3.1 (143/364)...
2025-11-13 01:36:10,945 - UnicodeAnalyzer - INFO - Filtrati 82 file (es. in /dist, /test).
2025-11-13 01:36:11,035 - UnicodeAnalyzer - INFO - -> Analizzando versione 3.3.1-beta.0 (144/364)...
2025-11-13 01:36:11,044 - UnicodeAnalyzer - INFO - Filtrati 110 file (es. in /dist, /test).
2025-11-13 01:36:11,129 - UnicodeAnalyzer - INFO - -> Analizzando versione 3.3.2 (145/364)...
2025-11-13 01:36:11,140 - UnicodeAnalyzer - INFO - Filtrati 110 file (es. in /dist, /test).
2025-11-13 01:36:11,228 - UnicodeAnalyzer - INFO - -> Analizzando versione 3.3.3 (146/364)...
2025-11-13 01:36:11,237 - UnicodeAnalyzer - INFO - Filtrati 110 file (es. in /dist, /test).
2025-11-13 01:36:11,327 - UnicodeAnalyzer - INFO - -> Analizzando versione 3.3.3-1 (147/364)...
2025-11-13 01:36:11,335 - UnicodeAnalyzer - INFO - Filtrati 110 file (es. in /dist, /test).
2025-11-13 01:36:11,422 - UnicodeAnalyzer - INFO - -> Analizzando versione 3.3.3-2 (148/364)...
2025-11-13 01:36:11,430 - UnicodeAnalyzer - INFO - Filtrati 110 file (es. in /dist, /test).
2025-11-13 01:36:11,519 - UnicodeAnalyzer - INFO - -> Analizzando versione 3.3.3-3 (149/364)...
2025-11-13 01:36:11,528 - UnicodeAnalyzer - INFO - Filtrati 110 file (es. in /dist, /test).
2025-11-13 01:36:11,617 - UnicodeAnalyzer - INFO - -> Analizzando versione 3.4.0 (150/364)...
2025-11-13 01:36:11,626 - UnicodeAnalyzer - INFO - Filtrati 110 file (es. in /dist, /test).
2025-11-13 01:36:11,719 - UnicodeAnalyzer - INFO - -> Analizzando versione 3.4.0-0 (151/364)...
2025-11-13 01:36:11,727 - UnicodeAnalyzer - INFO - Filtrati 110 file (es. in /dist, /test).
2025-11-13 01:36:11,817 - UnicodeAnalyzer - INFO - -> Analizzando versione 3.4.0-4 (152/364)...
2025-11-13 01:36:11,826 - UnicodeAnalyzer - INFO - Filtrati 110 file (es. in /dist, /test).
2025-11-13 01:36:11,912 - UnicodeAnalyzer - INFO - -> Analizzando versione 3.4.1 (153/364)...
2025-11-13 01:36:11,920 - UnicodeAnalyzer - INFO - Filtrati 111 file (es. in /dist, /test).
2025-11-13 01:36:12,010 - UnicodeAnalyzer - INFO - -> Analizzando versione 3.4.10 (154/364)...
2025-11-13 01:36:12,017 - UnicodeAnalyzer - INFO - Filtrati 87 file (es. in /dist, /test).
2025-11-13 01:36:12,107 - UnicodeAnalyzer - INFO - -> Analizzando versione 3.4.2 (155/364)...
2025-11-13 01:36:12,115 - UnicodeAnalyzer - INFO - Filtrati 111 file (es. in /dist, /test).
2025-11-13 01:36:12,204 - UnicodeAnalyzer - INFO - -> Analizzando versione 3.4.3 (156/364)...
2025-11-13 01:36:12,210 - UnicodeAnalyzer - INFO - Filtrati 83 file (es. in /dist, /test).
2025-11-13 01:36:12,302 - UnicodeAnalyzer - INFO - -> Analizzando versione 3.4.4 (157/364)...
2025-11-13 01:36:12,308 - UnicodeAnalyzer - INFO - Filtrati 83 file (es. in /dist, /test).
2025-11-13 01:36:12,395 - UnicodeAnalyzer - INFO - -> Analizzando versione 3.4.5 (158/364)...
2025-11-13 01:36:12,401 - UnicodeAnalyzer - INFO - Filtrati 83 file (es. in /dist, /test).
2025-11-13 01:36:12,493 - UnicodeAnalyzer - INFO - -> Analizzando versione 3.4.6 (159/364)...
2025-11-13 01:36:12,501 - UnicodeAnalyzer - INFO - Filtrati 87 file (es. in /dist, /test).
2025-11-13 01:36:12,588 - UnicodeAnalyzer - INFO - -> Analizzando versione 3.4.7 (160/364)...
2025-11-13 01:36:12,595 - UnicodeAnalyzer - INFO - Filtrati 87 file (es. in /dist, /test).
2025-11-13 01:36:12,690 - UnicodeAnalyzer - INFO - -> Analizzando versione 3.4.8 (161/364)...
2025-11-13 01:36:12,698 - UnicodeAnalyzer - INFO - Filtrati 87 file (es. in /dist, /test).
2025-11-13 01:36:12,785 - UnicodeAnalyzer - INFO - -> Analizzando versione 3.4.9 (162/364)...
2025-11-13 01:36:12,792 - UnicodeAnalyzer - INFO - Filtrati 87 file (es. in /dist, /test).
2025-11-13 01:36:12,881 - UnicodeAnalyzer - INFO - -> Analizzando versione 3.5.0-0 (163/364)...
2025-11-13 01:36:12,888 - UnicodeAnalyzer - INFO - Filtrati 83 file (es. in /dist, /test).
2025-11-13 01:36:12,978 - UnicodeAnalyzer - INFO - -> Analizzando versione 4.0.0 (164/364)...
2025-11-13 01:36:12,979 - UnicodeAnalyzer - INFO - Filtrati 12 file (es. in /dist, /test).
2025-11-13 01:36:13,053 - UnicodeAnalyzer - INFO - -> Analizzando versione 4.0.0-beta.0 (165/364)...
2025-11-13 01:36:13,054 - UnicodeAnalyzer - INFO - Filtrati 13 file (es. in /dist, /test).
2025-11-13 01:36:13,129 - UnicodeAnalyzer - INFO - -> Analizzando versione 4.0.0-beta.0-1 (166/364)...
2025-11-13 01:36:13,130 - UnicodeAnalyzer - INFO - Filtrati 14 file (es. in /dist, /test).
2025-11-13 01:36:13,203 - UnicodeAnalyzer - INFO - -> Analizzando versione 4.0.0-beta.0-2 (167/364)...
2025-11-13 01:36:13,205 - UnicodeAnalyzer - INFO - Filtrati 14 file (es. in /dist, /test).
2025-11-13 01:36:13,278 - UnicodeAnalyzer - INFO - -> Analizzando versione 4.0.0-beta.1 (168/364)...
2025-11-13 01:36:13,280 - UnicodeAnalyzer - INFO - Filtrati 14 file (es. in /dist, /test).
2025-11-13 01:36:13,354 - UnicodeAnalyzer - INFO - -> Analizzando versione 4.0.0-beta.1-1 (169/364)...
2025-11-13 01:36:13,356 - UnicodeAnalyzer - INFO - Filtrati 14 file (es. in /dist, /test).
2025-11-13 01:36:13,432 - UnicodeAnalyzer - INFO - -> Analizzando versione 4.0.0-beta.1-2 (170/364)...
2025-11-13 01:36:13,433 - UnicodeAnalyzer - INFO - Filtrati 18 file (es. in /dist, /test).
2025-11-13 01:36:13,507 - UnicodeAnalyzer - INFO - -> Analizzando versione 4.0.0-beta.10 (171/364)...
2025-11-13 01:36:13,508 - UnicodeAnalyzer - INFO - Filtrati 10 file (es. in /dist, /test).
2025-11-13 01:36:13,581 - UnicodeAnalyzer - INFO - -> Analizzando versione 4.0.0-beta.10-1 (172/364)...
2025-11-13 01:36:13,582 - UnicodeAnalyzer - INFO - Filtrati 10 file (es. in /dist, /test).
2025-11-13 01:36:13,657 - UnicodeAnalyzer - INFO - -> Analizzando versione 4.0.0-beta.10-2 (173/364)...
2025-11-13 01:36:13,658 - UnicodeAnalyzer - INFO - Filtrati 10 file (es. in /dist, /test).
2025-11-13 01:36:13,732 - UnicodeAnalyzer - INFO - -> Analizzando versione 4.0.0-beta.10-3 (174/364)...
2025-11-13 01:36:13,733 - UnicodeAnalyzer - INFO - Filtrati 10 file (es. in /dist, /test).
2025-11-13 01:36:13,808 - UnicodeAnalyzer - INFO - -> Analizzando versione 4.0.0-beta.10-4 (175/364)...
2025-11-13 01:36:13,809 - UnicodeAnalyzer - INFO - Filtrati 10 file (es. in /dist, /test).
2025-11-13 01:36:13,883 - UnicodeAnalyzer - INFO - -> Analizzando versione 4.0.0-beta.10-5 (176/364)...
2025-11-13 01:36:13,884 - UnicodeAnalyzer - INFO - Filtrati 10 file (es. in /dist, /test).
2025-11-13 01:36:13,957 - UnicodeAnalyzer - INFO - -> Analizzando versione 4.0.0-beta.11 (177/364)...
2025-11-13 01:36:13,958 - UnicodeAnalyzer - INFO - Filtrati 12 file (es. in /dist, /test).
2025-11-13 01:36:14,033 - UnicodeAnalyzer - INFO - -> Analizzando versione 4.0.0-beta.11.1 (178/364)...
2025-11-13 01:36:14,034 - UnicodeAnalyzer - INFO - Filtrati 12 file (es. in /dist, /test).
2025-11-13 01:36:14,108 - UnicodeAnalyzer - INFO - -> Analizzando versione 4.0.0-beta.11.1-hmr (179/364)...
2025-11-13 01:36:14,109 - UnicodeAnalyzer - INFO - Filtrati 12 file (es. in /dist, /test).
2025-11-13 01:36:14,183 - UnicodeAnalyzer - INFO - -> Analizzando versione 4.0.0-beta.11.1-hmr2 (180/364)...
2025-11-13 01:36:14,185 - UnicodeAnalyzer - INFO - Filtrati 12 file (es. in /dist, /test).
2025-11-13 01:36:14,263 - UnicodeAnalyzer - INFO - -> Analizzando versione 4.0.0-beta.11.2 (181/364)...
2025-11-13 01:36:14,264 - UnicodeAnalyzer - INFO - Filtrati 12 file (es. in /dist, /test).
2025-11-13 01:36:14,336 - UnicodeAnalyzer - INFO - -> Analizzando versione 4.0.0-beta.11.3 (182/364)...
2025-11-13 01:36:14,337 - UnicodeAnalyzer - INFO - Filtrati 12 file (es. in /dist, /test).
2025-11-13 01:36:14,410 - UnicodeAnalyzer - INFO - -> Analizzando versione 4.0.0-beta.2 (183/364)...
2025-11-13 01:36:14,412 - UnicodeAnalyzer - INFO - Filtrati 10 file (es. in /dist, /test).
2025-11-13 01:36:14,485 - UnicodeAnalyzer - INFO - -> Analizzando versione 4.0.0-beta.2-0 (184/364)...
2025-11-13 01:36:14,486 - UnicodeAnalyzer - INFO - Filtrati 10 file (es. in /dist, /test).
2025-11-13 01:36:14,559 - UnicodeAnalyzer - INFO - -> Analizzando versione 4.0.0-beta.3 (185/364)...
2025-11-13 01:36:14,560 - UnicodeAnalyzer - INFO - Filtrati 10 file (es. in /dist, /test).
2025-11-13 01:36:14,633 - UnicodeAnalyzer - INFO - -> Analizzando versione 4.0.0-beta.3-purecomponent (186/364)...
2025-11-13 01:36:14,634 - UnicodeAnalyzer - INFO - Filtrati 10 file (es. in /dist, /test).
2025-11-13 01:36:14,708 - UnicodeAnalyzer - INFO - -> Analizzando versione 4.0.0-beta.3-side-effect-test (187/364)...
2025-11-13 01:36:14,709 - UnicodeAnalyzer - INFO - Filtrati 10 file (es. in /dist, /test).
2025-11-13 01:36:14,782 - UnicodeAnalyzer - INFO - -> Analizzando versione 4.0.0-beta.4 (188/364)...
2025-11-13 01:36:14,783 - UnicodeAnalyzer - INFO - Filtrati 10 file (es. in /dist, /test).
2025-11-13 01:36:14,857 - UnicodeAnalyzer - INFO - -> Analizzando versione 4.0.0-beta.4-hmr (189/364)...
2025-11-13 01:36:14,858 - UnicodeAnalyzer - INFO - Filtrati 10 file (es. in /dist, /test).
2025-11-13 01:36:14,930 - UnicodeAnalyzer - INFO - -> Analizzando versione 4.0.0-beta.5 (190/364)...
2025-11-13 01:36:14,931 - UnicodeAnalyzer - INFO - Filtrati 10 file (es. in /dist, /test).
2025-11-13 01:36:15,000 - UnicodeAnalyzer - INFO - -> Analizzando versione 4.0.0-beta.6 (191/364)...
2025-11-13 01:36:15,001 - UnicodeAnalyzer - INFO - Filtrati 10 file (es. in /dist, /test).
2025-11-13 01:36:15,078 - UnicodeAnalyzer - INFO - -> Analizzando versione 4.0.0-beta.7 (192/364)...
2025-11-13 01:36:15,079 - UnicodeAnalyzer - INFO - Filtrati 10 file (es. in /dist, /test).
2025-11-13 01:36:15,151 - UnicodeAnalyzer - INFO - -> Analizzando versione 4.0.0-beta.7-hoist (193/364)...
2025-11-13 01:36:15,152 - UnicodeAnalyzer - INFO - Filtrati 10 file (es. in /dist, /test).
2025-11-13 01:36:15,226 - UnicodeAnalyzer - INFO - -> Analizzando versione 4.0.0-beta.8 (194/364)...
2025-11-13 01:36:15,227 - UnicodeAnalyzer - INFO - Filtrati 10 file (es. in /dist, /test).
2025-11-13 01:36:15,300 - UnicodeAnalyzer - INFO - -> Analizzando versione 4.0.0-beta.8-unpure (195/364)...
2025-11-13 01:36:15,301 - UnicodeAnalyzer - INFO - Filtrati 10 file (es. in /dist, /test).
2025-11-13 01:36:15,369 - UnicodeAnalyzer - INFO - -> Analizzando versione 4.0.0-beta.9 (196/364)...
2025-11-13 01:36:15,370 - UnicodeAnalyzer - INFO - Filtrati 10 file (es. in /dist, /test).
2025-11-13 01:36:15,444 - UnicodeAnalyzer - INFO - -> Analizzando versione 4.0.0-beta.9-macro (197/364)...
2025-11-13 01:36:15,445 - UnicodeAnalyzer - INFO - Filtrati 12 file (es. in /dist, /test).
2025-11-13 01:36:15,517 - UnicodeAnalyzer - INFO - -> Analizzando versione 4.0.0-beta.9-macro2 (198/364)...
2025-11-13 01:36:15,519 - UnicodeAnalyzer - INFO - Filtrati 12 file (es. in /dist, /test).
2025-11-13 01:36:15,591 - UnicodeAnalyzer - INFO - -> Analizzando versione 4.0.1 (199/364)...
2025-11-13 01:36:15,592 - UnicodeAnalyzer - INFO - Filtrati 12 file (es. in /dist, /test).
2025-11-13 01:36:15,665 - UnicodeAnalyzer - INFO - -> Analizzando versione 4.0.1-0 (200/364)...
2025-11-13 01:36:15,667 - UnicodeAnalyzer - INFO - Filtrati 12 file (es. in /dist, /test).
2025-11-13 01:36:15,742 - UnicodeAnalyzer - INFO - -> Analizzando versione 4.0.2 (201/364)...
2025-11-13 01:36:15,743 - UnicodeAnalyzer - INFO - Filtrati 12 file (es. in /dist, /test).
2025-11-13 01:36:15,818 - UnicodeAnalyzer - INFO - -> Analizzando versione 4.0.3 (202/364)...
2025-11-13 01:36:15,820 - UnicodeAnalyzer - INFO - Filtrati 12 file (es. in /dist, /test).
2025-11-13 01:36:15,893 - UnicodeAnalyzer - INFO - -> Analizzando versione 4.0.3-0 (203/364)...
2025-11-13 01:36:15,894 - UnicodeAnalyzer - INFO - Filtrati 12 file (es. in /dist, /test).
2025-11-13 01:36:15,968 - UnicodeAnalyzer - INFO - -> Analizzando versione 4.1.0 (204/364)...
2025-11-13 01:36:15,969 - UnicodeAnalyzer - INFO - Filtrati 12 file (es. in /dist, /test).
2025-11-13 01:36:16,043 - UnicodeAnalyzer - INFO - -> Analizzando versione 4.1.0-rehydrate (205/364)...
2025-11-13 01:36:16,044 - UnicodeAnalyzer - INFO - Filtrati 12 file (es. in /dist, /test).
2025-11-13 01:36:16,115 - UnicodeAnalyzer - INFO - -> Analizzando versione 4.1.1 (206/364)...
2025-11-13 01:36:16,116 - UnicodeAnalyzer - INFO - Filtrati 12 file (es. in /dist, /test).
2025-11-13 01:36:16,182 - UnicodeAnalyzer - INFO - -> Analizzando versione 4.1.2 (207/364)...
2025-11-13 01:36:16,184 - UnicodeAnalyzer - INFO - Filtrati 12 file (es. in /dist, /test).
2025-11-13 01:36:16,257 - UnicodeAnalyzer - INFO - -> Analizzando versione 4.1.3 (208/364)...
2025-11-13 01:36:16,258 - UnicodeAnalyzer - INFO - Filtrati 12 file (es. in /dist, /test).
2025-11-13 01:36:16,337 - UnicodeAnalyzer - INFO - -> Analizzando versione 4.1.4-alpha.2 (209/364)...
2025-11-13 01:36:16,338 - UnicodeAnalyzer - INFO - Filtrati 12 file (es. in /dist, /test).
2025-11-13 01:36:16,408 - UnicodeAnalyzer - INFO - -> Analizzando versione 4.1.4-alpha.3 (210/364)...
2025-11-13 01:36:16,409 - UnicodeAnalyzer - INFO - Filtrati 12 file (es. in /dist, /test).
2025-11-13 01:36:16,482 - UnicodeAnalyzer - INFO - -> Analizzando versione 4.1.4-alpha.4 (211/364)...
2025-11-13 01:36:16,483 - UnicodeAnalyzer - INFO - Filtrati 12 file (es. in /dist, /test).
2025-11-13 01:36:16,557 - UnicodeAnalyzer - INFO - -> Analizzando versione 4.1.4-alpha.5 (212/364)...
2025-11-13 01:36:16,558 - UnicodeAnalyzer - INFO - Filtrati 12 file (es. in /dist, /test).
2025-11-13 01:36:16,631 - UnicodeAnalyzer - INFO - -> Analizzando versione 4.1.4-alpha.6 (213/364)...
2025-11-13 01:36:16,632 - UnicodeAnalyzer - INFO - Filtrati 12 file (es. in /dist, /test).
2025-11-13 01:36:16,706 - UnicodeAnalyzer - INFO - -> Analizzando versione 4.2.0 (214/364)...
2025-11-13 01:36:16,707 - UnicodeAnalyzer - INFO - Filtrati 12 file (es. in /dist, /test).
2025-11-13 01:36:16,779 - UnicodeAnalyzer - INFO - -> Analizzando versione 4.2.1 (215/364)...
2025-11-13 01:36:16,780 - UnicodeAnalyzer - INFO - Filtrati 12 file (es. in /dist, /test).
2025-11-13 01:36:16,853 - UnicodeAnalyzer - INFO - -> Analizzando versione 4.3.0 (216/364)...
2025-11-13 01:36:16,854 - UnicodeAnalyzer - INFO - Filtrati 12 file (es. in /dist, /test).
2025-11-13 01:36:16,927 - UnicodeAnalyzer - INFO - -> Analizzando versione 4.3.1 (217/364)...
2025-11-13 01:36:16,928 - UnicodeAnalyzer - INFO - Filtrati 12 file (es. in /dist, /test).
2025-11-13 01:36:17,000 - UnicodeAnalyzer - INFO - -> Analizzando versione 4.3.1-0 (218/364)...
2025-11-13 01:36:17,002 - UnicodeAnalyzer - INFO - Filtrati 12 file (es. in /dist, /test).
2025-11-13 01:36:17,076 - UnicodeAnalyzer - INFO - -> Analizzando versione 4.3.2 (219/364)...
2025-11-13 01:36:17,077 - UnicodeAnalyzer - INFO - Filtrati 12 file (es. in /dist, /test).
2025-11-13 01:36:17,150 - UnicodeAnalyzer - INFO - -> Analizzando versione 4.4.0 (220/364)...
2025-11-13 01:36:17,151 - UnicodeAnalyzer - INFO - Filtrati 12 file (es. in /dist, /test).
2025-11-13 01:36:17,223 - UnicodeAnalyzer - INFO - -> Analizzando versione 4.4.0-reactnativewebfix (221/364)...
2025-11-13 01:36:17,224 - UnicodeAnalyzer - INFO - Filtrati 12 file (es. in /dist, /test).
2025-11-13 01:36:17,296 - UnicodeAnalyzer - INFO - -> Analizzando versione 4.4.1 (222/364)...
2025-11-13 01:36:17,297 - UnicodeAnalyzer - INFO - Filtrati 12 file (es. in /dist, /test).
2025-11-13 01:36:17,369 - UnicodeAnalyzer - INFO - -> Analizzando versione 5.0.0 (223/364)...
2025-11-13 01:36:17,370 - UnicodeAnalyzer - INFO - Filtrati 12 file (es. in /dist, /test).
2025-11-13 01:36:17,446 - UnicodeAnalyzer - INFO - -> Analizzando versione 5.0.0-0.canary-sheet (224/364)...
2025-11-13 01:36:17,447 - UnicodeAnalyzer - INFO - Filtrati 12 file (es. in /dist, /test).
2025-11-13 01:36:17,519 - UnicodeAnalyzer - INFO - -> Analizzando versione 5.0.0-1.canary-sheet (225/364)...
2025-11-13 01:36:17,520 - UnicodeAnalyzer - INFO - Filtrati 12 file (es. in /dist, /test).
2025-11-13 01:36:17,594 - UnicodeAnalyzer - INFO - -> Analizzando versione 5.0.0-3.canary-sheet (226/364)...
2025-11-13 01:36:17,595 - UnicodeAnalyzer - INFO - Filtrati 12 file (es. in /dist, /test).
2025-11-13 01:36:17,667 - UnicodeAnalyzer - INFO - -> Analizzando versione 5.0.0-4.canary-sheet (227/364)...
2025-11-13 01:36:17,668 - UnicodeAnalyzer - INFO - Filtrati 12 file (es. in /dist, /test).
2025-11-13 01:36:17,740 - UnicodeAnalyzer - INFO - -> Analizzando versione 5.0.0-5.canary-sheet (228/364)...
2025-11-13 01:36:17,741 - UnicodeAnalyzer - INFO - Filtrati 12 file (es. in /dist, /test).
2025-11-13 01:36:17,814 - UnicodeAnalyzer - INFO - -> Analizzando versione 5.0.0-alpha.0 (229/364)...
2025-11-13 01:36:17,815 - UnicodeAnalyzer - INFO - Filtrati 12 file (es. in /dist, /test).
2025-11-13 01:36:17,889 - UnicodeAnalyzer - INFO - -> Analizzando versione 5.0.0-alpha.1 (230/364)...
2025-11-13 01:36:17,890 - UnicodeAnalyzer - INFO - Filtrati 12 file (es. in /dist, /test).
2025-11-13 01:36:17,964 - UnicodeAnalyzer - INFO - -> Analizzando versione 5.0.0-alpha.2 (231/364)...
2025-11-13 01:36:17,965 - UnicodeAnalyzer - INFO - Filtrati 12 file (es. in /dist, /test).
2025-11-13 01:36:18,038 - UnicodeAnalyzer - INFO - -> Analizzando versione 5.0.0-beta.0 (232/364)...
2025-11-13 01:36:18,040 - UnicodeAnalyzer - INFO - Filtrati 12 file (es. in /dist, /test).
2025-11-13 01:36:18,113 - UnicodeAnalyzer - INFO - -> Analizzando versione 5.0.0-beta.1 (233/364)...
2025-11-13 01:36:18,114 - UnicodeAnalyzer - INFO - Filtrati 12 file (es. in /dist, /test).
2025-11-13 01:36:18,187 - UnicodeAnalyzer - INFO - -> Analizzando versione 5.0.0-beta.10 (234/364)...
2025-11-13 01:36:18,189 - UnicodeAnalyzer - INFO - Filtrati 12 file (es. in /dist, /test).
2025-11-13 01:36:18,264 - UnicodeAnalyzer - INFO - -> Analizzando versione 5.0.0-beta.10-rulefix (235/364)...
2025-11-13 01:36:18,265 - UnicodeAnalyzer - INFO - Filtrati 12 file (es. in /dist, /test).
2025-11-13 01:36:18,338 - UnicodeAnalyzer - INFO - -> Analizzando versione 5.0.0-beta.11 (236/364)...
2025-11-13 01:36:18,339 - UnicodeAnalyzer - INFO - Filtrati 12 file (es. in /dist, /test).
2025-11-13 01:36:18,414 - UnicodeAnalyzer - INFO - -> Analizzando versione 5.0.0-beta.11-cgsmulti (237/364)...
2025-11-13 01:36:18,416 - UnicodeAnalyzer - INFO - Filtrati 12 file (es. in /dist, /test).
2025-11-13 01:36:18,490 - UnicodeAnalyzer - INFO - -> Analizzando versione 5.0.0-beta.2 (238/364)...
2025-11-13 01:36:18,491 - UnicodeAnalyzer - INFO - Filtrati 12 file (es. in /dist, /test).
2025-11-13 01:36:18,564 - UnicodeAnalyzer - INFO - -> Analizzando versione 5.0.0-beta.3 (239/364)...
2025-11-13 01:36:18,565 - UnicodeAnalyzer - INFO - Filtrati 12 file (es. in /dist, /test).
2025-11-13 01:36:18,638 - UnicodeAnalyzer - INFO - -> Analizzando versione 5.0.0-beta.4 (240/364)...
2025-11-13 01:36:18,639 - UnicodeAnalyzer - INFO - Filtrati 12 file (es. in /dist, /test).
2025-11-13 01:36:18,712 - UnicodeAnalyzer - INFO - -> Analizzando versione 5.0.0-beta.5 (241/364)...
2025-11-13 01:36:18,713 - UnicodeAnalyzer - INFO - Filtrati 12 file (es. in /dist, /test).
2025-11-13 01:36:18,786 - UnicodeAnalyzer - INFO - -> Analizzando versione 5.0.0-beta.5-ej2 (242/364)...
2025-11-13 01:36:18,787 - UnicodeAnalyzer - INFO - Filtrati 12 file (es. in /dist, /test).
2025-11-13 01:36:18,860 - UnicodeAnalyzer - INFO - -> Analizzando versione 5.0.0-beta.5-removefoldedcomponentids (243/364)...
2025-11-13 01:36:18,861 - UnicodeAnalyzer - INFO - Filtrati 12 file (es. in /dist, /test).
2025-11-13 01:36:18,937 - UnicodeAnalyzer - INFO - -> Analizzando versione 5.0.0-beta.6 (244/364)...
2025-11-13 01:36:18,938 - UnicodeAnalyzer - INFO - Filtrati 12 file (es. in /dist, /test).
2025-11-13 01:36:19,011 - UnicodeAnalyzer - INFO - -> Analizzando versione 5.0.0-beta.6-ej (245/364)...
2025-11-13 01:36:19,012 - UnicodeAnalyzer - INFO - Filtrati 12 file (es. in /dist, /test).
2025-11-13 01:36:19,085 - UnicodeAnalyzer - INFO - -> Analizzando versione 5.0.0-beta.6-ej1 (246/364)...
2025-11-13 01:36:19,086 - UnicodeAnalyzer - INFO - Filtrati 12 file (es. in /dist, /test).
2025-11-13 01:36:19,160 - UnicodeAnalyzer - INFO - -> Analizzando versione 5.0.0-beta.6-ej2 (247/364)...
2025-11-13 01:36:19,162 - UnicodeAnalyzer - INFO - Filtrati 12 file (es. in /dist, /test).
2025-11-13 01:36:19,235 - UnicodeAnalyzer - INFO - -> Analizzando versione 5.0.0-beta.6-ej3 (248/364)...
2025-11-13 01:36:19,236 - UnicodeAnalyzer - INFO - Filtrati 12 file (es. in /dist, /test).
2025-11-13 01:36:19,308 - UnicodeAnalyzer - INFO - -> Analizzando versione 5.0.0-beta.6-ej4 (249/364)...
2025-11-13 01:36:19,309 - UnicodeAnalyzer - INFO - Filtrati 12 file (es. in /dist, /test).
2025-11-13 01:36:19,375 - UnicodeAnalyzer - INFO - -> Analizzando versione 5.0.0-beta.8 (250/364)...
2025-11-13 01:36:19,376 - UnicodeAnalyzer - INFO - Filtrati 12 file (es. in /dist, /test).
2025-11-13 01:36:19,449 - UnicodeAnalyzer - INFO - -> Analizzando versione 5.0.0-beta.8-groupsizefix (251/364)...
2025-11-13 01:36:19,450 - UnicodeAnalyzer - INFO - Filtrati 12 file (es. in /dist, /test).
2025-11-13 01:36:19,523 - UnicodeAnalyzer - INFO - -> Analizzando versione 5.0.0-beta.9 (252/364)...
2025-11-13 01:36:19,524 - UnicodeAnalyzer - INFO - Filtrati 12 file (es. in /dist, /test).
2025-11-13 01:36:19,596 - UnicodeAnalyzer - INFO - -> Analizzando versione 5.0.0-cgsmem (253/364)...
2025-11-13 01:36:19,597 - UnicodeAnalyzer - INFO - Filtrati 12 file (es. in /dist, /test).
2025-11-13 01:36:19,670 - UnicodeAnalyzer - INFO - -> Analizzando versione 5.0.0-fixhoist (254/364)...
2025-11-13 01:36:19,671 - UnicodeAnalyzer - INFO - Filtrati 12 file (es. in /dist, /test).
2025-11-13 01:36:19,744 - UnicodeAnalyzer - INFO - -> Analizzando versione 5.0.0-rc.0 (255/364)...
2025-11-13 01:36:19,745 - UnicodeAnalyzer - INFO - Filtrati 12 file (es. in /dist, /test).
2025-11-13 01:36:19,819 - UnicodeAnalyzer - INFO - -> Analizzando versione 5.0.0-rc.1 (256/364)...
2025-11-13 01:36:19,820 - UnicodeAnalyzer - INFO - Filtrati 12 file (es. in /dist, /test).
2025-11-13 01:36:19,894 - UnicodeAnalyzer - INFO - -> Analizzando versione 5.0.0-rc.2 (257/364)...
2025-11-13 01:36:19,895 - UnicodeAnalyzer - INFO - Filtrati 12 file (es. in /dist, /test).
2025-11-13 01:36:19,970 - UnicodeAnalyzer - INFO - -> Analizzando versione 5.0.0-rc.3 (258/364)...
2025-11-13 01:36:19,971 - UnicodeAnalyzer - INFO - Filtrati 12 file (es. in /dist, /test).
2025-11-13 01:36:20,044 - UnicodeAnalyzer - INFO - -> Analizzando versione 5.0.0-regexrehydrate (259/364)...
2025-11-13 01:36:20,045 - UnicodeAnalyzer - INFO - Filtrati 12 file (es. in /dist, /test).
2025-11-13 01:36:20,119 - UnicodeAnalyzer - INFO - -> Analizzando versione 5.0.0-testdeopt (260/364)...
2025-11-13 01:36:20,120 - UnicodeAnalyzer - INFO - Filtrati 12 file (es. in /dist, /test).
2025-11-13 01:36:20,192 - UnicodeAnalyzer - INFO - -> Analizzando versione 5.0.0-testdeopt2 (261/364)...
2025-11-13 01:36:20,193 - UnicodeAnalyzer - INFO - Filtrati 12 file (es. in /dist, /test).
2025-11-13 01:36:20,266 - UnicodeAnalyzer - INFO - -> Analizzando versione 5.0.0-testgrouplimit.0 (262/364)...
2025-11-13 01:36:20,267 - UnicodeAnalyzer - INFO - Filtrati 12 file (es. in /dist, /test).
2025-11-13 01:36:20,339 - UnicodeAnalyzer - INFO - -> Analizzando versione 5.0.1 (263/364)...
2025-11-13 01:36:20,340 - UnicodeAnalyzer - INFO - Filtrati 12 file (es. in /dist, /test).
2025-11-13 01:36:20,412 - UnicodeAnalyzer - INFO - -> Analizzando versione 5.0.1-revisedssr (264/364)...
2025-11-13 01:36:20,413 - UnicodeAnalyzer - INFO - Filtrati 12 file (es. in /dist, /test).
2025-11-13 01:36:20,485 - UnicodeAnalyzer - INFO - -> Analizzando versione 5.1.0 (265/364)...
2025-11-13 01:36:20,486 - UnicodeAnalyzer - INFO - Filtrati 12 file (es. in /dist, /test).
2025-11-13 01:36:20,562 - UnicodeAnalyzer - INFO - -> Analizzando versione 5.1.1 (266/364)...
2025-11-13 01:36:20,563 - UnicodeAnalyzer - INFO - Filtrati 12 file (es. in /dist, /test).
2025-11-13 01:36:20,636 - UnicodeAnalyzer - INFO - -> Analizzando versione 5.2.0 (267/364)...
2025-11-13 01:36:20,637 - UnicodeAnalyzer - INFO - Filtrati 12 file (es. in /dist, /test).
2025-11-13 01:36:20,708 - UnicodeAnalyzer - INFO - -> Analizzando versione 5.2.0-test.0 (268/364)...
2025-11-13 01:36:20,709 - UnicodeAnalyzer - INFO - Filtrati 12 file (es. in /dist, /test).
2025-11-13 01:36:20,784 - UnicodeAnalyzer - INFO - -> Analizzando versione 5.2.0-test.1 (269/364)...
2025-11-13 01:36:20,785 - UnicodeAnalyzer - INFO - Filtrati 12 file (es. in /dist, /test).
2025-11-13 01:36:20,858 - UnicodeAnalyzer - INFO - -> Analizzando versione 5.2.0-test.10 (270/364)...
2025-11-13 01:36:20,859 - UnicodeAnalyzer - INFO - Filtrati 12 file (es. in /dist, /test).
2025-11-13 01:36:20,931 - UnicodeAnalyzer - INFO - -> Analizzando versione 5.2.0-test.11 (271/364)...
2025-11-13 01:36:20,932 - UnicodeAnalyzer - INFO - Filtrati 12 file (es. in /dist, /test).
2025-11-13 01:36:21,005 - UnicodeAnalyzer - INFO - -> Analizzando versione 5.2.0-test.12 (272/364)...
2025-11-13 01:36:21,006 - UnicodeAnalyzer - INFO - Filtrati 12 file (es. in /dist, /test).
2025-11-13 01:36:21,079 - UnicodeAnalyzer - INFO - -> Analizzando versione 5.2.0-test.2 (273/364)...
2025-11-13 01:36:21,080 - UnicodeAnalyzer - INFO - Filtrati 12 file (es. in /dist, /test).
2025-11-13 01:36:21,152 - UnicodeAnalyzer - INFO - -> Analizzando versione 5.2.0-test.3 (274/364)...
2025-11-13 01:36:21,153 - UnicodeAnalyzer - INFO - Filtrati 12 file (es. in /dist, /test).
2025-11-13 01:36:21,228 - UnicodeAnalyzer - INFO - -> Analizzando versione 5.2.0-test.4 (275/364)...
2025-11-13 01:36:21,229 - UnicodeAnalyzer - INFO - Filtrati 12 file (es. in /dist, /test).
2025-11-13 01:36:21,302 - UnicodeAnalyzer - INFO - -> Analizzando versione 5.2.0-test.5 (276/364)...
2025-11-13 01:36:21,303 - UnicodeAnalyzer - INFO - Filtrati 12 file (es. in /dist, /test).
2025-11-13 01:36:21,370 - UnicodeAnalyzer - INFO - -> Analizzando versione 5.2.0-test.6 (277/364)...
2025-11-13 01:36:21,371 - UnicodeAnalyzer - INFO - Filtrati 12 file (es. in /dist, /test).
2025-11-13 01:36:21,442 - UnicodeAnalyzer - INFO - -> Analizzando versione 5.2.0-test.7 (278/364)...
2025-11-13 01:36:21,443 - UnicodeAnalyzer - INFO - Filtrati 12 file (es. in /dist, /test).
2025-11-13 01:36:21,517 - UnicodeAnalyzer - INFO - -> Analizzando versione 5.2.0-test.8 (279/364)...
2025-11-13 01:36:21,518 - UnicodeAnalyzer - INFO - Filtrati 12 file (es. in /dist, /test).
2025-11-13 01:36:21,583 - UnicodeAnalyzer - INFO - -> Analizzando versione 5.2.0-test.9 (280/364)...
2025-11-13 01:36:21,584 - UnicodeAnalyzer - INFO - Filtrati 12 file (es. in /dist, /test).
2025-11-13 01:36:21,659 - UnicodeAnalyzer - INFO - -> Analizzando versione 5.2.1 (281/364)...
2025-11-13 01:36:21,660 - UnicodeAnalyzer - INFO - Filtrati 12 file (es. in /dist, /test).
2025-11-13 01:36:21,732 - UnicodeAnalyzer - INFO - -> Analizzando versione 5.2.2 (282/364)...
2025-11-13 01:36:21,733 - UnicodeAnalyzer - INFO - Filtrati 12 file (es. in /dist, /test).
2025-11-13 01:36:21,806 - UnicodeAnalyzer - INFO - -> Analizzando versione 5.2.3 (283/364)...
2025-11-13 01:36:21,807 - UnicodeAnalyzer - INFO - Filtrati 12 file (es. in /dist, /test).
2025-11-13 01:36:21,873 - UnicodeAnalyzer - INFO - -> Analizzando versione 5.3.0 (284/364)...
2025-11-13 01:36:21,874 - UnicodeAnalyzer - INFO - Filtrati 12 file (es. in /dist, /test).
2025-11-13 01:36:21,947 - UnicodeAnalyzer - INFO - -> Analizzando versione 5.3.1 (285/364)...
2025-11-13 01:36:21,948 - UnicodeAnalyzer - INFO - Filtrati 12 file (es. in /dist, /test).
2025-11-13 01:36:22,018 - UnicodeAnalyzer - INFO - -> Analizzando versione 5.3.1-pr3563 (286/364)...
2025-11-13 01:36:22,019 - UnicodeAnalyzer - INFO - Filtrati 12 file (es. in /dist, /test).
2025-11-13 01:36:22,086 - UnicodeAnalyzer - INFO - -> Analizzando versione 5.3.1-pr3564 (287/364)...
2025-11-13 01:36:22,088 - UnicodeAnalyzer - INFO - Filtrati 12 file (es. in /dist, /test).
2025-11-13 01:36:22,160 - UnicodeAnalyzer - INFO - -> Analizzando versione 5.3.10 (288/364)...
2025-11-13 01:36:22,161 - UnicodeAnalyzer - INFO - Filtrati 12 file (es. in /dist, /test).
2025-11-13 01:36:22,234 - UnicodeAnalyzer - INFO - -> Analizzando versione 5.3.11 (289/364)...
2025-11-13 01:36:22,235 - UnicodeAnalyzer - INFO - Filtrati 12 file (es. in /dist, /test).
2025-11-13 01:36:22,308 - UnicodeAnalyzer - INFO - -> Analizzando versione 5.3.2 (290/364)...
2025-11-13 01:36:22,309 - UnicodeAnalyzer - INFO - Filtrati 12 file (es. in /dist, /test).
2025-11-13 01:36:22,384 - UnicodeAnalyzer - INFO - -> Analizzando versione 5.3.3 (291/364)...
2025-11-13 01:36:22,385 - UnicodeAnalyzer - INFO - Filtrati 12 file (es. in /dist, /test).
2025-11-13 01:36:22,459 - UnicodeAnalyzer - INFO - -> Analizzando versione 5.3.4 (292/364)...
2025-11-13 01:36:22,462 - UnicodeAnalyzer - INFO - Filtrati 12 file (es. in /dist, /test).
2025-11-13 01:36:22,534 - UnicodeAnalyzer - INFO - -> Analizzando versione 5.3.5 (293/364)...
2025-11-13 01:36:22,537 - UnicodeAnalyzer - INFO - Filtrati 12 file (es. in /dist, /test).
2025-11-13 01:36:22,610 - UnicodeAnalyzer - INFO - -> Analizzando versione 5.3.6 (294/364)...
2025-11-13 01:36:22,612 - UnicodeAnalyzer - INFO - Filtrati 12 file (es. in /dist, /test).
2025-11-13 01:36:22,685 - UnicodeAnalyzer - INFO - -> Analizzando versione 5.3.7 (295/364)...
2025-11-13 01:36:22,687 - UnicodeAnalyzer - INFO - Filtrati 12 file (es. in /dist, /test).
2025-11-13 01:36:22,760 - UnicodeAnalyzer - INFO - -> Analizzando versione 5.3.8 (296/364)...
2025-11-13 01:36:22,761 - UnicodeAnalyzer - INFO - Filtrati 12 file (es. in /dist, /test).
2025-11-13 01:36:22,834 - UnicodeAnalyzer - INFO - -> Analizzando versione 5.3.9 (297/364)...
2025-11-13 01:36:22,836 - UnicodeAnalyzer - INFO - Filtrati 12 file (es. in /dist, /test).
2025-11-13 01:36:22,908 - UnicodeAnalyzer - INFO - -> Analizzando versione 6.0.0 (298/364)...
2025-11-13 01:36:22,910 - UnicodeAnalyzer - INFO - Filtrati 10 file (es. in /dist, /test).
2025-11-13 01:36:22,910 - UnicodeAnalyzer - INFO - -> Analizzando versione 6.0.0-alpha.0 (299/364)...
2025-11-13 01:36:22,911 - UnicodeAnalyzer - INFO - Filtrati 12 file (es. in /dist, /test).
2025-11-13 01:36:22,911 - UnicodeAnalyzer - INFO - -> Analizzando versione 6.0.0-alpha.1 (300/364)...
2025-11-13 01:36:22,914 - UnicodeAnalyzer - INFO - Filtrati 12 file (es. in /dist, /test).
2025-11-13 01:36:22,914 - UnicodeAnalyzer - INFO - -> Analizzando versione 6.0.0-alpha.2 (301/364)...
2025-11-13 01:36:22,918 - UnicodeAnalyzer - INFO - Filtrati 12 file (es. in /dist, /test).
2025-11-13 01:36:22,918 - UnicodeAnalyzer - INFO - -> Analizzando versione 6.0.0-alpha.3 (302/364)...
2025-11-13 01:36:22,921 - UnicodeAnalyzer - INFO - Filtrati 12 file (es. in /dist, /test).
2025-11-13 01:36:22,921 - UnicodeAnalyzer - INFO - -> Analizzando versione 6.0.0-alpha.4 (303/364)...
2025-11-13 01:36:22,925 - UnicodeAnalyzer - INFO - Filtrati 12 file (es. in /dist, /test).
2025-11-13 01:36:22,925 - UnicodeAnalyzer - INFO - -> Analizzando versione 6.0.0-alpha.5 (304/364)...
2025-11-13 01:36:22,928 - UnicodeAnalyzer - INFO - Filtrati 12 file (es. in /dist, /test).
2025-11-13 01:36:22,928 - UnicodeAnalyzer - INFO - -> Analizzando versione 6.0.0-alpha.6 (305/364)...
2025-11-13 01:36:22,930 - UnicodeAnalyzer - INFO - Filtrati 10 file (es. in /dist, /test).
2025-11-13 01:36:22,930 - UnicodeAnalyzer - INFO - -> Analizzando versione 6.0.0-alpha.7 (306/364)...
2025-11-13 01:36:22,932 - UnicodeAnalyzer - INFO - Filtrati 10 file (es. in /dist, /test).
2025-11-13 01:36:22,932 - UnicodeAnalyzer - INFO - -> Analizzando versione 6.0.0-beta.0 (307/364)...
2025-11-13 01:36:22,934 - UnicodeAnalyzer - INFO - Filtrati 10 file (es. in /dist, /test).
2025-11-13 01:36:22,935 - UnicodeAnalyzer - INFO - -> Analizzando versione 6.0.0-beta.1 (308/364)...
2025-11-13 01:36:22,937 - UnicodeAnalyzer - INFO - Filtrati 10 file (es. in /dist, /test).
2025-11-13 01:36:22,937 - UnicodeAnalyzer - INFO - -> Analizzando versione 6.0.0-beta.10 (309/364)...
2025-11-13 01:36:22,938 - UnicodeAnalyzer - INFO - Filtrati 10 file (es. in /dist, /test).
2025-11-13 01:36:22,938 - UnicodeAnalyzer - INFO - -> Analizzando versione 6.0.0-beta.11 (310/364)...
2025-11-13 01:36:22,940 - UnicodeAnalyzer - INFO - Filtrati 10 file (es. in /dist, /test).
2025-11-13 01:36:22,940 - UnicodeAnalyzer - INFO - -> Analizzando versione 6.0.0-beta.12 (311/364)...
2025-11-13 01:36:22,941 - UnicodeAnalyzer - INFO - Filtrati 10 file (es. in /dist, /test).
2025-11-13 01:36:22,941 - UnicodeAnalyzer - INFO - -> Analizzando versione 6.0.0-beta.13 (312/364)...
2025-11-13 01:36:22,942 - UnicodeAnalyzer - INFO - Filtrati 10 file (es. in /dist, /test).
2025-11-13 01:36:22,942 - UnicodeAnalyzer - INFO - -> Analizzando versione 6.0.0-beta.14 (313/364)...
2025-11-13 01:36:22,944 - UnicodeAnalyzer - INFO - Filtrati 10 file (es. in /dist, /test).
2025-11-13 01:36:22,944 - UnicodeAnalyzer - INFO - -> Analizzando versione 6.0.0-beta.15 (314/364)...
2025-11-13 01:36:22,945 - UnicodeAnalyzer - INFO - Filtrati 10 file (es. in /dist, /test).
2025-11-13 01:36:22,945 - UnicodeAnalyzer - INFO - -> Analizzando versione 6.0.0-beta.2 (315/364)...
2025-11-13 01:36:22,947 - UnicodeAnalyzer - INFO - Filtrati 10 file (es. in /dist, /test).
2025-11-13 01:36:22,947 - UnicodeAnalyzer - INFO - -> Analizzando versione 6.0.0-beta.3 (316/364)...
2025-11-13 01:36:22,949 - UnicodeAnalyzer - INFO - Filtrati 10 file (es. in /dist, /test).
2025-11-13 01:36:22,950 - UnicodeAnalyzer - INFO - -> Analizzando versione 6.0.0-beta.4 (317/364)...
2025-11-13 01:36:22,951 - UnicodeAnalyzer - INFO - Filtrati 10 file (es. in /dist, /test).
2025-11-13 01:36:22,951 - UnicodeAnalyzer - INFO - -> Analizzando versione 6.0.0-beta.5 (318/364)...
2025-11-13 01:36:22,952 - UnicodeAnalyzer - INFO - Filtrati 10 file (es. in /dist, /test).
2025-11-13 01:36:22,952 - UnicodeAnalyzer - INFO - -> Analizzando versione 6.0.0-beta.6 (319/364)...
2025-11-13 01:36:22,954 - UnicodeAnalyzer - INFO - Filtrati 10 file (es. in /dist, /test).
2025-11-13 01:36:22,954 - UnicodeAnalyzer - INFO - -> Analizzando versione 6.0.0-beta.7 (320/364)...
2025-11-13 01:36:22,956 - UnicodeAnalyzer - INFO - Filtrati 10 file (es. in /dist, /test).
2025-11-13 01:36:22,956 - UnicodeAnalyzer - INFO - -> Analizzando versione 6.0.0-beta.8 (321/364)...
2025-11-13 01:36:22,957 - UnicodeAnalyzer - INFO - Filtrati 10 file (es. in /dist, /test).
2025-11-13 01:36:22,957 - UnicodeAnalyzer - INFO - -> Analizzando versione 6.0.0-beta.9 (322/364)...
2025-11-13 01:36:22,959 - UnicodeAnalyzer - INFO - Filtrati 10 file (es. in /dist, /test).
2025-11-13 01:36:22,959 - UnicodeAnalyzer - INFO - -> Analizzando versione 6.0.0-rc.0 (323/364)...
2025-11-13 01:36:22,960 - UnicodeAnalyzer - INFO - Filtrati 10 file (es. in /dist, /test).
2025-11-13 01:36:22,960 - UnicodeAnalyzer - INFO - -> Analizzando versione 6.0.0-rc.1 (324/364)...
2025-11-13 01:36:22,961 - UnicodeAnalyzer - INFO - Filtrati 10 file (es. in /dist, /test).
2025-11-13 01:36:22,961 - UnicodeAnalyzer - INFO - -> Analizzando versione 6.0.0-rc.2 (325/364)...
2025-11-13 01:36:22,963 - UnicodeAnalyzer - INFO - Filtrati 10 file (es. in /dist, /test).
2025-11-13 01:36:22,963 - UnicodeAnalyzer - INFO - -> Analizzando versione 6.0.0-rc.2-4007 (326/364)...
2025-11-13 01:36:22,964 - UnicodeAnalyzer - INFO - Filtrati 10 file (es. in /dist, /test).
2025-11-13 01:36:22,964 - UnicodeAnalyzer - INFO - -> Analizzando versione 6.0.0-rc.3 (327/364)...
2025-11-13 01:36:22,966 - UnicodeAnalyzer - INFO - Filtrati 10 file (es. in /dist, /test).
2025-11-13 01:36:22,966 - UnicodeAnalyzer - INFO - -> Analizzando versione 6.0.0-rc.4 (328/364)...
2025-11-13 01:36:22,967 - UnicodeAnalyzer - INFO - Filtrati 10 file (es. in /dist, /test).
2025-11-13 01:36:22,967 - UnicodeAnalyzer - INFO - -> Analizzando versione 6.0.0-rc.5 (329/364)...
2025-11-13 01:36:22,968 - UnicodeAnalyzer - INFO - Filtrati 10 file (es. in /dist, /test).
2025-11-13 01:36:22,968 - UnicodeAnalyzer - INFO - -> Analizzando versione 6.0.0-rc.6 (330/364)...
2025-11-13 01:36:22,969 - UnicodeAnalyzer - INFO - Filtrati 10 file (es. in /dist, /test).
2025-11-13 01:36:22,970 - UnicodeAnalyzer - INFO - -> Analizzando versione 6.0.1 (331/364)...
2025-11-13 01:36:22,971 - UnicodeAnalyzer - INFO - Filtrati 10 file (es. in /dist, /test).
2025-11-13 01:36:22,971 - UnicodeAnalyzer - INFO - -> Analizzando versione 6.0.2 (332/364)...
2025-11-13 01:36:22,972 - UnicodeAnalyzer - INFO - Filtrati 10 file (es. in /dist, /test).
2025-11-13 01:36:22,972 - UnicodeAnalyzer - INFO - -> Analizzando versione 6.0.3 (333/364)...
2025-11-13 01:36:22,973 - UnicodeAnalyzer - INFO - Filtrati 10 file (es. in /dist, /test).
2025-11-13 01:36:22,973 - UnicodeAnalyzer - INFO - -> Analizzando versione 6.0.4 (334/364)...
2025-11-13 01:36:22,975 - UnicodeAnalyzer - INFO - Filtrati 10 file (es. in /dist, /test).
2025-11-13 01:36:22,975 - UnicodeAnalyzer - INFO - -> Analizzando versione 6.0.5 (335/364)...
2025-11-13 01:36:22,976 - UnicodeAnalyzer - INFO - Filtrati 10 file (es. in /dist, /test).
2025-11-13 01:36:22,976 - UnicodeAnalyzer - INFO - -> Analizzando versione 6.0.6 (336/364)...
2025-11-13 01:36:22,977 - UnicodeAnalyzer - INFO - Filtrati 10 file (es. in /dist, /test).
2025-11-13 01:36:22,977 - UnicodeAnalyzer - INFO - -> Analizzando versione 6.0.6-test.0 (337/364)...
2025-11-13 01:36:22,978 - UnicodeAnalyzer - INFO - Filtrati 10 file (es. in /dist, /test).
2025-11-13 01:36:22,978 - UnicodeAnalyzer - INFO - -> Analizzando versione 6.0.7 (338/364)...
2025-11-13 01:36:22,980 - UnicodeAnalyzer - INFO - Filtrati 10 file (es. in /dist, /test).
2025-11-13 01:36:22,980 - UnicodeAnalyzer - INFO - -> Analizzando versione 6.0.8 (339/364)...
2025-11-13 01:36:22,981 - UnicodeAnalyzer - INFO - Filtrati 10 file (es. in /dist, /test).
2025-11-13 01:36:22,981 - UnicodeAnalyzer - INFO - -> Analizzando versione 6.0.9 (340/364)...
2025-11-13 01:36:22,982 - UnicodeAnalyzer - INFO - Filtrati 10 file (es. in /dist, /test).
2025-11-13 01:36:22,982 - UnicodeAnalyzer - INFO - -> Analizzando versione 6.1.0 (341/364)...
2025-11-13 01:36:22,983 - UnicodeAnalyzer - INFO - Filtrati 8 file (es. in /dist, /test).
2025-11-13 01:36:22,983 - UnicodeAnalyzer - INFO - -> Analizzando versione 6.1.1 (342/364)...
2025-11-13 01:36:22,984 - UnicodeAnalyzer - INFO - Filtrati 8 file (es. in /dist, /test).
2025-11-13 01:36:22,984 - UnicodeAnalyzer - INFO - -> Analizzando versione 6.1.10 (343/364)...
2025-11-13 01:36:22,986 - UnicodeAnalyzer - INFO - Filtrati 8 file (es. in /dist, /test).
2025-11-13 01:36:22,986 - UnicodeAnalyzer - INFO - -> Analizzando versione 6.1.10-test.0 (344/364)...
2025-11-13 01:36:22,987 - UnicodeAnalyzer - INFO - Filtrati 8 file (es. in /dist, /test).
2025-11-13 01:36:22,988 - UnicodeAnalyzer - INFO - -> Analizzando versione 6.1.10-test.1 (345/364)...
2025-11-13 01:36:22,989 - UnicodeAnalyzer - INFO - Filtrati 8 file (es. in /dist, /test).
2025-11-13 01:36:22,989 - UnicodeAnalyzer - INFO - -> Analizzando versione 6.1.11 (346/364)...
2025-11-13 01:36:22,991 - UnicodeAnalyzer - INFO - Filtrati 8 file (es. in /dist, /test).
2025-11-13 01:36:22,991 - UnicodeAnalyzer - INFO - -> Analizzando versione 6.1.12 (347/364)...
2025-11-13 01:36:22,992 - UnicodeAnalyzer - INFO - Filtrati 8 file (es. in /dist, /test).
2025-11-13 01:36:22,992 - UnicodeAnalyzer - INFO - -> Analizzando versione 6.1.13 (348/364)...
2025-11-13 01:36:22,994 - UnicodeAnalyzer - INFO - Filtrati 8 file (es. in /dist, /test).
2025-11-13 01:36:22,994 - UnicodeAnalyzer - INFO - -> Analizzando versione 6.1.14 (349/364)...
2025-11-13 01:36:22,995 - UnicodeAnalyzer - INFO - Filtrati 8 file (es. in /dist, /test).
2025-11-13 01:36:22,995 - UnicodeAnalyzer - INFO - -> Analizzando versione 6.1.15 (350/364)...
2025-11-13 01:36:22,996 - UnicodeAnalyzer - INFO - Filtrati 8 file (es. in /dist, /test).
2025-11-13 01:36:22,996 - UnicodeAnalyzer - INFO - -> Analizzando versione 6.1.16 (351/364)...
2025-11-13 01:36:22,998 - UnicodeAnalyzer - INFO - Filtrati 8 file (es. in /dist, /test).
2025-11-13 01:36:22,998 - UnicodeAnalyzer - INFO - -> Analizzando versione 6.1.17 (352/364)...
2025-11-13 01:36:22,999 - UnicodeAnalyzer - INFO - Filtrati 8 file (es. in /dist, /test).
2025-11-13 01:36:22,999 - UnicodeAnalyzer - INFO - -> Analizzando versione 6.1.18 (353/364)...
2025-11-13 01:36:23,001 - UnicodeAnalyzer - INFO - Filtrati 8 file (es. in /dist, /test).
2025-11-13 01:36:23,001 - UnicodeAnalyzer - INFO - -> Analizzando versione 6.1.19 (354/364)...
2025-11-13 01:36:23,002 - UnicodeAnalyzer - INFO - Filtrati 8 file (es. in /dist, /test).
2025-11-13 01:36:23,002 - UnicodeAnalyzer - INFO - -> Analizzando versione 6.1.2 (355/364)...
2025-11-13 01:36:23,003 - UnicodeAnalyzer - INFO - Filtrati 8 file (es. in /dist, /test).
2025-11-13 01:36:23,003 - UnicodeAnalyzer - INFO - -> Analizzando versione 6.1.3 (356/364)...
2025-11-13 01:36:23,005 - UnicodeAnalyzer - INFO - Filtrati 8 file (es. in /dist, /test).
2025-11-13 01:36:23,005 - UnicodeAnalyzer - INFO - -> Analizzando versione 6.1.4 (357/364)...
2025-11-13 01:36:23,006 - UnicodeAnalyzer - INFO - Filtrati 8 file (es. in /dist, /test).
2025-11-13 01:36:23,006 - UnicodeAnalyzer - INFO - -> Analizzando versione 6.1.5 (358/364)...
2025-11-13 01:36:23,008 - UnicodeAnalyzer - INFO - Filtrati 8 file (es. in /dist, /test).
2025-11-13 01:36:23,008 - UnicodeAnalyzer - INFO - -> Analizzando versione 6.1.5-rc.0 (359/364)...
2025-11-13 01:36:23,009 - UnicodeAnalyzer - INFO - Filtrati 8 file (es. in /dist, /test).
2025-11-13 01:36:23,009 - UnicodeAnalyzer - INFO - -> Analizzando versione 6.1.6 (360/364)...
2025-11-13 01:36:23,011 - UnicodeAnalyzer - INFO - Filtrati 8 file (es. in /dist, /test).
2025-11-13 01:36:23,011 - UnicodeAnalyzer - INFO - -> Analizzando versione 6.1.7 (361/364)...
2025-11-13 01:36:23,012 - UnicodeAnalyzer - INFO - Filtrati 8 file (es. in /dist, /test).
2025-11-13 01:36:23,012 - UnicodeAnalyzer - INFO - -> Analizzando versione 6.1.8 (362/364)...
2025-11-13 01:36:23,014 - UnicodeAnalyzer - INFO - Filtrati 8 file (es. in /dist, /test).
2025-11-13 01:36:23,014 - UnicodeAnalyzer - INFO - -> Analizzando versione 6.1.9 (363/364)...
2025-11-13 01:36:23,015 - UnicodeAnalyzer - INFO - Filtrati 8 file (es. in /dist, /test).
2025-11-13 01:36:23,015 - UnicodeAnalyzer - INFO - -> Analizzando versione 6.1.9-react-18-streaming-prototype (364/364)...
2025-11-13 01:36:23,017 - UnicodeAnalyzer - INFO - Filtrati 8 file (es. in /dist, /test).
2025-11-13 01:36:23,018 - UnicodeAnalyzer - INFO - Esportando i risultati HUT per 'styled-components' in CSV...
2025-11-13 01:36:23,788 - UnicodeAnalyzer - INFO - Report salvati in: /app/npm_hut_results/styled-components
2025-11-13 01:36:23,790 - NPM_HUT_Analyzer - INFO - Pulizia cartella temporanea 'temp_hut/styled-components'...
2025-11-13 01:36:24,885 - NPM_HUT_Analyzer - INFO - Pulizia completata.
