2025-11-06 03:53:04,564 - NPM_Analyzer - INFO - Fetching metadata for 'babel-helper-function-name'...
2025-11-06 03:53:04,653 - NPM_Analyzer - INFO - Found 47 versions. Starting download into 'temp/babel-helper-function-name'...
2025-11-06 03:53:34,626 - BlankSpaceAnalyzer - INFO - Analyzing 47 versions for '*.js' in 'babel-helper-function-name'.
2025-11-06 03:53:34,626 - BlankSpaceAnalyzer - INFO - -> Analyzing version 6.0.0 (1/47)...
2025-11-06 03:53:34,703 - BlankSpaceAnalyzer - INFO - -> Analyzing version 6.0.14 (2/47)...
2025-11-06 03:53:34,751 - BlankSpaceAnalyzer - INFO - -> Analyzing version 6.0.15 (3/47)...
2025-11-06 03:53:34,752 - BlankSpaceAnalyzer - INFO - -> Analyzing version 6.0.2 (4/47)...
2025-11-06 03:53:34,802 - BlankSpaceAnalyzer - INFO - -> Analyzing version 6.1.10 (5/47)...
2025-11-06 03:53:34,803 - BlankSpaceAnalyzer - INFO - -> Analyzing version 6.1.12 (6/47)...
2025-11-06 03:53:34,803 - BlankSpaceAnalyzer - INFO - -> Analyzing version 6.1.13 (7/47)...
2025-11-06 03:53:34,804 - BlankSpaceAnalyzer - INFO - -> Analyzing version 6.1.16 (8/47)...
2025-11-06 03:53:34,804 - BlankSpaceAnalyzer - INFO - -> Analyzing version 6.1.17 (9/47)...
2025-11-06 03:53:34,804 - BlankSpaceAnalyzer - INFO - -> Analyzing version 6.1.18 (10/47)...
2025-11-06 03:53:34,805 - BlankSpaceAnalyzer - INFO - -> Analyzing version 6.1.5 (11/47)...
2025-11-06 03:53:34,805 - BlankSpaceAnalyzer - INFO - -> Analyzing version 6.1.6 (12/47)...
2025-11-06 03:53:34,806 - BlankSpaceAnalyzer - INFO - -> Analyzing version 6.1.7 (13/47)...
2025-11-06 03:53:34,806 - BlankSpaceAnalyzer - INFO - -> Analyzing version 6.1.8 (14/47)...
2025-11-06 03:53:34,806 - BlankSpaceAnalyzer - INFO - -> Analyzing version 6.1.9 (15/47)...
2025-11-06 03:53:34,807 - BlankSpaceAnalyzer - INFO - -> Analyzing version 6.18.0 (16/47)...
2025-11-06 03:53:34,807 - BlankSpaceAnalyzer - INFO - -> Analyzing version 6.2.0 (17/47)...
2025-11-06 03:53:34,807 - BlankSpaceAnalyzer - INFO - -> Analyzing version 6.2.4 (18/47)...
2025-11-06 03:53:34,808 - BlankSpaceAnalyzer - INFO - -> Analyzing version 6.22.0 (19/47)...
2025-11-06 03:53:34,808 - BlankSpaceAnalyzer - INFO - -> Analyzing version 6.23.0 (20/47)...
2025-11-06 03:53:34,808 - BlankSpaceAnalyzer - INFO - -> Analyzing version 6.24.1 (21/47)...
2025-11-06 03:53:34,809 - BlankSpaceAnalyzer - INFO - -> Analyzing version 6.3.13 (22/47)...
2025-11-06 03:53:34,809 - BlankSpaceAnalyzer - INFO - -> Analyzing version 6.3.15 (23/47)...
2025-11-06 03:53:34,809 - BlankSpaceAnalyzer - INFO - -> Analyzing version 6.4.0 (24/47)...
2025-11-06 03:53:34,810 - BlankSpaceAnalyzer - INFO - -> Analyzing version 6.5.0 (25/47)...
2025-11-06 03:53:34,810 - BlankSpaceAnalyzer - INFO - -> Analyzing version 6.5.0-1 (26/47)...
2025-11-06 03:53:34,810 - BlankSpaceAnalyzer - INFO - -> Analyzing version 6.6.0 (27/47)...
2025-11-06 03:53:34,811 - BlankSpaceAnalyzer - INFO - -> Analyzing version 6.8.0 (28/47)...
2025-11-06 03:53:34,811 - BlankSpaceAnalyzer - INFO - -> Analyzing version 7.0.0-alpha.1 (29/47)...
2025-11-06 03:53:34,811 - BlankSpaceAnalyzer - INFO - -> Analyzing version 7.0.0-alpha.10 (30/47)...
2025-11-06 03:53:34,812 - BlankSpaceAnalyzer - INFO - -> Analyzing version 7.0.0-alpha.11 (31/47)...
2025-11-06 03:53:34,812 - BlankSpaceAnalyzer - INFO - -> Analyzing version 7.0.0-alpha.12 (32/47)...
2025-11-06 03:53:34,812 - BlankSpaceAnalyzer - INFO - -> Analyzing version 7.0.0-alpha.14 (33/47)...
2025-11-06 03:53:34,813 - BlankSpaceAnalyzer - INFO - -> Analyzing version 7.0.0-alpha.15 (34/47)...
2025-11-06 03:53:34,813 - BlankSpaceAnalyzer - INFO - -> Analyzing version 7.0.0-alpha.16 (35/47)...
2025-11-06 03:53:34,813 - BlankSpaceAnalyzer - INFO - -> Analyzing version 7.0.0-alpha.17 (36/47)...
2025-11-06 03:53:34,813 - BlankSpaceAnalyzer - INFO - -> Analyzing version 7.0.0-alpha.18 (37/47)...
2025-11-06 03:53:34,814 - BlankSpaceAnalyzer - INFO - -> Analyzing version 7.0.0-alpha.19 (38/47)...
2025-11-06 03:53:34,814 - BlankSpaceAnalyzer - INFO - -> Analyzing version 7.0.0-alpha.20 (39/47)...
2025-11-06 03:53:34,814 - BlankSpaceAnalyzer - INFO - -> Analyzing version 7.0.0-alpha.3 (40/47)...
2025-11-06 03:53:34,815 - BlankSpaceAnalyzer - INFO - -> Analyzing version 7.0.0-alpha.7 (41/47)...
2025-11-06 03:53:34,815 - BlankSpaceAnalyzer - INFO - -> Analyzing version 7.0.0-alpha.8 (42/47)...
2025-11-06 03:53:34,815 - BlankSpaceAnalyzer - INFO - -> Analyzing version 7.0.0-alpha.9 (43/47)...
2025-11-06 03:53:34,816 - BlankSpaceAnalyzer - INFO - -> Analyzing version 7.0.0-beta.0 (44/47)...
2025-11-06 03:53:34,816 - BlankSpaceAnalyzer - INFO - -> Analyzing version 7.0.0-beta.1 (45/47)...
2025-11-06 03:53:34,816 - BlankSpaceAnalyzer - INFO - -> Analyzing version 7.0.0-beta.2 (46/47)...
2025-11-06 03:53:34,817 - BlankSpaceAnalyzer - INFO - -> Analyzing version 7.0.0-beta.3 (47/47)...
2025-11-06 03:53:34,817 - BlankSpaceAnalyzer - INFO - Exporting results for 'babel-helper-function-name' to CSV...
2025-11-06 03:53:34,858 - BlankSpaceAnalyzer - INFO - Reports saved in: /app/npm_results/babel-helper-function-name
2025-11-06 03:53:34,859 - NPM_Analyzer - INFO - Cleaning temporary folder 'temp/babel-helper-function-name'...
2025-11-06 03:53:34,865 - NPM_Analyzer - INFO - Cleanup completed.
