2025-11-16 02:23:50,337 - NPM_HUT_Analyzer - INFO - Recupero metadata per 'request-progress'...
2025-11-16 02:23:50,493 - NPM_HUT_Analyzer - INFO - Trovate 15 versioni. Inizio download in 'temp_hut/request-progress'...
2025-11-16 02:23:59,098 - UnicodeAnalyzer - INFO - Analizzando 15 versioni per '*.js' in 'request-progress'.
2025-11-16 02:23:59,098 - UnicodeAnalyzer - INFO - -> Analizzando versione 0.1.0 (1/15)...
2025-11-16 02:23:59,100 - UnicodeAnalyzer - INFO - Filtrati 1 file (es. in /dist, /test).
2025-11-16 02:23:59,101 - UnicodeAnalyzer - INFO - -> Analizzando versione 0.1.1 (2/15)...
2025-11-16 02:23:59,102 - UnicodeAnalyzer - INFO - Filtrati 1 file (es. in /dist, /test).
2025-11-16 02:23:59,103 - UnicodeAnalyzer - INFO - -> Analizzando versione 0.2.0 (3/15)...
2025-11-16 02:23:59,104 - UnicodeAnalyzer - INFO - Filtrati 1 file (es. in /dist, /test).
2025-11-16 02:23:59,104 - UnicodeAnalyzer - INFO - -> Analizzando versione 0.2.1 (4/15)...
2025-11-16 02:23:59,105 - UnicodeAnalyzer - INFO - Filtrati 1 file (es. in /dist, /test).
2025-11-16 02:23:59,106 - UnicodeAnalyzer - INFO - -> Analizzando versione 0.2.2 (5/15)...
2025-11-16 02:23:59,108 - UnicodeAnalyzer - INFO - Filtrati 1 file (es. in /dist, /test).
2025-11-16 02:23:59,109 - UnicodeAnalyzer - INFO - -> Analizzando versione 0.2.3 (6/15)...
2025-11-16 02:23:59,110 - UnicodeAnalyzer - INFO - Filtrati 1 file (es. in /dist, /test).
2025-11-16 02:23:59,111 - UnicodeAnalyzer - INFO - -> Analizzando versione 0.3.0 (7/15)...
2025-11-16 02:23:59,112 - UnicodeAnalyzer - INFO - Filtrati 1 file (es. in /dist, /test).
2025-11-16 02:23:59,114 - UnicodeAnalyzer - INFO - -> Analizzando versione 0.3.1 (8/15)...
2025-11-16 02:23:59,116 - UnicodeAnalyzer - INFO - Filtrati 1 file (es. in /dist, /test).
2025-11-16 02:23:59,117 - UnicodeAnalyzer - INFO - -> Analizzando versione 0.4.0 (9/15)...
2025-11-16 02:23:59,118 - UnicodeAnalyzer - INFO - Filtrati 1 file (es. in /dist, /test).
2025-11-16 02:23:59,119 - UnicodeAnalyzer - INFO - -> Analizzando versione 1.0.0 (10/15)...
2025-11-16 02:23:59,120 - UnicodeAnalyzer - INFO - Filtrati 1 file (es. in /dist, /test).
2025-11-16 02:23:59,187 - UnicodeAnalyzer - INFO - -> Analizzando versione 1.0.1 (11/15)...
2025-11-16 02:23:59,188 - UnicodeAnalyzer - INFO - Filtrati 1 file (es. in /dist, /test).
2025-11-16 02:23:59,241 - UnicodeAnalyzer - INFO - -> Analizzando versione 1.0.2 (12/15)...
2025-11-16 02:23:59,242 - UnicodeAnalyzer - INFO - Filtrati 1 file (es. in /dist, /test).
2025-11-16 02:23:59,294 - UnicodeAnalyzer - INFO - -> Analizzando versione 2.0.0 (13/15)...
2025-11-16 02:23:59,295 - UnicodeAnalyzer - INFO - Filtrati 1 file (es. in /dist, /test).
2025-11-16 02:23:59,349 - UnicodeAnalyzer - INFO - -> Analizzando versione 2.0.1 (14/15)...
2025-11-16 02:23:59,350 - UnicodeAnalyzer - INFO - Filtrati 1 file (es. in /dist, /test).
2025-11-16 02:23:59,405 - UnicodeAnalyzer - INFO - -> Analizzando versione 3.0.0 (15/15)...
2025-11-16 02:23:59,406 - UnicodeAnalyzer - INFO - Filtrati 1 file (es. in /dist, /test).
2025-11-16 02:23:59,407 - UnicodeAnalyzer - INFO - Esportando i risultati HUT per 'request-progress' in CSV...
2025-11-16 02:23:59,427 - UnicodeAnalyzer - INFO - Report salvati in: /app/npm_hut_results/request-progress
2025-11-16 02:23:59,428 - NPM_HUT_Analyzer - INFO - Pulizia cartella temporanea 'temp_hut/request-progress'...
2025-11-16 02:23:59,431 - NPM_HUT_Analyzer - INFO - Pulizia completata.
