2025-10-25 05:07:21,670 - NPM_Analyzer - INFO - Fetching metadata for 'minipass-fetch'...
2025-10-25 05:07:21,845 - NPM_Analyzer - INFO - Found 31 versions. Starting download into 'temp/minipass-fetch'...
2025-10-25 05:07:35,340 - BlankSpaceAnalyzer - INFO - Analyzing 31 versions for '*.js' in 'minipass-fetch'.
2025-10-25 05:07:35,340 - BlankSpaceAnalyzer - INFO - -> Analyzing version 0.0.1 (1/31)...
2025-10-25 05:07:35,426 - BlankSpaceAnalyzer - INFO - -> Analyzing version 1.0.0 (2/31)...
2025-10-25 05:07:35,482 - BlankSpaceAnalyzer - INFO - -> Analyzing version 1.0.1 (3/31)...
2025-10-25 05:07:35,544 - BlankSpaceAnalyzer - INFO - -> Analyzing version 1.1.0 (4/31)...
2025-10-25 05:07:35,607 - BlankSpaceAnalyzer - INFO - -> Analyzing version 1.1.1 (5/31)...
2025-10-25 05:07:35,663 - BlankSpaceAnalyzer - INFO - -> Analyzing version 1.1.2 (6/31)...
2025-10-25 05:07:35,722 - BlankSpaceAnalyzer - INFO - -> Analyzing version 1.2.0 (7/31)...
2025-10-25 05:07:35,784 - BlankSpaceAnalyzer - INFO - -> Analyzing version 1.2.1 (8/31)...
2025-10-25 05:07:35,846 - BlankSpaceAnalyzer - INFO - -> Analyzing version 1.3.0 (9/31)...
2025-10-25 05:07:35,909 - BlankSpaceAnalyzer - INFO - -> Analyzing version 1.3.1 (10/31)...
2025-10-25 05:07:35,970 - BlankSpaceAnalyzer - INFO - -> Analyzing version 1.3.2 (11/31)...
2025-10-25 05:07:36,035 - BlankSpaceAnalyzer - INFO - -> Analyzing version 1.3.3 (12/31)...
2025-10-25 05:07:36,096 - BlankSpaceAnalyzer - INFO - -> Analyzing version 1.3.4 (13/31)...
2025-10-25 05:07:36,161 - BlankSpaceAnalyzer - INFO - -> Analyzing version 1.4.0 (14/31)...
2025-10-25 05:07:36,224 - BlankSpaceAnalyzer - INFO - -> Analyzing version 1.4.1 (15/31)...
2025-10-25 05:07:36,285 - BlankSpaceAnalyzer - INFO - -> Analyzing version 2.0.0 (16/31)...
2025-10-25 05:07:36,349 - BlankSpaceAnalyzer - INFO - -> Analyzing version 2.0.1 (17/31)...
2025-10-25 05:07:36,409 - BlankSpaceAnalyzer - INFO - -> Analyzing version 2.0.2 (18/31)...
2025-10-25 05:07:36,466 - BlankSpaceAnalyzer - INFO - -> Analyzing version 2.0.3 (19/31)...
2025-10-25 05:07:36,525 - BlankSpaceAnalyzer - INFO - -> Analyzing version 2.1.0 (20/31)...
2025-10-25 05:07:36,587 - BlankSpaceAnalyzer - INFO - -> Analyzing version 2.1.1 (21/31)...
2025-10-25 05:07:36,649 - BlankSpaceAnalyzer - INFO - -> Analyzing version 2.1.2 (22/31)...
2025-10-25 05:07:36,711 - BlankSpaceAnalyzer - INFO - -> Analyzing version 3.0.0 (23/31)...
2025-10-25 05:07:36,768 - BlankSpaceAnalyzer - INFO - -> Analyzing version 3.0.1 (24/31)...
2025-10-25 05:07:36,828 - BlankSpaceAnalyzer - INFO - -> Analyzing version 3.0.2 (25/31)...
2025-10-25 05:07:36,890 - BlankSpaceAnalyzer - INFO - -> Analyzing version 3.0.3 (26/31)...
2025-10-25 05:07:36,952 - BlankSpaceAnalyzer - INFO - -> Analyzing version 3.0.4 (27/31)...
2025-10-25 05:07:37,013 - BlankSpaceAnalyzer - INFO - -> Analyzing version 3.0.5 (28/31)...
2025-10-25 05:07:37,071 - BlankSpaceAnalyzer - INFO - -> Analyzing version 4.0.0 (29/31)...
2025-10-25 05:07:37,130 - BlankSpaceAnalyzer - INFO - -> Analyzing version 4.0.1 (30/31)...
2025-10-25 05:07:37,192 - BlankSpaceAnalyzer - INFO - -> Analyzing version 5.0.0 (31/31)...
2025-10-25 05:07:37,253 - BlankSpaceAnalyzer - INFO - Exporting results for 'minipass-fetch' to CSV...
2025-10-25 05:07:37,283 - BlankSpaceAnalyzer - INFO - Reports saved in: /app/npm_results/minipass-fetch
2025-10-25 05:07:37,284 - NPM_Analyzer - INFO - Cleaning temporary folder 'temp/minipass-fetch'...
2025-10-25 05:07:37,291 - NPM_Analyzer - INFO - Cleanup completed.
