2025-10-23 23:18:39,902 - NPM_Analyzer - INFO - Fetching metadata for 'p-cancelable'...
2025-10-23 23:18:40,006 - NPM_Analyzer - INFO - Found 15 versions. Starting download into 'temp/p-cancelable'...
2025-10-23 23:18:45,352 - BlankSpaceAnalyzer - INFO - Analyzing 15 versions for '*.js' in 'p-cancelable'.
2025-10-23 23:18:45,352 - BlankSpaceAnalyzer - INFO - -> Analyzing version 0.1.0 (1/15)...
2025-10-23 23:18:45,353 - BlankSpaceAnalyzer - INFO - -> Analyzing version 0.2.0 (2/15)...
2025-10-23 23:18:45,354 - BlankSpaceAnalyzer - INFO - -> Analyzing version 0.3.0 (3/15)...
2025-10-23 23:18:45,355 - BlankSpaceAnalyzer - INFO - -> Analyzing version 0.4.0 (4/15)...
2025-10-23 23:18:45,356 - BlankSpaceAnalyzer - INFO - -> Analyzing version 0.4.1 (5/15)...
2025-10-23 23:18:45,357 - BlankSpaceAnalyzer - INFO - -> Analyzing version 0.5.0 (6/15)...
2025-10-23 23:18:45,358 - BlankSpaceAnalyzer - INFO - -> Analyzing version 0.5.1 (7/15)...
2025-10-23 23:18:45,359 - BlankSpaceAnalyzer - INFO - -> Analyzing version 1.0.0 (8/15)...
2025-10-23 23:18:45,360 - BlankSpaceAnalyzer - INFO - -> Analyzing version 1.1.0 (9/15)...
2025-10-23 23:18:45,361 - BlankSpaceAnalyzer - INFO - -> Analyzing version 2.0.0 (10/15)...
2025-10-23 23:18:45,362 - BlankSpaceAnalyzer - INFO - -> Analyzing version 2.1.0 (11/15)...
2025-10-23 23:18:45,363 - BlankSpaceAnalyzer - INFO - -> Analyzing version 2.1.1 (12/15)...
2025-10-23 23:18:45,364 - BlankSpaceAnalyzer - INFO - -> Analyzing version 3.0.0 (13/15)...
2025-10-23 23:18:45,365 - BlankSpaceAnalyzer - INFO - -> Analyzing version 4.0.0 (14/15)...
2025-10-23 23:18:45,366 - BlankSpaceAnalyzer - INFO - -> Analyzing version 4.0.1 (15/15)...
2025-10-23 23:18:45,367 - BlankSpaceAnalyzer - INFO - Exporting results for 'p-cancelable' to CSV...
2025-10-23 23:18:45,396 - BlankSpaceAnalyzer - INFO - Reports saved in: /app/npm_results/p-cancelable
2025-10-23 23:18:45,397 - NPM_Analyzer - INFO - Cleaning temporary folder 'temp/p-cancelable'...
2025-10-23 23:18:45,399 - NPM_Analyzer - INFO - Cleanup completed.
