2025-11-04 07:48:38,536 - NPM_Analyzer - INFO - Fetching metadata for '@esbuild/aix-ppc64'...
2025-11-04 07:48:38,672 - NPM_Analyzer - INFO - Found 33 versions. Starting download into 'temp/@esbuild_aix-ppc64'...
2025-11-04 07:49:03,750 - BlankSpaceAnalyzer - INFO - Analyzing 33 versions for '*.js' in '@esbuild_aix-ppc64'.
2025-11-04 07:49:03,750 - BlankSpaceAnalyzer - INFO - -> Analyzing version 0.0.1-ignorepls (1/33)...
2025-11-04 07:49:03,751 - BlankSpaceAnalyzer - INFO - -> Analyzing version 0.19.10 (2/33)...
2025-11-04 07:49:03,752 - BlankSpaceAnalyzer - INFO - -> Analyzing version 0.19.11 (3/33)...
2025-11-04 07:49:03,752 - BlankSpaceAnalyzer - INFO - -> Analyzing version 0.19.12 (4/33)...
2025-11-04 07:49:03,753 - BlankSpaceAnalyzer - INFO - -> Analyzing version 0.19.9 (5/33)...
2025-11-04 07:49:03,754 - BlankSpaceAnalyzer - INFO - -> Analyzing version 0.20.0 (6/33)...
2025-11-04 07:49:03,755 - BlankSpaceAnalyzer - INFO - -> Analyzing version 0.20.1 (7/33)...
2025-11-04 07:49:03,756 - BlankSpaceAnalyzer - INFO - -> Analyzing version 0.20.2 (8/33)...
2025-11-04 07:49:03,757 - BlankSpaceAnalyzer - INFO - -> Analyzing version 0.21.0 (9/33)...
2025-11-04 07:49:03,757 - BlankSpaceAnalyzer - INFO - -> Analyzing version 0.21.1 (10/33)...
2025-11-04 07:49:03,758 - BlankSpaceAnalyzer - INFO - -> Analyzing version 0.21.2 (11/33)...
2025-11-04 07:49:03,759 - BlankSpaceAnalyzer - INFO - -> Analyzing version 0.21.3 (12/33)...
2025-11-04 07:49:03,760 - BlankSpaceAnalyzer - INFO - -> Analyzing version 0.21.4 (13/33)...
2025-11-04 07:49:03,761 - BlankSpaceAnalyzer - INFO - -> Analyzing version 0.21.5 (14/33)...
2025-11-04 07:49:03,761 - BlankSpaceAnalyzer - INFO - -> Analyzing version 0.22.0 (15/33)...
2025-11-04 07:49:03,762 - BlankSpaceAnalyzer - INFO - -> Analyzing version 0.23.0 (16/33)...
2025-11-04 07:49:03,763 - BlankSpaceAnalyzer - INFO - -> Analyzing version 0.23.1 (17/33)...
2025-11-04 07:49:03,764 - BlankSpaceAnalyzer - INFO - -> Analyzing version 0.24.0 (18/33)...
2025-11-04 07:49:03,765 - BlankSpaceAnalyzer - INFO - -> Analyzing version 0.24.1 (19/33)...
2025-11-04 07:49:03,766 - BlankSpaceAnalyzer - INFO - -> Analyzing version 0.24.2 (20/33)...
2025-11-04 07:49:03,766 - BlankSpaceAnalyzer - INFO - -> Analyzing version 0.25.0 (21/33)...
2025-11-04 07:49:03,767 - BlankSpaceAnalyzer - INFO - -> Analyzing version 0.25.1 (22/33)...
2025-11-04 07:49:03,768 - BlankSpaceAnalyzer - INFO - -> Analyzing version 0.25.10 (23/33)...
2025-11-04 07:49:03,769 - BlankSpaceAnalyzer - INFO - -> Analyzing version 0.25.11 (24/33)...
2025-11-04 07:49:03,770 - BlankSpaceAnalyzer - INFO - -> Analyzing version 0.25.12 (25/33)...
2025-11-04 07:49:03,770 - BlankSpaceAnalyzer - INFO - -> Analyzing version 0.25.2 (26/33)...
2025-11-04 07:49:03,771 - BlankSpaceAnalyzer - INFO - -> Analyzing version 0.25.3 (27/33)...
2025-11-04 07:49:03,772 - BlankSpaceAnalyzer - INFO - -> Analyzing version 0.25.4 (28/33)...
2025-11-04 07:49:03,773 - BlankSpaceAnalyzer - INFO - -> Analyzing version 0.25.5 (29/33)...
2025-11-04 07:49:03,774 - BlankSpaceAnalyzer - INFO - -> Analyzing version 0.25.6 (30/33)...
2025-11-04 07:49:03,774 - BlankSpaceAnalyzer - INFO - -> Analyzing version 0.25.7 (31/33)...
2025-11-04 07:49:03,775 - BlankSpaceAnalyzer - INFO - -> Analyzing version 0.25.8 (32/33)...
2025-11-04 07:49:03,775 - BlankSpaceAnalyzer - INFO - -> Analyzing version 0.25.9 (33/33)...
2025-11-04 07:49:03,779 - BlankSpaceAnalyzer - INFO - Exporting results for '@esbuild/aix-ppc64' to CSV...
2025-11-04 07:49:03,779 - BlankSpaceAnalyzer - WARNING - No files analyzed. CSV files will be empty.
2025-11-04 07:49:03,779 - NPM_Analyzer - INFO - Cleaning temporary folder 'temp/@esbuild_aix-ppc64'...
2025-11-04 07:49:03,832 - NPM_Analyzer - INFO - Cleanup completed.
