2025-10-24 21:06:31,308 - NPM_Analyzer - INFO - Fetching metadata for '@babel/plugin-transform-private-property-in-object'...
2025-10-24 21:06:31,411 - NPM_Analyzer - INFO - Found 36 versions. Starting download into 'temp/@babel_plugin-transform-private-property-in-object'...
2025-10-24 21:07:10,484 - BlankSpaceAnalyzer - INFO - Analyzing 36 versions for '*.js' in '@babel_plugin-transform-private-property-in-object'.
2025-10-24 21:07:10,485 - BlankSpaceAnalyzer - INFO - -> Analyzing version 7.22.0 (1/36)...
2025-10-24 21:07:10,486 - BlankSpaceAnalyzer - INFO - -> Analyzing version 7.22.11 (2/36)...
2025-10-24 21:07:10,487 - BlankSpaceAnalyzer - INFO - -> Analyzing version 7.22.3 (3/36)...
2025-10-24 21:07:10,489 - BlankSpaceAnalyzer - INFO - -> Analyzing version 7.22.5 (4/36)...
2025-10-24 21:07:10,490 - BlankSpaceAnalyzer - INFO - -> Analyzing version 7.23.3 (5/36)...
2025-10-24 21:07:10,491 - BlankSpaceAnalyzer - INFO - -> Analyzing version 7.23.4 (6/36)...
2025-10-24 21:07:10,492 - BlankSpaceAnalyzer - INFO - -> Analyzing version 7.24.1 (7/36)...
2025-10-24 21:07:10,494 - BlankSpaceAnalyzer - INFO - -> Analyzing version 7.24.5 (8/36)...
2025-10-24 21:07:10,495 - BlankSpaceAnalyzer - INFO - -> Analyzing version 7.24.6 (9/36)...
2025-10-24 21:07:10,496 - BlankSpaceAnalyzer - INFO - -> Analyzing version 7.24.7 (10/36)...
2025-10-24 21:07:10,498 - BlankSpaceAnalyzer - INFO - -> Analyzing version 7.25.7 (11/36)...
2025-10-24 21:07:10,499 - BlankSpaceAnalyzer - INFO - -> Analyzing version 7.25.8 (12/36)...
2025-10-24 21:07:10,500 - BlankSpaceAnalyzer - INFO - -> Analyzing version 7.25.9 (13/36)...
2025-10-24 21:07:10,502 - BlankSpaceAnalyzer - INFO - -> Analyzing version 7.27.1 (14/36)...
2025-10-24 21:07:10,503 - BlankSpaceAnalyzer - INFO - -> Analyzing version 8.0.0-alpha.0 (15/36)...
2025-10-24 21:07:10,504 - BlankSpaceAnalyzer - INFO - -> Analyzing version 8.0.0-alpha.1 (16/36)...
2025-10-24 21:07:10,506 - BlankSpaceAnalyzer - INFO - -> Analyzing version 8.0.0-alpha.10 (17/36)...
2025-10-24 21:07:10,507 - BlankSpaceAnalyzer - INFO - -> Analyzing version 8.0.0-alpha.11 (18/36)...
2025-10-24 21:07:10,508 - BlankSpaceAnalyzer - INFO - -> Analyzing version 8.0.0-alpha.12 (19/36)...
2025-10-24 21:07:10,510 - BlankSpaceAnalyzer - INFO - -> Analyzing version 8.0.0-alpha.13 (20/36)...
2025-10-24 21:07:10,511 - BlankSpaceAnalyzer - INFO - -> Analyzing version 8.0.0-alpha.14 (21/36)...
2025-10-24 21:07:10,512 - BlankSpaceAnalyzer - INFO - -> Analyzing version 8.0.0-alpha.15 (22/36)...
2025-10-24 21:07:10,513 - BlankSpaceAnalyzer - INFO - -> Analyzing version 8.0.0-alpha.16 (23/36)...
2025-10-24 21:07:10,514 - BlankSpaceAnalyzer - INFO - -> Analyzing version 8.0.0-alpha.17 (24/36)...
2025-10-24 21:07:10,515 - BlankSpaceAnalyzer - INFO - -> Analyzing version 8.0.0-alpha.2 (25/36)...
2025-10-24 21:07:10,515 - BlankSpaceAnalyzer - INFO - -> Analyzing version 8.0.0-alpha.3 (26/36)...
2025-10-24 21:07:10,516 - BlankSpaceAnalyzer - INFO - -> Analyzing version 8.0.0-alpha.4 (27/36)...
2025-10-24 21:07:10,517 - BlankSpaceAnalyzer - INFO - -> Analyzing version 8.0.0-alpha.5 (28/36)...
2025-10-24 21:07:10,517 - BlankSpaceAnalyzer - INFO - -> Analyzing version 8.0.0-alpha.6 (29/36)...
2025-10-24 21:07:10,518 - BlankSpaceAnalyzer - INFO - -> Analyzing version 8.0.0-alpha.7 (30/36)...
2025-10-24 21:07:10,519 - BlankSpaceAnalyzer - INFO - -> Analyzing version 8.0.0-alpha.8 (31/36)...
2025-10-24 21:07:10,519 - BlankSpaceAnalyzer - INFO - -> Analyzing version 8.0.0-alpha.9 (32/36)...
2025-10-24 21:07:10,520 - BlankSpaceAnalyzer - INFO - -> Analyzing version 8.0.0-beta.0 (33/36)...
2025-10-24 21:07:10,521 - BlankSpaceAnalyzer - INFO - -> Analyzing version 8.0.0-beta.1 (34/36)...
2025-10-24 21:07:10,521 - BlankSpaceAnalyzer - INFO - -> Analyzing version 8.0.0-beta.2 (35/36)...
2025-10-24 21:07:10,522 - BlankSpaceAnalyzer - INFO - -> Analyzing version 8.0.0-beta.3 (36/36)...
2025-10-24 21:07:10,522 - BlankSpaceAnalyzer - INFO - Exporting results for '@babel/plugin-transform-private-property-in-object' to CSV...
2025-10-24 21:07:10,554 - BlankSpaceAnalyzer - INFO - Reports saved in: /app/npm_results/@babel_plugin-transform-private-property-in-object
2025-10-24 21:07:10,554 - NPM_Analyzer - INFO - Cleaning temporary folder 'temp/@babel_plugin-transform-private-property-in-object'...
2025-10-24 21:07:10,561 - NPM_Analyzer - INFO - Cleanup completed.
