2025-11-07 08:46:34,053 - NPM_Analyzer - INFO - Fetching metadata for '@react-native-community/cli-config'...
2025-11-07 08:46:34,214 - NPM_Analyzer - INFO - Found 147 versions. Starting download into 'temp/@react-native-community_cli-config'...
2025-11-07 08:49:27,439 - BlankSpaceAnalyzer - INFO - Analyzing 147 versions for '*.js' in '@react-native-community_cli-config'.
2025-11-07 08:49:27,440 - BlankSpaceAnalyzer - INFO - -> Analyzing version 10.0.0 (1/147)...
2025-11-07 08:49:27,503 - BlankSpaceAnalyzer - INFO - -> Analyzing version 10.0.0-alpha.0 (2/147)...
2025-11-07 08:49:27,542 - BlankSpaceAnalyzer - INFO - -> Analyzing version 10.0.0-alpha.3 (3/147)...
2025-11-07 08:49:27,581 - BlankSpaceAnalyzer - INFO - -> Analyzing version 10.1.1 (4/147)...
2025-11-07 08:49:27,624 - BlankSpaceAnalyzer - INFO - -> Analyzing version 11.0.0 (5/147)...
2025-11-07 08:49:27,668 - BlankSpaceAnalyzer - INFO - -> Analyzing version 11.0.0-alpha.0 (6/147)...
2025-11-07 08:49:27,712 - BlankSpaceAnalyzer - INFO - -> Analyzing version 11.0.0-alpha.2 (7/147)...
2025-11-07 08:49:27,758 - BlankSpaceAnalyzer - INFO - -> Analyzing version 11.0.1 (8/147)...
2025-11-07 08:49:27,801 - BlankSpaceAnalyzer - INFO - -> Analyzing version 11.1.1 (9/147)...
2025-11-07 08:49:27,846 - BlankSpaceAnalyzer - INFO - -> Analyzing version 11.1.2 (10/147)...
2025-11-07 08:49:27,890 - BlankSpaceAnalyzer - INFO - -> Analyzing version 11.1.3 (11/147)...
2025-11-07 08:49:27,934 - BlankSpaceAnalyzer - INFO - -> Analyzing version 11.2.0 (12/147)...
2025-11-07 08:49:27,977 - BlankSpaceAnalyzer - INFO - -> Analyzing version 11.2.1 (13/147)...
2025-11-07 08:49:28,021 - BlankSpaceAnalyzer - INFO - -> Analyzing version 11.2.2 (14/147)...
2025-11-07 08:49:28,066 - BlankSpaceAnalyzer - INFO - -> Analyzing version 11.2.3 (15/147)...
2025-11-07 08:49:28,109 - BlankSpaceAnalyzer - INFO - -> Analyzing version 11.3.0 (16/147)...
2025-11-07 08:49:28,153 - BlankSpaceAnalyzer - INFO - -> Analyzing version 11.3.1 (17/147)...
2025-11-07 08:49:28,196 - BlankSpaceAnalyzer - INFO - -> Analyzing version 11.3.10 (18/147)...
2025-11-07 08:49:28,240 - BlankSpaceAnalyzer - INFO - -> Analyzing version 11.3.2 (19/147)...
2025-11-07 08:49:28,283 - BlankSpaceAnalyzer - INFO - -> Analyzing version 11.3.3 (20/147)...
2025-11-07 08:49:28,327 - BlankSpaceAnalyzer - INFO - -> Analyzing version 11.3.4 (21/147)...
2025-11-07 08:49:28,370 - BlankSpaceAnalyzer - INFO - -> Analyzing version 11.3.5 (22/147)...
2025-11-07 08:49:28,414 - BlankSpaceAnalyzer - INFO - -> Analyzing version 11.3.6 (23/147)...
2025-11-07 08:49:28,459 - BlankSpaceAnalyzer - INFO - -> Analyzing version 11.3.7 (24/147)...
2025-11-07 08:49:28,502 - BlankSpaceAnalyzer - INFO - -> Analyzing version 11.3.8 (25/147)...
2025-11-07 08:49:28,545 - BlankSpaceAnalyzer - INFO - -> Analyzing version 11.3.9 (26/147)...
2025-11-07 08:49:28,590 - BlankSpaceAnalyzer - INFO - -> Analyzing version 11.4.0 (27/147)...
2025-11-07 08:49:28,633 - BlankSpaceAnalyzer - INFO - -> Analyzing version 11.4.1 (28/147)...
2025-11-07 08:49:28,677 - BlankSpaceAnalyzer - INFO - -> Analyzing version 12.0.0 (29/147)...
2025-11-07 08:49:28,720 - BlankSpaceAnalyzer - INFO - -> Analyzing version 12.0.0-alpha.0 (30/147)...
2025-11-07 08:49:28,764 - BlankSpaceAnalyzer - INFO - -> Analyzing version 12.0.0-alpha.1 (31/147)...
2025-11-07 08:49:28,808 - BlankSpaceAnalyzer - INFO - -> Analyzing version 12.0.0-alpha.10 (32/147)...
2025-11-07 08:49:28,851 - BlankSpaceAnalyzer - INFO - -> Analyzing version 12.0.0-alpha.11 (33/147)...
2025-11-07 08:49:28,895 - BlankSpaceAnalyzer - INFO - -> Analyzing version 12.0.0-alpha.12 (34/147)...
2025-11-07 08:49:28,941 - BlankSpaceAnalyzer - INFO - -> Analyzing version 12.0.0-alpha.13 (35/147)...
2025-11-07 08:49:28,984 - BlankSpaceAnalyzer - INFO - -> Analyzing version 12.0.0-alpha.14 (36/147)...
2025-11-07 08:49:29,030 - BlankSpaceAnalyzer - INFO - -> Analyzing version 12.0.0-alpha.15 (37/147)...
2025-11-07 08:49:29,073 - BlankSpaceAnalyzer - INFO - -> Analyzing version 12.0.0-alpha.16 (38/147)...
2025-11-07 08:49:29,118 - BlankSpaceAnalyzer - INFO - -> Analyzing version 12.0.0-alpha.17 (39/147)...
2025-11-07 08:49:29,162 - BlankSpaceAnalyzer - INFO - -> Analyzing version 12.0.0-alpha.18 (40/147)...
2025-11-07 08:49:29,206 - BlankSpaceAnalyzer - INFO - -> Analyzing version 12.0.0-alpha.2 (41/147)...
2025-11-07 08:49:29,250 - BlankSpaceAnalyzer - INFO - -> Analyzing version 12.0.0-alpha.3 (42/147)...
2025-11-07 08:49:29,294 - BlankSpaceAnalyzer - INFO - -> Analyzing version 12.0.0-alpha.4 (43/147)...
2025-11-07 08:49:29,340 - BlankSpaceAnalyzer - INFO - -> Analyzing version 12.0.0-alpha.5 (44/147)...
2025-11-07 08:49:29,386 - BlankSpaceAnalyzer - INFO - -> Analyzing version 12.0.0-alpha.6 (45/147)...
2025-11-07 08:49:29,430 - BlankSpaceAnalyzer - INFO - -> Analyzing version 12.0.0-alpha.7 (46/147)...
2025-11-07 08:49:29,474 - BlankSpaceAnalyzer - INFO - -> Analyzing version 12.0.0-alpha.8 (47/147)...
2025-11-07 08:49:29,517 - BlankSpaceAnalyzer - INFO - -> Analyzing version 12.0.0-alpha.9 (48/147)...
2025-11-07 08:49:29,561 - BlankSpaceAnalyzer - INFO - -> Analyzing version 12.1.0 (49/147)...
2025-11-07 08:49:29,605 - BlankSpaceAnalyzer - INFO - -> Analyzing version 12.1.1 (50/147)...
2025-11-07 08:49:29,649 - BlankSpaceAnalyzer - INFO - -> Analyzing version 12.2.0 (51/147)...
2025-11-07 08:49:29,692 - BlankSpaceAnalyzer - INFO - -> Analyzing version 12.2.1 (52/147)...
2025-11-07 08:49:29,736 - BlankSpaceAnalyzer - INFO - -> Analyzing version 12.3.0 (53/147)...
2025-11-07 08:49:29,780 - BlankSpaceAnalyzer - INFO - -> Analyzing version 12.3.1 (54/147)...
2025-11-07 08:49:29,824 - BlankSpaceAnalyzer - INFO - -> Analyzing version 12.3.2 (55/147)...
2025-11-07 08:49:29,868 - BlankSpaceAnalyzer - INFO - -> Analyzing version 12.3.3 (56/147)...
2025-11-07 08:49:29,912 - BlankSpaceAnalyzer - INFO - -> Analyzing version 12.3.4 (57/147)...
2025-11-07 08:49:29,956 - BlankSpaceAnalyzer - INFO - -> Analyzing version 12.3.5 (58/147)...
2025-11-07 08:49:30,000 - BlankSpaceAnalyzer - INFO - -> Analyzing version 12.3.6 (59/147)...
2025-11-07 08:49:30,044 - BlankSpaceAnalyzer - INFO - -> Analyzing version 12.3.7 (60/147)...
2025-11-07 08:49:30,088 - BlankSpaceAnalyzer - INFO - -> Analyzing version 13.0.0 (61/147)...
2025-11-07 08:49:30,132 - BlankSpaceAnalyzer - INFO - -> Analyzing version 13.0.1 (62/147)...
2025-11-07 08:49:30,176 - BlankSpaceAnalyzer - INFO - -> Analyzing version 13.1.0 (63/147)...
2025-11-07 08:49:30,220 - BlankSpaceAnalyzer - INFO - -> Analyzing version 13.2.0 (64/147)...
2025-11-07 08:49:30,263 - BlankSpaceAnalyzer - INFO - -> Analyzing version 13.3.0 (65/147)...
2025-11-07 08:49:30,307 - BlankSpaceAnalyzer - INFO - -> Analyzing version 13.4.0 (66/147)...
2025-11-07 08:49:30,352 - BlankSpaceAnalyzer - INFO - -> Analyzing version 13.5.0 (67/147)...
2025-11-07 08:49:30,396 - BlankSpaceAnalyzer - INFO - -> Analyzing version 13.5.1 (68/147)...
2025-11-07 08:49:30,440 - BlankSpaceAnalyzer - INFO - -> Analyzing version 13.5.1-alpha.0 (69/147)...
2025-11-07 08:49:30,484 - BlankSpaceAnalyzer - INFO - -> Analyzing version 13.5.2 (70/147)...
2025-11-07 08:49:30,528 - BlankSpaceAnalyzer - INFO - -> Analyzing version 13.6.0 (71/147)...
2025-11-07 08:49:30,571 - BlankSpaceAnalyzer - INFO - -> Analyzing version 13.6.1 (72/147)...
2025-11-07 08:49:30,615 - BlankSpaceAnalyzer - INFO - -> Analyzing version 13.6.2 (73/147)...
2025-11-07 08:49:30,659 - BlankSpaceAnalyzer - INFO - -> Analyzing version 13.6.3 (74/147)...
2025-11-07 08:49:30,705 - BlankSpaceAnalyzer - INFO - -> Analyzing version 13.6.4 (75/147)...
2025-11-07 08:49:30,748 - BlankSpaceAnalyzer - INFO - -> Analyzing version 13.6.5 (76/147)...
2025-11-07 08:49:30,792 - BlankSpaceAnalyzer - INFO - -> Analyzing version 13.6.6 (77/147)...
2025-11-07 08:49:30,836 - BlankSpaceAnalyzer - INFO - -> Analyzing version 13.6.7 (78/147)...
2025-11-07 08:49:30,880 - BlankSpaceAnalyzer - INFO - -> Analyzing version 13.6.8 (79/147)...
2025-11-07 08:49:30,924 - BlankSpaceAnalyzer - INFO - -> Analyzing version 13.6.9 (80/147)...
2025-11-07 08:49:30,968 - BlankSpaceAnalyzer - INFO - -> Analyzing version 14.0.0 (81/147)...
2025-11-07 08:49:31,012 - BlankSpaceAnalyzer - INFO - -> Analyzing version 14.0.0-alpha.0 (82/147)...
2025-11-07 08:49:31,056 - BlankSpaceAnalyzer - INFO - -> Analyzing version 14.0.0-alpha.1 (83/147)...
2025-11-07 08:49:31,100 - BlankSpaceAnalyzer - INFO - -> Analyzing version 14.0.0-alpha.10 (84/147)...
2025-11-07 08:49:31,144 - BlankSpaceAnalyzer - INFO - -> Analyzing version 14.0.0-alpha.11 (85/147)...
2025-11-07 08:49:31,190 - BlankSpaceAnalyzer - INFO - -> Analyzing version 14.0.0-alpha.2 (86/147)...
2025-11-07 08:49:31,234 - BlankSpaceAnalyzer - INFO - -> Analyzing version 14.0.0-alpha.3 (87/147)...
2025-11-07 08:49:31,278 - BlankSpaceAnalyzer - INFO - -> Analyzing version 14.0.0-alpha.4 (88/147)...
2025-11-07 08:49:31,323 - BlankSpaceAnalyzer - INFO - -> Analyzing version 14.0.0-alpha.5 (89/147)...
2025-11-07 08:49:31,367 - BlankSpaceAnalyzer - INFO - -> Analyzing version 14.0.0-alpha.6 (90/147)...
2025-11-07 08:49:31,412 - BlankSpaceAnalyzer - INFO - -> Analyzing version 14.0.0-alpha.7 (91/147)...
2025-11-07 08:49:31,455 - BlankSpaceAnalyzer - INFO - -> Analyzing version 14.0.0-alpha.8 (92/147)...
2025-11-07 08:49:31,499 - BlankSpaceAnalyzer - INFO - -> Analyzing version 14.0.0-alpha.9 (93/147)...
2025-11-07 08:49:31,543 - BlankSpaceAnalyzer - INFO - -> Analyzing version 14.0.1 (94/147)...
2025-11-07 08:49:31,587 - BlankSpaceAnalyzer - INFO - -> Analyzing version 14.1.0 (95/147)...
2025-11-07 08:49:31,632 - BlankSpaceAnalyzer - INFO - -> Analyzing version 14.1.1 (96/147)...
2025-11-07 08:49:31,677 - BlankSpaceAnalyzer - INFO - -> Analyzing version 14.1.2 (97/147)...
2025-11-07 08:49:31,722 - BlankSpaceAnalyzer - INFO - -> Analyzing version 15.0.0 (98/147)...
2025-11-07 08:49:31,765 - BlankSpaceAnalyzer - INFO - -> Analyzing version 15.0.0-alpha.0 (99/147)...
2025-11-07 08:49:31,809 - BlankSpaceAnalyzer - INFO - -> Analyzing version 15.0.0-alpha.2 (100/147)...
2025-11-07 08:49:31,854 - BlankSpaceAnalyzer - INFO - -> Analyzing version 15.0.1 (101/147)...
2025-11-07 08:49:31,897 - BlankSpaceAnalyzer - INFO - -> Analyzing version 15.0.1-alpha.0 (102/147)...
2025-11-07 08:49:31,942 - BlankSpaceAnalyzer - INFO - -> Analyzing version 15.1.0 (103/147)...
2025-11-07 08:49:31,986 - BlankSpaceAnalyzer - INFO - -> Analyzing version 15.1.1 (104/147)...
2025-11-07 08:49:32,031 - BlankSpaceAnalyzer - INFO - -> Analyzing version 15.1.2 (105/147)...
2025-11-07 08:49:32,075 - BlankSpaceAnalyzer - INFO - -> Analyzing version 15.1.3 (106/147)...
2025-11-07 08:49:32,118 - BlankSpaceAnalyzer - INFO - -> Analyzing version 16.0.0 (107/147)...
2025-11-07 08:49:32,162 - BlankSpaceAnalyzer - INFO - -> Analyzing version 16.0.1 (108/147)...
2025-11-07 08:49:32,206 - BlankSpaceAnalyzer - INFO - -> Analyzing version 16.0.2 (109/147)...
2025-11-07 08:49:32,251 - BlankSpaceAnalyzer - INFO - -> Analyzing version 16.0.3 (110/147)...
2025-11-07 08:49:32,294 - BlankSpaceAnalyzer - INFO - -> Analyzing version 17.0.0 (111/147)...
2025-11-07 08:49:32,340 - BlankSpaceAnalyzer - INFO - -> Analyzing version 17.0.1 (112/147)...
2025-11-07 08:49:32,384 - BlankSpaceAnalyzer - INFO - -> Analyzing version 18.0.0 (113/147)...
2025-11-07 08:49:32,426 - BlankSpaceAnalyzer - INFO - -> Analyzing version 18.0.1 (114/147)...
2025-11-07 08:49:32,472 - BlankSpaceAnalyzer - INFO - -> Analyzing version 19.0.0 (115/147)...
2025-11-07 08:49:32,515 - BlankSpaceAnalyzer - INFO - -> Analyzing version 19.0.0-alpha.0 (116/147)...
2025-11-07 08:49:32,560 - BlankSpaceAnalyzer - INFO - -> Analyzing version 19.0.0-alpha.2 (117/147)...
2025-11-07 08:49:32,604 - BlankSpaceAnalyzer - INFO - -> Analyzing version 19.1.0 (118/147)...
2025-11-07 08:49:32,648 - BlankSpaceAnalyzer - INFO - -> Analyzing version 19.1.1 (119/147)...
2025-11-07 08:49:32,694 - BlankSpaceAnalyzer - INFO - -> Analyzing version 19.1.2 (120/147)...
2025-11-07 08:49:32,737 - BlankSpaceAnalyzer - INFO - -> Analyzing version 20.0.0 (121/147)...
2025-11-07 08:49:32,782 - BlankSpaceAnalyzer - INFO - -> Analyzing version 20.0.0-alpha.0 (122/147)...
2025-11-07 08:49:32,825 - BlankSpaceAnalyzer - INFO - -> Analyzing version 20.0.0-alpha.2 (123/147)...
2025-11-07 08:49:32,869 - BlankSpaceAnalyzer - INFO - -> Analyzing version 20.0.1 (124/147)...
2025-11-07 08:49:32,914 - BlankSpaceAnalyzer - INFO - -> Analyzing version 20.0.2 (125/147)...
2025-11-07 08:49:32,957 - BlankSpaceAnalyzer - INFO - -> Analyzing version 7.0.1 (126/147)...
2025-11-07 08:49:33,002 - BlankSpaceAnalyzer - INFO - -> Analyzing version 8.0.0 (127/147)...
2025-11-07 08:49:33,050 - BlankSpaceAnalyzer - INFO - -> Analyzing version 8.0.0-alpha.0 (128/147)...
2025-11-07 08:49:33,095 - BlankSpaceAnalyzer - INFO - -> Analyzing version 8.0.0-alpha.3 (129/147)...
2025-11-07 08:49:33,140 - BlankSpaceAnalyzer - INFO - -> Analyzing version 8.0.1 (130/147)...
2025-11-07 08:49:33,183 - BlankSpaceAnalyzer - INFO - -> Analyzing version 8.0.2 (131/147)...
2025-11-07 08:49:33,227 - BlankSpaceAnalyzer - INFO - -> Analyzing version 8.0.3 (132/147)...
2025-11-07 08:49:33,270 - BlankSpaceAnalyzer - INFO - -> Analyzing version 8.0.4 (133/147)...
2025-11-07 08:49:33,315 - BlankSpaceAnalyzer - INFO - -> Analyzing version 8.0.6 (134/147)...
2025-11-07 08:49:33,359 - BlankSpaceAnalyzer - INFO - -> Analyzing version 9.0.0 (135/147)...
2025-11-07 08:49:33,403 - BlankSpaceAnalyzer - INFO - -> Analyzing version 9.0.0-alpha.0 (136/147)...
2025-11-07 08:49:33,447 - BlankSpaceAnalyzer - INFO - -> Analyzing version 9.0.0-alpha.1 (137/147)...
2025-11-07 08:49:33,493 - BlankSpaceAnalyzer - INFO - -> Analyzing version 9.0.0-alpha.10 (138/147)...
2025-11-07 08:49:33,536 - BlankSpaceAnalyzer - INFO - -> Analyzing version 9.0.0-alpha.12 (139/147)...
2025-11-07 08:49:33,580 - BlankSpaceAnalyzer - INFO - -> Analyzing version 9.0.0-alpha.2 (140/147)...
2025-11-07 08:49:33,625 - BlankSpaceAnalyzer - INFO - -> Analyzing version 9.0.0-alpha.3 (141/147)...
2025-11-07 08:49:33,669 - BlankSpaceAnalyzer - INFO - -> Analyzing version 9.0.0-alpha.4 (142/147)...
2025-11-07 08:49:33,713 - BlankSpaceAnalyzer - INFO - -> Analyzing version 9.0.0-alpha.5 (143/147)...
2025-11-07 08:49:33,757 - BlankSpaceAnalyzer - INFO - -> Analyzing version 9.0.0-alpha.6 (144/147)...
2025-11-07 08:49:33,801 - BlankSpaceAnalyzer - INFO - -> Analyzing version 9.1.0 (145/147)...
2025-11-07 08:49:33,845 - BlankSpaceAnalyzer - INFO - -> Analyzing version 9.2.0 (146/147)...
2025-11-07 08:49:33,889 - BlankSpaceAnalyzer - INFO - -> Analyzing version 9.2.1 (147/147)...
2025-11-07 08:49:33,934 - BlankSpaceAnalyzer - INFO - Exporting results for '@react-native-community/cli-config' to CSV...
2025-11-07 08:49:34,083 - BlankSpaceAnalyzer - INFO - Reports saved in: /app/npm_results/@react-native-community_cli-config
2025-11-07 08:49:34,084 - NPM_Analyzer - INFO - Cleaning temporary folder 'temp/@react-native-community_cli-config'...
2025-11-07 08:49:34,200 - NPM_Analyzer - INFO - Cleanup completed.
