2025-11-02 07:40:59,372 - NPM_Analyzer - INFO - Fetching metadata for 'cross-inspect'...
2025-11-02 07:40:59,521 - NPM_Analyzer - INFO - Found 25 versions. Starting download into 'temp/cross-inspect'...
2025-11-02 07:41:19,048 - BlankSpaceAnalyzer - INFO - Analyzing 25 versions for '*.js' in 'cross-inspect'.
2025-11-02 07:41:19,048 - BlankSpaceAnalyzer - INFO - -> Analyzing version 1.0.0 (1/25)...
2025-11-02 07:41:19,165 - BlankSpaceAnalyzer - INFO - -> Analyzing version 1.0.0-alpha-20231107131728-873949ac (2/25)...
2025-11-02 07:41:19,258 - BlankSpaceAnalyzer - INFO - -> Analyzing version 1.0.0-alpha-20231108155036-4f89aba8 (3/25)...
2025-11-02 07:41:19,350 - BlankSpaceAnalyzer - INFO - -> Analyzing version 1.0.0-alpha-20231110114700-8cab08a0 (4/25)...
2025-11-02 07:41:19,443 - BlankSpaceAnalyzer - INFO - -> Analyzing version 1.0.0-alpha-20231114113214-4a02e22f (5/25)...
2025-11-02 07:41:19,536 - BlankSpaceAnalyzer - INFO - -> Analyzing version 1.0.0-alpha-20231114121221-b31e9c6a (6/25)...
2025-11-02 07:41:19,629 - BlankSpaceAnalyzer - INFO - -> Analyzing version 1.0.0-alpha-20231114142013-8f8a34cf (7/25)...
2025-11-02 07:41:19,722 - BlankSpaceAnalyzer - INFO - -> Analyzing version 1.0.0-alpha-20231114143259-fe29f508 (8/25)...
2025-11-02 07:41:19,815 - BlankSpaceAnalyzer - INFO - -> Analyzing version 1.0.0-alpha-20231114144041-561a3a1b (9/25)...
2025-11-02 07:41:19,909 - BlankSpaceAnalyzer - INFO - -> Analyzing version 1.0.0-alpha-20231115101413-0c437430 (10/25)...
2025-11-02 07:41:20,010 - BlankSpaceAnalyzer - INFO - -> Analyzing version 1.0.0-rc-20231030102248-62950362 (11/25)...
2025-11-02 07:41:20,103 - BlankSpaceAnalyzer - INFO - -> Analyzing version 1.0.0-rc-20231030103405-c17b32c4 (12/25)...
2025-11-02 07:41:20,196 - BlankSpaceAnalyzer - INFO - -> Analyzing version 1.0.1 (13/25)...
2025-11-02 07:41:20,291 - BlankSpaceAnalyzer - INFO - -> Analyzing version 1.0.1-alpha-20240805061223-1b9bef312682f34a7144cff366c6588479087321 (14/25)...
2025-11-02 07:41:20,384 - BlankSpaceAnalyzer - INFO - -> Analyzing version 1.0.1-alpha-20240805093025-467ef011556bf91b23bb3a131d0266f17b53fc19 (15/25)...
2025-11-02 07:41:20,476 - BlankSpaceAnalyzer - INFO - -> Analyzing version 1.0.1-alpha-20240805144842-131e76d507ce82e59a400bf90758e7af71493abf (16/25)...
2025-11-02 07:41:20,570 - BlankSpaceAnalyzer - INFO - -> Analyzing version 1.0.1-alpha-20240805145013-cd51a6957acc0c14e544e4f6c88c079df724c95e (17/25)...
2025-11-02 07:41:20,663 - BlankSpaceAnalyzer - INFO - -> Analyzing version 1.0.1-alpha-20240805183929-288c79141f31a8a877b5661a0d113cfcc20ae516 (18/25)...
2025-11-02 07:41:20,756 - BlankSpaceAnalyzer - INFO - -> Analyzing version 1.0.1-alpha-20240805184116-0f12e0fea47a26c4d56877ed4a31af0a018ddb66 (19/25)...
2025-11-02 07:41:20,854 - BlankSpaceAnalyzer - INFO - -> Analyzing version 1.0.1-alpha-20240805200235-c7ec3748aa84fdf34ade7fa8c5f9a10a439cc688 (20/25)...
2025-11-02 07:41:20,948 - BlankSpaceAnalyzer - INFO - -> Analyzing version 1.0.1-rc-20240804213606-fa5380888e3647e23f4943d22422c0726d8f55a4 (21/25)...
2025-11-02 07:41:21,041 - BlankSpaceAnalyzer - INFO - -> Analyzing version 1.0.1-rc-20240805092858-4b3228b201fba7e1b3396a09d178c0b037d5cd18 (22/25)...
2025-11-02 07:41:21,135 - BlankSpaceAnalyzer - INFO - -> Analyzing version 1.0.1-rc-20240805094438-2541307bfcd1eb18776e26b4cd27c5a5cfad7463 (23/25)...
2025-11-02 07:41:21,228 - BlankSpaceAnalyzer - INFO - -> Analyzing version 1.0.1-rc-20240805200709-dfb59efa07ffcd5dba64fb8a16e7dbd47c2b0cfc (24/25)...
2025-11-02 07:41:21,321 - BlankSpaceAnalyzer - INFO - -> Analyzing version 1.0.1-rc-20240805200723-05722a8db4c5d6b61f087c9a81931f2efdc22cc1 (25/25)...
2025-11-02 07:41:21,414 - BlankSpaceAnalyzer - INFO - Exporting results for 'cross-inspect' to CSV...
2025-11-02 07:41:21,434 - BlankSpaceAnalyzer - INFO - Reports saved in: /app/npm_results/cross-inspect
2025-11-02 07:41:21,434 - NPM_Analyzer - INFO - Cleaning temporary folder 'temp/cross-inspect'...
2025-11-02 07:41:21,440 - NPM_Analyzer - INFO - Cleanup completed.
