2025-10-28 11:44:02,288 - NPM_Analyzer - INFO - Fetching metadata for 'class-utils'...
2025-10-28 11:44:02,406 - NPM_Analyzer - INFO - Found 14 versions. Starting download into 'temp/class-utils'...
2025-10-28 11:44:08,410 - BlankSpaceAnalyzer - INFO - Analyzing 14 versions for '*.js' in 'class-utils'.
2025-10-28 11:44:08,410 - BlankSpaceAnalyzer - INFO - -> Analyzing version 0.1.0 (1/14)...
2025-10-28 11:44:08,412 - BlankSpaceAnalyzer - INFO - -> Analyzing version 0.1.1 (2/14)...
2025-10-28 11:44:08,413 - BlankSpaceAnalyzer - INFO - -> Analyzing version 0.1.2 (3/14)...
2025-10-28 11:44:08,414 - BlankSpaceAnalyzer - INFO - -> Analyzing version 0.2.0 (4/14)...
2025-10-28 11:44:08,415 - BlankSpaceAnalyzer - INFO - -> Analyzing version 0.2.1 (5/14)...
2025-10-28 11:44:08,506 - BlankSpaceAnalyzer - INFO - -> Analyzing version 0.2.2 (6/14)...
2025-10-28 11:44:08,570 - BlankSpaceAnalyzer - INFO - -> Analyzing version 0.2.3 (7/14)...
2025-10-28 11:44:08,634 - BlankSpaceAnalyzer - INFO - -> Analyzing version 0.3.0 (8/14)...
2025-10-28 11:44:08,699 - BlankSpaceAnalyzer - INFO - -> Analyzing version 0.3.1 (9/14)...
2025-10-28 11:44:08,771 - BlankSpaceAnalyzer - INFO - -> Analyzing version 0.3.2 (10/14)...
2025-10-28 11:44:08,839 - BlankSpaceAnalyzer - INFO - -> Analyzing version 0.3.3 (11/14)...
2025-10-28 11:44:08,905 - BlankSpaceAnalyzer - INFO - -> Analyzing version 0.3.4 (12/14)...
2025-10-28 11:44:08,978 - BlankSpaceAnalyzer - INFO - -> Analyzing version 0.3.5 (13/14)...
2025-10-28 11:44:09,047 - BlankSpaceAnalyzer - INFO - -> Analyzing version 0.3.6 (14/14)...
2025-10-28 11:44:09,048 - BlankSpaceAnalyzer - INFO - Exporting results for 'class-utils' to CSV...
2025-10-28 11:44:09,060 - BlankSpaceAnalyzer - INFO - Reports saved in: /app/npm_results/class-utils
2025-10-28 11:44:09,060 - NPM_Analyzer - INFO - Cleaning temporary folder 'temp/class-utils'...
2025-10-28 11:44:09,062 - NPM_Analyzer - INFO - Cleanup completed.
