2025-11-07 00:05:44,370 - NPM_Analyzer - INFO - Fetching metadata for 'response-iterator'...
2025-11-07 00:05:44,486 - NPM_Analyzer - INFO - Found 32 versions. Starting download into 'temp/response-iterator'...
2025-11-07 00:06:02,965 - BlankSpaceAnalyzer - INFO - Analyzing 32 versions for '*.js' in 'response-iterator'.
2025-11-07 00:06:02,965 - BlankSpaceAnalyzer - INFO - -> Analyzing version 0.1.0 (1/32)...
2025-11-07 00:06:03,045 - BlankSpaceAnalyzer - INFO - -> Analyzing version 0.1.1 (2/32)...
2025-11-07 00:06:03,092 - BlankSpaceAnalyzer - INFO - -> Analyzing version 0.2.0 (3/32)...
2025-11-07 00:06:03,141 - BlankSpaceAnalyzer - INFO - -> Analyzing version 0.2.1 (4/32)...
2025-11-07 00:06:03,193 - BlankSpaceAnalyzer - INFO - -> Analyzing version 0.2.10 (5/32)...
2025-11-07 00:06:03,193 - BlankSpaceAnalyzer - INFO - -> Analyzing version 0.2.11 (6/32)...
2025-11-07 00:06:03,194 - BlankSpaceAnalyzer - INFO - -> Analyzing version 0.2.13 (7/32)...
2025-11-07 00:06:03,194 - BlankSpaceAnalyzer - INFO - -> Analyzing version 0.2.14 (8/32)...
2025-11-07 00:06:03,195 - BlankSpaceAnalyzer - INFO - -> Analyzing version 0.2.15 (9/32)...
2025-11-07 00:06:03,195 - BlankSpaceAnalyzer - INFO - -> Analyzing version 0.2.16 (10/32)...
2025-11-07 00:06:03,196 - BlankSpaceAnalyzer - INFO - -> Analyzing version 0.2.17 (11/32)...
2025-11-07 00:06:03,196 - BlankSpaceAnalyzer - INFO - -> Analyzing version 0.2.18 (12/32)...
2025-11-07 00:06:03,197 - BlankSpaceAnalyzer - INFO - -> Analyzing version 0.2.19 (13/32)...
2025-11-07 00:06:03,197 - BlankSpaceAnalyzer - INFO - -> Analyzing version 0.2.2 (14/32)...
2025-11-07 00:06:03,250 - BlankSpaceAnalyzer - INFO - -> Analyzing version 0.2.20 (15/32)...
2025-11-07 00:06:03,250 - BlankSpaceAnalyzer - INFO - -> Analyzing version 0.2.21 (16/32)...
2025-11-07 00:06:03,251 - BlankSpaceAnalyzer - INFO - -> Analyzing version 0.2.22 (17/32)...
2025-11-07 00:06:03,303 - BlankSpaceAnalyzer - INFO - -> Analyzing version 0.2.23 (18/32)...
2025-11-07 00:06:03,355 - BlankSpaceAnalyzer - INFO - -> Analyzing version 0.2.24 (19/32)...
2025-11-07 00:06:03,407 - BlankSpaceAnalyzer - INFO - -> Analyzing version 0.2.25 (20/32)...
2025-11-07 00:06:03,459 - BlankSpaceAnalyzer - INFO - -> Analyzing version 0.2.3 (21/32)...
2025-11-07 00:06:03,512 - BlankSpaceAnalyzer - INFO - -> Analyzing version 0.2.4 (22/32)...
2025-11-07 00:06:03,565 - BlankSpaceAnalyzer - INFO - -> Analyzing version 0.2.5 (23/32)...
2025-11-07 00:06:03,617 - BlankSpaceAnalyzer - INFO - -> Analyzing version 0.2.6 (24/32)...
2025-11-07 00:06:03,670 - BlankSpaceAnalyzer - INFO - -> Analyzing version 0.2.7 (25/32)...
2025-11-07 00:06:03,670 - BlankSpaceAnalyzer - INFO - -> Analyzing version 0.2.8 (26/32)...
2025-11-07 00:06:03,671 - BlankSpaceAnalyzer - INFO - -> Analyzing version 0.2.9 (27/32)...
2025-11-07 00:06:03,671 - BlankSpaceAnalyzer - INFO - -> Analyzing version 1.0.0 (28/32)...
2025-11-07 00:06:03,726 - BlankSpaceAnalyzer - INFO - -> Analyzing version 1.0.1 (29/32)...
2025-11-07 00:06:03,778 - BlankSpaceAnalyzer - INFO - -> Analyzing version 1.0.2 (30/32)...
2025-11-07 00:06:03,831 - BlankSpaceAnalyzer - INFO - -> Analyzing version 1.0.3 (31/32)...
2025-11-07 00:06:03,884 - BlankSpaceAnalyzer - INFO - -> Analyzing version 1.0.4 (32/32)...
2025-11-07 00:06:03,936 - BlankSpaceAnalyzer - INFO - Exporting results for 'response-iterator' to CSV...
2025-11-07 00:06:03,967 - BlankSpaceAnalyzer - INFO - Reports saved in: /app/npm_results/response-iterator
2025-11-07 00:06:03,967 - NPM_Analyzer - INFO - Cleaning temporary folder 'temp/response-iterator'...
2025-11-07 00:06:03,994 - NPM_Analyzer - INFO - Cleanup completed.
