2025-11-16 21:17:22,718 - NPM_HUT_Analyzer - INFO - Recupero metadata per '@mui/lab'...
2025-11-16 21:17:23,652 - NPM_HUT_Analyzer - INFO - Trovate 213 versioni. Inizio download in 'temp_hut/@mui_lab'...
2025-11-16 21:21:49,083 - UnicodeAnalyzer - INFO - Analizzando 213 versioni per '*.js' in '@mui_lab'.
2025-11-16 21:21:49,084 - UnicodeAnalyzer - INFO - -> Analizzando versione 5.0.0-alpha.100 (1/213)...
2025-11-16 21:21:49,196 - UnicodeAnalyzer - INFO - -> Analizzando versione 5.0.0-alpha.101 (2/213)...
2025-11-16 21:21:49,284 - UnicodeAnalyzer - INFO - -> Analizzando versione 5.0.0-alpha.102 (3/213)...
2025-11-16 21:21:49,378 - UnicodeAnalyzer - INFO - -> Analizzando versione 5.0.0-alpha.103 (4/213)...
2025-11-16 21:21:49,470 - UnicodeAnalyzer - INFO - -> Analizzando versione 5.0.0-alpha.104 (5/213)...
2025-11-16 21:21:49,566 - UnicodeAnalyzer - INFO - -> Analizzando versione 5.0.0-alpha.105 (6/213)...
2025-11-16 21:21:49,662 - UnicodeAnalyzer - INFO - -> Analizzando versione 5.0.0-alpha.106 (7/213)...
2025-11-16 21:21:49,760 - UnicodeAnalyzer - INFO - -> Analizzando versione 5.0.0-alpha.107 (8/213)...
2025-11-16 21:21:49,856 - UnicodeAnalyzer - INFO - -> Analizzando versione 5.0.0-alpha.108 (9/213)...
2025-11-16 21:21:49,953 - UnicodeAnalyzer - INFO - -> Analizzando versione 5.0.0-alpha.109 (10/213)...
2025-11-16 21:21:50,048 - UnicodeAnalyzer - INFO - -> Analizzando versione 5.0.0-alpha.110 (11/213)...
2025-11-16 21:21:50,173 - UnicodeAnalyzer - INFO - -> Analizzando versione 5.0.0-alpha.111 (12/213)...
2025-11-16 21:21:50,269 - UnicodeAnalyzer - INFO - -> Analizzando versione 5.0.0-alpha.112 (13/213)...
2025-11-16 21:21:50,364 - UnicodeAnalyzer - INFO - -> Analizzando versione 5.0.0-alpha.113 (14/213)...
2025-11-16 21:21:50,462 - UnicodeAnalyzer - INFO - -> Analizzando versione 5.0.0-alpha.114 (15/213)...
2025-11-16 21:21:50,557 - UnicodeAnalyzer - INFO - -> Analizzando versione 5.0.0-alpha.115 (16/213)...
2025-11-16 21:21:50,659 - UnicodeAnalyzer - INFO - -> Analizzando versione 5.0.0-alpha.116 (17/213)...
2025-11-16 21:21:50,758 - UnicodeAnalyzer - INFO - -> Analizzando versione 5.0.0-alpha.117 (18/213)...
2025-11-16 21:21:50,854 - UnicodeAnalyzer - INFO - -> Analizzando versione 5.0.0-alpha.118 (19/213)...
2025-11-16 21:21:50,946 - UnicodeAnalyzer - INFO - -> Analizzando versione 5.0.0-alpha.119 (20/213)...
2025-11-16 21:21:51,044 - UnicodeAnalyzer - INFO - -> Analizzando versione 5.0.0-alpha.120 (21/213)...
2025-11-16 21:21:51,138 - UnicodeAnalyzer - INFO - -> Analizzando versione 5.0.0-alpha.121 (22/213)...
2025-11-16 21:21:51,230 - UnicodeAnalyzer - INFO - -> Analizzando versione 5.0.0-alpha.122 (23/213)...
2025-11-16 21:21:51,329 - UnicodeAnalyzer - INFO - -> Analizzando versione 5.0.0-alpha.123 (24/213)...
2025-11-16 21:21:51,428 - UnicodeAnalyzer - INFO - -> Analizzando versione 5.0.0-alpha.124 (25/213)...
2025-11-16 21:21:51,523 - UnicodeAnalyzer - INFO - -> Analizzando versione 5.0.0-alpha.125 (26/213)...
2025-11-16 21:21:51,617 - UnicodeAnalyzer - INFO - -> Analizzando versione 5.0.0-alpha.126 (27/213)...
2025-11-16 21:21:51,711 - UnicodeAnalyzer - INFO - -> Analizzando versione 5.0.0-alpha.127 (28/213)...
2025-11-16 21:21:51,805 - UnicodeAnalyzer - INFO - -> Analizzando versione 5.0.0-alpha.128 (29/213)...
2025-11-16 21:21:51,899 - UnicodeAnalyzer - INFO - -> Analizzando versione 5.0.0-alpha.129 (30/213)...
2025-11-16 21:21:51,994 - UnicodeAnalyzer - INFO - -> Analizzando versione 5.0.0-alpha.130 (31/213)...
2025-11-16 21:21:52,087 - UnicodeAnalyzer - INFO - -> Analizzando versione 5.0.0-alpha.131 (32/213)...
2025-11-16 21:21:52,182 - UnicodeAnalyzer - INFO - -> Analizzando versione 5.0.0-alpha.132 (33/213)...
2025-11-16 21:21:52,276 - UnicodeAnalyzer - INFO - -> Analizzando versione 5.0.0-alpha.133 (34/213)...
2025-11-16 21:21:52,372 - UnicodeAnalyzer - INFO - -> Analizzando versione 5.0.0-alpha.134 (35/213)...
2025-11-16 21:21:52,468 - UnicodeAnalyzer - INFO - -> Analizzando versione 5.0.0-alpha.135 (36/213)...
2025-11-16 21:21:52,561 - UnicodeAnalyzer - INFO - -> Analizzando versione 5.0.0-alpha.136 (37/213)...
2025-11-16 21:21:52,654 - UnicodeAnalyzer - INFO - -> Analizzando versione 5.0.0-alpha.137 (38/213)...
2025-11-16 21:21:52,752 - UnicodeAnalyzer - INFO - -> Analizzando versione 5.0.0-alpha.138 (39/213)...
2025-11-16 21:21:52,848 - UnicodeAnalyzer - INFO - -> Analizzando versione 5.0.0-alpha.139 (40/213)...
2025-11-16 21:21:52,941 - UnicodeAnalyzer - INFO - -> Analizzando versione 5.0.0-alpha.140 (41/213)...
2025-11-16 21:21:53,041 - UnicodeAnalyzer - INFO - -> Analizzando versione 5.0.0-alpha.141 (42/213)...
2025-11-16 21:21:53,139 - UnicodeAnalyzer - INFO - -> Analizzando versione 5.0.0-alpha.142 (43/213)...
2025-11-16 21:21:53,236 - UnicodeAnalyzer - INFO - -> Analizzando versione 5.0.0-alpha.143 (44/213)...
2025-11-16 21:21:53,329 - UnicodeAnalyzer - INFO - -> Analizzando versione 5.0.0-alpha.144 (45/213)...
2025-11-16 21:21:53,422 - UnicodeAnalyzer - INFO - -> Analizzando versione 5.0.0-alpha.145 (46/213)...
2025-11-16 21:21:53,516 - UnicodeAnalyzer - INFO - -> Analizzando versione 5.0.0-alpha.146 (47/213)...
2025-11-16 21:21:53,610 - UnicodeAnalyzer - INFO - -> Analizzando versione 5.0.0-alpha.147 (48/213)...
2025-11-16 21:21:53,711 - UnicodeAnalyzer - INFO - -> Analizzando versione 5.0.0-alpha.148 (49/213)...
2025-11-16 21:21:53,806 - UnicodeAnalyzer - INFO - -> Analizzando versione 5.0.0-alpha.149 (50/213)...
2025-11-16 21:21:53,897 - UnicodeAnalyzer - INFO - -> Analizzando versione 5.0.0-alpha.150 (51/213)...
2025-11-16 21:21:53,990 - UnicodeAnalyzer - INFO - -> Analizzando versione 5.0.0-alpha.151 (52/213)...
2025-11-16 21:21:54,084 - UnicodeAnalyzer - INFO - -> Analizzando versione 5.0.0-alpha.152 (53/213)...
2025-11-16 21:21:54,183 - UnicodeAnalyzer - INFO - -> Analizzando versione 5.0.0-alpha.153 (54/213)...
2025-11-16 21:21:54,276 - UnicodeAnalyzer - INFO - -> Analizzando versione 5.0.0-alpha.154 (55/213)...
2025-11-16 21:21:54,369 - UnicodeAnalyzer - INFO - -> Analizzando versione 5.0.0-alpha.155 (56/213)...
2025-11-16 21:21:54,458 - UnicodeAnalyzer - INFO - -> Analizzando versione 5.0.0-alpha.156 (57/213)...
2025-11-16 21:21:54,551 - UnicodeAnalyzer - INFO - -> Analizzando versione 5.0.0-alpha.157 (58/213)...
2025-11-16 21:21:54,646 - UnicodeAnalyzer - INFO - -> Analizzando versione 5.0.0-alpha.158 (59/213)...
2025-11-16 21:21:54,741 - UnicodeAnalyzer - INFO - -> Analizzando versione 5.0.0-alpha.159 (60/213)...
2025-11-16 21:21:54,832 - UnicodeAnalyzer - INFO - -> Analizzando versione 5.0.0-alpha.160 (61/213)...
2025-11-16 21:21:54,925 - UnicodeAnalyzer - INFO - -> Analizzando versione 5.0.0-alpha.161 (62/213)...
2025-11-16 21:21:55,021 - UnicodeAnalyzer - INFO - -> Analizzando versione 5.0.0-alpha.162 (63/213)...
2025-11-16 21:21:55,114 - UnicodeAnalyzer - INFO - -> Analizzando versione 5.0.0-alpha.163 (64/213)...
2025-11-16 21:21:55,212 - UnicodeAnalyzer - INFO - -> Analizzando versione 5.0.0-alpha.164 (65/213)...
2025-11-16 21:21:55,306 - UnicodeAnalyzer - INFO - -> Analizzando versione 5.0.0-alpha.165 (66/213)...
2025-11-16 21:21:55,400 - UnicodeAnalyzer - INFO - -> Analizzando versione 5.0.0-alpha.166 (67/213)...
2025-11-16 21:21:55,493 - UnicodeAnalyzer - INFO - -> Analizzando versione 5.0.0-alpha.167 (68/213)...
2025-11-16 21:21:55,589 - UnicodeAnalyzer - INFO - -> Analizzando versione 5.0.0-alpha.168 (69/213)...
2025-11-16 21:21:55,683 - UnicodeAnalyzer - INFO - -> Analizzando versione 5.0.0-alpha.169 (70/213)...
2025-11-16 21:21:55,777 - UnicodeAnalyzer - INFO - -> Analizzando versione 5.0.0-alpha.170 (71/213)...
2025-11-16 21:21:55,872 - UnicodeAnalyzer - INFO - -> Analizzando versione 5.0.0-alpha.171 (72/213)...
2025-11-16 21:21:55,970 - UnicodeAnalyzer - INFO - -> Analizzando versione 5.0.0-alpha.172 (73/213)...
2025-11-16 21:21:56,066 - UnicodeAnalyzer - INFO - -> Analizzando versione 5.0.0-alpha.173 (74/213)...
2025-11-16 21:21:56,159 - UnicodeAnalyzer - INFO - -> Analizzando versione 5.0.0-alpha.174 (75/213)...
2025-11-16 21:21:56,255 - UnicodeAnalyzer - INFO - -> Analizzando versione 5.0.0-alpha.175 (76/213)...
2025-11-16 21:21:56,349 - UnicodeAnalyzer - INFO - -> Analizzando versione 5.0.0-alpha.176 (77/213)...
2025-11-16 21:21:56,442 - UnicodeAnalyzer - INFO - -> Analizzando versione 5.0.0-alpha.177 (78/213)...
2025-11-16 21:21:56,534 - UnicodeAnalyzer - INFO - -> Analizzando versione 5.0.0-alpha.45 (79/213)...
2025-11-16 21:21:56,653 - UnicodeAnalyzer - INFO - -> Analizzando versione 5.0.0-alpha.46 (80/213)...
2025-11-16 21:21:56,772 - UnicodeAnalyzer - INFO - -> Analizzando versione 5.0.0-alpha.47 (81/213)...
2025-11-16 21:21:56,886 - UnicodeAnalyzer - INFO - -> Analizzando versione 5.0.0-alpha.48 (82/213)...
2025-11-16 21:21:57,000 - UnicodeAnalyzer - INFO - -> Analizzando versione 5.0.0-alpha.49 (83/213)...
2025-11-16 21:21:57,119 - UnicodeAnalyzer - INFO - -> Analizzando versione 5.0.0-alpha.50 (84/213)...
2025-11-16 21:21:57,236 - UnicodeAnalyzer - INFO - -> Analizzando versione 5.0.0-alpha.51 (85/213)...
2025-11-16 21:21:57,352 - UnicodeAnalyzer - INFO - -> Analizzando versione 5.0.0-alpha.52 (86/213)...
2025-11-16 21:21:57,523 - UnicodeAnalyzer - INFO - -> Analizzando versione 5.0.0-alpha.53 (87/213)...
2025-11-16 21:21:57,648 - UnicodeAnalyzer - INFO - -> Analizzando versione 5.0.0-alpha.54 (88/213)...
2025-11-16 21:21:57,762 - UnicodeAnalyzer - INFO - -> Analizzando versione 5.0.0-alpha.55 (89/213)...
2025-11-16 21:21:57,876 - UnicodeAnalyzer - INFO - -> Analizzando versione 5.0.0-alpha.56 (90/213)...
2025-11-16 21:21:57,988 - UnicodeAnalyzer - INFO - -> Analizzando versione 5.0.0-alpha.57 (91/213)...
2025-11-16 21:21:58,105 - UnicodeAnalyzer - INFO - -> Analizzando versione 5.0.0-alpha.58 (92/213)...
2025-11-16 21:21:58,219 - UnicodeAnalyzer - INFO - -> Analizzando versione 5.0.0-alpha.59 (93/213)...
2025-11-16 21:21:58,334 - UnicodeAnalyzer - INFO - -> Analizzando versione 5.0.0-alpha.60 (94/213)...
2025-11-16 21:21:58,447 - UnicodeAnalyzer - INFO - -> Analizzando versione 5.0.0-alpha.61 (95/213)...
2025-11-16 21:21:58,561 - UnicodeAnalyzer - INFO - -> Analizzando versione 5.0.0-alpha.62 (96/213)...
2025-11-16 21:21:58,674 - UnicodeAnalyzer - INFO - -> Analizzando versione 5.0.0-alpha.63 (97/213)...
2025-11-16 21:21:58,787 - UnicodeAnalyzer - INFO - -> Analizzando versione 5.0.0-alpha.64 (98/213)...
2025-11-16 21:21:58,901 - UnicodeAnalyzer - INFO - -> Analizzando versione 5.0.0-alpha.65 (99/213)...
2025-11-16 21:21:59,017 - UnicodeAnalyzer - INFO - -> Analizzando versione 5.0.0-alpha.66 (100/213)...
2025-11-16 21:21:59,133 - UnicodeAnalyzer - INFO - -> Analizzando versione 5.0.0-alpha.67 (101/213)...
2025-11-16 21:21:59,250 - UnicodeAnalyzer - INFO - -> Analizzando versione 5.0.0-alpha.68 (102/213)...
2025-11-16 21:21:59,363 - UnicodeAnalyzer - INFO - -> Analizzando versione 5.0.0-alpha.69 (103/213)...
2025-11-16 21:21:59,478 - UnicodeAnalyzer - INFO - -> Analizzando versione 5.0.0-alpha.70 (104/213)...
2025-11-16 21:21:59,592 - UnicodeAnalyzer - INFO - -> Analizzando versione 5.0.0-alpha.71 (105/213)...
2025-11-16 21:21:59,709 - UnicodeAnalyzer - INFO - -> Analizzando versione 5.0.0-alpha.72 (106/213)...
2025-11-16 21:21:59,824 - UnicodeAnalyzer - INFO - -> Analizzando versione 5.0.0-alpha.73 (107/213)...
2025-11-16 21:21:59,940 - UnicodeAnalyzer - INFO - -> Analizzando versione 5.0.0-alpha.74 (108/213)...
2025-11-16 21:22:00,053 - UnicodeAnalyzer - INFO - -> Analizzando versione 5.0.0-alpha.75 (109/213)...
2025-11-16 21:22:00,169 - UnicodeAnalyzer - INFO - -> Analizzando versione 5.0.0-alpha.76 (110/213)...
2025-11-16 21:22:00,259 - UnicodeAnalyzer - INFO - -> Analizzando versione 5.0.0-alpha.77 (111/213)...
2025-11-16 21:22:00,352 - UnicodeAnalyzer - INFO - -> Analizzando versione 5.0.0-alpha.78 (112/213)...
2025-11-16 21:22:00,443 - UnicodeAnalyzer - INFO - -> Analizzando versione 5.0.0-alpha.79 (113/213)...
2025-11-16 21:22:00,536 - UnicodeAnalyzer - INFO - -> Analizzando versione 5.0.0-alpha.80 (114/213)...
2025-11-16 21:22:00,628 - UnicodeAnalyzer - INFO - -> Analizzando versione 5.0.0-alpha.81 (115/213)...
2025-11-16 21:22:00,719 - UnicodeAnalyzer - INFO - -> Analizzando versione 5.0.0-alpha.82 (116/213)...
2025-11-16 21:22:00,810 - UnicodeAnalyzer - INFO - -> Analizzando versione 5.0.0-alpha.83 (117/213)...
2025-11-16 21:22:00,903 - UnicodeAnalyzer - INFO - -> Analizzando versione 5.0.0-alpha.84 (118/213)...
2025-11-16 21:22:00,992 - UnicodeAnalyzer - INFO - -> Analizzando versione 5.0.0-alpha.85 (119/213)...
2025-11-16 21:22:01,090 - UnicodeAnalyzer - INFO - -> Analizzando versione 5.0.0-alpha.86 (120/213)...
2025-11-16 21:22:01,188 - UnicodeAnalyzer - INFO - -> Analizzando versione 5.0.0-alpha.87 (121/213)...
2025-11-16 21:22:01,290 - UnicodeAnalyzer - INFO - -> Analizzando versione 5.0.0-alpha.88 (122/213)...
2025-11-16 21:22:01,389 - UnicodeAnalyzer - INFO - -> Analizzando versione 5.0.0-alpha.89 (123/213)...
2025-11-16 21:22:01,487 - UnicodeAnalyzer - INFO - -> Analizzando versione 5.0.0-alpha.90 (124/213)...
2025-11-16 21:22:01,584 - UnicodeAnalyzer - INFO - -> Analizzando versione 5.0.0-alpha.91 (125/213)...
2025-11-16 21:22:01,681 - UnicodeAnalyzer - INFO - -> Analizzando versione 5.0.0-alpha.92 (126/213)...
2025-11-16 21:22:01,775 - UnicodeAnalyzer - INFO - -> Analizzando versione 5.0.0-alpha.93 (127/213)...
2025-11-16 21:22:01,870 - UnicodeAnalyzer - INFO - -> Analizzando versione 5.0.0-alpha.94 (128/213)...
2025-11-16 21:22:01,964 - UnicodeAnalyzer - INFO - -> Analizzando versione 5.0.0-alpha.95 (129/213)...
2025-11-16 21:22:02,065 - UnicodeAnalyzer - INFO - -> Analizzando versione 5.0.0-alpha.96 (130/213)...
2025-11-16 21:22:02,160 - UnicodeAnalyzer - INFO - -> Analizzando versione 5.0.0-alpha.97 (131/213)...
2025-11-16 21:22:02,257 - UnicodeAnalyzer - INFO - -> Analizzando versione 5.0.0-alpha.98 (132/213)...
2025-11-16 21:22:02,350 - UnicodeAnalyzer - INFO - -> Analizzando versione 5.0.0-alpha.99 (133/213)...
2025-11-16 21:22:02,451 - UnicodeAnalyzer - INFO - -> Analizzando versione 6.0.0-alpha.0 (134/213)...
2025-11-16 21:22:02,545 - UnicodeAnalyzer - INFO - -> Analizzando versione 6.0.0-alpha.1 (135/213)...
2025-11-16 21:22:02,640 - UnicodeAnalyzer - INFO - -> Analizzando versione 6.0.0-alpha.10 (136/213)...
2025-11-16 21:22:02,729 - UnicodeAnalyzer - INFO - -> Analizzando versione 6.0.0-alpha.11 (137/213)...
2025-11-16 21:22:02,816 - UnicodeAnalyzer - INFO - -> Analizzando versione 6.0.0-alpha.12 (138/213)...
2025-11-16 21:22:02,900 - UnicodeAnalyzer - INFO - -> Analizzando versione 6.0.0-alpha.13 (139/213)...
2025-11-16 21:22:02,988 - UnicodeAnalyzer - INFO - -> Analizzando versione 6.0.0-alpha.14 (140/213)...
2025-11-16 21:22:03,072 - UnicodeAnalyzer - INFO - -> Analizzando versione 6.0.0-alpha.2 (141/213)...
2025-11-16 21:22:03,164 - UnicodeAnalyzer - INFO - -> Analizzando versione 6.0.0-alpha.3 (142/213)...
2025-11-16 21:22:03,255 - UnicodeAnalyzer - INFO - -> Analizzando versione 6.0.0-alpha.4 (143/213)...
2025-11-16 21:22:03,342 - UnicodeAnalyzer - INFO - -> Analizzando versione 6.0.0-alpha.5 (144/213)...
2025-11-16 21:22:03,432 - UnicodeAnalyzer - INFO - -> Analizzando versione 6.0.0-alpha.6 (145/213)...
2025-11-16 21:22:03,521 - UnicodeAnalyzer - INFO - -> Analizzando versione 6.0.0-alpha.7 (146/213)...
2025-11-16 21:22:03,604 - UnicodeAnalyzer - INFO - -> Analizzando versione 6.0.0-alpha.8 (147/213)...
2025-11-16 21:22:03,693 - UnicodeAnalyzer - INFO - -> Analizzando versione 6.0.0-alpha.9 (148/213)...
2025-11-16 21:22:03,778 - UnicodeAnalyzer - INFO - -> Analizzando versione 6.0.0-beta.0 (149/213)...
2025-11-16 21:22:03,867 - UnicodeAnalyzer - INFO - -> Analizzando versione 6.0.0-beta.1 (150/213)...
2025-11-16 21:22:03,952 - UnicodeAnalyzer - INFO - -> Analizzando versione 6.0.0-beta.10 (151/213)...
2025-11-16 21:22:04,036 - UnicodeAnalyzer - INFO - -> Analizzando versione 6.0.0-beta.10-dev.20240919-130050-82a6448768 (152/213)...
2025-11-16 21:22:04,123 - UnicodeAnalyzer - INFO - -> Analizzando versione 6.0.0-beta.11 (153/213)...
2025-11-16 21:22:04,212 - UnicodeAnalyzer - INFO - -> Analizzando versione 6.0.0-beta.12 (154/213)...
2025-11-16 21:22:04,300 - UnicodeAnalyzer - INFO - -> Analizzando versione 6.0.0-beta.13 (155/213)...
2025-11-16 21:22:04,385 - UnicodeAnalyzer - INFO - -> Analizzando versione 6.0.0-beta.14 (156/213)...
2025-11-16 21:22:04,472 - UnicodeAnalyzer - INFO - -> Analizzando versione 6.0.0-beta.15 (157/213)...
2025-11-16 21:22:04,560 - UnicodeAnalyzer - INFO - -> Analizzando versione 6.0.0-beta.16 (158/213)...
2025-11-16 21:22:04,647 - UnicodeAnalyzer - INFO - -> Analizzando versione 6.0.0-beta.17 (159/213)...
2025-11-16 21:22:04,734 - UnicodeAnalyzer - INFO - -> Analizzando versione 6.0.0-beta.18 (160/213)...
2025-11-16 21:22:04,821 - UnicodeAnalyzer - INFO - -> Analizzando versione 6.0.0-beta.19 (161/213)...
2025-11-16 21:22:04,908 - UnicodeAnalyzer - INFO - -> Analizzando versione 6.0.0-beta.2 (162/213)...
2025-11-16 21:22:04,996 - UnicodeAnalyzer - INFO - -> Analizzando versione 6.0.0-beta.20 (163/213)...
2025-11-16 21:22:05,084 - UnicodeAnalyzer - INFO - -> Analizzando versione 6.0.0-beta.21 (164/213)...
2025-11-16 21:22:05,178 - UnicodeAnalyzer - INFO - -> Analizzando versione 6.0.0-beta.22 (165/213)...
2025-11-16 21:22:05,265 - UnicodeAnalyzer - INFO - -> Analizzando versione 6.0.0-beta.23 (166/213)...
2025-11-16 21:22:05,352 - UnicodeAnalyzer - INFO - -> Analizzando versione 6.0.0-beta.24 (167/213)...
2025-11-16 21:22:05,441 - UnicodeAnalyzer - INFO - -> Analizzando versione 6.0.0-beta.25 (168/213)...
2025-11-16 21:22:05,530 - UnicodeAnalyzer - INFO - -> Analizzando versione 6.0.0-beta.26 (169/213)...
2025-11-16 21:22:05,618 - UnicodeAnalyzer - INFO - -> Analizzando versione 6.0.0-beta.27 (170/213)...
2025-11-16 21:22:05,709 - UnicodeAnalyzer - INFO - -> Analizzando versione 6.0.0-beta.28 (171/213)...
2025-11-16 21:22:05,797 - UnicodeAnalyzer - INFO - -> Analizzando versione 6.0.0-beta.29 (172/213)...
2025-11-16 21:22:05,888 - UnicodeAnalyzer - INFO - -> Analizzando versione 6.0.0-beta.3 (173/213)...
2025-11-16 21:22:05,978 - UnicodeAnalyzer - INFO - -> Analizzando versione 6.0.0-beta.3-dev.20240725-084532-7340f56bef (174/213)...
2025-11-16 21:22:06,075 - UnicodeAnalyzer - INFO - -> Analizzando versione 6.0.0-beta.30 (175/213)...
2025-11-16 21:22:06,168 - UnicodeAnalyzer - INFO - -> Analizzando versione 6.0.0-beta.31 (176/213)...
2025-11-16 21:22:06,254 - UnicodeAnalyzer - INFO - -> Analizzando versione 6.0.0-beta.32 (177/213)...
2025-11-16 21:22:06,343 - UnicodeAnalyzer - INFO - -> Analizzando versione 6.0.0-beta.4 (178/213)...
2025-11-16 21:22:06,431 - UnicodeAnalyzer - INFO - -> Analizzando versione 6.0.0-beta.4-dev.20240802-144226-85a3b55d22 (179/213)...
2025-11-16 21:22:06,519 - UnicodeAnalyzer - INFO - -> Analizzando versione 6.0.0-beta.4-dev.20240805-092432-9f940a61d6 (180/213)...
2025-11-16 21:22:06,611 - UnicodeAnalyzer - INFO - -> Analizzando versione 6.0.0-beta.5 (181/213)...
2025-11-16 21:22:06,699 - UnicodeAnalyzer - INFO - -> Analizzando versione 6.0.0-beta.5-dev.20240809-114550-93cb3d65e7 (182/213)...
2025-11-16 21:22:06,787 - UnicodeAnalyzer - INFO - -> Analizzando versione 6.0.0-beta.6 (183/213)...
2025-11-16 21:22:06,965 - UnicodeAnalyzer - INFO - -> Analizzando versione 6.0.0-beta.7 (184/213)...
2025-11-16 21:22:07,053 - UnicodeAnalyzer - INFO - -> Analizzando versione 6.0.0-beta.8 (185/213)...
2025-11-16 21:22:07,141 - UnicodeAnalyzer - INFO - -> Analizzando versione 6.0.0-beta.9 (186/213)...
2025-11-16 21:22:07,228 - UnicodeAnalyzer - INFO - -> Analizzando versione 6.0.0-dev.20240529-082515-213b5e33ab (187/213)...
2025-11-16 21:22:07,318 - UnicodeAnalyzer - INFO - -> Analizzando versione 6.0.0-dev.240424162023-9968b4889d (188/213)...
2025-11-16 21:22:07,409 - UnicodeAnalyzer - INFO - -> Analizzando versione 6.0.1-beta.33 (189/213)...
2025-11-16 21:22:07,498 - UnicodeAnalyzer - INFO - -> Analizzando versione 6.0.1-beta.34 (190/213)...
2025-11-16 21:22:07,598 - UnicodeAnalyzer - INFO - -> Analizzando versione 6.0.1-beta.35 (191/213)...
2025-11-16 21:22:07,684 - UnicodeAnalyzer - INFO - -> Analizzando versione 6.0.1-beta.36 (192/213)...
2025-11-16 21:22:07,776 - UnicodeAnalyzer - INFO - -> Analizzando versione 7.0.0 (193/213)...
2025-11-16 21:22:07,853 - UnicodeAnalyzer - INFO - -> Analizzando versione 7.0.0-beta.0 (194/213)...
2025-11-16 21:22:07,940 - UnicodeAnalyzer - INFO - -> Analizzando versione 7.0.0-beta.1 (195/213)...
2025-11-16 21:22:08,026 - UnicodeAnalyzer - INFO - -> Analizzando versione 7.0.0-beta.10 (196/213)...
2025-11-16 21:22:08,108 - UnicodeAnalyzer - INFO - -> Analizzando versione 7.0.0-beta.11 (197/213)...
2025-11-16 21:22:08,189 - UnicodeAnalyzer - INFO - -> Analizzando versione 7.0.0-beta.12 (198/213)...
2025-11-16 21:22:08,266 - UnicodeAnalyzer - INFO - -> Analizzando versione 7.0.0-beta.13 (199/213)...
2025-11-16 21:22:08,344 - UnicodeAnalyzer - INFO - -> Analizzando versione 7.0.0-beta.14 (200/213)...
2025-11-16 21:22:08,421 - UnicodeAnalyzer - INFO - -> Analizzando versione 7.0.0-beta.15 (201/213)...
2025-11-16 21:22:08,502 - UnicodeAnalyzer - INFO - -> Analizzando versione 7.0.0-beta.16 (202/213)...
2025-11-16 21:22:08,577 - UnicodeAnalyzer - INFO - -> Analizzando versione 7.0.0-beta.17 (203/213)...
2025-11-16 21:22:08,659 - UnicodeAnalyzer - INFO - -> Analizzando versione 7.0.0-beta.2 (204/213)...
2025-11-16 21:22:08,745 - UnicodeAnalyzer - INFO - -> Analizzando versione 7.0.0-beta.3 (205/213)...
2025-11-16 21:22:08,829 - UnicodeAnalyzer - INFO - -> Analizzando versione 7.0.0-beta.4 (206/213)...
2025-11-16 21:22:08,910 - UnicodeAnalyzer - INFO - -> Analizzando versione 7.0.0-beta.5 (207/213)...
2025-11-16 21:22:08,994 - UnicodeAnalyzer - INFO - -> Analizzando versione 7.0.0-beta.6 (208/213)...
2025-11-16 21:22:09,077 - UnicodeAnalyzer - INFO - -> Analizzando versione 7.0.0-beta.7 (209/213)...
2025-11-16 21:22:09,163 - UnicodeAnalyzer - INFO - -> Analizzando versione 7.0.0-beta.8 (210/213)...
2025-11-16 21:22:09,250 - UnicodeAnalyzer - INFO - -> Analizzando versione 7.0.0-beta.9 (211/213)...
2025-11-16 21:22:09,336 - UnicodeAnalyzer - INFO - -> Analizzando versione 7.0.1-beta.18 (212/213)...
2025-11-16 21:22:09,416 - UnicodeAnalyzer - INFO - -> Analizzando versione 7.0.1-beta.19 (213/213)...
2025-11-16 21:22:09,496 - UnicodeAnalyzer - INFO - Esportando i risultati HUT per '@mui/lab' in CSV...
2025-11-16 21:22:10,732 - UnicodeAnalyzer - INFO - Report salvati in: /app/npm_hut_results/@mui_lab
2025-11-16 21:22:10,737 - NPM_HUT_Analyzer - INFO - Pulizia cartella temporanea 'temp_hut/@mui_lab'...
2025-11-16 21:22:14,333 - NPM_HUT_Analyzer - INFO - Pulizia completata.
