2025-11-11 15:37:05,793 - NPM_HUT_Analyzer - INFO - Recupero metadata per 'normalize-package-data'...
2025-11-11 15:37:05,906 - NPM_HUT_Analyzer - INFO - Trovate 63 versioni. Inizio download in 'temp_hut/normalize-package-data'...
2025-11-11 15:37:40,213 - UnicodeAnalyzer - INFO - Analizzando 63 versioni per '*.js' in 'normalize-package-data'.
2025-11-11 15:37:40,213 - UnicodeAnalyzer - INFO - -> Analizzando versione 0.0.1 (1/63)...
2025-11-11 15:37:40,215 - UnicodeAnalyzer - INFO - Filtrati 4 file (es. in /dist, /test).
2025-11-11 15:37:40,280 - UnicodeAnalyzer - INFO - -> Analizzando versione 0.0.10 (2/63)...
2025-11-11 15:37:40,281 - UnicodeAnalyzer - INFO - Filtrati 4 file (es. in /dist, /test).
2025-11-11 15:37:40,316 - UnicodeAnalyzer - INFO - -> Analizzando versione 0.0.3 (3/63)...
2025-11-11 15:37:40,316 - UnicodeAnalyzer - INFO - Filtrati 3 file (es. in /dist, /test).
2025-11-11 15:37:40,355 - UnicodeAnalyzer - INFO - -> Analizzando versione 0.0.5 (4/63)...
2025-11-11 15:37:40,356 - UnicodeAnalyzer - INFO - Filtrati 3 file (es. in /dist, /test).
2025-11-11 15:37:40,394 - UnicodeAnalyzer - INFO - -> Analizzando versione 0.0.7 (5/63)...
2025-11-11 15:37:40,395 - UnicodeAnalyzer - INFO - Filtrati 3 file (es. in /dist, /test).
2025-11-11 15:37:40,434 - UnicodeAnalyzer - INFO - -> Analizzando versione 0.0.9 (6/63)...
2025-11-11 15:37:40,435 - UnicodeAnalyzer - INFO - Filtrati 3 file (es. in /dist, /test).
2025-11-11 15:37:40,474 - UnicodeAnalyzer - INFO - -> Analizzando versione 0.1.1 (7/63)...
2025-11-11 15:37:40,475 - UnicodeAnalyzer - INFO - Filtrati 4 file (es. in /dist, /test).
2025-11-11 15:37:40,515 - UnicodeAnalyzer - INFO - -> Analizzando versione 0.1.2 (8/63)...
2025-11-11 15:37:40,516 - UnicodeAnalyzer - INFO - Filtrati 5 file (es. in /dist, /test).
2025-11-11 15:37:40,555 - UnicodeAnalyzer - INFO - -> Analizzando versione 0.1.3 (9/63)...
2025-11-11 15:37:40,556 - UnicodeAnalyzer - INFO - Filtrati 5 file (es. in /dist, /test).
2025-11-11 15:37:40,599 - UnicodeAnalyzer - INFO - -> Analizzando versione 0.1.4 (10/63)...
2025-11-11 15:37:40,599 - UnicodeAnalyzer - INFO - Filtrati 5 file (es. in /dist, /test).
2025-11-11 15:37:40,641 - UnicodeAnalyzer - INFO - -> Analizzando versione 0.1.5 (11/63)...
2025-11-11 15:37:40,642 - UnicodeAnalyzer - INFO - Filtrati 5 file (es. in /dist, /test).
2025-11-11 15:37:40,681 - UnicodeAnalyzer - INFO - -> Analizzando versione 0.1.6 (12/63)...
2025-11-11 15:37:40,681 - UnicodeAnalyzer - INFO - Filtrati 5 file (es. in /dist, /test).
2025-11-11 15:37:40,722 - UnicodeAnalyzer - INFO - -> Analizzando versione 0.1.7 (13/63)...
2025-11-11 15:37:40,722 - UnicodeAnalyzer - INFO - Filtrati 5 file (es. in /dist, /test).
2025-11-11 15:37:40,762 - UnicodeAnalyzer - INFO - -> Analizzando versione 0.2.0 (14/63)...
2025-11-11 15:37:40,762 - UnicodeAnalyzer - INFO - Filtrati 6 file (es. in /dist, /test).
2025-11-11 15:37:40,802 - UnicodeAnalyzer - INFO - -> Analizzando versione 0.2.1 (15/63)...
2025-11-11 15:37:40,803 - UnicodeAnalyzer - INFO - Filtrati 6 file (es. in /dist, /test).
2025-11-11 15:37:40,842 - UnicodeAnalyzer - INFO - -> Analizzando versione 0.2.11 (16/63)...
2025-11-11 15:37:40,843 - UnicodeAnalyzer - INFO - Filtrati 7 file (es. in /dist, /test).
2025-11-11 15:37:40,883 - UnicodeAnalyzer - INFO - -> Analizzando versione 0.2.12 (17/63)...
2025-11-11 15:37:40,884 - UnicodeAnalyzer - INFO - Filtrati 7 file (es. in /dist, /test).
2025-11-11 15:37:40,924 - UnicodeAnalyzer - INFO - -> Analizzando versione 0.2.13 (18/63)...
2025-11-11 15:37:40,924 - UnicodeAnalyzer - INFO - Filtrati 7 file (es. in /dist, /test).
2025-11-11 15:37:40,965 - UnicodeAnalyzer - INFO - -> Analizzando versione 0.2.2 (19/63)...
2025-11-11 15:37:40,966 - UnicodeAnalyzer - INFO - Filtrati 6 file (es. in /dist, /test).
2025-11-11 15:37:41,005 - UnicodeAnalyzer - INFO - -> Analizzando versione 0.2.3 (20/63)...
2025-11-11 15:37:41,006 - UnicodeAnalyzer - INFO - Filtrati 6 file (es. in /dist, /test).
2025-11-11 15:37:41,046 - UnicodeAnalyzer - INFO - -> Analizzando versione 0.2.4 (21/63)...
2025-11-11 15:37:41,047 - UnicodeAnalyzer - INFO - Filtrati 6 file (es. in /dist, /test).
2025-11-11 15:37:41,086 - UnicodeAnalyzer - INFO - -> Analizzando versione 0.2.5 (22/63)...
2025-11-11 15:37:41,087 - UnicodeAnalyzer - INFO - Filtrati 6 file (es. in /dist, /test).
2025-11-11 15:37:41,126 - UnicodeAnalyzer - INFO - -> Analizzando versione 0.2.6 (23/63)...
2025-11-11 15:37:41,126 - UnicodeAnalyzer - INFO - Filtrati 6 file (es. in /dist, /test).
2025-11-11 15:37:41,166 - UnicodeAnalyzer - INFO - -> Analizzando versione 0.2.7 (24/63)...
2025-11-11 15:37:41,167 - UnicodeAnalyzer - INFO - Filtrati 6 file (es. in /dist, /test).
2025-11-11 15:37:41,207 - UnicodeAnalyzer - INFO - -> Analizzando versione 0.2.8 (25/63)...
2025-11-11 15:37:41,207 - UnicodeAnalyzer - INFO - Filtrati 6 file (es. in /dist, /test).
2025-11-11 15:37:41,247 - UnicodeAnalyzer - INFO - -> Analizzando versione 0.2.9 (26/63)...
2025-11-11 15:37:41,248 - UnicodeAnalyzer - INFO - Filtrati 6 file (es. in /dist, /test).
2025-11-11 15:37:41,287 - UnicodeAnalyzer - INFO - -> Analizzando versione 0.3.0 (27/63)...
2025-11-11 15:37:41,288 - UnicodeAnalyzer - INFO - Filtrati 7 file (es. in /dist, /test).
2025-11-11 15:37:41,327 - UnicodeAnalyzer - INFO - -> Analizzando versione 0.4.1 (28/63)...
2025-11-11 15:37:41,328 - UnicodeAnalyzer - INFO - Filtrati 8 file (es. in /dist, /test).
2025-11-11 15:37:41,368 - UnicodeAnalyzer - INFO - -> Analizzando versione 0.4.2 (29/63)...
2025-11-11 15:37:41,369 - UnicodeAnalyzer - INFO - Filtrati 8 file (es. in /dist, /test).
2025-11-11 15:37:41,411 - UnicodeAnalyzer - INFO - -> Analizzando versione 1.0.0 (30/63)...
2025-11-11 15:37:41,412 - UnicodeAnalyzer - INFO - Filtrati 8 file (es. in /dist, /test).
2025-11-11 15:37:41,451 - UnicodeAnalyzer - INFO - -> Analizzando versione 1.0.1 (31/63)...
2025-11-11 15:37:41,452 - UnicodeAnalyzer - INFO - Filtrati 8 file (es. in /dist, /test).
2025-11-11 15:37:41,491 - UnicodeAnalyzer - INFO - -> Analizzando versione 1.0.2 (32/63)...
2025-11-11 15:37:41,492 - UnicodeAnalyzer - INFO - Filtrati 8 file (es. in /dist, /test).
2025-11-11 15:37:41,531 - UnicodeAnalyzer - INFO - -> Analizzando versione 1.0.3 (33/63)...
2025-11-11 15:37:41,532 - UnicodeAnalyzer - INFO - Filtrati 8 file (es. in /dist, /test).
2025-11-11 15:37:41,572 - UnicodeAnalyzer - INFO - -> Analizzando versione 2.0.0 (34/63)...
2025-11-11 15:37:41,573 - UnicodeAnalyzer - INFO - Filtrati 8 file (es. in /dist, /test).
2025-11-11 15:37:41,613 - UnicodeAnalyzer - INFO - -> Analizzando versione 2.1.0 (35/63)...
2025-11-11 15:37:41,613 - UnicodeAnalyzer - INFO - Filtrati 8 file (es. in /dist, /test).
2025-11-11 15:37:41,653 - UnicodeAnalyzer - INFO - -> Analizzando versione 2.2.0 (36/63)...
2025-11-11 15:37:41,654 - UnicodeAnalyzer - INFO - Filtrati 9 file (es. in /dist, /test).
2025-11-11 15:37:41,694 - UnicodeAnalyzer - INFO - -> Analizzando versione 2.2.1 (37/63)...
2025-11-11 15:37:41,695 - UnicodeAnalyzer - INFO - Filtrati 10 file (es. in /dist, /test).
2025-11-11 15:37:41,735 - UnicodeAnalyzer - INFO - -> Analizzando versione 2.3.0 (38/63)...
2025-11-11 15:37:41,736 - UnicodeAnalyzer - INFO - Filtrati 10 file (es. in /dist, /test).
2025-11-11 15:37:41,776 - UnicodeAnalyzer - INFO - -> Analizzando versione 2.3.1 (39/63)...
2025-11-11 15:37:41,776 - UnicodeAnalyzer - INFO - Filtrati 10 file (es. in /dist, /test).
2025-11-11 15:37:41,818 - UnicodeAnalyzer - INFO - -> Analizzando versione 2.3.2 (40/63)...
2025-11-11 15:37:41,818 - UnicodeAnalyzer - INFO - Filtrati 10 file (es. in /dist, /test).
2025-11-11 15:37:41,858 - UnicodeAnalyzer - INFO - -> Analizzando versione 2.3.3 (41/63)...
2025-11-11 15:37:41,858 - UnicodeAnalyzer - INFO - Filtrati 11 file (es. in /dist, /test).
2025-11-11 15:37:41,898 - UnicodeAnalyzer - INFO - -> Analizzando versione 2.3.4 (42/63)...
2025-11-11 15:37:41,899 - UnicodeAnalyzer - INFO - Filtrati 10 file (es. in /dist, /test).
2025-11-11 15:37:41,940 - UnicodeAnalyzer - INFO - -> Analizzando versione 2.3.5 (43/63)...
2025-11-11 15:37:41,940 - UnicodeAnalyzer - INFO - Filtrati 10 file (es. in /dist, /test).
2025-11-11 15:37:41,980 - UnicodeAnalyzer - INFO - -> Analizzando versione 2.3.6 (44/63)...
2025-11-11 15:37:41,981 - UnicodeAnalyzer - INFO - Filtrati 10 file (es. in /dist, /test).
2025-11-11 15:37:42,021 - UnicodeAnalyzer - INFO - -> Analizzando versione 2.3.7 (45/63)...
2025-11-11 15:37:42,061 - UnicodeAnalyzer - INFO - -> Analizzando versione 2.3.8 (46/63)...
2025-11-11 15:37:42,101 - UnicodeAnalyzer - INFO - -> Analizzando versione 2.4.0 (47/63)...
2025-11-11 15:37:42,142 - UnicodeAnalyzer - INFO - -> Analizzando versione 2.4.1 (48/63)...
2025-11-11 15:37:42,182 - UnicodeAnalyzer - INFO - -> Analizzando versione 2.4.2 (49/63)...
2025-11-11 15:37:42,222 - UnicodeAnalyzer - INFO - -> Analizzando versione 2.5.0 (50/63)...
2025-11-11 15:37:42,263 - UnicodeAnalyzer - INFO - -> Analizzando versione 3.0.0 (51/63)...
2025-11-11 15:37:42,303 - UnicodeAnalyzer - INFO - -> Analizzando versione 3.0.1 (52/63)...
2025-11-11 15:37:42,342 - UnicodeAnalyzer - INFO - -> Analizzando versione 3.0.2 (53/63)...
2025-11-11 15:37:42,382 - UnicodeAnalyzer - INFO - -> Analizzando versione 3.0.3 (54/63)...
2025-11-11 15:37:42,422 - UnicodeAnalyzer - INFO - -> Analizzando versione 4.0.0 (55/63)...
2025-11-11 15:37:42,462 - UnicodeAnalyzer - INFO - -> Analizzando versione 4.0.1 (56/63)...
2025-11-11 15:37:42,502 - UnicodeAnalyzer - INFO - -> Analizzando versione 5.0.0 (57/63)...
2025-11-11 15:37:42,541 - UnicodeAnalyzer - INFO - -> Analizzando versione 6.0.0 (58/63)...
2025-11-11 15:37:42,583 - UnicodeAnalyzer - INFO - -> Analizzando versione 6.0.1 (59/63)...
2025-11-11 15:37:42,622 - UnicodeAnalyzer - INFO - -> Analizzando versione 6.0.2 (60/63)...
2025-11-11 15:37:42,662 - UnicodeAnalyzer - INFO - -> Analizzando versione 7.0.0 (61/63)...
2025-11-11 15:37:42,702 - UnicodeAnalyzer - INFO - -> Analizzando versione 7.0.1 (62/63)...
2025-11-11 15:37:42,742 - UnicodeAnalyzer - INFO - -> Analizzando versione 8.0.0 (63/63)...
2025-11-11 15:37:42,784 - UnicodeAnalyzer - INFO - Esportando i risultati HUT per 'normalize-package-data' in CSV...
2025-11-11 15:37:42,871 - UnicodeAnalyzer - INFO - Report salvati in: /app/npm_hut_results/normalize-package-data
2025-11-11 15:37:42,871 - NPM_HUT_Analyzer - INFO - Pulizia cartella temporanea 'temp_hut/normalize-package-data'...
2025-11-11 15:37:42,900 - NPM_HUT_Analyzer - INFO - Pulizia completata.
