2025-10-25 02:23:57,507 - NPM_Analyzer - INFO - Fetching metadata for 'd3-selection'...
2025-10-25 02:23:57,623 - NPM_Analyzer - INFO - Found 58 versions. Starting download into 'temp/d3-selection'...
2025-10-25 02:24:42,885 - BlankSpaceAnalyzer - INFO - Analyzing 58 versions for '*.js' in 'd3-selection'.
2025-10-25 02:24:42,885 - BlankSpaceAnalyzer - INFO - -> Analyzing version 0.0.1 (1/58)...
2025-10-25 02:24:43,011 - BlankSpaceAnalyzer - INFO - -> Analyzing version 0.1.0 (2/58)...
2025-10-25 02:24:43,108 - BlankSpaceAnalyzer - INFO - -> Analyzing version 0.2.0 (3/58)...
2025-10-25 02:24:43,211 - BlankSpaceAnalyzer - INFO - -> Analyzing version 0.3.0 (4/58)...
2025-10-25 02:24:43,308 - BlankSpaceAnalyzer - INFO - -> Analyzing version 0.4.0 (5/58)...
2025-10-25 02:24:43,410 - BlankSpaceAnalyzer - INFO - -> Analyzing version 0.4.1 (6/58)...
2025-10-25 02:24:43,514 - BlankSpaceAnalyzer - INFO - -> Analyzing version 0.4.10 (7/58)...
2025-10-25 02:24:43,620 - BlankSpaceAnalyzer - INFO - -> Analyzing version 0.4.11 (8/58)...
2025-10-25 02:24:43,727 - BlankSpaceAnalyzer - INFO - -> Analyzing version 0.4.12 (9/58)...
2025-10-25 02:24:43,831 - BlankSpaceAnalyzer - INFO - -> Analyzing version 0.4.2 (10/58)...
2025-10-25 02:24:43,939 - BlankSpaceAnalyzer - INFO - -> Analyzing version 0.4.3 (11/58)...
2025-10-25 02:24:44,044 - BlankSpaceAnalyzer - INFO - -> Analyzing version 0.4.4 (12/58)...
2025-10-25 02:24:44,142 - BlankSpaceAnalyzer - INFO - -> Analyzing version 0.4.5 (13/58)...
2025-10-25 02:24:44,241 - BlankSpaceAnalyzer - INFO - -> Analyzing version 0.4.7 (14/58)...
2025-10-25 02:24:44,347 - BlankSpaceAnalyzer - INFO - -> Analyzing version 0.4.8 (15/58)...
2025-10-25 02:24:44,453 - BlankSpaceAnalyzer - INFO - -> Analyzing version 0.4.9 (16/58)...
2025-10-25 02:24:44,551 - BlankSpaceAnalyzer - INFO - -> Analyzing version 0.5.0 (17/58)...
2025-10-25 02:24:44,656 - BlankSpaceAnalyzer - INFO - -> Analyzing version 0.5.1 (18/58)...
2025-10-25 02:24:44,754 - BlankSpaceAnalyzer - INFO - -> Analyzing version 0.6.0 (19/58)...
2025-10-25 02:24:44,852 - BlankSpaceAnalyzer - INFO - -> Analyzing version 0.6.1 (20/58)...
2025-10-25 02:24:44,951 - BlankSpaceAnalyzer - INFO - -> Analyzing version 0.6.10 (21/58)...
2025-10-25 02:24:45,058 - BlankSpaceAnalyzer - INFO - -> Analyzing version 0.6.11 (22/58)...
2025-10-25 02:24:45,156 - BlankSpaceAnalyzer - INFO - -> Analyzing version 0.6.12 (23/58)...
2025-10-25 02:24:45,255 - BlankSpaceAnalyzer - INFO - -> Analyzing version 0.6.2 (24/58)...
2025-10-25 02:24:45,355 - BlankSpaceAnalyzer - INFO - -> Analyzing version 0.6.3 (25/58)...
2025-10-25 02:24:45,460 - BlankSpaceAnalyzer - INFO - -> Analyzing version 0.6.5 (26/58)...
2025-10-25 02:24:45,566 - BlankSpaceAnalyzer - INFO - -> Analyzing version 0.6.6 (27/58)...
2025-10-25 02:24:45,664 - BlankSpaceAnalyzer - INFO - -> Analyzing version 0.6.7 (28/58)...
2025-10-25 02:24:45,771 - BlankSpaceAnalyzer - INFO - -> Analyzing version 0.6.8 (29/58)...
2025-10-25 02:24:45,876 - BlankSpaceAnalyzer - INFO - -> Analyzing version 0.6.9 (30/58)...
2025-10-25 02:24:45,977 - BlankSpaceAnalyzer - INFO - -> Analyzing version 0.7.0 (31/58)...
2025-10-25 02:24:46,082 - BlankSpaceAnalyzer - INFO - -> Analyzing version 0.7.1 (32/58)...
2025-10-25 02:24:46,183 - BlankSpaceAnalyzer - INFO - -> Analyzing version 0.7.2 (33/58)...
2025-10-25 02:24:46,286 - BlankSpaceAnalyzer - INFO - -> Analyzing version 0.7.3 (34/58)...
2025-10-25 02:24:46,388 - BlankSpaceAnalyzer - INFO - -> Analyzing version 0.8.0 (35/58)...
2025-10-25 02:24:46,495 - BlankSpaceAnalyzer - INFO - -> Analyzing version 0.9.0 (36/58)...
2025-10-25 02:24:46,597 - BlankSpaceAnalyzer - INFO - -> Analyzing version 1.0.0 (37/58)...
2025-10-25 02:24:46,700 - BlankSpaceAnalyzer - INFO - -> Analyzing version 1.0.1 (38/58)...
2025-10-25 02:24:46,803 - BlankSpaceAnalyzer - INFO - -> Analyzing version 1.0.2 (39/58)...
2025-10-25 02:24:46,901 - BlankSpaceAnalyzer - INFO - -> Analyzing version 1.0.3 (40/58)...
2025-10-25 02:24:47,000 - BlankSpaceAnalyzer - INFO - -> Analyzing version 1.0.4 (41/58)...
2025-10-25 02:24:47,104 - BlankSpaceAnalyzer - INFO - -> Analyzing version 1.0.5 (42/58)...
2025-10-25 02:24:47,211 - BlankSpaceAnalyzer - INFO - -> Analyzing version 1.0.6 (43/58)...
2025-10-25 02:24:47,318 - BlankSpaceAnalyzer - INFO - -> Analyzing version 1.1.0 (44/58)...
2025-10-25 02:24:47,417 - BlankSpaceAnalyzer - INFO - -> Analyzing version 1.2.0 (45/58)...
2025-10-25 02:24:47,522 - BlankSpaceAnalyzer - INFO - -> Analyzing version 1.3.0 (46/58)...
2025-10-25 02:24:47,622 - BlankSpaceAnalyzer - INFO - -> Analyzing version 1.3.1 (47/58)...
2025-10-25 02:24:47,725 - BlankSpaceAnalyzer - INFO - -> Analyzing version 1.3.2 (48/58)...
2025-10-25 02:24:47,822 - BlankSpaceAnalyzer - INFO - -> Analyzing version 1.4.0 (49/58)...
2025-10-25 02:24:47,921 - BlankSpaceAnalyzer - INFO - -> Analyzing version 1.4.1 (50/58)...
2025-10-25 02:24:48,027 - BlankSpaceAnalyzer - INFO - -> Analyzing version 1.4.2 (51/58)...
2025-10-25 02:24:48,126 - BlankSpaceAnalyzer - INFO - -> Analyzing version 2.0.0 (52/58)...
2025-10-25 02:24:48,236 - BlankSpaceAnalyzer - INFO - -> Analyzing version 2.0.0-rc.1 (53/58)...
2025-10-25 02:24:48,336 - BlankSpaceAnalyzer - INFO - -> Analyzing version 2.0.0-rc.2 (54/58)...
2025-10-25 02:24:48,435 - BlankSpaceAnalyzer - INFO - -> Analyzing version 2.0.0-rc.3 (55/58)...
2025-10-25 02:24:48,542 - BlankSpaceAnalyzer - INFO - -> Analyzing version 2.0.0-rc.4 (56/58)...
2025-10-25 02:24:48,647 - BlankSpaceAnalyzer - INFO - -> Analyzing version 2.0.0-rc.5 (57/58)...
2025-10-25 02:24:48,754 - BlankSpaceAnalyzer - INFO - -> Analyzing version 3.0.0 (58/58)...
2025-10-25 02:24:48,853 - BlankSpaceAnalyzer - INFO - Exporting results for 'd3-selection' to CSV...
2025-10-25 02:24:48,918 - BlankSpaceAnalyzer - INFO - Reports saved in: /app/npm_results/d3-selection
2025-10-25 02:24:48,918 - NPM_Analyzer - INFO - Cleaning temporary folder 'temp/d3-selection'...
2025-10-25 02:24:48,969 - NPM_Analyzer - INFO - Cleanup completed.
