2025-11-13 16:56:05,544 - NPM_HUT_Analyzer - INFO - Recupero metadata per 'http-parser-js'...
2025-11-13 16:56:05,605 - NPM_HUT_Analyzer - INFO - Trovate 32 versioni. Inizio download in 'temp_hut/http-parser-js'...
2025-11-13 16:56:22,927 - UnicodeAnalyzer - INFO - Analizzando 32 versioni per '*.js' in 'http-parser-js'.
2025-11-13 16:56:22,928 - UnicodeAnalyzer - INFO - -> Analizzando versione 0.0.0 (1/32)...
2025-11-13 16:56:23,035 - UnicodeAnalyzer - INFO - -> Analizzando versione 0.1.0 (2/32)...
2025-11-13 16:56:23,036 - UnicodeAnalyzer - INFO - Filtrati 2 file (es. in /dist, /test).
2025-11-13 16:56:23,137 - UnicodeAnalyzer - INFO - -> Analizzando versione 0.2.0 (3/32)...
2025-11-13 16:56:23,138 - UnicodeAnalyzer - INFO - Filtrati 2 file (es. in /dist, /test).
2025-11-13 16:56:23,238 - UnicodeAnalyzer - INFO - -> Analizzando versione 0.2.1 (4/32)...
2025-11-13 16:56:23,239 - UnicodeAnalyzer - INFO - Filtrati 2 file (es. in /dist, /test).
2025-11-13 16:56:23,339 - UnicodeAnalyzer - INFO - -> Analizzando versione 0.2.2 (5/32)...
2025-11-13 16:56:23,340 - UnicodeAnalyzer - INFO - Filtrati 2 file (es. in /dist, /test).
2025-11-13 16:56:23,440 - UnicodeAnalyzer - INFO - -> Analizzando versione 0.2.3 (6/32)...
2025-11-13 16:56:23,440 - UnicodeAnalyzer - INFO - Filtrati 2 file (es. in /dist, /test).
2025-11-13 16:56:23,540 - UnicodeAnalyzer - INFO - -> Analizzando versione 0.3.0 (7/32)...
2025-11-13 16:56:23,544 - UnicodeAnalyzer - INFO - Filtrati 139 file (es. in /dist, /test).
2025-11-13 16:56:23,545 - UnicodeAnalyzer - INFO - -> Analizzando versione 0.4.0 (8/32)...
2025-11-13 16:56:23,549 - UnicodeAnalyzer - INFO - Filtrati 149 file (es. in /dist, /test).
2025-11-13 16:56:23,549 - UnicodeAnalyzer - INFO - -> Analizzando versione 0.4.1 (9/32)...
2025-11-13 16:56:23,553 - UnicodeAnalyzer - INFO - Filtrati 149 file (es. in /dist, /test).
2025-11-13 16:56:23,553 - UnicodeAnalyzer - INFO - -> Analizzando versione 0.4.10 (10/32)...
2025-11-13 16:56:23,554 - UnicodeAnalyzer - INFO - -> Analizzando versione 0.4.11 (11/32)...
2025-11-13 16:56:23,555 - UnicodeAnalyzer - INFO - -> Analizzando versione 0.4.12 (12/32)...
2025-11-13 16:56:23,556 - UnicodeAnalyzer - INFO - -> Analizzando versione 0.4.13 (13/32)...
2025-11-13 16:56:23,557 - UnicodeAnalyzer - INFO - -> Analizzando versione 0.4.2 (14/32)...
2025-11-13 16:56:23,557 - UnicodeAnalyzer - INFO - -> Analizzando versione 0.4.3 (15/32)...
2025-11-13 16:56:23,558 - UnicodeAnalyzer - INFO - -> Analizzando versione 0.4.4 (16/32)...
2025-11-13 16:56:23,559 - UnicodeAnalyzer - INFO - -> Analizzando versione 0.4.5 (17/32)...
2025-11-13 16:56:23,559 - UnicodeAnalyzer - INFO - -> Analizzando versione 0.4.6 (18/32)...
2025-11-13 16:56:23,560 - UnicodeAnalyzer - INFO - -> Analizzando versione 0.4.7 (19/32)...
2025-11-13 16:56:23,561 - UnicodeAnalyzer - INFO - -> Analizzando versione 0.4.8 (20/32)...
2025-11-13 16:56:23,561 - UnicodeAnalyzer - INFO - -> Analizzando versione 0.4.9 (21/32)...
2025-11-13 16:56:23,562 - UnicodeAnalyzer - INFO - -> Analizzando versione 0.5.0 (22/32)...
2025-11-13 16:56:23,563 - UnicodeAnalyzer - INFO - -> Analizzando versione 0.5.1 (23/32)...
2025-11-13 16:56:23,564 - UnicodeAnalyzer - INFO - -> Analizzando versione 0.5.10 (24/32)...
2025-11-13 16:56:23,565 - UnicodeAnalyzer - INFO - -> Analizzando versione 0.5.2 (25/32)...
2025-11-13 16:56:23,566 - UnicodeAnalyzer - INFO - -> Analizzando versione 0.5.3 (26/32)...
2025-11-13 16:56:23,566 - UnicodeAnalyzer - INFO - -> Analizzando versione 0.5.4 (27/32)...
2025-11-13 16:56:23,567 - UnicodeAnalyzer - INFO - -> Analizzando versione 0.5.5 (28/32)...
2025-11-13 16:56:23,568 - UnicodeAnalyzer - INFO - -> Analizzando versione 0.5.6 (29/32)...
2025-11-13 16:56:23,569 - UnicodeAnalyzer - INFO - -> Analizzando versione 0.5.7 (30/32)...
2025-11-13 16:56:23,570 - UnicodeAnalyzer - INFO - -> Analizzando versione 0.5.8 (31/32)...
2025-11-13 16:56:23,571 - UnicodeAnalyzer - INFO - -> Analizzando versione 0.5.9 (32/32)...
2025-11-13 16:56:23,572 - UnicodeAnalyzer - INFO - Esportando i risultati HUT per 'http-parser-js' in CSV...
2025-11-13 16:56:23,607 - UnicodeAnalyzer - INFO - Report salvati in: /app/npm_hut_results/http-parser-js
2025-11-13 16:56:23,607 - NPM_HUT_Analyzer - INFO - Pulizia cartella temporanea 'temp_hut/http-parser-js'...
2025-11-13 16:56:23,617 - NPM_HUT_Analyzer - INFO - Pulizia completata.
