2025-10-29 04:10:10,220 - NPM_Analyzer - INFO - Fetching metadata for 'turbo'...
2025-10-29 04:10:10,392 - NPM_Analyzer - INFO - Found 618 versions. Starting download into 'temp/turbo'...
2025-10-29 04:17:50,544 - BlankSpaceAnalyzer - INFO - Analyzing 618 versions for '*.js' in 'turbo'.
2025-10-29 04:17:50,544 - BlankSpaceAnalyzer - INFO - -> Analyzing version 0.3.0 (1/618)...
2025-10-29 04:17:50,545 - BlankSpaceAnalyzer - INFO - -> Analyzing version 0.3.10 (2/618)...
2025-10-29 04:17:50,545 - BlankSpaceAnalyzer - INFO - -> Analyzing version 0.3.11 (3/618)...
2025-10-29 04:17:50,546 - BlankSpaceAnalyzer - INFO - -> Analyzing version 0.3.12 (4/618)...
2025-10-29 04:17:50,546 - BlankSpaceAnalyzer - INFO - -> Analyzing version 0.3.13 (5/618)...
2025-10-29 04:17:50,546 - BlankSpaceAnalyzer - INFO - -> Analyzing version 0.3.14 (6/618)...
2025-10-29 04:17:50,546 - BlankSpaceAnalyzer - INFO - -> Analyzing version 0.3.15 (7/618)...
2025-10-29 04:17:50,547 - BlankSpaceAnalyzer - INFO - -> Analyzing version 0.3.17 (8/618)...
2025-10-29 04:17:50,547 - BlankSpaceAnalyzer - INFO - -> Analyzing version 0.3.18 (9/618)...
2025-10-29 04:17:50,547 - BlankSpaceAnalyzer - INFO - -> Analyzing version 0.3.4 (10/618)...
2025-10-29 04:17:50,548 - BlankSpaceAnalyzer - INFO - -> Analyzing version 0.3.5 (11/618)...
2025-10-29 04:17:50,548 - BlankSpaceAnalyzer - INFO - -> Analyzing version 0.3.6 (12/618)...
2025-10-29 04:17:50,549 - BlankSpaceAnalyzer - INFO - -> Analyzing version 0.3.7 (13/618)...
2025-10-29 04:17:50,549 - BlankSpaceAnalyzer - INFO - -> Analyzing version 0.3.8 (14/618)...
2025-10-29 04:17:50,549 - BlankSpaceAnalyzer - INFO - -> Analyzing version 0.3.9 (15/618)...
2025-10-29 04:17:50,550 - BlankSpaceAnalyzer - INFO - -> Analyzing version 0.4.1 (16/618)...
2025-10-29 04:17:50,550 - BlankSpaceAnalyzer - INFO - -> Analyzing version 0.4.10 (17/618)...
2025-10-29 04:17:50,551 - BlankSpaceAnalyzer - INFO - -> Analyzing version 0.4.11 (18/618)...
2025-10-29 04:17:50,551 - BlankSpaceAnalyzer - INFO - -> Analyzing version 0.4.2 (19/618)...
2025-10-29 04:17:50,552 - BlankSpaceAnalyzer - INFO - -> Analyzing version 0.4.3 (20/618)...
2025-10-29 04:17:50,552 - BlankSpaceAnalyzer - INFO - -> Analyzing version 0.4.4 (21/618)...
2025-10-29 04:17:50,553 - BlankSpaceAnalyzer - INFO - -> Analyzing version 0.4.5 (22/618)...
2025-10-29 04:17:50,553 - BlankSpaceAnalyzer - INFO - -> Analyzing version 0.4.6 (23/618)...
2025-10-29 04:17:50,554 - BlankSpaceAnalyzer - INFO - -> Analyzing version 0.4.7 (24/618)...
2025-10-29 04:17:50,554 - BlankSpaceAnalyzer - INFO - -> Analyzing version 0.4.8 (25/618)...
2025-10-29 04:17:50,555 - BlankSpaceAnalyzer - INFO - -> Analyzing version 0.4.9 (26/618)...
2025-10-29 04:17:50,555 - BlankSpaceAnalyzer - INFO - -> Analyzing version 0.5.0 (27/618)...
2025-10-29 04:17:50,556 - BlankSpaceAnalyzer - INFO - -> Analyzing version 0.5.1 (28/618)...
2025-10-29 04:17:50,556 - BlankSpaceAnalyzer - INFO - -> Analyzing version 0.5.10 (29/618)...
2025-10-29 04:17:50,557 - BlankSpaceAnalyzer - INFO - -> Analyzing version 0.5.11 (30/618)...
2025-10-29 04:17:50,557 - BlankSpaceAnalyzer - INFO - -> Analyzing version 0.5.12 (31/618)...
2025-10-29 04:17:50,558 - BlankSpaceAnalyzer - INFO - -> Analyzing version 0.5.2 (32/618)...
2025-10-29 04:17:50,558 - BlankSpaceAnalyzer - INFO - -> Analyzing version 0.5.3 (33/618)...
2025-10-29 04:17:50,559 - BlankSpaceAnalyzer - INFO - -> Analyzing version 0.5.4 (34/618)...
2025-10-29 04:17:50,559 - BlankSpaceAnalyzer - INFO - -> Analyzing version 0.5.5 (35/618)...
2025-10-29 04:17:50,560 - BlankSpaceAnalyzer - INFO - -> Analyzing version 0.5.6 (36/618)...
2025-10-29 04:17:50,560 - BlankSpaceAnalyzer - INFO - -> Analyzing version 0.5.7 (37/618)...
2025-10-29 04:17:50,560 - BlankSpaceAnalyzer - INFO - -> Analyzing version 0.5.8 (38/618)...
2025-10-29 04:17:50,561 - BlankSpaceAnalyzer - INFO - -> Analyzing version 0.5.9 (39/618)...
2025-10-29 04:17:50,561 - BlankSpaceAnalyzer - INFO - -> Analyzing version 0.6.0 (40/618)...
2025-10-29 04:17:50,562 - BlankSpaceAnalyzer - INFO - -> Analyzing version 0.6.1 (41/618)...
2025-10-29 04:17:50,562 - BlankSpaceAnalyzer - INFO - -> Analyzing version 0.6.10 (42/618)...
2025-10-29 04:17:50,562 - BlankSpaceAnalyzer - INFO - -> Analyzing version 0.6.10-next.1 (43/618)...
2025-10-29 04:17:50,563 - BlankSpaceAnalyzer - INFO - -> Analyzing version 0.6.10-next.2 (44/618)...
2025-10-29 04:17:50,563 - BlankSpaceAnalyzer - INFO - -> Analyzing version 0.6.2 (45/618)...
2025-10-29 04:17:50,564 - BlankSpaceAnalyzer - INFO - -> Analyzing version 0.6.3 (46/618)...
2025-10-29 04:17:50,564 - BlankSpaceAnalyzer - INFO - -> Analyzing version 0.6.4 (47/618)...
2025-10-29 04:17:50,564 - BlankSpaceAnalyzer - INFO - -> Analyzing version 0.6.5 (48/618)...
2025-10-29 04:17:50,565 - BlankSpaceAnalyzer - INFO - -> Analyzing version 0.6.6 (49/618)...
2025-10-29 04:17:50,565 - BlankSpaceAnalyzer - INFO - -> Analyzing version 0.6.7 (50/618)...
2025-10-29 04:17:50,565 - BlankSpaceAnalyzer - INFO - -> Analyzing version 0.6.8 (51/618)...
2025-10-29 04:17:50,566 - BlankSpaceAnalyzer - INFO - -> Analyzing version 0.6.9 (52/618)...
2025-10-29 04:17:50,566 - BlankSpaceAnalyzer - INFO - -> Analyzing version 0.7.0 (53/618)...
2025-10-29 04:17:50,567 - BlankSpaceAnalyzer - INFO - -> Analyzing version 0.7.0-next.0 (54/618)...
2025-10-29 04:17:50,567 - BlankSpaceAnalyzer - INFO - -> Analyzing version 0.7.1 (55/618)...
2025-10-29 04:17:50,567 - BlankSpaceAnalyzer - INFO - -> Analyzing version 0.7.2 (56/618)...
2025-10-29 04:17:50,568 - BlankSpaceAnalyzer - INFO - -> Analyzing version 0.7.3 (57/618)...
2025-10-29 04:17:50,568 - BlankSpaceAnalyzer - INFO - -> Analyzing version 0.7.3-next.0 (58/618)...
2025-10-29 04:17:50,568 - BlankSpaceAnalyzer - INFO - -> Analyzing version 0.7.3-next.1 (59/618)...
2025-10-29 04:17:50,569 - BlankSpaceAnalyzer - INFO - -> Analyzing version 0.7.4 (60/618)...
2025-10-29 04:17:50,569 - BlankSpaceAnalyzer - INFO - -> Analyzing version 0.7.5 (61/618)...
2025-10-29 04:17:50,569 - BlankSpaceAnalyzer - INFO - -> Analyzing version 0.7.5-next.1 (62/618)...
2025-10-29 04:17:50,570 - BlankSpaceAnalyzer - INFO - -> Analyzing version 0.7.5-next.3 (63/618)...
2025-10-29 04:17:50,570 - BlankSpaceAnalyzer - INFO - -> Analyzing version 0.8.0 (64/618)...
2025-10-29 04:17:50,570 - BlankSpaceAnalyzer - INFO - -> Analyzing version 0.8.1-next.0 (65/618)...
2025-10-29 04:17:50,571 - BlankSpaceAnalyzer - INFO - -> Analyzing version 0.8.2 (66/618)...
2025-10-29 04:17:50,571 - BlankSpaceAnalyzer - INFO - -> Analyzing version 0.8.3 (67/618)...
2025-10-29 04:17:50,571 - BlankSpaceAnalyzer - INFO - -> Analyzing version 0.8.4 (68/618)...
2025-10-29 04:17:50,572 - BlankSpaceAnalyzer - INFO - -> Analyzing version 0.8.4-next.0 (69/618)...
2025-10-29 04:17:50,572 - BlankSpaceAnalyzer - INFO - -> Analyzing version 0.8.5 (70/618)...
2025-10-29 04:17:50,573 - BlankSpaceAnalyzer - INFO - -> Analyzing version 0.8.5-next.1 (71/618)...
2025-10-29 04:17:50,573 - BlankSpaceAnalyzer - INFO - -> Analyzing version 0.8.5-next.2 (72/618)...
2025-10-29 04:17:50,573 - BlankSpaceAnalyzer - INFO - -> Analyzing version 0.8.5-next.3 (73/618)...
2025-10-29 04:17:50,574 - BlankSpaceAnalyzer - INFO - -> Analyzing version 0.8.5-next.4 (74/618)...
2025-10-29 04:17:50,574 - BlankSpaceAnalyzer - INFO - -> Analyzing version 0.9.0-next.0 (75/618)...
2025-10-29 04:17:50,574 - BlankSpaceAnalyzer - INFO - -> Analyzing version 0.9.0-next.1 (76/618)...
2025-10-29 04:17:50,575 - BlankSpaceAnalyzer - INFO - -> Analyzing version 0.9.0-next.10 (77/618)...
2025-10-29 04:17:50,575 - BlankSpaceAnalyzer - INFO - -> Analyzing version 0.9.0-next.15 (78/618)...
2025-10-29 04:17:50,575 - BlankSpaceAnalyzer - INFO - -> Analyzing version 0.9.0-next.16 (79/618)...
2025-10-29 04:17:50,638 - BlankSpaceAnalyzer - INFO - -> Analyzing version 0.9.0-next.17 (80/618)...
2025-10-29 04:17:50,700 - BlankSpaceAnalyzer - INFO - -> Analyzing version 0.9.0-next.18 (81/618)...
2025-10-29 04:17:50,757 - BlankSpaceAnalyzer - INFO - -> Analyzing version 0.9.0-next.19 (82/618)...
2025-10-29 04:17:50,816 - BlankSpaceAnalyzer - INFO - -> Analyzing version 0.9.0-next.2 (83/618)...
2025-10-29 04:17:50,817 - BlankSpaceAnalyzer - INFO - -> Analyzing version 0.9.0-next.20 (84/618)...
2025-10-29 04:17:50,879 - BlankSpaceAnalyzer - INFO - -> Analyzing version 0.9.0-next.21 (85/618)...
2025-10-29 04:17:50,880 - BlankSpaceAnalyzer - INFO - -> Analyzing version 0.9.0-next.22 (86/618)...
2025-10-29 04:17:50,880 - BlankSpaceAnalyzer - INFO - -> Analyzing version 0.9.0-next.3 (87/618)...
2025-10-29 04:17:50,880 - BlankSpaceAnalyzer - INFO - -> Analyzing version 0.9.0-next.4 (88/618)...
2025-10-29 04:17:50,881 - BlankSpaceAnalyzer - INFO - -> Analyzing version 0.9.0-next.6 (89/618)...
2025-10-29 04:17:50,881 - BlankSpaceAnalyzer - INFO - -> Analyzing version 0.9.0-next.7 (90/618)...
2025-10-29 04:17:50,882 - BlankSpaceAnalyzer - INFO - -> Analyzing version 0.9.0-next.8 (91/618)...
2025-10-29 04:17:50,882 - BlankSpaceAnalyzer - INFO - -> Analyzing version 0.9.0-next.9 (92/618)...
2025-10-29 04:17:50,882 - BlankSpaceAnalyzer - INFO - -> Analyzing version 1.0.0 (93/618)...
2025-10-29 04:17:50,883 - BlankSpaceAnalyzer - INFO - -> Analyzing version 1.0.1 (94/618)...
2025-10-29 04:17:50,883 - BlankSpaceAnalyzer - INFO - -> Analyzing version 1.0.10 (95/618)...
2025-10-29 04:17:50,883 - BlankSpaceAnalyzer - INFO - -> Analyzing version 1.0.11 (96/618)...
2025-10-29 04:17:50,884 - BlankSpaceAnalyzer - INFO - -> Analyzing version 1.0.12 (97/618)...
2025-10-29 04:17:50,884 - BlankSpaceAnalyzer - INFO - -> Analyzing version 1.0.13 (98/618)...
2025-10-29 04:17:50,884 - BlankSpaceAnalyzer - INFO - -> Analyzing version 1.0.14 (99/618)...
2025-10-29 04:17:50,885 - BlankSpaceAnalyzer - INFO - -> Analyzing version 1.0.15 (100/618)...
2025-10-29 04:17:50,885 - BlankSpaceAnalyzer - INFO - -> Analyzing version 1.0.16 (101/618)...
2025-10-29 04:17:50,885 - BlankSpaceAnalyzer - INFO - -> Analyzing version 1.0.17 (102/618)...
2025-10-29 04:17:50,885 - BlankSpaceAnalyzer - INFO - -> Analyzing version 1.0.18 (103/618)...
2025-10-29 04:17:50,886 - BlankSpaceAnalyzer - INFO - -> Analyzing version 1.0.19 (104/618)...
2025-10-29 04:17:50,886 - BlankSpaceAnalyzer - INFO - -> Analyzing version 1.0.2 (105/618)...
2025-10-29 04:17:50,886 - BlankSpaceAnalyzer - INFO - -> Analyzing version 1.0.20 (106/618)...
2025-10-29 04:17:50,949 - BlankSpaceAnalyzer - INFO - -> Analyzing version 1.0.20-canary.0 (107/618)...
2025-10-29 04:17:50,950 - BlankSpaceAnalyzer - INFO - -> Analyzing version 1.0.20-canary.1 (108/618)...
2025-10-29 04:17:50,950 - BlankSpaceAnalyzer - INFO - -> Analyzing version 1.0.20-canary.2 (109/618)...
2025-10-29 04:17:51,013 - BlankSpaceAnalyzer - INFO - -> Analyzing version 1.0.21 (110/618)...
2025-10-29 04:17:51,077 - BlankSpaceAnalyzer - INFO - -> Analyzing version 1.0.21-canary.0 (111/618)...
2025-10-29 04:17:51,140 - BlankSpaceAnalyzer - INFO - -> Analyzing version 1.0.21-canary.1 (112/618)...
2025-10-29 04:17:51,202 - BlankSpaceAnalyzer - INFO - -> Analyzing version 1.0.21-canary.2 (113/618)...
2025-10-29 04:17:51,259 - BlankSpaceAnalyzer - INFO - -> Analyzing version 1.0.22 (114/618)...
2025-10-29 04:17:51,319 - BlankSpaceAnalyzer - INFO - -> Analyzing version 1.0.23 (115/618)...
2025-10-29 04:17:51,382 - BlankSpaceAnalyzer - INFO - -> Analyzing version 1.0.24 (116/618)...
2025-10-29 04:17:51,444 - BlankSpaceAnalyzer - INFO - -> Analyzing version 1.0.24-canary.0 (117/618)...
2025-10-29 04:17:51,506 - BlankSpaceAnalyzer - INFO - -> Analyzing version 1.0.24-canary.1 (118/618)...
2025-10-29 04:17:51,564 - BlankSpaceAnalyzer - INFO - -> Analyzing version 1.0.24-canary.2 (119/618)...
2025-10-29 04:17:51,621 - BlankSpaceAnalyzer - INFO - -> Analyzing version 1.0.25 (120/618)...
2025-10-29 04:17:51,678 - BlankSpaceAnalyzer - INFO - -> Analyzing version 1.0.25-canary.0 (121/618)...
2025-10-29 04:17:51,740 - BlankSpaceAnalyzer - INFO - -> Analyzing version 1.0.25-canary.1 (122/618)...
2025-10-29 04:17:51,802 - BlankSpaceAnalyzer - INFO - -> Analyzing version 1.0.26 (123/618)...
2025-10-29 04:17:51,860 - BlankSpaceAnalyzer - INFO - -> Analyzing version 1.0.27 (124/618)...
2025-10-29 04:17:51,920 - BlankSpaceAnalyzer - INFO - -> Analyzing version 1.0.28 (125/618)...
2025-10-29 04:17:51,983 - BlankSpaceAnalyzer - INFO - -> Analyzing version 1.0.29 (126/618)...
2025-10-29 04:17:52,041 - BlankSpaceAnalyzer - INFO - -> Analyzing version 1.0.3 (127/618)...
2025-10-29 04:17:52,041 - BlankSpaceAnalyzer - INFO - -> Analyzing version 1.0.4 (128/618)...
2025-10-29 04:17:52,042 - BlankSpaceAnalyzer - INFO - -> Analyzing version 1.0.5 (129/618)...
2025-10-29 04:17:52,042 - BlankSpaceAnalyzer - INFO - -> Analyzing version 1.0.6 (130/618)...
2025-10-29 04:17:52,043 - BlankSpaceAnalyzer - INFO - -> Analyzing version 1.0.7 (131/618)...
2025-10-29 04:17:52,043 - BlankSpaceAnalyzer - INFO - -> Analyzing version 1.0.8 (132/618)...
2025-10-29 04:17:52,044 - BlankSpaceAnalyzer - INFO - -> Analyzing version 1.0.9 (133/618)...
2025-10-29 04:17:52,044 - BlankSpaceAnalyzer - INFO - -> Analyzing version 1.1.0 (134/618)...
2025-10-29 04:17:52,102 - BlankSpaceAnalyzer - INFO - -> Analyzing version 1.1.0-canary.0 (135/618)...
2025-10-29 04:17:52,165 - BlankSpaceAnalyzer - INFO - -> Analyzing version 1.1.0-canary.1 (136/618)...
2025-10-29 04:17:52,228 - BlankSpaceAnalyzer - INFO - -> Analyzing version 1.1.0-canary.2 (137/618)...
2025-10-29 04:17:52,290 - BlankSpaceAnalyzer - INFO - -> Analyzing version 1.1.0-canary.3 (138/618)...
2025-10-29 04:17:52,352 - BlankSpaceAnalyzer - INFO - -> Analyzing version 1.1.1 (139/618)...
2025-10-29 04:17:52,413 - BlankSpaceAnalyzer - INFO - -> Analyzing version 1.1.10 (140/618)...
2025-10-29 04:17:52,470 - BlankSpaceAnalyzer - INFO - -> Analyzing version 1.1.10-canary.0 (141/618)...
2025-10-29 04:17:52,533 - BlankSpaceAnalyzer - INFO - -> Analyzing version 1.1.2 (142/618)...
2025-10-29 04:17:52,597 - BlankSpaceAnalyzer - INFO - -> Analyzing version 1.1.3 (143/618)...
2025-10-29 04:17:52,659 - BlankSpaceAnalyzer - INFO - -> Analyzing version 1.1.3-canary.0 (144/618)...
2025-10-29 04:17:52,723 - BlankSpaceAnalyzer - INFO - -> Analyzing version 1.1.3-canary.1 (145/618)...
2025-10-29 04:17:52,786 - BlankSpaceAnalyzer - INFO - -> Analyzing version 1.1.3-canary.2 (146/618)...
2025-10-29 04:17:52,849 - BlankSpaceAnalyzer - INFO - -> Analyzing version 1.1.4 (147/618)...
2025-10-29 04:17:52,909 - BlankSpaceAnalyzer - INFO - -> Analyzing version 1.1.4-canary.0 (148/618)...
2025-10-29 04:17:52,966 - BlankSpaceAnalyzer - INFO - -> Analyzing version 1.1.4-canary.1 (149/618)...
2025-10-29 04:17:53,029 - BlankSpaceAnalyzer - INFO - -> Analyzing version 1.1.4-canary.2 (150/618)...
2025-10-29 04:17:53,091 - BlankSpaceAnalyzer - INFO - -> Analyzing version 1.1.5 (151/618)...
2025-10-29 04:17:53,148 - BlankSpaceAnalyzer - INFO - -> Analyzing version 1.1.5-canary.0 (152/618)...
2025-10-29 04:17:53,207 - BlankSpaceAnalyzer - INFO - -> Analyzing version 1.1.5-canary.1 (153/618)...
2025-10-29 04:17:53,270 - BlankSpaceAnalyzer - INFO - -> Analyzing version 1.1.6 (154/618)...
2025-10-29 04:17:53,332 - BlankSpaceAnalyzer - INFO - -> Analyzing version 1.1.7 (155/618)...
2025-10-29 04:17:53,395 - BlankSpaceAnalyzer - INFO - -> Analyzing version 1.1.7-canary.0 (156/618)...
2025-10-29 04:17:53,453 - BlankSpaceAnalyzer - INFO - -> Analyzing version 1.1.7-canary.1 (157/618)...
2025-10-29 04:17:53,512 - BlankSpaceAnalyzer - INFO - -> Analyzing version 1.1.7-canary.2 (158/618)...
2025-10-29 04:17:53,575 - BlankSpaceAnalyzer - INFO - -> Analyzing version 1.1.7-canary.3 (159/618)...
2025-10-29 04:17:53,637 - BlankSpaceAnalyzer - INFO - -> Analyzing version 1.1.7-canary.5 (160/618)...
2025-10-29 04:17:53,699 - BlankSpaceAnalyzer - INFO - -> Analyzing version 1.1.8 (161/618)...
2025-10-29 04:17:53,756 - BlankSpaceAnalyzer - INFO - -> Analyzing version 1.1.9 (162/618)...
2025-10-29 04:17:53,816 - BlankSpaceAnalyzer - INFO - -> Analyzing version 1.10.0 (163/618)...
2025-10-29 04:17:53,878 - BlankSpaceAnalyzer - INFO - -> Analyzing version 1.10.0-canary.0 (164/618)...
2025-10-29 04:17:53,940 - BlankSpaceAnalyzer - INFO - -> Analyzing version 1.10.1 (165/618)...
2025-10-29 04:17:54,002 - BlankSpaceAnalyzer - INFO - -> Analyzing version 1.10.1-canary.0 (166/618)...
2025-10-29 04:17:54,060 - BlankSpaceAnalyzer - INFO - -> Analyzing version 1.10.1-canary.1 (167/618)...
2025-10-29 04:17:54,119 - BlankSpaceAnalyzer - INFO - -> Analyzing version 1.10.10 (168/618)...
2025-10-29 04:17:54,182 - BlankSpaceAnalyzer - INFO - -> Analyzing version 1.10.10-canary.0 (169/618)...
2025-10-29 04:17:54,245 - BlankSpaceAnalyzer - INFO - -> Analyzing version 1.10.11 (170/618)...
2025-10-29 04:17:54,307 - BlankSpaceAnalyzer - INFO - -> Analyzing version 1.10.12 (171/618)...
2025-10-29 04:17:54,364 - BlankSpaceAnalyzer - INFO - -> Analyzing version 1.10.13 (172/618)...
2025-10-29 04:17:54,364 - BlankSpaceAnalyzer - INFO - -> Analyzing version 1.10.13-canary.0 (173/618)...
2025-10-29 04:17:54,425 - BlankSpaceAnalyzer - INFO - -> Analyzing version 1.10.13-canary.1 (174/618)...
2025-10-29 04:17:54,425 - BlankSpaceAnalyzer - INFO - -> Analyzing version 1.10.13-canary.2 (175/618)...
2025-10-29 04:17:54,426 - BlankSpaceAnalyzer - INFO - -> Analyzing version 1.10.14 (176/618)...
2025-10-29 04:17:54,426 - BlankSpaceAnalyzer - INFO - -> Analyzing version 1.10.14-canary.0 (177/618)...
2025-10-29 04:17:54,426 - BlankSpaceAnalyzer - INFO - -> Analyzing version 1.10.14-canary.1 (178/618)...
2025-10-29 04:17:54,426 - BlankSpaceAnalyzer - INFO - -> Analyzing version 1.10.14-canary.2 (179/618)...
2025-10-29 04:17:54,427 - BlankSpaceAnalyzer - INFO - -> Analyzing version 1.10.15 (180/618)...
2025-10-29 04:17:54,427 - BlankSpaceAnalyzer - INFO - -> Analyzing version 1.10.15-canary.0 (181/618)...
2025-10-29 04:17:54,427 - BlankSpaceAnalyzer - INFO - -> Analyzing version 1.10.15-canary.1 (182/618)...
2025-10-29 04:17:54,427 - BlankSpaceAnalyzer - INFO - -> Analyzing version 1.10.15-canary.2 (183/618)...
2025-10-29 04:17:54,427 - BlankSpaceAnalyzer - INFO - -> Analyzing version 1.10.15-canary.3 (184/618)...
2025-10-29 04:17:54,428 - BlankSpaceAnalyzer - INFO - -> Analyzing version 1.10.16 (185/618)...
2025-10-29 04:17:54,428 - BlankSpaceAnalyzer - INFO - -> Analyzing version 1.10.16-canary.0 (186/618)...
2025-10-29 04:17:54,428 - BlankSpaceAnalyzer - INFO - -> Analyzing version 1.10.16-canary.1 (187/618)...
2025-10-29 04:17:54,428 - BlankSpaceAnalyzer - INFO - -> Analyzing version 1.10.17-canary.0 (188/618)...
2025-10-29 04:17:54,428 - BlankSpaceAnalyzer - INFO - -> Analyzing version 1.10.17-canary.1 (189/618)...
2025-10-29 04:17:54,428 - BlankSpaceAnalyzer - INFO - -> Analyzing version 1.10.17-canary.10 (190/618)...
2025-10-29 04:17:54,429 - BlankSpaceAnalyzer - INFO - -> Analyzing version 1.10.17-canary.2 (191/618)...
2025-10-29 04:17:54,429 - BlankSpaceAnalyzer - INFO - -> Analyzing version 1.10.17-canary.3 (192/618)...
2025-10-29 04:17:54,429 - BlankSpaceAnalyzer - INFO - -> Analyzing version 1.10.17-canary.4 (193/618)...
2025-10-29 04:17:54,429 - BlankSpaceAnalyzer - INFO - -> Analyzing version 1.10.17-canary.5 (194/618)...
2025-10-29 04:17:54,429 - BlankSpaceAnalyzer - INFO - -> Analyzing version 1.10.17-canary.6 (195/618)...
2025-10-29 04:17:54,429 - BlankSpaceAnalyzer - INFO - -> Analyzing version 1.10.17-canary.7 (196/618)...
2025-10-29 04:17:54,430 - BlankSpaceAnalyzer - INFO - -> Analyzing version 1.10.17-canary.8 (197/618)...
2025-10-29 04:17:54,430 - BlankSpaceAnalyzer - INFO - -> Analyzing version 1.10.17-canary.9 (198/618)...
2025-10-29 04:17:54,430 - BlankSpaceAnalyzer - INFO - -> Analyzing version 1.10.2 (199/618)...
2025-10-29 04:17:54,493 - BlankSpaceAnalyzer - INFO - -> Analyzing version 1.10.2-canary.0 (200/618)...
2025-10-29 04:17:54,556 - BlankSpaceAnalyzer - INFO - -> Analyzing version 1.10.2-canary.1 (201/618)...
2025-10-29 04:17:54,616 - BlankSpaceAnalyzer - INFO - -> Analyzing version 1.10.2-canary.2 (202/618)...
2025-10-29 04:17:54,673 - BlankSpaceAnalyzer - INFO - -> Analyzing version 1.10.2-canary.3 (203/618)...
2025-10-29 04:17:54,735 - BlankSpaceAnalyzer - INFO - -> Analyzing version 1.10.3 (204/618)...
2025-10-29 04:17:54,798 - BlankSpaceAnalyzer - INFO - -> Analyzing version 1.10.3-canary.0 (205/618)...
2025-10-29 04:17:54,856 - BlankSpaceAnalyzer - INFO - -> Analyzing version 1.10.4 (206/618)...
2025-10-29 04:17:54,915 - BlankSpaceAnalyzer - INFO - -> Analyzing version 1.10.4-canary.0 (207/618)...
2025-10-29 04:17:54,978 - BlankSpaceAnalyzer - INFO - -> Analyzing version 1.10.4-canary.1 (208/618)...
2025-10-29 04:17:55,035 - BlankSpaceAnalyzer - INFO - -> Analyzing version 1.10.4-canary.2 (209/618)...
2025-10-29 04:17:55,092 - BlankSpaceAnalyzer - INFO - -> Analyzing version 1.10.4-canary.3 (210/618)...
2025-10-29 04:17:55,155 - BlankSpaceAnalyzer - INFO - -> Analyzing version 1.10.4-canary.4 (211/618)...
2025-10-29 04:17:55,218 - BlankSpaceAnalyzer - INFO - -> Analyzing version 1.10.5 (212/618)...
2025-10-29 04:17:55,282 - BlankSpaceAnalyzer - INFO - -> Analyzing version 1.10.6 (213/618)...
2025-10-29 04:17:55,345 - BlankSpaceAnalyzer - INFO - -> Analyzing version 1.10.7 (214/618)...
2025-10-29 04:17:55,406 - BlankSpaceAnalyzer - INFO - -> Analyzing version 1.10.7-canary.0 (215/618)...
2025-10-29 04:17:55,463 - BlankSpaceAnalyzer - INFO - -> Analyzing version 1.10.7-canary.1 (216/618)...
2025-10-29 04:17:55,521 - BlankSpaceAnalyzer - INFO - -> Analyzing version 1.10.8 (217/618)...
2025-10-29 04:17:55,579 - BlankSpaceAnalyzer - INFO - -> Analyzing version 1.10.8-canary.0 (218/618)...
2025-10-29 04:17:55,646 - BlankSpaceAnalyzer - INFO - -> Analyzing version 1.10.8-canary.1 (219/618)...
2025-10-29 04:17:55,707 - BlankSpaceAnalyzer - INFO - -> Analyzing version 1.10.8-canary.2 (220/618)...
2025-10-29 04:17:55,765 - BlankSpaceAnalyzer - INFO - -> Analyzing version 1.10.9 (221/618)...
2025-10-29 04:17:55,823 - BlankSpaceAnalyzer - INFO - -> Analyzing version 1.10.9-canary.0 (222/618)...
2025-10-29 04:17:55,880 - BlankSpaceAnalyzer - INFO - -> Analyzing version 1.11.0 (223/618)...
2025-10-29 04:17:55,880 - BlankSpaceAnalyzer - INFO - -> Analyzing version 1.11.1 (224/618)...
2025-10-29 04:17:55,881 - BlankSpaceAnalyzer - INFO - -> Analyzing version 1.11.1-canary.0 (225/618)...
2025-10-29 04:17:55,881 - BlankSpaceAnalyzer - INFO - -> Analyzing version 1.11.2 (226/618)...
2025-10-29 04:17:55,881 - BlankSpaceAnalyzer - INFO - -> Analyzing version 1.11.2-canary.0 (227/618)...
2025-10-29 04:17:55,881 - BlankSpaceAnalyzer - INFO - -> Analyzing version 1.11.3 (228/618)...
2025-10-29 04:17:55,882 - BlankSpaceAnalyzer - INFO - -> Analyzing version 1.11.3-canary.0 (229/618)...
2025-10-29 04:17:55,882 - BlankSpaceAnalyzer - INFO - -> Analyzing version 1.11.3-canary.1 (230/618)...
2025-10-29 04:17:55,882 - BlankSpaceAnalyzer - INFO - -> Analyzing version 1.11.3-canary.2 (231/618)...
2025-10-29 04:17:55,882 - BlankSpaceAnalyzer - INFO - -> Analyzing version 1.11.4-canary.0 (232/618)...
2025-10-29 04:17:55,882 - BlankSpaceAnalyzer - INFO - -> Analyzing version 1.11.4-canary.1 (233/618)...
2025-10-29 04:17:55,882 - BlankSpaceAnalyzer - INFO - -> Analyzing version 1.11.4-canary.2 (234/618)...
2025-10-29 04:17:55,882 - BlankSpaceAnalyzer - INFO - -> Analyzing version 1.11.4-canary.3 (235/618)...
2025-10-29 04:17:55,883 - BlankSpaceAnalyzer - INFO - -> Analyzing version 1.11.4-canary.4 (236/618)...
2025-10-29 04:17:55,883 - BlankSpaceAnalyzer - INFO - -> Analyzing version 1.12.0 (237/618)...
2025-10-29 04:17:55,883 - BlankSpaceAnalyzer - INFO - -> Analyzing version 1.12.1 (238/618)...
2025-10-29 04:17:55,883 - BlankSpaceAnalyzer - INFO - -> Analyzing version 1.12.2 (239/618)...
2025-10-29 04:17:55,883 - BlankSpaceAnalyzer - INFO - -> Analyzing version 1.12.3 (240/618)...
2025-10-29 04:17:55,883 - BlankSpaceAnalyzer - INFO - -> Analyzing version 1.12.3-canary.0 (241/618)...
2025-10-29 04:17:55,884 - BlankSpaceAnalyzer - INFO - -> Analyzing version 1.12.4 (242/618)...
2025-10-29 04:17:55,884 - BlankSpaceAnalyzer - INFO - -> Analyzing version 1.12.4-canary.0 (243/618)...
2025-10-29 04:17:55,884 - BlankSpaceAnalyzer - INFO - -> Analyzing version 1.12.4-canary.1 (244/618)...
2025-10-29 04:17:55,884 - BlankSpaceAnalyzer - INFO - -> Analyzing version 1.12.5 (245/618)...
2025-10-29 04:17:55,884 - BlankSpaceAnalyzer - INFO - -> Analyzing version 1.12.5-canary.0 (246/618)...
2025-10-29 04:17:55,884 - BlankSpaceAnalyzer - INFO - -> Analyzing version 1.12.5-canary.1 (247/618)...
2025-10-29 04:17:55,884 - BlankSpaceAnalyzer - INFO - -> Analyzing version 1.12.5-canary.2 (248/618)...
2025-10-29 04:17:55,885 - BlankSpaceAnalyzer - INFO - -> Analyzing version 1.13.0 (249/618)...
2025-10-29 04:17:55,885 - BlankSpaceAnalyzer - INFO - -> Analyzing version 1.13.0-canary.0 (250/618)...
2025-10-29 04:17:55,885 - BlankSpaceAnalyzer - INFO - -> Analyzing version 1.13.0-canary.1 (251/618)...
2025-10-29 04:17:55,885 - BlankSpaceAnalyzer - INFO - -> Analyzing version 1.13.0-canary.3 (252/618)...
2025-10-29 04:17:55,885 - BlankSpaceAnalyzer - INFO - -> Analyzing version 1.13.0-canary.4 (253/618)...
2025-10-29 04:17:55,885 - BlankSpaceAnalyzer - INFO - -> Analyzing version 1.13.1 (254/618)...
2025-10-29 04:17:55,885 - BlankSpaceAnalyzer - INFO - -> Analyzing version 1.13.1-canary.0 (255/618)...
2025-10-29 04:17:55,886 - BlankSpaceAnalyzer - INFO - -> Analyzing version 1.13.1-canary.1 (256/618)...
2025-10-29 04:17:55,886 - BlankSpaceAnalyzer - INFO - -> Analyzing version 1.13.1-canary.2 (257/618)...
2025-10-29 04:17:55,886 - BlankSpaceAnalyzer - INFO - -> Analyzing version 1.13.1-canary.3 (258/618)...
2025-10-29 04:17:55,886 - BlankSpaceAnalyzer - INFO - -> Analyzing version 1.13.2 (259/618)...
2025-10-29 04:17:55,886 - BlankSpaceAnalyzer - INFO - -> Analyzing version 1.13.3 (260/618)...
2025-10-29 04:17:55,886 - BlankSpaceAnalyzer - INFO - -> Analyzing version 1.13.3-canary.0 (261/618)...
2025-10-29 04:17:55,886 - BlankSpaceAnalyzer - INFO - -> Analyzing version 1.13.3-canary.1 (262/618)...
2025-10-29 04:17:55,887 - BlankSpaceAnalyzer - INFO - -> Analyzing version 1.13.3-canary.2 (263/618)...
2025-10-29 04:17:55,887 - BlankSpaceAnalyzer - INFO - -> Analyzing version 1.13.3-canary.3 (264/618)...
2025-10-29 04:17:55,887 - BlankSpaceAnalyzer - INFO - -> Analyzing version 1.13.3-canary.4 (265/618)...
2025-10-29 04:17:55,887 - BlankSpaceAnalyzer - INFO - -> Analyzing version 1.13.4 (266/618)...
2025-10-29 04:17:55,887 - BlankSpaceAnalyzer - INFO - -> Analyzing version 1.13.4-canary.0 (267/618)...
2025-10-29 04:17:55,887 - BlankSpaceAnalyzer - INFO - -> Analyzing version 1.13.4-canary.1 (268/618)...
2025-10-29 04:17:55,887 - BlankSpaceAnalyzer - INFO - -> Analyzing version 1.13.4-canary.2 (269/618)...
2025-10-29 04:17:55,888 - BlankSpaceAnalyzer - INFO - -> Analyzing version 1.13.4-canary.3 (270/618)...
2025-10-29 04:17:55,888 - BlankSpaceAnalyzer - INFO - -> Analyzing version 1.13.4-canary.4 (271/618)...
2025-10-29 04:17:55,888 - BlankSpaceAnalyzer - INFO - -> Analyzing version 1.13.4-canary.5 (272/618)...
2025-10-29 04:17:55,888 - BlankSpaceAnalyzer - INFO - -> Analyzing version 1.2.0 (273/618)...
2025-10-29 04:17:55,953 - BlankSpaceAnalyzer - INFO - -> Analyzing version 1.2.0-canary.0 (274/618)...
2025-10-29 04:17:56,016 - BlankSpaceAnalyzer - INFO - -> Analyzing version 1.2.0-canary.1 (275/618)...
2025-10-29 04:17:56,080 - BlankSpaceAnalyzer - INFO - -> Analyzing version 1.2.0-canary.2 (276/618)...
2025-10-29 04:17:56,142 - BlankSpaceAnalyzer - INFO - -> Analyzing version 1.2.0-canary.3 (277/618)...
2025-10-29 04:17:56,204 - BlankSpaceAnalyzer - INFO - -> Analyzing version 1.2.0-canary.4 (278/618)...
2025-10-29 04:17:56,260 - BlankSpaceAnalyzer - INFO - -> Analyzing version 1.2.0-canary.5 (279/618)...
2025-10-29 04:17:56,321 - BlankSpaceAnalyzer - INFO - -> Analyzing version 1.2.0-canary.6 (280/618)...
2025-10-29 04:17:56,380 - BlankSpaceAnalyzer - INFO - -> Analyzing version 1.2.0-canary.7 (281/618)...
2025-10-29 04:17:56,441 - BlankSpaceAnalyzer - INFO - -> Analyzing version 1.2.1 (282/618)...
2025-10-29 04:17:56,504 - BlankSpaceAnalyzer - INFO - -> Analyzing version 1.2.10 (283/618)...
2025-10-29 04:17:56,566 - BlankSpaceAnalyzer - INFO - -> Analyzing version 1.2.10-canary.0 (284/618)...
2025-10-29 04:17:56,630 - BlankSpaceAnalyzer - INFO - -> Analyzing version 1.2.11 (285/618)...
2025-10-29 04:17:56,692 - BlankSpaceAnalyzer - INFO - -> Analyzing version 1.2.12 (286/618)...
2025-10-29 04:17:56,755 - BlankSpaceAnalyzer - INFO - -> Analyzing version 1.2.13 (287/618)...
2025-10-29 04:17:56,818 - BlankSpaceAnalyzer - INFO - -> Analyzing version 1.2.14 (288/618)...
2025-10-29 04:17:56,881 - BlankSpaceAnalyzer - INFO - -> Analyzing version 1.2.15 (289/618)...
2025-10-29 04:17:56,943 - BlankSpaceAnalyzer - INFO - -> Analyzing version 1.2.16 (290/618)...
2025-10-29 04:17:57,005 - BlankSpaceAnalyzer - INFO - -> Analyzing version 1.2.17-canary.0 (291/618)...
2025-10-29 04:17:57,062 - BlankSpaceAnalyzer - INFO - -> Analyzing version 1.2.17-canary.1 (292/618)...
2025-10-29 04:17:57,122 - BlankSpaceAnalyzer - INFO - -> Analyzing version 1.2.2 (293/618)...
2025-10-29 04:17:57,185 - BlankSpaceAnalyzer - INFO - -> Analyzing version 1.2.2-canary.0 (294/618)...
2025-10-29 04:17:57,244 - BlankSpaceAnalyzer - INFO - -> Analyzing version 1.2.3 (295/618)...
2025-10-29 04:17:57,301 - BlankSpaceAnalyzer - INFO - -> Analyzing version 1.2.3-canary.0 (296/618)...
2025-10-29 04:17:57,359 - BlankSpaceAnalyzer - INFO - -> Analyzing version 1.2.4 (297/618)...
2025-10-29 04:17:57,420 - BlankSpaceAnalyzer - INFO - -> Analyzing version 1.2.5 (298/618)...
2025-10-29 04:17:57,483 - BlankSpaceAnalyzer - INFO - -> Analyzing version 1.2.5-canary.0 (299/618)...
2025-10-29 04:17:57,541 - BlankSpaceAnalyzer - INFO - -> Analyzing version 1.2.5-canary.1 (300/618)...
2025-10-29 04:17:57,598 - BlankSpaceAnalyzer - INFO - -> Analyzing version 1.2.6 (301/618)...
2025-10-29 04:17:57,655 - BlankSpaceAnalyzer - INFO - -> Analyzing version 1.2.6-canary.0 (302/618)...
2025-10-29 04:17:57,714 - BlankSpaceAnalyzer - INFO - -> Analyzing version 1.2.6-canary.1 (303/618)...
2025-10-29 04:17:57,777 - BlankSpaceAnalyzer - INFO - -> Analyzing version 1.2.7 (304/618)...
2025-10-29 04:17:57,839 - BlankSpaceAnalyzer - INFO - -> Analyzing version 1.2.7-canary.0 (305/618)...
2025-10-29 04:17:57,901 - BlankSpaceAnalyzer - INFO - -> Analyzing version 1.2.7-canary.1 (306/618)...
2025-10-29 04:17:57,957 - BlankSpaceAnalyzer - INFO - -> Analyzing version 1.2.7-canary.2 (307/618)...
2025-10-29 04:17:58,017 - BlankSpaceAnalyzer - INFO - -> Analyzing version 1.2.8 (308/618)...
2025-10-29 04:17:58,080 - BlankSpaceAnalyzer - INFO - -> Analyzing version 1.2.9 (309/618)...
2025-10-29 04:17:58,143 - BlankSpaceAnalyzer - INFO - -> Analyzing version 1.2.9-canary.0 (310/618)...
2025-10-29 04:17:58,205 - BlankSpaceAnalyzer - INFO - -> Analyzing version 1.2.9-canary.1 (311/618)...
2025-10-29 04:17:58,262 - BlankSpaceAnalyzer - INFO - -> Analyzing version 1.3.0 (312/618)...
2025-10-29 04:17:58,323 - BlankSpaceAnalyzer - INFO - -> Analyzing version 1.3.0-canary.0 (313/618)...
2025-10-29 04:17:58,385 - BlankSpaceAnalyzer - INFO - -> Analyzing version 1.3.1 (314/618)...
2025-10-29 04:17:58,443 - BlankSpaceAnalyzer - INFO - -> Analyzing version 1.3.2 (315/618)...
2025-10-29 04:17:58,501 - BlankSpaceAnalyzer - INFO - -> Analyzing version 1.3.2-canary.0 (316/618)...
2025-10-29 04:17:58,565 - BlankSpaceAnalyzer - INFO - -> Analyzing version 1.3.2-canary.1 (317/618)...
2025-10-29 04:17:58,628 - BlankSpaceAnalyzer - INFO - -> Analyzing version 1.3.2-canary.2 (318/618)...
2025-10-29 04:17:58,690 - BlankSpaceAnalyzer - INFO - -> Analyzing version 1.3.2-canary.3 (319/618)...
2025-10-29 04:17:58,753 - BlankSpaceAnalyzer - INFO - -> Analyzing version 1.3.2-canary.4 (320/618)...
2025-10-29 04:17:58,816 - BlankSpaceAnalyzer - INFO - -> Analyzing version 1.3.3 (321/618)...
2025-10-29 04:17:58,880 - BlankSpaceAnalyzer - INFO - -> Analyzing version 1.3.4 (322/618)...
2025-10-29 04:17:58,944 - BlankSpaceAnalyzer - INFO - -> Analyzing version 1.3.5-canary.0 (323/618)...
2025-10-29 04:17:59,006 - BlankSpaceAnalyzer - INFO - -> Analyzing version 1.4.0 (324/618)...
2025-10-29 04:17:59,063 - BlankSpaceAnalyzer - INFO - -> Analyzing version 1.4.1 (325/618)...
2025-10-29 04:17:59,124 - BlankSpaceAnalyzer - INFO - -> Analyzing version 1.4.1-canary.0 (326/618)...
2025-10-29 04:17:59,188 - BlankSpaceAnalyzer - INFO - -> Analyzing version 1.4.1-canary.1 (327/618)...
2025-10-29 04:17:59,245 - BlankSpaceAnalyzer - INFO - -> Analyzing version 1.4.2 (328/618)...
2025-10-29 04:17:59,307 - BlankSpaceAnalyzer - INFO - -> Analyzing version 1.4.3 (329/618)...
2025-10-29 04:17:59,368 - BlankSpaceAnalyzer - INFO - -> Analyzing version 1.4.3-canary.0 (330/618)...
2025-10-29 04:17:59,431 - BlankSpaceAnalyzer - INFO - -> Analyzing version 1.4.4 (331/618)...
2025-10-29 04:17:59,494 - BlankSpaceAnalyzer - INFO - -> Analyzing version 1.4.4-canary.0 (332/618)...
2025-10-29 04:17:59,552 - BlankSpaceAnalyzer - INFO - -> Analyzing version 1.4.4-canary.1 (333/618)...
2025-10-29 04:17:59,611 - BlankSpaceAnalyzer - INFO - -> Analyzing version 1.4.4-canary.2 (334/618)...
2025-10-29 04:17:59,673 - BlankSpaceAnalyzer - INFO - -> Analyzing version 1.4.4-canary.3 (335/618)...
2025-10-29 04:17:59,736 - BlankSpaceAnalyzer - INFO - -> Analyzing version 1.4.4-canary.4 (336/618)...
2025-10-29 04:17:59,798 - BlankSpaceAnalyzer - INFO - -> Analyzing version 1.4.5 (337/618)...
2025-10-29 04:17:59,855 - BlankSpaceAnalyzer - INFO - -> Analyzing version 1.4.6 (338/618)...
2025-10-29 04:17:59,914 - BlankSpaceAnalyzer - INFO - -> Analyzing version 1.4.7 (339/618)...
2025-10-29 04:17:59,977 - BlankSpaceAnalyzer - INFO - -> Analyzing version 1.4.7-canary.0 (340/618)...
2025-10-29 04:18:00,041 - BlankSpaceAnalyzer - INFO - -> Analyzing version 1.4.7-canary.1 (341/618)...
2025-10-29 04:18:00,103 - BlankSpaceAnalyzer - INFO - -> Analyzing version 1.5.0 (342/618)...
2025-10-29 04:18:00,161 - BlankSpaceAnalyzer - INFO - -> Analyzing version 1.5.1 (343/618)...
2025-10-29 04:18:00,221 - BlankSpaceAnalyzer - INFO - -> Analyzing version 1.5.2 (344/618)...
2025-10-29 04:18:00,283 - BlankSpaceAnalyzer - INFO - -> Analyzing version 1.5.3 (345/618)...
2025-10-29 04:18:00,345 - BlankSpaceAnalyzer - INFO - -> Analyzing version 1.5.4 (346/618)...
2025-10-29 04:18:00,406 - BlankSpaceAnalyzer - INFO - -> Analyzing version 1.5.4-canary.0 (347/618)...
2025-10-29 04:18:00,463 - BlankSpaceAnalyzer - INFO - -> Analyzing version 1.5.5 (348/618)...
2025-10-29 04:18:00,523 - BlankSpaceAnalyzer - INFO - -> Analyzing version 1.5.6 (349/618)...
2025-10-29 04:18:00,585 - BlankSpaceAnalyzer - INFO - -> Analyzing version 1.5.6-canary.0 (350/618)...
2025-10-29 04:18:00,648 - BlankSpaceAnalyzer - INFO - -> Analyzing version 1.5.6-canary.1 (351/618)...
2025-10-29 04:18:00,710 - BlankSpaceAnalyzer - INFO - -> Analyzing version 1.5.6-canary.2 (352/618)...
2025-10-29 04:18:00,773 - BlankSpaceAnalyzer - INFO - -> Analyzing version 1.5.6-canary.3 (353/618)...
2025-10-29 04:18:00,835 - BlankSpaceAnalyzer - INFO - -> Analyzing version 1.5.6-canary.4 (354/618)...
2025-10-29 04:18:00,898 - BlankSpaceAnalyzer - INFO - -> Analyzing version 1.5.7-canary.0 (355/618)...
2025-10-29 04:18:00,955 - BlankSpaceAnalyzer - INFO - -> Analyzing version 1.6.0 (356/618)...
2025-10-29 04:18:01,016 - BlankSpaceAnalyzer - INFO - -> Analyzing version 1.6.0-canary.0 (357/618)...
2025-10-29 04:18:01,078 - BlankSpaceAnalyzer - INFO - -> Analyzing version 1.6.0-canary.1 (358/618)...
2025-10-29 04:18:01,141 - BlankSpaceAnalyzer - INFO - -> Analyzing version 1.6.0-canary.2 (359/618)...
2025-10-29 04:18:01,203 - BlankSpaceAnalyzer - INFO - -> Analyzing version 1.6.0-canary.3 (360/618)...
2025-10-29 04:18:01,260 - BlankSpaceAnalyzer - INFO - -> Analyzing version 1.6.0-canary.4 (361/618)...
2025-10-29 04:18:01,320 - BlankSpaceAnalyzer - INFO - -> Analyzing version 1.6.1 (362/618)...
2025-10-29 04:18:01,382 - BlankSpaceAnalyzer - INFO - -> Analyzing version 1.6.2 (363/618)...
2025-10-29 04:18:01,446 - BlankSpaceAnalyzer - INFO - -> Analyzing version 1.6.3 (364/618)...
2025-10-29 04:18:01,510 - BlankSpaceAnalyzer - INFO - -> Analyzing version 1.6.3-canary.0 (365/618)...
2025-10-29 04:18:01,566 - BlankSpaceAnalyzer - INFO - -> Analyzing version 1.7.0 (366/618)...
2025-10-29 04:18:01,622 - BlankSpaceAnalyzer - INFO - -> Analyzing version 1.7.0-canary.0 (367/618)...
2025-10-29 04:18:01,682 - BlankSpaceAnalyzer - INFO - -> Analyzing version 1.7.0-canary.1 (368/618)...
2025-10-29 04:18:01,744 - BlankSpaceAnalyzer - INFO - -> Analyzing version 1.7.0-canary.2 (369/618)...
2025-10-29 04:18:01,805 - BlankSpaceAnalyzer - INFO - -> Analyzing version 1.7.0-canary.3 (370/618)...
2025-10-29 04:18:01,862 - BlankSpaceAnalyzer - INFO - -> Analyzing version 1.7.0-canary.4 (371/618)...
2025-10-29 04:18:01,923 - BlankSpaceAnalyzer - INFO - -> Analyzing version 1.7.0-canary.5 (372/618)...
2025-10-29 04:18:01,986 - BlankSpaceAnalyzer - INFO - -> Analyzing version 1.7.0-canary.6 (373/618)...
2025-10-29 04:18:02,043 - BlankSpaceAnalyzer - INFO - -> Analyzing version 1.7.0-canary.7 (374/618)...
2025-10-29 04:18:02,100 - BlankSpaceAnalyzer - INFO - -> Analyzing version 1.7.0-canary.8 (375/618)...
2025-10-29 04:18:02,161 - BlankSpaceAnalyzer - INFO - -> Analyzing version 1.7.0-canary.9 (376/618)...
2025-10-29 04:18:02,219 - BlankSpaceAnalyzer - INFO - -> Analyzing version 1.7.1 (377/618)...
2025-10-29 04:18:02,282 - BlankSpaceAnalyzer - INFO - -> Analyzing version 1.7.1-canary.0 (378/618)...
2025-10-29 04:18:02,345 - BlankSpaceAnalyzer - INFO - -> Analyzing version 1.7.1-canary.1 (379/618)...
2025-10-29 04:18:02,406 - BlankSpaceAnalyzer - INFO - -> Analyzing version 1.7.1-canary.2 (380/618)...
2025-10-29 04:18:02,462 - BlankSpaceAnalyzer - INFO - -> Analyzing version 1.7.1-canary.3 (381/618)...
2025-10-29 04:18:02,522 - BlankSpaceAnalyzer - INFO - -> Analyzing version 1.7.1-canary.4 (382/618)...
2025-10-29 04:18:02,585 - BlankSpaceAnalyzer - INFO - -> Analyzing version 1.7.1-canary.5 (383/618)...
2025-10-29 04:18:02,642 - BlankSpaceAnalyzer - INFO - -> Analyzing version 1.7.1-canary.6 (384/618)...
2025-10-29 04:18:02,699 - BlankSpaceAnalyzer - INFO - -> Analyzing version 1.7.1-canary.7 (385/618)...
2025-10-29 04:18:02,756 - BlankSpaceAnalyzer - INFO - -> Analyzing version 1.7.1-canary.8 (386/618)...
2025-10-29 04:18:02,816 - BlankSpaceAnalyzer - INFO - -> Analyzing version 1.7.2 (387/618)...
2025-10-29 04:18:02,879 - BlankSpaceAnalyzer - INFO - -> Analyzing version 1.7.3 (388/618)...
2025-10-29 04:18:02,941 - BlankSpaceAnalyzer - INFO - -> Analyzing version 1.7.3-canary.0 (389/618)...
2025-10-29 04:18:03,002 - BlankSpaceAnalyzer - INFO - -> Analyzing version 1.7.3-canary.1 (390/618)...
2025-10-29 04:18:03,060 - BlankSpaceAnalyzer - INFO - -> Analyzing version 1.7.4 (391/618)...
2025-10-29 04:18:03,117 - BlankSpaceAnalyzer - INFO - -> Analyzing version 1.7.5-canary.0 (392/618)...
2025-10-29 04:18:03,173 - BlankSpaceAnalyzer - INFO - -> Analyzing version 1.8.0 (393/618)...
2025-10-29 04:18:03,235 - BlankSpaceAnalyzer - INFO - -> Analyzing version 1.8.1 (394/618)...
2025-10-29 04:18:03,297 - BlankSpaceAnalyzer - INFO - -> Analyzing version 1.8.2 (395/618)...
2025-10-29 04:18:03,355 - BlankSpaceAnalyzer - INFO - -> Analyzing version 1.8.2-canary.0 (396/618)...
2025-10-29 04:18:03,414 - BlankSpaceAnalyzer - INFO - -> Analyzing version 1.8.3 (397/618)...
2025-10-29 04:18:03,477 - BlankSpaceAnalyzer - INFO - -> Analyzing version 1.8.3-canary.0 (398/618)...
2025-10-29 04:18:03,539 - BlankSpaceAnalyzer - INFO - -> Analyzing version 1.8.4 (399/618)...
2025-10-29 04:18:03,601 - BlankSpaceAnalyzer - INFO - -> Analyzing version 1.8.4-canary.0 (400/618)...
2025-10-29 04:18:03,658 - BlankSpaceAnalyzer - INFO - -> Analyzing version 1.8.4-canary.1 (401/618)...
2025-10-29 04:18:03,719 - BlankSpaceAnalyzer - INFO - -> Analyzing version 1.8.4-canary.2 (402/618)...
2025-10-29 04:18:03,781 - BlankSpaceAnalyzer - INFO - -> Analyzing version 1.8.4-canary.3 (403/618)...
2025-10-29 04:18:03,843 - BlankSpaceAnalyzer - INFO - -> Analyzing version 1.8.4-canary.4 (404/618)...
2025-10-29 04:18:03,904 - BlankSpaceAnalyzer - INFO - -> Analyzing version 1.8.4-canary.5 (405/618)...
2025-10-29 04:18:03,961 - BlankSpaceAnalyzer - INFO - -> Analyzing version 1.8.4-canary.6 (406/618)...
2025-10-29 04:18:04,021 - BlankSpaceAnalyzer - INFO - -> Analyzing version 1.8.5 (407/618)...
2025-10-29 04:18:04,084 - BlankSpaceAnalyzer - INFO - -> Analyzing version 1.8.6 (408/618)...
2025-10-29 04:18:04,141 - BlankSpaceAnalyzer - INFO - -> Analyzing version 1.8.6-canary.0 (409/618)...
2025-10-29 04:18:04,199 - BlankSpaceAnalyzer - INFO - -> Analyzing version 1.8.6-canary.1 (410/618)...
2025-10-29 04:18:04,257 - BlankSpaceAnalyzer - INFO - -> Analyzing version 1.8.7 (411/618)...
2025-10-29 04:18:04,317 - BlankSpaceAnalyzer - INFO - -> Analyzing version 1.8.7-canary.0 (412/618)...
2025-10-29 04:18:04,379 - BlankSpaceAnalyzer - INFO - -> Analyzing version 1.8.7-canary.1 (413/618)...
2025-10-29 04:18:04,442 - BlankSpaceAnalyzer - INFO - -> Analyzing version 1.8.8 (414/618)...
2025-10-29 04:18:04,503 - BlankSpaceAnalyzer - INFO - -> Analyzing version 1.8.9-canary.0 (415/618)...
2025-10-29 04:18:04,561 - BlankSpaceAnalyzer - INFO - -> Analyzing version 1.8.9-canary.1 (416/618)...
2025-10-29 04:18:04,622 - BlankSpaceAnalyzer - INFO - -> Analyzing version 1.9.0 (417/618)...
2025-10-29 04:18:04,685 - BlankSpaceAnalyzer - INFO - -> Analyzing version 1.9.0-canary.1 (418/618)...
2025-10-29 04:18:04,747 - BlankSpaceAnalyzer - INFO - -> Analyzing version 1.9.0-canary.2 (419/618)...
2025-10-29 04:18:04,810 - BlankSpaceAnalyzer - INFO - -> Analyzing version 1.9.0-canary.3 (420/618)...
2025-10-29 04:18:04,874 - BlankSpaceAnalyzer - INFO - -> Analyzing version 1.9.1 (421/618)...
2025-10-29 04:18:04,936 - BlankSpaceAnalyzer - INFO - -> Analyzing version 1.9.2 (422/618)...
2025-10-29 04:18:04,998 - BlankSpaceAnalyzer - INFO - -> Analyzing version 1.9.2-canary.0 (423/618)...
2025-10-29 04:18:05,056 - BlankSpaceAnalyzer - INFO - -> Analyzing version 1.9.2-canary.1 (424/618)...
2025-10-29 04:18:05,115 - BlankSpaceAnalyzer - INFO - -> Analyzing version 1.9.3 (425/618)...
2025-10-29 04:18:05,177 - BlankSpaceAnalyzer - INFO - -> Analyzing version 1.9.4 (426/618)...
2025-10-29 04:18:05,243 - BlankSpaceAnalyzer - INFO - -> Analyzing version 1.9.4-canary.0 (427/618)...
2025-10-29 04:18:05,309 - BlankSpaceAnalyzer - INFO - -> Analyzing version 1.9.4-canary.1 (428/618)...
2025-10-29 04:18:05,372 - BlankSpaceAnalyzer - INFO - -> Analyzing version 1.9.4-canary.10 (429/618)...
2025-10-29 04:18:05,436 - BlankSpaceAnalyzer - INFO - -> Analyzing version 1.9.4-canary.11 (430/618)...
2025-10-29 04:18:05,499 - BlankSpaceAnalyzer - INFO - -> Analyzing version 1.9.4-canary.2 (431/618)...
2025-10-29 04:18:05,556 - BlankSpaceAnalyzer - INFO - -> Analyzing version 1.9.4-canary.3 (432/618)...
2025-10-29 04:18:05,616 - BlankSpaceAnalyzer - INFO - -> Analyzing version 1.9.4-canary.4 (433/618)...
2025-10-29 04:18:05,679 - BlankSpaceAnalyzer - INFO - -> Analyzing version 1.9.4-canary.5 (434/618)...
2025-10-29 04:18:05,746 - BlankSpaceAnalyzer - INFO - -> Analyzing version 1.9.4-canary.6 (435/618)...
2025-10-29 04:18:05,807 - BlankSpaceAnalyzer - INFO - -> Analyzing version 1.9.4-canary.7 (436/618)...
2025-10-29 04:18:05,871 - BlankSpaceAnalyzer - INFO - -> Analyzing version 1.9.4-canary.8 (437/618)...
2025-10-29 04:18:05,933 - BlankSpaceAnalyzer - INFO - -> Analyzing version 1.9.4-canary.9 (438/618)...
2025-10-29 04:18:05,996 - BlankSpaceAnalyzer - INFO - -> Analyzing version 1.9.5 (439/618)...
2025-10-29 04:18:06,053 - BlankSpaceAnalyzer - INFO - -> Analyzing version 1.9.5-canary.0 (440/618)...
2025-10-29 04:18:06,113 - BlankSpaceAnalyzer - INFO - -> Analyzing version 1.9.5-canary.1 (441/618)...
2025-10-29 04:18:06,176 - BlankSpaceAnalyzer - INFO - -> Analyzing version 1.9.6 (442/618)...
2025-10-29 04:18:06,239 - BlankSpaceAnalyzer - INFO - -> Analyzing version 1.9.7 (443/618)...
2025-10-29 04:18:06,302 - BlankSpaceAnalyzer - INFO - -> Analyzing version 1.9.7-canary.0 (444/618)...
2025-10-29 04:18:06,359 - BlankSpaceAnalyzer - INFO - -> Analyzing version 1.9.8 (445/618)...
2025-10-29 04:18:06,421 - BlankSpaceAnalyzer - INFO - -> Analyzing version 1.9.9 (446/618)...
2025-10-29 04:18:06,484 - BlankSpaceAnalyzer - INFO - -> Analyzing version 2.0.0 (447/618)...
2025-10-29 04:18:06,484 - BlankSpaceAnalyzer - INFO - -> Analyzing version 2.0.0-canary.0 (448/618)...
2025-10-29 04:18:06,484 - BlankSpaceAnalyzer - INFO - -> Analyzing version 2.0.0-canary.1 (449/618)...
2025-10-29 04:18:06,485 - BlankSpaceAnalyzer - INFO - -> Analyzing version 2.0.0-canary.2 (450/618)...
2025-10-29 04:18:06,485 - BlankSpaceAnalyzer - INFO - -> Analyzing version 2.0.0-canary.3 (451/618)...
2025-10-29 04:18:06,485 - BlankSpaceAnalyzer - INFO - -> Analyzing version 2.0.0-canary.4 (452/618)...
2025-10-29 04:18:06,485 - BlankSpaceAnalyzer - INFO - -> Analyzing version 2.0.1 (453/618)...
2025-10-29 04:18:06,486 - BlankSpaceAnalyzer - INFO - -> Analyzing version 2.0.10 (454/618)...
2025-10-29 04:18:06,486 - BlankSpaceAnalyzer - INFO - -> Analyzing version 2.0.10-canary.0 (455/618)...
2025-10-29 04:18:06,486 - BlankSpaceAnalyzer - INFO - -> Analyzing version 2.0.10-canary.1 (456/618)...
2025-10-29 04:18:06,486 - BlankSpaceAnalyzer - INFO - -> Analyzing version 2.0.10-canary.2 (457/618)...
2025-10-29 04:18:06,486 - BlankSpaceAnalyzer - INFO - -> Analyzing version 2.0.10-canary.3 (458/618)...
2025-10-29 04:18:06,486 - BlankSpaceAnalyzer - INFO - -> Analyzing version 2.0.10-canary.4 (459/618)...
2025-10-29 04:18:06,487 - BlankSpaceAnalyzer - INFO - -> Analyzing version 2.0.11 (460/618)...
2025-10-29 04:18:06,487 - BlankSpaceAnalyzer - INFO - -> Analyzing version 2.0.12 (461/618)...
2025-10-29 04:18:06,487 - BlankSpaceAnalyzer - INFO - -> Analyzing version 2.0.12-canary.0 (462/618)...
2025-10-29 04:18:06,487 - BlankSpaceAnalyzer - INFO - -> Analyzing version 2.0.12-canary.1 (463/618)...
2025-10-29 04:18:06,487 - BlankSpaceAnalyzer - INFO - -> Analyzing version 2.0.12-canary.2 (464/618)...
2025-10-29 04:18:06,487 - BlankSpaceAnalyzer - INFO - -> Analyzing version 2.0.12-canary.3 (465/618)...
2025-10-29 04:18:06,488 - BlankSpaceAnalyzer - INFO - -> Analyzing version 2.0.13 (466/618)...
2025-10-29 04:18:06,488 - BlankSpaceAnalyzer - INFO - -> Analyzing version 2.0.13-canary.0 (467/618)...
2025-10-29 04:18:06,488 - BlankSpaceAnalyzer - INFO - -> Analyzing version 2.0.13-canary.1 (468/618)...
2025-10-29 04:18:06,488 - BlankSpaceAnalyzer - INFO - -> Analyzing version 2.0.14 (469/618)...
2025-10-29 04:18:06,488 - BlankSpaceAnalyzer - INFO - -> Analyzing version 2.0.15-canary.0 (470/618)...
2025-10-29 04:18:06,488 - BlankSpaceAnalyzer - INFO - -> Analyzing version 2.0.15-canary.1 (471/618)...
2025-10-29 04:18:06,489 - BlankSpaceAnalyzer - INFO - -> Analyzing version 2.0.15-canary.2 (472/618)...
2025-10-29 04:18:06,489 - BlankSpaceAnalyzer - INFO - -> Analyzing version 2.0.15-canary.3 (473/618)...
2025-10-29 04:18:06,489 - BlankSpaceAnalyzer - INFO - -> Analyzing version 2.0.15-canary.4 (474/618)...
2025-10-29 04:18:06,489 - BlankSpaceAnalyzer - INFO - -> Analyzing version 2.0.2 (475/618)...
2025-10-29 04:18:06,489 - BlankSpaceAnalyzer - INFO - -> Analyzing version 2.0.2-canary.0 (476/618)...
2025-10-29 04:18:06,489 - BlankSpaceAnalyzer - INFO - -> Analyzing version 2.0.2-canary.1 (477/618)...
2025-10-29 04:18:06,490 - BlankSpaceAnalyzer - INFO - -> Analyzing version 2.0.2-canary.2 (478/618)...
2025-10-29 04:18:06,490 - BlankSpaceAnalyzer - INFO - -> Analyzing version 2.0.2-canary.3 (479/618)...
2025-10-29 04:18:06,490 - BlankSpaceAnalyzer - INFO - -> Analyzing version 2.0.3 (480/618)...
2025-10-29 04:18:06,490 - BlankSpaceAnalyzer - INFO - -> Analyzing version 2.0.3-canary.0 (481/618)...
2025-10-29 04:18:06,490 - BlankSpaceAnalyzer - INFO - -> Analyzing version 2.0.4 (482/618)...
2025-10-29 04:18:06,490 - BlankSpaceAnalyzer - INFO - -> Analyzing version 2.0.4-canary.0 (483/618)...
2025-10-29 04:18:06,491 - BlankSpaceAnalyzer - INFO - -> Analyzing version 2.0.4-canary.1 (484/618)...
2025-10-29 04:18:06,491 - BlankSpaceAnalyzer - INFO - -> Analyzing version 2.0.4-canary.2 (485/618)...
2025-10-29 04:18:06,491 - BlankSpaceAnalyzer - INFO - -> Analyzing version 2.0.4-canary.3 (486/618)...
2025-10-29 04:18:06,491 - BlankSpaceAnalyzer - INFO - -> Analyzing version 2.0.4-canary.4 (487/618)...
2025-10-29 04:18:06,491 - BlankSpaceAnalyzer - INFO - -> Analyzing version 2.0.5 (488/618)...
2025-10-29 04:18:06,491 - BlankSpaceAnalyzer - INFO - -> Analyzing version 2.0.5-canary.0 (489/618)...
2025-10-29 04:18:06,492 - BlankSpaceAnalyzer - INFO - -> Analyzing version 2.0.5-canary.1 (490/618)...
2025-10-29 04:18:06,492 - BlankSpaceAnalyzer - INFO - -> Analyzing version 2.0.5-canary.2 (491/618)...
2025-10-29 04:18:06,492 - BlankSpaceAnalyzer - INFO - -> Analyzing version 2.0.6 (492/618)...
2025-10-29 04:18:06,492 - BlankSpaceAnalyzer - INFO - -> Analyzing version 2.0.6-canary.0 (493/618)...
2025-10-29 04:18:06,492 - BlankSpaceAnalyzer - INFO - -> Analyzing version 2.0.7 (494/618)...
2025-10-29 04:18:06,493 - BlankSpaceAnalyzer - INFO - -> Analyzing version 2.0.7-canary.0 (495/618)...
2025-10-29 04:18:06,493 - BlankSpaceAnalyzer - INFO - -> Analyzing version 2.0.7-canary.1 (496/618)...
2025-10-29 04:18:06,493 - BlankSpaceAnalyzer - INFO - -> Analyzing version 2.0.8 (497/618)...
2025-10-29 04:18:06,493 - BlankSpaceAnalyzer - INFO - -> Analyzing version 2.0.9 (498/618)...
2025-10-29 04:18:06,493 - BlankSpaceAnalyzer - INFO - -> Analyzing version 2.1.0 (499/618)...
2025-10-29 04:18:06,493 - BlankSpaceAnalyzer - INFO - -> Analyzing version 2.1.1 (500/618)...
2025-10-29 04:18:06,494 - BlankSpaceAnalyzer - INFO - -> Analyzing version 2.1.1-canary.0 (501/618)...
2025-10-29 04:18:06,494 - BlankSpaceAnalyzer - INFO - -> Analyzing version 2.1.2 (502/618)...
2025-10-29 04:18:06,494 - BlankSpaceAnalyzer - INFO - -> Analyzing version 2.1.2-canary.0 (503/618)...
2025-10-29 04:18:06,494 - BlankSpaceAnalyzer - INFO - -> Analyzing version 2.1.2-canary.1 (504/618)...
2025-10-29 04:18:06,494 - BlankSpaceAnalyzer - INFO - -> Analyzing version 2.1.3 (505/618)...
2025-10-29 04:18:06,494 - BlankSpaceAnalyzer - INFO - -> Analyzing version 2.1.3-canary.0 (506/618)...
2025-10-29 04:18:06,495 - BlankSpaceAnalyzer - INFO - -> Analyzing version 2.1.3-canary.1 (507/618)...
2025-10-29 04:18:06,495 - BlankSpaceAnalyzer - INFO - -> Analyzing version 2.1.3-canary.2 (508/618)...
2025-10-29 04:18:06,495 - BlankSpaceAnalyzer - INFO - -> Analyzing version 2.1.4-canary.0 (509/618)...
2025-10-29 04:18:06,495 - BlankSpaceAnalyzer - INFO - -> Analyzing version 2.1.4-canary.1 (510/618)...
2025-10-29 04:18:06,495 - BlankSpaceAnalyzer - INFO - -> Analyzing version 2.1.4-canary.2 (511/618)...
2025-10-29 04:18:06,495 - BlankSpaceAnalyzer - INFO - -> Analyzing version 2.1.4-canary.3 (512/618)...
2025-10-29 04:18:06,496 - BlankSpaceAnalyzer - INFO - -> Analyzing version 2.1.4-canary.4 (513/618)...
2025-10-29 04:18:06,496 - BlankSpaceAnalyzer - INFO - -> Analyzing version 2.1.4-canary.5 (514/618)...
2025-10-29 04:18:06,496 - BlankSpaceAnalyzer - INFO - -> Analyzing version 2.1.4-canary.6 (515/618)...
2025-10-29 04:18:06,496 - BlankSpaceAnalyzer - INFO - -> Analyzing version 2.1.4-canary.7 (516/618)...
2025-10-29 04:18:06,496 - BlankSpaceAnalyzer - INFO - -> Analyzing version 2.1.4-canary.8 (517/618)...
2025-10-29 04:18:06,497 - BlankSpaceAnalyzer - INFO - -> Analyzing version 2.1.4-canary.9 (518/618)...
2025-10-29 04:18:06,497 - BlankSpaceAnalyzer - INFO - -> Analyzing version 2.2.0 (519/618)...
2025-10-29 04:18:06,497 - BlankSpaceAnalyzer - INFO - -> Analyzing version 2.2.1 (520/618)...
2025-10-29 04:18:06,497 - BlankSpaceAnalyzer - INFO - -> Analyzing version 2.2.2 (521/618)...
2025-10-29 04:18:06,497 - BlankSpaceAnalyzer - INFO - -> Analyzing version 2.2.2-canary.0 (522/618)...
2025-10-29 04:18:06,497 - BlankSpaceAnalyzer - INFO - -> Analyzing version 2.2.3 (523/618)...
2025-10-29 04:18:06,498 - BlankSpaceAnalyzer - INFO - -> Analyzing version 2.2.4-canary.0 (524/618)...
2025-10-29 04:18:06,498 - BlankSpaceAnalyzer - INFO - -> Analyzing version 2.2.4-canary.1 (525/618)...
2025-10-29 04:18:06,498 - BlankSpaceAnalyzer - INFO - -> Analyzing version 2.2.4-canary.10 (526/618)...
2025-10-29 04:18:06,498 - BlankSpaceAnalyzer - INFO - -> Analyzing version 2.2.4-canary.2 (527/618)...
2025-10-29 04:18:06,498 - BlankSpaceAnalyzer - INFO - -> Analyzing version 2.2.4-canary.3 (528/618)...
2025-10-29 04:18:06,498 - BlankSpaceAnalyzer - INFO - -> Analyzing version 2.2.4-canary.4 (529/618)...
2025-10-29 04:18:06,498 - BlankSpaceAnalyzer - INFO - -> Analyzing version 2.2.4-canary.5 (530/618)...
2025-10-29 04:18:06,499 - BlankSpaceAnalyzer - INFO - -> Analyzing version 2.2.4-canary.6 (531/618)...
2025-10-29 04:18:06,499 - BlankSpaceAnalyzer - INFO - -> Analyzing version 2.2.4-canary.7 (532/618)...
2025-10-29 04:18:06,499 - BlankSpaceAnalyzer - INFO - -> Analyzing version 2.2.4-canary.8 (533/618)...
2025-10-29 04:18:06,499 - BlankSpaceAnalyzer - INFO - -> Analyzing version 2.2.4-canary.9 (534/618)...
2025-10-29 04:18:06,499 - BlankSpaceAnalyzer - INFO - -> Analyzing version 2.3.0 (535/618)...
2025-10-29 04:18:06,499 - BlankSpaceAnalyzer - INFO - -> Analyzing version 2.3.1 (536/618)...
2025-10-29 04:18:06,500 - BlankSpaceAnalyzer - INFO - -> Analyzing version 2.3.1-canary.0 (537/618)...
2025-10-29 04:18:06,500 - BlankSpaceAnalyzer - INFO - -> Analyzing version 2.3.1-canary.1 (538/618)...
2025-10-29 04:18:06,500 - BlankSpaceAnalyzer - INFO - -> Analyzing version 2.3.1-canary.2 (539/618)...
2025-10-29 04:18:06,500 - BlankSpaceAnalyzer - INFO - -> Analyzing version 2.3.2 (540/618)...
2025-10-29 04:18:06,500 - BlankSpaceAnalyzer - INFO - -> Analyzing version 2.3.2-canary.0 (541/618)...
2025-10-29 04:18:06,500 - BlankSpaceAnalyzer - INFO - -> Analyzing version 2.3.2-canary.1 (542/618)...
2025-10-29 04:18:06,501 - BlankSpaceAnalyzer - INFO - -> Analyzing version 2.3.3 (543/618)...
2025-10-29 04:18:06,501 - BlankSpaceAnalyzer - INFO - -> Analyzing version 2.3.4 (544/618)...
2025-10-29 04:18:06,501 - BlankSpaceAnalyzer - INFO - -> Analyzing version 2.3.4-canary.0 (545/618)...
2025-10-29 04:18:06,501 - BlankSpaceAnalyzer - INFO - -> Analyzing version 2.3.4-canary.1 (546/618)...
2025-10-29 04:18:06,501 - BlankSpaceAnalyzer - INFO - -> Analyzing version 2.3.4-canary.2 (547/618)...
2025-10-29 04:18:06,501 - BlankSpaceAnalyzer - INFO - -> Analyzing version 2.3.4-canary.3 (548/618)...
2025-10-29 04:18:06,502 - BlankSpaceAnalyzer - INFO - -> Analyzing version 2.3.4-canary.4 (549/618)...
2025-10-29 04:18:06,502 - BlankSpaceAnalyzer - INFO - -> Analyzing version 2.3.4-canary.5 (550/618)...
2025-10-29 04:18:06,502 - BlankSpaceAnalyzer - INFO - -> Analyzing version 2.3.4-canary.6 (551/618)...
2025-10-29 04:18:06,502 - BlankSpaceAnalyzer - INFO - -> Analyzing version 2.3.4-canary.7 (552/618)...
2025-10-29 04:18:06,502 - BlankSpaceAnalyzer - INFO - -> Analyzing version 2.3.4-canary.8 (553/618)...
2025-10-29 04:18:06,502 - BlankSpaceAnalyzer - INFO - -> Analyzing version 2.3.4-canary.9 (554/618)...
2025-10-29 04:18:06,503 - BlankSpaceAnalyzer - INFO - -> Analyzing version 2.3.5-canary.0 (555/618)...
2025-10-29 04:18:06,503 - BlankSpaceAnalyzer - INFO - -> Analyzing version 2.3.5-canary.1 (556/618)...
2025-10-29 04:18:06,503 - BlankSpaceAnalyzer - INFO - -> Analyzing version 2.3.5-canary.2 (557/618)...
2025-10-29 04:18:06,503 - BlankSpaceAnalyzer - INFO - -> Analyzing version 2.3.6 (558/618)...
2025-10-29 04:18:06,503 - BlankSpaceAnalyzer - INFO - -> Analyzing version 2.3.7 (559/618)...
2025-10-29 04:18:06,504 - BlankSpaceAnalyzer - INFO - -> Analyzing version 2.4.0 (560/618)...
2025-10-29 04:18:06,504 - BlankSpaceAnalyzer - INFO - -> Analyzing version 2.4.1 (561/618)...
2025-10-29 04:18:06,504 - BlankSpaceAnalyzer - INFO - -> Analyzing version 2.4.1-canary.0 (562/618)...
2025-10-29 04:18:06,504 - BlankSpaceAnalyzer - INFO - -> Analyzing version 2.4.1-canary.1 (563/618)...
2025-10-29 04:18:06,504 - BlankSpaceAnalyzer - INFO - -> Analyzing version 2.4.1-canary.2 (564/618)...
2025-10-29 04:18:06,505 - BlankSpaceAnalyzer - INFO - -> Analyzing version 2.4.1-canary.3 (565/618)...
2025-10-29 04:18:06,505 - BlankSpaceAnalyzer - INFO - -> Analyzing version 2.4.2 (566/618)...
2025-10-29 04:18:06,505 - BlankSpaceAnalyzer - INFO - -> Analyzing version 2.4.2-canary.0 (567/618)...
2025-10-29 04:18:06,505 - BlankSpaceAnalyzer - INFO - -> Analyzing version 2.4.3 (568/618)...
2025-10-29 04:18:06,505 - BlankSpaceAnalyzer - INFO - -> Analyzing version 2.4.3-canary.0 (569/618)...
2025-10-29 04:18:06,505 - BlankSpaceAnalyzer - INFO - -> Analyzing version 2.4.3-canary.1 (570/618)...
2025-10-29 04:18:06,506 - BlankSpaceAnalyzer - INFO - -> Analyzing version 2.4.3-canary.2 (571/618)...
2025-10-29 04:18:06,506 - BlankSpaceAnalyzer - INFO - -> Analyzing version 2.4.3-canary.3 (572/618)...
2025-10-29 04:18:06,506 - BlankSpaceAnalyzer - INFO - -> Analyzing version 2.4.3-canary.4 (573/618)...
2025-10-29 04:18:06,506 - BlankSpaceAnalyzer - INFO - -> Analyzing version 2.4.4 (574/618)...
2025-10-29 04:18:06,506 - BlankSpaceAnalyzer - INFO - -> Analyzing version 2.4.5-canary.0 (575/618)...
2025-10-29 04:18:06,506 - BlankSpaceAnalyzer - INFO - -> Analyzing version 2.4.5-canary.1 (576/618)...
2025-10-29 04:18:06,507 - BlankSpaceAnalyzer - INFO - -> Analyzing version 2.4.5-canary.2 (577/618)...
2025-10-29 04:18:06,507 - BlankSpaceAnalyzer - INFO - -> Analyzing version 2.4.5-canary.3 (578/618)...
2025-10-29 04:18:06,507 - BlankSpaceAnalyzer - INFO - -> Analyzing version 2.4.5-canary.4 (579/618)...
2025-10-29 04:18:06,507 - BlankSpaceAnalyzer - INFO - -> Analyzing version 2.4.5-canary.5 (580/618)...
2025-10-29 04:18:06,507 - BlankSpaceAnalyzer - INFO - -> Analyzing version 2.4.5-canary.6 (581/618)...
2025-10-29 04:18:06,507 - BlankSpaceAnalyzer - INFO - -> Analyzing version 2.4.5-canary.7 (582/618)...
2025-10-29 04:18:06,508 - BlankSpaceAnalyzer - INFO - -> Analyzing version 2.5.0 (583/618)...
2025-10-29 04:18:06,508 - BlankSpaceAnalyzer - INFO - -> Analyzing version 2.5.1 (584/618)...
2025-10-29 04:18:06,508 - BlankSpaceAnalyzer - INFO - -> Analyzing version 2.5.1-canary.0 (585/618)...
2025-10-29 04:18:06,508 - BlankSpaceAnalyzer - INFO - -> Analyzing version 2.5.1-canary.1 (586/618)...
2025-10-29 04:18:06,508 - BlankSpaceAnalyzer - INFO - -> Analyzing version 2.5.1-canary.2 (587/618)...
2025-10-29 04:18:06,508 - BlankSpaceAnalyzer - INFO - -> Analyzing version 2.5.2 (588/618)...
2025-10-29 04:18:06,509 - BlankSpaceAnalyzer - INFO - -> Analyzing version 2.5.2-canary.0 (589/618)...
2025-10-29 04:18:06,509 - BlankSpaceAnalyzer - INFO - -> Analyzing version 2.5.3 (590/618)...
2025-10-29 04:18:06,509 - BlankSpaceAnalyzer - INFO - -> Analyzing version 2.5.3-canary.0 (591/618)...
2025-10-29 04:18:06,509 - BlankSpaceAnalyzer - INFO - -> Analyzing version 2.5.3-canary.1 (592/618)...
2025-10-29 04:18:06,509 - BlankSpaceAnalyzer - INFO - -> Analyzing version 2.5.3-canary.2 (593/618)...
2025-10-29 04:18:06,509 - BlankSpaceAnalyzer - INFO - -> Analyzing version 2.5.4 (594/618)...
2025-10-29 04:18:06,510 - BlankSpaceAnalyzer - INFO - -> Analyzing version 2.5.4-canary.0 (595/618)...
2025-10-29 04:18:06,510 - BlankSpaceAnalyzer - INFO - -> Analyzing version 2.5.4-canary.1 (596/618)...
2025-10-29 04:18:06,510 - BlankSpaceAnalyzer - INFO - -> Analyzing version 2.5.5 (597/618)...
2025-10-29 04:18:06,510 - BlankSpaceAnalyzer - INFO - -> Analyzing version 2.5.5-canary.0 (598/618)...
2025-10-29 04:18:06,510 - BlankSpaceAnalyzer - INFO - -> Analyzing version 2.5.5-canary.1 (599/618)...
2025-10-29 04:18:06,510 - BlankSpaceAnalyzer - INFO - -> Analyzing version 2.5.6 (600/618)...
2025-10-29 04:18:06,510 - BlankSpaceAnalyzer - INFO - -> Analyzing version 2.5.6-canary.0 (601/618)...
2025-10-29 04:18:06,511 - BlankSpaceAnalyzer - INFO - -> Analyzing version 2.5.6-canary.1 (602/618)...
2025-10-29 04:18:06,511 - BlankSpaceAnalyzer - INFO - -> Analyzing version 2.5.6-canary.2 (603/618)...
2025-10-29 04:18:06,511 - BlankSpaceAnalyzer - INFO - -> Analyzing version 2.5.7 (604/618)...
2025-10-29 04:18:06,511 - BlankSpaceAnalyzer - INFO - -> Analyzing version 2.5.7-canary.0 (605/618)...
2025-10-29 04:18:06,511 - BlankSpaceAnalyzer - INFO - -> Analyzing version 2.5.8 (606/618)...
2025-10-29 04:18:06,511 - BlankSpaceAnalyzer - INFO - -> Analyzing version 2.5.8-canary.0 (607/618)...
2025-10-29 04:18:06,512 - BlankSpaceAnalyzer - INFO - -> Analyzing version 2.5.9-canary.0 (608/618)...
2025-10-29 04:18:06,512 - BlankSpaceAnalyzer - INFO - -> Analyzing version 2.5.9-canary.1 (609/618)...
2025-10-29 04:18:06,512 - BlankSpaceAnalyzer - INFO - -> Analyzing version 2.5.9-canary.10 (610/618)...
2025-10-29 04:18:06,512 - BlankSpaceAnalyzer - INFO - -> Analyzing version 2.5.9-canary.2 (611/618)...
2025-10-29 04:18:06,512 - BlankSpaceAnalyzer - INFO - -> Analyzing version 2.5.9-canary.3 (612/618)...
2025-10-29 04:18:06,512 - BlankSpaceAnalyzer - INFO - -> Analyzing version 2.5.9-canary.4 (613/618)...
2025-10-29 04:18:06,513 - BlankSpaceAnalyzer - INFO - -> Analyzing version 2.5.9-canary.5 (614/618)...
2025-10-29 04:18:06,513 - BlankSpaceAnalyzer - INFO - -> Analyzing version 2.5.9-canary.6 (615/618)...
2025-10-29 04:18:06,513 - BlankSpaceAnalyzer - INFO - -> Analyzing version 2.5.9-canary.7 (616/618)...
2025-10-29 04:18:06,513 - BlankSpaceAnalyzer - INFO - -> Analyzing version 2.5.9-canary.8 (617/618)...
2025-10-29 04:18:06,513 - BlankSpaceAnalyzer - INFO - -> Analyzing version 2.5.9-canary.9 (618/618)...
2025-10-29 04:18:06,514 - BlankSpaceAnalyzer - INFO - Exporting results for 'turbo' to CSV...
2025-10-29 04:18:07,181 - BlankSpaceAnalyzer - INFO - Reports saved in: /app/npm_results/turbo
2025-10-29 04:18:07,182 - NPM_Analyzer - INFO - Cleaning temporary folder 'temp/turbo'...
2025-10-29 04:18:07,282 - NPM_Analyzer - INFO - Cleanup completed.
