2025-11-18 06:14:15,536 - NPM_HUT_Analyzer - INFO - Recupero metadata per '@radix-ui/react-popper'...
2025-11-18 06:14:16,385 - NPM_HUT_Analyzer - INFO - Trovate 263 versioni. Inizio download in 'temp_hut/@radix-ui_react-popper'...
2025-11-18 06:20:36,557 - UnicodeAnalyzer - INFO - Analizzando 263 versioni per '*.js' in '@radix-ui_react-popper'.
2025-11-18 06:20:36,557 - UnicodeAnalyzer - INFO - -> Analizzando versione 0.0.0-20250116175529 (1/263)...
2025-11-18 06:20:36,558 - UnicodeAnalyzer - INFO - Filtrati 1 file (es. in /dist, /test).
2025-11-18 06:20:36,559 - UnicodeAnalyzer - INFO - -> Analizzando versione 0.0.1 (2/263)...
2025-11-18 06:20:36,559 - UnicodeAnalyzer - INFO - Filtrati 2 file (es. in /dist, /test).
2025-11-18 06:20:36,560 - UnicodeAnalyzer - INFO - -> Analizzando versione 0.0.10 (3/263)...
2025-11-18 06:20:36,561 - UnicodeAnalyzer - INFO - Filtrati 2 file (es. in /dist, /test).
2025-11-18 06:20:36,561 - UnicodeAnalyzer - INFO - -> Analizzando versione 0.0.11 (4/263)...
2025-11-18 06:20:36,562 - UnicodeAnalyzer - INFO - Filtrati 2 file (es. in /dist, /test).
2025-11-18 06:20:36,562 - UnicodeAnalyzer - INFO - -> Analizzando versione 0.0.12 (5/263)...
2025-11-18 06:20:36,563 - UnicodeAnalyzer - INFO - Filtrati 2 file (es. in /dist, /test).
2025-11-18 06:20:36,563 - UnicodeAnalyzer - INFO - -> Analizzando versione 0.0.13 (6/263)...
2025-11-18 06:20:36,564 - UnicodeAnalyzer - INFO - Filtrati 2 file (es. in /dist, /test).
2025-11-18 06:20:36,564 - UnicodeAnalyzer - INFO - -> Analizzando versione 0.0.14 (7/263)...
2025-11-18 06:20:36,565 - UnicodeAnalyzer - INFO - Filtrati 2 file (es. in /dist, /test).
2025-11-18 06:20:36,565 - UnicodeAnalyzer - INFO - -> Analizzando versione 0.0.15 (8/263)...
2025-11-18 06:20:36,566 - UnicodeAnalyzer - INFO - Filtrati 2 file (es. in /dist, /test).
2025-11-18 06:20:36,566 - UnicodeAnalyzer - INFO - -> Analizzando versione 0.0.16 (9/263)...
2025-11-18 06:20:36,567 - UnicodeAnalyzer - INFO - Filtrati 2 file (es. in /dist, /test).
2025-11-18 06:20:36,567 - UnicodeAnalyzer - INFO - -> Analizzando versione 0.0.17 (10/263)...
2025-11-18 06:20:36,567 - UnicodeAnalyzer - INFO - Filtrati 2 file (es. in /dist, /test).
2025-11-18 06:20:36,568 - UnicodeAnalyzer - INFO - -> Analizzando versione 0.0.18 (11/263)...
2025-11-18 06:20:36,568 - UnicodeAnalyzer - INFO - Filtrati 2 file (es. in /dist, /test).
2025-11-18 06:20:36,568 - UnicodeAnalyzer - INFO - -> Analizzando versione 0.0.2 (12/263)...
2025-11-18 06:20:36,569 - UnicodeAnalyzer - INFO - Filtrati 2 file (es. in /dist, /test).
2025-11-18 06:20:36,569 - UnicodeAnalyzer - INFO - -> Analizzando versione 0.0.3 (13/263)...
2025-11-18 06:20:36,570 - UnicodeAnalyzer - INFO - Filtrati 2 file (es. in /dist, /test).
2025-11-18 06:20:36,570 - UnicodeAnalyzer - INFO - -> Analizzando versione 0.0.4 (14/263)...
2025-11-18 06:20:36,570 - UnicodeAnalyzer - INFO - Filtrati 2 file (es. in /dist, /test).
2025-11-18 06:20:36,570 - UnicodeAnalyzer - INFO - -> Analizzando versione 0.0.5 (15/263)...
2025-11-18 06:20:36,571 - UnicodeAnalyzer - INFO - Filtrati 2 file (es. in /dist, /test).
2025-11-18 06:20:36,571 - UnicodeAnalyzer - INFO - -> Analizzando versione 0.0.6 (16/263)...
2025-11-18 06:20:36,572 - UnicodeAnalyzer - INFO - Filtrati 2 file (es. in /dist, /test).
2025-11-18 06:20:36,572 - UnicodeAnalyzer - INFO - -> Analizzando versione 0.0.7 (17/263)...
2025-11-18 06:20:36,572 - UnicodeAnalyzer - INFO - Filtrati 2 file (es. in /dist, /test).
2025-11-18 06:20:36,572 - UnicodeAnalyzer - INFO - -> Analizzando versione 0.0.8 (18/263)...
2025-11-18 06:20:36,573 - UnicodeAnalyzer - INFO - Filtrati 2 file (es. in /dist, /test).
2025-11-18 06:20:36,573 - UnicodeAnalyzer - INFO - -> Analizzando versione 0.0.9 (19/263)...
2025-11-18 06:20:36,573 - UnicodeAnalyzer - INFO - Filtrati 2 file (es. in /dist, /test).
2025-11-18 06:20:36,573 - UnicodeAnalyzer - INFO - -> Analizzando versione 0.1.0 (20/263)...
2025-11-18 06:20:36,574 - UnicodeAnalyzer - INFO - Filtrati 2 file (es. in /dist, /test).
2025-11-18 06:20:36,574 - UnicodeAnalyzer - INFO - -> Analizzando versione 0.1.0-rc.1 (21/263)...
2025-11-18 06:20:36,574 - UnicodeAnalyzer - INFO - -> Analizzando versione 0.1.0-rc.2 (22/263)...
2025-11-18 06:20:36,575 - UnicodeAnalyzer - INFO - Filtrati 2 file (es. in /dist, /test).
2025-11-18 06:20:36,575 - UnicodeAnalyzer - INFO - -> Analizzando versione 0.1.1 (23/263)...
2025-11-18 06:20:36,575 - UnicodeAnalyzer - INFO - Filtrati 2 file (es. in /dist, /test).
2025-11-18 06:20:36,575 - UnicodeAnalyzer - INFO - -> Analizzando versione 0.1.1-rc.1 (24/263)...
2025-11-18 06:20:36,576 - UnicodeAnalyzer - INFO - Filtrati 2 file (es. in /dist, /test).
2025-11-18 06:20:36,576 - UnicodeAnalyzer - INFO - -> Analizzando versione 0.1.1-rc.10 (25/263)...
2025-11-18 06:20:36,576 - UnicodeAnalyzer - INFO - Filtrati 2 file (es. in /dist, /test).
2025-11-18 06:20:36,576 - UnicodeAnalyzer - INFO - -> Analizzando versione 0.1.1-rc.11 (26/263)...
2025-11-18 06:20:36,577 - UnicodeAnalyzer - INFO - Filtrati 2 file (es. in /dist, /test).
2025-11-18 06:20:36,577 - UnicodeAnalyzer - INFO - -> Analizzando versione 0.1.1-rc.12 (27/263)...
2025-11-18 06:20:36,577 - UnicodeAnalyzer - INFO - Filtrati 2 file (es. in /dist, /test).
2025-11-18 06:20:36,577 - UnicodeAnalyzer - INFO - -> Analizzando versione 0.1.1-rc.13 (28/263)...
2025-11-18 06:20:36,578 - UnicodeAnalyzer - INFO - Filtrati 2 file (es. in /dist, /test).
2025-11-18 06:20:36,578 - UnicodeAnalyzer - INFO - -> Analizzando versione 0.1.1-rc.14 (29/263)...
2025-11-18 06:20:36,578 - UnicodeAnalyzer - INFO - Filtrati 2 file (es. in /dist, /test).
2025-11-18 06:20:36,578 - UnicodeAnalyzer - INFO - -> Analizzando versione 0.1.1-rc.15 (30/263)...
2025-11-18 06:20:36,578 - UnicodeAnalyzer - INFO - Filtrati 2 file (es. in /dist, /test).
2025-11-18 06:20:36,579 - UnicodeAnalyzer - INFO - -> Analizzando versione 0.1.1-rc.16 (31/263)...
2025-11-18 06:20:36,579 - UnicodeAnalyzer - INFO - Filtrati 2 file (es. in /dist, /test).
2025-11-18 06:20:36,579 - UnicodeAnalyzer - INFO - -> Analizzando versione 0.1.1-rc.17 (32/263)...
2025-11-18 06:20:36,579 - UnicodeAnalyzer - INFO - Filtrati 2 file (es. in /dist, /test).
2025-11-18 06:20:36,580 - UnicodeAnalyzer - INFO - -> Analizzando versione 0.1.1-rc.18 (33/263)...
2025-11-18 06:20:36,580 - UnicodeAnalyzer - INFO - Filtrati 2 file (es. in /dist, /test).
2025-11-18 06:20:36,580 - UnicodeAnalyzer - INFO - -> Analizzando versione 0.1.1-rc.19 (34/263)...
2025-11-18 06:20:36,580 - UnicodeAnalyzer - INFO - Filtrati 2 file (es. in /dist, /test).
2025-11-18 06:20:36,580 - UnicodeAnalyzer - INFO - -> Analizzando versione 0.1.1-rc.2 (35/263)...
2025-11-18 06:20:36,581 - UnicodeAnalyzer - INFO - Filtrati 2 file (es. in /dist, /test).
2025-11-18 06:20:36,581 - UnicodeAnalyzer - INFO - -> Analizzando versione 0.1.1-rc.3 (36/263)...
2025-11-18 06:20:36,581 - UnicodeAnalyzer - INFO - Filtrati 2 file (es. in /dist, /test).
2025-11-18 06:20:36,581 - UnicodeAnalyzer - INFO - -> Analizzando versione 0.1.1-rc.4 (37/263)...
2025-11-18 06:20:36,581 - UnicodeAnalyzer - INFO - Filtrati 2 file (es. in /dist, /test).
2025-11-18 06:20:36,581 - UnicodeAnalyzer - INFO - -> Analizzando versione 0.1.1-rc.5 (38/263)...
2025-11-18 06:20:36,582 - UnicodeAnalyzer - INFO - Filtrati 2 file (es. in /dist, /test).
2025-11-18 06:20:36,582 - UnicodeAnalyzer - INFO - -> Analizzando versione 0.1.1-rc.6 (39/263)...
2025-11-18 06:20:36,582 - UnicodeAnalyzer - INFO - Filtrati 2 file (es. in /dist, /test).
2025-11-18 06:20:36,582 - UnicodeAnalyzer - INFO - -> Analizzando versione 0.1.1-rc.7 (40/263)...
2025-11-18 06:20:36,583 - UnicodeAnalyzer - INFO - Filtrati 2 file (es. in /dist, /test).
2025-11-18 06:20:36,583 - UnicodeAnalyzer - INFO - -> Analizzando versione 0.1.1-rc.8 (41/263)...
2025-11-18 06:20:36,583 - UnicodeAnalyzer - INFO - Filtrati 2 file (es. in /dist, /test).
2025-11-18 06:20:36,583 - UnicodeAnalyzer - INFO - -> Analizzando versione 0.1.1-rc.9 (42/263)...
2025-11-18 06:20:36,583 - UnicodeAnalyzer - INFO - Filtrati 2 file (es. in /dist, /test).
2025-11-18 06:20:36,583 - UnicodeAnalyzer - INFO - -> Analizzando versione 0.1.2 (43/263)...
2025-11-18 06:20:36,584 - UnicodeAnalyzer - INFO - Filtrati 2 file (es. in /dist, /test).
2025-11-18 06:20:36,584 - UnicodeAnalyzer - INFO - -> Analizzando versione 0.1.2-rc.1 (44/263)...
2025-11-18 06:20:36,584 - UnicodeAnalyzer - INFO - Filtrati 2 file (es. in /dist, /test).
2025-11-18 06:20:36,584 - UnicodeAnalyzer - INFO - -> Analizzando versione 0.1.2-rc.2 (45/263)...
2025-11-18 06:20:36,585 - UnicodeAnalyzer - INFO - Filtrati 2 file (es. in /dist, /test).
2025-11-18 06:20:36,585 - UnicodeAnalyzer - INFO - -> Analizzando versione 0.1.2-rc.3 (46/263)...
2025-11-18 06:20:36,585 - UnicodeAnalyzer - INFO - Filtrati 2 file (es. in /dist, /test).
2025-11-18 06:20:36,585 - UnicodeAnalyzer - INFO - -> Analizzando versione 0.1.2-rc.4 (47/263)...
2025-11-18 06:20:36,585 - UnicodeAnalyzer - INFO - Filtrati 2 file (es. in /dist, /test).
2025-11-18 06:20:36,585 - UnicodeAnalyzer - INFO - -> Analizzando versione 0.1.2-rc.5 (48/263)...
2025-11-18 06:20:36,585 - UnicodeAnalyzer - INFO - Filtrati 2 file (es. in /dist, /test).
2025-11-18 06:20:36,586 - UnicodeAnalyzer - INFO - -> Analizzando versione 0.1.3 (49/263)...
2025-11-18 06:20:36,586 - UnicodeAnalyzer - INFO - Filtrati 2 file (es. in /dist, /test).
2025-11-18 06:20:36,586 - UnicodeAnalyzer - INFO - -> Analizzando versione 0.1.3-rc.1 (50/263)...
2025-11-18 06:20:36,586 - UnicodeAnalyzer - INFO - Filtrati 2 file (es. in /dist, /test).
2025-11-18 06:20:36,586 - UnicodeAnalyzer - INFO - -> Analizzando versione 0.1.4 (51/263)...
2025-11-18 06:20:36,586 - UnicodeAnalyzer - INFO - Filtrati 2 file (es. in /dist, /test).
2025-11-18 06:20:36,587 - UnicodeAnalyzer - INFO - -> Analizzando versione 0.1.4-rc.1 (52/263)...
2025-11-18 06:20:36,587 - UnicodeAnalyzer - INFO - Filtrati 2 file (es. in /dist, /test).
2025-11-18 06:20:36,587 - UnicodeAnalyzer - INFO - -> Analizzando versione 0.1.4-rc.10 (53/263)...
2025-11-18 06:20:36,587 - UnicodeAnalyzer - INFO - Filtrati 2 file (es. in /dist, /test).
2025-11-18 06:20:36,587 - UnicodeAnalyzer - INFO - -> Analizzando versione 0.1.4-rc.11 (54/263)...
2025-11-18 06:20:36,587 - UnicodeAnalyzer - INFO - Filtrati 2 file (es. in /dist, /test).
2025-11-18 06:20:36,587 - UnicodeAnalyzer - INFO - -> Analizzando versione 0.1.4-rc.12 (55/263)...
2025-11-18 06:20:36,587 - UnicodeAnalyzer - INFO - Filtrati 2 file (es. in /dist, /test).
2025-11-18 06:20:36,588 - UnicodeAnalyzer - INFO - -> Analizzando versione 0.1.4-rc.13 (56/263)...
2025-11-18 06:20:36,588 - UnicodeAnalyzer - INFO - Filtrati 2 file (es. in /dist, /test).
2025-11-18 06:20:36,588 - UnicodeAnalyzer - INFO - -> Analizzando versione 0.1.4-rc.14 (57/263)...
2025-11-18 06:20:36,588 - UnicodeAnalyzer - INFO - Filtrati 2 file (es. in /dist, /test).
2025-11-18 06:20:36,588 - UnicodeAnalyzer - INFO - -> Analizzando versione 0.1.4-rc.15 (58/263)...
2025-11-18 06:20:36,588 - UnicodeAnalyzer - INFO - Filtrati 2 file (es. in /dist, /test).
2025-11-18 06:20:36,588 - UnicodeAnalyzer - INFO - -> Analizzando versione 0.1.4-rc.16 (59/263)...
2025-11-18 06:20:36,588 - UnicodeAnalyzer - INFO - Filtrati 2 file (es. in /dist, /test).
2025-11-18 06:20:36,589 - UnicodeAnalyzer - INFO - -> Analizzando versione 0.1.4-rc.17 (60/263)...
2025-11-18 06:20:36,589 - UnicodeAnalyzer - INFO - Filtrati 2 file (es. in /dist, /test).
2025-11-18 06:20:36,589 - UnicodeAnalyzer - INFO - -> Analizzando versione 0.1.4-rc.18 (61/263)...
2025-11-18 06:20:36,589 - UnicodeAnalyzer - INFO - Filtrati 2 file (es. in /dist, /test).
2025-11-18 06:20:36,589 - UnicodeAnalyzer - INFO - -> Analizzando versione 0.1.4-rc.19 (62/263)...
2025-11-18 06:20:36,589 - UnicodeAnalyzer - INFO - Filtrati 2 file (es. in /dist, /test).
2025-11-18 06:20:36,589 - UnicodeAnalyzer - INFO - -> Analizzando versione 0.1.4-rc.2 (63/263)...
2025-11-18 06:20:36,589 - UnicodeAnalyzer - INFO - Filtrati 2 file (es. in /dist, /test).
2025-11-18 06:20:36,589 - UnicodeAnalyzer - INFO - -> Analizzando versione 0.1.4-rc.20 (64/263)...
2025-11-18 06:20:36,590 - UnicodeAnalyzer - INFO - Filtrati 2 file (es. in /dist, /test).
2025-11-18 06:20:36,590 - UnicodeAnalyzer - INFO - -> Analizzando versione 0.1.4-rc.21 (65/263)...
2025-11-18 06:20:36,590 - UnicodeAnalyzer - INFO - Filtrati 2 file (es. in /dist, /test).
2025-11-18 06:20:36,590 - UnicodeAnalyzer - INFO - -> Analizzando versione 0.1.4-rc.22 (66/263)...
2025-11-18 06:20:36,590 - UnicodeAnalyzer - INFO - Filtrati 2 file (es. in /dist, /test).
2025-11-18 06:20:36,590 - UnicodeAnalyzer - INFO - -> Analizzando versione 0.1.4-rc.23 (67/263)...
2025-11-18 06:20:36,590 - UnicodeAnalyzer - INFO - Filtrati 2 file (es. in /dist, /test).
2025-11-18 06:20:36,590 - UnicodeAnalyzer - INFO - -> Analizzando versione 0.1.4-rc.24 (68/263)...
2025-11-18 06:20:36,591 - UnicodeAnalyzer - INFO - Filtrati 2 file (es. in /dist, /test).
2025-11-18 06:20:36,591 - UnicodeAnalyzer - INFO - -> Analizzando versione 0.1.4-rc.25 (69/263)...
2025-11-18 06:20:36,591 - UnicodeAnalyzer - INFO - Filtrati 2 file (es. in /dist, /test).
2025-11-18 06:20:36,591 - UnicodeAnalyzer - INFO - -> Analizzando versione 0.1.4-rc.26 (70/263)...
2025-11-18 06:20:36,591 - UnicodeAnalyzer - INFO - Filtrati 2 file (es. in /dist, /test).
2025-11-18 06:20:36,591 - UnicodeAnalyzer - INFO - -> Analizzando versione 0.1.4-rc.3 (71/263)...
2025-11-18 06:20:36,591 - UnicodeAnalyzer - INFO - Filtrati 2 file (es. in /dist, /test).
2025-11-18 06:20:36,591 - UnicodeAnalyzer - INFO - -> Analizzando versione 0.1.4-rc.4 (72/263)...
2025-11-18 06:20:36,592 - UnicodeAnalyzer - INFO - Filtrati 2 file (es. in /dist, /test).
2025-11-18 06:20:36,592 - UnicodeAnalyzer - INFO - -> Analizzando versione 0.1.4-rc.5 (73/263)...
2025-11-18 06:20:36,592 - UnicodeAnalyzer - INFO - Filtrati 2 file (es. in /dist, /test).
2025-11-18 06:20:36,592 - UnicodeAnalyzer - INFO - -> Analizzando versione 0.1.4-rc.6 (74/263)...
2025-11-18 06:20:36,592 - UnicodeAnalyzer - INFO - Filtrati 2 file (es. in /dist, /test).
2025-11-18 06:20:36,592 - UnicodeAnalyzer - INFO - -> Analizzando versione 0.1.4-rc.7 (75/263)...
2025-11-18 06:20:36,592 - UnicodeAnalyzer - INFO - Filtrati 2 file (es. in /dist, /test).
2025-11-18 06:20:36,592 - UnicodeAnalyzer - INFO - -> Analizzando versione 0.1.4-rc.8 (76/263)...
2025-11-18 06:20:36,593 - UnicodeAnalyzer - INFO - Filtrati 2 file (es. in /dist, /test).
2025-11-18 06:20:36,593 - UnicodeAnalyzer - INFO - -> Analizzando versione 0.1.4-rc.9 (77/263)...
2025-11-18 06:20:36,593 - UnicodeAnalyzer - INFO - Filtrati 2 file (es. in /dist, /test).
2025-11-18 06:20:36,593 - UnicodeAnalyzer - INFO - -> Analizzando versione 0.1.5-rc.1 (78/263)...
2025-11-18 06:20:36,593 - UnicodeAnalyzer - INFO - Filtrati 2 file (es. in /dist, /test).
2025-11-18 06:20:36,593 - UnicodeAnalyzer - INFO - -> Analizzando versione 0.1.5-rc.10 (79/263)...
2025-11-18 06:20:36,593 - UnicodeAnalyzer - INFO - Filtrati 2 file (es. in /dist, /test).
2025-11-18 06:20:36,593 - UnicodeAnalyzer - INFO - -> Analizzando versione 0.1.5-rc.11 (80/263)...
2025-11-18 06:20:36,594 - UnicodeAnalyzer - INFO - Filtrati 2 file (es. in /dist, /test).
2025-11-18 06:20:36,594 - UnicodeAnalyzer - INFO - -> Analizzando versione 0.1.5-rc.12 (81/263)...
2025-11-18 06:20:36,594 - UnicodeAnalyzer - INFO - Filtrati 2 file (es. in /dist, /test).
2025-11-18 06:20:36,594 - UnicodeAnalyzer - INFO - -> Analizzando versione 0.1.5-rc.13 (82/263)...
2025-11-18 06:20:36,594 - UnicodeAnalyzer - INFO - Filtrati 2 file (es. in /dist, /test).
2025-11-18 06:20:36,594 - UnicodeAnalyzer - INFO - -> Analizzando versione 0.1.5-rc.14 (83/263)...
2025-11-18 06:20:36,594 - UnicodeAnalyzer - INFO - Filtrati 2 file (es. in /dist, /test).
2025-11-18 06:20:36,594 - UnicodeAnalyzer - INFO - -> Analizzando versione 0.1.5-rc.15 (84/263)...
2025-11-18 06:20:36,595 - UnicodeAnalyzer - INFO - Filtrati 2 file (es. in /dist, /test).
2025-11-18 06:20:36,595 - UnicodeAnalyzer - INFO - -> Analizzando versione 0.1.5-rc.16 (85/263)...
2025-11-18 06:20:36,595 - UnicodeAnalyzer - INFO - Filtrati 2 file (es. in /dist, /test).
2025-11-18 06:20:36,595 - UnicodeAnalyzer - INFO - -> Analizzando versione 0.1.5-rc.17 (86/263)...
2025-11-18 06:20:36,595 - UnicodeAnalyzer - INFO - Filtrati 2 file (es. in /dist, /test).
2025-11-18 06:20:36,595 - UnicodeAnalyzer - INFO - -> Analizzando versione 0.1.5-rc.18 (87/263)...
2025-11-18 06:20:36,595 - UnicodeAnalyzer - INFO - Filtrati 2 file (es. in /dist, /test).
2025-11-18 06:20:36,595 - UnicodeAnalyzer - INFO - -> Analizzando versione 0.1.5-rc.19 (88/263)...
2025-11-18 06:20:36,596 - UnicodeAnalyzer - INFO - Filtrati 2 file (es. in /dist, /test).
2025-11-18 06:20:36,596 - UnicodeAnalyzer - INFO - -> Analizzando versione 0.1.5-rc.2 (89/263)...
2025-11-18 06:20:36,596 - UnicodeAnalyzer - INFO - Filtrati 2 file (es. in /dist, /test).
2025-11-18 06:20:36,596 - UnicodeAnalyzer - INFO - -> Analizzando versione 0.1.5-rc.20 (90/263)...
2025-11-18 06:20:36,596 - UnicodeAnalyzer - INFO - Filtrati 2 file (es. in /dist, /test).
2025-11-18 06:20:36,596 - UnicodeAnalyzer - INFO - -> Analizzando versione 0.1.5-rc.21 (91/263)...
2025-11-18 06:20:36,596 - UnicodeAnalyzer - INFO - Filtrati 2 file (es. in /dist, /test).
2025-11-18 06:20:36,596 - UnicodeAnalyzer - INFO - -> Analizzando versione 0.1.5-rc.22 (92/263)...
2025-11-18 06:20:36,597 - UnicodeAnalyzer - INFO - Filtrati 2 file (es. in /dist, /test).
2025-11-18 06:20:36,597 - UnicodeAnalyzer - INFO - -> Analizzando versione 0.1.5-rc.23 (93/263)...
2025-11-18 06:20:36,597 - UnicodeAnalyzer - INFO - Filtrati 2 file (es. in /dist, /test).
2025-11-18 06:20:36,597 - UnicodeAnalyzer - INFO - -> Analizzando versione 0.1.5-rc.24 (94/263)...
2025-11-18 06:20:36,597 - UnicodeAnalyzer - INFO - Filtrati 2 file (es. in /dist, /test).
2025-11-18 06:20:36,597 - UnicodeAnalyzer - INFO - -> Analizzando versione 0.1.5-rc.25 (95/263)...
2025-11-18 06:20:36,597 - UnicodeAnalyzer - INFO - Filtrati 2 file (es. in /dist, /test).
2025-11-18 06:20:36,597 - UnicodeAnalyzer - INFO - -> Analizzando versione 0.1.5-rc.26 (96/263)...
2025-11-18 06:20:36,598 - UnicodeAnalyzer - INFO - Filtrati 2 file (es. in /dist, /test).
2025-11-18 06:20:36,598 - UnicodeAnalyzer - INFO - -> Analizzando versione 0.1.5-rc.27 (97/263)...
2025-11-18 06:20:36,598 - UnicodeAnalyzer - INFO - Filtrati 2 file (es. in /dist, /test).
2025-11-18 06:20:36,598 - UnicodeAnalyzer - INFO - -> Analizzando versione 0.1.5-rc.28 (98/263)...
2025-11-18 06:20:36,598 - UnicodeAnalyzer - INFO - Filtrati 2 file (es. in /dist, /test).
2025-11-18 06:20:36,598 - UnicodeAnalyzer - INFO - -> Analizzando versione 0.1.5-rc.29 (99/263)...
2025-11-18 06:20:36,598 - UnicodeAnalyzer - INFO - Filtrati 2 file (es. in /dist, /test).
2025-11-18 06:20:36,598 - UnicodeAnalyzer - INFO - -> Analizzando versione 0.1.5-rc.3 (100/263)...
2025-11-18 06:20:36,599 - UnicodeAnalyzer - INFO - Filtrati 2 file (es. in /dist, /test).
2025-11-18 06:20:36,599 - UnicodeAnalyzer - INFO - -> Analizzando versione 0.1.5-rc.30 (101/263)...
2025-11-18 06:20:36,599 - UnicodeAnalyzer - INFO - Filtrati 2 file (es. in /dist, /test).
2025-11-18 06:20:36,599 - UnicodeAnalyzer - INFO - -> Analizzando versione 0.1.5-rc.31 (102/263)...
2025-11-18 06:20:36,599 - UnicodeAnalyzer - INFO - Filtrati 2 file (es. in /dist, /test).
2025-11-18 06:20:36,599 - UnicodeAnalyzer - INFO - -> Analizzando versione 0.1.5-rc.32 (103/263)...
2025-11-18 06:20:36,599 - UnicodeAnalyzer - INFO - Filtrati 2 file (es. in /dist, /test).
2025-11-18 06:20:36,599 - UnicodeAnalyzer - INFO - -> Analizzando versione 0.1.5-rc.33 (104/263)...
2025-11-18 06:20:36,600 - UnicodeAnalyzer - INFO - Filtrati 2 file (es. in /dist, /test).
2025-11-18 06:20:36,600 - UnicodeAnalyzer - INFO - -> Analizzando versione 0.1.5-rc.34 (105/263)...
2025-11-18 06:20:36,600 - UnicodeAnalyzer - INFO - Filtrati 2 file (es. in /dist, /test).
2025-11-18 06:20:36,600 - UnicodeAnalyzer - INFO - -> Analizzando versione 0.1.5-rc.35 (106/263)...
2025-11-18 06:20:36,600 - UnicodeAnalyzer - INFO - Filtrati 2 file (es. in /dist, /test).
2025-11-18 06:20:36,600 - UnicodeAnalyzer - INFO - -> Analizzando versione 0.1.5-rc.36 (107/263)...
2025-11-18 06:20:36,600 - UnicodeAnalyzer - INFO - Filtrati 2 file (es. in /dist, /test).
2025-11-18 06:20:36,600 - UnicodeAnalyzer - INFO - -> Analizzando versione 0.1.5-rc.37 (108/263)...
2025-11-18 06:20:36,601 - UnicodeAnalyzer - INFO - Filtrati 2 file (es. in /dist, /test).
2025-11-18 06:20:36,601 - UnicodeAnalyzer - INFO - -> Analizzando versione 0.1.5-rc.38 (109/263)...
2025-11-18 06:20:36,601 - UnicodeAnalyzer - INFO - Filtrati 2 file (es. in /dist, /test).
2025-11-18 06:20:36,601 - UnicodeAnalyzer - INFO - -> Analizzando versione 0.1.5-rc.39 (110/263)...
2025-11-18 06:20:36,601 - UnicodeAnalyzer - INFO - Filtrati 2 file (es. in /dist, /test).
2025-11-18 06:20:36,601 - UnicodeAnalyzer - INFO - -> Analizzando versione 0.1.5-rc.4 (111/263)...
2025-11-18 06:20:36,601 - UnicodeAnalyzer - INFO - Filtrati 2 file (es. in /dist, /test).
2025-11-18 06:20:36,601 - UnicodeAnalyzer - INFO - -> Analizzando versione 0.1.5-rc.40 (112/263)...
2025-11-18 06:20:36,602 - UnicodeAnalyzer - INFO - Filtrati 2 file (es. in /dist, /test).
2025-11-18 06:20:36,602 - UnicodeAnalyzer - INFO - -> Analizzando versione 0.1.5-rc.41 (113/263)...
2025-11-18 06:20:36,602 - UnicodeAnalyzer - INFO - Filtrati 2 file (es. in /dist, /test).
2025-11-18 06:20:36,602 - UnicodeAnalyzer - INFO - -> Analizzando versione 0.1.5-rc.42 (114/263)...
2025-11-18 06:20:36,602 - UnicodeAnalyzer - INFO - Filtrati 2 file (es. in /dist, /test).
2025-11-18 06:20:36,602 - UnicodeAnalyzer - INFO - -> Analizzando versione 0.1.5-rc.43 (115/263)...
2025-11-18 06:20:36,602 - UnicodeAnalyzer - INFO - Filtrati 2 file (es. in /dist, /test).
2025-11-18 06:20:36,602 - UnicodeAnalyzer - INFO - -> Analizzando versione 0.1.5-rc.44 (116/263)...
2025-11-18 06:20:36,603 - UnicodeAnalyzer - INFO - Filtrati 2 file (es. in /dist, /test).
2025-11-18 06:20:36,603 - UnicodeAnalyzer - INFO - -> Analizzando versione 0.1.5-rc.45 (117/263)...
2025-11-18 06:20:36,603 - UnicodeAnalyzer - INFO - Filtrati 2 file (es. in /dist, /test).
2025-11-18 06:20:36,603 - UnicodeAnalyzer - INFO - -> Analizzando versione 0.1.5-rc.46 (118/263)...
2025-11-18 06:20:36,603 - UnicodeAnalyzer - INFO - Filtrati 2 file (es. in /dist, /test).
2025-11-18 06:20:36,603 - UnicodeAnalyzer - INFO - -> Analizzando versione 0.1.5-rc.47 (119/263)...
2025-11-18 06:20:36,603 - UnicodeAnalyzer - INFO - Filtrati 2 file (es. in /dist, /test).
2025-11-18 06:20:36,603 - UnicodeAnalyzer - INFO - -> Analizzando versione 0.1.5-rc.5 (120/263)...
2025-11-18 06:20:36,604 - UnicodeAnalyzer - INFO - Filtrati 2 file (es. in /dist, /test).
2025-11-18 06:20:36,604 - UnicodeAnalyzer - INFO - -> Analizzando versione 0.1.5-rc.6 (121/263)...
2025-11-18 06:20:36,604 - UnicodeAnalyzer - INFO - Filtrati 2 file (es. in /dist, /test).
2025-11-18 06:20:36,604 - UnicodeAnalyzer - INFO - -> Analizzando versione 0.1.5-rc.7 (122/263)...
2025-11-18 06:20:36,604 - UnicodeAnalyzer - INFO - Filtrati 2 file (es. in /dist, /test).
2025-11-18 06:20:36,604 - UnicodeAnalyzer - INFO - -> Analizzando versione 0.1.5-rc.8 (123/263)...
2025-11-18 06:20:36,604 - UnicodeAnalyzer - INFO - Filtrati 2 file (es. in /dist, /test).
2025-11-18 06:20:36,604 - UnicodeAnalyzer - INFO - -> Analizzando versione 0.1.5-rc.9 (124/263)...
2025-11-18 06:20:36,605 - UnicodeAnalyzer - INFO - Filtrati 2 file (es. in /dist, /test).
2025-11-18 06:20:36,605 - UnicodeAnalyzer - INFO - -> Analizzando versione 1.0.0 (125/263)...
2025-11-18 06:20:36,605 - UnicodeAnalyzer - INFO - Filtrati 2 file (es. in /dist, /test).
2025-11-18 06:20:36,605 - UnicodeAnalyzer - INFO - -> Analizzando versione 1.0.0-rc.1 (126/263)...
2025-11-18 06:20:36,605 - UnicodeAnalyzer - INFO - Filtrati 2 file (es. in /dist, /test).
2025-11-18 06:20:36,605 - UnicodeAnalyzer - INFO - -> Analizzando versione 1.0.1 (127/263)...
2025-11-18 06:20:36,605 - UnicodeAnalyzer - INFO - Filtrati 2 file (es. in /dist, /test).
2025-11-18 06:20:36,605 - UnicodeAnalyzer - INFO - -> Analizzando versione 1.0.1-rc.1 (128/263)...
2025-11-18 06:20:36,606 - UnicodeAnalyzer - INFO - Filtrati 2 file (es. in /dist, /test).
2025-11-18 06:20:36,606 - UnicodeAnalyzer - INFO - -> Analizzando versione 1.0.1-rc.10 (129/263)...
2025-11-18 06:20:36,606 - UnicodeAnalyzer - INFO - Filtrati 2 file (es. in /dist, /test).
2025-11-18 06:20:36,606 - UnicodeAnalyzer - INFO - -> Analizzando versione 1.0.1-rc.11 (130/263)...
2025-11-18 06:20:36,606 - UnicodeAnalyzer - INFO - Filtrati 2 file (es. in /dist, /test).
2025-11-18 06:20:36,606 - UnicodeAnalyzer - INFO - -> Analizzando versione 1.0.1-rc.12 (131/263)...
2025-11-18 06:20:36,606 - UnicodeAnalyzer - INFO - Filtrati 2 file (es. in /dist, /test).
2025-11-18 06:20:36,606 - UnicodeAnalyzer - INFO - -> Analizzando versione 1.0.1-rc.13 (132/263)...
2025-11-18 06:20:36,607 - UnicodeAnalyzer - INFO - Filtrati 2 file (es. in /dist, /test).
2025-11-18 06:20:36,607 - UnicodeAnalyzer - INFO - -> Analizzando versione 1.0.1-rc.14 (133/263)...
2025-11-18 06:20:36,607 - UnicodeAnalyzer - INFO - Filtrati 2 file (es. in /dist, /test).
2025-11-18 06:20:36,607 - UnicodeAnalyzer - INFO - -> Analizzando versione 1.0.1-rc.15 (134/263)...
2025-11-18 06:20:36,607 - UnicodeAnalyzer - INFO - Filtrati 2 file (es. in /dist, /test).
2025-11-18 06:20:36,607 - UnicodeAnalyzer - INFO - -> Analizzando versione 1.0.1-rc.16 (135/263)...
2025-11-18 06:20:36,607 - UnicodeAnalyzer - INFO - Filtrati 2 file (es. in /dist, /test).
2025-11-18 06:20:36,607 - UnicodeAnalyzer - INFO - -> Analizzando versione 1.0.1-rc.2 (136/263)...
2025-11-18 06:20:36,608 - UnicodeAnalyzer - INFO - Filtrati 2 file (es. in /dist, /test).
2025-11-18 06:20:36,608 - UnicodeAnalyzer - INFO - -> Analizzando versione 1.0.1-rc.3 (137/263)...
2025-11-18 06:20:36,608 - UnicodeAnalyzer - INFO - Filtrati 2 file (es. in /dist, /test).
2025-11-18 06:20:36,608 - UnicodeAnalyzer - INFO - -> Analizzando versione 1.0.1-rc.4 (138/263)...
2025-11-18 06:20:36,608 - UnicodeAnalyzer - INFO - Filtrati 2 file (es. in /dist, /test).
2025-11-18 06:20:36,608 - UnicodeAnalyzer - INFO - -> Analizzando versione 1.0.1-rc.5 (139/263)...
2025-11-18 06:20:36,608 - UnicodeAnalyzer - INFO - Filtrati 2 file (es. in /dist, /test).
2025-11-18 06:20:36,608 - UnicodeAnalyzer - INFO - -> Analizzando versione 1.0.1-rc.6 (140/263)...
2025-11-18 06:20:36,609 - UnicodeAnalyzer - INFO - Filtrati 2 file (es. in /dist, /test).
2025-11-18 06:20:36,609 - UnicodeAnalyzer - INFO - -> Analizzando versione 1.0.1-rc.7 (141/263)...
2025-11-18 06:20:36,609 - UnicodeAnalyzer - INFO - Filtrati 2 file (es. in /dist, /test).
2025-11-18 06:20:36,609 - UnicodeAnalyzer - INFO - -> Analizzando versione 1.0.1-rc.8 (142/263)...
2025-11-18 06:20:36,609 - UnicodeAnalyzer - INFO - Filtrati 2 file (es. in /dist, /test).
2025-11-18 06:20:36,609 - UnicodeAnalyzer - INFO - -> Analizzando versione 1.0.1-rc.9 (143/263)...
2025-11-18 06:20:36,609 - UnicodeAnalyzer - INFO - Filtrati 2 file (es. in /dist, /test).
2025-11-18 06:20:36,609 - UnicodeAnalyzer - INFO - -> Analizzando versione 1.0.2-rc.1 (144/263)...
2025-11-18 06:20:36,610 - UnicodeAnalyzer - INFO - Filtrati 2 file (es. in /dist, /test).
2025-11-18 06:20:36,610 - UnicodeAnalyzer - INFO - -> Analizzando versione 1.1.0 (145/263)...
2025-11-18 06:20:36,610 - UnicodeAnalyzer - INFO - Filtrati 2 file (es. in /dist, /test).
2025-11-18 06:20:36,610 - UnicodeAnalyzer - INFO - -> Analizzando versione 1.1.0-rc.1 (146/263)...
2025-11-18 06:20:36,610 - UnicodeAnalyzer - INFO - Filtrati 2 file (es. in /dist, /test).
2025-11-18 06:20:36,610 - UnicodeAnalyzer - INFO - -> Analizzando versione 1.1.0-rc.2 (147/263)...
2025-11-18 06:20:36,610 - UnicodeAnalyzer - INFO - Filtrati 2 file (es. in /dist, /test).
2025-11-18 06:20:36,610 - UnicodeAnalyzer - INFO - -> Analizzando versione 1.1.0-rc.3 (148/263)...
2025-11-18 06:20:36,611 - UnicodeAnalyzer - INFO - Filtrati 2 file (es. in /dist, /test).
2025-11-18 06:20:36,611 - UnicodeAnalyzer - INFO - -> Analizzando versione 1.1.0-rc.4 (149/263)...
2025-11-18 06:20:36,611 - UnicodeAnalyzer - INFO - Filtrati 2 file (es. in /dist, /test).
2025-11-18 06:20:36,611 - UnicodeAnalyzer - INFO - -> Analizzando versione 1.1.1 (150/263)...
2025-11-18 06:20:36,611 - UnicodeAnalyzer - INFO - Filtrati 2 file (es. in /dist, /test).
2025-11-18 06:20:36,611 - UnicodeAnalyzer - INFO - -> Analizzando versione 1.1.1-rc.1 (151/263)...
2025-11-18 06:20:36,611 - UnicodeAnalyzer - INFO - Filtrati 2 file (es. in /dist, /test).
2025-11-18 06:20:36,611 - UnicodeAnalyzer - INFO - -> Analizzando versione 1.1.2 (152/263)...
2025-11-18 06:20:36,612 - UnicodeAnalyzer - INFO - Filtrati 1 file (es. in /dist, /test).
2025-11-18 06:20:36,612 - UnicodeAnalyzer - INFO - -> Analizzando versione 1.1.2-rc.1 (153/263)...
2025-11-18 06:20:36,612 - UnicodeAnalyzer - INFO - Filtrati 2 file (es. in /dist, /test).
2025-11-18 06:20:36,612 - UnicodeAnalyzer - INFO - -> Analizzando versione 1.1.2-rc.10 (154/263)...
2025-11-18 06:20:36,612 - UnicodeAnalyzer - INFO - Filtrati 2 file (es. in /dist, /test).
2025-11-18 06:20:36,612 - UnicodeAnalyzer - INFO - -> Analizzando versione 1.1.2-rc.11 (155/263)...
2025-11-18 06:20:36,613 - UnicodeAnalyzer - INFO - Filtrati 1 file (es. in /dist, /test).
2025-11-18 06:20:36,613 - UnicodeAnalyzer - INFO - -> Analizzando versione 1.1.2-rc.12 (156/263)...
2025-11-18 06:20:36,613 - UnicodeAnalyzer - INFO - Filtrati 1 file (es. in /dist, /test).
2025-11-18 06:20:36,613 - UnicodeAnalyzer - INFO - -> Analizzando versione 1.1.2-rc.13 (157/263)...
2025-11-18 06:20:36,613 - UnicodeAnalyzer - INFO - Filtrati 1 file (es. in /dist, /test).
2025-11-18 06:20:36,613 - UnicodeAnalyzer - INFO - -> Analizzando versione 1.1.2-rc.14 (158/263)...
2025-11-18 06:20:36,613 - UnicodeAnalyzer - INFO - Filtrati 1 file (es. in /dist, /test).
2025-11-18 06:20:36,613 - UnicodeAnalyzer - INFO - -> Analizzando versione 1.1.2-rc.15 (159/263)...
2025-11-18 06:20:36,613 - UnicodeAnalyzer - INFO - Filtrati 1 file (es. in /dist, /test).
2025-11-18 06:20:36,613 - UnicodeAnalyzer - INFO - -> Analizzando versione 1.1.2-rc.16 (160/263)...
2025-11-18 06:20:36,614 - UnicodeAnalyzer - INFO - Filtrati 1 file (es. in /dist, /test).
2025-11-18 06:20:36,614 - UnicodeAnalyzer - INFO - -> Analizzando versione 1.1.2-rc.2 (161/263)...
2025-11-18 06:20:36,614 - UnicodeAnalyzer - INFO - Filtrati 2 file (es. in /dist, /test).
2025-11-18 06:20:36,614 - UnicodeAnalyzer - INFO - -> Analizzando versione 1.1.2-rc.3 (162/263)...
2025-11-18 06:20:36,614 - UnicodeAnalyzer - INFO - Filtrati 2 file (es. in /dist, /test).
2025-11-18 06:20:36,614 - UnicodeAnalyzer - INFO - -> Analizzando versione 1.1.2-rc.4 (163/263)...
2025-11-18 06:20:36,614 - UnicodeAnalyzer - INFO - Filtrati 2 file (es. in /dist, /test).
2025-11-18 06:20:36,614 - UnicodeAnalyzer - INFO - -> Analizzando versione 1.1.2-rc.5 (164/263)...
2025-11-18 06:20:36,615 - UnicodeAnalyzer - INFO - Filtrati 2 file (es. in /dist, /test).
2025-11-18 06:20:36,615 - UnicodeAnalyzer - INFO - -> Analizzando versione 1.1.2-rc.6 (165/263)...
2025-11-18 06:20:36,615 - UnicodeAnalyzer - INFO - Filtrati 2 file (es. in /dist, /test).
2025-11-18 06:20:36,615 - UnicodeAnalyzer - INFO - -> Analizzando versione 1.1.2-rc.7 (166/263)...
2025-11-18 06:20:36,615 - UnicodeAnalyzer - INFO - Filtrati 2 file (es. in /dist, /test).
2025-11-18 06:20:36,615 - UnicodeAnalyzer - INFO - -> Analizzando versione 1.1.2-rc.8 (167/263)...
2025-11-18 06:20:36,615 - UnicodeAnalyzer - INFO - Filtrati 2 file (es. in /dist, /test).
2025-11-18 06:20:36,615 - UnicodeAnalyzer - INFO - -> Analizzando versione 1.1.2-rc.9 (168/263)...
2025-11-18 06:20:36,616 - UnicodeAnalyzer - INFO - Filtrati 2 file (es. in /dist, /test).
2025-11-18 06:20:36,616 - UnicodeAnalyzer - INFO - -> Analizzando versione 1.1.3 (169/263)...
2025-11-18 06:20:36,616 - UnicodeAnalyzer - INFO - Filtrati 1 file (es. in /dist, /test).
2025-11-18 06:20:36,616 - UnicodeAnalyzer - INFO - -> Analizzando versione 1.1.3-rc.1 (170/263)...
2025-11-18 06:20:36,616 - UnicodeAnalyzer - INFO - Filtrati 1 file (es. in /dist, /test).
2025-11-18 06:20:36,616 - UnicodeAnalyzer - INFO - -> Analizzando versione 1.1.3-rc.2 (171/263)...
2025-11-18 06:20:36,616 - UnicodeAnalyzer - INFO - Filtrati 1 file (es. in /dist, /test).
2025-11-18 06:20:36,616 - UnicodeAnalyzer - INFO - -> Analizzando versione 1.1.3-rc.3 (172/263)...
2025-11-18 06:20:36,617 - UnicodeAnalyzer - INFO - Filtrati 1 file (es. in /dist, /test).
2025-11-18 06:20:36,617 - UnicodeAnalyzer - INFO - -> Analizzando versione 1.1.3-rc.4 (173/263)...
2025-11-18 06:20:36,617 - UnicodeAnalyzer - INFO - Filtrati 1 file (es. in /dist, /test).
2025-11-18 06:20:36,617 - UnicodeAnalyzer - INFO - -> Analizzando versione 1.1.3-rc.5 (174/263)...
2025-11-18 06:20:36,617 - UnicodeAnalyzer - INFO - Filtrati 1 file (es. in /dist, /test).
2025-11-18 06:20:36,617 - UnicodeAnalyzer - INFO - -> Analizzando versione 1.1.3-rc.6 (175/263)...
2025-11-18 06:20:36,617 - UnicodeAnalyzer - INFO - Filtrati 1 file (es. in /dist, /test).
2025-11-18 06:20:36,618 - UnicodeAnalyzer - INFO - -> Analizzando versione 1.1.4-rc.1 (176/263)...
2025-11-18 06:20:36,618 - UnicodeAnalyzer - INFO - Filtrati 1 file (es. in /dist, /test).
2025-11-18 06:20:36,618 - UnicodeAnalyzer - INFO - -> Analizzando versione 1.1.4-rc.2 (177/263)...
2025-11-18 06:20:36,618 - UnicodeAnalyzer - INFO - Filtrati 1 file (es. in /dist, /test).
2025-11-18 06:20:36,618 - UnicodeAnalyzer - INFO - -> Analizzando versione 1.1.4-rc.3 (178/263)...
2025-11-18 06:20:36,618 - UnicodeAnalyzer - INFO - Filtrati 1 file (es. in /dist, /test).
2025-11-18 06:20:36,618 - UnicodeAnalyzer - INFO - -> Analizzando versione 1.1.4-rc.4 (179/263)...
2025-11-18 06:20:36,619 - UnicodeAnalyzer - INFO - Filtrati 1 file (es. in /dist, /test).
2025-11-18 06:20:36,619 - UnicodeAnalyzer - INFO - -> Analizzando versione 1.1.4-rc.5 (180/263)...
2025-11-18 06:20:36,619 - UnicodeAnalyzer - INFO - Filtrati 1 file (es. in /dist, /test).
2025-11-18 06:20:36,619 - UnicodeAnalyzer - INFO - -> Analizzando versione 1.1.4-rc.6 (181/263)...
2025-11-18 06:20:36,619 - UnicodeAnalyzer - INFO - Filtrati 1 file (es. in /dist, /test).
2025-11-18 06:20:36,619 - UnicodeAnalyzer - INFO - -> Analizzando versione 1.1.4-rc.7 (182/263)...
2025-11-18 06:20:36,619 - UnicodeAnalyzer - INFO - Filtrati 1 file (es. in /dist, /test).
2025-11-18 06:20:36,619 - UnicodeAnalyzer - INFO - -> Analizzando versione 1.1.4-rc.8 (183/263)...
2025-11-18 06:20:36,620 - UnicodeAnalyzer - INFO - Filtrati 1 file (es. in /dist, /test).
2025-11-18 06:20:36,620 - UnicodeAnalyzer - INFO - -> Analizzando versione 1.1.4-rc.9 (184/263)...
2025-11-18 06:20:36,620 - UnicodeAnalyzer - INFO - Filtrati 1 file (es. in /dist, /test).
2025-11-18 06:20:36,620 - UnicodeAnalyzer - INFO - -> Analizzando versione 1.2.0 (185/263)...
2025-11-18 06:20:36,620 - UnicodeAnalyzer - INFO - Filtrati 1 file (es. in /dist, /test).
2025-11-18 06:20:36,620 - UnicodeAnalyzer - INFO - -> Analizzando versione 1.2.0-rc.1 (186/263)...
2025-11-18 06:20:36,620 - UnicodeAnalyzer - INFO - Filtrati 1 file (es. in /dist, /test).
2025-11-18 06:20:36,620 - UnicodeAnalyzer - INFO - -> Analizzando versione 1.2.0-rc.2 (187/263)...
2025-11-18 06:20:36,621 - UnicodeAnalyzer - INFO - Filtrati 1 file (es. in /dist, /test).
2025-11-18 06:20:36,621 - UnicodeAnalyzer - INFO - -> Analizzando versione 1.2.0-rc.3 (188/263)...
2025-11-18 06:20:36,621 - UnicodeAnalyzer - INFO - Filtrati 1 file (es. in /dist, /test).
2025-11-18 06:20:36,621 - UnicodeAnalyzer - INFO - -> Analizzando versione 1.2.0-rc.4 (189/263)...
2025-11-18 06:20:36,621 - UnicodeAnalyzer - INFO - Filtrati 1 file (es. in /dist, /test).
2025-11-18 06:20:36,621 - UnicodeAnalyzer - INFO - -> Analizzando versione 1.2.0-rc.5 (190/263)...
2025-11-18 06:20:36,621 - UnicodeAnalyzer - INFO - Filtrati 1 file (es. in /dist, /test).
2025-11-18 06:20:36,621 - UnicodeAnalyzer - INFO - -> Analizzando versione 1.2.0-rc.6 (191/263)...
2025-11-18 06:20:36,622 - UnicodeAnalyzer - INFO - Filtrati 1 file (es. in /dist, /test).
2025-11-18 06:20:36,622 - UnicodeAnalyzer - INFO - -> Analizzando versione 1.2.0-rc.7 (192/263)...
2025-11-18 06:20:36,622 - UnicodeAnalyzer - INFO - Filtrati 1 file (es. in /dist, /test).
2025-11-18 06:20:36,622 - UnicodeAnalyzer - INFO - -> Analizzando versione 1.2.1 (193/263)...
2025-11-18 06:20:36,622 - UnicodeAnalyzer - INFO - Filtrati 1 file (es. in /dist, /test).
2025-11-18 06:20:36,622 - UnicodeAnalyzer - INFO - -> Analizzando versione 1.2.1-rc.1 (194/263)...
2025-11-18 06:20:36,622 - UnicodeAnalyzer - INFO - Filtrati 1 file (es. in /dist, /test).
2025-11-18 06:20:36,622 - UnicodeAnalyzer - INFO - -> Analizzando versione 1.2.1-rc.2 (195/263)...
2025-11-18 06:20:36,623 - UnicodeAnalyzer - INFO - Filtrati 1 file (es. in /dist, /test).
2025-11-18 06:20:36,623 - UnicodeAnalyzer - INFO - -> Analizzando versione 1.2.1-rc.3 (196/263)...
2025-11-18 06:20:36,623 - UnicodeAnalyzer - INFO - Filtrati 1 file (es. in /dist, /test).
2025-11-18 06:20:36,623 - UnicodeAnalyzer - INFO - -> Analizzando versione 1.2.2 (197/263)...
2025-11-18 06:20:36,623 - UnicodeAnalyzer - INFO - Filtrati 1 file (es. in /dist, /test).
2025-11-18 06:20:36,623 - UnicodeAnalyzer - INFO - -> Analizzando versione 1.2.2-rc.1 (198/263)...
2025-11-18 06:20:36,623 - UnicodeAnalyzer - INFO - Filtrati 1 file (es. in /dist, /test).
2025-11-18 06:20:36,623 - UnicodeAnalyzer - INFO - -> Analizzando versione 1.2.2-rc.2 (199/263)...
2025-11-18 06:20:36,624 - UnicodeAnalyzer - INFO - Filtrati 1 file (es. in /dist, /test).
2025-11-18 06:20:36,624 - UnicodeAnalyzer - INFO - -> Analizzando versione 1.2.2-rc.3 (200/263)...
2025-11-18 06:20:36,624 - UnicodeAnalyzer - INFO - Filtrati 1 file (es. in /dist, /test).
2025-11-18 06:20:36,624 - UnicodeAnalyzer - INFO - -> Analizzando versione 1.2.2-rc.4 (201/263)...
2025-11-18 06:20:36,624 - UnicodeAnalyzer - INFO - Filtrati 1 file (es. in /dist, /test).
2025-11-18 06:20:36,624 - UnicodeAnalyzer - INFO - -> Analizzando versione 1.2.3 (202/263)...
2025-11-18 06:20:36,624 - UnicodeAnalyzer - INFO - Filtrati 1 file (es. in /dist, /test).
2025-11-18 06:20:36,624 - UnicodeAnalyzer - INFO - -> Analizzando versione 1.2.3-rc.1 (203/263)...
2025-11-18 06:20:36,625 - UnicodeAnalyzer - INFO - Filtrati 1 file (es. in /dist, /test).
2025-11-18 06:20:36,625 - UnicodeAnalyzer - INFO - -> Analizzando versione 1.2.3-rc.2 (204/263)...
2025-11-18 06:20:36,625 - UnicodeAnalyzer - INFO - Filtrati 1 file (es. in /dist, /test).
2025-11-18 06:20:36,625 - UnicodeAnalyzer - INFO - -> Analizzando versione 1.2.3-rc.3 (205/263)...
2025-11-18 06:20:36,625 - UnicodeAnalyzer - INFO - Filtrati 1 file (es. in /dist, /test).
2025-11-18 06:20:36,625 - UnicodeAnalyzer - INFO - -> Analizzando versione 1.2.3-rc.4 (206/263)...
2025-11-18 06:20:36,625 - UnicodeAnalyzer - INFO - Filtrati 1 file (es. in /dist, /test).
2025-11-18 06:20:36,625 - UnicodeAnalyzer - INFO - -> Analizzando versione 1.2.3-rc.5 (207/263)...
2025-11-18 06:20:36,626 - UnicodeAnalyzer - INFO - Filtrati 1 file (es. in /dist, /test).
2025-11-18 06:20:36,626 - UnicodeAnalyzer - INFO - -> Analizzando versione 1.2.3-rc.6 (208/263)...
2025-11-18 06:20:36,626 - UnicodeAnalyzer - INFO - Filtrati 1 file (es. in /dist, /test).
2025-11-18 06:20:36,626 - UnicodeAnalyzer - INFO - -> Analizzando versione 1.2.3-rc.7 (209/263)...
2025-11-18 06:20:36,626 - UnicodeAnalyzer - INFO - Filtrati 1 file (es. in /dist, /test).
2025-11-18 06:20:36,626 - UnicodeAnalyzer - INFO - -> Analizzando versione 1.2.3-rc.8 (210/263)...
2025-11-18 06:20:36,626 - UnicodeAnalyzer - INFO - Filtrati 1 file (es. in /dist, /test).
2025-11-18 06:20:36,626 - UnicodeAnalyzer - INFO - -> Analizzando versione 1.2.3-rc.9 (211/263)...
2025-11-18 06:20:36,627 - UnicodeAnalyzer - INFO - Filtrati 1 file (es. in /dist, /test).
2025-11-18 06:20:36,627 - UnicodeAnalyzer - INFO - -> Analizzando versione 1.2.4 (212/263)...
2025-11-18 06:20:36,627 - UnicodeAnalyzer - INFO - Filtrati 1 file (es. in /dist, /test).
2025-11-18 06:20:36,627 - UnicodeAnalyzer - INFO - -> Analizzando versione 1.2.4-rc.1744311029001 (213/263)...
2025-11-18 06:20:36,627 - UnicodeAnalyzer - INFO - Filtrati 1 file (es. in /dist, /test).
2025-11-18 06:20:36,627 - UnicodeAnalyzer - INFO - -> Analizzando versione 1.2.4-rc.1744416976900 (214/263)...
2025-11-18 06:20:36,627 - UnicodeAnalyzer - INFO - Filtrati 1 file (es. in /dist, /test).
2025-11-18 06:20:36,627 - UnicodeAnalyzer - INFO - -> Analizzando versione 1.2.4-rc.1744502104733 (215/263)...
2025-11-18 06:20:36,628 - UnicodeAnalyzer - INFO - Filtrati 1 file (es. in /dist, /test).
2025-11-18 06:20:36,628 - UnicodeAnalyzer - INFO - -> Analizzando versione 1.2.4-rc.1744518250005 (216/263)...
2025-11-18 06:20:36,628 - UnicodeAnalyzer - INFO - Filtrati 1 file (es. in /dist, /test).
2025-11-18 06:20:36,628 - UnicodeAnalyzer - INFO - -> Analizzando versione 1.2.4-rc.1744519235198 (217/263)...
2025-11-18 06:20:36,628 - UnicodeAnalyzer - INFO - Filtrati 1 file (es. in /dist, /test).
2025-11-18 06:20:36,628 - UnicodeAnalyzer - INFO - -> Analizzando versione 1.2.4-rc.1744574857111 (218/263)...
2025-11-18 06:20:36,628 - UnicodeAnalyzer - INFO - Filtrati 1 file (es. in /dist, /test).
2025-11-18 06:20:36,628 - UnicodeAnalyzer - INFO - -> Analizzando versione 1.2.4-rc.1744660991666 (219/263)...
2025-11-18 06:20:36,629 - UnicodeAnalyzer - INFO - Filtrati 1 file (es. in /dist, /test).
2025-11-18 06:20:36,629 - UnicodeAnalyzer - INFO - -> Analizzando versione 1.2.4-rc.1744661316162 (220/263)...
2025-11-18 06:20:36,629 - UnicodeAnalyzer - INFO - Filtrati 1 file (es. in /dist, /test).
2025-11-18 06:20:36,629 - UnicodeAnalyzer - INFO - -> Analizzando versione 1.2.4-rc.1744830756566 (221/263)...
2025-11-18 06:20:36,629 - UnicodeAnalyzer - INFO - Filtrati 1 file (es. in /dist, /test).
2025-11-18 06:20:36,629 - UnicodeAnalyzer - INFO - -> Analizzando versione 1.2.4-rc.1744831331200 (222/263)...
2025-11-18 06:20:36,629 - UnicodeAnalyzer - INFO - Filtrati 1 file (es. in /dist, /test).
2025-11-18 06:20:36,629 - UnicodeAnalyzer - INFO - -> Analizzando versione 1.2.4-rc.1744836032308 (223/263)...
2025-11-18 06:20:36,630 - UnicodeAnalyzer - INFO - Filtrati 1 file (es. in /dist, /test).
2025-11-18 06:20:36,630 - UnicodeAnalyzer - INFO - -> Analizzando versione 1.2.4-rc.1744897529216 (224/263)...
2025-11-18 06:20:36,630 - UnicodeAnalyzer - INFO - Filtrati 1 file (es. in /dist, /test).
2025-11-18 06:20:36,630 - UnicodeAnalyzer - INFO - -> Analizzando versione 1.2.4-rc.1744898528774 (225/263)...
2025-11-18 06:20:36,630 - UnicodeAnalyzer - INFO - Filtrati 1 file (es. in /dist, /test).
2025-11-18 06:20:36,630 - UnicodeAnalyzer - INFO - -> Analizzando versione 1.2.4-rc.1744905634543 (226/263)...
2025-11-18 06:20:36,630 - UnicodeAnalyzer - INFO - Filtrati 1 file (es. in /dist, /test).
2025-11-18 06:20:36,631 - UnicodeAnalyzer - INFO - -> Analizzando versione 1.2.4-rc.1744910682821 (227/263)...
2025-11-18 06:20:36,631 - UnicodeAnalyzer - INFO - Filtrati 1 file (es. in /dist, /test).
2025-11-18 06:20:36,631 - UnicodeAnalyzer - INFO - -> Analizzando versione 1.2.5 (228/263)...
2025-11-18 06:20:36,631 - UnicodeAnalyzer - INFO - Filtrati 1 file (es. in /dist, /test).
2025-11-18 06:20:36,631 - UnicodeAnalyzer - INFO - -> Analizzando versione 1.2.5-rc.1745345395380 (229/263)...
2025-11-18 06:20:36,631 - UnicodeAnalyzer - INFO - Filtrati 1 file (es. in /dist, /test).
2025-11-18 06:20:36,631 - UnicodeAnalyzer - INFO - -> Analizzando versione 1.2.5-rc.1745439717073 (230/263)...
2025-11-18 06:20:36,632 - UnicodeAnalyzer - INFO - Filtrati 1 file (es. in /dist, /test).
2025-11-18 06:20:36,632 - UnicodeAnalyzer - INFO - -> Analizzando versione 1.2.5-rc.1745972185559 (231/263)...
2025-11-18 06:20:36,632 - UnicodeAnalyzer - INFO - Filtrati 1 file (es. in /dist, /test).
2025-11-18 06:20:36,632 - UnicodeAnalyzer - INFO - -> Analizzando versione 1.2.5-rc.1746044551800 (232/263)...
2025-11-18 06:20:36,632 - UnicodeAnalyzer - INFO - Filtrati 1 file (es. in /dist, /test).
2025-11-18 06:20:36,632 - UnicodeAnalyzer - INFO - -> Analizzando versione 1.2.5-rc.1746053194630 (233/263)...
2025-11-18 06:20:36,632 - UnicodeAnalyzer - INFO - Filtrati 1 file (es. in /dist, /test).
2025-11-18 06:20:36,632 - UnicodeAnalyzer - INFO - -> Analizzando versione 1.2.5-rc.1746075822931 (234/263)...
2025-11-18 06:20:36,633 - UnicodeAnalyzer - INFO - Filtrati 1 file (es. in /dist, /test).
2025-11-18 06:20:36,633 - UnicodeAnalyzer - INFO - -> Analizzando versione 1.2.5-rc.1746466567086 (235/263)...
2025-11-18 06:20:36,633 - UnicodeAnalyzer - INFO - Filtrati 1 file (es. in /dist, /test).
2025-11-18 06:20:36,633 - UnicodeAnalyzer - INFO - -> Analizzando versione 1.2.6 (236/263)...
2025-11-18 06:20:36,633 - UnicodeAnalyzer - INFO - Filtrati 1 file (es. in /dist, /test).
2025-11-18 06:20:36,633 - UnicodeAnalyzer - INFO - -> Analizzando versione 1.2.7 (237/263)...
2025-11-18 06:20:36,633 - UnicodeAnalyzer - INFO - Filtrati 1 file (es. in /dist, /test).
2025-11-18 06:20:36,633 - UnicodeAnalyzer - INFO - -> Analizzando versione 1.2.7-rc.1746560904918 (238/263)...
2025-11-18 06:20:36,634 - UnicodeAnalyzer - INFO - Filtrati 1 file (es. in /dist, /test).
2025-11-18 06:20:36,634 - UnicodeAnalyzer - INFO - -> Analizzando versione 1.2.7-rc.1747678980544 (239/263)...
2025-11-18 06:20:36,634 - UnicodeAnalyzer - INFO - Filtrati 1 file (es. in /dist, /test).
2025-11-18 06:20:36,634 - UnicodeAnalyzer - INFO - -> Analizzando versione 1.2.8 (240/263)...
2025-11-18 06:20:36,634 - UnicodeAnalyzer - INFO - Filtrati 1 file (es. in /dist, /test).
2025-11-18 06:20:36,634 - UnicodeAnalyzer - INFO - -> Analizzando versione 1.2.8-rc.1751501220403 (241/263)...
2025-11-18 06:20:36,634 - UnicodeAnalyzer - INFO - Filtrati 1 file (es. in /dist, /test).
2025-11-18 06:20:36,634 - UnicodeAnalyzer - INFO - -> Analizzando versione 1.2.8-rc.1752165236204 (242/263)...
2025-11-18 06:20:36,635 - UnicodeAnalyzer - INFO - Filtrati 1 file (es. in /dist, /test).
2025-11-18 06:20:36,635 - UnicodeAnalyzer - INFO - -> Analizzando versione 1.2.8-rc.1752166197873 (243/263)...
2025-11-18 06:20:36,635 - UnicodeAnalyzer - INFO - Filtrati 1 file (es. in /dist, /test).
2025-11-18 06:20:36,635 - UnicodeAnalyzer - INFO - -> Analizzando versione 1.2.8-rc.1752166434368 (244/263)...
2025-11-18 06:20:36,635 - UnicodeAnalyzer - INFO - Filtrati 1 file (es. in /dist, /test).
2025-11-18 06:20:36,635 - UnicodeAnalyzer - INFO - -> Analizzando versione 1.2.8-rc.1752166910601 (245/263)...
2025-11-18 06:20:36,635 - UnicodeAnalyzer - INFO - Filtrati 1 file (es. in /dist, /test).
2025-11-18 06:20:36,635 - UnicodeAnalyzer - INFO - -> Analizzando versione 1.2.8-rc.1752791004720 (246/263)...
2025-11-18 06:20:36,636 - UnicodeAnalyzer - INFO - Filtrati 1 file (es. in /dist, /test).
2025-11-18 06:20:36,636 - UnicodeAnalyzer - INFO - -> Analizzando versione 1.2.8-rc.1755114563302 (247/263)...
2025-11-18 06:20:36,636 - UnicodeAnalyzer - INFO - Filtrati 1 file (es. in /dist, /test).
2025-11-18 06:20:36,636 - UnicodeAnalyzer - INFO - -> Analizzando versione 1.2.8-rc.1755118410828 (248/263)...
2025-11-18 06:20:36,636 - UnicodeAnalyzer - INFO - Filtrati 1 file (es. in /dist, /test).
2025-11-18 06:20:36,636 - UnicodeAnalyzer - INFO - -> Analizzando versione 1.2.8-rc.1755201399387 (249/263)...
2025-11-18 06:20:36,636 - UnicodeAnalyzer - INFO - Filtrati 1 file (es. in /dist, /test).
2025-11-18 06:20:36,636 - UnicodeAnalyzer - INFO - -> Analizzando versione 1.2.8-rc.1755205432459 (250/263)...
2025-11-18 06:20:36,637 - UnicodeAnalyzer - INFO - Filtrati 1 file (es. in /dist, /test).
2025-11-18 06:20:36,637 - UnicodeAnalyzer - INFO - -> Analizzando versione 1.2.8-rc.1761327012562 (251/263)...
2025-11-18 06:20:36,637 - UnicodeAnalyzer - INFO - Filtrati 1 file (es. in /dist, /test).
2025-11-18 06:20:36,637 - UnicodeAnalyzer - INFO - -> Analizzando versione 1.2.8-rc.1761582029795 (252/263)...
2025-11-18 06:20:36,637 - UnicodeAnalyzer - INFO - Filtrati 1 file (es. in /dist, /test).
2025-11-18 06:20:36,637 - UnicodeAnalyzer - INFO - -> Analizzando versione 1.2.8-rc.1761614469962 (253/263)...
2025-11-18 06:20:36,637 - UnicodeAnalyzer - INFO - Filtrati 1 file (es. in /dist, /test).
2025-11-18 06:20:36,637 - UnicodeAnalyzer - INFO - -> Analizzando versione 1.2.8-rc.1761614930803 (254/263)...
2025-11-18 06:20:36,638 - UnicodeAnalyzer - INFO - Filtrati 1 file (es. in /dist, /test).
2025-11-18 06:20:36,638 - UnicodeAnalyzer - INFO - -> Analizzando versione 1.2.8-rc.1761615925003 (255/263)...
2025-11-18 06:20:36,638 - UnicodeAnalyzer - INFO - Filtrati 1 file (es. in /dist, /test).
2025-11-18 06:20:36,638 - UnicodeAnalyzer - INFO - -> Analizzando versione 1.2.8-rc.1761619701743 (256/263)...
2025-11-18 06:20:36,638 - UnicodeAnalyzer - INFO - Filtrati 1 file (es. in /dist, /test).
2025-11-18 06:20:36,638 - UnicodeAnalyzer - INFO - -> Analizzando versione 1.2.8-rc.1761620575619 (257/263)...
2025-11-18 06:20:36,638 - UnicodeAnalyzer - INFO - Filtrati 1 file (es. in /dist, /test).
2025-11-18 06:20:36,639 - UnicodeAnalyzer - INFO - -> Analizzando versione 1.2.8-rc.1761621280215 (258/263)...
2025-11-18 06:20:36,639 - UnicodeAnalyzer - INFO - Filtrati 1 file (es. in /dist, /test).
2025-11-18 06:20:36,639 - UnicodeAnalyzer - INFO - -> Analizzando versione 1.2.8-rc.1761750045307 (259/263)...
2025-11-18 06:20:36,639 - UnicodeAnalyzer - INFO - Filtrati 1 file (es. in /dist, /test).
2025-11-18 06:20:36,639 - UnicodeAnalyzer - INFO - -> Analizzando versione 1.2.8-rc.1761750294484 (260/263)...
2025-11-18 06:20:36,639 - UnicodeAnalyzer - INFO - Filtrati 1 file (es. in /dist, /test).
2025-11-18 06:20:36,639 - UnicodeAnalyzer - INFO - -> Analizzando versione 1.2.8-rc.1761752560860 (261/263)...
2025-11-18 06:20:36,640 - UnicodeAnalyzer - INFO - Filtrati 1 file (es. in /dist, /test).
2025-11-18 06:20:36,640 - UnicodeAnalyzer - INFO - -> Analizzando versione 1.2.8-rc.1761757765388 (262/263)...
2025-11-18 06:20:36,640 - UnicodeAnalyzer - INFO - Filtrati 1 file (es. in /dist, /test).
2025-11-18 06:20:36,640 - UnicodeAnalyzer - INFO - -> Analizzando versione 1.2.8-rc.1761760880074 (263/263)...
2025-11-18 06:20:36,640 - UnicodeAnalyzer - INFO - Filtrati 1 file (es. in /dist, /test).
2025-11-18 06:20:36,640 - UnicodeAnalyzer - INFO - Esportando i risultati HUT per '@radix-ui/react-popper' in CSV...
2025-11-18 06:20:36,641 - UnicodeAnalyzer - WARNING - Nessun file analizzato. I file CSV saranno vuoti.
2025-11-18 06:20:36,641 - NPM_HUT_Analyzer - INFO - Pulizia cartella temporanea 'temp_hut/@radix-ui_react-popper'...
2025-11-18 06:20:36,696 - NPM_HUT_Analyzer - INFO - Pulizia completata.
