2025-11-13 08:40:20,643 - NPM_HUT_Analyzer - INFO - Recupero metadata per 'bs58'...
2025-11-13 08:40:20,765 - NPM_HUT_Analyzer - INFO - Trovate 15 versioni. Inizio download in 'temp_hut/bs58'...
2025-11-13 08:40:27,265 - UnicodeAnalyzer - INFO - Analizzando 15 versioni per '*.js' in 'bs58'.
2025-11-13 08:40:27,265 - UnicodeAnalyzer - INFO - -> Analizzando versione 0.2.0 (1/15)...
2025-11-13 08:40:27,266 - UnicodeAnalyzer - INFO - -> Analizzando versione 0.2.1 (2/15)...
2025-11-13 08:40:27,267 - UnicodeAnalyzer - INFO - -> Analizzando versione 0.3.0 (3/15)...
2025-11-13 08:40:27,269 - UnicodeAnalyzer - INFO - -> Analizzando versione 1.0.0 (4/15)...
2025-11-13 08:40:27,270 - UnicodeAnalyzer - INFO - -> Analizzando versione 1.1.0 (5/15)...
2025-11-13 08:40:27,271 - UnicodeAnalyzer - INFO - -> Analizzando versione 1.2.0 (6/15)...
2025-11-13 08:40:27,273 - UnicodeAnalyzer - INFO - -> Analizzando versione 1.2.1 (7/15)...
2025-11-13 08:40:27,274 - UnicodeAnalyzer - INFO - -> Analizzando versione 2.0.0 (8/15)...
2025-11-13 08:40:27,275 - UnicodeAnalyzer - INFO - -> Analizzando versione 2.0.1 (9/15)...
2025-11-13 08:40:27,277 - UnicodeAnalyzer - INFO - -> Analizzando versione 3.0.0 (10/15)...
2025-11-13 08:40:27,277 - UnicodeAnalyzer - INFO - -> Analizzando versione 3.1.0 (11/15)...
2025-11-13 08:40:27,278 - UnicodeAnalyzer - INFO - -> Analizzando versione 4.0.0 (12/15)...
2025-11-13 08:40:27,279 - UnicodeAnalyzer - INFO - -> Analizzando versione 4.0.1 (13/15)...
2025-11-13 08:40:27,280 - UnicodeAnalyzer - INFO - -> Analizzando versione 5.0.0 (14/15)...
2025-11-13 08:40:27,281 - UnicodeAnalyzer - INFO - -> Analizzando versione 6.0.0 (15/15)...
2025-11-13 08:40:27,282 - UnicodeAnalyzer - INFO - Esportando i risultati HUT per 'bs58' in CSV...
2025-11-13 08:40:27,323 - UnicodeAnalyzer - INFO - Report salvati in: /app/npm_hut_results/bs58
2025-11-13 08:40:27,323 - NPM_HUT_Analyzer - INFO - Pulizia cartella temporanea 'temp_hut/bs58'...
2025-11-13 08:40:27,325 - NPM_HUT_Analyzer - INFO - Pulizia completata.
