2025-11-01 00:02:41,345 - NPM_Analyzer - INFO - Fetching metadata for '@nestjs/schematics'...
2025-11-01 00:02:41,558 - NPM_Analyzer - INFO - Found 143 versions. Starting download into 'temp/@nestjs_schematics'...
2025-11-01 00:05:48,521 - BlankSpaceAnalyzer - INFO - Analyzing 143 versions for '*.js' in '@nestjs_schematics'.
2025-11-01 00:05:48,522 - BlankSpaceAnalyzer - INFO - -> Analyzing version 0.0.0 (1/143)...
2025-11-01 00:05:48,636 - BlankSpaceAnalyzer - INFO - -> Analyzing version 1.0.0-rc.1 (2/143)...
2025-11-01 00:05:48,727 - BlankSpaceAnalyzer - INFO - -> Analyzing version 10.0.0 (3/143)...
2025-11-01 00:05:48,829 - BlankSpaceAnalyzer - INFO - -> Analyzing version 10.0.1 (4/143)...
2025-11-01 00:05:48,934 - BlankSpaceAnalyzer - INFO - -> Analyzing version 10.0.2 (5/143)...
2025-11-01 00:05:49,038 - BlankSpaceAnalyzer - INFO - -> Analyzing version 10.0.3 (6/143)...
2025-11-01 00:05:49,135 - BlankSpaceAnalyzer - INFO - -> Analyzing version 10.1.0 (7/143)...
2025-11-01 00:05:49,240 - BlankSpaceAnalyzer - INFO - -> Analyzing version 10.1.1 (8/143)...
2025-11-01 00:05:49,344 - BlankSpaceAnalyzer - INFO - -> Analyzing version 10.1.2 (9/143)...
2025-11-01 00:05:49,444 - BlankSpaceAnalyzer - INFO - -> Analyzing version 10.1.3 (10/143)...
2025-11-01 00:05:49,549 - BlankSpaceAnalyzer - INFO - -> Analyzing version 10.1.4 (11/143)...
2025-11-01 00:05:49,650 - BlankSpaceAnalyzer - INFO - -> Analyzing version 10.2.0 (12/143)...
2025-11-01 00:05:49,755 - BlankSpaceAnalyzer - INFO - -> Analyzing version 10.2.1 (13/143)...
2025-11-01 00:05:49,861 - BlankSpaceAnalyzer - INFO - -> Analyzing version 10.2.2 (14/143)...
2025-11-01 00:05:49,966 - BlankSpaceAnalyzer - INFO - -> Analyzing version 10.2.3 (15/143)...
2025-11-01 00:05:50,064 - BlankSpaceAnalyzer - INFO - -> Analyzing version 11.0.0 (16/143)...
2025-11-01 00:05:50,169 - BlankSpaceAnalyzer - INFO - -> Analyzing version 11.0.0-next.1 (17/143)...
2025-11-01 00:05:50,265 - BlankSpaceAnalyzer - INFO - -> Analyzing version 11.0.0-next.2 (18/143)...
2025-11-01 00:05:50,369 - BlankSpaceAnalyzer - INFO - -> Analyzing version 11.0.1 (19/143)...
2025-11-01 00:05:50,466 - BlankSpaceAnalyzer - INFO - -> Analyzing version 11.0.2 (20/143)...
2025-11-01 00:05:50,571 - BlankSpaceAnalyzer - INFO - -> Analyzing version 11.0.3 (21/143)...
2025-11-01 00:05:50,677 - BlankSpaceAnalyzer - INFO - -> Analyzing version 11.0.4 (22/143)...
2025-11-01 00:05:50,782 - BlankSpaceAnalyzer - INFO - -> Analyzing version 11.0.5 (23/143)...
2025-11-01 00:05:50,887 - BlankSpaceAnalyzer - INFO - -> Analyzing version 11.0.6 (24/143)...
2025-11-01 00:05:50,990 - BlankSpaceAnalyzer - INFO - -> Analyzing version 11.0.7 (25/143)...
2025-11-01 00:05:51,093 - BlankSpaceAnalyzer - INFO - -> Analyzing version 11.0.8 (26/143)...
2025-11-01 00:05:51,195 - BlankSpaceAnalyzer - INFO - -> Analyzing version 11.0.9 (27/143)...
2025-11-01 00:05:51,298 - BlankSpaceAnalyzer - INFO - -> Analyzing version 4.0.0 (28/143)...
2025-11-01 00:05:51,394 - BlankSpaceAnalyzer - INFO - -> Analyzing version 4.0.0-rc1 (29/143)...
2025-11-01 00:05:51,495 - BlankSpaceAnalyzer - INFO - -> Analyzing version 4.0.0-rc2 (30/143)...
2025-11-01 00:05:51,595 - BlankSpaceAnalyzer - INFO - -> Analyzing version 4.0.0-rc3 (31/143)...
2025-11-01 00:05:51,696 - BlankSpaceAnalyzer - INFO - -> Analyzing version 4.0.0-rc4 (32/143)...
2025-11-01 00:05:51,793 - BlankSpaceAnalyzer - INFO - -> Analyzing version 4.0.0-rc5 (33/143)...
2025-11-01 00:05:51,888 - BlankSpaceAnalyzer - INFO - -> Analyzing version 4.0.1 (34/143)...
2025-11-01 00:05:51,987 - BlankSpaceAnalyzer - INFO - -> Analyzing version 5.0.0 (35/143)...
2025-11-01 00:05:52,082 - BlankSpaceAnalyzer - INFO - -> Analyzing version 5.0.1 (36/143)...
2025-11-01 00:05:52,183 - BlankSpaceAnalyzer - INFO - -> Analyzing version 5.1.0 (37/143)...
2025-11-01 00:05:52,284 - BlankSpaceAnalyzer - INFO - -> Analyzing version 5.10.0 (38/143)...
2025-11-01 00:05:52,394 - BlankSpaceAnalyzer - INFO - -> Analyzing version 5.11.0 (39/143)...
2025-11-01 00:05:52,497 - BlankSpaceAnalyzer - INFO - -> Analyzing version 5.11.2 (40/143)...
2025-11-01 00:05:52,601 - BlankSpaceAnalyzer - INFO - -> Analyzing version 5.11.3 (41/143)...
2025-11-01 00:05:52,706 - BlankSpaceAnalyzer - INFO - -> Analyzing version 5.11.3-0 (42/143)...
2025-11-01 00:05:52,813 - BlankSpaceAnalyzer - INFO - -> Analyzing version 5.12.0 (43/143)...
2025-11-01 00:05:52,912 - BlankSpaceAnalyzer - INFO - -> Analyzing version 5.2.0 (44/143)...
2025-11-01 00:05:53,005 - BlankSpaceAnalyzer - INFO - -> Analyzing version 5.3.0 (45/143)...
2025-11-01 00:05:53,104 - BlankSpaceAnalyzer - INFO - -> Analyzing version 5.3.1 (46/143)...
2025-11-01 00:05:53,208 - BlankSpaceAnalyzer - INFO - -> Analyzing version 5.4.0 (47/143)...
2025-11-01 00:05:53,308 - BlankSpaceAnalyzer - INFO - -> Analyzing version 5.5.0 (48/143)...
2025-11-01 00:05:53,408 - BlankSpaceAnalyzer - INFO - -> Analyzing version 5.6.0 (49/143)...
2025-11-01 00:05:53,515 - BlankSpaceAnalyzer - INFO - -> Analyzing version 5.6.1 (50/143)...
2025-11-01 00:05:53,619 - BlankSpaceAnalyzer - INFO - -> Analyzing version 5.7.0 (51/143)...
2025-11-01 00:05:53,722 - BlankSpaceAnalyzer - INFO - -> Analyzing version 5.7.1 (52/143)...
2025-11-01 00:05:53,825 - BlankSpaceAnalyzer - INFO - -> Analyzing version 5.8.0 (53/143)...
2025-11-01 00:05:53,922 - BlankSpaceAnalyzer - INFO - -> Analyzing version 5.8.0-next (54/143)...
2025-11-01 00:05:54,021 - BlankSpaceAnalyzer - INFO - -> Analyzing version 5.9.0 (55/143)...
2025-11-01 00:05:54,122 - BlankSpaceAnalyzer - INFO - -> Analyzing version 5.9.1 (56/143)...
2025-11-01 00:05:54,222 - BlankSpaceAnalyzer - INFO - -> Analyzing version 5.9.5 (57/143)...
2025-11-01 00:05:54,327 - BlankSpaceAnalyzer - INFO - -> Analyzing version 5.9.6 (58/143)...
2025-11-01 00:05:54,434 - BlankSpaceAnalyzer - INFO - -> Analyzing version 5.9.7 (59/143)...
2025-11-01 00:05:54,531 - BlankSpaceAnalyzer - INFO - -> Analyzing version 6.0.1 (60/143)...
2025-11-01 00:05:54,636 - BlankSpaceAnalyzer - INFO - -> Analyzing version 6.1.0 (61/143)...
2025-11-01 00:05:54,736 - BlankSpaceAnalyzer - INFO - -> Analyzing version 6.1.0-next (62/143)...
2025-11-01 00:05:54,833 - BlankSpaceAnalyzer - INFO - -> Analyzing version 6.1.1-next (63/143)...
2025-11-01 00:05:54,930 - BlankSpaceAnalyzer - INFO - -> Analyzing version 6.1.2-next (64/143)...
2025-11-01 00:05:55,035 - BlankSpaceAnalyzer - INFO - -> Analyzing version 6.1.3-next (65/143)...
2025-11-01 00:05:55,133 - BlankSpaceAnalyzer - INFO - -> Analyzing version 6.1.4-next (66/143)...
2025-11-01 00:05:55,238 - BlankSpaceAnalyzer - INFO - -> Analyzing version 6.2.0 (67/143)...
2025-11-01 00:05:55,338 - BlankSpaceAnalyzer - INFO - -> Analyzing version 6.3.0 (68/143)...
2025-11-01 00:05:55,433 - BlankSpaceAnalyzer - INFO - -> Analyzing version 6.4.1 (69/143)...
2025-11-01 00:05:55,530 - BlankSpaceAnalyzer - INFO - -> Analyzing version 6.4.3 (70/143)...
2025-11-01 00:05:55,631 - BlankSpaceAnalyzer - INFO - -> Analyzing version 6.4.4 (71/143)...
2025-11-01 00:05:55,733 - BlankSpaceAnalyzer - INFO - -> Analyzing version 6.4.5 (72/143)...
2025-11-01 00:05:55,831 - BlankSpaceAnalyzer - INFO - -> Analyzing version 6.5.0 (73/143)...
2025-11-01 00:05:55,934 - BlankSpaceAnalyzer - INFO - -> Analyzing version 6.5.1 (74/143)...
2025-11-01 00:05:56,037 - BlankSpaceAnalyzer - INFO - -> Analyzing version 6.5.2 (75/143)...
2025-11-01 00:05:56,131 - BlankSpaceAnalyzer - INFO - -> Analyzing version 6.5.4 (76/143)...
2025-11-01 00:05:56,234 - BlankSpaceAnalyzer - INFO - -> Analyzing version 6.6.0 (77/143)...
2025-11-01 00:05:56,340 - BlankSpaceAnalyzer - INFO - -> Analyzing version 6.6.1 (78/143)...
2025-11-01 00:05:56,445 - BlankSpaceAnalyzer - INFO - -> Analyzing version 6.6.2 (79/143)...
2025-11-01 00:05:56,548 - BlankSpaceAnalyzer - INFO - -> Analyzing version 6.6.3 (80/143)...
2025-11-01 00:05:56,645 - BlankSpaceAnalyzer - INFO - -> Analyzing version 6.6.4 (81/143)...
2025-11-01 00:05:56,750 - BlankSpaceAnalyzer - INFO - -> Analyzing version 6.6.5 (82/143)...
2025-11-01 00:05:56,855 - BlankSpaceAnalyzer - INFO - -> Analyzing version 6.6.6 (83/143)...
2025-11-01 00:05:56,960 - BlankSpaceAnalyzer - INFO - -> Analyzing version 6.6.7 (84/143)...
2025-11-01 00:05:57,065 - BlankSpaceAnalyzer - INFO - -> Analyzing version 6.6.8 (85/143)...
2025-11-01 00:05:57,164 - BlankSpaceAnalyzer - INFO - -> Analyzing version 6.7.0 (86/143)...
2025-11-01 00:05:57,268 - BlankSpaceAnalyzer - INFO - -> Analyzing version 6.7.2 (87/143)...
2025-11-01 00:05:57,364 - BlankSpaceAnalyzer - INFO - -> Analyzing version 6.7.3 (88/143)...
2025-11-01 00:05:57,468 - BlankSpaceAnalyzer - INFO - -> Analyzing version 6.7.4 (89/143)...
2025-11-01 00:05:57,565 - BlankSpaceAnalyzer - INFO - -> Analyzing version 6.7.5 (90/143)...
2025-11-01 00:05:57,672 - BlankSpaceAnalyzer - INFO - -> Analyzing version 6.7.6 (91/143)...
2025-11-01 00:05:57,777 - BlankSpaceAnalyzer - INFO - -> Analyzing version 6.7.6-next.1 (92/143)...
2025-11-01 00:05:57,884 - BlankSpaceAnalyzer - INFO - -> Analyzing version 6.7.6-next.2 (93/143)...
2025-11-01 00:05:57,990 - BlankSpaceAnalyzer - INFO - -> Analyzing version 6.7.6-next.3 (94/143)...
2025-11-01 00:05:58,097 - BlankSpaceAnalyzer - INFO - -> Analyzing version 6.7.6-next.4 (95/143)...
2025-11-01 00:05:58,198 - BlankSpaceAnalyzer - INFO - -> Analyzing version 6.8.0 (96/143)...
2025-11-01 00:05:58,300 - BlankSpaceAnalyzer - INFO - -> Analyzing version 6.8.1 (97/143)...
2025-11-01 00:05:58,401 - BlankSpaceAnalyzer - INFO - -> Analyzing version 6.8.2 (98/143)...
2025-11-01 00:05:58,502 - BlankSpaceAnalyzer - INFO - -> Analyzing version 6.9.0 (99/143)...
2025-11-01 00:05:58,607 - BlankSpaceAnalyzer - INFO - -> Analyzing version 6.9.1 (100/143)...
2025-11-01 00:05:58,713 - BlankSpaceAnalyzer - INFO - -> Analyzing version 6.9.2 (101/143)...
2025-11-01 00:05:58,814 - BlankSpaceAnalyzer - INFO - -> Analyzing version 6.9.3 (102/143)...
2025-11-01 00:05:58,915 - BlankSpaceAnalyzer - INFO - -> Analyzing version 6.9.4 (103/143)...
2025-11-01 00:05:59,019 - BlankSpaceAnalyzer - INFO - -> Analyzing version 7.0.0 (104/143)...
2025-11-01 00:05:59,118 - BlankSpaceAnalyzer - INFO - -> Analyzing version 7.0.1 (105/143)...
2025-11-01 00:05:59,222 - BlankSpaceAnalyzer - INFO - -> Analyzing version 7.1.0 (106/143)...
2025-11-01 00:05:59,322 - BlankSpaceAnalyzer - INFO - -> Analyzing version 7.1.0-next.1 (107/143)...
2025-11-01 00:05:59,426 - BlankSpaceAnalyzer - INFO - -> Analyzing version 7.1.1 (108/143)...
2025-11-01 00:05:59,530 - BlankSpaceAnalyzer - INFO - -> Analyzing version 7.1.2 (109/143)...
2025-11-01 00:05:59,639 - BlankSpaceAnalyzer - INFO - -> Analyzing version 7.1.3 (110/143)...
2025-11-01 00:05:59,744 - BlankSpaceAnalyzer - INFO - -> Analyzing version 7.1.4 (111/143)...
2025-11-01 00:05:59,849 - BlankSpaceAnalyzer - INFO - -> Analyzing version 7.2.0 (112/143)...
2025-11-01 00:05:59,947 - BlankSpaceAnalyzer - INFO - -> Analyzing version 7.2.1 (113/143)...
2025-11-01 00:06:00,051 - BlankSpaceAnalyzer - INFO - -> Analyzing version 7.2.10-next.1 (114/143)...
2025-11-01 00:06:00,157 - BlankSpaceAnalyzer - INFO - -> Analyzing version 7.2.2 (115/143)...
2025-11-01 00:06:00,262 - BlankSpaceAnalyzer - INFO - -> Analyzing version 7.2.3 (116/143)...
2025-11-01 00:06:00,360 - BlankSpaceAnalyzer - INFO - -> Analyzing version 7.2.4 (117/143)...
2025-11-01 00:06:00,467 - BlankSpaceAnalyzer - INFO - -> Analyzing version 7.2.5 (118/143)...
2025-11-01 00:06:00,564 - BlankSpaceAnalyzer - INFO - -> Analyzing version 7.2.6 (119/143)...
2025-11-01 00:06:00,669 - BlankSpaceAnalyzer - INFO - -> Analyzing version 7.2.7 (120/143)...
2025-11-01 00:06:00,774 - BlankSpaceAnalyzer - INFO - -> Analyzing version 7.2.8 (121/143)...
2025-11-01 00:06:00,879 - BlankSpaceAnalyzer - INFO - -> Analyzing version 7.2.9 (122/143)...
2025-11-01 00:06:00,977 - BlankSpaceAnalyzer - INFO - -> Analyzing version 7.3.0 (123/143)...
2025-11-01 00:06:01,082 - BlankSpaceAnalyzer - INFO - -> Analyzing version 7.3.1 (124/143)...
2025-11-01 00:06:01,180 - BlankSpaceAnalyzer - INFO - -> Analyzing version 8.0.0 (125/143)...
2025-11-01 00:06:01,289 - BlankSpaceAnalyzer - INFO - -> Analyzing version 8.0.1 (126/143)...
2025-11-01 00:06:01,393 - BlankSpaceAnalyzer - INFO - -> Analyzing version 8.0.10 (127/143)...
2025-11-01 00:06:01,498 - BlankSpaceAnalyzer - INFO - -> Analyzing version 8.0.11 (128/143)...
2025-11-01 00:06:01,599 - BlankSpaceAnalyzer - INFO - -> Analyzing version 8.0.2 (129/143)...
2025-11-01 00:06:01,699 - BlankSpaceAnalyzer - INFO - -> Analyzing version 8.0.3 (130/143)...
2025-11-01 00:06:01,804 - BlankSpaceAnalyzer - INFO - -> Analyzing version 8.0.4 (131/143)...
2025-11-01 00:06:01,908 - BlankSpaceAnalyzer - INFO - -> Analyzing version 8.0.5 (132/143)...
2025-11-01 00:06:02,008 - BlankSpaceAnalyzer - INFO - -> Analyzing version 8.0.6 (133/143)...
2025-11-01 00:06:02,107 - BlankSpaceAnalyzer - INFO - -> Analyzing version 8.0.7 (134/143)...
2025-11-01 00:06:02,205 - BlankSpaceAnalyzer - INFO - -> Analyzing version 8.0.8 (135/143)...
2025-11-01 00:06:02,304 - BlankSpaceAnalyzer - INFO - -> Analyzing version 8.0.9 (136/143)...
2025-11-01 00:06:02,404 - BlankSpaceAnalyzer - INFO - -> Analyzing version 9.0.0 (137/143)...
2025-11-01 00:06:02,504 - BlankSpaceAnalyzer - INFO - -> Analyzing version 9.0.1 (138/143)...
2025-11-01 00:06:02,610 - BlankSpaceAnalyzer - INFO - -> Analyzing version 9.0.2 (139/143)...
2025-11-01 00:06:02,710 - BlankSpaceAnalyzer - INFO - -> Analyzing version 9.0.3 (140/143)...
2025-11-01 00:06:02,806 - BlankSpaceAnalyzer - INFO - -> Analyzing version 9.0.4 (141/143)...
2025-11-01 00:06:02,902 - BlankSpaceAnalyzer - INFO - -> Analyzing version 9.1.0 (142/143)...
2025-11-01 00:06:02,999 - BlankSpaceAnalyzer - INFO - -> Analyzing version 9.2.0 (143/143)...
2025-11-01 00:06:03,103 - BlankSpaceAnalyzer - INFO - Exporting results for '@nestjs/schematics' to CSV...
2025-11-01 00:06:03,336 - BlankSpaceAnalyzer - INFO - Reports saved in: /app/npm_results/@nestjs_schematics
2025-11-01 00:06:03,337 - NPM_Analyzer - INFO - Cleaning temporary folder 'temp/@nestjs_schematics'...
2025-11-01 00:06:04,110 - NPM_Analyzer - INFO - Cleanup completed.
