2025-10-24 19:16:59,134 - NPM_Analyzer - INFO - Fetching metadata for '@aws-sdk/credential-provider-sso'...
2025-10-24 19:16:59,417 - NPM_Analyzer - INFO - Found 403 versions. Starting download into 'temp/@aws-sdk_credential-provider-sso'...
2025-10-24 19:22:17,377 - BlankSpaceAnalyzer - INFO - Analyzing 403 versions for '*.js' in '@aws-sdk_credential-provider-sso'.
2025-10-24 19:22:17,377 - BlankSpaceAnalyzer - INFO - -> Analyzing version 3.10.0 (1/403)...
2025-10-24 19:22:17,460 - BlankSpaceAnalyzer - INFO - -> Analyzing version 3.100.0 (2/403)...
2025-10-24 19:22:17,530 - BlankSpaceAnalyzer - INFO - -> Analyzing version 3.105.0 (3/403)...
2025-10-24 19:22:17,601 - BlankSpaceAnalyzer - INFO - -> Analyzing version 3.109.0 (4/403)...
2025-10-24 19:22:17,678 - BlankSpaceAnalyzer - INFO - -> Analyzing version 3.11.0 (5/403)...
2025-10-24 19:22:17,753 - BlankSpaceAnalyzer - INFO - -> Analyzing version 3.110.0 (6/403)...
2025-10-24 19:22:17,826 - BlankSpaceAnalyzer - INFO - -> Analyzing version 3.112.0 (7/403)...
2025-10-24 19:22:17,896 - BlankSpaceAnalyzer - INFO - -> Analyzing version 3.118.0 (8/403)...
2025-10-24 19:22:17,973 - BlankSpaceAnalyzer - INFO - -> Analyzing version 3.118.1 (9/403)...
2025-10-24 19:22:18,052 - BlankSpaceAnalyzer - INFO - -> Analyzing version 3.12.0 (10/403)...
2025-10-24 19:22:18,126 - BlankSpaceAnalyzer - INFO - -> Analyzing version 3.121.0 (11/403)...
2025-10-24 19:22:18,202 - BlankSpaceAnalyzer - INFO - -> Analyzing version 3.127.0 (12/403)...
2025-10-24 19:22:18,275 - BlankSpaceAnalyzer - INFO - -> Analyzing version 3.128.0 (13/403)...
2025-10-24 19:22:18,349 - BlankSpaceAnalyzer - INFO - -> Analyzing version 3.13.0 (14/403)...
2025-10-24 19:22:18,428 - BlankSpaceAnalyzer - INFO - -> Analyzing version 3.13.1 (15/403)...
2025-10-24 19:22:18,504 - BlankSpaceAnalyzer - INFO - -> Analyzing version 3.130.0 (16/403)...
2025-10-24 19:22:18,575 - BlankSpaceAnalyzer - INFO - -> Analyzing version 3.131.0 (17/403)...
2025-10-24 19:22:18,650 - BlankSpaceAnalyzer - INFO - -> Analyzing version 3.137.0 (18/403)...
2025-10-24 19:22:18,724 - BlankSpaceAnalyzer - INFO - -> Analyzing version 3.14.0 (19/403)...
2025-10-24 19:22:18,794 - BlankSpaceAnalyzer - INFO - -> Analyzing version 3.141.0 (20/403)...
2025-10-24 19:22:18,871 - BlankSpaceAnalyzer - INFO - -> Analyzing version 3.142.0 (21/403)...
2025-10-24 19:22:18,949 - BlankSpaceAnalyzer - INFO - -> Analyzing version 3.145.0 (22/403)...
2025-10-24 19:22:19,025 - BlankSpaceAnalyzer - INFO - -> Analyzing version 3.15.0 (23/403)...
2025-10-24 19:22:19,101 - BlankSpaceAnalyzer - INFO - -> Analyzing version 3.150.0 (24/403)...
2025-10-24 19:22:19,178 - BlankSpaceAnalyzer - INFO - -> Analyzing version 3.154.0 (25/403)...
2025-10-24 19:22:19,254 - BlankSpaceAnalyzer - INFO - -> Analyzing version 3.159.0 (26/403)...
2025-10-24 19:22:19,331 - BlankSpaceAnalyzer - INFO - -> Analyzing version 3.16.0 (27/403)...
2025-10-24 19:22:19,407 - BlankSpaceAnalyzer - INFO - -> Analyzing version 3.160.0 (28/403)...
2025-10-24 19:22:19,483 - BlankSpaceAnalyzer - INFO - -> Analyzing version 3.161.0 (29/403)...
2025-10-24 19:22:19,560 - BlankSpaceAnalyzer - INFO - -> Analyzing version 3.162.0 (30/403)...
2025-10-24 19:22:19,636 - BlankSpaceAnalyzer - INFO - -> Analyzing version 3.163.0 (31/403)...
2025-10-24 19:22:19,712 - BlankSpaceAnalyzer - INFO - -> Analyzing version 3.165.0 (32/403)...
2025-10-24 19:22:19,789 - BlankSpaceAnalyzer - INFO - -> Analyzing version 3.168.0 (33/403)...
2025-10-24 19:22:19,866 - BlankSpaceAnalyzer - INFO - -> Analyzing version 3.169.0 (34/403)...
2025-10-24 19:22:19,943 - BlankSpaceAnalyzer - INFO - -> Analyzing version 3.17.0 (35/403)...
2025-10-24 19:22:20,016 - BlankSpaceAnalyzer - INFO - -> Analyzing version 3.170.0 (36/403)...
2025-10-24 19:22:20,088 - BlankSpaceAnalyzer - INFO - -> Analyzing version 3.171.0 (37/403)...
2025-10-24 19:22:20,165 - BlankSpaceAnalyzer - INFO - -> Analyzing version 3.178.0 (38/403)...
2025-10-24 19:22:20,237 - BlankSpaceAnalyzer - INFO - -> Analyzing version 3.18.0 (39/403)...
2025-10-24 19:22:20,307 - BlankSpaceAnalyzer - INFO - -> Analyzing version 3.180.0 (40/403)...
2025-10-24 19:22:20,377 - BlankSpaceAnalyzer - INFO - -> Analyzing version 3.181.0 (41/403)...
2025-10-24 19:22:20,452 - BlankSpaceAnalyzer - INFO - -> Analyzing version 3.183.0 (42/403)...
2025-10-24 19:22:20,526 - BlankSpaceAnalyzer - INFO - -> Analyzing version 3.185.0 (43/403)...
2025-10-24 19:22:20,596 - BlankSpaceAnalyzer - INFO - -> Analyzing version 3.186.0 (44/403)...
2025-10-24 19:22:20,672 - BlankSpaceAnalyzer - INFO - -> Analyzing version 3.188.0 (45/403)...
2025-10-24 19:22:20,748 - BlankSpaceAnalyzer - INFO - -> Analyzing version 3.19.0 (46/403)...
2025-10-24 19:22:20,823 - BlankSpaceAnalyzer - INFO - -> Analyzing version 3.190.0 (47/403)...
2025-10-24 19:22:20,899 - BlankSpaceAnalyzer - INFO - -> Analyzing version 3.193.0 (48/403)...
2025-10-24 19:22:20,976 - BlankSpaceAnalyzer - INFO - -> Analyzing version 3.196.0 (49/403)...
2025-10-24 19:22:21,053 - BlankSpaceAnalyzer - INFO - -> Analyzing version 3.197.0 (50/403)...
2025-10-24 19:22:21,126 - BlankSpaceAnalyzer - INFO - -> Analyzing version 3.198.0 (51/403)...
2025-10-24 19:22:21,195 - BlankSpaceAnalyzer - INFO - -> Analyzing version 3.199.0 (52/403)...
2025-10-24 19:22:21,271 - BlankSpaceAnalyzer - INFO - -> Analyzing version 3.20.0 (53/403)...
2025-10-24 19:22:21,348 - BlankSpaceAnalyzer - INFO - -> Analyzing version 3.200.0 (54/403)...
2025-10-24 19:22:21,422 - BlankSpaceAnalyzer - INFO - -> Analyzing version 3.201.0 (55/403)...
2025-10-24 19:22:21,492 - BlankSpaceAnalyzer - INFO - -> Analyzing version 3.202.0 (56/403)...
2025-10-24 19:22:21,568 - BlankSpaceAnalyzer - INFO - -> Analyzing version 3.204.0 (57/403)...
2025-10-24 19:22:21,644 - BlankSpaceAnalyzer - INFO - -> Analyzing version 3.208.0 (58/403)...
2025-10-24 19:22:21,719 - BlankSpaceAnalyzer - INFO - -> Analyzing version 3.209.0 (59/403)...
2025-10-24 19:22:21,789 - BlankSpaceAnalyzer - INFO - -> Analyzing version 3.21.0 (60/403)...
2025-10-24 19:22:21,864 - BlankSpaceAnalyzer - INFO - -> Analyzing version 3.210.0 (61/403)...
2025-10-24 19:22:21,937 - BlankSpaceAnalyzer - INFO - -> Analyzing version 3.211.0 (62/403)...
2025-10-24 19:22:22,008 - BlankSpaceAnalyzer - INFO - -> Analyzing version 3.212.0 (63/403)...
2025-10-24 19:22:22,084 - BlankSpaceAnalyzer - INFO - -> Analyzing version 3.215.0 (64/403)...
2025-10-24 19:22:22,162 - BlankSpaceAnalyzer - INFO - -> Analyzing version 3.216.0 (65/403)...
2025-10-24 19:22:22,238 - BlankSpaceAnalyzer - INFO - -> Analyzing version 3.218.0 (66/403)...
2025-10-24 19:22:22,314 - BlankSpaceAnalyzer - INFO - -> Analyzing version 3.22.0 (67/403)...
2025-10-24 19:22:22,389 - BlankSpaceAnalyzer - INFO - -> Analyzing version 3.222.0 (68/403)...
2025-10-24 19:22:22,465 - BlankSpaceAnalyzer - INFO - -> Analyzing version 3.223.0 (69/403)...
2025-10-24 19:22:22,543 - BlankSpaceAnalyzer - INFO - -> Analyzing version 3.224.0 (70/403)...
2025-10-24 19:22:22,619 - BlankSpaceAnalyzer - INFO - -> Analyzing version 3.226.0 (71/403)...
2025-10-24 19:22:22,696 - BlankSpaceAnalyzer - INFO - -> Analyzing version 3.229.0 (72/403)...
2025-10-24 19:22:22,773 - BlankSpaceAnalyzer - INFO - -> Analyzing version 3.23.0 (73/403)...
2025-10-24 19:22:22,850 - BlankSpaceAnalyzer - INFO - -> Analyzing version 3.231.0 (74/403)...
2025-10-24 19:22:22,927 - BlankSpaceAnalyzer - INFO - -> Analyzing version 3.234.0 (75/403)...
2025-10-24 19:22:23,004 - BlankSpaceAnalyzer - INFO - -> Analyzing version 3.235.0 (76/403)...
2025-10-24 19:22:23,081 - BlankSpaceAnalyzer - INFO - -> Analyzing version 3.236.0 (77/403)...
2025-10-24 19:22:23,158 - BlankSpaceAnalyzer - INFO - -> Analyzing version 3.238.0 (78/403)...
2025-10-24 19:22:23,236 - BlankSpaceAnalyzer - INFO - -> Analyzing version 3.24.0 (79/403)...
2025-10-24 19:22:23,304 - BlankSpaceAnalyzer - INFO - -> Analyzing version 3.241.0 (80/403)...
2025-10-24 19:22:23,376 - BlankSpaceAnalyzer - INFO - -> Analyzing version 3.245.0 (81/403)...
2025-10-24 19:22:23,453 - BlankSpaceAnalyzer - INFO - -> Analyzing version 3.25.0 (82/403)...
2025-10-24 19:22:23,529 - BlankSpaceAnalyzer - INFO - -> Analyzing version 3.252.0 (83/403)...
2025-10-24 19:22:23,606 - BlankSpaceAnalyzer - INFO - -> Analyzing version 3.254.0 (84/403)...
2025-10-24 19:22:23,677 - BlankSpaceAnalyzer - INFO - -> Analyzing version 3.256.0 (85/403)...
2025-10-24 19:22:23,753 - BlankSpaceAnalyzer - INFO - -> Analyzing version 3.257.0 (86/403)...
2025-10-24 19:22:23,829 - BlankSpaceAnalyzer - INFO - -> Analyzing version 3.258.0 (87/403)...
2025-10-24 19:22:23,906 - BlankSpaceAnalyzer - INFO - -> Analyzing version 3.259.0 (88/403)...
2025-10-24 19:22:23,982 - BlankSpaceAnalyzer - INFO - -> Analyzing version 3.261.0 (89/403)...
2025-10-24 19:22:24,059 - BlankSpaceAnalyzer - INFO - -> Analyzing version 3.264.0 (90/403)...
2025-10-24 19:22:24,132 - BlankSpaceAnalyzer - INFO - -> Analyzing version 3.266.0 (91/403)...
2025-10-24 19:22:24,201 - BlankSpaceAnalyzer - INFO - -> Analyzing version 3.266.1 (92/403)...
2025-10-24 19:22:24,278 - BlankSpaceAnalyzer - INFO - -> Analyzing version 3.267.0 (93/403)...
2025-10-24 19:22:24,355 - BlankSpaceAnalyzer - INFO - -> Analyzing version 3.27.0 (94/403)...
2025-10-24 19:22:24,431 - BlankSpaceAnalyzer - INFO - -> Analyzing version 3.271.0 (95/403)...
2025-10-24 19:22:24,507 - BlankSpaceAnalyzer - INFO - -> Analyzing version 3.272.0 (96/403)...
2025-10-24 19:22:24,577 - BlankSpaceAnalyzer - INFO - -> Analyzing version 3.278.0 (97/403)...
2025-10-24 19:22:24,653 - BlankSpaceAnalyzer - INFO - -> Analyzing version 3.279.0 (98/403)...
2025-10-24 19:22:24,729 - BlankSpaceAnalyzer - INFO - -> Analyzing version 3.28.0 (99/403)...
2025-10-24 19:22:24,805 - BlankSpaceAnalyzer - INFO - -> Analyzing version 3.281.0 (100/403)...
2025-10-24 19:22:24,874 - BlankSpaceAnalyzer - INFO - -> Analyzing version 3.282.0 (101/403)...
2025-10-24 19:22:24,950 - BlankSpaceAnalyzer - INFO - -> Analyzing version 3.287.0 (102/403)...
2025-10-24 19:22:25,027 - BlankSpaceAnalyzer - INFO - -> Analyzing version 3.288.0 (103/403)...
2025-10-24 19:22:25,103 - BlankSpaceAnalyzer - INFO - -> Analyzing version 3.289.0 (104/403)...
2025-10-24 19:22:25,179 - BlankSpaceAnalyzer - INFO - -> Analyzing version 3.29.0 (105/403)...
2025-10-24 19:22:25,255 - BlankSpaceAnalyzer - INFO - -> Analyzing version 3.290.0 (106/403)...
2025-10-24 19:22:25,328 - BlankSpaceAnalyzer - INFO - -> Analyzing version 3.292.0 (107/403)...
2025-10-24 19:22:25,398 - BlankSpaceAnalyzer - INFO - -> Analyzing version 3.293.0 (108/403)...
2025-10-24 19:22:25,475 - BlankSpaceAnalyzer - INFO - -> Analyzing version 3.294.0 (109/403)...
2025-10-24 19:22:25,551 - BlankSpaceAnalyzer - INFO - -> Analyzing version 3.295.0 (110/403)...
2025-10-24 19:22:25,624 - BlankSpaceAnalyzer - INFO - -> Analyzing version 3.296.0 (111/403)...
2025-10-24 19:22:25,695 - BlankSpaceAnalyzer - INFO - -> Analyzing version 3.297.0 (112/403)...
2025-10-24 19:22:25,772 - BlankSpaceAnalyzer - INFO - -> Analyzing version 3.298.0 (113/403)...
2025-10-24 19:22:25,849 - BlankSpaceAnalyzer - INFO - -> Analyzing version 3.299.0 (114/403)...
2025-10-24 19:22:25,923 - BlankSpaceAnalyzer - INFO - -> Analyzing version 3.30.0 (115/403)...
2025-10-24 19:22:25,992 - BlankSpaceAnalyzer - INFO - -> Analyzing version 3.300.0 (116/403)...
2025-10-24 19:22:26,068 - BlankSpaceAnalyzer - INFO - -> Analyzing version 3.301.0 (117/403)...
2025-10-24 19:22:26,144 - BlankSpaceAnalyzer - INFO - -> Analyzing version 3.303.0 (118/403)...
2025-10-24 19:22:26,218 - BlankSpaceAnalyzer - INFO - -> Analyzing version 3.306.0 (119/403)...
2025-10-24 19:22:26,289 - BlankSpaceAnalyzer - INFO - -> Analyzing version 3.309.0 (120/403)...
2025-10-24 19:22:26,365 - BlankSpaceAnalyzer - INFO - -> Analyzing version 3.31.0 (121/403)...
2025-10-24 19:22:26,440 - BlankSpaceAnalyzer - INFO - -> Analyzing version 3.310.0 (122/403)...
2025-10-24 19:22:26,515 - BlankSpaceAnalyzer - INFO - -> Analyzing version 3.315.0 (123/403)...
2025-10-24 19:22:26,585 - BlankSpaceAnalyzer - INFO - -> Analyzing version 3.316.0 (124/403)...
2025-10-24 19:22:26,660 - BlankSpaceAnalyzer - INFO - -> Analyzing version 3.319.0 (125/403)...
2025-10-24 19:22:26,737 - BlankSpaceAnalyzer - INFO - -> Analyzing version 3.32.0 (126/403)...
2025-10-24 19:22:26,812 - BlankSpaceAnalyzer - INFO - -> Analyzing version 3.321.1 (127/403)...
2025-10-24 19:22:26,888 - BlankSpaceAnalyzer - INFO - -> Analyzing version 3.325.0 (128/403)...
2025-10-24 19:22:26,963 - BlankSpaceAnalyzer - INFO - -> Analyzing version 3.326.0 (129/403)...
2025-10-24 19:22:27,040 - BlankSpaceAnalyzer - INFO - -> Analyzing version 3.327.0 (130/403)...
2025-10-24 19:22:27,115 - BlankSpaceAnalyzer - INFO - -> Analyzing version 3.328.0 (131/403)...
2025-10-24 19:22:27,185 - BlankSpaceAnalyzer - INFO - -> Analyzing version 3.329.0 (132/403)...
2025-10-24 19:22:27,262 - BlankSpaceAnalyzer - INFO - -> Analyzing version 3.33.0 (133/403)...
2025-10-24 19:22:27,333 - BlankSpaceAnalyzer - INFO - -> Analyzing version 3.332.0 (134/403)...
2025-10-24 19:22:27,402 - BlankSpaceAnalyzer - INFO - -> Analyzing version 3.335.0 (135/403)...
2025-10-24 19:22:27,473 - BlankSpaceAnalyzer - INFO - -> Analyzing version 3.337.0 (136/403)...
2025-10-24 19:22:27,547 - BlankSpaceAnalyzer - INFO - -> Analyzing version 3.338.0 (137/403)...
2025-10-24 19:22:27,624 - BlankSpaceAnalyzer - INFO - -> Analyzing version 3.34.0 (138/403)...
2025-10-24 19:22:27,698 - BlankSpaceAnalyzer - INFO - -> Analyzing version 3.341.0 (139/403)...
2025-10-24 19:22:27,774 - BlankSpaceAnalyzer - INFO - -> Analyzing version 3.342.0 (140/403)...
2025-10-24 19:22:27,850 - BlankSpaceAnalyzer - INFO - -> Analyzing version 3.344.0 (141/403)...
2025-10-24 19:22:27,924 - BlankSpaceAnalyzer - INFO - -> Analyzing version 3.345.0 (142/403)...
2025-10-24 19:22:27,994 - BlankSpaceAnalyzer - INFO - -> Analyzing version 3.347.0 (143/403)...
2025-10-24 19:22:28,071 - BlankSpaceAnalyzer - INFO - -> Analyzing version 3.348.0 (144/403)...
2025-10-24 19:22:28,148 - BlankSpaceAnalyzer - INFO - -> Analyzing version 3.35.0 (145/403)...
2025-10-24 19:22:28,222 - BlankSpaceAnalyzer - INFO - -> Analyzing version 3.350.0 (146/403)...
2025-10-24 19:22:28,299 - BlankSpaceAnalyzer - INFO - -> Analyzing version 3.352.0 (147/403)...
2025-10-24 19:22:28,375 - BlankSpaceAnalyzer - INFO - -> Analyzing version 3.353.0 (148/403)...
2025-10-24 19:22:28,452 - BlankSpaceAnalyzer - INFO - -> Analyzing version 3.354.0 (149/403)...
2025-10-24 19:22:28,528 - BlankSpaceAnalyzer - INFO - -> Analyzing version 3.357.0 (150/403)...
2025-10-24 19:22:28,604 - BlankSpaceAnalyzer - INFO - -> Analyzing version 3.358.0 (151/403)...
2025-10-24 19:22:28,679 - BlankSpaceAnalyzer - INFO - -> Analyzing version 3.36.0 (152/403)...
2025-10-24 19:22:28,754 - BlankSpaceAnalyzer - INFO - -> Analyzing version 3.36.1 (153/403)...
2025-10-24 19:22:28,826 - BlankSpaceAnalyzer - INFO - -> Analyzing version 3.360.0 (154/403)...
2025-10-24 19:22:28,896 - BlankSpaceAnalyzer - INFO - -> Analyzing version 3.362.0 (155/403)...
2025-10-24 19:22:28,971 - BlankSpaceAnalyzer - INFO - -> Analyzing version 3.363.0 (156/403)...
2025-10-24 19:22:29,050 - BlankSpaceAnalyzer - INFO - -> Analyzing version 3.369.0 (157/403)...
2025-10-24 19:22:29,123 - BlankSpaceAnalyzer - INFO - -> Analyzing version 3.37.0 (158/403)...
2025-10-24 19:22:29,192 - BlankSpaceAnalyzer - INFO - -> Analyzing version 3.370.0 (159/403)...
2025-10-24 19:22:29,268 - BlankSpaceAnalyzer - INFO - -> Analyzing version 3.378.0 (160/403)...
2025-10-24 19:22:29,344 - BlankSpaceAnalyzer - INFO - -> Analyzing version 3.379.1 (161/403)...
2025-10-24 19:22:29,419 - BlankSpaceAnalyzer - INFO - -> Analyzing version 3.38.0 (162/403)...
2025-10-24 19:22:29,487 - BlankSpaceAnalyzer - INFO - -> Analyzing version 3.382.0 (163/403)...
2025-10-24 19:22:29,564 - BlankSpaceAnalyzer - INFO - -> Analyzing version 3.385.0 (164/403)...
2025-10-24 19:22:29,640 - BlankSpaceAnalyzer - INFO - -> Analyzing version 3.386.0 (165/403)...
2025-10-24 19:22:29,716 - BlankSpaceAnalyzer - INFO - -> Analyzing version 3.387.0 (166/403)...
2025-10-24 19:22:29,793 - BlankSpaceAnalyzer - INFO - -> Analyzing version 3.388.0 (167/403)...
2025-10-24 19:22:29,870 - BlankSpaceAnalyzer - INFO - -> Analyzing version 3.39.0 (168/403)...
2025-10-24 19:22:29,945 - BlankSpaceAnalyzer - INFO - -> Analyzing version 3.391.0 (169/403)...
2025-10-24 19:22:30,018 - BlankSpaceAnalyzer - INFO - -> Analyzing version 3.395.0 (170/403)...
2025-10-24 19:22:30,089 - BlankSpaceAnalyzer - INFO - -> Analyzing version 3.398.0 (171/403)...
2025-10-24 19:22:30,164 - BlankSpaceAnalyzer - INFO - -> Analyzing version 3.40.0 (172/403)...
2025-10-24 19:22:30,239 - BlankSpaceAnalyzer - INFO - -> Analyzing version 3.405.0 (173/403)...
2025-10-24 19:22:30,314 - BlankSpaceAnalyzer - INFO - -> Analyzing version 3.408.0 (174/403)...
2025-10-24 19:22:30,383 - BlankSpaceAnalyzer - INFO - -> Analyzing version 3.409.0 (175/403)...
2025-10-24 19:22:30,460 - BlankSpaceAnalyzer - INFO - -> Analyzing version 3.41.0 (176/403)...
2025-10-24 19:22:30,536 - BlankSpaceAnalyzer - INFO - -> Analyzing version 3.410.0 (177/403)...
2025-10-24 19:22:30,615 - BlankSpaceAnalyzer - INFO - -> Analyzing version 3.413.0 (178/403)...
2025-10-24 19:22:30,683 - BlankSpaceAnalyzer - INFO - -> Analyzing version 3.414.0 (179/403)...
2025-10-24 19:22:30,760 - BlankSpaceAnalyzer - INFO - -> Analyzing version 3.418.0 (180/403)...
2025-10-24 19:22:30,832 - BlankSpaceAnalyzer - INFO - -> Analyzing version 3.421.0 (181/403)...
2025-10-24 19:22:30,902 - BlankSpaceAnalyzer - INFO - -> Analyzing version 3.423.0 (182/403)...
2025-10-24 19:22:30,972 - BlankSpaceAnalyzer - INFO - -> Analyzing version 3.425.0 (183/403)...
2025-10-24 19:22:31,049 - BlankSpaceAnalyzer - INFO - -> Analyzing version 3.427.0 (184/403)...
2025-10-24 19:22:31,122 - BlankSpaceAnalyzer - INFO - -> Analyzing version 3.428.0 (185/403)...
2025-10-24 19:22:31,192 - BlankSpaceAnalyzer - INFO - -> Analyzing version 3.429.0 (186/403)...
2025-10-24 19:22:31,267 - BlankSpaceAnalyzer - INFO - -> Analyzing version 3.430.0 (187/403)...
2025-10-24 19:22:31,344 - BlankSpaceAnalyzer - INFO - -> Analyzing version 3.431.0 (188/403)...
2025-10-24 19:22:31,419 - BlankSpaceAnalyzer - INFO - -> Analyzing version 3.433.0 (189/403)...
2025-10-24 19:22:31,492 - BlankSpaceAnalyzer - INFO - -> Analyzing version 3.435.0 (190/403)...
2025-10-24 19:22:31,572 - BlankSpaceAnalyzer - INFO - -> Analyzing version 3.436.0 (191/403)...
2025-10-24 19:22:31,647 - BlankSpaceAnalyzer - INFO - -> Analyzing version 3.437.0 (192/403)...
2025-10-24 19:22:31,723 - BlankSpaceAnalyzer - INFO - -> Analyzing version 3.438.0 (193/403)...
2025-10-24 19:22:31,799 - BlankSpaceAnalyzer - INFO - -> Analyzing version 3.441.0 (194/403)...
2025-10-24 19:22:31,875 - BlankSpaceAnalyzer - INFO - -> Analyzing version 3.445.0 (195/403)...
2025-10-24 19:22:31,951 - BlankSpaceAnalyzer - INFO - -> Analyzing version 3.449.0 (196/403)...
2025-10-24 19:22:32,025 - BlankSpaceAnalyzer - INFO - -> Analyzing version 3.45.0 (197/403)...
2025-10-24 19:22:32,094 - BlankSpaceAnalyzer - INFO - -> Analyzing version 3.450.0 (198/403)...
2025-10-24 19:22:32,169 - BlankSpaceAnalyzer - INFO - -> Analyzing version 3.451.0 (199/403)...
2025-10-24 19:22:32,246 - BlankSpaceAnalyzer - INFO - -> Analyzing version 3.458.0 (200/403)...
2025-10-24 19:22:32,326 - BlankSpaceAnalyzer - INFO - -> Analyzing version 3.46.0 (201/403)...
2025-10-24 19:22:32,400 - BlankSpaceAnalyzer - INFO - -> Analyzing version 3.460.0 (202/403)...
2025-10-24 19:22:32,476 - BlankSpaceAnalyzer - INFO - -> Analyzing version 3.465.0 (203/403)...
2025-10-24 19:22:32,552 - BlankSpaceAnalyzer - INFO - -> Analyzing version 3.468.0 (204/403)...
2025-10-24 19:22:32,629 - BlankSpaceAnalyzer - INFO - -> Analyzing version 3.47.0 (205/403)...
2025-10-24 19:22:32,704 - BlankSpaceAnalyzer - INFO - -> Analyzing version 3.47.1 (206/403)...
2025-10-24 19:22:32,772 - BlankSpaceAnalyzer - INFO - -> Analyzing version 3.47.2 (207/403)...
2025-10-24 19:22:32,846 - BlankSpaceAnalyzer - INFO - -> Analyzing version 3.470.0 (208/403)...
2025-10-24 19:22:32,920 - BlankSpaceAnalyzer - INFO - -> Analyzing version 3.474.0 (209/403)...
2025-10-24 19:22:32,989 - BlankSpaceAnalyzer - INFO - -> Analyzing version 3.476.0 (210/403)...
2025-10-24 19:22:33,066 - BlankSpaceAnalyzer - INFO - -> Analyzing version 3.477.0 (211/403)...
2025-10-24 19:22:33,141 - BlankSpaceAnalyzer - INFO - -> Analyzing version 3.478.0 (212/403)...
2025-10-24 19:22:33,215 - BlankSpaceAnalyzer - INFO - -> Analyzing version 3.48.0 (213/403)...
2025-10-24 19:22:33,283 - BlankSpaceAnalyzer - INFO - -> Analyzing version 3.481.0 (214/403)...
2025-10-24 19:22:33,360 - BlankSpaceAnalyzer - INFO - -> Analyzing version 3.484.0 (215/403)...
2025-10-24 19:22:33,436 - BlankSpaceAnalyzer - INFO - -> Analyzing version 3.485.0 (216/403)...
2025-10-24 19:22:33,512 - BlankSpaceAnalyzer - INFO - -> Analyzing version 3.489.0 (217/403)...
2025-10-24 19:22:33,588 - BlankSpaceAnalyzer - INFO - -> Analyzing version 3.49.0 (218/403)...
2025-10-24 19:22:33,663 - BlankSpaceAnalyzer - INFO - -> Analyzing version 3.490.0 (219/403)...
2025-10-24 19:22:33,739 - BlankSpaceAnalyzer - INFO - -> Analyzing version 3.495.0 (220/403)...
2025-10-24 19:22:33,815 - BlankSpaceAnalyzer - INFO - -> Analyzing version 3.496.0 (221/403)...
2025-10-24 19:22:33,891 - BlankSpaceAnalyzer - INFO - -> Analyzing version 3.50.0 (222/403)...
2025-10-24 19:22:33,966 - BlankSpaceAnalyzer - INFO - -> Analyzing version 3.501.0 (223/403)...
2025-10-24 19:22:34,038 - BlankSpaceAnalyzer - INFO - -> Analyzing version 3.502.0 (224/403)...
2025-10-24 19:22:34,108 - BlankSpaceAnalyzer - INFO - -> Analyzing version 3.503.1 (225/403)...
2025-10-24 19:22:34,177 - BlankSpaceAnalyzer - INFO - -> Analyzing version 3.504.0 (226/403)...
2025-10-24 19:22:34,253 - BlankSpaceAnalyzer - INFO - -> Analyzing version 3.507.0 (227/403)...
2025-10-24 19:22:34,327 - BlankSpaceAnalyzer - INFO - -> Analyzing version 3.51.0 (228/403)...
2025-10-24 19:22:34,397 - BlankSpaceAnalyzer - INFO - -> Analyzing version 3.511.0 (229/403)...
2025-10-24 19:22:34,473 - BlankSpaceAnalyzer - INFO - -> Analyzing version 3.513.0 (230/403)...
2025-10-24 19:22:34,549 - BlankSpaceAnalyzer - INFO - -> Analyzing version 3.515.0 (231/403)...
2025-10-24 19:22:34,627 - BlankSpaceAnalyzer - INFO - -> Analyzing version 3.52.0 (232/403)...
2025-10-24 19:22:34,702 - BlankSpaceAnalyzer - INFO - -> Analyzing version 3.521.0 (233/403)...
2025-10-24 19:22:34,778 - BlankSpaceAnalyzer - INFO - -> Analyzing version 3.523.0 (234/403)...
2025-10-24 19:22:34,855 - BlankSpaceAnalyzer - INFO - -> Analyzing version 3.525.0 (235/403)...
2025-10-24 19:22:34,932 - BlankSpaceAnalyzer - INFO - -> Analyzing version 3.529.0 (236/403)...
2025-10-24 19:22:35,008 - BlankSpaceAnalyzer - INFO - -> Analyzing version 3.529.1 (237/403)...
2025-10-24 19:22:35,085 - BlankSpaceAnalyzer - INFO - -> Analyzing version 3.53.0 (238/403)...
2025-10-24 19:22:35,160 - BlankSpaceAnalyzer - INFO - -> Analyzing version 3.533.0 (239/403)...
2025-10-24 19:22:35,240 - BlankSpaceAnalyzer - INFO - -> Analyzing version 3.535.0 (240/403)...
2025-10-24 19:22:35,315 - BlankSpaceAnalyzer - INFO - -> Analyzing version 3.54.0 (241/403)...
2025-10-24 19:22:35,391 - BlankSpaceAnalyzer - INFO - -> Analyzing version 3.54.1 (242/403)...
2025-10-24 19:22:35,467 - BlankSpaceAnalyzer - INFO - -> Analyzing version 3.540.0 (243/403)...
2025-10-24 19:22:35,543 - BlankSpaceAnalyzer - INFO - -> Analyzing version 3.549.0 (244/403)...
2025-10-24 19:22:35,624 - BlankSpaceAnalyzer - INFO - -> Analyzing version 3.55.0 (245/403)...
2025-10-24 19:22:35,697 - BlankSpaceAnalyzer - INFO - -> Analyzing version 3.552.0 (246/403)...
2025-10-24 19:22:35,774 - BlankSpaceAnalyzer - INFO - -> Analyzing version 3.554.0 (247/403)...
2025-10-24 19:22:35,850 - BlankSpaceAnalyzer - INFO - -> Analyzing version 3.556.0 (248/403)...
2025-10-24 19:22:35,926 - BlankSpaceAnalyzer - INFO - -> Analyzing version 3.56.0 (249/403)...
2025-10-24 19:22:36,003 - BlankSpaceAnalyzer - INFO - -> Analyzing version 3.564.0 (250/403)...
2025-10-24 19:22:36,080 - BlankSpaceAnalyzer - INFO - -> Analyzing version 3.565.0 (251/403)...
2025-10-24 19:22:36,156 - BlankSpaceAnalyzer - INFO - -> Analyzing version 3.567.0 (252/403)...
2025-10-24 19:22:36,232 - BlankSpaceAnalyzer - INFO - -> Analyzing version 3.568.0 (253/403)...
2025-10-24 19:22:36,309 - BlankSpaceAnalyzer - INFO - -> Analyzing version 3.572.0 (254/403)...
2025-10-24 19:22:36,386 - BlankSpaceAnalyzer - INFO - -> Analyzing version 3.575.0 (255/403)...
2025-10-24 19:22:36,463 - BlankSpaceAnalyzer - INFO - -> Analyzing version 3.576.0 (256/403)...
2025-10-24 19:22:36,539 - BlankSpaceAnalyzer - INFO - -> Analyzing version 3.577.0 (257/403)...
2025-10-24 19:22:36,616 - BlankSpaceAnalyzer - INFO - -> Analyzing version 3.58.0 (258/403)...
2025-10-24 19:22:36,692 - BlankSpaceAnalyzer - INFO - -> Analyzing version 3.582.0 (259/403)...
2025-10-24 19:22:36,768 - BlankSpaceAnalyzer - INFO - -> Analyzing version 3.583.0 (260/403)...
2025-10-24 19:22:36,847 - BlankSpaceAnalyzer - INFO - -> Analyzing version 3.587.0 (261/403)...
2025-10-24 19:22:36,923 - BlankSpaceAnalyzer - INFO - -> Analyzing version 3.588.0 (262/403)...
2025-10-24 19:22:36,999 - BlankSpaceAnalyzer - INFO - -> Analyzing version 3.590.0 (263/403)...
2025-10-24 19:22:37,077 - BlankSpaceAnalyzer - INFO - -> Analyzing version 3.592.0 (264/403)...
2025-10-24 19:22:37,153 - BlankSpaceAnalyzer - INFO - -> Analyzing version 3.598.0 (265/403)...
2025-10-24 19:22:37,227 - BlankSpaceAnalyzer - INFO - -> Analyzing version 3.609.0 (266/403)...
2025-10-24 19:22:37,297 - BlankSpaceAnalyzer - INFO - -> Analyzing version 3.614.0 (267/403)...
2025-10-24 19:22:37,373 - BlankSpaceAnalyzer - INFO - -> Analyzing version 3.616.0 (268/403)...
2025-10-24 19:22:37,450 - BlankSpaceAnalyzer - INFO - -> Analyzing version 3.620.0 (269/403)...
2025-10-24 19:22:37,526 - BlankSpaceAnalyzer - INFO - -> Analyzing version 3.620.1 (270/403)...
2025-10-24 19:22:37,602 - BlankSpaceAnalyzer - INFO - -> Analyzing version 3.621.0 (271/403)...
2025-10-24 19:22:37,672 - BlankSpaceAnalyzer - INFO - -> Analyzing version 3.622.0 (272/403)...
2025-10-24 19:22:37,747 - BlankSpaceAnalyzer - INFO - -> Analyzing version 3.623.0 (273/403)...
2025-10-24 19:22:37,823 - BlankSpaceAnalyzer - INFO - -> Analyzing version 3.624.0 (274/403)...
2025-10-24 19:22:37,898 - BlankSpaceAnalyzer - INFO - -> Analyzing version 3.629.0 (275/403)...
2025-10-24 19:22:37,974 - BlankSpaceAnalyzer - INFO - -> Analyzing version 3.631.0 (276/403)...
2025-10-24 19:22:38,052 - BlankSpaceAnalyzer - INFO - -> Analyzing version 3.632.0 (277/403)...
2025-10-24 19:22:38,126 - BlankSpaceAnalyzer - INFO - -> Analyzing version 3.635.0 (278/403)...
2025-10-24 19:22:38,196 - BlankSpaceAnalyzer - INFO - -> Analyzing version 3.637.0 (279/403)...
2025-10-24 19:22:38,271 - BlankSpaceAnalyzer - INFO - -> Analyzing version 3.645.0 (280/403)...
2025-10-24 19:22:38,349 - BlankSpaceAnalyzer - INFO - -> Analyzing version 3.649.0 (281/403)...
2025-10-24 19:22:38,423 - BlankSpaceAnalyzer - INFO - -> Analyzing version 3.650.0 (282/403)...
2025-10-24 19:22:38,493 - BlankSpaceAnalyzer - INFO - -> Analyzing version 3.651.1 (283/403)...
2025-10-24 19:22:38,568 - BlankSpaceAnalyzer - INFO - -> Analyzing version 3.654.0 (284/403)...
2025-10-24 19:22:38,643 - BlankSpaceAnalyzer - INFO - -> Analyzing version 3.658.0 (285/403)...
2025-10-24 19:22:38,720 - BlankSpaceAnalyzer - INFO - -> Analyzing version 3.658.1 (286/403)...
2025-10-24 19:22:38,796 - BlankSpaceAnalyzer - INFO - -> Analyzing version 3.662.0 (287/403)...
2025-10-24 19:22:38,872 - BlankSpaceAnalyzer - INFO - -> Analyzing version 3.664.0 (288/403)...
2025-10-24 19:22:38,948 - BlankSpaceAnalyzer - INFO - -> Analyzing version 3.665.0 (289/403)...
2025-10-24 19:22:39,022 - BlankSpaceAnalyzer - INFO - -> Analyzing version 3.666.0 (290/403)...
2025-10-24 19:22:39,091 - BlankSpaceAnalyzer - INFO - -> Analyzing version 3.667.0 (291/403)...
2025-10-24 19:22:39,166 - BlankSpaceAnalyzer - INFO - -> Analyzing version 3.668.0 (292/403)...
2025-10-24 19:22:39,242 - BlankSpaceAnalyzer - INFO - -> Analyzing version 3.669.0 (293/403)...
2025-10-24 19:22:39,319 - BlankSpaceAnalyzer - INFO - -> Analyzing version 3.67.0 (294/403)...
2025-10-24 19:22:39,395 - BlankSpaceAnalyzer - INFO - -> Analyzing version 3.670.0 (295/403)...
2025-10-24 19:22:39,471 - BlankSpaceAnalyzer - INFO - -> Analyzing version 3.675.0 (296/403)...
2025-10-24 19:22:39,547 - BlankSpaceAnalyzer - INFO - -> Analyzing version 3.677.0 (297/403)...
2025-10-24 19:22:39,620 - BlankSpaceAnalyzer - INFO - -> Analyzing version 3.678.0 (298/403)...
2025-10-24 19:22:39,690 - BlankSpaceAnalyzer - INFO - -> Analyzing version 3.679.0 (299/403)...
2025-10-24 19:22:39,765 - BlankSpaceAnalyzer - INFO - -> Analyzing version 3.682.0 (300/403)...
2025-10-24 19:22:39,842 - BlankSpaceAnalyzer - INFO - -> Analyzing version 3.686.0 (301/403)...
2025-10-24 19:22:39,918 - BlankSpaceAnalyzer - INFO - -> Analyzing version 3.687.0 (302/403)...
2025-10-24 19:22:39,994 - BlankSpaceAnalyzer - INFO - -> Analyzing version 3.691.0 (303/403)...
2025-10-24 19:22:40,072 - BlankSpaceAnalyzer - INFO - -> Analyzing version 3.692.0 (304/403)...
2025-10-24 19:22:40,148 - BlankSpaceAnalyzer - INFO - -> Analyzing version 3.693.0 (305/403)...
2025-10-24 19:22:40,223 - BlankSpaceAnalyzer - INFO - -> Analyzing version 3.696.0 (306/403)...
2025-10-24 19:22:40,299 - BlankSpaceAnalyzer - INFO - -> Analyzing version 3.699.0 (307/403)...
2025-10-24 19:22:40,376 - BlankSpaceAnalyzer - INFO - -> Analyzing version 3.7.0 (308/403)...
2025-10-24 19:22:40,451 - BlankSpaceAnalyzer - INFO - -> Analyzing version 3.709.0 (309/403)...
2025-10-24 19:22:40,528 - BlankSpaceAnalyzer - INFO - -> Analyzing version 3.712.0 (310/403)...
2025-10-24 19:22:40,603 - BlankSpaceAnalyzer - INFO - -> Analyzing version 3.713.0 (311/403)...
2025-10-24 19:22:40,673 - BlankSpaceAnalyzer - INFO - -> Analyzing version 3.714.0 (312/403)...
2025-10-24 19:22:40,749 - BlankSpaceAnalyzer - INFO - -> Analyzing version 3.716.0 (313/403)...
2025-10-24 19:22:40,822 - BlankSpaceAnalyzer - INFO - -> Analyzing version 3.72.0 (314/403)...
2025-10-24 19:22:40,892 - BlankSpaceAnalyzer - INFO - -> Analyzing version 3.721.0 (315/403)...
2025-10-24 19:22:40,969 - BlankSpaceAnalyzer - INFO - -> Analyzing version 3.723.0 (316/403)...
2025-10-24 19:22:41,045 - BlankSpaceAnalyzer - INFO - -> Analyzing version 3.726.0 (317/403)...
2025-10-24 19:22:41,121 - BlankSpaceAnalyzer - INFO - -> Analyzing version 3.730.0 (318/403)...
2025-10-24 19:22:41,198 - BlankSpaceAnalyzer - INFO - -> Analyzing version 3.731.0 (319/403)...
2025-10-24 19:22:41,275 - BlankSpaceAnalyzer - INFO - -> Analyzing version 3.731.1 (320/403)...
2025-10-24 19:22:41,352 - BlankSpaceAnalyzer - INFO - -> Analyzing version 3.734.0 (321/403)...
2025-10-24 19:22:41,428 - BlankSpaceAnalyzer - INFO - -> Analyzing version 3.74.0 (322/403)...
2025-10-24 19:22:41,504 - BlankSpaceAnalyzer - INFO - -> Analyzing version 3.743.0 (323/403)...
2025-10-24 19:22:41,574 - BlankSpaceAnalyzer - INFO - -> Analyzing version 3.744.0 (324/403)...
2025-10-24 19:22:41,649 - BlankSpaceAnalyzer - INFO - -> Analyzing version 3.749.0 (325/403)...
2025-10-24 19:22:41,725 - BlankSpaceAnalyzer - INFO - -> Analyzing version 3.75.0 (326/403)...
2025-10-24 19:22:41,801 - BlankSpaceAnalyzer - INFO - -> Analyzing version 3.750.0 (327/403)...
2025-10-24 19:22:41,876 - BlankSpaceAnalyzer - INFO - -> Analyzing version 3.758.0 (328/403)...
2025-10-24 19:22:41,952 - BlankSpaceAnalyzer - INFO - -> Analyzing version 3.76.0 (329/403)...
2025-10-24 19:22:42,025 - BlankSpaceAnalyzer - INFO - -> Analyzing version 3.772.0 (330/403)...
2025-10-24 19:22:42,096 - BlankSpaceAnalyzer - INFO - -> Analyzing version 3.774.0 (331/403)...
2025-10-24 19:22:42,172 - BlankSpaceAnalyzer - INFO - -> Analyzing version 3.775.0 (332/403)...
2025-10-24 19:22:42,248 - BlankSpaceAnalyzer - INFO - -> Analyzing version 3.777.0 (333/403)...
2025-10-24 19:22:42,321 - BlankSpaceAnalyzer - INFO - -> Analyzing version 3.78.0 (334/403)...
2025-10-24 19:22:42,391 - BlankSpaceAnalyzer - INFO - -> Analyzing version 3.782.0 (335/403)...
2025-10-24 19:22:42,472 - BlankSpaceAnalyzer - INFO - -> Analyzing version 3.787.0 (336/403)...
2025-10-24 19:22:42,545 - BlankSpaceAnalyzer - INFO - -> Analyzing version 3.79.0 (337/403)...
2025-10-24 19:22:42,619 - BlankSpaceAnalyzer - INFO - -> Analyzing version 3.796.0 (338/403)...
2025-10-24 19:22:42,688 - BlankSpaceAnalyzer - INFO - -> Analyzing version 3.797.0 (339/403)...
2025-10-24 19:22:42,764 - BlankSpaceAnalyzer - INFO - -> Analyzing version 3.798.0 (340/403)...
2025-10-24 19:22:42,840 - BlankSpaceAnalyzer - INFO - -> Analyzing version 3.799.0 (341/403)...
2025-10-24 19:22:42,916 - BlankSpaceAnalyzer - INFO - -> Analyzing version 3.8.0 (342/403)...
2025-10-24 19:22:42,991 - BlankSpaceAnalyzer - INFO - -> Analyzing version 3.80.0 (343/403)...
2025-10-24 19:22:43,068 - BlankSpaceAnalyzer - INFO - -> Analyzing version 3.803.0 (344/403)...
2025-10-24 19:22:43,144 - BlankSpaceAnalyzer - INFO - -> Analyzing version 3.804.0 (345/403)...
2025-10-24 19:22:43,218 - BlankSpaceAnalyzer - INFO - -> Analyzing version 3.806.0 (346/403)...
2025-10-24 19:22:43,288 - BlankSpaceAnalyzer - INFO - -> Analyzing version 3.808.0 (347/403)...
2025-10-24 19:22:43,365 - BlankSpaceAnalyzer - INFO - -> Analyzing version 3.81.0 (348/403)...
2025-10-24 19:22:43,441 - BlankSpaceAnalyzer - INFO - -> Analyzing version 3.810.0 (349/403)...
2025-10-24 19:22:43,517 - BlankSpaceAnalyzer - INFO - -> Analyzing version 3.812.0 (350/403)...
2025-10-24 19:22:43,593 - BlankSpaceAnalyzer - INFO - -> Analyzing version 3.816.0 (351/403)...
2025-10-24 19:22:43,668 - BlankSpaceAnalyzer - INFO - -> Analyzing version 3.817.0 (352/403)...
2025-10-24 19:22:43,740 - BlankSpaceAnalyzer - INFO - -> Analyzing version 3.82.0 (353/403)...
2025-10-24 19:22:43,812 - BlankSpaceAnalyzer - INFO - -> Analyzing version 3.821.0 (354/403)...
2025-10-24 19:22:43,888 - BlankSpaceAnalyzer - INFO - -> Analyzing version 3.823.0 (355/403)...
2025-10-24 19:22:43,964 - BlankSpaceAnalyzer - INFO - -> Analyzing version 3.825.0 (356/403)...
2025-10-24 19:22:44,041 - BlankSpaceAnalyzer - INFO - -> Analyzing version 3.826.0 (357/403)...
2025-10-24 19:22:44,115 - BlankSpaceAnalyzer - INFO - -> Analyzing version 3.828.0 (358/403)...
2025-10-24 19:22:44,186 - BlankSpaceAnalyzer - INFO - -> Analyzing version 3.830.0 (359/403)...
2025-10-24 19:22:44,262 - BlankSpaceAnalyzer - INFO - -> Analyzing version 3.835.0 (360/403)...
2025-10-24 19:22:44,337 - BlankSpaceAnalyzer - INFO - -> Analyzing version 3.839.0 (361/403)...
2025-10-24 19:22:44,413 - BlankSpaceAnalyzer - INFO - -> Analyzing version 3.840.0 (362/403)...
2025-10-24 19:22:44,489 - BlankSpaceAnalyzer - INFO - -> Analyzing version 3.844.0 (363/403)...
2025-10-24 19:22:44,565 - BlankSpaceAnalyzer - INFO - -> Analyzing version 3.845.0 (364/403)...
2025-10-24 19:22:44,641 - BlankSpaceAnalyzer - INFO - -> Analyzing version 3.846.0 (365/403)...
2025-10-24 19:22:44,715 - BlankSpaceAnalyzer - INFO - -> Analyzing version 3.848.0 (366/403)...
2025-10-24 19:22:44,786 - BlankSpaceAnalyzer - INFO - -> Analyzing version 3.85.0 (367/403)...
2025-10-24 19:22:44,862 - BlankSpaceAnalyzer - INFO - -> Analyzing version 3.855.0 (368/403)...
2025-10-24 19:22:44,939 - BlankSpaceAnalyzer - INFO - -> Analyzing version 3.856.0 (369/403)...
2025-10-24 19:22:45,014 - BlankSpaceAnalyzer - INFO - -> Analyzing version 3.857.0 (370/403)...
2025-10-24 19:22:45,091 - BlankSpaceAnalyzer - INFO - -> Analyzing version 3.858.0 (371/403)...
2025-10-24 19:22:45,167 - BlankSpaceAnalyzer - INFO - -> Analyzing version 3.859.0 (372/403)...
2025-10-24 19:22:45,243 - BlankSpaceAnalyzer - INFO - -> Analyzing version 3.862.0 (373/403)...
2025-10-24 19:22:45,318 - BlankSpaceAnalyzer - INFO - -> Analyzing version 3.863.0 (374/403)...
2025-10-24 19:22:45,390 - BlankSpaceAnalyzer - INFO - -> Analyzing version 3.864.0 (375/403)...
2025-10-24 19:22:45,466 - BlankSpaceAnalyzer - INFO - -> Analyzing version 3.872.0 (376/403)...
2025-10-24 19:22:45,541 - BlankSpaceAnalyzer - INFO - -> Analyzing version 3.873.0 (377/403)...
2025-10-24 19:22:45,617 - BlankSpaceAnalyzer - INFO - -> Analyzing version 3.876.0 (378/403)...
2025-10-24 19:22:45,693 - BlankSpaceAnalyzer - INFO - -> Analyzing version 3.879.0 (379/403)...
2025-10-24 19:22:45,770 - BlankSpaceAnalyzer - INFO - -> Analyzing version 3.882.0 (380/403)...
2025-10-24 19:22:45,846 - BlankSpaceAnalyzer - INFO - -> Analyzing version 3.883.0 (381/403)...
2025-10-24 19:22:45,923 - BlankSpaceAnalyzer - INFO - -> Analyzing version 3.886.0 (382/403)...
2025-10-24 19:22:45,999 - BlankSpaceAnalyzer - INFO - -> Analyzing version 3.887.0 (383/403)...
2025-10-24 19:22:46,076 - BlankSpaceAnalyzer - INFO - -> Analyzing version 3.888.0 (384/403)...
2025-10-24 19:22:46,152 - BlankSpaceAnalyzer - INFO - -> Analyzing version 3.890.0 (385/403)...
2025-10-24 19:22:46,228 - BlankSpaceAnalyzer - INFO - -> Analyzing version 3.891.0 (386/403)...
2025-10-24 19:22:46,299 - BlankSpaceAnalyzer - INFO - -> Analyzing version 3.893.0 (387/403)...
2025-10-24 19:22:46,376 - BlankSpaceAnalyzer - INFO - -> Analyzing version 3.894.0 (388/403)...
2025-10-24 19:22:46,452 - BlankSpaceAnalyzer - INFO - -> Analyzing version 3.895.0 (389/403)...
2025-10-24 19:22:46,528 - BlankSpaceAnalyzer - INFO - -> Analyzing version 3.896.0 (390/403)...
2025-10-24 19:22:46,605 - BlankSpaceAnalyzer - INFO - -> Analyzing version 3.899.0 (391/403)...
2025-10-24 19:22:46,681 - BlankSpaceAnalyzer - INFO - -> Analyzing version 3.9.0 (392/403)...
2025-10-24 19:22:46,757 - BlankSpaceAnalyzer - INFO - -> Analyzing version 3.901.0 (393/403)...
2025-10-24 19:22:46,830 - BlankSpaceAnalyzer - INFO - -> Analyzing version 3.906.0 (394/403)...
2025-10-24 19:22:46,902 - BlankSpaceAnalyzer - INFO - -> Analyzing version 3.907.0 (395/403)...
2025-10-24 19:22:46,973 - BlankSpaceAnalyzer - INFO - -> Analyzing version 3.908.0 (396/403)...
2025-10-24 19:22:47,048 - BlankSpaceAnalyzer - INFO - -> Analyzing version 3.910.0 (397/403)...
2025-10-24 19:22:47,122 - BlankSpaceAnalyzer - INFO - -> Analyzing version 3.911.0 (398/403)...
2025-10-24 19:22:47,192 - BlankSpaceAnalyzer - INFO - -> Analyzing version 3.914.0 (399/403)...
2025-10-24 19:22:47,268 - BlankSpaceAnalyzer - INFO - -> Analyzing version 3.916.0 (400/403)...
2025-10-24 19:22:47,343 - BlankSpaceAnalyzer - INFO - -> Analyzing version 3.94.0 (401/403)...
2025-10-24 19:22:47,419 - BlankSpaceAnalyzer - INFO - -> Analyzing version 3.95.0 (402/403)...
2025-10-24 19:22:47,495 - BlankSpaceAnalyzer - INFO - -> Analyzing version 3.99.0 (403/403)...
2025-10-24 19:22:47,592 - BlankSpaceAnalyzer - INFO - Exporting results for '@aws-sdk/credential-provider-sso' to CSV...
2025-10-24 19:22:48,021 - BlankSpaceAnalyzer - INFO - Reports saved in: /app/npm_results/@aws-sdk_credential-provider-sso
2025-10-24 19:22:48,022 - NPM_Analyzer - INFO - Cleaning temporary folder 'temp/@aws-sdk_credential-provider-sso'...
2025-10-24 19:22:48,247 - NPM_Analyzer - INFO - Cleanup completed.
