2025-10-25 05:33:08,239 - NPM_Analyzer - INFO - Fetching metadata for '@babel/plugin-transform-reserved-words'...
2025-10-25 05:33:08,368 - NPM_Analyzer - INFO - Found 83 versions. Starting download into 'temp/@babel_plugin-transform-reserved-words'...
2025-10-25 05:34:47,796 - BlankSpaceAnalyzer - INFO - Analyzing 83 versions for '*.js' in '@babel_plugin-transform-reserved-words'.
2025-10-25 05:34:47,796 - BlankSpaceAnalyzer - INFO - -> Analyzing version 7.0.0 (1/83)...
2025-10-25 05:34:47,797 - BlankSpaceAnalyzer - INFO - -> Analyzing version 7.0.0-beta.31 (2/83)...
2025-10-25 05:34:47,799 - BlankSpaceAnalyzer - INFO - -> Analyzing version 7.0.0-beta.32 (3/83)...
2025-10-25 05:34:47,800 - BlankSpaceAnalyzer - INFO - -> Analyzing version 7.0.0-beta.33 (4/83)...
2025-10-25 05:34:47,801 - BlankSpaceAnalyzer - INFO - -> Analyzing version 7.0.0-beta.34 (5/83)...
2025-10-25 05:34:47,802 - BlankSpaceAnalyzer - INFO - -> Analyzing version 7.0.0-beta.35 (6/83)...
2025-10-25 05:34:47,803 - BlankSpaceAnalyzer - INFO - -> Analyzing version 7.0.0-beta.36 (7/83)...
2025-10-25 05:34:47,804 - BlankSpaceAnalyzer - INFO - -> Analyzing version 7.0.0-beta.37 (8/83)...
2025-10-25 05:34:47,805 - BlankSpaceAnalyzer - INFO - -> Analyzing version 7.0.0-beta.38 (9/83)...
2025-10-25 05:34:47,806 - BlankSpaceAnalyzer - INFO - -> Analyzing version 7.0.0-beta.39 (10/83)...
2025-10-25 05:34:47,807 - BlankSpaceAnalyzer - INFO - -> Analyzing version 7.0.0-beta.4 (11/83)...
2025-10-25 05:34:47,808 - BlankSpaceAnalyzer - INFO - -> Analyzing version 7.0.0-beta.40 (12/83)...
2025-10-25 05:34:47,810 - BlankSpaceAnalyzer - INFO - -> Analyzing version 7.0.0-beta.41 (13/83)...
2025-10-25 05:34:47,811 - BlankSpaceAnalyzer - INFO - -> Analyzing version 7.0.0-beta.42 (14/83)...
2025-10-25 05:34:47,812 - BlankSpaceAnalyzer - INFO - -> Analyzing version 7.0.0-beta.43 (15/83)...
2025-10-25 05:34:47,813 - BlankSpaceAnalyzer - INFO - -> Analyzing version 7.0.0-beta.44 (16/83)...
2025-10-25 05:34:47,814 - BlankSpaceAnalyzer - INFO - -> Analyzing version 7.0.0-beta.45 (17/83)...
2025-10-25 05:34:47,816 - BlankSpaceAnalyzer - INFO - -> Analyzing version 7.0.0-beta.46 (18/83)...
2025-10-25 05:34:47,817 - BlankSpaceAnalyzer - INFO - -> Analyzing version 7.0.0-beta.47 (19/83)...
2025-10-25 05:34:47,818 - BlankSpaceAnalyzer - INFO - -> Analyzing version 7.0.0-beta.48 (20/83)...
2025-10-25 05:34:47,819 - BlankSpaceAnalyzer - INFO - -> Analyzing version 7.0.0-beta.49 (21/83)...
2025-10-25 05:34:47,820 - BlankSpaceAnalyzer - INFO - -> Analyzing version 7.0.0-beta.5 (22/83)...
2025-10-25 05:34:47,821 - BlankSpaceAnalyzer - INFO - -> Analyzing version 7.0.0-beta.50 (23/83)...
2025-10-25 05:34:47,821 - BlankSpaceAnalyzer - INFO - -> Analyzing version 7.0.0-beta.51 (24/83)...
2025-10-25 05:34:47,822 - BlankSpaceAnalyzer - INFO - -> Analyzing version 7.0.0-beta.52 (25/83)...
2025-10-25 05:34:47,823 - BlankSpaceAnalyzer - INFO - -> Analyzing version 7.0.0-beta.53 (26/83)...
2025-10-25 05:34:47,824 - BlankSpaceAnalyzer - INFO - -> Analyzing version 7.0.0-beta.54 (27/83)...
2025-10-25 05:34:47,824 - BlankSpaceAnalyzer - INFO - -> Analyzing version 7.0.0-beta.55 (28/83)...
2025-10-25 05:34:47,825 - BlankSpaceAnalyzer - INFO - -> Analyzing version 7.0.0-beta.56 (29/83)...
2025-10-25 05:34:47,826 - BlankSpaceAnalyzer - INFO - -> Analyzing version 7.0.0-rc.0 (30/83)...
2025-10-25 05:34:47,826 - BlankSpaceAnalyzer - INFO - -> Analyzing version 7.0.0-rc.1 (31/83)...
2025-10-25 05:34:47,827 - BlankSpaceAnalyzer - INFO - -> Analyzing version 7.0.0-rc.2 (32/83)...
2025-10-25 05:34:47,827 - BlankSpaceAnalyzer - INFO - -> Analyzing version 7.0.0-rc.3 (33/83)...
2025-10-25 05:34:47,828 - BlankSpaceAnalyzer - INFO - -> Analyzing version 7.0.0-rc.4 (34/83)...
2025-10-25 05:34:47,828 - BlankSpaceAnalyzer - INFO - -> Analyzing version 7.10.1 (35/83)...
2025-10-25 05:34:47,829 - BlankSpaceAnalyzer - INFO - -> Analyzing version 7.10.4 (36/83)...
2025-10-25 05:34:47,829 - BlankSpaceAnalyzer - INFO - -> Analyzing version 7.12.1 (37/83)...
2025-10-25 05:34:47,830 - BlankSpaceAnalyzer - INFO - -> Analyzing version 7.12.13 (38/83)...
2025-10-25 05:34:47,830 - BlankSpaceAnalyzer - INFO - -> Analyzing version 7.14.5 (39/83)...
2025-10-25 05:34:47,831 - BlankSpaceAnalyzer - INFO - -> Analyzing version 7.16.0 (40/83)...
2025-10-25 05:34:47,831 - BlankSpaceAnalyzer - INFO - -> Analyzing version 7.16.5 (41/83)...
2025-10-25 05:34:47,832 - BlankSpaceAnalyzer - INFO - -> Analyzing version 7.16.7 (42/83)...
2025-10-25 05:34:47,832 - BlankSpaceAnalyzer - INFO - -> Analyzing version 7.17.12 (43/83)...
2025-10-25 05:34:47,833 - BlankSpaceAnalyzer - INFO - -> Analyzing version 7.18.6 (44/83)...
2025-10-25 05:34:47,833 - BlankSpaceAnalyzer - INFO - -> Analyzing version 7.2.0 (45/83)...
2025-10-25 05:34:47,833 - BlankSpaceAnalyzer - INFO - -> Analyzing version 7.21.4-esm (46/83)...
2025-10-25 05:34:47,834 - BlankSpaceAnalyzer - INFO - -> Analyzing version 7.21.4-esm.1 (47/83)...
2025-10-25 05:34:47,834 - BlankSpaceAnalyzer - INFO - -> Analyzing version 7.21.4-esm.2 (48/83)...
2025-10-25 05:34:47,835 - BlankSpaceAnalyzer - INFO - -> Analyzing version 7.21.4-esm.3 (49/83)...
2025-10-25 05:34:47,835 - BlankSpaceAnalyzer - INFO - -> Analyzing version 7.21.4-esm.4 (50/83)...
2025-10-25 05:34:47,835 - BlankSpaceAnalyzer - INFO - -> Analyzing version 7.22.5 (51/83)...
2025-10-25 05:34:47,836 - BlankSpaceAnalyzer - INFO - -> Analyzing version 7.23.3 (52/83)...
2025-10-25 05:34:47,836 - BlankSpaceAnalyzer - INFO - -> Analyzing version 7.24.1 (53/83)...
2025-10-25 05:34:47,837 - BlankSpaceAnalyzer - INFO - -> Analyzing version 7.24.6 (54/83)...
2025-10-25 05:34:47,837 - BlankSpaceAnalyzer - INFO - -> Analyzing version 7.24.7 (55/83)...
2025-10-25 05:34:47,837 - BlankSpaceAnalyzer - INFO - -> Analyzing version 7.25.7 (56/83)...
2025-10-25 05:34:47,838 - BlankSpaceAnalyzer - INFO - -> Analyzing version 7.25.9 (57/83)...
2025-10-25 05:34:47,838 - BlankSpaceAnalyzer - INFO - -> Analyzing version 7.27.1 (58/83)...
2025-10-25 05:34:47,838 - BlankSpaceAnalyzer - INFO - -> Analyzing version 7.7.4 (59/83)...
2025-10-25 05:34:47,839 - BlankSpaceAnalyzer - INFO - -> Analyzing version 7.8.0 (60/83)...
2025-10-25 05:34:47,839 - BlankSpaceAnalyzer - INFO - -> Analyzing version 7.8.3 (61/83)...
2025-10-25 05:34:47,839 - BlankSpaceAnalyzer - INFO - -> Analyzing version 8.0.0-alpha.0 (62/83)...
2025-10-25 05:34:47,840 - BlankSpaceAnalyzer - INFO - -> Analyzing version 8.0.0-alpha.1 (63/83)...
2025-10-25 05:34:47,840 - BlankSpaceAnalyzer - INFO - -> Analyzing version 8.0.0-alpha.10 (64/83)...
2025-10-25 05:34:47,840 - BlankSpaceAnalyzer - INFO - -> Analyzing version 8.0.0-alpha.11 (65/83)...
2025-10-25 05:34:47,840 - BlankSpaceAnalyzer - INFO - -> Analyzing version 8.0.0-alpha.12 (66/83)...
2025-10-25 05:34:47,841 - BlankSpaceAnalyzer - INFO - -> Analyzing version 8.0.0-alpha.13 (67/83)...
2025-10-25 05:34:47,841 - BlankSpaceAnalyzer - INFO - -> Analyzing version 8.0.0-alpha.14 (68/83)...
2025-10-25 05:34:47,841 - BlankSpaceAnalyzer - INFO - -> Analyzing version 8.0.0-alpha.15 (69/83)...
2025-10-25 05:34:47,841 - BlankSpaceAnalyzer - INFO - -> Analyzing version 8.0.0-alpha.16 (70/83)...
2025-10-25 05:34:47,842 - BlankSpaceAnalyzer - INFO - -> Analyzing version 8.0.0-alpha.17 (71/83)...
2025-10-25 05:34:47,842 - BlankSpaceAnalyzer - INFO - -> Analyzing version 8.0.0-alpha.2 (72/83)...
2025-10-25 05:34:47,842 - BlankSpaceAnalyzer - INFO - -> Analyzing version 8.0.0-alpha.3 (73/83)...
2025-10-25 05:34:47,842 - BlankSpaceAnalyzer - INFO - -> Analyzing version 8.0.0-alpha.4 (74/83)...
2025-10-25 05:34:47,843 - BlankSpaceAnalyzer - INFO - -> Analyzing version 8.0.0-alpha.5 (75/83)...
2025-10-25 05:34:47,843 - BlankSpaceAnalyzer - INFO - -> Analyzing version 8.0.0-alpha.6 (76/83)...
2025-10-25 05:34:47,843 - BlankSpaceAnalyzer - INFO - -> Analyzing version 8.0.0-alpha.7 (77/83)...
2025-10-25 05:34:47,843 - BlankSpaceAnalyzer - INFO - -> Analyzing version 8.0.0-alpha.8 (78/83)...
2025-10-25 05:34:47,844 - BlankSpaceAnalyzer - INFO - -> Analyzing version 8.0.0-alpha.9 (79/83)...
2025-10-25 05:34:47,844 - BlankSpaceAnalyzer - INFO - -> Analyzing version 8.0.0-beta.0 (80/83)...
2025-10-25 05:34:47,844 - BlankSpaceAnalyzer - INFO - -> Analyzing version 8.0.0-beta.1 (81/83)...
2025-10-25 05:34:47,844 - BlankSpaceAnalyzer - INFO - -> Analyzing version 8.0.0-beta.2 (82/83)...
2025-10-25 05:34:47,845 - BlankSpaceAnalyzer - INFO - -> Analyzing version 8.0.0-beta.3 (83/83)...
2025-10-25 05:34:47,845 - BlankSpaceAnalyzer - INFO - Exporting results for '@babel/plugin-transform-reserved-words' to CSV...
2025-10-25 05:34:47,898 - BlankSpaceAnalyzer - INFO - Reports saved in: /app/npm_results/@babel_plugin-transform-reserved-words
2025-10-25 05:34:47,898 - NPM_Analyzer - INFO - Cleaning temporary folder 'temp/@babel_plugin-transform-reserved-words'...
2025-10-25 05:34:47,911 - NPM_Analyzer - INFO - Cleanup completed.
