2025-10-22 19:13:11,245 - NPM_Analyzer - INFO - Fetching metadata for 'arg'...
2025-10-22 19:13:11,372 - NPM_Analyzer - INFO - Found 14 versions. Starting download into 'temp/arg'...
2025-10-22 19:13:15,704 - BlankSpaceAnalyzer - INFO - Analyzing 14 versions for '*.js' in 'arg'.
2025-10-22 19:13:15,704 - BlankSpaceAnalyzer - INFO - -> Analyzing version 0.0.1 (1/14)...
2025-10-22 19:13:15,706 - BlankSpaceAnalyzer - INFO - -> Analyzing version 1.0.0 (2/14)...
2025-10-22 19:13:15,785 - BlankSpaceAnalyzer - INFO - -> Analyzing version 1.0.1 (3/14)...
2025-10-22 19:13:15,831 - BlankSpaceAnalyzer - INFO - -> Analyzing version 2.0.0 (4/14)...
2025-10-22 19:13:15,878 - BlankSpaceAnalyzer - INFO - -> Analyzing version 2.0.1 (5/14)...
2025-10-22 19:13:15,879 - BlankSpaceAnalyzer - INFO - -> Analyzing version 3.0.0 (6/14)...
2025-10-22 19:13:15,879 - BlankSpaceAnalyzer - INFO - -> Analyzing version 4.0.1 (7/14)...
2025-10-22 19:13:15,879 - BlankSpaceAnalyzer - INFO - -> Analyzing version 4.1.0 (8/14)...
2025-10-22 19:13:15,880 - BlankSpaceAnalyzer - INFO - -> Analyzing version 4.1.1 (9/14)...
2025-10-22 19:13:15,880 - BlankSpaceAnalyzer - INFO - -> Analyzing version 4.1.2 (10/14)...
2025-10-22 19:13:15,880 - BlankSpaceAnalyzer - INFO - -> Analyzing version 4.1.3 (11/14)...
2025-10-22 19:13:15,880 - BlankSpaceAnalyzer - INFO - -> Analyzing version 5.0.0 (12/14)...
2025-10-22 19:13:15,881 - BlankSpaceAnalyzer - INFO - -> Analyzing version 5.0.1 (13/14)...
2025-10-22 19:13:15,881 - BlankSpaceAnalyzer - INFO - -> Analyzing version 5.0.2 (14/14)...
2025-10-22 19:13:15,887 - BlankSpaceAnalyzer - INFO - Exporting results for 'arg' to CSV...
2025-10-22 19:13:15,898 - BlankSpaceAnalyzer - INFO - Reports saved in: /app/npm_results/arg
2025-10-22 19:13:15,898 - NPM_Analyzer - INFO - Cleaning temporary folder 'temp/arg'...
2025-10-22 19:13:15,900 - NPM_Analyzer - INFO - Cleanup completed.
