2025-11-11 15:35:33,292 - NPM_HUT_Analyzer - INFO - Recupero metadata per 'slice-ansi'...
2025-11-11 15:35:33,372 - NPM_HUT_Analyzer - INFO - Trovate 14 versioni. Inizio download in 'temp_hut/slice-ansi'...
2025-11-11 15:35:39,527 - UnicodeAnalyzer - INFO - Analizzando 14 versioni per '*.js' in 'slice-ansi'.
2025-11-11 15:35:39,528 - UnicodeAnalyzer - INFO - -> Analizzando versione 0.0.2 (1/14)...
2025-11-11 15:35:39,529 - UnicodeAnalyzer - INFO - -> Analizzando versione 0.0.3 (2/14)...
2025-11-11 15:35:39,530 - UnicodeAnalyzer - INFO - -> Analizzando versione 0.0.4 (3/14)...
2025-11-11 15:35:39,532 - UnicodeAnalyzer - INFO - -> Analizzando versione 0.1.0 (4/14)...
2025-11-11 15:35:39,533 - UnicodeAnalyzer - INFO - -> Analizzando versione 1.0.0 (5/14)...
2025-11-11 15:35:39,534 - UnicodeAnalyzer - INFO - -> Analizzando versione 2.0.0 (6/14)...
2025-11-11 15:35:39,536 - UnicodeAnalyzer - INFO - -> Analizzando versione 2.1.0 (7/14)...
2025-11-11 15:35:39,537 - UnicodeAnalyzer - INFO - -> Analizzando versione 3.0.0 (8/14)...
2025-11-11 15:35:39,538 - UnicodeAnalyzer - INFO - -> Analizzando versione 4.0.0 (9/14)...
2025-11-11 15:35:39,540 - UnicodeAnalyzer - INFO - -> Analizzando versione 5.0.0 (10/14)...
2025-11-11 15:35:39,541 - UnicodeAnalyzer - INFO - -> Analizzando versione 6.0.0 (11/14)...
2025-11-11 15:35:39,543 - UnicodeAnalyzer - INFO - -> Analizzando versione 7.0.0 (12/14)...
2025-11-11 15:35:39,545 - UnicodeAnalyzer - INFO - -> Analizzando versione 7.1.0 (13/14)...
2025-11-11 15:35:39,547 - UnicodeAnalyzer - INFO - -> Analizzando versione 7.1.2 (14/14)...
2025-11-11 15:35:39,549 - UnicodeAnalyzer - INFO - Esportando i risultati HUT per 'slice-ansi' in CSV...
2025-11-11 15:35:39,582 - UnicodeAnalyzer - INFO - Report salvati in: /app/npm_hut_results/slice-ansi
2025-11-11 15:35:39,583 - NPM_HUT_Analyzer - INFO - Pulizia cartella temporanea 'temp_hut/slice-ansi'...
2025-11-11 15:35:39,584 - NPM_HUT_Analyzer - INFO - Pulizia completata.
