2025-10-25 19:37:29,406 - NPM_Analyzer - INFO - Fetching metadata for '@adobe/css-tools'...
2025-10-25 19:37:29,696 - NPM_Analyzer - INFO - Found 21 versions. Starting download into 'temp/@adobe_css-tools'...
2025-10-25 19:37:50,415 - BlankSpaceAnalyzer - INFO - Analyzing 21 versions for '*.js' in '@adobe_css-tools'.
2025-10-25 19:37:50,416 - BlankSpaceAnalyzer - INFO - -> Analyzing version 4.0.0 (1/21)...
2025-10-25 19:37:50,517 - BlankSpaceAnalyzer - INFO - -> Analyzing version 4.0.0-rc.2 (2/21)...
2025-10-25 19:37:50,588 - BlankSpaceAnalyzer - INFO - -> Analyzing version 4.0.0-rc.3 (3/21)...
2025-10-25 19:37:50,658 - BlankSpaceAnalyzer - INFO - -> Analyzing version 4.0.0-rc.4 (4/21)...
2025-10-25 19:37:50,733 - BlankSpaceAnalyzer - INFO - -> Analyzing version 4.0.1 (5/21)...
2025-10-25 19:37:50,806 - BlankSpaceAnalyzer - INFO - -> Analyzing version 4.0.2 (6/21)...
2025-10-25 19:37:50,876 - BlankSpaceAnalyzer - INFO - -> Analyzing version 4.1.0 (7/21)...
2025-10-25 19:37:50,947 - BlankSpaceAnalyzer - INFO - -> Analyzing version 4.2.0 (8/21)...
2025-10-25 19:37:51,021 - BlankSpaceAnalyzer - INFO - -> Analyzing version 4.2.0-beta.1 (9/21)...
2025-10-25 19:37:51,022 - BlankSpaceAnalyzer - INFO - -> Analyzing version 4.3.0 (10/21)...
2025-10-25 19:37:51,022 - BlankSpaceAnalyzer - INFO - -> Analyzing version 4.3.0-beta.1 (11/21)...
2025-10-25 19:37:51,022 - BlankSpaceAnalyzer - INFO - -> Analyzing version 4.3.0-beta.2 (12/21)...
2025-10-25 19:37:51,022 - BlankSpaceAnalyzer - INFO - -> Analyzing version 4.3.0-rc.1 (13/21)...
2025-10-25 19:37:51,022 - BlankSpaceAnalyzer - INFO - -> Analyzing version 4.3.1 (14/21)...
2025-10-25 19:37:51,023 - BlankSpaceAnalyzer - INFO - -> Analyzing version 4.3.2 (15/21)...
2025-10-25 19:37:51,023 - BlankSpaceAnalyzer - INFO - -> Analyzing version 4.3.3 (16/21)...
2025-10-25 19:37:51,023 - BlankSpaceAnalyzer - INFO - -> Analyzing version 4.4.0 (17/21)...
2025-10-25 19:37:51,023 - BlankSpaceAnalyzer - INFO - -> Analyzing version 4.4.1 (18/21)...
2025-10-25 19:37:51,023 - BlankSpaceAnalyzer - INFO - -> Analyzing version 4.4.2 (19/21)...
2025-10-25 19:37:51,023 - BlankSpaceAnalyzer - INFO - -> Analyzing version 4.4.3 (20/21)...
2025-10-25 19:37:51,024 - BlankSpaceAnalyzer - INFO - -> Analyzing version 4.4.4 (21/21)...
2025-10-25 19:37:51,025 - BlankSpaceAnalyzer - INFO - Exporting results for '@adobe/css-tools' to CSV...
2025-10-25 19:37:51,045 - BlankSpaceAnalyzer - INFO - Reports saved in: /app/npm_results/@adobe_css-tools
2025-10-25 19:37:51,046 - NPM_Analyzer - INFO - Cleaning temporary folder 'temp/@adobe_css-tools'...
2025-10-25 19:37:51,054 - NPM_Analyzer - INFO - Cleanup completed.
