2025-11-15 20:39:00,284 - NPM_HUT_Analyzer - INFO - Recupero metadata per 'd3-drag'...
2025-11-15 20:39:00,420 - NPM_HUT_Analyzer - INFO - Trovate 28 versioni. Inizio download in 'temp_hut/d3-drag'...
2025-11-15 20:39:24,423 - UnicodeAnalyzer - INFO - Analizzando 28 versioni per '*.js' in 'd3-drag'.
2025-11-15 20:39:24,423 - UnicodeAnalyzer - INFO - -> Analizzando versione 0.0.1 (1/28)...
2025-11-15 20:39:24,425 - UnicodeAnalyzer - INFO - Filtrati 3 file (es. in /dist, /test).
2025-11-15 20:39:24,425 - UnicodeAnalyzer - INFO - -> Analizzando versione 0.1.0 (2/28)...
2025-11-15 20:39:24,427 - UnicodeAnalyzer - INFO - Filtrati 3 file (es. in /dist, /test).
2025-11-15 20:39:24,494 - UnicodeAnalyzer - INFO - -> Analizzando versione 0.1.1 (3/28)...
2025-11-15 20:39:24,495 - UnicodeAnalyzer - INFO - Filtrati 3 file (es. in /dist, /test).
2025-11-15 20:39:24,538 - UnicodeAnalyzer - INFO - -> Analizzando versione 0.1.2 (4/28)...
2025-11-15 20:39:24,539 - UnicodeAnalyzer - INFO - Filtrati 3 file (es. in /dist, /test).
2025-11-15 20:39:24,591 - UnicodeAnalyzer - INFO - -> Analizzando versione 0.1.3 (5/28)...
2025-11-15 20:39:24,592 - UnicodeAnalyzer - INFO - Filtrati 3 file (es. in /dist, /test).
2025-11-15 20:39:24,640 - UnicodeAnalyzer - INFO - -> Analizzando versione 0.1.4 (6/28)...
2025-11-15 20:39:24,640 - UnicodeAnalyzer - INFO - Filtrati 3 file (es. in /dist, /test).
2025-11-15 20:39:24,686 - UnicodeAnalyzer - INFO - -> Analizzando versione 0.1.5 (7/28)...
2025-11-15 20:39:24,687 - UnicodeAnalyzer - INFO - Filtrati 3 file (es. in /dist, /test).
2025-11-15 20:39:24,736 - UnicodeAnalyzer - INFO - -> Analizzando versione 0.2.0 (8/28)...
2025-11-15 20:39:24,737 - UnicodeAnalyzer - INFO - Filtrati 3 file (es. in /dist, /test).
2025-11-15 20:39:24,783 - UnicodeAnalyzer - INFO - -> Analizzando versione 0.2.1 (9/28)...
2025-11-15 20:39:24,784 - UnicodeAnalyzer - INFO - Filtrati 3 file (es. in /dist, /test).
2025-11-15 20:39:24,831 - UnicodeAnalyzer - INFO - -> Analizzando versione 0.2.2 (10/28)...
2025-11-15 20:39:24,831 - UnicodeAnalyzer - INFO - Filtrati 3 file (es. in /dist, /test).
2025-11-15 20:39:24,879 - UnicodeAnalyzer - INFO - -> Analizzando versione 0.3.0 (11/28)...
2025-11-15 20:39:24,880 - UnicodeAnalyzer - INFO - Filtrati 2 file (es. in /dist, /test).
2025-11-15 20:39:24,927 - UnicodeAnalyzer - INFO - -> Analizzando versione 0.3.1 (12/28)...
2025-11-15 20:39:24,928 - UnicodeAnalyzer - INFO - Filtrati 2 file (es. in /dist, /test).
2025-11-15 20:39:24,975 - UnicodeAnalyzer - INFO - -> Analizzando versione 1.0.0 (13/28)...
2025-11-15 20:39:24,976 - UnicodeAnalyzer - INFO - Filtrati 2 file (es. in /dist, /test).
2025-11-15 20:39:25,023 - UnicodeAnalyzer - INFO - -> Analizzando versione 1.0.1 (14/28)...
2025-11-15 20:39:25,024 - UnicodeAnalyzer - INFO - Filtrati 2 file (es. in /dist, /test).
2025-11-15 20:39:25,072 - UnicodeAnalyzer - INFO - -> Analizzando versione 1.0.2 (15/28)...
2025-11-15 20:39:25,072 - UnicodeAnalyzer - INFO - Filtrati 2 file (es. in /dist, /test).
2025-11-15 20:39:25,119 - UnicodeAnalyzer - INFO - -> Analizzando versione 1.0.3 (16/28)...
2025-11-15 20:39:25,120 - UnicodeAnalyzer - INFO - Filtrati 2 file (es. in /dist, /test).
2025-11-15 20:39:25,167 - UnicodeAnalyzer - INFO - -> Analizzando versione 1.0.4 (17/28)...
2025-11-15 20:39:25,168 - UnicodeAnalyzer - INFO - Filtrati 2 file (es. in /dist, /test).
2025-11-15 20:39:25,214 - UnicodeAnalyzer - INFO - -> Analizzando versione 1.1.0 (18/28)...
2025-11-15 20:39:25,215 - UnicodeAnalyzer - INFO - Filtrati 2 file (es. in /dist, /test).
2025-11-15 20:39:25,263 - UnicodeAnalyzer - INFO - -> Analizzando versione 1.1.1 (19/28)...
2025-11-15 20:39:25,263 - UnicodeAnalyzer - INFO - Filtrati 2 file (es. in /dist, /test).
2025-11-15 20:39:25,310 - UnicodeAnalyzer - INFO - -> Analizzando versione 1.2.0 (20/28)...
2025-11-15 20:39:25,311 - UnicodeAnalyzer - INFO - Filtrati 2 file (es. in /dist, /test).
2025-11-15 20:39:25,363 - UnicodeAnalyzer - INFO - -> Analizzando versione 1.2.1 (21/28)...
2025-11-15 20:39:25,364 - UnicodeAnalyzer - INFO - Filtrati 2 file (es. in /dist, /test).
2025-11-15 20:39:25,412 - UnicodeAnalyzer - INFO - -> Analizzando versione 1.2.2 (22/28)...
2025-11-15 20:39:25,412 - UnicodeAnalyzer - INFO - Filtrati 2 file (es. in /dist, /test).
2025-11-15 20:39:25,460 - UnicodeAnalyzer - INFO - -> Analizzando versione 1.2.3 (23/28)...
2025-11-15 20:39:25,461 - UnicodeAnalyzer - INFO - Filtrati 2 file (es. in /dist, /test).
2025-11-15 20:39:25,512 - UnicodeAnalyzer - INFO - -> Analizzando versione 1.2.4 (24/28)...
2025-11-15 20:39:25,512 - UnicodeAnalyzer - INFO - Filtrati 2 file (es. in /dist, /test).
2025-11-15 20:39:25,559 - UnicodeAnalyzer - INFO - -> Analizzando versione 1.2.5 (25/28)...
2025-11-15 20:39:25,560 - UnicodeAnalyzer - INFO - Filtrati 2 file (es. in /dist, /test).
2025-11-15 20:39:25,606 - UnicodeAnalyzer - INFO - -> Analizzando versione 2.0.0 (26/28)...
2025-11-15 20:39:25,607 - UnicodeAnalyzer - INFO - Filtrati 2 file (es. in /dist, /test).
2025-11-15 20:39:25,656 - UnicodeAnalyzer - INFO - -> Analizzando versione 2.0.0-rc.1 (27/28)...
2025-11-15 20:39:25,656 - UnicodeAnalyzer - INFO - Filtrati 2 file (es. in /dist, /test).
2025-11-15 20:39:25,703 - UnicodeAnalyzer - INFO - -> Analizzando versione 3.0.0 (28/28)...
2025-11-15 20:39:25,704 - UnicodeAnalyzer - INFO - Filtrati 2 file (es. in /dist, /test).
2025-11-15 20:39:25,751 - UnicodeAnalyzer - INFO - Esportando i risultati HUT per 'd3-drag' in CSV...
2025-11-15 20:39:25,793 - UnicodeAnalyzer - INFO - Report salvati in: /app/npm_hut_results/d3-drag
2025-11-15 20:39:25,793 - NPM_HUT_Analyzer - INFO - Pulizia cartella temporanea 'temp_hut/d3-drag'...
2025-11-15 20:39:25,805 - NPM_HUT_Analyzer - INFO - Pulizia completata.
