2025-11-04 09:22:02,158 - NPM_Analyzer - INFO - Fetching metadata for 'rollup-plugin-dts'...
2025-11-04 09:22:02,236 - NPM_Analyzer - INFO - Found 77 versions. Starting download into 'temp/rollup-plugin-dts'...
2025-11-04 09:22:47,909 - BlankSpaceAnalyzer - INFO - Analyzing 77 versions for '*.js' in 'rollup-plugin-dts'.
2025-11-04 09:22:47,909 - BlankSpaceAnalyzer - INFO - -> Analyzing version 0.1.0 (1/77)...
2025-11-04 09:22:48,027 - BlankSpaceAnalyzer - INFO - -> Analyzing version 0.1.1 (2/77)...
2025-11-04 09:22:48,117 - BlankSpaceAnalyzer - INFO - -> Analyzing version 0.10.0 (3/77)...
2025-11-04 09:22:48,118 - BlankSpaceAnalyzer - INFO - -> Analyzing version 0.11.0 (4/77)...
2025-11-04 09:22:48,119 - BlankSpaceAnalyzer - INFO - -> Analyzing version 0.12.0 (5/77)...
2025-11-04 09:22:48,119 - BlankSpaceAnalyzer - INFO - -> Analyzing version 0.13.0 (6/77)...
2025-11-04 09:22:48,120 - BlankSpaceAnalyzer - INFO - -> Analyzing version 0.14.0 (7/77)...
2025-11-04 09:22:48,120 - BlankSpaceAnalyzer - INFO - -> Analyzing version 0.15.0 (8/77)...
2025-11-04 09:22:48,121 - BlankSpaceAnalyzer - INFO - -> Analyzing version 0.15.1 (9/77)...
2025-11-04 09:22:48,122 - BlankSpaceAnalyzer - INFO - -> Analyzing version 0.2.0 (10/77)...
2025-11-04 09:22:48,212 - BlankSpaceAnalyzer - INFO - -> Analyzing version 0.3.0 (11/77)...
2025-11-04 09:22:48,303 - BlankSpaceAnalyzer - INFO - -> Analyzing version 0.4.0 (12/77)...
2025-11-04 09:22:48,394 - BlankSpaceAnalyzer - INFO - -> Analyzing version 0.5.0 (13/77)...
2025-11-04 09:22:48,485 - BlankSpaceAnalyzer - INFO - -> Analyzing version 0.6.0 (14/77)...
2025-11-04 09:22:48,576 - BlankSpaceAnalyzer - INFO - -> Analyzing version 0.7.0 (15/77)...
2025-11-04 09:22:48,666 - BlankSpaceAnalyzer - INFO - -> Analyzing version 0.8.0 (16/77)...
2025-11-04 09:22:48,758 - BlankSpaceAnalyzer - INFO - -> Analyzing version 0.9.0 (17/77)...
2025-11-04 09:22:48,758 - BlankSpaceAnalyzer - INFO - -> Analyzing version 1.0.0 (18/77)...
2025-11-04 09:22:48,759 - BlankSpaceAnalyzer - INFO - -> Analyzing version 1.0.0-alpha.0 (19/77)...
2025-11-04 09:22:48,759 - BlankSpaceAnalyzer - INFO - -> Analyzing version 1.1.0 (20/77)...
2025-11-04 09:22:48,760 - BlankSpaceAnalyzer - INFO - -> Analyzing version 1.1.1 (21/77)...
2025-11-04 09:22:48,761 - BlankSpaceAnalyzer - INFO - -> Analyzing version 1.1.10 (22/77)...
2025-11-04 09:22:48,761 - BlankSpaceAnalyzer - INFO - -> Analyzing version 1.1.11 (23/77)...
2025-11-04 09:22:48,762 - BlankSpaceAnalyzer - INFO - -> Analyzing version 1.1.12 (24/77)...
2025-11-04 09:22:48,762 - BlankSpaceAnalyzer - INFO - -> Analyzing version 1.1.13 (25/77)...
2025-11-04 09:22:48,763 - BlankSpaceAnalyzer - INFO - -> Analyzing version 1.1.2 (26/77)...
2025-11-04 09:22:48,764 - BlankSpaceAnalyzer - INFO - -> Analyzing version 1.1.3 (27/77)...
2025-11-04 09:22:48,764 - BlankSpaceAnalyzer - INFO - -> Analyzing version 1.1.4 (28/77)...
2025-11-04 09:22:48,765 - BlankSpaceAnalyzer - INFO - -> Analyzing version 1.1.5 (29/77)...
2025-11-04 09:22:48,765 - BlankSpaceAnalyzer - INFO - -> Analyzing version 1.1.6 (30/77)...
2025-11-04 09:22:48,766 - BlankSpaceAnalyzer - INFO - -> Analyzing version 1.1.7 (31/77)...
2025-11-04 09:22:48,766 - BlankSpaceAnalyzer - INFO - -> Analyzing version 1.1.8 (32/77)...
2025-11-04 09:22:48,767 - BlankSpaceAnalyzer - INFO - -> Analyzing version 1.1.9 (33/77)...
2025-11-04 09:22:48,767 - BlankSpaceAnalyzer - INFO - -> Analyzing version 1.2.0 (34/77)...
2025-11-04 09:22:48,768 - BlankSpaceAnalyzer - INFO - -> Analyzing version 1.2.1 (35/77)...
2025-11-04 09:22:48,769 - BlankSpaceAnalyzer - INFO - -> Analyzing version 1.3.0 (36/77)...
2025-11-04 09:22:48,769 - BlankSpaceAnalyzer - INFO - -> Analyzing version 1.4.0 (37/77)...
2025-11-04 09:22:48,770 - BlankSpaceAnalyzer - INFO - -> Analyzing version 1.4.1 (38/77)...
2025-11-04 09:22:48,770 - BlankSpaceAnalyzer - INFO - -> Analyzing version 1.4.10 (39/77)...
2025-11-04 09:22:48,771 - BlankSpaceAnalyzer - INFO - -> Analyzing version 1.4.11 (40/77)...
2025-11-04 09:22:48,772 - BlankSpaceAnalyzer - INFO - -> Analyzing version 1.4.12 (41/77)...
2025-11-04 09:22:48,772 - BlankSpaceAnalyzer - INFO - -> Analyzing version 1.4.13 (42/77)...
2025-11-04 09:22:48,773 - BlankSpaceAnalyzer - INFO - -> Analyzing version 1.4.14 (43/77)...
2025-11-04 09:22:48,773 - BlankSpaceAnalyzer - INFO - -> Analyzing version 1.4.2 (44/77)...
2025-11-04 09:22:48,774 - BlankSpaceAnalyzer - INFO - -> Analyzing version 1.4.3 (45/77)...
2025-11-04 09:22:48,775 - BlankSpaceAnalyzer - INFO - -> Analyzing version 1.4.4 (46/77)...
2025-11-04 09:22:48,775 - BlankSpaceAnalyzer - INFO - -> Analyzing version 1.4.5 (47/77)...
2025-11-04 09:22:48,776 - BlankSpaceAnalyzer - INFO - -> Analyzing version 1.4.6 (48/77)...
2025-11-04 09:22:48,776 - BlankSpaceAnalyzer - INFO - -> Analyzing version 1.4.7 (49/77)...
2025-11-04 09:22:48,777 - BlankSpaceAnalyzer - INFO - -> Analyzing version 1.4.8 (50/77)...
2025-11-04 09:22:48,777 - BlankSpaceAnalyzer - INFO - -> Analyzing version 1.4.9 (51/77)...
2025-11-04 09:22:48,778 - BlankSpaceAnalyzer - INFO - -> Analyzing version 2.0.0 (52/77)...
2025-11-04 09:22:48,779 - BlankSpaceAnalyzer - INFO - -> Analyzing version 2.0.1 (53/77)...
2025-11-04 09:22:48,779 - BlankSpaceAnalyzer - INFO - -> Analyzing version 3.0.0 (54/77)...
2025-11-04 09:22:48,780 - BlankSpaceAnalyzer - INFO - -> Analyzing version 3.0.1 (55/77)...
2025-11-04 09:22:48,780 - BlankSpaceAnalyzer - INFO - -> Analyzing version 3.0.2 (56/77)...
2025-11-04 09:22:48,780 - BlankSpaceAnalyzer - INFO - -> Analyzing version 4.0.0 (57/77)...
2025-11-04 09:22:48,781 - BlankSpaceAnalyzer - INFO - -> Analyzing version 4.0.1 (58/77)...
2025-11-04 09:22:48,781 - BlankSpaceAnalyzer - INFO - -> Analyzing version 4.1.0 (59/77)...
2025-11-04 09:22:48,781 - BlankSpaceAnalyzer - INFO - -> Analyzing version 4.2.0 (60/77)...
2025-11-04 09:22:48,781 - BlankSpaceAnalyzer - INFO - -> Analyzing version 4.2.1 (61/77)...
2025-11-04 09:22:48,781 - BlankSpaceAnalyzer - INFO - -> Analyzing version 4.2.2 (62/77)...
2025-11-04 09:22:48,782 - BlankSpaceAnalyzer - INFO - -> Analyzing version 4.2.3 (63/77)...
2025-11-04 09:22:48,782 - BlankSpaceAnalyzer - INFO - -> Analyzing version 5.0.0 (64/77)...
2025-11-04 09:22:48,782 - BlankSpaceAnalyzer - INFO - -> Analyzing version 5.1.0 (65/77)...
2025-11-04 09:22:48,782 - BlankSpaceAnalyzer - INFO - -> Analyzing version 5.1.1 (66/77)...
2025-11-04 09:22:48,782 - BlankSpaceAnalyzer - INFO - -> Analyzing version 5.2.0 (67/77)...
2025-11-04 09:22:48,782 - BlankSpaceAnalyzer - INFO - -> Analyzing version 5.3.0 (68/77)...
2025-11-04 09:22:48,782 - BlankSpaceAnalyzer - INFO - -> Analyzing version 5.3.1 (69/77)...
2025-11-04 09:22:48,783 - BlankSpaceAnalyzer - INFO - -> Analyzing version 6.0.0 (70/77)...
2025-11-04 09:22:48,783 - BlankSpaceAnalyzer - INFO - -> Analyzing version 6.0.1 (71/77)...
2025-11-04 09:22:48,783 - BlankSpaceAnalyzer - INFO - -> Analyzing version 6.0.2 (72/77)...
2025-11-04 09:22:48,783 - BlankSpaceAnalyzer - INFO - -> Analyzing version 6.1.0 (73/77)...
2025-11-04 09:22:48,784 - BlankSpaceAnalyzer - INFO - -> Analyzing version 6.1.1 (74/77)...
2025-11-04 09:22:48,784 - BlankSpaceAnalyzer - INFO - -> Analyzing version 6.2.0 (75/77)...
2025-11-04 09:22:48,784 - BlankSpaceAnalyzer - INFO - -> Analyzing version 6.2.1 (76/77)...
2025-11-04 09:22:48,784 - BlankSpaceAnalyzer - INFO - -> Analyzing version 6.2.3 (77/77)...
2025-11-04 09:22:48,784 - BlankSpaceAnalyzer - INFO - Exporting results for 'rollup-plugin-dts' to CSV...
2025-11-04 09:22:48,841 - BlankSpaceAnalyzer - INFO - Reports saved in: /app/npm_results/rollup-plugin-dts
2025-11-04 09:22:48,841 - NPM_Analyzer - INFO - Cleaning temporary folder 'temp/rollup-plugin-dts'...
2025-11-04 09:22:48,857 - NPM_Analyzer - INFO - Cleanup completed.
