2025-11-04 07:23:28,895 - NPM_Analyzer - INFO - Fetching metadata for 'retry-as-promised'...
2025-11-04 07:23:28,979 - NPM_Analyzer - INFO - Found 25 versions. Starting download into 'temp/retry-as-promised'...
2025-11-04 07:23:42,338 - BlankSpaceAnalyzer - INFO - Analyzing 25 versions for '*.js' in 'retry-as-promised'.
2025-11-04 07:23:42,338 - BlankSpaceAnalyzer - INFO - -> Analyzing version 0.0.1 (1/25)...
2025-11-04 07:23:42,339 - BlankSpaceAnalyzer - INFO - -> Analyzing version 1.0.0 (2/25)...
2025-11-04 07:23:42,458 - BlankSpaceAnalyzer - INFO - -> Analyzing version 1.0.1 (3/25)...
2025-11-04 07:23:42,549 - BlankSpaceAnalyzer - INFO - -> Analyzing version 1.1.0 (4/25)...
2025-11-04 07:23:42,641 - BlankSpaceAnalyzer - INFO - -> Analyzing version 2.0.0 (5/25)...
2025-11-04 07:23:42,734 - BlankSpaceAnalyzer - INFO - -> Analyzing version 2.0.1 (6/25)...
2025-11-04 07:23:42,825 - BlankSpaceAnalyzer - INFO - -> Analyzing version 2.1.0 (7/25)...
2025-11-04 07:23:42,918 - BlankSpaceAnalyzer - INFO - -> Analyzing version 2.2.0 (8/25)...
2025-11-04 07:23:43,009 - BlankSpaceAnalyzer - INFO - -> Analyzing version 2.3.0 (9/25)...
2025-11-04 07:23:43,101 - BlankSpaceAnalyzer - INFO - -> Analyzing version 2.3.1 (10/25)...
2025-11-04 07:23:43,193 - BlankSpaceAnalyzer - INFO - -> Analyzing version 2.3.2 (11/25)...
2025-11-04 07:23:43,285 - BlankSpaceAnalyzer - INFO - -> Analyzing version 3.0.0 (12/25)...
2025-11-04 07:23:43,286 - BlankSpaceAnalyzer - INFO - -> Analyzing version 3.1.0 (13/25)...
2025-11-04 07:23:43,286 - BlankSpaceAnalyzer - INFO - -> Analyzing version 3.2.0 (14/25)...
2025-11-04 07:23:43,286 - BlankSpaceAnalyzer - INFO - -> Analyzing version 4.0.0 (15/25)...
2025-11-04 07:23:43,286 - BlankSpaceAnalyzer - INFO - -> Analyzing version 5.0.0 (16/25)...
2025-11-04 07:23:43,287 - BlankSpaceAnalyzer - INFO - -> Analyzing version 6.0.0 (17/25)...
2025-11-04 07:23:43,287 - BlankSpaceAnalyzer - INFO - -> Analyzing version 6.1.0 (18/25)...
2025-11-04 07:23:43,287 - BlankSpaceAnalyzer - INFO - -> Analyzing version 7.0.0 (19/25)...
2025-11-04 07:23:43,288 - BlankSpaceAnalyzer - INFO - -> Analyzing version 7.0.1 (20/25)...
2025-11-04 07:23:43,288 - BlankSpaceAnalyzer - INFO - -> Analyzing version 7.0.2 (21/25)...
2025-11-04 07:23:43,384 - BlankSpaceAnalyzer - INFO - -> Analyzing version 7.0.3 (22/25)...
2025-11-04 07:23:43,481 - BlankSpaceAnalyzer - INFO - -> Analyzing version 7.0.4 (23/25)...
2025-11-04 07:23:43,574 - BlankSpaceAnalyzer - INFO - -> Analyzing version 7.1.0 (24/25)...
2025-11-04 07:23:43,667 - BlankSpaceAnalyzer - INFO - -> Analyzing version 7.1.1 (25/25)...
2025-11-04 07:23:43,760 - BlankSpaceAnalyzer - INFO - Exporting results for 'retry-as-promised' to CSV...
2025-11-04 07:23:43,780 - BlankSpaceAnalyzer - INFO - Reports saved in: /app/npm_results/retry-as-promised
2025-11-04 07:23:43,781 - NPM_Analyzer - INFO - Cleaning temporary folder 'temp/retry-as-promised'...
2025-11-04 07:23:43,784 - NPM_Analyzer - INFO - Cleanup completed.
