2025-11-02 06:50:27,257 - NPM_Analyzer - INFO - Fetching metadata for 'loglevel-plugin-prefix'...
2025-11-02 06:50:27,333 - NPM_Analyzer - INFO - Found 15 versions. Starting download into 'temp/loglevel-plugin-prefix'...
2025-11-02 06:50:40,146 - BlankSpaceAnalyzer - INFO - Analyzing 15 versions for '*.js' in 'loglevel-plugin-prefix'.
2025-11-02 06:50:40,146 - BlankSpaceAnalyzer - INFO - -> Analyzing version 0.4.1 (1/15)...
2025-11-02 06:50:40,266 - BlankSpaceAnalyzer - INFO - -> Analyzing version 0.4.2 (2/15)...
2025-11-02 06:50:40,355 - BlankSpaceAnalyzer - INFO - -> Analyzing version 0.5.0 (3/15)...
2025-11-02 06:50:40,444 - BlankSpaceAnalyzer - INFO - -> Analyzing version 0.5.1 (4/15)...
2025-11-02 06:50:40,541 - BlankSpaceAnalyzer - INFO - -> Analyzing version 0.5.2 (5/15)...
2025-11-02 06:50:40,635 - BlankSpaceAnalyzer - INFO - -> Analyzing version 0.5.3 (6/15)...
2025-11-02 06:50:40,725 - BlankSpaceAnalyzer - INFO - -> Analyzing version 0.6.0 (7/15)...
2025-11-02 06:50:40,816 - BlankSpaceAnalyzer - INFO - -> Analyzing version 0.7.0 (8/15)...
2025-11-02 06:50:40,910 - BlankSpaceAnalyzer - INFO - -> Analyzing version 0.7.1 (9/15)...
2025-11-02 06:50:41,000 - BlankSpaceAnalyzer - INFO - -> Analyzing version 0.7.2 (10/15)...
2025-11-02 06:50:41,091 - BlankSpaceAnalyzer - INFO - -> Analyzing version 0.8.0 (11/15)...
2025-11-02 06:50:41,182 - BlankSpaceAnalyzer - INFO - -> Analyzing version 0.8.1 (12/15)...
2025-11-02 06:50:41,272 - BlankSpaceAnalyzer - INFO - -> Analyzing version 0.8.2 (13/15)...
2025-11-02 06:50:41,363 - BlankSpaceAnalyzer - INFO - -> Analyzing version 0.8.3 (14/15)...
2025-11-02 06:50:41,460 - BlankSpaceAnalyzer - INFO - -> Analyzing version 0.8.4 (15/15)...
2025-11-02 06:50:41,560 - BlankSpaceAnalyzer - INFO - Exporting results for 'loglevel-plugin-prefix' to CSV...
2025-11-02 06:50:41,575 - BlankSpaceAnalyzer - INFO - Reports saved in: /app/npm_results/loglevel-plugin-prefix
2025-11-02 06:50:41,575 - NPM_Analyzer - INFO - Cleaning temporary folder 'temp/loglevel-plugin-prefix'...
2025-11-02 06:50:41,580 - NPM_Analyzer - INFO - Cleanup completed.
