2025-11-07 19:04:08,879 - NPM_Analyzer - INFO - Fetching metadata for 'highcharts'...
2025-11-07 19:04:09,051 - NPM_Analyzer - INFO - Found 113 versions. Starting download into 'temp/highcharts'...
2025-11-07 19:06:32,575 - BlankSpaceAnalyzer - INFO - Analyzing 113 versions for '*.js' in 'highcharts'.
2025-11-07 19:06:32,575 - BlankSpaceAnalyzer - INFO - -> Analyzing version 0.0.1 (1/113)...
2025-11-07 19:06:32,648 - BlankSpaceAnalyzer - INFO - -> Analyzing version 0.0.10 (2/113)...
2025-11-07 19:06:32,694 - BlankSpaceAnalyzer - INFO - -> Analyzing version 0.0.11 (3/113)...
2025-11-07 19:06:32,740 - BlankSpaceAnalyzer - INFO - -> Analyzing version 0.0.2 (4/113)...
2025-11-07 19:06:32,789 - BlankSpaceAnalyzer - INFO - -> Analyzing version 0.0.3 (5/113)...
2025-11-07 19:06:32,840 - BlankSpaceAnalyzer - INFO - -> Analyzing version 0.0.4 (6/113)...
2025-11-07 19:06:32,891 - BlankSpaceAnalyzer - INFO - -> Analyzing version 0.0.5 (7/113)...
2025-11-07 19:06:32,942 - BlankSpaceAnalyzer - INFO - -> Analyzing version 0.0.6 (8/113)...
2025-11-07 19:06:32,993 - BlankSpaceAnalyzer - INFO - -> Analyzing version 0.0.8 (9/113)...
2025-11-07 19:06:33,044 - BlankSpaceAnalyzer - INFO - -> Analyzing version 0.0.9 (10/113)...
2025-11-07 19:06:33,098 - BlankSpaceAnalyzer - INFO - -> Analyzing version 10.0.0 (11/113)...
2025-11-07 19:06:33,257 - BlankSpaceAnalyzer - INFO - -> Analyzing version 10.1.0 (12/113)...
2025-11-07 19:06:33,399 - BlankSpaceAnalyzer - INFO - -> Analyzing version 10.2.0 (13/113)...
2025-11-07 19:06:33,540 - BlankSpaceAnalyzer - INFO - -> Analyzing version 10.2.1 (14/113)...
2025-11-07 19:06:33,700 - BlankSpaceAnalyzer - INFO - -> Analyzing version 10.3.0 (15/113)...
2025-11-07 19:06:33,700 - BlankSpaceAnalyzer - INFO - -> Analyzing version 10.3.1 (16/113)...
2025-11-07 19:06:33,853 - BlankSpaceAnalyzer - INFO - -> Analyzing version 10.3.2 (17/113)...
2025-11-07 19:06:34,005 - BlankSpaceAnalyzer - INFO - -> Analyzing version 10.3.3 (18/113)...
2025-11-07 19:06:34,166 - BlankSpaceAnalyzer - INFO - -> Analyzing version 11.0.0 (19/113)...
2025-11-07 19:06:34,320 - BlankSpaceAnalyzer - INFO - -> Analyzing version 11.0.1 (20/113)...
2025-11-07 19:06:34,477 - BlankSpaceAnalyzer - INFO - -> Analyzing version 11.1.0 (21/113)...
2025-11-07 19:06:34,652 - BlankSpaceAnalyzer - INFO - -> Analyzing version 11.2.0 (22/113)...
2025-11-07 19:06:34,822 - BlankSpaceAnalyzer - INFO - -> Analyzing version 11.3.0 (23/113)...
2025-11-07 19:06:34,962 - BlankSpaceAnalyzer - INFO - -> Analyzing version 11.4.0 (24/113)...
2025-11-07 19:06:35,134 - BlankSpaceAnalyzer - INFO - -> Analyzing version 11.4.1 (25/113)...
2025-11-07 19:06:35,293 - BlankSpaceAnalyzer - INFO - -> Analyzing version 11.4.2 (26/113)...
2025-11-07 19:06:35,580 - BlankSpaceAnalyzer - INFO - -> Analyzing version 11.4.3 (27/113)...
2025-11-07 19:06:35,746 - BlankSpaceAnalyzer - INFO - -> Analyzing version 11.4.4 (28/113)...
2025-11-07 19:06:35,899 - BlankSpaceAnalyzer - INFO - -> Analyzing version 11.4.5 (29/113)...
2025-11-07 19:06:36,052 - BlankSpaceAnalyzer - INFO - -> Analyzing version 11.4.6 (30/113)...
2025-11-07 19:06:36,214 - BlankSpaceAnalyzer - INFO - -> Analyzing version 11.4.7 (31/113)...
2025-11-07 19:06:36,364 - BlankSpaceAnalyzer - INFO - -> Analyzing version 11.4.8 (32/113)...
2025-11-07 19:06:36,528 - BlankSpaceAnalyzer - INFO - -> Analyzing version 12.0.0 (33/113)...
2025-11-07 19:06:36,674 - BlankSpaceAnalyzer - INFO - -> Analyzing version 12.0.1 (34/113)...
2025-11-07 19:06:36,838 - BlankSpaceAnalyzer - INFO - -> Analyzing version 12.0.2 (35/113)...
2025-11-07 19:06:36,997 - BlankSpaceAnalyzer - INFO - -> Analyzing version 12.1.0 (36/113)...
2025-11-07 19:06:37,151 - BlankSpaceAnalyzer - INFO - -> Analyzing version 12.1.1 (37/113)...
2025-11-07 19:06:37,305 - BlankSpaceAnalyzer - INFO - -> Analyzing version 12.1.2 (38/113)...
2025-11-07 19:06:37,458 - BlankSpaceAnalyzer - INFO - -> Analyzing version 12.2.0 (39/113)...
2025-11-07 19:06:38,173 - BlankSpaceAnalyzer - INFO - -> Analyzing version 12.3.0 (40/113)...
2025-11-07 19:06:38,353 - BlankSpaceAnalyzer - INFO - -> Analyzing version 12.4.0 (41/113)...
2025-11-07 19:06:38,558 - BlankSpaceAnalyzer - INFO - -> Analyzing version 4.1.10 (42/113)...
2025-11-07 19:06:38,621 - BlankSpaceAnalyzer - INFO - -> Analyzing version 4.2.0 (43/113)...
2025-11-07 19:06:38,682 - BlankSpaceAnalyzer - INFO - -> Analyzing version 4.2.1 (44/113)...
2025-11-07 19:06:38,742 - BlankSpaceAnalyzer - INFO - -> Analyzing version 4.2.2 (45/113)...
2025-11-07 19:06:38,800 - BlankSpaceAnalyzer - INFO - -> Analyzing version 4.2.3 (46/113)...
2025-11-07 19:06:38,860 - BlankSpaceAnalyzer - INFO - -> Analyzing version 4.2.4 (47/113)...
2025-11-07 19:06:38,917 - BlankSpaceAnalyzer - INFO - -> Analyzing version 4.2.5 (48/113)...
2025-11-07 19:06:38,974 - BlankSpaceAnalyzer - INFO - -> Analyzing version 4.2.6 (49/113)...
2025-11-07 19:06:39,032 - BlankSpaceAnalyzer - INFO - -> Analyzing version 4.2.7 (50/113)...
2025-11-07 19:06:39,090 - BlankSpaceAnalyzer - INFO - -> Analyzing version 5.0.0 (51/113)...
2025-11-07 19:06:39,156 - BlankSpaceAnalyzer - INFO - -> Analyzing version 5.0.1 (52/113)...
2025-11-07 19:06:39,221 - BlankSpaceAnalyzer - INFO - -> Analyzing version 5.0.10 (53/113)...
2025-11-07 19:06:39,292 - BlankSpaceAnalyzer - INFO - -> Analyzing version 5.0.11 (54/113)...
2025-11-07 19:06:39,365 - BlankSpaceAnalyzer - INFO - -> Analyzing version 5.0.12 (55/113)...
2025-11-07 19:06:39,437 - BlankSpaceAnalyzer - INFO - -> Analyzing version 5.0.13 (56/113)...
2025-11-07 19:06:39,516 - BlankSpaceAnalyzer - INFO - -> Analyzing version 5.0.14 (57/113)...
2025-11-07 19:06:39,596 - BlankSpaceAnalyzer - INFO - -> Analyzing version 5.0.15 (58/113)...
2025-11-07 19:06:39,677 - BlankSpaceAnalyzer - INFO - -> Analyzing version 5.0.2 (59/113)...
2025-11-07 19:06:39,743 - BlankSpaceAnalyzer - INFO - -> Analyzing version 5.0.3 (60/113)...
2025-11-07 19:06:39,813 - BlankSpaceAnalyzer - INFO - -> Analyzing version 5.0.4 (61/113)...
2025-11-07 19:06:39,879 - BlankSpaceAnalyzer - INFO - -> Analyzing version 5.0.5 (62/113)...
2025-11-07 19:06:39,947 - BlankSpaceAnalyzer - INFO - -> Analyzing version 5.0.6 (63/113)...
2025-11-07 19:06:40,015 - BlankSpaceAnalyzer - INFO - -> Analyzing version 5.0.7 (64/113)...
2025-11-07 19:06:40,087 - BlankSpaceAnalyzer - INFO - -> Analyzing version 5.0.8 (65/113)...
2025-11-07 19:06:40,161 - BlankSpaceAnalyzer - INFO - -> Analyzing version 5.0.9 (66/113)...
2025-11-07 19:06:40,232 - BlankSpaceAnalyzer - INFO - -> Analyzing version 6.0.0 (67/113)...
2025-11-07 19:06:40,321 - BlankSpaceAnalyzer - INFO - -> Analyzing version 6.0.1 (68/113)...
2025-11-07 19:06:40,408 - BlankSpaceAnalyzer - INFO - -> Analyzing version 6.0.2 (69/113)...
2025-11-07 19:06:40,497 - BlankSpaceAnalyzer - INFO - -> Analyzing version 6.0.3 (70/113)...
2025-11-07 19:06:40,589 - BlankSpaceAnalyzer - INFO - -> Analyzing version 6.0.4 (71/113)...
2025-11-07 19:06:40,671 - BlankSpaceAnalyzer - INFO - -> Analyzing version 6.0.5 (72/113)...
2025-11-07 19:06:40,753 - BlankSpaceAnalyzer - INFO - -> Analyzing version 6.0.6 (73/113)...
2025-11-07 19:06:40,835 - BlankSpaceAnalyzer - INFO - -> Analyzing version 6.0.7 (74/113)...
2025-11-07 19:06:40,920 - BlankSpaceAnalyzer - INFO - -> Analyzing version 6.1.0 (75/113)...
2025-11-07 19:06:41,036 - BlankSpaceAnalyzer - INFO - -> Analyzing version 6.1.1 (76/113)...
2025-11-07 19:06:41,156 - BlankSpaceAnalyzer - INFO - -> Analyzing version 6.1.2 (77/113)...
2025-11-07 19:06:41,278 - BlankSpaceAnalyzer - INFO - -> Analyzing version 6.1.3 (78/113)...
2025-11-07 19:06:41,398 - BlankSpaceAnalyzer - INFO - -> Analyzing version 6.1.4 (79/113)...
2025-11-07 19:06:41,520 - BlankSpaceAnalyzer - INFO - -> Analyzing version 6.2.0 (80/113)...
2025-11-07 19:06:41,656 - BlankSpaceAnalyzer - INFO - -> Analyzing version 7.0.0 (81/113)...
2025-11-07 19:06:41,776 - BlankSpaceAnalyzer - INFO - -> Analyzing version 7.0.1 (82/113)...
2025-11-07 19:06:41,889 - BlankSpaceAnalyzer - INFO - -> Analyzing version 7.0.2 (83/113)...
2025-11-07 19:06:42,013 - BlankSpaceAnalyzer - INFO - -> Analyzing version 7.0.3 (84/113)...
2025-11-07 19:06:42,141 - BlankSpaceAnalyzer - INFO - -> Analyzing version 7.1.0 (85/113)...
2025-11-07 19:06:42,257 - BlankSpaceAnalyzer - INFO - -> Analyzing version 7.1.1 (86/113)...
2025-11-07 19:06:42,389 - BlankSpaceAnalyzer - INFO - -> Analyzing version 7.1.2 (87/113)...
2025-11-07 19:06:42,519 - BlankSpaceAnalyzer - INFO - -> Analyzing version 7.1.3 (88/113)...
2025-11-07 19:06:42,638 - BlankSpaceAnalyzer - INFO - -> Analyzing version 7.2.0 (89/113)...
2025-11-07 19:06:42,762 - BlankSpaceAnalyzer - INFO - -> Analyzing version 7.2.1 (90/113)...
2025-11-07 19:06:42,880 - BlankSpaceAnalyzer - INFO - -> Analyzing version 7.2.2 (91/113)...
2025-11-07 19:06:43,012 - BlankSpaceAnalyzer - INFO - -> Analyzing version 8.0.0 (92/113)...
2025-11-07 19:06:43,135 - BlankSpaceAnalyzer - INFO - -> Analyzing version 8.0.1 (93/113)...
2025-11-07 19:06:43,252 - BlankSpaceAnalyzer - INFO - -> Analyzing version 8.0.2 (94/113)...
2025-11-07 19:06:43,368 - BlankSpaceAnalyzer - INFO - -> Analyzing version 8.0.3 (95/113)...
2025-11-07 19:06:43,486 - BlankSpaceAnalyzer - INFO - -> Analyzing version 8.0.4 (96/113)...
2025-11-07 19:06:43,612 - BlankSpaceAnalyzer - INFO - -> Analyzing version 8.1.0 (97/113)...
2025-11-07 19:06:43,736 - BlankSpaceAnalyzer - INFO - -> Analyzing version 8.1.1 (98/113)...
2025-11-07 19:06:43,857 - BlankSpaceAnalyzer - INFO - -> Analyzing version 8.1.2 (99/113)...
2025-11-07 19:06:43,995 - BlankSpaceAnalyzer - INFO - -> Analyzing version 8.2.0 (100/113)...
2025-11-07 19:06:44,122 - BlankSpaceAnalyzer - INFO - -> Analyzing version 8.2.2 (101/113)...
2025-11-07 19:06:44,259 - BlankSpaceAnalyzer - INFO - -> Analyzing version 9.0.0 (102/113)...
2025-11-07 19:06:44,387 - BlankSpaceAnalyzer - INFO - -> Analyzing version 9.0.1 (103/113)...
2025-11-07 19:06:44,528 - BlankSpaceAnalyzer - INFO - -> Analyzing version 9.1.0 (104/113)...
2025-11-07 19:06:44,662 - BlankSpaceAnalyzer - INFO - -> Analyzing version 9.1.1 (105/113)...
2025-11-07 19:06:44,789 - BlankSpaceAnalyzer - INFO - -> Analyzing version 9.1.2 (106/113)...
2025-11-07 19:06:44,917 - BlankSpaceAnalyzer - INFO - -> Analyzing version 9.2.0 (107/113)...
2025-11-07 19:06:45,048 - BlankSpaceAnalyzer - INFO - -> Analyzing version 9.2.1 (108/113)...
2025-11-07 19:06:45,179 - BlankSpaceAnalyzer - INFO - -> Analyzing version 9.2.2 (109/113)...
2025-11-07 19:06:45,313 - BlankSpaceAnalyzer - INFO - -> Analyzing version 9.3.0 (110/113)...
2025-11-07 19:06:45,448 - BlankSpaceAnalyzer - INFO - -> Analyzing version 9.3.1 (111/113)...
2025-11-07 19:06:45,583 - BlankSpaceAnalyzer - INFO - -> Analyzing version 9.3.2 (112/113)...
2025-11-07 19:06:45,732 - BlankSpaceAnalyzer - INFO - -> Analyzing version 9.3.3 (113/113)...
2025-11-07 19:06:45,891 - BlankSpaceAnalyzer - INFO - Exporting results for 'highcharts' to CSV...
2025-11-07 19:06:46,996 - BlankSpaceAnalyzer - INFO - Reports saved in: /app/npm_results/highcharts
2025-11-07 19:06:46,999 - NPM_Analyzer - INFO - Cleaning temporary folder 'temp/highcharts'...
2025-11-07 19:06:49,319 - NPM_Analyzer - INFO - Cleanup completed.
