2025-11-12 01:09:43,318 - NPM_HUT_Analyzer - INFO - Recupero metadata per 'is-generator-function'...
2025-11-12 01:09:43,419 - NPM_HUT_Analyzer - INFO - Trovate 15 versioni. Inizio download in 'temp_hut/is-generator-function'...
2025-11-12 01:09:44,111 - NPM_HUT_Analyzer - ERROR -   Errore sulla versione 0.0.0: 404 Client Error: Not Found for url: https://registry.npmjs.org/is-generator-function/-/is-generator-function-0.0.0.tgz
2025-11-12 01:09:50,898 - UnicodeAnalyzer - INFO - Analizzando 14 versioni per '*.js' in 'is-generator-function'.
2025-11-12 01:09:50,899 - UnicodeAnalyzer - INFO - -> Analizzando versione 1.0.0 (1/14)...
2025-11-12 01:09:50,900 - UnicodeAnalyzer - INFO - Filtrati 2 file (es. in /dist, /test).
2025-11-12 01:09:50,901 - UnicodeAnalyzer - INFO - -> Analizzando versione 1.0.1 (2/14)...
2025-11-12 01:09:50,902 - UnicodeAnalyzer - INFO - Filtrati 1 file (es. in /dist, /test).
2025-11-12 01:09:50,902 - UnicodeAnalyzer - INFO - -> Analizzando versione 1.0.10 (3/14)...
2025-11-12 01:09:50,904 - UnicodeAnalyzer - INFO - Filtrati 3 file (es. in /dist, /test).
2025-11-12 01:09:50,904 - UnicodeAnalyzer - INFO - -> Analizzando versione 1.0.2 (4/14)...
2025-11-12 01:09:50,906 - UnicodeAnalyzer - INFO - Filtrati 1 file (es. in /dist, /test).
2025-11-12 01:09:50,906 - UnicodeAnalyzer - INFO - -> Analizzando versione 1.0.3 (5/14)...
2025-11-12 01:09:50,907 - UnicodeAnalyzer - INFO - Filtrati 1 file (es. in /dist, /test).
2025-11-12 01:09:50,908 - UnicodeAnalyzer - INFO - -> Analizzando versione 1.0.4 (6/14)...
2025-11-12 01:09:50,909 - UnicodeAnalyzer - INFO - Filtrati 1 file (es. in /dist, /test).
2025-11-12 01:09:50,910 - UnicodeAnalyzer - INFO - -> Analizzando versione 1.0.5 (7/14)...
2025-11-12 01:09:50,911 - UnicodeAnalyzer - INFO - Filtrati 1 file (es. in /dist, /test).
2025-11-12 01:09:50,911 - UnicodeAnalyzer - INFO - -> Analizzando versione 1.0.6 (8/14)...
2025-11-12 01:09:50,913 - UnicodeAnalyzer - INFO - Filtrati 2 file (es. in /dist, /test).
2025-11-12 01:09:50,913 - UnicodeAnalyzer - INFO - -> Analizzando versione 1.0.7 (9/14)...
2025-11-12 01:09:50,915 - UnicodeAnalyzer - INFO - Filtrati 3 file (es. in /dist, /test).
2025-11-12 01:09:50,915 - UnicodeAnalyzer - INFO - -> Analizzando versione 1.0.8 (10/14)...
2025-11-12 01:09:50,917 - UnicodeAnalyzer - INFO - Filtrati 3 file (es. in /dist, /test).
2025-11-12 01:09:50,918 - UnicodeAnalyzer - INFO - -> Analizzando versione 1.0.9 (11/14)...
2025-11-12 01:09:50,919 - UnicodeAnalyzer - INFO - Filtrati 3 file (es. in /dist, /test).
2025-11-12 01:09:50,920 - UnicodeAnalyzer - INFO - -> Analizzando versione 1.1.0 (12/14)...
2025-11-12 01:09:50,921 - UnicodeAnalyzer - INFO - Filtrati 3 file (es. in /dist, /test).
2025-11-12 01:09:50,922 - UnicodeAnalyzer - INFO - -> Analizzando versione 1.1.1 (13/14)...
2025-11-12 01:09:50,923 - UnicodeAnalyzer - INFO - Filtrati 3 file (es. in /dist, /test).
2025-11-12 01:09:50,924 - UnicodeAnalyzer - INFO - -> Analizzando versione 1.1.2 (14/14)...
2025-11-12 01:09:50,924 - UnicodeAnalyzer - INFO - Filtrati 3 file (es. in /dist, /test).
2025-11-12 01:09:50,926 - UnicodeAnalyzer - INFO - Esportando i risultati HUT per 'is-generator-function' in CSV...
2025-11-12 01:09:50,953 - UnicodeAnalyzer - INFO - Report salvati in: /app/npm_hut_results/is-generator-function
2025-11-12 01:09:50,953 - NPM_HUT_Analyzer - INFO - Pulizia cartella temporanea 'temp_hut/is-generator-function'...
2025-11-12 01:09:50,957 - NPM_HUT_Analyzer - INFO - Pulizia completata.
