2025-11-07 19:40:16,351 - NPM_Analyzer - INFO - Fetching metadata for 'resolve-pathname'...
2025-11-07 19:40:16,481 - NPM_Analyzer - INFO - Found 13 versions. Starting download into 'temp/resolve-pathname'...
2025-11-07 19:40:22,858 - BlankSpaceAnalyzer - INFO - Analyzing 13 versions for '*.js' in 'resolve-pathname'.
2025-11-07 19:40:22,858 - BlankSpaceAnalyzer - INFO - -> Analyzing version 1.0.0 (1/13)...
2025-11-07 19:40:22,933 - BlankSpaceAnalyzer - INFO - -> Analyzing version 1.0.1 (2/13)...
2025-11-07 19:40:22,975 - BlankSpaceAnalyzer - INFO - -> Analyzing version 1.0.2 (3/13)...
2025-11-07 19:40:23,018 - BlankSpaceAnalyzer - INFO - -> Analyzing version 1.0.3 (4/13)...
2025-11-07 19:40:23,062 - BlankSpaceAnalyzer - INFO - -> Analyzing version 1.0.4 (5/13)...
2025-11-07 19:40:23,109 - BlankSpaceAnalyzer - INFO - -> Analyzing version 1.0.5 (6/13)...
2025-11-07 19:40:23,153 - BlankSpaceAnalyzer - INFO - -> Analyzing version 2.0.0 (7/13)...
2025-11-07 19:40:23,199 - BlankSpaceAnalyzer - INFO - -> Analyzing version 2.0.1 (8/13)...
2025-11-07 19:40:23,244 - BlankSpaceAnalyzer - INFO - -> Analyzing version 2.0.2 (9/13)...
2025-11-07 19:40:23,291 - BlankSpaceAnalyzer - INFO - -> Analyzing version 2.1.0 (10/13)...
2025-11-07 19:40:23,335 - BlankSpaceAnalyzer - INFO - -> Analyzing version 2.2.0 (11/13)...
2025-11-07 19:40:23,380 - BlankSpaceAnalyzer - INFO - -> Analyzing version 3.0.0 (12/13)...
2025-11-07 19:40:23,426 - BlankSpaceAnalyzer - INFO - -> Analyzing version 3.0.0-beta.0 (13/13)...
2025-11-07 19:40:23,472 - BlankSpaceAnalyzer - INFO - Exporting results for 'resolve-pathname' to CSV...
2025-11-07 19:40:23,486 - BlankSpaceAnalyzer - INFO - Reports saved in: /app/npm_results/resolve-pathname
2025-11-07 19:40:23,486 - NPM_Analyzer - INFO - Cleaning temporary folder 'temp/resolve-pathname'...
2025-11-07 19:40:23,489 - NPM_Analyzer - INFO - Cleanup completed.
