2025-11-16 21:32:47,819 - NPM_HUT_Analyzer - INFO - Recupero metadata per 'stringify-entities'...
2025-11-16 21:32:47,935 - NPM_HUT_Analyzer - INFO - Trovate 16 versioni. Inizio download in 'temp_hut/stringify-entities'...
2025-11-16 21:32:54,579 - UnicodeAnalyzer - INFO - Analizzando 16 versioni per '*.js' in 'stringify-entities'.
2025-11-16 21:32:54,579 - UnicodeAnalyzer - INFO - -> Analizzando versione 1.0.0 (1/16)...
2025-11-16 21:32:54,656 - UnicodeAnalyzer - INFO - -> Analizzando versione 1.0.1 (2/16)...
2025-11-16 21:32:54,702 - UnicodeAnalyzer - INFO - -> Analizzando versione 1.1.0 (3/16)...
2025-11-16 21:32:54,749 - UnicodeAnalyzer - INFO - -> Analizzando versione 1.2.0 (4/16)...
2025-11-16 21:32:54,749 - UnicodeAnalyzer - INFO - -> Analizzando versione 1.3.0 (5/16)...
2025-11-16 21:32:54,750 - UnicodeAnalyzer - INFO - -> Analizzando versione 1.3.1 (6/16)...
2025-11-16 21:32:54,751 - UnicodeAnalyzer - INFO - -> Analizzando versione 1.3.2 (7/16)...
2025-11-16 21:32:54,751 - UnicodeAnalyzer - INFO - -> Analizzando versione 2.0.0 (8/16)...
2025-11-16 21:32:54,752 - UnicodeAnalyzer - INFO - -> Analizzando versione 3.0.0 (9/16)...
2025-11-16 21:32:54,752 - UnicodeAnalyzer - INFO - -> Analizzando versione 3.0.1 (10/16)...
2025-11-16 21:32:54,753 - UnicodeAnalyzer - INFO - -> Analizzando versione 3.1.0 (11/16)...
2025-11-16 21:32:54,808 - UnicodeAnalyzer - INFO - -> Analizzando versione 4.0.0 (12/16)...
2025-11-16 21:32:54,860 - UnicodeAnalyzer - INFO - -> Analizzando versione 4.0.1 (13/16)...
2025-11-16 21:32:54,914 - UnicodeAnalyzer - INFO - -> Analizzando versione 4.0.2 (14/16)...
2025-11-16 21:32:54,968 - UnicodeAnalyzer - INFO - -> Analizzando versione 4.0.3 (15/16)...
2025-11-16 21:32:55,024 - UnicodeAnalyzer - INFO - -> Analizzando versione 4.0.4 (16/16)...
2025-11-16 21:32:55,081 - UnicodeAnalyzer - INFO - Esportando i risultati HUT per 'stringify-entities' in CSV...
2025-11-16 21:32:55,106 - UnicodeAnalyzer - INFO - Report salvati in: /app/npm_hut_results/stringify-entities
2025-11-16 21:32:55,106 - NPM_HUT_Analyzer - INFO - Pulizia cartella temporanea 'temp_hut/stringify-entities'...
2025-11-16 21:32:55,110 - NPM_HUT_Analyzer - INFO - Pulizia completata.
