2025-11-13 01:04:38,946 - NPM_HUT_Analyzer - INFO - Recupero metadata per 'regjsgen'...
2025-11-13 01:04:39,086 - NPM_HUT_Analyzer - INFO - Trovate 13 versioni. Inizio download in 'temp_hut/regjsgen'...
2025-11-13 01:04:44,342 - UnicodeAnalyzer - INFO - Analizzando 13 versioni per '*.js' in 'regjsgen'.
2025-11-13 01:04:44,342 - UnicodeAnalyzer - INFO - -> Analizzando versione 0.1.0 (1/13)...
2025-11-13 01:04:44,346 - UnicodeAnalyzer - INFO - -> Analizzando versione 0.1.1 (2/13)...
2025-11-13 01:04:44,350 - UnicodeAnalyzer - INFO - -> Analizzando versione 0.1.2 (3/13)...
2025-11-13 01:04:44,353 - UnicodeAnalyzer - INFO - -> Analizzando versione 0.2.0 (4/13)...
2025-11-13 01:04:44,357 - UnicodeAnalyzer - INFO - -> Analizzando versione 0.3.0 (5/13)...
2025-11-13 01:04:44,361 - UnicodeAnalyzer - INFO - -> Analizzando versione 0.4.0 (6/13)...
2025-11-13 01:04:44,364 - UnicodeAnalyzer - INFO - -> Analizzando versione 0.5.0 (7/13)...
2025-11-13 01:04:44,367 - UnicodeAnalyzer - INFO - -> Analizzando versione 0.5.1 (8/13)...
2025-11-13 01:04:44,370 - UnicodeAnalyzer - INFO - -> Analizzando versione 0.5.2 (9/13)...
2025-11-13 01:04:44,372 - UnicodeAnalyzer - INFO - -> Analizzando versione 0.6.0 (10/13)...
2025-11-13 01:04:44,374 - UnicodeAnalyzer - INFO - -> Analizzando versione 0.7.0 (11/13)...
2025-11-13 01:04:44,376 - UnicodeAnalyzer - INFO - -> Analizzando versione 0.7.1 (12/13)...
2025-11-13 01:04:44,377 - UnicodeAnalyzer - INFO - -> Analizzando versione 0.8.0 (13/13)...
2025-11-13 01:04:44,381 - UnicodeAnalyzer - INFO - Esportando i risultati HUT per 'regjsgen' in CSV...
2025-11-13 01:04:44,400 - UnicodeAnalyzer - INFO - Report salvati in: /app/npm_hut_results/regjsgen
2025-11-13 01:04:44,400 - NPM_HUT_Analyzer - INFO - Pulizia cartella temporanea 'temp_hut/regjsgen'...
2025-11-13 01:04:44,401 - NPM_HUT_Analyzer - INFO - Pulizia completata.
