2025-10-22 14:43:21,251 - NPM_Analyzer - INFO - Fetching metadata for 'eslint'...
2025-10-22 14:43:21,423 - NPM_Analyzer - INFO - Found 399 versions. Starting download into 'temp/eslint'...
2025-10-22 14:47:24,933 - BlankSpaceAnalyzer - INFO - Analyzing 399 versions for '*.js' in 'eslint'.
2025-10-22 14:47:24,933 - BlankSpaceAnalyzer - INFO - -> Analyzing version 0.0.4 (1/399)...
2025-10-22 14:47:24,987 - BlankSpaceAnalyzer - INFO - -> Analyzing version 0.0.5 (2/399)...
2025-10-22 14:47:25,026 - BlankSpaceAnalyzer - INFO - -> Analyzing version 0.0.6 (3/399)...
2025-10-22 14:47:25,066 - BlankSpaceAnalyzer - INFO - -> Analyzing version 0.0.7 (4/399)...
2025-10-22 14:47:25,111 - BlankSpaceAnalyzer - INFO - -> Analyzing version 0.1.0 (5/399)...
2025-10-22 14:47:25,160 - BlankSpaceAnalyzer - INFO - -> Analyzing version 0.1.0-dev (6/399)...
2025-10-22 14:47:25,209 - BlankSpaceAnalyzer - INFO - -> Analyzing version 0.1.1 (7/399)...
2025-10-22 14:47:25,257 - BlankSpaceAnalyzer - INFO - -> Analyzing version 0.1.2 (8/399)...
2025-10-22 14:47:25,302 - BlankSpaceAnalyzer - INFO - -> Analyzing version 0.1.3 (9/399)...
2025-10-22 14:47:25,347 - BlankSpaceAnalyzer - INFO - -> Analyzing version 0.1.4 (10/399)...
2025-10-22 14:47:25,390 - BlankSpaceAnalyzer - INFO - -> Analyzing version 0.10.0 (11/399)...
2025-10-22 14:47:25,436 - BlankSpaceAnalyzer - INFO - -> Analyzing version 0.10.0-alpha (12/399)...
2025-10-22 14:47:25,481 - BlankSpaceAnalyzer - INFO - -> Analyzing version 0.10.0-alpha.1 (13/399)...
2025-10-22 14:47:25,529 - BlankSpaceAnalyzer - INFO - -> Analyzing version 0.10.0-alpha.2 (14/399)...
2025-10-22 14:47:25,574 - BlankSpaceAnalyzer - INFO - -> Analyzing version 0.10.1 (15/399)...
2025-10-22 14:47:25,621 - BlankSpaceAnalyzer - INFO - -> Analyzing version 0.10.2 (16/399)...
2025-10-22 14:47:25,667 - BlankSpaceAnalyzer - INFO - -> Analyzing version 0.11.0 (17/399)...
2025-10-22 14:47:25,713 - BlankSpaceAnalyzer - INFO - -> Analyzing version 0.11.0-alpha.0 (18/399)...
2025-10-22 14:47:25,760 - BlankSpaceAnalyzer - INFO - -> Analyzing version 0.12.0 (19/399)...
2025-10-22 14:47:25,805 - BlankSpaceAnalyzer - INFO - -> Analyzing version 0.13.0 (20/399)...
2025-10-22 14:47:25,852 - BlankSpaceAnalyzer - INFO - -> Analyzing version 0.14.0 (21/399)...
2025-10-22 14:47:25,897 - BlankSpaceAnalyzer - INFO - -> Analyzing version 0.14.1 (22/399)...
2025-10-22 14:47:25,943 - BlankSpaceAnalyzer - INFO - -> Analyzing version 0.15.0 (23/399)...
2025-10-22 14:47:25,991 - BlankSpaceAnalyzer - INFO - -> Analyzing version 0.15.1 (24/399)...
2025-10-22 14:47:26,036 - BlankSpaceAnalyzer - INFO - -> Analyzing version 0.16.0 (25/399)...
2025-10-22 14:47:26,082 - BlankSpaceAnalyzer - INFO - -> Analyzing version 0.16.1 (26/399)...
2025-10-22 14:47:26,127 - BlankSpaceAnalyzer - INFO - -> Analyzing version 0.16.2 (27/399)...
2025-10-22 14:47:26,175 - BlankSpaceAnalyzer - INFO - -> Analyzing version 0.17.0 (28/399)...
2025-10-22 14:47:26,224 - BlankSpaceAnalyzer - INFO - -> Analyzing version 0.17.1 (29/399)...
2025-10-22 14:47:26,273 - BlankSpaceAnalyzer - INFO - -> Analyzing version 0.18.0 (30/399)...
2025-10-22 14:47:26,320 - BlankSpaceAnalyzer - INFO - -> Analyzing version 0.19.0 (31/399)...
2025-10-22 14:47:26,366 - BlankSpaceAnalyzer - INFO - -> Analyzing version 0.2.0 (32/399)...
2025-10-22 14:47:26,412 - BlankSpaceAnalyzer - INFO - -> Analyzing version 0.20.0 (33/399)...
2025-10-22 14:47:26,457 - BlankSpaceAnalyzer - INFO - -> Analyzing version 0.21.0 (34/399)...
2025-10-22 14:47:26,505 - BlankSpaceAnalyzer - INFO - -> Analyzing version 0.21.1 (35/399)...
2025-10-22 14:47:26,555 - BlankSpaceAnalyzer - INFO - -> Analyzing version 0.21.2 (36/399)...
2025-10-22 14:47:26,601 - BlankSpaceAnalyzer - INFO - -> Analyzing version 0.22.0 (37/399)...
2025-10-22 14:47:26,648 - BlankSpaceAnalyzer - INFO - -> Analyzing version 0.22.1 (38/399)...
2025-10-22 14:47:26,695 - BlankSpaceAnalyzer - INFO - -> Analyzing version 0.23.0 (39/399)...
2025-10-22 14:47:26,740 - BlankSpaceAnalyzer - INFO - -> Analyzing version 0.24.0 (40/399)...
2025-10-22 14:47:26,786 - BlankSpaceAnalyzer - INFO - -> Analyzing version 0.24.1 (41/399)...
2025-10-22 14:47:26,832 - BlankSpaceAnalyzer - INFO - -> Analyzing version 0.3.0 (42/399)...
2025-10-22 14:47:26,877 - BlankSpaceAnalyzer - INFO - -> Analyzing version 0.4.0 (43/399)...
2025-10-22 14:47:26,923 - BlankSpaceAnalyzer - INFO - -> Analyzing version 0.4.1 (44/399)...
2025-10-22 14:47:26,969 - BlankSpaceAnalyzer - INFO - -> Analyzing version 0.4.2 (45/399)...
2025-10-22 14:47:27,017 - BlankSpaceAnalyzer - INFO - -> Analyzing version 0.4.3 (46/399)...
2025-10-22 14:47:27,063 - BlankSpaceAnalyzer - INFO - -> Analyzing version 0.4.4 (47/399)...
2025-10-22 14:47:27,108 - BlankSpaceAnalyzer - INFO - -> Analyzing version 0.4.5 (48/399)...
2025-10-22 14:47:27,154 - BlankSpaceAnalyzer - INFO - -> Analyzing version 0.5.0 (49/399)...
2025-10-22 14:47:27,200 - BlankSpaceAnalyzer - INFO - -> Analyzing version 0.5.1 (50/399)...
2025-10-22 14:47:27,247 - BlankSpaceAnalyzer - INFO - -> Analyzing version 0.6.0 (51/399)...
2025-10-22 14:47:27,291 - BlankSpaceAnalyzer - INFO - -> Analyzing version 0.6.1 (52/399)...
2025-10-22 14:47:27,335 - BlankSpaceAnalyzer - INFO - -> Analyzing version 0.6.2 (53/399)...
2025-10-22 14:47:27,380 - BlankSpaceAnalyzer - INFO - -> Analyzing version 0.7.1 (54/399)...
2025-10-22 14:47:27,426 - BlankSpaceAnalyzer - INFO - -> Analyzing version 0.7.2 (55/399)...
2025-10-22 14:47:27,472 - BlankSpaceAnalyzer - INFO - -> Analyzing version 0.7.3 (56/399)...
2025-10-22 14:47:27,517 - BlankSpaceAnalyzer - INFO - -> Analyzing version 0.7.4 (57/399)...
2025-10-22 14:47:27,563 - BlankSpaceAnalyzer - INFO - -> Analyzing version 0.8.0 (58/399)...
2025-10-22 14:47:27,610 - BlankSpaceAnalyzer - INFO - -> Analyzing version 0.8.1 (59/399)...
2025-10-22 14:47:27,654 - BlankSpaceAnalyzer - INFO - -> Analyzing version 0.8.2 (60/399)...
2025-10-22 14:47:27,700 - BlankSpaceAnalyzer - INFO - -> Analyzing version 0.9.0 (61/399)...
2025-10-22 14:47:27,748 - BlankSpaceAnalyzer - INFO - -> Analyzing version 0.9.1 (62/399)...
2025-10-22 14:47:27,796 - BlankSpaceAnalyzer - INFO - -> Analyzing version 0.9.2 (63/399)...
2025-10-22 14:47:27,841 - BlankSpaceAnalyzer - INFO - -> Analyzing version 1.0.0 (64/399)...
2025-10-22 14:47:27,888 - BlankSpaceAnalyzer - INFO - -> Analyzing version 1.0.0-rc-1 (65/399)...
2025-10-22 14:47:27,934 - BlankSpaceAnalyzer - INFO - -> Analyzing version 1.0.0-rc-2 (66/399)...
2025-10-22 14:47:27,981 - BlankSpaceAnalyzer - INFO - -> Analyzing version 1.0.0-rc-3 (67/399)...
2025-10-22 14:47:28,028 - BlankSpaceAnalyzer - INFO - -> Analyzing version 1.1.0 (68/399)...
2025-10-22 14:47:28,081 - BlankSpaceAnalyzer - INFO - -> Analyzing version 1.10.0 (69/399)...
2025-10-22 14:47:28,131 - BlankSpaceAnalyzer - INFO - -> Analyzing version 1.10.1 (70/399)...
2025-10-22 14:47:28,177 - BlankSpaceAnalyzer - INFO - -> Analyzing version 1.10.2 (71/399)...
2025-10-22 14:47:28,225 - BlankSpaceAnalyzer - INFO - -> Analyzing version 1.10.3 (72/399)...
2025-10-22 14:47:28,271 - BlankSpaceAnalyzer - INFO - -> Analyzing version 1.2.0 (73/399)...
2025-10-22 14:47:28,319 - BlankSpaceAnalyzer - INFO - -> Analyzing version 1.2.1 (74/399)...
2025-10-22 14:47:28,365 - BlankSpaceAnalyzer - INFO - -> Analyzing version 1.3.0 (75/399)...
2025-10-22 14:47:28,413 - BlankSpaceAnalyzer - INFO - -> Analyzing version 1.3.1 (76/399)...
2025-10-22 14:47:28,463 - BlankSpaceAnalyzer - INFO - -> Analyzing version 1.4.0 (77/399)...
2025-10-22 14:47:28,509 - BlankSpaceAnalyzer - INFO - -> Analyzing version 1.4.1 (78/399)...
2025-10-22 14:47:28,557 - BlankSpaceAnalyzer - INFO - -> Analyzing version 1.4.2 (79/399)...
2025-10-22 14:47:28,604 - BlankSpaceAnalyzer - INFO - -> Analyzing version 1.4.3 (80/399)...
2025-10-22 14:47:28,650 - BlankSpaceAnalyzer - INFO - -> Analyzing version 1.5.0 (81/399)...
2025-10-22 14:47:28,697 - BlankSpaceAnalyzer - INFO - -> Analyzing version 1.5.1 (82/399)...
2025-10-22 14:47:28,746 - BlankSpaceAnalyzer - INFO - -> Analyzing version 1.6.0 (83/399)...
2025-10-22 14:47:28,791 - BlankSpaceAnalyzer - INFO - -> Analyzing version 1.7.0 (84/399)...
2025-10-22 14:47:28,839 - BlankSpaceAnalyzer - INFO - -> Analyzing version 1.7.1 (85/399)...
2025-10-22 14:47:28,883 - BlankSpaceAnalyzer - INFO - -> Analyzing version 1.7.2 (86/399)...
2025-10-22 14:47:28,934 - BlankSpaceAnalyzer - INFO - -> Analyzing version 1.7.3 (87/399)...
2025-10-22 14:47:28,981 - BlankSpaceAnalyzer - INFO - -> Analyzing version 1.8.0 (88/399)...
2025-10-22 14:47:29,029 - BlankSpaceAnalyzer - INFO - -> Analyzing version 1.9.0 (89/399)...
2025-10-22 14:47:29,077 - BlankSpaceAnalyzer - INFO - -> Analyzing version 2.0.0 (90/399)...
2025-10-22 14:47:29,126 - BlankSpaceAnalyzer - INFO - -> Analyzing version 2.0.0-alpha-1 (91/399)...
2025-10-22 14:47:29,174 - BlankSpaceAnalyzer - INFO - -> Analyzing version 2.0.0-alpha-2 (92/399)...
2025-10-22 14:47:29,221 - BlankSpaceAnalyzer - INFO - -> Analyzing version 2.0.0-beta.1 (93/399)...
2025-10-22 14:47:29,267 - BlankSpaceAnalyzer - INFO - -> Analyzing version 2.0.0-beta.2 (94/399)...
2025-10-22 14:47:29,317 - BlankSpaceAnalyzer - INFO - -> Analyzing version 2.0.0-beta.3 (95/399)...
2025-10-22 14:47:29,364 - BlankSpaceAnalyzer - INFO - -> Analyzing version 2.0.0-rc.0 (96/399)...
2025-10-22 14:47:29,411 - BlankSpaceAnalyzer - INFO - -> Analyzing version 2.0.0-rc.1 (97/399)...
2025-10-22 14:47:29,460 - BlankSpaceAnalyzer - INFO - -> Analyzing version 2.1.0 (98/399)...
2025-10-22 14:47:29,509 - BlankSpaceAnalyzer - INFO - -> Analyzing version 2.10.0 (99/399)...
2025-10-22 14:47:29,560 - BlankSpaceAnalyzer - INFO - -> Analyzing version 2.10.1 (100/399)...
2025-10-22 14:47:29,609 - BlankSpaceAnalyzer - INFO - -> Analyzing version 2.10.2 (101/399)...
2025-10-22 14:47:29,659 - BlankSpaceAnalyzer - INFO - -> Analyzing version 2.11.0 (102/399)...
2025-10-22 14:47:29,708 - BlankSpaceAnalyzer - INFO - -> Analyzing version 2.11.1 (103/399)...
2025-10-22 14:47:29,757 - BlankSpaceAnalyzer - INFO - -> Analyzing version 2.12.0 (104/399)...
2025-10-22 14:47:29,805 - BlankSpaceAnalyzer - INFO - -> Analyzing version 2.13.0 (105/399)...
2025-10-22 14:47:29,854 - BlankSpaceAnalyzer - INFO - -> Analyzing version 2.13.1 (106/399)...
2025-10-22 14:47:29,905 - BlankSpaceAnalyzer - INFO - -> Analyzing version 2.2.0 (107/399)...
2025-10-22 14:47:29,955 - BlankSpaceAnalyzer - INFO - -> Analyzing version 2.3.0 (108/399)...
2025-10-22 14:47:30,003 - BlankSpaceAnalyzer - INFO - -> Analyzing version 2.4.0 (109/399)...
2025-10-22 14:47:30,053 - BlankSpaceAnalyzer - INFO - -> Analyzing version 2.5.0 (110/399)...
2025-10-22 14:47:30,344 - BlankSpaceAnalyzer - INFO - -> Analyzing version 2.5.1 (111/399)...
2025-10-22 14:47:30,463 - BlankSpaceAnalyzer - INFO - -> Analyzing version 2.5.2 (112/399)...
2025-10-22 14:47:30,578 - BlankSpaceAnalyzer - INFO - -> Analyzing version 2.5.3 (113/399)...
2025-10-22 14:47:30,622 - BlankSpaceAnalyzer - INFO - -> Analyzing version 2.6.0 (114/399)...
2025-10-22 14:47:30,670 - BlankSpaceAnalyzer - INFO - -> Analyzing version 2.7.0 (115/399)...
2025-10-22 14:47:30,717 - BlankSpaceAnalyzer - INFO - -> Analyzing version 2.8.0 (116/399)...
2025-10-22 14:47:30,766 - BlankSpaceAnalyzer - INFO - -> Analyzing version 2.9.0 (117/399)...
2025-10-22 14:47:30,818 - BlankSpaceAnalyzer - INFO - -> Analyzing version 3.0.0 (118/399)...
2025-10-22 14:47:30,867 - BlankSpaceAnalyzer - INFO - -> Analyzing version 3.0.1 (119/399)...
2025-10-22 14:47:30,916 - BlankSpaceAnalyzer - INFO - -> Analyzing version 3.1.0 (120/399)...
2025-10-22 14:47:30,965 - BlankSpaceAnalyzer - INFO - -> Analyzing version 3.1.1 (121/399)...
2025-10-22 14:47:31,015 - BlankSpaceAnalyzer - INFO - -> Analyzing version 3.10.0 (122/399)...
2025-10-22 14:47:31,067 - BlankSpaceAnalyzer - INFO - -> Analyzing version 3.10.1 (123/399)...
2025-10-22 14:47:31,116 - BlankSpaceAnalyzer - INFO - -> Analyzing version 3.10.2 (124/399)...
2025-10-22 14:47:31,166 - BlankSpaceAnalyzer - INFO - -> Analyzing version 3.11.0 (125/399)...
2025-10-22 14:47:31,214 - BlankSpaceAnalyzer - INFO - -> Analyzing version 3.11.1 (126/399)...
2025-10-22 14:47:31,267 - BlankSpaceAnalyzer - INFO - -> Analyzing version 3.12.0 (127/399)...
2025-10-22 14:47:31,315 - BlankSpaceAnalyzer - INFO - -> Analyzing version 3.12.1 (128/399)...
2025-10-22 14:47:31,365 - BlankSpaceAnalyzer - INFO - -> Analyzing version 3.12.2 (129/399)...
2025-10-22 14:47:31,414 - BlankSpaceAnalyzer - INFO - -> Analyzing version 3.13.0 (130/399)...
2025-10-22 14:47:31,464 - BlankSpaceAnalyzer - INFO - -> Analyzing version 3.13.1 (131/399)...
2025-10-22 14:47:31,513 - BlankSpaceAnalyzer - INFO - -> Analyzing version 3.14.0 (132/399)...
2025-10-22 14:47:31,565 - BlankSpaceAnalyzer - INFO - -> Analyzing version 3.14.1 (133/399)...
2025-10-22 14:47:31,613 - BlankSpaceAnalyzer - INFO - -> Analyzing version 3.15.0 (134/399)...
2025-10-22 14:47:31,662 - BlankSpaceAnalyzer - INFO - -> Analyzing version 3.16.0 (135/399)...
2025-10-22 14:47:31,711 - BlankSpaceAnalyzer - INFO - -> Analyzing version 3.16.1 (136/399)...
2025-10-22 14:47:31,763 - BlankSpaceAnalyzer - INFO - -> Analyzing version 3.17.0 (137/399)...
2025-10-22 14:47:31,814 - BlankSpaceAnalyzer - INFO - -> Analyzing version 3.17.1 (138/399)...
2025-10-22 14:47:31,866 - BlankSpaceAnalyzer - INFO - -> Analyzing version 3.18.0 (139/399)...
2025-10-22 14:47:31,915 - BlankSpaceAnalyzer - INFO - -> Analyzing version 3.19.0 (140/399)...
2025-10-22 14:47:31,967 - BlankSpaceAnalyzer - INFO - -> Analyzing version 3.2.0 (141/399)...
2025-10-22 14:47:32,015 - BlankSpaceAnalyzer - INFO - -> Analyzing version 3.2.1 (142/399)...
2025-10-22 14:47:32,068 - BlankSpaceAnalyzer - INFO - -> Analyzing version 3.2.2 (143/399)...
2025-10-22 14:47:32,117 - BlankSpaceAnalyzer - INFO - -> Analyzing version 3.3.0 (144/399)...
2025-10-22 14:47:32,168 - BlankSpaceAnalyzer - INFO - -> Analyzing version 3.3.1 (145/399)...
2025-10-22 14:47:32,217 - BlankSpaceAnalyzer - INFO - -> Analyzing version 3.4.0 (146/399)...
2025-10-22 14:47:32,267 - BlankSpaceAnalyzer - INFO - -> Analyzing version 3.5.0 (147/399)...
2025-10-22 14:47:32,315 - BlankSpaceAnalyzer - INFO - -> Analyzing version 3.6.0 (148/399)...
2025-10-22 14:47:32,368 - BlankSpaceAnalyzer - INFO - -> Analyzing version 3.6.1 (149/399)...
2025-10-22 14:47:32,415 - BlankSpaceAnalyzer - INFO - -> Analyzing version 3.7.0 (150/399)...
2025-10-22 14:47:32,468 - BlankSpaceAnalyzer - INFO - -> Analyzing version 3.7.1 (151/399)...
2025-10-22 14:47:32,516 - BlankSpaceAnalyzer - INFO - -> Analyzing version 3.8.0 (152/399)...
2025-10-22 14:47:32,567 - BlankSpaceAnalyzer - INFO - -> Analyzing version 3.8.1 (153/399)...
2025-10-22 14:47:32,614 - BlankSpaceAnalyzer - INFO - -> Analyzing version 3.9.0 (154/399)...
2025-10-22 14:47:32,668 - BlankSpaceAnalyzer - INFO - -> Analyzing version 3.9.1 (155/399)...
2025-10-22 14:47:32,716 - BlankSpaceAnalyzer - INFO - -> Analyzing version 4.0.0 (156/399)...
2025-10-22 14:47:32,769 - BlankSpaceAnalyzer - INFO - -> Analyzing version 4.0.0-alpha.0 (157/399)...
2025-10-22 14:47:32,819 - BlankSpaceAnalyzer - INFO - -> Analyzing version 4.0.0-alpha.1 (158/399)...
2025-10-22 14:47:32,869 - BlankSpaceAnalyzer - INFO - -> Analyzing version 4.0.0-alpha.2 (159/399)...
2025-10-22 14:47:32,919 - BlankSpaceAnalyzer - INFO - -> Analyzing version 4.0.0-beta.0 (160/399)...
2025-10-22 14:47:32,971 - BlankSpaceAnalyzer - INFO - -> Analyzing version 4.0.0-rc.0 (161/399)...
2025-10-22 14:47:33,021 - BlankSpaceAnalyzer - INFO - -> Analyzing version 4.1.0 (162/399)...
2025-10-22 14:47:33,072 - BlankSpaceAnalyzer - INFO - -> Analyzing version 4.1.1 (163/399)...
2025-10-22 14:47:33,121 - BlankSpaceAnalyzer - INFO - -> Analyzing version 4.10.0 (164/399)...
2025-10-22 14:47:33,177 - BlankSpaceAnalyzer - INFO - -> Analyzing version 4.11.0 (165/399)...
2025-10-22 14:47:33,227 - BlankSpaceAnalyzer - INFO - -> Analyzing version 4.12.0 (166/399)...
2025-10-22 14:47:33,276 - BlankSpaceAnalyzer - INFO - -> Analyzing version 4.12.1 (167/399)...
2025-10-22 14:47:33,328 - BlankSpaceAnalyzer - INFO - -> Analyzing version 4.13.0 (168/399)...
2025-10-22 14:47:33,377 - BlankSpaceAnalyzer - INFO - -> Analyzing version 4.13.1 (169/399)...
2025-10-22 14:47:33,429 - BlankSpaceAnalyzer - INFO - -> Analyzing version 4.14.0 (170/399)...
2025-10-22 14:47:33,477 - BlankSpaceAnalyzer - INFO - -> Analyzing version 4.15.0 (171/399)...
2025-10-22 14:47:33,530 - BlankSpaceAnalyzer - INFO - -> Analyzing version 4.16.0 (172/399)...
2025-10-22 14:47:33,580 - BlankSpaceAnalyzer - INFO - -> Analyzing version 4.17.0 (173/399)...
2025-10-22 14:47:33,632 - BlankSpaceAnalyzer - INFO - -> Analyzing version 4.18.0 (174/399)...
2025-10-22 14:47:33,683 - BlankSpaceAnalyzer - INFO - -> Analyzing version 4.18.1 (175/399)...
2025-10-22 14:47:33,736 - BlankSpaceAnalyzer - INFO - -> Analyzing version 4.18.2 (176/399)...
2025-10-22 14:47:33,786 - BlankSpaceAnalyzer - INFO - -> Analyzing version 4.19.0 (177/399)...
2025-10-22 14:47:33,840 - BlankSpaceAnalyzer - INFO - -> Analyzing version 4.19.1 (178/399)...
2025-10-22 14:47:33,892 - BlankSpaceAnalyzer - INFO - -> Analyzing version 4.2.0 (179/399)...
2025-10-22 14:47:33,943 - BlankSpaceAnalyzer - INFO - -> Analyzing version 4.3.0 (180/399)...
2025-10-22 14:47:33,996 - BlankSpaceAnalyzer - INFO - -> Analyzing version 4.4.0 (181/399)...
2025-10-22 14:47:34,047 - BlankSpaceAnalyzer - INFO - -> Analyzing version 4.4.1 (182/399)...
2025-10-22 14:47:34,101 - BlankSpaceAnalyzer - INFO - -> Analyzing version 4.5.0 (183/399)...
2025-10-22 14:47:34,151 - BlankSpaceAnalyzer - INFO - -> Analyzing version 4.6.0 (184/399)...
2025-10-22 14:47:34,204 - BlankSpaceAnalyzer - INFO - -> Analyzing version 4.6.1 (185/399)...
2025-10-22 14:47:34,254 - BlankSpaceAnalyzer - INFO - -> Analyzing version 4.7.0 (186/399)...
2025-10-22 14:47:34,306 - BlankSpaceAnalyzer - INFO - -> Analyzing version 4.7.1 (187/399)...
2025-10-22 14:47:34,358 - BlankSpaceAnalyzer - INFO - -> Analyzing version 4.7.2 (188/399)...
2025-10-22 14:47:34,411 - BlankSpaceAnalyzer - INFO - -> Analyzing version 4.8.0 (189/399)...
2025-10-22 14:47:34,465 - BlankSpaceAnalyzer - INFO - -> Analyzing version 4.9.0 (190/399)...
2025-10-22 14:47:34,517 - BlankSpaceAnalyzer - INFO - -> Analyzing version 5.0.0 (191/399)...
2025-10-22 14:47:34,570 - BlankSpaceAnalyzer - INFO - -> Analyzing version 5.0.0-alpha.0 (192/399)...
2025-10-22 14:47:34,623 - BlankSpaceAnalyzer - INFO - -> Analyzing version 5.0.0-alpha.1 (193/399)...
2025-10-22 14:47:34,674 - BlankSpaceAnalyzer - INFO - -> Analyzing version 5.0.0-alpha.2 (194/399)...
2025-10-22 14:47:34,726 - BlankSpaceAnalyzer - INFO - -> Analyzing version 5.0.0-alpha.3 (195/399)...
2025-10-22 14:47:34,777 - BlankSpaceAnalyzer - INFO - -> Analyzing version 5.0.0-alpha.4 (196/399)...
2025-10-22 14:47:34,828 - BlankSpaceAnalyzer - INFO - -> Analyzing version 5.0.0-rc.0 (197/399)...
2025-10-22 14:47:34,881 - BlankSpaceAnalyzer - INFO - -> Analyzing version 5.0.1 (198/399)...
2025-10-22 14:47:34,933 - BlankSpaceAnalyzer - INFO - -> Analyzing version 5.1.0 (199/399)...
2025-10-22 14:47:34,983 - BlankSpaceAnalyzer - INFO - -> Analyzing version 5.10.0 (200/399)...
2025-10-22 14:47:35,037 - BlankSpaceAnalyzer - INFO - -> Analyzing version 5.11.0 (201/399)...
2025-10-22 14:47:35,089 - BlankSpaceAnalyzer - INFO - -> Analyzing version 5.11.1 (202/399)...
2025-10-22 14:47:35,140 - BlankSpaceAnalyzer - INFO - -> Analyzing version 5.12.0 (203/399)...
2025-10-22 14:47:35,192 - BlankSpaceAnalyzer - INFO - -> Analyzing version 5.12.1 (204/399)...
2025-10-22 14:47:35,242 - BlankSpaceAnalyzer - INFO - -> Analyzing version 5.13.0 (205/399)...
2025-10-22 14:47:35,293 - BlankSpaceAnalyzer - INFO - -> Analyzing version 5.14.0 (206/399)...
2025-10-22 14:47:35,346 - BlankSpaceAnalyzer - INFO - -> Analyzing version 5.14.1 (207/399)...
2025-10-22 14:47:35,396 - BlankSpaceAnalyzer - INFO - -> Analyzing version 5.15.0 (208/399)...
2025-10-22 14:47:35,451 - BlankSpaceAnalyzer - INFO - -> Analyzing version 5.15.1 (209/399)...
2025-10-22 14:47:35,504 - BlankSpaceAnalyzer - INFO - -> Analyzing version 5.15.2 (210/399)...
2025-10-22 14:47:35,557 - BlankSpaceAnalyzer - INFO - -> Analyzing version 5.15.3 (211/399)...
2025-10-22 14:47:35,609 - BlankSpaceAnalyzer - INFO - -> Analyzing version 5.16.0 (212/399)...
2025-10-22 14:47:35,661 - BlankSpaceAnalyzer - INFO - -> Analyzing version 5.2.0 (213/399)...
2025-10-22 14:47:35,713 - BlankSpaceAnalyzer - INFO - -> Analyzing version 5.3.0 (214/399)...
2025-10-22 14:47:35,763 - BlankSpaceAnalyzer - INFO - -> Analyzing version 5.4.0 (215/399)...
2025-10-22 14:47:35,817 - BlankSpaceAnalyzer - INFO - -> Analyzing version 5.5.0 (216/399)...
2025-10-22 14:47:35,871 - BlankSpaceAnalyzer - INFO - -> Analyzing version 5.6.0 (217/399)...
2025-10-22 14:47:35,922 - BlankSpaceAnalyzer - INFO - -> Analyzing version 5.6.1 (218/399)...
2025-10-22 14:47:35,976 - BlankSpaceAnalyzer - INFO - -> Analyzing version 5.7.0 (219/399)...
2025-10-22 14:47:36,027 - BlankSpaceAnalyzer - INFO - -> Analyzing version 5.8.0 (220/399)...
2025-10-22 14:47:36,081 - BlankSpaceAnalyzer - INFO - -> Analyzing version 5.9.0 (221/399)...
2025-10-22 14:47:36,196 - BlankSpaceAnalyzer - INFO - -> Analyzing version 6.0.0 (222/399)...
2025-10-22 14:47:36,246 - BlankSpaceAnalyzer - INFO - -> Analyzing version 6.0.0-alpha.0 (223/399)...
2025-10-22 14:47:36,301 - BlankSpaceAnalyzer - INFO - -> Analyzing version 6.0.0-alpha.1 (224/399)...
2025-10-22 14:47:36,350 - BlankSpaceAnalyzer - INFO - -> Analyzing version 6.0.0-alpha.2 (225/399)...
2025-10-22 14:47:36,403 - BlankSpaceAnalyzer - INFO - -> Analyzing version 6.0.0-rc.0 (226/399)...
2025-10-22 14:47:36,454 - BlankSpaceAnalyzer - INFO - -> Analyzing version 6.0.1 (227/399)...
2025-10-22 14:47:36,507 - BlankSpaceAnalyzer - INFO - -> Analyzing version 6.1.0 (228/399)...
2025-10-22 14:47:36,558 - BlankSpaceAnalyzer - INFO - -> Analyzing version 6.2.0 (229/399)...
2025-10-22 14:47:36,615 - BlankSpaceAnalyzer - INFO - -> Analyzing version 6.2.1 (230/399)...
2025-10-22 14:47:36,668 - BlankSpaceAnalyzer - INFO - -> Analyzing version 6.2.2 (231/399)...
2025-10-22 14:47:36,719 - BlankSpaceAnalyzer - INFO - -> Analyzing version 6.3.0 (232/399)...
2025-10-22 14:47:36,770 - BlankSpaceAnalyzer - INFO - -> Analyzing version 6.4.0 (233/399)...
2025-10-22 14:47:36,825 - BlankSpaceAnalyzer - INFO - -> Analyzing version 6.5.0 (234/399)...
2025-10-22 14:47:36,881 - BlankSpaceAnalyzer - INFO - -> Analyzing version 6.5.1 (235/399)...
2025-10-22 14:47:36,935 - BlankSpaceAnalyzer - INFO - -> Analyzing version 6.6.0 (236/399)...
2025-10-22 14:47:36,988 - BlankSpaceAnalyzer - INFO - -> Analyzing version 6.7.0 (237/399)...
2025-10-22 14:47:37,041 - BlankSpaceAnalyzer - INFO - -> Analyzing version 6.7.1 (238/399)...
2025-10-22 14:47:37,093 - BlankSpaceAnalyzer - INFO - -> Analyzing version 6.7.2 (239/399)...
2025-10-22 14:47:37,145 - BlankSpaceAnalyzer - INFO - -> Analyzing version 6.8.0 (240/399)...
2025-10-22 14:47:37,196 - BlankSpaceAnalyzer - INFO - -> Analyzing version 7.0.0 (241/399)...
2025-10-22 14:47:37,250 - BlankSpaceAnalyzer - INFO - -> Analyzing version 7.0.0-alpha.0 (242/399)...
2025-10-22 14:47:37,301 - BlankSpaceAnalyzer - INFO - -> Analyzing version 7.0.0-alpha.1 (243/399)...
2025-10-22 14:47:37,356 - BlankSpaceAnalyzer - INFO - -> Analyzing version 7.0.0-alpha.2 (244/399)...
2025-10-22 14:47:37,411 - BlankSpaceAnalyzer - INFO - -> Analyzing version 7.0.0-alpha.3 (245/399)...
2025-10-22 14:47:37,462 - BlankSpaceAnalyzer - INFO - -> Analyzing version 7.0.0-rc.0 (246/399)...
2025-10-22 14:47:37,514 - BlankSpaceAnalyzer - INFO - -> Analyzing version 7.1.0 (247/399)...
2025-10-22 14:47:37,566 - BlankSpaceAnalyzer - INFO - -> Analyzing version 7.10.0 (248/399)...
2025-10-22 14:47:37,619 - BlankSpaceAnalyzer - INFO - -> Analyzing version 7.11.0 (249/399)...
2025-10-22 14:47:37,672 - BlankSpaceAnalyzer - INFO - -> Analyzing version 7.12.0 (250/399)...
2025-10-22 14:47:37,723 - BlankSpaceAnalyzer - INFO - -> Analyzing version 7.12.1 (251/399)...
2025-10-22 14:47:37,776 - BlankSpaceAnalyzer - INFO - -> Analyzing version 7.13.0 (252/399)...
2025-10-22 14:47:37,827 - BlankSpaceAnalyzer - INFO - -> Analyzing version 7.14.0 (253/399)...
2025-10-22 14:47:37,880 - BlankSpaceAnalyzer - INFO - -> Analyzing version 7.15.0 (254/399)...
2025-10-22 14:47:37,931 - BlankSpaceAnalyzer - INFO - -> Analyzing version 7.16.0 (255/399)...
2025-10-22 14:47:37,985 - BlankSpaceAnalyzer - INFO - -> Analyzing version 7.17.0 (256/399)...
2025-10-22 14:47:38,037 - BlankSpaceAnalyzer - INFO - -> Analyzing version 7.18.0 (257/399)...
2025-10-22 14:47:38,095 - BlankSpaceAnalyzer - INFO - -> Analyzing version 7.19.0 (258/399)...
2025-10-22 14:47:38,145 - BlankSpaceAnalyzer - INFO - -> Analyzing version 7.2.0 (259/399)...
2025-10-22 14:47:38,199 - BlankSpaceAnalyzer - INFO - -> Analyzing version 7.20.0 (260/399)...
2025-10-22 14:47:38,255 - BlankSpaceAnalyzer - INFO - -> Analyzing version 7.21.0 (261/399)...
2025-10-22 14:47:38,310 - BlankSpaceAnalyzer - INFO - -> Analyzing version 7.22.0 (262/399)...
2025-10-22 14:47:38,364 - BlankSpaceAnalyzer - INFO - -> Analyzing version 7.23.0 (263/399)...
2025-10-22 14:47:38,414 - BlankSpaceAnalyzer - INFO - -> Analyzing version 7.24.0 (264/399)...
2025-10-22 14:47:38,469 - BlankSpaceAnalyzer - INFO - -> Analyzing version 7.25.0 (265/399)...
2025-10-22 14:47:38,526 - BlankSpaceAnalyzer - INFO - -> Analyzing version 7.26.0 (266/399)...
2025-10-22 14:47:38,579 - BlankSpaceAnalyzer - INFO - -> Analyzing version 7.27.0 (267/399)...
2025-10-22 14:47:38,630 - BlankSpaceAnalyzer - INFO - -> Analyzing version 7.28.0 (268/399)...
2025-10-22 14:47:38,683 - BlankSpaceAnalyzer - INFO - -> Analyzing version 7.29.0 (269/399)...
2025-10-22 14:47:38,737 - BlankSpaceAnalyzer - INFO - -> Analyzing version 7.3.0 (270/399)...
2025-10-22 14:47:38,788 - BlankSpaceAnalyzer - INFO - -> Analyzing version 7.3.1 (271/399)...
2025-10-22 14:47:38,841 - BlankSpaceAnalyzer - INFO - -> Analyzing version 7.30.0 (272/399)...
2025-10-22 14:47:38,894 - BlankSpaceAnalyzer - INFO - -> Analyzing version 7.31.0 (273/399)...
2025-10-22 14:47:38,946 - BlankSpaceAnalyzer - INFO - -> Analyzing version 7.32.0 (274/399)...
2025-10-22 14:47:39,000 - BlankSpaceAnalyzer - INFO - -> Analyzing version 7.4.0 (275/399)...
2025-10-22 14:47:39,054 - BlankSpaceAnalyzer - INFO - -> Analyzing version 7.5.0 (276/399)...
2025-10-22 14:47:39,105 - BlankSpaceAnalyzer - INFO - -> Analyzing version 7.6.0 (277/399)...
2025-10-22 14:47:39,158 - BlankSpaceAnalyzer - INFO - -> Analyzing version 7.7.0 (278/399)...
2025-10-22 14:47:39,210 - BlankSpaceAnalyzer - INFO - -> Analyzing version 7.8.0 (279/399)...
2025-10-22 14:47:39,263 - BlankSpaceAnalyzer - INFO - -> Analyzing version 7.8.1 (280/399)...
2025-10-22 14:47:39,314 - BlankSpaceAnalyzer - INFO - -> Analyzing version 7.9.0 (281/399)...
2025-10-22 14:47:39,368 - BlankSpaceAnalyzer - INFO - -> Analyzing version 8.0.0 (282/399)...
2025-10-22 14:47:39,420 - BlankSpaceAnalyzer - INFO - -> Analyzing version 8.0.0-beta.0 (283/399)...
2025-10-22 14:47:39,473 - BlankSpaceAnalyzer - INFO - -> Analyzing version 8.0.0-beta.1 (284/399)...
2025-10-22 14:47:39,532 - BlankSpaceAnalyzer - INFO - -> Analyzing version 8.0.0-beta.2 (285/399)...
2025-10-22 14:47:39,583 - BlankSpaceAnalyzer - INFO - -> Analyzing version 8.0.0-rc.0 (286/399)...
2025-10-22 14:47:39,637 - BlankSpaceAnalyzer - INFO - -> Analyzing version 8.0.1 (287/399)...
2025-10-22 14:47:39,689 - BlankSpaceAnalyzer - INFO - -> Analyzing version 8.1.0 (288/399)...
2025-10-22 14:47:39,740 - BlankSpaceAnalyzer - INFO - -> Analyzing version 8.10.0 (289/399)...
2025-10-22 14:47:39,794 - BlankSpaceAnalyzer - INFO - -> Analyzing version 8.11.0 (290/399)...
2025-10-22 14:47:39,845 - BlankSpaceAnalyzer - INFO - -> Analyzing version 8.12.0 (291/399)...
2025-10-22 14:47:39,900 - BlankSpaceAnalyzer - INFO - -> Analyzing version 8.13.0 (292/399)...
2025-10-22 14:47:39,953 - BlankSpaceAnalyzer - INFO - -> Analyzing version 8.14.0 (293/399)...
2025-10-22 14:47:40,004 - BlankSpaceAnalyzer - INFO - -> Analyzing version 8.15.0 (294/399)...
2025-10-22 14:47:40,058 - BlankSpaceAnalyzer - INFO - -> Analyzing version 8.16.0 (295/399)...
2025-10-22 14:47:40,111 - BlankSpaceAnalyzer - INFO - -> Analyzing version 8.17.0 (296/399)...
2025-10-22 14:47:40,167 - BlankSpaceAnalyzer - INFO - -> Analyzing version 8.18.0 (297/399)...
2025-10-22 14:47:40,218 - BlankSpaceAnalyzer - INFO - -> Analyzing version 8.19.0 (298/399)...
2025-10-22 14:47:40,270 - BlankSpaceAnalyzer - INFO - -> Analyzing version 8.2.0 (299/399)...
2025-10-22 14:47:40,322 - BlankSpaceAnalyzer - INFO - -> Analyzing version 8.20.0 (300/399)...
2025-10-22 14:47:40,375 - BlankSpaceAnalyzer - INFO - -> Analyzing version 8.21.0 (301/399)...
2025-10-22 14:47:40,426 - BlankSpaceAnalyzer - INFO - -> Analyzing version 8.22.0 (302/399)...
2025-10-22 14:47:40,480 - BlankSpaceAnalyzer - INFO - -> Analyzing version 8.23.0 (303/399)...
2025-10-22 14:47:40,535 - BlankSpaceAnalyzer - INFO - -> Analyzing version 8.23.1 (304/399)...
2025-10-22 14:47:40,591 - BlankSpaceAnalyzer - INFO - -> Analyzing version 8.24.0 (305/399)...
2025-10-22 14:47:40,647 - BlankSpaceAnalyzer - INFO - -> Analyzing version 8.25.0 (306/399)...
2025-10-22 14:47:40,702 - BlankSpaceAnalyzer - INFO - -> Analyzing version 8.26.0 (307/399)...
2025-10-22 14:47:40,753 - BlankSpaceAnalyzer - INFO - -> Analyzing version 8.27.0 (308/399)...
2025-10-22 14:47:40,806 - BlankSpaceAnalyzer - INFO - -> Analyzing version 8.28.0 (309/399)...
2025-10-22 14:47:40,858 - BlankSpaceAnalyzer - INFO - -> Analyzing version 8.29.0 (310/399)...
2025-10-22 14:47:40,911 - BlankSpaceAnalyzer - INFO - -> Analyzing version 8.3.0 (311/399)...
2025-10-22 14:47:40,965 - BlankSpaceAnalyzer - INFO - -> Analyzing version 8.30.0 (312/399)...
2025-10-22 14:47:41,016 - BlankSpaceAnalyzer - INFO - -> Analyzing version 8.31.0 (313/399)...
2025-10-22 14:47:41,071 - BlankSpaceAnalyzer - INFO - -> Analyzing version 8.32.0 (314/399)...
2025-10-22 14:47:41,122 - BlankSpaceAnalyzer - INFO - -> Analyzing version 8.33.0 (315/399)...
2025-10-22 14:47:41,177 - BlankSpaceAnalyzer - INFO - -> Analyzing version 8.34.0 (316/399)...
2025-10-22 14:47:41,228 - BlankSpaceAnalyzer - INFO - -> Analyzing version 8.35.0 (317/399)...
2025-10-22 14:47:41,283 - BlankSpaceAnalyzer - INFO - -> Analyzing version 8.36.0 (318/399)...
2025-10-22 14:47:41,339 - BlankSpaceAnalyzer - INFO - -> Analyzing version 8.37.0 (319/399)...
2025-10-22 14:47:41,389 - BlankSpaceAnalyzer - INFO - -> Analyzing version 8.38.0 (320/399)...
2025-10-22 14:47:41,444 - BlankSpaceAnalyzer - INFO - -> Analyzing version 8.39.0 (321/399)...
2025-10-22 14:47:41,495 - BlankSpaceAnalyzer - INFO - -> Analyzing version 8.4.0 (322/399)...
2025-10-22 14:47:41,549 - BlankSpaceAnalyzer - INFO - -> Analyzing version 8.4.1 (323/399)...
2025-10-22 14:47:41,602 - BlankSpaceAnalyzer - INFO - -> Analyzing version 8.40.0 (324/399)...
2025-10-22 14:47:41,652 - BlankSpaceAnalyzer - INFO - -> Analyzing version 8.41.0 (325/399)...
2025-10-22 14:47:41,709 - BlankSpaceAnalyzer - INFO - -> Analyzing version 8.42.0 (326/399)...
2025-10-22 14:47:41,759 - BlankSpaceAnalyzer - INFO - -> Analyzing version 8.43.0 (327/399)...
2025-10-22 14:47:41,814 - BlankSpaceAnalyzer - INFO - -> Analyzing version 8.44.0 (328/399)...
2025-10-22 14:47:41,866 - BlankSpaceAnalyzer - INFO - -> Analyzing version 8.45.0 (329/399)...
2025-10-22 14:47:41,918 - BlankSpaceAnalyzer - INFO - -> Analyzing version 8.46.0 (330/399)...
2025-10-22 14:47:41,972 - BlankSpaceAnalyzer - INFO - -> Analyzing version 8.47.0 (331/399)...
2025-10-22 14:47:42,023 - BlankSpaceAnalyzer - INFO - -> Analyzing version 8.48.0 (332/399)...
2025-10-22 14:47:42,078 - BlankSpaceAnalyzer - INFO - -> Analyzing version 8.49.0 (333/399)...
2025-10-22 14:47:42,132 - BlankSpaceAnalyzer - INFO - -> Analyzing version 8.5.0 (334/399)...
2025-10-22 14:47:42,185 - BlankSpaceAnalyzer - INFO - -> Analyzing version 8.50.0 (335/399)...
2025-10-22 14:47:42,238 - BlankSpaceAnalyzer - INFO - -> Analyzing version 8.51.0 (336/399)...
2025-10-22 14:47:42,289 - BlankSpaceAnalyzer - INFO - -> Analyzing version 8.52.0 (337/399)...
2025-10-22 14:47:42,343 - BlankSpaceAnalyzer - INFO - -> Analyzing version 8.53.0 (338/399)...
2025-10-22 14:47:42,397 - BlankSpaceAnalyzer - INFO - -> Analyzing version 8.54.0 (339/399)...
2025-10-22 14:47:42,450 - BlankSpaceAnalyzer - INFO - -> Analyzing version 8.55.0 (340/399)...
2025-10-22 14:47:42,503 - BlankSpaceAnalyzer - INFO - -> Analyzing version 8.56.0 (341/399)...
2025-10-22 14:47:42,555 - BlankSpaceAnalyzer - INFO - -> Analyzing version 8.57.0 (342/399)...
2025-10-22 14:47:42,612 - BlankSpaceAnalyzer - INFO - -> Analyzing version 8.57.1 (343/399)...
2025-10-22 14:47:42,667 - BlankSpaceAnalyzer - INFO - -> Analyzing version 8.6.0 (344/399)...
2025-10-22 14:47:42,717 - BlankSpaceAnalyzer - INFO - -> Analyzing version 8.7.0 (345/399)...
2025-10-22 14:47:42,770 - BlankSpaceAnalyzer - INFO - -> Analyzing version 8.8.0 (346/399)...
2025-10-22 14:47:42,821 - BlankSpaceAnalyzer - INFO - -> Analyzing version 8.9.0 (347/399)...
2025-10-22 14:47:42,879 - BlankSpaceAnalyzer - INFO - -> Analyzing version 9.0.0 (348/399)...
2025-10-22 14:47:42,930 - BlankSpaceAnalyzer - INFO - -> Analyzing version 9.0.0-alpha.0 (349/399)...
2025-10-22 14:47:42,984 - BlankSpaceAnalyzer - INFO - -> Analyzing version 9.0.0-alpha.1 (350/399)...
2025-10-22 14:47:43,039 - BlankSpaceAnalyzer - INFO - -> Analyzing version 9.0.0-alpha.2 (351/399)...
2025-10-22 14:47:43,092 - BlankSpaceAnalyzer - INFO - -> Analyzing version 9.0.0-beta.0 (352/399)...
2025-10-22 14:47:43,147 - BlankSpaceAnalyzer - INFO - -> Analyzing version 9.0.0-beta.1 (353/399)...
2025-10-22 14:47:43,199 - BlankSpaceAnalyzer - INFO - -> Analyzing version 9.0.0-beta.2 (354/399)...
2025-10-22 14:47:43,352 - BlankSpaceAnalyzer - INFO - -> Analyzing version 9.0.0-rc.0 (355/399)...
2025-10-22 14:47:43,404 - BlankSpaceAnalyzer - INFO - -> Analyzing version 9.1.0 (356/399)...
2025-10-22 14:47:43,460 - BlankSpaceAnalyzer - INFO - -> Analyzing version 9.1.1 (357/399)...
2025-10-22 14:47:43,512 - BlankSpaceAnalyzer - INFO - -> Analyzing version 9.10.0 (358/399)...
2025-10-22 14:47:43,568 - BlankSpaceAnalyzer - INFO - -> Analyzing version 9.11.0 (359/399)...
2025-10-22 14:47:43,620 - BlankSpaceAnalyzer - INFO - -> Analyzing version 9.11.1 (360/399)...
2025-10-22 14:47:43,676 - BlankSpaceAnalyzer - INFO - -> Analyzing version 9.12.0 (361/399)...
2025-10-22 14:47:43,728 - BlankSpaceAnalyzer - INFO - -> Analyzing version 9.13.0 (362/399)...
2025-10-22 14:47:43,782 - BlankSpaceAnalyzer - INFO - -> Analyzing version 9.14.0 (363/399)...
2025-10-22 14:47:43,836 - BlankSpaceAnalyzer - INFO - -> Analyzing version 9.15.0 (364/399)...
2025-10-22 14:47:43,891 - BlankSpaceAnalyzer - INFO - -> Analyzing version 9.16.0 (365/399)...
2025-10-22 14:47:43,947 - BlankSpaceAnalyzer - INFO - -> Analyzing version 9.17.0 (366/399)...
2025-10-22 14:47:44,001 - BlankSpaceAnalyzer - INFO - -> Analyzing version 9.18.0 (367/399)...
2025-10-22 14:47:44,058 - BlankSpaceAnalyzer - INFO - -> Analyzing version 9.19.0 (368/399)...
2025-10-22 14:47:44,113 - BlankSpaceAnalyzer - INFO - -> Analyzing version 9.2.0 (369/399)...
2025-10-22 14:47:44,164 - BlankSpaceAnalyzer - INFO - -> Analyzing version 9.20.0 (370/399)...
2025-10-22 14:47:44,219 - BlankSpaceAnalyzer - INFO - -> Analyzing version 9.20.1 (371/399)...
2025-10-22 14:47:44,273 - BlankSpaceAnalyzer - INFO - -> Analyzing version 9.21.0 (372/399)...
2025-10-22 14:47:44,328 - BlankSpaceAnalyzer - INFO - -> Analyzing version 9.22.0 (373/399)...
2025-10-22 14:47:44,383 - BlankSpaceAnalyzer - INFO - -> Analyzing version 9.23.0 (374/399)...
2025-10-22 14:47:44,435 - BlankSpaceAnalyzer - INFO - -> Analyzing version 9.24.0 (375/399)...
2025-10-22 14:47:44,490 - BlankSpaceAnalyzer - INFO - -> Analyzing version 9.25.0 (376/399)...
2025-10-22 14:47:44,544 - BlankSpaceAnalyzer - INFO - -> Analyzing version 9.25.1 (377/399)...
2025-10-22 14:47:44,601 - BlankSpaceAnalyzer - INFO - -> Analyzing version 9.26.0 (378/399)...
2025-10-22 14:47:44,658 - BlankSpaceAnalyzer - INFO - -> Analyzing version 9.27.0 (379/399)...
2025-10-22 14:47:44,713 - BlankSpaceAnalyzer - INFO - -> Analyzing version 9.28.0 (380/399)...
2025-10-22 14:47:44,767 - BlankSpaceAnalyzer - INFO - -> Analyzing version 9.29.0 (381/399)...
2025-10-22 14:47:44,823 - BlankSpaceAnalyzer - INFO - -> Analyzing version 9.3.0 (382/399)...
2025-10-22 14:47:44,880 - BlankSpaceAnalyzer - INFO - -> Analyzing version 9.30.0 (383/399)...
2025-10-22 14:47:44,936 - BlankSpaceAnalyzer - INFO - -> Analyzing version 9.30.1 (384/399)...
2025-10-22 14:47:44,991 - BlankSpaceAnalyzer - INFO - -> Analyzing version 9.31.0 (385/399)...
2025-10-22 14:47:45,048 - BlankSpaceAnalyzer - INFO - -> Analyzing version 9.32.0 (386/399)...
2025-10-22 14:47:45,102 - BlankSpaceAnalyzer - INFO - -> Analyzing version 9.33.0 (387/399)...
2025-10-22 14:47:45,158 - BlankSpaceAnalyzer - INFO - -> Analyzing version 9.34.0 (388/399)...
2025-10-22 14:47:45,211 - BlankSpaceAnalyzer - INFO - -> Analyzing version 9.35.0 (389/399)...
2025-10-22 14:47:45,267 - BlankSpaceAnalyzer - INFO - -> Analyzing version 9.36.0 (390/399)...
2025-10-22 14:47:45,323 - BlankSpaceAnalyzer - INFO - -> Analyzing version 9.37.0 (391/399)...
2025-10-22 14:47:45,378 - BlankSpaceAnalyzer - INFO - -> Analyzing version 9.38.0 (392/399)...
2025-10-22 14:47:45,432 - BlankSpaceAnalyzer - INFO - -> Analyzing version 9.4.0 (393/399)...
2025-10-22 14:47:45,485 - BlankSpaceAnalyzer - INFO - -> Analyzing version 9.5.0 (394/399)...
2025-10-22 14:47:45,538 - BlankSpaceAnalyzer - INFO - -> Analyzing version 9.6.0 (395/399)...
2025-10-22 14:47:45,592 - BlankSpaceAnalyzer - INFO - -> Analyzing version 9.7.0 (396/399)...
2025-10-22 14:47:45,645 - BlankSpaceAnalyzer - INFO - -> Analyzing version 9.8.0 (397/399)...
2025-10-22 14:47:45,699 - BlankSpaceAnalyzer - INFO - -> Analyzing version 9.9.0 (398/399)...
2025-10-22 14:47:45,751 - BlankSpaceAnalyzer - INFO - -> Analyzing version 9.9.1 (399/399)...
2025-10-22 14:47:45,807 - BlankSpaceAnalyzer - INFO - Exporting results for 'eslint' to CSV...
2025-10-22 14:47:50,563 - BlankSpaceAnalyzer - INFO - Reports saved in: /app/npm_results/eslint
2025-10-22 14:47:50,570 - NPM_Analyzer - INFO - Cleaning temporary folder 'temp/eslint'...
2025-10-22 14:47:52,798 - NPM_Analyzer - INFO - Cleanup completed.
