2025-11-07 06:43:41,184 - NPM_Analyzer - INFO - Fetching metadata for '@types/styled-system'...
2025-11-07 06:43:41,383 - NPM_Analyzer - INFO - Found 55 versions. Starting download into 'temp/@types_styled-system'...
2025-11-07 06:44:47,207 - BlankSpaceAnalyzer - INFO - Analyzing 55 versions for '*.js' in '@types_styled-system'.
2025-11-07 06:44:47,207 - BlankSpaceAnalyzer - INFO - -> Analyzing version 2.3.0 (1/55)...
2025-11-07 06:44:47,207 - BlankSpaceAnalyzer - INFO - -> Analyzing version 2.3.1 (2/55)...
2025-11-07 06:44:47,207 - BlankSpaceAnalyzer - INFO - -> Analyzing version 2.3.2 (3/55)...
2025-11-07 06:44:47,207 - BlankSpaceAnalyzer - INFO - -> Analyzing version 3.0.0 (4/55)...
2025-11-07 06:44:47,207 - BlankSpaceAnalyzer - INFO - -> Analyzing version 3.0.1 (5/55)...
2025-11-07 06:44:47,208 - BlankSpaceAnalyzer - INFO - -> Analyzing version 3.0.2 (6/55)...
2025-11-07 06:44:47,208 - BlankSpaceAnalyzer - INFO - -> Analyzing version 3.0.3 (7/55)...
2025-11-07 06:44:47,208 - BlankSpaceAnalyzer - INFO - -> Analyzing version 3.0.4 (8/55)...
2025-11-07 06:44:47,208 - BlankSpaceAnalyzer - INFO - -> Analyzing version 3.0.5 (9/55)...
2025-11-07 06:44:47,208 - BlankSpaceAnalyzer - INFO - -> Analyzing version 3.0.6 (10/55)...
2025-11-07 06:44:47,208 - BlankSpaceAnalyzer - INFO - -> Analyzing version 3.0.7 (11/55)...
2025-11-07 06:44:47,209 - BlankSpaceAnalyzer - INFO - -> Analyzing version 3.0.8 (12/55)...
2025-11-07 06:44:47,209 - BlankSpaceAnalyzer - INFO - -> Analyzing version 3.0.9 (13/55)...
2025-11-07 06:44:47,209 - BlankSpaceAnalyzer - INFO - -> Analyzing version 3.1.0 (14/55)...
2025-11-07 06:44:47,209 - BlankSpaceAnalyzer - INFO - -> Analyzing version 3.1.1 (15/55)...
2025-11-07 06:44:47,209 - BlankSpaceAnalyzer - INFO - -> Analyzing version 3.1.2 (16/55)...
2025-11-07 06:44:47,209 - BlankSpaceAnalyzer - INFO - -> Analyzing version 3.1.3 (17/55)...
2025-11-07 06:44:47,209 - BlankSpaceAnalyzer - INFO - -> Analyzing version 3.2.0 (18/55)...
2025-11-07 06:44:47,209 - BlankSpaceAnalyzer - INFO - -> Analyzing version 3.2.1 (19/55)...
2025-11-07 06:44:47,210 - BlankSpaceAnalyzer - INFO - -> Analyzing version 3.2.2 (20/55)...
2025-11-07 06:44:47,210 - BlankSpaceAnalyzer - INFO - -> Analyzing version 4.0.0 (21/55)...
2025-11-07 06:44:47,210 - BlankSpaceAnalyzer - INFO - -> Analyzing version 4.1.0 (22/55)...
2025-11-07 06:44:47,210 - BlankSpaceAnalyzer - INFO - -> Analyzing version 4.1.1 (23/55)...
2025-11-07 06:44:47,210 - BlankSpaceAnalyzer - INFO - -> Analyzing version 4.1.2 (24/55)...
2025-11-07 06:44:47,210 - BlankSpaceAnalyzer - INFO - -> Analyzing version 4.1.3 (25/55)...
2025-11-07 06:44:47,210 - BlankSpaceAnalyzer - INFO - -> Analyzing version 4.2.0 (26/55)...
2025-11-07 06:44:47,210 - BlankSpaceAnalyzer - INFO - -> Analyzing version 4.2.1 (27/55)...
2025-11-07 06:44:47,210 - BlankSpaceAnalyzer - INFO - -> Analyzing version 4.2.2 (28/55)...
2025-11-07 06:44:47,211 - BlankSpaceAnalyzer - INFO - -> Analyzing version 5.0.0 (29/55)...
2025-11-07 06:44:47,211 - BlankSpaceAnalyzer - INFO - -> Analyzing version 5.0.1 (30/55)...
2025-11-07 06:44:47,211 - BlankSpaceAnalyzer - INFO - -> Analyzing version 5.1.0 (31/55)...
2025-11-07 06:44:47,211 - BlankSpaceAnalyzer - INFO - -> Analyzing version 5.1.1 (32/55)...
2025-11-07 06:44:47,211 - BlankSpaceAnalyzer - INFO - -> Analyzing version 5.1.10 (33/55)...
2025-11-07 06:44:47,211 - BlankSpaceAnalyzer - INFO - -> Analyzing version 5.1.11 (34/55)...
2025-11-07 06:44:47,211 - BlankSpaceAnalyzer - INFO - -> Analyzing version 5.1.12 (35/55)...
2025-11-07 06:44:47,211 - BlankSpaceAnalyzer - INFO - -> Analyzing version 5.1.13 (36/55)...
2025-11-07 06:44:47,212 - BlankSpaceAnalyzer - INFO - -> Analyzing version 5.1.14 (37/55)...
2025-11-07 06:44:47,212 - BlankSpaceAnalyzer - INFO - -> Analyzing version 5.1.15 (38/55)...
2025-11-07 06:44:47,212 - BlankSpaceAnalyzer - INFO - -> Analyzing version 5.1.16 (39/55)...
2025-11-07 06:44:47,212 - BlankSpaceAnalyzer - INFO - -> Analyzing version 5.1.17 (40/55)...
2025-11-07 06:44:47,212 - BlankSpaceAnalyzer - INFO - -> Analyzing version 5.1.18 (41/55)...
2025-11-07 06:44:47,212 - BlankSpaceAnalyzer - INFO - -> Analyzing version 5.1.19 (42/55)...
2025-11-07 06:44:47,212 - BlankSpaceAnalyzer - INFO - -> Analyzing version 5.1.2 (43/55)...
2025-11-07 06:44:47,212 - BlankSpaceAnalyzer - INFO - -> Analyzing version 5.1.20 (44/55)...
2025-11-07 06:44:47,212 - BlankSpaceAnalyzer - INFO - -> Analyzing version 5.1.21 (45/55)...
2025-11-07 06:44:47,213 - BlankSpaceAnalyzer - INFO - -> Analyzing version 5.1.22 (46/55)...
2025-11-07 06:44:47,213 - BlankSpaceAnalyzer - INFO - -> Analyzing version 5.1.23 (47/55)...
2025-11-07 06:44:47,213 - BlankSpaceAnalyzer - INFO - -> Analyzing version 5.1.24 (48/55)...
2025-11-07 06:44:47,213 - BlankSpaceAnalyzer - INFO - -> Analyzing version 5.1.3 (49/55)...
2025-11-07 06:44:47,213 - BlankSpaceAnalyzer - INFO - -> Analyzing version 5.1.4 (50/55)...
2025-11-07 06:44:47,213 - BlankSpaceAnalyzer - INFO - -> Analyzing version 5.1.5 (51/55)...
2025-11-07 06:44:47,213 - BlankSpaceAnalyzer - INFO - -> Analyzing version 5.1.6 (52/55)...
2025-11-07 06:44:47,213 - BlankSpaceAnalyzer - INFO - -> Analyzing version 5.1.7 (53/55)...
2025-11-07 06:44:47,213 - BlankSpaceAnalyzer - INFO - -> Analyzing version 5.1.8 (54/55)...
2025-11-07 06:44:47,214 - BlankSpaceAnalyzer - INFO - -> Analyzing version 5.1.9 (55/55)...
2025-11-07 06:44:47,214 - BlankSpaceAnalyzer - INFO - Exporting results for '@types/styled-system' to CSV...
2025-11-07 06:44:47,214 - BlankSpaceAnalyzer - WARNING - No files analyzed. CSV files will be empty.
2025-11-07 06:44:47,214 - NPM_Analyzer - INFO - Cleaning temporary folder 'temp/@types_styled-system'...
2025-11-07 06:44:47,222 - NPM_Analyzer - INFO - Cleanup completed.
