2025-10-25 05:02:25,719 - NPM_Analyzer - INFO - Fetching metadata for '@octokit/request'...
2025-10-25 05:02:26,977 - NPM_Analyzer - INFO - Found 117 versions. Starting download into 'temp/@octokit_request'...
2025-10-25 05:04:16,114 - BlankSpaceAnalyzer - INFO - Analyzing 117 versions for '*.js' in '@octokit_request'.
2025-10-25 05:04:16,114 - BlankSpaceAnalyzer - INFO - -> Analyzing version 1.0.0 (1/117)...
2025-10-25 05:04:16,194 - BlankSpaceAnalyzer - INFO - -> Analyzing version 1.1.0 (2/117)...
2025-10-25 05:04:16,250 - BlankSpaceAnalyzer - INFO - -> Analyzing version 1.1.1 (3/117)...
2025-10-25 05:04:16,306 - BlankSpaceAnalyzer - INFO - -> Analyzing version 1.2.0 (4/117)...
2025-10-25 05:04:16,369 - BlankSpaceAnalyzer - INFO - -> Analyzing version 1.2.1 (5/117)...
2025-10-25 05:04:16,432 - BlankSpaceAnalyzer - INFO - -> Analyzing version 1.2.2 (6/117)...
2025-10-25 05:04:16,494 - BlankSpaceAnalyzer - INFO - -> Analyzing version 10.0.0 (7/117)...
2025-10-25 05:04:16,557 - BlankSpaceAnalyzer - INFO - -> Analyzing version 10.0.1 (8/117)...
2025-10-25 05:04:16,619 - BlankSpaceAnalyzer - INFO - -> Analyzing version 10.0.2 (9/117)...
2025-10-25 05:04:16,681 - BlankSpaceAnalyzer - INFO - -> Analyzing version 10.0.3 (10/117)...
2025-10-25 05:04:16,744 - BlankSpaceAnalyzer - INFO - -> Analyzing version 10.0.4 (11/117)...
2025-10-25 05:04:16,806 - BlankSpaceAnalyzer - INFO - -> Analyzing version 10.0.5 (12/117)...
2025-10-25 05:04:16,868 - BlankSpaceAnalyzer - INFO - -> Analyzing version 2.0.0 (13/117)...
2025-10-25 05:04:16,935 - BlankSpaceAnalyzer - INFO - -> Analyzing version 2.0.1 (14/117)...
2025-10-25 05:04:16,996 - BlankSpaceAnalyzer - INFO - -> Analyzing version 2.1.0 (15/117)...
2025-10-25 05:04:17,059 - BlankSpaceAnalyzer - INFO - -> Analyzing version 2.1.1 (16/117)...
2025-10-25 05:04:17,122 - BlankSpaceAnalyzer - INFO - -> Analyzing version 2.1.2 (17/117)...
2025-10-25 05:04:17,184 - BlankSpaceAnalyzer - INFO - -> Analyzing version 2.2.0 (18/117)...
2025-10-25 05:04:17,247 - BlankSpaceAnalyzer - INFO - -> Analyzing version 2.2.1 (19/117)...
2025-10-25 05:04:17,308 - BlankSpaceAnalyzer - INFO - -> Analyzing version 2.3.0 (20/117)...
2025-10-25 05:04:17,365 - BlankSpaceAnalyzer - INFO - -> Analyzing version 2.4.0 (21/117)...
2025-10-25 05:04:17,424 - BlankSpaceAnalyzer - INFO - -> Analyzing version 2.4.1 (22/117)...
2025-10-25 05:04:17,485 - BlankSpaceAnalyzer - INFO - -> Analyzing version 2.4.2 (23/117)...
2025-10-25 05:04:17,547 - BlankSpaceAnalyzer - INFO - -> Analyzing version 3.0.0 (24/117)...
2025-10-25 05:04:17,609 - BlankSpaceAnalyzer - INFO - -> Analyzing version 3.0.1 (25/117)...
2025-10-25 05:04:17,672 - BlankSpaceAnalyzer - INFO - -> Analyzing version 3.0.2 (26/117)...
2025-10-25 05:04:17,735 - BlankSpaceAnalyzer - INFO - -> Analyzing version 3.0.3 (27/117)...
2025-10-25 05:04:17,798 - BlankSpaceAnalyzer - INFO - -> Analyzing version 4.0.0 (28/117)...
2025-10-25 05:04:17,799 - BlankSpaceAnalyzer - INFO - -> Analyzing version 4.0.1 (29/117)...
2025-10-25 05:04:17,861 - BlankSpaceAnalyzer - INFO - -> Analyzing version 4.0.2 (30/117)...
2025-10-25 05:04:17,924 - BlankSpaceAnalyzer - INFO - -> Analyzing version 4.1.0 (31/117)...
2025-10-25 05:04:17,987 - BlankSpaceAnalyzer - INFO - -> Analyzing version 4.1.1 (32/117)...
2025-10-25 05:04:18,050 - BlankSpaceAnalyzer - INFO - -> Analyzing version 5.0.0 (33/117)...
2025-10-25 05:04:18,112 - BlankSpaceAnalyzer - INFO - -> Analyzing version 5.0.1 (34/117)...
2025-10-25 05:04:18,174 - BlankSpaceAnalyzer - INFO - -> Analyzing version 5.0.2 (35/117)...
2025-10-25 05:04:18,236 - BlankSpaceAnalyzer - INFO - -> Analyzing version 5.0.3 (36/117)...
2025-10-25 05:04:18,299 - BlankSpaceAnalyzer - INFO - -> Analyzing version 5.1.0 (37/117)...
2025-10-25 05:04:18,362 - BlankSpaceAnalyzer - INFO - -> Analyzing version 5.2.0 (38/117)...
2025-10-25 05:04:18,424 - BlankSpaceAnalyzer - INFO - -> Analyzing version 5.2.1 (39/117)...
2025-10-25 05:04:18,488 - BlankSpaceAnalyzer - INFO - -> Analyzing version 5.3.0 (40/117)...
2025-10-25 05:04:18,550 - BlankSpaceAnalyzer - INFO - -> Analyzing version 5.3.1 (41/117)...
2025-10-25 05:04:18,612 - BlankSpaceAnalyzer - INFO - -> Analyzing version 5.3.2 (42/117)...
2025-10-25 05:04:18,675 - BlankSpaceAnalyzer - INFO - -> Analyzing version 5.3.3 (43/117)...
2025-10-25 05:04:18,737 - BlankSpaceAnalyzer - INFO - -> Analyzing version 5.3.4 (44/117)...
2025-10-25 05:04:18,799 - BlankSpaceAnalyzer - INFO - -> Analyzing version 5.4.0 (45/117)...
2025-10-25 05:04:18,862 - BlankSpaceAnalyzer - INFO - -> Analyzing version 5.4.1 (46/117)...
2025-10-25 05:04:18,924 - BlankSpaceAnalyzer - INFO - -> Analyzing version 5.4.10 (47/117)...
2025-10-25 05:04:18,986 - BlankSpaceAnalyzer - INFO - -> Analyzing version 5.4.11 (48/117)...
2025-10-25 05:04:19,050 - BlankSpaceAnalyzer - INFO - -> Analyzing version 5.4.12 (49/117)...
2025-10-25 05:04:19,112 - BlankSpaceAnalyzer - INFO - -> Analyzing version 5.4.13 (50/117)...
2025-10-25 05:04:19,176 - BlankSpaceAnalyzer - INFO - -> Analyzing version 5.4.14 (51/117)...
2025-10-25 05:04:19,239 - BlankSpaceAnalyzer - INFO - -> Analyzing version 5.4.15 (52/117)...
2025-10-25 05:04:19,305 - BlankSpaceAnalyzer - INFO - -> Analyzing version 5.4.2 (53/117)...
2025-10-25 05:04:19,366 - BlankSpaceAnalyzer - INFO - -> Analyzing version 5.4.3 (54/117)...
2025-10-25 05:04:19,428 - BlankSpaceAnalyzer - INFO - -> Analyzing version 5.4.4 (55/117)...
2025-10-25 05:04:19,490 - BlankSpaceAnalyzer - INFO - -> Analyzing version 5.4.5 (56/117)...
2025-10-25 05:04:19,552 - BlankSpaceAnalyzer - INFO - -> Analyzing version 5.4.6 (57/117)...
2025-10-25 05:04:19,615 - BlankSpaceAnalyzer - INFO - -> Analyzing version 5.4.7 (58/117)...
2025-10-25 05:04:19,678 - BlankSpaceAnalyzer - INFO - -> Analyzing version 5.4.8 (59/117)...
2025-10-25 05:04:19,740 - BlankSpaceAnalyzer - INFO - -> Analyzing version 5.4.9 (60/117)...
2025-10-25 05:04:19,803 - BlankSpaceAnalyzer - INFO - -> Analyzing version 5.5.0 (61/117)...
2025-10-25 05:04:19,865 - BlankSpaceAnalyzer - INFO - -> Analyzing version 5.6.0 (62/117)...
2025-10-25 05:04:19,928 - BlankSpaceAnalyzer - INFO - -> Analyzing version 5.6.1 (63/117)...
2025-10-25 05:04:19,991 - BlankSpaceAnalyzer - INFO - -> Analyzing version 5.6.2 (64/117)...
2025-10-25 05:04:20,055 - BlankSpaceAnalyzer - INFO - -> Analyzing version 5.6.3 (65/117)...
2025-10-25 05:04:20,118 - BlankSpaceAnalyzer - INFO - -> Analyzing version 6.0.0 (66/117)...
2025-10-25 05:04:20,181 - BlankSpaceAnalyzer - INFO - -> Analyzing version 6.0.1 (67/117)...
2025-10-25 05:04:20,244 - BlankSpaceAnalyzer - INFO - -> Analyzing version 6.0.2 (68/117)...
2025-10-25 05:04:20,307 - BlankSpaceAnalyzer - INFO - -> Analyzing version 6.1.0 (69/117)...
2025-10-25 05:04:20,365 - BlankSpaceAnalyzer - INFO - -> Analyzing version 6.2.0 (70/117)...
2025-10-25 05:04:20,424 - BlankSpaceAnalyzer - INFO - -> Analyzing version 6.2.1 (71/117)...
2025-10-25 05:04:20,486 - BlankSpaceAnalyzer - INFO - -> Analyzing version 6.2.2 (72/117)...
2025-10-25 05:04:20,549 - BlankSpaceAnalyzer - INFO - -> Analyzing version 6.2.3 (73/117)...
2025-10-25 05:04:20,611 - BlankSpaceAnalyzer - INFO - -> Analyzing version 6.2.4 (74/117)...
2025-10-25 05:04:20,611 - BlankSpaceAnalyzer - INFO - -> Analyzing version 6.2.5 (75/117)...
2025-10-25 05:04:20,668 - BlankSpaceAnalyzer - INFO - -> Analyzing version 6.2.6 (76/117)...
2025-10-25 05:04:20,727 - BlankSpaceAnalyzer - INFO - -> Analyzing version 6.2.7 (77/117)...
2025-10-25 05:04:20,790 - BlankSpaceAnalyzer - INFO - -> Analyzing version 6.2.8 (78/117)...
2025-10-25 05:04:20,852 - BlankSpaceAnalyzer - INFO - -> Analyzing version 7.0.0 (79/117)...
2025-10-25 05:04:20,913 - BlankSpaceAnalyzer - INFO - -> Analyzing version 7.0.0-beta.1 (80/117)...
2025-10-25 05:04:20,976 - BlankSpaceAnalyzer - INFO - -> Analyzing version 7.0.0-beta.2 (81/117)...
2025-10-25 05:04:21,040 - BlankSpaceAnalyzer - INFO - -> Analyzing version 7.0.0-beta.3 (82/117)...
2025-10-25 05:04:21,103 - BlankSpaceAnalyzer - INFO - -> Analyzing version 7.0.0-beta.4 (83/117)...
2025-10-25 05:04:21,165 - BlankSpaceAnalyzer - INFO - -> Analyzing version 7.0.0-beta.5 (84/117)...
2025-10-25 05:04:21,228 - BlankSpaceAnalyzer - INFO - -> Analyzing version 7.0.0-beta.6 (85/117)...
2025-10-25 05:04:21,290 - BlankSpaceAnalyzer - INFO - -> Analyzing version 7.0.0-beta.7 (86/117)...
2025-10-25 05:04:21,353 - BlankSpaceAnalyzer - INFO - -> Analyzing version 7.0.1 (87/117)...
2025-10-25 05:04:21,415 - BlankSpaceAnalyzer - INFO - -> Analyzing version 8.0.0 (88/117)...
2025-10-25 05:04:21,472 - BlankSpaceAnalyzer - INFO - -> Analyzing version 8.0.1 (89/117)...
2025-10-25 05:04:21,534 - BlankSpaceAnalyzer - INFO - -> Analyzing version 8.0.2 (90/117)...
2025-10-25 05:04:21,601 - BlankSpaceAnalyzer - INFO - -> Analyzing version 8.0.3 (91/117)...
2025-10-25 05:04:21,663 - BlankSpaceAnalyzer - INFO - -> Analyzing version 8.0.4 (92/117)...
2025-10-25 05:04:21,726 - BlankSpaceAnalyzer - INFO - -> Analyzing version 8.1.0 (93/117)...
2025-10-25 05:04:21,788 - BlankSpaceAnalyzer - INFO - -> Analyzing version 8.1.1 (94/117)...
2025-10-25 05:04:21,850 - BlankSpaceAnalyzer - INFO - -> Analyzing version 8.1.2 (95/117)...
2025-10-25 05:04:21,911 - BlankSpaceAnalyzer - INFO - -> Analyzing version 8.1.3 (96/117)...
2025-10-25 05:04:21,969 - BlankSpaceAnalyzer - INFO - -> Analyzing version 8.1.4 (97/117)...
2025-10-25 05:04:22,030 - BlankSpaceAnalyzer - INFO - -> Analyzing version 8.1.5 (98/117)...
2025-10-25 05:04:22,093 - BlankSpaceAnalyzer - INFO - -> Analyzing version 8.1.6 (99/117)...
2025-10-25 05:04:22,156 - BlankSpaceAnalyzer - INFO - -> Analyzing version 8.2.0 (100/117)...
2025-10-25 05:04:22,217 - BlankSpaceAnalyzer - INFO - -> Analyzing version 8.3.0 (101/117)...
2025-10-25 05:04:22,275 - BlankSpaceAnalyzer - INFO - -> Analyzing version 8.3.1 (102/117)...
2025-10-25 05:04:22,338 - BlankSpaceAnalyzer - INFO - -> Analyzing version 8.4.0 (103/117)...
2025-10-25 05:04:22,400 - BlankSpaceAnalyzer - INFO - -> Analyzing version 8.4.1 (104/117)...
2025-10-25 05:04:22,462 - BlankSpaceAnalyzer - INFO - -> Analyzing version 9.0.0 (105/117)...
2025-10-25 05:04:22,525 - BlankSpaceAnalyzer - INFO - -> Analyzing version 9.0.0-beta.1 (106/117)...
2025-10-25 05:04:22,588 - BlankSpaceAnalyzer - INFO - -> Analyzing version 9.0.1 (107/117)...
2025-10-25 05:04:22,651 - BlankSpaceAnalyzer - INFO - -> Analyzing version 9.1.0 (108/117)...
2025-10-25 05:04:22,713 - BlankSpaceAnalyzer - INFO - -> Analyzing version 9.1.1 (109/117)...
2025-10-25 05:04:22,770 - BlankSpaceAnalyzer - INFO - -> Analyzing version 9.1.2 (110/117)...
2025-10-25 05:04:22,832 - BlankSpaceAnalyzer - INFO - -> Analyzing version 9.1.3 (111/117)...
2025-10-25 05:04:22,893 - BlankSpaceAnalyzer - INFO - -> Analyzing version 9.1.4 (112/117)...
2025-10-25 05:04:22,959 - BlankSpaceAnalyzer - INFO - -> Analyzing version 9.2.0 (113/117)...
2025-10-25 05:04:23,018 - BlankSpaceAnalyzer - INFO - -> Analyzing version 9.2.1 (114/117)...
2025-10-25 05:04:23,077 - BlankSpaceAnalyzer - INFO - -> Analyzing version 9.2.2 (115/117)...
2025-10-25 05:04:23,138 - BlankSpaceAnalyzer - INFO - -> Analyzing version 9.2.3 (116/117)...
2025-10-25 05:04:23,201 - BlankSpaceAnalyzer - INFO - -> Analyzing version 9.2.4 (117/117)...
2025-10-25 05:04:23,267 - BlankSpaceAnalyzer - INFO - Exporting results for '@octokit/request' to CSV...
2025-10-25 05:04:23,379 - BlankSpaceAnalyzer - INFO - Reports saved in: /app/npm_results/@octokit_request
2025-10-25 05:04:23,380 - NPM_Analyzer - INFO - Cleaning temporary folder 'temp/@octokit_request'...
2025-10-25 05:04:23,430 - NPM_Analyzer - INFO - Cleanup completed.
