2025-11-10 21:23:45,707 - NPM_HUT_Analyzer - INFO - Recupero metadata per 'strip-ansi'...
2025-11-10 21:23:45,809 - NPM_HUT_Analyzer - INFO - Trovate 21 versioni. Inizio download in 'temp_hut/strip-ansi'...
2025-11-10 21:23:52,095 - UnicodeAnalyzer - INFO - Analizzando 21 versioni per '*.js' in 'strip-ansi'.
2025-11-10 21:23:52,096 - UnicodeAnalyzer - INFO - -> Analizzando versione 0.1.0 (1/21)...
2025-11-10 21:23:52,161 - UnicodeAnalyzer - INFO - -> Analizzando versione 0.1.1 (2/21)...
2025-11-10 21:23:52,191 - UnicodeAnalyzer - INFO - -> Analizzando versione 0.2.0 (3/21)...
2025-11-10 21:23:52,224 - UnicodeAnalyzer - INFO - -> Analizzando versione 0.2.1 (4/21)...
2025-11-10 21:23:52,257 - UnicodeAnalyzer - INFO - -> Analizzando versione 0.2.2 (5/21)...
2025-11-10 21:23:52,290 - UnicodeAnalyzer - INFO - -> Analizzando versione 0.3.0 (6/21)...
2025-11-10 21:23:52,324 - UnicodeAnalyzer - INFO - -> Analizzando versione 1.0.0 (7/21)...
2025-11-10 21:23:52,358 - UnicodeAnalyzer - INFO - -> Analizzando versione 2.0.0 (8/21)...
2025-11-10 21:23:52,390 - UnicodeAnalyzer - INFO - -> Analizzando versione 2.0.1 (9/21)...
2025-11-10 21:23:52,423 - UnicodeAnalyzer - INFO - -> Analizzando versione 3.0.0 (10/21)...
2025-11-10 21:23:52,423 - UnicodeAnalyzer - INFO - -> Analizzando versione 3.0.1 (11/21)...
2025-11-10 21:23:52,423 - UnicodeAnalyzer - INFO - -> Analizzando versione 4.0.0 (12/21)...
2025-11-10 21:23:52,424 - UnicodeAnalyzer - INFO - -> Analizzando versione 5.0.0 (13/21)...
2025-11-10 21:23:52,424 - UnicodeAnalyzer - INFO - -> Analizzando versione 5.1.0 (14/21)...
2025-11-10 21:23:52,424 - UnicodeAnalyzer - INFO - -> Analizzando versione 5.2.0 (15/21)...
2025-11-10 21:23:52,424 - UnicodeAnalyzer - INFO - -> Analizzando versione 6.0.0 (16/21)...
2025-11-10 21:23:52,424 - UnicodeAnalyzer - INFO - -> Analizzando versione 6.0.1 (17/21)...
2025-11-10 21:23:52,425 - UnicodeAnalyzer - INFO - -> Analizzando versione 7.0.0 (18/21)...
2025-11-10 21:23:52,425 - UnicodeAnalyzer - INFO - -> Analizzando versione 7.0.1 (19/21)...
2025-11-10 21:23:52,425 - UnicodeAnalyzer - INFO - -> Analizzando versione 7.1.0 (20/21)...
2025-11-10 21:23:52,425 - UnicodeAnalyzer - INFO - -> Analizzando versione 7.1.2 (21/21)...
2025-11-10 21:23:52,426 - UnicodeAnalyzer - INFO - Esportando i risultati HUT per 'strip-ansi' in CSV...
2025-11-10 21:23:52,454 - UnicodeAnalyzer - INFO - Report salvati in: /app/npm_hut_results/strip-ansi
2025-11-10 21:23:52,454 - NPM_HUT_Analyzer - INFO - Pulizia cartella temporanea 'temp_hut/strip-ansi'...
2025-11-10 21:23:52,456 - NPM_HUT_Analyzer - INFO - Pulizia completata.
