2025-11-13 01:55:36,555 - NPM_HUT_Analyzer - INFO - Recupero metadata per 'connect-history-api-fallback'...
2025-11-13 01:55:36,702 - NPM_HUT_Analyzer - INFO - Trovate 13 versioni. Inizio download in 'temp_hut/connect-history-api-fallback'...
2025-11-13 01:55:42,247 - UnicodeAnalyzer - INFO - Analizzando 13 versioni per '*.js' in 'connect-history-api-fallback'.
2025-11-13 01:55:42,247 - UnicodeAnalyzer - INFO - -> Analizzando versione 0.0.1 (1/13)...
2025-11-13 01:55:42,249 - UnicodeAnalyzer - INFO - Filtrati 1 file (es. in /dist, /test).
2025-11-13 01:55:42,327 - UnicodeAnalyzer - INFO - -> Analizzando versione 0.0.2 (2/13)...
2025-11-13 01:55:42,328 - UnicodeAnalyzer - INFO - Filtrati 1 file (es. in /dist, /test).
2025-11-13 01:55:42,376 - UnicodeAnalyzer - INFO - -> Analizzando versione 0.0.3 (3/13)...
2025-11-13 01:55:42,377 - UnicodeAnalyzer - INFO - Filtrati 1 file (es. in /dist, /test).
2025-11-13 01:55:42,423 - UnicodeAnalyzer - INFO - -> Analizzando versione 0.0.4 (4/13)...
2025-11-13 01:55:42,424 - UnicodeAnalyzer - INFO - Filtrati 1 file (es. in /dist, /test).
2025-11-13 01:55:42,471 - UnicodeAnalyzer - INFO - -> Analizzando versione 0.0.5 (5/13)...
2025-11-13 01:55:42,472 - UnicodeAnalyzer - INFO - Filtrati 1 file (es. in /dist, /test).
2025-11-13 01:55:42,525 - UnicodeAnalyzer - INFO - -> Analizzando versione 1.0.0 (6/13)...
2025-11-13 01:55:42,526 - UnicodeAnalyzer - INFO - Filtrati 1 file (es. in /dist, /test).
2025-11-13 01:55:42,526 - UnicodeAnalyzer - INFO - -> Analizzando versione 1.1.0 (7/13)...
2025-11-13 01:55:42,527 - UnicodeAnalyzer - INFO - Filtrati 1 file (es. in /dist, /test).
2025-11-13 01:55:42,527 - UnicodeAnalyzer - INFO - -> Analizzando versione 1.2.0 (8/13)...
2025-11-13 01:55:42,527 - UnicodeAnalyzer - INFO - Filtrati 1 file (es. in /dist, /test).
2025-11-13 01:55:42,528 - UnicodeAnalyzer - INFO - -> Analizzando versione 1.3.0 (9/13)...
2025-11-13 01:55:42,528 - UnicodeAnalyzer - INFO - Filtrati 1 file (es. in /dist, /test).
2025-11-13 01:55:42,528 - UnicodeAnalyzer - INFO - -> Analizzando versione 1.4.0 (10/13)...
2025-11-13 01:55:42,529 - UnicodeAnalyzer - INFO - -> Analizzando versione 1.5.0 (11/13)...
2025-11-13 01:55:42,529 - UnicodeAnalyzer - INFO - -> Analizzando versione 1.6.0 (12/13)...
2025-11-13 01:55:42,530 - UnicodeAnalyzer - INFO - -> Analizzando versione 2.0.0 (13/13)...
2025-11-13 01:55:42,530 - UnicodeAnalyzer - INFO - Esportando i risultati HUT per 'connect-history-api-fallback' in CSV...
2025-11-13 01:55:42,548 - UnicodeAnalyzer - INFO - Report salvati in: /app/npm_hut_results/connect-history-api-fallback
2025-11-13 01:55:42,549 - NPM_HUT_Analyzer - INFO - Pulizia cartella temporanea 'temp_hut/connect-history-api-fallback'...
2025-11-13 01:55:42,551 - NPM_HUT_Analyzer - INFO - Pulizia completata.
