2025-11-13 18:39:25,971 - NPM_HUT_Analyzer - INFO - Recupero metadata per '@aws-crypto/util'...
2025-11-13 18:39:26,113 - NPM_HUT_Analyzer - INFO - Trovate 11 versioni. Inizio download in 'temp_hut/@aws-crypto_util'...
2025-11-13 18:39:33,085 - UnicodeAnalyzer - INFO - Analizzando 11 versioni per '*.js' in '@aws-crypto_util'.
2025-11-13 18:39:33,085 - UnicodeAnalyzer - INFO - -> Analizzando versione 1.2.0 (1/11)...
2025-11-13 18:39:33,086 - UnicodeAnalyzer - INFO - Filtrati 4 file (es. in /dist, /test).
2025-11-13 18:39:33,086 - UnicodeAnalyzer - INFO - -> Analizzando versione 1.2.1 (2/11)...
2025-11-13 18:39:33,087 - UnicodeAnalyzer - INFO - Filtrati 4 file (es. in /dist, /test).
2025-11-13 18:39:33,087 - UnicodeAnalyzer - INFO - -> Analizzando versione 1.2.2 (3/11)...
2025-11-13 18:39:33,089 - UnicodeAnalyzer - INFO - Filtrati 5 file (es. in /dist, /test).
2025-11-13 18:39:33,089 - UnicodeAnalyzer - INFO - -> Analizzando versione 2.0.0 (4/11)...
2025-11-13 18:39:33,090 - UnicodeAnalyzer - INFO - Filtrati 5 file (es. in /dist, /test).
2025-11-13 18:39:33,090 - UnicodeAnalyzer - INFO - -> Analizzando versione 2.0.1 (5/11)...
2025-11-13 18:39:33,091 - UnicodeAnalyzer - INFO - Filtrati 5 file (es. in /dist, /test).
2025-11-13 18:39:33,091 - UnicodeAnalyzer - INFO - -> Analizzando versione 2.0.2 (6/11)...
2025-11-13 18:39:33,092 - UnicodeAnalyzer - INFO - Filtrati 5 file (es. in /dist, /test).
2025-11-13 18:39:33,093 - UnicodeAnalyzer - INFO - -> Analizzando versione 3.0.0 (7/11)...
2025-11-13 18:39:33,094 - UnicodeAnalyzer - INFO - Filtrati 5 file (es. in /dist, /test).
2025-11-13 18:39:33,094 - UnicodeAnalyzer - INFO - -> Analizzando versione 4.0.0 (8/11)...
2025-11-13 18:39:33,095 - UnicodeAnalyzer - INFO - Filtrati 5 file (es. in /dist, /test).
2025-11-13 18:39:33,095 - UnicodeAnalyzer - INFO - -> Analizzando versione 5.0.0 (9/11)...
2025-11-13 18:39:33,096 - UnicodeAnalyzer - INFO - Filtrati 5 file (es. in /dist, /test).
2025-11-13 18:39:33,097 - UnicodeAnalyzer - INFO - -> Analizzando versione 5.1.0 (10/11)...
2025-11-13 18:39:33,098 - UnicodeAnalyzer - INFO - Filtrati 5 file (es. in /dist, /test).
2025-11-13 18:39:33,098 - UnicodeAnalyzer - INFO - -> Analizzando versione 5.2.0 (11/11)...
2025-11-13 18:39:33,100 - UnicodeAnalyzer - INFO - Filtrati 10 file (es. in /dist, /test).
2025-11-13 18:39:33,100 - UnicodeAnalyzer - INFO - Esportando i risultati HUT per '@aws-crypto/util' in CSV...
2025-11-13 18:39:33,101 - UnicodeAnalyzer - WARNING - Nessun file analizzato. I file CSV saranno vuoti.
2025-11-13 18:39:33,101 - NPM_HUT_Analyzer - INFO - Pulizia cartella temporanea 'temp_hut/@aws-crypto_util'...
2025-11-13 18:39:33,116 - NPM_HUT_Analyzer - INFO - Pulizia completata.
