2025-10-31 07:52:24,965 - NPM_Analyzer - INFO - Fetching metadata for '@npmcli/map-workspaces'...
2025-10-31 07:52:25,125 - NPM_Analyzer - INFO - Found 24 versions. Starting download into 'temp/@npmcli_map-workspaces'...
2025-10-31 07:52:45,799 - BlankSpaceAnalyzer - INFO - Analyzing 24 versions for '*.js' in '@npmcli_map-workspaces'.
2025-10-31 07:52:45,800 - BlankSpaceAnalyzer - INFO - -> Analyzing version 0.0.0-pre.0 (1/24)...
2025-10-31 07:52:45,801 - BlankSpaceAnalyzer - INFO - -> Analyzing version 0.0.0-pre.1 (2/24)...
2025-10-31 07:52:45,802 - BlankSpaceAnalyzer - INFO - -> Analyzing version 1.0.0 (3/24)...
2025-10-31 07:52:45,803 - BlankSpaceAnalyzer - INFO - -> Analyzing version 1.0.1 (4/24)...
2025-10-31 07:52:45,804 - BlankSpaceAnalyzer - INFO - -> Analyzing version 1.0.2 (5/24)...
2025-10-31 07:52:45,805 - BlankSpaceAnalyzer - INFO - -> Analyzing version 1.0.3 (6/24)...
2025-10-31 07:52:45,806 - BlankSpaceAnalyzer - INFO - -> Analyzing version 1.0.4 (7/24)...
2025-10-31 07:52:45,807 - BlankSpaceAnalyzer - INFO - -> Analyzing version 2.0.0 (8/24)...
2025-10-31 07:52:45,808 - BlankSpaceAnalyzer - INFO - -> Analyzing version 2.0.1 (9/24)...
2025-10-31 07:52:45,809 - BlankSpaceAnalyzer - INFO - -> Analyzing version 2.0.2 (10/24)...
2025-10-31 07:52:45,810 - BlankSpaceAnalyzer - INFO - -> Analyzing version 2.0.3 (11/24)...
2025-10-31 07:52:45,812 - BlankSpaceAnalyzer - INFO - -> Analyzing version 2.0.4 (12/24)...
2025-10-31 07:52:45,813 - BlankSpaceAnalyzer - INFO - -> Analyzing version 3.0.0 (13/24)...
2025-10-31 07:52:45,814 - BlankSpaceAnalyzer - INFO - -> Analyzing version 3.0.1 (14/24)...
2025-10-31 07:52:45,815 - BlankSpaceAnalyzer - INFO - -> Analyzing version 3.0.2 (15/24)...
2025-10-31 07:52:45,816 - BlankSpaceAnalyzer - INFO - -> Analyzing version 3.0.3 (16/24)...
2025-10-31 07:52:45,817 - BlankSpaceAnalyzer - INFO - -> Analyzing version 3.0.4 (17/24)...
2025-10-31 07:52:45,819 - BlankSpaceAnalyzer - INFO - -> Analyzing version 3.0.5 (18/24)...
2025-10-31 07:52:45,820 - BlankSpaceAnalyzer - INFO - -> Analyzing version 3.0.6 (19/24)...
2025-10-31 07:52:45,821 - BlankSpaceAnalyzer - INFO - -> Analyzing version 4.0.0 (20/24)...
2025-10-31 07:52:45,822 - BlankSpaceAnalyzer - INFO - -> Analyzing version 4.0.1 (21/24)...
2025-10-31 07:52:45,823 - BlankSpaceAnalyzer - INFO - -> Analyzing version 4.0.2 (22/24)...
2025-10-31 07:52:45,824 - BlankSpaceAnalyzer - INFO - -> Analyzing version 5.0.0 (23/24)...
2025-10-31 07:52:45,825 - BlankSpaceAnalyzer - INFO - -> Analyzing version 5.0.1 (24/24)...
2025-10-31 07:52:45,827 - BlankSpaceAnalyzer - INFO - Exporting results for '@npmcli/map-workspaces' to CSV...
2025-10-31 07:52:45,859 - BlankSpaceAnalyzer - INFO - Reports saved in: /app/npm_results/@npmcli_map-workspaces
2025-10-31 07:52:45,859 - NPM_Analyzer - INFO - Cleaning temporary folder 'temp/@npmcli_map-workspaces'...
2025-10-31 07:52:45,862 - NPM_Analyzer - INFO - Cleanup completed.
