2025-11-04 19:46:32,230 - NPM_Analyzer - INFO - Fetching metadata for 'openapi-typescript'...
2025-11-04 19:46:32,365 - NPM_Analyzer - INFO - Found 154 versions. Starting download into 'temp/openapi-typescript'...
2025-11-04 19:48:15,630 - BlankSpaceAnalyzer - INFO - Analyzing 154 versions for '*.js' in 'openapi-typescript'.
2025-11-04 19:48:15,631 - BlankSpaceAnalyzer - INFO - -> Analyzing version 2.2.0 (1/154)...
2025-11-04 19:48:15,762 - BlankSpaceAnalyzer - INFO - -> Analyzing version 2.2.1 (2/154)...
2025-11-04 19:48:15,872 - BlankSpaceAnalyzer - INFO - -> Analyzing version 2.3.0 (3/154)...
2025-11-04 19:48:15,982 - BlankSpaceAnalyzer - INFO - -> Analyzing version 2.3.1 (4/154)...
2025-11-04 19:48:16,103 - BlankSpaceAnalyzer - INFO - -> Analyzing version 2.3.2 (5/154)...
2025-11-04 19:48:16,226 - BlankSpaceAnalyzer - INFO - -> Analyzing version 2.3.3 (6/154)...
2025-11-04 19:48:16,335 - BlankSpaceAnalyzer - INFO - -> Analyzing version 2.3.4 (7/154)...
2025-11-04 19:48:16,452 - BlankSpaceAnalyzer - INFO - -> Analyzing version 2.4.0 (8/154)...
2025-11-04 19:48:16,562 - BlankSpaceAnalyzer - INFO - -> Analyzing version 2.4.1 (9/154)...
2025-11-04 19:48:16,673 - BlankSpaceAnalyzer - INFO - -> Analyzing version 2.4.2 (10/154)...
2025-11-04 19:48:16,783 - BlankSpaceAnalyzer - INFO - -> Analyzing version 2.5.0 (11/154)...
2025-11-04 19:48:16,893 - BlankSpaceAnalyzer - INFO - -> Analyzing version 3.0.0 (12/154)...
2025-11-04 19:48:17,004 - BlankSpaceAnalyzer - INFO - -> Analyzing version 3.0.0-alpha.0 (13/154)...
2025-11-04 19:48:17,114 - BlankSpaceAnalyzer - INFO - -> Analyzing version 3.0.0-alpha.1 (14/154)...
2025-11-04 19:48:17,232 - BlankSpaceAnalyzer - INFO - -> Analyzing version 3.0.0-alpha.2 (15/154)...
2025-11-04 19:48:17,342 - BlankSpaceAnalyzer - INFO - -> Analyzing version 3.0.0-alpha.3 (16/154)...
2025-11-04 19:48:17,453 - BlankSpaceAnalyzer - INFO - -> Analyzing version 3.0.0-rc.0 (17/154)...
2025-11-04 19:48:17,562 - BlankSpaceAnalyzer - INFO - -> Analyzing version 3.0.1 (18/154)...
2025-11-04 19:48:17,671 - BlankSpaceAnalyzer - INFO - -> Analyzing version 3.0.2 (19/154)...
2025-11-04 19:48:17,785 - BlankSpaceAnalyzer - INFO - -> Analyzing version 3.0.3 (20/154)...
2025-11-04 19:48:17,902 - BlankSpaceAnalyzer - INFO - -> Analyzing version 3.0.4 (21/154)...
2025-11-04 19:48:18,010 - BlankSpaceAnalyzer - INFO - -> Analyzing version 3.1.0 (22/154)...
2025-11-04 19:48:18,121 - BlankSpaceAnalyzer - INFO - -> Analyzing version 3.1.0-alpha.0 (23/154)...
2025-11-04 19:48:18,233 - BlankSpaceAnalyzer - INFO - -> Analyzing version 3.1.0-rc.0 (24/154)...
2025-11-04 19:48:18,352 - BlankSpaceAnalyzer - INFO - -> Analyzing version 3.1.1 (25/154)...
2025-11-04 19:48:18,466 - BlankSpaceAnalyzer - INFO - -> Analyzing version 3.1.2 (26/154)...
2025-11-04 19:48:18,585 - BlankSpaceAnalyzer - INFO - -> Analyzing version 3.2.0 (27/154)...
2025-11-04 19:48:18,705 - BlankSpaceAnalyzer - INFO - -> Analyzing version 3.2.1 (28/154)...
2025-11-04 19:48:18,826 - BlankSpaceAnalyzer - INFO - -> Analyzing version 3.2.2 (29/154)...
2025-11-04 19:48:18,937 - BlankSpaceAnalyzer - INFO - -> Analyzing version 3.2.3 (30/154)...
2025-11-04 19:48:19,056 - BlankSpaceAnalyzer - INFO - -> Analyzing version 3.2.4 (31/154)...
2025-11-04 19:48:19,169 - BlankSpaceAnalyzer - INFO - -> Analyzing version 3.3.0 (32/154)...
2025-11-04 19:48:19,285 - BlankSpaceAnalyzer - INFO - -> Analyzing version 3.3.0-next.0 (33/154)...
2025-11-04 19:48:19,401 - BlankSpaceAnalyzer - INFO - -> Analyzing version 3.3.1 (34/154)...
2025-11-04 19:48:19,521 - BlankSpaceAnalyzer - INFO - -> Analyzing version 3.4.0 (35/154)...
2025-11-04 19:48:19,631 - BlankSpaceAnalyzer - INFO - -> Analyzing version 3.4.0-pre.0 (36/154)...
2025-11-04 19:48:19,752 - BlankSpaceAnalyzer - INFO - -> Analyzing version 3.4.0-pre.1 (37/154)...
2025-11-04 19:48:19,867 - BlankSpaceAnalyzer - INFO - -> Analyzing version 3.4.0-pre.2 (38/154)...
2025-11-04 19:48:19,990 - BlankSpaceAnalyzer - INFO - -> Analyzing version 3.4.1 (39/154)...
2025-11-04 19:48:20,110 - BlankSpaceAnalyzer - INFO - -> Analyzing version 4.0.0 (40/154)...
2025-11-04 19:48:20,231 - BlankSpaceAnalyzer - INFO - -> Analyzing version 4.0.0-pre.0 (41/154)...
2025-11-04 19:48:20,342 - BlankSpaceAnalyzer - INFO - -> Analyzing version 4.0.1 (42/154)...
2025-11-04 19:48:20,454 - BlankSpaceAnalyzer - INFO - -> Analyzing version 4.0.2 (43/154)...
2025-11-04 19:48:20,568 - BlankSpaceAnalyzer - INFO - -> Analyzing version 4.1.0 (44/154)...
2025-11-04 19:48:20,690 - BlankSpaceAnalyzer - INFO - -> Analyzing version 4.1.1 (45/154)...
2025-11-04 19:48:20,804 - BlankSpaceAnalyzer - INFO - -> Analyzing version 4.2.0 (46/154)...
2025-11-04 19:48:20,915 - BlankSpaceAnalyzer - INFO - -> Analyzing version 4.3.0 (47/154)...
2025-11-04 19:48:21,025 - BlankSpaceAnalyzer - INFO - -> Analyzing version 4.4.0 (48/154)...
2025-11-04 19:48:21,137 - BlankSpaceAnalyzer - INFO - -> Analyzing version 4.5.0 (49/154)...
2025-11-04 19:48:21,256 - BlankSpaceAnalyzer - INFO - -> Analyzing version 5.0.0 (50/154)...
2025-11-04 19:48:21,366 - BlankSpaceAnalyzer - INFO - -> Analyzing version 5.0.1 (51/154)...
2025-11-04 19:48:21,477 - BlankSpaceAnalyzer - INFO - -> Analyzing version 5.1.0 (52/154)...
2025-11-04 19:48:21,587 - BlankSpaceAnalyzer - INFO - -> Analyzing version 5.1.1 (53/154)...
2025-11-04 19:48:21,698 - BlankSpaceAnalyzer - INFO - -> Analyzing version 5.2.0 (54/154)...
2025-11-04 19:48:21,815 - BlankSpaceAnalyzer - INFO - -> Analyzing version 5.3.0 (55/154)...
2025-11-04 19:48:21,934 - BlankSpaceAnalyzer - INFO - -> Analyzing version 5.4.0 (56/154)...
2025-11-04 19:48:22,047 - BlankSpaceAnalyzer - INFO - -> Analyzing version 5.4.1 (57/154)...
2025-11-04 19:48:22,158 - BlankSpaceAnalyzer - INFO - -> Analyzing version 5.4.2 (58/154)...
2025-11-04 19:48:22,273 - BlankSpaceAnalyzer - INFO - -> Analyzing version 6.0.0 (59/154)...
2025-11-04 19:48:22,384 - BlankSpaceAnalyzer - INFO - -> Analyzing version 6.0.0-pre.0 (60/154)...
2025-11-04 19:48:22,503 - BlankSpaceAnalyzer - INFO - -> Analyzing version 6.0.1 (61/154)...
2025-11-04 19:48:22,623 - BlankSpaceAnalyzer - INFO - -> Analyzing version 6.0.2 (62/154)...
2025-11-04 19:48:22,733 - BlankSpaceAnalyzer - INFO - -> Analyzing version 6.0.3 (63/154)...
2025-11-04 19:48:22,851 - BlankSpaceAnalyzer - INFO - -> Analyzing version 6.1.0 (64/154)...
2025-11-04 19:48:22,962 - BlankSpaceAnalyzer - INFO - -> Analyzing version 6.1.1 (65/154)...
2025-11-04 19:48:23,074 - BlankSpaceAnalyzer - INFO - -> Analyzing version 6.2.0 (66/154)...
2025-11-04 19:48:23,188 - BlankSpaceAnalyzer - INFO - -> Analyzing version 6.2.1 (67/154)...
2025-11-04 19:48:23,309 - BlankSpaceAnalyzer - INFO - -> Analyzing version 6.2.2 (68/154)...
2025-11-04 19:48:23,429 - BlankSpaceAnalyzer - INFO - -> Analyzing version 6.2.3 (69/154)...
2025-11-04 19:48:23,539 - BlankSpaceAnalyzer - INFO - -> Analyzing version 6.2.4 (70/154)...
2025-11-04 19:48:23,649 - BlankSpaceAnalyzer - INFO - -> Analyzing version 6.2.5 (71/154)...
2025-11-04 19:48:23,762 - BlankSpaceAnalyzer - INFO - -> Analyzing version 6.2.6 (72/154)...
2025-11-04 19:48:23,877 - BlankSpaceAnalyzer - INFO - -> Analyzing version 6.2.7 (73/154)...
2025-11-04 19:48:23,989 - BlankSpaceAnalyzer - INFO - -> Analyzing version 6.2.8 (74/154)...
2025-11-04 19:48:24,100 - BlankSpaceAnalyzer - INFO - -> Analyzing version 6.2.9 (75/154)...
2025-11-04 19:48:24,211 - BlankSpaceAnalyzer - INFO - -> Analyzing version 6.3.0 (76/154)...
2025-11-04 19:48:24,332 - BlankSpaceAnalyzer - INFO - -> Analyzing version 6.3.1 (77/154)...
2025-11-04 19:48:24,452 - BlankSpaceAnalyzer - INFO - -> Analyzing version 6.3.2 (78/154)...
2025-11-04 19:48:24,563 - BlankSpaceAnalyzer - INFO - -> Analyzing version 6.3.3 (79/154)...
2025-11-04 19:48:24,676 - BlankSpaceAnalyzer - INFO - -> Analyzing version 6.3.4 (80/154)...
2025-11-04 19:48:24,791 - BlankSpaceAnalyzer - INFO - -> Analyzing version 6.3.5 (81/154)...
2025-11-04 19:48:24,902 - BlankSpaceAnalyzer - INFO - -> Analyzing version 6.3.6 (82/154)...
2025-11-04 19:48:25,020 - BlankSpaceAnalyzer - INFO - -> Analyzing version 6.3.7 (83/154)...
2025-11-04 19:48:25,131 - BlankSpaceAnalyzer - INFO - -> Analyzing version 6.3.8 (84/154)...
2025-11-04 19:48:25,249 - BlankSpaceAnalyzer - INFO - -> Analyzing version 6.3.9 (85/154)...
2025-11-04 19:48:25,360 - BlankSpaceAnalyzer - INFO - -> Analyzing version 6.4.0 (86/154)...
2025-11-04 19:48:25,471 - BlankSpaceAnalyzer - INFO - -> Analyzing version 6.4.1 (87/154)...
2025-11-04 19:48:25,585 - BlankSpaceAnalyzer - INFO - -> Analyzing version 6.4.2 (88/154)...
2025-11-04 19:48:25,696 - BlankSpaceAnalyzer - INFO - -> Analyzing version 6.4.3 (89/154)...
2025-11-04 19:48:25,813 - BlankSpaceAnalyzer - INFO - -> Analyzing version 6.4.4 (90/154)...
2025-11-04 19:48:25,925 - BlankSpaceAnalyzer - INFO - -> Analyzing version 6.4.5 (91/154)...
2025-11-04 19:48:26,036 - BlankSpaceAnalyzer - INFO - -> Analyzing version 6.5.0 (92/154)...
2025-11-04 19:48:26,155 - BlankSpaceAnalyzer - INFO - -> Analyzing version 6.5.1 (93/154)...
2025-11-04 19:48:26,266 - BlankSpaceAnalyzer - INFO - -> Analyzing version 6.5.2 (94/154)...
2025-11-04 19:48:26,381 - BlankSpaceAnalyzer - INFO - -> Analyzing version 6.5.3 (95/154)...
2025-11-04 19:48:26,502 - BlankSpaceAnalyzer - INFO - -> Analyzing version 6.5.4 (96/154)...
2025-11-04 19:48:26,614 - BlankSpaceAnalyzer - INFO - -> Analyzing version 6.5.5 (97/154)...
2025-11-04 19:48:26,726 - BlankSpaceAnalyzer - INFO - -> Analyzing version 6.6.0 (98/154)...
2025-11-04 19:48:26,838 - BlankSpaceAnalyzer - INFO - -> Analyzing version 6.6.1 (99/154)...
2025-11-04 19:48:26,956 - BlankSpaceAnalyzer - INFO - -> Analyzing version 6.6.2 (100/154)...
2025-11-04 19:48:27,070 - BlankSpaceAnalyzer - INFO - -> Analyzing version 6.6.2-beta.0 (101/154)...
2025-11-04 19:48:27,186 - BlankSpaceAnalyzer - INFO - -> Analyzing version 6.7.0 (102/154)...
2025-11-04 19:48:27,302 - BlankSpaceAnalyzer - INFO - -> Analyzing version 6.7.1 (103/154)...
2025-11-04 19:48:27,422 - BlankSpaceAnalyzer - INFO - -> Analyzing version 6.7.2 (104/154)...
2025-11-04 19:48:27,532 - BlankSpaceAnalyzer - INFO - -> Analyzing version 6.7.3 (105/154)...
2025-11-04 19:48:27,652 - BlankSpaceAnalyzer - INFO - -> Analyzing version 6.7.4 (106/154)...
2025-11-04 19:48:27,765 - BlankSpaceAnalyzer - INFO - -> Analyzing version 6.7.5 (107/154)...
2025-11-04 19:48:27,882 - BlankSpaceAnalyzer - INFO - -> Analyzing version 6.7.6 (108/154)...
2025-11-04 19:48:27,992 - BlankSpaceAnalyzer - INFO - -> Analyzing version 7.0.0 (109/154)...
2025-11-04 19:48:28,110 - BlankSpaceAnalyzer - INFO - -> Analyzing version 7.0.0-next.0 (110/154)...
2025-11-04 19:48:28,230 - BlankSpaceAnalyzer - INFO - -> Analyzing version 7.0.0-next.1 (111/154)...
2025-11-04 19:48:28,341 - BlankSpaceAnalyzer - INFO - -> Analyzing version 7.0.0-next.10 (112/154)...
2025-11-04 19:48:28,453 - BlankSpaceAnalyzer - INFO - -> Analyzing version 7.0.0-next.11 (113/154)...
2025-11-04 19:48:28,570 - BlankSpaceAnalyzer - INFO - -> Analyzing version 7.0.0-next.2 (114/154)...
2025-11-04 19:48:28,689 - BlankSpaceAnalyzer - INFO - -> Analyzing version 7.0.0-next.3 (115/154)...
2025-11-04 19:48:28,809 - BlankSpaceAnalyzer - INFO - -> Analyzing version 7.0.0-next.4 (116/154)...
2025-11-04 19:48:28,929 - BlankSpaceAnalyzer - INFO - -> Analyzing version 7.0.0-next.5 (117/154)...
2025-11-04 19:48:29,041 - BlankSpaceAnalyzer - INFO - -> Analyzing version 7.0.0-next.6 (118/154)...
2025-11-04 19:48:29,152 - BlankSpaceAnalyzer - INFO - -> Analyzing version 7.0.0-next.7 (119/154)...
2025-11-04 19:48:29,264 - BlankSpaceAnalyzer - INFO - -> Analyzing version 7.0.0-next.8 (120/154)...
2025-11-04 19:48:29,385 - BlankSpaceAnalyzer - INFO - -> Analyzing version 7.0.0-next.9 (121/154)...
2025-11-04 19:48:29,505 - BlankSpaceAnalyzer - INFO - -> Analyzing version 7.0.0-rc.0 (122/154)...
2025-11-04 19:48:29,616 - BlankSpaceAnalyzer - INFO - -> Analyzing version 7.0.0-rc.1 (123/154)...
2025-11-04 19:48:29,728 - BlankSpaceAnalyzer - INFO - -> Analyzing version 7.0.1 (124/154)...
2025-11-04 19:48:29,838 - BlankSpaceAnalyzer - INFO - -> Analyzing version 7.0.2 (125/154)...
2025-11-04 19:48:29,958 - BlankSpaceAnalyzer - INFO - -> Analyzing version 7.0.3 (126/154)...
2025-11-04 19:48:30,074 - BlankSpaceAnalyzer - INFO - -> Analyzing version 7.0.4 (127/154)...
2025-11-04 19:48:30,196 - BlankSpaceAnalyzer - INFO - -> Analyzing version 7.1.0 (128/154)...
2025-11-04 19:48:30,315 - BlankSpaceAnalyzer - INFO - -> Analyzing version 7.1.1 (129/154)...
2025-11-04 19:48:30,437 - BlankSpaceAnalyzer - INFO - -> Analyzing version 7.1.2 (130/154)...
2025-11-04 19:48:30,555 - BlankSpaceAnalyzer - INFO - -> Analyzing version 7.10.0 (131/154)...
2025-11-04 19:48:30,556 - BlankSpaceAnalyzer - INFO - -> Analyzing version 7.10.1 (132/154)...
2025-11-04 19:48:30,557 - BlankSpaceAnalyzer - INFO - -> Analyzing version 7.2.0 (133/154)...
2025-11-04 19:48:30,673 - BlankSpaceAnalyzer - INFO - -> Analyzing version 7.3.0 (134/154)...
2025-11-04 19:48:30,788 - BlankSpaceAnalyzer - INFO - -> Analyzing version 7.3.1 (135/154)...
2025-11-04 19:48:30,905 - BlankSpaceAnalyzer - INFO - -> Analyzing version 7.3.2 (136/154)...
2025-11-04 19:48:31,017 - BlankSpaceAnalyzer - INFO - -> Analyzing version 7.3.3 (137/154)...
2025-11-04 19:48:31,128 - BlankSpaceAnalyzer - INFO - -> Analyzing version 7.4.0 (138/154)...
2025-11-04 19:48:31,239 - BlankSpaceAnalyzer - INFO - -> Analyzing version 7.4.1 (139/154)...
2025-11-04 19:48:31,349 - BlankSpaceAnalyzer - INFO - -> Analyzing version 7.4.2 (140/154)...
2025-11-04 19:48:31,462 - BlankSpaceAnalyzer - INFO - -> Analyzing version 7.4.3 (141/154)...
2025-11-04 19:48:31,579 - BlankSpaceAnalyzer - INFO - -> Analyzing version 7.4.4 (142/154)...
2025-11-04 19:48:31,695 - BlankSpaceAnalyzer - INFO - -> Analyzing version 7.5.0 (143/154)...
2025-11-04 19:48:31,808 - BlankSpaceAnalyzer - INFO - -> Analyzing version 7.5.1 (144/154)...
2025-11-04 19:48:31,927 - BlankSpaceAnalyzer - INFO - -> Analyzing version 7.5.2 (145/154)...
2025-11-04 19:48:32,039 - BlankSpaceAnalyzer - INFO - -> Analyzing version 7.6.0 (146/154)...
2025-11-04 19:48:32,157 - BlankSpaceAnalyzer - INFO - -> Analyzing version 7.6.1 (147/154)...
2025-11-04 19:48:32,271 - BlankSpaceAnalyzer - INFO - -> Analyzing version 7.7.0 (148/154)...
2025-11-04 19:48:32,387 - BlankSpaceAnalyzer - INFO - -> Analyzing version 7.7.1 (149/154)...
2025-11-04 19:48:32,498 - BlankSpaceAnalyzer - INFO - -> Analyzing version 7.7.2 (150/154)...
2025-11-04 19:48:32,617 - BlankSpaceAnalyzer - INFO - -> Analyzing version 7.7.3 (151/154)...
2025-11-04 19:48:32,739 - BlankSpaceAnalyzer - INFO - -> Analyzing version 7.8.0 (152/154)...
2025-11-04 19:48:32,740 - BlankSpaceAnalyzer - INFO - -> Analyzing version 7.9.0 (153/154)...
2025-11-04 19:48:32,740 - BlankSpaceAnalyzer - INFO - -> Analyzing version 7.9.1 (154/154)...
2025-11-04 19:48:32,741 - BlankSpaceAnalyzer - INFO - Exporting results for 'openapi-typescript' to CSV...
2025-11-04 19:48:32,906 - BlankSpaceAnalyzer - INFO - Reports saved in: /app/npm_results/openapi-typescript
2025-11-04 19:48:32,906 - NPM_Analyzer - INFO - Cleaning temporary folder 'temp/openapi-typescript'...
2025-11-04 19:48:33,108 - NPM_Analyzer - INFO - Cleanup completed.
