2025-10-26 09:03:47,926 - NPM_Analyzer - INFO - Fetching metadata for '@babel/plugin-transform-react-jsx-development'...
2025-10-26 09:03:47,997 - NPM_Analyzer - INFO - Found 49 versions. Starting download into 'temp/@babel_plugin-transform-react-jsx-development'...
2025-10-26 09:05:01,295 - BlankSpaceAnalyzer - INFO - Analyzing 49 versions for '*.js' in '@babel_plugin-transform-react-jsx-development'.
2025-10-26 09:05:01,295 - BlankSpaceAnalyzer - INFO - -> Analyzing version 7.10.1 (1/49)...
2025-10-26 09:05:01,297 - BlankSpaceAnalyzer - INFO - -> Analyzing version 7.10.4 (2/49)...
2025-10-26 09:05:01,298 - BlankSpaceAnalyzer - INFO - -> Analyzing version 7.11.5 (3/49)...
2025-10-26 09:05:01,299 - BlankSpaceAnalyzer - INFO - -> Analyzing version 7.12.1 (4/49)...
2025-10-26 09:05:01,300 - BlankSpaceAnalyzer - INFO - -> Analyzing version 7.12.11 (5/49)...
2025-10-26 09:05:01,301 - BlankSpaceAnalyzer - INFO - -> Analyzing version 7.12.12 (6/49)...
2025-10-26 09:05:01,302 - BlankSpaceAnalyzer - INFO - -> Analyzing version 7.12.16 (7/49)...
2025-10-26 09:05:01,303 - BlankSpaceAnalyzer - INFO - -> Analyzing version 7.12.17 (8/49)...
2025-10-26 09:05:01,304 - BlankSpaceAnalyzer - INFO - -> Analyzing version 7.12.5 (9/49)...
2025-10-26 09:05:01,305 - BlankSpaceAnalyzer - INFO - -> Analyzing version 7.12.7 (10/49)...
2025-10-26 09:05:01,307 - BlankSpaceAnalyzer - INFO - -> Analyzing version 7.14.5 (11/49)...
2025-10-26 09:05:01,308 - BlankSpaceAnalyzer - INFO - -> Analyzing version 7.16.0 (12/49)...
2025-10-26 09:05:01,309 - BlankSpaceAnalyzer - INFO - -> Analyzing version 7.16.5 (13/49)...
2025-10-26 09:05:01,310 - BlankSpaceAnalyzer - INFO - -> Analyzing version 7.16.7 (14/49)...
2025-10-26 09:05:01,311 - BlankSpaceAnalyzer - INFO - -> Analyzing version 7.18.6 (15/49)...
2025-10-26 09:05:01,312 - BlankSpaceAnalyzer - INFO - -> Analyzing version 7.21.4-esm (16/49)...
2025-10-26 09:05:01,313 - BlankSpaceAnalyzer - INFO - -> Analyzing version 7.21.4-esm.1 (17/49)...
2025-10-26 09:05:01,314 - BlankSpaceAnalyzer - INFO - -> Analyzing version 7.21.4-esm.2 (18/49)...
2025-10-26 09:05:01,315 - BlankSpaceAnalyzer - INFO - -> Analyzing version 7.21.4-esm.3 (19/49)...
2025-10-26 09:05:01,316 - BlankSpaceAnalyzer - INFO - -> Analyzing version 7.21.4-esm.4 (20/49)...
2025-10-26 09:05:01,317 - BlankSpaceAnalyzer - INFO - -> Analyzing version 7.22.5 (21/49)...
2025-10-26 09:05:01,318 - BlankSpaceAnalyzer - INFO - -> Analyzing version 7.24.6 (22/49)...
2025-10-26 09:05:01,319 - BlankSpaceAnalyzer - INFO - -> Analyzing version 7.24.7 (23/49)...
2025-10-26 09:05:01,320 - BlankSpaceAnalyzer - INFO - -> Analyzing version 7.25.7 (24/49)...
2025-10-26 09:05:01,321 - BlankSpaceAnalyzer - INFO - -> Analyzing version 7.25.9 (25/49)...
2025-10-26 09:05:01,321 - BlankSpaceAnalyzer - INFO - -> Analyzing version 7.27.1 (26/49)...
2025-10-26 09:05:01,322 - BlankSpaceAnalyzer - INFO - -> Analyzing version 7.9.0 (27/49)...
2025-10-26 09:05:01,323 - BlankSpaceAnalyzer - INFO - -> Analyzing version 8.0.0-alpha.0 (28/49)...
2025-10-26 09:05:01,330 - BlankSpaceAnalyzer - INFO - -> Analyzing version 8.0.0-alpha.1 (29/49)...
2025-10-26 09:05:01,335 - BlankSpaceAnalyzer - INFO - -> Analyzing version 8.0.0-alpha.10 (30/49)...
2025-10-26 09:05:01,339 - BlankSpaceAnalyzer - INFO - -> Analyzing version 8.0.0-alpha.11 (31/49)...
2025-10-26 09:05:01,343 - BlankSpaceAnalyzer - INFO - -> Analyzing version 8.0.0-alpha.12 (32/49)...
2025-10-26 09:05:01,346 - BlankSpaceAnalyzer - INFO - -> Analyzing version 8.0.0-alpha.13 (33/49)...
2025-10-26 09:05:01,350 - BlankSpaceAnalyzer - INFO - -> Analyzing version 8.0.0-alpha.14 (34/49)...
2025-10-26 09:05:01,353 - BlankSpaceAnalyzer - INFO - -> Analyzing version 8.0.0-alpha.15 (35/49)...
2025-10-26 09:05:01,356 - BlankSpaceAnalyzer - INFO - -> Analyzing version 8.0.0-alpha.16 (36/49)...
2025-10-26 09:05:01,358 - BlankSpaceAnalyzer - INFO - -> Analyzing version 8.0.0-alpha.17 (37/49)...
2025-10-26 09:05:01,361 - BlankSpaceAnalyzer - INFO - -> Analyzing version 8.0.0-alpha.2 (38/49)...
2025-10-26 09:05:01,363 - BlankSpaceAnalyzer - INFO - -> Analyzing version 8.0.0-alpha.3 (39/49)...
2025-10-26 09:05:01,366 - BlankSpaceAnalyzer - INFO - -> Analyzing version 8.0.0-alpha.4 (40/49)...
2025-10-26 09:05:01,368 - BlankSpaceAnalyzer - INFO - -> Analyzing version 8.0.0-alpha.5 (41/49)...
2025-10-26 09:05:01,370 - BlankSpaceAnalyzer - INFO - -> Analyzing version 8.0.0-alpha.6 (42/49)...
2025-10-26 09:05:01,372 - BlankSpaceAnalyzer - INFO - -> Analyzing version 8.0.0-alpha.7 (43/49)...
2025-10-26 09:05:01,374 - BlankSpaceAnalyzer - INFO - -> Analyzing version 8.0.0-alpha.8 (44/49)...
2025-10-26 09:05:01,377 - BlankSpaceAnalyzer - INFO - -> Analyzing version 8.0.0-alpha.9 (45/49)...
2025-10-26 09:05:01,379 - BlankSpaceAnalyzer - INFO - -> Analyzing version 8.0.0-beta.0 (46/49)...
2025-10-26 09:05:01,381 - BlankSpaceAnalyzer - INFO - -> Analyzing version 8.0.0-beta.1 (47/49)...
2025-10-26 09:05:01,384 - BlankSpaceAnalyzer - INFO - -> Analyzing version 8.0.0-beta.2 (48/49)...
2025-10-26 09:05:01,387 - BlankSpaceAnalyzer - INFO - -> Analyzing version 8.0.0-beta.3 (49/49)...
2025-10-26 09:05:01,390 - BlankSpaceAnalyzer - INFO - Exporting results for '@babel/plugin-transform-react-jsx-development' to CSV...
2025-10-26 09:05:01,425 - BlankSpaceAnalyzer - INFO - Reports saved in: /app/npm_results/@babel_plugin-transform-react-jsx-development
2025-10-26 09:05:01,425 - NPM_Analyzer - INFO - Cleaning temporary folder 'temp/@babel_plugin-transform-react-jsx-development'...
2025-10-26 09:05:01,436 - NPM_Analyzer - INFO - Cleanup completed.
