2025-10-24 04:25:42,220 - NPM_Analyzer - INFO - Fetching metadata for '@ampproject/remapping'...
2025-10-24 04:25:42,295 - NPM_Analyzer - INFO - Found 19 versions. Starting download into 'temp/@ampproject_remapping'...
2025-10-24 04:25:59,941 - BlankSpaceAnalyzer - INFO - Analyzing 19 versions for '*.js' in '@ampproject_remapping'.
2025-10-24 04:25:59,941 - BlankSpaceAnalyzer - INFO - -> Analyzing version 0.1.0 (1/19)...
2025-10-24 04:26:00,024 - BlankSpaceAnalyzer - INFO - -> Analyzing version 0.2.0 (2/19)...
2025-10-24 04:26:00,079 - BlankSpaceAnalyzer - INFO - -> Analyzing version 0.3.0 (3/19)...
2025-10-24 04:26:00,137 - BlankSpaceAnalyzer - INFO - -> Analyzing version 1.0.0 (4/19)...
2025-10-24 04:26:00,137 - BlankSpaceAnalyzer - INFO - -> Analyzing version 1.0.1 (5/19)...
2025-10-24 04:26:00,138 - BlankSpaceAnalyzer - INFO - -> Analyzing version 1.0.2 (6/19)...
2025-10-24 04:26:00,138 - BlankSpaceAnalyzer - INFO - -> Analyzing version 1.1.0 (7/19)...
2025-10-24 04:26:00,139 - BlankSpaceAnalyzer - INFO - -> Analyzing version 1.1.1 (8/19)...
2025-10-24 04:26:00,139 - BlankSpaceAnalyzer - INFO - -> Analyzing version 2.0.0 (9/19)...
2025-10-24 04:26:00,140 - BlankSpaceAnalyzer - INFO - -> Analyzing version 2.0.1 (10/19)...
2025-10-24 04:26:00,140 - BlankSpaceAnalyzer - INFO - -> Analyzing version 2.0.2 (11/19)...
2025-10-24 04:26:00,140 - BlankSpaceAnalyzer - INFO - -> Analyzing version 2.0.3 (12/19)...
2025-10-24 04:26:00,141 - BlankSpaceAnalyzer - INFO - -> Analyzing version 2.0.4 (13/19)...
2025-10-24 04:26:00,141 - BlankSpaceAnalyzer - INFO - -> Analyzing version 2.1.0 (14/19)...
2025-10-24 04:26:00,141 - BlankSpaceAnalyzer - INFO - -> Analyzing version 2.1.1 (15/19)...
2025-10-24 04:26:00,142 - BlankSpaceAnalyzer - INFO - -> Analyzing version 2.1.2 (16/19)...
2025-10-24 04:26:00,142 - BlankSpaceAnalyzer - INFO - -> Analyzing version 2.2.0 (17/19)...
2025-10-24 04:26:00,143 - BlankSpaceAnalyzer - INFO - -> Analyzing version 2.2.1 (18/19)...
2025-10-24 04:26:00,143 - BlankSpaceAnalyzer - INFO - -> Analyzing version 2.3.0 (19/19)...
2025-10-24 04:26:00,160 - BlankSpaceAnalyzer - INFO - Exporting results for '@ampproject/remapping' to CSV...
2025-10-24 04:26:00,179 - BlankSpaceAnalyzer - INFO - Reports saved in: /app/npm_results/@ampproject_remapping
2025-10-24 04:26:00,179 - NPM_Analyzer - INFO - Cleaning temporary folder 'temp/@ampproject_remapping'...
2025-10-24 04:26:00,188 - NPM_Analyzer - INFO - Cleanup completed.
