2025-11-17 02:29:05,134 - NPM_HUT_Analyzer - INFO - Recupero metadata per 'prosemirror-model'...
2025-11-17 02:29:05,254 - NPM_HUT_Analyzer - INFO - Trovate 92 versioni. Inizio download in 'temp_hut/prosemirror-model'...
2025-11-17 02:30:16,345 - UnicodeAnalyzer - INFO - Analizzando 92 versioni per '*.js' in 'prosemirror-model'.
2025-11-17 02:30:16,346 - UnicodeAnalyzer - INFO - -> Analizzando versione 0.11.1 (1/92)...
2025-11-17 02:30:16,349 - UnicodeAnalyzer - INFO - Filtrati 13 file (es. in /dist, /test).
2025-11-17 02:30:16,434 - UnicodeAnalyzer - INFO - -> Analizzando versione 0.12.0 (2/92)...
2025-11-17 02:30:16,434 - UnicodeAnalyzer - INFO - Filtrati 13 file (es. in /dist, /test).
2025-11-17 02:30:16,492 - UnicodeAnalyzer - INFO - -> Analizzando versione 0.13.0 (3/92)...
2025-11-17 02:30:16,493 - UnicodeAnalyzer - INFO - Filtrati 13 file (es. in /dist, /test).
2025-11-17 02:30:16,556 - UnicodeAnalyzer - INFO - -> Analizzando versione 0.14.0 (4/92)...
2025-11-17 02:30:16,557 - UnicodeAnalyzer - INFO - Filtrati 13 file (es. in /dist, /test).
2025-11-17 02:30:16,620 - UnicodeAnalyzer - INFO - -> Analizzando versione 0.14.1 (5/92)...
2025-11-17 02:30:16,621 - UnicodeAnalyzer - INFO - Filtrati 13 file (es. in /dist, /test).
2025-11-17 02:30:16,683 - UnicodeAnalyzer - INFO - -> Analizzando versione 0.15.0 (6/92)...
2025-11-17 02:30:16,684 - UnicodeAnalyzer - INFO - Filtrati 13 file (es. in /dist, /test).
2025-11-17 02:30:16,746 - UnicodeAnalyzer - INFO - -> Analizzando versione 0.16.0 (7/92)...
2025-11-17 02:30:16,747 - UnicodeAnalyzer - INFO - Filtrati 12 file (es. in /dist, /test).
2025-11-17 02:30:16,809 - UnicodeAnalyzer - INFO - -> Analizzando versione 0.16.1 (8/92)...
2025-11-17 02:30:16,809 - UnicodeAnalyzer - INFO - Filtrati 12 file (es. in /dist, /test).
2025-11-17 02:30:16,871 - UnicodeAnalyzer - INFO - -> Analizzando versione 0.17.0 (9/92)...
2025-11-17 02:30:16,872 - UnicodeAnalyzer - INFO - Filtrati 12 file (es. in /dist, /test).
2025-11-17 02:30:16,934 - UnicodeAnalyzer - INFO - -> Analizzando versione 0.18.0 (10/92)...
2025-11-17 02:30:16,935 - UnicodeAnalyzer - INFO - Filtrati 12 file (es. in /dist, /test).
2025-11-17 02:30:16,998 - UnicodeAnalyzer - INFO - -> Analizzando versione 0.19.0 (11/92)...
2025-11-17 02:30:16,999 - UnicodeAnalyzer - INFO - Filtrati 12 file (es. in /dist, /test).
2025-11-17 02:30:17,062 - UnicodeAnalyzer - INFO - -> Analizzando versione 0.20.0 (12/92)...
2025-11-17 02:30:17,063 - UnicodeAnalyzer - INFO - Filtrati 12 file (es. in /dist, /test).
2025-11-17 02:30:17,126 - UnicodeAnalyzer - INFO - -> Analizzando versione 0.21.0 (13/92)...
2025-11-17 02:30:17,126 - UnicodeAnalyzer - INFO - Filtrati 12 file (es. in /dist, /test).
2025-11-17 02:30:17,189 - UnicodeAnalyzer - INFO - -> Analizzando versione 0.22.0 (14/92)...
2025-11-17 02:30:17,190 - UnicodeAnalyzer - INFO - Filtrati 12 file (es. in /dist, /test).
2025-11-17 02:30:17,251 - UnicodeAnalyzer - INFO - -> Analizzando versione 0.23.0 (15/92)...
2025-11-17 02:30:17,252 - UnicodeAnalyzer - INFO - Filtrati 12 file (es. in /dist, /test).
2025-11-17 02:30:17,315 - UnicodeAnalyzer - INFO - -> Analizzando versione 0.23.1 (16/92)...
2025-11-17 02:30:17,316 - UnicodeAnalyzer - INFO - Filtrati 1 file (es. in /dist, /test).
2025-11-17 02:30:17,381 - UnicodeAnalyzer - INFO - -> Analizzando versione 0.24.0 (17/92)...
2025-11-17 02:30:17,382 - UnicodeAnalyzer - INFO - Filtrati 1 file (es. in /dist, /test).
2025-11-17 02:30:17,444 - UnicodeAnalyzer - INFO - -> Analizzando versione 1.0.0 (18/92)...
2025-11-17 02:30:17,445 - UnicodeAnalyzer - INFO - Filtrati 1 file (es. in /dist, /test).
2025-11-17 02:30:17,508 - UnicodeAnalyzer - INFO - -> Analizzando versione 1.0.1 (19/92)...
2025-11-17 02:30:17,509 - UnicodeAnalyzer - INFO - Filtrati 1 file (es. in /dist, /test).
2025-11-17 02:30:17,574 - UnicodeAnalyzer - INFO - -> Analizzando versione 1.1.0 (20/92)...
2025-11-17 02:30:17,575 - UnicodeAnalyzer - INFO - Filtrati 1 file (es. in /dist, /test).
2025-11-17 02:30:17,636 - UnicodeAnalyzer - INFO - -> Analizzando versione 1.10.0 (21/92)...
2025-11-17 02:30:17,636 - UnicodeAnalyzer - INFO - Filtrati 2 file (es. in /dist, /test).
2025-11-17 02:30:17,699 - UnicodeAnalyzer - INFO - -> Analizzando versione 1.10.1 (22/92)...
2025-11-17 02:30:17,699 - UnicodeAnalyzer - INFO - Filtrati 2 file (es. in /dist, /test).
2025-11-17 02:30:17,762 - UnicodeAnalyzer - INFO - -> Analizzando versione 1.11.0 (23/92)...
2025-11-17 02:30:17,763 - UnicodeAnalyzer - INFO - Filtrati 2 file (es. in /dist, /test).
2025-11-17 02:30:17,826 - UnicodeAnalyzer - INFO - -> Analizzando versione 1.11.1 (24/92)...
2025-11-17 02:30:17,827 - UnicodeAnalyzer - INFO - Filtrati 2 file (es. in /dist, /test).
2025-11-17 02:30:17,890 - UnicodeAnalyzer - INFO - -> Analizzando versione 1.11.2 (25/92)...
2025-11-17 02:30:17,891 - UnicodeAnalyzer - INFO - Filtrati 2 file (es. in /dist, /test).
2025-11-17 02:30:17,954 - UnicodeAnalyzer - INFO - -> Analizzando versione 1.12.0 (26/92)...
2025-11-17 02:30:17,955 - UnicodeAnalyzer - INFO - Filtrati 2 file (es. in /dist, /test).
2025-11-17 02:30:18,020 - UnicodeAnalyzer - INFO - -> Analizzando versione 1.13.0 (27/92)...
2025-11-17 02:30:18,020 - UnicodeAnalyzer - INFO - Filtrati 2 file (es. in /dist, /test).
2025-11-17 02:30:18,083 - UnicodeAnalyzer - INFO - -> Analizzando versione 1.13.1 (28/92)...
2025-11-17 02:30:18,084 - UnicodeAnalyzer - INFO - Filtrati 2 file (es. in /dist, /test).
2025-11-17 02:30:18,147 - UnicodeAnalyzer - INFO - -> Analizzando versione 1.13.2 (29/92)...
2025-11-17 02:30:18,148 - UnicodeAnalyzer - INFO - Filtrati 2 file (es. in /dist, /test).
2025-11-17 02:30:18,212 - UnicodeAnalyzer - INFO - -> Analizzando versione 1.13.3 (30/92)...
2025-11-17 02:30:18,213 - UnicodeAnalyzer - INFO - Filtrati 2 file (es. in /dist, /test).
2025-11-17 02:30:18,276 - UnicodeAnalyzer - INFO - -> Analizzando versione 1.14.0 (31/92)...
2025-11-17 02:30:18,277 - UnicodeAnalyzer - INFO - Filtrati 2 file (es. in /dist, /test).
2025-11-17 02:30:18,340 - UnicodeAnalyzer - INFO - -> Analizzando versione 1.14.1 (32/92)...
2025-11-17 02:30:18,341 - UnicodeAnalyzer - INFO - Filtrati 2 file (es. in /dist, /test).
2025-11-17 02:30:18,407 - UnicodeAnalyzer - INFO - -> Analizzando versione 1.14.2 (33/92)...
2025-11-17 02:30:18,407 - UnicodeAnalyzer - INFO - Filtrati 2 file (es. in /dist, /test).
2025-11-17 02:30:18,469 - UnicodeAnalyzer - INFO - -> Analizzando versione 1.14.3 (34/92)...
2025-11-17 02:30:18,470 - UnicodeAnalyzer - INFO - Filtrati 2 file (es. in /dist, /test).
2025-11-17 02:30:18,534 - UnicodeAnalyzer - INFO - -> Analizzando versione 1.15.0 (35/92)...
2025-11-17 02:30:18,534 - UnicodeAnalyzer - INFO - Filtrati 2 file (es. in /dist, /test).
2025-11-17 02:30:18,598 - UnicodeAnalyzer - INFO - -> Analizzando versione 1.16.0 (36/92)...
2025-11-17 02:30:18,598 - UnicodeAnalyzer - INFO - Filtrati 2 file (es. in /dist, /test).
2025-11-17 02:30:18,661 - UnicodeAnalyzer - INFO - -> Analizzando versione 1.16.1 (37/92)...
2025-11-17 02:30:18,662 - UnicodeAnalyzer - INFO - Filtrati 2 file (es. in /dist, /test).
2025-11-17 02:30:18,725 - UnicodeAnalyzer - INFO - -> Analizzando versione 1.17.0 (38/92)...
2025-11-17 02:30:18,726 - UnicodeAnalyzer - INFO - Filtrati 1 file (es. in /dist, /test).
2025-11-17 02:30:18,726 - UnicodeAnalyzer - INFO - -> Analizzando versione 1.17.0-beta.1 (39/92)...
2025-11-17 02:30:18,726 - UnicodeAnalyzer - INFO - Filtrati 1 file (es. in /dist, /test).
2025-11-17 02:30:18,726 - UnicodeAnalyzer - INFO - -> Analizzando versione 1.17.0-beta.2 (40/92)...
2025-11-17 02:30:18,726 - UnicodeAnalyzer - INFO - Filtrati 1 file (es. in /dist, /test).
2025-11-17 02:30:18,726 - UnicodeAnalyzer - INFO - -> Analizzando versione 1.18.0 (41/92)...
2025-11-17 02:30:18,727 - UnicodeAnalyzer - INFO - Filtrati 1 file (es. in /dist, /test).
2025-11-17 02:30:18,727 - UnicodeAnalyzer - INFO - -> Analizzando versione 1.18.1 (42/92)...
2025-11-17 02:30:18,727 - UnicodeAnalyzer - INFO - Filtrati 1 file (es. in /dist, /test).
2025-11-17 02:30:18,727 - UnicodeAnalyzer - INFO - -> Analizzando versione 1.18.2 (43/92)...
2025-11-17 02:30:18,727 - UnicodeAnalyzer - INFO - Filtrati 1 file (es. in /dist, /test).
2025-11-17 02:30:18,727 - UnicodeAnalyzer - INFO - -> Analizzando versione 1.18.3 (44/92)...
2025-11-17 02:30:18,727 - UnicodeAnalyzer - INFO - Filtrati 1 file (es. in /dist, /test).
2025-11-17 02:30:18,728 - UnicodeAnalyzer - INFO - -> Analizzando versione 1.19.0 (45/92)...
2025-11-17 02:30:18,728 - UnicodeAnalyzer - INFO - Filtrati 1 file (es. in /dist, /test).
2025-11-17 02:30:18,728 - UnicodeAnalyzer - INFO - -> Analizzando versione 1.19.1 (46/92)...
2025-11-17 02:30:18,728 - UnicodeAnalyzer - INFO - Filtrati 1 file (es. in /dist, /test).
2025-11-17 02:30:18,728 - UnicodeAnalyzer - INFO - -> Analizzando versione 1.19.2 (47/92)...
2025-11-17 02:30:18,728 - UnicodeAnalyzer - INFO - Filtrati 1 file (es. in /dist, /test).
2025-11-17 02:30:18,728 - UnicodeAnalyzer - INFO - -> Analizzando versione 1.19.3 (48/92)...
2025-11-17 02:30:18,729 - UnicodeAnalyzer - INFO - Filtrati 1 file (es. in /dist, /test).
2025-11-17 02:30:18,729 - UnicodeAnalyzer - INFO - -> Analizzando versione 1.19.4 (49/92)...
2025-11-17 02:30:18,729 - UnicodeAnalyzer - INFO - Filtrati 1 file (es. in /dist, /test).
2025-11-17 02:30:18,729 - UnicodeAnalyzer - INFO - -> Analizzando versione 1.2.0 (50/92)...
2025-11-17 02:30:18,729 - UnicodeAnalyzer - INFO - Filtrati 1 file (es. in /dist, /test).
2025-11-17 02:30:18,792 - UnicodeAnalyzer - INFO - -> Analizzando versione 1.2.1 (51/92)...
2025-11-17 02:30:18,793 - UnicodeAnalyzer - INFO - Filtrati 1 file (es. in /dist, /test).
2025-11-17 02:30:18,857 - UnicodeAnalyzer - INFO - -> Analizzando versione 1.2.2 (52/92)...
2025-11-17 02:30:18,857 - UnicodeAnalyzer - INFO - Filtrati 1 file (es. in /dist, /test).
2025-11-17 02:30:18,921 - UnicodeAnalyzer - INFO - -> Analizzando versione 1.20.0 (53/92)...
2025-11-17 02:30:18,921 - UnicodeAnalyzer - INFO - Filtrati 1 file (es. in /dist, /test).
2025-11-17 02:30:18,921 - UnicodeAnalyzer - INFO - -> Analizzando versione 1.21.0 (54/92)...
2025-11-17 02:30:18,922 - UnicodeAnalyzer - INFO - Filtrati 1 file (es. in /dist, /test).
2025-11-17 02:30:18,922 - UnicodeAnalyzer - INFO - -> Analizzando versione 1.21.1 (55/92)...
2025-11-17 02:30:18,922 - UnicodeAnalyzer - INFO - Filtrati 1 file (es. in /dist, /test).
2025-11-17 02:30:18,922 - UnicodeAnalyzer - INFO - -> Analizzando versione 1.21.2 (56/92)...
2025-11-17 02:30:18,922 - UnicodeAnalyzer - INFO - Filtrati 1 file (es. in /dist, /test).
2025-11-17 02:30:18,922 - UnicodeAnalyzer - INFO - -> Analizzando versione 1.21.3 (57/92)...
2025-11-17 02:30:18,923 - UnicodeAnalyzer - INFO - Filtrati 1 file (es. in /dist, /test).
2025-11-17 02:30:18,923 - UnicodeAnalyzer - INFO - -> Analizzando versione 1.22.0 (58/92)...
2025-11-17 02:30:18,923 - UnicodeAnalyzer - INFO - Filtrati 1 file (es. in /dist, /test).
2025-11-17 02:30:18,923 - UnicodeAnalyzer - INFO - -> Analizzando versione 1.22.1 (59/92)...
2025-11-17 02:30:18,923 - UnicodeAnalyzer - INFO - Filtrati 1 file (es. in /dist, /test).
2025-11-17 02:30:18,923 - UnicodeAnalyzer - INFO - -> Analizzando versione 1.22.2 (60/92)...
2025-11-17 02:30:18,924 - UnicodeAnalyzer - INFO - Filtrati 1 file (es. in /dist, /test).
2025-11-17 02:30:18,924 - UnicodeAnalyzer - INFO - -> Analizzando versione 1.22.3 (61/92)...
2025-11-17 02:30:18,924 - UnicodeAnalyzer - INFO - Filtrati 1 file (es. in /dist, /test).
2025-11-17 02:30:18,924 - UnicodeAnalyzer - INFO - -> Analizzando versione 1.23.0 (62/92)...
2025-11-17 02:30:18,924 - UnicodeAnalyzer - INFO - Filtrati 1 file (es. in /dist, /test).
2025-11-17 02:30:18,924 - UnicodeAnalyzer - INFO - -> Analizzando versione 1.24.0 (63/92)...
2025-11-17 02:30:18,925 - UnicodeAnalyzer - INFO - Filtrati 1 file (es. in /dist, /test).
2025-11-17 02:30:18,925 - UnicodeAnalyzer - INFO - -> Analizzando versione 1.24.1 (64/92)...
2025-11-17 02:30:18,925 - UnicodeAnalyzer - INFO - Filtrati 1 file (es. in /dist, /test).
2025-11-17 02:30:18,925 - UnicodeAnalyzer - INFO - -> Analizzando versione 1.25.0 (65/92)...
2025-11-17 02:30:18,925 - UnicodeAnalyzer - INFO - Filtrati 1 file (es. in /dist, /test).
2025-11-17 02:30:18,925 - UnicodeAnalyzer - INFO - -> Analizzando versione 1.25.1 (66/92)...
2025-11-17 02:30:18,926 - UnicodeAnalyzer - INFO - Filtrati 1 file (es. in /dist, /test).
2025-11-17 02:30:18,926 - UnicodeAnalyzer - INFO - -> Analizzando versione 1.25.2 (67/92)...
2025-11-17 02:30:18,926 - UnicodeAnalyzer - INFO - Filtrati 1 file (es. in /dist, /test).
2025-11-17 02:30:18,926 - UnicodeAnalyzer - INFO - -> Analizzando versione 1.25.3 (68/92)...
2025-11-17 02:30:18,926 - UnicodeAnalyzer - INFO - Filtrati 1 file (es. in /dist, /test).
2025-11-17 02:30:18,926 - UnicodeAnalyzer - INFO - -> Analizzando versione 1.25.4 (69/92)...
2025-11-17 02:30:18,927 - UnicodeAnalyzer - INFO - Filtrati 1 file (es. in /dist, /test).
2025-11-17 02:30:18,927 - UnicodeAnalyzer - INFO - -> Analizzando versione 1.3.0 (70/92)...
2025-11-17 02:30:18,927 - UnicodeAnalyzer - INFO - Filtrati 1 file (es. in /dist, /test).
2025-11-17 02:30:18,989 - UnicodeAnalyzer - INFO - -> Analizzando versione 1.4.0 (71/92)...
2025-11-17 02:30:18,990 - UnicodeAnalyzer - INFO - Filtrati 1 file (es. in /dist, /test).
2025-11-17 02:30:19,053 - UnicodeAnalyzer - INFO - -> Analizzando versione 1.4.1 (72/92)...
2025-11-17 02:30:19,053 - UnicodeAnalyzer - INFO - Filtrati 1 file (es. in /dist, /test).
2025-11-17 02:30:19,116 - UnicodeAnalyzer - INFO - -> Analizzando versione 1.4.2 (73/92)...
2025-11-17 02:30:19,116 - UnicodeAnalyzer - INFO - Filtrati 1 file (es. in /dist, /test).
2025-11-17 02:30:19,179 - UnicodeAnalyzer - INFO - -> Analizzando versione 1.4.3 (74/92)...
2025-11-17 02:30:19,180 - UnicodeAnalyzer - INFO - Filtrati 1 file (es. in /dist, /test).
2025-11-17 02:30:19,242 - UnicodeAnalyzer - INFO - -> Analizzando versione 1.4.4 (75/92)...
2025-11-17 02:30:19,243 - UnicodeAnalyzer - INFO - Filtrati 1 file (es. in /dist, /test).
2025-11-17 02:30:19,306 - UnicodeAnalyzer - INFO - -> Analizzando versione 1.5.0 (76/92)...
2025-11-17 02:30:19,307 - UnicodeAnalyzer - INFO - Filtrati 1 file (es. in /dist, /test).
2025-11-17 02:30:19,370 - UnicodeAnalyzer - INFO - -> Analizzando versione 1.6.0 (77/92)...
2025-11-17 02:30:19,370 - UnicodeAnalyzer - INFO - Filtrati 1 file (es. in /dist, /test).
2025-11-17 02:30:19,433 - UnicodeAnalyzer - INFO - -> Analizzando versione 1.6.1 (78/92)...
2025-11-17 02:30:19,434 - UnicodeAnalyzer - INFO - Filtrati 1 file (es. in /dist, /test).
2025-11-17 02:30:19,498 - UnicodeAnalyzer - INFO - -> Analizzando versione 1.6.2 (79/92)...
2025-11-17 02:30:19,498 - UnicodeAnalyzer - INFO - Filtrati 1 file (es. in /dist, /test).
2025-11-17 02:30:19,562 - UnicodeAnalyzer - INFO - -> Analizzando versione 1.6.3 (80/92)...
2025-11-17 02:30:19,563 - UnicodeAnalyzer - INFO - Filtrati 1 file (es. in /dist, /test).
2025-11-17 02:30:19,627 - UnicodeAnalyzer - INFO - -> Analizzando versione 1.6.4 (81/92)...
2025-11-17 02:30:19,628 - UnicodeAnalyzer - INFO - Filtrati 1 file (es. in /dist, /test).
2025-11-17 02:30:19,693 - UnicodeAnalyzer - INFO - -> Analizzando versione 1.7.0 (82/92)...
2025-11-17 02:30:19,694 - UnicodeAnalyzer - INFO - Filtrati 1 file (es. in /dist, /test).
2025-11-17 02:30:19,760 - UnicodeAnalyzer - INFO - -> Analizzando versione 1.7.1 (83/92)...
2025-11-17 02:30:19,761 - UnicodeAnalyzer - INFO - Filtrati 1 file (es. in /dist, /test).
2025-11-17 02:30:19,824 - UnicodeAnalyzer - INFO - -> Analizzando versione 1.7.2 (84/92)...
2025-11-17 02:30:19,825 - UnicodeAnalyzer - INFO - Filtrati 1 file (es. in /dist, /test).
2025-11-17 02:30:19,888 - UnicodeAnalyzer - INFO - -> Analizzando versione 1.7.3 (85/92)...
2025-11-17 02:30:19,889 - UnicodeAnalyzer - INFO - Filtrati 1 file (es. in /dist, /test).
2025-11-17 02:30:19,951 - UnicodeAnalyzer - INFO - -> Analizzando versione 1.7.4 (86/92)...
2025-11-17 02:30:19,952 - UnicodeAnalyzer - INFO - Filtrati 1 file (es. in /dist, /test).
2025-11-17 02:30:20,016 - UnicodeAnalyzer - INFO - -> Analizzando versione 1.7.5 (87/92)...
2025-11-17 02:30:20,016 - UnicodeAnalyzer - INFO - Filtrati 1 file (es. in /dist, /test).
2025-11-17 02:30:20,079 - UnicodeAnalyzer - INFO - -> Analizzando versione 1.8.0 (88/92)...
2025-11-17 02:30:20,080 - UnicodeAnalyzer - INFO - Filtrati 1 file (es. in /dist, /test).
2025-11-17 02:30:20,145 - UnicodeAnalyzer - INFO - -> Analizzando versione 1.8.1 (89/92)...
2025-11-17 02:30:20,146 - UnicodeAnalyzer - INFO - Filtrati 1 file (es. in /dist, /test).
2025-11-17 02:30:20,209 - UnicodeAnalyzer - INFO - -> Analizzando versione 1.8.2 (90/92)...
2025-11-17 02:30:20,210 - UnicodeAnalyzer - INFO - Filtrati 2 file (es. in /dist, /test).
2025-11-17 02:30:20,273 - UnicodeAnalyzer - INFO - -> Analizzando versione 1.9.0 (91/92)...
2025-11-17 02:30:20,274 - UnicodeAnalyzer - INFO - Filtrati 2 file (es. in /dist, /test).
2025-11-17 02:30:20,337 - UnicodeAnalyzer - INFO - -> Analizzando versione 1.9.1 (92/92)...
2025-11-17 02:30:20,338 - UnicodeAnalyzer - INFO - Filtrati 2 file (es. in /dist, /test).
2025-11-17 02:30:20,403 - UnicodeAnalyzer - INFO - Esportando i risultati HUT per 'prosemirror-model' in CSV...
2025-11-17 02:30:20,539 - UnicodeAnalyzer - INFO - Report salvati in: /app/npm_hut_results/prosemirror-model
2025-11-17 02:30:20,539 - NPM_HUT_Analyzer - INFO - Pulizia cartella temporanea 'temp_hut/prosemirror-model'...
2025-11-17 02:30:20,588 - NPM_HUT_Analyzer - INFO - Pulizia completata.
