2025-11-02 09:26:49,728 - NPM_Analyzer - INFO - Fetching metadata for 'turndown'...
2025-11-02 09:26:49,826 - NPM_Analyzer - INFO - Found 25 versions. Starting download into 'temp/turndown'...
2025-11-02 09:27:00,566 - BlankSpaceAnalyzer - INFO - Analyzing 25 versions for '*.js' in 'turndown'.
2025-11-02 09:27:00,566 - BlankSpaceAnalyzer - INFO - -> Analyzing version 0.0.1 (1/25)...
2025-11-02 09:27:00,697 - BlankSpaceAnalyzer - INFO - -> Analyzing version 0.0.2 (2/25)...
2025-11-02 09:27:00,796 - BlankSpaceAnalyzer - INFO - -> Analyzing version 0.0.3 (3/25)...
2025-11-02 09:27:00,897 - BlankSpaceAnalyzer - INFO - -> Analyzing version 0.0.4 (4/25)...
2025-11-02 09:27:00,996 - BlankSpaceAnalyzer - INFO - -> Analyzing version 0.0.5 (5/25)...
2025-11-02 09:27:01,096 - BlankSpaceAnalyzer - INFO - -> Analyzing version 0.0.6 (6/25)...
2025-11-02 09:27:01,196 - BlankSpaceAnalyzer - INFO - -> Analyzing version 0.0.8 (7/25)...
2025-11-02 09:27:01,295 - BlankSpaceAnalyzer - INFO - -> Analyzing version 4.0.0 (8/25)...
2025-11-02 09:27:01,395 - BlankSpaceAnalyzer - INFO - -> Analyzing version 4.0.0-rc.1 (9/25)...
2025-11-02 09:27:01,494 - BlankSpaceAnalyzer - INFO - -> Analyzing version 4.0.0-rc.2 (10/25)...
2025-11-02 09:27:01,594 - BlankSpaceAnalyzer - INFO - -> Analyzing version 4.0.0-rc.3 (11/25)...
2025-11-02 09:27:01,694 - BlankSpaceAnalyzer - INFO - -> Analyzing version 4.0.1 (12/25)...
2025-11-02 09:27:01,794 - BlankSpaceAnalyzer - INFO - -> Analyzing version 4.0.2 (13/25)...
2025-11-02 09:27:01,902 - BlankSpaceAnalyzer - INFO - -> Analyzing version 5.0.0 (14/25)...
2025-11-02 09:27:02,003 - BlankSpaceAnalyzer - INFO - -> Analyzing version 5.0.1 (15/25)...
2025-11-02 09:27:02,103 - BlankSpaceAnalyzer - INFO - -> Analyzing version 5.0.3 (16/25)...
2025-11-02 09:27:02,204 - BlankSpaceAnalyzer - INFO - -> Analyzing version 6.0.0 (17/25)...
2025-11-02 09:27:02,321 - BlankSpaceAnalyzer - INFO - -> Analyzing version 7.0.0 (18/25)...
2025-11-02 09:27:02,422 - BlankSpaceAnalyzer - INFO - -> Analyzing version 7.1.0 (19/25)...
2025-11-02 09:27:02,532 - BlankSpaceAnalyzer - INFO - -> Analyzing version 7.1.1 (20/25)...
2025-11-02 09:27:02,633 - BlankSpaceAnalyzer - INFO - -> Analyzing version 7.1.2 (21/25)...
2025-11-02 09:27:02,742 - BlankSpaceAnalyzer - INFO - -> Analyzing version 7.1.3 (22/25)...
2025-11-02 09:27:02,851 - BlankSpaceAnalyzer - INFO - -> Analyzing version 7.2.0 (23/25)...
2025-11-02 09:27:02,957 - BlankSpaceAnalyzer - INFO - -> Analyzing version 7.2.1 (24/25)...
2025-11-02 09:27:03,057 - BlankSpaceAnalyzer - INFO - -> Analyzing version 7.2.2 (25/25)...
2025-11-02 09:27:03,163 - BlankSpaceAnalyzer - INFO - Exporting results for 'turndown' to CSV...
2025-11-02 09:27:03,182 - BlankSpaceAnalyzer - INFO - Reports saved in: /app/npm_results/turndown
2025-11-02 09:27:03,183 - NPM_Analyzer - INFO - Cleaning temporary folder 'temp/turndown'...
2025-11-02 09:27:03,189 - NPM_Analyzer - INFO - Cleanup completed.
