2025-11-01 16:28:26,152 - NPM_Analyzer - INFO - Fetching metadata for 'check-types'...
2025-11-01 16:28:26,262 - NPM_Analyzer - INFO - Found 90 versions. Starting download into 'temp/check-types'...
2025-11-01 16:29:30,205 - BlankSpaceAnalyzer - INFO - Analyzing 90 versions for '*.js' in 'check-types'.
2025-11-01 16:29:30,205 - BlankSpaceAnalyzer - INFO - -> Analyzing version 0.1.0 (1/90)...
2025-11-01 16:29:30,206 - BlankSpaceAnalyzer - INFO - -> Analyzing version 0.1.1 (2/90)...
2025-11-01 16:29:30,207 - BlankSpaceAnalyzer - INFO - -> Analyzing version 0.1.2 (3/90)...
2025-11-01 16:29:30,208 - BlankSpaceAnalyzer - INFO - -> Analyzing version 0.1.3 (4/90)...
2025-11-01 16:29:30,341 - BlankSpaceAnalyzer - INFO - -> Analyzing version 0.1.4 (5/90)...
2025-11-01 16:29:30,342 - BlankSpaceAnalyzer - INFO - -> Analyzing version 0.1.5 (6/90)...
2025-11-01 16:29:30,342 - BlankSpaceAnalyzer - INFO - -> Analyzing version 0.1.6 (7/90)...
2025-11-01 16:29:30,343 - BlankSpaceAnalyzer - INFO - -> Analyzing version 0.2.0 (8/90)...
2025-11-01 16:29:30,453 - BlankSpaceAnalyzer - INFO - -> Analyzing version 0.2.1 (9/90)...
2025-11-01 16:29:30,573 - BlankSpaceAnalyzer - INFO - -> Analyzing version 0.2.2 (10/90)...
2025-11-01 16:29:30,685 - BlankSpaceAnalyzer - INFO - -> Analyzing version 0.2.3 (11/90)...
2025-11-01 16:29:30,795 - BlankSpaceAnalyzer - INFO - -> Analyzing version 0.2.5 (12/90)...
2025-11-01 16:29:30,905 - BlankSpaceAnalyzer - INFO - -> Analyzing version 0.3.0 (13/90)...
2025-11-01 16:29:31,015 - BlankSpaceAnalyzer - INFO - -> Analyzing version 0.3.1 (14/90)...
2025-11-01 16:29:31,126 - BlankSpaceAnalyzer - INFO - -> Analyzing version 0.4.0 (15/90)...
2025-11-01 16:29:31,237 - BlankSpaceAnalyzer - INFO - -> Analyzing version 0.4.1 (16/90)...
2025-11-01 16:29:31,348 - BlankSpaceAnalyzer - INFO - -> Analyzing version 0.4.2 (17/90)...
2025-11-01 16:29:31,459 - BlankSpaceAnalyzer - INFO - -> Analyzing version 0.4.3 (18/90)...
2025-11-01 16:29:31,570 - BlankSpaceAnalyzer - INFO - -> Analyzing version 0.5.0 (19/90)...
2025-11-01 16:29:31,680 - BlankSpaceAnalyzer - INFO - -> Analyzing version 0.5.1 (20/90)...
2025-11-01 16:29:31,791 - BlankSpaceAnalyzer - INFO - -> Analyzing version 0.5.2 (21/90)...
2025-11-01 16:29:31,903 - BlankSpaceAnalyzer - INFO - -> Analyzing version 0.5.4 (22/90)...
2025-11-01 16:29:32,014 - BlankSpaceAnalyzer - INFO - -> Analyzing version 0.6.0 (23/90)...
2025-11-01 16:29:32,126 - BlankSpaceAnalyzer - INFO - -> Analyzing version 0.6.1 (24/90)...
2025-11-01 16:29:32,238 - BlankSpaceAnalyzer - INFO - -> Analyzing version 0.6.2 (25/90)...
2025-11-01 16:29:32,349 - BlankSpaceAnalyzer - INFO - -> Analyzing version 0.6.3 (26/90)...
2025-11-01 16:29:32,461 - BlankSpaceAnalyzer - INFO - -> Analyzing version 0.6.4 (27/90)...
2025-11-01 16:29:32,573 - BlankSpaceAnalyzer - INFO - -> Analyzing version 0.6.5 (28/90)...
2025-11-01 16:29:32,685 - BlankSpaceAnalyzer - INFO - -> Analyzing version 0.7.0 (29/90)...
2025-11-01 16:29:32,795 - BlankSpaceAnalyzer - INFO - -> Analyzing version 0.7.1 (30/90)...
2025-11-01 16:29:32,907 - BlankSpaceAnalyzer - INFO - -> Analyzing version 0.7.2 (31/90)...
2025-11-01 16:29:33,018 - BlankSpaceAnalyzer - INFO - -> Analyzing version 0.8.0 (32/90)...
2025-11-01 16:29:33,129 - BlankSpaceAnalyzer - INFO - -> Analyzing version 0.8.1 (33/90)...
2025-11-01 16:29:33,239 - BlankSpaceAnalyzer - INFO - -> Analyzing version 1.0.0 (34/90)...
2025-11-01 16:29:33,350 - BlankSpaceAnalyzer - INFO - -> Analyzing version 1.1.0 (35/90)...
2025-11-01 16:29:33,471 - BlankSpaceAnalyzer - INFO - -> Analyzing version 1.1.1 (36/90)...
2025-11-01 16:29:33,584 - BlankSpaceAnalyzer - INFO - -> Analyzing version 1.2.0 (37/90)...
2025-11-01 16:29:33,695 - BlankSpaceAnalyzer - INFO - -> Analyzing version 1.2.1 (38/90)...
2025-11-01 16:29:33,811 - BlankSpaceAnalyzer - INFO - -> Analyzing version 1.3.0 (39/90)...
2025-11-01 16:29:33,924 - BlankSpaceAnalyzer - INFO - -> Analyzing version 1.3.1 (40/90)...
2025-11-01 16:29:34,036 - BlankSpaceAnalyzer - INFO - -> Analyzing version 1.3.2 (41/90)...
2025-11-01 16:29:34,148 - BlankSpaceAnalyzer - INFO - -> Analyzing version 1.4.0 (42/90)...
2025-11-01 16:29:34,259 - BlankSpaceAnalyzer - INFO - -> Analyzing version 10.0.0 (43/90)...
2025-11-01 16:29:34,370 - BlankSpaceAnalyzer - INFO - -> Analyzing version 10.1.0 (44/90)...
2025-11-01 16:29:34,480 - BlankSpaceAnalyzer - INFO - -> Analyzing version 10.1.1 (45/90)...
2025-11-01 16:29:34,592 - BlankSpaceAnalyzer - INFO - -> Analyzing version 10.1.2 (46/90)...
2025-11-01 16:29:34,702 - BlankSpaceAnalyzer - INFO - -> Analyzing version 11.0.0 (47/90)...
2025-11-01 16:29:34,815 - BlankSpaceAnalyzer - INFO - -> Analyzing version 11.1.0 (48/90)...
2025-11-01 16:29:34,927 - BlankSpaceAnalyzer - INFO - -> Analyzing version 11.1.1 (49/90)...
2025-11-01 16:29:35,038 - BlankSpaceAnalyzer - INFO - -> Analyzing version 11.1.2 (50/90)...
2025-11-01 16:29:35,151 - BlankSpaceAnalyzer - INFO - -> Analyzing version 11.2.0 (51/90)...
2025-11-01 16:29:35,264 - BlankSpaceAnalyzer - INFO - -> Analyzing version 11.2.1 (52/90)...
2025-11-01 16:29:35,379 - BlankSpaceAnalyzer - INFO - -> Analyzing version 11.2.2 (53/90)...
2025-11-01 16:29:35,500 - BlankSpaceAnalyzer - INFO - -> Analyzing version 11.2.3 (54/90)...
2025-11-01 16:29:35,612 - BlankSpaceAnalyzer - INFO - -> Analyzing version 2.0.0 (55/90)...
2025-11-01 16:29:35,724 - BlankSpaceAnalyzer - INFO - -> Analyzing version 2.0.1 (56/90)...
2025-11-01 16:29:35,834 - BlankSpaceAnalyzer - INFO - -> Analyzing version 2.1.0 (57/90)...
2025-11-01 16:29:35,946 - BlankSpaceAnalyzer - INFO - -> Analyzing version 2.1.1 (58/90)...
2025-11-01 16:29:36,059 - BlankSpaceAnalyzer - INFO - -> Analyzing version 2.2.0 (59/90)...
2025-11-01 16:29:36,172 - BlankSpaceAnalyzer - INFO - -> Analyzing version 3.0.0 (60/90)...
2025-11-01 16:29:36,285 - BlankSpaceAnalyzer - INFO - -> Analyzing version 3.1.0 (61/90)...
2025-11-01 16:29:36,396 - BlankSpaceAnalyzer - INFO - -> Analyzing version 3.1.1 (62/90)...
2025-11-01 16:29:36,508 - BlankSpaceAnalyzer - INFO - -> Analyzing version 3.2.0 (63/90)...
2025-11-01 16:29:36,620 - BlankSpaceAnalyzer - INFO - -> Analyzing version 3.3.0 (64/90)...
2025-11-01 16:29:36,731 - BlankSpaceAnalyzer - INFO - -> Analyzing version 3.3.1 (65/90)...
2025-11-01 16:29:36,843 - BlankSpaceAnalyzer - INFO - -> Analyzing version 4.0.0 (66/90)...
2025-11-01 16:29:36,956 - BlankSpaceAnalyzer - INFO - -> Analyzing version 4.1.0 (67/90)...
2025-11-01 16:29:37,070 - BlankSpaceAnalyzer - INFO - -> Analyzing version 4.2.0 (68/90)...
2025-11-01 16:29:37,183 - BlankSpaceAnalyzer - INFO - -> Analyzing version 4.3.0 (69/90)...
2025-11-01 16:29:37,296 - BlankSpaceAnalyzer - INFO - -> Analyzing version 5.0.0 (70/90)...
2025-11-01 16:29:37,410 - BlankSpaceAnalyzer - INFO - -> Analyzing version 5.1.0 (71/90)...
2025-11-01 16:29:37,523 - BlankSpaceAnalyzer - INFO - -> Analyzing version 6.0.0 (72/90)...
2025-11-01 16:29:37,643 - BlankSpaceAnalyzer - INFO - -> Analyzing version 7.0.0 (73/90)...
2025-11-01 16:29:37,756 - BlankSpaceAnalyzer - INFO - -> Analyzing version 7.0.1 (74/90)...
2025-11-01 16:29:37,868 - BlankSpaceAnalyzer - INFO - -> Analyzing version 7.1.0 (75/90)...
2025-11-01 16:29:37,981 - BlankSpaceAnalyzer - INFO - -> Analyzing version 7.1.1 (76/90)...
2025-11-01 16:29:38,096 - BlankSpaceAnalyzer - INFO - -> Analyzing version 7.1.2 (77/90)...
2025-11-01 16:29:38,209 - BlankSpaceAnalyzer - INFO - -> Analyzing version 7.1.3 (78/90)...
2025-11-01 16:29:38,322 - BlankSpaceAnalyzer - INFO - -> Analyzing version 7.1.4 (79/90)...
2025-11-01 16:29:38,435 - BlankSpaceAnalyzer - INFO - -> Analyzing version 7.1.5 (80/90)...
2025-11-01 16:29:38,547 - BlankSpaceAnalyzer - INFO - -> Analyzing version 7.2.0 (81/90)...
2025-11-01 16:29:38,660 - BlankSpaceAnalyzer - INFO - -> Analyzing version 7.2.1 (82/90)...
2025-11-01 16:29:38,772 - BlankSpaceAnalyzer - INFO - -> Analyzing version 7.3.0 (83/90)...
2025-11-01 16:29:38,884 - BlankSpaceAnalyzer - INFO - -> Analyzing version 7.4.0 (84/90)...
2025-11-01 16:29:38,996 - BlankSpaceAnalyzer - INFO - -> Analyzing version 8.0.0 (85/90)...
2025-11-01 16:29:39,109 - BlankSpaceAnalyzer - INFO - -> Analyzing version 8.0.1 (86/90)...
2025-11-01 16:29:39,221 - BlankSpaceAnalyzer - INFO - -> Analyzing version 8.0.2 (87/90)...
2025-11-01 16:29:39,333 - BlankSpaceAnalyzer - INFO - -> Analyzing version 8.0.3 (88/90)...
2025-11-01 16:29:39,445 - BlankSpaceAnalyzer - INFO - -> Analyzing version 9.0.0 (89/90)...
2025-11-01 16:29:39,557 - BlankSpaceAnalyzer - INFO - -> Analyzing version 9.0.1 (90/90)...
2025-11-01 16:29:39,673 - BlankSpaceAnalyzer - INFO - Exporting results for 'check-types' to CSV...
2025-11-01 16:29:39,739 - BlankSpaceAnalyzer - INFO - Reports saved in: /app/npm_results/check-types
2025-11-01 16:29:39,740 - NPM_Analyzer - INFO - Cleaning temporary folder 'temp/check-types'...
2025-11-01 16:29:39,762 - NPM_Analyzer - INFO - Cleanup completed.
