2025-11-18 04:36:36,102 - NPM_HUT_Analyzer - INFO - Recupero metadata per 'hpack.js'...
2025-11-18 04:36:36,172 - NPM_HUT_Analyzer - INFO - Trovate 9 versioni. Inizio download in 'temp_hut/hpack.js'...
2025-11-18 04:36:42,324 - UnicodeAnalyzer - INFO - Analizzando 9 versioni per '*.js' in 'hpack.js'.
2025-11-18 04:36:42,324 - UnicodeAnalyzer - INFO - -> Analizzando versione 1.0.0 (1/9)...
2025-11-18 04:36:42,328 - UnicodeAnalyzer - INFO - Filtrati 5 file (es. in /dist, /test).
2025-11-18 04:36:42,410 - UnicodeAnalyzer - INFO - -> Analizzando versione 1.1.0 (2/9)...
2025-11-18 04:36:42,411 - UnicodeAnalyzer - INFO - Filtrati 5 file (es. in /dist, /test).
2025-11-18 04:36:42,465 - UnicodeAnalyzer - INFO - -> Analizzando versione 2.0.0 (3/9)...
2025-11-18 04:36:42,466 - UnicodeAnalyzer - INFO - Filtrati 5 file (es. in /dist, /test).
2025-11-18 04:36:42,518 - UnicodeAnalyzer - INFO - -> Analizzando versione 2.1.0 (4/9)...
2025-11-18 04:36:42,519 - UnicodeAnalyzer - INFO - Filtrati 5 file (es. in /dist, /test).
2025-11-18 04:36:42,577 - UnicodeAnalyzer - INFO - -> Analizzando versione 2.1.2 (5/9)...
2025-11-18 04:36:42,578 - UnicodeAnalyzer - INFO - Filtrati 5 file (es. in /dist, /test).
2025-11-18 04:36:42,636 - UnicodeAnalyzer - INFO - -> Analizzando versione 2.1.3 (6/9)...
2025-11-18 04:36:42,637 - UnicodeAnalyzer - INFO - Filtrati 5 file (es. in /dist, /test).
2025-11-18 04:36:42,694 - UnicodeAnalyzer - INFO - -> Analizzando versione 2.1.4 (7/9)...
2025-11-18 04:36:42,695 - UnicodeAnalyzer - INFO - Filtrati 5 file (es. in /dist, /test).
2025-11-18 04:36:42,753 - UnicodeAnalyzer - INFO - -> Analizzando versione 2.1.5 (8/9)...
2025-11-18 04:36:42,754 - UnicodeAnalyzer - INFO - Filtrati 5 file (es. in /dist, /test).
2025-11-18 04:36:42,812 - UnicodeAnalyzer - INFO - -> Analizzando versione 2.1.6 (9/9)...
2025-11-18 04:36:42,813 - UnicodeAnalyzer - INFO - Filtrati 5 file (es. in /dist, /test).
2025-11-18 04:36:42,871 - UnicodeAnalyzer - INFO - Esportando i risultati HUT per 'hpack.js' in CSV...
2025-11-18 04:36:42,887 - UnicodeAnalyzer - INFO - Report salvati in: /app/npm_hut_results/hpack.js
2025-11-18 04:36:42,887 - NPM_HUT_Analyzer - INFO - Pulizia cartella temporanea 'temp_hut/hpack.js'...
2025-11-18 04:36:42,892 - NPM_HUT_Analyzer - INFO - Pulizia completata.
