2025-11-07 16:04:19,945 - NPM_Analyzer - INFO - Fetching metadata for '@uiw/react-codemirror'...
2025-11-07 16:04:20,199 - NPM_Analyzer - INFO - Found 224 versions. Starting download into 'temp/@uiw_react-codemirror'...
2025-11-07 16:10:03,635 - BlankSpaceAnalyzer - INFO - Analyzing 224 versions for '*.js' in '@uiw_react-codemirror'.
2025-11-07 16:10:03,635 - BlankSpaceAnalyzer - INFO - -> Analyzing version 1.0.0 (1/224)...
2025-11-07 16:10:03,706 - BlankSpaceAnalyzer - INFO - -> Analyzing version 1.0.1 (2/224)...
2025-11-07 16:10:03,746 - BlankSpaceAnalyzer - INFO - -> Analyzing version 1.0.11 (3/224)...
2025-11-07 16:10:03,788 - BlankSpaceAnalyzer - INFO - -> Analyzing version 1.0.12 (4/224)...
2025-11-07 16:10:03,828 - BlankSpaceAnalyzer - INFO - -> Analyzing version 1.0.13 (5/224)...
2025-11-07 16:10:03,872 - BlankSpaceAnalyzer - INFO - -> Analyzing version 1.0.14 (6/224)...
2025-11-07 16:10:03,917 - BlankSpaceAnalyzer - INFO - -> Analyzing version 1.0.15 (7/224)...
2025-11-07 16:10:03,961 - BlankSpaceAnalyzer - INFO - -> Analyzing version 1.0.16 (8/224)...
2025-11-07 16:10:04,006 - BlankSpaceAnalyzer - INFO - -> Analyzing version 1.0.17 (9/224)...
2025-11-07 16:10:04,051 - BlankSpaceAnalyzer - INFO - -> Analyzing version 1.0.18 (10/224)...
2025-11-07 16:10:04,096 - BlankSpaceAnalyzer - INFO - -> Analyzing version 1.0.19 (11/224)...
2025-11-07 16:10:04,141 - BlankSpaceAnalyzer - INFO - -> Analyzing version 1.0.2 (12/224)...
2025-11-07 16:10:04,185 - BlankSpaceAnalyzer - INFO - -> Analyzing version 1.0.21 (13/224)...
2025-11-07 16:10:04,229 - BlankSpaceAnalyzer - INFO - -> Analyzing version 1.0.22 (14/224)...
2025-11-07 16:10:04,276 - BlankSpaceAnalyzer - INFO - -> Analyzing version 1.0.23 (15/224)...
2025-11-07 16:10:04,320 - BlankSpaceAnalyzer - INFO - -> Analyzing version 1.0.24 (16/224)...
2025-11-07 16:10:04,365 - BlankSpaceAnalyzer - INFO - -> Analyzing version 1.0.25 (17/224)...
2025-11-07 16:10:04,408 - BlankSpaceAnalyzer - INFO - -> Analyzing version 1.0.26 (18/224)...
2025-11-07 16:10:04,452 - BlankSpaceAnalyzer - INFO - -> Analyzing version 1.0.27 (19/224)...
2025-11-07 16:10:04,497 - BlankSpaceAnalyzer - INFO - -> Analyzing version 1.0.28 (20/224)...
2025-11-07 16:10:04,541 - BlankSpaceAnalyzer - INFO - -> Analyzing version 1.0.3 (21/224)...
2025-11-07 16:10:04,586 - BlankSpaceAnalyzer - INFO - -> Analyzing version 1.0.4 (22/224)...
2025-11-07 16:10:04,632 - BlankSpaceAnalyzer - INFO - -> Analyzing version 1.0.5 (23/224)...
2025-11-07 16:10:04,675 - BlankSpaceAnalyzer - INFO - -> Analyzing version 1.0.6 (24/224)...
2025-11-07 16:10:04,719 - BlankSpaceAnalyzer - INFO - -> Analyzing version 1.0.7 (25/224)...
2025-11-07 16:10:04,764 - BlankSpaceAnalyzer - INFO - -> Analyzing version 1.0.8 (26/224)...
2025-11-07 16:10:04,807 - BlankSpaceAnalyzer - INFO - -> Analyzing version 1.0.9 (27/224)...
2025-11-07 16:10:04,851 - BlankSpaceAnalyzer - INFO - -> Analyzing version 1.1.0 (28/224)...
2025-11-07 16:10:04,895 - BlankSpaceAnalyzer - INFO - -> Analyzing version 2.0.0 (29/224)...
2025-11-07 16:10:04,940 - BlankSpaceAnalyzer - INFO - -> Analyzing version 2.0.1 (30/224)...
2025-11-07 16:10:04,986 - BlankSpaceAnalyzer - INFO - -> Analyzing version 2.1.0 (31/224)...
2025-11-07 16:10:05,031 - BlankSpaceAnalyzer - INFO - -> Analyzing version 2.2.0 (32/224)...
2025-11-07 16:10:05,075 - BlankSpaceAnalyzer - INFO - -> Analyzing version 2.2.1 (33/224)...
2025-11-07 16:10:05,118 - BlankSpaceAnalyzer - INFO - -> Analyzing version 2.3.0 (34/224)...
2025-11-07 16:10:05,162 - BlankSpaceAnalyzer - INFO - -> Analyzing version 2.3.1 (35/224)...
2025-11-07 16:10:05,206 - BlankSpaceAnalyzer - INFO - -> Analyzing version 2.3.2 (36/224)...
2025-11-07 16:10:05,250 - BlankSpaceAnalyzer - INFO - -> Analyzing version 2.3.3 (37/224)...
2025-11-07 16:10:05,295 - BlankSpaceAnalyzer - INFO - -> Analyzing version 2.3.4 (38/224)...
2025-11-07 16:10:05,339 - BlankSpaceAnalyzer - INFO - -> Analyzing version 2.3.5 (39/224)...
2025-11-07 16:10:05,383 - BlankSpaceAnalyzer - INFO - -> Analyzing version 3.0.0 (40/224)...
2025-11-07 16:10:05,427 - BlankSpaceAnalyzer - INFO - -> Analyzing version 3.0.1 (41/224)...
2025-11-07 16:10:05,471 - BlankSpaceAnalyzer - INFO - -> Analyzing version 3.0.10 (42/224)...
2025-11-07 16:10:05,515 - BlankSpaceAnalyzer - INFO - -> Analyzing version 3.0.11 (43/224)...
2025-11-07 16:10:05,558 - BlankSpaceAnalyzer - INFO - -> Analyzing version 3.0.12 (44/224)...
2025-11-07 16:10:05,603 - BlankSpaceAnalyzer - INFO - -> Analyzing version 3.0.13 (45/224)...
2025-11-07 16:10:05,647 - BlankSpaceAnalyzer - INFO - -> Analyzing version 3.0.14 (46/224)...
2025-11-07 16:10:05,690 - BlankSpaceAnalyzer - INFO - -> Analyzing version 3.0.15 (47/224)...
2025-11-07 16:10:05,734 - BlankSpaceAnalyzer - INFO - -> Analyzing version 3.0.2 (48/224)...
2025-11-07 16:10:05,778 - BlankSpaceAnalyzer - INFO - -> Analyzing version 3.0.3 (49/224)...
2025-11-07 16:10:05,822 - BlankSpaceAnalyzer - INFO - -> Analyzing version 3.0.4 (50/224)...
2025-11-07 16:10:05,864 - BlankSpaceAnalyzer - INFO - -> Analyzing version 3.0.5 (51/224)...
2025-11-07 16:10:05,909 - BlankSpaceAnalyzer - INFO - -> Analyzing version 3.0.6 (52/224)...
2025-11-07 16:10:05,953 - BlankSpaceAnalyzer - INFO - -> Analyzing version 3.0.7 (53/224)...
2025-11-07 16:10:05,997 - BlankSpaceAnalyzer - INFO - -> Analyzing version 3.0.8 (54/224)...
2025-11-07 16:10:06,042 - BlankSpaceAnalyzer - INFO - -> Analyzing version 3.0.9 (55/224)...
2025-11-07 16:10:06,085 - BlankSpaceAnalyzer - INFO - -> Analyzing version 3.1.0 (56/224)...
2025-11-07 16:10:06,130 - BlankSpaceAnalyzer - INFO - -> Analyzing version 3.2.1 (57/224)...
2025-11-07 16:10:06,174 - BlankSpaceAnalyzer - INFO - -> Analyzing version 3.2.10 (58/224)...
2025-11-07 16:10:06,220 - BlankSpaceAnalyzer - INFO - -> Analyzing version 3.2.2 (59/224)...
2025-11-07 16:10:06,263 - BlankSpaceAnalyzer - INFO - -> Analyzing version 3.2.3 (60/224)...
2025-11-07 16:10:06,309 - BlankSpaceAnalyzer - INFO - -> Analyzing version 3.2.4 (61/224)...
2025-11-07 16:10:06,352 - BlankSpaceAnalyzer - INFO - -> Analyzing version 3.2.5 (62/224)...
2025-11-07 16:10:06,395 - BlankSpaceAnalyzer - INFO - -> Analyzing version 3.2.6 (63/224)...
2025-11-07 16:10:06,439 - BlankSpaceAnalyzer - INFO - -> Analyzing version 3.2.7 (64/224)...
2025-11-07 16:10:06,483 - BlankSpaceAnalyzer - INFO - -> Analyzing version 3.2.8 (65/224)...
2025-11-07 16:10:06,527 - BlankSpaceAnalyzer - INFO - -> Analyzing version 3.2.9 (66/224)...
2025-11-07 16:10:06,571 - BlankSpaceAnalyzer - INFO - -> Analyzing version 4.0.0 (67/224)...
2025-11-07 16:10:06,615 - BlankSpaceAnalyzer - INFO - -> Analyzing version 4.0.0-rc.0 (68/224)...
2025-11-07 16:10:06,660 - BlankSpaceAnalyzer - INFO - -> Analyzing version 4.0.0-rc.1 (69/224)...
2025-11-07 16:10:06,705 - BlankSpaceAnalyzer - INFO - -> Analyzing version 4.0.0-rc.10 (70/224)...
2025-11-07 16:10:06,750 - BlankSpaceAnalyzer - INFO - -> Analyzing version 4.0.0-rc.11 (71/224)...
2025-11-07 16:10:06,796 - BlankSpaceAnalyzer - INFO - -> Analyzing version 4.0.0-rc.12 (72/224)...
2025-11-07 16:10:06,841 - BlankSpaceAnalyzer - INFO - -> Analyzing version 4.0.0-rc.13 (73/224)...
2025-11-07 16:10:06,886 - BlankSpaceAnalyzer - INFO - -> Analyzing version 4.0.0-rc.14 (74/224)...
2025-11-07 16:10:06,931 - BlankSpaceAnalyzer - INFO - -> Analyzing version 4.0.0-rc.2 (75/224)...
2025-11-07 16:10:06,976 - BlankSpaceAnalyzer - INFO - -> Analyzing version 4.0.0-rc.3 (76/224)...
2025-11-07 16:10:07,021 - BlankSpaceAnalyzer - INFO - -> Analyzing version 4.0.0-rc.4 (77/224)...
2025-11-07 16:10:07,067 - BlankSpaceAnalyzer - INFO - -> Analyzing version 4.0.0-rc.5 (78/224)...
2025-11-07 16:10:07,112 - BlankSpaceAnalyzer - INFO - -> Analyzing version 4.0.0-rc.6 (79/224)...
2025-11-07 16:10:07,158 - BlankSpaceAnalyzer - INFO - -> Analyzing version 4.0.0-rc.7 (80/224)...
2025-11-07 16:10:07,202 - BlankSpaceAnalyzer - INFO - -> Analyzing version 4.0.0-rc.8 (81/224)...
2025-11-07 16:10:07,247 - BlankSpaceAnalyzer - INFO - -> Analyzing version 4.0.0-rc.9 (82/224)...
2025-11-07 16:10:07,292 - BlankSpaceAnalyzer - INFO - -> Analyzing version 4.0.1 (83/224)...
2025-11-07 16:10:07,336 - BlankSpaceAnalyzer - INFO - -> Analyzing version 4.0.2 (84/224)...
2025-11-07 16:10:07,381 - BlankSpaceAnalyzer - INFO - -> Analyzing version 4.0.3 (85/224)...
2025-11-07 16:10:07,425 - BlankSpaceAnalyzer - INFO - -> Analyzing version 4.0.4 (86/224)...
2025-11-07 16:10:07,471 - BlankSpaceAnalyzer - INFO - -> Analyzing version 4.0.5 (87/224)...
2025-11-07 16:10:07,516 - BlankSpaceAnalyzer - INFO - -> Analyzing version 4.0.6 (88/224)...
2025-11-07 16:10:07,560 - BlankSpaceAnalyzer - INFO - -> Analyzing version 4.0.7 (89/224)...
2025-11-07 16:10:07,605 - BlankSpaceAnalyzer - INFO - -> Analyzing version 4.0.8 (90/224)...
2025-11-07 16:10:07,650 - BlankSpaceAnalyzer - INFO - -> Analyzing version 4.1.0 (91/224)...
2025-11-07 16:10:07,694 - BlankSpaceAnalyzer - INFO - -> Analyzing version 4.10.0 (92/224)...
2025-11-07 16:10:07,744 - BlankSpaceAnalyzer - INFO - -> Analyzing version 4.10.1 (93/224)...
2025-11-07 16:10:07,795 - BlankSpaceAnalyzer - INFO - -> Analyzing version 4.10.2 (94/224)...
2025-11-07 16:10:07,845 - BlankSpaceAnalyzer - INFO - -> Analyzing version 4.10.3 (95/224)...
2025-11-07 16:10:07,896 - BlankSpaceAnalyzer - INFO - -> Analyzing version 4.10.4 (96/224)...
2025-11-07 16:10:07,946 - BlankSpaceAnalyzer - INFO - -> Analyzing version 4.11.0 (97/224)...
2025-11-07 16:10:07,996 - BlankSpaceAnalyzer - INFO - -> Analyzing version 4.11.1 (98/224)...
2025-11-07 16:10:08,048 - BlankSpaceAnalyzer - INFO - -> Analyzing version 4.11.2 (99/224)...
2025-11-07 16:10:08,099 - BlankSpaceAnalyzer - INFO - -> Analyzing version 4.11.3 (100/224)...
2025-11-07 16:10:08,150 - BlankSpaceAnalyzer - INFO - -> Analyzing version 4.11.4 (101/224)...
2025-11-07 16:10:08,200 - BlankSpaceAnalyzer - INFO - -> Analyzing version 4.11.5 (102/224)...
2025-11-07 16:10:08,251 - BlankSpaceAnalyzer - INFO - -> Analyzing version 4.11.6 (103/224)...
2025-11-07 16:10:08,302 - BlankSpaceAnalyzer - INFO - -> Analyzing version 4.12.0 (104/224)...
2025-11-07 16:10:08,352 - BlankSpaceAnalyzer - INFO - -> Analyzing version 4.12.1 (105/224)...
2025-11-07 16:10:08,402 - BlankSpaceAnalyzer - INFO - -> Analyzing version 4.12.2 (106/224)...
2025-11-07 16:10:08,453 - BlankSpaceAnalyzer - INFO - -> Analyzing version 4.12.3 (107/224)...
2025-11-07 16:10:08,503 - BlankSpaceAnalyzer - INFO - -> Analyzing version 4.12.4 (108/224)...
2025-11-07 16:10:08,554 - BlankSpaceAnalyzer - INFO - -> Analyzing version 4.13.0 (109/224)...
2025-11-07 16:10:08,605 - BlankSpaceAnalyzer - INFO - -> Analyzing version 4.13.1 (110/224)...
2025-11-07 16:10:08,656 - BlankSpaceAnalyzer - INFO - -> Analyzing version 4.13.2 (111/224)...
2025-11-07 16:10:08,707 - BlankSpaceAnalyzer - INFO - -> Analyzing version 4.14.0 (112/224)...
2025-11-07 16:10:08,758 - BlankSpaceAnalyzer - INFO - -> Analyzing version 4.14.1 (113/224)...
2025-11-07 16:10:08,809 - BlankSpaceAnalyzer - INFO - -> Analyzing version 4.14.2 (114/224)...
2025-11-07 16:10:08,860 - BlankSpaceAnalyzer - INFO - -> Analyzing version 4.14.3 (115/224)...
2025-11-07 16:10:08,912 - BlankSpaceAnalyzer - INFO - -> Analyzing version 4.15.0 (116/224)...
2025-11-07 16:10:08,962 - BlankSpaceAnalyzer - INFO - -> Analyzing version 4.15.1 (117/224)...
2025-11-07 16:10:09,013 - BlankSpaceAnalyzer - INFO - -> Analyzing version 4.16.0 (118/224)...
2025-11-07 16:10:09,064 - BlankSpaceAnalyzer - INFO - -> Analyzing version 4.17.0 (119/224)...
2025-11-07 16:10:09,115 - BlankSpaceAnalyzer - INFO - -> Analyzing version 4.17.1 (120/224)...
2025-11-07 16:10:09,165 - BlankSpaceAnalyzer - INFO - -> Analyzing version 4.18.0 (121/224)...
2025-11-07 16:10:09,216 - BlankSpaceAnalyzer - INFO - -> Analyzing version 4.18.1 (122/224)...
2025-11-07 16:10:09,267 - BlankSpaceAnalyzer - INFO - -> Analyzing version 4.18.2 (123/224)...
2025-11-07 16:10:09,318 - BlankSpaceAnalyzer - INFO - -> Analyzing version 4.19.0 (124/224)...
2025-11-07 16:10:09,369 - BlankSpaceAnalyzer - INFO - -> Analyzing version 4.19.1 (125/224)...
2025-11-07 16:10:09,420 - BlankSpaceAnalyzer - INFO - -> Analyzing version 4.19.10 (126/224)...
2025-11-07 16:10:09,471 - BlankSpaceAnalyzer - INFO - -> Analyzing version 4.19.11 (127/224)...
2025-11-07 16:10:09,522 - BlankSpaceAnalyzer - INFO - -> Analyzing version 4.19.12 (128/224)...
2025-11-07 16:10:09,573 - BlankSpaceAnalyzer - INFO - -> Analyzing version 4.19.13 (129/224)...
2025-11-07 16:10:09,624 - BlankSpaceAnalyzer - INFO - -> Analyzing version 4.19.14 (130/224)...
2025-11-07 16:10:09,675 - BlankSpaceAnalyzer - INFO - -> Analyzing version 4.19.15 (131/224)...
2025-11-07 16:10:09,727 - BlankSpaceAnalyzer - INFO - -> Analyzing version 4.19.16 (132/224)...
2025-11-07 16:10:09,778 - BlankSpaceAnalyzer - INFO - -> Analyzing version 4.19.2 (133/224)...
2025-11-07 16:10:09,828 - BlankSpaceAnalyzer - INFO - -> Analyzing version 4.19.3 (134/224)...
2025-11-07 16:10:09,881 - BlankSpaceAnalyzer - INFO - -> Analyzing version 4.19.4 (135/224)...
2025-11-07 16:10:09,932 - BlankSpaceAnalyzer - INFO - -> Analyzing version 4.19.5 (136/224)...
2025-11-07 16:10:09,983 - BlankSpaceAnalyzer - INFO - -> Analyzing version 4.19.6 (137/224)...
2025-11-07 16:10:10,035 - BlankSpaceAnalyzer - INFO - -> Analyzing version 4.19.7 (138/224)...
2025-11-07 16:10:10,086 - BlankSpaceAnalyzer - INFO - -> Analyzing version 4.19.8 (139/224)...
2025-11-07 16:10:10,157 - BlankSpaceAnalyzer - INFO - -> Analyzing version 4.19.9 (140/224)...
2025-11-07 16:10:10,206 - BlankSpaceAnalyzer - INFO - -> Analyzing version 4.2.0 (141/224)...
2025-11-07 16:10:10,251 - BlankSpaceAnalyzer - INFO - -> Analyzing version 4.2.1 (142/224)...
2025-11-07 16:10:10,295 - BlankSpaceAnalyzer - INFO - -> Analyzing version 4.2.2 (143/224)...
2025-11-07 16:10:10,340 - BlankSpaceAnalyzer - INFO - -> Analyzing version 4.2.3 (144/224)...
2025-11-07 16:10:10,383 - BlankSpaceAnalyzer - INFO - -> Analyzing version 4.2.4 (145/224)...
2025-11-07 16:10:10,426 - BlankSpaceAnalyzer - INFO - -> Analyzing version 4.20.0 (146/224)...
2025-11-07 16:10:10,476 - BlankSpaceAnalyzer - INFO - -> Analyzing version 4.20.1 (147/224)...
2025-11-07 16:10:10,526 - BlankSpaceAnalyzer - INFO - -> Analyzing version 4.20.2 (148/224)...
2025-11-07 16:10:10,576 - BlankSpaceAnalyzer - INFO - -> Analyzing version 4.20.3 (149/224)...
2025-11-07 16:10:10,626 - BlankSpaceAnalyzer - INFO - -> Analyzing version 4.20.4 (150/224)...
2025-11-07 16:10:10,675 - BlankSpaceAnalyzer - INFO - -> Analyzing version 4.21.0 (151/224)...
2025-11-07 16:10:10,725 - BlankSpaceAnalyzer - INFO - -> Analyzing version 4.21.1 (152/224)...
2025-11-07 16:10:10,774 - BlankSpaceAnalyzer - INFO - -> Analyzing version 4.21.10 (153/224)...
2025-11-07 16:10:10,824 - BlankSpaceAnalyzer - INFO - -> Analyzing version 4.21.11 (154/224)...
2025-11-07 16:10:10,875 - BlankSpaceAnalyzer - INFO - -> Analyzing version 4.21.12 (155/224)...
2025-11-07 16:10:10,924 - BlankSpaceAnalyzer - INFO - -> Analyzing version 4.21.13 (156/224)...
2025-11-07 16:10:10,974 - BlankSpaceAnalyzer - INFO - -> Analyzing version 4.21.14 (157/224)...
2025-11-07 16:10:11,024 - BlankSpaceAnalyzer - INFO - -> Analyzing version 4.21.15 (158/224)...
2025-11-07 16:10:11,073 - BlankSpaceAnalyzer - INFO - -> Analyzing version 4.21.16 (159/224)...
2025-11-07 16:10:11,123 - BlankSpaceAnalyzer - INFO - -> Analyzing version 4.21.17 (160/224)...
2025-11-07 16:10:11,172 - BlankSpaceAnalyzer - INFO - -> Analyzing version 4.21.18 (161/224)...
2025-11-07 16:10:11,221 - BlankSpaceAnalyzer - INFO - -> Analyzing version 4.21.19 (162/224)...
2025-11-07 16:10:11,271 - BlankSpaceAnalyzer - INFO - -> Analyzing version 4.21.2 (163/224)...
2025-11-07 16:10:11,321 - BlankSpaceAnalyzer - INFO - -> Analyzing version 4.21.20 (164/224)...
2025-11-07 16:10:11,370 - BlankSpaceAnalyzer - INFO - -> Analyzing version 4.21.21 (165/224)...
2025-11-07 16:10:11,420 - BlankSpaceAnalyzer - INFO - -> Analyzing version 4.21.22 (166/224)...
2025-11-07 16:10:11,470 - BlankSpaceAnalyzer - INFO - -> Analyzing version 4.21.23 (167/224)...
2025-11-07 16:10:11,520 - BlankSpaceAnalyzer - INFO - -> Analyzing version 4.21.24 (168/224)...
2025-11-07 16:10:11,569 - BlankSpaceAnalyzer - INFO - -> Analyzing version 4.21.25 (169/224)...
2025-11-07 16:10:11,619 - BlankSpaceAnalyzer - INFO - -> Analyzing version 4.21.3 (170/224)...
2025-11-07 16:10:11,668 - BlankSpaceAnalyzer - INFO - -> Analyzing version 4.21.4 (171/224)...
2025-11-07 16:10:11,718 - BlankSpaceAnalyzer - INFO - -> Analyzing version 4.21.5 (172/224)...
2025-11-07 16:10:11,768 - BlankSpaceAnalyzer - INFO - -> Analyzing version 4.21.6 (173/224)...
2025-11-07 16:10:11,816 - BlankSpaceAnalyzer - INFO - -> Analyzing version 4.21.7 (174/224)...
2025-11-07 16:10:11,866 - BlankSpaceAnalyzer - INFO - -> Analyzing version 4.21.8 (175/224)...
2025-11-07 16:10:11,915 - BlankSpaceAnalyzer - INFO - -> Analyzing version 4.21.9 (176/224)...
2025-11-07 16:10:11,965 - BlankSpaceAnalyzer - INFO - -> Analyzing version 4.22.0 (177/224)...
2025-11-07 16:10:12,014 - BlankSpaceAnalyzer - INFO - -> Analyzing version 4.22.1 (178/224)...
2025-11-07 16:10:12,065 - BlankSpaceAnalyzer - INFO - -> Analyzing version 4.22.2 (179/224)...
2025-11-07 16:10:12,114 - BlankSpaceAnalyzer - INFO - -> Analyzing version 4.23.0 (180/224)...
2025-11-07 16:10:12,164 - BlankSpaceAnalyzer - INFO - -> Analyzing version 4.23.1 (181/224)...
2025-11-07 16:10:12,216 - BlankSpaceAnalyzer - INFO - -> Analyzing version 4.23.10 (182/224)...
2025-11-07 16:10:12,268 - BlankSpaceAnalyzer - INFO - -> Analyzing version 4.23.11 (183/224)...
2025-11-07 16:10:12,317 - BlankSpaceAnalyzer - INFO - -> Analyzing version 4.23.12 (184/224)...
2025-11-07 16:10:12,369 - BlankSpaceAnalyzer - INFO - -> Analyzing version 4.23.13 (185/224)...
2025-11-07 16:10:12,419 - BlankSpaceAnalyzer - INFO - -> Analyzing version 4.23.14 (186/224)...
2025-11-07 16:10:12,469 - BlankSpaceAnalyzer - INFO - -> Analyzing version 4.23.2 (187/224)...
2025-11-07 16:10:12,519 - BlankSpaceAnalyzer - INFO - -> Analyzing version 4.23.3 (188/224)...
2025-11-07 16:10:12,569 - BlankSpaceAnalyzer - INFO - -> Analyzing version 4.23.4 (189/224)...
2025-11-07 16:10:12,619 - BlankSpaceAnalyzer - INFO - -> Analyzing version 4.23.5 (190/224)...
2025-11-07 16:10:12,670 - BlankSpaceAnalyzer - INFO - -> Analyzing version 4.23.6 (191/224)...
2025-11-07 16:10:12,720 - BlankSpaceAnalyzer - INFO - -> Analyzing version 4.23.7 (192/224)...
2025-11-07 16:10:12,771 - BlankSpaceAnalyzer - INFO - -> Analyzing version 4.23.8 (193/224)...
2025-11-07 16:10:12,821 - BlankSpaceAnalyzer - INFO - -> Analyzing version 4.23.9 (194/224)...
2025-11-07 16:10:12,871 - BlankSpaceAnalyzer - INFO - -> Analyzing version 4.24.0 (195/224)...
2025-11-07 16:10:12,921 - BlankSpaceAnalyzer - INFO - -> Analyzing version 4.24.1 (196/224)...
2025-11-07 16:10:12,971 - BlankSpaceAnalyzer - INFO - -> Analyzing version 4.24.2 (197/224)...
2025-11-07 16:10:13,022 - BlankSpaceAnalyzer - INFO - -> Analyzing version 4.25.0 (198/224)...
2025-11-07 16:10:13,073 - BlankSpaceAnalyzer - INFO - -> Analyzing version 4.25.1 (199/224)...
2025-11-07 16:10:13,124 - BlankSpaceAnalyzer - INFO - -> Analyzing version 4.25.2 (200/224)...
2025-11-07 16:10:13,174 - BlankSpaceAnalyzer - INFO - -> Analyzing version 4.25.3 (201/224)...
2025-11-07 16:10:13,225 - BlankSpaceAnalyzer - INFO - -> Analyzing version 4.3.0 (202/224)...
2025-11-07 16:10:13,268 - BlankSpaceAnalyzer - INFO - -> Analyzing version 4.3.1 (203/224)...
2025-11-07 16:10:13,311 - BlankSpaceAnalyzer - INFO - -> Analyzing version 4.3.2 (204/224)...
2025-11-07 16:10:13,355 - BlankSpaceAnalyzer - INFO - -> Analyzing version 4.3.3 (205/224)...
2025-11-07 16:10:13,398 - BlankSpaceAnalyzer - INFO - -> Analyzing version 4.4.0 (206/224)...
2025-11-07 16:10:13,456 - BlankSpaceAnalyzer - INFO - -> Analyzing version 4.4.1 (207/224)...
2025-11-07 16:10:13,503 - BlankSpaceAnalyzer - INFO - -> Analyzing version 4.4.2 (208/224)...
2025-11-07 16:10:13,549 - BlankSpaceAnalyzer - INFO - -> Analyzing version 4.4.3 (209/224)...
2025-11-07 16:10:13,596 - BlankSpaceAnalyzer - INFO - -> Analyzing version 4.5.0 (210/224)...
2025-11-07 16:10:13,642 - BlankSpaceAnalyzer - INFO - -> Analyzing version 4.5.1 (211/224)...
2025-11-07 16:10:13,688 - BlankSpaceAnalyzer - INFO - -> Analyzing version 4.5.2 (212/224)...
2025-11-07 16:10:13,734 - BlankSpaceAnalyzer - INFO - -> Analyzing version 4.5.3 (213/224)...
2025-11-07 16:10:13,780 - BlankSpaceAnalyzer - INFO - -> Analyzing version 4.6.0 (214/224)...
2025-11-07 16:10:13,826 - BlankSpaceAnalyzer - INFO - -> Analyzing version 4.7.0 (215/224)...
2025-11-07 16:10:13,875 - BlankSpaceAnalyzer - INFO - -> Analyzing version 4.8.0 (216/224)...
2025-11-07 16:10:13,924 - BlankSpaceAnalyzer - INFO - -> Analyzing version 4.8.1 (217/224)...
2025-11-07 16:10:13,972 - BlankSpaceAnalyzer - INFO - -> Analyzing version 4.9.0 (218/224)...
2025-11-07 16:10:14,022 - BlankSpaceAnalyzer - INFO - -> Analyzing version 4.9.1 (219/224)...
2025-11-07 16:10:14,072 - BlankSpaceAnalyzer - INFO - -> Analyzing version 4.9.2 (220/224)...
2025-11-07 16:10:14,121 - BlankSpaceAnalyzer - INFO - -> Analyzing version 4.9.3 (221/224)...
2025-11-07 16:10:14,170 - BlankSpaceAnalyzer - INFO - -> Analyzing version 4.9.4 (222/224)...
2025-11-07 16:10:14,219 - BlankSpaceAnalyzer - INFO - -> Analyzing version 4.9.5 (223/224)...
2025-11-07 16:10:14,268 - BlankSpaceAnalyzer - INFO - -> Analyzing version 4.9.6 (224/224)...
2025-11-07 16:10:14,319 - BlankSpaceAnalyzer - INFO - Exporting results for '@uiw/react-codemirror' to CSV...
2025-11-07 16:10:14,581 - BlankSpaceAnalyzer - INFO - Reports saved in: /app/npm_results/@uiw_react-codemirror
2025-11-07 16:10:14,582 - NPM_Analyzer - INFO - Cleaning temporary folder 'temp/@uiw_react-codemirror'...
2025-11-07 16:10:14,742 - NPM_Analyzer - INFO - Cleanup completed.
