2025-11-17 12:23:36,826 - NPM_HUT_Analyzer - INFO - Recupero metadata per 'pixelmatch'...
2025-11-17 12:23:36,979 - NPM_HUT_Analyzer - INFO - Trovate 20 versioni. Inizio download in 'temp_hut/pixelmatch'...
2025-11-17 12:23:50,811 - UnicodeAnalyzer - INFO - Analizzando 20 versioni per '*.js' in 'pixelmatch'.
2025-11-17 12:23:50,811 - UnicodeAnalyzer - INFO - -> Analizzando versione 1.0.0 (1/20)...
2025-11-17 12:23:50,812 - UnicodeAnalyzer - INFO - Filtrati 1 file (es. in /dist, /test).
2025-11-17 12:23:50,814 - UnicodeAnalyzer - INFO - -> Analizzando versione 1.1.0 (2/20)...
2025-11-17 12:23:50,815 - UnicodeAnalyzer - INFO - Filtrati 1 file (es. in /dist, /test).
2025-11-17 12:23:50,816 - UnicodeAnalyzer - INFO - -> Analizzando versione 1.1.1 (3/20)...
2025-11-17 12:23:50,818 - UnicodeAnalyzer - INFO - Filtrati 1 file (es. in /dist, /test).
2025-11-17 12:23:50,819 - UnicodeAnalyzer - INFO - -> Analizzando versione 2.0.0 (4/20)...
2025-11-17 12:23:50,820 - UnicodeAnalyzer - INFO - Filtrati 1 file (es. in /dist, /test).
2025-11-17 12:23:50,822 - UnicodeAnalyzer - INFO - -> Analizzando versione 2.0.1 (5/20)...
2025-11-17 12:23:50,823 - UnicodeAnalyzer - INFO - Filtrati 1 file (es. in /dist, /test).
2025-11-17 12:23:50,826 - UnicodeAnalyzer - INFO - -> Analizzando versione 2.0.2 (6/20)...
2025-11-17 12:23:50,827 - UnicodeAnalyzer - INFO - Filtrati 1 file (es. in /dist, /test).
2025-11-17 12:23:50,828 - UnicodeAnalyzer - INFO - -> Analizzando versione 3.0.0 (7/20)...
2025-11-17 12:23:50,830 - UnicodeAnalyzer - INFO - Filtrati 1 file (es. in /dist, /test).
2025-11-17 12:23:50,831 - UnicodeAnalyzer - INFO - -> Analizzando versione 4.0.0 (8/20)...
2025-11-17 12:23:50,833 - UnicodeAnalyzer - INFO - Filtrati 1 file (es. in /dist, /test).
2025-11-17 12:23:50,902 - UnicodeAnalyzer - INFO - -> Analizzando versione 4.0.1 (9/20)...
2025-11-17 12:23:50,903 - UnicodeAnalyzer - INFO - Filtrati 1 file (es. in /dist, /test).
2025-11-17 12:23:50,903 - UnicodeAnalyzer - INFO - -> Analizzando versione 4.0.2 (10/20)...
2025-11-17 12:23:50,904 - UnicodeAnalyzer - INFO - Filtrati 1 file (es. in /dist, /test).
2025-11-17 12:23:50,904 - UnicodeAnalyzer - INFO - -> Analizzando versione 5.0.0 (11/20)...
2025-11-17 12:23:50,905 - UnicodeAnalyzer - INFO - -> Analizzando versione 5.0.1 (12/20)...
2025-11-17 12:23:50,905 - UnicodeAnalyzer - INFO - -> Analizzando versione 5.0.2 (13/20)...
2025-11-17 12:23:50,906 - UnicodeAnalyzer - INFO - -> Analizzando versione 5.1.0 (14/20)...
2025-11-17 12:23:50,907 - UnicodeAnalyzer - INFO - -> Analizzando versione 5.2.0 (15/20)...
2025-11-17 12:23:50,908 - UnicodeAnalyzer - INFO - -> Analizzando versione 5.2.1 (16/20)...
2025-11-17 12:23:50,908 - UnicodeAnalyzer - INFO - -> Analizzando versione 5.3.0 (17/20)...
2025-11-17 12:23:50,909 - UnicodeAnalyzer - INFO - -> Analizzando versione 6.0.0 (18/20)...
2025-11-17 12:23:50,910 - UnicodeAnalyzer - INFO - -> Analizzando versione 7.0.0 (19/20)...
2025-11-17 12:23:50,911 - UnicodeAnalyzer - INFO - -> Analizzando versione 7.1.0 (20/20)...
2025-11-17 12:23:50,912 - UnicodeAnalyzer - INFO - Esportando i risultati HUT per 'pixelmatch' in CSV...
2025-11-17 12:23:50,940 - UnicodeAnalyzer - INFO - Report salvati in: /app/npm_hut_results/pixelmatch
2025-11-17 12:23:50,940 - NPM_HUT_Analyzer - INFO - Pulizia cartella temporanea 'temp_hut/pixelmatch'...
2025-11-17 12:23:50,947 - NPM_HUT_Analyzer - INFO - Pulizia completata.
