2025-10-27 09:36:17,365 - NPM_Analyzer - INFO - Fetching metadata for '@azure/logger'...
2025-10-27 09:36:17,494 - NPM_Analyzer - INFO - Found 429 versions. Starting download into 'temp/@azure_logger'...
2025-10-27 09:44:53,490 - BlankSpaceAnalyzer - INFO - Analyzing 429 versions for '*.js' in '@azure_logger'.
2025-10-27 09:44:53,491 - BlankSpaceAnalyzer - INFO - -> Analyzing version 1.0.0 (1/429)...
2025-10-27 09:44:53,566 - BlankSpaceAnalyzer - INFO - -> Analyzing version 1.0.0-preview.1 (2/429)...
2025-10-27 09:44:53,636 - BlankSpaceAnalyzer - INFO - -> Analyzing version 1.0.1 (3/429)...
2025-10-27 09:44:53,713 - BlankSpaceAnalyzer - INFO - -> Analyzing version 1.0.1-alpha.20200925.1 (4/429)...
2025-10-27 09:44:53,790 - BlankSpaceAnalyzer - INFO - -> Analyzing version 1.0.1-alpha.20200929.1 (5/429)...
2025-10-27 09:44:53,864 - BlankSpaceAnalyzer - INFO - -> Analyzing version 1.0.1-alpha.20201207.1 (6/429)...
2025-10-27 09:44:53,940 - BlankSpaceAnalyzer - INFO - -> Analyzing version 1.0.1-alpha.20201215.1 (7/429)...
2025-10-27 09:44:54,016 - BlankSpaceAnalyzer - INFO - -> Analyzing version 1.0.1-alpha.20201217.1 (8/429)...
2025-10-27 09:44:54,092 - BlankSpaceAnalyzer - INFO - -> Analyzing version 1.0.1-alpha.20201218.1 (9/429)...
2025-10-27 09:44:54,162 - BlankSpaceAnalyzer - INFO - -> Analyzing version 1.0.1-alpha.20201224.1 (10/429)...
2025-10-27 09:44:54,234 - BlankSpaceAnalyzer - INFO - -> Analyzing version 1.0.1-dev.20191115.1 (11/429)...
2025-10-27 09:44:54,312 - BlankSpaceAnalyzer - INFO - -> Analyzing version 1.0.1-dev.20191115.2 (12/429)...
2025-10-27 09:44:54,389 - BlankSpaceAnalyzer - INFO - -> Analyzing version 1.0.1-dev.20191116.1 (13/429)...
2025-10-27 09:44:54,465 - BlankSpaceAnalyzer - INFO - -> Analyzing version 1.0.1-dev.20191117.1 (14/429)...
2025-10-27 09:44:54,535 - BlankSpaceAnalyzer - INFO - -> Analyzing version 1.0.1-dev.20191118.1 (15/429)...
2025-10-27 09:44:54,613 - BlankSpaceAnalyzer - INFO - -> Analyzing version 1.0.1-dev.20191204.1 (16/429)...
2025-10-27 09:44:54,690 - BlankSpaceAnalyzer - INFO - -> Analyzing version 1.0.1-dev.20191205.1 (17/429)...
2025-10-27 09:44:54,765 - BlankSpaceAnalyzer - INFO - -> Analyzing version 1.0.1-dev.20191206.1 (18/429)...
2025-10-27 09:44:54,837 - BlankSpaceAnalyzer - INFO - -> Analyzing version 1.0.1-dev.20191207.1 (19/429)...
2025-10-27 09:44:54,915 - BlankSpaceAnalyzer - INFO - -> Analyzing version 1.0.1-dev.20191209.1 (20/429)...
2025-10-27 09:44:54,992 - BlankSpaceAnalyzer - INFO - -> Analyzing version 1.0.1-dev.20191210.1 (21/429)...
2025-10-27 09:44:55,068 - BlankSpaceAnalyzer - INFO - -> Analyzing version 1.0.1-dev.20191211.1 (22/429)...
2025-10-27 09:44:55,140 - BlankSpaceAnalyzer - INFO - -> Analyzing version 1.0.1-dev.20191212.1 (23/429)...
2025-10-27 09:44:55,217 - BlankSpaceAnalyzer - INFO - -> Analyzing version 1.0.1-dev.20191214.1 (24/429)...
2025-10-27 09:44:55,294 - BlankSpaceAnalyzer - INFO - -> Analyzing version 1.0.1-dev.20191215.1 (25/429)...
2025-10-27 09:44:55,369 - BlankSpaceAnalyzer - INFO - -> Analyzing version 1.0.1-dev.20191216.1 (26/429)...
2025-10-27 09:44:55,441 - BlankSpaceAnalyzer - INFO - -> Analyzing version 1.0.1-dev.20191217.1 (27/429)...
2025-10-27 09:44:55,512 - BlankSpaceAnalyzer - INFO - -> Analyzing version 1.0.1-dev.20191219.1 (28/429)...
2025-10-27 09:44:55,591 - BlankSpaceAnalyzer - INFO - -> Analyzing version 1.0.1-dev.20191220.1 (29/429)...
2025-10-27 09:44:55,666 - BlankSpaceAnalyzer - INFO - -> Analyzing version 1.0.1-dev.20191221.1 (30/429)...
2025-10-27 09:44:55,740 - BlankSpaceAnalyzer - INFO - -> Analyzing version 1.0.1-dev.20191222.1 (31/429)...
2025-10-27 09:44:55,812 - BlankSpaceAnalyzer - INFO - -> Analyzing version 1.0.1-dev.20191223.1 (32/429)...
2025-10-27 09:44:55,891 - BlankSpaceAnalyzer - INFO - -> Analyzing version 1.0.1-dev.20191224.1 (33/429)...
2025-10-27 09:44:55,965 - BlankSpaceAnalyzer - INFO - -> Analyzing version 1.0.1-dev.20191225.1 (34/429)...
2025-10-27 09:44:56,038 - BlankSpaceAnalyzer - INFO - -> Analyzing version 1.0.1-dev.20191226.1 (35/429)...
2025-10-27 09:44:56,116 - BlankSpaceAnalyzer - INFO - -> Analyzing version 1.0.1-dev.20191227.1 (36/429)...
2025-10-27 09:44:56,195 - BlankSpaceAnalyzer - INFO - -> Analyzing version 1.0.1-dev.20191228.1 (37/429)...
2025-10-27 09:44:56,269 - BlankSpaceAnalyzer - INFO - -> Analyzing version 1.0.1-dev.20191231.1 (38/429)...
2025-10-27 09:44:56,342 - BlankSpaceAnalyzer - INFO - -> Analyzing version 1.0.1-dev.20200101.1 (39/429)...
2025-10-27 09:44:56,414 - BlankSpaceAnalyzer - INFO - -> Analyzing version 1.0.1-dev.20200102.1 (40/429)...
2025-10-27 09:44:56,491 - BlankSpaceAnalyzer - INFO - -> Analyzing version 1.0.1-dev.20200103.1 (41/429)...
2025-10-27 09:44:56,567 - BlankSpaceAnalyzer - INFO - -> Analyzing version 1.0.1-dev.20200104.1 (42/429)...
2025-10-27 09:44:56,639 - BlankSpaceAnalyzer - INFO - -> Analyzing version 1.0.1-dev.20200105.1 (43/429)...
2025-10-27 09:44:56,712 - BlankSpaceAnalyzer - INFO - -> Analyzing version 1.0.1-dev.20200106.1 (44/429)...
2025-10-27 09:44:56,789 - BlankSpaceAnalyzer - INFO - -> Analyzing version 1.0.1-dev.20200107.1 (45/429)...
2025-10-27 09:44:56,865 - BlankSpaceAnalyzer - INFO - -> Analyzing version 1.0.1-dev.20200108.1 (46/429)...
2025-10-27 09:44:56,936 - BlankSpaceAnalyzer - INFO - -> Analyzing version 1.0.1-dev.20200109.1 (47/429)...
2025-10-27 09:44:57,014 - BlankSpaceAnalyzer - INFO - -> Analyzing version 1.0.1-dev.20200110.1 (48/429)...
2025-10-27 09:44:57,092 - BlankSpaceAnalyzer - INFO - -> Analyzing version 1.0.1-dev.20200111.1 (49/429)...
2025-10-27 09:44:57,168 - BlankSpaceAnalyzer - INFO - -> Analyzing version 1.0.1-dev.20200112.1 (50/429)...
2025-10-27 09:44:57,241 - BlankSpaceAnalyzer - INFO - -> Analyzing version 1.0.1-dev.20200113.1 (51/429)...
2025-10-27 09:44:57,313 - BlankSpaceAnalyzer - INFO - -> Analyzing version 1.0.1-dev.20200114.1 (52/429)...
2025-10-27 09:44:57,391 - BlankSpaceAnalyzer - INFO - -> Analyzing version 1.0.1-dev.20200115.1 (53/429)...
2025-10-27 09:44:57,469 - BlankSpaceAnalyzer - INFO - -> Analyzing version 1.0.1-dev.20200116.1 (54/429)...
2025-10-27 09:44:57,546 - BlankSpaceAnalyzer - INFO - -> Analyzing version 1.0.1-dev.20200117.1 (55/429)...
2025-10-27 09:44:57,618 - BlankSpaceAnalyzer - INFO - -> Analyzing version 1.0.1-dev.20200118.1 (56/429)...
2025-10-27 09:44:57,697 - BlankSpaceAnalyzer - INFO - -> Analyzing version 1.0.1-dev.20200119.1 (57/429)...
2025-10-27 09:44:57,775 - BlankSpaceAnalyzer - INFO - -> Analyzing version 1.0.1-dev.20200120.1 (58/429)...
2025-10-27 09:44:57,851 - BlankSpaceAnalyzer - INFO - -> Analyzing version 1.0.1-dev.20200121.1 (59/429)...
2025-10-27 09:44:57,924 - BlankSpaceAnalyzer - INFO - -> Analyzing version 1.0.1-dev.20200122.1 (60/429)...
2025-10-27 09:44:58,002 - BlankSpaceAnalyzer - INFO - -> Analyzing version 1.0.1-dev.20200124.1 (61/429)...
2025-10-27 09:44:58,081 - BlankSpaceAnalyzer - INFO - -> Analyzing version 1.0.1-dev.20200128.1 (62/429)...
2025-10-27 09:44:58,160 - BlankSpaceAnalyzer - INFO - -> Analyzing version 1.0.1-dev.20200129.1 (63/429)...
2025-10-27 09:44:58,231 - BlankSpaceAnalyzer - INFO - -> Analyzing version 1.0.1-dev.20200204.1 (64/429)...
2025-10-27 09:44:58,310 - BlankSpaceAnalyzer - INFO - -> Analyzing version 1.0.1-dev.20200208.1 (65/429)...
2025-10-27 09:44:58,388 - BlankSpaceAnalyzer - INFO - -> Analyzing version 1.0.1-dev.20200221.1 (66/429)...
2025-10-27 09:44:58,463 - BlankSpaceAnalyzer - INFO - -> Analyzing version 1.0.1-dev.20200222.1 (67/429)...
2025-10-27 09:44:58,536 - BlankSpaceAnalyzer - INFO - -> Analyzing version 1.0.1-dev.20200312.1 (68/429)...
2025-10-27 09:44:58,610 - BlankSpaceAnalyzer - INFO - -> Analyzing version 1.0.1-dev.20200325.1 (69/429)...
2025-10-27 09:44:58,687 - BlankSpaceAnalyzer - INFO - -> Analyzing version 1.0.1-dev.20200401.1 (70/429)...
2025-10-27 09:44:58,763 - BlankSpaceAnalyzer - INFO - -> Analyzing version 1.0.1-dev.20200417.1 (71/429)...
2025-10-27 09:44:58,836 - BlankSpaceAnalyzer - INFO - -> Analyzing version 1.0.1-dev.20200427.1 (72/429)...
2025-10-27 09:44:58,914 - BlankSpaceAnalyzer - INFO - -> Analyzing version 1.0.1-dev.20200604.1 (73/429)...
2025-10-27 09:44:58,988 - BlankSpaceAnalyzer - INFO - -> Analyzing version 1.0.1-dev.20200611.1 (74/429)...
2025-10-27 09:44:59,062 - BlankSpaceAnalyzer - INFO - -> Analyzing version 1.0.1-dev.20200626.1 (75/429)...
2025-10-27 09:44:59,135 - BlankSpaceAnalyzer - INFO - -> Analyzing version 1.0.1-dev.20200727.1 (76/429)...
2025-10-27 09:44:59,213 - BlankSpaceAnalyzer - INFO - -> Analyzing version 1.0.1-dev.20200728.1 (77/429)...
2025-10-27 09:44:59,288 - BlankSpaceAnalyzer - INFO - -> Analyzing version 1.0.1-dev.20200806.1 (78/429)...
2025-10-27 09:44:59,362 - BlankSpaceAnalyzer - INFO - -> Analyzing version 1.0.1-dev.20200807.1 (79/429)...
2025-10-27 09:44:59,435 - BlankSpaceAnalyzer - INFO - -> Analyzing version 1.0.2 (80/429)...
2025-10-27 09:44:59,514 - BlankSpaceAnalyzer - INFO - -> Analyzing version 1.0.2-alpha.20210108.1 (81/429)...
2025-10-27 09:44:59,592 - BlankSpaceAnalyzer - INFO - -> Analyzing version 1.0.2-alpha.20210118.1 (82/429)...
2025-10-27 09:44:59,667 - BlankSpaceAnalyzer - INFO - -> Analyzing version 1.0.2-alpha.20210125.2 (83/429)...
2025-10-27 09:44:59,740 - BlankSpaceAnalyzer - INFO - -> Analyzing version 1.0.2-alpha.20210125.3 (84/429)...
2025-10-27 09:44:59,813 - BlankSpaceAnalyzer - INFO - -> Analyzing version 1.0.3 (85/429)...
2025-10-27 09:44:59,889 - BlankSpaceAnalyzer - INFO - -> Analyzing version 1.0.3-alpha.20210317.1 (86/429)...
2025-10-27 09:44:59,967 - BlankSpaceAnalyzer - INFO - -> Analyzing version 1.0.3-alpha.20210326.1 (87/429)...
2025-10-27 09:45:00,046 - BlankSpaceAnalyzer - INFO - -> Analyzing version 1.0.3-alpha.20210518.2 (88/429)...
2025-10-27 09:45:00,120 - BlankSpaceAnalyzer - INFO - -> Analyzing version 1.0.3-alpha.20210610.1 (89/429)...
2025-10-27 09:45:00,201 - BlankSpaceAnalyzer - INFO - -> Analyzing version 1.0.3-alpha.20210611.2 (90/429)...
2025-10-27 09:45:00,275 - BlankSpaceAnalyzer - INFO - -> Analyzing version 1.0.3-alpha.20210615.1 (91/429)...
2025-10-27 09:45:00,348 - BlankSpaceAnalyzer - INFO - -> Analyzing version 1.0.3-alpha.20210617.1 (92/429)...
2025-10-27 09:45:00,421 - BlankSpaceAnalyzer - INFO - -> Analyzing version 1.0.3-alpha.20210623.4 (93/429)...
2025-10-27 09:45:00,498 - BlankSpaceAnalyzer - INFO - -> Analyzing version 1.0.3-alpha.20210702.4 (94/429)...
2025-10-27 09:45:00,573 - BlankSpaceAnalyzer - INFO - -> Analyzing version 1.0.3-alpha.20210713.1 (95/429)...
2025-10-27 09:45:00,646 - BlankSpaceAnalyzer - INFO - -> Analyzing version 1.0.3-alpha.20210812.2 (96/429)...
2025-10-27 09:45:00,718 - BlankSpaceAnalyzer - INFO - -> Analyzing version 1.0.3-alpha.20210816.6 (97/429)...
2025-10-27 09:45:00,796 - BlankSpaceAnalyzer - INFO - -> Analyzing version 1.0.3-alpha.20210830.2 (98/429)...
2025-10-27 09:45:00,871 - BlankSpaceAnalyzer - INFO - -> Analyzing version 1.0.3-alpha.20210913.3 (99/429)...
2025-10-27 09:45:00,944 - BlankSpaceAnalyzer - INFO - -> Analyzing version 1.0.3-alpha.20210930.2 (100/429)...
2025-10-27 09:45:01,016 - BlankSpaceAnalyzer - INFO - -> Analyzing version 1.0.4 (101/429)...
2025-10-27 09:45:01,093 - BlankSpaceAnalyzer - INFO - -> Analyzing version 1.0.4-alpha.20211001.1 (102/429)...
2025-10-27 09:45:01,168 - BlankSpaceAnalyzer - INFO - -> Analyzing version 1.0.4-alpha.20211213.3 (103/429)...
2025-10-27 09:45:01,240 - BlankSpaceAnalyzer - INFO - -> Analyzing version 1.0.4-alpha.20211214.4 (104/429)...
2025-10-27 09:45:01,311 - BlankSpaceAnalyzer - INFO - -> Analyzing version 1.0.4-alpha.20220104.5 (105/429)...
2025-10-27 09:45:01,388 - BlankSpaceAnalyzer - INFO - -> Analyzing version 1.0.4-alpha.20220131.3 (106/429)...
2025-10-27 09:45:01,463 - BlankSpaceAnalyzer - INFO - -> Analyzing version 1.0.4-alpha.20220307.7 (107/429)...
2025-10-27 09:45:01,535 - BlankSpaceAnalyzer - INFO - -> Analyzing version 1.0.4-alpha.20220309.5 (108/429)...
2025-10-27 09:45:01,612 - BlankSpaceAnalyzer - INFO - -> Analyzing version 1.0.4-alpha.20220310.3 (109/429)...
2025-10-27 09:45:01,690 - BlankSpaceAnalyzer - INFO - -> Analyzing version 1.0.4-alpha.20220314.2 (110/429)...
2025-10-27 09:45:01,767 - BlankSpaceAnalyzer - INFO - -> Analyzing version 1.0.4-alpha.20220315.1 (111/429)...
2025-10-27 09:45:01,843 - BlankSpaceAnalyzer - INFO - -> Analyzing version 1.0.4-alpha.20220322.1 (112/429)...
2025-10-27 09:45:01,920 - BlankSpaceAnalyzer - INFO - -> Analyzing version 1.0.4-alpha.20220406.3 (113/429)...
2025-10-27 09:45:01,998 - BlankSpaceAnalyzer - INFO - -> Analyzing version 1.0.4-alpha.20220415.2 (114/429)...
2025-10-27 09:45:02,073 - BlankSpaceAnalyzer - INFO - -> Analyzing version 1.0.4-alpha.20220420.2 (115/429)...
2025-10-27 09:45:02,145 - BlankSpaceAnalyzer - INFO - -> Analyzing version 1.0.4-alpha.20220421.2 (116/429)...
2025-10-27 09:45:02,217 - BlankSpaceAnalyzer - INFO - -> Analyzing version 1.0.4-alpha.20220518.2 (117/429)...
2025-10-27 09:45:02,294 - BlankSpaceAnalyzer - INFO - -> Analyzing version 1.0.4-alpha.20220523.1 (118/429)...
2025-10-27 09:45:02,368 - BlankSpaceAnalyzer - INFO - -> Analyzing version 1.0.4-alpha.20220603.1 (119/429)...
2025-10-27 09:45:02,440 - BlankSpaceAnalyzer - INFO - -> Analyzing version 1.0.4-alpha.20220923.1 (120/429)...
2025-10-27 09:45:02,512 - BlankSpaceAnalyzer - INFO - -> Analyzing version 1.0.4-alpha.20221020.2 (121/429)...
2025-10-27 09:45:02,589 - BlankSpaceAnalyzer - INFO - -> Analyzing version 1.0.4-alpha.20221107.4 (122/429)...
2025-10-27 09:45:02,664 - BlankSpaceAnalyzer - INFO - -> Analyzing version 1.0.4-alpha.20221208.1 (123/429)...
2025-10-27 09:45:02,736 - BlankSpaceAnalyzer - INFO - -> Analyzing version 1.0.4-alpha.20230127.1 (124/429)...
2025-10-27 09:45:02,815 - BlankSpaceAnalyzer - INFO - -> Analyzing version 1.0.4-alpha.20230228.2 (125/429)...
2025-10-27 09:45:02,887 - BlankSpaceAnalyzer - INFO - -> Analyzing version 1.0.5-alpha.20230307.4 (126/429)...
2025-10-27 09:45:02,959 - BlankSpaceAnalyzer - INFO - -> Analyzing version 1.0.5-alpha.20230419.2 (127/429)...
2025-10-27 09:45:03,031 - BlankSpaceAnalyzer - INFO - -> Analyzing version 1.0.5-alpha.20230613.2 (128/429)...
2025-10-27 09:45:03,109 - BlankSpaceAnalyzer - INFO - -> Analyzing version 1.0.5-alpha.20230727.2 (129/429)...
2025-10-27 09:45:03,186 - BlankSpaceAnalyzer - INFO - -> Analyzing version 1.0.5-alpha.20230904.1 (130/429)...
2025-10-27 09:45:03,261 - BlankSpaceAnalyzer - INFO - -> Analyzing version 1.0.5-alpha.20230925.3 (131/429)...
2025-10-27 09:45:03,336 - BlankSpaceAnalyzer - INFO - -> Analyzing version 1.0.5-alpha.20231002.2 (132/429)...
2025-10-27 09:45:03,413 - BlankSpaceAnalyzer - INFO - -> Analyzing version 1.0.5-alpha.20231010.2 (133/429)...
2025-10-27 09:45:03,491 - BlankSpaceAnalyzer - INFO - -> Analyzing version 1.0.5-alpha.20231024.1 (134/429)...
2025-10-27 09:45:03,570 - BlankSpaceAnalyzer - INFO - -> Analyzing version 1.0.5-alpha.20231031.3 (135/429)...
2025-10-27 09:45:03,646 - BlankSpaceAnalyzer - INFO - -> Analyzing version 1.0.5-alpha.20231102.2 (136/429)...
2025-10-27 09:45:03,719 - BlankSpaceAnalyzer - INFO - -> Analyzing version 1.0.5-alpha.20231107.1 (137/429)...
2025-10-27 09:45:03,796 - BlankSpaceAnalyzer - INFO - -> Analyzing version 1.0.5-alpha.20231120.4 (138/429)...
2025-10-27 09:45:03,870 - BlankSpaceAnalyzer - INFO - -> Analyzing version 1.0.5-alpha.20231206.3 (139/429)...
2025-10-27 09:45:03,941 - BlankSpaceAnalyzer - INFO - -> Analyzing version 1.0.5-alpha.20231213.2 (140/429)...
2025-10-27 09:45:04,012 - BlankSpaceAnalyzer - INFO - -> Analyzing version 1.0.5-alpha.20240101.1 (141/429)...
2025-10-27 09:45:04,090 - BlankSpaceAnalyzer - INFO - -> Analyzing version 1.0.5-alpha.20240108.2 (142/429)...
2025-10-27 09:45:04,165 - BlankSpaceAnalyzer - INFO - -> Analyzing version 1.0.5-alpha.20240110.1 (143/429)...
2025-10-27 09:45:04,236 - BlankSpaceAnalyzer - INFO - -> Analyzing version 1.0.5-alpha.20240119.1 (144/429)...
2025-10-27 09:45:04,314 - BlankSpaceAnalyzer - INFO - -> Analyzing version 1.0.5-alpha.20240130.1 (145/429)...
2025-10-27 09:45:04,392 - BlankSpaceAnalyzer - INFO - -> Analyzing version 1.0.5-alpha.20240202.3 (146/429)...
2025-10-27 09:45:04,465 - BlankSpaceAnalyzer - INFO - -> Analyzing version 1.0.5-alpha.20240207.1 (147/429)...
2025-10-27 09:45:04,538 - BlankSpaceAnalyzer - INFO - -> Analyzing version 1.0.5-alpha.20240209.1 (148/429)...
2025-10-27 09:45:04,616 - BlankSpaceAnalyzer - INFO - -> Analyzing version 1.0.5-alpha.20240223.2 (149/429)...
2025-10-27 09:45:04,694 - BlankSpaceAnalyzer - INFO - -> Analyzing version 1.0.5-alpha.20240226.1 (150/429)...
2025-10-27 09:45:04,774 - BlankSpaceAnalyzer - INFO - -> Analyzing version 1.0.5-alpha.20240226.9 (151/429)...
2025-10-27 09:45:04,853 - BlankSpaceAnalyzer - INFO - -> Analyzing version 1.0.5-alpha.20240228.1 (152/429)...
2025-10-27 09:45:04,932 - BlankSpaceAnalyzer - INFO - -> Analyzing version 1.1.0 (153/429)...
2025-10-27 09:45:05,011 - BlankSpaceAnalyzer - INFO - -> Analyzing version 1.1.0-alpha.20240314.2 (154/429)...
2025-10-27 09:45:05,089 - BlankSpaceAnalyzer - INFO - -> Analyzing version 1.1.1 (155/429)...
2025-10-27 09:45:05,165 - BlankSpaceAnalyzer - INFO - -> Analyzing version 1.1.1-alpha.20240320.4 (156/429)...
2025-10-27 09:45:05,237 - BlankSpaceAnalyzer - INFO - -> Analyzing version 1.1.2 (157/429)...
2025-10-27 09:45:05,321 - BlankSpaceAnalyzer - INFO - -> Analyzing version 1.1.2-alpha.20240322.2 (158/429)...
2025-10-27 09:45:05,398 - BlankSpaceAnalyzer - INFO - -> Analyzing version 1.1.2-alpha.20240329.3 (159/429)...
2025-10-27 09:45:05,476 - BlankSpaceAnalyzer - INFO - -> Analyzing version 1.1.2-alpha.20240410.4 (160/429)...
2025-10-27 09:45:05,552 - BlankSpaceAnalyzer - INFO - -> Analyzing version 1.1.2-alpha.20240411.3 (161/429)...
2025-10-27 09:45:05,624 - BlankSpaceAnalyzer - INFO - -> Analyzing version 1.1.3 (162/429)...
2025-10-27 09:45:05,703 - BlankSpaceAnalyzer - INFO - -> Analyzing version 1.1.3-alpha.20240412.3 (163/429)...
2025-10-27 09:45:05,781 - BlankSpaceAnalyzer - INFO - -> Analyzing version 1.1.3-alpha.20240415.4 (164/429)...
2025-10-27 09:45:05,860 - BlankSpaceAnalyzer - INFO - -> Analyzing version 1.1.3-alpha.20240416.4 (165/429)...
2025-10-27 09:45:05,939 - BlankSpaceAnalyzer - INFO - -> Analyzing version 1.1.3-alpha.20240418.3 (166/429)...
2025-10-27 09:45:06,017 - BlankSpaceAnalyzer - INFO - -> Analyzing version 1.1.3-alpha.20240419.1 (167/429)...
2025-10-27 09:45:06,096 - BlankSpaceAnalyzer - INFO - -> Analyzing version 1.1.3-alpha.20240423.2 (168/429)...
2025-10-27 09:45:06,175 - BlankSpaceAnalyzer - INFO - -> Analyzing version 1.1.3-alpha.20240424.3 (169/429)...
2025-10-27 09:45:06,254 - BlankSpaceAnalyzer - INFO - -> Analyzing version 1.1.3-alpha.20240425.2 (170/429)...
2025-10-27 09:45:06,326 - BlankSpaceAnalyzer - INFO - -> Analyzing version 1.1.3-alpha.20240426.4 (171/429)...
2025-10-27 09:45:06,404 - BlankSpaceAnalyzer - INFO - -> Analyzing version 1.1.3-alpha.20240429.3 (172/429)...
2025-10-27 09:45:06,484 - BlankSpaceAnalyzer - INFO - -> Analyzing version 1.1.3-alpha.20240501.2 (173/429)...
2025-10-27 09:45:06,560 - BlankSpaceAnalyzer - INFO - -> Analyzing version 1.1.3-alpha.20240502.4 (174/429)...
2025-10-27 09:45:06,633 - BlankSpaceAnalyzer - INFO - -> Analyzing version 1.1.3-alpha.20240503.1 (175/429)...
2025-10-27 09:45:06,711 - BlankSpaceAnalyzer - INFO - -> Analyzing version 1.1.3-alpha.20240506.1 (176/429)...
2025-10-27 09:45:06,790 - BlankSpaceAnalyzer - INFO - -> Analyzing version 1.1.3-alpha.20240507.2 (177/429)...
2025-10-27 09:45:06,868 - BlankSpaceAnalyzer - INFO - -> Analyzing version 1.1.3-alpha.20240508.2 (178/429)...
2025-10-27 09:45:06,947 - BlankSpaceAnalyzer - INFO - -> Analyzing version 1.1.3-alpha.20240509.1 (179/429)...
2025-10-27 09:45:07,019 - BlankSpaceAnalyzer - INFO - -> Analyzing version 1.1.3-alpha.20240510.3 (180/429)...
2025-10-27 09:45:07,098 - BlankSpaceAnalyzer - INFO - -> Analyzing version 1.1.3-alpha.20240513.1 (181/429)...
2025-10-27 09:45:07,177 - BlankSpaceAnalyzer - INFO - -> Analyzing version 1.1.3-alpha.20240514.3 (182/429)...
2025-10-27 09:45:07,257 - BlankSpaceAnalyzer - INFO - -> Analyzing version 1.1.3-alpha.20240515.1 (183/429)...
2025-10-27 09:45:07,337 - BlankSpaceAnalyzer - INFO - -> Analyzing version 1.1.3-alpha.20240516.2 (184/429)...
2025-10-27 09:45:07,416 - BlankSpaceAnalyzer - INFO - -> Analyzing version 1.1.3-alpha.20240517.1 (185/429)...
2025-10-27 09:45:07,495 - BlankSpaceAnalyzer - INFO - -> Analyzing version 1.1.3-alpha.20240520.1 (186/429)...
2025-10-27 09:45:07,577 - BlankSpaceAnalyzer - INFO - -> Analyzing version 1.1.3-alpha.20240521.1 (187/429)...
2025-10-27 09:45:07,654 - BlankSpaceAnalyzer - INFO - -> Analyzing version 1.1.3-alpha.20240522.4 (188/429)...
2025-10-27 09:45:07,732 - BlankSpaceAnalyzer - INFO - -> Analyzing version 1.1.3-alpha.20240523.4 (189/429)...
2025-10-27 09:45:07,811 - BlankSpaceAnalyzer - INFO - -> Analyzing version 1.1.3-alpha.20240524.1 (190/429)...
2025-10-27 09:45:07,890 - BlankSpaceAnalyzer - INFO - -> Analyzing version 1.1.3-alpha.20240527.1 (191/429)...
2025-10-27 09:45:07,969 - BlankSpaceAnalyzer - INFO - -> Analyzing version 1.1.3-alpha.20240528.2 (192/429)...
2025-10-27 09:45:08,048 - BlankSpaceAnalyzer - INFO - -> Analyzing version 1.1.3-alpha.20240529.1 (193/429)...
2025-10-27 09:45:08,128 - BlankSpaceAnalyzer - INFO - -> Analyzing version 1.1.3-alpha.20240530.3 (194/429)...
2025-10-27 09:45:08,207 - BlankSpaceAnalyzer - INFO - -> Analyzing version 1.1.3-alpha.20240604.1 (195/429)...
2025-10-27 09:45:08,286 - BlankSpaceAnalyzer - INFO - -> Analyzing version 1.1.3-alpha.20240605.2 (196/429)...
2025-10-27 09:45:08,365 - BlankSpaceAnalyzer - INFO - -> Analyzing version 1.1.3-alpha.20240606.1 (197/429)...
2025-10-27 09:45:08,444 - BlankSpaceAnalyzer - INFO - -> Analyzing version 1.1.3-alpha.20240607.1 (198/429)...
2025-10-27 09:45:08,522 - BlankSpaceAnalyzer - INFO - -> Analyzing version 1.1.3-alpha.20240610.1 (199/429)...
2025-10-27 09:45:08,602 - BlankSpaceAnalyzer - INFO - -> Analyzing version 1.1.3-alpha.20240611.3 (200/429)...
2025-10-27 09:45:08,682 - BlankSpaceAnalyzer - INFO - -> Analyzing version 1.1.3-alpha.20240613.1 (201/429)...
2025-10-27 09:45:08,758 - BlankSpaceAnalyzer - INFO - -> Analyzing version 1.1.3-alpha.20240614.3 (202/429)...
2025-10-27 09:45:08,832 - BlankSpaceAnalyzer - INFO - -> Analyzing version 1.1.3-alpha.20240618.1 (203/429)...
2025-10-27 09:45:08,910 - BlankSpaceAnalyzer - INFO - -> Analyzing version 1.1.3-alpha.20240619.3 (204/429)...
2025-10-27 09:45:08,990 - BlankSpaceAnalyzer - INFO - -> Analyzing version 1.1.3-alpha.20240621.10 (205/429)...
2025-10-27 09:45:09,071 - BlankSpaceAnalyzer - INFO - -> Analyzing version 1.1.3-alpha.20240625.1 (206/429)...
2025-10-27 09:45:09,153 - BlankSpaceAnalyzer - INFO - -> Analyzing version 1.1.3-alpha.20240626.1 (207/429)...
2025-10-27 09:45:09,225 - BlankSpaceAnalyzer - INFO - -> Analyzing version 1.1.3-alpha.20240627.5 (208/429)...
2025-10-27 09:45:09,305 - BlankSpaceAnalyzer - INFO - -> Analyzing version 1.1.3-alpha.20240628.2 (209/429)...
2025-10-27 09:45:09,384 - BlankSpaceAnalyzer - INFO - -> Analyzing version 1.1.3-alpha.20240701.3 (210/429)...
2025-10-27 09:45:09,463 - BlankSpaceAnalyzer - INFO - -> Analyzing version 1.1.3-alpha.20240704.2 (211/429)...
2025-10-27 09:45:09,542 - BlankSpaceAnalyzer - INFO - -> Analyzing version 1.1.3-alpha.20240705.2 (212/429)...
2025-10-27 09:45:09,621 - BlankSpaceAnalyzer - INFO - -> Analyzing version 1.1.3-alpha.20240709.3 (213/429)...
2025-10-27 09:45:09,699 - BlankSpaceAnalyzer - INFO - -> Analyzing version 1.1.3-alpha.20240710.2 (214/429)...
2025-10-27 09:45:09,781 - BlankSpaceAnalyzer - INFO - -> Analyzing version 1.1.4 (215/429)...
2025-10-27 09:45:09,860 - BlankSpaceAnalyzer - INFO - -> Analyzing version 1.1.4-alpha.20240711.2 (216/429)...
2025-10-27 09:45:09,942 - BlankSpaceAnalyzer - INFO - -> Analyzing version 1.1.4-alpha.20240715.2 (217/429)...
2025-10-27 09:45:10,020 - BlankSpaceAnalyzer - INFO - -> Analyzing version 1.1.4-alpha.20240716.2 (218/429)...
2025-10-27 09:45:10,099 - BlankSpaceAnalyzer - INFO - -> Analyzing version 1.1.4-alpha.20240718.1 (219/429)...
2025-10-27 09:45:10,178 - BlankSpaceAnalyzer - INFO - -> Analyzing version 1.1.4-alpha.20240719.1 (220/429)...
2025-10-27 09:45:10,257 - BlankSpaceAnalyzer - INFO - -> Analyzing version 1.1.4-alpha.20240722.3 (221/429)...
2025-10-27 09:45:10,336 - BlankSpaceAnalyzer - INFO - -> Analyzing version 1.1.4-alpha.20240723.2 (222/429)...
2025-10-27 09:45:10,415 - BlankSpaceAnalyzer - INFO - -> Analyzing version 1.1.4-alpha.20240724.2 (223/429)...
2025-10-27 09:45:10,494 - BlankSpaceAnalyzer - INFO - -> Analyzing version 1.1.4-alpha.20240725.2 (224/429)...
2025-10-27 09:45:10,574 - BlankSpaceAnalyzer - INFO - -> Analyzing version 1.1.4-alpha.20240729.3 (225/429)...
2025-10-27 09:45:10,654 - BlankSpaceAnalyzer - INFO - -> Analyzing version 1.1.4-alpha.20240730.3 (226/429)...
2025-10-27 09:45:10,734 - BlankSpaceAnalyzer - INFO - -> Analyzing version 1.1.4-alpha.20240731.2 (227/429)...
2025-10-27 09:45:10,815 - BlankSpaceAnalyzer - INFO - -> Analyzing version 1.1.4-alpha.20240801.3 (228/429)...
2025-10-27 09:45:10,895 - BlankSpaceAnalyzer - INFO - -> Analyzing version 1.1.5-alpha.20240802.1 (229/429)...
2025-10-27 09:45:10,975 - BlankSpaceAnalyzer - INFO - -> Analyzing version 1.1.5-alpha.20240806.1 (230/429)...
2025-10-27 09:45:11,055 - BlankSpaceAnalyzer - INFO - -> Analyzing version 1.1.5-alpha.20240807.4 (231/429)...
2025-10-27 09:45:11,134 - BlankSpaceAnalyzer - INFO - -> Analyzing version 1.1.5-alpha.20240808.1 (232/429)...
2025-10-27 09:45:11,214 - BlankSpaceAnalyzer - INFO - -> Analyzing version 1.1.5-alpha.20240809.2 (233/429)...
2025-10-27 09:45:11,294 - BlankSpaceAnalyzer - INFO - -> Analyzing version 1.1.5-alpha.20240813.2 (234/429)...
2025-10-27 09:45:11,374 - BlankSpaceAnalyzer - INFO - -> Analyzing version 1.1.5-alpha.20240814.1 (235/429)...
2025-10-27 09:45:11,454 - BlankSpaceAnalyzer - INFO - -> Analyzing version 1.1.5-alpha.20240815.2 (236/429)...
2025-10-27 09:45:11,533 - BlankSpaceAnalyzer - INFO - -> Analyzing version 1.1.5-alpha.20240816.2 (237/429)...
2025-10-27 09:45:11,613 - BlankSpaceAnalyzer - INFO - -> Analyzing version 1.1.5-alpha.20240819.2 (238/429)...
2025-10-27 09:45:11,693 - BlankSpaceAnalyzer - INFO - -> Analyzing version 1.1.5-alpha.20240820.8 (239/429)...
2025-10-27 09:45:11,773 - BlankSpaceAnalyzer - INFO - -> Analyzing version 1.1.5-alpha.20240821.4 (240/429)...
2025-10-27 09:45:11,851 - BlankSpaceAnalyzer - INFO - -> Analyzing version 1.1.5-alpha.20240822.3 (241/429)...
2025-10-27 09:45:11,924 - BlankSpaceAnalyzer - INFO - -> Analyzing version 1.1.5-alpha.20240823.1 (242/429)...
2025-10-27 09:45:12,003 - BlankSpaceAnalyzer - INFO - -> Analyzing version 1.1.5-alpha.20240826.2 (243/429)...
2025-10-27 09:45:12,089 - BlankSpaceAnalyzer - INFO - -> Analyzing version 1.1.5-alpha.20240828.1 (244/429)...
2025-10-27 09:45:12,169 - BlankSpaceAnalyzer - INFO - -> Analyzing version 1.1.5-alpha.20240829.2 (245/429)...
2025-10-27 09:45:12,247 - BlankSpaceAnalyzer - INFO - -> Analyzing version 1.1.5-alpha.20240830.2 (246/429)...
2025-10-27 09:45:12,327 - BlankSpaceAnalyzer - INFO - -> Analyzing version 1.1.5-alpha.20240902.1 (247/429)...
2025-10-27 09:45:12,408 - BlankSpaceAnalyzer - INFO - -> Analyzing version 1.1.5-alpha.20240903.2 (248/429)...
2025-10-27 09:45:12,489 - BlankSpaceAnalyzer - INFO - -> Analyzing version 1.1.5-alpha.20240905.2 (249/429)...
2025-10-27 09:45:12,568 - BlankSpaceAnalyzer - INFO - -> Analyzing version 1.1.5-alpha.20240906.2 (250/429)...
2025-10-27 09:45:12,647 - BlankSpaceAnalyzer - INFO - -> Analyzing version 1.1.5-alpha.20240909.1 (251/429)...
2025-10-27 09:45:12,728 - BlankSpaceAnalyzer - INFO - -> Analyzing version 1.1.5-alpha.20240912.4 (252/429)...
2025-10-27 09:45:12,807 - BlankSpaceAnalyzer - INFO - -> Analyzing version 1.1.5-alpha.20240913.2 (253/429)...
2025-10-27 09:45:12,887 - BlankSpaceAnalyzer - INFO - -> Analyzing version 1.1.5-alpha.20240916.2 (254/429)...
2025-10-27 09:45:12,966 - BlankSpaceAnalyzer - INFO - -> Analyzing version 1.1.5-alpha.20240918.1 (255/429)...
2025-10-27 09:45:13,048 - BlankSpaceAnalyzer - INFO - -> Analyzing version 1.1.5-alpha.20240919.1 (256/429)...
2025-10-27 09:45:13,127 - BlankSpaceAnalyzer - INFO - -> Analyzing version 1.1.5-alpha.20240920.2 (257/429)...
2025-10-27 09:45:13,206 - BlankSpaceAnalyzer - INFO - -> Analyzing version 1.1.5-alpha.20240924.1 (258/429)...
2025-10-27 09:45:13,286 - BlankSpaceAnalyzer - INFO - -> Analyzing version 1.1.5-alpha.20240925.5 (259/429)...
2025-10-27 09:45:13,363 - BlankSpaceAnalyzer - INFO - -> Analyzing version 1.1.5-alpha.20240926.5 (260/429)...
2025-10-27 09:45:13,436 - BlankSpaceAnalyzer - INFO - -> Analyzing version 1.1.5-alpha.20240927.3 (261/429)...
2025-10-27 09:45:13,516 - BlankSpaceAnalyzer - INFO - -> Analyzing version 1.1.5-alpha.20240930.1 (262/429)...
2025-10-27 09:45:13,599 - BlankSpaceAnalyzer - INFO - -> Analyzing version 1.1.5-alpha.20241003.3 (263/429)...
2025-10-27 09:45:13,678 - BlankSpaceAnalyzer - INFO - -> Analyzing version 1.1.5-alpha.20241007.3 (264/429)...
2025-10-27 09:45:13,757 - BlankSpaceAnalyzer - INFO - -> Analyzing version 1.1.5-alpha.20241008.3 (265/429)...
2025-10-27 09:45:13,836 - BlankSpaceAnalyzer - INFO - -> Analyzing version 1.1.5-alpha.20241009.1 (266/429)...
2025-10-27 09:45:13,916 - BlankSpaceAnalyzer - INFO - -> Analyzing version 1.1.5-alpha.20241010.2 (267/429)...
2025-10-27 09:45:13,995 - BlankSpaceAnalyzer - INFO - -> Analyzing version 1.1.5-alpha.20241011.2 (268/429)...
2025-10-27 09:45:14,074 - BlankSpaceAnalyzer - INFO - -> Analyzing version 1.1.5-alpha.20241014.5 (269/429)...
2025-10-27 09:45:14,153 - BlankSpaceAnalyzer - INFO - -> Analyzing version 1.1.5-alpha.20241015.2 (270/429)...
2025-10-27 09:45:14,232 - BlankSpaceAnalyzer - INFO - -> Analyzing version 1.1.5-alpha.20241016.3 (271/429)...
2025-10-27 09:45:14,313 - BlankSpaceAnalyzer - INFO - -> Analyzing version 1.1.5-alpha.20241021.2 (272/429)...
2025-10-27 09:45:14,392 - BlankSpaceAnalyzer - INFO - -> Analyzing version 1.1.5-alpha.20241022.3 (273/429)...
2025-10-27 09:45:14,472 - BlankSpaceAnalyzer - INFO - -> Analyzing version 1.1.5-alpha.20241023.2 (274/429)...
2025-10-27 09:45:14,550 - BlankSpaceAnalyzer - INFO - -> Analyzing version 1.1.5-alpha.20241024.1 (275/429)...
2025-10-27 09:45:14,623 - BlankSpaceAnalyzer - INFO - -> Analyzing version 1.1.5-alpha.20241025.10 (276/429)...
2025-10-27 09:45:14,703 - BlankSpaceAnalyzer - INFO - -> Analyzing version 1.1.5-alpha.20241028.1 (277/429)...
2025-10-27 09:45:14,783 - BlankSpaceAnalyzer - INFO - -> Analyzing version 1.1.5-alpha.20241029.3 (278/429)...
2025-10-27 09:45:14,863 - BlankSpaceAnalyzer - INFO - -> Analyzing version 1.1.5-alpha.20241030.2 (279/429)...
2025-10-27 09:45:14,942 - BlankSpaceAnalyzer - INFO - -> Analyzing version 1.1.5-alpha.20241031.2 (280/429)...
2025-10-27 09:45:15,023 - BlankSpaceAnalyzer - INFO - -> Analyzing version 1.1.5-alpha.20241101.1 (281/429)...
2025-10-27 09:45:15,105 - BlankSpaceAnalyzer - INFO - -> Analyzing version 1.1.5-alpha.20241111.2 (282/429)...
2025-10-27 09:45:15,184 - BlankSpaceAnalyzer - INFO - -> Analyzing version 1.1.5-alpha.20241112.2 (283/429)...
2025-10-27 09:45:15,263 - BlankSpaceAnalyzer - INFO - -> Analyzing version 1.1.5-alpha.20241113.3 (284/429)...
2025-10-27 09:45:15,341 - BlankSpaceAnalyzer - INFO - -> Analyzing version 1.1.5-alpha.20241114.1 (285/429)...
2025-10-27 09:45:15,424 - BlankSpaceAnalyzer - INFO - -> Analyzing version 1.1.5-alpha.20241118.2 (286/429)...
2025-10-27 09:45:15,503 - BlankSpaceAnalyzer - INFO - -> Analyzing version 1.1.5-alpha.20241119.7 (287/429)...
2025-10-27 09:45:15,583 - BlankSpaceAnalyzer - INFO - -> Analyzing version 1.1.5-alpha.20241120.2 (288/429)...
2025-10-27 09:45:15,663 - BlankSpaceAnalyzer - INFO - -> Analyzing version 1.1.5-alpha.20241125.6 (289/429)...
2025-10-27 09:45:15,742 - BlankSpaceAnalyzer - INFO - -> Analyzing version 1.1.5-alpha.20241127.2 (290/429)...
2025-10-27 09:45:15,820 - BlankSpaceAnalyzer - INFO - -> Analyzing version 1.1.5-alpha.20241128.1 (291/429)...
2025-10-27 09:45:15,900 - BlankSpaceAnalyzer - INFO - -> Analyzing version 1.1.5-alpha.20241129.3 (292/429)...
2025-10-27 09:45:15,979 - BlankSpaceAnalyzer - INFO - -> Analyzing version 1.1.5-alpha.20241202.2 (293/429)...
2025-10-27 09:45:16,059 - BlankSpaceAnalyzer - INFO - -> Analyzing version 1.1.5-alpha.20241203.2 (294/429)...
2025-10-27 09:45:16,139 - BlankSpaceAnalyzer - INFO - -> Analyzing version 1.1.5-alpha.20241205.7 (295/429)...
2025-10-27 09:45:16,218 - BlankSpaceAnalyzer - INFO - -> Analyzing version 1.1.5-alpha.20241206.2 (296/429)...
2025-10-27 09:45:16,297 - BlankSpaceAnalyzer - INFO - -> Analyzing version 1.1.5-alpha.20241209.3 (297/429)...
2025-10-27 09:45:16,377 - BlankSpaceAnalyzer - INFO - -> Analyzing version 1.1.5-alpha.20241210.1 (298/429)...
2025-10-27 09:45:16,455 - BlankSpaceAnalyzer - INFO - -> Analyzing version 1.1.5-alpha.20241211.1 (299/429)...
2025-10-27 09:45:16,535 - BlankSpaceAnalyzer - INFO - -> Analyzing version 1.1.5-alpha.20241212.2 (300/429)...
2025-10-27 09:45:16,616 - BlankSpaceAnalyzer - INFO - -> Analyzing version 1.1.5-alpha.20241216.1 (301/429)...
2025-10-27 09:45:16,694 - BlankSpaceAnalyzer - INFO - -> Analyzing version 1.1.5-alpha.20241218.2 (302/429)...
2025-10-27 09:45:16,774 - BlankSpaceAnalyzer - INFO - -> Analyzing version 1.1.5-alpha.20241219.7 (303/429)...
2025-10-27 09:45:16,853 - BlankSpaceAnalyzer - INFO - -> Analyzing version 1.1.5-alpha.20241220.2 (304/429)...
2025-10-27 09:45:16,934 - BlankSpaceAnalyzer - INFO - -> Analyzing version 1.1.5-alpha.20241223.1 (305/429)...
2025-10-27 09:45:17,013 - BlankSpaceAnalyzer - INFO - -> Analyzing version 1.1.5-alpha.20241224.1 (306/429)...
2025-10-27 09:45:17,093 - BlankSpaceAnalyzer - INFO - -> Analyzing version 1.1.5-alpha.20241225.1 (307/429)...
2025-10-27 09:45:17,172 - BlankSpaceAnalyzer - INFO - -> Analyzing version 1.1.5-alpha.20241226.1 (308/429)...
2025-10-27 09:45:17,251 - BlankSpaceAnalyzer - INFO - -> Analyzing version 1.1.5-alpha.20241227.1 (309/429)...
2025-10-27 09:45:17,330 - BlankSpaceAnalyzer - INFO - -> Analyzing version 1.1.5-alpha.20241230.2 (310/429)...
2025-10-27 09:45:17,410 - BlankSpaceAnalyzer - INFO - -> Analyzing version 1.1.5-alpha.20241231.2 (311/429)...
2025-10-27 09:45:17,489 - BlankSpaceAnalyzer - INFO - -> Analyzing version 1.1.5-alpha.20250101.1 (312/429)...
2025-10-27 09:45:17,569 - BlankSpaceAnalyzer - INFO - -> Analyzing version 1.1.5-alpha.20250102.1 (313/429)...
2025-10-27 09:45:17,649 - BlankSpaceAnalyzer - INFO - -> Analyzing version 1.1.5-alpha.20250103.2 (314/429)...
2025-10-27 09:45:17,728 - BlankSpaceAnalyzer - INFO - -> Analyzing version 1.1.5-alpha.20250106.3 (315/429)...
2025-10-27 09:45:17,809 - BlankSpaceAnalyzer - INFO - -> Analyzing version 1.1.5-alpha.20250107.2 (316/429)...
2025-10-27 09:45:17,893 - BlankSpaceAnalyzer - INFO - -> Analyzing version 1.1.5-alpha.20250108.2 (317/429)...
2025-10-27 09:45:17,972 - BlankSpaceAnalyzer - INFO - -> Analyzing version 1.1.5-alpha.20250110.2 (318/429)...
2025-10-27 09:45:18,052 - BlankSpaceAnalyzer - INFO - -> Analyzing version 1.1.5-alpha.20250113.1 (319/429)...
2025-10-27 09:45:18,130 - BlankSpaceAnalyzer - INFO - -> Analyzing version 1.1.5-alpha.20250114.3 (320/429)...
2025-10-27 09:45:18,208 - BlankSpaceAnalyzer - INFO - -> Analyzing version 1.1.5-alpha.20250115.1 (321/429)...
2025-10-27 09:45:18,289 - BlankSpaceAnalyzer - INFO - -> Analyzing version 1.1.5-alpha.20250116.4 (322/429)...
2025-10-27 09:45:18,368 - BlankSpaceAnalyzer - INFO - -> Analyzing version 1.1.5-alpha.20250117.3 (323/429)...
2025-10-27 09:45:18,448 - BlankSpaceAnalyzer - INFO - -> Analyzing version 1.1.5-alpha.20250120.1 (324/429)...
2025-10-27 09:45:18,527 - BlankSpaceAnalyzer - INFO - -> Analyzing version 1.1.5-alpha.20250122.5 (325/429)...
2025-10-27 09:45:18,606 - BlankSpaceAnalyzer - INFO - -> Analyzing version 1.1.5-alpha.20250123.2 (326/429)...
2025-10-27 09:45:18,685 - BlankSpaceAnalyzer - INFO - -> Analyzing version 1.1.5-alpha.20250124.9 (327/429)...
2025-10-27 09:45:18,769 - BlankSpaceAnalyzer - INFO - -> Analyzing version 1.1.5-alpha.20250127.3 (328/429)...
2025-10-27 09:45:18,847 - BlankSpaceAnalyzer - INFO - -> Analyzing version 1.1.5-alpha.20250128.1 (329/429)...
2025-10-27 09:45:18,929 - BlankSpaceAnalyzer - INFO - -> Analyzing version 1.1.5-alpha.20250129.1 (330/429)...
2025-10-27 09:45:19,008 - BlankSpaceAnalyzer - INFO - -> Analyzing version 1.1.5-alpha.20250130.1 (331/429)...
2025-10-27 09:45:19,088 - BlankSpaceAnalyzer - INFO - -> Analyzing version 1.1.5-alpha.20250131.1 (332/429)...
2025-10-27 09:45:19,168 - BlankSpaceAnalyzer - INFO - -> Analyzing version 1.1.5-alpha.20250204.1 (333/429)...
2025-10-27 09:45:19,248 - BlankSpaceAnalyzer - INFO - -> Analyzing version 1.1.5-alpha.20250205.1 (334/429)...
2025-10-27 09:45:19,327 - BlankSpaceAnalyzer - INFO - -> Analyzing version 1.1.5-alpha.20250206.8 (335/429)...
2025-10-27 09:45:19,407 - BlankSpaceAnalyzer - INFO - -> Analyzing version 1.1.5-alpha.20250207.2 (336/429)...
2025-10-27 09:45:19,486 - BlankSpaceAnalyzer - INFO - -> Analyzing version 1.1.5-alpha.20250210.2 (337/429)...
2025-10-27 09:45:19,564 - BlankSpaceAnalyzer - INFO - -> Analyzing version 1.1.5-alpha.20250211.3 (338/429)...
2025-10-27 09:45:19,644 - BlankSpaceAnalyzer - INFO - -> Analyzing version 1.1.5-alpha.20250212.2 (339/429)...
2025-10-27 09:45:19,723 - BlankSpaceAnalyzer - INFO - -> Analyzing version 1.1.5-alpha.20250213.6 (340/429)...
2025-10-27 09:45:19,803 - BlankSpaceAnalyzer - INFO - -> Analyzing version 1.1.5-alpha.20250214.8 (341/429)...
2025-10-27 09:45:19,882 - BlankSpaceAnalyzer - INFO - -> Analyzing version 1.1.5-alpha.20250217.5 (342/429)...
2025-10-27 09:45:19,961 - BlankSpaceAnalyzer - INFO - -> Analyzing version 1.1.5-alpha.20250218.3 (343/429)...
2025-10-27 09:45:20,043 - BlankSpaceAnalyzer - INFO - -> Analyzing version 1.1.5-alpha.20250219.7 (344/429)...
2025-10-27 09:45:20,122 - BlankSpaceAnalyzer - INFO - -> Analyzing version 1.1.5-alpha.20250220.1 (345/429)...
2025-10-27 09:45:20,202 - BlankSpaceAnalyzer - INFO - -> Analyzing version 1.1.5-alpha.20250221.1 (346/429)...
2025-10-27 09:45:20,282 - BlankSpaceAnalyzer - INFO - -> Analyzing version 1.1.5-alpha.20250224.3 (347/429)...
2025-10-27 09:45:20,361 - BlankSpaceAnalyzer - INFO - -> Analyzing version 1.1.5-alpha.20250225.2 (348/429)...
2025-10-27 09:45:20,441 - BlankSpaceAnalyzer - INFO - -> Analyzing version 1.1.5-alpha.20250226.3 (349/429)...
2025-10-27 09:45:20,514 - BlankSpaceAnalyzer - INFO - -> Analyzing version 1.1.5-alpha.20250227.7 (350/429)...
2025-10-27 09:45:20,594 - BlankSpaceAnalyzer - INFO - -> Analyzing version 1.1.5-alpha.20250228.1 (351/429)...
2025-10-27 09:45:20,673 - BlankSpaceAnalyzer - INFO - -> Analyzing version 1.1.5-alpha.20250303.3 (352/429)...
2025-10-27 09:45:20,751 - BlankSpaceAnalyzer - INFO - -> Analyzing version 1.1.5-alpha.20250304.2 (353/429)...
2025-10-27 09:45:20,823 - BlankSpaceAnalyzer - INFO - -> Analyzing version 1.1.5-alpha.20250306.2 (354/429)...
2025-10-27 09:45:20,903 - BlankSpaceAnalyzer - INFO - -> Analyzing version 1.1.5-alpha.20250307.2 (355/429)...
2025-10-27 09:45:20,982 - BlankSpaceAnalyzer - INFO - -> Analyzing version 1.1.5-alpha.20250310.2 (356/429)...
2025-10-27 09:45:21,060 - BlankSpaceAnalyzer - INFO - -> Analyzing version 1.1.5-alpha.20250312.3 (357/429)...
2025-10-27 09:45:21,132 - BlankSpaceAnalyzer - INFO - -> Analyzing version 1.1.5-alpha.20250313.3 (358/429)...
2025-10-27 09:45:21,212 - BlankSpaceAnalyzer - INFO - -> Analyzing version 1.1.5-alpha.20250317.1 (359/429)...
2025-10-27 09:45:21,293 - BlankSpaceAnalyzer - INFO - -> Analyzing version 1.1.5-alpha.20250318.3 (360/429)...
2025-10-27 09:45:21,372 - BlankSpaceAnalyzer - INFO - -> Analyzing version 1.1.5-alpha.20250319.4 (361/429)...
2025-10-27 09:45:21,449 - BlankSpaceAnalyzer - INFO - -> Analyzing version 1.1.5-alpha.20250320.7 (362/429)...
2025-10-27 09:45:21,527 - BlankSpaceAnalyzer - INFO - -> Analyzing version 1.1.5-alpha.20250321.2 (363/429)...
2025-10-27 09:45:21,606 - BlankSpaceAnalyzer - INFO - -> Analyzing version 1.1.5-alpha.20250324.1 (364/429)...
2025-10-27 09:45:21,685 - BlankSpaceAnalyzer - INFO - -> Analyzing version 1.1.5-alpha.20250325.2 (365/429)...
2025-10-27 09:45:21,764 - BlankSpaceAnalyzer - INFO - -> Analyzing version 1.1.5-alpha.20250326.3 (366/429)...
2025-10-27 09:45:21,843 - BlankSpaceAnalyzer - INFO - -> Analyzing version 1.1.5-alpha.20250327.1 (367/429)...
2025-10-27 09:45:21,922 - BlankSpaceAnalyzer - INFO - -> Analyzing version 1.1.5-alpha.20250331.2 (368/429)...
2025-10-27 09:45:22,002 - BlankSpaceAnalyzer - INFO - -> Analyzing version 1.1.5-alpha.20250401.1 (369/429)...
2025-10-27 09:45:22,077 - BlankSpaceAnalyzer - INFO - -> Analyzing version 1.1.5-alpha.20250402.1 (370/429)...
2025-10-27 09:45:22,151 - BlankSpaceAnalyzer - INFO - -> Analyzing version 1.1.5-alpha.20250403.3 (371/429)...
2025-10-27 09:45:22,231 - BlankSpaceAnalyzer - INFO - -> Analyzing version 1.1.5-alpha.20250404.1 (372/429)...
2025-10-27 09:45:22,311 - BlankSpaceAnalyzer - INFO - -> Analyzing version 1.1.5-alpha.20250408.2 (373/429)...
2025-10-27 09:45:22,391 - BlankSpaceAnalyzer - INFO - -> Analyzing version 1.1.5-alpha.20250417.3 (374/429)...
2025-10-27 09:45:22,470 - BlankSpaceAnalyzer - INFO - -> Analyzing version 1.1.5-alpha.20250418.1 (375/429)...
2025-10-27 09:45:22,549 - BlankSpaceAnalyzer - INFO - -> Analyzing version 1.2.0 (376/429)...
2025-10-27 09:45:22,626 - BlankSpaceAnalyzer - INFO - -> Analyzing version 1.2.1-alpha.20250505.2 (377/429)...
2025-10-27 09:45:22,703 - BlankSpaceAnalyzer - INFO - -> Analyzing version 1.2.1-alpha.20250506.1 (378/429)...
2025-10-27 09:45:22,781 - BlankSpaceAnalyzer - INFO - -> Analyzing version 1.2.1-alpha.20250507.1 (379/429)...
2025-10-27 09:45:22,856 - BlankSpaceAnalyzer - INFO - -> Analyzing version 1.2.1-alpha.20250508.1 (380/429)...
2025-10-27 09:45:22,927 - BlankSpaceAnalyzer - INFO - -> Analyzing version 1.2.1-alpha.20250509.1 (381/429)...
2025-10-27 09:45:23,005 - BlankSpaceAnalyzer - INFO - -> Analyzing version 1.2.1-alpha.20250512.3 (382/429)...
2025-10-27 09:45:23,079 - BlankSpaceAnalyzer - INFO - -> Analyzing version 1.2.1-alpha.20250513.2 (383/429)...
2025-10-27 09:45:23,154 - BlankSpaceAnalyzer - INFO - -> Analyzing version 1.2.1-alpha.20250514.1 (384/429)...
2025-10-27 09:45:23,232 - BlankSpaceAnalyzer - INFO - -> Analyzing version 1.2.1-alpha.20250515.2 (385/429)...
2025-10-27 09:45:23,310 - BlankSpaceAnalyzer - INFO - -> Analyzing version 1.2.1-alpha.20250516.1 (386/429)...
2025-10-27 09:45:23,387 - BlankSpaceAnalyzer - INFO - -> Analyzing version 1.2.1-alpha.20250519.3 (387/429)...
2025-10-27 09:45:23,462 - BlankSpaceAnalyzer - INFO - -> Analyzing version 1.2.1-alpha.20250520.1 (388/429)...
2025-10-27 09:45:23,535 - BlankSpaceAnalyzer - INFO - -> Analyzing version 1.2.1-alpha.20250521.2 (389/429)...
2025-10-27 09:45:23,613 - BlankSpaceAnalyzer - INFO - -> Analyzing version 1.2.1-alpha.20250522.3 (390/429)...
2025-10-27 09:45:23,690 - BlankSpaceAnalyzer - INFO - -> Analyzing version 1.2.1-alpha.20250526.1 (391/429)...
2025-10-27 09:45:23,766 - BlankSpaceAnalyzer - INFO - -> Analyzing version 1.2.1-alpha.20250527.3 (392/429)...
2025-10-27 09:45:23,837 - BlankSpaceAnalyzer - INFO - -> Analyzing version 1.2.1-alpha.20250528.2 (393/429)...
2025-10-27 09:45:23,915 - BlankSpaceAnalyzer - INFO - -> Analyzing version 1.2.1-alpha.20250529.3 (394/429)...
2025-10-27 09:45:23,993 - BlankSpaceAnalyzer - INFO - -> Analyzing version 1.2.1-alpha.20250530.3 (395/429)...
2025-10-27 09:45:24,068 - BlankSpaceAnalyzer - INFO - -> Analyzing version 1.2.1-alpha.20250603.2 (396/429)...
2025-10-27 09:45:24,138 - BlankSpaceAnalyzer - INFO - -> Analyzing version 1.2.1-alpha.20250604.1 (397/429)...
2025-10-27 09:45:24,210 - BlankSpaceAnalyzer - INFO - -> Analyzing version 1.2.1-alpha.20250605.3 (398/429)...
2025-10-27 09:45:24,287 - BlankSpaceAnalyzer - INFO - -> Analyzing version 1.2.1-alpha.20250606.4 (399/429)...
2025-10-27 09:45:24,361 - BlankSpaceAnalyzer - INFO - -> Analyzing version 1.2.1-alpha.20250610.2 (400/429)...
2025-10-27 09:45:24,432 - BlankSpaceAnalyzer - INFO - -> Analyzing version 1.2.1-alpha.20250611.2 (401/429)...
2025-10-27 09:45:24,509 - BlankSpaceAnalyzer - INFO - -> Analyzing version 1.2.1-alpha.20250613.2 (402/429)...
2025-10-27 09:45:24,587 - BlankSpaceAnalyzer - INFO - -> Analyzing version 1.2.1-alpha.20250616.1 (403/429)...
2025-10-27 09:45:24,661 - BlankSpaceAnalyzer - INFO - -> Analyzing version 1.2.1-alpha.20250617.2 (404/429)...
2025-10-27 09:45:24,732 - BlankSpaceAnalyzer - INFO - -> Analyzing version 1.2.1-alpha.20250620.3 (405/429)...
2025-10-27 09:45:24,809 - BlankSpaceAnalyzer - INFO - -> Analyzing version 1.3.0 (406/429)...
2025-10-27 09:45:24,886 - BlankSpaceAnalyzer - INFO - -> Analyzing version 1.3.1-alpha.20250711.2 (407/429)...
2025-10-27 09:45:24,964 - BlankSpaceAnalyzer - INFO - -> Analyzing version 1.3.1-alpha.20250722.2 (408/429)...
2025-10-27 09:45:25,042 - BlankSpaceAnalyzer - INFO - -> Analyzing version 1.3.1-alpha.20250730.1 (409/429)...
2025-10-27 09:45:25,116 - BlankSpaceAnalyzer - INFO - -> Analyzing version 1.3.1-alpha.20250804.2 (410/429)...
2025-10-27 09:45:25,196 - BlankSpaceAnalyzer - INFO - -> Analyzing version 1.3.1-alpha.20250808.1 (411/429)...
2025-10-27 09:45:25,271 - BlankSpaceAnalyzer - INFO - -> Analyzing version 1.3.1-alpha.20250820.1 (412/429)...
2025-10-27 09:45:25,349 - BlankSpaceAnalyzer - INFO - -> Analyzing version 1.3.1-alpha.20250822.4 (413/429)...
2025-10-27 09:45:25,420 - BlankSpaceAnalyzer - INFO - -> Analyzing version 1.3.1-alpha.20250825.2 (414/429)...
2025-10-27 09:45:25,497 - BlankSpaceAnalyzer - INFO - -> Analyzing version 1.3.1-alpha.20250915.3 (415/429)...
2025-10-27 09:45:25,575 - BlankSpaceAnalyzer - INFO - -> Analyzing version 1.3.1-alpha.20250923.1 (416/429)...
2025-10-27 09:45:25,652 - BlankSpaceAnalyzer - INFO - -> Analyzing version 1.3.1-alpha.20250924.3 (417/429)...
2025-10-27 09:45:25,723 - BlankSpaceAnalyzer - INFO - -> Analyzing version 1.3.1-alpha.20250926.4 (418/429)...
2025-10-27 09:45:25,800 - BlankSpaceAnalyzer - INFO - -> Analyzing version 1.3.1-alpha.20251001.1 (419/429)...
2025-10-27 09:45:25,877 - BlankSpaceAnalyzer - INFO - -> Analyzing version 1.3.1-alpha.20251006.2 (420/429)...
2025-10-27 09:45:25,954 - BlankSpaceAnalyzer - INFO - -> Analyzing version 1.3.1-alpha.20251007.1 (421/429)...
2025-10-27 09:45:26,026 - BlankSpaceAnalyzer - INFO - -> Analyzing version 1.3.1-alpha.20251008.1 (422/429)...
2025-10-27 09:45:26,105 - BlankSpaceAnalyzer - INFO - -> Analyzing version 1.3.1-alpha.20251009.2 (423/429)...
2025-10-27 09:45:26,183 - BlankSpaceAnalyzer - INFO - -> Analyzing version 1.3.1-alpha.20251013.3 (424/429)...
2025-10-27 09:45:26,259 - BlankSpaceAnalyzer - INFO - -> Analyzing version 1.3.1-alpha.20251014.2 (425/429)...
2025-10-27 09:45:26,330 - BlankSpaceAnalyzer - INFO - -> Analyzing version 1.3.1-alpha.20251015.2 (426/429)...
2025-10-27 09:45:26,409 - BlankSpaceAnalyzer - INFO - -> Analyzing version 1.3.1-alpha.20251016.3 (427/429)...
2025-10-27 09:45:26,487 - BlankSpaceAnalyzer - INFO - -> Analyzing version 1.3.1-alpha.20251020.2 (428/429)...
2025-10-27 09:45:26,567 - BlankSpaceAnalyzer - INFO - -> Analyzing version 1.3.1-alpha.20251024.1 (429/429)...
2025-10-27 09:45:26,637 - BlankSpaceAnalyzer - INFO - Exporting results for '@azure/logger' to CSV...
2025-10-27 09:45:27,114 - BlankSpaceAnalyzer - INFO - Reports saved in: /app/npm_results/@azure_logger
2025-10-27 09:45:27,115 - NPM_Analyzer - INFO - Cleaning temporary folder 'temp/@azure_logger'...
2025-10-27 09:45:27,455 - NPM_Analyzer - INFO - Cleanup completed.
