2025-11-08 12:41:12,141 - NPM_Analyzer - INFO - Fetching metadata for '@types/serve-index'...
2025-11-08 12:41:12,267 - NPM_Analyzer - INFO - Found 18 versions. Starting download into 'temp/@types_serve-index'...
2025-11-08 12:41:32,483 - BlankSpaceAnalyzer - INFO - Analyzing 18 versions for '*.js' in '@types_serve-index'.
2025-11-08 12:41:32,484 - BlankSpaceAnalyzer - INFO - -> Analyzing version 1.7.14-alpha (1/18)...
2025-11-08 12:41:32,484 - BlankSpaceAnalyzer - INFO - -> Analyzing version 1.7.15-alpha (2/18)...
2025-11-08 12:41:32,485 - BlankSpaceAnalyzer - INFO - -> Analyzing version 1.7.20-alpha (3/18)...
2025-11-08 12:41:32,485 - BlankSpaceAnalyzer - INFO - -> Analyzing version 1.7.21-alpha (4/18)...
2025-11-08 12:41:32,486 - BlankSpaceAnalyzer - INFO - -> Analyzing version 1.7.22-alpha (5/18)...
2025-11-08 12:41:32,486 - BlankSpaceAnalyzer - INFO - -> Analyzing version 1.7.23-alpha (6/18)...
2025-11-08 12:41:32,487 - BlankSpaceAnalyzer - INFO - -> Analyzing version 1.7.24-alpha (7/18)...
2025-11-08 12:41:32,488 - BlankSpaceAnalyzer - INFO - -> Analyzing version 1.7.25-alpha (8/18)...
2025-11-08 12:41:32,488 - BlankSpaceAnalyzer - INFO - -> Analyzing version 1.7.26-alpha (9/18)...
2025-11-08 12:41:32,489 - BlankSpaceAnalyzer - INFO - -> Analyzing version 1.7.27 (10/18)...
2025-11-08 12:41:32,489 - BlankSpaceAnalyzer - INFO - -> Analyzing version 1.7.28 (11/18)...
2025-11-08 12:41:32,490 - BlankSpaceAnalyzer - INFO - -> Analyzing version 1.7.29 (12/18)...
2025-11-08 12:41:32,490 - BlankSpaceAnalyzer - INFO - -> Analyzing version 1.7.30 (13/18)...
2025-11-08 12:41:32,491 - BlankSpaceAnalyzer - INFO - -> Analyzing version 1.9.0 (14/18)...
2025-11-08 12:41:32,491 - BlankSpaceAnalyzer - INFO - -> Analyzing version 1.9.1 (15/18)...
2025-11-08 12:41:32,492 - BlankSpaceAnalyzer - INFO - -> Analyzing version 1.9.2 (16/18)...
2025-11-08 12:41:32,492 - BlankSpaceAnalyzer - INFO - -> Analyzing version 1.9.3 (17/18)...
2025-11-08 12:41:32,493 - BlankSpaceAnalyzer - INFO - -> Analyzing version 1.9.4 (18/18)...
2025-11-08 12:41:32,494 - BlankSpaceAnalyzer - INFO - Exporting results for '@types/serve-index' to CSV...
2025-11-08 12:41:32,494 - BlankSpaceAnalyzer - WARNING - No files analyzed. CSV files will be empty.
2025-11-08 12:41:32,495 - NPM_Analyzer - INFO - Cleaning temporary folder 'temp/@types_serve-index'...
2025-11-08 12:41:32,504 - NPM_Analyzer - INFO - Cleanup completed.
2025-11-09 00:09:44,669 - NPM_Analyzer - INFO - Fetching metadata for '@types/serve-index'...
2025-11-09 00:09:44,830 - NPM_Analyzer - INFO - Found 18 versions. Starting download into 'temp/@types_serve-index'...
2025-11-09 00:09:58,714 - BlankSpaceAnalyzer - INFO - Analyzing 18 versions for '*.js' in '@types_serve-index'.
2025-11-09 00:09:58,715 - BlankSpaceAnalyzer - INFO - -> Analyzing version 1.7.14-alpha (1/18)...
2025-11-09 00:09:58,715 - BlankSpaceAnalyzer - INFO - -> Analyzing version 1.7.15-alpha (2/18)...
2025-11-09 00:09:58,716 - BlankSpaceAnalyzer - INFO - -> Analyzing version 1.7.20-alpha (3/18)...
2025-11-09 00:09:58,717 - BlankSpaceAnalyzer - INFO - -> Analyzing version 1.7.21-alpha (4/18)...
2025-11-09 00:09:58,717 - BlankSpaceAnalyzer - INFO - -> Analyzing version 1.7.22-alpha (5/18)...
2025-11-09 00:09:58,718 - BlankSpaceAnalyzer - INFO - -> Analyzing version 1.7.23-alpha (6/18)...
2025-11-09 00:09:58,718 - BlankSpaceAnalyzer - INFO - -> Analyzing version 1.7.24-alpha (7/18)...
2025-11-09 00:09:58,719 - BlankSpaceAnalyzer - INFO - -> Analyzing version 1.7.25-alpha (8/18)...
2025-11-09 00:09:58,719 - BlankSpaceAnalyzer - INFO - -> Analyzing version 1.7.26-alpha (9/18)...
2025-11-09 00:09:58,720 - BlankSpaceAnalyzer - INFO - -> Analyzing version 1.7.27 (10/18)...
2025-11-09 00:09:58,721 - BlankSpaceAnalyzer - INFO - -> Analyzing version 1.7.28 (11/18)...
2025-11-09 00:09:58,721 - BlankSpaceAnalyzer - INFO - -> Analyzing version 1.7.29 (12/18)...
2025-11-09 00:09:58,722 - BlankSpaceAnalyzer - INFO - -> Analyzing version 1.7.30 (13/18)...
2025-11-09 00:09:58,722 - BlankSpaceAnalyzer - INFO - -> Analyzing version 1.9.0 (14/18)...
2025-11-09 00:09:58,723 - BlankSpaceAnalyzer - INFO - -> Analyzing version 1.9.1 (15/18)...
2025-11-09 00:09:58,723 - BlankSpaceAnalyzer - INFO - -> Analyzing version 1.9.2 (16/18)...
2025-11-09 00:09:58,724 - BlankSpaceAnalyzer - INFO - -> Analyzing version 1.9.3 (17/18)...
2025-11-09 00:09:58,724 - BlankSpaceAnalyzer - INFO - -> Analyzing version 1.9.4 (18/18)...
2025-11-09 00:09:58,726 - BlankSpaceAnalyzer - INFO - Exporting results for '@types/serve-index' to CSV...
2025-11-09 00:09:58,726 - BlankSpaceAnalyzer - WARNING - No files analyzed. CSV files will be empty.
2025-11-09 00:09:58,727 - NPM_Analyzer - INFO - Cleaning temporary folder 'temp/@types_serve-index'...
2025-11-09 00:09:58,735 - NPM_Analyzer - INFO - Cleanup completed.
2025-11-09 10:31:39,874 - NPM_Analyzer - INFO - Fetching metadata for '@types/serve-index'...
2025-11-09 10:31:40,035 - NPM_Analyzer - INFO - Found 18 versions. Starting download into 'temp/@types_serve-index'...
2025-11-09 10:31:53,821 - BlankSpaceAnalyzer - INFO - Analyzing 18 versions for '*.js' in '@types_serve-index'.
2025-11-09 10:31:53,821 - BlankSpaceAnalyzer - INFO - -> Analyzing version 1.7.14-alpha (1/18)...
2025-11-09 10:31:53,822 - BlankSpaceAnalyzer - INFO - -> Analyzing version 1.7.15-alpha (2/18)...
2025-11-09 10:31:53,823 - BlankSpaceAnalyzer - INFO - -> Analyzing version 1.7.20-alpha (3/18)...
2025-11-09 10:31:53,824 - BlankSpaceAnalyzer - INFO - -> Analyzing version 1.7.21-alpha (4/18)...
2025-11-09 10:31:53,824 - BlankSpaceAnalyzer - INFO - -> Analyzing version 1.7.22-alpha (5/18)...
2025-11-09 10:31:53,825 - BlankSpaceAnalyzer - INFO - -> Analyzing version 1.7.23-alpha (6/18)...
2025-11-09 10:31:53,825 - BlankSpaceAnalyzer - INFO - -> Analyzing version 1.7.24-alpha (7/18)...
2025-11-09 10:31:53,826 - BlankSpaceAnalyzer - INFO - -> Analyzing version 1.7.25-alpha (8/18)...
2025-11-09 10:31:53,826 - BlankSpaceAnalyzer - INFO - -> Analyzing version 1.7.26-alpha (9/18)...
2025-11-09 10:31:53,827 - BlankSpaceAnalyzer - INFO - -> Analyzing version 1.7.27 (10/18)...
2025-11-09 10:31:53,828 - BlankSpaceAnalyzer - INFO - -> Analyzing version 1.7.28 (11/18)...
2025-11-09 10:31:53,828 - BlankSpaceAnalyzer - INFO - -> Analyzing version 1.7.29 (12/18)...
2025-11-09 10:31:53,829 - BlankSpaceAnalyzer - INFO - -> Analyzing version 1.7.30 (13/18)...
2025-11-09 10:31:53,829 - BlankSpaceAnalyzer - INFO - -> Analyzing version 1.9.0 (14/18)...
2025-11-09 10:31:53,830 - BlankSpaceAnalyzer - INFO - -> Analyzing version 1.9.1 (15/18)...
2025-11-09 10:31:53,830 - BlankSpaceAnalyzer - INFO - -> Analyzing version 1.9.2 (16/18)...
2025-11-09 10:31:53,831 - BlankSpaceAnalyzer - INFO - -> Analyzing version 1.9.3 (17/18)...
2025-11-09 10:31:53,832 - BlankSpaceAnalyzer - INFO - -> Analyzing version 1.9.4 (18/18)...
2025-11-09 10:31:53,833 - BlankSpaceAnalyzer - INFO - Exporting results for '@types/serve-index' to CSV...
2025-11-09 10:31:53,833 - BlankSpaceAnalyzer - WARNING - No files analyzed. CSV files will be empty.
2025-11-09 10:31:53,834 - NPM_Analyzer - INFO - Cleaning temporary folder 'temp/@types_serve-index'...
2025-11-09 10:31:53,842 - NPM_Analyzer - INFO - Cleanup completed.
2025-11-09 21:07:46,089 - NPM_Analyzer - INFO - Fetching metadata for '@types/serve-index'...
2025-11-09 21:07:46,230 - NPM_Analyzer - INFO - Found 18 versions. Starting download into 'temp/@types_serve-index'...
2025-11-09 21:08:00,261 - BlankSpaceAnalyzer - INFO - Analyzing 18 versions for '*.js' in '@types_serve-index'.
2025-11-09 21:08:00,261 - BlankSpaceAnalyzer - INFO - -> Analyzing version 1.7.14-alpha (1/18)...
2025-11-09 21:08:00,262 - BlankSpaceAnalyzer - INFO - -> Analyzing version 1.7.15-alpha (2/18)...
2025-11-09 21:08:00,262 - BlankSpaceAnalyzer - INFO - -> Analyzing version 1.7.20-alpha (3/18)...
2025-11-09 21:08:00,262 - BlankSpaceAnalyzer - INFO - -> Analyzing version 1.7.21-alpha (4/18)...
2025-11-09 21:08:00,262 - BlankSpaceAnalyzer - INFO - -> Analyzing version 1.7.22-alpha (5/18)...
2025-11-09 21:08:00,262 - BlankSpaceAnalyzer - INFO - -> Analyzing version 1.7.23-alpha (6/18)...
2025-11-09 21:08:00,262 - BlankSpaceAnalyzer - INFO - -> Analyzing version 1.7.24-alpha (7/18)...
2025-11-09 21:08:00,262 - BlankSpaceAnalyzer - INFO - -> Analyzing version 1.7.25-alpha (8/18)...
2025-11-09 21:08:00,263 - BlankSpaceAnalyzer - INFO - -> Analyzing version 1.7.26-alpha (9/18)...
2025-11-09 21:08:00,263 - BlankSpaceAnalyzer - INFO - -> Analyzing version 1.7.27 (10/18)...
2025-11-09 21:08:00,263 - BlankSpaceAnalyzer - INFO - -> Analyzing version 1.7.28 (11/18)...
2025-11-09 21:08:00,263 - BlankSpaceAnalyzer - INFO - -> Analyzing version 1.7.29 (12/18)...
2025-11-09 21:08:00,263 - BlankSpaceAnalyzer - INFO - -> Analyzing version 1.7.30 (13/18)...
2025-11-09 21:08:00,263 - BlankSpaceAnalyzer - INFO - -> Analyzing version 1.9.0 (14/18)...
2025-11-09 21:08:00,263 - BlankSpaceAnalyzer - INFO - -> Analyzing version 1.9.1 (15/18)...
2025-11-09 21:08:00,263 - BlankSpaceAnalyzer - INFO - -> Analyzing version 1.9.2 (16/18)...
2025-11-09 21:08:00,264 - BlankSpaceAnalyzer - INFO - -> Analyzing version 1.9.3 (17/18)...
2025-11-09 21:08:00,264 - BlankSpaceAnalyzer - INFO - -> Analyzing version 1.9.4 (18/18)...
2025-11-09 21:08:00,264 - BlankSpaceAnalyzer - INFO - Exporting results for '@types/serve-index' to CSV...
2025-11-09 21:08:00,264 - BlankSpaceAnalyzer - WARNING - No files analyzed. CSV files will be empty.
2025-11-09 21:08:00,264 - NPM_Analyzer - INFO - Cleaning temporary folder 'temp/@types_serve-index'...
2025-11-09 21:08:00,266 - NPM_Analyzer - INFO - Cleanup completed.
2025-11-10 07:25:19,721 - NPM_Analyzer - INFO - Fetching metadata for '@types/serve-index'...
2025-11-10 07:25:19,844 - NPM_Analyzer - INFO - Found 18 versions. Starting download into 'temp/@types_serve-index'...
2025-11-10 07:25:33,574 - BlankSpaceAnalyzer - INFO - Analyzing 18 versions for '*.js' in '@types_serve-index'.
2025-11-10 07:25:33,574 - BlankSpaceAnalyzer - INFO - -> Analyzing version 1.7.14-alpha (1/18)...
2025-11-10 07:25:33,575 - BlankSpaceAnalyzer - INFO - -> Analyzing version 1.7.15-alpha (2/18)...
2025-11-10 07:25:33,575 - BlankSpaceAnalyzer - INFO - -> Analyzing version 1.7.20-alpha (3/18)...
2025-11-10 07:25:33,576 - BlankSpaceAnalyzer - INFO - -> Analyzing version 1.7.21-alpha (4/18)...
2025-11-10 07:25:33,576 - BlankSpaceAnalyzer - INFO - -> Analyzing version 1.7.22-alpha (5/18)...
2025-11-10 07:25:33,577 - BlankSpaceAnalyzer - INFO - -> Analyzing version 1.7.23-alpha (6/18)...
2025-11-10 07:25:33,577 - BlankSpaceAnalyzer - INFO - -> Analyzing version 1.7.24-alpha (7/18)...
2025-11-10 07:25:33,578 - BlankSpaceAnalyzer - INFO - -> Analyzing version 1.7.25-alpha (8/18)...
2025-11-10 07:25:33,578 - BlankSpaceAnalyzer - INFO - -> Analyzing version 1.7.26-alpha (9/18)...
2025-11-10 07:25:33,579 - BlankSpaceAnalyzer - INFO - -> Analyzing version 1.7.27 (10/18)...
2025-11-10 07:25:33,579 - BlankSpaceAnalyzer - INFO - -> Analyzing version 1.7.28 (11/18)...
2025-11-10 07:25:33,580 - BlankSpaceAnalyzer - INFO - -> Analyzing version 1.7.29 (12/18)...
2025-11-10 07:25:33,580 - BlankSpaceAnalyzer - INFO - -> Analyzing version 1.7.30 (13/18)...
2025-11-10 07:25:33,581 - BlankSpaceAnalyzer - INFO - -> Analyzing version 1.9.0 (14/18)...
2025-11-10 07:25:33,581 - BlankSpaceAnalyzer - INFO - -> Analyzing version 1.9.1 (15/18)...
2025-11-10 07:25:33,582 - BlankSpaceAnalyzer - INFO - -> Analyzing version 1.9.2 (16/18)...
2025-11-10 07:25:33,582 - BlankSpaceAnalyzer - INFO - -> Analyzing version 1.9.3 (17/18)...
2025-11-10 07:25:33,583 - BlankSpaceAnalyzer - INFO - -> Analyzing version 1.9.4 (18/18)...
2025-11-10 07:25:33,584 - BlankSpaceAnalyzer - INFO - Exporting results for '@types/serve-index' to CSV...
2025-11-10 07:25:33,584 - BlankSpaceAnalyzer - WARNING - No files analyzed. CSV files will be empty.
2025-11-10 07:25:33,585 - NPM_Analyzer - INFO - Cleaning temporary folder 'temp/@types_serve-index'...
2025-11-10 07:25:33,594 - NPM_Analyzer - INFO - Cleanup completed.
2025-11-10 17:42:43,013 - NPM_Analyzer - INFO - Fetching metadata for '@types/serve-index'...
2025-11-10 17:42:43,147 - NPM_Analyzer - INFO - Found 18 versions. Starting download into 'temp/@types_serve-index'...
2025-11-10 17:42:56,737 - BlankSpaceAnalyzer - INFO - Analyzing 18 versions for '*.js' in '@types_serve-index'.
2025-11-10 17:42:56,738 - BlankSpaceAnalyzer - INFO - -> Analyzing version 1.7.14-alpha (1/18)...
2025-11-10 17:42:56,738 - BlankSpaceAnalyzer - INFO - -> Analyzing version 1.7.15-alpha (2/18)...
2025-11-10 17:42:56,739 - BlankSpaceAnalyzer - INFO - -> Analyzing version 1.7.20-alpha (3/18)...
2025-11-10 17:42:56,740 - BlankSpaceAnalyzer - INFO - -> Analyzing version 1.7.21-alpha (4/18)...
2025-11-10 17:42:56,740 - BlankSpaceAnalyzer - INFO - -> Analyzing version 1.7.22-alpha (5/18)...
2025-11-10 17:42:56,741 - BlankSpaceAnalyzer - INFO - -> Analyzing version 1.7.23-alpha (6/18)...
2025-11-10 17:42:56,741 - BlankSpaceAnalyzer - INFO - -> Analyzing version 1.7.24-alpha (7/18)...
2025-11-10 17:42:56,742 - BlankSpaceAnalyzer - INFO - -> Analyzing version 1.7.25-alpha (8/18)...
2025-11-10 17:42:56,742 - BlankSpaceAnalyzer - INFO - -> Analyzing version 1.7.26-alpha (9/18)...
2025-11-10 17:42:56,743 - BlankSpaceAnalyzer - INFO - -> Analyzing version 1.7.27 (10/18)...
2025-11-10 17:42:56,743 - BlankSpaceAnalyzer - INFO - -> Analyzing version 1.7.28 (11/18)...
2025-11-10 17:42:56,744 - BlankSpaceAnalyzer - INFO - -> Analyzing version 1.7.29 (12/18)...
2025-11-10 17:42:56,745 - BlankSpaceAnalyzer - INFO - -> Analyzing version 1.7.30 (13/18)...
2025-11-10 17:42:56,745 - BlankSpaceAnalyzer - INFO - -> Analyzing version 1.9.0 (14/18)...
2025-11-10 17:42:56,746 - BlankSpaceAnalyzer - INFO - -> Analyzing version 1.9.1 (15/18)...
2025-11-10 17:42:56,746 - BlankSpaceAnalyzer - INFO - -> Analyzing version 1.9.2 (16/18)...
2025-11-10 17:42:56,747 - BlankSpaceAnalyzer - INFO - -> Analyzing version 1.9.3 (17/18)...
2025-11-10 17:42:56,747 - BlankSpaceAnalyzer - INFO - -> Analyzing version 1.9.4 (18/18)...
2025-11-10 17:42:56,748 - BlankSpaceAnalyzer - INFO - Exporting results for '@types/serve-index' to CSV...
2025-11-10 17:42:56,749 - BlankSpaceAnalyzer - WARNING - No files analyzed. CSV files will be empty.
2025-11-10 17:42:56,749 - NPM_Analyzer - INFO - Cleaning temporary folder 'temp/@types_serve-index'...
2025-11-10 17:42:56,758 - NPM_Analyzer - INFO - Cleanup completed.
2025-11-11 04:11:44,306 - NPM_Analyzer - INFO - Fetching metadata for '@types/serve-index'...
2025-11-11 04:11:44,424 - NPM_Analyzer - INFO - Found 18 versions. Starting download into 'temp/@types_serve-index'...
2025-11-11 04:11:59,034 - BlankSpaceAnalyzer - INFO - Analyzing 18 versions for '*.js' in '@types_serve-index'.
2025-11-11 04:11:59,035 - BlankSpaceAnalyzer - INFO - -> Analyzing version 1.7.14-alpha (1/18)...
2025-11-11 04:11:59,035 - BlankSpaceAnalyzer - INFO - -> Analyzing version 1.7.15-alpha (2/18)...
2025-11-11 04:11:59,036 - BlankSpaceAnalyzer - INFO - -> Analyzing version 1.7.20-alpha (3/18)...
2025-11-11 04:11:59,036 - BlankSpaceAnalyzer - INFO - -> Analyzing version 1.7.21-alpha (4/18)...
2025-11-11 04:11:59,037 - BlankSpaceAnalyzer - INFO - -> Analyzing version 1.7.22-alpha (5/18)...
2025-11-11 04:11:59,037 - BlankSpaceAnalyzer - INFO - -> Analyzing version 1.7.23-alpha (6/18)...
2025-11-11 04:11:59,038 - BlankSpaceAnalyzer - INFO - -> Analyzing version 1.7.24-alpha (7/18)...
2025-11-11 04:11:59,038 - BlankSpaceAnalyzer - INFO - -> Analyzing version 1.7.25-alpha (8/18)...
2025-11-11 04:11:59,039 - BlankSpaceAnalyzer - INFO - -> Analyzing version 1.7.26-alpha (9/18)...
2025-11-11 04:11:59,039 - BlankSpaceAnalyzer - INFO - -> Analyzing version 1.7.27 (10/18)...
2025-11-11 04:11:59,040 - BlankSpaceAnalyzer - INFO - -> Analyzing version 1.7.28 (11/18)...
2025-11-11 04:11:59,040 - BlankSpaceAnalyzer - INFO - -> Analyzing version 1.7.29 (12/18)...
2025-11-11 04:11:59,041 - BlankSpaceAnalyzer - INFO - -> Analyzing version 1.7.30 (13/18)...
2025-11-11 04:11:59,042 - BlankSpaceAnalyzer - INFO - -> Analyzing version 1.9.0 (14/18)...
2025-11-11 04:11:59,043 - BlankSpaceAnalyzer - INFO - -> Analyzing version 1.9.1 (15/18)...
2025-11-11 04:11:59,044 - BlankSpaceAnalyzer - INFO - -> Analyzing version 1.9.2 (16/18)...
2025-11-11 04:11:59,044 - BlankSpaceAnalyzer - INFO - -> Analyzing version 1.9.3 (17/18)...
2025-11-11 04:11:59,045 - BlankSpaceAnalyzer - INFO - -> Analyzing version 1.9.4 (18/18)...
2025-11-11 04:11:59,046 - BlankSpaceAnalyzer - INFO - Exporting results for '@types/serve-index' to CSV...
2025-11-11 04:11:59,047 - BlankSpaceAnalyzer - WARNING - No files analyzed. CSV files will be empty.
2025-11-11 04:11:59,047 - NPM_Analyzer - INFO - Cleaning temporary folder 'temp/@types_serve-index'...
2025-11-11 04:11:59,055 - NPM_Analyzer - INFO - Cleanup completed.
2025-11-11 14:30:47,065 - NPM_Analyzer - INFO - Fetching metadata for '@types/serve-index'...
2025-11-11 14:30:47,170 - NPM_Analyzer - INFO - Found 18 versions. Starting download into 'temp/@types_serve-index'...
2025-11-11 14:31:00,478 - BlankSpaceAnalyzer - INFO - Analyzing 18 versions for '*.js' in '@types_serve-index'.
2025-11-11 14:31:00,478 - BlankSpaceAnalyzer - INFO - -> Analyzing version 1.7.14-alpha (1/18)...
2025-11-11 14:31:00,479 - BlankSpaceAnalyzer - INFO - -> Analyzing version 1.7.15-alpha (2/18)...
2025-11-11 14:31:00,479 - BlankSpaceAnalyzer - INFO - -> Analyzing version 1.7.20-alpha (3/18)...
2025-11-11 14:31:00,480 - BlankSpaceAnalyzer - INFO - -> Analyzing version 1.7.21-alpha (4/18)...
2025-11-11 14:31:00,481 - BlankSpaceAnalyzer - INFO - -> Analyzing version 1.7.22-alpha (5/18)...
2025-11-11 14:31:00,481 - BlankSpaceAnalyzer - INFO - -> Analyzing version 1.7.23-alpha (6/18)...
2025-11-11 14:31:00,482 - BlankSpaceAnalyzer - INFO - -> Analyzing version 1.7.24-alpha (7/18)...
2025-11-11 14:31:00,482 - BlankSpaceAnalyzer - INFO - -> Analyzing version 1.7.25-alpha (8/18)...
2025-11-11 14:31:00,483 - BlankSpaceAnalyzer - INFO - -> Analyzing version 1.7.26-alpha (9/18)...
2025-11-11 14:31:00,483 - BlankSpaceAnalyzer - INFO - -> Analyzing version 1.7.27 (10/18)...
2025-11-11 14:31:00,484 - BlankSpaceAnalyzer - INFO - -> Analyzing version 1.7.28 (11/18)...
2025-11-11 14:31:00,484 - BlankSpaceAnalyzer - INFO - -> Analyzing version 1.7.29 (12/18)...
2025-11-11 14:31:00,485 - BlankSpaceAnalyzer - INFO - -> Analyzing version 1.7.30 (13/18)...
2025-11-11 14:31:00,486 - BlankSpaceAnalyzer - INFO - -> Analyzing version 1.9.0 (14/18)...
2025-11-11 14:31:00,486 - BlankSpaceAnalyzer - INFO - -> Analyzing version 1.9.1 (15/18)...
2025-11-11 14:31:00,487 - BlankSpaceAnalyzer - INFO - -> Analyzing version 1.9.2 (16/18)...
2025-11-11 14:31:00,487 - BlankSpaceAnalyzer - INFO - -> Analyzing version 1.9.3 (17/18)...
2025-11-11 14:31:00,488 - BlankSpaceAnalyzer - INFO - -> Analyzing version 1.9.4 (18/18)...
2025-11-11 14:31:00,490 - BlankSpaceAnalyzer - INFO - Exporting results for '@types/serve-index' to CSV...
2025-11-11 14:31:00,490 - BlankSpaceAnalyzer - WARNING - No files analyzed. CSV files will be empty.
2025-11-11 14:31:00,490 - NPM_Analyzer - INFO - Cleaning temporary folder 'temp/@types_serve-index'...
2025-11-11 14:31:00,499 - NPM_Analyzer - INFO - Cleanup completed.
2025-11-12 01:21:48,109 - NPM_Analyzer - INFO - Fetching metadata for '@types/serve-index'...
2025-11-12 01:21:48,262 - NPM_Analyzer - INFO - Found 18 versions. Starting download into 'temp/@types_serve-index'...
2025-11-12 01:22:03,558 - BlankSpaceAnalyzer - INFO - Analyzing 18 versions for '*.js' in '@types_serve-index'.
2025-11-12 01:22:03,558 - BlankSpaceAnalyzer - INFO - -> Analyzing version 1.7.14-alpha (1/18)...
2025-11-12 01:22:03,559 - BlankSpaceAnalyzer - INFO - -> Analyzing version 1.7.15-alpha (2/18)...
2025-11-12 01:22:03,559 - BlankSpaceAnalyzer - INFO - -> Analyzing version 1.7.20-alpha (3/18)...
2025-11-12 01:22:03,560 - BlankSpaceAnalyzer - INFO - -> Analyzing version 1.7.21-alpha (4/18)...
2025-11-12 01:22:03,561 - BlankSpaceAnalyzer - INFO - -> Analyzing version 1.7.22-alpha (5/18)...
2025-11-12 01:22:03,561 - BlankSpaceAnalyzer - INFO - -> Analyzing version 1.7.23-alpha (6/18)...
2025-11-12 01:22:03,562 - BlankSpaceAnalyzer - INFO - -> Analyzing version 1.7.24-alpha (7/18)...
2025-11-12 01:22:03,562 - BlankSpaceAnalyzer - INFO - -> Analyzing version 1.7.25-alpha (8/18)...
2025-11-12 01:22:03,563 - BlankSpaceAnalyzer - INFO - -> Analyzing version 1.7.26-alpha (9/18)...
2025-11-12 01:22:03,563 - BlankSpaceAnalyzer - INFO - -> Analyzing version 1.7.27 (10/18)...
2025-11-12 01:22:03,564 - BlankSpaceAnalyzer - INFO - -> Analyzing version 1.7.28 (11/18)...
2025-11-12 01:22:03,564 - BlankSpaceAnalyzer - INFO - -> Analyzing version 1.7.29 (12/18)...
2025-11-12 01:22:03,565 - BlankSpaceAnalyzer - INFO - -> Analyzing version 1.7.30 (13/18)...
2025-11-12 01:22:03,565 - BlankSpaceAnalyzer - INFO - -> Analyzing version 1.9.0 (14/18)...
2025-11-12 01:22:03,566 - BlankSpaceAnalyzer - INFO - -> Analyzing version 1.9.1 (15/18)...
2025-11-12 01:22:03,566 - BlankSpaceAnalyzer - INFO - -> Analyzing version 1.9.2 (16/18)...
2025-11-12 01:22:03,567 - BlankSpaceAnalyzer - INFO - -> Analyzing version 1.9.3 (17/18)...
2025-11-12 01:22:03,567 - BlankSpaceAnalyzer - INFO - -> Analyzing version 1.9.4 (18/18)...
2025-11-12 01:22:03,569 - BlankSpaceAnalyzer - INFO - Exporting results for '@types/serve-index' to CSV...
2025-11-12 01:22:03,569 - BlankSpaceAnalyzer - WARNING - No files analyzed. CSV files will be empty.
2025-11-12 01:22:03,570 - NPM_Analyzer - INFO - Cleaning temporary folder 'temp/@types_serve-index'...
2025-11-12 01:22:03,578 - NPM_Analyzer - INFO - Cleanup completed.
2025-11-12 11:49:19,061 - NPM_Analyzer - INFO - Fetching metadata for '@types/serve-index'...
2025-11-12 11:49:19,158 - NPM_Analyzer - INFO - Found 18 versions. Starting download into 'temp/@types_serve-index'...
2025-11-12 11:49:31,788 - BlankSpaceAnalyzer - INFO - Analyzing 18 versions for '*.js' in '@types_serve-index'.
2025-11-12 11:49:31,788 - BlankSpaceAnalyzer - INFO - -> Analyzing version 1.7.14-alpha (1/18)...
2025-11-12 11:49:31,788 - BlankSpaceAnalyzer - INFO - -> Analyzing version 1.7.15-alpha (2/18)...
2025-11-12 11:49:31,788 - BlankSpaceAnalyzer - INFO - -> Analyzing version 1.7.20-alpha (3/18)...
2025-11-12 11:49:31,788 - BlankSpaceAnalyzer - INFO - -> Analyzing version 1.7.21-alpha (4/18)...
2025-11-12 11:49:31,788 - BlankSpaceAnalyzer - INFO - -> Analyzing version 1.7.22-alpha (5/18)...
2025-11-12 11:49:31,789 - BlankSpaceAnalyzer - INFO - -> Analyzing version 1.7.23-alpha (6/18)...
2025-11-12 11:49:31,789 - BlankSpaceAnalyzer - INFO - -> Analyzing version 1.7.24-alpha (7/18)...
2025-11-12 11:49:31,789 - BlankSpaceAnalyzer - INFO - -> Analyzing version 1.7.25-alpha (8/18)...
2025-11-12 11:49:31,789 - BlankSpaceAnalyzer - INFO - -> Analyzing version 1.7.26-alpha (9/18)...
2025-11-12 11:49:31,789 - BlankSpaceAnalyzer - INFO - -> Analyzing version 1.7.27 (10/18)...
2025-11-12 11:49:31,789 - BlankSpaceAnalyzer - INFO - -> Analyzing version 1.7.28 (11/18)...
2025-11-12 11:49:31,789 - BlankSpaceAnalyzer - INFO - -> Analyzing version 1.7.29 (12/18)...
2025-11-12 11:49:31,789 - BlankSpaceAnalyzer - INFO - -> Analyzing version 1.7.30 (13/18)...
2025-11-12 11:49:31,789 - BlankSpaceAnalyzer - INFO - -> Analyzing version 1.9.0 (14/18)...
2025-11-12 11:49:31,790 - BlankSpaceAnalyzer - INFO - -> Analyzing version 1.9.1 (15/18)...
2025-11-12 11:49:31,790 - BlankSpaceAnalyzer - INFO - -> Analyzing version 1.9.2 (16/18)...
2025-11-12 11:49:31,790 - BlankSpaceAnalyzer - INFO - -> Analyzing version 1.9.3 (17/18)...
2025-11-12 11:49:31,790 - BlankSpaceAnalyzer - INFO - -> Analyzing version 1.9.4 (18/18)...
2025-11-12 11:49:31,790 - BlankSpaceAnalyzer - INFO - Exporting results for '@types/serve-index' to CSV...
2025-11-12 11:49:31,790 - BlankSpaceAnalyzer - WARNING - No files analyzed. CSV files will be empty.
2025-11-12 11:49:31,790 - NPM_Analyzer - INFO - Cleaning temporary folder 'temp/@types_serve-index'...
2025-11-12 11:49:31,792 - NPM_Analyzer - INFO - Cleanup completed.
2025-11-12 22:34:06,656 - NPM_Analyzer - INFO - Fetching metadata for '@types/serve-index'...
2025-11-12 22:34:06,777 - NPM_Analyzer - INFO - Found 18 versions. Starting download into 'temp/@types_serve-index'...
2025-11-12 22:34:19,888 - BlankSpaceAnalyzer - INFO - Analyzing 18 versions for '*.js' in '@types_serve-index'.
2025-11-12 22:34:19,888 - BlankSpaceAnalyzer - INFO - -> Analyzing version 1.7.14-alpha (1/18)...
2025-11-12 22:34:19,889 - BlankSpaceAnalyzer - INFO - -> Analyzing version 1.7.15-alpha (2/18)...
2025-11-12 22:34:19,889 - BlankSpaceAnalyzer - INFO - -> Analyzing version 1.7.20-alpha (3/18)...
2025-11-12 22:34:19,890 - BlankSpaceAnalyzer - INFO - -> Analyzing version 1.7.21-alpha (4/18)...
2025-11-12 22:34:19,890 - BlankSpaceAnalyzer - INFO - -> Analyzing version 1.7.22-alpha (5/18)...
2025-11-12 22:34:19,891 - BlankSpaceAnalyzer - INFO - -> Analyzing version 1.7.23-alpha (6/18)...
2025-11-12 22:34:19,892 - BlankSpaceAnalyzer - INFO - -> Analyzing version 1.7.24-alpha (7/18)...
2025-11-12 22:34:19,892 - BlankSpaceAnalyzer - INFO - -> Analyzing version 1.7.25-alpha (8/18)...
2025-11-12 22:34:19,893 - BlankSpaceAnalyzer - INFO - -> Analyzing version 1.7.26-alpha (9/18)...
2025-11-12 22:34:19,893 - BlankSpaceAnalyzer - INFO - -> Analyzing version 1.7.27 (10/18)...
2025-11-12 22:34:19,894 - BlankSpaceAnalyzer - INFO - -> Analyzing version 1.7.28 (11/18)...
2025-11-12 22:34:19,894 - BlankSpaceAnalyzer - INFO - -> Analyzing version 1.7.29 (12/18)...
2025-11-12 22:34:19,895 - BlankSpaceAnalyzer - INFO - -> Analyzing version 1.7.30 (13/18)...
2025-11-12 22:34:19,895 - BlankSpaceAnalyzer - INFO - -> Analyzing version 1.9.0 (14/18)...
2025-11-12 22:34:19,896 - BlankSpaceAnalyzer - INFO - -> Analyzing version 1.9.1 (15/18)...
2025-11-12 22:34:19,896 - BlankSpaceAnalyzer - INFO - -> Analyzing version 1.9.2 (16/18)...
2025-11-12 22:34:19,897 - BlankSpaceAnalyzer - INFO - -> Analyzing version 1.9.3 (17/18)...
2025-11-12 22:34:19,897 - BlankSpaceAnalyzer - INFO - -> Analyzing version 1.9.4 (18/18)...
2025-11-12 22:34:19,899 - BlankSpaceAnalyzer - INFO - Exporting results for '@types/serve-index' to CSV...
2025-11-12 22:34:19,899 - BlankSpaceAnalyzer - WARNING - No files analyzed. CSV files will be empty.
2025-11-12 22:34:19,899 - NPM_Analyzer - INFO - Cleaning temporary folder 'temp/@types_serve-index'...
2025-11-12 22:34:19,907 - NPM_Analyzer - INFO - Cleanup completed.
2025-11-13 08:59:15,585 - NPM_Analyzer - INFO - Fetching metadata for '@types/serve-index'...
2025-11-13 08:59:15,693 - NPM_Analyzer - INFO - Found 18 versions. Starting download into 'temp/@types_serve-index'...
2025-11-13 08:59:28,982 - BlankSpaceAnalyzer - INFO - Analyzing 18 versions for '*.js' in '@types_serve-index'.
2025-11-13 08:59:28,982 - BlankSpaceAnalyzer - INFO - -> Analyzing version 1.7.14-alpha (1/18)...
2025-11-13 08:59:28,983 - BlankSpaceAnalyzer - INFO - -> Analyzing version 1.7.15-alpha (2/18)...
2025-11-13 08:59:28,984 - BlankSpaceAnalyzer - INFO - -> Analyzing version 1.7.20-alpha (3/18)...
2025-11-13 08:59:28,985 - BlankSpaceAnalyzer - INFO - -> Analyzing version 1.7.21-alpha (4/18)...
2025-11-13 08:59:28,985 - BlankSpaceAnalyzer - INFO - -> Analyzing version 1.7.22-alpha (5/18)...
2025-11-13 08:59:28,986 - BlankSpaceAnalyzer - INFO - -> Analyzing version 1.7.23-alpha (6/18)...
2025-11-13 08:59:28,986 - BlankSpaceAnalyzer - INFO - -> Analyzing version 1.7.24-alpha (7/18)...
2025-11-13 08:59:28,987 - BlankSpaceAnalyzer - INFO - -> Analyzing version 1.7.25-alpha (8/18)...
2025-11-13 08:59:28,988 - BlankSpaceAnalyzer - INFO - -> Analyzing version 1.7.26-alpha (9/18)...
2025-11-13 08:59:28,988 - BlankSpaceAnalyzer - INFO - -> Analyzing version 1.7.27 (10/18)...
2025-11-13 08:59:28,989 - BlankSpaceAnalyzer - INFO - -> Analyzing version 1.7.28 (11/18)...
2025-11-13 08:59:28,989 - BlankSpaceAnalyzer - INFO - -> Analyzing version 1.7.29 (12/18)...
2025-11-13 08:59:28,990 - BlankSpaceAnalyzer - INFO - -> Analyzing version 1.7.30 (13/18)...
2025-11-13 08:59:28,990 - BlankSpaceAnalyzer - INFO - -> Analyzing version 1.9.0 (14/18)...
2025-11-13 08:59:28,991 - BlankSpaceAnalyzer - INFO - -> Analyzing version 1.9.1 (15/18)...
2025-11-13 08:59:28,992 - BlankSpaceAnalyzer - INFO - -> Analyzing version 1.9.2 (16/18)...
2025-11-13 08:59:28,992 - BlankSpaceAnalyzer - INFO - -> Analyzing version 1.9.3 (17/18)...
2025-11-13 08:59:28,993 - BlankSpaceAnalyzer - INFO - -> Analyzing version 1.9.4 (18/18)...
2025-11-13 08:59:28,994 - BlankSpaceAnalyzer - INFO - Exporting results for '@types/serve-index' to CSV...
2025-11-13 08:59:28,995 - BlankSpaceAnalyzer - WARNING - No files analyzed. CSV files will be empty.
2025-11-13 08:59:28,995 - NPM_Analyzer - INFO - Cleaning temporary folder 'temp/@types_serve-index'...
2025-11-13 08:59:29,004 - NPM_Analyzer - INFO - Cleanup completed.
2025-11-13 19:32:24,205 - NPM_Analyzer - INFO - Fetching metadata for '@types/serve-index'...
2025-11-13 19:32:24,317 - NPM_Analyzer - INFO - Found 18 versions. Starting download into 'temp/@types_serve-index'...
2025-11-13 19:32:37,539 - BlankSpaceAnalyzer - INFO - Analyzing 18 versions for '*.js' in '@types_serve-index'.
2025-11-13 19:32:37,539 - BlankSpaceAnalyzer - INFO - -> Analyzing version 1.7.14-alpha (1/18)...
2025-11-13 19:32:37,540 - BlankSpaceAnalyzer - INFO - -> Analyzing version 1.7.15-alpha (2/18)...
2025-11-13 19:32:37,541 - BlankSpaceAnalyzer - INFO - -> Analyzing version 1.7.20-alpha (3/18)...
2025-11-13 19:32:37,541 - BlankSpaceAnalyzer - INFO - -> Analyzing version 1.7.21-alpha (4/18)...
2025-11-13 19:32:37,542 - BlankSpaceAnalyzer - INFO - -> Analyzing version 1.7.22-alpha (5/18)...
2025-11-13 19:32:37,542 - BlankSpaceAnalyzer - INFO - -> Analyzing version 1.7.23-alpha (6/18)...
2025-11-13 19:32:37,543 - BlankSpaceAnalyzer - INFO - -> Analyzing version 1.7.24-alpha (7/18)...
2025-11-13 19:32:37,544 - BlankSpaceAnalyzer - INFO - -> Analyzing version 1.7.25-alpha (8/18)...
2025-11-13 19:32:37,544 - BlankSpaceAnalyzer - INFO - -> Analyzing version 1.7.26-alpha (9/18)...
2025-11-13 19:32:37,545 - BlankSpaceAnalyzer - INFO - -> Analyzing version 1.7.27 (10/18)...
2025-11-13 19:32:37,545 - BlankSpaceAnalyzer - INFO - -> Analyzing version 1.7.28 (11/18)...
2025-11-13 19:32:37,546 - BlankSpaceAnalyzer - INFO - -> Analyzing version 1.7.29 (12/18)...
2025-11-13 19:32:37,546 - BlankSpaceAnalyzer - INFO - -> Analyzing version 1.7.30 (13/18)...
2025-11-13 19:32:37,547 - BlankSpaceAnalyzer - INFO - -> Analyzing version 1.9.0 (14/18)...
2025-11-13 19:32:37,548 - BlankSpaceAnalyzer - INFO - -> Analyzing version 1.9.1 (15/18)...
2025-11-13 19:32:37,548 - BlankSpaceAnalyzer - INFO - -> Analyzing version 1.9.2 (16/18)...
2025-11-13 19:32:37,549 - BlankSpaceAnalyzer - INFO - -> Analyzing version 1.9.3 (17/18)...
2025-11-13 19:32:37,549 - BlankSpaceAnalyzer - INFO - -> Analyzing version 1.9.4 (18/18)...
2025-11-13 19:32:37,551 - BlankSpaceAnalyzer - INFO - Exporting results for '@types/serve-index' to CSV...
2025-11-13 19:32:37,551 - BlankSpaceAnalyzer - WARNING - No files analyzed. CSV files will be empty.
2025-11-13 19:32:37,552 - NPM_Analyzer - INFO - Cleaning temporary folder 'temp/@types_serve-index'...
2025-11-13 19:32:37,560 - NPM_Analyzer - INFO - Cleanup completed.
2025-11-14 06:03:05,221 - NPM_Analyzer - INFO - Fetching metadata for '@types/serve-index'...
2025-11-14 06:03:05,323 - NPM_Analyzer - INFO - Found 18 versions. Starting download into 'temp/@types_serve-index'...
2025-11-14 06:03:19,123 - BlankSpaceAnalyzer - INFO - Analyzing 18 versions for '*.js' in '@types_serve-index'.
2025-11-14 06:03:19,123 - BlankSpaceAnalyzer - INFO - -> Analyzing version 1.7.14-alpha (1/18)...
2025-11-14 06:03:19,124 - BlankSpaceAnalyzer - INFO - -> Analyzing version 1.7.15-alpha (2/18)...
2025-11-14 06:03:19,124 - BlankSpaceAnalyzer - INFO - -> Analyzing version 1.7.20-alpha (3/18)...
2025-11-14 06:03:19,125 - BlankSpaceAnalyzer - INFO - -> Analyzing version 1.7.21-alpha (4/18)...
2025-11-14 06:03:19,126 - BlankSpaceAnalyzer - INFO - -> Analyzing version 1.7.22-alpha (5/18)...
2025-11-14 06:03:19,126 - BlankSpaceAnalyzer - INFO - -> Analyzing version 1.7.23-alpha (6/18)...
2025-11-14 06:03:19,127 - BlankSpaceAnalyzer - INFO - -> Analyzing version 1.7.24-alpha (7/18)...
2025-11-14 06:03:19,127 - BlankSpaceAnalyzer - INFO - -> Analyzing version 1.7.25-alpha (8/18)...
2025-11-14 06:03:19,128 - BlankSpaceAnalyzer - INFO - -> Analyzing version 1.7.26-alpha (9/18)...
2025-11-14 06:03:19,128 - BlankSpaceAnalyzer - INFO - -> Analyzing version 1.7.27 (10/18)...
2025-11-14 06:03:19,129 - BlankSpaceAnalyzer - INFO - -> Analyzing version 1.7.28 (11/18)...
2025-11-14 06:03:19,129 - BlankSpaceAnalyzer - INFO - -> Analyzing version 1.7.29 (12/18)...
2025-11-14 06:03:19,130 - BlankSpaceAnalyzer - INFO - -> Analyzing version 1.7.30 (13/18)...
2025-11-14 06:03:19,130 - BlankSpaceAnalyzer - INFO - -> Analyzing version 1.9.0 (14/18)...
2025-11-14 06:03:19,131 - BlankSpaceAnalyzer - INFO - -> Analyzing version 1.9.1 (15/18)...
2025-11-14 06:03:19,131 - BlankSpaceAnalyzer - INFO - -> Analyzing version 1.9.2 (16/18)...
2025-11-14 06:03:19,132 - BlankSpaceAnalyzer - INFO - -> Analyzing version 1.9.3 (17/18)...
2025-11-14 06:03:19,132 - BlankSpaceAnalyzer - INFO - -> Analyzing version 1.9.4 (18/18)...
2025-11-14 06:03:19,134 - BlankSpaceAnalyzer - INFO - Exporting results for '@types/serve-index' to CSV...
2025-11-14 06:03:19,134 - BlankSpaceAnalyzer - WARNING - No files analyzed. CSV files will be empty.
2025-11-14 06:03:19,134 - NPM_Analyzer - INFO - Cleaning temporary folder 'temp/@types_serve-index'...
2025-11-14 06:03:19,143 - NPM_Analyzer - INFO - Cleanup completed.
2025-11-14 16:28:57,823 - NPM_Analyzer - INFO - Fetching metadata for '@types/serve-index'...
2025-11-14 16:28:57,930 - NPM_Analyzer - INFO - Found 18 versions. Starting download into 'temp/@types_serve-index'...
2025-11-14 16:29:12,115 - BlankSpaceAnalyzer - INFO - Analyzing 18 versions for '*.js' in '@types_serve-index'.
2025-11-14 16:29:12,115 - BlankSpaceAnalyzer - INFO - -> Analyzing version 1.7.14-alpha (1/18)...
2025-11-14 16:29:12,116 - BlankSpaceAnalyzer - INFO - -> Analyzing version 1.7.15-alpha (2/18)...
2025-11-14 16:29:12,116 - BlankSpaceAnalyzer - INFO - -> Analyzing version 1.7.20-alpha (3/18)...
2025-11-14 16:29:12,117 - BlankSpaceAnalyzer - INFO - -> Analyzing version 1.7.21-alpha (4/18)...
2025-11-14 16:29:12,117 - BlankSpaceAnalyzer - INFO - -> Analyzing version 1.7.22-alpha (5/18)...
2025-11-14 16:29:12,118 - BlankSpaceAnalyzer - INFO - -> Analyzing version 1.7.23-alpha (6/18)...
2025-11-14 16:29:12,119 - BlankSpaceAnalyzer - INFO - -> Analyzing version 1.7.24-alpha (7/18)...
2025-11-14 16:29:12,119 - BlankSpaceAnalyzer - INFO - -> Analyzing version 1.7.25-alpha (8/18)...
2025-11-14 16:29:12,120 - BlankSpaceAnalyzer - INFO - -> Analyzing version 1.7.26-alpha (9/18)...
2025-11-14 16:29:12,120 - BlankSpaceAnalyzer - INFO - -> Analyzing version 1.7.27 (10/18)...
2025-11-14 16:29:12,121 - BlankSpaceAnalyzer - INFO - -> Analyzing version 1.7.28 (11/18)...
2025-11-14 16:29:12,121 - BlankSpaceAnalyzer - INFO - -> Analyzing version 1.7.29 (12/18)...
2025-11-14 16:29:12,122 - BlankSpaceAnalyzer - INFO - -> Analyzing version 1.7.30 (13/18)...
2025-11-14 16:29:12,122 - BlankSpaceAnalyzer - INFO - -> Analyzing version 1.9.0 (14/18)...
2025-11-14 16:29:12,123 - BlankSpaceAnalyzer - INFO - -> Analyzing version 1.9.1 (15/18)...
2025-11-14 16:29:12,123 - BlankSpaceAnalyzer - INFO - -> Analyzing version 1.9.2 (16/18)...
2025-11-14 16:29:12,124 - BlankSpaceAnalyzer - INFO - -> Analyzing version 1.9.3 (17/18)...
2025-11-14 16:29:12,124 - BlankSpaceAnalyzer - INFO - -> Analyzing version 1.9.4 (18/18)...
2025-11-14 16:29:12,126 - BlankSpaceAnalyzer - INFO - Exporting results for '@types/serve-index' to CSV...
2025-11-14 16:29:12,126 - BlankSpaceAnalyzer - WARNING - No files analyzed. CSV files will be empty.
2025-11-14 16:29:12,126 - NPM_Analyzer - INFO - Cleaning temporary folder 'temp/@types_serve-index'...
2025-11-14 16:29:12,134 - NPM_Analyzer - INFO - Cleanup completed.
2025-11-15 03:10:58,829 - NPM_Analyzer - INFO - Fetching metadata for '@types/serve-index'...
2025-11-15 03:10:58,994 - NPM_Analyzer - INFO - Found 18 versions. Starting download into 'temp/@types_serve-index'...
2025-11-15 03:11:11,461 - BlankSpaceAnalyzer - INFO - Analyzing 18 versions for '*.js' in '@types_serve-index'.
2025-11-15 03:11:11,461 - BlankSpaceAnalyzer - INFO - -> Analyzing version 1.7.14-alpha (1/18)...
2025-11-15 03:11:11,461 - BlankSpaceAnalyzer - INFO - -> Analyzing version 1.7.15-alpha (2/18)...
2025-11-15 03:11:11,462 - BlankSpaceAnalyzer - INFO - -> Analyzing version 1.7.20-alpha (3/18)...
2025-11-15 03:11:11,462 - BlankSpaceAnalyzer - INFO - -> Analyzing version 1.7.21-alpha (4/18)...
2025-11-15 03:11:11,462 - BlankSpaceAnalyzer - INFO - -> Analyzing version 1.7.22-alpha (5/18)...
2025-11-15 03:11:11,462 - BlankSpaceAnalyzer - INFO - -> Analyzing version 1.7.23-alpha (6/18)...
2025-11-15 03:11:11,463 - BlankSpaceAnalyzer - INFO - -> Analyzing version 1.7.24-alpha (7/18)...
2025-11-15 03:11:11,463 - BlankSpaceAnalyzer - INFO - -> Analyzing version 1.7.25-alpha (8/18)...
2025-11-15 03:11:11,463 - BlankSpaceAnalyzer - INFO - -> Analyzing version 1.7.26-alpha (9/18)...
2025-11-15 03:11:11,463 - BlankSpaceAnalyzer - INFO - -> Analyzing version 1.7.27 (10/18)...
2025-11-15 03:11:11,463 - BlankSpaceAnalyzer - INFO - -> Analyzing version 1.7.28 (11/18)...
2025-11-15 03:11:11,463 - BlankSpaceAnalyzer - INFO - -> Analyzing version 1.7.29 (12/18)...
2025-11-15 03:11:11,463 - BlankSpaceAnalyzer - INFO - -> Analyzing version 1.7.30 (13/18)...
2025-11-15 03:11:11,463 - BlankSpaceAnalyzer - INFO - -> Analyzing version 1.9.0 (14/18)...
2025-11-15 03:11:11,464 - BlankSpaceAnalyzer - INFO - -> Analyzing version 1.9.1 (15/18)...
2025-11-15 03:11:11,464 - BlankSpaceAnalyzer - INFO - -> Analyzing version 1.9.2 (16/18)...
2025-11-15 03:11:11,464 - BlankSpaceAnalyzer - INFO - -> Analyzing version 1.9.3 (17/18)...
2025-11-15 03:11:11,464 - BlankSpaceAnalyzer - INFO - -> Analyzing version 1.9.4 (18/18)...
2025-11-15 03:11:11,464 - BlankSpaceAnalyzer - INFO - Exporting results for '@types/serve-index' to CSV...
2025-11-15 03:11:11,464 - BlankSpaceAnalyzer - WARNING - No files analyzed. CSV files will be empty.
2025-11-15 03:11:11,464 - NPM_Analyzer - INFO - Cleaning temporary folder 'temp/@types_serve-index'...
2025-11-15 03:11:11,466 - NPM_Analyzer - INFO - Cleanup completed.
2025-11-15 13:43:57,661 - NPM_Analyzer - INFO - Fetching metadata for '@types/serve-index'...
2025-11-15 13:43:57,801 - NPM_Analyzer - INFO - Found 18 versions. Starting download into 'temp/@types_serve-index'...
2025-11-15 13:44:11,414 - BlankSpaceAnalyzer - INFO - Analyzing 18 versions for '*.js' in '@types_serve-index'.
2025-11-15 13:44:11,414 - BlankSpaceAnalyzer - INFO - -> Analyzing version 1.7.14-alpha (1/18)...
2025-11-15 13:44:11,415 - BlankSpaceAnalyzer - INFO - -> Analyzing version 1.7.15-alpha (2/18)...
2025-11-15 13:44:11,415 - BlankSpaceAnalyzer - INFO - -> Analyzing version 1.7.20-alpha (3/18)...
2025-11-15 13:44:11,415 - BlankSpaceAnalyzer - INFO - -> Analyzing version 1.7.21-alpha (4/18)...
2025-11-15 13:44:11,415 - BlankSpaceAnalyzer - INFO - -> Analyzing version 1.7.22-alpha (5/18)...
2025-11-15 13:44:11,415 - BlankSpaceAnalyzer - INFO - -> Analyzing version 1.7.23-alpha (6/18)...
2025-11-15 13:44:11,415 - BlankSpaceAnalyzer - INFO - -> Analyzing version 1.7.24-alpha (7/18)...
2025-11-15 13:44:11,415 - BlankSpaceAnalyzer - INFO - -> Analyzing version 1.7.25-alpha (8/18)...
2025-11-15 13:44:11,415 - BlankSpaceAnalyzer - INFO - -> Analyzing version 1.7.26-alpha (9/18)...
2025-11-15 13:44:11,416 - BlankSpaceAnalyzer - INFO - -> Analyzing version 1.7.27 (10/18)...
2025-11-15 13:44:11,416 - BlankSpaceAnalyzer - INFO - -> Analyzing version 1.7.28 (11/18)...
2025-11-15 13:44:11,416 - BlankSpaceAnalyzer - INFO - -> Analyzing version 1.7.29 (12/18)...
2025-11-15 13:44:11,416 - BlankSpaceAnalyzer - INFO - -> Analyzing version 1.7.30 (13/18)...
2025-11-15 13:44:11,416 - BlankSpaceAnalyzer - INFO - -> Analyzing version 1.9.0 (14/18)...
2025-11-15 13:44:11,416 - BlankSpaceAnalyzer - INFO - -> Analyzing version 1.9.1 (15/18)...
2025-11-15 13:44:11,416 - BlankSpaceAnalyzer - INFO - -> Analyzing version 1.9.2 (16/18)...
2025-11-15 13:44:11,417 - BlankSpaceAnalyzer - INFO - -> Analyzing version 1.9.3 (17/18)...
2025-11-15 13:44:11,417 - BlankSpaceAnalyzer - INFO - -> Analyzing version 1.9.4 (18/18)...
2025-11-15 13:44:11,417 - BlankSpaceAnalyzer - INFO - Exporting results for '@types/serve-index' to CSV...
2025-11-15 13:44:11,417 - BlankSpaceAnalyzer - WARNING - No files analyzed. CSV files will be empty.
2025-11-15 13:44:11,417 - NPM_Analyzer - INFO - Cleaning temporary folder 'temp/@types_serve-index'...
2025-11-15 13:44:11,419 - NPM_Analyzer - INFO - Cleanup completed.
2025-11-16 00:17:20,505 - NPM_Analyzer - INFO - Fetching metadata for '@types/serve-index'...
2025-11-16 00:17:20,602 - NPM_Analyzer - INFO - Found 18 versions. Starting download into 'temp/@types_serve-index'...
2025-11-16 00:17:34,773 - BlankSpaceAnalyzer - INFO - Analyzing 18 versions for '*.js' in '@types_serve-index'.
2025-11-16 00:17:34,773 - BlankSpaceAnalyzer - INFO - -> Analyzing version 1.7.14-alpha (1/18)...
2025-11-16 00:17:34,774 - BlankSpaceAnalyzer - INFO - -> Analyzing version 1.7.15-alpha (2/18)...
2025-11-16 00:17:34,774 - BlankSpaceAnalyzer - INFO - -> Analyzing version 1.7.20-alpha (3/18)...
2025-11-16 00:17:34,774 - BlankSpaceAnalyzer - INFO - -> Analyzing version 1.7.21-alpha (4/18)...
2025-11-16 00:17:34,774 - BlankSpaceAnalyzer - INFO - -> Analyzing version 1.7.22-alpha (5/18)...
2025-11-16 00:17:34,774 - BlankSpaceAnalyzer - INFO - -> Analyzing version 1.7.23-alpha (6/18)...
2025-11-16 00:17:34,775 - BlankSpaceAnalyzer - INFO - -> Analyzing version 1.7.24-alpha (7/18)...
2025-11-16 00:17:34,775 - BlankSpaceAnalyzer - INFO - -> Analyzing version 1.7.25-alpha (8/18)...
2025-11-16 00:17:34,775 - BlankSpaceAnalyzer - INFO - -> Analyzing version 1.7.26-alpha (9/18)...
2025-11-16 00:17:34,775 - BlankSpaceAnalyzer - INFO - -> Analyzing version 1.7.27 (10/18)...
2025-11-16 00:17:34,776 - BlankSpaceAnalyzer - INFO - -> Analyzing version 1.7.28 (11/18)...
2025-11-16 00:17:34,776 - BlankSpaceAnalyzer - INFO - -> Analyzing version 1.7.29 (12/18)...
2025-11-16 00:17:34,776 - BlankSpaceAnalyzer - INFO - -> Analyzing version 1.7.30 (13/18)...
2025-11-16 00:17:34,776 - BlankSpaceAnalyzer - INFO - -> Analyzing version 1.9.0 (14/18)...
2025-11-16 00:17:34,776 - BlankSpaceAnalyzer - INFO - -> Analyzing version 1.9.1 (15/18)...
2025-11-16 00:17:34,777 - BlankSpaceAnalyzer - INFO - -> Analyzing version 1.9.2 (16/18)...
2025-11-16 00:17:34,777 - BlankSpaceAnalyzer - INFO - -> Analyzing version 1.9.3 (17/18)...
2025-11-16 00:17:34,777 - BlankSpaceAnalyzer - INFO - -> Analyzing version 1.9.4 (18/18)...
2025-11-16 00:17:34,778 - BlankSpaceAnalyzer - INFO - Exporting results for '@types/serve-index' to CSV...
2025-11-16 00:17:34,778 - BlankSpaceAnalyzer - WARNING - No files analyzed. CSV files will be empty.
2025-11-16 00:17:34,778 - NPM_Analyzer - INFO - Cleaning temporary folder 'temp/@types_serve-index'...
2025-11-16 00:17:34,782 - NPM_Analyzer - INFO - Cleanup completed.
2025-11-16 10:39:50,114 - NPM_Analyzer - INFO - Fetching metadata for '@types/serve-index'...
2025-11-16 10:39:50,226 - NPM_Analyzer - INFO - Found 18 versions. Starting download into 'temp/@types_serve-index'...
2025-11-16 10:40:04,626 - BlankSpaceAnalyzer - INFO - Analyzing 18 versions for '*.js' in '@types_serve-index'.
2025-11-16 10:40:04,627 - BlankSpaceAnalyzer - INFO - -> Analyzing version 1.7.14-alpha (1/18)...
2025-11-16 10:40:04,628 - BlankSpaceAnalyzer - INFO - -> Analyzing version 1.7.15-alpha (2/18)...
2025-11-16 10:40:04,628 - BlankSpaceAnalyzer - INFO - -> Analyzing version 1.7.20-alpha (3/18)...
2025-11-16 10:40:04,629 - BlankSpaceAnalyzer - INFO - -> Analyzing version 1.7.21-alpha (4/18)...
2025-11-16 10:40:04,630 - BlankSpaceAnalyzer - INFO - -> Analyzing version 1.7.22-alpha (5/18)...
2025-11-16 10:40:04,630 - BlankSpaceAnalyzer - INFO - -> Analyzing version 1.7.23-alpha (6/18)...
2025-11-16 10:40:04,631 - BlankSpaceAnalyzer - INFO - -> Analyzing version 1.7.24-alpha (7/18)...
2025-11-16 10:40:04,631 - BlankSpaceAnalyzer - INFO - -> Analyzing version 1.7.25-alpha (8/18)...
2025-11-16 10:40:04,632 - BlankSpaceAnalyzer - INFO - -> Analyzing version 1.7.26-alpha (9/18)...
2025-11-16 10:40:04,632 - BlankSpaceAnalyzer - INFO - -> Analyzing version 1.7.27 (10/18)...
2025-11-16 10:40:04,633 - BlankSpaceAnalyzer - INFO - -> Analyzing version 1.7.28 (11/18)...
2025-11-16 10:40:04,633 - BlankSpaceAnalyzer - INFO - -> Analyzing version 1.7.29 (12/18)...
2025-11-16 10:40:04,634 - BlankSpaceAnalyzer - INFO - -> Analyzing version 1.7.30 (13/18)...
2025-11-16 10:40:04,635 - BlankSpaceAnalyzer - INFO - -> Analyzing version 1.9.0 (14/18)...
2025-11-16 10:40:04,635 - BlankSpaceAnalyzer - INFO - -> Analyzing version 1.9.1 (15/18)...
2025-11-16 10:40:04,636 - BlankSpaceAnalyzer - INFO - -> Analyzing version 1.9.2 (16/18)...
2025-11-16 10:40:04,636 - BlankSpaceAnalyzer - INFO - -> Analyzing version 1.9.3 (17/18)...
2025-11-16 10:40:04,637 - BlankSpaceAnalyzer - INFO - -> Analyzing version 1.9.4 (18/18)...
2025-11-16 10:40:04,639 - BlankSpaceAnalyzer - INFO - Exporting results for '@types/serve-index' to CSV...
2025-11-16 10:40:04,639 - BlankSpaceAnalyzer - WARNING - No files analyzed. CSV files will be empty.
2025-11-16 10:40:04,640 - NPM_Analyzer - INFO - Cleaning temporary folder 'temp/@types_serve-index'...
2025-11-16 10:40:04,646 - NPM_Analyzer - INFO - Cleanup completed.
2025-11-16 21:10:54,016 - NPM_Analyzer - INFO - Fetching metadata for '@types/serve-index'...
2025-11-16 21:10:54,126 - NPM_Analyzer - INFO - Found 18 versions. Starting download into 'temp/@types_serve-index'...
2025-11-16 21:11:07,785 - BlankSpaceAnalyzer - INFO - Analyzing 18 versions for '*.js' in '@types_serve-index'.
2025-11-16 21:11:07,786 - BlankSpaceAnalyzer - INFO - -> Analyzing version 1.7.14-alpha (1/18)...
2025-11-16 21:11:07,786 - BlankSpaceAnalyzer - INFO - -> Analyzing version 1.7.15-alpha (2/18)...
2025-11-16 21:11:07,787 - BlankSpaceAnalyzer - INFO - -> Analyzing version 1.7.20-alpha (3/18)...
2025-11-16 21:11:07,788 - BlankSpaceAnalyzer - INFO - -> Analyzing version 1.7.21-alpha (4/18)...
2025-11-16 21:11:07,788 - BlankSpaceAnalyzer - INFO - -> Analyzing version 1.7.22-alpha (5/18)...
2025-11-16 21:11:07,789 - BlankSpaceAnalyzer - INFO - -> Analyzing version 1.7.23-alpha (6/18)...
2025-11-16 21:11:07,789 - BlankSpaceAnalyzer - INFO - -> Analyzing version 1.7.24-alpha (7/18)...
2025-11-16 21:11:07,790 - BlankSpaceAnalyzer - INFO - -> Analyzing version 1.7.25-alpha (8/18)...
2025-11-16 21:11:07,791 - BlankSpaceAnalyzer - INFO - -> Analyzing version 1.7.26-alpha (9/18)...
2025-11-16 21:11:07,791 - BlankSpaceAnalyzer - INFO - -> Analyzing version 1.7.27 (10/18)...
2025-11-16 21:11:07,792 - BlankSpaceAnalyzer - INFO - -> Analyzing version 1.7.28 (11/18)...
2025-11-16 21:11:07,792 - BlankSpaceAnalyzer - INFO - -> Analyzing version 1.7.29 (12/18)...
2025-11-16 21:11:07,793 - BlankSpaceAnalyzer - INFO - -> Analyzing version 1.7.30 (13/18)...
2025-11-16 21:11:07,794 - BlankSpaceAnalyzer - INFO - -> Analyzing version 1.9.0 (14/18)...
2025-11-16 21:11:07,794 - BlankSpaceAnalyzer - INFO - -> Analyzing version 1.9.1 (15/18)...
2025-11-16 21:11:07,795 - BlankSpaceAnalyzer - INFO - -> Analyzing version 1.9.2 (16/18)...
2025-11-16 21:11:07,795 - BlankSpaceAnalyzer - INFO - -> Analyzing version 1.9.3 (17/18)...
2025-11-16 21:11:07,796 - BlankSpaceAnalyzer - INFO - -> Analyzing version 1.9.4 (18/18)...
2025-11-16 21:11:07,797 - BlankSpaceAnalyzer - INFO - Exporting results for '@types/serve-index' to CSV...
2025-11-16 21:11:07,798 - BlankSpaceAnalyzer - WARNING - No files analyzed. CSV files will be empty.
2025-11-16 21:11:07,798 - NPM_Analyzer - INFO - Cleaning temporary folder 'temp/@types_serve-index'...
2025-11-16 21:11:07,807 - NPM_Analyzer - INFO - Cleanup completed.
