2025-10-30 09:05:23,521 - NPM_Analyzer - INFO - Fetching metadata for '@opentelemetry/sdk-node'...
2025-10-30 09:05:23,779 - NPM_Analyzer - INFO - Found 234 versions. Starting download into 'temp/@opentelemetry_sdk-node'...
2025-10-30 09:10:31,204 - BlankSpaceAnalyzer - INFO - Analyzing 234 versions for '*.js' in '@opentelemetry_sdk-node'.
2025-10-30 09:10:31,205 - BlankSpaceAnalyzer - INFO - -> Analyzing version 0.10.0 (1/234)...
2025-10-30 09:10:31,312 - BlankSpaceAnalyzer - INFO - -> Analyzing version 0.10.1 (2/234)...
2025-10-30 09:10:31,400 - BlankSpaceAnalyzer - INFO - -> Analyzing version 0.10.2 (3/234)...
2025-10-30 09:10:31,489 - BlankSpaceAnalyzer - INFO - -> Analyzing version 0.10.3-alpha.28 (4/234)...
2025-10-30 09:10:31,586 - BlankSpaceAnalyzer - INFO - -> Analyzing version 0.10.3-alpha.34 (5/234)...
2025-10-30 09:10:31,675 - BlankSpaceAnalyzer - INFO - -> Analyzing version 0.10.3-alpha.35 (6/234)...
2025-10-30 09:10:31,771 - BlankSpaceAnalyzer - INFO - -> Analyzing version 0.10.3-alpha.40 (7/234)...
2025-10-30 09:10:31,860 - BlankSpaceAnalyzer - INFO - -> Analyzing version 0.10.3-alpha.41 (8/234)...
2025-10-30 09:10:31,949 - BlankSpaceAnalyzer - INFO - -> Analyzing version 0.10.3-alpha.44 (9/234)...
2025-10-30 09:10:32,038 - BlankSpaceAnalyzer - INFO - -> Analyzing version 0.10.3-canary.0 (10/234)...
2025-10-30 09:10:32,127 - BlankSpaceAnalyzer - INFO - -> Analyzing version 0.11.0 (11/234)...
2025-10-30 09:10:32,216 - BlankSpaceAnalyzer - INFO - -> Analyzing version 0.11.1-alpha.10 (12/234)...
2025-10-30 09:10:32,304 - BlankSpaceAnalyzer - INFO - -> Analyzing version 0.11.1-alpha.14 (13/234)...
2025-10-30 09:10:32,394 - BlankSpaceAnalyzer - INFO - -> Analyzing version 0.11.1-alpha.15 (14/234)...
2025-10-30 09:10:32,483 - BlankSpaceAnalyzer - INFO - -> Analyzing version 0.11.1-alpha.28 (15/234)...
2025-10-30 09:10:32,579 - BlankSpaceAnalyzer - INFO - -> Analyzing version 0.11.1-alpha.35 (16/234)...
2025-10-30 09:10:32,676 - BlankSpaceAnalyzer - INFO - -> Analyzing version 0.11.1-alpha.36 (17/234)...
2025-10-30 09:10:32,765 - BlankSpaceAnalyzer - INFO - -> Analyzing version 0.11.1-alpha.44 (18/234)...
2025-10-30 09:10:32,854 - BlankSpaceAnalyzer - INFO - -> Analyzing version 0.11.1-alpha.48 (19/234)...
2025-10-30 09:10:32,943 - BlankSpaceAnalyzer - INFO - -> Analyzing version 0.11.1-alpha.53 (20/234)...
2025-10-30 09:10:33,038 - BlankSpaceAnalyzer - INFO - -> Analyzing version 0.12.0 (21/234)...
2025-10-30 09:10:33,130 - BlankSpaceAnalyzer - INFO - -> Analyzing version 0.12.1-alpha.4 (22/234)...
2025-10-30 09:10:33,220 - BlankSpaceAnalyzer - INFO - -> Analyzing version 0.12.1-alpha.54 (23/234)...
2025-10-30 09:10:33,314 - BlankSpaceAnalyzer - INFO - -> Analyzing version 0.12.1-alpha.7 (24/234)...
2025-10-30 09:10:33,401 - BlankSpaceAnalyzer - INFO - -> Analyzing version 0.13.0 (25/234)...
2025-10-30 09:10:33,496 - BlankSpaceAnalyzer - INFO - -> Analyzing version 0.14.0 (26/234)...
2025-10-30 09:10:33,593 - BlankSpaceAnalyzer - INFO - -> Analyzing version 0.15.0 (27/234)...
2025-10-30 09:10:33,682 - BlankSpaceAnalyzer - INFO - -> Analyzing version 0.16.0 (28/234)...
2025-10-30 09:10:33,778 - BlankSpaceAnalyzer - INFO - -> Analyzing version 0.16.1-alpha.10 (29/234)...
2025-10-30 09:10:33,869 - BlankSpaceAnalyzer - INFO - -> Analyzing version 0.16.1-alpha.11 (30/234)...
2025-10-30 09:10:33,965 - BlankSpaceAnalyzer - INFO - -> Analyzing version 0.16.1-alpha.12 (31/234)...
2025-10-30 09:10:34,055 - BlankSpaceAnalyzer - INFO - -> Analyzing version 0.16.1-alpha.14 (32/234)...
2025-10-30 09:10:34,144 - BlankSpaceAnalyzer - INFO - -> Analyzing version 0.16.1-alpha.15 (33/234)...
2025-10-30 09:10:34,233 - BlankSpaceAnalyzer - INFO - -> Analyzing version 0.16.1-alpha.18 (34/234)...
2025-10-30 09:10:34,322 - BlankSpaceAnalyzer - INFO - -> Analyzing version 0.16.1-alpha.20 (35/234)...
2025-10-30 09:10:34,410 - BlankSpaceAnalyzer - INFO - -> Analyzing version 0.16.1-alpha.6 (36/234)...
2025-10-30 09:10:34,499 - BlankSpaceAnalyzer - INFO - -> Analyzing version 0.17.0 (37/234)...
2025-10-30 09:10:34,588 - BlankSpaceAnalyzer - INFO - -> Analyzing version 0.17.1-alpha.10 (38/234)...
2025-10-30 09:10:34,684 - BlankSpaceAnalyzer - INFO - -> Analyzing version 0.17.1-alpha.11 (39/234)...
2025-10-30 09:10:34,773 - BlankSpaceAnalyzer - INFO - -> Analyzing version 0.17.1-alpha.2 (40/234)...
2025-10-30 09:10:34,863 - BlankSpaceAnalyzer - INFO - -> Analyzing version 0.17.1-alpha.21 (41/234)...
2025-10-30 09:10:34,951 - BlankSpaceAnalyzer - INFO - -> Analyzing version 0.17.1-alpha.3 (42/234)...
2025-10-30 09:10:35,041 - BlankSpaceAnalyzer - INFO - -> Analyzing version 0.17.1-alpha.5 (43/234)...
2025-10-30 09:10:35,130 - BlankSpaceAnalyzer - INFO - -> Analyzing version 0.17.1-alpha.8 (44/234)...
2025-10-30 09:10:35,219 - BlankSpaceAnalyzer - INFO - -> Analyzing version 0.18.0 (45/234)...
2025-10-30 09:10:35,308 - BlankSpaceAnalyzer - INFO - -> Analyzing version 0.18.1 (46/234)...
2025-10-30 09:10:35,398 - BlankSpaceAnalyzer - INFO - -> Analyzing version 0.18.1-alpha.11 (47/234)...
2025-10-30 09:10:35,487 - BlankSpaceAnalyzer - INFO - -> Analyzing version 0.18.1-alpha.12 (48/234)...
2025-10-30 09:10:35,584 - BlankSpaceAnalyzer - INFO - -> Analyzing version 0.18.1-alpha.13 (49/234)...
2025-10-30 09:10:35,681 - BlankSpaceAnalyzer - INFO - -> Analyzing version 0.18.1-alpha.15 (50/234)...
2025-10-30 09:10:35,770 - BlankSpaceAnalyzer - INFO - -> Analyzing version 0.18.1-alpha.16 (51/234)...
2025-10-30 09:10:35,866 - BlankSpaceAnalyzer - INFO - -> Analyzing version 0.18.1-alpha.20 (52/234)...
2025-10-30 09:10:35,957 - BlankSpaceAnalyzer - INFO - -> Analyzing version 0.18.1-alpha.21 (53/234)...
2025-10-30 09:10:36,046 - BlankSpaceAnalyzer - INFO - -> Analyzing version 0.18.1-alpha.23 (54/234)...
2025-10-30 09:10:36,134 - BlankSpaceAnalyzer - INFO - -> Analyzing version 0.18.1-alpha.24 (55/234)...
2025-10-30 09:10:36,223 - BlankSpaceAnalyzer - INFO - -> Analyzing version 0.18.1-alpha.25 (56/234)...
2025-10-30 09:10:36,314 - BlankSpaceAnalyzer - INFO - -> Analyzing version 0.18.1-alpha.26 (57/234)...
2025-10-30 09:10:36,403 - BlankSpaceAnalyzer - INFO - -> Analyzing version 0.18.1-alpha.3 (58/234)...
2025-10-30 09:10:36,492 - BlankSpaceAnalyzer - INFO - -> Analyzing version 0.18.1-alpha.8 (59/234)...
2025-10-30 09:10:36,582 - BlankSpaceAnalyzer - INFO - -> Analyzing version 0.18.2 (60/234)...
2025-10-30 09:10:36,683 - BlankSpaceAnalyzer - INFO - -> Analyzing version 0.18.2-alpha.1 (61/234)...
2025-10-30 09:10:36,770 - BlankSpaceAnalyzer - INFO - -> Analyzing version 0.18.2-alpha.81 (62/234)...
2025-10-30 09:10:36,868 - BlankSpaceAnalyzer - INFO - -> Analyzing version 0.18.3-alpha.1 (63/234)...
2025-10-30 09:10:36,957 - BlankSpaceAnalyzer - INFO - -> Analyzing version 0.18.3-alpha.10 (64/234)...
2025-10-30 09:10:37,047 - BlankSpaceAnalyzer - INFO - -> Analyzing version 0.18.3-alpha.11 (65/234)...
2025-10-30 09:10:37,136 - BlankSpaceAnalyzer - INFO - -> Analyzing version 0.18.3-alpha.12 (66/234)...
2025-10-30 09:10:37,229 - BlankSpaceAnalyzer - INFO - -> Analyzing version 0.18.3-alpha.14 (67/234)...
2025-10-30 09:10:37,323 - BlankSpaceAnalyzer - INFO - -> Analyzing version 0.18.3-alpha.15 (68/234)...
2025-10-30 09:10:37,412 - BlankSpaceAnalyzer - INFO - -> Analyzing version 0.18.3-alpha.16 (69/234)...
2025-10-30 09:10:37,501 - BlankSpaceAnalyzer - INFO - -> Analyzing version 0.18.3-alpha.17 (70/234)...
2025-10-30 09:10:37,590 - BlankSpaceAnalyzer - INFO - -> Analyzing version 0.18.3-alpha.18 (71/234)...
2025-10-30 09:10:37,692 - BlankSpaceAnalyzer - INFO - -> Analyzing version 0.18.3-alpha.2 (72/234)...
2025-10-30 09:10:37,789 - BlankSpaceAnalyzer - INFO - -> Analyzing version 0.18.3-alpha.20 (73/234)...
2025-10-30 09:10:37,878 - BlankSpaceAnalyzer - INFO - -> Analyzing version 0.18.3-alpha.23 (74/234)...
2025-10-30 09:10:37,968 - BlankSpaceAnalyzer - INFO - -> Analyzing version 0.18.3-alpha.25 (75/234)...
2025-10-30 09:10:38,065 - BlankSpaceAnalyzer - INFO - -> Analyzing version 0.18.3-alpha.27 (76/234)...
2025-10-30 09:10:38,155 - BlankSpaceAnalyzer - INFO - -> Analyzing version 0.18.3-alpha.28 (77/234)...
2025-10-30 09:10:38,245 - BlankSpaceAnalyzer - INFO - -> Analyzing version 0.18.3-alpha.29 (78/234)...
2025-10-30 09:10:38,334 - BlankSpaceAnalyzer - INFO - -> Analyzing version 0.18.3-alpha.3 (79/234)...
2025-10-30 09:10:38,427 - BlankSpaceAnalyzer - INFO - -> Analyzing version 0.18.3-alpha.30 (80/234)...
2025-10-30 09:10:38,522 - BlankSpaceAnalyzer - INFO - -> Analyzing version 0.18.3-alpha.31 (81/234)...
2025-10-30 09:10:38,614 - BlankSpaceAnalyzer - INFO - -> Analyzing version 0.18.3-alpha.32 (82/234)...
2025-10-30 09:10:38,710 - BlankSpaceAnalyzer - INFO - -> Analyzing version 0.18.3-alpha.33 (83/234)...
2025-10-30 09:10:38,806 - BlankSpaceAnalyzer - INFO - -> Analyzing version 0.18.3-alpha.35 (84/234)...
2025-10-30 09:10:38,895 - BlankSpaceAnalyzer - INFO - -> Analyzing version 0.18.3-alpha.4 (85/234)...
2025-10-30 09:10:38,984 - BlankSpaceAnalyzer - INFO - -> Analyzing version 0.18.3-alpha.5 (86/234)...
2025-10-30 09:10:39,074 - BlankSpaceAnalyzer - INFO - -> Analyzing version 0.18.3-alpha.7 (87/234)...
2025-10-30 09:10:39,172 - BlankSpaceAnalyzer - INFO - -> Analyzing version 0.18.3-alpha.9 (88/234)...
2025-10-30 09:10:39,262 - BlankSpaceAnalyzer - INFO - -> Analyzing version 0.19.0 (89/234)...
2025-10-30 09:10:39,358 - BlankSpaceAnalyzer - INFO - -> Analyzing version 0.19.1-alpha.11 (90/234)...
2025-10-30 09:10:39,448 - BlankSpaceAnalyzer - INFO - -> Analyzing version 0.19.1-alpha.12 (91/234)...
2025-10-30 09:10:39,543 - BlankSpaceAnalyzer - INFO - -> Analyzing version 0.19.1-alpha.13 (92/234)...
2025-10-30 09:10:39,634 - BlankSpaceAnalyzer - INFO - -> Analyzing version 0.19.1-alpha.14 (93/234)...
2025-10-30 09:10:39,723 - BlankSpaceAnalyzer - INFO - -> Analyzing version 0.19.1-alpha.15 (94/234)...
2025-10-30 09:10:39,812 - BlankSpaceAnalyzer - INFO - -> Analyzing version 0.19.1-alpha.18 (95/234)...
2025-10-30 09:10:39,902 - BlankSpaceAnalyzer - INFO - -> Analyzing version 0.19.1-alpha.19 (96/234)...
2025-10-30 09:10:39,991 - BlankSpaceAnalyzer - INFO - -> Analyzing version 0.19.1-alpha.21 (97/234)...
2025-10-30 09:10:40,088 - BlankSpaceAnalyzer - INFO - -> Analyzing version 0.19.1-alpha.22 (98/234)...
2025-10-30 09:10:40,178 - BlankSpaceAnalyzer - INFO - -> Analyzing version 0.19.1-alpha.23 (99/234)...
2025-10-30 09:10:40,266 - BlankSpaceAnalyzer - INFO - -> Analyzing version 0.19.1-alpha.25 (100/234)...
2025-10-30 09:10:40,362 - BlankSpaceAnalyzer - INFO - -> Analyzing version 0.19.1-alpha.26 (101/234)...
2025-10-30 09:10:40,459 - BlankSpaceAnalyzer - INFO - -> Analyzing version 0.19.1-alpha.27 (102/234)...
2025-10-30 09:10:40,549 - BlankSpaceAnalyzer - INFO - -> Analyzing version 0.19.1-alpha.28 (103/234)...
2025-10-30 09:10:40,639 - BlankSpaceAnalyzer - INFO - -> Analyzing version 0.19.1-alpha.29 (104/234)...
2025-10-30 09:10:40,729 - BlankSpaceAnalyzer - INFO - -> Analyzing version 0.19.1-alpha.31 (105/234)...
2025-10-30 09:10:40,817 - BlankSpaceAnalyzer - INFO - -> Analyzing version 0.19.1-alpha.33 (106/234)...
2025-10-30 09:10:40,907 - BlankSpaceAnalyzer - INFO - -> Analyzing version 0.19.1-alpha.35 (107/234)...
2025-10-30 09:10:40,996 - BlankSpaceAnalyzer - INFO - -> Analyzing version 0.19.1-alpha.36 (108/234)...
2025-10-30 09:10:41,085 - BlankSpaceAnalyzer - INFO - -> Analyzing version 0.19.1-alpha.37 (109/234)...
2025-10-30 09:10:41,182 - BlankSpaceAnalyzer - INFO - -> Analyzing version 0.19.1-alpha.39 (110/234)...
2025-10-30 09:10:41,273 - BlankSpaceAnalyzer - INFO - -> Analyzing version 0.19.1-alpha.40 (111/234)...
2025-10-30 09:10:41,368 - BlankSpaceAnalyzer - INFO - -> Analyzing version 0.19.1-alpha.41 (112/234)...
2025-10-30 09:10:41,459 - BlankSpaceAnalyzer - INFO - -> Analyzing version 0.19.1-alpha.42 (113/234)...
2025-10-30 09:10:41,547 - BlankSpaceAnalyzer - INFO - -> Analyzing version 0.19.1-alpha.43 (114/234)...
2025-10-30 09:10:41,636 - BlankSpaceAnalyzer - INFO - -> Analyzing version 0.19.1-alpha.44 (115/234)...
2025-10-30 09:10:41,725 - BlankSpaceAnalyzer - INFO - -> Analyzing version 0.19.1-alpha.7 (116/234)...
2025-10-30 09:10:41,815 - BlankSpaceAnalyzer - INFO - -> Analyzing version 0.19.1-alpha.9 (117/234)...
2025-10-30 09:10:41,903 - BlankSpaceAnalyzer - INFO - -> Analyzing version 0.20.0 (118/234)...
2025-10-30 09:10:41,992 - BlankSpaceAnalyzer - INFO - -> Analyzing version 0.20.1-alpha.3 (119/234)...
2025-10-30 09:10:42,081 - BlankSpaceAnalyzer - INFO - -> Analyzing version 0.20.1-alpha.4 (120/234)...
2025-10-30 09:10:42,170 - BlankSpaceAnalyzer - INFO - -> Analyzing version 0.20.1-alpha.49 (121/234)...
2025-10-30 09:10:42,268 - BlankSpaceAnalyzer - INFO - -> Analyzing version 0.20.1-alpha.5 (122/234)...
2025-10-30 09:10:42,357 - BlankSpaceAnalyzer - INFO - -> Analyzing version 0.200.0 (123/234)...
2025-10-30 09:10:42,447 - BlankSpaceAnalyzer - INFO - -> Analyzing version 0.200.0-dev.0 (124/234)...
2025-10-30 09:10:42,536 - BlankSpaceAnalyzer - INFO - -> Analyzing version 0.200.0-dev.1 (125/234)...
2025-10-30 09:10:42,626 - BlankSpaceAnalyzer - INFO - -> Analyzing version 0.200.0-rc.1 (126/234)...
2025-10-30 09:10:42,719 - BlankSpaceAnalyzer - INFO - -> Analyzing version 0.201.0 (127/234)...
2025-10-30 09:10:42,807 - BlankSpaceAnalyzer - INFO - -> Analyzing version 0.201.1 (128/234)...
2025-10-30 09:10:42,896 - BlankSpaceAnalyzer - INFO - -> Analyzing version 0.202.0 (129/234)...
2025-10-30 09:10:42,986 - BlankSpaceAnalyzer - INFO - -> Analyzing version 0.203.0 (130/234)...
2025-10-30 09:10:43,085 - BlankSpaceAnalyzer - INFO - -> Analyzing version 0.204.0 (131/234)...
2025-10-30 09:10:43,175 - BlankSpaceAnalyzer - INFO - -> Analyzing version 0.205.0 (132/234)...
2025-10-30 09:10:43,266 - BlankSpaceAnalyzer - INFO - -> Analyzing version 0.206.0 (133/234)...
2025-10-30 09:10:43,355 - BlankSpaceAnalyzer - INFO - -> Analyzing version 0.207.0 (134/234)...
2025-10-30 09:10:43,445 - BlankSpaceAnalyzer - INFO - -> Analyzing version 0.21.0 (135/234)...
2025-10-30 09:10:43,535 - BlankSpaceAnalyzer - INFO - -> Analyzing version 0.21.1-alpha.1 (136/234)...
2025-10-30 09:10:43,624 - BlankSpaceAnalyzer - INFO - -> Analyzing version 0.21.1-alpha.2 (137/234)...
2025-10-30 09:10:43,712 - BlankSpaceAnalyzer - INFO - -> Analyzing version 0.21.1-alpha.3 (138/234)...
2025-10-30 09:10:43,802 - BlankSpaceAnalyzer - INFO - -> Analyzing version 0.21.1-alpha.7 (139/234)...
2025-10-30 09:10:43,891 - BlankSpaceAnalyzer - INFO - -> Analyzing version 0.22.0 (140/234)...
2025-10-30 09:10:43,988 - BlankSpaceAnalyzer - INFO - -> Analyzing version 0.22.1-alpha.13 (141/234)...
2025-10-30 09:10:44,078 - BlankSpaceAnalyzer - INFO - -> Analyzing version 0.22.1-alpha.14 (142/234)...
2025-10-30 09:10:44,168 - BlankSpaceAnalyzer - INFO - -> Analyzing version 0.22.1-alpha.15 (143/234)...
2025-10-30 09:10:44,265 - BlankSpaceAnalyzer - INFO - -> Analyzing version 0.22.1-alpha.16 (144/234)...
2025-10-30 09:10:44,355 - BlankSpaceAnalyzer - INFO - -> Analyzing version 0.22.1-alpha.2 (145/234)...
2025-10-30 09:10:44,445 - BlankSpaceAnalyzer - INFO - -> Analyzing version 0.22.1-alpha.3 (146/234)...
2025-10-30 09:10:44,534 - BlankSpaceAnalyzer - INFO - -> Analyzing version 0.22.1-alpha.4 (147/234)...
2025-10-30 09:10:44,623 - BlankSpaceAnalyzer - INFO - -> Analyzing version 0.22.1-alpha.5 (148/234)...
2025-10-30 09:10:44,712 - BlankSpaceAnalyzer - INFO - -> Analyzing version 0.22.1-alpha.8 (149/234)...
2025-10-30 09:10:44,801 - BlankSpaceAnalyzer - INFO - -> Analyzing version 0.22.1-alpha.9 (150/234)...
2025-10-30 09:10:44,890 - BlankSpaceAnalyzer - INFO - -> Analyzing version 0.23.0 (151/234)...
2025-10-30 09:10:44,986 - BlankSpaceAnalyzer - INFO - -> Analyzing version 0.23.1-alpha.12 (152/234)...
2025-10-30 09:10:45,076 - BlankSpaceAnalyzer - INFO - -> Analyzing version 0.23.1-alpha.15 (153/234)...
2025-10-30 09:10:45,166 - BlankSpaceAnalyzer - INFO - -> Analyzing version 0.23.1-alpha.16 (154/234)...
2025-10-30 09:10:45,255 - BlankSpaceAnalyzer - INFO - -> Analyzing version 0.23.1-alpha.17 (155/234)...
2025-10-30 09:10:45,345 - BlankSpaceAnalyzer - INFO - -> Analyzing version 0.23.1-alpha.18 (156/234)...
2025-10-30 09:10:45,438 - BlankSpaceAnalyzer - INFO - -> Analyzing version 0.23.1-alpha.23 (157/234)...
2025-10-30 09:10:45,525 - BlankSpaceAnalyzer - INFO - -> Analyzing version 0.23.1-alpha.24 (158/234)...
2025-10-30 09:10:45,615 - BlankSpaceAnalyzer - INFO - -> Analyzing version 0.23.1-alpha.26 (159/234)...
2025-10-30 09:10:45,709 - BlankSpaceAnalyzer - INFO - -> Analyzing version 0.23.1-alpha.28 (160/234)...
2025-10-30 09:10:45,796 - BlankSpaceAnalyzer - INFO - -> Analyzing version 0.23.1-alpha.3 (161/234)...
2025-10-30 09:10:45,885 - BlankSpaceAnalyzer - INFO - -> Analyzing version 0.24.0 (162/234)...
2025-10-30 09:10:45,981 - BlankSpaceAnalyzer - INFO - -> Analyzing version 0.24.1-alpha.1 (163/234)...
2025-10-30 09:10:46,070 - BlankSpaceAnalyzer - INFO - -> Analyzing version 0.24.1-alpha.11 (164/234)...
2025-10-30 09:10:46,160 - BlankSpaceAnalyzer - INFO - -> Analyzing version 0.24.1-alpha.14 (165/234)...
2025-10-30 09:10:46,250 - BlankSpaceAnalyzer - INFO - -> Analyzing version 0.24.1-alpha.18 (166/234)...
2025-10-30 09:10:46,345 - BlankSpaceAnalyzer - INFO - -> Analyzing version 0.24.1-alpha.19 (167/234)...
2025-10-30 09:10:46,433 - BlankSpaceAnalyzer - INFO - -> Analyzing version 0.24.1-alpha.20 (168/234)...
2025-10-30 09:10:46,525 - BlankSpaceAnalyzer - INFO - -> Analyzing version 0.24.1-alpha.31 (169/234)...
2025-10-30 09:10:46,614 - BlankSpaceAnalyzer - INFO - -> Analyzing version 0.24.1-alpha.4 (170/234)...
2025-10-30 09:10:46,702 - BlankSpaceAnalyzer - INFO - -> Analyzing version 0.24.1-alpha.5 (171/234)...
2025-10-30 09:10:46,791 - BlankSpaceAnalyzer - INFO - -> Analyzing version 0.24.1-alpha.6 (172/234)...
2025-10-30 09:10:46,880 - BlankSpaceAnalyzer - INFO - -> Analyzing version 0.24.1-alpha.7 (173/234)...
2025-10-30 09:10:46,969 - BlankSpaceAnalyzer - INFO - -> Analyzing version 0.24.1-alpha.8 (174/234)...
2025-10-30 09:10:47,071 - BlankSpaceAnalyzer - INFO - -> Analyzing version 0.24.1-alpha.9 (175/234)...
2025-10-30 09:10:47,160 - BlankSpaceAnalyzer - INFO - -> Analyzing version 0.25.0 (176/234)...
2025-10-30 09:10:47,249 - BlankSpaceAnalyzer - INFO - -> Analyzing version 0.25.1-alpha.1 (177/234)...
2025-10-30 09:10:47,338 - BlankSpaceAnalyzer - INFO - -> Analyzing version 0.25.1-alpha.12 (178/234)...
2025-10-30 09:10:47,427 - BlankSpaceAnalyzer - INFO - -> Analyzing version 0.25.1-alpha.13 (179/234)...
2025-10-30 09:10:47,516 - BlankSpaceAnalyzer - INFO - -> Analyzing version 0.25.1-alpha.16 (180/234)...
2025-10-30 09:10:47,605 - BlankSpaceAnalyzer - INFO - -> Analyzing version 0.25.1-alpha.18 (181/234)...
2025-10-30 09:10:47,695 - BlankSpaceAnalyzer - INFO - -> Analyzing version 0.25.1-alpha.2 (182/234)...
2025-10-30 09:10:47,783 - BlankSpaceAnalyzer - INFO - -> Analyzing version 0.25.1-alpha.21 (183/234)...
2025-10-30 09:10:47,880 - BlankSpaceAnalyzer - INFO - -> Analyzing version 0.25.1-alpha.22 (184/234)...
2025-10-30 09:10:47,968 - BlankSpaceAnalyzer - INFO - -> Analyzing version 0.25.1-alpha.23 (185/234)...
2025-10-30 09:10:48,065 - BlankSpaceAnalyzer - INFO - -> Analyzing version 0.25.1-alpha.4 (186/234)...
2025-10-30 09:10:48,155 - BlankSpaceAnalyzer - INFO - -> Analyzing version 0.25.1-alpha.7 (187/234)...
2025-10-30 09:10:48,245 - BlankSpaceAnalyzer - INFO - -> Analyzing version 0.26.0 (188/234)...
2025-10-30 09:10:48,334 - BlankSpaceAnalyzer - INFO - -> Analyzing version 0.27.0 (189/234)...
2025-10-30 09:10:48,423 - BlankSpaceAnalyzer - INFO - -> Analyzing version 0.28.0 (190/234)...
2025-10-30 09:10:48,511 - BlankSpaceAnalyzer - INFO - -> Analyzing version 0.29.0 (191/234)...
2025-10-30 09:10:48,601 - BlankSpaceAnalyzer - INFO - -> Analyzing version 0.29.1 (192/234)...
2025-10-30 09:10:48,690 - BlankSpaceAnalyzer - INFO - -> Analyzing version 0.29.2 (193/234)...
2025-10-30 09:10:48,779 - BlankSpaceAnalyzer - INFO - -> Analyzing version 0.30.0 (194/234)...
2025-10-30 09:10:48,868 - BlankSpaceAnalyzer - INFO - -> Analyzing version 0.31.0 (195/234)...
2025-10-30 09:10:48,964 - BlankSpaceAnalyzer - INFO - -> Analyzing version 0.32.0 (196/234)...
2025-10-30 09:10:49,055 - BlankSpaceAnalyzer - INFO - -> Analyzing version 0.33.0 (197/234)...
2025-10-30 09:10:49,145 - BlankSpaceAnalyzer - INFO - -> Analyzing version 0.34.0 (198/234)...
2025-10-30 09:10:49,235 - BlankSpaceAnalyzer - INFO - -> Analyzing version 0.35.0 (199/234)...
2025-10-30 09:10:49,324 - BlankSpaceAnalyzer - INFO - -> Analyzing version 0.35.1 (200/234)...
2025-10-30 09:10:49,413 - BlankSpaceAnalyzer - INFO - -> Analyzing version 0.36.0 (201/234)...
2025-10-30 09:10:49,503 - BlankSpaceAnalyzer - INFO - -> Analyzing version 0.36.1 (202/234)...
2025-10-30 09:10:49,594 - BlankSpaceAnalyzer - INFO - -> Analyzing version 0.37.0 (203/234)...
2025-10-30 09:10:49,682 - BlankSpaceAnalyzer - INFO - -> Analyzing version 0.38.0 (204/234)...
2025-10-30 09:10:49,779 - BlankSpaceAnalyzer - INFO - -> Analyzing version 0.39.0 (205/234)...
2025-10-30 09:10:49,868 - BlankSpaceAnalyzer - INFO - -> Analyzing version 0.39.1 (206/234)...
2025-10-30 09:10:49,965 - BlankSpaceAnalyzer - INFO - -> Analyzing version 0.40.0 (207/234)...
2025-10-30 09:10:50,056 - BlankSpaceAnalyzer - INFO - -> Analyzing version 0.41.0 (208/234)...
2025-10-30 09:10:50,151 - BlankSpaceAnalyzer - INFO - -> Analyzing version 0.41.1 (209/234)...
2025-10-30 09:10:50,239 - BlankSpaceAnalyzer - INFO - -> Analyzing version 0.41.2 (210/234)...
2025-10-30 09:10:50,328 - BlankSpaceAnalyzer - INFO - -> Analyzing version 0.42.0 (211/234)...
2025-10-30 09:10:50,421 - BlankSpaceAnalyzer - INFO - -> Analyzing version 0.43.0 (212/234)...
2025-10-30 09:10:50,515 - BlankSpaceAnalyzer - INFO - -> Analyzing version 0.44.0 (213/234)...
2025-10-30 09:10:50,605 - BlankSpaceAnalyzer - INFO - -> Analyzing version 0.45.0 (214/234)...
2025-10-30 09:10:50,702 - BlankSpaceAnalyzer - INFO - -> Analyzing version 0.45.1 (215/234)...
2025-10-30 09:10:50,792 - BlankSpaceAnalyzer - INFO - -> Analyzing version 0.46.0 (216/234)...
2025-10-30 09:10:50,890 - BlankSpaceAnalyzer - INFO - -> Analyzing version 0.47.0 (217/234)...
2025-10-30 09:10:50,987 - BlankSpaceAnalyzer - INFO - -> Analyzing version 0.48.0 (218/234)...
2025-10-30 09:10:51,078 - BlankSpaceAnalyzer - INFO - -> Analyzing version 0.49.0 (219/234)...
2025-10-30 09:10:51,168 - BlankSpaceAnalyzer - INFO - -> Analyzing version 0.49.1 (220/234)...
2025-10-30 09:10:51,265 - BlankSpaceAnalyzer - INFO - -> Analyzing version 0.50.0 (221/234)...
2025-10-30 09:10:51,356 - BlankSpaceAnalyzer - INFO - -> Analyzing version 0.51.0 (222/234)...
2025-10-30 09:10:51,451 - BlankSpaceAnalyzer - INFO - -> Analyzing version 0.51.1 (223/234)...
2025-10-30 09:10:51,543 - BlankSpaceAnalyzer - INFO - -> Analyzing version 0.52.0 (224/234)...
2025-10-30 09:10:51,632 - BlankSpaceAnalyzer - INFO - -> Analyzing version 0.52.1 (225/234)...
2025-10-30 09:10:51,721 - BlankSpaceAnalyzer - INFO - -> Analyzing version 0.53.0 (226/234)...
2025-10-30 09:10:51,810 - BlankSpaceAnalyzer - INFO - -> Analyzing version 0.54.0 (227/234)...
2025-10-30 09:10:51,900 - BlankSpaceAnalyzer - INFO - -> Analyzing version 0.54.1 (228/234)...
2025-10-30 09:10:51,991 - BlankSpaceAnalyzer - INFO - -> Analyzing version 0.54.2 (229/234)...
2025-10-30 09:10:52,089 - BlankSpaceAnalyzer - INFO - -> Analyzing version 0.55.0 (230/234)...
2025-10-30 09:10:52,185 - BlankSpaceAnalyzer - INFO - -> Analyzing version 0.56.0 (231/234)...
2025-10-30 09:10:52,282 - BlankSpaceAnalyzer - INFO - -> Analyzing version 0.57.0 (232/234)...
2025-10-30 09:10:52,372 - BlankSpaceAnalyzer - INFO - -> Analyzing version 0.57.1 (233/234)...
2025-10-30 09:10:52,461 - BlankSpaceAnalyzer - INFO - -> Analyzing version 0.57.2 (234/234)...
2025-10-30 09:10:52,552 - BlankSpaceAnalyzer - INFO - Exporting results for '@opentelemetry/sdk-node' to CSV...
2025-10-30 09:10:52,771 - BlankSpaceAnalyzer - INFO - Reports saved in: /app/npm_results/@opentelemetry_sdk-node
2025-10-30 09:10:52,771 - NPM_Analyzer - INFO - Cleaning temporary folder 'temp/@opentelemetry_sdk-node'...
2025-10-30 09:10:52,857 - NPM_Analyzer - INFO - Cleanup completed.
