2025-11-04 22:06:52,966 - NPM_Analyzer - INFO - Fetching metadata for '@pnpm/types'...
2025-11-04 22:06:53,183 - NPM_Analyzer - INFO - Found 76 versions. Starting download into 'temp/@pnpm_types'...
2025-11-04 22:08:19,586 - BlankSpaceAnalyzer - INFO - Analyzing 76 versions for '*.js' in '@pnpm_types'.
2025-11-04 22:08:19,586 - BlankSpaceAnalyzer - INFO - -> Analyzing version 1.0.0 (1/76)...
2025-11-04 22:08:19,588 - BlankSpaceAnalyzer - INFO - -> Analyzing version 1.1.0 (2/76)...
2025-11-04 22:08:19,589 - BlankSpaceAnalyzer - INFO - -> Analyzing version 1.2.0 (3/76)...
2025-11-04 22:08:19,718 - BlankSpaceAnalyzer - INFO - -> Analyzing version 1.2.1 (4/76)...
2025-11-04 22:08:19,821 - BlankSpaceAnalyzer - INFO - -> Analyzing version 1.3.0 (5/76)...
2025-11-04 22:08:19,925 - BlankSpaceAnalyzer - INFO - -> Analyzing version 1.4.0 (6/76)...
2025-11-04 22:08:20,038 - BlankSpaceAnalyzer - INFO - -> Analyzing version 1.5.0 (7/76)...
2025-11-04 22:08:20,143 - BlankSpaceAnalyzer - INFO - -> Analyzing version 1.6.0 (8/76)...
2025-11-04 22:08:20,255 - BlankSpaceAnalyzer - INFO - -> Analyzing version 1.7.0 (9/76)...
2025-11-04 22:08:20,365 - BlankSpaceAnalyzer - INFO - -> Analyzing version 1.8.0 (10/76)...
2025-11-04 22:08:20,469 - BlankSpaceAnalyzer - INFO - -> Analyzing version 10.0.0 (11/76)...
2025-11-04 22:08:20,572 - BlankSpaceAnalyzer - INFO - -> Analyzing version 10.1.0 (12/76)...
2025-11-04 22:08:20,676 - BlankSpaceAnalyzer - INFO - -> Analyzing version 10.1.1 (13/76)...
2025-11-04 22:08:20,780 - BlankSpaceAnalyzer - INFO - -> Analyzing version 1000.0.0 (14/76)...
2025-11-04 22:08:20,884 - BlankSpaceAnalyzer - INFO - -> Analyzing version 1000.1.0 (15/76)...
2025-11-04 22:08:20,987 - BlankSpaceAnalyzer - INFO - -> Analyzing version 1000.1.1 (16/76)...
2025-11-04 22:08:21,093 - BlankSpaceAnalyzer - INFO - -> Analyzing version 1000.2.0 (17/76)...
2025-11-04 22:08:21,196 - BlankSpaceAnalyzer - INFO - -> Analyzing version 1000.2.1 (18/76)...
2025-11-04 22:08:21,300 - BlankSpaceAnalyzer - INFO - -> Analyzing version 1000.3.0 (19/76)...
2025-11-04 22:08:21,406 - BlankSpaceAnalyzer - INFO - -> Analyzing version 1000.4.0 (20/76)...
2025-11-04 22:08:21,513 - BlankSpaceAnalyzer - INFO - -> Analyzing version 1000.5.0 (21/76)...
2025-11-04 22:08:21,617 - BlankSpaceAnalyzer - INFO - -> Analyzing version 1000.6.0 (22/76)...
2025-11-04 22:08:21,729 - BlankSpaceAnalyzer - INFO - -> Analyzing version 1000.7.0 (23/76)...
2025-11-04 22:08:21,832 - BlankSpaceAnalyzer - INFO - -> Analyzing version 1000.8.0 (24/76)...
2025-11-04 22:08:21,935 - BlankSpaceAnalyzer - INFO - -> Analyzing version 1000.9.0 (25/76)...
2025-11-04 22:08:22,041 - BlankSpaceAnalyzer - INFO - -> Analyzing version 11.0.0 (26/76)...
2025-11-04 22:08:22,145 - BlankSpaceAnalyzer - INFO - -> Analyzing version 11.1.0 (27/76)...
2025-11-04 22:08:22,250 - BlankSpaceAnalyzer - INFO - -> Analyzing version 12.0.0 (28/76)...
2025-11-04 22:08:22,356 - BlankSpaceAnalyzer - INFO - -> Analyzing version 12.1.0 (29/76)...
2025-11-04 22:08:22,465 - BlankSpaceAnalyzer - INFO - -> Analyzing version 12.2.0 (30/76)...
2025-11-04 22:08:22,569 - BlankSpaceAnalyzer - INFO - -> Analyzing version 2.0.0 (31/76)...
2025-11-04 22:08:22,674 - BlankSpaceAnalyzer - INFO - -> Analyzing version 3.0.0 (32/76)...
2025-11-04 22:08:22,777 - BlankSpaceAnalyzer - INFO - -> Analyzing version 3.1.0 (33/76)...
2025-11-04 22:08:22,880 - BlankSpaceAnalyzer - INFO - -> Analyzing version 3.2.0 (34/76)...
2025-11-04 22:08:22,984 - BlankSpaceAnalyzer - INFO - -> Analyzing version 4.0.0 (35/76)...
2025-11-04 22:08:23,088 - BlankSpaceAnalyzer - INFO - -> Analyzing version 5.0.0 (36/76)...
2025-11-04 22:08:23,191 - BlankSpaceAnalyzer - INFO - -> Analyzing version 6.0.0 (37/76)...
2025-11-04 22:08:23,295 - BlankSpaceAnalyzer - INFO - -> Analyzing version 6.0.0-alpha.0 (38/76)...
2025-11-04 22:08:23,399 - BlankSpaceAnalyzer - INFO - -> Analyzing version 6.1.0 (39/76)...
2025-11-04 22:08:23,502 - BlankSpaceAnalyzer - INFO - -> Analyzing version 6.2.0 (40/76)...
2025-11-04 22:08:23,606 - BlankSpaceAnalyzer - INFO - -> Analyzing version 6.3.0 (41/76)...
2025-11-04 22:08:23,709 - BlankSpaceAnalyzer - INFO - -> Analyzing version 6.3.1 (42/76)...
2025-11-04 22:08:23,812 - BlankSpaceAnalyzer - INFO - -> Analyzing version 6.4.0 (43/76)...
2025-11-04 22:08:23,917 - BlankSpaceAnalyzer - INFO - -> Analyzing version 7.0.0 (44/76)...
2025-11-04 22:08:24,021 - BlankSpaceAnalyzer - INFO - -> Analyzing version 7.1.0 (45/76)...
2025-11-04 22:08:24,126 - BlankSpaceAnalyzer - INFO - -> Analyzing version 7.10.0 (46/76)...
2025-11-04 22:08:24,231 - BlankSpaceAnalyzer - INFO - -> Analyzing version 7.11.0 (47/76)...
2025-11-04 22:08:24,337 - BlankSpaceAnalyzer - INFO - -> Analyzing version 7.2.0 (48/76)...
2025-11-04 22:08:24,442 - BlankSpaceAnalyzer - INFO - -> Analyzing version 7.3.0 (49/76)...
2025-11-04 22:08:24,549 - BlankSpaceAnalyzer - INFO - -> Analyzing version 7.4.0 (50/76)...
2025-11-04 22:08:24,651 - BlankSpaceAnalyzer - INFO - -> Analyzing version 7.5.0 (51/76)...
2025-11-04 22:08:24,756 - BlankSpaceAnalyzer - INFO - -> Analyzing version 7.6.0 (52/76)...
2025-11-04 22:08:24,859 - BlankSpaceAnalyzer - INFO - -> Analyzing version 7.7.0 (53/76)...
2025-11-04 22:08:24,962 - BlankSpaceAnalyzer - INFO - -> Analyzing version 7.7.1 (54/76)...
2025-11-04 22:08:25,070 - BlankSpaceAnalyzer - INFO - -> Analyzing version 7.8.0 (55/76)...
2025-11-04 22:08:25,178 - BlankSpaceAnalyzer - INFO - -> Analyzing version 7.9.0 (56/76)...
2025-11-04 22:08:25,282 - BlankSpaceAnalyzer - INFO - -> Analyzing version 8.0.0 (57/76)...
2025-11-04 22:08:25,392 - BlankSpaceAnalyzer - INFO - -> Analyzing version 8.0.1 (58/76)...
2025-11-04 22:08:25,498 - BlankSpaceAnalyzer - INFO - -> Analyzing version 8.1.0 (59/76)...
2025-11-04 22:08:25,602 - BlankSpaceAnalyzer - INFO - -> Analyzing version 8.10.0 (60/76)...
2025-11-04 22:08:25,715 - BlankSpaceAnalyzer - INFO - -> Analyzing version 8.2.0 (61/76)...
2025-11-04 22:08:25,820 - BlankSpaceAnalyzer - INFO - -> Analyzing version 8.3.0 (62/76)...
2025-11-04 22:08:25,924 - BlankSpaceAnalyzer - INFO - -> Analyzing version 8.4.0 (63/76)...
2025-11-04 22:08:26,037 - BlankSpaceAnalyzer - INFO - -> Analyzing version 8.5.0 (64/76)...
2025-11-04 22:08:26,142 - BlankSpaceAnalyzer - INFO - -> Analyzing version 8.6.0 (65/76)...
2025-11-04 22:08:26,246 - BlankSpaceAnalyzer - INFO - -> Analyzing version 8.7.0 (66/76)...
2025-11-04 22:08:26,353 - BlankSpaceAnalyzer - INFO - -> Analyzing version 8.8.0 (67/76)...
2025-11-04 22:08:26,466 - BlankSpaceAnalyzer - INFO - -> Analyzing version 8.9.0 (68/76)...
2025-11-04 22:08:26,574 - BlankSpaceAnalyzer - INFO - -> Analyzing version 9.0.0 (69/76)...
2025-11-04 22:08:26,678 - BlankSpaceAnalyzer - INFO - -> Analyzing version 9.1.0 (70/76)...
2025-11-04 22:08:26,783 - BlankSpaceAnalyzer - INFO - -> Analyzing version 9.2.0 (71/76)...
2025-11-04 22:08:26,886 - BlankSpaceAnalyzer - INFO - -> Analyzing version 9.3.0 (72/76)...
2025-11-04 22:08:26,999 - BlankSpaceAnalyzer - INFO - -> Analyzing version 9.4.0 (73/76)...
2025-11-04 22:08:27,104 - BlankSpaceAnalyzer - INFO - -> Analyzing version 9.4.1 (74/76)...
2025-11-04 22:08:27,217 - BlankSpaceAnalyzer - INFO - -> Analyzing version 9.4.2 (75/76)...
2025-11-04 22:08:27,320 - BlankSpaceAnalyzer - INFO - -> Analyzing version 900.0.0 (76/76)...
2025-11-04 22:08:27,435 - BlankSpaceAnalyzer - INFO - Exporting results for '@pnpm/types' to CSV...
2025-11-04 22:08:27,491 - BlankSpaceAnalyzer - INFO - Reports saved in: /app/npm_results/@pnpm_types
2025-11-04 22:08:27,492 - NPM_Analyzer - INFO - Cleaning temporary folder 'temp/@pnpm_types'...
2025-11-04 22:08:27,514 - NPM_Analyzer - INFO - Cleanup completed.
