2025-11-14 09:23:51,219 - NPM_HUT_Analyzer - INFO - Recupero metadata per 'bcryptjs'...
2025-11-14 09:23:51,329 - NPM_HUT_Analyzer - INFO - Trovate 30 versioni. Inizio download in 'temp_hut/bcryptjs'...
2025-11-14 09:24:11,757 - UnicodeAnalyzer - INFO - Analizzando 30 versioni per '*.js' in 'bcryptjs'.
2025-11-14 09:24:11,757 - UnicodeAnalyzer - INFO - -> Analizzando versione 0.1.0 (1/30)...
2025-11-14 09:24:11,835 - UnicodeAnalyzer - INFO - -> Analizzando versione 0.7.10 (2/30)...
2025-11-14 09:24:11,835 - UnicodeAnalyzer - INFO - Filtrati 1 file (es. in /dist, /test).
2025-11-14 09:24:11,915 - UnicodeAnalyzer - INFO - -> Analizzando versione 0.7.12 (3/30)...
2025-11-14 09:24:11,916 - UnicodeAnalyzer - INFO - Filtrati 1 file (es. in /dist, /test).
2025-11-14 09:24:11,997 - UnicodeAnalyzer - INFO - -> Analizzando versione 0.7.5 (4/30)...
2025-11-14 09:24:11,998 - UnicodeAnalyzer - INFO - Filtrati 1 file (es. in /dist, /test).
2025-11-14 09:24:12,085 - UnicodeAnalyzer - INFO - -> Analizzando versione 0.7.6 (5/30)...
2025-11-14 09:24:12,085 - UnicodeAnalyzer - INFO - Filtrati 1 file (es. in /dist, /test).
2025-11-14 09:24:12,167 - UnicodeAnalyzer - INFO - -> Analizzando versione 0.7.7 (6/30)...
2025-11-14 09:24:12,168 - UnicodeAnalyzer - INFO - Filtrati 1 file (es. in /dist, /test).
2025-11-14 09:24:12,251 - UnicodeAnalyzer - INFO - -> Analizzando versione 0.7.8 (7/30)...
2025-11-14 09:24:12,252 - UnicodeAnalyzer - INFO - Filtrati 1 file (es. in /dist, /test).
2025-11-14 09:24:12,338 - UnicodeAnalyzer - INFO - -> Analizzando versione 1.0.0 (8/30)...
2025-11-14 09:24:12,339 - UnicodeAnalyzer - INFO - Filtrati 3 file (es. in /dist, /test).
2025-11-14 09:24:12,422 - UnicodeAnalyzer - INFO - -> Analizzando versione 1.0.1 (9/30)...
2025-11-14 09:24:12,423 - UnicodeAnalyzer - INFO - Filtrati 3 file (es. in /dist, /test).
2025-11-14 09:24:12,515 - UnicodeAnalyzer - INFO - -> Analizzando versione 1.0.2 (10/30)...
2025-11-14 09:24:12,516 - UnicodeAnalyzer - INFO - Filtrati 3 file (es. in /dist, /test).
2025-11-14 09:24:12,600 - UnicodeAnalyzer - INFO - -> Analizzando versione 1.0.3 (11/30)...
2025-11-14 09:24:12,601 - UnicodeAnalyzer - INFO - Filtrati 3 file (es. in /dist, /test).
2025-11-14 09:24:12,683 - UnicodeAnalyzer - INFO - -> Analizzando versione 1.0.4 (12/30)...
2025-11-14 09:24:12,684 - UnicodeAnalyzer - INFO - Filtrati 3 file (es. in /dist, /test).
2025-11-14 09:24:12,775 - UnicodeAnalyzer - INFO - -> Analizzando versione 1.0.5 (13/30)...
2025-11-14 09:24:12,776 - UnicodeAnalyzer - INFO - Filtrati 3 file (es. in /dist, /test).
2025-11-14 09:24:12,856 - UnicodeAnalyzer - INFO - -> Analizzando versione 1.1.0 (14/30)...
2025-11-14 09:24:12,857 - UnicodeAnalyzer - INFO - Filtrati 3 file (es. in /dist, /test).
2025-11-14 09:24:12,939 - UnicodeAnalyzer - INFO - -> Analizzando versione 2.0.0 (15/30)...
2025-11-14 09:24:12,940 - UnicodeAnalyzer - INFO - Filtrati 5 file (es. in /dist, /test).
2025-11-14 09:24:13,025 - UnicodeAnalyzer - INFO - -> Analizzando versione 2.0.1 (16/30)...
2025-11-14 09:24:13,026 - UnicodeAnalyzer - INFO - Filtrati 5 file (es. in /dist, /test).
2025-11-14 09:24:13,107 - UnicodeAnalyzer - INFO - -> Analizzando versione 2.0.2 (17/30)...
2025-11-14 09:24:13,108 - UnicodeAnalyzer - INFO - Filtrati 5 file (es. in /dist, /test).
2025-11-14 09:24:13,191 - UnicodeAnalyzer - INFO - -> Analizzando versione 2.1.0 (18/30)...
2025-11-14 09:24:13,192 - UnicodeAnalyzer - INFO - Filtrati 4 file (es. in /dist, /test).
2025-11-14 09:24:13,285 - UnicodeAnalyzer - INFO - -> Analizzando versione 2.2.0 (19/30)...
2025-11-14 09:24:13,286 - UnicodeAnalyzer - INFO - Filtrati 3 file (es. in /dist, /test).
2025-11-14 09:24:13,367 - UnicodeAnalyzer - INFO - -> Analizzando versione 2.2.1 (20/30)...
2025-11-14 09:24:13,368 - UnicodeAnalyzer - INFO - Filtrati 3 file (es. in /dist, /test).
2025-11-14 09:24:13,456 - UnicodeAnalyzer - INFO - -> Analizzando versione 2.2.2 (21/30)...
2025-11-14 09:24:13,457 - UnicodeAnalyzer - INFO - Filtrati 3 file (es. in /dist, /test).
2025-11-14 09:24:13,547 - UnicodeAnalyzer - INFO - -> Analizzando versione 2.3.0 (22/30)...
2025-11-14 09:24:13,548 - UnicodeAnalyzer - INFO - Filtrati 3 file (es. in /dist, /test).
2025-11-14 09:24:13,631 - UnicodeAnalyzer - INFO - -> Analizzando versione 2.4.0 (23/30)...
2025-11-14 09:24:13,632 - UnicodeAnalyzer - INFO - Filtrati 3 file (es. in /dist, /test).
2025-11-14 09:24:13,715 - UnicodeAnalyzer - INFO - -> Analizzando versione 2.4.1 (24/30)...
2025-11-14 09:24:13,716 - UnicodeAnalyzer - INFO - Filtrati 3 file (es. in /dist, /test).
2025-11-14 09:24:13,803 - UnicodeAnalyzer - INFO - -> Analizzando versione 2.4.2 (25/30)...
2025-11-14 09:24:13,804 - UnicodeAnalyzer - INFO - Filtrati 3 file (es. in /dist, /test).
2025-11-14 09:24:13,887 - UnicodeAnalyzer - INFO - -> Analizzando versione 2.4.3 (26/30)...
2025-11-14 09:24:13,888 - UnicodeAnalyzer - INFO - Filtrati 3 file (es. in /dist, /test).
2025-11-14 09:24:13,972 - UnicodeAnalyzer - INFO - -> Analizzando versione 3.0.0 (27/30)...
2025-11-14 09:24:14,060 - UnicodeAnalyzer - INFO - -> Analizzando versione 3.0.1 (28/30)...
2025-11-14 09:24:14,146 - UnicodeAnalyzer - INFO - -> Analizzando versione 3.0.2 (29/30)...
2025-11-14 09:24:14,229 - UnicodeAnalyzer - INFO - -> Analizzando versione 3.0.3 (30/30)...
2025-11-14 09:24:14,308 - UnicodeAnalyzer - INFO - Esportando i risultati HUT per 'bcryptjs' in CSV...
2025-11-14 09:24:14,346 - UnicodeAnalyzer - INFO - Report salvati in: /app/npm_hut_results/bcryptjs
2025-11-14 09:24:14,346 - NPM_HUT_Analyzer - INFO - Pulizia cartella temporanea 'temp_hut/bcryptjs'...
2025-11-14 09:24:14,365 - NPM_HUT_Analyzer - INFO - Pulizia completata.
