2025-11-12 04:51:40,004 - NPM_HUT_Analyzer - INFO - Recupero metadata per '@smithy/util-middleware'...
2025-11-12 04:51:40,193 - NPM_HUT_Analyzer - INFO - Trovate 46 versioni. Inizio download in 'temp_hut/@smithy_util-middleware'...
2025-11-12 04:52:05,061 - UnicodeAnalyzer - INFO - Analizzando 46 versioni per '*.js' in '@smithy_util-middleware'.
2025-11-12 04:52:05,061 - UnicodeAnalyzer - INFO - -> Analizzando versione 1.0.0 (1/46)...
2025-11-12 04:52:05,126 - UnicodeAnalyzer - INFO - -> Analizzando versione 1.0.1 (2/46)...
2025-11-12 04:52:05,160 - UnicodeAnalyzer - INFO - -> Analizzando versione 1.0.2 (3/46)...
2025-11-12 04:52:05,194 - UnicodeAnalyzer - INFO - -> Analizzando versione 1.1.0 (4/46)...
2025-11-12 04:52:05,229 - UnicodeAnalyzer - INFO - -> Analizzando versione 2.0.0 (5/46)...
2025-11-12 04:52:05,266 - UnicodeAnalyzer - INFO - -> Analizzando versione 2.0.1 (6/46)...
2025-11-12 04:52:05,304 - UnicodeAnalyzer - INFO - -> Analizzando versione 2.0.2 (7/46)...
2025-11-12 04:52:05,342 - UnicodeAnalyzer - INFO - -> Analizzando versione 2.0.3 (8/46)...
2025-11-12 04:52:05,381 - UnicodeAnalyzer - INFO - -> Analizzando versione 2.0.4 (9/46)...
2025-11-12 04:52:05,419 - UnicodeAnalyzer - INFO - -> Analizzando versione 2.0.5 (10/46)...
2025-11-12 04:52:05,457 - UnicodeAnalyzer - INFO - -> Analizzando versione 2.0.6 (11/46)...
2025-11-12 04:52:05,496 - UnicodeAnalyzer - INFO - -> Analizzando versione 2.0.7 (12/46)...
2025-11-12 04:52:05,535 - UnicodeAnalyzer - INFO - -> Analizzando versione 2.0.8 (13/46)...
2025-11-12 04:52:05,573 - UnicodeAnalyzer - INFO - -> Analizzando versione 2.0.9 (14/46)...
2025-11-12 04:52:05,613 - UnicodeAnalyzer - INFO - -> Analizzando versione 2.1.0 (15/46)...
2025-11-12 04:52:05,651 - UnicodeAnalyzer - INFO - -> Analizzando versione 2.1.1 (16/46)...
2025-11-12 04:52:05,689 - UnicodeAnalyzer - INFO - -> Analizzando versione 2.1.2 (17/46)...
2025-11-12 04:52:05,727 - UnicodeAnalyzer - INFO - -> Analizzando versione 2.1.3 (18/46)...
2025-11-12 04:52:05,765 - UnicodeAnalyzer - INFO - -> Analizzando versione 2.1.4 (19/46)...
2025-11-12 04:52:05,803 - UnicodeAnalyzer - INFO - -> Analizzando versione 2.2.0 (20/46)...
2025-11-12 04:52:05,842 - UnicodeAnalyzer - INFO - -> Analizzando versione 3.0.0 (21/46)...
2025-11-12 04:52:05,880 - UnicodeAnalyzer - INFO - -> Analizzando versione 3.0.1 (22/46)...
2025-11-12 04:52:05,919 - UnicodeAnalyzer - INFO - -> Analizzando versione 3.0.10 (23/46)...
2025-11-12 04:52:05,958 - UnicodeAnalyzer - INFO - -> Analizzando versione 3.0.11 (24/46)...
2025-11-12 04:52:05,997 - UnicodeAnalyzer - INFO - -> Analizzando versione 3.0.2 (25/46)...
2025-11-12 04:52:06,035 - UnicodeAnalyzer - INFO - -> Analizzando versione 3.0.3 (26/46)...
2025-11-12 04:52:06,073 - UnicodeAnalyzer - INFO - -> Analizzando versione 3.0.4 (27/46)...
2025-11-12 04:52:06,112 - UnicodeAnalyzer - INFO - -> Analizzando versione 3.0.5 (28/46)...
2025-11-12 04:52:06,150 - UnicodeAnalyzer - INFO - -> Analizzando versione 3.0.6 (29/46)...
2025-11-12 04:52:06,192 - UnicodeAnalyzer - INFO - -> Analizzando versione 3.0.7 (30/46)...
2025-11-12 04:52:06,230 - UnicodeAnalyzer - INFO - -> Analizzando versione 3.0.8 (31/46)...
2025-11-12 04:52:06,268 - UnicodeAnalyzer - INFO - -> Analizzando versione 3.0.9 (32/46)...
2025-11-12 04:52:06,311 - UnicodeAnalyzer - INFO - -> Analizzando versione 4.0.0 (33/46)...
2025-11-12 04:52:06,350 - UnicodeAnalyzer - INFO - -> Analizzando versione 4.0.1 (34/46)...
2025-11-12 04:52:06,389 - UnicodeAnalyzer - INFO - -> Analizzando versione 4.0.2 (35/46)...
2025-11-12 04:52:06,428 - UnicodeAnalyzer - INFO - -> Analizzando versione 4.0.3 (36/46)...
2025-11-12 04:52:06,467 - UnicodeAnalyzer - INFO - -> Analizzando versione 4.0.4 (37/46)...
2025-11-12 04:52:06,506 - UnicodeAnalyzer - INFO - -> Analizzando versione 4.0.5 (38/46)...
2025-11-12 04:52:06,544 - UnicodeAnalyzer - INFO - -> Analizzando versione 4.1.0 (39/46)...
2025-11-12 04:52:06,582 - UnicodeAnalyzer - INFO - -> Analizzando versione 4.1.1 (40/46)...
2025-11-12 04:52:06,620 - UnicodeAnalyzer - INFO - -> Analizzando versione 4.2.0 (41/46)...
2025-11-12 04:52:06,658 - UnicodeAnalyzer - INFO - -> Analizzando versione 4.2.1 (42/46)...
2025-11-12 04:52:06,695 - UnicodeAnalyzer - INFO - -> Analizzando versione 4.2.2 (43/46)...
2025-11-12 04:52:06,733 - UnicodeAnalyzer - INFO - -> Analizzando versione 4.2.3 (44/46)...
2025-11-12 04:52:06,770 - UnicodeAnalyzer - INFO - -> Analizzando versione 4.2.4 (45/46)...
2025-11-12 04:52:06,807 - UnicodeAnalyzer - INFO - -> Analizzando versione 4.2.5 (46/46)...
2025-11-12 04:52:06,845 - UnicodeAnalyzer - INFO - Esportando i risultati HUT per '@smithy/util-middleware' in CSV...
2025-11-12 04:52:06,911 - UnicodeAnalyzer - INFO - Report salvati in: /app/npm_hut_results/@smithy_util-middleware
2025-11-12 04:52:06,911 - NPM_HUT_Analyzer - INFO - Pulizia cartella temporanea 'temp_hut/@smithy_util-middleware'...
2025-11-12 04:52:06,930 - NPM_HUT_Analyzer - INFO - Pulizia completata.
