2025-10-27 12:29:29,166 - NPM_Analyzer - INFO - Fetching metadata for '@types/eslint'...
2025-10-27 12:29:29,307 - NPM_Analyzer - INFO - Found 87 versions. Starting download into 'temp/@types_eslint'...
2025-10-27 12:30:28,314 - BlankSpaceAnalyzer - INFO - Analyzing 87 versions for '*.js' in '@types_eslint'.
2025-10-27 12:30:28,314 - BlankSpaceAnalyzer - INFO - -> Analyzing version 4.16.0 (1/87)...
2025-10-27 12:30:28,315 - BlankSpaceAnalyzer - INFO - -> Analyzing version 4.16.1 (2/87)...
2025-10-27 12:30:28,316 - BlankSpaceAnalyzer - INFO - -> Analyzing version 4.16.2 (3/87)...
2025-10-27 12:30:28,316 - BlankSpaceAnalyzer - INFO - -> Analyzing version 4.16.3 (4/87)...
2025-10-27 12:30:28,317 - BlankSpaceAnalyzer - INFO - -> Analyzing version 4.16.4 (5/87)...
2025-10-27 12:30:28,318 - BlankSpaceAnalyzer - INFO - -> Analyzing version 4.16.5 (6/87)...
2025-10-27 12:30:28,318 - BlankSpaceAnalyzer - INFO - -> Analyzing version 4.16.6 (7/87)...
2025-10-27 12:30:28,319 - BlankSpaceAnalyzer - INFO - -> Analyzing version 4.16.7 (8/87)...
2025-10-27 12:30:28,319 - BlankSpaceAnalyzer - INFO - -> Analyzing version 4.16.8 (9/87)...
2025-10-27 12:30:28,320 - BlankSpaceAnalyzer - INFO - -> Analyzing version 6.1.0 (10/87)...
2025-10-27 12:30:28,321 - BlankSpaceAnalyzer - INFO - -> Analyzing version 6.1.1 (11/87)...
2025-10-27 12:30:28,321 - BlankSpaceAnalyzer - INFO - -> Analyzing version 6.1.2 (12/87)...
2025-10-27 12:30:28,322 - BlankSpaceAnalyzer - INFO - -> Analyzing version 6.1.3 (13/87)...
2025-10-27 12:30:28,323 - BlankSpaceAnalyzer - INFO - -> Analyzing version 6.1.4 (14/87)...
2025-10-27 12:30:28,324 - BlankSpaceAnalyzer - INFO - -> Analyzing version 6.1.5 (15/87)...
2025-10-27 12:30:28,325 - BlankSpaceAnalyzer - INFO - -> Analyzing version 6.1.6 (16/87)...
2025-10-27 12:30:28,326 - BlankSpaceAnalyzer - INFO - -> Analyzing version 6.1.7 (17/87)...
2025-10-27 12:30:28,327 - BlankSpaceAnalyzer - INFO - -> Analyzing version 6.1.8 (18/87)...
2025-10-27 12:30:28,327 - BlankSpaceAnalyzer - INFO - -> Analyzing version 6.1.9 (19/87)...
2025-10-27 12:30:28,328 - BlankSpaceAnalyzer - INFO - -> Analyzing version 6.8.0 (20/87)...
2025-10-27 12:30:28,329 - BlankSpaceAnalyzer - INFO - -> Analyzing version 6.8.1 (21/87)...
2025-10-27 12:30:28,330 - BlankSpaceAnalyzer - INFO - -> Analyzing version 7.2.0 (22/87)...
2025-10-27 12:30:28,331 - BlankSpaceAnalyzer - INFO - -> Analyzing version 7.2.1 (23/87)...
2025-10-27 12:30:28,331 - BlankSpaceAnalyzer - INFO - -> Analyzing version 7.2.10 (24/87)...
2025-10-27 12:30:28,332 - BlankSpaceAnalyzer - INFO - -> Analyzing version 7.2.11 (25/87)...
2025-10-27 12:30:28,333 - BlankSpaceAnalyzer - INFO - -> Analyzing version 7.2.12 (26/87)...
2025-10-27 12:30:28,334 - BlankSpaceAnalyzer - INFO - -> Analyzing version 7.2.13 (27/87)...
2025-10-27 12:30:28,336 - BlankSpaceAnalyzer - INFO - -> Analyzing version 7.2.14 (28/87)...
2025-10-27 12:30:28,337 - BlankSpaceAnalyzer - INFO - -> Analyzing version 7.2.2 (29/87)...
2025-10-27 12:30:28,337 - BlankSpaceAnalyzer - INFO - -> Analyzing version 7.2.3 (30/87)...
2025-10-27 12:30:28,337 - BlankSpaceAnalyzer - INFO - -> Analyzing version 7.2.4 (31/87)...
2025-10-27 12:30:28,337 - BlankSpaceAnalyzer - INFO - -> Analyzing version 7.2.5 (32/87)...
2025-10-27 12:30:28,337 - BlankSpaceAnalyzer - INFO - -> Analyzing version 7.2.6 (33/87)...
2025-10-27 12:30:28,338 - BlankSpaceAnalyzer - INFO - -> Analyzing version 7.2.7 (34/87)...
2025-10-27 12:30:28,338 - BlankSpaceAnalyzer - INFO - -> Analyzing version 7.2.8 (35/87)...
2025-10-27 12:30:28,338 - BlankSpaceAnalyzer - INFO - -> Analyzing version 7.2.9 (36/87)...
2025-10-27 12:30:28,338 - BlankSpaceAnalyzer - INFO - -> Analyzing version 7.28.0 (37/87)...
2025-10-27 12:30:28,338 - BlankSpaceAnalyzer - INFO - -> Analyzing version 7.28.1 (38/87)...
2025-10-27 12:30:28,339 - BlankSpaceAnalyzer - INFO - -> Analyzing version 7.28.2 (39/87)...
2025-10-27 12:30:28,339 - BlankSpaceAnalyzer - INFO - -> Analyzing version 7.29.0 (40/87)...
2025-10-27 12:30:28,339 - BlankSpaceAnalyzer - INFO - -> Analyzing version 8.2.0 (41/87)...
2025-10-27 12:30:28,339 - BlankSpaceAnalyzer - INFO - -> Analyzing version 8.2.1 (42/87)...
2025-10-27 12:30:28,340 - BlankSpaceAnalyzer - INFO - -> Analyzing version 8.2.2 (43/87)...
2025-10-27 12:30:28,340 - BlankSpaceAnalyzer - INFO - -> Analyzing version 8.21.0 (44/87)...
2025-10-27 12:30:28,340 - BlankSpaceAnalyzer - INFO - -> Analyzing version 8.21.1 (45/87)...
2025-10-27 12:30:28,340 - BlankSpaceAnalyzer - INFO - -> Analyzing version 8.21.2 (46/87)...
2025-10-27 12:30:28,340 - BlankSpaceAnalyzer - INFO - -> Analyzing version 8.21.3 (47/87)...
2025-10-27 12:30:28,340 - BlankSpaceAnalyzer - INFO - -> Analyzing version 8.37.0 (48/87)...
2025-10-27 12:30:28,341 - BlankSpaceAnalyzer - INFO - -> Analyzing version 8.4.0 (49/87)...
2025-10-27 12:30:28,341 - BlankSpaceAnalyzer - INFO - -> Analyzing version 8.4.1 (50/87)...
2025-10-27 12:30:28,341 - BlankSpaceAnalyzer - INFO - -> Analyzing version 8.4.10 (51/87)...
2025-10-27 12:30:28,341 - BlankSpaceAnalyzer - INFO - -> Analyzing version 8.4.2 (52/87)...
2025-10-27 12:30:28,341 - BlankSpaceAnalyzer - INFO - -> Analyzing version 8.4.3 (53/87)...
2025-10-27 12:30:28,341 - BlankSpaceAnalyzer - INFO - -> Analyzing version 8.4.4 (54/87)...
2025-10-27 12:30:28,342 - BlankSpaceAnalyzer - INFO - -> Analyzing version 8.4.5 (55/87)...
2025-10-27 12:30:28,342 - BlankSpaceAnalyzer - INFO - -> Analyzing version 8.4.6 (56/87)...
2025-10-27 12:30:28,342 - BlankSpaceAnalyzer - INFO - -> Analyzing version 8.4.7 (57/87)...
2025-10-27 12:30:28,342 - BlankSpaceAnalyzer - INFO - -> Analyzing version 8.4.8 (58/87)...
2025-10-27 12:30:28,342 - BlankSpaceAnalyzer - INFO - -> Analyzing version 8.4.9 (59/87)...
2025-10-27 12:30:28,342 - BlankSpaceAnalyzer - INFO - -> Analyzing version 8.40.0 (60/87)...
2025-10-27 12:30:28,342 - BlankSpaceAnalyzer - INFO - -> Analyzing version 8.40.1 (61/87)...
2025-10-27 12:30:28,343 - BlankSpaceAnalyzer - INFO - -> Analyzing version 8.40.2 (62/87)...
2025-10-27 12:30:28,343 - BlankSpaceAnalyzer - INFO - -> Analyzing version 8.44.0 (63/87)...
2025-10-27 12:30:28,343 - BlankSpaceAnalyzer - INFO - -> Analyzing version 8.44.1 (64/87)...
2025-10-27 12:30:28,343 - BlankSpaceAnalyzer - INFO - -> Analyzing version 8.44.2 (65/87)...
2025-10-27 12:30:28,343 - BlankSpaceAnalyzer - INFO - -> Analyzing version 8.44.3 (66/87)...
2025-10-27 12:30:28,343 - BlankSpaceAnalyzer - INFO - -> Analyzing version 8.44.4 (67/87)...
2025-10-27 12:30:28,343 - BlankSpaceAnalyzer - INFO - -> Analyzing version 8.44.5 (68/87)...
2025-10-27 12:30:28,344 - BlankSpaceAnalyzer - INFO - -> Analyzing version 8.44.6 (69/87)...
2025-10-27 12:30:28,344 - BlankSpaceAnalyzer - INFO - -> Analyzing version 8.44.7 (70/87)...
2025-10-27 12:30:28,344 - BlankSpaceAnalyzer - INFO - -> Analyzing version 8.44.8 (71/87)...
2025-10-27 12:30:28,344 - BlankSpaceAnalyzer - INFO - -> Analyzing version 8.44.9 (72/87)...
2025-10-27 12:30:28,344 - BlankSpaceAnalyzer - INFO - -> Analyzing version 8.56.0 (73/87)...
2025-10-27 12:30:28,345 - BlankSpaceAnalyzer - INFO - -> Analyzing version 8.56.1 (74/87)...
2025-10-27 12:30:28,345 - BlankSpaceAnalyzer - INFO - -> Analyzing version 8.56.10 (75/87)...
2025-10-27 12:30:28,345 - BlankSpaceAnalyzer - INFO - -> Analyzing version 8.56.11 (76/87)...
2025-10-27 12:30:28,345 - BlankSpaceAnalyzer - INFO - -> Analyzing version 8.56.12 (77/87)...
2025-10-27 12:30:28,345 - BlankSpaceAnalyzer - INFO - -> Analyzing version 8.56.2 (78/87)...
2025-10-27 12:30:28,345 - BlankSpaceAnalyzer - INFO - -> Analyzing version 8.56.3 (79/87)...
2025-10-27 12:30:28,346 - BlankSpaceAnalyzer - INFO - -> Analyzing version 8.56.4 (80/87)...
2025-10-27 12:30:28,346 - BlankSpaceAnalyzer - INFO - -> Analyzing version 8.56.5 (81/87)...
2025-10-27 12:30:28,346 - BlankSpaceAnalyzer - INFO - -> Analyzing version 8.56.6 (82/87)...
2025-10-27 12:30:28,346 - BlankSpaceAnalyzer - INFO - -> Analyzing version 8.56.7 (83/87)...
2025-10-27 12:30:28,346 - BlankSpaceAnalyzer - INFO - -> Analyzing version 8.56.8 (84/87)...
2025-10-27 12:30:28,346 - BlankSpaceAnalyzer - INFO - -> Analyzing version 8.56.9 (85/87)...
2025-10-27 12:30:28,346 - BlankSpaceAnalyzer - INFO - -> Analyzing version 9.6.0 (86/87)...
2025-10-27 12:30:28,347 - BlankSpaceAnalyzer - INFO - -> Analyzing version 9.6.1 (87/87)...
2025-10-27 12:30:28,347 - BlankSpaceAnalyzer - INFO - Exporting results for '@types/eslint' to CSV...
2025-10-27 12:30:28,347 - BlankSpaceAnalyzer - WARNING - No files analyzed. CSV files will be empty.
2025-10-27 12:30:28,347 - NPM_Analyzer - INFO - Cleaning temporary folder 'temp/@types_eslint'...
2025-10-27 12:30:28,370 - NPM_Analyzer - INFO - Cleanup completed.
