2025-10-29 13:40:25,977 - NPM_Analyzer - INFO - Fetching metadata for 'postcss-discard-empty'...
2025-10-29 13:40:26,108 - NPM_Analyzer - INFO - Found 43 versions. Starting download into 'temp/postcss-discard-empty'...
2025-10-29 13:40:52,690 - BlankSpaceAnalyzer - INFO - Analyzing 43 versions for '*.js' in 'postcss-discard-empty'.
2025-10-29 13:40:52,691 - BlankSpaceAnalyzer - INFO - -> Analyzing version 1.0.0 (1/43)...
2025-10-29 13:40:52,692 - BlankSpaceAnalyzer - INFO - -> Analyzing version 1.1.0 (2/43)...
2025-10-29 13:40:52,693 - BlankSpaceAnalyzer - INFO - -> Analyzing version 1.1.1 (3/43)...
2025-10-29 13:40:52,694 - BlankSpaceAnalyzer - INFO - -> Analyzing version 1.1.2 (4/43)...
2025-10-29 13:40:52,695 - BlankSpaceAnalyzer - INFO - -> Analyzing version 2.0.0 (5/43)...
2025-10-29 13:40:52,696 - BlankSpaceAnalyzer - INFO - -> Analyzing version 2.0.1 (6/43)...
2025-10-29 13:40:52,697 - BlankSpaceAnalyzer - INFO - -> Analyzing version 2.1.0 (7/43)...
2025-10-29 13:40:52,698 - BlankSpaceAnalyzer - INFO - -> Analyzing version 4.0.0 (8/43)...
2025-10-29 13:40:52,699 - BlankSpaceAnalyzer - INFO - -> Analyzing version 4.0.0-nightly.2020.1.11 (9/43)...
2025-10-29 13:40:52,700 - BlankSpaceAnalyzer - INFO - -> Analyzing version 4.0.0-nightly.2020.1.9 (10/43)...
2025-10-29 13:40:52,701 - BlankSpaceAnalyzer - INFO - -> Analyzing version 4.0.0-nightly.2020.10.20 (11/43)...
2025-10-29 13:40:52,703 - BlankSpaceAnalyzer - INFO - -> Analyzing version 4.0.0-nightly.2020.2.6 (12/43)...
2025-10-29 13:40:52,704 - BlankSpaceAnalyzer - INFO - -> Analyzing version 4.0.0-nightly.2020.7.24 (13/43)...
2025-10-29 13:40:52,705 - BlankSpaceAnalyzer - INFO - -> Analyzing version 4.0.0-nightly.2020.7.25 (14/43)...
2025-10-29 13:40:52,706 - BlankSpaceAnalyzer - INFO - -> Analyzing version 4.0.0-nightly.2020.7.31 (15/43)...
2025-10-29 13:40:52,707 - BlankSpaceAnalyzer - INFO - -> Analyzing version 4.0.0-nightly.2020.8.1 (16/43)...
2025-10-29 13:40:52,708 - BlankSpaceAnalyzer - INFO - -> Analyzing version 4.0.0-nightly.2020.8.10 (17/43)...
2025-10-29 13:40:52,709 - BlankSpaceAnalyzer - INFO - -> Analyzing version 4.0.0-nightly.2020.8.17 (18/43)...
2025-10-29 13:40:52,710 - BlankSpaceAnalyzer - INFO - -> Analyzing version 4.0.0-nightly.2020.8.24 (19/43)...
2025-10-29 13:40:52,711 - BlankSpaceAnalyzer - INFO - -> Analyzing version 4.0.0-nightly.2020.8.25 (20/43)...
2025-10-29 13:40:52,712 - BlankSpaceAnalyzer - INFO - -> Analyzing version 4.0.0-nightly.2020.8.29 (21/43)...
2025-10-29 13:40:52,714 - BlankSpaceAnalyzer - INFO - -> Analyzing version 4.0.0-nightly.2020.8.4 (22/43)...
2025-10-29 13:40:52,714 - BlankSpaceAnalyzer - INFO - -> Analyzing version 4.0.0-nightly.2020.9.1 (23/43)...
2025-10-29 13:40:52,715 - BlankSpaceAnalyzer - INFO - -> Analyzing version 4.0.0-nightly.2020.9.3 (24/43)...
2025-10-29 13:40:52,716 - BlankSpaceAnalyzer - INFO - -> Analyzing version 4.0.0-nightly.2020.9.9 (25/43)...
2025-10-29 13:40:52,717 - BlankSpaceAnalyzer - INFO - -> Analyzing version 4.0.0-rc.0 (26/43)...
2025-10-29 13:40:52,718 - BlankSpaceAnalyzer - INFO - -> Analyzing version 4.0.0-rc.2 (27/43)...
2025-10-29 13:40:52,718 - BlankSpaceAnalyzer - INFO - -> Analyzing version 4.0.1 (28/43)...
2025-10-29 13:40:52,719 - BlankSpaceAnalyzer - INFO - -> Analyzing version 5.0.0 (29/43)...
2025-10-29 13:40:52,720 - BlankSpaceAnalyzer - INFO - -> Analyzing version 5.0.0-rc.0 (30/43)...
2025-10-29 13:40:52,720 - BlankSpaceAnalyzer - INFO - -> Analyzing version 5.0.0-rc.1 (31/43)...
2025-10-29 13:40:52,721 - BlankSpaceAnalyzer - INFO - -> Analyzing version 5.0.0-rc.2 (32/43)...
2025-10-29 13:40:52,721 - BlankSpaceAnalyzer - INFO - -> Analyzing version 5.0.1 (33/43)...
2025-10-29 13:40:52,722 - BlankSpaceAnalyzer - INFO - -> Analyzing version 5.0.2 (34/43)...
2025-10-29 13:40:52,722 - BlankSpaceAnalyzer - INFO - -> Analyzing version 5.0.3 (35/43)...
2025-10-29 13:40:52,723 - BlankSpaceAnalyzer - INFO - -> Analyzing version 5.1.0 (36/43)...
2025-10-29 13:40:52,724 - BlankSpaceAnalyzer - INFO - -> Analyzing version 5.1.1 (37/43)...
2025-10-29 13:40:52,724 - BlankSpaceAnalyzer - INFO - -> Analyzing version 6.0.0 (38/43)...
2025-10-29 13:40:52,725 - BlankSpaceAnalyzer - INFO - -> Analyzing version 6.0.1 (39/43)...
2025-10-29 13:40:52,725 - BlankSpaceAnalyzer - INFO - -> Analyzing version 6.0.2 (40/43)...
2025-10-29 13:40:52,726 - BlankSpaceAnalyzer - INFO - -> Analyzing version 6.0.3 (41/43)...
2025-10-29 13:40:52,726 - BlankSpaceAnalyzer - INFO - -> Analyzing version 7.0.0 (42/43)...
2025-10-29 13:40:52,727 - BlankSpaceAnalyzer - INFO - -> Analyzing version 7.0.1 (43/43)...
2025-10-29 13:40:52,728 - BlankSpaceAnalyzer - INFO - Exporting results for 'postcss-discard-empty' to CSV...
2025-10-29 13:40:52,770 - BlankSpaceAnalyzer - INFO - Reports saved in: /app/npm_results/postcss-discard-empty
2025-10-29 13:40:52,770 - NPM_Analyzer - INFO - Cleaning temporary folder 'temp/postcss-discard-empty'...
2025-10-29 13:40:52,777 - NPM_Analyzer - INFO - Cleanup completed.
