2025-11-05 23:36:43,024 - NPM_Analyzer - INFO - Fetching metadata for 'friendly-errors-webpack-plugin'...
2025-11-05 23:36:43,758 - NPM_Analyzer - INFO - Found 19 versions. Starting download into 'temp/friendly-errors-webpack-plugin'...
2025-11-05 23:36:56,663 - BlankSpaceAnalyzer - INFO - Analyzing 19 versions for '*.js' in 'friendly-errors-webpack-plugin'.
2025-11-05 23:36:56,663 - BlankSpaceAnalyzer - INFO - -> Analyzing version 1.0.0 (1/19)...
2025-11-05 23:36:56,734 - BlankSpaceAnalyzer - INFO - -> Analyzing version 1.0.1 (2/19)...
2025-11-05 23:36:56,773 - BlankSpaceAnalyzer - INFO - -> Analyzing version 1.0.2 (3/19)...
2025-11-05 23:36:56,813 - BlankSpaceAnalyzer - INFO - -> Analyzing version 1.0.3 (4/19)...
2025-11-05 23:36:56,852 - BlankSpaceAnalyzer - INFO - -> Analyzing version 1.1.0 (5/19)...
2025-11-05 23:36:56,891 - BlankSpaceAnalyzer - INFO - -> Analyzing version 1.1.1 (6/19)...
2025-11-05 23:36:56,928 - BlankSpaceAnalyzer - INFO - -> Analyzing version 1.1.2 (7/19)...
2025-11-05 23:36:56,967 - BlankSpaceAnalyzer - INFO - -> Analyzing version 1.1.3 (8/19)...
2025-11-05 23:36:57,004 - BlankSpaceAnalyzer - INFO - -> Analyzing version 1.2.0 (9/19)...
2025-11-05 23:36:57,044 - BlankSpaceAnalyzer - INFO - -> Analyzing version 1.3.0 (10/19)...
2025-11-05 23:36:57,083 - BlankSpaceAnalyzer - INFO - -> Analyzing version 1.3.1 (11/19)...
2025-11-05 23:36:57,121 - BlankSpaceAnalyzer - INFO - -> Analyzing version 1.4.0 (12/19)...
2025-11-05 23:36:57,159 - BlankSpaceAnalyzer - INFO - -> Analyzing version 1.5.0 (13/19)...
2025-11-05 23:36:57,197 - BlankSpaceAnalyzer - INFO - -> Analyzing version 1.6.0 (14/19)...
2025-11-05 23:36:57,236 - BlankSpaceAnalyzer - INFO - -> Analyzing version 1.6.1 (15/19)...
2025-11-05 23:36:57,275 - BlankSpaceAnalyzer - INFO - -> Analyzing version 1.7.0 (16/19)...
2025-11-05 23:36:57,313 - BlankSpaceAnalyzer - INFO - -> Analyzing version 2.0.0-beta.0 (17/19)...
2025-11-05 23:36:57,353 - BlankSpaceAnalyzer - INFO - -> Analyzing version 2.0.0-beta.1 (18/19)...
2025-11-05 23:36:57,391 - BlankSpaceAnalyzer - INFO - -> Analyzing version 2.0.0-beta.2 (19/19)...
2025-11-05 23:36:57,432 - BlankSpaceAnalyzer - INFO - Exporting results for 'friendly-errors-webpack-plugin' to CSV...
2025-11-05 23:36:57,452 - BlankSpaceAnalyzer - INFO - Reports saved in: /app/npm_results/friendly-errors-webpack-plugin
2025-11-05 23:36:57,453 - NPM_Analyzer - INFO - Cleaning temporary folder 'temp/friendly-errors-webpack-plugin'...
2025-11-05 23:36:57,465 - NPM_Analyzer - INFO - Cleanup completed.
