2025-11-13 07:43:04,318 - NPM_HUT_Analyzer - INFO - Recupero metadata per '@smithy/util-stream'...
2025-11-13 07:43:04,545 - NPM_HUT_Analyzer - INFO - Trovate 83 versioni. Inizio download in 'temp_hut/@smithy_util-stream'...
2025-11-13 07:43:58,954 - UnicodeAnalyzer - INFO - Analizzando 83 versioni per '*.js' in '@smithy_util-stream'.
2025-11-13 07:43:58,954 - UnicodeAnalyzer - INFO - -> Analizzando versione 1.0.0 (1/83)...
2025-11-13 07:43:59,077 - UnicodeAnalyzer - INFO - -> Analizzando versione 1.0.1 (2/83)...
2025-11-13 07:43:59,182 - UnicodeAnalyzer - INFO - -> Analizzando versione 1.0.2 (3/83)...
2025-11-13 07:43:59,288 - UnicodeAnalyzer - INFO - -> Analizzando versione 1.0.3 (4/83)...
2025-11-13 07:43:59,396 - UnicodeAnalyzer - INFO - -> Analizzando versione 1.1.0 (5/83)...
2025-11-13 07:43:59,504 - UnicodeAnalyzer - INFO - -> Analizzando versione 2.0.0 (6/83)...
2025-11-13 07:43:59,602 - UnicodeAnalyzer - INFO - -> Analizzando versione 2.0.1 (7/83)...
2025-11-13 07:43:59,708 - UnicodeAnalyzer - INFO - -> Analizzando versione 2.0.10 (8/83)...
2025-11-13 07:43:59,804 - UnicodeAnalyzer - INFO - -> Analizzando versione 2.0.11 (9/83)...
2025-11-13 07:43:59,910 - UnicodeAnalyzer - INFO - -> Analizzando versione 2.0.12 (10/83)...
2025-11-13 07:44:00,015 - UnicodeAnalyzer - INFO - -> Analizzando versione 2.0.13 (11/83)...
2025-11-13 07:44:00,120 - UnicodeAnalyzer - INFO - -> Analizzando versione 2.0.14 (12/83)...
2025-11-13 07:44:00,225 - UnicodeAnalyzer - INFO - -> Analizzando versione 2.0.15 (13/83)...
2025-11-13 07:44:00,332 - UnicodeAnalyzer - INFO - -> Analizzando versione 2.0.16 (14/83)...
2025-11-13 07:44:00,443 - UnicodeAnalyzer - INFO - -> Analizzando versione 2.0.17 (15/83)...
2025-11-13 07:44:00,548 - UnicodeAnalyzer - INFO - -> Analizzando versione 2.0.18 (16/83)...
2025-11-13 07:44:00,656 - UnicodeAnalyzer - INFO - -> Analizzando versione 2.0.19 (17/83)...
2025-11-13 07:44:00,762 - UnicodeAnalyzer - INFO - -> Analizzando versione 2.0.2 (18/83)...
2025-11-13 07:44:00,869 - UnicodeAnalyzer - INFO - -> Analizzando versione 2.0.20 (19/83)...
2025-11-13 07:44:00,975 - UnicodeAnalyzer - INFO - -> Analizzando versione 2.0.21 (20/83)...
2025-11-13 07:44:01,082 - UnicodeAnalyzer - INFO - -> Analizzando versione 2.0.22 (21/83)...
2025-11-13 07:44:01,189 - UnicodeAnalyzer - INFO - -> Analizzando versione 2.0.23 (22/83)...
2025-11-13 07:44:01,303 - UnicodeAnalyzer - INFO - -> Analizzando versione 2.0.24 (23/83)...
2025-11-13 07:44:01,408 - UnicodeAnalyzer - INFO - -> Analizzando versione 2.0.3 (24/83)...
2025-11-13 07:44:01,506 - UnicodeAnalyzer - INFO - -> Analizzando versione 2.0.4 (25/83)...
2025-11-13 07:44:01,611 - UnicodeAnalyzer - INFO - -> Analizzando versione 2.0.5 (26/83)...
2025-11-13 07:44:01,716 - UnicodeAnalyzer - INFO - -> Analizzando versione 2.0.6 (27/83)...
2025-11-13 07:44:01,821 - UnicodeAnalyzer - INFO - -> Analizzando versione 2.0.7 (28/83)...
2025-11-13 07:44:01,927 - UnicodeAnalyzer - INFO - -> Analizzando versione 2.0.8 (29/83)...
2025-11-13 07:44:02,034 - UnicodeAnalyzer - INFO - -> Analizzando versione 2.0.9 (30/83)...
2025-11-13 07:44:02,139 - UnicodeAnalyzer - INFO - -> Analizzando versione 2.1.0 (31/83)...
2025-11-13 07:44:02,245 - UnicodeAnalyzer - INFO - -> Analizzando versione 2.1.1 (32/83)...
2025-11-13 07:44:02,351 - UnicodeAnalyzer - INFO - -> Analizzando versione 2.1.2 (33/83)...
2025-11-13 07:44:02,457 - UnicodeAnalyzer - INFO - -> Analizzando versione 2.1.3 (34/83)...
2025-11-13 07:44:02,562 - UnicodeAnalyzer - INFO - -> Analizzando versione 2.1.4 (35/83)...
2025-11-13 07:44:02,668 - UnicodeAnalyzer - INFO - -> Analizzando versione 2.1.5 (36/83)...
2025-11-13 07:44:02,773 - UnicodeAnalyzer - INFO - -> Analizzando versione 2.2.0 (37/83)...
2025-11-13 07:44:02,881 - UnicodeAnalyzer - INFO - -> Analizzando versione 3.0.0 (38/83)...
2025-11-13 07:44:02,988 - UnicodeAnalyzer - INFO - -> Analizzando versione 3.0.1 (39/83)...
2025-11-13 07:44:03,094 - UnicodeAnalyzer - INFO - -> Analizzando versione 3.0.2 (40/83)...
2025-11-13 07:44:03,200 - UnicodeAnalyzer - INFO - -> Analizzando versione 3.0.3 (41/83)...
2025-11-13 07:44:03,305 - UnicodeAnalyzer - INFO - -> Analizzando versione 3.0.4 (42/83)...
2025-11-13 07:44:03,403 - UnicodeAnalyzer - INFO - -> Analizzando versione 3.0.5 (43/83)...
2025-11-13 07:44:03,509 - UnicodeAnalyzer - INFO - -> Analizzando versione 3.0.6 (44/83)...
2025-11-13 07:44:03,615 - UnicodeAnalyzer - INFO - -> Analizzando versione 3.1.0 (45/83)...
2025-11-13 07:44:03,725 - UnicodeAnalyzer - INFO - -> Analizzando versione 3.1.1 (46/83)...
2025-11-13 07:44:03,833 - UnicodeAnalyzer - INFO - -> Analizzando versione 3.1.2 (47/83)...
2025-11-13 07:44:03,944 - UnicodeAnalyzer - INFO - -> Analizzando versione 3.1.3 (48/83)...
2025-11-13 07:44:04,052 - UnicodeAnalyzer - INFO - -> Analizzando versione 3.1.4 (49/83)...
2025-11-13 07:44:04,159 - UnicodeAnalyzer - INFO - -> Analizzando versione 3.1.5 (50/83)...
2025-11-13 07:44:04,268 - UnicodeAnalyzer - INFO - -> Analizzando versione 3.1.6 (51/83)...
2025-11-13 07:44:04,380 - UnicodeAnalyzer - INFO - -> Analizzando versione 3.1.7 (52/83)...
2025-11-13 07:44:04,488 - UnicodeAnalyzer - INFO - -> Analizzando versione 3.1.8 (53/83)...
2025-11-13 07:44:04,596 - UnicodeAnalyzer - INFO - -> Analizzando versione 3.1.9 (54/83)...
2025-11-13 07:44:04,706 - UnicodeAnalyzer - INFO - -> Analizzando versione 3.2.0 (55/83)...
2025-11-13 07:44:04,820 - UnicodeAnalyzer - INFO - -> Analizzando versione 3.2.1 (56/83)...
2025-11-13 07:44:04,932 - UnicodeAnalyzer - INFO - -> Analizzando versione 3.3.0 (57/83)...
2025-11-13 07:44:05,045 - UnicodeAnalyzer - INFO - -> Analizzando versione 3.3.1 (58/83)...
2025-11-13 07:44:05,156 - UnicodeAnalyzer - INFO - -> Analizzando versione 3.3.2 (59/83)...
2025-11-13 07:44:05,267 - UnicodeAnalyzer - INFO - -> Analizzando versione 3.3.3 (60/83)...
2025-11-13 07:44:05,386 - UnicodeAnalyzer - INFO - -> Analizzando versione 3.3.4 (61/83)...
2025-11-13 07:44:05,497 - UnicodeAnalyzer - INFO - -> Analizzando versione 4.0.0 (62/83)...
2025-11-13 07:44:05,611 - UnicodeAnalyzer - INFO - -> Analizzando versione 4.0.1 (63/83)...
2025-11-13 07:44:05,717 - UnicodeAnalyzer - INFO - -> Analizzando versione 4.0.2 (64/83)...
2025-11-13 07:44:05,829 - UnicodeAnalyzer - INFO - -> Analizzando versione 4.1.0 (65/83)...
2025-11-13 07:44:05,942 - UnicodeAnalyzer - INFO - -> Analizzando versione 4.1.1 (66/83)...
2025-11-13 07:44:06,055 - UnicodeAnalyzer - INFO - -> Analizzando versione 4.1.2 (67/83)...
2025-11-13 07:44:06,169 - UnicodeAnalyzer - INFO - -> Analizzando versione 4.2.0 (68/83)...
2025-11-13 07:44:06,282 - UnicodeAnalyzer - INFO - -> Analizzando versione 4.2.1 (69/83)...
2025-11-13 07:44:06,398 - UnicodeAnalyzer - INFO - -> Analizzando versione 4.2.2 (70/83)...
2025-11-13 07:44:06,513 - UnicodeAnalyzer - INFO - -> Analizzando versione 4.2.3 (71/83)...
2025-11-13 07:44:06,617 - UnicodeAnalyzer - INFO - -> Analizzando versione 4.2.4 (72/83)...
2025-11-13 07:44:06,729 - UnicodeAnalyzer - INFO - -> Analizzando versione 4.3.0 (73/83)...
2025-11-13 07:44:06,842 - UnicodeAnalyzer - INFO - -> Analizzando versione 4.3.1 (74/83)...
2025-11-13 07:44:06,960 - UnicodeAnalyzer - INFO - -> Analizzando versione 4.3.2 (75/83)...
2025-11-13 07:44:07,074 - UnicodeAnalyzer - INFO - -> Analizzando versione 4.4.0 (76/83)...
2025-11-13 07:44:07,186 - UnicodeAnalyzer - INFO - -> Analizzando versione 4.5.0 (77/83)...
2025-11-13 07:44:07,303 - UnicodeAnalyzer - INFO - -> Analizzando versione 4.5.1 (78/83)...
2025-11-13 07:44:07,418 - UnicodeAnalyzer - INFO - -> Analizzando versione 4.5.2 (79/83)...
2025-11-13 07:44:07,529 - UnicodeAnalyzer - INFO - -> Analizzando versione 4.5.3 (80/83)...
2025-11-13 07:44:07,640 - UnicodeAnalyzer - INFO - -> Analizzando versione 4.5.4 (81/83)...
2025-11-13 07:44:07,751 - UnicodeAnalyzer - INFO - -> Analizzando versione 4.5.5 (82/83)...
2025-11-13 07:44:07,862 - UnicodeAnalyzer - INFO - -> Analizzando versione 4.5.6 (83/83)...
2025-11-13 07:44:07,975 - UnicodeAnalyzer - INFO - Esportando i risultati HUT per '@smithy/util-stream' in CSV...
2025-11-13 07:44:08,101 - UnicodeAnalyzer - INFO - Report salvati in: /app/npm_hut_results/@smithy_util-stream
2025-11-13 07:44:08,102 - NPM_HUT_Analyzer - INFO - Pulizia cartella temporanea 'temp_hut/@smithy_util-stream'...
2025-11-13 07:44:08,177 - NPM_HUT_Analyzer - INFO - Pulizia completata.
