2025-11-15 02:36:39,194 - NPM_HUT_Analyzer - INFO - Recupero metadata per '@svgr/core'...
2025-11-15 02:36:39,417 - NPM_HUT_Analyzer - INFO - Trovate 45 versioni. Inizio download in 'temp_hut/@svgr_core'...
2025-11-15 02:37:22,838 - UnicodeAnalyzer - INFO - Analizzando 45 versioni per '*.js' in '@svgr_core'.
2025-11-15 02:37:22,839 - UnicodeAnalyzer - INFO - -> Analizzando versione 2.0.0 (1/45)...
2025-11-15 02:37:22,919 - UnicodeAnalyzer - INFO - -> Analizzando versione 2.0.0-alpha.26fa501a (2/45)...
2025-11-15 02:37:22,972 - UnicodeAnalyzer - INFO - -> Analizzando versione 2.1.0 (3/45)...
2025-11-15 02:37:23,024 - UnicodeAnalyzer - INFO - -> Analizzando versione 2.1.1 (4/45)...
2025-11-15 02:37:23,075 - UnicodeAnalyzer - INFO - -> Analizzando versione 2.2.0 (5/45)...
2025-11-15 02:37:23,127 - UnicodeAnalyzer - INFO - -> Analizzando versione 2.4.0 (6/45)...
2025-11-15 02:37:23,179 - UnicodeAnalyzer - INFO - -> Analizzando versione 2.4.1 (7/45)...
2025-11-15 02:37:23,230 - UnicodeAnalyzer - INFO - -> Analizzando versione 3.0.0 (8/45)...
2025-11-15 02:37:23,281 - UnicodeAnalyzer - INFO - -> Analizzando versione 3.1.0 (9/45)...
2025-11-15 02:37:23,331 - UnicodeAnalyzer - INFO - -> Analizzando versione 4.0.0 (10/45)...
2025-11-15 02:37:23,379 - UnicodeAnalyzer - INFO - -> Analizzando versione 4.0.1 (11/45)...
2025-11-15 02:37:23,425 - UnicodeAnalyzer - INFO - -> Analizzando versione 4.0.2 (12/45)...
2025-11-15 02:37:23,473 - UnicodeAnalyzer - INFO - -> Analizzando versione 4.0.3 (13/45)...
2025-11-15 02:37:23,519 - UnicodeAnalyzer - INFO - -> Analizzando versione 4.1.0 (14/45)...
2025-11-15 02:37:23,565 - UnicodeAnalyzer - INFO - -> Analizzando versione 4.2.0 (15/45)...
2025-11-15 02:37:23,612 - UnicodeAnalyzer - INFO - -> Analizzando versione 4.3.0 (16/45)...
2025-11-15 02:37:23,658 - UnicodeAnalyzer - INFO - -> Analizzando versione 4.3.1 (17/45)...
2025-11-15 02:37:23,704 - UnicodeAnalyzer - INFO - -> Analizzando versione 4.3.2 (18/45)...
2025-11-15 02:37:23,750 - UnicodeAnalyzer - INFO - -> Analizzando versione 4.3.3 (19/45)...
2025-11-15 02:37:23,796 - UnicodeAnalyzer - INFO - -> Analizzando versione 5.0.0 (20/45)...
2025-11-15 02:37:23,842 - UnicodeAnalyzer - INFO - -> Analizzando versione 5.0.1 (21/45)...
2025-11-15 02:37:23,889 - UnicodeAnalyzer - INFO - -> Analizzando versione 5.2.0 (22/45)...
2025-11-15 02:37:23,935 - UnicodeAnalyzer - INFO - -> Analizzando versione 5.3.0 (23/45)...
2025-11-15 02:37:23,980 - UnicodeAnalyzer - INFO - -> Analizzando versione 5.3.1 (24/45)...
2025-11-15 02:37:24,026 - UnicodeAnalyzer - INFO - -> Analizzando versione 5.4.0 (25/45)...
2025-11-15 02:37:24,075 - UnicodeAnalyzer - INFO - -> Analizzando versione 5.5.0 (26/45)...
2025-11-15 02:37:24,120 - UnicodeAnalyzer - INFO - -> Analizzando versione 6.0.0 (27/45)...
2025-11-15 02:37:24,120 - UnicodeAnalyzer - INFO - Filtrati 1 file (es. in /dist, /test).
2025-11-15 02:37:24,120 - UnicodeAnalyzer - INFO - -> Analizzando versione 6.0.0-alpha.0 (28/45)...
2025-11-15 02:37:24,171 - UnicodeAnalyzer - INFO - -> Analizzando versione 6.0.0-alpha.1 (29/45)...
2025-11-15 02:37:24,172 - UnicodeAnalyzer - INFO - Filtrati 1 file (es. in /dist, /test).
2025-11-15 02:37:24,172 - UnicodeAnalyzer - INFO - -> Analizzando versione 6.0.0-alpha.2 (30/45)...
2025-11-15 02:37:24,172 - UnicodeAnalyzer - INFO - Filtrati 1 file (es. in /dist, /test).
2025-11-15 02:37:24,172 - UnicodeAnalyzer - INFO - -> Analizzando versione 6.0.0-alpha.3 (31/45)...
2025-11-15 02:37:24,172 - UnicodeAnalyzer - INFO - Filtrati 1 file (es. in /dist, /test).
2025-11-15 02:37:24,172 - UnicodeAnalyzer - INFO - -> Analizzando versione 6.0.0-alpha.4 (32/45)...
2025-11-15 02:37:24,172 - UnicodeAnalyzer - INFO - Filtrati 1 file (es. in /dist, /test).
2025-11-15 02:37:24,172 - UnicodeAnalyzer - INFO - -> Analizzando versione 6.1.0 (33/45)...
2025-11-15 02:37:24,173 - UnicodeAnalyzer - INFO - Filtrati 1 file (es. in /dist, /test).
2025-11-15 02:37:24,173 - UnicodeAnalyzer - INFO - -> Analizzando versione 6.1.1 (34/45)...
2025-11-15 02:37:24,173 - UnicodeAnalyzer - INFO - Filtrati 1 file (es. in /dist, /test).
2025-11-15 02:37:24,173 - UnicodeAnalyzer - INFO - -> Analizzando versione 6.1.2 (35/45)...
2025-11-15 02:37:24,173 - UnicodeAnalyzer - INFO - Filtrati 1 file (es. in /dist, /test).
2025-11-15 02:37:24,173 - UnicodeAnalyzer - INFO - -> Analizzando versione 6.2.0 (36/45)...
2025-11-15 02:37:24,173 - UnicodeAnalyzer - INFO - Filtrati 1 file (es. in /dist, /test).
2025-11-15 02:37:24,173 - UnicodeAnalyzer - INFO - -> Analizzando versione 6.2.1 (37/45)...
2025-11-15 02:37:24,174 - UnicodeAnalyzer - INFO - Filtrati 1 file (es. in /dist, /test).
2025-11-15 02:37:24,174 - UnicodeAnalyzer - INFO - -> Analizzando versione 6.3.0 (38/45)...
2025-11-15 02:37:24,174 - UnicodeAnalyzer - INFO - Filtrati 1 file (es. in /dist, /test).
2025-11-15 02:37:24,174 - UnicodeAnalyzer - INFO - -> Analizzando versione 6.3.1 (39/45)...
2025-11-15 02:37:24,174 - UnicodeAnalyzer - INFO - Filtrati 1 file (es. in /dist, /test).
2025-11-15 02:37:24,174 - UnicodeAnalyzer - INFO - -> Analizzando versione 6.4.0 (40/45)...
2025-11-15 02:37:24,174 - UnicodeAnalyzer - INFO - Filtrati 1 file (es. in /dist, /test).
2025-11-15 02:37:24,174 - UnicodeAnalyzer - INFO - -> Analizzando versione 6.5.0 (41/45)...
2025-11-15 02:37:24,175 - UnicodeAnalyzer - INFO - Filtrati 1 file (es. in /dist, /test).
2025-11-15 02:37:24,175 - UnicodeAnalyzer - INFO - -> Analizzando versione 6.5.1 (42/45)...
2025-11-15 02:37:24,175 - UnicodeAnalyzer - INFO - Filtrati 1 file (es. in /dist, /test).
2025-11-15 02:37:24,175 - UnicodeAnalyzer - INFO - -> Analizzando versione 7.0.0 (43/45)...
2025-11-15 02:37:24,175 - UnicodeAnalyzer - INFO - Filtrati 1 file (es. in /dist, /test).
2025-11-15 02:37:24,175 - UnicodeAnalyzer - INFO - -> Analizzando versione 8.0.0 (44/45)...
2025-11-15 02:37:24,175 - UnicodeAnalyzer - INFO - Filtrati 1 file (es. in /dist, /test).
2025-11-15 02:37:24,175 - UnicodeAnalyzer - INFO - -> Analizzando versione 8.1.0 (45/45)...
2025-11-15 02:37:24,176 - UnicodeAnalyzer - INFO - Filtrati 1 file (es. in /dist, /test).
2025-11-15 02:37:24,176 - UnicodeAnalyzer - INFO - Esportando i risultati HUT per '@svgr/core' in CSV...
2025-11-15 02:37:24,242 - UnicodeAnalyzer - INFO - Report salvati in: /app/npm_hut_results/@svgr_core
2025-11-15 02:37:24,242 - NPM_HUT_Analyzer - INFO - Pulizia cartella temporanea 'temp_hut/@svgr_core'...
2025-11-15 02:37:24,253 - NPM_HUT_Analyzer - INFO - Pulizia completata.
