2025-10-28 19:27:13,479 - NPM_Analyzer - INFO - Fetching metadata for '@vue/server-renderer'...
2025-10-28 19:27:13,750 - NPM_Analyzer - INFO - Found 245 versions. Starting download into 'temp/@vue_server-renderer'...
2025-10-28 19:31:15,099 - BlankSpaceAnalyzer - INFO - Analyzing 245 versions for '*.js' in '@vue_server-renderer'.
2025-10-28 19:31:15,099 - BlankSpaceAnalyzer - INFO - -> Analyzing version 3.0.0 (1/245)...
2025-10-28 19:31:15,182 - BlankSpaceAnalyzer - INFO - -> Analyzing version 3.0.0-alpha.0 (2/245)...
2025-10-28 19:31:15,244 - BlankSpaceAnalyzer - INFO - -> Analyzing version 3.0.0-alpha.10 (3/245)...
2025-10-28 19:31:15,306 - BlankSpaceAnalyzer - INFO - -> Analyzing version 3.0.0-alpha.11 (4/245)...
2025-10-28 19:31:15,374 - BlankSpaceAnalyzer - INFO - -> Analyzing version 3.0.0-alpha.12 (5/245)...
2025-10-28 19:31:15,441 - BlankSpaceAnalyzer - INFO - -> Analyzing version 3.0.0-alpha.13 (6/245)...
2025-10-28 19:31:15,503 - BlankSpaceAnalyzer - INFO - -> Analyzing version 3.0.0-alpha.5 (7/245)...
2025-10-28 19:31:15,570 - BlankSpaceAnalyzer - INFO - -> Analyzing version 3.0.0-alpha.6 (8/245)...
2025-10-28 19:31:15,638 - BlankSpaceAnalyzer - INFO - -> Analyzing version 3.0.0-alpha.7 (9/245)...
2025-10-28 19:31:15,699 - BlankSpaceAnalyzer - INFO - -> Analyzing version 3.0.0-alpha.8 (10/245)...
2025-10-28 19:31:15,771 - BlankSpaceAnalyzer - INFO - -> Analyzing version 3.0.0-alpha.9 (11/245)...
2025-10-28 19:31:15,838 - BlankSpaceAnalyzer - INFO - -> Analyzing version 3.0.0-beta.1 (12/245)...
2025-10-28 19:31:15,900 - BlankSpaceAnalyzer - INFO - -> Analyzing version 3.0.0-beta.10 (13/245)...
2025-10-28 19:31:15,966 - BlankSpaceAnalyzer - INFO - -> Analyzing version 3.0.0-beta.11 (14/245)...
2025-10-28 19:31:16,034 - BlankSpaceAnalyzer - INFO - -> Analyzing version 3.0.0-beta.12 (15/245)...
2025-10-28 19:31:16,097 - BlankSpaceAnalyzer - INFO - -> Analyzing version 3.0.0-beta.13 (16/245)...
2025-10-28 19:31:16,164 - BlankSpaceAnalyzer - INFO - -> Analyzing version 3.0.0-beta.14 (17/245)...
2025-10-28 19:31:16,232 - BlankSpaceAnalyzer - INFO - -> Analyzing version 3.0.0-beta.15 (18/245)...
2025-10-28 19:31:16,294 - BlankSpaceAnalyzer - INFO - -> Analyzing version 3.0.0-beta.16 (19/245)...
2025-10-28 19:31:16,359 - BlankSpaceAnalyzer - INFO - -> Analyzing version 3.0.0-beta.17 (20/245)...
2025-10-28 19:31:16,428 - BlankSpaceAnalyzer - INFO - -> Analyzing version 3.0.0-beta.18 (21/245)...
2025-10-28 19:31:16,496 - BlankSpaceAnalyzer - INFO - -> Analyzing version 3.0.0-beta.19 (22/245)...
2025-10-28 19:31:16,565 - BlankSpaceAnalyzer - INFO - -> Analyzing version 3.0.0-beta.2 (23/245)...
2025-10-28 19:31:16,636 - BlankSpaceAnalyzer - INFO - -> Analyzing version 3.0.0-beta.20 (24/245)...
2025-10-28 19:31:16,697 - BlankSpaceAnalyzer - INFO - -> Analyzing version 3.0.0-beta.21 (25/245)...
2025-10-28 19:31:16,763 - BlankSpaceAnalyzer - INFO - -> Analyzing version 3.0.0-beta.22 (26/245)...
2025-10-28 19:31:16,831 - BlankSpaceAnalyzer - INFO - -> Analyzing version 3.0.0-beta.23 (27/245)...
2025-10-28 19:31:16,893 - BlankSpaceAnalyzer - INFO - -> Analyzing version 3.0.0-beta.24 (28/245)...
2025-10-28 19:31:16,958 - BlankSpaceAnalyzer - INFO - -> Analyzing version 3.0.0-beta.3 (29/245)...
2025-10-28 19:31:17,029 - BlankSpaceAnalyzer - INFO - -> Analyzing version 3.0.0-beta.4 (30/245)...
2025-10-28 19:31:17,098 - BlankSpaceAnalyzer - INFO - -> Analyzing version 3.0.0-beta.5 (31/245)...
2025-10-28 19:31:17,167 - BlankSpaceAnalyzer - INFO - -> Analyzing version 3.0.0-beta.6 (32/245)...
2025-10-28 19:31:17,235 - BlankSpaceAnalyzer - INFO - -> Analyzing version 3.0.0-beta.7 (33/245)...
2025-10-28 19:31:17,304 - BlankSpaceAnalyzer - INFO - -> Analyzing version 3.0.0-beta.8 (34/245)...
2025-10-28 19:31:17,372 - BlankSpaceAnalyzer - INFO - -> Analyzing version 3.0.0-beta.9 (35/245)...
2025-10-28 19:31:17,440 - BlankSpaceAnalyzer - INFO - -> Analyzing version 3.0.0-rc.1 (36/245)...
2025-10-28 19:31:17,502 - BlankSpaceAnalyzer - INFO - -> Analyzing version 3.0.0-rc.10 (37/245)...
2025-10-28 19:31:17,570 - BlankSpaceAnalyzer - INFO - -> Analyzing version 3.0.0-rc.11 (38/245)...
2025-10-28 19:31:17,638 - BlankSpaceAnalyzer - INFO - -> Analyzing version 3.0.0-rc.12 (39/245)...
2025-10-28 19:31:17,701 - BlankSpaceAnalyzer - INFO - -> Analyzing version 3.0.0-rc.13 (40/245)...
2025-10-28 19:31:17,768 - BlankSpaceAnalyzer - INFO - -> Analyzing version 3.0.0-rc.2 (41/245)...
2025-10-28 19:31:17,836 - BlankSpaceAnalyzer - INFO - -> Analyzing version 3.0.0-rc.3 (42/245)...
2025-10-28 19:31:17,905 - BlankSpaceAnalyzer - INFO - -> Analyzing version 3.0.0-rc.4 (43/245)...
2025-10-28 19:31:17,973 - BlankSpaceAnalyzer - INFO - -> Analyzing version 3.0.0-rc.5 (44/245)...
2025-10-28 19:31:18,040 - BlankSpaceAnalyzer - INFO - -> Analyzing version 3.0.0-rc.6 (45/245)...
2025-10-28 19:31:18,106 - BlankSpaceAnalyzer - INFO - -> Analyzing version 3.0.0-rc.7 (46/245)...
2025-10-28 19:31:18,172 - BlankSpaceAnalyzer - INFO - -> Analyzing version 3.0.0-rc.8 (47/245)...
2025-10-28 19:31:18,240 - BlankSpaceAnalyzer - INFO - -> Analyzing version 3.0.0-rc.9 (48/245)...
2025-10-28 19:31:18,303 - BlankSpaceAnalyzer - INFO - -> Analyzing version 3.0.1 (49/245)...
2025-10-28 19:31:18,370 - BlankSpaceAnalyzer - INFO - -> Analyzing version 3.0.10 (50/245)...
2025-10-28 19:31:18,438 - BlankSpaceAnalyzer - INFO - -> Analyzing version 3.0.11 (51/245)...
2025-10-28 19:31:18,501 - BlankSpaceAnalyzer - INFO - -> Analyzing version 3.0.2 (52/245)...
2025-10-28 19:31:18,568 - BlankSpaceAnalyzer - INFO - -> Analyzing version 3.0.3 (53/245)...
2025-10-28 19:31:18,637 - BlankSpaceAnalyzer - INFO - -> Analyzing version 3.0.4 (54/245)...
2025-10-28 19:31:18,699 - BlankSpaceAnalyzer - INFO - -> Analyzing version 3.0.5 (55/245)...
2025-10-28 19:31:18,767 - BlankSpaceAnalyzer - INFO - -> Analyzing version 3.0.6 (56/245)...
2025-10-28 19:31:18,834 - BlankSpaceAnalyzer - INFO - -> Analyzing version 3.0.7 (57/245)...
2025-10-28 19:31:18,896 - BlankSpaceAnalyzer - INFO - -> Analyzing version 3.0.8 (58/245)...
2025-10-28 19:31:18,963 - BlankSpaceAnalyzer - INFO - -> Analyzing version 3.0.9 (59/245)...
2025-10-28 19:31:19,033 - BlankSpaceAnalyzer - INFO - -> Analyzing version 3.1.0 (60/245)...
2025-10-28 19:31:19,101 - BlankSpaceAnalyzer - INFO - -> Analyzing version 3.1.0-beta.1 (61/245)...
2025-10-28 19:31:19,171 - BlankSpaceAnalyzer - INFO - -> Analyzing version 3.1.0-beta.2 (62/245)...
2025-10-28 19:31:19,239 - BlankSpaceAnalyzer - INFO - -> Analyzing version 3.1.0-beta.3 (63/245)...
2025-10-28 19:31:19,302 - BlankSpaceAnalyzer - INFO - -> Analyzing version 3.1.0-beta.4 (64/245)...
2025-10-28 19:31:19,370 - BlankSpaceAnalyzer - INFO - -> Analyzing version 3.1.0-beta.5 (65/245)...
2025-10-28 19:31:19,438 - BlankSpaceAnalyzer - INFO - -> Analyzing version 3.1.0-beta.6 (66/245)...
2025-10-28 19:31:19,501 - BlankSpaceAnalyzer - INFO - -> Analyzing version 3.1.0-beta.7 (67/245)...
2025-10-28 19:31:19,569 - BlankSpaceAnalyzer - INFO - -> Analyzing version 3.1.1 (68/245)...
2025-10-28 19:31:19,638 - BlankSpaceAnalyzer - INFO - -> Analyzing version 3.1.2 (69/245)...
2025-10-28 19:31:19,700 - BlankSpaceAnalyzer - INFO - -> Analyzing version 3.1.3 (70/245)...
2025-10-28 19:31:19,767 - BlankSpaceAnalyzer - INFO - -> Analyzing version 3.1.4 (71/245)...
2025-10-28 19:31:19,836 - BlankSpaceAnalyzer - INFO - -> Analyzing version 3.1.5 (72/245)...
2025-10-28 19:31:19,899 - BlankSpaceAnalyzer - INFO - -> Analyzing version 3.2.0 (73/245)...
2025-10-28 19:31:19,966 - BlankSpaceAnalyzer - INFO - -> Analyzing version 3.2.0-beta.1 (74/245)...
2025-10-28 19:31:20,036 - BlankSpaceAnalyzer - INFO - -> Analyzing version 3.2.0-beta.2 (75/245)...
2025-10-28 19:31:20,104 - BlankSpaceAnalyzer - INFO - -> Analyzing version 3.2.0-beta.3 (76/245)...
2025-10-28 19:31:20,173 - BlankSpaceAnalyzer - INFO - -> Analyzing version 3.2.0-beta.4 (77/245)...
2025-10-28 19:31:20,240 - BlankSpaceAnalyzer - INFO - -> Analyzing version 3.2.0-beta.5 (78/245)...
2025-10-28 19:31:20,303 - BlankSpaceAnalyzer - INFO - -> Analyzing version 3.2.0-beta.6 (79/245)...
2025-10-28 19:31:20,371 - BlankSpaceAnalyzer - INFO - -> Analyzing version 3.2.0-beta.7 (80/245)...
2025-10-28 19:31:20,438 - BlankSpaceAnalyzer - INFO - -> Analyzing version 3.2.0-beta.8 (81/245)...
2025-10-28 19:31:20,501 - BlankSpaceAnalyzer - INFO - -> Analyzing version 3.2.1 (82/245)...
2025-10-28 19:31:20,569 - BlankSpaceAnalyzer - INFO - -> Analyzing version 3.2.10 (83/245)...
2025-10-28 19:31:20,638 - BlankSpaceAnalyzer - INFO - -> Analyzing version 3.2.11 (84/245)...
2025-10-28 19:31:20,700 - BlankSpaceAnalyzer - INFO - -> Analyzing version 3.2.12 (85/245)...
2025-10-28 19:31:20,770 - BlankSpaceAnalyzer - INFO - -> Analyzing version 3.2.13 (86/245)...
2025-10-28 19:31:20,838 - BlankSpaceAnalyzer - INFO - -> Analyzing version 3.2.14 (87/245)...
2025-10-28 19:31:20,901 - BlankSpaceAnalyzer - INFO - -> Analyzing version 3.2.15 (88/245)...
2025-10-28 19:31:20,969 - BlankSpaceAnalyzer - INFO - -> Analyzing version 3.2.16 (89/245)...
2025-10-28 19:31:21,039 - BlankSpaceAnalyzer - INFO - -> Analyzing version 3.2.17 (90/245)...
2025-10-28 19:31:21,102 - BlankSpaceAnalyzer - INFO - -> Analyzing version 3.2.18 (91/245)...
2025-10-28 19:31:21,169 - BlankSpaceAnalyzer - INFO - -> Analyzing version 3.2.19 (92/245)...
2025-10-28 19:31:21,237 - BlankSpaceAnalyzer - INFO - -> Analyzing version 3.2.2 (93/245)...
2025-10-28 19:31:21,300 - BlankSpaceAnalyzer - INFO - -> Analyzing version 3.2.20 (94/245)...
2025-10-28 19:31:21,368 - BlankSpaceAnalyzer - INFO - -> Analyzing version 3.2.21 (95/245)...
2025-10-28 19:31:21,436 - BlankSpaceAnalyzer - INFO - -> Analyzing version 3.2.22 (96/245)...
2025-10-28 19:31:21,498 - BlankSpaceAnalyzer - INFO - -> Analyzing version 3.2.23 (97/245)...
2025-10-28 19:31:21,566 - BlankSpaceAnalyzer - INFO - -> Analyzing version 3.2.24 (98/245)...
2025-10-28 19:31:21,634 - BlankSpaceAnalyzer - INFO - -> Analyzing version 3.2.25 (99/245)...
2025-10-28 19:31:21,698 - BlankSpaceAnalyzer - INFO - -> Analyzing version 3.2.26 (100/245)...
2025-10-28 19:31:21,765 - BlankSpaceAnalyzer - INFO - -> Analyzing version 3.2.27 (101/245)...
2025-10-28 19:31:21,834 - BlankSpaceAnalyzer - INFO - -> Analyzing version 3.2.28 (102/245)...
2025-10-28 19:31:21,897 - BlankSpaceAnalyzer - INFO - -> Analyzing version 3.2.29 (103/245)...
2025-10-28 19:31:21,964 - BlankSpaceAnalyzer - INFO - -> Analyzing version 3.2.3 (104/245)...
2025-10-28 19:31:22,033 - BlankSpaceAnalyzer - INFO - -> Analyzing version 3.2.30 (105/245)...
2025-10-28 19:31:22,096 - BlankSpaceAnalyzer - INFO - -> Analyzing version 3.2.31 (106/245)...
2025-10-28 19:31:22,163 - BlankSpaceAnalyzer - INFO - -> Analyzing version 3.2.32 (107/245)...
2025-10-28 19:31:22,232 - BlankSpaceAnalyzer - INFO - -> Analyzing version 3.2.33 (108/245)...
2025-10-28 19:31:22,295 - BlankSpaceAnalyzer - INFO - -> Analyzing version 3.2.34 (109/245)...
2025-10-28 19:31:22,362 - BlankSpaceAnalyzer - INFO - -> Analyzing version 3.2.34-beta.1 (110/245)...
2025-10-28 19:31:22,431 - BlankSpaceAnalyzer - INFO - -> Analyzing version 3.2.35 (111/245)...
2025-10-28 19:31:22,494 - BlankSpaceAnalyzer - INFO - -> Analyzing version 3.2.36 (112/245)...
2025-10-28 19:31:22,560 - BlankSpaceAnalyzer - INFO - -> Analyzing version 3.2.37 (113/245)...
2025-10-28 19:31:22,632 - BlankSpaceAnalyzer - INFO - -> Analyzing version 3.2.38 (114/245)...
2025-10-28 19:31:22,699 - BlankSpaceAnalyzer - INFO - -> Analyzing version 3.2.39 (115/245)...
2025-10-28 19:31:22,770 - BlankSpaceAnalyzer - INFO - -> Analyzing version 3.2.4 (116/245)...
2025-10-28 19:31:22,838 - BlankSpaceAnalyzer - INFO - -> Analyzing version 3.2.40 (117/245)...
2025-10-28 19:31:22,904 - BlankSpaceAnalyzer - INFO - -> Analyzing version 3.2.41 (118/245)...
2025-10-28 19:31:22,974 - BlankSpaceAnalyzer - INFO - -> Analyzing version 3.2.42 (119/245)...
2025-10-28 19:31:23,047 - BlankSpaceAnalyzer - INFO - -> Analyzing version 3.2.43 (120/245)...
2025-10-28 19:31:23,119 - BlankSpaceAnalyzer - INFO - -> Analyzing version 3.2.44 (121/245)...
2025-10-28 19:31:23,192 - BlankSpaceAnalyzer - INFO - -> Analyzing version 3.2.45 (122/245)...
2025-10-28 19:31:23,263 - BlankSpaceAnalyzer - INFO - -> Analyzing version 3.2.46 (123/245)...
2025-10-28 19:31:23,336 - BlankSpaceAnalyzer - INFO - -> Analyzing version 3.2.47 (124/245)...
2025-10-28 19:31:23,409 - BlankSpaceAnalyzer - INFO - -> Analyzing version 3.2.5 (125/245)...
2025-10-28 19:31:23,478 - BlankSpaceAnalyzer - INFO - -> Analyzing version 3.2.6 (126/245)...
2025-10-28 19:31:23,549 - BlankSpaceAnalyzer - INFO - -> Analyzing version 3.2.7 (127/245)...
2025-10-28 19:31:23,619 - BlankSpaceAnalyzer - INFO - -> Analyzing version 3.2.8 (128/245)...
2025-10-28 19:31:23,687 - BlankSpaceAnalyzer - INFO - -> Analyzing version 3.2.9 (129/245)...
2025-10-28 19:31:23,756 - BlankSpaceAnalyzer - INFO - -> Analyzing version 3.3.0 (130/245)...
2025-10-28 19:31:23,828 - BlankSpaceAnalyzer - INFO - -> Analyzing version 3.3.0-alpha.1 (131/245)...
2025-10-28 19:31:23,900 - BlankSpaceAnalyzer - INFO - -> Analyzing version 3.3.0-alpha.10 (132/245)...
2025-10-28 19:31:23,972 - BlankSpaceAnalyzer - INFO - -> Analyzing version 3.3.0-alpha.11 (133/245)...
2025-10-28 19:31:24,044 - BlankSpaceAnalyzer - INFO - -> Analyzing version 3.3.0-alpha.12 (134/245)...
2025-10-28 19:31:24,113 - BlankSpaceAnalyzer - INFO - -> Analyzing version 3.3.0-alpha.13 (135/245)...
2025-10-28 19:31:24,184 - BlankSpaceAnalyzer - INFO - -> Analyzing version 3.3.0-alpha.2 (136/245)...
2025-10-28 19:31:24,255 - BlankSpaceAnalyzer - INFO - -> Analyzing version 3.3.0-alpha.3 (137/245)...
2025-10-28 19:31:24,328 - BlankSpaceAnalyzer - INFO - -> Analyzing version 3.3.0-alpha.4 (138/245)...
2025-10-28 19:31:24,399 - BlankSpaceAnalyzer - INFO - -> Analyzing version 3.3.0-alpha.5 (139/245)...
2025-10-28 19:31:24,471 - BlankSpaceAnalyzer - INFO - -> Analyzing version 3.3.0-alpha.6 (140/245)...
2025-10-28 19:31:24,542 - BlankSpaceAnalyzer - INFO - -> Analyzing version 3.3.0-alpha.7 (141/245)...
2025-10-28 19:31:24,614 - BlankSpaceAnalyzer - INFO - -> Analyzing version 3.3.0-alpha.8 (142/245)...
2025-10-28 19:31:24,686 - BlankSpaceAnalyzer - INFO - -> Analyzing version 3.3.0-alpha.9 (143/245)...
2025-10-28 19:31:24,757 - BlankSpaceAnalyzer - INFO - -> Analyzing version 3.3.0-beta.1 (144/245)...
2025-10-28 19:31:24,829 - BlankSpaceAnalyzer - INFO - -> Analyzing version 3.3.0-beta.2 (145/245)...
2025-10-28 19:31:24,901 - BlankSpaceAnalyzer - INFO - -> Analyzing version 3.3.0-beta.3 (146/245)...
2025-10-28 19:31:24,973 - BlankSpaceAnalyzer - INFO - -> Analyzing version 3.3.0-beta.4 (147/245)...
2025-10-28 19:31:25,045 - BlankSpaceAnalyzer - INFO - -> Analyzing version 3.3.0-beta.5 (148/245)...
2025-10-28 19:31:25,117 - BlankSpaceAnalyzer - INFO - -> Analyzing version 3.3.1 (149/245)...
2025-10-28 19:31:25,189 - BlankSpaceAnalyzer - INFO - -> Analyzing version 3.3.10 (150/245)...
2025-10-28 19:31:25,263 - BlankSpaceAnalyzer - INFO - -> Analyzing version 3.3.11 (151/245)...
2025-10-28 19:31:25,335 - BlankSpaceAnalyzer - INFO - -> Analyzing version 3.3.12 (152/245)...
2025-10-28 19:31:25,406 - BlankSpaceAnalyzer - INFO - -> Analyzing version 3.3.13 (153/245)...
2025-10-28 19:31:25,478 - BlankSpaceAnalyzer - INFO - -> Analyzing version 3.3.2 (154/245)...
2025-10-28 19:31:25,547 - BlankSpaceAnalyzer - INFO - -> Analyzing version 3.3.3 (155/245)...
2025-10-28 19:31:25,613 - BlankSpaceAnalyzer - INFO - -> Analyzing version 3.3.4 (156/245)...
2025-10-28 19:31:25,685 - BlankSpaceAnalyzer - INFO - -> Analyzing version 3.3.5 (157/245)...
2025-10-28 19:31:25,757 - BlankSpaceAnalyzer - INFO - -> Analyzing version 3.3.6 (158/245)...
2025-10-28 19:31:25,829 - BlankSpaceAnalyzer - INFO - -> Analyzing version 3.3.7 (159/245)...
2025-10-28 19:31:25,901 - BlankSpaceAnalyzer - INFO - -> Analyzing version 3.3.8 (160/245)...
2025-10-28 19:31:25,972 - BlankSpaceAnalyzer - INFO - -> Analyzing version 3.3.9 (161/245)...
2025-10-28 19:31:26,044 - BlankSpaceAnalyzer - INFO - -> Analyzing version 3.4.0 (162/245)...
2025-10-28 19:31:26,109 - BlankSpaceAnalyzer - INFO - -> Analyzing version 3.4.0-alpha.1 (163/245)...
2025-10-28 19:31:26,181 - BlankSpaceAnalyzer - INFO - -> Analyzing version 3.4.0-alpha.2 (164/245)...
2025-10-28 19:31:26,253 - BlankSpaceAnalyzer - INFO - -> Analyzing version 3.4.0-alpha.3 (165/245)...
2025-10-28 19:31:26,325 - BlankSpaceAnalyzer - INFO - -> Analyzing version 3.4.0-alpha.4 (166/245)...
2025-10-28 19:31:26,397 - BlankSpaceAnalyzer - INFO - -> Analyzing version 3.4.0-beta.1 (167/245)...
2025-10-28 19:31:26,471 - BlankSpaceAnalyzer - INFO - -> Analyzing version 3.4.0-beta.2 (168/245)...
2025-10-28 19:31:26,541 - BlankSpaceAnalyzer - INFO - -> Analyzing version 3.4.0-beta.3 (169/245)...
2025-10-28 19:31:26,605 - BlankSpaceAnalyzer - INFO - -> Analyzing version 3.4.0-beta.4 (170/245)...
2025-10-28 19:31:26,677 - BlankSpaceAnalyzer - INFO - -> Analyzing version 3.4.0-rc.1 (171/245)...
2025-10-28 19:31:26,747 - BlankSpaceAnalyzer - INFO - -> Analyzing version 3.4.0-rc.2 (172/245)...
2025-10-28 19:31:26,812 - BlankSpaceAnalyzer - INFO - -> Analyzing version 3.4.0-rc.3 (173/245)...
2025-10-28 19:31:26,885 - BlankSpaceAnalyzer - INFO - -> Analyzing version 3.4.1 (174/245)...
2025-10-28 19:31:26,956 - BlankSpaceAnalyzer - INFO - -> Analyzing version 3.4.10 (175/245)...
2025-10-28 19:31:27,028 - BlankSpaceAnalyzer - INFO - -> Analyzing version 3.4.11 (176/245)...
2025-10-28 19:31:27,100 - BlankSpaceAnalyzer - INFO - -> Analyzing version 3.4.12 (177/245)...
2025-10-28 19:31:27,173 - BlankSpaceAnalyzer - INFO - -> Analyzing version 3.4.13 (178/245)...
2025-10-28 19:31:27,244 - BlankSpaceAnalyzer - INFO - -> Analyzing version 3.4.14 (179/245)...
2025-10-28 19:31:27,310 - BlankSpaceAnalyzer - INFO - -> Analyzing version 3.4.15 (180/245)...
2025-10-28 19:31:27,383 - BlankSpaceAnalyzer - INFO - -> Analyzing version 3.4.16 (181/245)...
2025-10-28 19:31:27,455 - BlankSpaceAnalyzer - INFO - -> Analyzing version 3.4.17 (182/245)...
2025-10-28 19:31:27,527 - BlankSpaceAnalyzer - INFO - -> Analyzing version 3.4.18 (183/245)...
2025-10-28 19:31:27,599 - BlankSpaceAnalyzer - INFO - -> Analyzing version 3.4.19 (184/245)...
2025-10-28 19:31:27,670 - BlankSpaceAnalyzer - INFO - -> Analyzing version 3.4.2 (185/245)...
2025-10-28 19:31:27,741 - BlankSpaceAnalyzer - INFO - -> Analyzing version 3.4.20 (186/245)...
2025-10-28 19:31:27,807 - BlankSpaceAnalyzer - INFO - -> Analyzing version 3.4.21 (187/245)...
2025-10-28 19:31:27,876 - BlankSpaceAnalyzer - INFO - -> Analyzing version 3.4.22 (188/245)...
2025-10-28 19:31:27,948 - BlankSpaceAnalyzer - INFO - -> Analyzing version 3.4.23 (189/245)...
2025-10-28 19:31:28,021 - BlankSpaceAnalyzer - INFO - -> Analyzing version 3.4.24 (190/245)...
2025-10-28 19:31:28,091 - BlankSpaceAnalyzer - INFO - -> Analyzing version 3.4.25 (191/245)...
2025-10-28 19:31:28,162 - BlankSpaceAnalyzer - INFO - -> Analyzing version 3.4.26 (192/245)...
2025-10-28 19:31:28,234 - BlankSpaceAnalyzer - INFO - -> Analyzing version 3.4.27 (193/245)...
2025-10-28 19:31:28,299 - BlankSpaceAnalyzer - INFO - -> Analyzing version 3.4.28 (194/245)...
2025-10-28 19:31:28,369 - BlankSpaceAnalyzer - INFO - -> Analyzing version 3.4.29 (195/245)...
2025-10-28 19:31:28,440 - BlankSpaceAnalyzer - INFO - -> Analyzing version 3.4.3 (196/245)...
2025-10-28 19:31:28,505 - BlankSpaceAnalyzer - INFO - -> Analyzing version 3.4.30 (197/245)...
2025-10-28 19:31:28,575 - BlankSpaceAnalyzer - INFO - -> Analyzing version 3.4.31 (198/245)...
2025-10-28 19:31:28,644 - BlankSpaceAnalyzer - INFO - -> Analyzing version 3.4.32 (199/245)...
2025-10-28 19:31:28,710 - BlankSpaceAnalyzer - INFO - -> Analyzing version 3.4.33 (200/245)...
2025-10-28 19:31:28,780 - BlankSpaceAnalyzer - INFO - -> Analyzing version 3.4.34 (201/245)...
2025-10-28 19:31:28,850 - BlankSpaceAnalyzer - INFO - -> Analyzing version 3.4.35 (202/245)...
2025-10-28 19:31:28,915 - BlankSpaceAnalyzer - INFO - -> Analyzing version 3.4.36 (203/245)...
2025-10-28 19:31:28,986 - BlankSpaceAnalyzer - INFO - -> Analyzing version 3.4.37 (204/245)...
2025-10-28 19:31:29,055 - BlankSpaceAnalyzer - INFO - -> Analyzing version 3.4.38 (205/245)...
2025-10-28 19:31:29,119 - BlankSpaceAnalyzer - INFO - -> Analyzing version 3.4.4 (206/245)...
2025-10-28 19:31:29,191 - BlankSpaceAnalyzer - INFO - -> Analyzing version 3.4.5 (207/245)...
2025-10-28 19:31:29,261 - BlankSpaceAnalyzer - INFO - -> Analyzing version 3.4.6 (208/245)...
2025-10-28 19:31:29,333 - BlankSpaceAnalyzer - INFO - -> Analyzing version 3.4.7 (209/245)...
2025-10-28 19:31:29,398 - BlankSpaceAnalyzer - INFO - -> Analyzing version 3.4.8 (210/245)...
2025-10-28 19:31:29,468 - BlankSpaceAnalyzer - INFO - -> Analyzing version 3.4.9 (211/245)...
2025-10-28 19:31:29,540 - BlankSpaceAnalyzer - INFO - -> Analyzing version 3.5.0 (212/245)...
2025-10-28 19:31:29,605 - BlankSpaceAnalyzer - INFO - -> Analyzing version 3.5.0-alpha.1 (213/245)...
2025-10-28 19:31:29,677 - BlankSpaceAnalyzer - INFO - -> Analyzing version 3.5.0-alpha.2 (214/245)...
2025-10-28 19:31:29,746 - BlankSpaceAnalyzer - INFO - -> Analyzing version 3.5.0-alpha.3 (215/245)...
2025-10-28 19:31:29,811 - BlankSpaceAnalyzer - INFO - -> Analyzing version 3.5.0-alpha.4 (216/245)...
2025-10-28 19:31:29,883 - BlankSpaceAnalyzer - INFO - -> Analyzing version 3.5.0-alpha.5 (217/245)...
2025-10-28 19:31:29,952 - BlankSpaceAnalyzer - INFO - -> Analyzing version 3.5.0-beta.1 (218/245)...
2025-10-28 19:31:30,019 - BlankSpaceAnalyzer - INFO - -> Analyzing version 3.5.0-beta.2 (219/245)...
2025-10-28 19:31:30,091 - BlankSpaceAnalyzer - INFO - -> Analyzing version 3.5.0-beta.3 (220/245)...
2025-10-28 19:31:30,163 - BlankSpaceAnalyzer - INFO - -> Analyzing version 3.5.0-rc.1 (221/245)...
2025-10-28 19:31:30,234 - BlankSpaceAnalyzer - INFO - -> Analyzing version 3.5.1 (222/245)...
2025-10-28 19:31:30,300 - BlankSpaceAnalyzer - INFO - -> Analyzing version 3.5.10 (223/245)...
2025-10-28 19:31:30,371 - BlankSpaceAnalyzer - INFO - -> Analyzing version 3.5.11 (224/245)...
2025-10-28 19:31:30,441 - BlankSpaceAnalyzer - INFO - -> Analyzing version 3.5.12 (225/245)...
2025-10-28 19:31:30,507 - BlankSpaceAnalyzer - INFO - -> Analyzing version 3.5.13 (226/245)...
2025-10-28 19:31:30,577 - BlankSpaceAnalyzer - INFO - -> Analyzing version 3.5.14 (227/245)...
2025-10-28 19:31:30,649 - BlankSpaceAnalyzer - INFO - -> Analyzing version 3.5.15 (228/245)...
2025-10-28 19:31:30,721 - BlankSpaceAnalyzer - INFO - -> Analyzing version 3.5.16 (229/245)...
2025-10-28 19:31:30,794 - BlankSpaceAnalyzer - INFO - -> Analyzing version 3.5.17 (230/245)...
2025-10-28 19:31:30,865 - BlankSpaceAnalyzer - INFO - -> Analyzing version 3.5.18 (231/245)...
2025-10-28 19:31:30,937 - BlankSpaceAnalyzer - INFO - -> Analyzing version 3.5.19 (232/245)...
2025-10-28 19:31:31,008 - BlankSpaceAnalyzer - INFO - -> Analyzing version 3.5.2 (233/245)...
2025-10-28 19:31:31,079 - BlankSpaceAnalyzer - INFO - -> Analyzing version 3.5.20 (234/245)...
2025-10-28 19:31:31,149 - BlankSpaceAnalyzer - INFO - -> Analyzing version 3.5.21 (235/245)...
2025-10-28 19:31:31,214 - BlankSpaceAnalyzer - INFO - -> Analyzing version 3.5.22 (236/245)...
2025-10-28 19:31:31,285 - BlankSpaceAnalyzer - INFO - -> Analyzing version 3.5.3 (237/245)...
2025-10-28 19:31:31,354 - BlankSpaceAnalyzer - INFO - -> Analyzing version 3.5.4 (238/245)...
2025-10-28 19:31:31,419 - BlankSpaceAnalyzer - INFO - -> Analyzing version 3.5.5 (239/245)...
2025-10-28 19:31:31,492 - BlankSpaceAnalyzer - INFO - -> Analyzing version 3.5.6 (240/245)...
2025-10-28 19:31:31,563 - BlankSpaceAnalyzer - INFO - -> Analyzing version 3.5.7 (241/245)...
2025-10-28 19:31:31,634 - BlankSpaceAnalyzer - INFO - -> Analyzing version 3.5.8 (242/245)...
2025-10-28 19:31:31,700 - BlankSpaceAnalyzer - INFO - -> Analyzing version 3.5.9 (243/245)...
2025-10-28 19:31:31,770 - BlankSpaceAnalyzer - INFO - -> Analyzing version 3.6.0-alpha.1 (244/245)...
2025-10-28 19:31:31,841 - BlankSpaceAnalyzer - INFO - -> Analyzing version 3.6.0-alpha.2 (245/245)...
2025-10-28 19:31:31,914 - BlankSpaceAnalyzer - INFO - Exporting results for '@vue/server-renderer' to CSV...
2025-10-28 19:31:32,153 - BlankSpaceAnalyzer - INFO - Reports saved in: /app/npm_results/@vue_server-renderer
2025-10-28 19:31:32,154 - NPM_Analyzer - INFO - Cleaning temporary folder 'temp/@vue_server-renderer'...
2025-10-28 19:31:32,214 - NPM_Analyzer - INFO - Cleanup completed.
