2025-11-12 06:59:04,634 - NPM_HUT_Analyzer - INFO - Recupero metadata per 'html-escaper'...
2025-11-12 06:59:04,706 - NPM_HUT_Analyzer - INFO - Trovate 9 versioni. Inizio download in 'temp_hut/html-escaper'...
2025-11-12 06:59:07,519 - UnicodeAnalyzer - INFO - Analizzando 9 versioni per '*.js' in 'html-escaper'.
2025-11-12 06:59:07,519 - UnicodeAnalyzer - INFO - -> Analizzando versione 1.0.0 (1/9)...
2025-11-12 06:59:07,595 - UnicodeAnalyzer - INFO - -> Analizzando versione 1.0.1 (2/9)...
2025-11-12 06:59:07,638 - UnicodeAnalyzer - INFO - -> Analizzando versione 2.0.0 (3/9)...
2025-11-12 06:59:07,683 - UnicodeAnalyzer - INFO - -> Analizzando versione 2.0.1 (4/9)...
2025-11-12 06:59:07,683 - UnicodeAnalyzer - INFO - Filtrati 1 file (es. in /dist, /test).
2025-11-12 06:59:07,730 - UnicodeAnalyzer - INFO - -> Analizzando versione 2.0.2 (5/9)...
2025-11-12 06:59:07,731 - UnicodeAnalyzer - INFO - Filtrati 1 file (es. in /dist, /test).
2025-11-12 06:59:07,780 - UnicodeAnalyzer - INFO - -> Analizzando versione 3.0.0 (6/9)...
2025-11-12 06:59:07,780 - UnicodeAnalyzer - INFO - Filtrati 1 file (es. in /dist, /test).
2025-11-12 06:59:07,829 - UnicodeAnalyzer - INFO - -> Analizzando versione 3.0.1 (7/9)...
2025-11-12 06:59:07,829 - UnicodeAnalyzer - INFO - Filtrati 1 file (es. in /dist, /test).
2025-11-12 06:59:07,878 - UnicodeAnalyzer - INFO - -> Analizzando versione 3.0.2 (8/9)...
2025-11-12 06:59:07,878 - UnicodeAnalyzer - INFO - Filtrati 1 file (es. in /dist, /test).
2025-11-12 06:59:07,927 - UnicodeAnalyzer - INFO - -> Analizzando versione 3.0.3 (9/9)...
2025-11-12 06:59:07,928 - UnicodeAnalyzer - INFO - Filtrati 1 file (es. in /dist, /test).
2025-11-12 06:59:07,977 - UnicodeAnalyzer - INFO - Esportando i risultati HUT per 'html-escaper' in CSV...
2025-11-12 06:59:07,992 - UnicodeAnalyzer - INFO - Report salvati in: /app/npm_hut_results/html-escaper
2025-11-12 06:59:07,992 - NPM_HUT_Analyzer - INFO - Pulizia cartella temporanea 'temp_hut/html-escaper'...
2025-11-12 06:59:07,994 - NPM_HUT_Analyzer - INFO - Pulizia completata.
