2025-10-25 03:37:21,230 - NPM_Analyzer - INFO - Fetching metadata for '@hookform/resolvers'...
2025-10-25 03:37:21,505 - NPM_Analyzer - INFO - Found 132 versions. Starting download into 'temp/@hookform_resolvers'...
2025-10-25 03:40:07,098 - BlankSpaceAnalyzer - INFO - Analyzing 132 versions for '*.js' in '@hookform_resolvers'.
2025-10-25 03:40:07,098 - BlankSpaceAnalyzer - INFO - -> Analyzing version 0.0.1 (1/132)...
2025-10-25 03:40:07,218 - BlankSpaceAnalyzer - INFO - -> Analyzing version 0.0.2 (2/132)...
2025-10-25 03:40:07,314 - BlankSpaceAnalyzer - INFO - -> Analyzing version 0.0.3 (3/132)...
2025-10-25 03:40:07,409 - BlankSpaceAnalyzer - INFO - -> Analyzing version 0.0.4 (4/132)...
2025-10-25 03:40:07,505 - BlankSpaceAnalyzer - INFO - -> Analyzing version 0.0.5 (5/132)...
2025-10-25 03:40:07,601 - BlankSpaceAnalyzer - INFO - -> Analyzing version 0.0.6 (6/132)...
2025-10-25 03:40:07,698 - BlankSpaceAnalyzer - INFO - -> Analyzing version 0.0.7-beta.1 (7/132)...
2025-10-25 03:40:07,794 - BlankSpaceAnalyzer - INFO - -> Analyzing version 0.0.7-beta.2 (8/132)...
2025-10-25 03:40:07,891 - BlankSpaceAnalyzer - INFO - -> Analyzing version 0.0.7-beta.3 (9/132)...
2025-10-25 03:40:07,994 - BlankSpaceAnalyzer - INFO - -> Analyzing version 0.0.7-beta.4 (10/132)...
2025-10-25 03:40:08,091 - BlankSpaceAnalyzer - INFO - -> Analyzing version 0.0.7-beta.5 (11/132)...
2025-10-25 03:40:08,187 - BlankSpaceAnalyzer - INFO - -> Analyzing version 0.1.0 (12/132)...
2025-10-25 03:40:08,283 - BlankSpaceAnalyzer - INFO - -> Analyzing version 0.1.1 (13/132)...
2025-10-25 03:40:08,386 - BlankSpaceAnalyzer - INFO - -> Analyzing version 0.1.1-beta.1 (14/132)...
2025-10-25 03:40:08,484 - BlankSpaceAnalyzer - INFO - -> Analyzing version 0.2.0-beta.1 (15/132)...
2025-10-25 03:40:08,590 - BlankSpaceAnalyzer - INFO - -> Analyzing version 0.2.0-beta.10 (16/132)...
2025-10-25 03:40:08,688 - BlankSpaceAnalyzer - INFO - -> Analyzing version 0.2.0-beta.11 (17/132)...
2025-10-25 03:40:08,786 - BlankSpaceAnalyzer - INFO - -> Analyzing version 0.2.0-beta.12 (18/132)...
2025-10-25 03:40:08,892 - BlankSpaceAnalyzer - INFO - -> Analyzing version 0.2.0-beta.2 (19/132)...
2025-10-25 03:40:08,994 - BlankSpaceAnalyzer - INFO - -> Analyzing version 0.2.0-beta.3 (20/132)...
2025-10-25 03:40:09,094 - BlankSpaceAnalyzer - INFO - -> Analyzing version 0.2.0-beta.4 (21/132)...
2025-10-25 03:40:09,192 - BlankSpaceAnalyzer - INFO - -> Analyzing version 0.2.0-beta.5 (22/132)...
2025-10-25 03:40:09,288 - BlankSpaceAnalyzer - INFO - -> Analyzing version 0.2.0-beta.6 (23/132)...
2025-10-25 03:40:09,389 - BlankSpaceAnalyzer - INFO - -> Analyzing version 0.2.0-beta.7 (24/132)...
2025-10-25 03:40:09,495 - BlankSpaceAnalyzer - INFO - -> Analyzing version 0.2.0-beta.9 (25/132)...
2025-10-25 03:40:09,593 - BlankSpaceAnalyzer - INFO - -> Analyzing version 1.0.0 (26/132)...
2025-10-25 03:40:09,691 - BlankSpaceAnalyzer - INFO - -> Analyzing version 1.0.0-rc.1 (27/132)...
2025-10-25 03:40:09,794 - BlankSpaceAnalyzer - INFO - -> Analyzing version 1.0.0-rc.2 (28/132)...
2025-10-25 03:40:09,896 - BlankSpaceAnalyzer - INFO - -> Analyzing version 1.0.1 (29/132)...
2025-10-25 03:40:10,000 - BlankSpaceAnalyzer - INFO - -> Analyzing version 1.0.1-beta.1 (30/132)...
2025-10-25 03:40:10,099 - BlankSpaceAnalyzer - INFO - -> Analyzing version 1.1.0 (31/132)...
2025-10-25 03:40:10,198 - BlankSpaceAnalyzer - INFO - -> Analyzing version 1.1.1 (32/132)...
2025-10-25 03:40:10,293 - BlankSpaceAnalyzer - INFO - -> Analyzing version 1.1.2 (33/132)...
2025-10-25 03:40:10,390 - BlankSpaceAnalyzer - INFO - -> Analyzing version 1.2.0 (34/132)...
2025-10-25 03:40:10,489 - BlankSpaceAnalyzer - INFO - -> Analyzing version 1.3.0 (35/132)...
2025-10-25 03:40:10,585 - BlankSpaceAnalyzer - INFO - -> Analyzing version 1.3.1 (36/132)...
2025-10-25 03:40:10,683 - BlankSpaceAnalyzer - INFO - -> Analyzing version 1.3.2 (37/132)...
2025-10-25 03:40:10,787 - BlankSpaceAnalyzer - INFO - -> Analyzing version 1.3.2-beta.1 (38/132)...
2025-10-25 03:40:10,885 - BlankSpaceAnalyzer - INFO - -> Analyzing version 1.3.3 (39/132)...
2025-10-25 03:40:10,989 - BlankSpaceAnalyzer - INFO - -> Analyzing version 1.3.4 (40/132)...
2025-10-25 03:40:11,087 - BlankSpaceAnalyzer - INFO - -> Analyzing version 1.3.5 (41/132)...
2025-10-25 03:40:11,187 - BlankSpaceAnalyzer - INFO - -> Analyzing version 1.3.6 (42/132)...
2025-10-25 03:40:11,290 - BlankSpaceAnalyzer - INFO - -> Analyzing version 1.3.7 (43/132)...
2025-10-25 03:40:11,388 - BlankSpaceAnalyzer - INFO - -> Analyzing version 1.3.8 (44/132)...
2025-10-25 03:40:11,493 - BlankSpaceAnalyzer - INFO - -> Analyzing version 1.4.0-beta.1 (45/132)...
2025-10-25 03:40:11,597 - BlankSpaceAnalyzer - INFO - -> Analyzing version 2.0.0 (46/132)...
2025-10-25 03:40:11,701 - BlankSpaceAnalyzer - INFO - -> Analyzing version 2.0.0-beta.1 (47/132)...
2025-10-25 03:40:11,799 - BlankSpaceAnalyzer - INFO - -> Analyzing version 2.0.0-beta.10 (48/132)...
2025-10-25 03:40:11,904 - BlankSpaceAnalyzer - INFO - -> Analyzing version 2.0.0-beta.11 (49/132)...
2025-10-25 03:40:12,011 - BlankSpaceAnalyzer - INFO - -> Analyzing version 2.0.0-beta.12 (50/132)...
2025-10-25 03:40:12,117 - BlankSpaceAnalyzer - INFO - -> Analyzing version 2.0.0-beta.13 (51/132)...
2025-10-25 03:40:12,223 - BlankSpaceAnalyzer - INFO - -> Analyzing version 2.0.0-beta.14 (52/132)...
2025-10-25 03:40:12,328 - BlankSpaceAnalyzer - INFO - -> Analyzing version 2.0.0-beta.15 (53/132)...
2025-10-25 03:40:12,433 - BlankSpaceAnalyzer - INFO - -> Analyzing version 2.0.0-beta.17 (54/132)...
2025-10-25 03:40:12,538 - BlankSpaceAnalyzer - INFO - -> Analyzing version 2.0.0-beta.2 (55/132)...
2025-10-25 03:40:12,643 - BlankSpaceAnalyzer - INFO - -> Analyzing version 2.0.0-beta.3 (56/132)...
2025-10-25 03:40:12,747 - BlankSpaceAnalyzer - INFO - -> Analyzing version 2.0.0-beta.4 (57/132)...
2025-10-25 03:40:12,852 - BlankSpaceAnalyzer - INFO - -> Analyzing version 2.0.0-beta.5 (58/132)...
2025-10-25 03:40:12,957 - BlankSpaceAnalyzer - INFO - -> Analyzing version 2.0.0-beta.6 (59/132)...
2025-10-25 03:40:13,062 - BlankSpaceAnalyzer - INFO - -> Analyzing version 2.0.0-beta.7 (60/132)...
2025-10-25 03:40:13,167 - BlankSpaceAnalyzer - INFO - -> Analyzing version 2.0.0-beta.8 (61/132)...
2025-10-25 03:40:13,265 - BlankSpaceAnalyzer - INFO - -> Analyzing version 2.0.0-beta.9 (62/132)...
2025-10-25 03:40:13,371 - BlankSpaceAnalyzer - INFO - -> Analyzing version 2.0.0-rc.1 (63/132)...
2025-10-25 03:40:13,466 - BlankSpaceAnalyzer - INFO - -> Analyzing version 2.0.1 (64/132)...
2025-10-25 03:40:13,571 - BlankSpaceAnalyzer - INFO - -> Analyzing version 2.1.0 (65/132)...
2025-10-25 03:40:13,677 - BlankSpaceAnalyzer - INFO - -> Analyzing version 2.2.0 (66/132)...
2025-10-25 03:40:13,782 - BlankSpaceAnalyzer - INFO - -> Analyzing version 2.3.0 (67/132)...
2025-10-25 03:40:13,890 - BlankSpaceAnalyzer - INFO - -> Analyzing version 2.3.1 (68/132)...
2025-10-25 03:40:13,989 - BlankSpaceAnalyzer - INFO - -> Analyzing version 2.3.2 (69/132)...
2025-10-25 03:40:14,095 - BlankSpaceAnalyzer - INFO - -> Analyzing version 2.4.0 (70/132)...
2025-10-25 03:40:14,194 - BlankSpaceAnalyzer - INFO - -> Analyzing version 2.5.0 (71/132)...
2025-10-25 03:40:14,294 - BlankSpaceAnalyzer - INFO - -> Analyzing version 2.5.1 (72/132)...
2025-10-25 03:40:14,399 - BlankSpaceAnalyzer - INFO - -> Analyzing version 2.5.2 (73/132)...
2025-10-25 03:40:14,499 - BlankSpaceAnalyzer - INFO - -> Analyzing version 2.6.0 (74/132)...
2025-10-25 03:40:14,607 - BlankSpaceAnalyzer - INFO - -> Analyzing version 2.6.1 (75/132)...
2025-10-25 03:40:14,713 - BlankSpaceAnalyzer - INFO - -> Analyzing version 2.7.0 (76/132)...
2025-10-25 03:40:14,818 - BlankSpaceAnalyzer - INFO - -> Analyzing version 2.7.1 (77/132)...
2025-10-25 03:40:14,923 - BlankSpaceAnalyzer - INFO - -> Analyzing version 2.8.0 (78/132)...
2025-10-25 03:40:15,029 - BlankSpaceAnalyzer - INFO - -> Analyzing version 2.8.1 (79/132)...
2025-10-25 03:40:15,136 - BlankSpaceAnalyzer - INFO - -> Analyzing version 2.8.10 (80/132)...
2025-10-25 03:40:15,238 - BlankSpaceAnalyzer - INFO - -> Analyzing version 2.8.2 (81/132)...
2025-10-25 03:40:15,338 - BlankSpaceAnalyzer - INFO - -> Analyzing version 2.8.3 (82/132)...
2025-10-25 03:40:15,442 - BlankSpaceAnalyzer - INFO - -> Analyzing version 2.8.4 (83/132)...
2025-10-25 03:40:15,544 - BlankSpaceAnalyzer - INFO - -> Analyzing version 2.8.5 (84/132)...
2025-10-25 03:40:15,643 - BlankSpaceAnalyzer - INFO - -> Analyzing version 2.8.6 (85/132)...
2025-10-25 03:40:15,747 - BlankSpaceAnalyzer - INFO - -> Analyzing version 2.8.7 (86/132)...
2025-10-25 03:40:15,854 - BlankSpaceAnalyzer - INFO - -> Analyzing version 2.8.8 (87/132)...
2025-10-25 03:40:15,954 - BlankSpaceAnalyzer - INFO - -> Analyzing version 2.8.9 (88/132)...
2025-10-25 03:40:16,054 - BlankSpaceAnalyzer - INFO - -> Analyzing version 2.9.0 (89/132)...
2025-10-25 03:40:16,154 - BlankSpaceAnalyzer - INFO - -> Analyzing version 2.9.1 (90/132)...
2025-10-25 03:40:16,253 - BlankSpaceAnalyzer - INFO - -> Analyzing version 2.9.10 (91/132)...
2025-10-25 03:40:16,353 - BlankSpaceAnalyzer - INFO - -> Analyzing version 2.9.11 (92/132)...
2025-10-25 03:40:16,459 - BlankSpaceAnalyzer - INFO - -> Analyzing version 2.9.2 (93/132)...
2025-10-25 03:40:16,567 - BlankSpaceAnalyzer - INFO - -> Analyzing version 2.9.3 (94/132)...
2025-10-25 03:40:16,667 - BlankSpaceAnalyzer - INFO - -> Analyzing version 2.9.4 (95/132)...
2025-10-25 03:40:16,776 - BlankSpaceAnalyzer - INFO - -> Analyzing version 2.9.5 (96/132)...
2025-10-25 03:40:16,883 - BlankSpaceAnalyzer - INFO - -> Analyzing version 2.9.6 (97/132)...
2025-10-25 03:40:16,990 - BlankSpaceAnalyzer - INFO - -> Analyzing version 2.9.7 (98/132)...
2025-10-25 03:40:17,091 - BlankSpaceAnalyzer - INFO - -> Analyzing version 2.9.8 (99/132)...
2025-10-25 03:40:17,191 - BlankSpaceAnalyzer - INFO - -> Analyzing version 2.9.9 (100/132)...
2025-10-25 03:40:17,298 - BlankSpaceAnalyzer - INFO - -> Analyzing version 3.0.0 (101/132)...
2025-10-25 03:40:17,404 - BlankSpaceAnalyzer - INFO - -> Analyzing version 3.0.1 (102/132)...
2025-10-25 03:40:17,503 - BlankSpaceAnalyzer - INFO - -> Analyzing version 3.1.0 (103/132)...
2025-10-25 03:40:17,605 - BlankSpaceAnalyzer - INFO - -> Analyzing version 3.1.1 (104/132)...
2025-10-25 03:40:17,712 - BlankSpaceAnalyzer - INFO - -> Analyzing version 3.10.0 (105/132)...
2025-10-25 03:40:17,824 - BlankSpaceAnalyzer - INFO - -> Analyzing version 3.2.0 (106/132)...
2025-10-25 03:40:17,930 - BlankSpaceAnalyzer - INFO - -> Analyzing version 3.3.0 (107/132)...
2025-10-25 03:40:18,039 - BlankSpaceAnalyzer - INFO - -> Analyzing version 3.3.1 (108/132)...
2025-10-25 03:40:18,147 - BlankSpaceAnalyzer - INFO - -> Analyzing version 3.3.2 (109/132)...
2025-10-25 03:40:18,255 - BlankSpaceAnalyzer - INFO - -> Analyzing version 3.3.3 (110/132)...
2025-10-25 03:40:18,357 - BlankSpaceAnalyzer - INFO - -> Analyzing version 3.3.4 (111/132)...
2025-10-25 03:40:18,464 - BlankSpaceAnalyzer - INFO - -> Analyzing version 3.4.0 (112/132)...
2025-10-25 03:40:18,573 - BlankSpaceAnalyzer - INFO - -> Analyzing version 3.4.1 (113/132)...
2025-10-25 03:40:18,682 - BlankSpaceAnalyzer - INFO - -> Analyzing version 3.4.2 (114/132)...
2025-10-25 03:40:18,791 - BlankSpaceAnalyzer - INFO - -> Analyzing version 3.5.0 (115/132)...
2025-10-25 03:40:18,894 - BlankSpaceAnalyzer - INFO - -> Analyzing version 3.6.0 (116/132)...
2025-10-25 03:40:19,001 - BlankSpaceAnalyzer - INFO - -> Analyzing version 3.7.0 (117/132)...
2025-10-25 03:40:19,103 - BlankSpaceAnalyzer - INFO - -> Analyzing version 3.8.0 (118/132)...
2025-10-25 03:40:19,204 - BlankSpaceAnalyzer - INFO - -> Analyzing version 3.9.0 (119/132)...
2025-10-25 03:40:19,308 - BlankSpaceAnalyzer - INFO - -> Analyzing version 3.9.1 (120/132)...
2025-10-25 03:40:19,415 - BlankSpaceAnalyzer - INFO - -> Analyzing version 4.0.0 (121/132)...
2025-10-25 03:40:19,517 - BlankSpaceAnalyzer - INFO - -> Analyzing version 4.1.0 (122/132)...
2025-10-25 03:40:19,619 - BlankSpaceAnalyzer - INFO - -> Analyzing version 4.1.1 (123/132)...
2025-10-25 03:40:19,724 - BlankSpaceAnalyzer - INFO - -> Analyzing version 4.1.2 (124/132)...
2025-10-25 03:40:19,834 - BlankSpaceAnalyzer - INFO - -> Analyzing version 4.1.3 (125/132)...
2025-10-25 03:40:19,938 - BlankSpaceAnalyzer - INFO - -> Analyzing version 5.0.0 (126/132)...
2025-10-25 03:40:20,040 - BlankSpaceAnalyzer - INFO - -> Analyzing version 5.0.1 (127/132)...
2025-10-25 03:40:20,142 - BlankSpaceAnalyzer - INFO - -> Analyzing version 5.1.0 (128/132)...
2025-10-25 03:40:20,244 - BlankSpaceAnalyzer - INFO - -> Analyzing version 5.1.1 (129/132)...
2025-10-25 03:40:20,347 - BlankSpaceAnalyzer - INFO - -> Analyzing version 5.2.0 (130/132)...
2025-10-25 03:40:20,463 - BlankSpaceAnalyzer - INFO - -> Analyzing version 5.2.1 (131/132)...
2025-10-25 03:40:20,565 - BlankSpaceAnalyzer - INFO - -> Analyzing version 5.2.2 (132/132)...
2025-10-25 03:40:20,682 - BlankSpaceAnalyzer - INFO - Exporting results for '@hookform/resolvers' to CSV...
2025-10-25 03:40:20,824 - BlankSpaceAnalyzer - INFO - Reports saved in: /app/npm_results/@hookform_resolvers
2025-10-25 03:40:20,824 - NPM_Analyzer - INFO - Cleaning temporary folder 'temp/@hookform_resolvers'...
2025-10-25 03:40:21,334 - NPM_Analyzer - INFO - Cleanup completed.
