2025-11-15 20:00:23,449 - NPM_HUT_Analyzer - INFO - Recupero metadata per 'react-draggable'...
2025-11-15 20:00:23,622 - NPM_HUT_Analyzer - INFO - Trovate 80 versioni. Inizio download in 'temp_hut/react-draggable'...
2025-11-15 20:01:14,999 - UnicodeAnalyzer - INFO - Analizzando 80 versioni per '*.js' in 'react-draggable'.
2025-11-15 20:01:14,999 - UnicodeAnalyzer - INFO - -> Analizzando versione 0.1.0 (1/80)...
2025-11-15 20:01:15,073 - UnicodeAnalyzer - INFO - -> Analizzando versione 0.1.1 (2/80)...
2025-11-15 20:01:15,115 - UnicodeAnalyzer - INFO - -> Analizzando versione 0.2.0 (3/80)...
2025-11-15 20:01:15,115 - UnicodeAnalyzer - INFO - Filtrati 2 file (es. in /dist, /test).
2025-11-15 20:01:15,157 - UnicodeAnalyzer - INFO - -> Analizzando versione 0.2.1 (4/80)...
2025-11-15 20:01:15,158 - UnicodeAnalyzer - INFO - Filtrati 2 file (es. in /dist, /test).
2025-11-15 20:01:15,205 - UnicodeAnalyzer - INFO - -> Analizzando versione 0.3.0 (5/80)...
2025-11-15 20:01:15,205 - UnicodeAnalyzer - INFO - Filtrati 2 file (es. in /dist, /test).
2025-11-15 20:01:15,253 - UnicodeAnalyzer - INFO - -> Analizzando versione 0.4.0 (6/80)...
2025-11-15 20:01:15,253 - UnicodeAnalyzer - INFO - Filtrati 2 file (es. in /dist, /test).
2025-11-15 20:01:15,300 - UnicodeAnalyzer - INFO - -> Analizzando versione 0.4.1 (7/80)...
2025-11-15 20:01:15,301 - UnicodeAnalyzer - INFO - Filtrati 2 file (es. in /dist, /test).
2025-11-15 20:01:15,349 - UnicodeAnalyzer - INFO - -> Analizzando versione 0.4.2 (8/80)...
2025-11-15 20:01:15,349 - UnicodeAnalyzer - INFO - Filtrati 2 file (es. in /dist, /test).
2025-11-15 20:01:15,399 - UnicodeAnalyzer - INFO - -> Analizzando versione 0.5.0 (9/80)...
2025-11-15 20:01:15,448 - UnicodeAnalyzer - INFO - -> Analizzando versione 0.6.0 (10/80)...
2025-11-15 20:01:15,497 - UnicodeAnalyzer - INFO - -> Analizzando versione 0.7.0 (11/80)...
2025-11-15 20:01:15,546 - UnicodeAnalyzer - INFO - -> Analizzando versione 0.7.1 (12/80)...
2025-11-15 20:01:15,594 - UnicodeAnalyzer - INFO - -> Analizzando versione 0.7.2 (13/80)...
2025-11-15 20:01:15,642 - UnicodeAnalyzer - INFO - -> Analizzando versione 0.7.3 (14/80)...
2025-11-15 20:01:15,691 - UnicodeAnalyzer - INFO - -> Analizzando versione 0.7.4 (15/80)...
2025-11-15 20:01:15,739 - UnicodeAnalyzer - INFO - -> Analizzando versione 0.8.0 (16/80)...
2025-11-15 20:01:15,789 - UnicodeAnalyzer - INFO - -> Analizzando versione 0.8.1 (17/80)...
2025-11-15 20:01:15,840 - UnicodeAnalyzer - INFO - -> Analizzando versione 0.8.2 (18/80)...
2025-11-15 20:01:15,893 - UnicodeAnalyzer - INFO - -> Analizzando versione 0.8.3 (19/80)...
2025-11-15 20:01:15,941 - UnicodeAnalyzer - INFO - -> Analizzando versione 0.8.4 (20/80)...
2025-11-15 20:01:15,992 - UnicodeAnalyzer - INFO - -> Analizzando versione 0.8.5 (21/80)...
2025-11-15 20:01:16,041 - UnicodeAnalyzer - INFO - -> Analizzando versione 1.0.0 (22/80)...
2025-11-15 20:01:16,042 - UnicodeAnalyzer - INFO - -> Analizzando versione 1.0.1 (23/80)...
2025-11-15 20:01:16,042 - UnicodeAnalyzer - INFO - Filtrati 2 file (es. in /dist, /test).
2025-11-15 20:01:16,090 - UnicodeAnalyzer - INFO - -> Analizzando versione 1.0.2 (24/80)...
2025-11-15 20:01:16,091 - UnicodeAnalyzer - INFO - Filtrati 2 file (es. in /dist, /test).
2025-11-15 20:01:16,138 - UnicodeAnalyzer - INFO - -> Analizzando versione 1.1.0 (25/80)...
2025-11-15 20:01:16,138 - UnicodeAnalyzer - INFO - Filtrati 2 file (es. in /dist, /test).
2025-11-15 20:01:16,186 - UnicodeAnalyzer - INFO - -> Analizzando versione 1.1.1 (26/80)...
2025-11-15 20:01:16,186 - UnicodeAnalyzer - INFO - Filtrati 2 file (es. in /dist, /test).
2025-11-15 20:01:16,235 - UnicodeAnalyzer - INFO - -> Analizzando versione 1.1.2 (27/80)...
2025-11-15 20:01:16,235 - UnicodeAnalyzer - INFO - Filtrati 2 file (es. in /dist, /test).
2025-11-15 20:01:16,282 - UnicodeAnalyzer - INFO - -> Analizzando versione 1.1.3 (28/80)...
2025-11-15 20:01:16,283 - UnicodeAnalyzer - INFO - Filtrati 2 file (es. in /dist, /test).
2025-11-15 20:01:16,330 - UnicodeAnalyzer - INFO - -> Analizzando versione 1.2.0 (29/80)...
2025-11-15 20:01:16,331 - UnicodeAnalyzer - INFO - Filtrati 2 file (es. in /dist, /test).
2025-11-15 20:01:16,378 - UnicodeAnalyzer - INFO - -> Analizzando versione 1.3.0 (30/80)...
2025-11-15 20:01:16,379 - UnicodeAnalyzer - INFO - Filtrati 2 file (es. in /dist, /test).
2025-11-15 20:01:16,427 - UnicodeAnalyzer - INFO - -> Analizzando versione 1.3.1 (31/80)...
2025-11-15 20:01:16,428 - UnicodeAnalyzer - INFO - Filtrati 2 file (es. in /dist, /test).
2025-11-15 20:01:16,475 - UnicodeAnalyzer - INFO - -> Analizzando versione 1.3.2 (32/80)...
2025-11-15 20:01:16,475 - UnicodeAnalyzer - INFO - Filtrati 2 file (es. in /dist, /test).
2025-11-15 20:01:16,523 - UnicodeAnalyzer - INFO - -> Analizzando versione 1.3.3 (33/80)...
2025-11-15 20:01:16,523 - UnicodeAnalyzer - INFO - Filtrati 2 file (es. in /dist, /test).
2025-11-15 20:01:16,572 - UnicodeAnalyzer - INFO - -> Analizzando versione 1.3.4 (34/80)...
2025-11-15 20:01:16,573 - UnicodeAnalyzer - INFO - Filtrati 2 file (es. in /dist, /test).
2025-11-15 20:01:16,618 - UnicodeAnalyzer - INFO - -> Analizzando versione 1.3.6 (35/80)...
2025-11-15 20:01:16,619 - UnicodeAnalyzer - INFO - Filtrati 2 file (es. in /dist, /test).
2025-11-15 20:01:16,666 - UnicodeAnalyzer - INFO - -> Analizzando versione 1.3.7 (36/80)...
2025-11-15 20:01:16,667 - UnicodeAnalyzer - INFO - Filtrati 2 file (es. in /dist, /test).
2025-11-15 20:01:16,715 - UnicodeAnalyzer - INFO - -> Analizzando versione 1.4.0-beta1 (37/80)...
2025-11-15 20:01:16,716 - UnicodeAnalyzer - INFO - Filtrati 2 file (es. in /dist, /test).
2025-11-15 20:01:16,763 - UnicodeAnalyzer - INFO - -> Analizzando versione 2.0.0 (38/80)...
2025-11-15 20:01:16,763 - UnicodeAnalyzer - INFO - Filtrati 2 file (es. in /dist, /test).
2025-11-15 20:01:16,811 - UnicodeAnalyzer - INFO - -> Analizzando versione 2.0.0-beta1 (39/80)...
2025-11-15 20:01:16,812 - UnicodeAnalyzer - INFO - Filtrati 2 file (es. in /dist, /test).
2025-11-15 20:01:16,861 - UnicodeAnalyzer - INFO - -> Analizzando versione 2.0.0-beta2 (40/80)...
2025-11-15 20:01:16,862 - UnicodeAnalyzer - INFO - Filtrati 2 file (es. in /dist, /test).
2025-11-15 20:01:16,910 - UnicodeAnalyzer - INFO - -> Analizzando versione 2.0.0-beta3 (41/80)...
2025-11-15 20:01:16,911 - UnicodeAnalyzer - INFO - Filtrati 2 file (es. in /dist, /test).
2025-11-15 20:01:16,959 - UnicodeAnalyzer - INFO - -> Analizzando versione 2.0.1 (42/80)...
2025-11-15 20:01:16,959 - UnicodeAnalyzer - INFO - Filtrati 2 file (es. in /dist, /test).
2025-11-15 20:01:17,006 - UnicodeAnalyzer - INFO - -> Analizzando versione 2.0.2 (43/80)...
2025-11-15 20:01:17,007 - UnicodeAnalyzer - INFO - Filtrati 2 file (es. in /dist, /test).
2025-11-15 20:01:17,056 - UnicodeAnalyzer - INFO - -> Analizzando versione 2.1.0 (44/80)...
2025-11-15 20:01:17,056 - UnicodeAnalyzer - INFO - Filtrati 2 file (es. in /dist, /test).
2025-11-15 20:01:17,105 - UnicodeAnalyzer - INFO - -> Analizzando versione 2.1.1 (45/80)...
2025-11-15 20:01:17,105 - UnicodeAnalyzer - INFO - Filtrati 2 file (es. in /dist, /test).
2025-11-15 20:01:17,152 - UnicodeAnalyzer - INFO - -> Analizzando versione 2.1.2 (46/80)...
2025-11-15 20:01:17,153 - UnicodeAnalyzer - INFO - Filtrati 2 file (es. in /dist, /test).
2025-11-15 20:01:17,201 - UnicodeAnalyzer - INFO - -> Analizzando versione 2.2.0 (47/80)...
2025-11-15 20:01:17,201 - UnicodeAnalyzer - INFO - Filtrati 2 file (es. in /dist, /test).
2025-11-15 20:01:17,248 - UnicodeAnalyzer - INFO - -> Analizzando versione 2.2.1 (48/80)...
2025-11-15 20:01:17,249 - UnicodeAnalyzer - INFO - Filtrati 2 file (es. in /dist, /test).
2025-11-15 20:01:17,296 - UnicodeAnalyzer - INFO - -> Analizzando versione 2.2.2 (49/80)...
2025-11-15 20:01:17,296 - UnicodeAnalyzer - INFO - Filtrati 2 file (es. in /dist, /test).
2025-11-15 20:01:17,343 - UnicodeAnalyzer - INFO - -> Analizzando versione 2.2.3 (50/80)...
2025-11-15 20:01:17,343 - UnicodeAnalyzer - INFO - Filtrati 2 file (es. in /dist, /test).
2025-11-15 20:01:17,391 - UnicodeAnalyzer - INFO - -> Analizzando versione 2.2.4 (51/80)...
2025-11-15 20:01:17,391 - UnicodeAnalyzer - INFO - Filtrati 2 file (es. in /dist, /test).
2025-11-15 20:01:17,439 - UnicodeAnalyzer - INFO - -> Analizzando versione 2.2.5 (52/80)...
2025-11-15 20:01:17,439 - UnicodeAnalyzer - INFO - Filtrati 2 file (es. in /dist, /test).
2025-11-15 20:01:17,487 - UnicodeAnalyzer - INFO - -> Analizzando versione 2.2.6 (53/80)...
2025-11-15 20:01:17,487 - UnicodeAnalyzer - INFO - Filtrati 2 file (es. in /dist, /test).
2025-11-15 20:01:17,535 - UnicodeAnalyzer - INFO - -> Analizzando versione 3.0.0 (54/80)...
2025-11-15 20:01:17,536 - UnicodeAnalyzer - INFO - Filtrati 2 file (es. in /dist, /test).
2025-11-15 20:01:17,586 - UnicodeAnalyzer - INFO - -> Analizzando versione 3.0.1 (55/80)...
2025-11-15 20:01:17,587 - UnicodeAnalyzer - INFO - Filtrati 2 file (es. in /dist, /test).
2025-11-15 20:01:17,638 - UnicodeAnalyzer - INFO - -> Analizzando versione 3.0.2 (56/80)...
2025-11-15 20:01:17,639 - UnicodeAnalyzer - INFO - Filtrati 2 file (es. in /dist, /test).
2025-11-15 20:01:17,688 - UnicodeAnalyzer - INFO - -> Analizzando versione 3.0.3 (57/80)...
2025-11-15 20:01:17,689 - UnicodeAnalyzer - INFO - Filtrati 2 file (es. in /dist, /test).
2025-11-15 20:01:17,739 - UnicodeAnalyzer - INFO - -> Analizzando versione 3.0.4 (58/80)...
2025-11-15 20:01:17,740 - UnicodeAnalyzer - INFO - Filtrati 2 file (es. in /dist, /test).
2025-11-15 20:01:17,790 - UnicodeAnalyzer - INFO - -> Analizzando versione 3.0.5 (59/80)...
2025-11-15 20:01:17,790 - UnicodeAnalyzer - INFO - Filtrati 2 file (es. in /dist, /test).
2025-11-15 20:01:17,840 - UnicodeAnalyzer - INFO - -> Analizzando versione 3.1.0 (60/80)...
2025-11-15 20:01:17,841 - UnicodeAnalyzer - INFO - Filtrati 2 file (es. in /dist, /test).
2025-11-15 20:01:17,894 - UnicodeAnalyzer - INFO - -> Analizzando versione 3.1.1 (61/80)...
2025-11-15 20:01:17,894 - UnicodeAnalyzer - INFO - Filtrati 2 file (es. in /dist, /test).
2025-11-15 20:01:17,945 - UnicodeAnalyzer - INFO - -> Analizzando versione 3.2.1 (62/80)...
2025-11-15 20:01:17,946 - UnicodeAnalyzer - INFO - Filtrati 2 file (es. in /dist, /test).
2025-11-15 20:01:17,997 - UnicodeAnalyzer - INFO - -> Analizzando versione 3.3.0 (63/80)...
2025-11-15 20:01:17,997 - UnicodeAnalyzer - INFO - Filtrati 2 file (es. in /dist, /test).
2025-11-15 20:01:18,048 - UnicodeAnalyzer - INFO - -> Analizzando versione 3.3.1 (64/80)...
2025-11-15 20:01:18,049 - UnicodeAnalyzer - INFO - Filtrati 2 file (es. in /dist, /test).
2025-11-15 20:01:18,100 - UnicodeAnalyzer - INFO - -> Analizzando versione 3.3.2 (65/80)...
2025-11-15 20:01:18,101 - UnicodeAnalyzer - INFO - Filtrati 2 file (es. in /dist, /test).
2025-11-15 20:01:18,151 - UnicodeAnalyzer - INFO - -> Analizzando versione 4.0.1 (66/80)...
2025-11-15 20:01:18,201 - UnicodeAnalyzer - INFO - -> Analizzando versione 4.0.2 (67/80)...
2025-11-15 20:01:18,202 - UnicodeAnalyzer - INFO - Filtrati 9 file (es. in /dist, /test).
2025-11-15 20:01:18,250 - UnicodeAnalyzer - INFO - -> Analizzando versione 4.0.3 (68/80)...
2025-11-15 20:01:18,250 - UnicodeAnalyzer - INFO - Filtrati 9 file (es. in /dist, /test).
2025-11-15 20:01:18,298 - UnicodeAnalyzer - INFO - -> Analizzando versione 4.1.0 (69/80)...
2025-11-15 20:01:18,300 - UnicodeAnalyzer - INFO - Filtrati 28 file (es. in /dist, /test).
2025-11-15 20:01:18,301 - UnicodeAnalyzer - INFO - -> Analizzando versione 4.2.0 (70/80)...
2025-11-15 20:01:18,302 - UnicodeAnalyzer - INFO - Filtrati 28 file (es. in /dist, /test).
2025-11-15 20:01:18,304 - UnicodeAnalyzer - INFO - -> Analizzando versione 4.3.0 (71/80)...
2025-11-15 20:01:18,305 - UnicodeAnalyzer - INFO - Filtrati 21 file (es. in /dist, /test).
2025-11-15 20:01:18,305 - UnicodeAnalyzer - INFO - -> Analizzando versione 4.3.1 (72/80)...
2025-11-15 20:01:18,305 - UnicodeAnalyzer - INFO - Filtrati 19 file (es. in /dist, /test).
2025-11-15 20:01:18,306 - UnicodeAnalyzer - INFO - -> Analizzando versione 4.4.0 (73/80)...
2025-11-15 20:01:18,306 - UnicodeAnalyzer - INFO - Filtrati 19 file (es. in /dist, /test).
2025-11-15 20:01:18,307 - UnicodeAnalyzer - INFO - -> Analizzando versione 4.4.1 (74/80)...
2025-11-15 20:01:18,307 - UnicodeAnalyzer - INFO - Filtrati 10 file (es. in /dist, /test).
2025-11-15 20:01:18,307 - UnicodeAnalyzer - INFO - -> Analizzando versione 4.4.2 (75/80)...
2025-11-15 20:01:18,308 - UnicodeAnalyzer - INFO - Filtrati 10 file (es. in /dist, /test).
2025-11-15 20:01:18,308 - UnicodeAnalyzer - INFO - -> Analizzando versione 4.4.3 (76/80)...
2025-11-15 20:01:18,308 - UnicodeAnalyzer - INFO - Filtrati 10 file (es. in /dist, /test).
2025-11-15 20:01:18,308 - UnicodeAnalyzer - INFO - -> Analizzando versione 4.4.4 (77/80)...
2025-11-15 20:01:18,309 - UnicodeAnalyzer - INFO - Filtrati 10 file (es. in /dist, /test).
2025-11-15 20:01:18,309 - UnicodeAnalyzer - INFO - -> Analizzando versione 4.4.5 (78/80)...
2025-11-15 20:01:18,310 - UnicodeAnalyzer - INFO - Filtrati 10 file (es. in /dist, /test).
2025-11-15 20:01:18,310 - UnicodeAnalyzer - INFO - -> Analizzando versione 4.4.6 (79/80)...
2025-11-15 20:01:18,310 - UnicodeAnalyzer - INFO - Filtrati 10 file (es. in /dist, /test).
2025-11-15 20:01:18,310 - UnicodeAnalyzer - INFO - -> Analizzando versione 4.5.0 (80/80)...
2025-11-15 20:01:18,311 - UnicodeAnalyzer - INFO - Filtrati 10 file (es. in /dist, /test).
2025-11-15 20:01:18,311 - UnicodeAnalyzer - INFO - Esportando i risultati HUT per 'react-draggable' in CSV...
2025-11-15 20:01:18,424 - UnicodeAnalyzer - INFO - Report salvati in: /app/npm_hut_results/react-draggable
2025-11-15 20:01:18,425 - NPM_HUT_Analyzer - INFO - Pulizia cartella temporanea 'temp_hut/react-draggable'...
2025-11-15 20:01:18,476 - NPM_HUT_Analyzer - INFO - Pulizia completata.
