2025-11-12 01:34:34,150 - NPM_HUT_Analyzer - INFO - Recupero metadata per '@aws-sdk/credential-provider-node'...
2025-11-12 01:34:34,402 - NPM_HUT_Analyzer - INFO - Trovate 474 versioni. Inizio download in 'temp_hut/@aws-sdk_credential-provider-node'...
2025-11-12 01:41:33,247 - UnicodeAnalyzer - INFO - Analizzando 474 versioni per '*.js' in '@aws-sdk_credential-provider-node'.
2025-11-12 01:41:33,248 - UnicodeAnalyzer - INFO - -> Analizzando versione 0.1.0-preview.1 (1/474)...
2025-11-12 01:41:33,248 - UnicodeAnalyzer - INFO - Filtrati 1 file (es. in /dist, /test).
2025-11-12 01:41:33,249 - UnicodeAnalyzer - INFO - -> Analizzando versione 0.1.0-preview.10 (2/474)...
2025-11-12 01:41:33,249 - UnicodeAnalyzer - INFO - Filtrati 1 file (es. in /dist, /test).
2025-11-12 01:41:33,250 - UnicodeAnalyzer - INFO - -> Analizzando versione 0.1.0-preview.2 (3/474)...
2025-11-12 01:41:33,250 - UnicodeAnalyzer - INFO - Filtrati 1 file (es. in /dist, /test).
2025-11-12 01:41:33,250 - UnicodeAnalyzer - INFO - -> Analizzando versione 0.1.0-preview.3 (4/474)...
2025-11-12 01:41:33,251 - UnicodeAnalyzer - INFO - Filtrati 1 file (es. in /dist, /test).
2025-11-12 01:41:33,251 - UnicodeAnalyzer - INFO - -> Analizzando versione 0.1.0-preview.4 (5/474)...
2025-11-12 01:41:33,252 - UnicodeAnalyzer - INFO - Filtrati 1 file (es. in /dist, /test).
2025-11-12 01:41:33,252 - UnicodeAnalyzer - INFO - -> Analizzando versione 0.1.0-preview.5 (6/474)...
2025-11-12 01:41:33,252 - UnicodeAnalyzer - INFO - Filtrati 1 file (es. in /dist, /test).
2025-11-12 01:41:33,253 - UnicodeAnalyzer - INFO - -> Analizzando versione 0.1.0-preview.6 (7/474)...
2025-11-12 01:41:33,253 - UnicodeAnalyzer - INFO - Filtrati 1 file (es. in /dist, /test).
2025-11-12 01:41:33,253 - UnicodeAnalyzer - INFO - -> Analizzando versione 0.1.0-preview.7 (8/474)...
2025-11-12 01:41:33,254 - UnicodeAnalyzer - INFO - Filtrati 1 file (es. in /dist, /test).
2025-11-12 01:41:33,254 - UnicodeAnalyzer - INFO - -> Analizzando versione 0.1.0-preview.8 (9/474)...
2025-11-12 01:41:33,255 - UnicodeAnalyzer - INFO - Filtrati 1 file (es. in /dist, /test).
2025-11-12 01:41:33,255 - UnicodeAnalyzer - INFO - -> Analizzando versione 0.1.0-preview.9 (10/474)...
2025-11-12 01:41:33,255 - UnicodeAnalyzer - INFO - Filtrati 1 file (es. in /dist, /test).
2025-11-12 01:41:33,256 - UnicodeAnalyzer - INFO - -> Analizzando versione 1.0.0-alpha.1 (11/474)...
2025-11-12 01:41:33,256 - UnicodeAnalyzer - INFO - Filtrati 1 file (es. in /dist, /test).
2025-11-12 01:41:33,256 - UnicodeAnalyzer - INFO - -> Analizzando versione 1.0.0-alpha.2 (12/474)...
2025-11-12 01:41:33,257 - UnicodeAnalyzer - INFO - Filtrati 1 file (es. in /dist, /test).
2025-11-12 01:41:33,257 - UnicodeAnalyzer - INFO - -> Analizzando versione 1.0.0-alpha.3 (13/474)...
2025-11-12 01:41:33,257 - UnicodeAnalyzer - INFO - Filtrati 1 file (es. in /dist, /test).
2025-11-12 01:41:33,257 - UnicodeAnalyzer - INFO - -> Analizzando versione 1.0.0-alpha.4 (14/474)...
2025-11-12 01:41:33,258 - UnicodeAnalyzer - INFO - Filtrati 1 file (es. in /dist, /test).
2025-11-12 01:41:33,258 - UnicodeAnalyzer - INFO - -> Analizzando versione 1.0.0-alpha.5 (15/474)...
2025-11-12 01:41:33,259 - UnicodeAnalyzer - INFO - Filtrati 1 file (es. in /dist, /test).
2025-11-12 01:41:33,259 - UnicodeAnalyzer - INFO - -> Analizzando versione 1.0.0-alpha.6 (16/474)...
2025-11-12 01:41:33,259 - UnicodeAnalyzer - INFO - Filtrati 1 file (es. in /dist, /test).
2025-11-12 01:41:33,259 - UnicodeAnalyzer - INFO - -> Analizzando versione 1.0.0-alpha.7 (17/474)...
2025-11-12 01:41:33,260 - UnicodeAnalyzer - INFO - Filtrati 1 file (es. in /dist, /test).
2025-11-12 01:41:33,260 - UnicodeAnalyzer - INFO - -> Analizzando versione 1.0.0-beta.1 (18/474)...
2025-11-12 01:41:33,260 - UnicodeAnalyzer - INFO - Filtrati 1 file (es. in /dist, /test).
2025-11-12 01:41:33,261 - UnicodeAnalyzer - INFO - -> Analizzando versione 1.0.0-beta.2 (19/474)...
2025-11-12 01:41:33,261 - UnicodeAnalyzer - INFO - Filtrati 1 file (es. in /dist, /test).
2025-11-12 01:41:33,261 - UnicodeAnalyzer - INFO - -> Analizzando versione 1.0.0-beta.3 (20/474)...
2025-11-12 01:41:33,261 - UnicodeAnalyzer - INFO - Filtrati 1 file (es. in /dist, /test).
2025-11-12 01:41:33,262 - UnicodeAnalyzer - INFO - -> Analizzando versione 1.0.0-beta.4 (21/474)...
2025-11-12 01:41:33,262 - UnicodeAnalyzer - INFO - Filtrati 1 file (es. in /dist, /test).
2025-11-12 01:41:33,262 - UnicodeAnalyzer - INFO - -> Analizzando versione 1.0.0-gamma.1 (22/474)...
2025-11-12 01:41:33,262 - UnicodeAnalyzer - INFO - Filtrati 1 file (es. in /dist, /test).
2025-11-12 01:41:33,263 - UnicodeAnalyzer - INFO - -> Analizzando versione 1.0.0-gamma.2 (23/474)...
2025-11-12 01:41:33,263 - UnicodeAnalyzer - INFO - Filtrati 1 file (es. in /dist, /test).
2025-11-12 01:41:33,263 - UnicodeAnalyzer - INFO - -> Analizzando versione 1.0.0-gamma.3 (24/474)...
2025-11-12 01:41:33,264 - UnicodeAnalyzer - INFO - Filtrati 1 file (es. in /dist, /test).
2025-11-12 01:41:33,264 - UnicodeAnalyzer - INFO - -> Analizzando versione 1.0.0-gamma.4 (25/474)...
2025-11-12 01:41:33,264 - UnicodeAnalyzer - INFO - Filtrati 1 file (es. in /dist, /test).
2025-11-12 01:41:33,264 - UnicodeAnalyzer - INFO - -> Analizzando versione 1.0.0-gamma.5 (26/474)...
2025-11-12 01:41:33,265 - UnicodeAnalyzer - INFO - Filtrati 2 file (es. in /dist, /test).
2025-11-12 01:41:33,265 - UnicodeAnalyzer - INFO - -> Analizzando versione 1.0.0-gamma.6 (27/474)...
2025-11-12 01:41:33,266 - UnicodeAnalyzer - INFO - Filtrati 2 file (es. in /dist, /test).
2025-11-12 01:41:33,266 - UnicodeAnalyzer - INFO - -> Analizzando versione 1.0.0-gamma.7 (28/474)...
2025-11-12 01:41:33,267 - UnicodeAnalyzer - INFO - Filtrati 2 file (es. in /dist, /test).
2025-11-12 01:41:33,267 - UnicodeAnalyzer - INFO - -> Analizzando versione 1.0.0-gamma.8 (29/474)...
2025-11-12 01:41:33,268 - UnicodeAnalyzer - INFO - Filtrati 2 file (es. in /dist, /test).
2025-11-12 01:41:33,268 - UnicodeAnalyzer - INFO - -> Analizzando versione 1.0.0-gamma.9 (30/474)...
2025-11-12 01:41:33,269 - UnicodeAnalyzer - INFO - Filtrati 2 file (es. in /dist, /test).
2025-11-12 01:41:33,269 - UnicodeAnalyzer - INFO - -> Analizzando versione 1.0.0-rc.1 (31/474)...
2025-11-12 01:41:33,269 - UnicodeAnalyzer - INFO - Filtrati 2 file (es. in /dist, /test).
2025-11-12 01:41:33,270 - UnicodeAnalyzer - INFO - -> Analizzando versione 1.0.0-rc.10 (32/474)...
2025-11-12 01:41:33,270 - UnicodeAnalyzer - INFO - Filtrati 2 file (es. in /dist, /test).
2025-11-12 01:41:33,270 - UnicodeAnalyzer - INFO - -> Analizzando versione 1.0.0-rc.2 (33/474)...
2025-11-12 01:41:33,271 - UnicodeAnalyzer - INFO - Filtrati 2 file (es. in /dist, /test).
2025-11-12 01:41:33,271 - UnicodeAnalyzer - INFO - -> Analizzando versione 1.0.0-rc.3 (34/474)...
2025-11-12 01:41:33,271 - UnicodeAnalyzer - INFO - Filtrati 2 file (es. in /dist, /test).
2025-11-12 01:41:33,271 - UnicodeAnalyzer - INFO - -> Analizzando versione 1.0.0-rc.5 (35/474)...
2025-11-12 01:41:33,272 - UnicodeAnalyzer - INFO - Filtrati 2 file (es. in /dist, /test).
2025-11-12 01:41:33,272 - UnicodeAnalyzer - INFO - -> Analizzando versione 1.0.0-rc.7 (36/474)...
2025-11-12 01:41:33,272 - UnicodeAnalyzer - INFO - Filtrati 2 file (es. in /dist, /test).
2025-11-12 01:41:33,272 - UnicodeAnalyzer - INFO - -> Analizzando versione 1.0.0-rc.8 (37/474)...
2025-11-12 01:41:33,273 - UnicodeAnalyzer - INFO - Filtrati 2 file (es. in /dist, /test).
2025-11-12 01:41:33,273 - UnicodeAnalyzer - INFO - -> Analizzando versione 1.0.0-rc.9 (38/474)...
2025-11-12 01:41:33,273 - UnicodeAnalyzer - INFO - Filtrati 2 file (es. in /dist, /test).
2025-11-12 01:41:33,273 - UnicodeAnalyzer - INFO - -> Analizzando versione 3.0.0 (39/474)...
2025-11-12 01:41:33,274 - UnicodeAnalyzer - INFO - Filtrati 2 file (es. in /dist, /test).
2025-11-12 01:41:33,274 - UnicodeAnalyzer - INFO - -> Analizzando versione 3.1.0 (40/474)...
2025-11-12 01:41:33,275 - UnicodeAnalyzer - INFO - Filtrati 2 file (es. in /dist, /test).
2025-11-12 01:41:33,275 - UnicodeAnalyzer - INFO - -> Analizzando versione 3.10.0 (41/474)...
2025-11-12 01:41:33,275 - UnicodeAnalyzer - INFO - Filtrati 2 file (es. in /dist, /test).
2025-11-12 01:41:33,275 - UnicodeAnalyzer - INFO - -> Analizzando versione 3.100.0 (42/474)...
2025-11-12 01:41:33,318 - UnicodeAnalyzer - INFO - -> Analizzando versione 3.105.0 (43/474)...
2025-11-12 01:41:33,359 - UnicodeAnalyzer - INFO - -> Analizzando versione 3.109.0 (44/474)...
2025-11-12 01:41:33,400 - UnicodeAnalyzer - INFO - -> Analizzando versione 3.11.0 (45/474)...
2025-11-12 01:41:33,401 - UnicodeAnalyzer - INFO - Filtrati 2 file (es. in /dist, /test).
2025-11-12 01:41:33,401 - UnicodeAnalyzer - INFO - -> Analizzando versione 3.110.0 (46/474)...
2025-11-12 01:41:33,442 - UnicodeAnalyzer - INFO - -> Analizzando versione 3.112.0 (47/474)...
2025-11-12 01:41:33,484 - UnicodeAnalyzer - INFO - -> Analizzando versione 3.118.0 (48/474)...
2025-11-12 01:41:33,525 - UnicodeAnalyzer - INFO - -> Analizzando versione 3.118.1 (49/474)...
2025-11-12 01:41:33,567 - UnicodeAnalyzer - INFO - -> Analizzando versione 3.12.0 (50/474)...
2025-11-12 01:41:33,568 - UnicodeAnalyzer - INFO - Filtrati 2 file (es. in /dist, /test).
2025-11-12 01:41:33,568 - UnicodeAnalyzer - INFO - -> Analizzando versione 3.121.0 (51/474)...
2025-11-12 01:41:33,609 - UnicodeAnalyzer - INFO - -> Analizzando versione 3.127.0 (52/474)...
2025-11-12 01:41:33,651 - UnicodeAnalyzer - INFO - -> Analizzando versione 3.128.0 (53/474)...
2025-11-12 01:41:33,692 - UnicodeAnalyzer - INFO - -> Analizzando versione 3.13.0 (54/474)...
2025-11-12 01:41:33,693 - UnicodeAnalyzer - INFO - Filtrati 2 file (es. in /dist, /test).
2025-11-12 01:41:33,693 - UnicodeAnalyzer - INFO - -> Analizzando versione 3.13.1 (55/474)...
2025-11-12 01:41:33,693 - UnicodeAnalyzer - INFO - Filtrati 2 file (es. in /dist, /test).
2025-11-12 01:41:33,693 - UnicodeAnalyzer - INFO - -> Analizzando versione 3.130.0 (56/474)...
2025-11-12 01:41:33,735 - UnicodeAnalyzer - INFO - -> Analizzando versione 3.131.0 (57/474)...
2025-11-12 01:41:33,778 - UnicodeAnalyzer - INFO - -> Analizzando versione 3.137.0 (58/474)...
2025-11-12 01:41:33,818 - UnicodeAnalyzer - INFO - -> Analizzando versione 3.14.0 (59/474)...
2025-11-12 01:41:33,819 - UnicodeAnalyzer - INFO - Filtrati 2 file (es. in /dist, /test).
2025-11-12 01:41:33,819 - UnicodeAnalyzer - INFO - -> Analizzando versione 3.141.0 (60/474)...
2025-11-12 01:41:33,860 - UnicodeAnalyzer - INFO - -> Analizzando versione 3.142.0 (61/474)...
2025-11-12 01:41:33,903 - UnicodeAnalyzer - INFO - -> Analizzando versione 3.145.0 (62/474)...
2025-11-12 01:41:33,944 - UnicodeAnalyzer - INFO - -> Analizzando versione 3.15.0 (63/474)...
2025-11-12 01:41:33,945 - UnicodeAnalyzer - INFO - Filtrati 2 file (es. in /dist, /test).
2025-11-12 01:41:33,945 - UnicodeAnalyzer - INFO - -> Analizzando versione 3.150.0 (64/474)...
2025-11-12 01:41:33,987 - UnicodeAnalyzer - INFO - -> Analizzando versione 3.154.0 (65/474)...
2025-11-12 01:41:34,032 - UnicodeAnalyzer - INFO - -> Analizzando versione 3.159.0 (66/474)...
2025-11-12 01:41:34,072 - UnicodeAnalyzer - INFO - -> Analizzando versione 3.16.0 (67/474)...
2025-11-12 01:41:34,072 - UnicodeAnalyzer - INFO - Filtrati 2 file (es. in /dist, /test).
2025-11-12 01:41:34,072 - UnicodeAnalyzer - INFO - -> Analizzando versione 3.160.0 (68/474)...
2025-11-12 01:41:34,114 - UnicodeAnalyzer - INFO - -> Analizzando versione 3.161.0 (69/474)...
2025-11-12 01:41:34,155 - UnicodeAnalyzer - INFO - -> Analizzando versione 3.162.0 (70/474)...
2025-11-12 01:41:34,196 - UnicodeAnalyzer - INFO - -> Analizzando versione 3.163.0 (71/474)...
2025-11-12 01:41:34,237 - UnicodeAnalyzer - INFO - -> Analizzando versione 3.165.0 (72/474)...
2025-11-12 01:41:34,278 - UnicodeAnalyzer - INFO - -> Analizzando versione 3.168.0 (73/474)...
2025-11-12 01:41:34,319 - UnicodeAnalyzer - INFO - -> Analizzando versione 3.169.0 (74/474)...
2025-11-12 01:41:34,360 - UnicodeAnalyzer - INFO - -> Analizzando versione 3.17.0 (75/474)...
2025-11-12 01:41:34,361 - UnicodeAnalyzer - INFO - Filtrati 2 file (es. in /dist, /test).
2025-11-12 01:41:34,361 - UnicodeAnalyzer - INFO - -> Analizzando versione 3.170.0 (76/474)...
2025-11-12 01:41:34,402 - UnicodeAnalyzer - INFO - -> Analizzando versione 3.171.0 (77/474)...
2025-11-12 01:41:34,446 - UnicodeAnalyzer - INFO - -> Analizzando versione 3.178.0 (78/474)...
2025-11-12 01:41:34,487 - UnicodeAnalyzer - INFO - -> Analizzando versione 3.18.0 (79/474)...
2025-11-12 01:41:34,488 - UnicodeAnalyzer - INFO - Filtrati 2 file (es. in /dist, /test).
2025-11-12 01:41:34,488 - UnicodeAnalyzer - INFO - -> Analizzando versione 3.180.0 (80/474)...
2025-11-12 01:41:34,529 - UnicodeAnalyzer - INFO - -> Analizzando versione 3.181.0 (81/474)...
2025-11-12 01:41:34,571 - UnicodeAnalyzer - INFO - -> Analizzando versione 3.183.0 (82/474)...
2025-11-12 01:41:34,612 - UnicodeAnalyzer - INFO - -> Analizzando versione 3.185.0 (83/474)...
2025-11-12 01:41:34,655 - UnicodeAnalyzer - INFO - -> Analizzando versione 3.186.0 (84/474)...
2025-11-12 01:41:34,696 - UnicodeAnalyzer - INFO - -> Analizzando versione 3.188.0 (85/474)...
2025-11-12 01:41:34,738 - UnicodeAnalyzer - INFO - -> Analizzando versione 3.19.0 (86/474)...
2025-11-12 01:41:34,739 - UnicodeAnalyzer - INFO - Filtrati 2 file (es. in /dist, /test).
2025-11-12 01:41:34,739 - UnicodeAnalyzer - INFO - -> Analizzando versione 3.190.0 (87/474)...
2025-11-12 01:41:34,787 - UnicodeAnalyzer - INFO - -> Analizzando versione 3.193.0 (88/474)...
2025-11-12 01:41:34,828 - UnicodeAnalyzer - INFO - -> Analizzando versione 3.196.0 (89/474)...
2025-11-12 01:41:34,870 - UnicodeAnalyzer - INFO - -> Analizzando versione 3.197.0 (90/474)...
2025-11-12 01:41:34,911 - UnicodeAnalyzer - INFO - -> Analizzando versione 3.198.0 (91/474)...
2025-11-12 01:41:34,952 - UnicodeAnalyzer - INFO - -> Analizzando versione 3.199.0 (92/474)...
2025-11-12 01:41:34,994 - UnicodeAnalyzer - INFO - -> Analizzando versione 3.20.0 (93/474)...
2025-11-12 01:41:34,994 - UnicodeAnalyzer - INFO - Filtrati 2 file (es. in /dist, /test).
2025-11-12 01:41:34,994 - UnicodeAnalyzer - INFO - -> Analizzando versione 3.200.0 (94/474)...
2025-11-12 01:41:35,037 - UnicodeAnalyzer - INFO - -> Analizzando versione 3.201.0 (95/474)...
2025-11-12 01:41:35,078 - UnicodeAnalyzer - INFO - -> Analizzando versione 3.202.0 (96/474)...
2025-11-12 01:41:35,121 - UnicodeAnalyzer - INFO - -> Analizzando versione 3.204.0 (97/474)...
2025-11-12 01:41:35,163 - UnicodeAnalyzer - INFO - -> Analizzando versione 3.208.0 (98/474)...
2025-11-12 01:41:35,204 - UnicodeAnalyzer - INFO - -> Analizzando versione 3.209.0 (99/474)...
2025-11-12 01:41:35,248 - UnicodeAnalyzer - INFO - -> Analizzando versione 3.21.0 (100/474)...
2025-11-12 01:41:35,248 - UnicodeAnalyzer - INFO - Filtrati 2 file (es. in /dist, /test).
2025-11-12 01:41:35,248 - UnicodeAnalyzer - INFO - -> Analizzando versione 3.210.0 (101/474)...
2025-11-12 01:41:35,289 - UnicodeAnalyzer - INFO - -> Analizzando versione 3.211.0 (102/474)...
2025-11-12 01:41:35,332 - UnicodeAnalyzer - INFO - -> Analizzando versione 3.212.0 (103/474)...
2025-11-12 01:41:35,373 - UnicodeAnalyzer - INFO - -> Analizzando versione 3.215.0 (104/474)...
2025-11-12 01:41:35,422 - UnicodeAnalyzer - INFO - -> Analizzando versione 3.216.0 (105/474)...
2025-11-12 01:41:35,466 - UnicodeAnalyzer - INFO - -> Analizzando versione 3.218.0 (106/474)...
2025-11-12 01:41:35,506 - UnicodeAnalyzer - INFO - -> Analizzando versione 3.22.0 (107/474)...
2025-11-12 01:41:35,507 - UnicodeAnalyzer - INFO - Filtrati 2 file (es. in /dist, /test).
2025-11-12 01:41:35,507 - UnicodeAnalyzer - INFO - -> Analizzando versione 3.222.0 (108/474)...
2025-11-12 01:41:35,549 - UnicodeAnalyzer - INFO - -> Analizzando versione 3.223.0 (109/474)...
2025-11-12 01:41:35,591 - UnicodeAnalyzer - INFO - -> Analizzando versione 3.224.0 (110/474)...
2025-11-12 01:41:35,632 - UnicodeAnalyzer - INFO - -> Analizzando versione 3.226.0 (111/474)...
2025-11-12 01:41:35,673 - UnicodeAnalyzer - INFO - -> Analizzando versione 3.229.0 (112/474)...
2025-11-12 01:41:35,716 - UnicodeAnalyzer - INFO - -> Analizzando versione 3.23.0 (113/474)...
2025-11-12 01:41:35,717 - UnicodeAnalyzer - INFO - Filtrati 2 file (es. in /dist, /test).
2025-11-12 01:41:35,717 - UnicodeAnalyzer - INFO - -> Analizzando versione 3.231.0 (114/474)...
2025-11-12 01:41:35,758 - UnicodeAnalyzer - INFO - -> Analizzando versione 3.234.0 (115/474)...
2025-11-12 01:41:35,800 - UnicodeAnalyzer - INFO - -> Analizzando versione 3.235.0 (116/474)...
2025-11-12 01:41:35,842 - UnicodeAnalyzer - INFO - -> Analizzando versione 3.236.0 (117/474)...
2025-11-12 01:41:35,883 - UnicodeAnalyzer - INFO - -> Analizzando versione 3.238.0 (118/474)...
2025-11-12 01:41:35,925 - UnicodeAnalyzer - INFO - -> Analizzando versione 3.24.0 (119/474)...
2025-11-12 01:41:35,925 - UnicodeAnalyzer - INFO - Filtrati 2 file (es. in /dist, /test).
2025-11-12 01:41:35,925 - UnicodeAnalyzer - INFO - -> Analizzando versione 3.241.0 (120/474)...
2025-11-12 01:41:35,967 - UnicodeAnalyzer - INFO - -> Analizzando versione 3.245.0 (121/474)...
2025-11-12 01:41:36,008 - UnicodeAnalyzer - INFO - -> Analizzando versione 3.25.0 (122/474)...
2025-11-12 01:41:36,009 - UnicodeAnalyzer - INFO - Filtrati 2 file (es. in /dist, /test).
2025-11-12 01:41:36,009 - UnicodeAnalyzer - INFO - -> Analizzando versione 3.252.0 (123/474)...
2025-11-12 01:41:36,050 - UnicodeAnalyzer - INFO - -> Analizzando versione 3.254.0 (124/474)...
2025-11-12 01:41:36,094 - UnicodeAnalyzer - INFO - -> Analizzando versione 3.256.0 (125/474)...
2025-11-12 01:41:36,136 - UnicodeAnalyzer - INFO - -> Analizzando versione 3.257.0 (126/474)...
2025-11-12 01:41:36,183 - UnicodeAnalyzer - INFO - -> Analizzando versione 3.258.0 (127/474)...
2025-11-12 01:41:36,225 - UnicodeAnalyzer - INFO - -> Analizzando versione 3.259.0 (128/474)...
2025-11-12 01:41:36,267 - UnicodeAnalyzer - INFO - -> Analizzando versione 3.26.0 (129/474)...
2025-11-12 01:41:36,267 - UnicodeAnalyzer - INFO - Filtrati 2 file (es. in /dist, /test).
2025-11-12 01:41:36,267 - UnicodeAnalyzer - INFO - -> Analizzando versione 3.261.0 (130/474)...
2025-11-12 01:41:36,309 - UnicodeAnalyzer - INFO - -> Analizzando versione 3.264.0 (131/474)...
2025-11-12 01:41:36,350 - UnicodeAnalyzer - INFO - -> Analizzando versione 3.266.0 (132/474)...
2025-11-12 01:41:36,392 - UnicodeAnalyzer - INFO - -> Analizzando versione 3.266.1 (133/474)...
2025-11-12 01:41:36,434 - UnicodeAnalyzer - INFO - -> Analizzando versione 3.267.0 (134/474)...
2025-11-12 01:41:36,476 - UnicodeAnalyzer - INFO - -> Analizzando versione 3.27.0 (135/474)...
2025-11-12 01:41:36,476 - UnicodeAnalyzer - INFO - Filtrati 2 file (es. in /dist, /test).
2025-11-12 01:41:36,476 - UnicodeAnalyzer - INFO - -> Analizzando versione 3.271.0 (136/474)...
2025-11-12 01:41:36,518 - UnicodeAnalyzer - INFO - -> Analizzando versione 3.272.0 (137/474)...
2025-11-12 01:41:36,559 - UnicodeAnalyzer - INFO - -> Analizzando versione 3.278.0 (138/474)...
2025-11-12 01:41:36,603 - UnicodeAnalyzer - INFO - -> Analizzando versione 3.279.0 (139/474)...
2025-11-12 01:41:36,644 - UnicodeAnalyzer - INFO - -> Analizzando versione 3.28.0 (140/474)...
2025-11-12 01:41:36,644 - UnicodeAnalyzer - INFO - Filtrati 2 file (es. in /dist, /test).
2025-11-12 01:41:36,644 - UnicodeAnalyzer - INFO - -> Analizzando versione 3.281.0 (141/474)...
2025-11-12 01:41:36,687 - UnicodeAnalyzer - INFO - -> Analizzando versione 3.282.0 (142/474)...
2025-11-12 01:41:36,729 - UnicodeAnalyzer - INFO - -> Analizzando versione 3.287.0 (143/474)...
2025-11-12 01:41:36,772 - UnicodeAnalyzer - INFO - -> Analizzando versione 3.288.0 (144/474)...
2025-11-12 01:41:36,814 - UnicodeAnalyzer - INFO - -> Analizzando versione 3.289.0 (145/474)...
2025-11-12 01:41:36,857 - UnicodeAnalyzer - INFO - -> Analizzando versione 3.29.0 (146/474)...
2025-11-12 01:41:36,857 - UnicodeAnalyzer - INFO - Filtrati 2 file (es. in /dist, /test).
2025-11-12 01:41:36,857 - UnicodeAnalyzer - INFO - -> Analizzando versione 3.290.0 (147/474)...
2025-11-12 01:41:36,902 - UnicodeAnalyzer - INFO - -> Analizzando versione 3.292.0 (148/474)...
2025-11-12 01:41:36,943 - UnicodeAnalyzer - INFO - -> Analizzando versione 3.293.0 (149/474)...
2025-11-12 01:41:36,988 - UnicodeAnalyzer - INFO - -> Analizzando versione 3.294.0 (150/474)...
2025-11-12 01:41:37,030 - UnicodeAnalyzer - INFO - -> Analizzando versione 3.295.0 (151/474)...
2025-11-12 01:41:37,072 - UnicodeAnalyzer - INFO - -> Analizzando versione 3.296.0 (152/474)...
2025-11-12 01:41:37,115 - UnicodeAnalyzer - INFO - -> Analizzando versione 3.297.0 (153/474)...
2025-11-12 01:41:37,157 - UnicodeAnalyzer - INFO - -> Analizzando versione 3.298.0 (154/474)...
2025-11-12 01:41:37,199 - UnicodeAnalyzer - INFO - -> Analizzando versione 3.299.0 (155/474)...
2025-11-12 01:41:37,241 - UnicodeAnalyzer - INFO - -> Analizzando versione 3.3.0 (156/474)...
2025-11-12 01:41:37,242 - UnicodeAnalyzer - INFO - Filtrati 2 file (es. in /dist, /test).
2025-11-12 01:41:37,242 - UnicodeAnalyzer - INFO - -> Analizzando versione 3.30.0 (157/474)...
2025-11-12 01:41:37,242 - UnicodeAnalyzer - INFO - Filtrati 2 file (es. in /dist, /test).
2025-11-12 01:41:37,242 - UnicodeAnalyzer - INFO - -> Analizzando versione 3.300.0 (158/474)...
2025-11-12 01:41:37,284 - UnicodeAnalyzer - INFO - -> Analizzando versione 3.301.0 (159/474)...
2025-11-12 01:41:37,327 - UnicodeAnalyzer - INFO - -> Analizzando versione 3.303.0 (160/474)...
2025-11-12 01:41:37,369 - UnicodeAnalyzer - INFO - -> Analizzando versione 3.306.0 (161/474)...
2025-11-12 01:41:37,411 - UnicodeAnalyzer - INFO - -> Analizzando versione 3.309.0 (162/474)...
2025-11-12 01:41:37,452 - UnicodeAnalyzer - INFO - -> Analizzando versione 3.31.0 (163/474)...
2025-11-12 01:41:37,453 - UnicodeAnalyzer - INFO - Filtrati 2 file (es. in /dist, /test).
2025-11-12 01:41:37,453 - UnicodeAnalyzer - INFO - -> Analizzando versione 3.310.0 (164/474)...
2025-11-12 01:41:37,494 - UnicodeAnalyzer - INFO - -> Analizzando versione 3.315.0 (165/474)...
2025-11-12 01:41:37,536 - UnicodeAnalyzer - INFO - -> Analizzando versione 3.316.0 (166/474)...
2025-11-12 01:41:37,578 - UnicodeAnalyzer - INFO - -> Analizzando versione 3.319.0 (167/474)...
2025-11-12 01:41:37,619 - UnicodeAnalyzer - INFO - -> Analizzando versione 3.32.0 (168/474)...
2025-11-12 01:41:37,620 - UnicodeAnalyzer - INFO - Filtrati 2 file (es. in /dist, /test).
2025-11-12 01:41:37,620 - UnicodeAnalyzer - INFO - -> Analizzando versione 3.321.1 (169/474)...
2025-11-12 01:41:37,661 - UnicodeAnalyzer - INFO - -> Analizzando versione 3.325.0 (170/474)...
2025-11-12 01:41:37,702 - UnicodeAnalyzer - INFO - -> Analizzando versione 3.326.0 (171/474)...
2025-11-12 01:41:37,744 - UnicodeAnalyzer - INFO - -> Analizzando versione 3.327.0 (172/474)...
2025-11-12 01:41:37,786 - UnicodeAnalyzer - INFO - -> Analizzando versione 3.328.0 (173/474)...
2025-11-12 01:41:37,828 - UnicodeAnalyzer - INFO - -> Analizzando versione 3.329.0 (174/474)...
2025-11-12 01:41:37,871 - UnicodeAnalyzer - INFO - -> Analizzando versione 3.33.0 (175/474)...
2025-11-12 01:41:37,872 - UnicodeAnalyzer - INFO - Filtrati 2 file (es. in /dist, /test).
2025-11-12 01:41:37,872 - UnicodeAnalyzer - INFO - -> Analizzando versione 3.332.0 (176/474)...
2025-11-12 01:41:37,914 - UnicodeAnalyzer - INFO - -> Analizzando versione 3.335.0 (177/474)...
2025-11-12 01:41:37,956 - UnicodeAnalyzer - INFO - -> Analizzando versione 3.337.0 (178/474)...
2025-11-12 01:41:37,998 - UnicodeAnalyzer - INFO - -> Analizzando versione 3.338.0 (179/474)...
2025-11-12 01:41:38,041 - UnicodeAnalyzer - INFO - -> Analizzando versione 3.34.0 (180/474)...
2025-11-12 01:41:38,041 - UnicodeAnalyzer - INFO - Filtrati 2 file (es. in /dist, /test).
2025-11-12 01:41:38,041 - UnicodeAnalyzer - INFO - -> Analizzando versione 3.341.0 (181/474)...
2025-11-12 01:41:38,082 - UnicodeAnalyzer - INFO - -> Analizzando versione 3.342.0 (182/474)...
2025-11-12 01:41:38,124 - UnicodeAnalyzer - INFO - -> Analizzando versione 3.344.0 (183/474)...
2025-11-12 01:41:38,166 - UnicodeAnalyzer - INFO - -> Analizzando versione 3.345.0 (184/474)...
2025-11-12 01:41:38,209 - UnicodeAnalyzer - INFO - -> Analizzando versione 3.347.0 (185/474)...
2025-11-12 01:41:38,250 - UnicodeAnalyzer - INFO - -> Analizzando versione 3.348.0 (186/474)...
2025-11-12 01:41:38,291 - UnicodeAnalyzer - INFO - -> Analizzando versione 3.35.0 (187/474)...
2025-11-12 01:41:38,332 - UnicodeAnalyzer - INFO - -> Analizzando versione 3.350.0 (188/474)...
2025-11-12 01:41:38,374 - UnicodeAnalyzer - INFO - -> Analizzando versione 3.352.0 (189/474)...
2025-11-12 01:41:38,415 - UnicodeAnalyzer - INFO - -> Analizzando versione 3.353.0 (190/474)...
2025-11-12 01:41:38,457 - UnicodeAnalyzer - INFO - -> Analizzando versione 3.354.0 (191/474)...
2025-11-12 01:41:38,499 - UnicodeAnalyzer - INFO - -> Analizzando versione 3.357.0 (192/474)...
2025-11-12 01:41:38,540 - UnicodeAnalyzer - INFO - -> Analizzando versione 3.358.0 (193/474)...
2025-11-12 01:41:38,582 - UnicodeAnalyzer - INFO - -> Analizzando versione 3.36.0 (194/474)...
2025-11-12 01:41:38,625 - UnicodeAnalyzer - INFO - -> Analizzando versione 3.36.1 (195/474)...
2025-11-12 01:41:38,665 - UnicodeAnalyzer - INFO - -> Analizzando versione 3.360.0 (196/474)...
2025-11-12 01:41:38,707 - UnicodeAnalyzer - INFO - -> Analizzando versione 3.362.0 (197/474)...
2025-11-12 01:41:38,749 - UnicodeAnalyzer - INFO - -> Analizzando versione 3.363.0 (198/474)...
2025-11-12 01:41:38,792 - UnicodeAnalyzer - INFO - -> Analizzando versione 3.369.0 (199/474)...
2025-11-12 01:41:38,833 - UnicodeAnalyzer - INFO - -> Analizzando versione 3.37.0 (200/474)...
2025-11-12 01:41:38,876 - UnicodeAnalyzer - INFO - -> Analizzando versione 3.370.0 (201/474)...
2025-11-12 01:41:38,917 - UnicodeAnalyzer - INFO - -> Analizzando versione 3.378.0 (202/474)...
2025-11-12 01:41:38,961 - UnicodeAnalyzer - INFO - -> Analizzando versione 3.379.1 (203/474)...
2025-11-12 01:41:39,002 - UnicodeAnalyzer - INFO - -> Analizzando versione 3.38.0 (204/474)...
2025-11-12 01:41:39,043 - UnicodeAnalyzer - INFO - -> Analizzando versione 3.382.0 (205/474)...
2025-11-12 01:41:39,085 - UnicodeAnalyzer - INFO - -> Analizzando versione 3.385.0 (206/474)...
2025-11-12 01:41:39,127 - UnicodeAnalyzer - INFO - -> Analizzando versione 3.386.0 (207/474)...
2025-11-12 01:41:39,168 - UnicodeAnalyzer - INFO - -> Analizzando versione 3.387.0 (208/474)...
2025-11-12 01:41:39,210 - UnicodeAnalyzer - INFO - -> Analizzando versione 3.388.0 (209/474)...
2025-11-12 01:41:39,252 - UnicodeAnalyzer - INFO - -> Analizzando versione 3.39.0 (210/474)...
2025-11-12 01:41:39,293 - UnicodeAnalyzer - INFO - -> Analizzando versione 3.391.0 (211/474)...
2025-11-12 01:41:39,334 - UnicodeAnalyzer - INFO - -> Analizzando versione 3.395.0 (212/474)...
2025-11-12 01:41:39,376 - UnicodeAnalyzer - INFO - -> Analizzando versione 3.398.0 (213/474)...
2025-11-12 01:41:39,418 - UnicodeAnalyzer - INFO - -> Analizzando versione 3.4.0 (214/474)...
2025-11-12 01:41:39,419 - UnicodeAnalyzer - INFO - Filtrati 2 file (es. in /dist, /test).
2025-11-12 01:41:39,419 - UnicodeAnalyzer - INFO - -> Analizzando versione 3.4.1 (215/474)...
2025-11-12 01:41:39,419 - UnicodeAnalyzer - INFO - Filtrati 2 file (es. in /dist, /test).
2025-11-12 01:41:39,419 - UnicodeAnalyzer - INFO - -> Analizzando versione 3.40.0 (216/474)...
2025-11-12 01:41:39,460 - UnicodeAnalyzer - INFO - -> Analizzando versione 3.405.0 (217/474)...
2025-11-12 01:41:39,504 - UnicodeAnalyzer - INFO - -> Analizzando versione 3.408.0 (218/474)...
2025-11-12 01:41:39,544 - UnicodeAnalyzer - INFO - -> Analizzando versione 3.409.0 (219/474)...
2025-11-12 01:41:39,586 - UnicodeAnalyzer - INFO - -> Analizzando versione 3.41.0 (220/474)...
2025-11-12 01:41:39,629 - UnicodeAnalyzer - INFO - -> Analizzando versione 3.410.0 (221/474)...
2025-11-12 01:41:39,670 - UnicodeAnalyzer - INFO - -> Analizzando versione 3.413.0 (222/474)...
2025-11-12 01:41:39,712 - UnicodeAnalyzer - INFO - -> Analizzando versione 3.414.0 (223/474)...
2025-11-12 01:41:39,754 - UnicodeAnalyzer - INFO - -> Analizzando versione 3.418.0 (224/474)...
2025-11-12 01:41:39,797 - UnicodeAnalyzer - INFO - -> Analizzando versione 3.421.0 (225/474)...
2025-11-12 01:41:39,838 - UnicodeAnalyzer - INFO - -> Analizzando versione 3.423.0 (226/474)...
2025-11-12 01:41:39,880 - UnicodeAnalyzer - INFO - -> Analizzando versione 3.425.0 (227/474)...
2025-11-12 01:41:39,922 - UnicodeAnalyzer - INFO - -> Analizzando versione 3.427.0 (228/474)...
2025-11-12 01:41:39,964 - UnicodeAnalyzer - INFO - -> Analizzando versione 3.428.0 (229/474)...
2025-11-12 01:41:40,005 - UnicodeAnalyzer - INFO - -> Analizzando versione 3.429.0 (230/474)...
2025-11-12 01:41:40,047 - UnicodeAnalyzer - INFO - -> Analizzando versione 3.430.0 (231/474)...
2025-11-12 01:41:40,090 - UnicodeAnalyzer - INFO - -> Analizzando versione 3.431.0 (232/474)...
2025-11-12 01:41:40,132 - UnicodeAnalyzer - INFO - -> Analizzando versione 3.433.0 (233/474)...
2025-11-12 01:41:40,173 - UnicodeAnalyzer - INFO - -> Analizzando versione 3.435.0 (234/474)...
2025-11-12 01:41:40,217 - UnicodeAnalyzer - INFO - -> Analizzando versione 3.436.0 (235/474)...
2025-11-12 01:41:40,257 - UnicodeAnalyzer - INFO - -> Analizzando versione 3.437.0 (236/474)...
2025-11-12 01:41:40,299 - UnicodeAnalyzer - INFO - -> Analizzando versione 3.438.0 (237/474)...
2025-11-12 01:41:40,340 - UnicodeAnalyzer - INFO - -> Analizzando versione 3.441.0 (238/474)...
2025-11-12 01:41:40,382 - UnicodeAnalyzer - INFO - -> Analizzando versione 3.445.0 (239/474)...
2025-11-12 01:41:40,426 - UnicodeAnalyzer - INFO - -> Analizzando versione 3.449.0 (240/474)...
2025-11-12 01:41:40,467 - UnicodeAnalyzer - INFO - -> Analizzando versione 3.45.0 (241/474)...
2025-11-12 01:41:40,508 - UnicodeAnalyzer - INFO - -> Analizzando versione 3.450.0 (242/474)...
2025-11-12 01:41:40,552 - UnicodeAnalyzer - INFO - -> Analizzando versione 3.451.0 (243/474)...
2025-11-12 01:41:40,592 - UnicodeAnalyzer - INFO - -> Analizzando versione 3.458.0 (244/474)...
2025-11-12 01:41:40,636 - UnicodeAnalyzer - INFO - -> Analizzando versione 3.46.0 (245/474)...
2025-11-12 01:41:40,677 - UnicodeAnalyzer - INFO - -> Analizzando versione 3.460.0 (246/474)...
2025-11-12 01:41:40,721 - UnicodeAnalyzer - INFO - -> Analizzando versione 3.465.0 (247/474)...
2025-11-12 01:41:40,762 - UnicodeAnalyzer - INFO - -> Analizzando versione 3.468.0 (248/474)...
2025-11-12 01:41:40,803 - UnicodeAnalyzer - INFO - -> Analizzando versione 3.47.0 (249/474)...
2025-11-12 01:41:40,843 - UnicodeAnalyzer - INFO - -> Analizzando versione 3.47.1 (250/474)...
2025-11-12 01:41:40,883 - UnicodeAnalyzer - INFO - -> Analizzando versione 3.47.2 (251/474)...
2025-11-12 01:41:40,924 - UnicodeAnalyzer - INFO - -> Analizzando versione 3.470.0 (252/474)...
2025-11-12 01:41:40,965 - UnicodeAnalyzer - INFO - -> Analizzando versione 3.474.0 (253/474)...
2025-11-12 01:41:41,006 - UnicodeAnalyzer - INFO - -> Analizzando versione 3.476.0 (254/474)...
2025-11-12 01:41:41,049 - UnicodeAnalyzer - INFO - -> Analizzando versione 3.477.0 (255/474)...
2025-11-12 01:41:41,090 - UnicodeAnalyzer - INFO - -> Analizzando versione 3.478.0 (256/474)...
2025-11-12 01:41:41,132 - UnicodeAnalyzer - INFO - -> Analizzando versione 3.48.0 (257/474)...
2025-11-12 01:41:41,172 - UnicodeAnalyzer - INFO - -> Analizzando versione 3.481.0 (258/474)...
2025-11-12 01:41:41,214 - UnicodeAnalyzer - INFO - -> Analizzando versione 3.484.0 (259/474)...
2025-11-12 01:41:41,257 - UnicodeAnalyzer - INFO - -> Analizzando versione 3.485.0 (260/474)...
2025-11-12 01:41:41,298 - UnicodeAnalyzer - INFO - -> Analizzando versione 3.489.0 (261/474)...
2025-11-12 01:41:41,340 - UnicodeAnalyzer - INFO - -> Analizzando versione 3.49.0 (262/474)...
2025-11-12 01:41:41,381 - UnicodeAnalyzer - INFO - -> Analizzando versione 3.490.0 (263/474)...
2025-11-12 01:41:41,424 - UnicodeAnalyzer - INFO - -> Analizzando versione 3.495.0 (264/474)...
2025-11-12 01:41:41,467 - UnicodeAnalyzer - INFO - -> Analizzando versione 3.496.0 (265/474)...
2025-11-12 01:41:41,512 - UnicodeAnalyzer - INFO - -> Analizzando versione 3.499.0 (266/474)...
2025-11-12 01:41:41,554 - UnicodeAnalyzer - INFO - -> Analizzando versione 3.5.1-rc.0 (267/474)...
2025-11-12 01:41:41,555 - UnicodeAnalyzer - INFO - Filtrati 2 file (es. in /dist, /test).
2025-11-12 01:41:41,555 - UnicodeAnalyzer - INFO - -> Analizzando versione 3.50.0 (268/474)...
2025-11-12 01:41:41,595 - UnicodeAnalyzer - INFO - -> Analizzando versione 3.501.0 (269/474)...
2025-11-12 01:41:41,637 - UnicodeAnalyzer - INFO - -> Analizzando versione 3.502.0 (270/474)...
2025-11-12 01:41:41,679 - UnicodeAnalyzer - INFO - -> Analizzando versione 3.503.0 (271/474)...
2025-11-12 01:41:41,720 - UnicodeAnalyzer - INFO - -> Analizzando versione 3.503.1 (272/474)...
2025-11-12 01:41:41,762 - UnicodeAnalyzer - INFO - -> Analizzando versione 3.504.0 (273/474)...
2025-11-12 01:41:41,806 - UnicodeAnalyzer - INFO - -> Analizzando versione 3.507.0 (274/474)...
2025-11-12 01:41:41,847 - UnicodeAnalyzer - INFO - -> Analizzando versione 3.509.0 (275/474)...
2025-11-12 01:41:41,888 - UnicodeAnalyzer - INFO - -> Analizzando versione 3.51.0 (276/474)...
2025-11-12 01:41:41,928 - UnicodeAnalyzer - INFO - -> Analizzando versione 3.511.0 (277/474)...
2025-11-12 01:41:41,970 - UnicodeAnalyzer - INFO - -> Analizzando versione 3.513.0 (278/474)...
2025-11-12 01:41:42,012 - UnicodeAnalyzer - INFO - -> Analizzando versione 3.514.0 (279/474)...
2025-11-12 01:41:42,054 - UnicodeAnalyzer - INFO - -> Analizzando versione 3.515.0 (280/474)...
2025-11-12 01:41:42,095 - UnicodeAnalyzer - INFO - -> Analizzando versione 3.52.0 (281/474)...
2025-11-12 01:41:42,137 - UnicodeAnalyzer - INFO - -> Analizzando versione 3.521.0 (282/474)...
2025-11-12 01:41:42,179 - UnicodeAnalyzer - INFO - -> Analizzando versione 3.523.0 (283/474)...
2025-11-12 01:41:42,221 - UnicodeAnalyzer - INFO - -> Analizzando versione 3.525.0 (284/474)...
2025-11-12 01:41:42,263 - UnicodeAnalyzer - INFO - -> Analizzando versione 3.529.0 (285/474)...
2025-11-12 01:41:42,305 - UnicodeAnalyzer - INFO - -> Analizzando versione 3.529.1 (286/474)...
2025-11-12 01:41:42,353 - UnicodeAnalyzer - INFO - -> Analizzando versione 3.53.0 (287/474)...
2025-11-12 01:41:42,394 - UnicodeAnalyzer - INFO - -> Analizzando versione 3.533.0 (288/474)...
2025-11-12 01:41:42,436 - UnicodeAnalyzer - INFO - -> Analizzando versione 3.535.0 (289/474)...
2025-11-12 01:41:42,478 - UnicodeAnalyzer - INFO - -> Analizzando versione 3.54.0 (290/474)...
2025-11-12 01:41:42,520 - UnicodeAnalyzer - INFO - -> Analizzando versione 3.54.1 (291/474)...
2025-11-12 01:41:42,561 - UnicodeAnalyzer - INFO - -> Analizzando versione 3.540.0 (292/474)...
2025-11-12 01:41:42,603 - UnicodeAnalyzer - INFO - -> Analizzando versione 3.549.0 (293/474)...
2025-11-12 01:41:42,646 - UnicodeAnalyzer - INFO - -> Analizzando versione 3.55.0 (294/474)...
2025-11-12 01:41:42,687 - UnicodeAnalyzer - INFO - -> Analizzando versione 3.552.0 (295/474)...
2025-11-12 01:41:42,729 - UnicodeAnalyzer - INFO - -> Analizzando versione 3.554.0 (296/474)...
2025-11-12 01:41:42,770 - UnicodeAnalyzer - INFO - -> Analizzando versione 3.556.0 (297/474)...
2025-11-12 01:41:42,811 - UnicodeAnalyzer - INFO - -> Analizzando versione 3.56.0 (298/474)...
2025-11-12 01:41:42,853 - UnicodeAnalyzer - INFO - -> Analizzando versione 3.563.0 (299/474)...
2025-11-12 01:41:42,895 - UnicodeAnalyzer - INFO - -> Analizzando versione 3.564.0 (300/474)...
2025-11-12 01:41:42,936 - UnicodeAnalyzer - INFO - -> Analizzando versione 3.565.0 (301/474)...
2025-11-12 01:41:42,977 - UnicodeAnalyzer - INFO - -> Analizzando versione 3.567.0 (302/474)...
2025-11-12 01:41:43,019 - UnicodeAnalyzer - INFO - -> Analizzando versione 3.568.0 (303/474)...
2025-11-12 01:41:43,060 - UnicodeAnalyzer - INFO - -> Analizzando versione 3.569.0 (304/474)...
2025-11-12 01:41:43,101 - UnicodeAnalyzer - INFO - -> Analizzando versione 3.572.0 (305/474)...
2025-11-12 01:41:43,143 - UnicodeAnalyzer - INFO - -> Analizzando versione 3.575.0 (306/474)...
2025-11-12 01:41:43,185 - UnicodeAnalyzer - INFO - -> Analizzando versione 3.576.0 (307/474)...
2025-11-12 01:41:43,227 - UnicodeAnalyzer - INFO - -> Analizzando versione 3.577.0 (308/474)...
2025-11-12 01:41:43,269 - UnicodeAnalyzer - INFO - -> Analizzando versione 3.58.0 (309/474)...
2025-11-12 01:41:43,310 - UnicodeAnalyzer - INFO - -> Analizzando versione 3.582.0 (310/474)...
2025-11-12 01:41:43,352 - UnicodeAnalyzer - INFO - -> Analizzando versione 3.583.0 (311/474)...
2025-11-12 01:41:43,393 - UnicodeAnalyzer - INFO - -> Analizzando versione 3.587.0 (312/474)...
2025-11-12 01:41:43,434 - UnicodeAnalyzer - INFO - -> Analizzando versione 3.588.0 (313/474)...
2025-11-12 01:41:43,475 - UnicodeAnalyzer - INFO - -> Analizzando versione 3.590.0 (314/474)...
2025-11-12 01:41:43,517 - UnicodeAnalyzer - INFO - -> Analizzando versione 3.592.0 (315/474)...
2025-11-12 01:41:43,558 - UnicodeAnalyzer - INFO - -> Analizzando versione 3.596.0 (316/474)...
2025-11-12 01:41:43,599 - UnicodeAnalyzer - INFO - -> Analizzando versione 3.598.0 (317/474)...
2025-11-12 01:41:43,641 - UnicodeAnalyzer - INFO - -> Analizzando versione 3.6.0 (318/474)...
2025-11-12 01:41:43,642 - UnicodeAnalyzer - INFO - Filtrati 2 file (es. in /dist, /test).
2025-11-12 01:41:43,642 - UnicodeAnalyzer - INFO - -> Analizzando versione 3.6.1 (319/474)...
2025-11-12 01:41:43,642 - UnicodeAnalyzer - INFO - Filtrati 2 file (es. in /dist, /test).
2025-11-12 01:41:43,643 - UnicodeAnalyzer - INFO - -> Analizzando versione 3.600.0 (320/474)...
2025-11-12 01:41:43,684 - UnicodeAnalyzer - INFO - -> Analizzando versione 3.609.0 (321/474)...
2025-11-12 01:41:43,726 - UnicodeAnalyzer - INFO - -> Analizzando versione 3.613.0 (322/474)...
2025-11-12 01:41:43,768 - UnicodeAnalyzer - INFO - -> Analizzando versione 3.614.0 (323/474)...
2025-11-12 01:41:43,809 - UnicodeAnalyzer - INFO - -> Analizzando versione 3.616.0 (324/474)...
2025-11-12 01:41:43,851 - UnicodeAnalyzer - INFO - -> Analizzando versione 3.620.0 (325/474)...
2025-11-12 01:41:43,893 - UnicodeAnalyzer - INFO - -> Analizzando versione 3.620.1 (326/474)...
2025-11-12 01:41:43,936 - UnicodeAnalyzer - INFO - -> Analizzando versione 3.621.0 (327/474)...
2025-11-12 01:41:43,976 - UnicodeAnalyzer - INFO - -> Analizzando versione 3.622.0 (328/474)...
2025-11-12 01:41:44,017 - UnicodeAnalyzer - INFO - -> Analizzando versione 3.623.0 (329/474)...
2025-11-12 01:41:44,060 - UnicodeAnalyzer - INFO - -> Analizzando versione 3.624.0 (330/474)...
2025-11-12 01:41:44,101 - UnicodeAnalyzer - INFO - -> Analizzando versione 3.629.0 (331/474)...
2025-11-12 01:41:44,142 - UnicodeAnalyzer - INFO - -> Analizzando versione 3.631.0 (332/474)...
2025-11-12 01:41:44,184 - UnicodeAnalyzer - INFO - -> Analizzando versione 3.632.0 (333/474)...
2025-11-12 01:41:44,225 - UnicodeAnalyzer - INFO - -> Analizzando versione 3.635.0 (334/474)...
2025-11-12 01:41:44,267 - UnicodeAnalyzer - INFO - -> Analizzando versione 3.637.0 (335/474)...
2025-11-12 01:41:44,308 - UnicodeAnalyzer - INFO - -> Analizzando versione 3.645.0 (336/474)...
2025-11-12 01:41:44,351 - UnicodeAnalyzer - INFO - -> Analizzando versione 3.649.0 (337/474)...
2025-11-12 01:41:44,392 - UnicodeAnalyzer - INFO - -> Analizzando versione 3.650.0 (338/474)...
2025-11-12 01:41:44,433 - UnicodeAnalyzer - INFO - -> Analizzando versione 3.651.1 (339/474)...
2025-11-12 01:41:44,477 - UnicodeAnalyzer - INFO - -> Analizzando versione 3.654.0 (340/474)...
2025-11-12 01:41:44,518 - UnicodeAnalyzer - INFO - -> Analizzando versione 3.658.0 (341/474)...
2025-11-12 01:41:44,560 - UnicodeAnalyzer - INFO - -> Analizzando versione 3.658.1 (342/474)...
2025-11-12 01:41:44,600 - UnicodeAnalyzer - INFO - -> Analizzando versione 3.662.0 (343/474)...
2025-11-12 01:41:44,646 - UnicodeAnalyzer - INFO - -> Analizzando versione 3.664.0 (344/474)...
2025-11-12 01:41:44,688 - UnicodeAnalyzer - INFO - -> Analizzando versione 3.665.0 (345/474)...
2025-11-12 01:41:44,729 - UnicodeAnalyzer - INFO - -> Analizzando versione 3.666.0 (346/474)...
2025-11-12 01:41:44,769 - UnicodeAnalyzer - INFO - -> Analizzando versione 3.667.0 (347/474)...
2025-11-12 01:41:44,810 - UnicodeAnalyzer - INFO - -> Analizzando versione 3.668.0 (348/474)...
2025-11-12 01:41:44,851 - UnicodeAnalyzer - INFO - -> Analizzando versione 3.669.0 (349/474)...
2025-11-12 01:41:44,893 - UnicodeAnalyzer - INFO - -> Analizzando versione 3.67.0 (350/474)...
2025-11-12 01:41:44,934 - UnicodeAnalyzer - INFO - -> Analizzando versione 3.670.0 (351/474)...
2025-11-12 01:41:44,975 - UnicodeAnalyzer - INFO - -> Analizzando versione 3.675.0 (352/474)...
2025-11-12 01:41:45,017 - UnicodeAnalyzer - INFO - -> Analizzando versione 3.677.0 (353/474)...
2025-11-12 01:41:45,058 - UnicodeAnalyzer - INFO - -> Analizzando versione 3.678.0 (354/474)...
2025-11-12 01:41:45,099 - UnicodeAnalyzer - INFO - -> Analizzando versione 3.679.0 (355/474)...
2025-11-12 01:41:45,141 - UnicodeAnalyzer - INFO - -> Analizzando versione 3.682.0 (356/474)...
2025-11-12 01:41:45,182 - UnicodeAnalyzer - INFO - -> Analizzando versione 3.686.0 (357/474)...
2025-11-12 01:41:45,223 - UnicodeAnalyzer - INFO - -> Analizzando versione 3.687.0 (358/474)...
2025-11-12 01:41:45,264 - UnicodeAnalyzer - INFO - -> Analizzando versione 3.691.0 (359/474)...
2025-11-12 01:41:45,306 - UnicodeAnalyzer - INFO - -> Analizzando versione 3.692.0 (360/474)...
2025-11-12 01:41:45,347 - UnicodeAnalyzer - INFO - -> Analizzando versione 3.693.0 (361/474)...
2025-11-12 01:41:45,389 - UnicodeAnalyzer - INFO - -> Analizzando versione 3.696.0 (362/474)...
2025-11-12 01:41:45,430 - UnicodeAnalyzer - INFO - -> Analizzando versione 3.699.0 (363/474)...
2025-11-12 01:41:45,475 - UnicodeAnalyzer - INFO - -> Analizzando versione 3.7.0 (364/474)...
2025-11-12 01:41:45,475 - UnicodeAnalyzer - INFO - Filtrati 2 file (es. in /dist, /test).
2025-11-12 01:41:45,476 - UnicodeAnalyzer - INFO - -> Analizzando versione 3.709.0 (365/474)...
2025-11-12 01:41:45,517 - UnicodeAnalyzer - INFO - -> Analizzando versione 3.712.0 (366/474)...
2025-11-12 01:41:45,558 - UnicodeAnalyzer - INFO - -> Analizzando versione 3.713.0 (367/474)...
2025-11-12 01:41:45,599 - UnicodeAnalyzer - INFO - -> Analizzando versione 3.714.0 (368/474)...
2025-11-12 01:41:45,641 - UnicodeAnalyzer - INFO - -> Analizzando versione 3.716.0 (369/474)...
2025-11-12 01:41:45,682 - UnicodeAnalyzer - INFO - -> Analizzando versione 3.72.0 (370/474)...
2025-11-12 01:41:45,723 - UnicodeAnalyzer - INFO - -> Analizzando versione 3.721.0 (371/474)...
2025-11-12 01:41:45,764 - UnicodeAnalyzer - INFO - -> Analizzando versione 3.723.0 (372/474)...
2025-11-12 01:41:45,805 - UnicodeAnalyzer - INFO - -> Analizzando versione 3.726.0 (373/474)...
2025-11-12 01:41:45,846 - UnicodeAnalyzer - INFO - -> Analizzando versione 3.730.0 (374/474)...
2025-11-12 01:41:45,887 - UnicodeAnalyzer - INFO - -> Analizzando versione 3.731.0 (375/474)...
2025-11-12 01:41:45,928 - UnicodeAnalyzer - INFO - -> Analizzando versione 3.731.1 (376/474)...
2025-11-12 01:41:45,970 - UnicodeAnalyzer - INFO - -> Analizzando versione 3.734.0 (377/474)...
2025-11-12 01:41:46,013 - UnicodeAnalyzer - INFO - -> Analizzando versione 3.738.0 (378/474)...
2025-11-12 01:41:46,056 - UnicodeAnalyzer - INFO - -> Analizzando versione 3.74.0 (379/474)...
2025-11-12 01:41:46,097 - UnicodeAnalyzer - INFO - -> Analizzando versione 3.741.0 (380/474)...
2025-11-12 01:41:46,139 - UnicodeAnalyzer - INFO - -> Analizzando versione 3.743.0 (381/474)...
2025-11-12 01:41:46,181 - UnicodeAnalyzer - INFO - -> Analizzando versione 3.744.0 (382/474)...
2025-11-12 01:41:46,222 - UnicodeAnalyzer - INFO - -> Analizzando versione 3.749.0 (383/474)...
2025-11-12 01:41:46,264 - UnicodeAnalyzer - INFO - -> Analizzando versione 3.75.0 (384/474)...
2025-11-12 01:41:46,308 - UnicodeAnalyzer - INFO - -> Analizzando versione 3.750.0 (385/474)...
2025-11-12 01:41:46,350 - UnicodeAnalyzer - INFO - -> Analizzando versione 3.758.0 (386/474)...
2025-11-12 01:41:46,390 - UnicodeAnalyzer - INFO - -> Analizzando versione 3.76.0 (387/474)...
2025-11-12 01:41:46,432 - UnicodeAnalyzer - INFO - -> Analizzando versione 3.772.0 (388/474)...
2025-11-12 01:41:46,473 - UnicodeAnalyzer - INFO - -> Analizzando versione 3.774.0 (389/474)...
2025-11-12 01:41:46,515 - UnicodeAnalyzer - INFO - -> Analizzando versione 3.775.0 (390/474)...
2025-11-12 01:41:46,557 - UnicodeAnalyzer - INFO - -> Analizzando versione 3.777.0 (391/474)...
2025-11-12 01:41:46,598 - UnicodeAnalyzer - INFO - -> Analizzando versione 3.78.0 (392/474)...
2025-11-12 01:41:46,640 - UnicodeAnalyzer - INFO - -> Analizzando versione 3.782.0 (393/474)...
2025-11-12 01:41:46,681 - UnicodeAnalyzer - INFO - -> Analizzando versione 3.787.0 (394/474)...
2025-11-12 01:41:46,722 - UnicodeAnalyzer - INFO - -> Analizzando versione 3.79.0 (395/474)...
2025-11-12 01:41:46,764 - UnicodeAnalyzer - INFO - -> Analizzando versione 3.796.0 (396/474)...
2025-11-12 01:41:46,806 - UnicodeAnalyzer - INFO - -> Analizzando versione 3.797.0 (397/474)...
2025-11-12 01:41:46,846 - UnicodeAnalyzer - INFO - -> Analizzando versione 3.798.0 (398/474)...
2025-11-12 01:41:46,887 - UnicodeAnalyzer - INFO - -> Analizzando versione 3.799.0 (399/474)...
2025-11-12 01:41:46,928 - UnicodeAnalyzer - INFO - -> Analizzando versione 3.8.0 (400/474)...
2025-11-12 01:41:46,929 - UnicodeAnalyzer - INFO - Filtrati 2 file (es. in /dist, /test).
2025-11-12 01:41:46,929 - UnicodeAnalyzer - INFO - -> Analizzando versione 3.80.0 (401/474)...
2025-11-12 01:41:46,971 - UnicodeAnalyzer - INFO - -> Analizzando versione 3.803.0 (402/474)...
2025-11-12 01:41:47,012 - UnicodeAnalyzer - INFO - -> Analizzando versione 3.804.0 (403/474)...
2025-11-12 01:41:47,058 - UnicodeAnalyzer - INFO - -> Analizzando versione 3.806.0 (404/474)...
2025-11-12 01:41:47,100 - UnicodeAnalyzer - INFO - -> Analizzando versione 3.808.0 (405/474)...
2025-11-12 01:41:47,142 - UnicodeAnalyzer - INFO - -> Analizzando versione 3.81.0 (406/474)...
2025-11-12 01:41:47,183 - UnicodeAnalyzer - INFO - -> Analizzando versione 3.810.0 (407/474)...
2025-11-12 01:41:47,224 - UnicodeAnalyzer - INFO - -> Analizzando versione 3.812.0 (408/474)...
2025-11-12 01:41:47,266 - UnicodeAnalyzer - INFO - -> Analizzando versione 3.816.0 (409/474)...
2025-11-12 01:41:47,307 - UnicodeAnalyzer - INFO - -> Analizzando versione 3.817.0 (410/474)...
2025-11-12 01:41:47,348 - UnicodeAnalyzer - INFO - -> Analizzando versione 3.82.0 (411/474)...
2025-11-12 01:41:47,390 - UnicodeAnalyzer - INFO - -> Analizzando versione 3.821.0 (412/474)...
2025-11-12 01:41:47,431 - UnicodeAnalyzer - INFO - -> Analizzando versione 3.823.0 (413/474)...
2025-11-12 01:41:47,475 - UnicodeAnalyzer - INFO - -> Analizzando versione 3.825.0 (414/474)...
2025-11-12 01:41:47,515 - UnicodeAnalyzer - INFO - -> Analizzando versione 3.826.0 (415/474)...
2025-11-12 01:41:47,557 - UnicodeAnalyzer - INFO - -> Analizzando versione 3.828.0 (416/474)...
2025-11-12 01:41:47,598 - UnicodeAnalyzer - INFO - -> Analizzando versione 3.830.0 (417/474)...
2025-11-12 01:41:47,640 - UnicodeAnalyzer - INFO - -> Analizzando versione 3.835.0 (418/474)...
2025-11-12 01:41:47,681 - UnicodeAnalyzer - INFO - -> Analizzando versione 3.839.0 (419/474)...
2025-11-12 01:41:47,724 - UnicodeAnalyzer - INFO - -> Analizzando versione 3.840.0 (420/474)...
2025-11-12 01:41:47,765 - UnicodeAnalyzer - INFO - -> Analizzando versione 3.844.0 (421/474)...
2025-11-12 01:41:47,809 - UnicodeAnalyzer - INFO - -> Analizzando versione 3.845.0 (422/474)...
2025-11-12 01:41:47,851 - UnicodeAnalyzer - INFO - -> Analizzando versione 3.846.0 (423/474)...
2025-11-12 01:41:47,894 - UnicodeAnalyzer - INFO - -> Analizzando versione 3.848.0 (424/474)...
2025-11-12 01:41:47,935 - UnicodeAnalyzer - INFO - -> Analizzando versione 3.85.0 (425/474)...
2025-11-12 01:41:47,976 - UnicodeAnalyzer - INFO - -> Analizzando versione 3.855.0 (426/474)...
2025-11-12 01:41:48,018 - UnicodeAnalyzer - INFO - -> Analizzando versione 3.856.0 (427/474)...
2025-11-12 01:41:48,059 - UnicodeAnalyzer - INFO - -> Analizzando versione 3.857.0 (428/474)...
2025-11-12 01:41:48,100 - UnicodeAnalyzer - INFO - -> Analizzando versione 3.858.0 (429/474)...
2025-11-12 01:41:48,142 - UnicodeAnalyzer - INFO - -> Analizzando versione 3.859.0 (430/474)...
2025-11-12 01:41:48,183 - UnicodeAnalyzer - INFO - -> Analizzando versione 3.862.0 (431/474)...
2025-11-12 01:41:48,224 - UnicodeAnalyzer - INFO - -> Analizzando versione 3.863.0 (432/474)...
2025-11-12 01:41:48,266 - UnicodeAnalyzer - INFO - -> Analizzando versione 3.864.0 (433/474)...
2025-11-12 01:41:48,307 - UnicodeAnalyzer - INFO - -> Analizzando versione 3.87.0 (434/474)...
2025-11-12 01:41:48,349 - UnicodeAnalyzer - INFO - -> Analizzando versione 3.872.0 (435/474)...
2025-11-12 01:41:48,390 - UnicodeAnalyzer - INFO - -> Analizzando versione 3.873.0 (436/474)...
2025-11-12 01:41:48,431 - UnicodeAnalyzer - INFO - -> Analizzando versione 3.876.0 (437/474)...
2025-11-12 01:41:48,474 - UnicodeAnalyzer - INFO - -> Analizzando versione 3.879.0 (438/474)...
2025-11-12 01:41:48,515 - UnicodeAnalyzer - INFO - -> Analizzando versione 3.882.0 (439/474)...
2025-11-12 01:41:48,557 - UnicodeAnalyzer - INFO - -> Analizzando versione 3.883.0 (440/474)...
2025-11-12 01:41:48,598 - UnicodeAnalyzer - INFO - -> Analizzando versione 3.886.0 (441/474)...
2025-11-12 01:41:48,641 - UnicodeAnalyzer - INFO - -> Analizzando versione 3.887.0 (442/474)...
2025-11-12 01:41:48,683 - UnicodeAnalyzer - INFO - -> Analizzando versione 3.888.0 (443/474)...
2025-11-12 01:41:48,724 - UnicodeAnalyzer - INFO - -> Analizzando versione 3.890.0 (444/474)...
2025-11-12 01:41:48,765 - UnicodeAnalyzer - INFO - -> Analizzando versione 3.891.0 (445/474)...
2025-11-12 01:41:48,807 - UnicodeAnalyzer - INFO - -> Analizzando versione 3.893.0 (446/474)...
2025-11-12 01:41:48,848 - UnicodeAnalyzer - INFO - -> Analizzando versione 3.894.0 (447/474)...
2025-11-12 01:41:48,889 - UnicodeAnalyzer - INFO - -> Analizzando versione 3.895.0 (448/474)...
2025-11-12 01:41:48,930 - UnicodeAnalyzer - INFO - -> Analizzando versione 3.896.0 (449/474)...
2025-11-12 01:41:48,971 - UnicodeAnalyzer - INFO - -> Analizzando versione 3.899.0 (450/474)...
2025-11-12 01:41:49,013 - UnicodeAnalyzer - INFO - -> Analizzando versione 3.9.0 (451/474)...
2025-11-12 01:41:49,013 - UnicodeAnalyzer - INFO - Filtrati 2 file (es. in /dist, /test).
2025-11-12 01:41:49,013 - UnicodeAnalyzer - INFO - -> Analizzando versione 3.901.0 (452/474)...
2025-11-12 01:41:49,055 - UnicodeAnalyzer - INFO - -> Analizzando versione 3.906.0 (453/474)...
2025-11-12 01:41:49,096 - UnicodeAnalyzer - INFO - -> Analizzando versione 3.907.0 (454/474)...
2025-11-12 01:41:49,137 - UnicodeAnalyzer - INFO - -> Analizzando versione 3.908.0 (455/474)...
2025-11-12 01:41:49,179 - UnicodeAnalyzer - INFO - -> Analizzando versione 3.910.0 (456/474)...
2025-11-12 01:41:49,220 - UnicodeAnalyzer - INFO - -> Analizzando versione 3.911.0 (457/474)...
2025-11-12 01:41:49,263 - UnicodeAnalyzer - INFO - -> Analizzando versione 3.913.0 (458/474)...
2025-11-12 01:41:49,305 - UnicodeAnalyzer - INFO - -> Analizzando versione 3.914.0 (459/474)...
2025-11-12 01:41:49,347 - UnicodeAnalyzer - INFO - -> Analizzando versione 3.916.0 (460/474)...
2025-11-12 01:41:49,389 - UnicodeAnalyzer - INFO - -> Analizzando versione 3.917.0 (461/474)...
2025-11-12 01:41:49,433 - UnicodeAnalyzer - INFO - -> Analizzando versione 3.918.0 (462/474)...
2025-11-12 01:41:49,474 - UnicodeAnalyzer - INFO - -> Analizzando versione 3.919.0 (463/474)...
2025-11-12 01:41:49,515 - UnicodeAnalyzer - INFO - -> Analizzando versione 3.920.0 (464/474)...
2025-11-12 01:41:49,556 - UnicodeAnalyzer - INFO - -> Analizzando versione 3.921.0 (465/474)...
2025-11-12 01:41:49,598 - UnicodeAnalyzer - INFO - -> Analizzando versione 3.922.0 (466/474)...
2025-11-12 01:41:49,639 - UnicodeAnalyzer - INFO - -> Analizzando versione 3.925.0 (467/474)...
2025-11-12 01:41:49,682 - UnicodeAnalyzer - INFO - -> Analizzando versione 3.926.0 (468/474)...
2025-11-12 01:41:49,723 - UnicodeAnalyzer - INFO - -> Analizzando versione 3.927.0 (469/474)...
2025-11-12 01:41:49,766 - UnicodeAnalyzer - INFO - -> Analizzando versione 3.928.0 (470/474)...
2025-11-12 01:41:49,807 - UnicodeAnalyzer - INFO - -> Analizzando versione 3.929.0 (471/474)...
2025-11-12 01:41:49,849 - UnicodeAnalyzer - INFO - -> Analizzando versione 3.94.0 (472/474)...
2025-11-12 01:41:49,890 - UnicodeAnalyzer - INFO - -> Analizzando versione 3.95.0 (473/474)...
2025-11-12 01:41:49,932 - UnicodeAnalyzer - INFO - -> Analizzando versione 3.99.0 (474/474)...
2025-11-12 01:41:49,974 - UnicodeAnalyzer - INFO - Esportando i risultati HUT per '@aws-sdk/credential-provider-node' in CSV...
2025-11-12 01:41:50,741 - UnicodeAnalyzer - INFO - Report salvati in: /app/npm_hut_results/@aws-sdk_credential-provider-node
2025-11-12 01:41:50,742 - NPM_HUT_Analyzer - INFO - Pulizia cartella temporanea 'temp_hut/@aws-sdk_credential-provider-node'...
2025-11-12 01:41:50,930 - NPM_HUT_Analyzer - INFO - Pulizia completata.
