2025-11-16 04:25:26,742 - NPM_HUT_Analyzer - INFO - Recupero metadata per 'd3-force'...
2025-11-16 04:25:26,860 - NPM_HUT_Analyzer - INFO - Trovate 37 versioni. Inizio download in 'temp_hut/d3-force'...
2025-11-16 04:25:56,180 - UnicodeAnalyzer - INFO - Analizzando 37 versioni per '*.js' in 'd3-force'.
2025-11-16 04:25:56,180 - UnicodeAnalyzer - INFO - -> Analizzando versione 0.0.1 (1/37)...
2025-11-16 04:25:56,182 - UnicodeAnalyzer - INFO - Filtrati 3 file (es. in /dist, /test).
2025-11-16 04:25:56,253 - UnicodeAnalyzer - INFO - -> Analizzando versione 0.0.2 (2/37)...
2025-11-16 04:25:56,254 - UnicodeAnalyzer - INFO - Filtrati 3 file (es. in /dist, /test).
2025-11-16 04:25:56,301 - UnicodeAnalyzer - INFO - -> Analizzando versione 0.0.3 (3/37)...
2025-11-16 04:25:56,302 - UnicodeAnalyzer - INFO - Filtrati 3 file (es. in /dist, /test).
2025-11-16 04:25:56,349 - UnicodeAnalyzer - INFO - -> Analizzando versione 0.0.4 (4/37)...
2025-11-16 04:25:56,350 - UnicodeAnalyzer - INFO - Filtrati 3 file (es. in /dist, /test).
2025-11-16 04:25:56,397 - UnicodeAnalyzer - INFO - -> Analizzando versione 0.1.0 (5/37)...
2025-11-16 04:25:56,398 - UnicodeAnalyzer - INFO - Filtrati 3 file (es. in /dist, /test).
2025-11-16 04:25:56,446 - UnicodeAnalyzer - INFO - -> Analizzando versione 0.2.0 (6/37)...
2025-11-16 04:25:56,446 - UnicodeAnalyzer - INFO - Filtrati 3 file (es. in /dist, /test).
2025-11-16 04:25:56,494 - UnicodeAnalyzer - INFO - -> Analizzando versione 0.2.1 (7/37)...
2025-11-16 04:25:56,494 - UnicodeAnalyzer - INFO - Filtrati 3 file (es. in /dist, /test).
2025-11-16 04:25:56,542 - UnicodeAnalyzer - INFO - -> Analizzando versione 0.2.2 (8/37)...
2025-11-16 04:25:56,542 - UnicodeAnalyzer - INFO - Filtrati 3 file (es. in /dist, /test).
2025-11-16 04:25:56,590 - UnicodeAnalyzer - INFO - -> Analizzando versione 0.3.0 (9/37)...
2025-11-16 04:25:56,591 - UnicodeAnalyzer - INFO - Filtrati 3 file (es. in /dist, /test).
2025-11-16 04:25:56,641 - UnicodeAnalyzer - INFO - -> Analizzando versione 0.4.0 (10/37)...
2025-11-16 04:25:56,641 - UnicodeAnalyzer - INFO - Filtrati 3 file (es. in /dist, /test).
2025-11-16 04:25:56,687 - UnicodeAnalyzer - INFO - -> Analizzando versione 0.4.1 (11/37)...
2025-11-16 04:25:56,688 - UnicodeAnalyzer - INFO - Filtrati 3 file (es. in /dist, /test).
2025-11-16 04:25:56,736 - UnicodeAnalyzer - INFO - -> Analizzando versione 0.5.0 (12/37)...
2025-11-16 04:25:56,737 - UnicodeAnalyzer - INFO - Filtrati 3 file (es. in /dist, /test).
2025-11-16 04:25:56,784 - UnicodeAnalyzer - INFO - -> Analizzando versione 0.6.0 (13/37)...
2025-11-16 04:25:56,785 - UnicodeAnalyzer - INFO - Filtrati 3 file (es. in /dist, /test).
2025-11-16 04:25:56,833 - UnicodeAnalyzer - INFO - -> Analizzando versione 0.6.1 (14/37)...
2025-11-16 04:25:56,834 - UnicodeAnalyzer - INFO - Filtrati 3 file (es. in /dist, /test).
2025-11-16 04:25:56,883 - UnicodeAnalyzer - INFO - -> Analizzando versione 0.6.2 (15/37)...
2025-11-16 04:25:56,884 - UnicodeAnalyzer - INFO - Filtrati 3 file (es. in /dist, /test).
2025-11-16 04:25:56,932 - UnicodeAnalyzer - INFO - -> Analizzando versione 0.6.3 (16/37)...
2025-11-16 04:25:56,932 - UnicodeAnalyzer - INFO - Filtrati 3 file (es. in /dist, /test).
2025-11-16 04:25:56,983 - UnicodeAnalyzer - INFO - -> Analizzando versione 0.7.0 (17/37)...
2025-11-16 04:25:56,984 - UnicodeAnalyzer - INFO - Filtrati 2 file (es. in /dist, /test).
2025-11-16 04:25:57,031 - UnicodeAnalyzer - INFO - -> Analizzando versione 0.7.1 (18/37)...
2025-11-16 04:25:57,032 - UnicodeAnalyzer - INFO - Filtrati 2 file (es. in /dist, /test).
2025-11-16 04:25:57,080 - UnicodeAnalyzer - INFO - -> Analizzando versione 1.0.0 (19/37)...
2025-11-16 04:25:57,081 - UnicodeAnalyzer - INFO - Filtrati 2 file (es. in /dist, /test).
2025-11-16 04:25:57,129 - UnicodeAnalyzer - INFO - -> Analizzando versione 1.0.1 (20/37)...
2025-11-16 04:25:57,129 - UnicodeAnalyzer - INFO - Filtrati 2 file (es. in /dist, /test).
2025-11-16 04:25:57,180 - UnicodeAnalyzer - INFO - -> Analizzando versione 1.0.2 (21/37)...
2025-11-16 04:25:57,181 - UnicodeAnalyzer - INFO - Filtrati 2 file (es. in /dist, /test).
2025-11-16 04:25:57,231 - UnicodeAnalyzer - INFO - -> Analizzando versione 1.0.3 (22/37)...
2025-11-16 04:25:57,232 - UnicodeAnalyzer - INFO - Filtrati 2 file (es. in /dist, /test).
2025-11-16 04:25:57,279 - UnicodeAnalyzer - INFO - -> Analizzando versione 1.0.4 (23/37)...
2025-11-16 04:25:57,279 - UnicodeAnalyzer - INFO - Filtrati 2 file (es. in /dist, /test).
2025-11-16 04:25:57,327 - UnicodeAnalyzer - INFO - -> Analizzando versione 1.0.5 (24/37)...
2025-11-16 04:25:57,328 - UnicodeAnalyzer - INFO - Filtrati 2 file (es. in /dist, /test).
2025-11-16 04:25:57,376 - UnicodeAnalyzer - INFO - -> Analizzando versione 1.0.6 (25/37)...
2025-11-16 04:25:57,377 - UnicodeAnalyzer - INFO - Filtrati 2 file (es. in /dist, /test).
2025-11-16 04:25:57,424 - UnicodeAnalyzer - INFO - -> Analizzando versione 1.1.0 (26/37)...
2025-11-16 04:25:57,425 - UnicodeAnalyzer - INFO - Filtrati 2 file (es. in /dist, /test).
2025-11-16 04:25:57,474 - UnicodeAnalyzer - INFO - -> Analizzando versione 1.1.1 (27/37)...
2025-11-16 04:25:57,475 - UnicodeAnalyzer - INFO - Filtrati 2 file (es. in /dist, /test).
2025-11-16 04:25:57,524 - UnicodeAnalyzer - INFO - -> Analizzando versione 1.1.2 (28/37)...
2025-11-16 04:25:57,525 - UnicodeAnalyzer - INFO - Filtrati 2 file (es. in /dist, /test).
2025-11-16 04:25:57,576 - UnicodeAnalyzer - INFO - -> Analizzando versione 1.2.0 (29/37)...
2025-11-16 04:25:57,576 - UnicodeAnalyzer - INFO - Filtrati 2 file (es. in /dist, /test).
2025-11-16 04:25:57,628 - UnicodeAnalyzer - INFO - -> Analizzando versione 1.2.1 (30/37)...
2025-11-16 04:25:57,628 - UnicodeAnalyzer - INFO - Filtrati 2 file (es. in /dist, /test).
2025-11-16 04:25:57,679 - UnicodeAnalyzer - INFO - -> Analizzando versione 2.0.0 (31/37)...
2025-11-16 04:25:57,679 - UnicodeAnalyzer - INFO - Filtrati 2 file (es. in /dist, /test).
2025-11-16 04:25:57,728 - UnicodeAnalyzer - INFO - -> Analizzando versione 2.0.1 (32/37)...
2025-11-16 04:25:57,728 - UnicodeAnalyzer - INFO - Filtrati 2 file (es. in /dist, /test).
2025-11-16 04:25:57,776 - UnicodeAnalyzer - INFO - -> Analizzando versione 2.1.0 (33/37)...
2025-11-16 04:25:57,777 - UnicodeAnalyzer - INFO - Filtrati 2 file (es. in /dist, /test).
2025-11-16 04:25:57,826 - UnicodeAnalyzer - INFO - -> Analizzando versione 2.1.0-rc.1 (34/37)...
2025-11-16 04:25:57,826 - UnicodeAnalyzer - INFO - Filtrati 2 file (es. in /dist, /test).
2025-11-16 04:25:57,874 - UnicodeAnalyzer - INFO - -> Analizzando versione 2.1.0-rc.2 (35/37)...
2025-11-16 04:25:57,875 - UnicodeAnalyzer - INFO - Filtrati 2 file (es. in /dist, /test).
2025-11-16 04:25:57,923 - UnicodeAnalyzer - INFO - -> Analizzando versione 2.1.1 (36/37)...
2025-11-16 04:25:57,924 - UnicodeAnalyzer - INFO - Filtrati 2 file (es. in /dist, /test).
2025-11-16 04:25:57,973 - UnicodeAnalyzer - INFO - -> Analizzando versione 3.0.0 (37/37)...
2025-11-16 04:25:57,974 - UnicodeAnalyzer - INFO - Filtrati 2 file (es. in /dist, /test).
2025-11-16 04:25:58,022 - UnicodeAnalyzer - INFO - Esportando i risultati HUT per 'd3-force' in CSV...
2025-11-16 04:25:58,079 - UnicodeAnalyzer - INFO - Report salvati in: /app/npm_hut_results/d3-force
2025-11-16 04:25:58,079 - NPM_HUT_Analyzer - INFO - Pulizia cartella temporanea 'temp_hut/d3-force'...
2025-11-16 04:25:58,094 - NPM_HUT_Analyzer - INFO - Pulizia completata.
