2025-11-03 20:15:59,790 - NPM_Analyzer - INFO - Fetching metadata for 'workbox-build'...
2025-11-03 20:15:59,949 - NPM_Analyzer - INFO - Found 101 versions. Starting download into 'temp/workbox-build'...
2025-11-03 20:17:17,689 - BlankSpaceAnalyzer - INFO - Analyzing 101 versions for '*.js' in 'workbox-build'.
2025-11-03 20:17:17,690 - BlankSpaceAnalyzer - INFO - -> Analyzing version 0.0.1 (1/101)...
2025-11-03 20:17:17,807 - BlankSpaceAnalyzer - INFO - -> Analyzing version 0.0.2 (2/101)...
2025-11-03 20:17:17,896 - BlankSpaceAnalyzer - INFO - -> Analyzing version 0.0.3 (3/101)...
2025-11-03 20:17:17,994 - BlankSpaceAnalyzer - INFO - -> Analyzing version 1.0.0 (4/101)...
2025-11-03 20:17:18,093 - BlankSpaceAnalyzer - INFO - -> Analyzing version 1.0.1 (5/101)...
2025-11-03 20:17:18,191 - BlankSpaceAnalyzer - INFO - -> Analyzing version 1.1.0 (6/101)...
2025-11-03 20:17:18,289 - BlankSpaceAnalyzer - INFO - -> Analyzing version 1.2.0 (7/101)...
2025-11-03 20:17:18,387 - BlankSpaceAnalyzer - INFO - -> Analyzing version 1.3.0 (8/101)...
2025-11-03 20:17:18,485 - BlankSpaceAnalyzer - INFO - -> Analyzing version 2.0.0 (9/101)...
2025-11-03 20:17:18,583 - BlankSpaceAnalyzer - INFO - -> Analyzing version 2.0.1 (10/101)...
2025-11-03 20:17:18,681 - BlankSpaceAnalyzer - INFO - -> Analyzing version 2.0.2 (11/101)...
2025-11-03 20:17:18,779 - BlankSpaceAnalyzer - INFO - -> Analyzing version 2.0.2-2.0.2-rc1.0 (12/101)...
2025-11-03 20:17:18,878 - BlankSpaceAnalyzer - INFO - -> Analyzing version 2.0.2-rc1 (13/101)...
2025-11-03 20:17:18,976 - BlankSpaceAnalyzer - INFO - -> Analyzing version 2.0.3 (14/101)...
2025-11-03 20:17:19,074 - BlankSpaceAnalyzer - INFO - -> Analyzing version 2.1.0 (15/101)...
2025-11-03 20:17:19,173 - BlankSpaceAnalyzer - INFO - -> Analyzing version 2.1.1 (16/101)...
2025-11-03 20:17:19,272 - BlankSpaceAnalyzer - INFO - -> Analyzing version 2.1.2 (17/101)...
2025-11-03 20:17:19,372 - BlankSpaceAnalyzer - INFO - -> Analyzing version 2.1.3 (18/101)...
2025-11-03 20:17:19,474 - BlankSpaceAnalyzer - INFO - -> Analyzing version 3.0.0 (19/101)...
2025-11-03 20:17:19,573 - BlankSpaceAnalyzer - INFO - -> Analyzing version 3.0.0-alpha.1 (20/101)...
2025-11-03 20:17:19,667 - BlankSpaceAnalyzer - INFO - -> Analyzing version 3.0.0-alpha.2 (21/101)...
2025-11-03 20:17:19,765 - BlankSpaceAnalyzer - INFO - -> Analyzing version 3.0.0-alpha.3 (22/101)...
2025-11-03 20:17:19,859 - BlankSpaceAnalyzer - INFO - -> Analyzing version 3.0.0-alpha.4 (23/101)...
2025-11-03 20:17:19,956 - BlankSpaceAnalyzer - INFO - -> Analyzing version 3.0.0-alpha.5 (24/101)...
2025-11-03 20:17:20,056 - BlankSpaceAnalyzer - INFO - -> Analyzing version 3.0.0-alpha.6 (25/101)...
2025-11-03 20:17:20,155 - BlankSpaceAnalyzer - INFO - -> Analyzing version 3.0.0-beta.0 (26/101)...
2025-11-03 20:17:20,250 - BlankSpaceAnalyzer - INFO - -> Analyzing version 3.0.0-beta.1 (27/101)...
2025-11-03 20:17:20,350 - BlankSpaceAnalyzer - INFO - -> Analyzing version 3.0.0-beta.2 (28/101)...
2025-11-03 20:17:20,450 - BlankSpaceAnalyzer - INFO - -> Analyzing version 3.0.1 (29/101)...
2025-11-03 20:17:20,546 - BlankSpaceAnalyzer - INFO - -> Analyzing version 3.1.0 (30/101)...
2025-11-03 20:17:20,645 - BlankSpaceAnalyzer - INFO - -> Analyzing version 3.2.0 (31/101)...
2025-11-03 20:17:20,743 - BlankSpaceAnalyzer - INFO - -> Analyzing version 3.3.0 (32/101)...
2025-11-03 20:17:20,843 - BlankSpaceAnalyzer - INFO - -> Analyzing version 3.3.1 (33/101)...
2025-11-03 20:17:20,943 - BlankSpaceAnalyzer - INFO - -> Analyzing version 3.4.1 (34/101)...
2025-11-03 20:17:21,043 - BlankSpaceAnalyzer - INFO - -> Analyzing version 3.5.0 (35/101)...
2025-11-03 20:17:21,139 - BlankSpaceAnalyzer - INFO - -> Analyzing version 3.6.1 (36/101)...
2025-11-03 20:17:21,234 - BlankSpaceAnalyzer - INFO - -> Analyzing version 3.6.2 (37/101)...
2025-11-03 20:17:21,332 - BlankSpaceAnalyzer - INFO - -> Analyzing version 3.6.3 (38/101)...
2025-11-03 20:17:21,432 - BlankSpaceAnalyzer - INFO - -> Analyzing version 4.0.0 (39/101)...
2025-11-03 20:17:21,530 - BlankSpaceAnalyzer - INFO - -> Analyzing version 4.0.0-alpha.0 (40/101)...
2025-11-03 20:17:21,624 - BlankSpaceAnalyzer - INFO - -> Analyzing version 4.0.0-beta.0 (41/101)...
2025-11-03 20:17:21,719 - BlankSpaceAnalyzer - INFO - -> Analyzing version 4.0.0-beta.1 (42/101)...
2025-11-03 20:17:21,819 - BlankSpaceAnalyzer - INFO - -> Analyzing version 4.0.0-beta.2 (43/101)...
2025-11-03 20:17:21,920 - BlankSpaceAnalyzer - INFO - -> Analyzing version 4.0.0-rc.0 (44/101)...
2025-11-03 20:17:22,019 - BlankSpaceAnalyzer - INFO - -> Analyzing version 4.0.0-rc.1 (45/101)...
2025-11-03 20:17:22,119 - BlankSpaceAnalyzer - INFO - -> Analyzing version 4.0.0-rc.2 (46/101)...
2025-11-03 20:17:22,212 - BlankSpaceAnalyzer - INFO - -> Analyzing version 4.0.0-rc.3 (47/101)...
2025-11-03 20:17:22,304 - BlankSpaceAnalyzer - INFO - -> Analyzing version 4.0.0-rc.4 (48/101)...
2025-11-03 20:17:22,404 - BlankSpaceAnalyzer - INFO - -> Analyzing version 4.1.0 (49/101)...
2025-11-03 20:17:22,503 - BlankSpaceAnalyzer - INFO - -> Analyzing version 4.1.1 (50/101)...
2025-11-03 20:17:22,603 - BlankSpaceAnalyzer - INFO - -> Analyzing version 4.2.0 (51/101)...
2025-11-03 20:17:22,703 - BlankSpaceAnalyzer - INFO - -> Analyzing version 4.3.0 (52/101)...
2025-11-03 20:17:22,804 - BlankSpaceAnalyzer - INFO - -> Analyzing version 4.3.1 (53/101)...
2025-11-03 20:17:22,902 - BlankSpaceAnalyzer - INFO - -> Analyzing version 5.0.0 (54/101)...
2025-11-03 20:17:23,003 - BlankSpaceAnalyzer - INFO - -> Analyzing version 5.0.0-alpha.0 (55/101)...
2025-11-03 20:17:23,103 - BlankSpaceAnalyzer - INFO - -> Analyzing version 5.0.0-alpha.1 (56/101)...
2025-11-03 20:17:23,197 - BlankSpaceAnalyzer - INFO - -> Analyzing version 5.0.0-alpha.2 (57/101)...
2025-11-03 20:17:23,293 - BlankSpaceAnalyzer - INFO - -> Analyzing version 5.0.0-beta.0 (58/101)...
2025-11-03 20:17:23,393 - BlankSpaceAnalyzer - INFO - -> Analyzing version 5.0.0-beta.1 (59/101)...
2025-11-03 20:17:23,488 - BlankSpaceAnalyzer - INFO - -> Analyzing version 5.0.0-rc.0 (60/101)...
2025-11-03 20:17:23,588 - BlankSpaceAnalyzer - INFO - -> Analyzing version 5.0.0-rc.1 (61/101)...
2025-11-03 20:17:23,682 - BlankSpaceAnalyzer - INFO - -> Analyzing version 5.0.0-rc.2 (62/101)...
2025-11-03 20:17:23,777 - BlankSpaceAnalyzer - INFO - -> Analyzing version 5.1.0 (63/101)...
2025-11-03 20:17:23,873 - BlankSpaceAnalyzer - INFO - -> Analyzing version 5.1.1 (64/101)...
2025-11-03 20:17:23,968 - BlankSpaceAnalyzer - INFO - -> Analyzing version 5.1.2 (65/101)...
2025-11-03 20:17:24,064 - BlankSpaceAnalyzer - INFO - -> Analyzing version 5.1.3 (66/101)...
2025-11-03 20:17:24,159 - BlankSpaceAnalyzer - INFO - -> Analyzing version 5.1.4 (67/101)...
2025-11-03 20:17:24,254 - BlankSpaceAnalyzer - INFO - -> Analyzing version 6.0.0 (68/101)...
2025-11-03 20:17:24,352 - BlankSpaceAnalyzer - INFO - -> Analyzing version 6.0.0-alpha.0 (69/101)...
2025-11-03 20:17:24,450 - BlankSpaceAnalyzer - INFO - -> Analyzing version 6.0.0-alpha.1 (70/101)...
2025-11-03 20:17:24,547 - BlankSpaceAnalyzer - INFO - -> Analyzing version 6.0.0-alpha.2 (71/101)...
2025-11-03 20:17:24,646 - BlankSpaceAnalyzer - INFO - -> Analyzing version 6.0.0-alpha.3 (72/101)...
2025-11-03 20:17:24,743 - BlankSpaceAnalyzer - INFO - -> Analyzing version 6.0.0-rc.0 (73/101)...
2025-11-03 20:17:24,839 - BlankSpaceAnalyzer - INFO - -> Analyzing version 6.0.2 (74/101)...
2025-11-03 20:17:24,941 - BlankSpaceAnalyzer - INFO - -> Analyzing version 6.1.0 (75/101)...
2025-11-03 20:17:25,040 - BlankSpaceAnalyzer - INFO - -> Analyzing version 6.1.1 (76/101)...
2025-11-03 20:17:25,136 - BlankSpaceAnalyzer - INFO - -> Analyzing version 6.1.2 (77/101)...
2025-11-03 20:17:25,228 - BlankSpaceAnalyzer - INFO - -> Analyzing version 6.1.5 (78/101)...
2025-11-03 20:17:25,322 - BlankSpaceAnalyzer - INFO - -> Analyzing version 6.2.0 (79/101)...
2025-11-03 20:17:25,414 - BlankSpaceAnalyzer - INFO - -> Analyzing version 6.2.0-alpha.0 (80/101)...
2025-11-03 20:17:25,508 - BlankSpaceAnalyzer - INFO - -> Analyzing version 6.2.0-alpha.1 (81/101)...
2025-11-03 20:17:25,607 - BlankSpaceAnalyzer - INFO - -> Analyzing version 6.2.0-alpha.2 (82/101)...
2025-11-03 20:17:25,710 - BlankSpaceAnalyzer - INFO - -> Analyzing version 6.2.1 (83/101)...
2025-11-03 20:17:25,804 - BlankSpaceAnalyzer - INFO - -> Analyzing version 6.2.2 (84/101)...
2025-11-03 20:17:25,903 - BlankSpaceAnalyzer - INFO - -> Analyzing version 6.2.3 (85/101)...
2025-11-03 20:17:25,995 - BlankSpaceAnalyzer - INFO - -> Analyzing version 6.2.4 (86/101)...
2025-11-03 20:17:26,095 - BlankSpaceAnalyzer - INFO - -> Analyzing version 6.3.0 (87/101)...
2025-11-03 20:17:26,186 - BlankSpaceAnalyzer - INFO - -> Analyzing version 6.4.0 (88/101)...
2025-11-03 20:17:26,287 - BlankSpaceAnalyzer - INFO - -> Analyzing version 6.4.1 (89/101)...
2025-11-03 20:17:26,387 - BlankSpaceAnalyzer - INFO - -> Analyzing version 6.4.2 (90/101)...
2025-11-03 20:17:26,481 - BlankSpaceAnalyzer - INFO - -> Analyzing version 6.5.0 (91/101)...
2025-11-03 20:17:26,580 - BlankSpaceAnalyzer - INFO - -> Analyzing version 6.5.1 (92/101)...
2025-11-03 20:17:26,680 - BlankSpaceAnalyzer - INFO - -> Analyzing version 6.5.2 (93/101)...
2025-11-03 20:17:26,774 - BlankSpaceAnalyzer - INFO - -> Analyzing version 6.5.3 (94/101)...
2025-11-03 20:17:26,871 - BlankSpaceAnalyzer - INFO - -> Analyzing version 6.5.4 (95/101)...
2025-11-03 20:17:26,969 - BlankSpaceAnalyzer - INFO - -> Analyzing version 6.6.0 (96/101)...
2025-11-03 20:17:27,070 - BlankSpaceAnalyzer - INFO - -> Analyzing version 6.6.1 (97/101)...
2025-11-03 20:17:27,164 - BlankSpaceAnalyzer - INFO - -> Analyzing version 7.0.0 (98/101)...
2025-11-03 20:17:27,264 - BlankSpaceAnalyzer - INFO - -> Analyzing version 7.1.0 (99/101)...
2025-11-03 20:17:27,364 - BlankSpaceAnalyzer - INFO - -> Analyzing version 7.1.1 (100/101)...
2025-11-03 20:17:27,464 - BlankSpaceAnalyzer - INFO - -> Analyzing version 7.3.0 (101/101)...
2025-11-03 20:17:27,564 - BlankSpaceAnalyzer - INFO - Exporting results for 'workbox-build' to CSV...
2025-11-03 20:17:27,688 - BlankSpaceAnalyzer - INFO - Reports saved in: /app/npm_results/workbox-build
2025-11-03 20:17:27,688 - NPM_Analyzer - INFO - Cleaning temporary folder 'temp/workbox-build'...
2025-11-03 20:17:27,822 - NPM_Analyzer - INFO - Cleanup completed.
