2025-11-13 18:41:42,937 - NPM_HUT_Analyzer - INFO - Recupero metadata per 'conventional-changelog-angular'...
2025-11-13 18:41:43,060 - NPM_HUT_Analyzer - INFO - Trovate 48 versioni. Inizio download in 'temp_hut/conventional-changelog-angular'...
2025-11-13 18:42:07,672 - UnicodeAnalyzer - INFO - Analizzando 48 versioni per '*.js' in 'conventional-changelog-angular'.
2025-11-13 18:42:07,672 - UnicodeAnalyzer - INFO - -> Analizzando versione 0.0.0 (1/48)...
2025-11-13 18:42:07,769 - UnicodeAnalyzer - INFO - -> Analizzando versione 0.0.1 (2/48)...
2025-11-13 18:42:07,838 - UnicodeAnalyzer - INFO - -> Analizzando versione 0.0.2 (3/48)...
2025-11-13 18:42:07,911 - UnicodeAnalyzer - INFO - -> Analizzando versione 0.1.0 (4/48)...
2025-11-13 18:42:07,987 - UnicodeAnalyzer - INFO - -> Analizzando versione 1.0.0 (5/48)...
2025-11-13 18:42:08,054 - UnicodeAnalyzer - INFO - -> Analizzando versione 1.1.0 (6/48)...
2025-11-13 18:42:08,055 - UnicodeAnalyzer - INFO - Filtrati 1 file (es. in /dist, /test).
2025-11-13 18:42:08,055 - UnicodeAnalyzer - INFO - -> Analizzando versione 1.2.0 (7/48)...
2025-11-13 18:42:08,056 - UnicodeAnalyzer - INFO - Filtrati 1 file (es. in /dist, /test).
2025-11-13 18:42:08,056 - UnicodeAnalyzer - INFO - -> Analizzando versione 1.3.0 (8/48)...
2025-11-13 18:42:08,056 - UnicodeAnalyzer - INFO - Filtrati 1 file (es. in /dist, /test).
2025-11-13 18:42:08,057 - UnicodeAnalyzer - INFO - -> Analizzando versione 1.3.1 (9/48)...
2025-11-13 18:42:08,057 - UnicodeAnalyzer - INFO - Filtrati 1 file (es. in /dist, /test).
2025-11-13 18:42:08,057 - UnicodeAnalyzer - INFO - -> Analizzando versione 1.3.2 (10/48)...
2025-11-13 18:42:08,058 - UnicodeAnalyzer - INFO - Filtrati 1 file (es. in /dist, /test).
2025-11-13 18:42:08,058 - UnicodeAnalyzer - INFO - -> Analizzando versione 1.3.3 (11/48)...
2025-11-13 18:42:08,059 - UnicodeAnalyzer - INFO - Filtrati 1 file (es. in /dist, /test).
2025-11-13 18:42:08,059 - UnicodeAnalyzer - INFO - -> Analizzando versione 1.3.4 (12/48)...
2025-11-13 18:42:08,059 - UnicodeAnalyzer - INFO - Filtrati 1 file (es. in /dist, /test).
2025-11-13 18:42:08,060 - UnicodeAnalyzer - INFO - -> Analizzando versione 1.4.0 (13/48)...
2025-11-13 18:42:08,060 - UnicodeAnalyzer - INFO - -> Analizzando versione 1.5.0 (14/48)...
2025-11-13 18:42:08,061 - UnicodeAnalyzer - INFO - -> Analizzando versione 1.5.1 (15/48)...
2025-11-13 18:42:08,061 - UnicodeAnalyzer - INFO - -> Analizzando versione 1.5.2 (16/48)...
2025-11-13 18:42:08,061 - UnicodeAnalyzer - INFO - -> Analizzando versione 1.5.3 (17/48)...
2025-11-13 18:42:08,062 - UnicodeAnalyzer - INFO - -> Analizzando versione 1.6.0 (18/48)...
2025-11-13 18:42:08,135 - UnicodeAnalyzer - INFO - -> Analizzando versione 1.6.1 (19/48)...
2025-11-13 18:42:08,212 - UnicodeAnalyzer - INFO - -> Analizzando versione 1.6.2 (20/48)...
2025-11-13 18:42:08,287 - UnicodeAnalyzer - INFO - -> Analizzando versione 1.6.3 (21/48)...
2025-11-13 18:42:08,364 - UnicodeAnalyzer - INFO - -> Analizzando versione 1.6.4 (22/48)...
2025-11-13 18:42:08,439 - UnicodeAnalyzer - INFO - -> Analizzando versione 1.6.5 (23/48)...
2025-11-13 18:42:08,514 - UnicodeAnalyzer - INFO - -> Analizzando versione 1.6.6 (24/48)...
2025-11-13 18:42:08,589 - UnicodeAnalyzer - INFO - -> Analizzando versione 3.0.0 (25/48)...
2025-11-13 18:42:08,664 - UnicodeAnalyzer - INFO - -> Analizzando versione 3.0.1 (26/48)...
2025-11-13 18:42:08,739 - UnicodeAnalyzer - INFO - -> Analizzando versione 3.0.2 (27/48)...
2025-11-13 18:42:08,814 - UnicodeAnalyzer - INFO - -> Analizzando versione 3.0.3 (28/48)...
2025-11-13 18:42:08,889 - UnicodeAnalyzer - INFO - -> Analizzando versione 3.0.4 (29/48)...
2025-11-13 18:42:08,978 - UnicodeAnalyzer - INFO - -> Analizzando versione 3.0.5 (30/48)...
2025-11-13 18:42:09,053 - UnicodeAnalyzer - INFO - -> Analizzando versione 3.0.6 (31/48)...
2025-11-13 18:42:09,131 - UnicodeAnalyzer - INFO - -> Analizzando versione 3.0.7 (32/48)...
2025-11-13 18:42:09,207 - UnicodeAnalyzer - INFO - -> Analizzando versione 4.0.0 (33/48)...
2025-11-13 18:42:09,282 - UnicodeAnalyzer - INFO - -> Analizzando versione 4.0.1 (34/48)...
2025-11-13 18:42:09,357 - UnicodeAnalyzer - INFO - -> Analizzando versione 5.0.0 (35/48)...
2025-11-13 18:42:09,433 - UnicodeAnalyzer - INFO - -> Analizzando versione 5.0.1 (36/48)...
2025-11-13 18:42:09,509 - UnicodeAnalyzer - INFO - -> Analizzando versione 5.0.10 (37/48)...
2025-11-13 18:42:09,584 - UnicodeAnalyzer - INFO - -> Analizzando versione 5.0.11 (38/48)...
2025-11-13 18:42:09,660 - UnicodeAnalyzer - INFO - -> Analizzando versione 5.0.12 (39/48)...
2025-11-13 18:42:09,736 - UnicodeAnalyzer - INFO - -> Analizzando versione 5.0.13 (40/48)...
2025-11-13 18:42:09,811 - UnicodeAnalyzer - INFO - -> Analizzando versione 5.0.2 (41/48)...
2025-11-13 18:42:09,889 - UnicodeAnalyzer - INFO - -> Analizzando versione 5.0.3 (42/48)...
2025-11-13 18:42:09,968 - UnicodeAnalyzer - INFO - -> Analizzando versione 5.0.5 (43/48)...
2025-11-13 18:42:10,043 - UnicodeAnalyzer - INFO - -> Analizzando versione 5.0.6 (44/48)...
2025-11-13 18:42:10,121 - UnicodeAnalyzer - INFO - -> Analizzando versione 6.0.0 (45/48)...
2025-11-13 18:42:10,197 - UnicodeAnalyzer - INFO - -> Analizzando versione 7.0.0 (46/48)...
2025-11-13 18:42:10,272 - UnicodeAnalyzer - INFO - -> Analizzando versione 8.0.0 (47/48)...
2025-11-13 18:42:10,341 - UnicodeAnalyzer - INFO - -> Analizzando versione 8.1.0 (48/48)...
2025-11-13 18:42:10,417 - UnicodeAnalyzer - INFO - Esportando i risultati HUT per 'conventional-changelog-angular' in CSV...
2025-11-13 18:42:10,478 - UnicodeAnalyzer - INFO - Report salvati in: /app/npm_hut_results/conventional-changelog-angular
2025-11-13 18:42:10,478 - NPM_HUT_Analyzer - INFO - Pulizia cartella temporanea 'temp_hut/conventional-changelog-angular'...
2025-11-13 18:42:10,488 - NPM_HUT_Analyzer - INFO - Pulizia completata.
