2025-10-30 16:00:20,390 - NPM_Analyzer - INFO - Fetching metadata for 'stylelint-config-standard-scss'...
2025-10-30 16:00:20,516 - NPM_Analyzer - INFO - Found 25 versions. Starting download into 'temp/stylelint-config-standard-scss'...
2025-10-30 16:00:28,355 - BlankSpaceAnalyzer - INFO - Analyzing 25 versions for '*.js' in 'stylelint-config-standard-scss'.
2025-10-30 16:00:28,355 - BlankSpaceAnalyzer - INFO - -> Analyzing version 1.0.0 (1/25)...
2025-10-30 16:00:28,356 - BlankSpaceAnalyzer - INFO - -> Analyzing version 1.0.1 (2/25)...
2025-10-30 16:00:28,357 - BlankSpaceAnalyzer - INFO - -> Analyzing version 1.1.0 (3/25)...
2025-10-30 16:00:28,358 - BlankSpaceAnalyzer - INFO - -> Analyzing version 10.0.0 (4/25)...
2025-10-30 16:00:28,359 - BlankSpaceAnalyzer - INFO - -> Analyzing version 11.0.0 (5/25)...
2025-10-30 16:00:28,360 - BlankSpaceAnalyzer - INFO - -> Analyzing version 11.1.0 (6/25)...
2025-10-30 16:00:28,361 - BlankSpaceAnalyzer - INFO - -> Analyzing version 12.0.0 (7/25)...
2025-10-30 16:00:28,361 - BlankSpaceAnalyzer - INFO - -> Analyzing version 13.0.0 (8/25)...
2025-10-30 16:00:28,362 - BlankSpaceAnalyzer - INFO - -> Analyzing version 13.1.0 (9/25)...
2025-10-30 16:00:28,363 - BlankSpaceAnalyzer - INFO - -> Analyzing version 14.0.0 (10/25)...
2025-10-30 16:00:28,364 - BlankSpaceAnalyzer - INFO - -> Analyzing version 15.0.0 (11/25)...
2025-10-30 16:00:28,365 - BlankSpaceAnalyzer - INFO - -> Analyzing version 15.0.1 (12/25)...
2025-10-30 16:00:28,366 - BlankSpaceAnalyzer - INFO - -> Analyzing version 16.0.0 (13/25)...
2025-10-30 16:00:28,366 - BlankSpaceAnalyzer - INFO - -> Analyzing version 2.0.0 (14/25)...
2025-10-30 16:00:28,367 - BlankSpaceAnalyzer - INFO - -> Analyzing version 2.0.0-0 (15/25)...
2025-10-30 16:00:28,368 - BlankSpaceAnalyzer - INFO - -> Analyzing version 2.0.1 (16/25)...
2025-10-30 16:00:28,369 - BlankSpaceAnalyzer - INFO - -> Analyzing version 3.0.0 (17/25)...
2025-10-30 16:00:28,370 - BlankSpaceAnalyzer - INFO - -> Analyzing version 4.0.0 (18/25)...
2025-10-30 16:00:28,371 - BlankSpaceAnalyzer - INFO - -> Analyzing version 5.0.0 (19/25)...
2025-10-30 16:00:28,372 - BlankSpaceAnalyzer - INFO - -> Analyzing version 6.0.0 (20/25)...
2025-10-30 16:00:28,372 - BlankSpaceAnalyzer - INFO - -> Analyzing version 6.1.0 (21/25)...
2025-10-30 16:00:28,373 - BlankSpaceAnalyzer - INFO - -> Analyzing version 7.0.0 (22/25)...
2025-10-30 16:00:28,374 - BlankSpaceAnalyzer - INFO - -> Analyzing version 7.0.1 (23/25)...
2025-10-30 16:00:28,375 - BlankSpaceAnalyzer - INFO - -> Analyzing version 8.0.0 (24/25)...
2025-10-30 16:00:28,376 - BlankSpaceAnalyzer - INFO - -> Analyzing version 9.0.0 (25/25)...
2025-10-30 16:00:28,377 - BlankSpaceAnalyzer - INFO - Exporting results for 'stylelint-config-standard-scss' to CSV...
2025-10-30 16:00:28,409 - BlankSpaceAnalyzer - INFO - Reports saved in: /app/npm_results/stylelint-config-standard-scss
2025-10-30 16:00:28,409 - NPM_Analyzer - INFO - Cleaning temporary folder 'temp/stylelint-config-standard-scss'...
2025-10-30 16:00:28,412 - NPM_Analyzer - INFO - Cleanup completed.
