2025-11-07 13:48:49,234 - NPM_Analyzer - INFO - Fetching metadata for 'rc-animate'...
2025-11-07 13:48:49,907 - NPM_Analyzer - INFO - Found 68 versions. Starting download into 'temp/rc-animate'...
2025-11-07 13:49:27,192 - BlankSpaceAnalyzer - INFO - Analyzing 68 versions for '*.js' in 'rc-animate'.
2025-11-07 13:49:27,192 - BlankSpaceAnalyzer - INFO - -> Analyzing version 1.0.0 (1/68)...
2025-11-07 13:49:27,262 - BlankSpaceAnalyzer - INFO - -> Analyzing version 1.0.1 (2/68)...
2025-11-07 13:49:27,298 - BlankSpaceAnalyzer - INFO - -> Analyzing version 1.0.2 (3/68)...
2025-11-07 13:49:27,338 - BlankSpaceAnalyzer - INFO - -> Analyzing version 1.0.3 (4/68)...
2025-11-07 13:49:27,379 - BlankSpaceAnalyzer - INFO - -> Analyzing version 1.0.4 (5/68)...
2025-11-07 13:49:27,421 - BlankSpaceAnalyzer - INFO - -> Analyzing version 1.0.5 (6/68)...
2025-11-07 13:49:27,462 - BlankSpaceAnalyzer - INFO - -> Analyzing version 1.1.0 (7/68)...
2025-11-07 13:49:27,505 - BlankSpaceAnalyzer - INFO - -> Analyzing version 1.2.0 (8/68)...
2025-11-07 13:49:27,546 - BlankSpaceAnalyzer - INFO - -> Analyzing version 1.2.1 (9/68)...
2025-11-07 13:49:27,589 - BlankSpaceAnalyzer - INFO - -> Analyzing version 1.2.2 (10/68)...
2025-11-07 13:49:27,630 - BlankSpaceAnalyzer - INFO - -> Analyzing version 1.2.3 (11/68)...
2025-11-07 13:49:27,672 - BlankSpaceAnalyzer - INFO - -> Analyzing version 1.2.4 (12/68)...
2025-11-07 13:49:27,714 - BlankSpaceAnalyzer - INFO - -> Analyzing version 1.2.5 (13/68)...
2025-11-07 13:49:27,756 - BlankSpaceAnalyzer - INFO - -> Analyzing version 1.2.6 (14/68)...
2025-11-07 13:49:27,757 - BlankSpaceAnalyzer - INFO - -> Analyzing version 1.2.7 (15/68)...
2025-11-07 13:49:27,799 - BlankSpaceAnalyzer - INFO - -> Analyzing version 1.2.8 (16/68)...
2025-11-07 13:49:27,841 - BlankSpaceAnalyzer - INFO - -> Analyzing version 1.2.9 (17/68)...
2025-11-07 13:49:27,883 - BlankSpaceAnalyzer - INFO - -> Analyzing version 1.3.0 (18/68)...
2025-11-07 13:49:27,924 - BlankSpaceAnalyzer - INFO - -> Analyzing version 2.0.0 (19/68)...
2025-11-07 13:49:27,966 - BlankSpaceAnalyzer - INFO - -> Analyzing version 2.0.1 (20/68)...
2025-11-07 13:49:28,008 - BlankSpaceAnalyzer - INFO - -> Analyzing version 2.0.2 (21/68)...
2025-11-07 13:49:28,051 - BlankSpaceAnalyzer - INFO - -> Analyzing version 2.0.3 (22/68)...
2025-11-07 13:49:28,092 - BlankSpaceAnalyzer - INFO - -> Analyzing version 2.0.4 (23/68)...
2025-11-07 13:49:28,136 - BlankSpaceAnalyzer - INFO - -> Analyzing version 2.1.0 (24/68)...
2025-11-07 13:49:28,177 - BlankSpaceAnalyzer - INFO - -> Analyzing version 2.10.0 (25/68)...
2025-11-07 13:49:28,221 - BlankSpaceAnalyzer - INFO - -> Analyzing version 2.10.1 (26/68)...
2025-11-07 13:49:28,264 - BlankSpaceAnalyzer - INFO - -> Analyzing version 2.10.2 (27/68)...
2025-11-07 13:49:28,307 - BlankSpaceAnalyzer - INFO - -> Analyzing version 2.10.3 (28/68)...
2025-11-07 13:49:28,351 - BlankSpaceAnalyzer - INFO - -> Analyzing version 2.11.0 (29/68)...
2025-11-07 13:49:28,394 - BlankSpaceAnalyzer - INFO - -> Analyzing version 2.11.1 (30/68)...
2025-11-07 13:49:28,439 - BlankSpaceAnalyzer - INFO - -> Analyzing version 2.2.0 (31/68)...
2025-11-07 13:49:28,481 - BlankSpaceAnalyzer - INFO - -> Analyzing version 2.2.1 (32/68)...
2025-11-07 13:49:28,523 - BlankSpaceAnalyzer - INFO - -> Analyzing version 2.2.2 (33/68)...
2025-11-07 13:49:28,565 - BlankSpaceAnalyzer - INFO - -> Analyzing version 2.3.0 (34/68)...
2025-11-07 13:49:28,607 - BlankSpaceAnalyzer - INFO - -> Analyzing version 2.3.1 (35/68)...
2025-11-07 13:49:28,649 - BlankSpaceAnalyzer - INFO - -> Analyzing version 2.3.3 (36/68)...
2025-11-07 13:49:28,691 - BlankSpaceAnalyzer - INFO - -> Analyzing version 2.3.4 (37/68)...
2025-11-07 13:49:28,735 - BlankSpaceAnalyzer - INFO - -> Analyzing version 2.3.5 (38/68)...
2025-11-07 13:49:28,778 - BlankSpaceAnalyzer - INFO - -> Analyzing version 2.3.6 (39/68)...
2025-11-07 13:49:28,820 - BlankSpaceAnalyzer - INFO - -> Analyzing version 2.4.0 (40/68)...
2025-11-07 13:49:28,862 - BlankSpaceAnalyzer - INFO - -> Analyzing version 2.4.1 (41/68)...
2025-11-07 13:49:28,906 - BlankSpaceAnalyzer - INFO - -> Analyzing version 2.4.3 (42/68)...
2025-11-07 13:49:28,950 - BlankSpaceAnalyzer - INFO - -> Analyzing version 2.4.4 (43/68)...
2025-11-07 13:49:28,992 - BlankSpaceAnalyzer - INFO - -> Analyzing version 2.5.0 (44/68)...
2025-11-07 13:49:29,036 - BlankSpaceAnalyzer - INFO - -> Analyzing version 2.5.1 (45/68)...
2025-11-07 13:49:29,079 - BlankSpaceAnalyzer - INFO - -> Analyzing version 2.5.2 (46/68)...
2025-11-07 13:49:29,122 - BlankSpaceAnalyzer - INFO - -> Analyzing version 2.5.3 (47/68)...
2025-11-07 13:49:29,166 - BlankSpaceAnalyzer - INFO - -> Analyzing version 2.5.4 (48/68)...
2025-11-07 13:49:29,209 - BlankSpaceAnalyzer - INFO - -> Analyzing version 2.6.0 (49/68)...
2025-11-07 13:49:29,253 - BlankSpaceAnalyzer - INFO - -> Analyzing version 2.6.0-beta.1 (50/68)...
2025-11-07 13:49:29,296 - BlankSpaceAnalyzer - INFO - -> Analyzing version 2.7.0 (51/68)...
2025-11-07 13:49:29,340 - BlankSpaceAnalyzer - INFO - -> Analyzing version 2.8.0 (52/68)...
2025-11-07 13:49:29,387 - BlankSpaceAnalyzer - INFO - -> Analyzing version 2.8.1 (53/68)...
2025-11-07 13:49:29,430 - BlankSpaceAnalyzer - INFO - -> Analyzing version 2.8.2 (54/68)...
2025-11-07 13:49:29,477 - BlankSpaceAnalyzer - INFO - -> Analyzing version 2.8.3 (55/68)...
2025-11-07 13:49:29,521 - BlankSpaceAnalyzer - INFO - -> Analyzing version 2.9.0 (56/68)...
2025-11-07 13:49:29,566 - BlankSpaceAnalyzer - INFO - -> Analyzing version 2.9.1 (57/68)...
2025-11-07 13:49:29,609 - BlankSpaceAnalyzer - INFO - -> Analyzing version 2.9.2 (58/68)...
2025-11-07 13:49:29,653 - BlankSpaceAnalyzer - INFO - -> Analyzing version 3.0.0 (59/68)...
2025-11-07 13:49:29,699 - BlankSpaceAnalyzer - INFO - -> Analyzing version 3.0.0-rc.0 (60/68)...
2025-11-07 13:49:29,741 - BlankSpaceAnalyzer - INFO - -> Analyzing version 3.0.0-rc.1 (61/68)...
2025-11-07 13:49:29,784 - BlankSpaceAnalyzer - INFO - -> Analyzing version 3.0.0-rc.2 (62/68)...
2025-11-07 13:49:29,827 - BlankSpaceAnalyzer - INFO - -> Analyzing version 3.0.0-rc.3 (63/68)...
2025-11-07 13:49:29,870 - BlankSpaceAnalyzer - INFO - -> Analyzing version 3.0.0-rc.4 (64/68)...
2025-11-07 13:49:29,914 - BlankSpaceAnalyzer - INFO - -> Analyzing version 3.0.0-rc.5 (65/68)...
2025-11-07 13:49:29,957 - BlankSpaceAnalyzer - INFO - -> Analyzing version 3.0.0-rc.6 (66/68)...
2025-11-07 13:49:30,000 - BlankSpaceAnalyzer - INFO - -> Analyzing version 3.1.0 (67/68)...
2025-11-07 13:49:30,045 - BlankSpaceAnalyzer - INFO - -> Analyzing version 3.1.1 (68/68)...
2025-11-07 13:49:30,089 - BlankSpaceAnalyzer - INFO - Exporting results for 'rc-animate' to CSV...
2025-11-07 13:49:30,156 - BlankSpaceAnalyzer - INFO - Reports saved in: /app/npm_results/rc-animate
2025-11-07 13:49:30,156 - NPM_Analyzer - INFO - Cleaning temporary folder 'temp/rc-animate'...
2025-11-07 13:49:30,178 - NPM_Analyzer - INFO - Cleanup completed.
