2025-11-06 12:50:06,810 - NPM_Analyzer - INFO - Fetching metadata for 'smol-toml'...
2025-11-06 12:50:06,938 - NPM_Analyzer - INFO - Found 19 versions. Starting download into 'temp/smol-toml'...
2025-11-06 12:50:14,897 - BlankSpaceAnalyzer - INFO - Analyzing 19 versions for '*.js' in 'smol-toml'.
2025-11-06 12:50:14,897 - BlankSpaceAnalyzer - INFO - -> Analyzing version 0.1.0 (1/19)...
2025-11-06 12:50:14,967 - BlankSpaceAnalyzer - INFO - -> Analyzing version 1.0.0 (2/19)...
2025-11-06 12:50:15,002 - BlankSpaceAnalyzer - INFO - -> Analyzing version 1.0.1 (3/19)...
2025-11-06 12:50:15,040 - BlankSpaceAnalyzer - INFO - -> Analyzing version 1.1.0 (4/19)...
2025-11-06 12:50:15,079 - BlankSpaceAnalyzer - INFO - -> Analyzing version 1.1.1 (5/19)...
2025-11-06 12:50:15,119 - BlankSpaceAnalyzer - INFO - -> Analyzing version 1.1.2 (6/19)...
2025-11-06 12:50:15,159 - BlankSpaceAnalyzer - INFO - -> Analyzing version 1.1.3 (7/19)...
2025-11-06 12:50:15,200 - BlankSpaceAnalyzer - INFO - -> Analyzing version 1.1.4 (8/19)...
2025-11-06 12:50:15,240 - BlankSpaceAnalyzer - INFO - -> Analyzing version 1.2.0 (9/19)...
2025-11-06 12:50:15,282 - BlankSpaceAnalyzer - INFO - -> Analyzing version 1.2.1 (10/19)...
2025-11-06 12:50:15,322 - BlankSpaceAnalyzer - INFO - -> Analyzing version 1.2.2 (11/19)...
2025-11-06 12:50:15,363 - BlankSpaceAnalyzer - INFO - -> Analyzing version 1.3.0 (12/19)...
2025-11-06 12:50:15,403 - BlankSpaceAnalyzer - INFO - -> Analyzing version 1.3.1 (13/19)...
2025-11-06 12:50:15,444 - BlankSpaceAnalyzer - INFO - -> Analyzing version 1.3.2 (14/19)...
2025-11-06 12:50:15,445 - BlankSpaceAnalyzer - INFO - -> Analyzing version 1.3.3 (15/19)...
2025-11-06 12:50:15,486 - BlankSpaceAnalyzer - INFO - -> Analyzing version 1.3.4 (16/19)...
2025-11-06 12:50:15,526 - BlankSpaceAnalyzer - INFO - -> Analyzing version 1.4.0 (17/19)...
2025-11-06 12:50:15,567 - BlankSpaceAnalyzer - INFO - -> Analyzing version 1.4.1 (18/19)...
2025-11-06 12:50:15,609 - BlankSpaceAnalyzer - INFO - -> Analyzing version 1.4.2 (19/19)...
2025-11-06 12:50:15,650 - BlankSpaceAnalyzer - INFO - Exporting results for 'smol-toml' to CSV...
2025-11-06 12:50:15,670 - BlankSpaceAnalyzer - INFO - Reports saved in: /app/npm_results/smol-toml
2025-11-06 12:50:15,670 - NPM_Analyzer - INFO - Cleaning temporary folder 'temp/smol-toml'...
2025-11-06 12:50:15,677 - NPM_Analyzer - INFO - Cleanup completed.
