2025-11-15 15:23:19,385 - NPM_HUT_Analyzer - INFO - Recupero metadata per 'nock'...
2025-11-15 15:23:19,546 - NPM_HUT_Analyzer - INFO - Trovate 454 versioni. Inizio download in 'temp_hut/nock'...
2025-11-15 15:30:01,705 - UnicodeAnalyzer - INFO - Analizzando 454 versioni per '*.js' in 'nock'.
2025-11-15 15:30:01,705 - UnicodeAnalyzer - INFO - -> Analizzando versione 0.0.1 (1/454)...
2025-11-15 15:30:01,706 - UnicodeAnalyzer - INFO - -> Analizzando versione 0.1.0 (2/454)...
2025-11-15 15:30:01,707 - UnicodeAnalyzer - INFO - Filtrati 1 file (es. in /dist, /test).
2025-11-15 15:30:01,766 - UnicodeAnalyzer - INFO - -> Analizzando versione 0.1.2 (3/454)...
2025-11-15 15:30:01,767 - UnicodeAnalyzer - INFO - Filtrati 1 file (es. in /dist, /test).
2025-11-15 15:30:01,817 - UnicodeAnalyzer - INFO - -> Analizzando versione 0.1.3 (4/454)...
2025-11-15 15:30:01,818 - UnicodeAnalyzer - INFO - Filtrati 1 file (es. in /dist, /test).
2025-11-15 15:30:01,871 - UnicodeAnalyzer - INFO - -> Analizzando versione 0.1.4 (5/454)...
2025-11-15 15:30:01,871 - UnicodeAnalyzer - INFO - Filtrati 1 file (es. in /dist, /test).
2025-11-15 15:30:01,924 - UnicodeAnalyzer - INFO - -> Analizzando versione 0.1.5 (6/454)...
2025-11-15 15:30:01,925 - UnicodeAnalyzer - INFO - Filtrati 1 file (es. in /dist, /test).
2025-11-15 15:30:01,978 - UnicodeAnalyzer - INFO - -> Analizzando versione 0.1.6 (7/454)...
2025-11-15 15:30:01,979 - UnicodeAnalyzer - INFO - Filtrati 1 file (es. in /dist, /test).
2025-11-15 15:30:02,032 - UnicodeAnalyzer - INFO - -> Analizzando versione 0.1.7 (8/454)...
2025-11-15 15:30:02,033 - UnicodeAnalyzer - INFO - Filtrati 1 file (es. in /dist, /test).
2025-11-15 15:30:02,086 - UnicodeAnalyzer - INFO - -> Analizzando versione 0.10.0 (9/454)...
2025-11-15 15:30:02,087 - UnicodeAnalyzer - INFO - Filtrati 2 file (es. in /dist, /test).
2025-11-15 15:30:02,142 - UnicodeAnalyzer - INFO - -> Analizzando versione 0.10.1 (10/454)...
2025-11-15 15:30:02,142 - UnicodeAnalyzer - INFO - Filtrati 2 file (es. in /dist, /test).
2025-11-15 15:30:02,202 - UnicodeAnalyzer - INFO - -> Analizzando versione 0.10.2 (11/454)...
2025-11-15 15:30:02,202 - UnicodeAnalyzer - INFO - Filtrati 2 file (es. in /dist, /test).
2025-11-15 15:30:02,264 - UnicodeAnalyzer - INFO - -> Analizzando versione 0.10.3 (12/454)...
2025-11-15 15:30:02,265 - UnicodeAnalyzer - INFO - Filtrati 2 file (es. in /dist, /test).
2025-11-15 15:30:02,324 - UnicodeAnalyzer - INFO - -> Analizzando versione 0.10.4 (13/454)...
2025-11-15 15:30:02,325 - UnicodeAnalyzer - INFO - Filtrati 2 file (es. in /dist, /test).
2025-11-15 15:30:02,380 - UnicodeAnalyzer - INFO - -> Analizzando versione 0.10.5 (14/454)...
2025-11-15 15:30:02,380 - UnicodeAnalyzer - INFO - Filtrati 2 file (es. in /dist, /test).
2025-11-15 15:30:02,435 - UnicodeAnalyzer - INFO - -> Analizzando versione 0.10.6 (15/454)...
2025-11-15 15:30:02,436 - UnicodeAnalyzer - INFO - Filtrati 2 file (es. in /dist, /test).
2025-11-15 15:30:02,491 - UnicodeAnalyzer - INFO - -> Analizzando versione 0.10.7 (16/454)...
2025-11-15 15:30:02,492 - UnicodeAnalyzer - INFO - Filtrati 2 file (es. in /dist, /test).
2025-11-15 15:30:02,545 - UnicodeAnalyzer - INFO - -> Analizzando versione 0.10.8 (17/454)...
2025-11-15 15:30:02,546 - UnicodeAnalyzer - INFO - Filtrati 2 file (es. in /dist, /test).
2025-11-15 15:30:02,600 - UnicodeAnalyzer - INFO - -> Analizzando versione 0.11.0 (18/454)...
2025-11-15 15:30:02,600 - UnicodeAnalyzer - INFO - Filtrati 2 file (es. in /dist, /test).
2025-11-15 15:30:02,655 - UnicodeAnalyzer - INFO - -> Analizzando versione 0.11.1 (19/454)...
2025-11-15 15:30:02,656 - UnicodeAnalyzer - INFO - Filtrati 2 file (es. in /dist, /test).
2025-11-15 15:30:02,711 - UnicodeAnalyzer - INFO - -> Analizzando versione 0.11.2 (20/454)...
2025-11-15 15:30:02,712 - UnicodeAnalyzer - INFO - Filtrati 2 file (es. in /dist, /test).
2025-11-15 15:30:02,766 - UnicodeAnalyzer - INFO - -> Analizzando versione 0.11.3 (21/454)...
2025-11-15 15:30:02,767 - UnicodeAnalyzer - INFO - Filtrati 2 file (es. in /dist, /test).
2025-11-15 15:30:02,822 - UnicodeAnalyzer - INFO - -> Analizzando versione 0.11.4 (22/454)...
2025-11-15 15:30:02,822 - UnicodeAnalyzer - INFO - Filtrati 2 file (es. in /dist, /test).
2025-11-15 15:30:02,877 - UnicodeAnalyzer - INFO - -> Analizzando versione 0.11.5 (23/454)...
2025-11-15 15:30:02,878 - UnicodeAnalyzer - INFO - Filtrati 2 file (es. in /dist, /test).
2025-11-15 15:30:02,932 - UnicodeAnalyzer - INFO - -> Analizzando versione 0.11.6 (24/454)...
2025-11-15 15:30:02,933 - UnicodeAnalyzer - INFO - Filtrati 2 file (es. in /dist, /test).
2025-11-15 15:30:02,988 - UnicodeAnalyzer - INFO - -> Analizzando versione 0.12.0 (25/454)...
2025-11-15 15:30:02,989 - UnicodeAnalyzer - INFO - Filtrati 2 file (es. in /dist, /test).
2025-11-15 15:30:03,044 - UnicodeAnalyzer - INFO - -> Analizzando versione 0.12.1 (26/454)...
2025-11-15 15:30:03,044 - UnicodeAnalyzer - INFO - Filtrati 2 file (es. in /dist, /test).
2025-11-15 15:30:03,101 - UnicodeAnalyzer - INFO - -> Analizzando versione 0.12.2 (27/454)...
2025-11-15 15:30:03,102 - UnicodeAnalyzer - INFO - Filtrati 2 file (es. in /dist, /test).
2025-11-15 15:30:03,156 - UnicodeAnalyzer - INFO - -> Analizzando versione 0.12.3 (28/454)...
2025-11-15 15:30:03,157 - UnicodeAnalyzer - INFO - Filtrati 2 file (es. in /dist, /test).
2025-11-15 15:30:03,211 - UnicodeAnalyzer - INFO - -> Analizzando versione 0.13.0 (29/454)...
2025-11-15 15:30:03,211 - UnicodeAnalyzer - INFO - Filtrati 2 file (es. in /dist, /test).
2025-11-15 15:30:03,266 - UnicodeAnalyzer - INFO - -> Analizzando versione 0.13.2 (30/454)...
2025-11-15 15:30:03,266 - UnicodeAnalyzer - INFO - Filtrati 2 file (es. in /dist, /test).
2025-11-15 15:30:03,321 - UnicodeAnalyzer - INFO - -> Analizzando versione 0.13.3 (31/454)...
2025-11-15 15:30:03,322 - UnicodeAnalyzer - INFO - Filtrati 2 file (es. in /dist, /test).
2025-11-15 15:30:03,377 - UnicodeAnalyzer - INFO - -> Analizzando versione 0.13.4 (32/454)...
2025-11-15 15:30:03,378 - UnicodeAnalyzer - INFO - Filtrati 2 file (es. in /dist, /test).
2025-11-15 15:30:03,432 - UnicodeAnalyzer - INFO - -> Analizzando versione 0.13.5 (33/454)...
2025-11-15 15:30:03,433 - UnicodeAnalyzer - INFO - Filtrati 2 file (es. in /dist, /test).
2025-11-15 15:30:03,488 - UnicodeAnalyzer - INFO - -> Analizzando versione 0.13.6 (34/454)...
2025-11-15 15:30:03,488 - UnicodeAnalyzer - INFO - Filtrati 2 file (es. in /dist, /test).
2025-11-15 15:30:03,546 - UnicodeAnalyzer - INFO - -> Analizzando versione 0.13.7 (35/454)...
2025-11-15 15:30:03,546 - UnicodeAnalyzer - INFO - Filtrati 2 file (es. in /dist, /test).
2025-11-15 15:30:03,602 - UnicodeAnalyzer - INFO - -> Analizzando versione 0.14.0 (36/454)...
2025-11-15 15:30:03,602 - UnicodeAnalyzer - INFO - Filtrati 2 file (es. in /dist, /test).
2025-11-15 15:30:03,656 - UnicodeAnalyzer - INFO - -> Analizzando versione 0.14.1 (37/454)...
2025-11-15 15:30:03,657 - UnicodeAnalyzer - INFO - Filtrati 2 file (es. in /dist, /test).
2025-11-15 15:30:03,711 - UnicodeAnalyzer - INFO - -> Analizzando versione 0.14.2 (38/454)...
2025-11-15 15:30:03,712 - UnicodeAnalyzer - INFO - Filtrati 2 file (es. in /dist, /test).
2025-11-15 15:30:03,766 - UnicodeAnalyzer - INFO - -> Analizzando versione 0.14.3 (39/454)...
2025-11-15 15:30:03,767 - UnicodeAnalyzer - INFO - Filtrati 2 file (es. in /dist, /test).
2025-11-15 15:30:03,821 - UnicodeAnalyzer - INFO - -> Analizzando versione 0.14.4 (40/454)...
2025-11-15 15:30:03,821 - UnicodeAnalyzer - INFO - Filtrati 2 file (es. in /dist, /test).
2025-11-15 15:30:03,876 - UnicodeAnalyzer - INFO - -> Analizzando versione 0.15.0 (41/454)...
2025-11-15 15:30:03,876 - UnicodeAnalyzer - INFO - Filtrati 2 file (es. in /dist, /test).
2025-11-15 15:30:03,931 - UnicodeAnalyzer - INFO - -> Analizzando versione 0.15.1 (42/454)...
2025-11-15 15:30:03,931 - UnicodeAnalyzer - INFO - Filtrati 2 file (es. in /dist, /test).
2025-11-15 15:30:03,986 - UnicodeAnalyzer - INFO - -> Analizzando versione 0.15.2 (43/454)...
2025-11-15 15:30:03,987 - UnicodeAnalyzer - INFO - Filtrati 2 file (es. in /dist, /test).
2025-11-15 15:30:04,041 - UnicodeAnalyzer - INFO - -> Analizzando versione 0.15.3 (44/454)...
2025-11-15 15:30:04,042 - UnicodeAnalyzer - INFO - Filtrati 2 file (es. in /dist, /test).
2025-11-15 15:30:04,097 - UnicodeAnalyzer - INFO - -> Analizzando versione 0.16.0 (45/454)...
2025-11-15 15:30:04,098 - UnicodeAnalyzer - INFO - Filtrati 2 file (es. in /dist, /test).
2025-11-15 15:30:04,152 - UnicodeAnalyzer - INFO - -> Analizzando versione 0.17.0 (46/454)...
2025-11-15 15:30:04,153 - UnicodeAnalyzer - INFO - Filtrati 2 file (es. in /dist, /test).
2025-11-15 15:30:04,208 - UnicodeAnalyzer - INFO - -> Analizzando versione 0.17.1 (47/454)...
2025-11-15 15:30:04,209 - UnicodeAnalyzer - INFO - Filtrati 2 file (es. in /dist, /test).
2025-11-15 15:30:04,264 - UnicodeAnalyzer - INFO - -> Analizzando versione 0.17.2 (48/454)...
2025-11-15 15:30:04,265 - UnicodeAnalyzer - INFO - Filtrati 2 file (es. in /dist, /test).
2025-11-15 15:30:04,320 - UnicodeAnalyzer - INFO - -> Analizzando versione 0.17.3 (49/454)...
2025-11-15 15:30:04,321 - UnicodeAnalyzer - INFO - Filtrati 2 file (es. in /dist, /test).
2025-11-15 15:30:04,378 - UnicodeAnalyzer - INFO - -> Analizzando versione 0.17.4 (50/454)...
2025-11-15 15:30:04,378 - UnicodeAnalyzer - INFO - Filtrati 2 file (es. in /dist, /test).
2025-11-15 15:30:04,435 - UnicodeAnalyzer - INFO - -> Analizzando versione 0.17.5 (51/454)...
2025-11-15 15:30:04,435 - UnicodeAnalyzer - INFO - Filtrati 2 file (es. in /dist, /test).
2025-11-15 15:30:04,492 - UnicodeAnalyzer - INFO - -> Analizzando versione 0.18.0 (52/454)...
2025-11-15 15:30:04,492 - UnicodeAnalyzer - INFO - Filtrati 2 file (es. in /dist, /test).
2025-11-15 15:30:04,549 - UnicodeAnalyzer - INFO - -> Analizzando versione 0.18.1 (53/454)...
2025-11-15 15:30:04,549 - UnicodeAnalyzer - INFO - Filtrati 2 file (es. in /dist, /test).
2025-11-15 15:30:04,604 - UnicodeAnalyzer - INFO - -> Analizzando versione 0.18.2 (54/454)...
2025-11-15 15:30:04,604 - UnicodeAnalyzer - INFO - Filtrati 2 file (es. in /dist, /test).
2025-11-15 15:30:04,660 - UnicodeAnalyzer - INFO - -> Analizzando versione 0.19.0 (55/454)...
2025-11-15 15:30:04,660 - UnicodeAnalyzer - INFO - Filtrati 2 file (es. in /dist, /test).
2025-11-15 15:30:04,716 - UnicodeAnalyzer - INFO - -> Analizzando versione 0.2.0 (56/454)...
2025-11-15 15:30:04,716 - UnicodeAnalyzer - INFO - Filtrati 1 file (es. in /dist, /test).
2025-11-15 15:30:04,770 - UnicodeAnalyzer - INFO - -> Analizzando versione 0.2.1 (57/454)...
2025-11-15 15:30:04,771 - UnicodeAnalyzer - INFO - Filtrati 1 file (es. in /dist, /test).
2025-11-15 15:30:04,824 - UnicodeAnalyzer - INFO - -> Analizzando versione 0.2.2 (58/454)...
2025-11-15 15:30:04,825 - UnicodeAnalyzer - INFO - Filtrati 1 file (es. in /dist, /test).
2025-11-15 15:30:04,879 - UnicodeAnalyzer - INFO - -> Analizzando versione 0.20.0 (59/454)...
2025-11-15 15:30:04,879 - UnicodeAnalyzer - INFO - Filtrati 2 file (es. in /dist, /test).
2025-11-15 15:30:04,934 - UnicodeAnalyzer - INFO - -> Analizzando versione 0.20.1 (60/454)...
2025-11-15 15:30:04,935 - UnicodeAnalyzer - INFO - Filtrati 2 file (es. in /dist, /test).
2025-11-15 15:30:04,991 - UnicodeAnalyzer - INFO - -> Analizzando versione 0.21.0 (61/454)...
2025-11-15 15:30:04,992 - UnicodeAnalyzer - INFO - Filtrati 2 file (es. in /dist, /test).
2025-11-15 15:30:05,047 - UnicodeAnalyzer - INFO - -> Analizzando versione 0.22.0 (62/454)...
2025-11-15 15:30:05,048 - UnicodeAnalyzer - INFO - Filtrati 2 file (es. in /dist, /test).
2025-11-15 15:30:05,103 - UnicodeAnalyzer - INFO - -> Analizzando versione 0.22.1 (63/454)...
2025-11-15 15:30:05,104 - UnicodeAnalyzer - INFO - Filtrati 2 file (es. in /dist, /test).
2025-11-15 15:30:05,164 - UnicodeAnalyzer - INFO - -> Analizzando versione 0.23.0 (64/454)...
2025-11-15 15:30:05,164 - UnicodeAnalyzer - INFO - Filtrati 2 file (es. in /dist, /test).
2025-11-15 15:30:05,219 - UnicodeAnalyzer - INFO - -> Analizzando versione 0.24.0 (65/454)...
2025-11-15 15:30:05,220 - UnicodeAnalyzer - INFO - Filtrati 2 file (es. in /dist, /test).
2025-11-15 15:30:05,276 - UnicodeAnalyzer - INFO - -> Analizzando versione 0.24.1 (66/454)...
2025-11-15 15:30:05,276 - UnicodeAnalyzer - INFO - Filtrati 2 file (es. in /dist, /test).
2025-11-15 15:30:05,332 - UnicodeAnalyzer - INFO - -> Analizzando versione 0.24.2 (67/454)...
2025-11-15 15:30:05,333 - UnicodeAnalyzer - INFO - Filtrati 2 file (es. in /dist, /test).
2025-11-15 15:30:05,388 - UnicodeAnalyzer - INFO - -> Analizzando versione 0.25.0 (68/454)...
2025-11-15 15:30:05,388 - UnicodeAnalyzer - INFO - Filtrati 2 file (es. in /dist, /test).
2025-11-15 15:30:05,444 - UnicodeAnalyzer - INFO - -> Analizzando versione 0.26.0 (69/454)...
2025-11-15 15:30:05,444 - UnicodeAnalyzer - INFO - Filtrati 2 file (es. in /dist, /test).
2025-11-15 15:30:05,500 - UnicodeAnalyzer - INFO - -> Analizzando versione 0.27.0 (70/454)...
2025-11-15 15:30:05,501 - UnicodeAnalyzer - INFO - Filtrati 2 file (es. in /dist, /test).
2025-11-15 15:30:05,556 - UnicodeAnalyzer - INFO - -> Analizzando versione 0.27.1 (71/454)...
2025-11-15 15:30:05,556 - UnicodeAnalyzer - INFO - Filtrati 2 file (es. in /dist, /test).
2025-11-15 15:30:05,611 - UnicodeAnalyzer - INFO - -> Analizzando versione 0.27.2 (72/454)...
2025-11-15 15:30:05,612 - UnicodeAnalyzer - INFO - Filtrati 2 file (es. in /dist, /test).
2025-11-15 15:30:05,668 - UnicodeAnalyzer - INFO - -> Analizzando versione 0.27.3 (73/454)...
2025-11-15 15:30:05,668 - UnicodeAnalyzer - INFO - Filtrati 2 file (es. in /dist, /test).
2025-11-15 15:30:05,723 - UnicodeAnalyzer - INFO - -> Analizzando versione 0.28.0 (74/454)...
2025-11-15 15:30:05,724 - UnicodeAnalyzer - INFO - Filtrati 2 file (es. in /dist, /test).
2025-11-15 15:30:05,779 - UnicodeAnalyzer - INFO - -> Analizzando versione 0.28.1 (75/454)...
2025-11-15 15:30:05,780 - UnicodeAnalyzer - INFO - Filtrati 2 file (es. in /dist, /test).
2025-11-15 15:30:05,835 - UnicodeAnalyzer - INFO - -> Analizzando versione 0.28.2 (76/454)...
2025-11-15 15:30:05,836 - UnicodeAnalyzer - INFO - Filtrati 2 file (es. in /dist, /test).
2025-11-15 15:30:05,890 - UnicodeAnalyzer - INFO - -> Analizzando versione 0.28.3 (77/454)...
2025-11-15 15:30:05,891 - UnicodeAnalyzer - INFO - Filtrati 2 file (es. in /dist, /test).
2025-11-15 15:30:05,945 - UnicodeAnalyzer - INFO - -> Analizzando versione 0.29.0 (78/454)...
2025-11-15 15:30:05,946 - UnicodeAnalyzer - INFO - Filtrati 2 file (es. in /dist, /test).
2025-11-15 15:30:06,002 - UnicodeAnalyzer - INFO - -> Analizzando versione 0.29.1 (79/454)...
2025-11-15 15:30:06,003 - UnicodeAnalyzer - INFO - Filtrati 3 file (es. in /dist, /test).
2025-11-15 15:30:06,062 - UnicodeAnalyzer - INFO - -> Analizzando versione 0.29.2 (80/454)...
2025-11-15 15:30:06,062 - UnicodeAnalyzer - INFO - Filtrati 3 file (es. in /dist, /test).
2025-11-15 15:30:06,120 - UnicodeAnalyzer - INFO - -> Analizzando versione 0.3.0 (81/454)...
2025-11-15 15:30:06,121 - UnicodeAnalyzer - INFO - Filtrati 1 file (es. in /dist, /test).
2025-11-15 15:30:06,178 - UnicodeAnalyzer - INFO - -> Analizzando versione 0.3.1 (82/454)...
2025-11-15 15:30:06,178 - UnicodeAnalyzer - INFO - Filtrati 1 file (es. in /dist, /test).
2025-11-15 15:30:06,233 - UnicodeAnalyzer - INFO - -> Analizzando versione 0.30.0 (83/454)...
2025-11-15 15:30:06,234 - UnicodeAnalyzer - INFO - Filtrati 3 file (es. in /dist, /test).
2025-11-15 15:30:06,289 - UnicodeAnalyzer - INFO - -> Analizzando versione 0.30.1 (84/454)...
2025-11-15 15:30:06,290 - UnicodeAnalyzer - INFO - Filtrati 3 file (es. in /dist, /test).
2025-11-15 15:30:06,346 - UnicodeAnalyzer - INFO - -> Analizzando versione 0.31.0 (85/454)...
2025-11-15 15:30:06,347 - UnicodeAnalyzer - INFO - Filtrati 3 file (es. in /dist, /test).
2025-11-15 15:30:06,402 - UnicodeAnalyzer - INFO - -> Analizzando versione 0.31.1 (86/454)...
2025-11-15 15:30:06,403 - UnicodeAnalyzer - INFO - Filtrati 3 file (es. in /dist, /test).
2025-11-15 15:30:06,459 - UnicodeAnalyzer - INFO - -> Analizzando versione 0.31.2 (87/454)...
2025-11-15 15:30:06,460 - UnicodeAnalyzer - INFO - Filtrati 3 file (es. in /dist, /test).
2025-11-15 15:30:06,516 - UnicodeAnalyzer - INFO - -> Analizzando versione 0.31.3 (88/454)...
2025-11-15 15:30:06,517 - UnicodeAnalyzer - INFO - Filtrati 3 file (es. in /dist, /test).
2025-11-15 15:30:06,573 - UnicodeAnalyzer - INFO - -> Analizzando versione 0.32.0 (89/454)...
2025-11-15 15:30:06,573 - UnicodeAnalyzer - INFO - Filtrati 3 file (es. in /dist, /test).
2025-11-15 15:30:06,628 - UnicodeAnalyzer - INFO - -> Analizzando versione 0.32.1 (90/454)...
2025-11-15 15:30:06,629 - UnicodeAnalyzer - INFO - Filtrati 3 file (es. in /dist, /test).
2025-11-15 15:30:06,685 - UnicodeAnalyzer - INFO - -> Analizzando versione 0.32.2 (91/454)...
2025-11-15 15:30:06,685 - UnicodeAnalyzer - INFO - Filtrati 3 file (es. in /dist, /test).
2025-11-15 15:30:06,741 - UnicodeAnalyzer - INFO - -> Analizzando versione 0.32.3 (92/454)...
2025-11-15 15:30:06,742 - UnicodeAnalyzer - INFO - Filtrati 3 file (es. in /dist, /test).
2025-11-15 15:30:06,802 - UnicodeAnalyzer - INFO - -> Analizzando versione 0.33.0 (93/454)...
2025-11-15 15:30:06,803 - UnicodeAnalyzer - INFO - Filtrati 3 file (es. in /dist, /test).
2025-11-15 15:30:06,858 - UnicodeAnalyzer - INFO - -> Analizzando versione 0.34.0 (94/454)...
2025-11-15 15:30:06,859 - UnicodeAnalyzer - INFO - Filtrati 3 file (es. in /dist, /test).
2025-11-15 15:30:06,914 - UnicodeAnalyzer - INFO - -> Analizzando versione 0.34.1 (95/454)...
2025-11-15 15:30:06,914 - UnicodeAnalyzer - INFO - Filtrati 3 file (es. in /dist, /test).
2025-11-15 15:30:06,970 - UnicodeAnalyzer - INFO - -> Analizzando versione 0.35.0 (96/454)...
2025-11-15 15:30:06,971 - UnicodeAnalyzer - INFO - Filtrati 3 file (es. in /dist, /test).
2025-11-15 15:30:07,026 - UnicodeAnalyzer - INFO - -> Analizzando versione 0.36.0 (97/454)...
2025-11-15 15:30:07,027 - UnicodeAnalyzer - INFO - Filtrati 3 file (es. in /dist, /test).
2025-11-15 15:30:07,083 - UnicodeAnalyzer - INFO - -> Analizzando versione 0.36.1 (98/454)...
2025-11-15 15:30:07,084 - UnicodeAnalyzer - INFO - Filtrati 3 file (es. in /dist, /test).
2025-11-15 15:30:07,140 - UnicodeAnalyzer - INFO - -> Analizzando versione 0.36.2 (99/454)...
2025-11-15 15:30:07,141 - UnicodeAnalyzer - INFO - Filtrati 3 file (es. in /dist, /test).
2025-11-15 15:30:07,196 - UnicodeAnalyzer - INFO - -> Analizzando versione 0.37.0 (100/454)...
2025-11-15 15:30:07,197 - UnicodeAnalyzer - INFO - Filtrati 3 file (es. in /dist, /test).
2025-11-15 15:30:07,253 - UnicodeAnalyzer - INFO - -> Analizzando versione 0.38.0 (101/454)...
2025-11-15 15:30:07,254 - UnicodeAnalyzer - INFO - Filtrati 3 file (es. in /dist, /test).
2025-11-15 15:30:07,311 - UnicodeAnalyzer - INFO - -> Analizzando versione 0.39.0 (102/454)...
2025-11-15 15:30:07,311 - UnicodeAnalyzer - INFO - Filtrati 3 file (es. in /dist, /test).
2025-11-15 15:30:07,367 - UnicodeAnalyzer - INFO - -> Analizzando versione 0.4.0 (103/454)...
2025-11-15 15:30:07,368 - UnicodeAnalyzer - INFO - Filtrati 1 file (es. in /dist, /test).
2025-11-15 15:30:07,421 - UnicodeAnalyzer - INFO - -> Analizzando versione 0.40.0 (104/454)...
2025-11-15 15:30:07,422 - UnicodeAnalyzer - INFO - Filtrati 3 file (es. in /dist, /test).
2025-11-15 15:30:07,478 - UnicodeAnalyzer - INFO - -> Analizzando versione 0.41.0 (105/454)...
2025-11-15 15:30:07,478 - UnicodeAnalyzer - INFO - Filtrati 3 file (es. in /dist, /test).
2025-11-15 15:30:07,534 - UnicodeAnalyzer - INFO - -> Analizzando versione 0.42.0 (106/454)...
2025-11-15 15:30:07,534 - UnicodeAnalyzer - INFO - Filtrati 3 file (es. in /dist, /test).
2025-11-15 15:30:07,590 - UnicodeAnalyzer - INFO - -> Analizzando versione 0.42.1 (107/454)...
2025-11-15 15:30:07,591 - UnicodeAnalyzer - INFO - Filtrati 3 file (es. in /dist, /test).
2025-11-15 15:30:07,648 - UnicodeAnalyzer - INFO - -> Analizzando versione 0.42.2 (108/454)...
2025-11-15 15:30:07,649 - UnicodeAnalyzer - INFO - Filtrati 3 file (es. in /dist, /test).
2025-11-15 15:30:07,705 - UnicodeAnalyzer - INFO - -> Analizzando versione 0.42.3 (109/454)...
2025-11-15 15:30:07,706 - UnicodeAnalyzer - INFO - Filtrati 3 file (es. in /dist, /test).
2025-11-15 15:30:07,764 - UnicodeAnalyzer - INFO - -> Analizzando versione 0.43.0 (110/454)...
2025-11-15 15:30:07,765 - UnicodeAnalyzer - INFO - Filtrati 3 file (es. in /dist, /test).
2025-11-15 15:30:07,824 - UnicodeAnalyzer - INFO - -> Analizzando versione 0.43.1 (111/454)...
2025-11-15 15:30:07,824 - UnicodeAnalyzer - INFO - Filtrati 3 file (es. in /dist, /test).
2025-11-15 15:30:07,880 - UnicodeAnalyzer - INFO - -> Analizzando versione 0.44.0 (112/454)...
2025-11-15 15:30:07,881 - UnicodeAnalyzer - INFO - Filtrati 3 file (es. in /dist, /test).
2025-11-15 15:30:07,936 - UnicodeAnalyzer - INFO - -> Analizzando versione 0.44.1 (113/454)...
2025-11-15 15:30:07,937 - UnicodeAnalyzer - INFO - Filtrati 3 file (es. in /dist, /test).
2025-11-15 15:30:07,993 - UnicodeAnalyzer - INFO - -> Analizzando versione 0.44.2 (114/454)...
2025-11-15 15:30:07,993 - UnicodeAnalyzer - INFO - Filtrati 3 file (es. in /dist, /test).
2025-11-15 15:30:08,050 - UnicodeAnalyzer - INFO - -> Analizzando versione 0.44.3 (115/454)...
2025-11-15 15:30:08,051 - UnicodeAnalyzer - INFO - Filtrati 3 file (es. in /dist, /test).
2025-11-15 15:30:08,108 - UnicodeAnalyzer - INFO - -> Analizzando versione 0.45.0 (116/454)...
2025-11-15 15:30:08,108 - UnicodeAnalyzer - INFO - Filtrati 3 file (es. in /dist, /test).
2025-11-15 15:30:08,165 - UnicodeAnalyzer - INFO - -> Analizzando versione 0.46.0 (117/454)...
2025-11-15 15:30:08,165 - UnicodeAnalyzer - INFO - Filtrati 3 file (es. in /dist, /test).
2025-11-15 15:30:08,221 - UnicodeAnalyzer - INFO - -> Analizzando versione 0.46.1 (118/454)...
2025-11-15 15:30:08,221 - UnicodeAnalyzer - INFO - Filtrati 4 file (es. in /dist, /test).
2025-11-15 15:30:08,278 - UnicodeAnalyzer - INFO - -> Analizzando versione 0.47.0 (119/454)...
2025-11-15 15:30:08,279 - UnicodeAnalyzer - INFO - Filtrati 4 file (es. in /dist, /test).
2025-11-15 15:30:08,335 - UnicodeAnalyzer - INFO - -> Analizzando versione 0.48.0 (120/454)...
2025-11-15 15:30:08,336 - UnicodeAnalyzer - INFO - Filtrati 4 file (es. in /dist, /test).
2025-11-15 15:30:08,392 - UnicodeAnalyzer - INFO - -> Analizzando versione 0.48.1 (121/454)...
2025-11-15 15:30:08,393 - UnicodeAnalyzer - INFO - Filtrati 5 file (es. in /dist, /test).
2025-11-15 15:30:08,449 - UnicodeAnalyzer - INFO - -> Analizzando versione 0.48.2 (122/454)...
2025-11-15 15:30:08,450 - UnicodeAnalyzer - INFO - Filtrati 5 file (es. in /dist, /test).
2025-11-15 15:30:08,507 - UnicodeAnalyzer - INFO - -> Analizzando versione 0.49.0 (123/454)...
2025-11-15 15:30:08,508 - UnicodeAnalyzer - INFO - Filtrati 5 file (es. in /dist, /test).
2025-11-15 15:30:08,564 - UnicodeAnalyzer - INFO - -> Analizzando versione 0.5.0 (124/454)...
2025-11-15 15:30:08,565 - UnicodeAnalyzer - INFO - Filtrati 2 file (es. in /dist, /test).
2025-11-15 15:30:08,620 - UnicodeAnalyzer - INFO - -> Analizzando versione 0.5.1 (125/454)...
2025-11-15 15:30:08,621 - UnicodeAnalyzer - INFO - Filtrati 2 file (es. in /dist, /test).
2025-11-15 15:30:08,675 - UnicodeAnalyzer - INFO - -> Analizzando versione 0.5.2 (126/454)...
2025-11-15 15:30:08,676 - UnicodeAnalyzer - INFO - Filtrati 2 file (es. in /dist, /test).
2025-11-15 15:30:08,731 - UnicodeAnalyzer - INFO - -> Analizzando versione 0.5.3 (127/454)...
2025-11-15 15:30:08,731 - UnicodeAnalyzer - INFO - Filtrati 2 file (es. in /dist, /test).
2025-11-15 15:30:08,785 - UnicodeAnalyzer - INFO - -> Analizzando versione 0.5.4 (128/454)...
2025-11-15 15:30:08,785 - UnicodeAnalyzer - INFO - Filtrati 2 file (es. in /dist, /test).
2025-11-15 15:30:08,839 - UnicodeAnalyzer - INFO - -> Analizzando versione 0.5.5 (129/454)...
2025-11-15 15:30:08,840 - UnicodeAnalyzer - INFO - Filtrati 2 file (es. in /dist, /test).
2025-11-15 15:30:08,893 - UnicodeAnalyzer - INFO - -> Analizzando versione 0.5.6 (130/454)...
2025-11-15 15:30:08,893 - UnicodeAnalyzer - INFO - Filtrati 2 file (es. in /dist, /test).
2025-11-15 15:30:08,947 - UnicodeAnalyzer - INFO - -> Analizzando versione 0.5.7 (131/454)...
2025-11-15 15:30:08,948 - UnicodeAnalyzer - INFO - Filtrati 2 file (es. in /dist, /test).
2025-11-15 15:30:09,001 - UnicodeAnalyzer - INFO - -> Analizzando versione 0.50.0 (132/454)...
2025-11-15 15:30:09,002 - UnicodeAnalyzer - INFO - Filtrati 5 file (es. in /dist, /test).
2025-11-15 15:30:09,057 - UnicodeAnalyzer - INFO - -> Analizzando versione 0.51.0 (133/454)...
2025-11-15 15:30:09,058 - UnicodeAnalyzer - INFO - Filtrati 5 file (es. in /dist, /test).
2025-11-15 15:30:09,113 - UnicodeAnalyzer - INFO - -> Analizzando versione 0.52.0 (134/454)...
2025-11-15 15:30:09,114 - UnicodeAnalyzer - INFO - Filtrati 5 file (es. in /dist, /test).
2025-11-15 15:30:09,169 - UnicodeAnalyzer - INFO - -> Analizzando versione 0.52.1 (135/454)...
2025-11-15 15:30:09,170 - UnicodeAnalyzer - INFO - Filtrati 5 file (es. in /dist, /test).
2025-11-15 15:30:09,226 - UnicodeAnalyzer - INFO - -> Analizzando versione 0.52.2 (136/454)...
2025-11-15 15:30:09,227 - UnicodeAnalyzer - INFO - Filtrati 5 file (es. in /dist, /test).
2025-11-15 15:30:09,282 - UnicodeAnalyzer - INFO - -> Analizzando versione 0.52.3 (137/454)...
2025-11-15 15:30:09,283 - UnicodeAnalyzer - INFO - Filtrati 6 file (es. in /dist, /test).
2025-11-15 15:30:09,340 - UnicodeAnalyzer - INFO - -> Analizzando versione 0.52.4 (138/454)...
2025-11-15 15:30:09,341 - UnicodeAnalyzer - INFO - Filtrati 6 file (es. in /dist, /test).
2025-11-15 15:30:09,396 - UnicodeAnalyzer - INFO - -> Analizzando versione 0.53.0 (139/454)...
2025-11-15 15:30:09,397 - UnicodeAnalyzer - INFO - Filtrati 6 file (es. in /dist, /test).
2025-11-15 15:30:09,455 - UnicodeAnalyzer - INFO - -> Analizzando versione 0.54.0 (140/454)...
2025-11-15 15:30:09,456 - UnicodeAnalyzer - INFO - Filtrati 7 file (es. in /dist, /test).
2025-11-15 15:30:09,513 - UnicodeAnalyzer - INFO - -> Analizzando versione 0.55.0 (141/454)...
2025-11-15 15:30:09,514 - UnicodeAnalyzer - INFO - Filtrati 7 file (es. in /dist, /test).
2025-11-15 15:30:09,570 - UnicodeAnalyzer - INFO - -> Analizzando versione 0.56.0 (142/454)...
2025-11-15 15:30:09,570 - UnicodeAnalyzer - INFO - Filtrati 7 file (es. in /dist, /test).
2025-11-15 15:30:09,626 - UnicodeAnalyzer - INFO - -> Analizzando versione 0.57.0 (143/454)...
2025-11-15 15:30:09,627 - UnicodeAnalyzer - INFO - Filtrati 7 file (es. in /dist, /test).
2025-11-15 15:30:09,684 - UnicodeAnalyzer - INFO - -> Analizzando versione 0.58.0 (144/454)...
2025-11-15 15:30:09,685 - UnicodeAnalyzer - INFO - Filtrati 8 file (es. in /dist, /test).
2025-11-15 15:30:09,741 - UnicodeAnalyzer - INFO - -> Analizzando versione 0.59.0 (145/454)...
2025-11-15 15:30:09,742 - UnicodeAnalyzer - INFO - Filtrati 8 file (es. in /dist, /test).
2025-11-15 15:30:09,798 - UnicodeAnalyzer - INFO - -> Analizzando versione 0.59.1 (146/454)...
2025-11-15 15:30:09,799 - UnicodeAnalyzer - INFO - Filtrati 9 file (es. in /dist, /test).
2025-11-15 15:30:09,856 - UnicodeAnalyzer - INFO - -> Analizzando versione 0.6.0 (147/454)...
2025-11-15 15:30:09,856 - UnicodeAnalyzer - INFO - Filtrati 2 file (es. in /dist, /test).
2025-11-15 15:30:09,911 - UnicodeAnalyzer - INFO - -> Analizzando versione 0.6.1 (148/454)...
2025-11-15 15:30:09,911 - UnicodeAnalyzer - INFO - Filtrati 2 file (es. in /dist, /test).
2025-11-15 15:30:09,965 - UnicodeAnalyzer - INFO - -> Analizzando versione 0.6.2 (149/454)...
2025-11-15 15:30:09,966 - UnicodeAnalyzer - INFO - Filtrati 2 file (es. in /dist, /test).
2025-11-15 15:30:10,020 - UnicodeAnalyzer - INFO - -> Analizzando versione 0.6.3 (150/454)...
2025-11-15 15:30:10,020 - UnicodeAnalyzer - INFO - Filtrati 2 file (es. in /dist, /test).
2025-11-15 15:30:10,075 - UnicodeAnalyzer - INFO - -> Analizzando versione 0.7.0 (151/454)...
2025-11-15 15:30:10,076 - UnicodeAnalyzer - INFO - Filtrati 2 file (es. in /dist, /test).
2025-11-15 15:30:10,132 - UnicodeAnalyzer - INFO - -> Analizzando versione 0.7.1 (152/454)...
2025-11-15 15:30:10,132 - UnicodeAnalyzer - INFO - Filtrati 2 file (es. in /dist, /test).
2025-11-15 15:30:10,186 - UnicodeAnalyzer - INFO - -> Analizzando versione 0.7.2 (153/454)...
2025-11-15 15:30:10,187 - UnicodeAnalyzer - INFO - Filtrati 2 file (es. in /dist, /test).
2025-11-15 15:30:10,242 - UnicodeAnalyzer - INFO - -> Analizzando versione 0.7.3 (154/454)...
2025-11-15 15:30:10,243 - UnicodeAnalyzer - INFO - Filtrati 2 file (es. in /dist, /test).
2025-11-15 15:30:10,297 - UnicodeAnalyzer - INFO - -> Analizzando versione 0.8.0 (155/454)...
2025-11-15 15:30:10,297 - UnicodeAnalyzer - INFO - Filtrati 2 file (es. in /dist, /test).
2025-11-15 15:30:10,353 - UnicodeAnalyzer - INFO - -> Analizzando versione 0.8.2 (156/454)...
2025-11-15 15:30:10,353 - UnicodeAnalyzer - INFO - Filtrati 2 file (es. in /dist, /test).
2025-11-15 15:30:10,408 - UnicodeAnalyzer - INFO - -> Analizzando versione 0.8.3 (157/454)...
2025-11-15 15:30:10,408 - UnicodeAnalyzer - INFO - Filtrati 2 file (es. in /dist, /test).
2025-11-15 15:30:10,463 - UnicodeAnalyzer - INFO - -> Analizzando versione 0.8.4 (158/454)...
2025-11-15 15:30:10,464 - UnicodeAnalyzer - INFO - Filtrati 2 file (es. in /dist, /test).
2025-11-15 15:30:10,518 - UnicodeAnalyzer - INFO - -> Analizzando versione 0.9.1 (159/454)...
2025-11-15 15:30:10,519 - UnicodeAnalyzer - INFO - Filtrati 2 file (es. in /dist, /test).
2025-11-15 15:30:10,577 - UnicodeAnalyzer - INFO - -> Analizzando versione 0.9.2 (160/454)...
2025-11-15 15:30:10,578 - UnicodeAnalyzer - INFO - Filtrati 2 file (es. in /dist, /test).
2025-11-15 15:30:10,631 - UnicodeAnalyzer - INFO - -> Analizzando versione 0.9.3 (161/454)...
2025-11-15 15:30:10,632 - UnicodeAnalyzer - INFO - Filtrati 2 file (es. in /dist, /test).
2025-11-15 15:30:10,688 - UnicodeAnalyzer - INFO - -> Analizzando versione 1.0.0 (162/454)...
2025-11-15 15:30:10,689 - UnicodeAnalyzer - INFO - Filtrati 11 file (es. in /dist, /test).
2025-11-15 15:30:10,744 - UnicodeAnalyzer - INFO - -> Analizzando versione 1.1.0 (163/454)...
2025-11-15 15:30:10,745 - UnicodeAnalyzer - INFO - Filtrati 11 file (es. in /dist, /test).
2025-11-15 15:30:10,801 - UnicodeAnalyzer - INFO - -> Analizzando versione 1.2.0 (164/454)...
2025-11-15 15:30:10,802 - UnicodeAnalyzer - INFO - Filtrati 11 file (es. in /dist, /test).
2025-11-15 15:30:10,858 - UnicodeAnalyzer - INFO - -> Analizzando versione 1.2.1 (165/454)...
2025-11-15 15:30:10,859 - UnicodeAnalyzer - INFO - Filtrati 12 file (es. in /dist, /test).
2025-11-15 15:30:10,919 - UnicodeAnalyzer - INFO - -> Analizzando versione 1.3.0 (166/454)...
2025-11-15 15:30:10,920 - UnicodeAnalyzer - INFO - Filtrati 13 file (es. in /dist, /test).
2025-11-15 15:30:10,981 - UnicodeAnalyzer - INFO - -> Analizzando versione 1.4.0 (167/454)...
2025-11-15 15:30:10,982 - UnicodeAnalyzer - INFO - Filtrati 13 file (es. in /dist, /test).
2025-11-15 15:30:11,044 - UnicodeAnalyzer - INFO - -> Analizzando versione 1.5.0 (168/454)...
2025-11-15 15:30:11,045 - UnicodeAnalyzer - INFO - Filtrati 14 file (es. in /dist, /test).
2025-11-15 15:30:11,102 - UnicodeAnalyzer - INFO - -> Analizzando versione 1.6.0 (169/454)...
2025-11-15 15:30:11,103 - UnicodeAnalyzer - INFO - Filtrati 14 file (es. in /dist, /test).
2025-11-15 15:30:11,160 - UnicodeAnalyzer - INFO - -> Analizzando versione 1.6.1 (170/454)...
2025-11-15 15:30:11,161 - UnicodeAnalyzer - INFO - Filtrati 15 file (es. in /dist, /test).
2025-11-15 15:30:11,218 - UnicodeAnalyzer - INFO - -> Analizzando versione 1.7.0 (171/454)...
2025-11-15 15:30:11,219 - UnicodeAnalyzer - INFO - Filtrati 15 file (es. in /dist, /test).
2025-11-15 15:30:11,277 - UnicodeAnalyzer - INFO - -> Analizzando versione 1.7.1 (172/454)...
2025-11-15 15:30:11,279 - UnicodeAnalyzer - INFO - Filtrati 15 file (es. in /dist, /test).
2025-11-15 15:30:11,336 - UnicodeAnalyzer - INFO - -> Analizzando versione 1.8.0 (173/454)...
2025-11-15 15:30:11,337 - UnicodeAnalyzer - INFO - Filtrati 15 file (es. in /dist, /test).
2025-11-15 15:30:11,395 - UnicodeAnalyzer - INFO - -> Analizzando versione 1.9.0 (174/454)...
2025-11-15 15:30:11,396 - UnicodeAnalyzer - INFO - Filtrati 15 file (es. in /dist, /test).
2025-11-15 15:30:11,454 - UnicodeAnalyzer - INFO - -> Analizzando versione 10.0.0 (175/454)...
2025-11-15 15:30:11,455 - UnicodeAnalyzer - INFO - Filtrati 9 file (es. in /dist, /test).
2025-11-15 15:30:11,512 - UnicodeAnalyzer - INFO - -> Analizzando versione 10.0.1 (176/454)...
2025-11-15 15:30:11,513 - UnicodeAnalyzer - INFO - Filtrati 9 file (es. in /dist, /test).
2025-11-15 15:30:11,569 - UnicodeAnalyzer - INFO - -> Analizzando versione 10.0.2 (177/454)...
2025-11-15 15:30:11,570 - UnicodeAnalyzer - INFO - Filtrati 9 file (es. in /dist, /test).
2025-11-15 15:30:11,628 - UnicodeAnalyzer - INFO - -> Analizzando versione 10.0.3 (178/454)...
2025-11-15 15:30:11,629 - UnicodeAnalyzer - INFO - Filtrati 9 file (es. in /dist, /test).
2025-11-15 15:30:11,685 - UnicodeAnalyzer - INFO - -> Analizzando versione 10.0.4 (179/454)...
2025-11-15 15:30:11,686 - UnicodeAnalyzer - INFO - Filtrati 9 file (es. in /dist, /test).
2025-11-15 15:30:11,743 - UnicodeAnalyzer - INFO - -> Analizzando versione 10.0.5 (180/454)...
2025-11-15 15:30:11,744 - UnicodeAnalyzer - INFO - Filtrati 9 file (es. in /dist, /test).
2025-11-15 15:30:11,801 - UnicodeAnalyzer - INFO - -> Analizzando versione 10.0.6 (181/454)...
2025-11-15 15:30:11,802 - UnicodeAnalyzer - INFO - Filtrati 9 file (es. in /dist, /test).
2025-11-15 15:30:11,860 - UnicodeAnalyzer - INFO - -> Analizzando versione 11.0.0 (182/454)...
2025-11-15 15:30:11,861 - UnicodeAnalyzer - INFO - Filtrati 9 file (es. in /dist, /test).
2025-11-15 15:30:11,917 - UnicodeAnalyzer - INFO - -> Analizzando versione 11.0.0-beta.1 (183/454)...
2025-11-15 15:30:11,918 - UnicodeAnalyzer - INFO - Filtrati 9 file (es. in /dist, /test).
2025-11-15 15:30:11,979 - UnicodeAnalyzer - INFO - -> Analizzando versione 11.0.0-beta.10 (184/454)...
2025-11-15 15:30:11,980 - UnicodeAnalyzer - INFO - Filtrati 9 file (es. in /dist, /test).
2025-11-15 15:30:12,038 - UnicodeAnalyzer - INFO - -> Analizzando versione 11.0.0-beta.11 (185/454)...
2025-11-15 15:30:12,039 - UnicodeAnalyzer - INFO - Filtrati 9 file (es. in /dist, /test).
2025-11-15 15:30:12,096 - UnicodeAnalyzer - INFO - -> Analizzando versione 11.0.0-beta.12 (186/454)...
2025-11-15 15:30:12,097 - UnicodeAnalyzer - INFO - Filtrati 9 file (es. in /dist, /test).
2025-11-15 15:30:12,156 - UnicodeAnalyzer - INFO - -> Analizzando versione 11.0.0-beta.13 (187/454)...
2025-11-15 15:30:12,157 - UnicodeAnalyzer - INFO - Filtrati 9 file (es. in /dist, /test).
2025-11-15 15:30:12,214 - UnicodeAnalyzer - INFO - -> Analizzando versione 11.0.0-beta.14 (188/454)...
2025-11-15 15:30:12,215 - UnicodeAnalyzer - INFO - Filtrati 9 file (es. in /dist, /test).
2025-11-15 15:30:12,272 - UnicodeAnalyzer - INFO - -> Analizzando versione 11.0.0-beta.15 (189/454)...
2025-11-15 15:30:12,273 - UnicodeAnalyzer - INFO - Filtrati 9 file (es. in /dist, /test).
2025-11-15 15:30:12,330 - UnicodeAnalyzer - INFO - -> Analizzando versione 11.0.0-beta.16 (190/454)...
2025-11-15 15:30:12,331 - UnicodeAnalyzer - INFO - Filtrati 9 file (es. in /dist, /test).
2025-11-15 15:30:12,388 - UnicodeAnalyzer - INFO - -> Analizzando versione 11.0.0-beta.17 (191/454)...
2025-11-15 15:30:12,389 - UnicodeAnalyzer - INFO - Filtrati 9 file (es. in /dist, /test).
2025-11-15 15:30:12,449 - UnicodeAnalyzer - INFO - -> Analizzando versione 11.0.0-beta.18 (192/454)...
2025-11-15 15:30:12,450 - UnicodeAnalyzer - INFO - Filtrati 9 file (es. in /dist, /test).
2025-11-15 15:30:12,506 - UnicodeAnalyzer - INFO - -> Analizzando versione 11.0.0-beta.19 (193/454)...
2025-11-15 15:30:12,507 - UnicodeAnalyzer - INFO - Filtrati 9 file (es. in /dist, /test).
2025-11-15 15:30:12,565 - UnicodeAnalyzer - INFO - -> Analizzando versione 11.0.0-beta.2 (194/454)...
2025-11-15 15:30:12,566 - UnicodeAnalyzer - INFO - Filtrati 9 file (es. in /dist, /test).
2025-11-15 15:30:12,626 - UnicodeAnalyzer - INFO - -> Analizzando versione 11.0.0-beta.20 (195/454)...
2025-11-15 15:30:12,627 - UnicodeAnalyzer - INFO - Filtrati 9 file (es. in /dist, /test).
2025-11-15 15:30:12,684 - UnicodeAnalyzer - INFO - -> Analizzando versione 11.0.0-beta.21 (196/454)...
2025-11-15 15:30:12,685 - UnicodeAnalyzer - INFO - Filtrati 9 file (es. in /dist, /test).
2025-11-15 15:30:12,744 - UnicodeAnalyzer - INFO - -> Analizzando versione 11.0.0-beta.22 (197/454)...
2025-11-15 15:30:12,745 - UnicodeAnalyzer - INFO - Filtrati 9 file (es. in /dist, /test).
2025-11-15 15:30:12,803 - UnicodeAnalyzer - INFO - -> Analizzando versione 11.0.0-beta.23 (198/454)...
2025-11-15 15:30:12,804 - UnicodeAnalyzer - INFO - Filtrati 9 file (es. in /dist, /test).
2025-11-15 15:30:12,862 - UnicodeAnalyzer - INFO - -> Analizzando versione 11.0.0-beta.24 (199/454)...
2025-11-15 15:30:12,863 - UnicodeAnalyzer - INFO - Filtrati 9 file (es. in /dist, /test).
2025-11-15 15:30:12,925 - UnicodeAnalyzer - INFO - -> Analizzando versione 11.0.0-beta.25 (200/454)...
2025-11-15 15:30:12,926 - UnicodeAnalyzer - INFO - Filtrati 9 file (es. in /dist, /test).
2025-11-15 15:30:12,983 - UnicodeAnalyzer - INFO - -> Analizzando versione 11.0.0-beta.26 (201/454)...
2025-11-15 15:30:12,984 - UnicodeAnalyzer - INFO - Filtrati 9 file (es. in /dist, /test).
2025-11-15 15:30:13,041 - UnicodeAnalyzer - INFO - -> Analizzando versione 11.0.0-beta.27 (202/454)...
2025-11-15 15:30:13,042 - UnicodeAnalyzer - INFO - Filtrati 9 file (es. in /dist, /test).
2025-11-15 15:30:13,101 - UnicodeAnalyzer - INFO - -> Analizzando versione 11.0.0-beta.28 (203/454)...
2025-11-15 15:30:13,102 - UnicodeAnalyzer - INFO - Filtrati 9 file (es. in /dist, /test).
2025-11-15 15:30:13,160 - UnicodeAnalyzer - INFO - -> Analizzando versione 11.0.0-beta.29 (204/454)...
2025-11-15 15:30:13,161 - UnicodeAnalyzer - INFO - Filtrati 9 file (es. in /dist, /test).
2025-11-15 15:30:13,218 - UnicodeAnalyzer - INFO - -> Analizzando versione 11.0.0-beta.3 (205/454)...
2025-11-15 15:30:13,219 - UnicodeAnalyzer - INFO - Filtrati 9 file (es. in /dist, /test).
2025-11-15 15:30:13,277 - UnicodeAnalyzer - INFO - -> Analizzando versione 11.0.0-beta.30 (206/454)...
2025-11-15 15:30:13,278 - UnicodeAnalyzer - INFO - Filtrati 9 file (es. in /dist, /test).
2025-11-15 15:30:13,337 - UnicodeAnalyzer - INFO - -> Analizzando versione 11.0.0-beta.31 (207/454)...
2025-11-15 15:30:13,338 - UnicodeAnalyzer - INFO - Filtrati 9 file (es. in /dist, /test).
2025-11-15 15:30:13,395 - UnicodeAnalyzer - INFO - -> Analizzando versione 11.0.0-beta.4 (208/454)...
2025-11-15 15:30:13,396 - UnicodeAnalyzer - INFO - Filtrati 9 file (es. in /dist, /test).
2025-11-15 15:30:13,454 - UnicodeAnalyzer - INFO - -> Analizzando versione 11.0.0-beta.5 (209/454)...
2025-11-15 15:30:13,455 - UnicodeAnalyzer - INFO - Filtrati 9 file (es. in /dist, /test).
2025-11-15 15:30:13,513 - UnicodeAnalyzer - INFO - -> Analizzando versione 11.0.0-beta.6 (210/454)...
2025-11-15 15:30:13,514 - UnicodeAnalyzer - INFO - Filtrati 9 file (es. in /dist, /test).
2025-11-15 15:30:13,571 - UnicodeAnalyzer - INFO - -> Analizzando versione 11.0.0-beta.7 (211/454)...
2025-11-15 15:30:13,572 - UnicodeAnalyzer - INFO - Filtrati 9 file (es. in /dist, /test).
2025-11-15 15:30:13,631 - UnicodeAnalyzer - INFO - -> Analizzando versione 11.0.0-beta.8 (212/454)...
2025-11-15 15:30:13,632 - UnicodeAnalyzer - INFO - Filtrati 9 file (es. in /dist, /test).
2025-11-15 15:30:13,689 - UnicodeAnalyzer - INFO - -> Analizzando versione 11.0.0-beta.9 (213/454)...
2025-11-15 15:30:13,690 - UnicodeAnalyzer - INFO - Filtrati 9 file (es. in /dist, /test).
2025-11-15 15:30:13,749 - UnicodeAnalyzer - INFO - -> Analizzando versione 11.1.0 (214/454)...
2025-11-15 15:30:13,750 - UnicodeAnalyzer - INFO - Filtrati 9 file (es. in /dist, /test).
2025-11-15 15:30:13,807 - UnicodeAnalyzer - INFO - -> Analizzando versione 11.1.0-beta.1 (215/454)...
2025-11-15 15:30:13,808 - UnicodeAnalyzer - INFO - Filtrati 9 file (es. in /dist, /test).
2025-11-15 15:30:13,867 - UnicodeAnalyzer - INFO - -> Analizzando versione 11.2.0 (216/454)...
2025-11-15 15:30:13,868 - UnicodeAnalyzer - INFO - Filtrati 9 file (es. in /dist, /test).
2025-11-15 15:30:13,925 - UnicodeAnalyzer - INFO - -> Analizzando versione 11.3.0 (217/454)...
2025-11-15 15:30:13,926 - UnicodeAnalyzer - INFO - Filtrati 9 file (es. in /dist, /test).
2025-11-15 15:30:13,983 - UnicodeAnalyzer - INFO - -> Analizzando versione 11.3.1 (218/454)...
2025-11-15 15:30:13,984 - UnicodeAnalyzer - INFO - Filtrati 9 file (es. in /dist, /test).
2025-11-15 15:30:14,042 - UnicodeAnalyzer - INFO - -> Analizzando versione 11.3.2 (219/454)...
2025-11-15 15:30:14,043 - UnicodeAnalyzer - INFO - Filtrati 9 file (es. in /dist, /test).
2025-11-15 15:30:14,100 - UnicodeAnalyzer - INFO - -> Analizzando versione 11.3.3 (220/454)...
2025-11-15 15:30:14,101 - UnicodeAnalyzer - INFO - Filtrati 9 file (es. in /dist, /test).
2025-11-15 15:30:14,158 - UnicodeAnalyzer - INFO - -> Analizzando versione 11.3.4 (221/454)...
2025-11-15 15:30:14,159 - UnicodeAnalyzer - INFO - Filtrati 9 file (es. in /dist, /test).
2025-11-15 15:30:14,216 - UnicodeAnalyzer - INFO - -> Analizzando versione 11.3.5 (222/454)...
2025-11-15 15:30:14,217 - UnicodeAnalyzer - INFO - Filtrati 9 file (es. in /dist, /test).
2025-11-15 15:30:14,275 - UnicodeAnalyzer - INFO - -> Analizzando versione 11.3.6 (223/454)...
2025-11-15 15:30:14,276 - UnicodeAnalyzer - INFO - Filtrati 9 file (es. in /dist, /test).
2025-11-15 15:30:14,334 - UnicodeAnalyzer - INFO - -> Analizzando versione 11.4.0 (224/454)...
2025-11-15 15:30:14,335 - UnicodeAnalyzer - INFO - Filtrati 9 file (es. in /dist, /test).
2025-11-15 15:30:14,394 - UnicodeAnalyzer - INFO - -> Analizzando versione 11.5.0 (225/454)...
2025-11-15 15:30:14,453 - UnicodeAnalyzer - INFO - -> Analizzando versione 11.6.0 (226/454)...
2025-11-15 15:30:14,511 - UnicodeAnalyzer - INFO - -> Analizzando versione 11.7.0 (227/454)...
2025-11-15 15:30:14,570 - UnicodeAnalyzer - INFO - -> Analizzando versione 11.7.1 (228/454)...
2025-11-15 15:30:14,629 - UnicodeAnalyzer - INFO - -> Analizzando versione 11.7.2 (229/454)...
2025-11-15 15:30:14,690 - UnicodeAnalyzer - INFO - -> Analizzando versione 11.8.0 (230/454)...
2025-11-15 15:30:14,748 - UnicodeAnalyzer - INFO - -> Analizzando versione 11.8.1 (231/454)...
2025-11-15 15:30:14,806 - UnicodeAnalyzer - INFO - -> Analizzando versione 11.8.2 (232/454)...
2025-11-15 15:30:14,864 - UnicodeAnalyzer - INFO - -> Analizzando versione 11.9.0 (233/454)...
2025-11-15 15:30:14,922 - UnicodeAnalyzer - INFO - -> Analizzando versione 11.9.0-beta.1 (234/454)...
2025-11-15 15:30:14,981 - UnicodeAnalyzer - INFO - -> Analizzando versione 11.9.1 (235/454)...
2025-11-15 15:30:15,040 - UnicodeAnalyzer - INFO - -> Analizzando versione 12.0.0 (236/454)...
2025-11-15 15:30:15,098 - UnicodeAnalyzer - INFO - -> Analizzando versione 12.0.0-beta.1 (237/454)...
2025-11-15 15:30:15,155 - UnicodeAnalyzer - INFO - -> Analizzando versione 12.0.1 (238/454)...
2025-11-15 15:30:15,214 - UnicodeAnalyzer - INFO - -> Analizzando versione 12.0.2 (239/454)...
2025-11-15 15:30:15,272 - UnicodeAnalyzer - INFO - -> Analizzando versione 12.0.3 (240/454)...
2025-11-15 15:30:15,331 - UnicodeAnalyzer - INFO - -> Analizzando versione 13.0.0 (241/454)...
2025-11-15 15:30:15,390 - UnicodeAnalyzer - INFO - -> Analizzando versione 13.0.0-beta.1 (242/454)...
2025-11-15 15:30:15,449 - UnicodeAnalyzer - INFO - -> Analizzando versione 13.0.0-beta.2 (243/454)...
2025-11-15 15:30:15,508 - UnicodeAnalyzer - INFO - -> Analizzando versione 13.0.0-beta.3 (244/454)...
2025-11-15 15:30:15,565 - UnicodeAnalyzer - INFO - -> Analizzando versione 13.0.0-beta.4 (245/454)...
2025-11-15 15:30:15,628 - UnicodeAnalyzer - INFO - -> Analizzando versione 13.0.0-beta.5 (246/454)...
2025-11-15 15:30:15,688 - UnicodeAnalyzer - INFO - -> Analizzando versione 13.0.1 (247/454)...
2025-11-15 15:30:15,748 - UnicodeAnalyzer - INFO - -> Analizzando versione 13.0.10 (248/454)...
2025-11-15 15:30:15,806 - UnicodeAnalyzer - INFO - -> Analizzando versione 13.0.11 (249/454)...
2025-11-15 15:30:15,866 - UnicodeAnalyzer - INFO - -> Analizzando versione 13.0.2 (250/454)...
2025-11-15 15:30:15,924 - UnicodeAnalyzer - INFO - -> Analizzando versione 13.0.3 (251/454)...
2025-11-15 15:30:15,983 - UnicodeAnalyzer - INFO - -> Analizzando versione 13.0.4 (252/454)...
2025-11-15 15:30:16,042 - UnicodeAnalyzer - INFO - -> Analizzando versione 13.0.5 (253/454)...
2025-11-15 15:30:16,099 - UnicodeAnalyzer - INFO - -> Analizzando versione 13.0.6 (254/454)...
2025-11-15 15:30:16,158 - UnicodeAnalyzer - INFO - -> Analizzando versione 13.0.7 (255/454)...
2025-11-15 15:30:16,216 - UnicodeAnalyzer - INFO - -> Analizzando versione 13.0.8 (256/454)...
2025-11-15 15:30:16,275 - UnicodeAnalyzer - INFO - -> Analizzando versione 13.0.9 (257/454)...
2025-11-15 15:30:16,333 - UnicodeAnalyzer - INFO - -> Analizzando versione 13.1.0 (258/454)...
2025-11-15 15:30:16,392 - UnicodeAnalyzer - INFO - -> Analizzando versione 13.1.1 (259/454)...
2025-11-15 15:30:16,452 - UnicodeAnalyzer - INFO - -> Analizzando versione 13.1.2 (260/454)...
2025-11-15 15:30:16,513 - UnicodeAnalyzer - INFO - -> Analizzando versione 13.1.3 (261/454)...
2025-11-15 15:30:16,572 - UnicodeAnalyzer - INFO - -> Analizzando versione 13.1.4 (262/454)...
2025-11-15 15:30:16,631 - UnicodeAnalyzer - INFO - -> Analizzando versione 13.2.0 (263/454)...
2025-11-15 15:30:16,689 - UnicodeAnalyzer - INFO - -> Analizzando versione 13.2.1 (264/454)...
2025-11-15 15:30:16,748 - UnicodeAnalyzer - INFO - -> Analizzando versione 13.2.2 (265/454)...
2025-11-15 15:30:16,807 - UnicodeAnalyzer - INFO - -> Analizzando versione 13.2.3 (266/454)...
2025-11-15 15:30:16,865 - UnicodeAnalyzer - INFO - -> Analizzando versione 13.2.4 (267/454)...
2025-11-15 15:30:16,925 - UnicodeAnalyzer - INFO - -> Analizzando versione 13.2.5 (268/454)...
2025-11-15 15:30:16,983 - UnicodeAnalyzer - INFO - -> Analizzando versione 13.2.6 (269/454)...
2025-11-15 15:30:17,042 - UnicodeAnalyzer - INFO - -> Analizzando versione 13.2.7 (270/454)...
2025-11-15 15:30:17,100 - UnicodeAnalyzer - INFO - -> Analizzando versione 13.2.8 (271/454)...
2025-11-15 15:30:17,158 - UnicodeAnalyzer - INFO - -> Analizzando versione 13.2.9 (272/454)...
2025-11-15 15:30:17,215 - UnicodeAnalyzer - INFO - -> Analizzando versione 13.3.0 (273/454)...
2025-11-15 15:30:17,275 - UnicodeAnalyzer - INFO - -> Analizzando versione 13.3.1 (274/454)...
2025-11-15 15:30:17,333 - UnicodeAnalyzer - INFO - -> Analizzando versione 13.3.2 (275/454)...
2025-11-15 15:30:17,392 - UnicodeAnalyzer - INFO - -> Analizzando versione 13.3.3 (276/454)...
2025-11-15 15:30:17,451 - UnicodeAnalyzer - INFO - -> Analizzando versione 13.3.4 (277/454)...
2025-11-15 15:30:17,511 - UnicodeAnalyzer - INFO - -> Analizzando versione 13.3.5 (278/454)...
2025-11-15 15:30:17,569 - UnicodeAnalyzer - INFO - -> Analizzando versione 13.3.6 (279/454)...
2025-11-15 15:30:17,628 - UnicodeAnalyzer - INFO - -> Analizzando versione 13.3.7 (280/454)...
2025-11-15 15:30:17,687 - UnicodeAnalyzer - INFO - -> Analizzando versione 13.3.8 (281/454)...
2025-11-15 15:30:17,744 - UnicodeAnalyzer - INFO - -> Analizzando versione 13.4.0 (282/454)...
2025-11-15 15:30:17,803 - UnicodeAnalyzer - INFO - -> Analizzando versione 13.5.0 (283/454)...
2025-11-15 15:30:17,861 - UnicodeAnalyzer - INFO - -> Analizzando versione 13.5.1 (284/454)...
2025-11-15 15:30:17,919 - UnicodeAnalyzer - INFO - -> Analizzando versione 13.5.2 (285/454)...
2025-11-15 15:30:17,978 - UnicodeAnalyzer - INFO - -> Analizzando versione 13.5.3 (286/454)...
2025-11-15 15:30:18,037 - UnicodeAnalyzer - INFO - -> Analizzando versione 13.5.4 (287/454)...
2025-11-15 15:30:18,096 - UnicodeAnalyzer - INFO - -> Analizzando versione 13.5.5 (288/454)...
2025-11-15 15:30:18,155 - UnicodeAnalyzer - INFO - -> Analizzando versione 13.5.6 (289/454)...
2025-11-15 15:30:18,214 - UnicodeAnalyzer - INFO - -> Analizzando versione 14.0.0 (290/454)...
2025-11-15 15:30:18,274 - UnicodeAnalyzer - INFO - -> Analizzando versione 14.0.0-beta.1 (291/454)...
2025-11-15 15:30:18,333 - UnicodeAnalyzer - INFO - -> Analizzando versione 14.0.0-beta.10 (292/454)...
2025-11-15 15:30:18,393 - UnicodeAnalyzer - INFO - -> Analizzando versione 14.0.0-beta.11 (293/454)...
2025-11-15 15:30:18,453 - UnicodeAnalyzer - INFO - -> Analizzando versione 14.0.0-beta.12 (294/454)...
2025-11-15 15:30:18,512 - UnicodeAnalyzer - INFO - -> Analizzando versione 14.0.0-beta.13 (295/454)...
2025-11-15 15:30:18,571 - UnicodeAnalyzer - INFO - -> Analizzando versione 14.0.0-beta.14 (296/454)...
2025-11-15 15:30:18,633 - UnicodeAnalyzer - INFO - -> Analizzando versione 14.0.0-beta.15 (297/454)...
2025-11-15 15:30:18,692 - UnicodeAnalyzer - INFO - -> Analizzando versione 14.0.0-beta.16 (298/454)...
2025-11-15 15:30:18,751 - UnicodeAnalyzer - INFO - -> Analizzando versione 14.0.0-beta.17 (299/454)...
2025-11-15 15:30:18,810 - UnicodeAnalyzer - INFO - -> Analizzando versione 14.0.0-beta.18 (300/454)...
2025-11-15 15:30:18,870 - UnicodeAnalyzer - INFO - -> Analizzando versione 14.0.0-beta.19 (301/454)...
2025-11-15 15:30:18,929 - UnicodeAnalyzer - INFO - -> Analizzando versione 14.0.0-beta.2 (302/454)...
2025-11-15 15:30:18,991 - UnicodeAnalyzer - INFO - -> Analizzando versione 14.0.0-beta.3 (303/454)...
2025-11-15 15:30:19,051 - UnicodeAnalyzer - INFO - -> Analizzando versione 14.0.0-beta.4 (304/454)...
2025-11-15 15:30:19,113 - UnicodeAnalyzer - INFO - -> Analizzando versione 14.0.0-beta.5 (305/454)...
2025-11-15 15:30:19,173 - UnicodeAnalyzer - INFO - -> Analizzando versione 14.0.0-beta.6 (306/454)...
2025-11-15 15:30:19,232 - UnicodeAnalyzer - INFO - -> Analizzando versione 14.0.0-beta.7 (307/454)...
2025-11-15 15:30:19,292 - UnicodeAnalyzer - INFO - -> Analizzando versione 14.0.0-beta.8 (308/454)...
2025-11-15 15:30:19,350 - UnicodeAnalyzer - INFO - -> Analizzando versione 14.0.0-beta.9 (309/454)...
2025-11-15 15:30:19,409 - UnicodeAnalyzer - INFO - -> Analizzando versione 14.0.1 (310/454)...
2025-11-15 15:30:19,468 - UnicodeAnalyzer - INFO - -> Analizzando versione 14.0.10 (311/454)...
2025-11-15 15:30:19,527 - UnicodeAnalyzer - INFO - -> Analizzando versione 14.0.2 (312/454)...
2025-11-15 15:30:19,586 - UnicodeAnalyzer - INFO - -> Analizzando versione 14.0.3 (313/454)...
2025-11-15 15:30:19,645 - UnicodeAnalyzer - INFO - -> Analizzando versione 14.0.4 (314/454)...
2025-11-15 15:30:19,705 - UnicodeAnalyzer - INFO - -> Analizzando versione 14.0.5 (315/454)...
2025-11-15 15:30:19,763 - UnicodeAnalyzer - INFO - -> Analizzando versione 14.0.6 (316/454)...
2025-11-15 15:30:19,826 - UnicodeAnalyzer - INFO - -> Analizzando versione 14.0.7 (317/454)...
2025-11-15 15:30:19,885 - UnicodeAnalyzer - INFO - -> Analizzando versione 14.0.8 (318/454)...
2025-11-15 15:30:19,945 - UnicodeAnalyzer - INFO - -> Analizzando versione 14.0.9 (319/454)...
2025-11-15 15:30:20,006 - UnicodeAnalyzer - INFO - -> Analizzando versione 15.0.0 (320/454)...
2025-11-15 15:30:20,066 - UnicodeAnalyzer - INFO - -> Analizzando versione 15.0.0-beta.1 (321/454)...
2025-11-15 15:30:20,126 - UnicodeAnalyzer - INFO - -> Analizzando versione 15.0.0-beta.2 (322/454)...
2025-11-15 15:30:20,186 - UnicodeAnalyzer - INFO - -> Analizzando versione 15.0.0-beta.3 (323/454)...
2025-11-15 15:30:20,245 - UnicodeAnalyzer - INFO - -> Analizzando versione 15.0.0-beta.4 (324/454)...
2025-11-15 15:30:20,304 - UnicodeAnalyzer - INFO - -> Analizzando versione 15.0.0-beta.5 (325/454)...
2025-11-15 15:30:20,363 - UnicodeAnalyzer - INFO - -> Analizzando versione 15.0.0-beta.6 (326/454)...
2025-11-15 15:30:20,423 - UnicodeAnalyzer - INFO - -> Analizzando versione 2.0.0 (327/454)...
2025-11-15 15:30:20,424 - UnicodeAnalyzer - INFO - Filtrati 15 file (es. in /dist, /test).
2025-11-15 15:30:20,482 - UnicodeAnalyzer - INFO - -> Analizzando versione 2.0.1 (328/454)...
2025-11-15 15:30:20,483 - UnicodeAnalyzer - INFO - Filtrati 15 file (es. in /dist, /test).
2025-11-15 15:30:20,542 - UnicodeAnalyzer - INFO - -> Analizzando versione 2.1.0 (329/454)...
2025-11-15 15:30:20,543 - UnicodeAnalyzer - INFO - Filtrati 15 file (es. in /dist, /test).
2025-11-15 15:30:20,601 - UnicodeAnalyzer - INFO - -> Analizzando versione 2.10.0 (330/454)...
2025-11-15 15:30:20,602 - UnicodeAnalyzer - INFO - Filtrati 16 file (es. in /dist, /test).
2025-11-15 15:30:20,660 - UnicodeAnalyzer - INFO - -> Analizzando versione 2.11.0 (331/454)...
2025-11-15 15:30:20,661 - UnicodeAnalyzer - INFO - Filtrati 16 file (es. in /dist, /test).
2025-11-15 15:30:20,720 - UnicodeAnalyzer - INFO - -> Analizzando versione 2.12.0 (332/454)...
2025-11-15 15:30:20,721 - UnicodeAnalyzer - INFO - Filtrati 16 file (es. in /dist, /test).
2025-11-15 15:30:20,779 - UnicodeAnalyzer - INFO - -> Analizzando versione 2.13.0 (333/454)...
2025-11-15 15:30:20,780 - UnicodeAnalyzer - INFO - Filtrati 16 file (es. in /dist, /test).
2025-11-15 15:30:20,842 - UnicodeAnalyzer - INFO - -> Analizzando versione 2.15.0 (334/454)...
2025-11-15 15:30:20,843 - UnicodeAnalyzer - INFO - Filtrati 16 file (es. in /dist, /test).
2025-11-15 15:30:20,903 - UnicodeAnalyzer - INFO - -> Analizzando versione 2.16.0 (335/454)...
2025-11-15 15:30:20,904 - UnicodeAnalyzer - INFO - Filtrati 17 file (es. in /dist, /test).
2025-11-15 15:30:20,963 - UnicodeAnalyzer - INFO - -> Analizzando versione 2.16.1 (336/454)...
2025-11-15 15:30:20,965 - UnicodeAnalyzer - INFO - Filtrati 18 file (es. in /dist, /test).
2025-11-15 15:30:21,024 - UnicodeAnalyzer - INFO - -> Analizzando versione 2.17.0 (337/454)...
2025-11-15 15:30:21,025 - UnicodeAnalyzer - INFO - Filtrati 18 file (es. in /dist, /test).
2025-11-15 15:30:21,083 - UnicodeAnalyzer - INFO - -> Analizzando versione 2.18.0 (338/454)...
2025-11-15 15:30:21,084 - UnicodeAnalyzer - INFO - Filtrati 27 file (es. in /dist, /test).
2025-11-15 15:30:21,142 - UnicodeAnalyzer - INFO - -> Analizzando versione 2.18.0-alpha.1 (339/454)...
2025-11-15 15:30:21,143 - UnicodeAnalyzer - INFO - Filtrati 21 file (es. in /dist, /test).
2025-11-15 15:30:21,201 - UnicodeAnalyzer - INFO - -> Analizzando versione 2.18.0-alpha.2 (340/454)...
2025-11-15 15:30:21,202 - UnicodeAnalyzer - INFO - Filtrati 27 file (es. in /dist, /test).
2025-11-15 15:30:21,260 - UnicodeAnalyzer - INFO - -> Analizzando versione 2.18.1 (341/454)...
2025-11-15 15:30:21,261 - UnicodeAnalyzer - INFO - Filtrati 31 file (es. in /dist, /test).
2025-11-15 15:30:21,320 - UnicodeAnalyzer - INFO - -> Analizzando versione 2.18.2 (342/454)...
2025-11-15 15:30:21,322 - UnicodeAnalyzer - INFO - Filtrati 31 file (es. in /dist, /test).
2025-11-15 15:30:21,379 - UnicodeAnalyzer - INFO - -> Analizzando versione 2.2.0 (343/454)...
2025-11-15 15:30:21,381 - UnicodeAnalyzer - INFO - Filtrati 15 file (es. in /dist, /test).
2025-11-15 15:30:21,439 - UnicodeAnalyzer - INFO - -> Analizzando versione 2.3.0 (344/454)...
2025-11-15 15:30:21,440 - UnicodeAnalyzer - INFO - Filtrati 15 file (es. in /dist, /test).
2025-11-15 15:30:21,498 - UnicodeAnalyzer - INFO - -> Analizzando versione 2.3.1 (345/454)...
2025-11-15 15:30:21,499 - UnicodeAnalyzer - INFO - Filtrati 16 file (es. in /dist, /test).
2025-11-15 15:30:21,558 - UnicodeAnalyzer - INFO - -> Analizzando versione 2.4.0 (346/454)...
2025-11-15 15:30:21,559 - UnicodeAnalyzer - INFO - Filtrati 15 file (es. in /dist, /test).
2025-11-15 15:30:21,617 - UnicodeAnalyzer - INFO - -> Analizzando versione 2.4.1 (347/454)...
2025-11-15 15:30:21,618 - UnicodeAnalyzer - INFO - Filtrati 16 file (es. in /dist, /test).
2025-11-15 15:30:21,677 - UnicodeAnalyzer - INFO - -> Analizzando versione 2.5.0 (348/454)...
2025-11-15 15:30:21,678 - UnicodeAnalyzer - INFO - Filtrati 16 file (es. in /dist, /test).
2025-11-15 15:30:21,737 - UnicodeAnalyzer - INFO - -> Analizzando versione 2.6.0 (349/454)...
2025-11-15 15:30:21,739 - UnicodeAnalyzer - INFO - Filtrati 16 file (es. in /dist, /test).
2025-11-15 15:30:21,797 - UnicodeAnalyzer - INFO - -> Analizzando versione 2.7.0 (350/454)...
2025-11-15 15:30:21,798 - UnicodeAnalyzer - INFO - Filtrati 16 file (es. in /dist, /test).
2025-11-15 15:30:21,856 - UnicodeAnalyzer - INFO - -> Analizzando versione 2.8.0 (351/454)...
2025-11-15 15:30:21,858 - UnicodeAnalyzer - INFO - Filtrati 16 file (es. in /dist, /test).
2025-11-15 15:30:21,919 - UnicodeAnalyzer - INFO - -> Analizzando versione 2.9.0 (352/454)...
2025-11-15 15:30:21,920 - UnicodeAnalyzer - INFO - Filtrati 16 file (es. in /dist, /test).
2025-11-15 15:30:21,977 - UnicodeAnalyzer - INFO - -> Analizzando versione 2.9.1 (353/454)...
2025-11-15 15:30:21,978 - UnicodeAnalyzer - INFO - Filtrati 16 file (es. in /dist, /test).
2025-11-15 15:30:22,036 - UnicodeAnalyzer - INFO - -> Analizzando versione 3.0.0 (354/454)...
2025-11-15 15:30:22,038 - UnicodeAnalyzer - INFO - Filtrati 31 file (es. in /dist, /test).
2025-11-15 15:30:22,096 - UnicodeAnalyzer - INFO - -> Analizzando versione 3.1.0 (355/454)...
2025-11-15 15:30:22,097 - UnicodeAnalyzer - INFO - Filtrati 31 file (es. in /dist, /test).
2025-11-15 15:30:22,157 - UnicodeAnalyzer - INFO - -> Analizzando versione 3.1.1 (356/454)...
2025-11-15 15:30:22,160 - UnicodeAnalyzer - INFO - Filtrati 47 file (es. in /dist, /test).
2025-11-15 15:30:22,217 - UnicodeAnalyzer - INFO - -> Analizzando versione 3.2.0 (357/454)...
2025-11-15 15:30:22,220 - UnicodeAnalyzer - INFO - Filtrati 47 file (es. in /dist, /test).
2025-11-15 15:30:22,278 - UnicodeAnalyzer - INFO - -> Analizzando versione 3.3.0 (358/454)...
2025-11-15 15:30:22,281 - UnicodeAnalyzer - INFO - Filtrati 48 file (es. in /dist, /test).
2025-11-15 15:30:22,338 - UnicodeAnalyzer - INFO - -> Analizzando versione 3.3.1 (359/454)...
2025-11-15 15:30:22,341 - UnicodeAnalyzer - INFO - Filtrati 48 file (es. in /dist, /test).
2025-11-15 15:30:22,399 - UnicodeAnalyzer - INFO - -> Analizzando versione 3.3.2 (360/454)...
2025-11-15 15:30:22,402 - UnicodeAnalyzer - INFO - Filtrati 48 file (es. in /dist, /test).
2025-11-15 15:30:22,459 - UnicodeAnalyzer - INFO - -> Analizzando versione 3.4.0 (361/454)...
2025-11-15 15:30:22,462 - UnicodeAnalyzer - INFO - Filtrati 48 file (es. in /dist, /test).
2025-11-15 15:30:22,519 - UnicodeAnalyzer - INFO - -> Analizzando versione 3.4.1 (362/454)...
2025-11-15 15:30:22,521 - UnicodeAnalyzer - INFO - Filtrati 32 file (es. in /dist, /test).
2025-11-15 15:30:22,578 - UnicodeAnalyzer - INFO - -> Analizzando versione 3.5.0 (363/454)...
2025-11-15 15:30:22,580 - UnicodeAnalyzer - INFO - Filtrati 32 file (es. in /dist, /test).
2025-11-15 15:30:22,639 - UnicodeAnalyzer - INFO - -> Analizzando versione 3.6.0 (364/454)...
2025-11-15 15:30:22,641 - UnicodeAnalyzer - INFO - Filtrati 32 file (es. in /dist, /test).
2025-11-15 15:30:22,699 - UnicodeAnalyzer - INFO - -> Analizzando versione 4.0.0 (365/454)...
2025-11-15 15:30:22,700 - UnicodeAnalyzer - INFO - Filtrati 32 file (es. in /dist, /test).
2025-11-15 15:30:22,760 - UnicodeAnalyzer - INFO - -> Analizzando versione 4.1.0 (366/454)...
2025-11-15 15:30:22,762 - UnicodeAnalyzer - INFO - Filtrati 33 file (es. in /dist, /test).
2025-11-15 15:30:22,820 - UnicodeAnalyzer - INFO - -> Analizzando versione 5.0.0 (367/454)...
2025-11-15 15:30:22,821 - UnicodeAnalyzer - INFO - Filtrati 33 file (es. in /dist, /test).
2025-11-15 15:30:22,879 - UnicodeAnalyzer - INFO - -> Analizzando versione 5.1.0 (368/454)...
2025-11-15 15:30:22,881 - UnicodeAnalyzer - INFO - Filtrati 34 file (es. in /dist, /test).
2025-11-15 15:30:22,939 - UnicodeAnalyzer - INFO - -> Analizzando versione 5.2.0 (369/454)...
2025-11-15 15:30:22,941 - UnicodeAnalyzer - INFO - Filtrati 35 file (es. in /dist, /test).
2025-11-15 15:30:22,998 - UnicodeAnalyzer - INFO - -> Analizzando versione 5.2.1 (370/454)...
2025-11-15 15:30:23,000 - UnicodeAnalyzer - INFO - Filtrati 35 file (es. in /dist, /test).
2025-11-15 15:30:23,059 - UnicodeAnalyzer - INFO - -> Analizzando versione 5.3.0 (371/454)...
2025-11-15 15:30:23,061 - UnicodeAnalyzer - INFO - Filtrati 36 file (es. in /dist, /test).
2025-11-15 15:30:23,119 - UnicodeAnalyzer - INFO - -> Analizzando versione 5.3.1 (372/454)...
2025-11-15 15:30:23,121 - UnicodeAnalyzer - INFO - Filtrati 37 file (es. in /dist, /test).
2025-11-15 15:30:23,178 - UnicodeAnalyzer - INFO - -> Analizzando versione 5.4.0 (373/454)...
2025-11-15 15:30:23,180 - UnicodeAnalyzer - INFO - Filtrati 37 file (es. in /dist, /test).
2025-11-15 15:30:23,238 - UnicodeAnalyzer - INFO - -> Analizzando versione 5.5.0 (374/454)...
2025-11-15 15:30:23,240 - UnicodeAnalyzer - INFO - Filtrati 37 file (es. in /dist, /test).
2025-11-15 15:30:23,299 - UnicodeAnalyzer - INFO - -> Analizzando versione 6.0.0 (375/454)...
2025-11-15 15:30:23,301 - UnicodeAnalyzer - INFO - Filtrati 38 file (es. in /dist, /test).
2025-11-15 15:30:23,361 - UnicodeAnalyzer - INFO - -> Analizzando versione 6.0.1 (376/454)...
2025-11-15 15:30:23,363 - UnicodeAnalyzer - INFO - Filtrati 38 file (es. in /dist, /test).
2025-11-15 15:30:23,421 - UnicodeAnalyzer - INFO - -> Analizzando versione 7.0.0 (377/454)...
2025-11-15 15:30:23,423 - UnicodeAnalyzer - INFO - Filtrati 38 file (es. in /dist, /test).
2025-11-15 15:30:23,481 - UnicodeAnalyzer - INFO - -> Analizzando versione 7.0.1 (378/454)...
2025-11-15 15:30:23,483 - UnicodeAnalyzer - INFO - Filtrati 38 file (es. in /dist, /test).
2025-11-15 15:30:23,546 - UnicodeAnalyzer - INFO - -> Analizzando versione 7.0.2 (379/454)...
2025-11-15 15:30:23,548 - UnicodeAnalyzer - INFO - Filtrati 38 file (es. in /dist, /test).
2025-11-15 15:30:23,608 - UnicodeAnalyzer - INFO - -> Analizzando versione 7.1.0 (380/454)...
2025-11-15 15:30:23,609 - UnicodeAnalyzer - INFO - Filtrati 38 file (es. in /dist, /test).
2025-11-15 15:30:23,668 - UnicodeAnalyzer - INFO - -> Analizzando versione 7.2.0 (381/454)...
2025-11-15 15:30:23,669 - UnicodeAnalyzer - INFO - Filtrati 38 file (es. in /dist, /test).
2025-11-15 15:30:23,729 - UnicodeAnalyzer - INFO - -> Analizzando versione 7.2.1 (382/454)...
2025-11-15 15:30:23,731 - UnicodeAnalyzer - INFO - Filtrati 38 file (es. in /dist, /test).
2025-11-15 15:30:23,788 - UnicodeAnalyzer - INFO - -> Analizzando versione 7.2.2 (383/454)...
2025-11-15 15:30:23,790 - UnicodeAnalyzer - INFO - Filtrati 38 file (es. in /dist, /test).
2025-11-15 15:30:23,848 - UnicodeAnalyzer - INFO - -> Analizzando versione 7.3.0 (384/454)...
2025-11-15 15:30:23,850 - UnicodeAnalyzer - INFO - Filtrati 38 file (es. in /dist, /test).
2025-11-15 15:30:23,909 - UnicodeAnalyzer - INFO - -> Analizzando versione 7.4.0 (385/454)...
2025-11-15 15:30:23,911 - UnicodeAnalyzer - INFO - Filtrati 38 file (es. in /dist, /test).
2025-11-15 15:30:23,969 - UnicodeAnalyzer - INFO - -> Analizzando versione 7.5.0 (386/454)...
2025-11-15 15:30:23,971 - UnicodeAnalyzer - INFO - Filtrati 38 file (es. in /dist, /test).
2025-11-15 15:30:24,033 - UnicodeAnalyzer - INFO - -> Analizzando versione 7.6.0 (387/454)...
2025-11-15 15:30:24,035 - UnicodeAnalyzer - INFO - Filtrati 38 file (es. in /dist, /test).
2025-11-15 15:30:24,093 - UnicodeAnalyzer - INFO - -> Analizzando versione 7.7.0 (388/454)...
2025-11-15 15:30:24,095 - UnicodeAnalyzer - INFO - Filtrati 38 file (es. in /dist, /test).
2025-11-15 15:30:24,154 - UnicodeAnalyzer - INFO - -> Analizzando versione 7.7.2 (389/454)...
2025-11-15 15:30:24,156 - UnicodeAnalyzer - INFO - Filtrati 38 file (es. in /dist, /test).
2025-11-15 15:30:24,214 - UnicodeAnalyzer - INFO - -> Analizzando versione 7.7.3 (390/454)...
2025-11-15 15:30:24,216 - UnicodeAnalyzer - INFO - Filtrati 38 file (es. in /dist, /test).
2025-11-15 15:30:24,275 - UnicodeAnalyzer - INFO - -> Analizzando versione 8.0.0 (391/454)...
2025-11-15 15:30:24,277 - UnicodeAnalyzer - INFO - Filtrati 38 file (es. in /dist, /test).
2025-11-15 15:30:24,337 - UnicodeAnalyzer - INFO - -> Analizzando versione 8.1.0 (392/454)...
2025-11-15 15:30:24,339 - UnicodeAnalyzer - INFO - Filtrati 37 file (es. in /dist, /test).
2025-11-15 15:30:24,397 - UnicodeAnalyzer - INFO - -> Analizzando versione 8.2.0 (393/454)...
2025-11-15 15:30:24,399 - UnicodeAnalyzer - INFO - Filtrati 37 file (es. in /dist, /test).
2025-11-15 15:30:24,459 - UnicodeAnalyzer - INFO - -> Analizzando versione 8.2.1 (394/454)...
2025-11-15 15:30:24,460 - UnicodeAnalyzer - INFO - Filtrati 37 file (es. in /dist, /test).
2025-11-15 15:30:24,518 - UnicodeAnalyzer - INFO - -> Analizzando versione 8.2.2 (395/454)...
2025-11-15 15:30:24,520 - UnicodeAnalyzer - INFO - Filtrati 36 file (es. in /dist, /test).
2025-11-15 15:30:24,576 - UnicodeAnalyzer - INFO - -> Analizzando versione 9.0.0 (396/454)...
2025-11-15 15:30:24,578 - UnicodeAnalyzer - INFO - Filtrati 37 file (es. in /dist, /test).
2025-11-15 15:30:24,635 - UnicodeAnalyzer - INFO - -> Analizzando versione 9.0.1 (397/454)...
2025-11-15 15:30:24,637 - UnicodeAnalyzer - INFO - Filtrati 37 file (es. in /dist, /test).
2025-11-15 15:30:24,693 - UnicodeAnalyzer - INFO - -> Analizzando versione 9.0.10 (398/454)...
2025-11-15 15:30:24,696 - UnicodeAnalyzer - INFO - Filtrati 32 file (es. in /dist, /test).
2025-11-15 15:30:24,754 - UnicodeAnalyzer - INFO - -> Analizzando versione 9.0.11 (399/454)...
2025-11-15 15:30:24,756 - UnicodeAnalyzer - INFO - Filtrati 32 file (es. in /dist, /test).
2025-11-15 15:30:24,814 - UnicodeAnalyzer - INFO - -> Analizzando versione 9.0.12 (400/454)...
2025-11-15 15:30:24,816 - UnicodeAnalyzer - INFO - Filtrati 32 file (es. in /dist, /test).
2025-11-15 15:30:24,873 - UnicodeAnalyzer - INFO - -> Analizzando versione 9.0.13 (401/454)...
2025-11-15 15:30:24,875 - UnicodeAnalyzer - INFO - Filtrati 32 file (es. in /dist, /test).
2025-11-15 15:30:24,933 - UnicodeAnalyzer - INFO - -> Analizzando versione 9.0.14 (402/454)...
2025-11-15 15:30:24,934 - UnicodeAnalyzer - INFO - Filtrati 9 file (es. in /dist, /test).
2025-11-15 15:30:24,991 - UnicodeAnalyzer - INFO - -> Analizzando versione 9.0.15 (403/454)...
2025-11-15 15:30:24,992 - UnicodeAnalyzer - INFO - Filtrati 9 file (es. in /dist, /test).
2025-11-15 15:30:25,050 - UnicodeAnalyzer - INFO - -> Analizzando versione 9.0.16 (404/454)...
2025-11-15 15:30:25,051 - UnicodeAnalyzer - INFO - Filtrati 9 file (es. in /dist, /test).
2025-11-15 15:30:25,108 - UnicodeAnalyzer - INFO - -> Analizzando versione 9.0.17 (405/454)...
2025-11-15 15:30:25,109 - UnicodeAnalyzer - INFO - Filtrati 9 file (es. in /dist, /test).
2025-11-15 15:30:25,166 - UnicodeAnalyzer - INFO - -> Analizzando versione 9.0.18 (406/454)...
2025-11-15 15:30:25,167 - UnicodeAnalyzer - INFO - Filtrati 9 file (es. in /dist, /test).
2025-11-15 15:30:25,225 - UnicodeAnalyzer - INFO - -> Analizzando versione 9.0.19 (407/454)...
2025-11-15 15:30:25,226 - UnicodeAnalyzer - INFO - Filtrati 9 file (es. in /dist, /test).
2025-11-15 15:30:25,283 - UnicodeAnalyzer - INFO - -> Analizzando versione 9.0.2 (408/454)...
2025-11-15 15:30:25,285 - UnicodeAnalyzer - INFO - Filtrati 37 file (es. in /dist, /test).
2025-11-15 15:30:25,342 - UnicodeAnalyzer - INFO - -> Analizzando versione 9.0.20 (409/454)...
2025-11-15 15:30:25,343 - UnicodeAnalyzer - INFO - Filtrati 9 file (es. in /dist, /test).
2025-11-15 15:30:25,400 - UnicodeAnalyzer - INFO - -> Analizzando versione 9.0.21 (410/454)...
2025-11-15 15:30:25,401 - UnicodeAnalyzer - INFO - Filtrati 9 file (es. in /dist, /test).
2025-11-15 15:30:25,458 - UnicodeAnalyzer - INFO - -> Analizzando versione 9.0.22 (411/454)...
2025-11-15 15:30:25,459 - UnicodeAnalyzer - INFO - Filtrati 9 file (es. in /dist, /test).
2025-11-15 15:30:25,516 - UnicodeAnalyzer - INFO - -> Analizzando versione 9.0.23 (412/454)...
2025-11-15 15:30:25,517 - UnicodeAnalyzer - INFO - Filtrati 9 file (es. in /dist, /test).
2025-11-15 15:30:25,574 - UnicodeAnalyzer - INFO - -> Analizzando versione 9.0.24 (413/454)...
2025-11-15 15:30:25,575 - UnicodeAnalyzer - INFO - Filtrati 9 file (es. in /dist, /test).
2025-11-15 15:30:25,632 - UnicodeAnalyzer - INFO - -> Analizzando versione 9.0.25 (414/454)...
2025-11-15 15:30:25,633 - UnicodeAnalyzer - INFO - Filtrati 9 file (es. in /dist, /test).
2025-11-15 15:30:25,690 - UnicodeAnalyzer - INFO - -> Analizzando versione 9.0.26 (415/454)...
2025-11-15 15:30:25,691 - UnicodeAnalyzer - INFO - Filtrati 9 file (es. in /dist, /test).
2025-11-15 15:30:25,749 - UnicodeAnalyzer - INFO - -> Analizzando versione 9.0.27 (416/454)...
2025-11-15 15:30:25,750 - UnicodeAnalyzer - INFO - Filtrati 9 file (es. in /dist, /test).
2025-11-15 15:30:25,808 - UnicodeAnalyzer - INFO - -> Analizzando versione 9.0.28 (417/454)...
2025-11-15 15:30:25,809 - UnicodeAnalyzer - INFO - Filtrati 9 file (es. in /dist, /test).
2025-11-15 15:30:25,868 - UnicodeAnalyzer - INFO - -> Analizzando versione 9.0.3 (418/454)...
2025-11-15 15:30:25,871 - UnicodeAnalyzer - INFO - Filtrati 62 file (es. in /dist, /test).
2025-11-15 15:30:25,930 - UnicodeAnalyzer - INFO - -> Analizzando versione 9.0.4 (419/454)...
2025-11-15 15:30:25,933 - UnicodeAnalyzer - INFO - Filtrati 62 file (es. in /dist, /test).
2025-11-15 15:30:25,996 - UnicodeAnalyzer - INFO - -> Analizzando versione 9.0.5 (420/454)...
2025-11-15 15:30:25,999 - UnicodeAnalyzer - INFO - Filtrati 62 file (es. in /dist, /test).
2025-11-15 15:30:26,058 - UnicodeAnalyzer - INFO - -> Analizzando versione 9.0.6 (421/454)...
2025-11-15 15:30:26,061 - UnicodeAnalyzer - INFO - Filtrati 62 file (es. in /dist, /test).
2025-11-15 15:30:26,118 - UnicodeAnalyzer - INFO - -> Analizzando versione 9.0.7 (422/454)...
2025-11-15 15:30:26,121 - UnicodeAnalyzer - INFO - Filtrati 62 file (es. in /dist, /test).
2025-11-15 15:30:26,178 - UnicodeAnalyzer - INFO - -> Analizzando versione 9.0.8 (423/454)...
2025-11-15 15:30:26,181 - UnicodeAnalyzer - INFO - Filtrati 62 file (es. in /dist, /test).
2025-11-15 15:30:26,238 - UnicodeAnalyzer - INFO - -> Analizzando versione 9.0.9 (424/454)...
2025-11-15 15:30:26,242 - UnicodeAnalyzer - INFO - Filtrati 62 file (es. in /dist, /test).
2025-11-15 15:30:26,299 - UnicodeAnalyzer - INFO - -> Analizzando versione 9.1.0 (425/454)...
2025-11-15 15:30:26,300 - UnicodeAnalyzer - INFO - Filtrati 9 file (es. in /dist, /test).
2025-11-15 15:30:26,358 - UnicodeAnalyzer - INFO - -> Analizzando versione 9.1.1 (426/454)...
2025-11-15 15:30:26,359 - UnicodeAnalyzer - INFO - Filtrati 9 file (es. in /dist, /test).
2025-11-15 15:30:26,417 - UnicodeAnalyzer - INFO - -> Analizzando versione 9.1.10 (427/454)...
2025-11-15 15:30:26,418 - UnicodeAnalyzer - INFO - Filtrati 9 file (es. in /dist, /test).
2025-11-15 15:30:26,477 - UnicodeAnalyzer - INFO - -> Analizzando versione 9.1.2 (428/454)...
2025-11-15 15:30:26,477 - UnicodeAnalyzer - INFO - Filtrati 9 file (es. in /dist, /test).
2025-11-15 15:30:26,535 - UnicodeAnalyzer - INFO - -> Analizzando versione 9.1.3 (429/454)...
2025-11-15 15:30:26,536 - UnicodeAnalyzer - INFO - Filtrati 9 file (es. in /dist, /test).
2025-11-15 15:30:26,593 - UnicodeAnalyzer - INFO - -> Analizzando versione 9.1.4 (430/454)...
2025-11-15 15:30:26,594 - UnicodeAnalyzer - INFO - Filtrati 9 file (es. in /dist, /test).
2025-11-15 15:30:26,656 - UnicodeAnalyzer - INFO - -> Analizzando versione 9.1.5 (431/454)...
2025-11-15 15:30:26,657 - UnicodeAnalyzer - INFO - Filtrati 9 file (es. in /dist, /test).
2025-11-15 15:30:26,713 - UnicodeAnalyzer - INFO - -> Analizzando versione 9.1.6 (432/454)...
2025-11-15 15:30:26,714 - UnicodeAnalyzer - INFO - Filtrati 9 file (es. in /dist, /test).
2025-11-15 15:30:26,776 - UnicodeAnalyzer - INFO - -> Analizzando versione 9.1.7 (433/454)...
2025-11-15 15:30:26,777 - UnicodeAnalyzer - INFO - Filtrati 9 file (es. in /dist, /test).
2025-11-15 15:30:26,838 - UnicodeAnalyzer - INFO - -> Analizzando versione 9.1.8 (434/454)...
2025-11-15 15:30:26,838 - UnicodeAnalyzer - INFO - Filtrati 9 file (es. in /dist, /test).
2025-11-15 15:30:26,895 - UnicodeAnalyzer - INFO - -> Analizzando versione 9.1.9 (435/454)...
2025-11-15 15:30:26,896 - UnicodeAnalyzer - INFO - Filtrati 9 file (es. in /dist, /test).
2025-11-15 15:30:26,954 - UnicodeAnalyzer - INFO - -> Analizzando versione 9.2.0 (436/454)...
2025-11-15 15:30:26,955 - UnicodeAnalyzer - INFO - Filtrati 9 file (es. in /dist, /test).
2025-11-15 15:30:27,013 - UnicodeAnalyzer - INFO - -> Analizzando versione 9.2.1 (437/454)...
2025-11-15 15:30:27,014 - UnicodeAnalyzer - INFO - Filtrati 9 file (es. in /dist, /test).
2025-11-15 15:30:27,071 - UnicodeAnalyzer - INFO - -> Analizzando versione 9.2.2 (438/454)...
2025-11-15 15:30:27,072 - UnicodeAnalyzer - INFO - Filtrati 9 file (es. in /dist, /test).
2025-11-15 15:30:27,129 - UnicodeAnalyzer - INFO - -> Analizzando versione 9.2.3 (439/454)...
2025-11-15 15:30:27,130 - UnicodeAnalyzer - INFO - Filtrati 9 file (es. in /dist, /test).
2025-11-15 15:30:27,187 - UnicodeAnalyzer - INFO - -> Analizzando versione 9.2.4 (440/454)...
2025-11-15 15:30:27,188 - UnicodeAnalyzer - INFO - Filtrati 9 file (es. in /dist, /test).
2025-11-15 15:30:27,245 - UnicodeAnalyzer - INFO - -> Analizzando versione 9.2.5 (441/454)...
2025-11-15 15:30:27,246 - UnicodeAnalyzer - INFO - Filtrati 9 file (es. in /dist, /test).
2025-11-15 15:30:27,304 - UnicodeAnalyzer - INFO - -> Analizzando versione 9.2.6 (442/454)...
2025-11-15 15:30:27,305 - UnicodeAnalyzer - INFO - Filtrati 9 file (es. in /dist, /test).
2025-11-15 15:30:27,363 - UnicodeAnalyzer - INFO - -> Analizzando versione 9.3.0 (443/454)...
2025-11-15 15:30:27,364 - UnicodeAnalyzer - INFO - Filtrati 9 file (es. in /dist, /test).
2025-11-15 15:30:27,421 - UnicodeAnalyzer - INFO - -> Analizzando versione 9.3.1 (444/454)...
2025-11-15 15:30:27,422 - UnicodeAnalyzer - INFO - Filtrati 9 file (es. in /dist, /test).
2025-11-15 15:30:27,479 - UnicodeAnalyzer - INFO - -> Analizzando versione 9.3.2 (445/454)...
2025-11-15 15:30:27,480 - UnicodeAnalyzer - INFO - Filtrati 9 file (es. in /dist, /test).
2025-11-15 15:30:27,538 - UnicodeAnalyzer - INFO - -> Analizzando versione 9.3.3 (446/454)...
2025-11-15 15:30:27,539 - UnicodeAnalyzer - INFO - Filtrati 9 file (es. in /dist, /test).
2025-11-15 15:30:27,597 - UnicodeAnalyzer - INFO - -> Analizzando versione 9.4.0 (447/454)...
2025-11-15 15:30:27,598 - UnicodeAnalyzer - INFO - Filtrati 9 file (es. in /dist, /test).
2025-11-15 15:30:27,656 - UnicodeAnalyzer - INFO - -> Analizzando versione 9.4.1 (448/454)...
2025-11-15 15:30:27,657 - UnicodeAnalyzer - INFO - Filtrati 9 file (es. in /dist, /test).
2025-11-15 15:30:27,717 - UnicodeAnalyzer - INFO - -> Analizzando versione 9.4.2 (449/454)...
2025-11-15 15:30:27,718 - UnicodeAnalyzer - INFO - Filtrati 9 file (es. in /dist, /test).
2025-11-15 15:30:27,776 - UnicodeAnalyzer - INFO - -> Analizzando versione 9.4.3 (450/454)...
2025-11-15 15:30:27,777 - UnicodeAnalyzer - INFO - Filtrati 9 file (es. in /dist, /test).
2025-11-15 15:30:27,834 - UnicodeAnalyzer - INFO - -> Analizzando versione 9.4.4 (451/454)...
2025-11-15 15:30:27,835 - UnicodeAnalyzer - INFO - Filtrati 9 file (es. in /dist, /test).
2025-11-15 15:30:27,892 - UnicodeAnalyzer - INFO - -> Analizzando versione 9.5.0 (452/454)...
2025-11-15 15:30:27,893 - UnicodeAnalyzer - INFO - Filtrati 9 file (es. in /dist, /test).
2025-11-15 15:30:27,950 - UnicodeAnalyzer - INFO - -> Analizzando versione 9.6.0 (453/454)...
2025-11-15 15:30:27,951 - UnicodeAnalyzer - INFO - Filtrati 9 file (es. in /dist, /test).
2025-11-15 15:30:28,009 - UnicodeAnalyzer - INFO - -> Analizzando versione 9.6.1 (454/454)...
2025-11-15 15:30:28,010 - UnicodeAnalyzer - INFO - Filtrati 9 file (es. in /dist, /test).
2025-11-15 15:30:28,071 - UnicodeAnalyzer - INFO - Esportando i risultati HUT per 'nock' in CSV...
2025-11-15 15:30:28,819 - UnicodeAnalyzer - INFO - Report salvati in: /app/npm_hut_results/nock
2025-11-15 15:30:28,820 - NPM_HUT_Analyzer - INFO - Pulizia cartella temporanea 'temp_hut/nock'...
2025-11-15 15:30:29,144 - NPM_HUT_Analyzer - INFO - Pulizia completata.
