2025-11-14 14:26:01,958 - NPM_HUT_Analyzer - INFO - Recupero metadata per 'lodash.memoize'...
2025-11-14 14:26:02,075 - NPM_HUT_Analyzer - INFO - Trovate 21 versioni. Inizio download in 'temp_hut/lodash.memoize'...
2025-11-14 14:26:17,908 - UnicodeAnalyzer - INFO - Analizzando 21 versioni per '*.js' in 'lodash.memoize'.
2025-11-14 14:26:17,908 - UnicodeAnalyzer - INFO - -> Analizzando versione 2.0.0 (1/21)...
2025-11-14 14:26:17,909 - UnicodeAnalyzer - INFO - -> Analizzando versione 2.1.0 (2/21)...
2025-11-14 14:26:17,909 - UnicodeAnalyzer - INFO - -> Analizzando versione 2.2.0 (3/21)...
2025-11-14 14:26:17,910 - UnicodeAnalyzer - INFO - -> Analizzando versione 2.2.1 (4/21)...
2025-11-14 14:26:17,910 - UnicodeAnalyzer - INFO - -> Analizzando versione 2.3.0 (5/21)...
2025-11-14 14:26:17,911 - UnicodeAnalyzer - INFO - -> Analizzando versione 2.4.0 (6/21)...
2025-11-14 14:26:17,912 - UnicodeAnalyzer - INFO - -> Analizzando versione 2.4.1 (7/21)...
2025-11-14 14:26:17,912 - UnicodeAnalyzer - INFO - -> Analizzando versione 3.0.0 (8/21)...
2025-11-14 14:26:17,913 - UnicodeAnalyzer - INFO - -> Analizzando versione 3.0.1 (9/21)...
2025-11-14 14:26:17,914 - UnicodeAnalyzer - INFO - -> Analizzando versione 3.0.2 (10/21)...
2025-11-14 14:26:17,915 - UnicodeAnalyzer - INFO - -> Analizzando versione 3.0.3 (11/21)...
2025-11-14 14:26:17,916 - UnicodeAnalyzer - INFO - -> Analizzando versione 3.0.4 (12/21)...
2025-11-14 14:26:17,917 - UnicodeAnalyzer - INFO - -> Analizzando versione 3.1.0 (13/21)...
2025-11-14 14:26:17,918 - UnicodeAnalyzer - INFO - -> Analizzando versione 3.1.1 (14/21)...
2025-11-14 14:26:17,919 - UnicodeAnalyzer - INFO - -> Analizzando versione 4.0.0 (15/21)...
2025-11-14 14:26:17,920 - UnicodeAnalyzer - INFO - -> Analizzando versione 4.0.1 (16/21)...
2025-11-14 14:26:17,921 - UnicodeAnalyzer - INFO - -> Analizzando versione 4.0.2 (17/21)...
2025-11-14 14:26:17,922 - UnicodeAnalyzer - INFO - -> Analizzando versione 4.0.3 (18/21)...
2025-11-14 14:26:17,923 - UnicodeAnalyzer - INFO - -> Analizzando versione 4.1.0 (19/21)...
2025-11-14 14:26:17,926 - UnicodeAnalyzer - INFO - -> Analizzando versione 4.1.1 (20/21)...
2025-11-14 14:26:17,928 - UnicodeAnalyzer - INFO - -> Analizzando versione 4.1.2 (21/21)...
2025-11-14 14:26:17,932 - UnicodeAnalyzer - INFO - Esportando i risultati HUT per 'lodash.memoize' in CSV...
2025-11-14 14:26:17,965 - UnicodeAnalyzer - INFO - Report salvati in: /app/npm_hut_results/lodash.memoize
2025-11-14 14:26:17,965 - NPM_HUT_Analyzer - INFO - Pulizia cartella temporanea 'temp_hut/lodash.memoize'...
2025-11-14 14:26:17,967 - NPM_HUT_Analyzer - INFO - Pulizia completata.
