2025-10-23 15:16:06,593 - NPM_Analyzer - INFO - Fetching metadata for 'spdx-license-ids'...
2025-10-23 15:16:06,847 - NPM_Analyzer - INFO - Found 35 versions. Starting download into 'temp/spdx-license-ids'...
2025-10-23 15:16:18,908 - BlankSpaceAnalyzer - INFO - Analyzing 35 versions for '*.js' in 'spdx-license-ids'.
2025-10-23 15:16:18,909 - BlankSpaceAnalyzer - INFO - -> Analyzing version 0.0.0 (1/35)...
2025-10-23 15:16:18,909 - BlankSpaceAnalyzer - INFO - -> Analyzing version 1.0.0 (2/35)...
2025-10-23 15:16:18,910 - BlankSpaceAnalyzer - INFO - -> Analyzing version 1.0.1 (3/35)...
2025-10-23 15:16:18,910 - BlankSpaceAnalyzer - INFO - -> Analyzing version 1.0.2 (4/35)...
2025-10-23 15:16:18,911 - BlankSpaceAnalyzer - INFO - -> Analyzing version 1.1.0 (5/35)...
2025-10-23 15:16:18,911 - BlankSpaceAnalyzer - INFO - -> Analyzing version 1.2.0 (6/35)...
2025-10-23 15:16:18,912 - BlankSpaceAnalyzer - INFO - -> Analyzing version 1.2.1 (7/35)...
2025-10-23 15:16:18,913 - BlankSpaceAnalyzer - INFO - -> Analyzing version 1.2.2 (8/35)...
2025-10-23 15:16:18,913 - BlankSpaceAnalyzer - INFO - -> Analyzing version 2.0.0 (9/35)...
2025-10-23 15:16:18,914 - BlankSpaceAnalyzer - INFO - -> Analyzing version 2.0.1 (10/35)...
2025-10-23 15:16:18,915 - BlankSpaceAnalyzer - INFO - -> Analyzing version 3.0.0 (11/35)...
2025-10-23 15:16:18,916 - BlankSpaceAnalyzer - INFO - -> Analyzing version 3.0.0-0 (12/35)...
2025-10-23 15:16:18,917 - BlankSpaceAnalyzer - INFO - -> Analyzing version 3.0.0-1 (13/35)...
2025-10-23 15:16:18,917 - BlankSpaceAnalyzer - INFO - -> Analyzing version 3.0.1 (14/35)...
2025-10-23 15:16:18,918 - BlankSpaceAnalyzer - INFO - -> Analyzing version 3.0.10 (15/35)...
2025-10-23 15:16:18,918 - BlankSpaceAnalyzer - INFO - -> Analyzing version 3.0.11 (16/35)...
2025-10-23 15:16:18,919 - BlankSpaceAnalyzer - INFO - -> Analyzing version 3.0.12 (17/35)...
2025-10-23 15:16:18,919 - BlankSpaceAnalyzer - INFO - -> Analyzing version 3.0.13 (18/35)...
2025-10-23 15:16:18,920 - BlankSpaceAnalyzer - INFO - -> Analyzing version 3.0.14 (19/35)...
2025-10-23 15:16:18,920 - BlankSpaceAnalyzer - INFO - -> Analyzing version 3.0.15 (20/35)...
2025-10-23 15:16:18,921 - BlankSpaceAnalyzer - INFO - -> Analyzing version 3.0.16 (21/35)...
2025-10-23 15:16:18,921 - BlankSpaceAnalyzer - INFO - -> Analyzing version 3.0.17 (22/35)...
2025-10-23 15:16:18,922 - BlankSpaceAnalyzer - INFO - -> Analyzing version 3.0.18 (23/35)...
2025-10-23 15:16:18,922 - BlankSpaceAnalyzer - INFO - -> Analyzing version 3.0.19 (24/35)...
2025-10-23 15:16:18,923 - BlankSpaceAnalyzer - INFO - -> Analyzing version 3.0.2 (25/35)...
2025-10-23 15:16:18,923 - BlankSpaceAnalyzer - INFO - -> Analyzing version 3.0.20 (26/35)...
2025-10-23 15:16:18,924 - BlankSpaceAnalyzer - INFO - -> Analyzing version 3.0.21 (27/35)...
2025-10-23 15:16:18,924 - BlankSpaceAnalyzer - INFO - -> Analyzing version 3.0.22 (28/35)...
2025-10-23 15:16:18,925 - BlankSpaceAnalyzer - INFO - -> Analyzing version 3.0.3 (29/35)...
2025-10-23 15:16:18,925 - BlankSpaceAnalyzer - INFO - -> Analyzing version 3.0.4 (30/35)...
2025-10-23 15:16:18,926 - BlankSpaceAnalyzer - INFO - -> Analyzing version 3.0.5 (31/35)...
2025-10-23 15:16:18,926 - BlankSpaceAnalyzer - INFO - -> Analyzing version 3.0.6 (32/35)...
2025-10-23 15:16:18,927 - BlankSpaceAnalyzer - INFO - -> Analyzing version 3.0.7 (33/35)...
2025-10-23 15:16:18,927 - BlankSpaceAnalyzer - INFO - -> Analyzing version 3.0.8 (34/35)...
2025-10-23 15:16:18,928 - BlankSpaceAnalyzer - INFO - -> Analyzing version 3.0.9 (35/35)...
2025-10-23 15:16:18,928 - BlankSpaceAnalyzer - INFO - Exporting results for 'spdx-license-ids' to CSV...
2025-10-23 15:16:18,973 - BlankSpaceAnalyzer - INFO - Reports saved in: /app/npm_results/spdx-license-ids
2025-10-23 15:16:18,973 - NPM_Analyzer - INFO - Cleaning temporary folder 'temp/spdx-license-ids'...
2025-10-23 15:16:18,976 - NPM_Analyzer - INFO - Cleanup completed.
