2025-10-29 00:12:58,083 - NPM_Analyzer - INFO - Fetching metadata for '@svgr/plugin-svgo'...
2025-10-29 00:12:59,349 - NPM_Analyzer - INFO - Found 25 versions. Starting download into 'temp/@svgr_plugin-svgo'...
2025-10-29 00:13:21,673 - BlankSpaceAnalyzer - INFO - Analyzing 25 versions for '*.js' in '@svgr_plugin-svgo'.
2025-10-29 00:13:21,674 - BlankSpaceAnalyzer - INFO - -> Analyzing version 4.0.0 (1/25)...
2025-10-29 00:13:21,675 - BlankSpaceAnalyzer - INFO - -> Analyzing version 4.0.3 (2/25)...
2025-10-29 00:13:21,676 - BlankSpaceAnalyzer - INFO - -> Analyzing version 4.2.0 (3/25)...
2025-10-29 00:13:21,677 - BlankSpaceAnalyzer - INFO - -> Analyzing version 4.3.1 (4/25)...
2025-10-29 00:13:21,678 - BlankSpaceAnalyzer - INFO - -> Analyzing version 5.0.0 (5/25)...
2025-10-29 00:13:21,679 - BlankSpaceAnalyzer - INFO - -> Analyzing version 5.0.1 (6/25)...
2025-10-29 00:13:21,680 - BlankSpaceAnalyzer - INFO - -> Analyzing version 5.1.0 (7/25)...
2025-10-29 00:13:21,681 - BlankSpaceAnalyzer - INFO - -> Analyzing version 5.2.0 (8/25)...
2025-10-29 00:13:21,682 - BlankSpaceAnalyzer - INFO - -> Analyzing version 5.3.0 (9/25)...
2025-10-29 00:13:21,767 - BlankSpaceAnalyzer - INFO - -> Analyzing version 5.4.0 (10/25)...
2025-10-29 00:13:21,832 - BlankSpaceAnalyzer - INFO - -> Analyzing version 5.5.0 (11/25)...
2025-10-29 00:13:21,896 - BlankSpaceAnalyzer - INFO - -> Analyzing version 6.0.0 (12/25)...
2025-10-29 00:13:21,896 - BlankSpaceAnalyzer - INFO - -> Analyzing version 6.0.0-alpha.0 (13/25)...
2025-10-29 00:13:21,959 - BlankSpaceAnalyzer - INFO - -> Analyzing version 6.0.0-alpha.1 (14/25)...
2025-10-29 00:13:21,960 - BlankSpaceAnalyzer - INFO - -> Analyzing version 6.1.0 (15/25)...
2025-10-29 00:13:21,960 - BlankSpaceAnalyzer - INFO - -> Analyzing version 6.1.2 (16/25)...
2025-10-29 00:13:21,961 - BlankSpaceAnalyzer - INFO - -> Analyzing version 6.2.0 (17/25)...
2025-10-29 00:13:21,961 - BlankSpaceAnalyzer - INFO - -> Analyzing version 6.3.0 (18/25)...
2025-10-29 00:13:21,961 - BlankSpaceAnalyzer - INFO - -> Analyzing version 6.3.1 (19/25)...
2025-10-29 00:13:21,961 - BlankSpaceAnalyzer - INFO - -> Analyzing version 6.5.0 (20/25)...
2025-10-29 00:13:21,962 - BlankSpaceAnalyzer - INFO - -> Analyzing version 6.5.1 (21/25)...
2025-10-29 00:13:21,962 - BlankSpaceAnalyzer - INFO - -> Analyzing version 7.0.0 (22/25)...
2025-10-29 00:13:21,962 - BlankSpaceAnalyzer - INFO - -> Analyzing version 8.0.0 (23/25)...
2025-10-29 00:13:21,963 - BlankSpaceAnalyzer - INFO - -> Analyzing version 8.0.1 (24/25)...
2025-10-29 00:13:21,963 - BlankSpaceAnalyzer - INFO - -> Analyzing version 8.1.0 (25/25)...
2025-10-29 00:13:21,963 - BlankSpaceAnalyzer - INFO - Exporting results for '@svgr/plugin-svgo' to CSV...
2025-10-29 00:13:21,982 - BlankSpaceAnalyzer - INFO - Reports saved in: /app/npm_results/@svgr_plugin-svgo
2025-10-29 00:13:21,983 - NPM_Analyzer - INFO - Cleaning temporary folder 'temp/@svgr_plugin-svgo'...
2025-10-29 00:13:21,987 - NPM_Analyzer - INFO - Cleanup completed.
