2025-11-14 07:33:13,315 - NPM_HUT_Analyzer - INFO - Recupero metadata per 'stringify-object'...
2025-11-14 07:33:13,456 - NPM_HUT_Analyzer - INFO - Trovate 29 versioni. Inizio download in 'temp_hut/stringify-object'...
2025-11-14 07:33:29,305 - UnicodeAnalyzer - INFO - Analizzando 29 versioni per '*.js' in 'stringify-object'.
2025-11-14 07:33:29,305 - UnicodeAnalyzer - INFO - -> Analizzando versione 0.1.0 (1/29)...
2025-11-14 07:33:29,307 - UnicodeAnalyzer - INFO - -> Analizzando versione 0.1.1 (2/29)...
2025-11-14 07:33:29,308 - UnicodeAnalyzer - INFO - -> Analizzando versione 0.1.2 (3/29)...
2025-11-14 07:33:29,310 - UnicodeAnalyzer - INFO - -> Analizzando versione 0.1.3 (4/29)...
2025-11-14 07:33:29,311 - UnicodeAnalyzer - INFO - -> Analizzando versione 0.1.4 (5/29)...
2025-11-14 07:33:29,313 - UnicodeAnalyzer - INFO - -> Analizzando versione 0.1.5 (6/29)...
2025-11-14 07:33:29,314 - UnicodeAnalyzer - INFO - -> Analizzando versione 0.1.6 (7/29)...
2025-11-14 07:33:29,316 - UnicodeAnalyzer - INFO - -> Analizzando versione 0.1.7 (8/29)...
2025-11-14 07:33:29,317 - UnicodeAnalyzer - INFO - -> Analizzando versione 0.1.8 (9/29)...
2025-11-14 07:33:29,319 - UnicodeAnalyzer - INFO - -> Analizzando versione 0.2.0 (10/29)...
2025-11-14 07:33:29,320 - UnicodeAnalyzer - INFO - -> Analizzando versione 0.2.1 (11/29)...
2025-11-14 07:33:29,321 - UnicodeAnalyzer - INFO - -> Analizzando versione 1.0.0 (12/29)...
2025-11-14 07:33:29,323 - UnicodeAnalyzer - INFO - -> Analizzando versione 1.0.1 (13/29)...
2025-11-14 07:33:29,324 - UnicodeAnalyzer - INFO - -> Analizzando versione 2.0.0 (14/29)...
2025-11-14 07:33:29,325 - UnicodeAnalyzer - INFO - -> Analizzando versione 2.1.0 (15/29)...
2025-11-14 07:33:29,326 - UnicodeAnalyzer - INFO - -> Analizzando versione 2.2.0 (16/29)...
2025-11-14 07:33:29,327 - UnicodeAnalyzer - INFO - -> Analizzando versione 2.3.0 (17/29)...
2025-11-14 07:33:29,328 - UnicodeAnalyzer - INFO - -> Analizzando versione 2.3.1 (18/29)...
2025-11-14 07:33:29,329 - UnicodeAnalyzer - INFO - -> Analizzando versione 2.4.0 (19/29)...
2025-11-14 07:33:29,329 - UnicodeAnalyzer - INFO - -> Analizzando versione 3.0.0 (20/29)...
2025-11-14 07:33:29,330 - UnicodeAnalyzer - INFO - -> Analizzando versione 3.1.0 (21/29)...
2025-11-14 07:33:29,331 - UnicodeAnalyzer - INFO - -> Analizzando versione 3.2.0 (22/29)...
2025-11-14 07:33:29,332 - UnicodeAnalyzer - INFO - -> Analizzando versione 3.2.1 (23/29)...
2025-11-14 07:33:29,333 - UnicodeAnalyzer - INFO - -> Analizzando versione 3.2.2 (24/29)...
2025-11-14 07:33:29,334 - UnicodeAnalyzer - INFO - -> Analizzando versione 3.3.0 (25/29)...
2025-11-14 07:33:29,334 - UnicodeAnalyzer - INFO - -> Analizzando versione 4.0.0 (26/29)...
2025-11-14 07:33:29,335 - UnicodeAnalyzer - INFO - -> Analizzando versione 4.0.1 (27/29)...
2025-11-14 07:33:29,336 - UnicodeAnalyzer - INFO - -> Analizzando versione 5.0.0 (28/29)...
2025-11-14 07:33:29,336 - UnicodeAnalyzer - INFO - -> Analizzando versione 6.0.0 (29/29)...
2025-11-14 07:33:29,337 - UnicodeAnalyzer - INFO - Esportando i risultati HUT per 'stringify-object' in CSV...
2025-11-14 07:33:29,387 - UnicodeAnalyzer - INFO - Report salvati in: /app/npm_hut_results/stringify-object
2025-11-14 07:33:29,387 - NPM_HUT_Analyzer - INFO - Pulizia cartella temporanea 'temp_hut/stringify-object'...
2025-11-14 07:33:29,390 - NPM_HUT_Analyzer - INFO - Pulizia completata.
