2025-10-24 18:47:23,880 - NPM_Analyzer - INFO - Fetching metadata for '@babel/runtime-corejs3'...
2025-10-24 18:47:24,521 - NPM_Analyzer - INFO - Found 156 versions. Starting download into 'temp/@babel_runtime-corejs3'...
2025-10-24 18:49:58,516 - BlankSpaceAnalyzer - INFO - Analyzing 156 versions for '*.js' in '@babel_runtime-corejs3'.
2025-10-24 18:49:58,516 - BlankSpaceAnalyzer - INFO - -> Analyzing version 7.10.0 (1/156)...
2025-10-24 18:49:58,627 - BlankSpaceAnalyzer - INFO - -> Analyzing version 7.10.1 (2/156)...
2025-10-24 18:49:58,717 - BlankSpaceAnalyzer - INFO - -> Analyzing version 7.10.2 (3/156)...
2025-10-24 18:49:58,814 - BlankSpaceAnalyzer - INFO - -> Analyzing version 7.10.3 (4/156)...
2025-10-24 18:49:58,901 - BlankSpaceAnalyzer - INFO - -> Analyzing version 7.10.4 (5/156)...
2025-10-24 18:49:58,998 - BlankSpaceAnalyzer - INFO - -> Analyzing version 7.10.5 (6/156)...
2025-10-24 18:49:59,096 - BlankSpaceAnalyzer - INFO - -> Analyzing version 7.11.0 (7/156)...
2025-10-24 18:49:59,193 - BlankSpaceAnalyzer - INFO - -> Analyzing version 7.11.1 (8/156)...
2025-10-24 18:49:59,285 - BlankSpaceAnalyzer - INFO - -> Analyzing version 7.11.2 (9/156)...
2025-10-24 18:49:59,382 - BlankSpaceAnalyzer - INFO - -> Analyzing version 7.12.0 (10/156)...
2025-10-24 18:49:59,479 - BlankSpaceAnalyzer - INFO - -> Analyzing version 7.12.1 (11/156)...
2025-10-24 18:49:59,579 - BlankSpaceAnalyzer - INFO - -> Analyzing version 7.12.13 (12/156)...
2025-10-24 18:49:59,676 - BlankSpaceAnalyzer - INFO - -> Analyzing version 7.12.17 (13/156)...
2025-10-24 18:49:59,677 - BlankSpaceAnalyzer - INFO - -> Analyzing version 7.12.18 (14/156)...
2025-10-24 18:49:59,777 - BlankSpaceAnalyzer - INFO - -> Analyzing version 7.12.5 (15/156)...
2025-10-24 18:49:59,870 - BlankSpaceAnalyzer - INFO - -> Analyzing version 7.13.0 (16/156)...
2025-10-24 18:49:59,965 - BlankSpaceAnalyzer - INFO - -> Analyzing version 7.13.1 (17/156)...
2025-10-24 18:50:00,066 - BlankSpaceAnalyzer - INFO - -> Analyzing version 7.13.10 (18/156)...
2025-10-24 18:50:00,161 - BlankSpaceAnalyzer - INFO - -> Analyzing version 7.13.16 (19/156)...
2025-10-24 18:50:00,247 - BlankSpaceAnalyzer - INFO - -> Analyzing version 7.13.17 (20/156)...
2025-10-24 18:50:00,340 - BlankSpaceAnalyzer - INFO - -> Analyzing version 7.13.3 (21/156)...
2025-10-24 18:50:00,444 - BlankSpaceAnalyzer - INFO - -> Analyzing version 7.13.4 (22/156)...
2025-10-24 18:50:00,548 - BlankSpaceAnalyzer - INFO - -> Analyzing version 7.13.6 (23/156)...
2025-10-24 18:50:00,643 - BlankSpaceAnalyzer - INFO - -> Analyzing version 7.13.7 (24/156)...
2025-10-24 18:50:00,739 - BlankSpaceAnalyzer - INFO - -> Analyzing version 7.13.8 (25/156)...
2025-10-24 18:50:00,829 - BlankSpaceAnalyzer - INFO - -> Analyzing version 7.13.9 (26/156)...
2025-10-24 18:50:00,923 - BlankSpaceAnalyzer - INFO - -> Analyzing version 7.14.0 (27/156)...
2025-10-24 18:50:01,026 - BlankSpaceAnalyzer - INFO - -> Analyzing version 7.14.5 (28/156)...
2025-10-24 18:50:01,126 - BlankSpaceAnalyzer - INFO - -> Analyzing version 7.14.6 (29/156)...
2025-10-24 18:50:01,224 - BlankSpaceAnalyzer - INFO - -> Analyzing version 7.14.7 (30/156)...
2025-10-24 18:50:01,326 - BlankSpaceAnalyzer - INFO - -> Analyzing version 7.14.8 (31/156)...
2025-10-24 18:50:01,425 - BlankSpaceAnalyzer - INFO - -> Analyzing version 7.14.9 (32/156)...
2025-10-24 18:50:01,521 - BlankSpaceAnalyzer - INFO - -> Analyzing version 7.15.3 (33/156)...
2025-10-24 18:50:01,618 - BlankSpaceAnalyzer - INFO - -> Analyzing version 7.15.4 (34/156)...
2025-10-24 18:50:01,721 - BlankSpaceAnalyzer - INFO - -> Analyzing version 7.16.0 (35/156)...
2025-10-24 18:50:01,826 - BlankSpaceAnalyzer - INFO - -> Analyzing version 7.16.3 (36/156)...
2025-10-24 18:50:01,938 - BlankSpaceAnalyzer - INFO - -> Analyzing version 7.16.5 (37/156)...
2025-10-24 18:50:02,037 - BlankSpaceAnalyzer - INFO - -> Analyzing version 7.16.7 (38/156)...
2025-10-24 18:50:02,133 - BlankSpaceAnalyzer - INFO - -> Analyzing version 7.16.8 (39/156)...
2025-10-24 18:50:02,240 - BlankSpaceAnalyzer - INFO - -> Analyzing version 7.17.0 (40/156)...
2025-10-24 18:50:02,337 - BlankSpaceAnalyzer - INFO - -> Analyzing version 7.17.2 (41/156)...
2025-10-24 18:50:02,439 - BlankSpaceAnalyzer - INFO - -> Analyzing version 7.17.7 (42/156)...
2025-10-24 18:50:02,536 - BlankSpaceAnalyzer - INFO - -> Analyzing version 7.17.8 (43/156)...
2025-10-24 18:50:02,634 - BlankSpaceAnalyzer - INFO - -> Analyzing version 7.17.9 (44/156)...
2025-10-24 18:50:02,732 - BlankSpaceAnalyzer - INFO - -> Analyzing version 7.18.0 (45/156)...
2025-10-24 18:50:02,833 - BlankSpaceAnalyzer - INFO - -> Analyzing version 7.18.2 (46/156)...
2025-10-24 18:50:02,931 - BlankSpaceAnalyzer - INFO - -> Analyzing version 7.18.3 (47/156)...
2025-10-24 18:50:03,021 - BlankSpaceAnalyzer - INFO - -> Analyzing version 7.18.6 (48/156)...
2025-10-24 18:50:03,120 - BlankSpaceAnalyzer - INFO - -> Analyzing version 7.18.9 (49/156)...
2025-10-24 18:50:03,207 - BlankSpaceAnalyzer - INFO - -> Analyzing version 7.19.0 (50/156)...
2025-10-24 18:50:03,304 - BlankSpaceAnalyzer - INFO - -> Analyzing version 7.19.1 (51/156)...
2025-10-24 18:50:03,401 - BlankSpaceAnalyzer - INFO - -> Analyzing version 7.19.4 (52/156)...
2025-10-24 18:50:03,497 - BlankSpaceAnalyzer - INFO - -> Analyzing version 7.19.6 (53/156)...
2025-10-24 18:50:03,593 - BlankSpaceAnalyzer - INFO - -> Analyzing version 7.20.0 (54/156)...
2025-10-24 18:50:03,692 - BlankSpaceAnalyzer - INFO - -> Analyzing version 7.20.1 (55/156)...
2025-10-24 18:50:03,790 - BlankSpaceAnalyzer - INFO - -> Analyzing version 7.20.13 (56/156)...
2025-10-24 18:50:03,888 - BlankSpaceAnalyzer - INFO - -> Analyzing version 7.20.5 (57/156)...
2025-10-24 18:50:03,985 - BlankSpaceAnalyzer - INFO - -> Analyzing version 7.20.6 (58/156)...
2025-10-24 18:50:04,085 - BlankSpaceAnalyzer - INFO - -> Analyzing version 7.20.7 (59/156)...
2025-10-24 18:50:04,184 - BlankSpaceAnalyzer - INFO - -> Analyzing version 7.21.0 (60/156)...
2025-10-24 18:50:04,285 - BlankSpaceAnalyzer - INFO - -> Analyzing version 7.21.4-esm (61/156)...
2025-10-24 18:50:04,384 - BlankSpaceAnalyzer - INFO - -> Analyzing version 7.21.4-esm.1 (62/156)...
2025-10-24 18:50:04,483 - BlankSpaceAnalyzer - INFO - -> Analyzing version 7.21.4-esm.2 (63/156)...
2025-10-24 18:50:04,578 - BlankSpaceAnalyzer - INFO - -> Analyzing version 7.21.4-esm.3 (64/156)...
2025-10-24 18:50:04,676 - BlankSpaceAnalyzer - INFO - -> Analyzing version 7.21.4-esm.4 (65/156)...
2025-10-24 18:50:04,774 - BlankSpaceAnalyzer - INFO - -> Analyzing version 7.21.5 (66/156)...
2025-10-24 18:50:04,871 - BlankSpaceAnalyzer - INFO - -> Analyzing version 7.22.0 (67/156)...
2025-10-24 18:50:04,967 - BlankSpaceAnalyzer - INFO - -> Analyzing version 7.22.10 (68/156)...
2025-10-24 18:50:05,063 - BlankSpaceAnalyzer - INFO - -> Analyzing version 7.22.11 (69/156)...
2025-10-24 18:50:05,163 - BlankSpaceAnalyzer - INFO - -> Analyzing version 7.22.15 (70/156)...
2025-10-24 18:50:05,262 - BlankSpaceAnalyzer - INFO - -> Analyzing version 7.22.3 (71/156)...
2025-10-24 18:50:05,360 - BlankSpaceAnalyzer - INFO - -> Analyzing version 7.22.5 (72/156)...
2025-10-24 18:50:05,458 - BlankSpaceAnalyzer - INFO - -> Analyzing version 7.22.6 (73/156)...
2025-10-24 18:50:05,590 - BlankSpaceAnalyzer - INFO - -> Analyzing version 7.23.0 (74/156)...
2025-10-24 18:50:05,686 - BlankSpaceAnalyzer - INFO - -> Analyzing version 7.23.1 (75/156)...
2025-10-24 18:50:05,779 - BlankSpaceAnalyzer - INFO - -> Analyzing version 7.23.2 (76/156)...
2025-10-24 18:50:05,876 - BlankSpaceAnalyzer - INFO - -> Analyzing version 7.23.4 (77/156)...
2025-10-24 18:50:05,964 - BlankSpaceAnalyzer - INFO - -> Analyzing version 7.23.5 (78/156)...
2025-10-24 18:50:06,052 - BlankSpaceAnalyzer - INFO - -> Analyzing version 7.23.6 (79/156)...
2025-10-24 18:50:06,142 - BlankSpaceAnalyzer - INFO - -> Analyzing version 7.23.7 (80/156)...
2025-10-24 18:50:06,238 - BlankSpaceAnalyzer - INFO - -> Analyzing version 7.23.8 (81/156)...
2025-10-24 18:50:06,325 - BlankSpaceAnalyzer - INFO - -> Analyzing version 7.23.9 (82/156)...
2025-10-24 18:50:06,426 - BlankSpaceAnalyzer - INFO - -> Analyzing version 7.24.0 (83/156)...
2025-10-24 18:50:06,522 - BlankSpaceAnalyzer - INFO - -> Analyzing version 7.24.1 (84/156)...
2025-10-24 18:50:06,626 - BlankSpaceAnalyzer - INFO - -> Analyzing version 7.24.4 (85/156)...
2025-10-24 18:50:06,722 - BlankSpaceAnalyzer - INFO - -> Analyzing version 7.24.5 (86/156)...
2025-10-24 18:50:06,817 - BlankSpaceAnalyzer - INFO - -> Analyzing version 7.24.6 (87/156)...
2025-10-24 18:50:06,909 - BlankSpaceAnalyzer - INFO - -> Analyzing version 7.24.7 (88/156)...
2025-10-24 18:50:07,005 - BlankSpaceAnalyzer - INFO - -> Analyzing version 7.24.8 (89/156)...
2025-10-24 18:50:07,104 - BlankSpaceAnalyzer - INFO - -> Analyzing version 7.25.0 (90/156)...
2025-10-24 18:50:07,203 - BlankSpaceAnalyzer - INFO - -> Analyzing version 7.25.6 (91/156)...
2025-10-24 18:50:07,299 - BlankSpaceAnalyzer - INFO - -> Analyzing version 7.25.7 (92/156)...
2025-10-24 18:50:07,388 - BlankSpaceAnalyzer - INFO - -> Analyzing version 7.25.9 (93/156)...
2025-10-24 18:50:07,481 - BlankSpaceAnalyzer - INFO - -> Analyzing version 7.26.0 (94/156)...
2025-10-24 18:50:07,579 - BlankSpaceAnalyzer - INFO - -> Analyzing version 7.26.10 (95/156)...
2025-10-24 18:50:07,675 - BlankSpaceAnalyzer - INFO - -> Analyzing version 7.26.7 (96/156)...
2025-10-24 18:50:07,769 - BlankSpaceAnalyzer - INFO - -> Analyzing version 7.26.9 (97/156)...
2025-10-24 18:50:07,865 - BlankSpaceAnalyzer - INFO - -> Analyzing version 7.27.0 (98/156)...
2025-10-24 18:50:07,961 - BlankSpaceAnalyzer - INFO - -> Analyzing version 7.27.1 (99/156)...
2025-10-24 18:50:08,065 - BlankSpaceAnalyzer - INFO - -> Analyzing version 7.27.3 (100/156)...
2025-10-24 18:50:08,160 - BlankSpaceAnalyzer - INFO - -> Analyzing version 7.27.4 (101/156)...
2025-10-24 18:50:08,257 - BlankSpaceAnalyzer - INFO - -> Analyzing version 7.27.6 (102/156)...
2025-10-24 18:50:08,356 - BlankSpaceAnalyzer - INFO - -> Analyzing version 7.28.0 (103/156)...
2025-10-24 18:50:08,454 - BlankSpaceAnalyzer - INFO - -> Analyzing version 7.28.2 (104/156)...
2025-10-24 18:50:08,556 - BlankSpaceAnalyzer - INFO - -> Analyzing version 7.28.3 (105/156)...
2025-10-24 18:50:08,653 - BlankSpaceAnalyzer - INFO - -> Analyzing version 7.28.4 (106/156)...
2025-10-24 18:50:08,755 - BlankSpaceAnalyzer - INFO - -> Analyzing version 7.4.0 (107/156)...
2025-10-24 18:50:08,851 - BlankSpaceAnalyzer - INFO - -> Analyzing version 7.4.2 (108/156)...
2025-10-24 18:50:08,949 - BlankSpaceAnalyzer - INFO - -> Analyzing version 7.4.3 (109/156)...
2025-10-24 18:50:09,048 - BlankSpaceAnalyzer - INFO - -> Analyzing version 7.4.4 (110/156)...
2025-10-24 18:50:09,144 - BlankSpaceAnalyzer - INFO - -> Analyzing version 7.4.5 (111/156)...
2025-10-24 18:50:09,234 - BlankSpaceAnalyzer - INFO - -> Analyzing version 7.5.0 (112/156)...
2025-10-24 18:50:09,332 - BlankSpaceAnalyzer - INFO - -> Analyzing version 7.5.1 (113/156)...
2025-10-24 18:50:09,427 - BlankSpaceAnalyzer - INFO - -> Analyzing version 7.5.2 (114/156)...
2025-10-24 18:50:09,524 - BlankSpaceAnalyzer - INFO - -> Analyzing version 7.5.3 (115/156)...
2025-10-24 18:50:09,612 - BlankSpaceAnalyzer - INFO - -> Analyzing version 7.5.4 (116/156)...
2025-10-24 18:50:09,708 - BlankSpaceAnalyzer - INFO - -> Analyzing version 7.5.5 (117/156)...
2025-10-24 18:50:09,804 - BlankSpaceAnalyzer - INFO - -> Analyzing version 7.6.0 (118/156)...
2025-10-24 18:50:09,902 - BlankSpaceAnalyzer - INFO - -> Analyzing version 7.6.2 (119/156)...
2025-10-24 18:50:09,997 - BlankSpaceAnalyzer - INFO - -> Analyzing version 7.6.3 (120/156)...
2025-10-24 18:50:10,092 - BlankSpaceAnalyzer - INFO - -> Analyzing version 7.7.0 (121/156)...
2025-10-24 18:50:10,186 - BlankSpaceAnalyzer - INFO - -> Analyzing version 7.7.1 (122/156)...
2025-10-24 18:50:10,280 - BlankSpaceAnalyzer - INFO - -> Analyzing version 7.7.2 (123/156)...
2025-10-24 18:50:10,373 - BlankSpaceAnalyzer - INFO - -> Analyzing version 7.7.4 (124/156)...
2025-10-24 18:50:10,474 - BlankSpaceAnalyzer - INFO - -> Analyzing version 7.7.5 (125/156)...
2025-10-24 18:50:10,568 - BlankSpaceAnalyzer - INFO - -> Analyzing version 7.7.6 (126/156)...
2025-10-24 18:50:10,662 - BlankSpaceAnalyzer - INFO - -> Analyzing version 7.7.7 (127/156)...
2025-10-24 18:50:10,763 - BlankSpaceAnalyzer - INFO - -> Analyzing version 7.8.0 (128/156)...
2025-10-24 18:50:10,859 - BlankSpaceAnalyzer - INFO - -> Analyzing version 7.8.3 (129/156)...
2025-10-24 18:50:10,959 - BlankSpaceAnalyzer - INFO - -> Analyzing version 7.8.4 (130/156)...
2025-10-24 18:50:11,058 - BlankSpaceAnalyzer - INFO - -> Analyzing version 7.8.7 (131/156)...
2025-10-24 18:50:11,151 - BlankSpaceAnalyzer - INFO - -> Analyzing version 7.9.0 (132/156)...
2025-10-24 18:50:11,249 - BlankSpaceAnalyzer - INFO - -> Analyzing version 7.9.2 (133/156)...
2025-10-24 18:50:11,338 - BlankSpaceAnalyzer - INFO - -> Analyzing version 7.9.6 (134/156)...
2025-10-24 18:50:11,427 - BlankSpaceAnalyzer - INFO - -> Analyzing version 8.0.0-alpha.0 (135/156)...
2025-10-24 18:50:11,524 - BlankSpaceAnalyzer - INFO - -> Analyzing version 8.0.0-alpha.1 (136/156)...
2025-10-24 18:50:11,621 - BlankSpaceAnalyzer - INFO - -> Analyzing version 8.0.0-alpha.10 (137/156)...
2025-10-24 18:50:11,713 - BlankSpaceAnalyzer - INFO - -> Analyzing version 8.0.0-alpha.11 (138/156)...
2025-10-24 18:50:11,805 - BlankSpaceAnalyzer - INFO - -> Analyzing version 8.0.0-alpha.12 (139/156)...
2025-10-24 18:50:11,897 - BlankSpaceAnalyzer - INFO - -> Analyzing version 8.0.0-alpha.13 (140/156)...
2025-10-24 18:50:11,987 - BlankSpaceAnalyzer - INFO - -> Analyzing version 8.0.0-alpha.14 (141/156)...
2025-10-24 18:50:12,080 - BlankSpaceAnalyzer - INFO - -> Analyzing version 8.0.0-alpha.15 (142/156)...
2025-10-24 18:50:12,173 - BlankSpaceAnalyzer - INFO - -> Analyzing version 8.0.0-alpha.16 (143/156)...
2025-10-24 18:50:12,265 - BlankSpaceAnalyzer - INFO - -> Analyzing version 8.0.0-alpha.17 (144/156)...
2025-10-24 18:50:12,363 - BlankSpaceAnalyzer - INFO - -> Analyzing version 8.0.0-alpha.2 (145/156)...
2025-10-24 18:50:12,454 - BlankSpaceAnalyzer - INFO - -> Analyzing version 8.0.0-alpha.3 (146/156)...
2025-10-24 18:50:12,550 - BlankSpaceAnalyzer - INFO - -> Analyzing version 8.0.0-alpha.4 (147/156)...
2025-10-24 18:50:12,640 - BlankSpaceAnalyzer - INFO - -> Analyzing version 8.0.0-alpha.5 (148/156)...
2025-10-24 18:50:12,729 - BlankSpaceAnalyzer - INFO - -> Analyzing version 8.0.0-alpha.6 (149/156)...
2025-10-24 18:50:12,830 - BlankSpaceAnalyzer - INFO - -> Analyzing version 8.0.0-alpha.7 (150/156)...
2025-10-24 18:50:12,926 - BlankSpaceAnalyzer - INFO - -> Analyzing version 8.0.0-alpha.8 (151/156)...
2025-10-24 18:50:13,009 - BlankSpaceAnalyzer - INFO - -> Analyzing version 8.0.0-alpha.9 (152/156)...
2025-10-24 18:50:13,098 - BlankSpaceAnalyzer - INFO - -> Analyzing version 8.0.0-beta.0 (153/156)...
2025-10-24 18:50:13,186 - BlankSpaceAnalyzer - INFO - -> Analyzing version 8.0.0-beta.1 (154/156)...
2025-10-24 18:50:13,272 - BlankSpaceAnalyzer - INFO - -> Analyzing version 8.0.0-beta.2 (155/156)...
2025-10-24 18:50:13,356 - BlankSpaceAnalyzer - INFO - -> Analyzing version 8.0.0-beta.3 (156/156)...
2025-10-24 18:50:13,443 - BlankSpaceAnalyzer - INFO - Exporting results for '@babel/runtime-corejs3' to CSV...
2025-10-24 18:50:14,134 - BlankSpaceAnalyzer - INFO - Reports saved in: /app/npm_results/@babel_runtime-corejs3
2025-10-24 18:50:14,136 - NPM_Analyzer - INFO - Cleaning temporary folder 'temp/@babel_runtime-corejs3'...
2025-10-24 18:50:15,232 - NPM_Analyzer - INFO - Cleanup completed.
