2025-11-18 04:35:49,272 - NPM_HUT_Analyzer - INFO - Recupero metadata per '@rollup/plugin-babel'...
2025-11-18 04:35:49,519 - NPM_HUT_Analyzer - INFO - Trovate 17 versioni. Inizio download in 'temp_hut/@rollup_plugin-babel'...
2025-11-18 04:36:01,747 - UnicodeAnalyzer - INFO - Analizzando 17 versioni per '*.js' in '@rollup_plugin-babel'.
2025-11-18 04:36:01,748 - UnicodeAnalyzer - INFO - -> Analizzando versione 5.0.0 (1/17)...
2025-11-18 04:36:01,749 - UnicodeAnalyzer - INFO - Filtrati 2 file (es. in /dist, /test).
2025-11-18 04:36:01,749 - UnicodeAnalyzer - INFO - -> Analizzando versione 5.0.2 (2/17)...
2025-11-18 04:36:01,750 - UnicodeAnalyzer - INFO - Filtrati 2 file (es. in /dist, /test).
2025-11-18 04:36:01,751 - UnicodeAnalyzer - INFO - -> Analizzando versione 5.0.3 (3/17)...
2025-11-18 04:36:01,752 - UnicodeAnalyzer - INFO - Filtrati 2 file (es. in /dist, /test).
2025-11-18 04:36:01,752 - UnicodeAnalyzer - INFO - -> Analizzando versione 5.0.4 (4/17)...
2025-11-18 04:36:01,753 - UnicodeAnalyzer - INFO - Filtrati 2 file (es. in /dist, /test).
2025-11-18 04:36:01,753 - UnicodeAnalyzer - INFO - -> Analizzando versione 5.1.0 (5/17)...
2025-11-18 04:36:01,755 - UnicodeAnalyzer - INFO - Filtrati 2 file (es. in /dist, /test).
2025-11-18 04:36:01,755 - UnicodeAnalyzer - INFO - -> Analizzando versione 5.2.0 (6/17)...
2025-11-18 04:36:01,756 - UnicodeAnalyzer - INFO - Filtrati 2 file (es. in /dist, /test).
2025-11-18 04:36:01,757 - UnicodeAnalyzer - INFO - -> Analizzando versione 5.2.1 (7/17)...
2025-11-18 04:36:01,758 - UnicodeAnalyzer - INFO - Filtrati 2 file (es. in /dist, /test).
2025-11-18 04:36:01,758 - UnicodeAnalyzer - INFO - -> Analizzando versione 5.2.2 (8/17)...
2025-11-18 04:36:01,759 - UnicodeAnalyzer - INFO - Filtrati 2 file (es. in /dist, /test).
2025-11-18 04:36:01,760 - UnicodeAnalyzer - INFO - -> Analizzando versione 5.2.3 (9/17)...
2025-11-18 04:36:01,761 - UnicodeAnalyzer - INFO - Filtrati 2 file (es. in /dist, /test).
2025-11-18 04:36:01,761 - UnicodeAnalyzer - INFO - -> Analizzando versione 5.3.0 (10/17)...
2025-11-18 04:36:01,762 - UnicodeAnalyzer - INFO - Filtrati 2 file (es. in /dist, /test).
2025-11-18 04:36:01,763 - UnicodeAnalyzer - INFO - -> Analizzando versione 5.3.1 (11/17)...
2025-11-18 04:36:01,764 - UnicodeAnalyzer - INFO - Filtrati 2 file (es. in /dist, /test).
2025-11-18 04:36:01,764 - UnicodeAnalyzer - INFO - -> Analizzando versione 6.0.0 (12/17)...
2025-11-18 04:36:01,766 - UnicodeAnalyzer - INFO - Filtrati 2 file (es. in /dist, /test).
2025-11-18 04:36:01,766 - UnicodeAnalyzer - INFO - -> Analizzando versione 6.0.1 (13/17)...
2025-11-18 04:36:01,768 - UnicodeAnalyzer - INFO - Filtrati 2 file (es. in /dist, /test).
2025-11-18 04:36:01,768 - UnicodeAnalyzer - INFO - -> Analizzando versione 6.0.2 (14/17)...
2025-11-18 04:36:01,769 - UnicodeAnalyzer - INFO - Filtrati 2 file (es. in /dist, /test).
2025-11-18 04:36:01,770 - UnicodeAnalyzer - INFO - -> Analizzando versione 6.0.3 (15/17)...
2025-11-18 04:36:01,771 - UnicodeAnalyzer - INFO - Filtrati 2 file (es. in /dist, /test).
2025-11-18 04:36:01,772 - UnicodeAnalyzer - INFO - -> Analizzando versione 6.0.4 (16/17)...
2025-11-18 04:36:01,773 - UnicodeAnalyzer - INFO - Filtrati 2 file (es. in /dist, /test).
2025-11-18 04:36:01,773 - UnicodeAnalyzer - INFO - -> Analizzando versione 6.1.0 (17/17)...
2025-11-18 04:36:01,775 - UnicodeAnalyzer - INFO - Filtrati 2 file (es. in /dist, /test).
2025-11-18 04:36:01,783 - UnicodeAnalyzer - INFO - Esportando i risultati HUT per '@rollup/plugin-babel' in CSV...
2025-11-18 04:36:01,783 - UnicodeAnalyzer - WARNING - Nessun file analizzato. I file CSV saranno vuoti.
2025-11-18 04:36:01,783 - NPM_HUT_Analyzer - INFO - Pulizia cartella temporanea 'temp_hut/@rollup_plugin-babel'...
2025-11-18 04:36:01,791 - NPM_HUT_Analyzer - INFO - Pulizia completata.
