2025-10-23 03:20:57,538 - NPM_Analyzer - INFO - Fetching metadata for 'object.assign'...
2025-10-23 03:20:57,675 - NPM_Analyzer - INFO - Found 33 versions. Starting download into 'temp/object.assign'...
2025-10-23 03:21:18,132 - BlankSpaceAnalyzer - INFO - Analyzing 33 versions for '*.js' in 'object.assign'.
2025-10-23 03:21:18,132 - BlankSpaceAnalyzer - INFO - -> Analyzing version 0.1.0 (1/33)...
2025-10-23 03:21:18,202 - BlankSpaceAnalyzer - INFO - -> Analyzing version 0.1.1 (2/33)...
2025-10-23 03:21:18,235 - BlankSpaceAnalyzer - INFO - -> Analyzing version 0.2.0 (3/33)...
2025-10-23 03:21:18,272 - BlankSpaceAnalyzer - INFO - -> Analyzing version 0.2.1 (4/33)...
2025-10-23 03:21:18,308 - BlankSpaceAnalyzer - INFO - -> Analyzing version 0.3.1 (5/33)...
2025-10-23 03:21:18,347 - BlankSpaceAnalyzer - INFO - -> Analyzing version 0.4.0 (6/33)...
2025-10-23 03:21:18,389 - BlankSpaceAnalyzer - INFO - -> Analyzing version 0.4.2 (7/33)...
2025-10-23 03:21:18,427 - BlankSpaceAnalyzer - INFO - -> Analyzing version 0.4.3 (8/33)...
2025-10-23 03:21:18,466 - BlankSpaceAnalyzer - INFO - -> Analyzing version 0.5.0 (9/33)...
2025-10-23 03:21:18,505 - BlankSpaceAnalyzer - INFO - -> Analyzing version 1.0.0 (10/33)...
2025-10-23 03:21:18,545 - BlankSpaceAnalyzer - INFO - -> Analyzing version 1.0.1 (11/33)...
2025-10-23 03:21:18,585 - BlankSpaceAnalyzer - INFO - -> Analyzing version 1.0.2 (12/33)...
2025-10-23 03:21:18,585 - BlankSpaceAnalyzer - INFO - -> Analyzing version 1.0.3 (13/33)...
2025-10-23 03:21:18,624 - BlankSpaceAnalyzer - INFO - -> Analyzing version 1.1.1 (14/33)...
2025-10-23 03:21:18,664 - BlankSpaceAnalyzer - INFO - -> Analyzing version 2.0.0 (15/33)...
2025-10-23 03:21:18,704 - BlankSpaceAnalyzer - INFO - -> Analyzing version 2.0.1 (16/33)...
2025-10-23 03:21:18,744 - BlankSpaceAnalyzer - INFO - -> Analyzing version 2.0.2 (17/33)...
2025-10-23 03:21:18,783 - BlankSpaceAnalyzer - INFO - -> Analyzing version 2.0.3 (18/33)...
2025-10-23 03:21:18,822 - BlankSpaceAnalyzer - INFO - -> Analyzing version 3.0.0 (19/33)...
2025-10-23 03:21:18,862 - BlankSpaceAnalyzer - INFO - -> Analyzing version 3.0.1 (20/33)...
2025-10-23 03:21:18,902 - BlankSpaceAnalyzer - INFO - -> Analyzing version 4.0.0 (21/33)...
2025-10-23 03:21:18,942 - BlankSpaceAnalyzer - INFO - -> Analyzing version 4.0.1 (22/33)...
2025-10-23 03:21:18,983 - BlankSpaceAnalyzer - INFO - -> Analyzing version 4.0.2 (23/33)...
2025-10-23 03:21:19,024 - BlankSpaceAnalyzer - INFO - -> Analyzing version 4.0.3 (24/33)...
2025-10-23 03:21:19,064 - BlankSpaceAnalyzer - INFO - -> Analyzing version 4.0.4 (25/33)...
2025-10-23 03:21:19,104 - BlankSpaceAnalyzer - INFO - -> Analyzing version 4.1.0 (26/33)...
2025-10-23 03:21:19,146 - BlankSpaceAnalyzer - INFO - -> Analyzing version 4.1.1 (27/33)...
2025-10-23 03:21:19,188 - BlankSpaceAnalyzer - INFO - -> Analyzing version 4.1.2 (28/33)...
2025-10-23 03:21:19,230 - BlankSpaceAnalyzer - INFO - -> Analyzing version 4.1.3 (29/33)...
2025-10-23 03:21:19,272 - BlankSpaceAnalyzer - INFO - -> Analyzing version 4.1.4 (30/33)...
2025-10-23 03:21:19,312 - BlankSpaceAnalyzer - INFO - -> Analyzing version 4.1.5 (31/33)...
2025-10-23 03:21:19,354 - BlankSpaceAnalyzer - INFO - -> Analyzing version 4.1.6 (32/33)...
2025-10-23 03:21:19,394 - BlankSpaceAnalyzer - INFO - -> Analyzing version 4.1.7 (33/33)...
2025-10-23 03:21:19,437 - BlankSpaceAnalyzer - INFO - Exporting results for 'object.assign' to CSV...
2025-10-23 03:21:19,469 - BlankSpaceAnalyzer - INFO - Reports saved in: /app/npm_results/object.assign
2025-10-23 03:21:19,469 - NPM_Analyzer - INFO - Cleaning temporary folder 'temp/object.assign'...
2025-10-23 03:21:19,480 - NPM_Analyzer - INFO - Cleanup completed.
