2025-10-26 08:11:47,845 - NPM_Analyzer - INFO - Fetching metadata for 'node-gyp'...
2025-10-26 08:11:47,962 - NPM_Analyzer - INFO - Found 155 versions. Starting download into 'temp/node-gyp'...
2025-10-26 08:14:09,044 - BlankSpaceAnalyzer - INFO - Analyzing 155 versions for '*.js' in 'node-gyp'.
2025-10-26 08:14:09,045 - BlankSpaceAnalyzer - INFO - -> Analyzing version 0.0.1 (1/155)...
2025-10-26 08:14:09,143 - BlankSpaceAnalyzer - INFO - -> Analyzing version 0.0.2 (2/155)...
2025-10-26 08:14:09,217 - BlankSpaceAnalyzer - INFO - -> Analyzing version 0.0.3 (3/155)...
2025-10-26 08:14:09,298 - BlankSpaceAnalyzer - INFO - -> Analyzing version 0.0.4 (4/155)...
2025-10-26 08:14:09,380 - BlankSpaceAnalyzer - INFO - -> Analyzing version 0.0.5 (5/155)...
2025-10-26 08:14:09,466 - BlankSpaceAnalyzer - INFO - -> Analyzing version 0.0.6 (6/155)...
2025-10-26 08:14:09,547 - BlankSpaceAnalyzer - INFO - -> Analyzing version 0.1.0 (7/155)...
2025-10-26 08:14:09,629 - BlankSpaceAnalyzer - INFO - -> Analyzing version 0.1.1 (8/155)...
2025-10-26 08:14:09,710 - BlankSpaceAnalyzer - INFO - -> Analyzing version 0.1.2 (9/155)...
2025-10-26 08:14:09,787 - BlankSpaceAnalyzer - INFO - -> Analyzing version 0.1.3 (10/155)...
2025-10-26 08:14:09,865 - BlankSpaceAnalyzer - INFO - -> Analyzing version 0.1.4 (11/155)...
2025-10-26 08:14:09,940 - BlankSpaceAnalyzer - INFO - -> Analyzing version 0.10.0 (12/155)...
2025-10-26 08:14:10,035 - BlankSpaceAnalyzer - INFO - -> Analyzing version 0.10.1 (13/155)...
2025-10-26 08:14:10,128 - BlankSpaceAnalyzer - INFO - -> Analyzing version 0.10.10 (14/155)...
2025-10-26 08:14:10,209 - BlankSpaceAnalyzer - INFO - -> Analyzing version 0.10.2 (15/155)...
2025-10-26 08:14:10,286 - BlankSpaceAnalyzer - INFO - -> Analyzing version 0.10.3 (16/155)...
2025-10-26 08:14:10,361 - BlankSpaceAnalyzer - INFO - -> Analyzing version 0.10.4 (17/155)...
2025-10-26 08:14:10,438 - BlankSpaceAnalyzer - INFO - -> Analyzing version 0.10.5 (18/155)...
2025-10-26 08:14:10,520 - BlankSpaceAnalyzer - INFO - -> Analyzing version 0.10.6 (19/155)...
2025-10-26 08:14:10,602 - BlankSpaceAnalyzer - INFO - -> Analyzing version 0.10.7 (20/155)...
2025-10-26 08:14:10,680 - BlankSpaceAnalyzer - INFO - -> Analyzing version 0.10.8 (21/155)...
2025-10-26 08:14:10,754 - BlankSpaceAnalyzer - INFO - -> Analyzing version 0.10.9 (22/155)...
2025-10-26 08:14:10,831 - BlankSpaceAnalyzer - INFO - -> Analyzing version 0.11.0 (23/155)...
2025-10-26 08:14:10,915 - BlankSpaceAnalyzer - INFO - -> Analyzing version 0.12.0 (24/155)...
2025-10-26 08:14:10,998 - BlankSpaceAnalyzer - INFO - -> Analyzing version 0.12.1 (25/155)...
2025-10-26 08:14:11,078 - BlankSpaceAnalyzer - INFO - -> Analyzing version 0.12.2 (26/155)...
2025-10-26 08:14:11,154 - BlankSpaceAnalyzer - INFO - -> Analyzing version 0.13.0 (27/155)...
2025-10-26 08:14:11,230 - BlankSpaceAnalyzer - INFO - -> Analyzing version 0.13.1 (28/155)...
2025-10-26 08:14:11,314 - BlankSpaceAnalyzer - INFO - -> Analyzing version 0.2.0 (29/155)...
2025-10-26 08:14:11,396 - BlankSpaceAnalyzer - INFO - -> Analyzing version 0.2.1 (30/155)...
2025-10-26 08:14:11,475 - BlankSpaceAnalyzer - INFO - -> Analyzing version 0.2.2 (31/155)...
2025-10-26 08:14:11,552 - BlankSpaceAnalyzer - INFO - -> Analyzing version 0.3.0 (32/155)...
2025-10-26 08:14:11,635 - BlankSpaceAnalyzer - INFO - -> Analyzing version 0.3.1 (33/155)...
2025-10-26 08:14:11,717 - BlankSpaceAnalyzer - INFO - -> Analyzing version 0.3.10 (34/155)...
2025-10-26 08:14:11,800 - BlankSpaceAnalyzer - INFO - -> Analyzing version 0.3.11 (35/155)...
2025-10-26 08:14:11,880 - BlankSpaceAnalyzer - INFO - -> Analyzing version 0.3.2 (36/155)...
2025-10-26 08:14:11,958 - BlankSpaceAnalyzer - INFO - -> Analyzing version 0.3.4 (37/155)...
2025-10-26 08:14:12,041 - BlankSpaceAnalyzer - INFO - -> Analyzing version 0.3.5 (38/155)...
2025-10-26 08:14:12,124 - BlankSpaceAnalyzer - INFO - -> Analyzing version 0.3.6 (39/155)...
2025-10-26 08:14:12,201 - BlankSpaceAnalyzer - INFO - -> Analyzing version 0.3.7 (40/155)...
2025-10-26 08:14:12,282 - BlankSpaceAnalyzer - INFO - -> Analyzing version 0.3.8 (41/155)...
2025-10-26 08:14:12,362 - BlankSpaceAnalyzer - INFO - -> Analyzing version 0.3.9 (42/155)...
2025-10-26 08:14:12,438 - BlankSpaceAnalyzer - INFO - -> Analyzing version 0.4.0 (43/155)...
2025-10-26 08:14:12,521 - BlankSpaceAnalyzer - INFO - -> Analyzing version 0.4.1 (44/155)...
2025-10-26 08:14:12,604 - BlankSpaceAnalyzer - INFO - -> Analyzing version 0.4.2 (45/155)...
2025-10-26 08:14:12,688 - BlankSpaceAnalyzer - INFO - -> Analyzing version 0.4.3 (46/155)...
2025-10-26 08:14:12,767 - BlankSpaceAnalyzer - INFO - -> Analyzing version 0.4.4 (47/155)...
2025-10-26 08:14:12,843 - BlankSpaceAnalyzer - INFO - -> Analyzing version 0.4.5 (48/155)...
2025-10-26 08:14:12,926 - BlankSpaceAnalyzer - INFO - -> Analyzing version 0.5.0 (49/155)...
2025-10-26 08:14:13,008 - BlankSpaceAnalyzer - INFO - -> Analyzing version 0.5.1 (50/155)...
2025-10-26 08:14:13,091 - BlankSpaceAnalyzer - INFO - -> Analyzing version 0.5.2 (51/155)...
2025-10-26 08:14:13,171 - BlankSpaceAnalyzer - INFO - -> Analyzing version 0.5.3 (52/155)...
2025-10-26 08:14:13,247 - BlankSpaceAnalyzer - INFO - -> Analyzing version 0.5.4 (53/155)...
2025-10-26 08:14:13,323 - BlankSpaceAnalyzer - INFO - -> Analyzing version 0.5.5 (54/155)...
2025-10-26 08:14:13,405 - BlankSpaceAnalyzer - INFO - -> Analyzing version 0.5.6 (55/155)...
2025-10-26 08:14:13,484 - BlankSpaceAnalyzer - INFO - -> Analyzing version 0.5.7 (56/155)...
2025-10-26 08:14:13,560 - BlankSpaceAnalyzer - INFO - -> Analyzing version 0.5.8 (57/155)...
2025-10-26 08:14:13,635 - BlankSpaceAnalyzer - INFO - -> Analyzing version 0.6.0 (58/155)...
2025-10-26 08:14:13,718 - BlankSpaceAnalyzer - INFO - -> Analyzing version 0.6.1 (59/155)...
2025-10-26 08:14:13,795 - BlankSpaceAnalyzer - INFO - -> Analyzing version 0.6.10 (60/155)...
2025-10-26 08:14:13,871 - BlankSpaceAnalyzer - INFO - -> Analyzing version 0.6.11 (61/155)...
2025-10-26 08:14:13,948 - BlankSpaceAnalyzer - INFO - -> Analyzing version 0.6.2 (62/155)...
2025-10-26 08:14:14,031 - BlankSpaceAnalyzer - INFO - -> Analyzing version 0.6.3 (63/155)...
2025-10-26 08:14:14,113 - BlankSpaceAnalyzer - INFO - -> Analyzing version 0.6.4 (64/155)...
2025-10-26 08:14:14,195 - BlankSpaceAnalyzer - INFO - -> Analyzing version 0.6.5 (65/155)...
2025-10-26 08:14:14,274 - BlankSpaceAnalyzer - INFO - -> Analyzing version 0.6.6 (66/155)...
2025-10-26 08:14:14,350 - BlankSpaceAnalyzer - INFO - -> Analyzing version 0.6.7 (67/155)...
2025-10-26 08:14:14,425 - BlankSpaceAnalyzer - INFO - -> Analyzing version 0.6.8 (68/155)...
2025-10-26 08:14:14,508 - BlankSpaceAnalyzer - INFO - -> Analyzing version 0.6.9 (69/155)...
2025-10-26 08:14:14,590 - BlankSpaceAnalyzer - INFO - -> Analyzing version 0.7.0 (70/155)...
2025-10-26 08:14:14,670 - BlankSpaceAnalyzer - INFO - -> Analyzing version 0.7.1 (71/155)...
2025-10-26 08:14:14,746 - BlankSpaceAnalyzer - INFO - -> Analyzing version 0.7.2 (72/155)...
2025-10-26 08:14:14,822 - BlankSpaceAnalyzer - INFO - -> Analyzing version 0.7.3 (73/155)...
2025-10-26 08:14:14,905 - BlankSpaceAnalyzer - INFO - -> Analyzing version 0.8.0 (74/155)...
2025-10-26 08:14:14,984 - BlankSpaceAnalyzer - INFO - -> Analyzing version 0.8.1 (75/155)...
2025-10-26 08:14:15,070 - BlankSpaceAnalyzer - INFO - -> Analyzing version 0.8.2 (76/155)...
2025-10-26 08:14:15,154 - BlankSpaceAnalyzer - INFO - -> Analyzing version 0.8.3 (77/155)...
2025-10-26 08:14:15,240 - BlankSpaceAnalyzer - INFO - -> Analyzing version 0.8.4 (78/155)...
2025-10-26 08:14:15,336 - BlankSpaceAnalyzer - INFO - -> Analyzing version 0.8.5 (79/155)...
2025-10-26 08:14:15,419 - BlankSpaceAnalyzer - INFO - -> Analyzing version 0.9.0 (80/155)...
2025-10-26 08:14:15,512 - BlankSpaceAnalyzer - INFO - -> Analyzing version 0.9.1 (81/155)...
2025-10-26 08:14:15,610 - BlankSpaceAnalyzer - INFO - -> Analyzing version 0.9.2 (82/155)...
2025-10-26 08:14:15,704 - BlankSpaceAnalyzer - INFO - -> Analyzing version 0.9.3 (83/155)...
2025-10-26 08:14:15,792 - BlankSpaceAnalyzer - INFO - -> Analyzing version 0.9.4 (84/155)...
2025-10-26 08:14:15,881 - BlankSpaceAnalyzer - INFO - -> Analyzing version 0.9.5 (85/155)...
2025-10-26 08:14:15,971 - BlankSpaceAnalyzer - INFO - -> Analyzing version 0.9.6 (86/155)...
2025-10-26 08:14:16,057 - BlankSpaceAnalyzer - INFO - -> Analyzing version 1.0.0 (87/155)...
2025-10-26 08:14:16,133 - BlankSpaceAnalyzer - INFO - -> Analyzing version 1.0.1 (88/155)...
2025-10-26 08:14:16,216 - BlankSpaceAnalyzer - INFO - -> Analyzing version 1.0.2 (89/155)...
2025-10-26 08:14:16,298 - BlankSpaceAnalyzer - INFO - -> Analyzing version 1.0.3 (90/155)...
2025-10-26 08:14:16,378 - BlankSpaceAnalyzer - INFO - -> Analyzing version 10.0.0 (91/155)...
2025-10-26 08:14:16,455 - BlankSpaceAnalyzer - INFO - -> Analyzing version 10.0.1 (92/155)...
2025-10-26 08:14:16,532 - BlankSpaceAnalyzer - INFO - -> Analyzing version 10.1.0 (93/155)...
2025-10-26 08:14:16,615 - BlankSpaceAnalyzer - INFO - -> Analyzing version 10.2.0 (94/155)...
2025-10-26 08:14:16,697 - BlankSpaceAnalyzer - INFO - -> Analyzing version 10.3.0 (95/155)...
2025-10-26 08:14:16,780 - BlankSpaceAnalyzer - INFO - -> Analyzing version 10.3.1 (96/155)...
2025-10-26 08:14:16,865 - BlankSpaceAnalyzer - INFO - -> Analyzing version 11.0.0 (97/155)...
2025-10-26 08:14:16,940 - BlankSpaceAnalyzer - INFO - -> Analyzing version 11.1.0 (98/155)...
2025-10-26 08:14:17,026 - BlankSpaceAnalyzer - INFO - -> Analyzing version 11.2.0 (99/155)...
2025-10-26 08:14:17,109 - BlankSpaceAnalyzer - INFO - -> Analyzing version 11.3.0 (100/155)...
2025-10-26 08:14:17,191 - BlankSpaceAnalyzer - INFO - -> Analyzing version 11.4.0 (101/155)...
2025-10-26 08:14:17,275 - BlankSpaceAnalyzer - INFO - -> Analyzing version 11.4.1 (102/155)...
2025-10-26 08:14:17,357 - BlankSpaceAnalyzer - INFO - -> Analyzing version 11.4.2 (103/155)...
2025-10-26 08:14:17,433 - BlankSpaceAnalyzer - INFO - -> Analyzing version 11.5.0 (104/155)...
2025-10-26 08:14:17,517 - BlankSpaceAnalyzer - INFO - -> Analyzing version 2.0.0 (105/155)...
2025-10-26 08:14:17,600 - BlankSpaceAnalyzer - INFO - -> Analyzing version 2.0.1 (106/155)...
2025-10-26 08:14:17,682 - BlankSpaceAnalyzer - INFO - -> Analyzing version 2.0.2 (107/155)...
2025-10-26 08:14:17,763 - BlankSpaceAnalyzer - INFO - -> Analyzing version 3.0.0 (108/155)...
2025-10-26 08:14:17,840 - BlankSpaceAnalyzer - INFO - -> Analyzing version 3.0.1 (109/155)...
2025-10-26 08:14:17,924 - BlankSpaceAnalyzer - INFO - -> Analyzing version 3.0.2 (110/155)...
2025-10-26 08:14:18,007 - BlankSpaceAnalyzer - INFO - -> Analyzing version 3.0.3 (111/155)...
2025-10-26 08:14:18,090 - BlankSpaceAnalyzer - INFO - -> Analyzing version 3.1.0 (112/155)...
2025-10-26 08:14:18,169 - BlankSpaceAnalyzer - INFO - -> Analyzing version 3.2.0 (113/155)...
2025-10-26 08:14:18,246 - BlankSpaceAnalyzer - INFO - -> Analyzing version 3.2.1 (114/155)...
2025-10-26 08:14:18,322 - BlankSpaceAnalyzer - INFO - -> Analyzing version 3.3.0 (115/155)...
2025-10-26 08:14:18,406 - BlankSpaceAnalyzer - INFO - -> Analyzing version 3.3.1 (116/155)...
2025-10-26 08:14:18,490 - BlankSpaceAnalyzer - INFO - -> Analyzing version 3.4.0 (117/155)...
2025-10-26 08:14:18,571 - BlankSpaceAnalyzer - INFO - -> Analyzing version 3.5.0 (118/155)...
2025-10-26 08:14:18,649 - BlankSpaceAnalyzer - INFO - -> Analyzing version 3.6.0 (119/155)...
2025-10-26 08:14:18,726 - BlankSpaceAnalyzer - INFO - -> Analyzing version 3.6.1 (120/155)...
2025-10-26 08:14:18,810 - BlankSpaceAnalyzer - INFO - -> Analyzing version 3.6.2 (121/155)...
2025-10-26 08:14:18,893 - BlankSpaceAnalyzer - INFO - -> Analyzing version 3.6.3 (122/155)...
2025-10-26 08:14:18,981 - BlankSpaceAnalyzer - INFO - -> Analyzing version 3.7.0 (123/155)...
2025-10-26 08:14:19,069 - BlankSpaceAnalyzer - INFO - -> Analyzing version 3.8.0 (124/155)...
2025-10-26 08:14:19,151 - BlankSpaceAnalyzer - INFO - -> Analyzing version 4.0.0 (125/155)...
2025-10-26 08:14:19,235 - BlankSpaceAnalyzer - INFO - -> Analyzing version 5.0.0 (126/155)...
2025-10-26 08:14:19,318 - BlankSpaceAnalyzer - INFO - -> Analyzing version 5.0.1 (127/155)...
2025-10-26 08:14:19,405 - BlankSpaceAnalyzer - INFO - -> Analyzing version 5.0.2 (128/155)...
2025-10-26 08:14:19,484 - BlankSpaceAnalyzer - INFO - -> Analyzing version 5.0.3 (129/155)...
2025-10-26 08:14:19,562 - BlankSpaceAnalyzer - INFO - -> Analyzing version 5.0.4 (130/155)...
2025-10-26 08:14:19,640 - BlankSpaceAnalyzer - INFO - -> Analyzing version 5.0.5 (131/155)...
2025-10-26 08:14:19,724 - BlankSpaceAnalyzer - INFO - -> Analyzing version 5.0.6 (132/155)...
2025-10-26 08:14:19,808 - BlankSpaceAnalyzer - INFO - -> Analyzing version 5.0.7 (133/155)...
2025-10-26 08:14:19,893 - BlankSpaceAnalyzer - INFO - -> Analyzing version 5.1.0 (134/155)...
2025-10-26 08:14:19,974 - BlankSpaceAnalyzer - INFO - -> Analyzing version 5.1.1 (135/155)...
2025-10-26 08:14:20,058 - BlankSpaceAnalyzer - INFO - -> Analyzing version 6.0.0 (136/155)...
2025-10-26 08:14:20,141 - BlankSpaceAnalyzer - INFO - -> Analyzing version 6.0.1 (137/155)...
2025-10-26 08:14:20,223 - BlankSpaceAnalyzer - INFO - -> Analyzing version 6.1.0 (138/155)...
2025-10-26 08:14:20,308 - BlankSpaceAnalyzer - INFO - -> Analyzing version 7.0.0 (139/155)...
2025-10-26 08:14:20,392 - BlankSpaceAnalyzer - INFO - -> Analyzing version 7.1.0 (140/155)...
2025-10-26 08:14:20,477 - BlankSpaceAnalyzer - INFO - -> Analyzing version 7.1.1 (141/155)...
2025-10-26 08:14:20,561 - BlankSpaceAnalyzer - INFO - -> Analyzing version 7.1.2 (142/155)...
2025-10-26 08:14:20,645 - BlankSpaceAnalyzer - INFO - -> Analyzing version 8.0.0 (143/155)...
2025-10-26 08:14:20,729 - BlankSpaceAnalyzer - INFO - -> Analyzing version 8.1.0 (144/155)...
2025-10-26 08:14:20,813 - BlankSpaceAnalyzer - INFO - -> Analyzing version 8.2.0 (145/155)...
2025-10-26 08:14:20,899 - BlankSpaceAnalyzer - INFO - -> Analyzing version 8.3.0 (146/155)...
2025-10-26 08:14:20,981 - BlankSpaceAnalyzer - INFO - -> Analyzing version 8.4.0 (147/155)...
2025-10-26 08:14:21,061 - BlankSpaceAnalyzer - INFO - -> Analyzing version 8.4.1 (148/155)...
2025-10-26 08:14:21,145 - BlankSpaceAnalyzer - INFO - -> Analyzing version 9.0.0 (149/155)...
2025-10-26 08:14:21,230 - BlankSpaceAnalyzer - INFO - -> Analyzing version 9.1.0 (150/155)...
2025-10-26 08:14:21,314 - BlankSpaceAnalyzer - INFO - -> Analyzing version 9.2.0 (151/155)...
2025-10-26 08:14:21,400 - BlankSpaceAnalyzer - INFO - -> Analyzing version 9.3.0 (152/155)...
2025-10-26 08:14:21,484 - BlankSpaceAnalyzer - INFO - -> Analyzing version 9.3.1 (153/155)...
2025-10-26 08:14:21,569 - BlankSpaceAnalyzer - INFO - -> Analyzing version 9.4.0 (154/155)...
2025-10-26 08:14:21,655 - BlankSpaceAnalyzer - INFO - -> Analyzing version 9.4.1 (155/155)...
2025-10-26 08:14:21,742 - BlankSpaceAnalyzer - INFO - Exporting results for 'node-gyp' to CSV...
2025-10-26 08:14:21,917 - BlankSpaceAnalyzer - INFO - Reports saved in: /app/npm_results/node-gyp
2025-10-26 08:14:21,918 - NPM_Analyzer - INFO - Cleaning temporary folder 'temp/node-gyp'...
2025-10-26 08:14:22,556 - NPM_Analyzer - INFO - Cleanup completed.
