2025-11-04 10:10:15,132 - NPM_Analyzer - INFO - Fetching metadata for 'babel-plugin-syntax-async-functions'...
2025-11-04 10:10:15,301 - NPM_Analyzer - INFO - Found 33 versions. Starting download into 'temp/babel-plugin-syntax-async-functions'...
2025-11-04 10:10:40,977 - BlankSpaceAnalyzer - INFO - Analyzing 33 versions for '*.js' in 'babel-plugin-syntax-async-functions'.
2025-11-04 10:10:40,977 - BlankSpaceAnalyzer - INFO - -> Analyzing version 6.0.14 (1/33)...
2025-11-04 10:10:40,979 - BlankSpaceAnalyzer - INFO - -> Analyzing version 6.0.2 (2/33)...
2025-11-04 10:10:40,980 - BlankSpaceAnalyzer - INFO - -> Analyzing version 6.1.10 (3/33)...
2025-11-04 10:10:40,981 - BlankSpaceAnalyzer - INFO - -> Analyzing version 6.1.12 (4/33)...
2025-11-04 10:10:40,982 - BlankSpaceAnalyzer - INFO - -> Analyzing version 6.1.13 (5/33)...
2025-11-04 10:10:40,983 - BlankSpaceAnalyzer - INFO - -> Analyzing version 6.1.16 (6/33)...
2025-11-04 10:10:40,984 - BlankSpaceAnalyzer - INFO - -> Analyzing version 6.1.17 (7/33)...
2025-11-04 10:10:40,985 - BlankSpaceAnalyzer - INFO - -> Analyzing version 6.1.18 (8/33)...
2025-11-04 10:10:40,986 - BlankSpaceAnalyzer - INFO - -> Analyzing version 6.1.4 (9/33)...
2025-11-04 10:10:40,987 - BlankSpaceAnalyzer - INFO - -> Analyzing version 6.1.5 (10/33)...
2025-11-04 10:10:40,988 - BlankSpaceAnalyzer - INFO - -> Analyzing version 6.1.6 (11/33)...
2025-11-04 10:10:40,989 - BlankSpaceAnalyzer - INFO - -> Analyzing version 6.1.7 (12/33)...
2025-11-04 10:10:40,990 - BlankSpaceAnalyzer - INFO - -> Analyzing version 6.1.8 (13/33)...
2025-11-04 10:10:40,991 - BlankSpaceAnalyzer - INFO - -> Analyzing version 6.1.9 (14/33)...
2025-11-04 10:10:40,992 - BlankSpaceAnalyzer - INFO - -> Analyzing version 6.13.0 (15/33)...
2025-11-04 10:10:40,993 - BlankSpaceAnalyzer - INFO - -> Analyzing version 6.2.4 (16/33)...
2025-11-04 10:10:40,994 - BlankSpaceAnalyzer - INFO - -> Analyzing version 6.3.13 (17/33)...
2025-11-04 10:10:40,995 - BlankSpaceAnalyzer - INFO - -> Analyzing version 6.5.0 (18/33)...
2025-11-04 10:10:40,995 - BlankSpaceAnalyzer - INFO - -> Analyzing version 6.5.0-1 (19/33)...
2025-11-04 10:10:40,996 - BlankSpaceAnalyzer - INFO - -> Analyzing version 6.8.0 (20/33)...
2025-11-04 10:10:40,997 - BlankSpaceAnalyzer - INFO - -> Analyzing version 7.0.0-alpha.1 (21/33)...
2025-11-04 10:10:40,998 - BlankSpaceAnalyzer - INFO - -> Analyzing version 7.0.0-alpha.12 (22/33)...
2025-11-04 10:10:40,999 - BlankSpaceAnalyzer - INFO - -> Analyzing version 7.0.0-alpha.13 (23/33)...
2025-11-04 10:10:41,000 - BlankSpaceAnalyzer - INFO - -> Analyzing version 7.0.0-alpha.14 (24/33)...
2025-11-04 10:10:41,001 - BlankSpaceAnalyzer - INFO - -> Analyzing version 7.0.0-alpha.15 (25/33)...
2025-11-04 10:10:41,002 - BlankSpaceAnalyzer - INFO - -> Analyzing version 7.0.0-alpha.16 (26/33)...
2025-11-04 10:10:41,003 - BlankSpaceAnalyzer - INFO - -> Analyzing version 7.0.0-alpha.17 (27/33)...
2025-11-04 10:10:41,004 - BlankSpaceAnalyzer - INFO - -> Analyzing version 7.0.0-alpha.18 (28/33)...
2025-11-04 10:10:41,005 - BlankSpaceAnalyzer - INFO - -> Analyzing version 7.0.0-alpha.19 (29/33)...
2025-11-04 10:10:41,005 - BlankSpaceAnalyzer - INFO - -> Analyzing version 7.0.0-alpha.20 (30/33)...
2025-11-04 10:10:41,005 - BlankSpaceAnalyzer - INFO - -> Analyzing version 7.0.0-alpha.3 (31/33)...
2025-11-04 10:10:41,006 - BlankSpaceAnalyzer - INFO - -> Analyzing version 7.0.0-alpha.9 (32/33)...
2025-11-04 10:10:41,006 - BlankSpaceAnalyzer - INFO - -> Analyzing version 7.0.0-beta.0 (33/33)...
2025-11-04 10:10:41,006 - BlankSpaceAnalyzer - INFO - Exporting results for 'babel-plugin-syntax-async-functions' to CSV...
2025-11-04 10:10:41,030 - BlankSpaceAnalyzer - INFO - Reports saved in: /app/npm_results/babel-plugin-syntax-async-functions
2025-11-04 10:10:41,030 - NPM_Analyzer - INFO - Cleaning temporary folder 'temp/babel-plugin-syntax-async-functions'...
2025-11-04 10:10:41,035 - NPM_Analyzer - INFO - Cleanup completed.
