2025-10-29 13:37:35,262 - NPM_Analyzer - INFO - Fetching metadata for '@semantic-release/commit-analyzer'...
2025-10-29 13:37:35,457 - NPM_Analyzer - INFO - Found 61 versions. Starting download into 'temp/@semantic-release_commit-analyzer'...
2025-10-29 13:38:39,849 - BlankSpaceAnalyzer - INFO - Analyzing 61 versions for '*.js' in '@semantic-release_commit-analyzer'.
2025-10-29 13:38:39,849 - BlankSpaceAnalyzer - INFO - -> Analyzing version 1.0.0 (1/61)...
2025-10-29 13:38:39,850 - BlankSpaceAnalyzer - INFO - -> Analyzing version 10.0.0 (2/61)...
2025-10-29 13:38:39,932 - BlankSpaceAnalyzer - INFO - -> Analyzing version 10.0.0-beta.1 (3/61)...
2025-10-29 13:38:39,989 - BlankSpaceAnalyzer - INFO - -> Analyzing version 10.0.1 (4/61)...
2025-10-29 13:38:40,050 - BlankSpaceAnalyzer - INFO - -> Analyzing version 10.0.2 (5/61)...
2025-10-29 13:38:40,114 - BlankSpaceAnalyzer - INFO - -> Analyzing version 10.0.3 (6/61)...
2025-10-29 13:38:40,179 - BlankSpaceAnalyzer - INFO - -> Analyzing version 10.0.4 (7/61)...
2025-10-29 13:38:40,242 - BlankSpaceAnalyzer - INFO - -> Analyzing version 11.0.0 (8/61)...
2025-10-29 13:38:40,306 - BlankSpaceAnalyzer - INFO - -> Analyzing version 11.0.0-beta.1 (9/61)...
2025-10-29 13:38:40,369 - BlankSpaceAnalyzer - INFO - -> Analyzing version 11.0.0-beta.2 (10/61)...
2025-10-29 13:38:40,433 - BlankSpaceAnalyzer - INFO - -> Analyzing version 11.0.0-beta.3 (11/61)...
2025-10-29 13:38:40,497 - BlankSpaceAnalyzer - INFO - -> Analyzing version 11.0.0-beta.4 (12/61)...
2025-10-29 13:38:40,560 - BlankSpaceAnalyzer - INFO - -> Analyzing version 11.1.0 (13/61)...
2025-10-29 13:38:40,624 - BlankSpaceAnalyzer - INFO - -> Analyzing version 12.0.0 (14/61)...
2025-10-29 13:38:40,689 - BlankSpaceAnalyzer - INFO - -> Analyzing version 13.0.0 (15/61)...
2025-10-29 13:38:40,752 - BlankSpaceAnalyzer - INFO - -> Analyzing version 13.0.0-beta.1 (16/61)...
2025-10-29 13:38:40,816 - BlankSpaceAnalyzer - INFO - -> Analyzing version 13.0.0-beta.2 (17/61)...
2025-10-29 13:38:40,881 - BlankSpaceAnalyzer - INFO - -> Analyzing version 13.0.1 (18/61)...
2025-10-29 13:38:40,946 - BlankSpaceAnalyzer - INFO - -> Analyzing version 2.0.0 (19/61)...
2025-10-29 13:38:40,946 - BlankSpaceAnalyzer - INFO - -> Analyzing version 3.0.0 (20/61)...
2025-10-29 13:38:41,004 - BlankSpaceAnalyzer - INFO - -> Analyzing version 3.0.1 (21/61)...
2025-10-29 13:38:41,066 - BlankSpaceAnalyzer - INFO - -> Analyzing version 3.0.2 (22/61)...
2025-10-29 13:38:41,131 - BlankSpaceAnalyzer - INFO - -> Analyzing version 3.0.3 (23/61)...
2025-10-29 13:38:41,195 - BlankSpaceAnalyzer - INFO - -> Analyzing version 3.0.4 (24/61)...
2025-10-29 13:38:41,259 - BlankSpaceAnalyzer - INFO - -> Analyzing version 3.0.5 (25/61)...
2025-10-29 13:38:41,323 - BlankSpaceAnalyzer - INFO - -> Analyzing version 3.0.6 (26/61)...
2025-10-29 13:38:41,387 - BlankSpaceAnalyzer - INFO - -> Analyzing version 3.0.7 (27/61)...
2025-10-29 13:38:41,451 - BlankSpaceAnalyzer - INFO - -> Analyzing version 4.0.0 (28/61)...
2025-10-29 13:38:41,514 - BlankSpaceAnalyzer - INFO - -> Analyzing version 4.0.1 (29/61)...
2025-10-29 13:38:41,578 - BlankSpaceAnalyzer - INFO - -> Analyzing version 5.0.0 (30/61)...
2025-10-29 13:38:41,642 - BlankSpaceAnalyzer - INFO - -> Analyzing version 5.0.1 (31/61)...
2025-10-29 13:38:41,705 - BlankSpaceAnalyzer - INFO - -> Analyzing version 5.0.2 (32/61)...
2025-10-29 13:38:41,769 - BlankSpaceAnalyzer - INFO - -> Analyzing version 5.0.3 (33/61)...
2025-10-29 13:38:41,833 - BlankSpaceAnalyzer - INFO - -> Analyzing version 5.0.4 (34/61)...
2025-10-29 13:38:41,897 - BlankSpaceAnalyzer - INFO - -> Analyzing version 5.0.5 (35/61)...
2025-10-29 13:38:41,960 - BlankSpaceAnalyzer - INFO - -> Analyzing version 5.1.0 (36/61)...
2025-10-29 13:38:42,026 - BlankSpaceAnalyzer - INFO - -> Analyzing version 6.0.0 (37/61)...
2025-10-29 13:38:42,091 - BlankSpaceAnalyzer - INFO - -> Analyzing version 6.0.1 (38/61)...
2025-10-29 13:38:42,155 - BlankSpaceAnalyzer - INFO - -> Analyzing version 6.1.0 (39/61)...
2025-10-29 13:38:42,220 - BlankSpaceAnalyzer - INFO - -> Analyzing version 6.1.1 (40/61)...
2025-10-29 13:38:42,284 - BlankSpaceAnalyzer - INFO - -> Analyzing version 6.2.0 (41/61)...
2025-10-29 13:38:42,347 - BlankSpaceAnalyzer - INFO - -> Analyzing version 6.3.0 (42/61)...
2025-10-29 13:38:42,412 - BlankSpaceAnalyzer - INFO - -> Analyzing version 6.3.1 (43/61)...
2025-10-29 13:38:42,476 - BlankSpaceAnalyzer - INFO - -> Analyzing version 6.3.2 (44/61)...
2025-10-29 13:38:42,539 - BlankSpaceAnalyzer - INFO - -> Analyzing version 6.3.3 (45/61)...
2025-10-29 13:38:42,603 - BlankSpaceAnalyzer - INFO - -> Analyzing version 7.0.0 (46/61)...
2025-10-29 13:38:42,667 - BlankSpaceAnalyzer - INFO - -> Analyzing version 7.0.0-beta.1 (47/61)...
2025-10-29 13:38:42,730 - BlankSpaceAnalyzer - INFO - -> Analyzing version 7.0.0-beta.2 (48/61)...
2025-10-29 13:38:42,794 - BlankSpaceAnalyzer - INFO - -> Analyzing version 7.0.0-beta.3 (49/61)...
2025-10-29 13:38:42,859 - BlankSpaceAnalyzer - INFO - -> Analyzing version 7.0.0-beta.4 (50/61)...
2025-10-29 13:38:42,923 - BlankSpaceAnalyzer - INFO - -> Analyzing version 7.0.0-beta.5 (51/61)...
2025-10-29 13:38:42,987 - BlankSpaceAnalyzer - INFO - -> Analyzing version 7.0.0-beta.6 (52/61)...
2025-10-29 13:38:43,052 - BlankSpaceAnalyzer - INFO - -> Analyzing version 7.0.0-beta.7 (53/61)...
2025-10-29 13:38:43,116 - BlankSpaceAnalyzer - INFO - -> Analyzing version 8.0.0 (54/61)...
2025-10-29 13:38:43,180 - BlankSpaceAnalyzer - INFO - -> Analyzing version 8.0.1 (55/61)...
2025-10-29 13:38:43,243 - BlankSpaceAnalyzer - INFO - -> Analyzing version 9.0.0 (56/61)...
2025-10-29 13:38:43,301 - BlankSpaceAnalyzer - INFO - -> Analyzing version 9.0.0-beta.1 (57/61)...
2025-10-29 13:38:43,363 - BlankSpaceAnalyzer - INFO - -> Analyzing version 9.0.0-beta.2 (58/61)...
2025-10-29 13:38:43,430 - BlankSpaceAnalyzer - INFO - -> Analyzing version 9.0.0-beta.3 (59/61)...
2025-10-29 13:38:43,493 - BlankSpaceAnalyzer - INFO - -> Analyzing version 9.0.1 (60/61)...
2025-10-29 13:38:43,557 - BlankSpaceAnalyzer - INFO - -> Analyzing version 9.0.2 (61/61)...
2025-10-29 13:38:43,622 - BlankSpaceAnalyzer - INFO - Exporting results for '@semantic-release/commit-analyzer' to CSV...
2025-10-29 13:38:43,680 - BlankSpaceAnalyzer - INFO - Reports saved in: /app/npm_results/@semantic-release_commit-analyzer
2025-10-29 13:38:43,681 - NPM_Analyzer - INFO - Cleaning temporary folder 'temp/@semantic-release_commit-analyzer'...
2025-10-29 13:38:43,696 - NPM_Analyzer - INFO - Cleanup completed.
