2025-11-14 06:43:48,276 - NPM_HUT_Analyzer - INFO - Recupero metadata per '@radix-ui/react-tooltip'...
2025-11-14 06:43:48,489 - NPM_HUT_Analyzer - INFO - Trovate 359 versioni. Inizio download in 'temp_hut/@radix-ui_react-tooltip'...
2025-11-14 06:53:10,820 - UnicodeAnalyzer - INFO - Analizzando 359 versioni per '*.js' in '@radix-ui_react-tooltip'.
2025-11-14 06:53:10,820 - UnicodeAnalyzer - INFO - -> Analizzando versione 0.0.0-20250116175529 (1/359)...
2025-11-14 06:53:10,821 - UnicodeAnalyzer - INFO - Filtrati 1 file (es. in /dist, /test).
2025-11-14 06:53:10,822 - UnicodeAnalyzer - INFO - -> Analizzando versione 0.0.0-20250116183145 (2/359)...
2025-11-14 06:53:10,822 - UnicodeAnalyzer - INFO - Filtrati 1 file (es. in /dist, /test).
2025-11-14 06:53:10,822 - UnicodeAnalyzer - INFO - -> Analizzando versione 0.0.0-20250116193558 (3/359)...
2025-11-14 06:53:10,823 - UnicodeAnalyzer - INFO - Filtrati 1 file (es. in /dist, /test).
2025-11-14 06:53:10,823 - UnicodeAnalyzer - INFO - -> Analizzando versione 0.0.0-20250116194335 (4/359)...
2025-11-14 06:53:10,824 - UnicodeAnalyzer - INFO - Filtrati 1 file (es. in /dist, /test).
2025-11-14 06:53:10,824 - UnicodeAnalyzer - INFO - -> Analizzando versione 0.0.1 (5/359)...
2025-11-14 06:53:10,825 - UnicodeAnalyzer - INFO - Filtrati 2 file (es. in /dist, /test).
2025-11-14 06:53:10,825 - UnicodeAnalyzer - INFO - -> Analizzando versione 0.0.10 (6/359)...
2025-11-14 06:53:10,826 - UnicodeAnalyzer - INFO - Filtrati 2 file (es. in /dist, /test).
2025-11-14 06:53:10,826 - UnicodeAnalyzer - INFO - -> Analizzando versione 0.0.11 (7/359)...
2025-11-14 06:53:10,826 - UnicodeAnalyzer - INFO - Filtrati 2 file (es. in /dist, /test).
2025-11-14 06:53:10,826 - UnicodeAnalyzer - INFO - -> Analizzando versione 0.0.12 (8/359)...
2025-11-14 06:53:10,827 - UnicodeAnalyzer - INFO - Filtrati 2 file (es. in /dist, /test).
2025-11-14 06:53:10,827 - UnicodeAnalyzer - INFO - -> Analizzando versione 0.0.13 (9/359)...
2025-11-14 06:53:10,828 - UnicodeAnalyzer - INFO - Filtrati 2 file (es. in /dist, /test).
2025-11-14 06:53:10,828 - UnicodeAnalyzer - INFO - -> Analizzando versione 0.0.14 (10/359)...
2025-11-14 06:53:10,828 - UnicodeAnalyzer - INFO - Filtrati 2 file (es. in /dist, /test).
2025-11-14 06:53:10,828 - UnicodeAnalyzer - INFO - -> Analizzando versione 0.0.15 (11/359)...
2025-11-14 06:53:10,829 - UnicodeAnalyzer - INFO - Filtrati 2 file (es. in /dist, /test).
2025-11-14 06:53:10,829 - UnicodeAnalyzer - INFO - -> Analizzando versione 0.0.16 (12/359)...
2025-11-14 06:53:10,830 - UnicodeAnalyzer - INFO - Filtrati 2 file (es. in /dist, /test).
2025-11-14 06:53:10,830 - UnicodeAnalyzer - INFO - -> Analizzando versione 0.0.17 (13/359)...
2025-11-14 06:53:10,830 - UnicodeAnalyzer - INFO - Filtrati 2 file (es. in /dist, /test).
2025-11-14 06:53:10,830 - UnicodeAnalyzer - INFO - -> Analizzando versione 0.0.18 (14/359)...
2025-11-14 06:53:10,831 - UnicodeAnalyzer - INFO - Filtrati 2 file (es. in /dist, /test).
2025-11-14 06:53:10,831 - UnicodeAnalyzer - INFO - -> Analizzando versione 0.0.19 (15/359)...
2025-11-14 06:53:10,831 - UnicodeAnalyzer - INFO - Filtrati 2 file (es. in /dist, /test).
2025-11-14 06:53:10,832 - UnicodeAnalyzer - INFO - -> Analizzando versione 0.0.2 (16/359)...
2025-11-14 06:53:10,832 - UnicodeAnalyzer - INFO - Filtrati 2 file (es. in /dist, /test).
2025-11-14 06:53:10,832 - UnicodeAnalyzer - INFO - -> Analizzando versione 0.0.20 (17/359)...
2025-11-14 06:53:10,832 - UnicodeAnalyzer - INFO - Filtrati 2 file (es. in /dist, /test).
2025-11-14 06:53:10,833 - UnicodeAnalyzer - INFO - -> Analizzando versione 0.0.21 (18/359)...
2025-11-14 06:53:10,833 - UnicodeAnalyzer - INFO - Filtrati 2 file (es. in /dist, /test).
2025-11-14 06:53:10,833 - UnicodeAnalyzer - INFO - -> Analizzando versione 0.0.3 (19/359)...
2025-11-14 06:53:10,834 - UnicodeAnalyzer - INFO - Filtrati 2 file (es. in /dist, /test).
2025-11-14 06:53:10,834 - UnicodeAnalyzer - INFO - -> Analizzando versione 0.0.4 (20/359)...
2025-11-14 06:53:10,834 - UnicodeAnalyzer - INFO - Filtrati 2 file (es. in /dist, /test).
2025-11-14 06:53:10,834 - UnicodeAnalyzer - INFO - -> Analizzando versione 0.0.5 (21/359)...
2025-11-14 06:53:10,835 - UnicodeAnalyzer - INFO - Filtrati 2 file (es. in /dist, /test).
2025-11-14 06:53:10,835 - UnicodeAnalyzer - INFO - -> Analizzando versione 0.0.6 (22/359)...
2025-11-14 06:53:10,835 - UnicodeAnalyzer - INFO - Filtrati 2 file (es. in /dist, /test).
2025-11-14 06:53:10,835 - UnicodeAnalyzer - INFO - -> Analizzando versione 0.0.7 (23/359)...
2025-11-14 06:53:10,836 - UnicodeAnalyzer - INFO - Filtrati 2 file (es. in /dist, /test).
2025-11-14 06:53:10,836 - UnicodeAnalyzer - INFO - -> Analizzando versione 0.0.8 (24/359)...
2025-11-14 06:53:10,836 - UnicodeAnalyzer - INFO - Filtrati 2 file (es. in /dist, /test).
2025-11-14 06:53:10,836 - UnicodeAnalyzer - INFO - -> Analizzando versione 0.0.9 (25/359)...
2025-11-14 06:53:10,836 - UnicodeAnalyzer - INFO - Filtrati 2 file (es. in /dist, /test).
2025-11-14 06:53:10,837 - UnicodeAnalyzer - INFO - -> Analizzando versione 0.1.0 (26/359)...
2025-11-14 06:53:10,837 - UnicodeAnalyzer - INFO - Filtrati 2 file (es. in /dist, /test).
2025-11-14 06:53:10,837 - UnicodeAnalyzer - INFO - -> Analizzando versione 0.1.0-rc.1 (27/359)...
2025-11-14 06:53:10,837 - UnicodeAnalyzer - INFO - -> Analizzando versione 0.1.0-rc.2 (28/359)...
2025-11-14 06:53:10,838 - UnicodeAnalyzer - INFO - Filtrati 2 file (es. in /dist, /test).
2025-11-14 06:53:10,838 - UnicodeAnalyzer - INFO - -> Analizzando versione 0.1.1 (29/359)...
2025-11-14 06:53:10,838 - UnicodeAnalyzer - INFO - Filtrati 2 file (es. in /dist, /test).
2025-11-14 06:53:10,838 - UnicodeAnalyzer - INFO - -> Analizzando versione 0.1.1-rc.1 (30/359)...
2025-11-14 06:53:10,838 - UnicodeAnalyzer - INFO - Filtrati 2 file (es. in /dist, /test).
2025-11-14 06:53:10,839 - UnicodeAnalyzer - INFO - -> Analizzando versione 0.1.1-rc.10 (31/359)...
2025-11-14 06:53:10,839 - UnicodeAnalyzer - INFO - Filtrati 2 file (es. in /dist, /test).
2025-11-14 06:53:10,839 - UnicodeAnalyzer - INFO - -> Analizzando versione 0.1.1-rc.11 (32/359)...
2025-11-14 06:53:10,839 - UnicodeAnalyzer - INFO - Filtrati 2 file (es. in /dist, /test).
2025-11-14 06:53:10,839 - UnicodeAnalyzer - INFO - -> Analizzando versione 0.1.1-rc.12 (33/359)...
2025-11-14 06:53:10,840 - UnicodeAnalyzer - INFO - Filtrati 2 file (es. in /dist, /test).
2025-11-14 06:53:10,840 - UnicodeAnalyzer - INFO - -> Analizzando versione 0.1.1-rc.13 (34/359)...
2025-11-14 06:53:10,840 - UnicodeAnalyzer - INFO - Filtrati 2 file (es. in /dist, /test).
2025-11-14 06:53:10,840 - UnicodeAnalyzer - INFO - -> Analizzando versione 0.1.1-rc.14 (35/359)...
2025-11-14 06:53:10,840 - UnicodeAnalyzer - INFO - Filtrati 2 file (es. in /dist, /test).
2025-11-14 06:53:10,840 - UnicodeAnalyzer - INFO - -> Analizzando versione 0.1.1-rc.15 (36/359)...
2025-11-14 06:53:10,841 - UnicodeAnalyzer - INFO - Filtrati 2 file (es. in /dist, /test).
2025-11-14 06:53:10,841 - UnicodeAnalyzer - INFO - -> Analizzando versione 0.1.1-rc.16 (37/359)...
2025-11-14 06:53:10,841 - UnicodeAnalyzer - INFO - Filtrati 2 file (es. in /dist, /test).
2025-11-14 06:53:10,841 - UnicodeAnalyzer - INFO - -> Analizzando versione 0.1.1-rc.17 (38/359)...
2025-11-14 06:53:10,841 - UnicodeAnalyzer - INFO - Filtrati 2 file (es. in /dist, /test).
2025-11-14 06:53:10,841 - UnicodeAnalyzer - INFO - -> Analizzando versione 0.1.1-rc.18 (39/359)...
2025-11-14 06:53:10,842 - UnicodeAnalyzer - INFO - Filtrati 2 file (es. in /dist, /test).
2025-11-14 06:53:10,842 - UnicodeAnalyzer - INFO - -> Analizzando versione 0.1.1-rc.19 (40/359)...
2025-11-14 06:53:10,842 - UnicodeAnalyzer - INFO - Filtrati 2 file (es. in /dist, /test).
2025-11-14 06:53:10,842 - UnicodeAnalyzer - INFO - -> Analizzando versione 0.1.1-rc.2 (41/359)...
2025-11-14 06:53:10,842 - UnicodeAnalyzer - INFO - Filtrati 2 file (es. in /dist, /test).
2025-11-14 06:53:10,842 - UnicodeAnalyzer - INFO - -> Analizzando versione 0.1.1-rc.3 (42/359)...
2025-11-14 06:53:10,842 - UnicodeAnalyzer - INFO - Filtrati 2 file (es. in /dist, /test).
2025-11-14 06:53:10,842 - UnicodeAnalyzer - INFO - -> Analizzando versione 0.1.1-rc.4 (43/359)...
2025-11-14 06:53:10,843 - UnicodeAnalyzer - INFO - Filtrati 2 file (es. in /dist, /test).
2025-11-14 06:53:10,843 - UnicodeAnalyzer - INFO - -> Analizzando versione 0.1.1-rc.5 (44/359)...
2025-11-14 06:53:10,843 - UnicodeAnalyzer - INFO - Filtrati 2 file (es. in /dist, /test).
2025-11-14 06:53:10,843 - UnicodeAnalyzer - INFO - -> Analizzando versione 0.1.1-rc.6 (45/359)...
2025-11-14 06:53:10,843 - UnicodeAnalyzer - INFO - Filtrati 2 file (es. in /dist, /test).
2025-11-14 06:53:10,843 - UnicodeAnalyzer - INFO - -> Analizzando versione 0.1.1-rc.7 (46/359)...
2025-11-14 06:53:10,844 - UnicodeAnalyzer - INFO - Filtrati 2 file (es. in /dist, /test).
2025-11-14 06:53:10,844 - UnicodeAnalyzer - INFO - -> Analizzando versione 0.1.1-rc.8 (47/359)...
2025-11-14 06:53:10,844 - UnicodeAnalyzer - INFO - Filtrati 2 file (es. in /dist, /test).
2025-11-14 06:53:10,844 - UnicodeAnalyzer - INFO - -> Analizzando versione 0.1.1-rc.9 (48/359)...
2025-11-14 06:53:10,844 - UnicodeAnalyzer - INFO - Filtrati 2 file (es. in /dist, /test).
2025-11-14 06:53:10,844 - UnicodeAnalyzer - INFO - -> Analizzando versione 0.1.2 (49/359)...
2025-11-14 06:53:10,844 - UnicodeAnalyzer - INFO - Filtrati 2 file (es. in /dist, /test).
2025-11-14 06:53:10,844 - UnicodeAnalyzer - INFO - -> Analizzando versione 0.1.2-rc.1 (50/359)...
2025-11-14 06:53:10,845 - UnicodeAnalyzer - INFO - Filtrati 2 file (es. in /dist, /test).
2025-11-14 06:53:10,845 - UnicodeAnalyzer - INFO - -> Analizzando versione 0.1.2-rc.2 (51/359)...
2025-11-14 06:53:10,845 - UnicodeAnalyzer - INFO - Filtrati 2 file (es. in /dist, /test).
2025-11-14 06:53:10,845 - UnicodeAnalyzer - INFO - -> Analizzando versione 0.1.2-rc.3 (52/359)...
2025-11-14 06:53:10,845 - UnicodeAnalyzer - INFO - Filtrati 2 file (es. in /dist, /test).
2025-11-14 06:53:10,845 - UnicodeAnalyzer - INFO - -> Analizzando versione 0.1.2-rc.4 (53/359)...
2025-11-14 06:53:10,845 - UnicodeAnalyzer - INFO - Filtrati 2 file (es. in /dist, /test).
2025-11-14 06:53:10,846 - UnicodeAnalyzer - INFO - -> Analizzando versione 0.1.2-rc.5 (54/359)...
2025-11-14 06:53:10,846 - UnicodeAnalyzer - INFO - Filtrati 2 file (es. in /dist, /test).
2025-11-14 06:53:10,846 - UnicodeAnalyzer - INFO - -> Analizzando versione 0.1.2-rc.6 (55/359)...
2025-11-14 06:53:10,846 - UnicodeAnalyzer - INFO - Filtrati 2 file (es. in /dist, /test).
2025-11-14 06:53:10,846 - UnicodeAnalyzer - INFO - -> Analizzando versione 0.1.2-rc.7 (56/359)...
2025-11-14 06:53:10,846 - UnicodeAnalyzer - INFO - Filtrati 2 file (es. in /dist, /test).
2025-11-14 06:53:10,846 - UnicodeAnalyzer - INFO - -> Analizzando versione 0.1.2-rc.8 (57/359)...
2025-11-14 06:53:10,847 - UnicodeAnalyzer - INFO - Filtrati 2 file (es. in /dist, /test).
2025-11-14 06:53:10,847 - UnicodeAnalyzer - INFO - -> Analizzando versione 0.1.2-rc.9 (58/359)...
2025-11-14 06:53:10,847 - UnicodeAnalyzer - INFO - Filtrati 2 file (es. in /dist, /test).
2025-11-14 06:53:10,847 - UnicodeAnalyzer - INFO - -> Analizzando versione 0.1.3 (59/359)...
2025-11-14 06:53:10,847 - UnicodeAnalyzer - INFO - Filtrati 2 file (es. in /dist, /test).
2025-11-14 06:53:10,847 - UnicodeAnalyzer - INFO - -> Analizzando versione 0.1.3-rc.1 (60/359)...
2025-11-14 06:53:10,847 - UnicodeAnalyzer - INFO - Filtrati 2 file (es. in /dist, /test).
2025-11-14 06:53:10,847 - UnicodeAnalyzer - INFO - -> Analizzando versione 0.1.4 (61/359)...
2025-11-14 06:53:10,848 - UnicodeAnalyzer - INFO - Filtrati 2 file (es. in /dist, /test).
2025-11-14 06:53:10,848 - UnicodeAnalyzer - INFO - -> Analizzando versione 0.1.4-rc.1 (62/359)...
2025-11-14 06:53:10,848 - UnicodeAnalyzer - INFO - Filtrati 2 file (es. in /dist, /test).
2025-11-14 06:53:10,848 - UnicodeAnalyzer - INFO - -> Analizzando versione 0.1.4-rc.2 (63/359)...
2025-11-14 06:53:10,848 - UnicodeAnalyzer - INFO - Filtrati 2 file (es. in /dist, /test).
2025-11-14 06:53:10,848 - UnicodeAnalyzer - INFO - -> Analizzando versione 0.1.5 (64/359)...
2025-11-14 06:53:10,848 - UnicodeAnalyzer - INFO - Filtrati 2 file (es. in /dist, /test).
2025-11-14 06:53:10,848 - UnicodeAnalyzer - INFO - -> Analizzando versione 0.1.6 (65/359)...
2025-11-14 06:53:10,849 - UnicodeAnalyzer - INFO - Filtrati 2 file (es. in /dist, /test).
2025-11-14 06:53:10,849 - UnicodeAnalyzer - INFO - -> Analizzando versione 0.1.6-rc.1 (66/359)...
2025-11-14 06:53:10,849 - UnicodeAnalyzer - INFO - Filtrati 2 file (es. in /dist, /test).
2025-11-14 06:53:10,849 - UnicodeAnalyzer - INFO - -> Analizzando versione 0.1.7 (67/359)...
2025-11-14 06:53:10,849 - UnicodeAnalyzer - INFO - Filtrati 2 file (es. in /dist, /test).
2025-11-14 06:53:10,849 - UnicodeAnalyzer - INFO - -> Analizzando versione 0.1.7-rc.1 (68/359)...
2025-11-14 06:53:10,850 - UnicodeAnalyzer - INFO - Filtrati 2 file (es. in /dist, /test).
2025-11-14 06:53:10,850 - UnicodeAnalyzer - INFO - -> Analizzando versione 0.1.7-rc.10 (69/359)...
2025-11-14 06:53:10,850 - UnicodeAnalyzer - INFO - Filtrati 2 file (es. in /dist, /test).
2025-11-14 06:53:10,850 - UnicodeAnalyzer - INFO - -> Analizzando versione 0.1.7-rc.11 (70/359)...
2025-11-14 06:53:10,850 - UnicodeAnalyzer - INFO - Filtrati 2 file (es. in /dist, /test).
2025-11-14 06:53:10,850 - UnicodeAnalyzer - INFO - -> Analizzando versione 0.1.7-rc.12 (71/359)...
2025-11-14 06:53:10,850 - UnicodeAnalyzer - INFO - Filtrati 2 file (es. in /dist, /test).
2025-11-14 06:53:10,850 - UnicodeAnalyzer - INFO - -> Analizzando versione 0.1.7-rc.13 (72/359)...
2025-11-14 06:53:10,851 - UnicodeAnalyzer - INFO - Filtrati 2 file (es. in /dist, /test).
2025-11-14 06:53:10,851 - UnicodeAnalyzer - INFO - -> Analizzando versione 0.1.7-rc.14 (73/359)...
2025-11-14 06:53:10,851 - UnicodeAnalyzer - INFO - Filtrati 2 file (es. in /dist, /test).
2025-11-14 06:53:10,851 - UnicodeAnalyzer - INFO - -> Analizzando versione 0.1.7-rc.15 (74/359)...
2025-11-14 06:53:10,851 - UnicodeAnalyzer - INFO - Filtrati 2 file (es. in /dist, /test).
2025-11-14 06:53:10,851 - UnicodeAnalyzer - INFO - -> Analizzando versione 0.1.7-rc.16 (75/359)...
2025-11-14 06:53:10,851 - UnicodeAnalyzer - INFO - Filtrati 2 file (es. in /dist, /test).
2025-11-14 06:53:10,851 - UnicodeAnalyzer - INFO - -> Analizzando versione 0.1.7-rc.17 (76/359)...
2025-11-14 06:53:10,852 - UnicodeAnalyzer - INFO - Filtrati 2 file (es. in /dist, /test).
2025-11-14 06:53:10,852 - UnicodeAnalyzer - INFO - -> Analizzando versione 0.1.7-rc.18 (77/359)...
2025-11-14 06:53:10,852 - UnicodeAnalyzer - INFO - Filtrati 2 file (es. in /dist, /test).
2025-11-14 06:53:10,852 - UnicodeAnalyzer - INFO - -> Analizzando versione 0.1.7-rc.19 (78/359)...
2025-11-14 06:53:10,852 - UnicodeAnalyzer - INFO - Filtrati 2 file (es. in /dist, /test).
2025-11-14 06:53:10,852 - UnicodeAnalyzer - INFO - -> Analizzando versione 0.1.7-rc.2 (79/359)...
2025-11-14 06:53:10,852 - UnicodeAnalyzer - INFO - Filtrati 2 file (es. in /dist, /test).
2025-11-14 06:53:10,853 - UnicodeAnalyzer - INFO - -> Analizzando versione 0.1.7-rc.20 (80/359)...
2025-11-14 06:53:10,853 - UnicodeAnalyzer - INFO - Filtrati 2 file (es. in /dist, /test).
2025-11-14 06:53:10,853 - UnicodeAnalyzer - INFO - -> Analizzando versione 0.1.7-rc.21 (81/359)...
2025-11-14 06:53:10,853 - UnicodeAnalyzer - INFO - Filtrati 2 file (es. in /dist, /test).
2025-11-14 06:53:10,853 - UnicodeAnalyzer - INFO - -> Analizzando versione 0.1.7-rc.22 (82/359)...
2025-11-14 06:53:10,853 - UnicodeAnalyzer - INFO - Filtrati 2 file (es. in /dist, /test).
2025-11-14 06:53:10,853 - UnicodeAnalyzer - INFO - -> Analizzando versione 0.1.7-rc.23 (83/359)...
2025-11-14 06:53:10,854 - UnicodeAnalyzer - INFO - Filtrati 2 file (es. in /dist, /test).
2025-11-14 06:53:10,854 - UnicodeAnalyzer - INFO - -> Analizzando versione 0.1.7-rc.24 (84/359)...
2025-11-14 06:53:10,854 - UnicodeAnalyzer - INFO - Filtrati 2 file (es. in /dist, /test).
2025-11-14 06:53:10,854 - UnicodeAnalyzer - INFO - -> Analizzando versione 0.1.7-rc.25 (85/359)...
2025-11-14 06:53:10,854 - UnicodeAnalyzer - INFO - Filtrati 2 file (es. in /dist, /test).
2025-11-14 06:53:10,854 - UnicodeAnalyzer - INFO - -> Analizzando versione 0.1.7-rc.26 (86/359)...
2025-11-14 06:53:10,854 - UnicodeAnalyzer - INFO - Filtrati 2 file (es. in /dist, /test).
2025-11-14 06:53:10,854 - UnicodeAnalyzer - INFO - -> Analizzando versione 0.1.7-rc.3 (87/359)...
2025-11-14 06:53:10,855 - UnicodeAnalyzer - INFO - Filtrati 2 file (es. in /dist, /test).
2025-11-14 06:53:10,855 - UnicodeAnalyzer - INFO - -> Analizzando versione 0.1.7-rc.4 (88/359)...
2025-11-14 06:53:10,855 - UnicodeAnalyzer - INFO - Filtrati 2 file (es. in /dist, /test).
2025-11-14 06:53:10,855 - UnicodeAnalyzer - INFO - -> Analizzando versione 0.1.7-rc.5 (89/359)...
2025-11-14 06:53:10,855 - UnicodeAnalyzer - INFO - Filtrati 2 file (es. in /dist, /test).
2025-11-14 06:53:10,855 - UnicodeAnalyzer - INFO - -> Analizzando versione 0.1.7-rc.6 (90/359)...
2025-11-14 06:53:10,855 - UnicodeAnalyzer - INFO - Filtrati 2 file (es. in /dist, /test).
2025-11-14 06:53:10,855 - UnicodeAnalyzer - INFO - -> Analizzando versione 0.1.7-rc.7 (91/359)...
2025-11-14 06:53:10,856 - UnicodeAnalyzer - INFO - Filtrati 2 file (es. in /dist, /test).
2025-11-14 06:53:10,856 - UnicodeAnalyzer - INFO - -> Analizzando versione 0.1.7-rc.8 (92/359)...
2025-11-14 06:53:10,856 - UnicodeAnalyzer - INFO - Filtrati 2 file (es. in /dist, /test).
2025-11-14 06:53:10,856 - UnicodeAnalyzer - INFO - -> Analizzando versione 0.1.7-rc.9 (93/359)...
2025-11-14 06:53:10,856 - UnicodeAnalyzer - INFO - Filtrati 2 file (es. in /dist, /test).
2025-11-14 06:53:10,856 - UnicodeAnalyzer - INFO - -> Analizzando versione 0.1.8-rc.1 (94/359)...
2025-11-14 06:53:10,857 - UnicodeAnalyzer - INFO - Filtrati 2 file (es. in /dist, /test).
2025-11-14 06:53:10,857 - UnicodeAnalyzer - INFO - -> Analizzando versione 0.1.8-rc.10 (95/359)...
2025-11-14 06:53:10,857 - UnicodeAnalyzer - INFO - Filtrati 2 file (es. in /dist, /test).
2025-11-14 06:53:10,857 - UnicodeAnalyzer - INFO - -> Analizzando versione 0.1.8-rc.11 (96/359)...
2025-11-14 06:53:10,857 - UnicodeAnalyzer - INFO - Filtrati 2 file (es. in /dist, /test).
2025-11-14 06:53:10,857 - UnicodeAnalyzer - INFO - -> Analizzando versione 0.1.8-rc.12 (97/359)...
2025-11-14 06:53:10,857 - UnicodeAnalyzer - INFO - Filtrati 2 file (es. in /dist, /test).
2025-11-14 06:53:10,857 - UnicodeAnalyzer - INFO - -> Analizzando versione 0.1.8-rc.13 (98/359)...
2025-11-14 06:53:10,858 - UnicodeAnalyzer - INFO - Filtrati 2 file (es. in /dist, /test).
2025-11-14 06:53:10,858 - UnicodeAnalyzer - INFO - -> Analizzando versione 0.1.8-rc.14 (99/359)...
2025-11-14 06:53:10,858 - UnicodeAnalyzer - INFO - Filtrati 2 file (es. in /dist, /test).
2025-11-14 06:53:10,858 - UnicodeAnalyzer - INFO - -> Analizzando versione 0.1.8-rc.15 (100/359)...
2025-11-14 06:53:10,858 - UnicodeAnalyzer - INFO - Filtrati 2 file (es. in /dist, /test).
2025-11-14 06:53:10,858 - UnicodeAnalyzer - INFO - -> Analizzando versione 0.1.8-rc.16 (101/359)...
2025-11-14 06:53:10,858 - UnicodeAnalyzer - INFO - Filtrati 2 file (es. in /dist, /test).
2025-11-14 06:53:10,858 - UnicodeAnalyzer - INFO - -> Analizzando versione 0.1.8-rc.17 (102/359)...
2025-11-14 06:53:10,859 - UnicodeAnalyzer - INFO - Filtrati 2 file (es. in /dist, /test).
2025-11-14 06:53:10,859 - UnicodeAnalyzer - INFO - -> Analizzando versione 0.1.8-rc.18 (103/359)...
2025-11-14 06:53:10,859 - UnicodeAnalyzer - INFO - Filtrati 2 file (es. in /dist, /test).
2025-11-14 06:53:10,859 - UnicodeAnalyzer - INFO - -> Analizzando versione 0.1.8-rc.19 (104/359)...
2025-11-14 06:53:10,859 - UnicodeAnalyzer - INFO - Filtrati 2 file (es. in /dist, /test).
2025-11-14 06:53:10,859 - UnicodeAnalyzer - INFO - -> Analizzando versione 0.1.8-rc.2 (105/359)...
2025-11-14 06:53:10,859 - UnicodeAnalyzer - INFO - Filtrati 2 file (es. in /dist, /test).
2025-11-14 06:53:10,860 - UnicodeAnalyzer - INFO - -> Analizzando versione 0.1.8-rc.20 (106/359)...
2025-11-14 06:53:10,860 - UnicodeAnalyzer - INFO - Filtrati 2 file (es. in /dist, /test).
2025-11-14 06:53:10,860 - UnicodeAnalyzer - INFO - -> Analizzando versione 0.1.8-rc.21 (107/359)...
2025-11-14 06:53:10,860 - UnicodeAnalyzer - INFO - Filtrati 2 file (es. in /dist, /test).
2025-11-14 06:53:10,860 - UnicodeAnalyzer - INFO - -> Analizzando versione 0.1.8-rc.22 (108/359)...
2025-11-14 06:53:10,860 - UnicodeAnalyzer - INFO - Filtrati 2 file (es. in /dist, /test).
2025-11-14 06:53:10,860 - UnicodeAnalyzer - INFO - -> Analizzando versione 0.1.8-rc.23 (109/359)...
2025-11-14 06:53:10,861 - UnicodeAnalyzer - INFO - Filtrati 2 file (es. in /dist, /test).
2025-11-14 06:53:10,861 - UnicodeAnalyzer - INFO - -> Analizzando versione 0.1.8-rc.24 (110/359)...
2025-11-14 06:53:10,861 - UnicodeAnalyzer - INFO - Filtrati 2 file (es. in /dist, /test).
2025-11-14 06:53:10,861 - UnicodeAnalyzer - INFO - -> Analizzando versione 0.1.8-rc.25 (111/359)...
2025-11-14 06:53:10,861 - UnicodeAnalyzer - INFO - Filtrati 2 file (es. in /dist, /test).
2025-11-14 06:53:10,861 - UnicodeAnalyzer - INFO - -> Analizzando versione 0.1.8-rc.26 (112/359)...
2025-11-14 06:53:10,861 - UnicodeAnalyzer - INFO - Filtrati 2 file (es. in /dist, /test).
2025-11-14 06:53:10,861 - UnicodeAnalyzer - INFO - -> Analizzando versione 0.1.8-rc.27 (113/359)...
2025-11-14 06:53:10,862 - UnicodeAnalyzer - INFO - Filtrati 2 file (es. in /dist, /test).
2025-11-14 06:53:10,862 - UnicodeAnalyzer - INFO - -> Analizzando versione 0.1.8-rc.28 (114/359)...
2025-11-14 06:53:10,862 - UnicodeAnalyzer - INFO - Filtrati 2 file (es. in /dist, /test).
2025-11-14 06:53:10,862 - UnicodeAnalyzer - INFO - -> Analizzando versione 0.1.8-rc.29 (115/359)...
2025-11-14 06:53:10,862 - UnicodeAnalyzer - INFO - Filtrati 2 file (es. in /dist, /test).
2025-11-14 06:53:10,862 - UnicodeAnalyzer - INFO - -> Analizzando versione 0.1.8-rc.3 (116/359)...
2025-11-14 06:53:10,862 - UnicodeAnalyzer - INFO - Filtrati 2 file (es. in /dist, /test).
2025-11-14 06:53:10,863 - UnicodeAnalyzer - INFO - -> Analizzando versione 0.1.8-rc.30 (117/359)...
2025-11-14 06:53:10,863 - UnicodeAnalyzer - INFO - Filtrati 2 file (es. in /dist, /test).
2025-11-14 06:53:10,863 - UnicodeAnalyzer - INFO - -> Analizzando versione 0.1.8-rc.31 (118/359)...
2025-11-14 06:53:10,863 - UnicodeAnalyzer - INFO - Filtrati 2 file (es. in /dist, /test).
2025-11-14 06:53:10,863 - UnicodeAnalyzer - INFO - -> Analizzando versione 0.1.8-rc.32 (119/359)...
2025-11-14 06:53:10,863 - UnicodeAnalyzer - INFO - Filtrati 2 file (es. in /dist, /test).
2025-11-14 06:53:10,863 - UnicodeAnalyzer - INFO - -> Analizzando versione 0.1.8-rc.33 (120/359)...
2025-11-14 06:53:10,864 - UnicodeAnalyzer - INFO - Filtrati 2 file (es. in /dist, /test).
2025-11-14 06:53:10,864 - UnicodeAnalyzer - INFO - -> Analizzando versione 0.1.8-rc.34 (121/359)...
2025-11-14 06:53:10,864 - UnicodeAnalyzer - INFO - Filtrati 2 file (es. in /dist, /test).
2025-11-14 06:53:10,864 - UnicodeAnalyzer - INFO - -> Analizzando versione 0.1.8-rc.35 (122/359)...
2025-11-14 06:53:10,864 - UnicodeAnalyzer - INFO - Filtrati 2 file (es. in /dist, /test).
2025-11-14 06:53:10,864 - UnicodeAnalyzer - INFO - -> Analizzando versione 0.1.8-rc.36 (123/359)...
2025-11-14 06:53:10,865 - UnicodeAnalyzer - INFO - Filtrati 2 file (es. in /dist, /test).
2025-11-14 06:53:10,865 - UnicodeAnalyzer - INFO - -> Analizzando versione 0.1.8-rc.37 (124/359)...
2025-11-14 06:53:10,865 - UnicodeAnalyzer - INFO - Filtrati 2 file (es. in /dist, /test).
2025-11-14 06:53:10,865 - UnicodeAnalyzer - INFO - -> Analizzando versione 0.1.8-rc.38 (125/359)...
2025-11-14 06:53:10,865 - UnicodeAnalyzer - INFO - Filtrati 2 file (es. in /dist, /test).
2025-11-14 06:53:10,865 - UnicodeAnalyzer - INFO - -> Analizzando versione 0.1.8-rc.39 (126/359)...
2025-11-14 06:53:10,865 - UnicodeAnalyzer - INFO - Filtrati 2 file (es. in /dist, /test).
2025-11-14 06:53:10,865 - UnicodeAnalyzer - INFO - -> Analizzando versione 0.1.8-rc.4 (127/359)...
2025-11-14 06:53:10,866 - UnicodeAnalyzer - INFO - Filtrati 2 file (es. in /dist, /test).
2025-11-14 06:53:10,866 - UnicodeAnalyzer - INFO - -> Analizzando versione 0.1.8-rc.40 (128/359)...
2025-11-14 06:53:10,866 - UnicodeAnalyzer - INFO - Filtrati 2 file (es. in /dist, /test).
2025-11-14 06:53:10,866 - UnicodeAnalyzer - INFO - -> Analizzando versione 0.1.8-rc.41 (129/359)...
2025-11-14 06:53:10,866 - UnicodeAnalyzer - INFO - Filtrati 2 file (es. in /dist, /test).
2025-11-14 06:53:10,866 - UnicodeAnalyzer - INFO - -> Analizzando versione 0.1.8-rc.42 (130/359)...
2025-11-14 06:53:10,867 - UnicodeAnalyzer - INFO - Filtrati 2 file (es. in /dist, /test).
2025-11-14 06:53:10,867 - UnicodeAnalyzer - INFO - -> Analizzando versione 0.1.8-rc.43 (131/359)...
2025-11-14 06:53:10,867 - UnicodeAnalyzer - INFO - Filtrati 2 file (es. in /dist, /test).
2025-11-14 06:53:10,867 - UnicodeAnalyzer - INFO - -> Analizzando versione 0.1.8-rc.44 (132/359)...
2025-11-14 06:53:10,867 - UnicodeAnalyzer - INFO - Filtrati 2 file (es. in /dist, /test).
2025-11-14 06:53:10,867 - UnicodeAnalyzer - INFO - -> Analizzando versione 0.1.8-rc.45 (133/359)...
2025-11-14 06:53:10,867 - UnicodeAnalyzer - INFO - Filtrati 2 file (es. in /dist, /test).
2025-11-14 06:53:10,867 - UnicodeAnalyzer - INFO - -> Analizzando versione 0.1.8-rc.46 (134/359)...
2025-11-14 06:53:10,868 - UnicodeAnalyzer - INFO - Filtrati 2 file (es. in /dist, /test).
2025-11-14 06:53:10,868 - UnicodeAnalyzer - INFO - -> Analizzando versione 0.1.8-rc.47 (135/359)...
2025-11-14 06:53:10,868 - UnicodeAnalyzer - INFO - Filtrati 2 file (es. in /dist, /test).
2025-11-14 06:53:10,868 - UnicodeAnalyzer - INFO - -> Analizzando versione 0.1.8-rc.48 (136/359)...
2025-11-14 06:53:10,868 - UnicodeAnalyzer - INFO - Filtrati 2 file (es. in /dist, /test).
2025-11-14 06:53:10,868 - UnicodeAnalyzer - INFO - -> Analizzando versione 0.1.8-rc.49 (137/359)...
2025-11-14 06:53:10,869 - UnicodeAnalyzer - INFO - Filtrati 2 file (es. in /dist, /test).
2025-11-14 06:53:10,869 - UnicodeAnalyzer - INFO - -> Analizzando versione 0.1.8-rc.5 (138/359)...
2025-11-14 06:53:10,869 - UnicodeAnalyzer - INFO - Filtrati 2 file (es. in /dist, /test).
2025-11-14 06:53:10,869 - UnicodeAnalyzer - INFO - -> Analizzando versione 0.1.8-rc.50 (139/359)...
2025-11-14 06:53:10,869 - UnicodeAnalyzer - INFO - Filtrati 2 file (es. in /dist, /test).
2025-11-14 06:53:10,869 - UnicodeAnalyzer - INFO - -> Analizzando versione 0.1.8-rc.51 (140/359)...
2025-11-14 06:53:10,869 - UnicodeAnalyzer - INFO - Filtrati 2 file (es. in /dist, /test).
2025-11-14 06:53:10,869 - UnicodeAnalyzer - INFO - -> Analizzando versione 0.1.8-rc.52 (141/359)...
2025-11-14 06:53:10,870 - UnicodeAnalyzer - INFO - Filtrati 2 file (es. in /dist, /test).
2025-11-14 06:53:10,870 - UnicodeAnalyzer - INFO - -> Analizzando versione 0.1.8-rc.6 (142/359)...
2025-11-14 06:53:10,870 - UnicodeAnalyzer - INFO - Filtrati 2 file (es. in /dist, /test).
2025-11-14 06:53:10,870 - UnicodeAnalyzer - INFO - -> Analizzando versione 0.1.8-rc.7 (143/359)...
2025-11-14 06:53:10,870 - UnicodeAnalyzer - INFO - Filtrati 2 file (es. in /dist, /test).
2025-11-14 06:53:10,870 - UnicodeAnalyzer - INFO - -> Analizzando versione 0.1.8-rc.8 (144/359)...
2025-11-14 06:53:10,871 - UnicodeAnalyzer - INFO - Filtrati 2 file (es. in /dist, /test).
2025-11-14 06:53:10,871 - UnicodeAnalyzer - INFO - -> Analizzando versione 0.1.8-rc.9 (145/359)...
2025-11-14 06:53:10,871 - UnicodeAnalyzer - INFO - Filtrati 2 file (es. in /dist, /test).
2025-11-14 06:53:10,871 - UnicodeAnalyzer - INFO - -> Analizzando versione 1.0.0 (146/359)...
2025-11-14 06:53:10,871 - UnicodeAnalyzer - INFO - Filtrati 2 file (es. in /dist, /test).
2025-11-14 06:53:10,871 - UnicodeAnalyzer - INFO - -> Analizzando versione 1.0.0-rc.1 (147/359)...
2025-11-14 06:53:10,871 - UnicodeAnalyzer - INFO - Filtrati 2 file (es. in /dist, /test).
2025-11-14 06:53:10,871 - UnicodeAnalyzer - INFO - -> Analizzando versione 1.0.1 (148/359)...
2025-11-14 06:53:10,872 - UnicodeAnalyzer - INFO - Filtrati 2 file (es. in /dist, /test).
2025-11-14 06:53:10,872 - UnicodeAnalyzer - INFO - -> Analizzando versione 1.0.1-rc.1 (149/359)...
2025-11-14 06:53:10,872 - UnicodeAnalyzer - INFO - Filtrati 2 file (es. in /dist, /test).
2025-11-14 06:53:10,872 - UnicodeAnalyzer - INFO - -> Analizzando versione 1.0.1-rc.10 (150/359)...
2025-11-14 06:53:10,872 - UnicodeAnalyzer - INFO - Filtrati 2 file (es. in /dist, /test).
2025-11-14 06:53:10,872 - UnicodeAnalyzer - INFO - -> Analizzando versione 1.0.1-rc.11 (151/359)...
2025-11-14 06:53:10,873 - UnicodeAnalyzer - INFO - Filtrati 2 file (es. in /dist, /test).
2025-11-14 06:53:10,873 - UnicodeAnalyzer - INFO - -> Analizzando versione 1.0.1-rc.12 (152/359)...
2025-11-14 06:53:10,873 - UnicodeAnalyzer - INFO - Filtrati 2 file (es. in /dist, /test).
2025-11-14 06:53:10,873 - UnicodeAnalyzer - INFO - -> Analizzando versione 1.0.1-rc.13 (153/359)...
2025-11-14 06:53:10,873 - UnicodeAnalyzer - INFO - Filtrati 2 file (es. in /dist, /test).
2025-11-14 06:53:10,873 - UnicodeAnalyzer - INFO - -> Analizzando versione 1.0.1-rc.14 (154/359)...
2025-11-14 06:53:10,873 - UnicodeAnalyzer - INFO - Filtrati 2 file (es. in /dist, /test).
2025-11-14 06:53:10,873 - UnicodeAnalyzer - INFO - -> Analizzando versione 1.0.1-rc.15 (155/359)...
2025-11-14 06:53:10,874 - UnicodeAnalyzer - INFO - Filtrati 2 file (es. in /dist, /test).
2025-11-14 06:53:10,874 - UnicodeAnalyzer - INFO - -> Analizzando versione 1.0.1-rc.16 (156/359)...
2025-11-14 06:53:10,874 - UnicodeAnalyzer - INFO - Filtrati 2 file (es. in /dist, /test).
2025-11-14 06:53:10,874 - UnicodeAnalyzer - INFO - -> Analizzando versione 1.0.1-rc.17 (157/359)...
2025-11-14 06:53:10,874 - UnicodeAnalyzer - INFO - Filtrati 2 file (es. in /dist, /test).
2025-11-14 06:53:10,874 - UnicodeAnalyzer - INFO - -> Analizzando versione 1.0.1-rc.18 (158/359)...
2025-11-14 06:53:10,874 - UnicodeAnalyzer - INFO - Filtrati 2 file (es. in /dist, /test).
2025-11-14 06:53:10,875 - UnicodeAnalyzer - INFO - -> Analizzando versione 1.0.1-rc.19 (159/359)...
2025-11-14 06:53:10,875 - UnicodeAnalyzer - INFO - Filtrati 2 file (es. in /dist, /test).
2025-11-14 06:53:10,875 - UnicodeAnalyzer - INFO - -> Analizzando versione 1.0.1-rc.2 (160/359)...
2025-11-14 06:53:10,875 - UnicodeAnalyzer - INFO - Filtrati 2 file (es. in /dist, /test).
2025-11-14 06:53:10,875 - UnicodeAnalyzer - INFO - -> Analizzando versione 1.0.1-rc.20 (161/359)...
2025-11-14 06:53:10,875 - UnicodeAnalyzer - INFO - Filtrati 2 file (es. in /dist, /test).
2025-11-14 06:53:10,875 - UnicodeAnalyzer - INFO - -> Analizzando versione 1.0.1-rc.21 (162/359)...
2025-11-14 06:53:10,876 - UnicodeAnalyzer - INFO - Filtrati 2 file (es. in /dist, /test).
2025-11-14 06:53:10,876 - UnicodeAnalyzer - INFO - -> Analizzando versione 1.0.1-rc.22 (163/359)...
2025-11-14 06:53:10,876 - UnicodeAnalyzer - INFO - Filtrati 2 file (es. in /dist, /test).
2025-11-14 06:53:10,876 - UnicodeAnalyzer - INFO - -> Analizzando versione 1.0.1-rc.23 (164/359)...
2025-11-14 06:53:10,876 - UnicodeAnalyzer - INFO - Filtrati 2 file (es. in /dist, /test).
2025-11-14 06:53:10,876 - UnicodeAnalyzer - INFO - -> Analizzando versione 1.0.1-rc.3 (165/359)...
2025-11-14 06:53:10,876 - UnicodeAnalyzer - INFO - Filtrati 2 file (es. in /dist, /test).
2025-11-14 06:53:10,877 - UnicodeAnalyzer - INFO - -> Analizzando versione 1.0.1-rc.4 (166/359)...
2025-11-14 06:53:10,877 - UnicodeAnalyzer - INFO - Filtrati 2 file (es. in /dist, /test).
2025-11-14 06:53:10,877 - UnicodeAnalyzer - INFO - -> Analizzando versione 1.0.1-rc.5 (167/359)...
2025-11-14 06:53:10,877 - UnicodeAnalyzer - INFO - Filtrati 2 file (es. in /dist, /test).
2025-11-14 06:53:10,877 - UnicodeAnalyzer - INFO - -> Analizzando versione 1.0.1-rc.6 (168/359)...
2025-11-14 06:53:10,877 - UnicodeAnalyzer - INFO - Filtrati 2 file (es. in /dist, /test).
2025-11-14 06:53:10,877 - UnicodeAnalyzer - INFO - -> Analizzando versione 1.0.1-rc.7 (169/359)...
2025-11-14 06:53:10,878 - UnicodeAnalyzer - INFO - Filtrati 2 file (es. in /dist, /test).
2025-11-14 06:53:10,878 - UnicodeAnalyzer - INFO - -> Analizzando versione 1.0.1-rc.8 (170/359)...
2025-11-14 06:53:10,878 - UnicodeAnalyzer - INFO - Filtrati 2 file (es. in /dist, /test).
2025-11-14 06:53:10,878 - UnicodeAnalyzer - INFO - -> Analizzando versione 1.0.1-rc.9 (171/359)...
2025-11-14 06:53:10,878 - UnicodeAnalyzer - INFO - Filtrati 2 file (es. in /dist, /test).
2025-11-14 06:53:10,878 - UnicodeAnalyzer - INFO - -> Analizzando versione 1.0.2 (172/359)...
2025-11-14 06:53:10,878 - UnicodeAnalyzer - INFO - Filtrati 2 file (es. in /dist, /test).
2025-11-14 06:53:10,879 - UnicodeAnalyzer - INFO - -> Analizzando versione 1.0.2-rc.1 (173/359)...
2025-11-14 06:53:10,879 - UnicodeAnalyzer - INFO - Filtrati 2 file (es. in /dist, /test).
2025-11-14 06:53:10,879 - UnicodeAnalyzer - INFO - -> Analizzando versione 1.0.3 (174/359)...
2025-11-14 06:53:10,879 - UnicodeAnalyzer - INFO - Filtrati 2 file (es. in /dist, /test).
2025-11-14 06:53:10,879 - UnicodeAnalyzer - INFO - -> Analizzando versione 1.0.3-rc.1 (175/359)...
2025-11-14 06:53:10,879 - UnicodeAnalyzer - INFO - Filtrati 2 file (es. in /dist, /test).
2025-11-14 06:53:10,879 - UnicodeAnalyzer - INFO - -> Analizzando versione 1.0.3-rc.2 (176/359)...
2025-11-14 06:53:10,880 - UnicodeAnalyzer - INFO - Filtrati 2 file (es. in /dist, /test).
2025-11-14 06:53:10,880 - UnicodeAnalyzer - INFO - -> Analizzando versione 1.0.3-rc.3 (177/359)...
2025-11-14 06:53:10,880 - UnicodeAnalyzer - INFO - Filtrati 2 file (es. in /dist, /test).
2025-11-14 06:53:10,880 - UnicodeAnalyzer - INFO - -> Analizzando versione 1.0.3-rc.4 (178/359)...
2025-11-14 06:53:10,880 - UnicodeAnalyzer - INFO - Filtrati 2 file (es. in /dist, /test).
2025-11-14 06:53:10,880 - UnicodeAnalyzer - INFO - -> Analizzando versione 1.0.3-rc.5 (179/359)...
2025-11-14 06:53:10,881 - UnicodeAnalyzer - INFO - Filtrati 2 file (es. in /dist, /test).
2025-11-14 06:53:10,881 - UnicodeAnalyzer - INFO - -> Analizzando versione 1.0.4 (180/359)...
2025-11-14 06:53:10,881 - UnicodeAnalyzer - INFO - Filtrati 2 file (es. in /dist, /test).
2025-11-14 06:53:10,881 - UnicodeAnalyzer - INFO - -> Analizzando versione 1.0.4-rc.1 (181/359)...
2025-11-14 06:53:10,881 - UnicodeAnalyzer - INFO - Filtrati 2 file (es. in /dist, /test).
2025-11-14 06:53:10,881 - UnicodeAnalyzer - INFO - -> Analizzando versione 1.0.4-rc.10 (182/359)...
2025-11-14 06:53:10,881 - UnicodeAnalyzer - INFO - Filtrati 2 file (es. in /dist, /test).
2025-11-14 06:53:10,881 - UnicodeAnalyzer - INFO - -> Analizzando versione 1.0.4-rc.11 (183/359)...
2025-11-14 06:53:10,882 - UnicodeAnalyzer - INFO - Filtrati 2 file (es. in /dist, /test).
2025-11-14 06:53:10,882 - UnicodeAnalyzer - INFO - -> Analizzando versione 1.0.4-rc.12 (184/359)...
2025-11-14 06:53:10,882 - UnicodeAnalyzer - INFO - Filtrati 2 file (es. in /dist, /test).
2025-11-14 06:53:10,882 - UnicodeAnalyzer - INFO - -> Analizzando versione 1.0.4-rc.13 (185/359)...
2025-11-14 06:53:10,882 - UnicodeAnalyzer - INFO - Filtrati 2 file (es. in /dist, /test).
2025-11-14 06:53:10,882 - UnicodeAnalyzer - INFO - -> Analizzando versione 1.0.4-rc.14 (186/359)...
2025-11-14 06:53:10,883 - UnicodeAnalyzer - INFO - Filtrati 2 file (es. in /dist, /test).
2025-11-14 06:53:10,883 - UnicodeAnalyzer - INFO - -> Analizzando versione 1.0.4-rc.2 (187/359)...
2025-11-14 06:53:10,883 - UnicodeAnalyzer - INFO - Filtrati 2 file (es. in /dist, /test).
2025-11-14 06:53:10,883 - UnicodeAnalyzer - INFO - -> Analizzando versione 1.0.4-rc.3 (188/359)...
2025-11-14 06:53:10,883 - UnicodeAnalyzer - INFO - Filtrati 2 file (es. in /dist, /test).
2025-11-14 06:53:10,883 - UnicodeAnalyzer - INFO - -> Analizzando versione 1.0.4-rc.4 (189/359)...
2025-11-14 06:53:10,883 - UnicodeAnalyzer - INFO - Filtrati 2 file (es. in /dist, /test).
2025-11-14 06:53:10,883 - UnicodeAnalyzer - INFO - -> Analizzando versione 1.0.4-rc.5 (190/359)...
2025-11-14 06:53:10,884 - UnicodeAnalyzer - INFO - Filtrati 2 file (es. in /dist, /test).
2025-11-14 06:53:10,884 - UnicodeAnalyzer - INFO - -> Analizzando versione 1.0.4-rc.6 (191/359)...
2025-11-14 06:53:10,884 - UnicodeAnalyzer - INFO - Filtrati 2 file (es. in /dist, /test).
2025-11-14 06:53:10,884 - UnicodeAnalyzer - INFO - -> Analizzando versione 1.0.4-rc.7 (192/359)...
2025-11-14 06:53:10,884 - UnicodeAnalyzer - INFO - Filtrati 2 file (es. in /dist, /test).
2025-11-14 06:53:10,884 - UnicodeAnalyzer - INFO - -> Analizzando versione 1.0.4-rc.8 (193/359)...
2025-11-14 06:53:10,885 - UnicodeAnalyzer - INFO - Filtrati 2 file (es. in /dist, /test).
2025-11-14 06:53:10,885 - UnicodeAnalyzer - INFO - -> Analizzando versione 1.0.4-rc.9 (194/359)...
2025-11-14 06:53:10,885 - UnicodeAnalyzer - INFO - Filtrati 2 file (es. in /dist, /test).
2025-11-14 06:53:10,885 - UnicodeAnalyzer - INFO - -> Analizzando versione 1.0.5 (195/359)...
2025-11-14 06:53:10,885 - UnicodeAnalyzer - INFO - Filtrati 2 file (es. in /dist, /test).
2025-11-14 06:53:10,885 - UnicodeAnalyzer - INFO - -> Analizzando versione 1.0.5-rc.1 (196/359)...
2025-11-14 06:53:10,885 - UnicodeAnalyzer - INFO - Filtrati 2 file (es. in /dist, /test).
2025-11-14 06:53:10,885 - UnicodeAnalyzer - INFO - -> Analizzando versione 1.0.6 (197/359)...
2025-11-14 06:53:10,886 - UnicodeAnalyzer - INFO - Filtrati 1 file (es. in /dist, /test).
2025-11-14 06:53:10,886 - UnicodeAnalyzer - INFO - -> Analizzando versione 1.0.6-rc.1 (198/359)...
2025-11-14 06:53:10,886 - UnicodeAnalyzer - INFO - Filtrati 2 file (es. in /dist, /test).
2025-11-14 06:53:10,886 - UnicodeAnalyzer - INFO - -> Analizzando versione 1.0.6-rc.10 (199/359)...
2025-11-14 06:53:10,886 - UnicodeAnalyzer - INFO - Filtrati 2 file (es. in /dist, /test).
2025-11-14 06:53:10,886 - UnicodeAnalyzer - INFO - -> Analizzando versione 1.0.6-rc.11 (200/359)...
2025-11-14 06:53:10,886 - UnicodeAnalyzer - INFO - Filtrati 1 file (es. in /dist, /test).
2025-11-14 06:53:10,887 - UnicodeAnalyzer - INFO - -> Analizzando versione 1.0.6-rc.12 (201/359)...
2025-11-14 06:53:10,887 - UnicodeAnalyzer - INFO - Filtrati 1 file (es. in /dist, /test).
2025-11-14 06:53:10,887 - UnicodeAnalyzer - INFO - -> Analizzando versione 1.0.6-rc.13 (202/359)...
2025-11-14 06:53:10,887 - UnicodeAnalyzer - INFO - Filtrati 1 file (es. in /dist, /test).
2025-11-14 06:53:10,887 - UnicodeAnalyzer - INFO - -> Analizzando versione 1.0.6-rc.14 (203/359)...
2025-11-14 06:53:10,887 - UnicodeAnalyzer - INFO - Filtrati 1 file (es. in /dist, /test).
2025-11-14 06:53:10,887 - UnicodeAnalyzer - INFO - -> Analizzando versione 1.0.6-rc.15 (204/359)...
2025-11-14 06:53:10,888 - UnicodeAnalyzer - INFO - Filtrati 1 file (es. in /dist, /test).
2025-11-14 06:53:10,888 - UnicodeAnalyzer - INFO - -> Analizzando versione 1.0.6-rc.16 (205/359)...
2025-11-14 06:53:10,888 - UnicodeAnalyzer - INFO - Filtrati 1 file (es. in /dist, /test).
2025-11-14 06:53:10,888 - UnicodeAnalyzer - INFO - -> Analizzando versione 1.0.6-rc.2 (206/359)...
2025-11-14 06:53:10,888 - UnicodeAnalyzer - INFO - Filtrati 2 file (es. in /dist, /test).
2025-11-14 06:53:10,888 - UnicodeAnalyzer - INFO - -> Analizzando versione 1.0.6-rc.3 (207/359)...
2025-11-14 06:53:10,888 - UnicodeAnalyzer - INFO - Filtrati 2 file (es. in /dist, /test).
2025-11-14 06:53:10,888 - UnicodeAnalyzer - INFO - -> Analizzando versione 1.0.6-rc.4 (208/359)...
2025-11-14 06:53:10,889 - UnicodeAnalyzer - INFO - Filtrati 2 file (es. in /dist, /test).
2025-11-14 06:53:10,889 - UnicodeAnalyzer - INFO - -> Analizzando versione 1.0.6-rc.5 (209/359)...
2025-11-14 06:53:10,889 - UnicodeAnalyzer - INFO - Filtrati 2 file (es. in /dist, /test).
2025-11-14 06:53:10,889 - UnicodeAnalyzer - INFO - -> Analizzando versione 1.0.6-rc.6 (210/359)...
2025-11-14 06:53:10,889 - UnicodeAnalyzer - INFO - Filtrati 2 file (es. in /dist, /test).
2025-11-14 06:53:10,889 - UnicodeAnalyzer - INFO - -> Analizzando versione 1.0.6-rc.7 (211/359)...
2025-11-14 06:53:10,890 - UnicodeAnalyzer - INFO - Filtrati 2 file (es. in /dist, /test).
2025-11-14 06:53:10,890 - UnicodeAnalyzer - INFO - -> Analizzando versione 1.0.6-rc.8 (212/359)...
2025-11-14 06:53:10,890 - UnicodeAnalyzer - INFO - Filtrati 2 file (es. in /dist, /test).
2025-11-14 06:53:10,890 - UnicodeAnalyzer - INFO - -> Analizzando versione 1.0.6-rc.9 (213/359)...
2025-11-14 06:53:10,890 - UnicodeAnalyzer - INFO - Filtrati 2 file (es. in /dist, /test).
2025-11-14 06:53:10,890 - UnicodeAnalyzer - INFO - -> Analizzando versione 1.0.7 (214/359)...
2025-11-14 06:53:10,890 - UnicodeAnalyzer - INFO - Filtrati 1 file (es. in /dist, /test).
2025-11-14 06:53:10,890 - UnicodeAnalyzer - INFO - -> Analizzando versione 1.0.7-rc.1 (215/359)...
2025-11-14 06:53:10,891 - UnicodeAnalyzer - INFO - Filtrati 1 file (es. in /dist, /test).
2025-11-14 06:53:10,891 - UnicodeAnalyzer - INFO - -> Analizzando versione 1.0.7-rc.2 (216/359)...
2025-11-14 06:53:10,891 - UnicodeAnalyzer - INFO - Filtrati 1 file (es. in /dist, /test).
2025-11-14 06:53:10,891 - UnicodeAnalyzer - INFO - -> Analizzando versione 1.0.7-rc.3 (217/359)...
2025-11-14 06:53:10,891 - UnicodeAnalyzer - INFO - Filtrati 1 file (es. in /dist, /test).
2025-11-14 06:53:10,891 - UnicodeAnalyzer - INFO - -> Analizzando versione 1.0.7-rc.4 (218/359)...
2025-11-14 06:53:10,891 - UnicodeAnalyzer - INFO - Filtrati 1 file (es. in /dist, /test).
2025-11-14 06:53:10,891 - UnicodeAnalyzer - INFO - -> Analizzando versione 1.0.7-rc.5 (219/359)...
2025-11-14 06:53:10,892 - UnicodeAnalyzer - INFO - Filtrati 1 file (es. in /dist, /test).
2025-11-14 06:53:10,892 - UnicodeAnalyzer - INFO - -> Analizzando versione 1.0.7-rc.6 (220/359)...
2025-11-14 06:53:10,892 - UnicodeAnalyzer - INFO - Filtrati 1 file (es. in /dist, /test).
2025-11-14 06:53:10,892 - UnicodeAnalyzer - INFO - -> Analizzando versione 1.0.7-rc.7 (221/359)...
2025-11-14 06:53:10,892 - UnicodeAnalyzer - INFO - Filtrati 1 file (es. in /dist, /test).
2025-11-14 06:53:10,892 - UnicodeAnalyzer - INFO - -> Analizzando versione 1.0.7-rc.8 (222/359)...
2025-11-14 06:53:10,892 - UnicodeAnalyzer - INFO - Filtrati 1 file (es. in /dist, /test).
2025-11-14 06:53:10,892 - UnicodeAnalyzer - INFO - -> Analizzando versione 1.0.7-rc.9 (223/359)...
2025-11-14 06:53:10,893 - UnicodeAnalyzer - INFO - Filtrati 1 file (es. in /dist, /test).
2025-11-14 06:53:10,893 - UnicodeAnalyzer - INFO - -> Analizzando versione 1.0.8-rc.1 (224/359)...
2025-11-14 06:53:10,893 - UnicodeAnalyzer - INFO - Filtrati 1 file (es. in /dist, /test).
2025-11-14 06:53:10,893 - UnicodeAnalyzer - INFO - -> Analizzando versione 1.0.8-rc.2 (225/359)...
2025-11-14 06:53:10,893 - UnicodeAnalyzer - INFO - Filtrati 1 file (es. in /dist, /test).
2025-11-14 06:53:10,893 - UnicodeAnalyzer - INFO - -> Analizzando versione 1.0.8-rc.3 (226/359)...
2025-11-14 06:53:10,893 - UnicodeAnalyzer - INFO - Filtrati 1 file (es. in /dist, /test).
2025-11-14 06:53:10,893 - UnicodeAnalyzer - INFO - -> Analizzando versione 1.0.8-rc.4 (227/359)...
2025-11-14 06:53:10,894 - UnicodeAnalyzer - INFO - Filtrati 1 file (es. in /dist, /test).
2025-11-14 06:53:10,894 - UnicodeAnalyzer - INFO - -> Analizzando versione 1.0.8-rc.5 (228/359)...
2025-11-14 06:53:10,894 - UnicodeAnalyzer - INFO - Filtrati 1 file (es. in /dist, /test).
2025-11-14 06:53:10,894 - UnicodeAnalyzer - INFO - -> Analizzando versione 1.0.8-rc.6 (229/359)...
2025-11-14 06:53:10,894 - UnicodeAnalyzer - INFO - Filtrati 1 file (es. in /dist, /test).
2025-11-14 06:53:10,894 - UnicodeAnalyzer - INFO - -> Analizzando versione 1.0.8-rc.7 (230/359)...
2025-11-14 06:53:10,894 - UnicodeAnalyzer - INFO - Filtrati 1 file (es. in /dist, /test).
2025-11-14 06:53:10,894 - UnicodeAnalyzer - INFO - -> Analizzando versione 1.0.8-rc.8 (231/359)...
2025-11-14 06:53:10,895 - UnicodeAnalyzer - INFO - Filtrati 1 file (es. in /dist, /test).
2025-11-14 06:53:10,895 - UnicodeAnalyzer - INFO - -> Analizzando versione 1.0.8-rc.9 (232/359)...
2025-11-14 06:53:10,895 - UnicodeAnalyzer - INFO - Filtrati 1 file (es. in /dist, /test).
2025-11-14 06:53:10,895 - UnicodeAnalyzer - INFO - -> Analizzando versione 1.1.0 (233/359)...
2025-11-14 06:53:10,895 - UnicodeAnalyzer - INFO - Filtrati 1 file (es. in /dist, /test).
2025-11-14 06:53:10,895 - UnicodeAnalyzer - INFO - -> Analizzando versione 1.1.0-rc.1 (234/359)...
2025-11-14 06:53:10,895 - UnicodeAnalyzer - INFO - Filtrati 1 file (es. in /dist, /test).
2025-11-14 06:53:10,895 - UnicodeAnalyzer - INFO - -> Analizzando versione 1.1.0-rc.2 (235/359)...
2025-11-14 06:53:10,896 - UnicodeAnalyzer - INFO - Filtrati 1 file (es. in /dist, /test).
2025-11-14 06:53:10,896 - UnicodeAnalyzer - INFO - -> Analizzando versione 1.1.0-rc.3 (236/359)...
2025-11-14 06:53:10,896 - UnicodeAnalyzer - INFO - Filtrati 1 file (es. in /dist, /test).
2025-11-14 06:53:10,896 - UnicodeAnalyzer - INFO - -> Analizzando versione 1.1.0-rc.4 (237/359)...
2025-11-14 06:53:10,896 - UnicodeAnalyzer - INFO - Filtrati 1 file (es. in /dist, /test).
2025-11-14 06:53:10,896 - UnicodeAnalyzer - INFO - -> Analizzando versione 1.1.0-rc.5 (238/359)...
2025-11-14 06:53:10,896 - UnicodeAnalyzer - INFO - Filtrati 1 file (es. in /dist, /test).
2025-11-14 06:53:10,896 - UnicodeAnalyzer - INFO - -> Analizzando versione 1.1.0-rc.6 (239/359)...
2025-11-14 06:53:10,897 - UnicodeAnalyzer - INFO - Filtrati 1 file (es. in /dist, /test).
2025-11-14 06:53:10,897 - UnicodeAnalyzer - INFO - -> Analizzando versione 1.1.0-rc.7 (240/359)...
2025-11-14 06:53:10,897 - UnicodeAnalyzer - INFO - Filtrati 1 file (es. in /dist, /test).
2025-11-14 06:53:10,897 - UnicodeAnalyzer - INFO - -> Analizzando versione 1.1.1 (241/359)...
2025-11-14 06:53:10,897 - UnicodeAnalyzer - INFO - Filtrati 1 file (es. in /dist, /test).
2025-11-14 06:53:10,897 - UnicodeAnalyzer - INFO - -> Analizzando versione 1.1.1-rc.1 (242/359)...
2025-11-14 06:53:10,897 - UnicodeAnalyzer - INFO - Filtrati 1 file (es. in /dist, /test).
2025-11-14 06:53:10,897 - UnicodeAnalyzer - INFO - -> Analizzando versione 1.1.2 (243/359)...
2025-11-14 06:53:10,898 - UnicodeAnalyzer - INFO - Filtrati 1 file (es. in /dist, /test).
2025-11-14 06:53:10,898 - UnicodeAnalyzer - INFO - -> Analizzando versione 1.1.2-rc.1 (244/359)...
2025-11-14 06:53:10,898 - UnicodeAnalyzer - INFO - Filtrati 1 file (es. in /dist, /test).
2025-11-14 06:53:10,898 - UnicodeAnalyzer - INFO - -> Analizzando versione 1.1.2-rc.2 (245/359)...
2025-11-14 06:53:10,898 - UnicodeAnalyzer - INFO - Filtrati 1 file (es. in /dist, /test).
2025-11-14 06:53:10,898 - UnicodeAnalyzer - INFO - -> Analizzando versione 1.1.3 (246/359)...
2025-11-14 06:53:10,898 - UnicodeAnalyzer - INFO - Filtrati 1 file (es. in /dist, /test).
2025-11-14 06:53:10,898 - UnicodeAnalyzer - INFO - -> Analizzando versione 1.1.3-rc.1 (247/359)...
2025-11-14 06:53:10,899 - UnicodeAnalyzer - INFO - Filtrati 1 file (es. in /dist, /test).
2025-11-14 06:53:10,899 - UnicodeAnalyzer - INFO - -> Analizzando versione 1.1.3-rc.10 (248/359)...
2025-11-14 06:53:10,899 - UnicodeAnalyzer - INFO - Filtrati 1 file (es. in /dist, /test).
2025-11-14 06:53:10,899 - UnicodeAnalyzer - INFO - -> Analizzando versione 1.1.3-rc.11 (249/359)...
2025-11-14 06:53:10,899 - UnicodeAnalyzer - INFO - Filtrati 1 file (es. in /dist, /test).
2025-11-14 06:53:10,899 - UnicodeAnalyzer - INFO - -> Analizzando versione 1.1.3-rc.12 (250/359)...
2025-11-14 06:53:10,899 - UnicodeAnalyzer - INFO - Filtrati 1 file (es. in /dist, /test).
2025-11-14 06:53:10,899 - UnicodeAnalyzer - INFO - -> Analizzando versione 1.1.3-rc.13 (251/359)...
2025-11-14 06:53:10,900 - UnicodeAnalyzer - INFO - Filtrati 1 file (es. in /dist, /test).
2025-11-14 06:53:10,900 - UnicodeAnalyzer - INFO - -> Analizzando versione 1.1.3-rc.14 (252/359)...
2025-11-14 06:53:10,900 - UnicodeAnalyzer - INFO - Filtrati 1 file (es. in /dist, /test).
2025-11-14 06:53:10,900 - UnicodeAnalyzer - INFO - -> Analizzando versione 1.1.3-rc.2 (253/359)...
2025-11-14 06:53:10,900 - UnicodeAnalyzer - INFO - Filtrati 1 file (es. in /dist, /test).
2025-11-14 06:53:10,900 - UnicodeAnalyzer - INFO - -> Analizzando versione 1.1.3-rc.3 (254/359)...
2025-11-14 06:53:10,900 - UnicodeAnalyzer - INFO - Filtrati 1 file (es. in /dist, /test).
2025-11-14 06:53:10,900 - UnicodeAnalyzer - INFO - -> Analizzando versione 1.1.3-rc.4 (255/359)...
2025-11-14 06:53:10,901 - UnicodeAnalyzer - INFO - Filtrati 1 file (es. in /dist, /test).
2025-11-14 06:53:10,901 - UnicodeAnalyzer - INFO - -> Analizzando versione 1.1.3-rc.5 (256/359)...
2025-11-14 06:53:10,901 - UnicodeAnalyzer - INFO - Filtrati 1 file (es. in /dist, /test).
2025-11-14 06:53:10,901 - UnicodeAnalyzer - INFO - -> Analizzando versione 1.1.3-rc.6 (257/359)...
2025-11-14 06:53:10,901 - UnicodeAnalyzer - INFO - Filtrati 1 file (es. in /dist, /test).
2025-11-14 06:53:10,901 - UnicodeAnalyzer - INFO - -> Analizzando versione 1.1.3-rc.7 (258/359)...
2025-11-14 06:53:10,901 - UnicodeAnalyzer - INFO - Filtrati 1 file (es. in /dist, /test).
2025-11-14 06:53:10,901 - UnicodeAnalyzer - INFO - -> Analizzando versione 1.1.3-rc.8 (259/359)...
2025-11-14 06:53:10,902 - UnicodeAnalyzer - INFO - Filtrati 1 file (es. in /dist, /test).
2025-11-14 06:53:10,902 - UnicodeAnalyzer - INFO - -> Analizzando versione 1.1.3-rc.9 (260/359)...
2025-11-14 06:53:10,902 - UnicodeAnalyzer - INFO - Filtrati 1 file (es. in /dist, /test).
2025-11-14 06:53:10,902 - UnicodeAnalyzer - INFO - -> Analizzando versione 1.1.4 (261/359)...
2025-11-14 06:53:10,902 - UnicodeAnalyzer - INFO - Filtrati 1 file (es. in /dist, /test).
2025-11-14 06:53:10,902 - UnicodeAnalyzer - INFO - -> Analizzando versione 1.1.4-rc.1 (262/359)...
2025-11-14 06:53:10,902 - UnicodeAnalyzer - INFO - Filtrati 1 file (es. in /dist, /test).
2025-11-14 06:53:10,902 - UnicodeAnalyzer - INFO - -> Analizzando versione 1.1.4-rc.2 (263/359)...
2025-11-14 06:53:10,903 - UnicodeAnalyzer - INFO - Filtrati 1 file (es. in /dist, /test).
2025-11-14 06:53:10,903 - UnicodeAnalyzer - INFO - -> Analizzando versione 1.1.5 (264/359)...
2025-11-14 06:53:10,903 - UnicodeAnalyzer - INFO - Filtrati 1 file (es. in /dist, /test).
2025-11-14 06:53:10,903 - UnicodeAnalyzer - INFO - -> Analizzando versione 1.1.5-rc.1 (265/359)...
2025-11-14 06:53:10,903 - UnicodeAnalyzer - INFO - Filtrati 1 file (es. in /dist, /test).
2025-11-14 06:53:10,903 - UnicodeAnalyzer - INFO - -> Analizzando versione 1.1.5-rc.2 (266/359)...
2025-11-14 06:53:10,903 - UnicodeAnalyzer - INFO - Filtrati 1 file (es. in /dist, /test).
2025-11-14 06:53:10,904 - UnicodeAnalyzer - INFO - -> Analizzando versione 1.1.5-rc.3 (267/359)...
2025-11-14 06:53:10,904 - UnicodeAnalyzer - INFO - Filtrati 1 file (es. in /dist, /test).
2025-11-14 06:53:10,904 - UnicodeAnalyzer - INFO - -> Analizzando versione 1.1.6 (268/359)...
2025-11-14 06:53:10,904 - UnicodeAnalyzer - INFO - Filtrati 1 file (es. in /dist, /test).
2025-11-14 06:53:10,904 - UnicodeAnalyzer - INFO - -> Analizzando versione 1.1.7 (269/359)...
2025-11-14 06:53:10,904 - UnicodeAnalyzer - INFO - Filtrati 1 file (es. in /dist, /test).
2025-11-14 06:53:10,904 - UnicodeAnalyzer - INFO - -> Analizzando versione 1.1.7-rc.1 (270/359)...
2025-11-14 06:53:10,905 - UnicodeAnalyzer - INFO - Filtrati 1 file (es. in /dist, /test).
2025-11-14 06:53:10,905 - UnicodeAnalyzer - INFO - -> Analizzando versione 1.1.7-rc.2 (271/359)...
2025-11-14 06:53:10,905 - UnicodeAnalyzer - INFO - Filtrati 1 file (es. in /dist, /test).
2025-11-14 06:53:10,905 - UnicodeAnalyzer - INFO - -> Analizzando versione 1.1.7-rc.3 (272/359)...
2025-11-14 06:53:10,905 - UnicodeAnalyzer - INFO - Filtrati 1 file (es. in /dist, /test).
2025-11-14 06:53:10,905 - UnicodeAnalyzer - INFO - -> Analizzando versione 1.1.7-rc.4 (273/359)...
2025-11-14 06:53:10,905 - UnicodeAnalyzer - INFO - Filtrati 1 file (es. in /dist, /test).
2025-11-14 06:53:10,905 - UnicodeAnalyzer - INFO - -> Analizzando versione 1.1.7-rc.5 (274/359)...
2025-11-14 06:53:10,906 - UnicodeAnalyzer - INFO - Filtrati 1 file (es. in /dist, /test).
2025-11-14 06:53:10,906 - UnicodeAnalyzer - INFO - -> Analizzando versione 1.1.7-rc.6 (275/359)...
2025-11-14 06:53:10,906 - UnicodeAnalyzer - INFO - Filtrati 1 file (es. in /dist, /test).
2025-11-14 06:53:10,906 - UnicodeAnalyzer - INFO - -> Analizzando versione 1.1.7-rc.7 (276/359)...
2025-11-14 06:53:10,906 - UnicodeAnalyzer - INFO - Filtrati 1 file (es. in /dist, /test).
2025-11-14 06:53:10,906 - UnicodeAnalyzer - INFO - -> Analizzando versione 1.1.7-rc.8 (277/359)...
2025-11-14 06:53:10,906 - UnicodeAnalyzer - INFO - Filtrati 1 file (es. in /dist, /test).
2025-11-14 06:53:10,906 - UnicodeAnalyzer - INFO - -> Analizzando versione 1.1.7-rc.9 (278/359)...
2025-11-14 06:53:10,907 - UnicodeAnalyzer - INFO - Filtrati 1 file (es. in /dist, /test).
2025-11-14 06:53:10,907 - UnicodeAnalyzer - INFO - -> Analizzando versione 1.1.8 (279/359)...
2025-11-14 06:53:10,907 - UnicodeAnalyzer - INFO - Filtrati 1 file (es. in /dist, /test).
2025-11-14 06:53:10,907 - UnicodeAnalyzer - INFO - -> Analizzando versione 1.1.8-rc.1 (280/359)...
2025-11-14 06:53:10,907 - UnicodeAnalyzer - INFO - Filtrati 1 file (es. in /dist, /test).
2025-11-14 06:53:10,907 - UnicodeAnalyzer - INFO - -> Analizzando versione 1.1.8-rc.2 (281/359)...
2025-11-14 06:53:10,907 - UnicodeAnalyzer - INFO - Filtrati 1 file (es. in /dist, /test).
2025-11-14 06:53:10,907 - UnicodeAnalyzer - INFO - -> Analizzando versione 1.1.8-rc.3 (282/359)...
2025-11-14 06:53:10,908 - UnicodeAnalyzer - INFO - Filtrati 1 file (es. in /dist, /test).
2025-11-14 06:53:10,908 - UnicodeAnalyzer - INFO - -> Analizzando versione 1.1.8-rc.4 (283/359)...
2025-11-14 06:53:10,908 - UnicodeAnalyzer - INFO - Filtrati 1 file (es. in /dist, /test).
2025-11-14 06:53:10,908 - UnicodeAnalyzer - INFO - -> Analizzando versione 1.1.8-rc.5 (284/359)...
2025-11-14 06:53:10,908 - UnicodeAnalyzer - INFO - Filtrati 1 file (es. in /dist, /test).
2025-11-14 06:53:10,908 - UnicodeAnalyzer - INFO - -> Analizzando versione 1.1.9-rc.1 (285/359)...
2025-11-14 06:53:10,908 - UnicodeAnalyzer - INFO - Filtrati 1 file (es. in /dist, /test).
2025-11-14 06:53:10,908 - UnicodeAnalyzer - INFO - -> Analizzando versione 1.1.9-rc.2 (286/359)...
2025-11-14 06:53:10,909 - UnicodeAnalyzer - INFO - Filtrati 1 file (es. in /dist, /test).
2025-11-14 06:53:10,909 - UnicodeAnalyzer - INFO - -> Analizzando versione 1.1.9-rc.3 (287/359)...
2025-11-14 06:53:10,909 - UnicodeAnalyzer - INFO - Filtrati 1 file (es. in /dist, /test).
2025-11-14 06:53:10,909 - UnicodeAnalyzer - INFO - -> Analizzando versione 1.1.9-rc.4 (288/359)...
2025-11-14 06:53:10,909 - UnicodeAnalyzer - INFO - Filtrati 1 file (es. in /dist, /test).
2025-11-14 06:53:10,909 - UnicodeAnalyzer - INFO - -> Analizzando versione 1.1.9-rc.5 (289/359)...
2025-11-14 06:53:10,909 - UnicodeAnalyzer - INFO - Filtrati 1 file (es. in /dist, /test).
2025-11-14 06:53:10,910 - UnicodeAnalyzer - INFO - -> Analizzando versione 1.2.0 (290/359)...
2025-11-14 06:53:10,910 - UnicodeAnalyzer - INFO - Filtrati 1 file (es. in /dist, /test).
2025-11-14 06:53:10,910 - UnicodeAnalyzer - INFO - -> Analizzando versione 1.2.0-rc.1 (291/359)...
2025-11-14 06:53:10,910 - UnicodeAnalyzer - INFO - Filtrati 1 file (es. in /dist, /test).
2025-11-14 06:53:10,910 - UnicodeAnalyzer - INFO - -> Analizzando versione 1.2.0-rc.2 (292/359)...
2025-11-14 06:53:10,910 - UnicodeAnalyzer - INFO - Filtrati 1 file (es. in /dist, /test).
2025-11-14 06:53:10,910 - UnicodeAnalyzer - INFO - -> Analizzando versione 1.2.0-rc.3 (293/359)...
2025-11-14 06:53:10,910 - UnicodeAnalyzer - INFO - Filtrati 1 file (es. in /dist, /test).
2025-11-14 06:53:10,911 - UnicodeAnalyzer - INFO - -> Analizzando versione 1.2.0-rc.4 (294/359)...
2025-11-14 06:53:10,911 - UnicodeAnalyzer - INFO - Filtrati 1 file (es. in /dist, /test).
2025-11-14 06:53:10,911 - UnicodeAnalyzer - INFO - -> Analizzando versione 1.2.0-rc.5 (295/359)...
2025-11-14 06:53:10,911 - UnicodeAnalyzer - INFO - Filtrati 1 file (es. in /dist, /test).
2025-11-14 06:53:10,911 - UnicodeAnalyzer - INFO - -> Analizzando versione 1.2.1 (296/359)...
2025-11-14 06:53:10,911 - UnicodeAnalyzer - INFO - Filtrati 1 file (es. in /dist, /test).
2025-11-14 06:53:10,911 - UnicodeAnalyzer - INFO - -> Analizzando versione 1.2.1-rc.1744259191780 (297/359)...
2025-11-14 06:53:10,911 - UnicodeAnalyzer - INFO - Filtrati 1 file (es. in /dist, /test).
2025-11-14 06:53:10,912 - UnicodeAnalyzer - INFO - -> Analizzando versione 1.2.1-rc.1744259481941 (298/359)...
2025-11-14 06:53:10,912 - UnicodeAnalyzer - INFO - Filtrati 1 file (es. in /dist, /test).
2025-11-14 06:53:10,912 - UnicodeAnalyzer - INFO - -> Analizzando versione 1.2.1-rc.1744311029001 (299/359)...
2025-11-14 06:53:10,912 - UnicodeAnalyzer - INFO - Filtrati 1 file (es. in /dist, /test).
2025-11-14 06:53:10,912 - UnicodeAnalyzer - INFO - -> Analizzando versione 1.2.1-rc.1744416976900 (300/359)...
2025-11-14 06:53:10,912 - UnicodeAnalyzer - INFO - Filtrati 1 file (es. in /dist, /test).
2025-11-14 06:53:10,913 - UnicodeAnalyzer - INFO - -> Analizzando versione 1.2.1-rc.1744502104733 (301/359)...
2025-11-14 06:53:10,913 - UnicodeAnalyzer - INFO - Filtrati 1 file (es. in /dist, /test).
2025-11-14 06:53:10,913 - UnicodeAnalyzer - INFO - -> Analizzando versione 1.2.1-rc.1744518250005 (302/359)...
2025-11-14 06:53:10,913 - UnicodeAnalyzer - INFO - Filtrati 1 file (es. in /dist, /test).
2025-11-14 06:53:10,913 - UnicodeAnalyzer - INFO - -> Analizzando versione 1.2.1-rc.1744519235198 (303/359)...
2025-11-14 06:53:10,913 - UnicodeAnalyzer - INFO - Filtrati 1 file (es. in /dist, /test).
2025-11-14 06:53:10,913 - UnicodeAnalyzer - INFO - -> Analizzando versione 1.2.1-rc.1744574857111 (304/359)...
2025-11-14 06:53:10,913 - UnicodeAnalyzer - INFO - Filtrati 1 file (es. in /dist, /test).
2025-11-14 06:53:10,914 - UnicodeAnalyzer - INFO - -> Analizzando versione 1.2.1-rc.1744660991666 (305/359)...
2025-11-14 06:53:10,914 - UnicodeAnalyzer - INFO - Filtrati 1 file (es. in /dist, /test).
2025-11-14 06:53:10,914 - UnicodeAnalyzer - INFO - -> Analizzando versione 1.2.1-rc.1744661316162 (306/359)...
2025-11-14 06:53:10,914 - UnicodeAnalyzer - INFO - Filtrati 1 file (es. in /dist, /test).
2025-11-14 06:53:10,914 - UnicodeAnalyzer - INFO - -> Analizzando versione 1.2.1-rc.1744830756566 (307/359)...
2025-11-14 06:53:10,914 - UnicodeAnalyzer - INFO - Filtrati 1 file (es. in /dist, /test).
2025-11-14 06:53:10,914 - UnicodeAnalyzer - INFO - -> Analizzando versione 1.2.1-rc.1744831331200 (308/359)...
2025-11-14 06:53:10,914 - UnicodeAnalyzer - INFO - Filtrati 1 file (es. in /dist, /test).
2025-11-14 06:53:10,915 - UnicodeAnalyzer - INFO - -> Analizzando versione 1.2.1-rc.1744836032308 (309/359)...
2025-11-14 06:53:10,915 - UnicodeAnalyzer - INFO - Filtrati 1 file (es. in /dist, /test).
2025-11-14 06:53:10,915 - UnicodeAnalyzer - INFO - -> Analizzando versione 1.2.1-rc.1744897529216 (310/359)...
2025-11-14 06:53:10,915 - UnicodeAnalyzer - INFO - Filtrati 1 file (es. in /dist, /test).
2025-11-14 06:53:10,915 - UnicodeAnalyzer - INFO - -> Analizzando versione 1.2.1-rc.1744898528774 (311/359)...
2025-11-14 06:53:10,915 - UnicodeAnalyzer - INFO - Filtrati 1 file (es. in /dist, /test).
2025-11-14 06:53:10,915 - UnicodeAnalyzer - INFO - -> Analizzando versione 1.2.1-rc.1744905634543 (312/359)...
2025-11-14 06:53:10,915 - UnicodeAnalyzer - INFO - Filtrati 1 file (es. in /dist, /test).
2025-11-14 06:53:10,916 - UnicodeAnalyzer - INFO - -> Analizzando versione 1.2.1-rc.1744910682821 (313/359)...
2025-11-14 06:53:10,916 - UnicodeAnalyzer - INFO - Filtrati 1 file (es. in /dist, /test).
2025-11-14 06:53:10,916 - UnicodeAnalyzer - INFO - -> Analizzando versione 1.2.2 (314/359)...
2025-11-14 06:53:10,916 - UnicodeAnalyzer - INFO - Filtrati 1 file (es. in /dist, /test).
2025-11-14 06:53:10,916 - UnicodeAnalyzer - INFO - -> Analizzando versione 1.2.2-rc.1744998730501 (315/359)...
2025-11-14 06:53:10,916 - UnicodeAnalyzer - INFO - Filtrati 1 file (es. in /dist, /test).
2025-11-14 06:53:10,916 - UnicodeAnalyzer - INFO - -> Analizzando versione 1.2.2-rc.1744998943107 (316/359)...
2025-11-14 06:53:10,917 - UnicodeAnalyzer - INFO - Filtrati 1 file (es. in /dist, /test).
2025-11-14 06:53:10,917 - UnicodeAnalyzer - INFO - -> Analizzando versione 1.2.2-rc.1744999865452 (317/359)...
2025-11-14 06:53:10,917 - UnicodeAnalyzer - INFO - Filtrati 1 file (es. in /dist, /test).
2025-11-14 06:53:10,917 - UnicodeAnalyzer - INFO - -> Analizzando versione 1.2.3 (318/359)...
2025-11-14 06:53:10,917 - UnicodeAnalyzer - INFO - Filtrati 1 file (es. in /dist, /test).
2025-11-14 06:53:10,917 - UnicodeAnalyzer - INFO - -> Analizzando versione 1.2.3-rc.1745001912396 (319/359)...
2025-11-14 06:53:10,917 - UnicodeAnalyzer - INFO - Filtrati 1 file (es. in /dist, /test).
2025-11-14 06:53:10,917 - UnicodeAnalyzer - INFO - -> Analizzando versione 1.2.3-rc.1745002236885 (320/359)...
2025-11-14 06:53:10,918 - UnicodeAnalyzer - INFO - Filtrati 1 file (es. in /dist, /test).
2025-11-14 06:53:10,918 - UnicodeAnalyzer - INFO - -> Analizzando versione 1.2.4 (321/359)...
2025-11-14 06:53:10,918 - UnicodeAnalyzer - INFO - Filtrati 1 file (es. in /dist, /test).
2025-11-14 06:53:10,918 - UnicodeAnalyzer - INFO - -> Analizzando versione 1.2.4-rc.1745097595920 (322/359)...
2025-11-14 06:53:10,918 - UnicodeAnalyzer - INFO - Filtrati 1 file (es. in /dist, /test).
2025-11-14 06:53:10,918 - UnicodeAnalyzer - INFO - -> Analizzando versione 1.2.4-rc.1745339201309 (323/359)...
2025-11-14 06:53:10,918 - UnicodeAnalyzer - INFO - Filtrati 1 file (es. in /dist, /test).
2025-11-14 06:53:10,918 - UnicodeAnalyzer - INFO - -> Analizzando versione 1.2.5 (324/359)...
2025-11-14 06:53:10,919 - UnicodeAnalyzer - INFO - Filtrati 1 file (es. in /dist, /test).
2025-11-14 06:53:10,919 - UnicodeAnalyzer - INFO - -> Analizzando versione 1.2.5-rc.1745345395380 (325/359)...
2025-11-14 06:53:10,919 - UnicodeAnalyzer - INFO - Filtrati 1 file (es. in /dist, /test).
2025-11-14 06:53:10,919 - UnicodeAnalyzer - INFO - -> Analizzando versione 1.2.5-rc.1745439717073 (326/359)...
2025-11-14 06:53:10,919 - UnicodeAnalyzer - INFO - Filtrati 1 file (es. in /dist, /test).
2025-11-14 06:53:10,919 - UnicodeAnalyzer - INFO - -> Analizzando versione 1.2.5-rc.1745972185559 (327/359)...
2025-11-14 06:53:10,919 - UnicodeAnalyzer - INFO - Filtrati 1 file (es. in /dist, /test).
2025-11-14 06:53:10,919 - UnicodeAnalyzer - INFO - -> Analizzando versione 1.2.5-rc.1746044551800 (328/359)...
2025-11-14 06:53:10,920 - UnicodeAnalyzer - INFO - Filtrati 1 file (es. in /dist, /test).
2025-11-14 06:53:10,920 - UnicodeAnalyzer - INFO - -> Analizzando versione 1.2.5-rc.1746053194630 (329/359)...
2025-11-14 06:53:10,920 - UnicodeAnalyzer - INFO - Filtrati 1 file (es. in /dist, /test).
2025-11-14 06:53:10,920 - UnicodeAnalyzer - INFO - -> Analizzando versione 1.2.5-rc.1746075822931 (330/359)...
2025-11-14 06:53:10,920 - UnicodeAnalyzer - INFO - Filtrati 1 file (es. in /dist, /test).
2025-11-14 06:53:10,920 - UnicodeAnalyzer - INFO - -> Analizzando versione 1.2.5-rc.1746466567086 (331/359)...
2025-11-14 06:53:10,920 - UnicodeAnalyzer - INFO - Filtrati 1 file (es. in /dist, /test).
2025-11-14 06:53:10,921 - UnicodeAnalyzer - INFO - -> Analizzando versione 1.2.6 (332/359)...
2025-11-14 06:53:10,921 - UnicodeAnalyzer - INFO - Filtrati 1 file (es. in /dist, /test).
2025-11-14 06:53:10,921 - UnicodeAnalyzer - INFO - -> Analizzando versione 1.2.7 (333/359)...
2025-11-14 06:53:10,921 - UnicodeAnalyzer - INFO - Filtrati 1 file (es. in /dist, /test).
2025-11-14 06:53:10,921 - UnicodeAnalyzer - INFO - -> Analizzando versione 1.2.7-rc.1746560904918 (334/359)...
2025-11-14 06:53:10,921 - UnicodeAnalyzer - INFO - Filtrati 1 file (es. in /dist, /test).
2025-11-14 06:53:10,921 - UnicodeAnalyzer - INFO - -> Analizzando versione 1.2.7-rc.1747678980544 (335/359)...
2025-11-14 06:53:10,922 - UnicodeAnalyzer - INFO - Filtrati 1 file (es. in /dist, /test).
2025-11-14 06:53:10,922 - UnicodeAnalyzer - INFO - -> Analizzando versione 1.2.8 (336/359)...
2025-11-14 06:53:10,922 - UnicodeAnalyzer - INFO - Filtrati 1 file (es. in /dist, /test).
2025-11-14 06:53:10,922 - UnicodeAnalyzer - INFO - -> Analizzando versione 1.2.8-rc.1751501220403 (337/359)...
2025-11-14 06:53:10,922 - UnicodeAnalyzer - INFO - Filtrati 1 file (es. in /dist, /test).
2025-11-14 06:53:10,922 - UnicodeAnalyzer - INFO - -> Analizzando versione 1.2.8-rc.1752165236204 (338/359)...
2025-11-14 06:53:10,922 - UnicodeAnalyzer - INFO - Filtrati 1 file (es. in /dist, /test).
2025-11-14 06:53:10,922 - UnicodeAnalyzer - INFO - -> Analizzando versione 1.2.8-rc.1752166197873 (339/359)...
2025-11-14 06:53:10,923 - UnicodeAnalyzer - INFO - Filtrati 1 file (es. in /dist, /test).
2025-11-14 06:53:10,923 - UnicodeAnalyzer - INFO - -> Analizzando versione 1.2.8-rc.1752166434368 (340/359)...
2025-11-14 06:53:10,923 - UnicodeAnalyzer - INFO - Filtrati 1 file (es. in /dist, /test).
2025-11-14 06:53:10,923 - UnicodeAnalyzer - INFO - -> Analizzando versione 1.2.8-rc.1752166910601 (341/359)...
2025-11-14 06:53:10,923 - UnicodeAnalyzer - INFO - Filtrati 1 file (es. in /dist, /test).
2025-11-14 06:53:10,923 - UnicodeAnalyzer - INFO - -> Analizzando versione 1.2.8-rc.1752791004720 (342/359)...
2025-11-14 06:53:10,923 - UnicodeAnalyzer - INFO - Filtrati 1 file (es. in /dist, /test).
2025-11-14 06:53:10,923 - UnicodeAnalyzer - INFO - -> Analizzando versione 1.2.8-rc.1755114563302 (343/359)...
2025-11-14 06:53:10,924 - UnicodeAnalyzer - INFO - Filtrati 1 file (es. in /dist, /test).
2025-11-14 06:53:10,924 - UnicodeAnalyzer - INFO - -> Analizzando versione 1.2.8-rc.1755118410828 (344/359)...
2025-11-14 06:53:10,924 - UnicodeAnalyzer - INFO - Filtrati 1 file (es. in /dist, /test).
2025-11-14 06:53:10,924 - UnicodeAnalyzer - INFO - -> Analizzando versione 1.2.8-rc.1755201399387 (345/359)...
2025-11-14 06:53:10,924 - UnicodeAnalyzer - INFO - Filtrati 1 file (es. in /dist, /test).
2025-11-14 06:53:10,924 - UnicodeAnalyzer - INFO - -> Analizzando versione 1.2.8-rc.1755205432459 (346/359)...
2025-11-14 06:53:10,924 - UnicodeAnalyzer - INFO - Filtrati 1 file (es. in /dist, /test).
2025-11-14 06:53:10,925 - UnicodeAnalyzer - INFO - -> Analizzando versione 1.2.8-rc.1761327012562 (347/359)...
2025-11-14 06:53:10,925 - UnicodeAnalyzer - INFO - Filtrati 1 file (es. in /dist, /test).
2025-11-14 06:53:10,925 - UnicodeAnalyzer - INFO - -> Analizzando versione 1.2.8-rc.1761582029795 (348/359)...
2025-11-14 06:53:10,925 - UnicodeAnalyzer - INFO - Filtrati 1 file (es. in /dist, /test).
2025-11-14 06:53:10,925 - UnicodeAnalyzer - INFO - -> Analizzando versione 1.2.8-rc.1761614469962 (349/359)...
2025-11-14 06:53:10,925 - UnicodeAnalyzer - INFO - Filtrati 1 file (es. in /dist, /test).
2025-11-14 06:53:10,925 - UnicodeAnalyzer - INFO - -> Analizzando versione 1.2.8-rc.1761614930803 (350/359)...
2025-11-14 06:53:10,926 - UnicodeAnalyzer - INFO - Filtrati 1 file (es. in /dist, /test).
2025-11-14 06:53:10,926 - UnicodeAnalyzer - INFO - -> Analizzando versione 1.2.8-rc.1761615925003 (351/359)...
2025-11-14 06:53:10,926 - UnicodeAnalyzer - INFO - Filtrati 1 file (es. in /dist, /test).
2025-11-14 06:53:10,926 - UnicodeAnalyzer - INFO - -> Analizzando versione 1.2.8-rc.1761619701743 (352/359)...
2025-11-14 06:53:10,926 - UnicodeAnalyzer - INFO - Filtrati 1 file (es. in /dist, /test).
2025-11-14 06:53:10,926 - UnicodeAnalyzer - INFO - -> Analizzando versione 1.2.8-rc.1761620575619 (353/359)...
2025-11-14 06:53:10,926 - UnicodeAnalyzer - INFO - Filtrati 1 file (es. in /dist, /test).
2025-11-14 06:53:10,926 - UnicodeAnalyzer - INFO - -> Analizzando versione 1.2.8-rc.1761621280215 (354/359)...
2025-11-14 06:53:10,927 - UnicodeAnalyzer - INFO - Filtrati 1 file (es. in /dist, /test).
2025-11-14 06:53:10,927 - UnicodeAnalyzer - INFO - -> Analizzando versione 1.2.8-rc.1761750045307 (355/359)...
2025-11-14 06:53:10,927 - UnicodeAnalyzer - INFO - Filtrati 1 file (es. in /dist, /test).
2025-11-14 06:53:10,927 - UnicodeAnalyzer - INFO - -> Analizzando versione 1.2.8-rc.1761750294484 (356/359)...
2025-11-14 06:53:10,927 - UnicodeAnalyzer - INFO - Filtrati 1 file (es. in /dist, /test).
2025-11-14 06:53:10,927 - UnicodeAnalyzer - INFO - -> Analizzando versione 1.2.8-rc.1761752560860 (357/359)...
2025-11-14 06:53:10,927 - UnicodeAnalyzer - INFO - Filtrati 1 file (es. in /dist, /test).
2025-11-14 06:53:10,927 - UnicodeAnalyzer - INFO - -> Analizzando versione 1.2.8-rc.1761757765388 (358/359)...
2025-11-14 06:53:10,928 - UnicodeAnalyzer - INFO - Filtrati 1 file (es. in /dist, /test).
2025-11-14 06:53:10,928 - UnicodeAnalyzer - INFO - -> Analizzando versione 1.2.8-rc.1761760880074 (359/359)...
2025-11-14 06:53:10,928 - UnicodeAnalyzer - INFO - Filtrati 1 file (es. in /dist, /test).
2025-11-14 06:53:10,928 - UnicodeAnalyzer - INFO - Esportando i risultati HUT per '@radix-ui/react-tooltip' in CSV...
2025-11-14 06:53:10,928 - UnicodeAnalyzer - WARNING - Nessun file analizzato. I file CSV saranno vuoti.
2025-11-14 06:53:10,929 - NPM_HUT_Analyzer - INFO - Pulizia cartella temporanea 'temp_hut/@radix-ui_react-tooltip'...
2025-11-14 06:53:11,009 - NPM_HUT_Analyzer - INFO - Pulizia completata.
