2025-11-07 00:46:31,384 - NPM_Analyzer - INFO - Fetching metadata for 'git-hooks-list'...
2025-11-07 00:46:31,497 - NPM_Analyzer - INFO - Found 15 versions. Starting download into 'temp/git-hooks-list'...
2025-11-07 00:46:41,219 - BlankSpaceAnalyzer - INFO - Analyzing 15 versions for '*.js' in 'git-hooks-list'.
2025-11-07 00:46:41,219 - BlankSpaceAnalyzer - INFO - -> Analyzing version 0.0.1 (1/15)...
2025-11-07 00:46:41,220 - BlankSpaceAnalyzer - INFO - -> Analyzing version 1.0.0 (2/15)...
2025-11-07 00:46:41,221 - BlankSpaceAnalyzer - INFO - -> Analyzing version 1.0.1 (3/15)...
2025-11-07 00:46:41,221 - BlankSpaceAnalyzer - INFO - -> Analyzing version 1.0.2 (4/15)...
2025-11-07 00:46:41,222 - BlankSpaceAnalyzer - INFO - -> Analyzing version 1.0.3 (5/15)...
2025-11-07 00:46:41,222 - BlankSpaceAnalyzer - INFO - -> Analyzing version 2.0.0 (6/15)...
2025-11-07 00:46:41,223 - BlankSpaceAnalyzer - INFO - -> Analyzing version 2.1.0 (7/15)...
2025-11-07 00:46:41,223 - BlankSpaceAnalyzer - INFO - -> Analyzing version 2.1.1 (8/15)...
2025-11-07 00:46:41,224 - BlankSpaceAnalyzer - INFO - -> Analyzing version 2.2.0 (9/15)...
2025-11-07 00:46:41,224 - BlankSpaceAnalyzer - INFO - -> Analyzing version 3.0.0 (10/15)...
2025-11-07 00:46:41,225 - BlankSpaceAnalyzer - INFO - -> Analyzing version 3.1.0 (11/15)...
2025-11-07 00:46:41,226 - BlankSpaceAnalyzer - INFO - -> Analyzing version 3.2.0 (12/15)...
2025-11-07 00:46:41,226 - BlankSpaceAnalyzer - INFO - -> Analyzing version 4.0.0 (13/15)...
2025-11-07 00:46:41,227 - BlankSpaceAnalyzer - INFO - -> Analyzing version 4.1.0 (14/15)...
2025-11-07 00:46:41,228 - BlankSpaceAnalyzer - INFO - -> Analyzing version 4.1.1 (15/15)...
2025-11-07 00:46:41,229 - BlankSpaceAnalyzer - INFO - Exporting results for 'git-hooks-list' to CSV...
2025-11-07 00:46:41,266 - BlankSpaceAnalyzer - INFO - Reports saved in: /app/npm_results/git-hooks-list
2025-11-07 00:46:41,266 - NPM_Analyzer - INFO - Cleaning temporary folder 'temp/git-hooks-list'...
2025-11-07 00:46:41,268 - NPM_Analyzer - INFO - Cleanup completed.
