2025-11-12 02:32:47,725 - NPM_HUT_Analyzer - INFO - Recupero metadata per 'is-ci'...
2025-11-12 02:32:47,791 - NPM_HUT_Analyzer - INFO - Trovate 19 versioni. Inizio download in 'temp_hut/is-ci'...
2025-11-12 02:32:57,052 - UnicodeAnalyzer - INFO - Analizzando 19 versioni per '*.js' in 'is-ci'.
2025-11-12 02:32:57,052 - UnicodeAnalyzer - INFO - -> Analizzando versione 1.0.0 (1/19)...
2025-11-12 02:32:57,122 - UnicodeAnalyzer - INFO - -> Analizzando versione 1.0.1 (2/19)...
2025-11-12 02:32:57,157 - UnicodeAnalyzer - INFO - -> Analizzando versione 1.0.10 (3/19)...
2025-11-12 02:32:57,197 - UnicodeAnalyzer - INFO - -> Analizzando versione 1.0.2 (4/19)...
2025-11-12 02:32:57,234 - UnicodeAnalyzer - INFO - -> Analizzando versione 1.0.3 (5/19)...
2025-11-12 02:32:57,274 - UnicodeAnalyzer - INFO - -> Analizzando versione 1.0.4 (6/19)...
2025-11-12 02:32:57,315 - UnicodeAnalyzer - INFO - -> Analizzando versione 1.0.5 (7/19)...
2025-11-12 02:32:57,356 - UnicodeAnalyzer - INFO - -> Analizzando versione 1.0.6 (8/19)...
2025-11-12 02:32:57,397 - UnicodeAnalyzer - INFO - -> Analizzando versione 1.0.7 (9/19)...
2025-11-12 02:32:57,437 - UnicodeAnalyzer - INFO - -> Analizzando versione 1.0.8 (10/19)...
2025-11-12 02:32:57,477 - UnicodeAnalyzer - INFO - -> Analizzando versione 1.0.9 (11/19)...
2025-11-12 02:32:57,518 - UnicodeAnalyzer - INFO - -> Analizzando versione 1.1.0 (12/19)...
2025-11-12 02:32:57,559 - UnicodeAnalyzer - INFO - -> Analizzando versione 1.2.0 (13/19)...
2025-11-12 02:32:57,600 - UnicodeAnalyzer - INFO - -> Analizzando versione 1.2.1 (14/19)...
2025-11-12 02:32:57,640 - UnicodeAnalyzer - INFO - -> Analizzando versione 2.0.0 (15/19)...
2025-11-12 02:32:57,681 - UnicodeAnalyzer - INFO - -> Analizzando versione 3.0.0 (16/19)...
2025-11-12 02:32:57,722 - UnicodeAnalyzer - INFO - -> Analizzando versione 3.0.1 (17/19)...
2025-11-12 02:32:57,762 - UnicodeAnalyzer - INFO - -> Analizzando versione 4.0.0 (18/19)...
2025-11-12 02:32:57,802 - UnicodeAnalyzer - INFO - -> Analizzando versione 4.1.0 (19/19)...
2025-11-12 02:32:57,843 - UnicodeAnalyzer - INFO - Esportando i risultati HUT per 'is-ci' in CSV...
2025-11-12 02:32:57,870 - UnicodeAnalyzer - INFO - Report salvati in: /app/npm_hut_results/is-ci
2025-11-12 02:32:57,871 - NPM_HUT_Analyzer - INFO - Pulizia cartella temporanea 'temp_hut/is-ci'...
2025-11-12 02:32:57,873 - NPM_HUT_Analyzer - INFO - Pulizia completata.
