2025-10-24 00:52:21,169 - NPM_Analyzer - INFO - Fetching metadata for '@angular/platform-browser'...
2025-10-24 00:52:21,369 - NPM_Analyzer - INFO - Found 969 versions. Starting download into 'temp/@angular_platform-browser'...
2025-10-24 01:19:29,445 - BlankSpaceAnalyzer - INFO - Analyzing 969 versions for '*.js' in '@angular_platform-browser'.
2025-10-24 01:19:29,445 - BlankSpaceAnalyzer - INFO - -> Analyzing version 0.0.0-0 (1/969)...
2025-10-24 01:19:29,499 - BlankSpaceAnalyzer - INFO - -> Analyzing version 0.0.0-1 (2/969)...
2025-10-24 01:19:29,553 - BlankSpaceAnalyzer - INFO - -> Analyzing version 0.0.0-2 (3/969)...
2025-10-24 01:19:29,607 - BlankSpaceAnalyzer - INFO - -> Analyzing version 0.0.0-3 (4/969)...
2025-10-24 01:19:29,668 - BlankSpaceAnalyzer - INFO - -> Analyzing version 0.0.0-4 (5/969)...
2025-10-24 01:19:29,726 - BlankSpaceAnalyzer - INFO - -> Analyzing version 0.0.0-5 (6/969)...
2025-10-24 01:19:29,784 - BlankSpaceAnalyzer - INFO - -> Analyzing version 0.0.0-6 (7/969)...
2025-10-24 01:19:29,843 - BlankSpaceAnalyzer - INFO - -> Analyzing version 0.0.0-7 (8/969)...
2025-10-24 01:19:29,902 - BlankSpaceAnalyzer - INFO - -> Analyzing version 10.0.0 (9/969)...
2025-10-24 01:19:29,962 - BlankSpaceAnalyzer - INFO - -> Analyzing version 10.0.0-next.0 (10/969)...
2025-10-24 01:19:30,020 - BlankSpaceAnalyzer - INFO - -> Analyzing version 10.0.0-next.0.with-local-changes (11/969)...
2025-10-24 01:19:30,080 - BlankSpaceAnalyzer - INFO - -> Analyzing version 10.0.0-next.1 (12/969)...
2025-10-24 01:19:30,140 - BlankSpaceAnalyzer - INFO - -> Analyzing version 10.0.0-next.2 (13/969)...
2025-10-24 01:19:30,203 - BlankSpaceAnalyzer - INFO - -> Analyzing version 10.0.0-next.3 (14/969)...
2025-10-24 01:19:30,262 - BlankSpaceAnalyzer - INFO - -> Analyzing version 10.0.0-next.4 (15/969)...
2025-10-24 01:19:30,323 - BlankSpaceAnalyzer - INFO - -> Analyzing version 10.0.0-next.5 (16/969)...
2025-10-24 01:19:30,385 - BlankSpaceAnalyzer - INFO - -> Analyzing version 10.0.0-next.6 (17/969)...
2025-10-24 01:19:30,442 - BlankSpaceAnalyzer - INFO - -> Analyzing version 10.0.0-next.7 (18/969)...
2025-10-24 01:19:30,502 - BlankSpaceAnalyzer - INFO - -> Analyzing version 10.0.0-next.8 (19/969)...
2025-10-24 01:19:30,561 - BlankSpaceAnalyzer - INFO - -> Analyzing version 10.0.0-next.9 (20/969)...
2025-10-24 01:19:30,619 - BlankSpaceAnalyzer - INFO - -> Analyzing version 10.0.0-rc.0 (21/969)...
2025-10-24 01:19:30,680 - BlankSpaceAnalyzer - INFO - -> Analyzing version 10.0.0-rc.2 (22/969)...
2025-10-24 01:19:30,738 - BlankSpaceAnalyzer - INFO - -> Analyzing version 10.0.0-rc.3 (23/969)...
2025-10-24 01:19:30,797 - BlankSpaceAnalyzer - INFO - -> Analyzing version 10.0.0-rc.4 (24/969)...
2025-10-24 01:19:30,856 - BlankSpaceAnalyzer - INFO - -> Analyzing version 10.0.0-rc.5 (25/969)...
2025-10-24 01:19:30,914 - BlankSpaceAnalyzer - INFO - -> Analyzing version 10.0.0-rc.6 (26/969)...
2025-10-24 01:19:30,972 - BlankSpaceAnalyzer - INFO - -> Analyzing version 10.0.1 (27/969)...
2025-10-24 01:19:31,030 - BlankSpaceAnalyzer - INFO - -> Analyzing version 10.0.10 (28/969)...
2025-10-24 01:19:31,088 - BlankSpaceAnalyzer - INFO - -> Analyzing version 10.0.11 (29/969)...
2025-10-24 01:19:31,146 - BlankSpaceAnalyzer - INFO - -> Analyzing version 10.0.12 (30/969)...
2025-10-24 01:19:31,203 - BlankSpaceAnalyzer - INFO - -> Analyzing version 10.0.13 (31/969)...
2025-10-24 01:19:31,261 - BlankSpaceAnalyzer - INFO - -> Analyzing version 10.0.14 (32/969)...
2025-10-24 01:19:31,319 - BlankSpaceAnalyzer - INFO - -> Analyzing version 10.0.2 (33/969)...
2025-10-24 01:19:31,380 - BlankSpaceAnalyzer - INFO - -> Analyzing version 10.0.3 (34/969)...
2025-10-24 01:19:31,438 - BlankSpaceAnalyzer - INFO - -> Analyzing version 10.0.4 (35/969)...
2025-10-24 01:19:31,497 - BlankSpaceAnalyzer - INFO - -> Analyzing version 10.0.5 (36/969)...
2025-10-24 01:19:31,555 - BlankSpaceAnalyzer - INFO - -> Analyzing version 10.0.6 (37/969)...
2025-10-24 01:19:31,613 - BlankSpaceAnalyzer - INFO - -> Analyzing version 10.0.7 (38/969)...
2025-10-24 01:19:31,671 - BlankSpaceAnalyzer - INFO - -> Analyzing version 10.0.8 (39/969)...
2025-10-24 01:19:31,729 - BlankSpaceAnalyzer - INFO - -> Analyzing version 10.0.9 (40/969)...
2025-10-24 01:19:31,788 - BlankSpaceAnalyzer - INFO - -> Analyzing version 10.1.0 (41/969)...
2025-10-24 01:19:31,847 - BlankSpaceAnalyzer - INFO - -> Analyzing version 10.1.0-next.0 (42/969)...
2025-10-24 01:19:31,905 - BlankSpaceAnalyzer - INFO - -> Analyzing version 10.1.0-next.1 (43/969)...
2025-10-24 01:19:31,963 - BlankSpaceAnalyzer - INFO - -> Analyzing version 10.1.0-next.2 (44/969)...
2025-10-24 01:19:32,023 - BlankSpaceAnalyzer - INFO - -> Analyzing version 10.1.0-next.3 (45/969)...
2025-10-24 01:19:32,081 - BlankSpaceAnalyzer - INFO - -> Analyzing version 10.1.0-next.4 (46/969)...
2025-10-24 01:19:32,138 - BlankSpaceAnalyzer - INFO - -> Analyzing version 10.1.0-next.5 (47/969)...
2025-10-24 01:19:32,197 - BlankSpaceAnalyzer - INFO - -> Analyzing version 10.1.0-next.6 (48/969)...
2025-10-24 01:19:32,254 - BlankSpaceAnalyzer - INFO - -> Analyzing version 10.1.0-next.7 (49/969)...
2025-10-24 01:19:32,313 - BlankSpaceAnalyzer - INFO - -> Analyzing version 10.1.0-next.8 (50/969)...
2025-10-24 01:19:32,371 - BlankSpaceAnalyzer - INFO - -> Analyzing version 10.1.0-rc.0 (51/969)...
2025-10-24 01:19:32,429 - BlankSpaceAnalyzer - INFO - -> Analyzing version 10.1.1 (52/969)...
2025-10-24 01:19:32,487 - BlankSpaceAnalyzer - INFO - -> Analyzing version 10.1.2 (53/969)...
2025-10-24 01:19:32,547 - BlankSpaceAnalyzer - INFO - -> Analyzing version 10.1.3 (54/969)...
2025-10-24 01:19:32,605 - BlankSpaceAnalyzer - INFO - -> Analyzing version 10.1.4 (55/969)...
2025-10-24 01:19:32,666 - BlankSpaceAnalyzer - INFO - -> Analyzing version 10.1.5 (56/969)...
2025-10-24 01:19:32,724 - BlankSpaceAnalyzer - INFO - -> Analyzing version 10.1.6 (57/969)...
2025-10-24 01:19:32,782 - BlankSpaceAnalyzer - INFO - -> Analyzing version 10.2.0 (58/969)...
2025-10-24 01:19:32,841 - BlankSpaceAnalyzer - INFO - -> Analyzing version 10.2.1 (59/969)...
2025-10-24 01:19:32,898 - BlankSpaceAnalyzer - INFO - -> Analyzing version 10.2.2 (60/969)...
2025-10-24 01:19:32,961 - BlankSpaceAnalyzer - INFO - -> Analyzing version 10.2.3 (61/969)...
2025-10-24 01:19:33,018 - BlankSpaceAnalyzer - INFO - -> Analyzing version 10.2.4 (62/969)...
2025-10-24 01:19:33,079 - BlankSpaceAnalyzer - INFO - -> Analyzing version 10.2.5 (63/969)...
2025-10-24 01:19:33,137 - BlankSpaceAnalyzer - INFO - -> Analyzing version 11.0.0 (64/969)...
2025-10-24 01:19:33,195 - BlankSpaceAnalyzer - INFO - -> Analyzing version 11.0.0-next.0 (65/969)...
2025-10-24 01:19:33,257 - BlankSpaceAnalyzer - INFO - -> Analyzing version 11.0.0-next.1 (66/969)...
2025-10-24 01:19:33,317 - BlankSpaceAnalyzer - INFO - -> Analyzing version 11.0.0-next.2 (67/969)...
2025-10-24 01:19:33,376 - BlankSpaceAnalyzer - INFO - -> Analyzing version 11.0.0-next.3 (68/969)...
2025-10-24 01:19:33,434 - BlankSpaceAnalyzer - INFO - -> Analyzing version 11.0.0-next.4 (69/969)...
2025-10-24 01:19:33,493 - BlankSpaceAnalyzer - INFO - -> Analyzing version 11.0.0-next.5 (70/969)...
2025-10-24 01:19:33,553 - BlankSpaceAnalyzer - INFO - -> Analyzing version 11.0.0-next.6 (71/969)...
2025-10-24 01:19:33,610 - BlankSpaceAnalyzer - INFO - -> Analyzing version 11.0.0-rc.0 (72/969)...
2025-10-24 01:19:33,669 - BlankSpaceAnalyzer - INFO - -> Analyzing version 11.0.0-rc.1 (73/969)...
2025-10-24 01:19:33,727 - BlankSpaceAnalyzer - INFO - -> Analyzing version 11.0.0-rc.2 (74/969)...
2025-10-24 01:19:33,785 - BlankSpaceAnalyzer - INFO - -> Analyzing version 11.0.0-rc.3 (75/969)...
2025-10-24 01:19:33,843 - BlankSpaceAnalyzer - INFO - -> Analyzing version 11.0.1 (76/969)...
2025-10-24 01:19:33,903 - BlankSpaceAnalyzer - INFO - -> Analyzing version 11.0.2 (77/969)...
2025-10-24 01:19:33,962 - BlankSpaceAnalyzer - INFO - -> Analyzing version 11.0.3 (78/969)...
2025-10-24 01:19:34,022 - BlankSpaceAnalyzer - INFO - -> Analyzing version 11.0.4 (79/969)...
2025-10-24 01:19:34,079 - BlankSpaceAnalyzer - INFO - -> Analyzing version 11.0.5 (80/969)...
2025-10-24 01:19:34,137 - BlankSpaceAnalyzer - INFO - -> Analyzing version 11.0.6 (81/969)...
2025-10-24 01:19:34,195 - BlankSpaceAnalyzer - INFO - -> Analyzing version 11.0.7 (82/969)...
2025-10-24 01:19:34,252 - BlankSpaceAnalyzer - INFO - -> Analyzing version 11.0.8 (83/969)...
2025-10-24 01:19:34,311 - BlankSpaceAnalyzer - INFO - -> Analyzing version 11.0.9 (84/969)...
2025-10-24 01:19:34,369 - BlankSpaceAnalyzer - INFO - -> Analyzing version 11.1.0 (85/969)...
2025-10-24 01:19:34,427 - BlankSpaceAnalyzer - INFO - -> Analyzing version 11.1.0-next.0 (86/969)...
2025-10-24 01:19:34,486 - BlankSpaceAnalyzer - INFO - -> Analyzing version 11.1.0-next.1 (87/969)...
2025-10-24 01:19:34,542 - BlankSpaceAnalyzer - INFO - -> Analyzing version 11.1.0-next.2 (88/969)...
2025-10-24 01:19:34,601 - BlankSpaceAnalyzer - INFO - -> Analyzing version 11.1.0-next.3 (89/969)...
2025-10-24 01:19:34,658 - BlankSpaceAnalyzer - INFO - -> Analyzing version 11.1.0-next.4 (90/969)...
2025-10-24 01:19:34,716 - BlankSpaceAnalyzer - INFO - -> Analyzing version 11.1.0-next.5 (91/969)...
2025-10-24 01:19:34,775 - BlankSpaceAnalyzer - INFO - -> Analyzing version 11.1.0-rc.0 (92/969)...
2025-10-24 01:19:34,833 - BlankSpaceAnalyzer - INFO - -> Analyzing version 11.1.1 (93/969)...
2025-10-24 01:19:34,892 - BlankSpaceAnalyzer - INFO - -> Analyzing version 11.1.2 (94/969)...
2025-10-24 01:19:34,952 - BlankSpaceAnalyzer - INFO - -> Analyzing version 11.2.0 (95/969)...
2025-10-24 01:19:35,010 - BlankSpaceAnalyzer - INFO - -> Analyzing version 11.2.0-next.0 (96/969)...
2025-10-24 01:19:35,069 - BlankSpaceAnalyzer - INFO - -> Analyzing version 11.2.0-next.1 (97/969)...
2025-10-24 01:19:35,127 - BlankSpaceAnalyzer - INFO - -> Analyzing version 11.2.0-rc.0 (98/969)...
2025-10-24 01:19:35,185 - BlankSpaceAnalyzer - INFO - -> Analyzing version 11.2.1 (99/969)...
2025-10-24 01:19:35,244 - BlankSpaceAnalyzer - INFO - -> Analyzing version 11.2.10 (100/969)...
2025-10-24 01:19:35,302 - BlankSpaceAnalyzer - INFO - -> Analyzing version 11.2.11 (101/969)...
2025-10-24 01:19:35,360 - BlankSpaceAnalyzer - INFO - -> Analyzing version 11.2.12 (102/969)...
2025-10-24 01:19:35,420 - BlankSpaceAnalyzer - INFO - -> Analyzing version 11.2.13 (103/969)...
2025-10-24 01:19:35,478 - BlankSpaceAnalyzer - INFO - -> Analyzing version 11.2.14 (104/969)...
2025-10-24 01:19:35,537 - BlankSpaceAnalyzer - INFO - -> Analyzing version 11.2.2 (105/969)...
2025-10-24 01:19:35,595 - BlankSpaceAnalyzer - INFO - -> Analyzing version 11.2.3 (106/969)...
2025-10-24 01:19:35,652 - BlankSpaceAnalyzer - INFO - -> Analyzing version 11.2.4 (107/969)...
2025-10-24 01:19:35,711 - BlankSpaceAnalyzer - INFO - -> Analyzing version 11.2.5 (108/969)...
2025-10-24 01:19:35,769 - BlankSpaceAnalyzer - INFO - -> Analyzing version 11.2.6 (109/969)...
2025-10-24 01:19:35,827 - BlankSpaceAnalyzer - INFO - -> Analyzing version 11.2.7 (110/969)...
2025-10-24 01:19:35,886 - BlankSpaceAnalyzer - INFO - -> Analyzing version 11.2.8 (111/969)...
2025-10-24 01:19:35,943 - BlankSpaceAnalyzer - INFO - -> Analyzing version 11.2.9 (112/969)...
2025-10-24 01:19:36,002 - BlankSpaceAnalyzer - INFO - -> Analyzing version 12.0.0 (113/969)...
2025-10-24 01:19:36,061 - BlankSpaceAnalyzer - INFO - -> Analyzing version 12.0.0-next.0 (114/969)...
2025-10-24 01:19:36,123 - BlankSpaceAnalyzer - INFO - -> Analyzing version 12.0.0-next.1 (115/969)...
2025-10-24 01:19:36,180 - BlankSpaceAnalyzer - INFO - -> Analyzing version 12.0.0-next.2 (116/969)...
2025-10-24 01:19:36,239 - BlankSpaceAnalyzer - INFO - -> Analyzing version 12.0.0-next.3 (117/969)...
2025-10-24 01:19:36,297 - BlankSpaceAnalyzer - INFO - -> Analyzing version 12.0.0-next.4 (118/969)...
2025-10-24 01:19:36,355 - BlankSpaceAnalyzer - INFO - -> Analyzing version 12.0.0-next.5 (119/969)...
2025-10-24 01:19:36,413 - BlankSpaceAnalyzer - INFO - -> Analyzing version 12.0.0-next.6 (120/969)...
2025-10-24 01:19:36,476 - BlankSpaceAnalyzer - INFO - -> Analyzing version 12.0.0-next.7 (121/969)...
2025-10-24 01:19:36,534 - BlankSpaceAnalyzer - INFO - -> Analyzing version 12.0.0-next.8 (122/969)...
2025-10-24 01:19:36,593 - BlankSpaceAnalyzer - INFO - -> Analyzing version 12.0.0-next.9 (123/969)...
2025-10-24 01:19:36,653 - BlankSpaceAnalyzer - INFO - -> Analyzing version 12.0.0-rc.0 (124/969)...
2025-10-24 01:19:36,712 - BlankSpaceAnalyzer - INFO - -> Analyzing version 12.0.0-rc.1 (125/969)...
2025-10-24 01:19:36,766 - BlankSpaceAnalyzer - INFO - -> Analyzing version 12.0.0-rc.2 (126/969)...
2025-10-24 01:19:36,820 - BlankSpaceAnalyzer - INFO - -> Analyzing version 12.0.0-rc.3 (127/969)...
2025-10-24 01:19:36,878 - BlankSpaceAnalyzer - INFO - -> Analyzing version 12.0.1 (128/969)...
2025-10-24 01:19:36,937 - BlankSpaceAnalyzer - INFO - -> Analyzing version 12.0.2 (129/969)...
2025-10-24 01:19:36,996 - BlankSpaceAnalyzer - INFO - -> Analyzing version 12.0.3 (130/969)...
2025-10-24 01:19:37,057 - BlankSpaceAnalyzer - INFO - -> Analyzing version 12.0.4 (131/969)...
2025-10-24 01:19:37,118 - BlankSpaceAnalyzer - INFO - -> Analyzing version 12.0.5 (132/969)...
2025-10-24 01:19:37,177 - BlankSpaceAnalyzer - INFO - -> Analyzing version 12.1.0 (133/969)...
2025-10-24 01:19:37,234 - BlankSpaceAnalyzer - INFO - -> Analyzing version 12.1.0-next.1 (134/969)...
2025-10-24 01:19:37,296 - BlankSpaceAnalyzer - INFO - -> Analyzing version 12.1.0-next.2 (135/969)...
2025-10-24 01:19:37,355 - BlankSpaceAnalyzer - INFO - -> Analyzing version 12.1.0-next.3 (136/969)...
2025-10-24 01:19:37,412 - BlankSpaceAnalyzer - INFO - -> Analyzing version 12.1.0-next.4 (137/969)...
2025-10-24 01:19:37,471 - BlankSpaceAnalyzer - INFO - -> Analyzing version 12.1.0-next.5 (138/969)...
2025-10-24 01:19:37,528 - BlankSpaceAnalyzer - INFO - -> Analyzing version 12.1.0-next.6 (139/969)...
2025-10-24 01:19:37,587 - BlankSpaceAnalyzer - INFO - -> Analyzing version 12.1.1 (140/969)...
2025-10-24 01:19:37,646 - BlankSpaceAnalyzer - INFO - -> Analyzing version 12.1.2 (141/969)...
2025-10-24 01:19:37,704 - BlankSpaceAnalyzer - INFO - -> Analyzing version 12.1.3 (142/969)...
2025-10-24 01:19:37,763 - BlankSpaceAnalyzer - INFO - -> Analyzing version 12.1.4 (143/969)...
2025-10-24 01:19:37,823 - BlankSpaceAnalyzer - INFO - -> Analyzing version 12.1.5 (144/969)...
2025-10-24 01:19:37,882 - BlankSpaceAnalyzer - INFO - -> Analyzing version 12.2.0 (145/969)...
2025-10-24 01:19:37,941 - BlankSpaceAnalyzer - INFO - -> Analyzing version 12.2.0-next.0 (146/969)...
2025-10-24 01:19:38,000 - BlankSpaceAnalyzer - INFO - -> Analyzing version 12.2.0-next.1 (147/969)...
2025-10-24 01:19:38,059 - BlankSpaceAnalyzer - INFO - -> Analyzing version 12.2.0-next.2 (148/969)...
2025-10-24 01:19:38,116 - BlankSpaceAnalyzer - INFO - -> Analyzing version 12.2.0-next.3 (149/969)...
2025-10-24 01:19:38,174 - BlankSpaceAnalyzer - INFO - -> Analyzing version 12.2.0-rc.0 (150/969)...
2025-10-24 01:19:38,232 - BlankSpaceAnalyzer - INFO - -> Analyzing version 12.2.1 (151/969)...
2025-10-24 01:19:38,289 - BlankSpaceAnalyzer - INFO - -> Analyzing version 12.2.10 (152/969)...
2025-10-24 01:19:38,352 - BlankSpaceAnalyzer - INFO - -> Analyzing version 12.2.11 (153/969)...
2025-10-24 01:19:38,412 - BlankSpaceAnalyzer - INFO - -> Analyzing version 12.2.12 (154/969)...
2025-10-24 01:19:38,471 - BlankSpaceAnalyzer - INFO - -> Analyzing version 12.2.13 (155/969)...
2025-10-24 01:19:38,530 - BlankSpaceAnalyzer - INFO - -> Analyzing version 12.2.14 (156/969)...
2025-10-24 01:19:38,588 - BlankSpaceAnalyzer - INFO - -> Analyzing version 12.2.15 (157/969)...
2025-10-24 01:19:38,649 - BlankSpaceAnalyzer - INFO - -> Analyzing version 12.2.16 (158/969)...
2025-10-24 01:19:38,706 - BlankSpaceAnalyzer - INFO - -> Analyzing version 12.2.17 (159/969)...
2025-10-24 01:19:38,764 - BlankSpaceAnalyzer - INFO - -> Analyzing version 12.2.2 (160/969)...
2025-10-24 01:19:38,822 - BlankSpaceAnalyzer - INFO - -> Analyzing version 12.2.3 (161/969)...
2025-10-24 01:19:38,880 - BlankSpaceAnalyzer - INFO - -> Analyzing version 12.2.4 (162/969)...
2025-10-24 01:19:38,938 - BlankSpaceAnalyzer - INFO - -> Analyzing version 12.2.5 (163/969)...
2025-10-24 01:19:38,997 - BlankSpaceAnalyzer - INFO - -> Analyzing version 12.2.6 (164/969)...
2025-10-24 01:19:39,056 - BlankSpaceAnalyzer - INFO - -> Analyzing version 12.2.7 (165/969)...
2025-10-24 01:19:39,115 - BlankSpaceAnalyzer - INFO - -> Analyzing version 12.2.8 (166/969)...
2025-10-24 01:19:39,168 - BlankSpaceAnalyzer - INFO - -> Analyzing version 12.2.9 (167/969)...
2025-10-24 01:19:39,223 - BlankSpaceAnalyzer - INFO - -> Analyzing version 13.0.0 (168/969)...
2025-10-24 01:19:39,224 - BlankSpaceAnalyzer - INFO - -> Analyzing version 13.0.0-next.0 (169/969)...
2025-10-24 01:19:39,283 - BlankSpaceAnalyzer - INFO - -> Analyzing version 13.0.0-next.1 (170/969)...
2025-10-24 01:19:39,342 - BlankSpaceAnalyzer - INFO - -> Analyzing version 13.0.0-next.10 (171/969)...
2025-10-24 01:19:39,343 - BlankSpaceAnalyzer - INFO - -> Analyzing version 13.0.0-next.11 (172/969)...
2025-10-24 01:19:39,344 - BlankSpaceAnalyzer - INFO - -> Analyzing version 13.0.0-next.12 (173/969)...
2025-10-24 01:19:39,344 - BlankSpaceAnalyzer - INFO - -> Analyzing version 13.0.0-next.13 (174/969)...
2025-10-24 01:19:39,345 - BlankSpaceAnalyzer - INFO - -> Analyzing version 13.0.0-next.14 (175/969)...
2025-10-24 01:19:39,346 - BlankSpaceAnalyzer - INFO - -> Analyzing version 13.0.0-next.15 (176/969)...
2025-10-24 01:19:39,347 - BlankSpaceAnalyzer - INFO - -> Analyzing version 13.0.0-next.2 (177/969)...
2025-10-24 01:19:39,406 - BlankSpaceAnalyzer - INFO - -> Analyzing version 13.0.0-next.3 (178/969)...
2025-10-24 01:19:39,464 - BlankSpaceAnalyzer - INFO - -> Analyzing version 13.0.0-next.4 (179/969)...
2025-10-24 01:19:39,523 - BlankSpaceAnalyzer - INFO - -> Analyzing version 13.0.0-next.5 (180/969)...
2025-10-24 01:19:39,583 - BlankSpaceAnalyzer - INFO - -> Analyzing version 13.0.0-next.6 (181/969)...
2025-10-24 01:19:39,641 - BlankSpaceAnalyzer - INFO - -> Analyzing version 13.0.0-next.7 (182/969)...
2025-10-24 01:19:39,700 - BlankSpaceAnalyzer - INFO - -> Analyzing version 13.0.0-next.8 (183/969)...
2025-10-24 01:19:39,757 - BlankSpaceAnalyzer - INFO - -> Analyzing version 13.0.0-next.9 (184/969)...
2025-10-24 01:19:39,817 - BlankSpaceAnalyzer - INFO - -> Analyzing version 13.0.0-rc.0 (185/969)...
2025-10-24 01:19:39,817 - BlankSpaceAnalyzer - INFO - -> Analyzing version 13.0.0-rc.1 (186/969)...
2025-10-24 01:19:39,818 - BlankSpaceAnalyzer - INFO - -> Analyzing version 13.0.0-rc.2 (187/969)...
2025-10-24 01:19:39,819 - BlankSpaceAnalyzer - INFO - -> Analyzing version 13.0.0-rc.3 (188/969)...
2025-10-24 01:19:39,820 - BlankSpaceAnalyzer - INFO - -> Analyzing version 13.0.1 (189/969)...
2025-10-24 01:19:39,820 - BlankSpaceAnalyzer - INFO - -> Analyzing version 13.0.2 (190/969)...
2025-10-24 01:19:39,821 - BlankSpaceAnalyzer - INFO - -> Analyzing version 13.0.3 (191/969)...
2025-10-24 01:19:39,822 - BlankSpaceAnalyzer - INFO - -> Analyzing version 13.1.0 (192/969)...
2025-10-24 01:19:39,823 - BlankSpaceAnalyzer - INFO - -> Analyzing version 13.1.0-next.0 (193/969)...
2025-10-24 01:19:39,823 - BlankSpaceAnalyzer - INFO - -> Analyzing version 13.1.0-next.1 (194/969)...
2025-10-24 01:19:39,824 - BlankSpaceAnalyzer - INFO - -> Analyzing version 13.1.0-next.2 (195/969)...
2025-10-24 01:19:39,825 - BlankSpaceAnalyzer - INFO - -> Analyzing version 13.1.0-next.3 (196/969)...
2025-10-24 01:19:39,825 - BlankSpaceAnalyzer - INFO - -> Analyzing version 13.1.1 (197/969)...
2025-10-24 01:19:39,826 - BlankSpaceAnalyzer - INFO - -> Analyzing version 13.1.2 (198/969)...
2025-10-24 01:19:39,827 - BlankSpaceAnalyzer - INFO - -> Analyzing version 13.1.3 (199/969)...
2025-10-24 01:19:39,828 - BlankSpaceAnalyzer - INFO - -> Analyzing version 13.2.0 (200/969)...
2025-10-24 01:19:39,828 - BlankSpaceAnalyzer - INFO - -> Analyzing version 13.2.0-next.0 (201/969)...
2025-10-24 01:19:39,829 - BlankSpaceAnalyzer - INFO - -> Analyzing version 13.2.0-next.1 (202/969)...
2025-10-24 01:19:39,830 - BlankSpaceAnalyzer - INFO - -> Analyzing version 13.2.0-next.2 (203/969)...
2025-10-24 01:19:39,831 - BlankSpaceAnalyzer - INFO - -> Analyzing version 13.2.0-rc.0 (204/969)...
2025-10-24 01:19:39,831 - BlankSpaceAnalyzer - INFO - -> Analyzing version 13.2.0-rc.1 (205/969)...
2025-10-24 01:19:39,832 - BlankSpaceAnalyzer - INFO - -> Analyzing version 13.2.1 (206/969)...
2025-10-24 01:19:39,833 - BlankSpaceAnalyzer - INFO - -> Analyzing version 13.2.2 (207/969)...
2025-10-24 01:19:39,833 - BlankSpaceAnalyzer - INFO - -> Analyzing version 13.2.3 (208/969)...
2025-10-24 01:19:39,834 - BlankSpaceAnalyzer - INFO - -> Analyzing version 13.2.4 (209/969)...
2025-10-24 01:19:39,835 - BlankSpaceAnalyzer - INFO - -> Analyzing version 13.2.5 (210/969)...
2025-10-24 01:19:39,836 - BlankSpaceAnalyzer - INFO - -> Analyzing version 13.2.6 (211/969)...
2025-10-24 01:19:39,837 - BlankSpaceAnalyzer - INFO - -> Analyzing version 13.2.7 (212/969)...
2025-10-24 01:19:39,838 - BlankSpaceAnalyzer - INFO - -> Analyzing version 13.3.0 (213/969)...
2025-10-24 01:19:39,840 - BlankSpaceAnalyzer - INFO - -> Analyzing version 13.3.0-rc.0 (214/969)...
2025-10-24 01:19:39,841 - BlankSpaceAnalyzer - INFO - -> Analyzing version 13.3.1 (215/969)...
2025-10-24 01:19:39,842 - BlankSpaceAnalyzer - INFO - -> Analyzing version 13.3.10 (216/969)...
2025-10-24 01:19:39,843 - BlankSpaceAnalyzer - INFO - -> Analyzing version 13.3.11 (217/969)...
2025-10-24 01:19:39,844 - BlankSpaceAnalyzer - INFO - -> Analyzing version 13.3.12 (218/969)...
2025-10-24 01:19:39,845 - BlankSpaceAnalyzer - INFO - -> Analyzing version 13.3.2 (219/969)...
2025-10-24 01:19:39,846 - BlankSpaceAnalyzer - INFO - -> Analyzing version 13.3.3 (220/969)...
2025-10-24 01:19:39,847 - BlankSpaceAnalyzer - INFO - -> Analyzing version 13.3.4 (221/969)...
2025-10-24 01:19:39,847 - BlankSpaceAnalyzer - INFO - -> Analyzing version 13.3.5 (222/969)...
2025-10-24 01:19:39,848 - BlankSpaceAnalyzer - INFO - -> Analyzing version 13.3.6 (223/969)...
2025-10-24 01:19:39,849 - BlankSpaceAnalyzer - INFO - -> Analyzing version 13.3.7 (224/969)...
2025-10-24 01:19:39,850 - BlankSpaceAnalyzer - INFO - -> Analyzing version 13.3.8 (225/969)...
2025-10-24 01:19:39,851 - BlankSpaceAnalyzer - INFO - -> Analyzing version 13.3.9 (226/969)...
2025-10-24 01:19:39,851 - BlankSpaceAnalyzer - INFO - -> Analyzing version 13.4.0 (227/969)...
2025-10-24 01:19:39,852 - BlankSpaceAnalyzer - INFO - -> Analyzing version 14.0.0 (228/969)...
2025-10-24 01:19:39,853 - BlankSpaceAnalyzer - INFO - -> Analyzing version 14.0.0-next.0 (229/969)...
2025-10-24 01:19:39,854 - BlankSpaceAnalyzer - INFO - -> Analyzing version 14.0.0-next.1 (230/969)...
2025-10-24 01:19:39,855 - BlankSpaceAnalyzer - INFO - -> Analyzing version 14.0.0-next.10 (231/969)...
2025-10-24 01:19:39,856 - BlankSpaceAnalyzer - INFO - -> Analyzing version 14.0.0-next.11 (232/969)...
2025-10-24 01:19:39,856 - BlankSpaceAnalyzer - INFO - -> Analyzing version 14.0.0-next.12 (233/969)...
2025-10-24 01:19:39,857 - BlankSpaceAnalyzer - INFO - -> Analyzing version 14.0.0-next.13 (234/969)...
2025-10-24 01:19:39,858 - BlankSpaceAnalyzer - INFO - -> Analyzing version 14.0.0-next.14 (235/969)...
2025-10-24 01:19:39,859 - BlankSpaceAnalyzer - INFO - -> Analyzing version 14.0.0-next.15 (236/969)...
2025-10-24 01:19:39,860 - BlankSpaceAnalyzer - INFO - -> Analyzing version 14.0.0-next.16 (237/969)...
2025-10-24 01:19:39,860 - BlankSpaceAnalyzer - INFO - -> Analyzing version 14.0.0-next.2 (238/969)...
2025-10-24 01:19:39,861 - BlankSpaceAnalyzer - INFO - -> Analyzing version 14.0.0-next.3 (239/969)...
2025-10-24 01:19:39,862 - BlankSpaceAnalyzer - INFO - -> Analyzing version 14.0.0-next.4 (240/969)...
2025-10-24 01:19:39,863 - BlankSpaceAnalyzer - INFO - -> Analyzing version 14.0.0-next.5 (241/969)...
2025-10-24 01:19:39,864 - BlankSpaceAnalyzer - INFO - -> Analyzing version 14.0.0-next.6 (242/969)...
2025-10-24 01:19:39,865 - BlankSpaceAnalyzer - INFO - -> Analyzing version 14.0.0-next.7 (243/969)...
2025-10-24 01:19:39,866 - BlankSpaceAnalyzer - INFO - -> Analyzing version 14.0.0-next.8 (244/969)...
2025-10-24 01:19:39,866 - BlankSpaceAnalyzer - INFO - -> Analyzing version 14.0.0-next.9 (245/969)...
2025-10-24 01:19:39,867 - BlankSpaceAnalyzer - INFO - -> Analyzing version 14.0.0-rc.0 (246/969)...
2025-10-24 01:19:39,868 - BlankSpaceAnalyzer - INFO - -> Analyzing version 14.0.0-rc.1 (247/969)...
2025-10-24 01:19:39,868 - BlankSpaceAnalyzer - INFO - -> Analyzing version 14.0.0-rc.2 (248/969)...
2025-10-24 01:19:39,869 - BlankSpaceAnalyzer - INFO - -> Analyzing version 14.0.0-rc.3 (249/969)...
2025-10-24 01:19:39,870 - BlankSpaceAnalyzer - INFO - -> Analyzing version 14.0.1 (250/969)...
2025-10-24 01:19:39,871 - BlankSpaceAnalyzer - INFO - -> Analyzing version 14.0.2 (251/969)...
2025-10-24 01:19:39,871 - BlankSpaceAnalyzer - INFO - -> Analyzing version 14.0.3 (252/969)...
2025-10-24 01:19:39,872 - BlankSpaceAnalyzer - INFO - -> Analyzing version 14.0.4 (253/969)...
2025-10-24 01:19:39,873 - BlankSpaceAnalyzer - INFO - -> Analyzing version 14.0.5 (254/969)...
2025-10-24 01:19:39,874 - BlankSpaceAnalyzer - INFO - -> Analyzing version 14.0.6 (255/969)...
2025-10-24 01:19:39,876 - BlankSpaceAnalyzer - INFO - -> Analyzing version 14.0.7 (256/969)...
2025-10-24 01:19:39,876 - BlankSpaceAnalyzer - INFO - -> Analyzing version 14.1.0 (257/969)...
2025-10-24 01:19:39,877 - BlankSpaceAnalyzer - INFO - -> Analyzing version 14.1.0-next.0 (258/969)...
2025-10-24 01:19:39,878 - BlankSpaceAnalyzer - INFO - -> Analyzing version 14.1.0-next.1 (259/969)...
2025-10-24 01:19:39,879 - BlankSpaceAnalyzer - INFO - -> Analyzing version 14.1.0-next.2 (260/969)...
2025-10-24 01:19:39,879 - BlankSpaceAnalyzer - INFO - -> Analyzing version 14.1.0-next.3 (261/969)...
2025-10-24 01:19:39,880 - BlankSpaceAnalyzer - INFO - -> Analyzing version 14.1.0-next.4 (262/969)...
2025-10-24 01:19:39,881 - BlankSpaceAnalyzer - INFO - -> Analyzing version 14.1.0-rc.0 (263/969)...
2025-10-24 01:19:39,882 - BlankSpaceAnalyzer - INFO - -> Analyzing version 14.1.1 (264/969)...
2025-10-24 01:19:39,882 - BlankSpaceAnalyzer - INFO - -> Analyzing version 14.1.2 (265/969)...
2025-10-24 01:19:39,883 - BlankSpaceAnalyzer - INFO - -> Analyzing version 14.1.3 (266/969)...
2025-10-24 01:19:39,884 - BlankSpaceAnalyzer - INFO - -> Analyzing version 14.2.0 (267/969)...
2025-10-24 01:19:39,884 - BlankSpaceAnalyzer - INFO - -> Analyzing version 14.2.0-next.0 (268/969)...
2025-10-24 01:19:39,885 - BlankSpaceAnalyzer - INFO - -> Analyzing version 14.2.0-next.1 (269/969)...
2025-10-24 01:19:39,886 - BlankSpaceAnalyzer - INFO - -> Analyzing version 14.2.0-rc.0 (270/969)...
2025-10-24 01:19:39,887 - BlankSpaceAnalyzer - INFO - -> Analyzing version 14.2.1 (271/969)...
2025-10-24 01:19:39,887 - BlankSpaceAnalyzer - INFO - -> Analyzing version 14.2.10 (272/969)...
2025-10-24 01:19:39,888 - BlankSpaceAnalyzer - INFO - -> Analyzing version 14.2.11 (273/969)...
2025-10-24 01:19:39,889 - BlankSpaceAnalyzer - INFO - -> Analyzing version 14.2.12 (274/969)...
2025-10-24 01:19:39,889 - BlankSpaceAnalyzer - INFO - -> Analyzing version 14.2.2 (275/969)...
2025-10-24 01:19:39,890 - BlankSpaceAnalyzer - INFO - -> Analyzing version 14.2.3 (276/969)...
2025-10-24 01:19:39,891 - BlankSpaceAnalyzer - INFO - -> Analyzing version 14.2.4 (277/969)...
2025-10-24 01:19:39,892 - BlankSpaceAnalyzer - INFO - -> Analyzing version 14.2.5 (278/969)...
2025-10-24 01:19:39,892 - BlankSpaceAnalyzer - INFO - -> Analyzing version 14.2.6 (279/969)...
2025-10-24 01:19:39,893 - BlankSpaceAnalyzer - INFO - -> Analyzing version 14.2.7 (280/969)...
2025-10-24 01:19:39,894 - BlankSpaceAnalyzer - INFO - -> Analyzing version 14.2.8 (281/969)...
2025-10-24 01:19:39,894 - BlankSpaceAnalyzer - INFO - -> Analyzing version 14.2.9 (282/969)...
2025-10-24 01:19:39,895 - BlankSpaceAnalyzer - INFO - -> Analyzing version 14.3.0 (283/969)...
2025-10-24 01:19:39,896 - BlankSpaceAnalyzer - INFO - -> Analyzing version 15.0.0 (284/969)...
2025-10-24 01:19:39,897 - BlankSpaceAnalyzer - INFO - -> Analyzing version 15.0.0-next.0 (285/969)...
2025-10-24 01:19:39,897 - BlankSpaceAnalyzer - INFO - -> Analyzing version 15.0.0-next.1 (286/969)...
2025-10-24 01:19:39,898 - BlankSpaceAnalyzer - INFO - -> Analyzing version 15.0.0-next.2 (287/969)...
2025-10-24 01:19:39,899 - BlankSpaceAnalyzer - INFO - -> Analyzing version 15.0.0-next.3 (288/969)...
2025-10-24 01:19:39,900 - BlankSpaceAnalyzer - INFO - -> Analyzing version 15.0.0-next.4 (289/969)...
2025-10-24 01:19:39,900 - BlankSpaceAnalyzer - INFO - -> Analyzing version 15.0.0-next.5 (290/969)...
2025-10-24 01:19:39,901 - BlankSpaceAnalyzer - INFO - -> Analyzing version 15.0.0-next.6 (291/969)...
2025-10-24 01:19:39,902 - BlankSpaceAnalyzer - INFO - -> Analyzing version 15.0.0-rc.0 (292/969)...
2025-10-24 01:19:39,902 - BlankSpaceAnalyzer - INFO - -> Analyzing version 15.0.0-rc.1 (293/969)...
2025-10-24 01:19:39,903 - BlankSpaceAnalyzer - INFO - -> Analyzing version 15.0.0-rc.2 (294/969)...
2025-10-24 01:19:39,904 - BlankSpaceAnalyzer - INFO - -> Analyzing version 15.0.0-rc.3 (295/969)...
2025-10-24 01:19:39,905 - BlankSpaceAnalyzer - INFO - -> Analyzing version 15.0.0-rc.4 (296/969)...
2025-10-24 01:19:39,905 - BlankSpaceAnalyzer - INFO - -> Analyzing version 15.0.1 (297/969)...
2025-10-24 01:19:39,906 - BlankSpaceAnalyzer - INFO - -> Analyzing version 15.0.2 (298/969)...
2025-10-24 01:19:39,907 - BlankSpaceAnalyzer - INFO - -> Analyzing version 15.0.3 (299/969)...
2025-10-24 01:19:39,907 - BlankSpaceAnalyzer - INFO - -> Analyzing version 15.0.4 (300/969)...
2025-10-24 01:19:39,908 - BlankSpaceAnalyzer - INFO - -> Analyzing version 15.1.0 (301/969)...
2025-10-24 01:19:39,909 - BlankSpaceAnalyzer - INFO - -> Analyzing version 15.1.0-next.0 (302/969)...
2025-10-24 01:19:39,910 - BlankSpaceAnalyzer - INFO - -> Analyzing version 15.1.0-next.1 (303/969)...
2025-10-24 01:19:39,910 - BlankSpaceAnalyzer - INFO - -> Analyzing version 15.1.0-next.2 (304/969)...
2025-10-24 01:19:39,911 - BlankSpaceAnalyzer - INFO - -> Analyzing version 15.1.0-next.3 (305/969)...
2025-10-24 01:19:39,912 - BlankSpaceAnalyzer - INFO - -> Analyzing version 15.1.0-rc.0 (306/969)...
2025-10-24 01:19:39,913 - BlankSpaceAnalyzer - INFO - -> Analyzing version 15.1.1 (307/969)...
2025-10-24 01:19:39,913 - BlankSpaceAnalyzer - INFO - -> Analyzing version 15.1.2 (308/969)...
2025-10-24 01:19:39,914 - BlankSpaceAnalyzer - INFO - -> Analyzing version 15.1.3 (309/969)...
2025-10-24 01:19:39,915 - BlankSpaceAnalyzer - INFO - -> Analyzing version 15.1.4 (310/969)...
2025-10-24 01:19:39,915 - BlankSpaceAnalyzer - INFO - -> Analyzing version 15.1.5 (311/969)...
2025-10-24 01:19:39,916 - BlankSpaceAnalyzer - INFO - -> Analyzing version 15.2.0 (312/969)...
2025-10-24 01:19:39,917 - BlankSpaceAnalyzer - INFO - -> Analyzing version 15.2.0-next.0 (313/969)...
2025-10-24 01:19:39,918 - BlankSpaceAnalyzer - INFO - -> Analyzing version 15.2.0-next.1 (314/969)...
2025-10-24 01:19:39,918 - BlankSpaceAnalyzer - INFO - -> Analyzing version 15.2.0-next.2 (315/969)...
2025-10-24 01:19:39,919 - BlankSpaceAnalyzer - INFO - -> Analyzing version 15.2.0-next.3 (316/969)...
2025-10-24 01:19:39,920 - BlankSpaceAnalyzer - INFO - -> Analyzing version 15.2.0-next.4 (317/969)...
2025-10-24 01:19:39,921 - BlankSpaceAnalyzer - INFO - -> Analyzing version 15.2.0-rc.0 (318/969)...
2025-10-24 01:19:39,921 - BlankSpaceAnalyzer - INFO - -> Analyzing version 15.2.1 (319/969)...
2025-10-24 01:19:39,922 - BlankSpaceAnalyzer - INFO - -> Analyzing version 15.2.10 (320/969)...
2025-10-24 01:19:39,923 - BlankSpaceAnalyzer - INFO - -> Analyzing version 15.2.2 (321/969)...
2025-10-24 01:19:39,923 - BlankSpaceAnalyzer - INFO - -> Analyzing version 15.2.3 (322/969)...
2025-10-24 01:19:39,924 - BlankSpaceAnalyzer - INFO - -> Analyzing version 15.2.4 (323/969)...
2025-10-24 01:19:39,925 - BlankSpaceAnalyzer - INFO - -> Analyzing version 15.2.5 (324/969)...
2025-10-24 01:19:39,926 - BlankSpaceAnalyzer - INFO - -> Analyzing version 15.2.6 (325/969)...
2025-10-24 01:19:39,926 - BlankSpaceAnalyzer - INFO - -> Analyzing version 15.2.7 (326/969)...
2025-10-24 01:19:39,927 - BlankSpaceAnalyzer - INFO - -> Analyzing version 15.2.8 (327/969)...
2025-10-24 01:19:39,928 - BlankSpaceAnalyzer - INFO - -> Analyzing version 15.2.9 (328/969)...
2025-10-24 01:19:39,929 - BlankSpaceAnalyzer - INFO - -> Analyzing version 16.0.0 (329/969)...
2025-10-24 01:19:39,929 - BlankSpaceAnalyzer - INFO - -> Analyzing version 16.0.0-next.0 (330/969)...
2025-10-24 01:19:39,930 - BlankSpaceAnalyzer - INFO - -> Analyzing version 16.0.0-next.1 (331/969)...
2025-10-24 01:19:39,931 - BlankSpaceAnalyzer - INFO - -> Analyzing version 16.0.0-next.2 (332/969)...
2025-10-24 01:19:39,932 - BlankSpaceAnalyzer - INFO - -> Analyzing version 16.0.0-next.3 (333/969)...
2025-10-24 01:19:39,932 - BlankSpaceAnalyzer - INFO - -> Analyzing version 16.0.0-next.4 (334/969)...
2025-10-24 01:19:39,933 - BlankSpaceAnalyzer - INFO - -> Analyzing version 16.0.0-next.5 (335/969)...
2025-10-24 01:19:39,934 - BlankSpaceAnalyzer - INFO - -> Analyzing version 16.0.0-next.6 (336/969)...
2025-10-24 01:19:39,934 - BlankSpaceAnalyzer - INFO - -> Analyzing version 16.0.0-next.7 (337/969)...
2025-10-24 01:19:39,935 - BlankSpaceAnalyzer - INFO - -> Analyzing version 16.0.0-rc.0 (338/969)...
2025-10-24 01:19:39,936 - BlankSpaceAnalyzer - INFO - -> Analyzing version 16.0.0-rc.1 (339/969)...
2025-10-24 01:19:39,936 - BlankSpaceAnalyzer - INFO - -> Analyzing version 16.0.0-rc.2 (340/969)...
2025-10-24 01:19:39,937 - BlankSpaceAnalyzer - INFO - -> Analyzing version 16.0.0-rc.3 (341/969)...
2025-10-24 01:19:39,938 - BlankSpaceAnalyzer - INFO - -> Analyzing version 16.0.0-rc.4 (342/969)...
2025-10-24 01:19:39,938 - BlankSpaceAnalyzer - INFO - -> Analyzing version 16.0.1 (343/969)...
2025-10-24 01:19:39,939 - BlankSpaceAnalyzer - INFO - -> Analyzing version 16.0.2 (344/969)...
2025-10-24 01:19:39,940 - BlankSpaceAnalyzer - INFO - -> Analyzing version 16.0.3 (345/969)...
2025-10-24 01:19:39,940 - BlankSpaceAnalyzer - INFO - -> Analyzing version 16.0.4 (346/969)...
2025-10-24 01:19:39,941 - BlankSpaceAnalyzer - INFO - -> Analyzing version 16.0.5 (347/969)...
2025-10-24 01:19:39,942 - BlankSpaceAnalyzer - INFO - -> Analyzing version 16.0.6 (348/969)...
2025-10-24 01:19:39,943 - BlankSpaceAnalyzer - INFO - -> Analyzing version 16.1.0 (349/969)...
2025-10-24 01:19:39,943 - BlankSpaceAnalyzer - INFO - -> Analyzing version 16.1.0-next.0 (350/969)...
2025-10-24 01:19:39,944 - BlankSpaceAnalyzer - INFO - -> Analyzing version 16.1.0-next.1 (351/969)...
2025-10-24 01:19:39,945 - BlankSpaceAnalyzer - INFO - -> Analyzing version 16.1.0-next.2 (352/969)...
2025-10-24 01:19:39,945 - BlankSpaceAnalyzer - INFO - -> Analyzing version 16.1.0-next.3 (353/969)...
2025-10-24 01:19:39,946 - BlankSpaceAnalyzer - INFO - -> Analyzing version 16.1.0-rc.0 (354/969)...
2025-10-24 01:19:39,947 - BlankSpaceAnalyzer - INFO - -> Analyzing version 16.1.1 (355/969)...
2025-10-24 01:19:39,947 - BlankSpaceAnalyzer - INFO - -> Analyzing version 16.1.2 (356/969)...
2025-10-24 01:19:39,948 - BlankSpaceAnalyzer - INFO - -> Analyzing version 16.1.3 (357/969)...
2025-10-24 01:19:39,949 - BlankSpaceAnalyzer - INFO - -> Analyzing version 16.1.4 (358/969)...
2025-10-24 01:19:39,949 - BlankSpaceAnalyzer - INFO - -> Analyzing version 16.1.5 (359/969)...
2025-10-24 01:19:39,950 - BlankSpaceAnalyzer - INFO - -> Analyzing version 16.1.6 (360/969)...
2025-10-24 01:19:39,951 - BlankSpaceAnalyzer - INFO - -> Analyzing version 16.1.7 (361/969)...
2025-10-24 01:19:39,951 - BlankSpaceAnalyzer - INFO - -> Analyzing version 16.1.8 (362/969)...
2025-10-24 01:19:39,952 - BlankSpaceAnalyzer - INFO - -> Analyzing version 16.1.9 (363/969)...
2025-10-24 01:19:39,953 - BlankSpaceAnalyzer - INFO - -> Analyzing version 16.2.0 (364/969)...
2025-10-24 01:19:39,953 - BlankSpaceAnalyzer - INFO - -> Analyzing version 16.2.0-next.0 (365/969)...
2025-10-24 01:19:39,954 - BlankSpaceAnalyzer - INFO - -> Analyzing version 16.2.0-next.1 (366/969)...
2025-10-24 01:19:39,955 - BlankSpaceAnalyzer - INFO - -> Analyzing version 16.2.0-next.2 (367/969)...
2025-10-24 01:19:39,956 - BlankSpaceAnalyzer - INFO - -> Analyzing version 16.2.0-next.3 (368/969)...
2025-10-24 01:19:39,956 - BlankSpaceAnalyzer - INFO - -> Analyzing version 16.2.0-next.4 (369/969)...
2025-10-24 01:19:39,957 - BlankSpaceAnalyzer - INFO - -> Analyzing version 16.2.0-rc.0 (370/969)...
2025-10-24 01:19:39,958 - BlankSpaceAnalyzer - INFO - -> Analyzing version 16.2.1 (371/969)...
2025-10-24 01:19:39,958 - BlankSpaceAnalyzer - INFO - -> Analyzing version 16.2.10 (372/969)...
2025-10-24 01:19:39,959 - BlankSpaceAnalyzer - INFO - -> Analyzing version 16.2.11 (373/969)...
2025-10-24 01:19:39,960 - BlankSpaceAnalyzer - INFO - -> Analyzing version 16.2.12 (374/969)...
2025-10-24 01:19:39,960 - BlankSpaceAnalyzer - INFO - -> Analyzing version 16.2.2 (375/969)...
2025-10-24 01:19:39,961 - BlankSpaceAnalyzer - INFO - -> Analyzing version 16.2.3 (376/969)...
2025-10-24 01:19:39,962 - BlankSpaceAnalyzer - INFO - -> Analyzing version 16.2.4 (377/969)...
2025-10-24 01:19:39,962 - BlankSpaceAnalyzer - INFO - -> Analyzing version 16.2.5 (378/969)...
2025-10-24 01:19:39,963 - BlankSpaceAnalyzer - INFO - -> Analyzing version 16.2.6 (379/969)...
2025-10-24 01:19:39,964 - BlankSpaceAnalyzer - INFO - -> Analyzing version 16.2.7 (380/969)...
2025-10-24 01:19:39,964 - BlankSpaceAnalyzer - INFO - -> Analyzing version 16.2.8 (381/969)...
2025-10-24 01:19:39,965 - BlankSpaceAnalyzer - INFO - -> Analyzing version 16.2.9 (382/969)...
2025-10-24 01:19:39,966 - BlankSpaceAnalyzer - INFO - -> Analyzing version 17.0.0 (383/969)...
2025-10-24 01:19:39,967 - BlankSpaceAnalyzer - INFO - -> Analyzing version 17.0.0-next.0 (384/969)...
2025-10-24 01:19:39,967 - BlankSpaceAnalyzer - INFO - -> Analyzing version 17.0.0-next.1 (385/969)...
2025-10-24 01:19:39,968 - BlankSpaceAnalyzer - INFO - -> Analyzing version 17.0.0-next.2 (386/969)...
2025-10-24 01:19:39,969 - BlankSpaceAnalyzer - INFO - -> Analyzing version 17.0.0-next.3 (387/969)...
2025-10-24 01:19:39,969 - BlankSpaceAnalyzer - INFO - -> Analyzing version 17.0.0-next.4 (388/969)...
2025-10-24 01:19:39,970 - BlankSpaceAnalyzer - INFO - -> Analyzing version 17.0.0-next.5 (389/969)...
2025-10-24 01:19:39,971 - BlankSpaceAnalyzer - INFO - -> Analyzing version 17.0.0-next.6 (390/969)...
2025-10-24 01:19:39,971 - BlankSpaceAnalyzer - INFO - -> Analyzing version 17.0.0-next.7 (391/969)...
2025-10-24 01:19:39,972 - BlankSpaceAnalyzer - INFO - -> Analyzing version 17.0.0-next.8 (392/969)...
2025-10-24 01:19:39,973 - BlankSpaceAnalyzer - INFO - -> Analyzing version 17.0.0-rc.0 (393/969)...
2025-10-24 01:19:39,974 - BlankSpaceAnalyzer - INFO - -> Analyzing version 17.0.0-rc.1 (394/969)...
2025-10-24 01:19:39,975 - BlankSpaceAnalyzer - INFO - -> Analyzing version 17.0.0-rc.2 (395/969)...
2025-10-24 01:19:39,976 - BlankSpaceAnalyzer - INFO - -> Analyzing version 17.0.0-rc.3 (396/969)...
2025-10-24 01:19:39,976 - BlankSpaceAnalyzer - INFO - -> Analyzing version 17.0.1 (397/969)...
2025-10-24 01:19:39,977 - BlankSpaceAnalyzer - INFO - -> Analyzing version 17.0.2 (398/969)...
2025-10-24 01:19:39,978 - BlankSpaceAnalyzer - INFO - -> Analyzing version 17.0.3 (399/969)...
2025-10-24 01:19:39,979 - BlankSpaceAnalyzer - INFO - -> Analyzing version 17.0.4 (400/969)...
2025-10-24 01:19:39,980 - BlankSpaceAnalyzer - INFO - -> Analyzing version 17.0.5 (401/969)...
2025-10-24 01:19:39,981 - BlankSpaceAnalyzer - INFO - -> Analyzing version 17.0.6 (402/969)...
2025-10-24 01:19:39,981 - BlankSpaceAnalyzer - INFO - -> Analyzing version 17.0.7 (403/969)...
2025-10-24 01:19:39,982 - BlankSpaceAnalyzer - INFO - -> Analyzing version 17.0.8 (404/969)...
2025-10-24 01:19:39,983 - BlankSpaceAnalyzer - INFO - -> Analyzing version 17.0.9 (405/969)...
2025-10-24 01:19:39,984 - BlankSpaceAnalyzer - INFO - -> Analyzing version 17.1.0 (406/969)...
2025-10-24 01:19:39,985 - BlankSpaceAnalyzer - INFO - -> Analyzing version 17.1.0-next.0 (407/969)...
2025-10-24 01:19:39,985 - BlankSpaceAnalyzer - INFO - -> Analyzing version 17.1.0-next.1 (408/969)...
2025-10-24 01:19:39,986 - BlankSpaceAnalyzer - INFO - -> Analyzing version 17.1.0-next.2 (409/969)...
2025-10-24 01:19:39,987 - BlankSpaceAnalyzer - INFO - -> Analyzing version 17.1.0-next.3 (410/969)...
2025-10-24 01:19:39,988 - BlankSpaceAnalyzer - INFO - -> Analyzing version 17.1.0-next.4 (411/969)...
2025-10-24 01:19:39,989 - BlankSpaceAnalyzer - INFO - -> Analyzing version 17.1.0-next.5 (412/969)...
2025-10-24 01:19:39,990 - BlankSpaceAnalyzer - INFO - -> Analyzing version 17.1.0-rc.0 (413/969)...
2025-10-24 01:19:39,990 - BlankSpaceAnalyzer - INFO - -> Analyzing version 17.1.1 (414/969)...
2025-10-24 01:19:39,991 - BlankSpaceAnalyzer - INFO - -> Analyzing version 17.1.2 (415/969)...
2025-10-24 01:19:39,992 - BlankSpaceAnalyzer - INFO - -> Analyzing version 17.1.3 (416/969)...
2025-10-24 01:19:39,993 - BlankSpaceAnalyzer - INFO - -> Analyzing version 17.2.0 (417/969)...
2025-10-24 01:19:39,994 - BlankSpaceAnalyzer - INFO - -> Analyzing version 17.2.0-next.0 (418/969)...
2025-10-24 01:19:39,995 - BlankSpaceAnalyzer - INFO - -> Analyzing version 17.2.0-next.1 (419/969)...
2025-10-24 01:19:39,995 - BlankSpaceAnalyzer - INFO - -> Analyzing version 17.2.0-rc.0 (420/969)...
2025-10-24 01:19:39,996 - BlankSpaceAnalyzer - INFO - -> Analyzing version 17.2.0-rc.1 (421/969)...
2025-10-24 01:19:39,997 - BlankSpaceAnalyzer - INFO - -> Analyzing version 17.2.1 (422/969)...
2025-10-24 01:19:39,998 - BlankSpaceAnalyzer - INFO - -> Analyzing version 17.2.2 (423/969)...
2025-10-24 01:19:39,999 - BlankSpaceAnalyzer - INFO - -> Analyzing version 17.2.3 (424/969)...
2025-10-24 01:19:40,000 - BlankSpaceAnalyzer - INFO - -> Analyzing version 17.2.4 (425/969)...
2025-10-24 01:19:40,000 - BlankSpaceAnalyzer - INFO - -> Analyzing version 17.3.0 (426/969)...
2025-10-24 01:19:40,001 - BlankSpaceAnalyzer - INFO - -> Analyzing version 17.3.0-next.0 (427/969)...
2025-10-24 01:19:40,002 - BlankSpaceAnalyzer - INFO - -> Analyzing version 17.3.0-next.1 (428/969)...
2025-10-24 01:19:40,003 - BlankSpaceAnalyzer - INFO - -> Analyzing version 17.3.0-rc.0 (429/969)...
2025-10-24 01:19:40,004 - BlankSpaceAnalyzer - INFO - -> Analyzing version 17.3.1 (430/969)...
2025-10-24 01:19:40,005 - BlankSpaceAnalyzer - INFO - -> Analyzing version 17.3.10 (431/969)...
2025-10-24 01:19:40,005 - BlankSpaceAnalyzer - INFO - -> Analyzing version 17.3.11 (432/969)...
2025-10-24 01:19:40,006 - BlankSpaceAnalyzer - INFO - -> Analyzing version 17.3.12 (433/969)...
2025-10-24 01:19:40,007 - BlankSpaceAnalyzer - INFO - -> Analyzing version 17.3.2 (434/969)...
2025-10-24 01:19:40,008 - BlankSpaceAnalyzer - INFO - -> Analyzing version 17.3.3 (435/969)...
2025-10-24 01:19:40,009 - BlankSpaceAnalyzer - INFO - -> Analyzing version 17.3.4 (436/969)...
2025-10-24 01:19:40,009 - BlankSpaceAnalyzer - INFO - -> Analyzing version 17.3.5 (437/969)...
2025-10-24 01:19:40,010 - BlankSpaceAnalyzer - INFO - -> Analyzing version 17.3.6 (438/969)...
2025-10-24 01:19:40,011 - BlankSpaceAnalyzer - INFO - -> Analyzing version 17.3.7 (439/969)...
2025-10-24 01:19:40,012 - BlankSpaceAnalyzer - INFO - -> Analyzing version 17.3.8 (440/969)...
2025-10-24 01:19:40,013 - BlankSpaceAnalyzer - INFO - -> Analyzing version 17.3.9 (441/969)...
2025-10-24 01:19:40,014 - BlankSpaceAnalyzer - INFO - -> Analyzing version 18.0.0 (442/969)...
2025-10-24 01:19:40,014 - BlankSpaceAnalyzer - INFO - -> Analyzing version 18.0.0-next.0 (443/969)...
2025-10-24 01:19:40,015 - BlankSpaceAnalyzer - INFO - -> Analyzing version 18.0.0-next.1 (444/969)...
2025-10-24 01:19:40,016 - BlankSpaceAnalyzer - INFO - -> Analyzing version 18.0.0-next.2 (445/969)...
2025-10-24 01:19:40,017 - BlankSpaceAnalyzer - INFO - -> Analyzing version 18.0.0-next.3 (446/969)...
2025-10-24 01:19:40,018 - BlankSpaceAnalyzer - INFO - -> Analyzing version 18.0.0-next.4 (447/969)...
2025-10-24 01:19:40,019 - BlankSpaceAnalyzer - INFO - -> Analyzing version 18.0.0-next.5 (448/969)...
2025-10-24 01:19:40,019 - BlankSpaceAnalyzer - INFO - -> Analyzing version 18.0.0-next.6 (449/969)...
2025-10-24 01:19:40,020 - BlankSpaceAnalyzer - INFO - -> Analyzing version 18.0.0-rc.0 (450/969)...
2025-10-24 01:19:40,021 - BlankSpaceAnalyzer - INFO - -> Analyzing version 18.0.0-rc.1 (451/969)...
2025-10-24 01:19:40,022 - BlankSpaceAnalyzer - INFO - -> Analyzing version 18.0.0-rc.2 (452/969)...
2025-10-24 01:19:40,023 - BlankSpaceAnalyzer - INFO - -> Analyzing version 18.0.0-rc.3 (453/969)...
2025-10-24 01:19:40,024 - BlankSpaceAnalyzer - INFO - -> Analyzing version 18.0.1 (454/969)...
2025-10-24 01:19:40,025 - BlankSpaceAnalyzer - INFO - -> Analyzing version 18.0.2 (455/969)...
2025-10-24 01:19:40,025 - BlankSpaceAnalyzer - INFO - -> Analyzing version 18.0.3 (456/969)...
2025-10-24 01:19:40,026 - BlankSpaceAnalyzer - INFO - -> Analyzing version 18.0.4 (457/969)...
2025-10-24 01:19:40,027 - BlankSpaceAnalyzer - INFO - -> Analyzing version 18.0.5 (458/969)...
2025-10-24 01:19:40,028 - BlankSpaceAnalyzer - INFO - -> Analyzing version 18.0.6 (459/969)...
2025-10-24 01:19:40,029 - BlankSpaceAnalyzer - INFO - -> Analyzing version 18.0.7 (460/969)...
2025-10-24 01:19:40,029 - BlankSpaceAnalyzer - INFO - -> Analyzing version 18.1.0 (461/969)...
2025-10-24 01:19:40,030 - BlankSpaceAnalyzer - INFO - -> Analyzing version 18.1.0-next.0 (462/969)...
2025-10-24 01:19:40,031 - BlankSpaceAnalyzer - INFO - -> Analyzing version 18.1.0-next.1 (463/969)...
2025-10-24 01:19:40,032 - BlankSpaceAnalyzer - INFO - -> Analyzing version 18.1.0-next.2 (464/969)...
2025-10-24 01:19:40,033 - BlankSpaceAnalyzer - INFO - -> Analyzing version 18.1.0-next.3 (465/969)...
2025-10-24 01:19:40,034 - BlankSpaceAnalyzer - INFO - -> Analyzing version 18.1.0-next.4 (466/969)...
2025-10-24 01:19:40,034 - BlankSpaceAnalyzer - INFO - -> Analyzing version 18.1.0-rc.0 (467/969)...
2025-10-24 01:19:40,035 - BlankSpaceAnalyzer - INFO - -> Analyzing version 18.1.1 (468/969)...
2025-10-24 01:19:40,036 - BlankSpaceAnalyzer - INFO - -> Analyzing version 18.1.2 (469/969)...
2025-10-24 01:19:40,037 - BlankSpaceAnalyzer - INFO - -> Analyzing version 18.1.3 (470/969)...
2025-10-24 01:19:40,038 - BlankSpaceAnalyzer - INFO - -> Analyzing version 18.1.4 (471/969)...
2025-10-24 01:19:40,039 - BlankSpaceAnalyzer - INFO - -> Analyzing version 18.1.5 (472/969)...
2025-10-24 01:19:40,039 - BlankSpaceAnalyzer - INFO - -> Analyzing version 18.2.0 (473/969)...
2025-10-24 01:19:40,040 - BlankSpaceAnalyzer - INFO - -> Analyzing version 18.2.0-next.0 (474/969)...
2025-10-24 01:19:40,041 - BlankSpaceAnalyzer - INFO - -> Analyzing version 18.2.0-next.1 (475/969)...
2025-10-24 01:19:40,042 - BlankSpaceAnalyzer - INFO - -> Analyzing version 18.2.0-next.2 (476/969)...
2025-10-24 01:19:40,043 - BlankSpaceAnalyzer - INFO - -> Analyzing version 18.2.0-next.3 (477/969)...
2025-10-24 01:19:40,044 - BlankSpaceAnalyzer - INFO - -> Analyzing version 18.2.0-next.4 (478/969)...
2025-10-24 01:19:40,044 - BlankSpaceAnalyzer - INFO - -> Analyzing version 18.2.0-rc.0 (479/969)...
2025-10-24 01:19:40,045 - BlankSpaceAnalyzer - INFO - -> Analyzing version 18.2.1 (480/969)...
2025-10-24 01:19:40,046 - BlankSpaceAnalyzer - INFO - -> Analyzing version 18.2.10 (481/969)...
2025-10-24 01:19:40,047 - BlankSpaceAnalyzer - INFO - -> Analyzing version 18.2.11 (482/969)...
2025-10-24 01:19:40,048 - BlankSpaceAnalyzer - INFO - -> Analyzing version 18.2.12 (483/969)...
2025-10-24 01:19:40,049 - BlankSpaceAnalyzer - INFO - -> Analyzing version 18.2.13 (484/969)...
2025-10-24 01:19:40,050 - BlankSpaceAnalyzer - INFO - -> Analyzing version 18.2.14 (485/969)...
2025-10-24 01:19:40,050 - BlankSpaceAnalyzer - INFO - -> Analyzing version 18.2.2 (486/969)...
2025-10-24 01:19:40,051 - BlankSpaceAnalyzer - INFO - -> Analyzing version 18.2.3 (487/969)...
2025-10-24 01:19:40,052 - BlankSpaceAnalyzer - INFO - -> Analyzing version 18.2.4 (488/969)...
2025-10-24 01:19:40,053 - BlankSpaceAnalyzer - INFO - -> Analyzing version 18.2.5 (489/969)...
2025-10-24 01:19:40,054 - BlankSpaceAnalyzer - INFO - -> Analyzing version 18.2.6 (490/969)...
2025-10-24 01:19:40,055 - BlankSpaceAnalyzer - INFO - -> Analyzing version 18.2.7 (491/969)...
2025-10-24 01:19:40,055 - BlankSpaceAnalyzer - INFO - -> Analyzing version 18.2.8 (492/969)...
2025-10-24 01:19:40,056 - BlankSpaceAnalyzer - INFO - -> Analyzing version 18.2.9 (493/969)...
2025-10-24 01:19:40,057 - BlankSpaceAnalyzer - INFO - -> Analyzing version 19.0.0 (494/969)...
2025-10-24 01:19:40,057 - BlankSpaceAnalyzer - INFO - -> Analyzing version 19.0.0-next.0 (495/969)...
2025-10-24 01:19:40,058 - BlankSpaceAnalyzer - INFO - -> Analyzing version 19.0.0-next.1 (496/969)...
2025-10-24 01:19:40,059 - BlankSpaceAnalyzer - INFO - -> Analyzing version 19.0.0-next.10 (497/969)...
2025-10-24 01:19:40,059 - BlankSpaceAnalyzer - INFO - -> Analyzing version 19.0.0-next.11 (498/969)...
2025-10-24 01:19:40,060 - BlankSpaceAnalyzer - INFO - -> Analyzing version 19.0.0-next.2 (499/969)...
2025-10-24 01:19:40,060 - BlankSpaceAnalyzer - INFO - -> Analyzing version 19.0.0-next.3 (500/969)...
2025-10-24 01:19:40,060 - BlankSpaceAnalyzer - INFO - -> Analyzing version 19.0.0-next.4 (501/969)...
2025-10-24 01:19:40,060 - BlankSpaceAnalyzer - INFO - -> Analyzing version 19.0.0-next.5 (502/969)...
2025-10-24 01:19:40,061 - BlankSpaceAnalyzer - INFO - -> Analyzing version 19.0.0-next.6 (503/969)...
2025-10-24 01:19:40,061 - BlankSpaceAnalyzer - INFO - -> Analyzing version 19.0.0-next.7 (504/969)...
2025-10-24 01:19:40,061 - BlankSpaceAnalyzer - INFO - -> Analyzing version 19.0.0-next.8 (505/969)...
2025-10-24 01:19:40,062 - BlankSpaceAnalyzer - INFO - -> Analyzing version 19.0.0-next.9 (506/969)...
2025-10-24 01:19:40,062 - BlankSpaceAnalyzer - INFO - -> Analyzing version 19.0.0-rc.0 (507/969)...
2025-10-24 01:19:40,062 - BlankSpaceAnalyzer - INFO - -> Analyzing version 19.0.0-rc.1 (508/969)...
2025-10-24 01:19:40,062 - BlankSpaceAnalyzer - INFO - -> Analyzing version 19.0.0-rc.2 (509/969)...
2025-10-24 01:19:40,063 - BlankSpaceAnalyzer - INFO - -> Analyzing version 19.0.0-rc.3 (510/969)...
2025-10-24 01:19:40,063 - BlankSpaceAnalyzer - INFO - -> Analyzing version 19.0.1 (511/969)...
2025-10-24 01:19:40,063 - BlankSpaceAnalyzer - INFO - -> Analyzing version 19.0.2 (512/969)...
2025-10-24 01:19:40,064 - BlankSpaceAnalyzer - INFO - -> Analyzing version 19.0.3 (513/969)...
2025-10-24 01:19:40,064 - BlankSpaceAnalyzer - INFO - -> Analyzing version 19.0.4 (514/969)...
2025-10-24 01:19:40,064 - BlankSpaceAnalyzer - INFO - -> Analyzing version 19.0.5 (515/969)...
2025-10-24 01:19:40,065 - BlankSpaceAnalyzer - INFO - -> Analyzing version 19.0.6 (516/969)...
2025-10-24 01:19:40,065 - BlankSpaceAnalyzer - INFO - -> Analyzing version 19.0.7 (517/969)...
2025-10-24 01:19:40,065 - BlankSpaceAnalyzer - INFO - -> Analyzing version 19.1.0 (518/969)...
2025-10-24 01:19:40,065 - BlankSpaceAnalyzer - INFO - -> Analyzing version 19.1.0-next.0 (519/969)...
2025-10-24 01:19:40,066 - BlankSpaceAnalyzer - INFO - -> Analyzing version 19.1.0-next.1 (520/969)...
2025-10-24 01:19:40,066 - BlankSpaceAnalyzer - INFO - -> Analyzing version 19.1.0-next.2 (521/969)...
2025-10-24 01:19:40,066 - BlankSpaceAnalyzer - INFO - -> Analyzing version 19.1.0-next.3 (522/969)...
2025-10-24 01:19:40,067 - BlankSpaceAnalyzer - INFO - -> Analyzing version 19.1.0-next.4 (523/969)...
2025-10-24 01:19:40,067 - BlankSpaceAnalyzer - INFO - -> Analyzing version 19.1.0-rc.0 (524/969)...
2025-10-24 01:19:40,067 - BlankSpaceAnalyzer - INFO - -> Analyzing version 19.1.1 (525/969)...
2025-10-24 01:19:40,067 - BlankSpaceAnalyzer - INFO - -> Analyzing version 19.1.2 (526/969)...
2025-10-24 01:19:40,068 - BlankSpaceAnalyzer - INFO - -> Analyzing version 19.1.3 (527/969)...
2025-10-24 01:19:40,068 - BlankSpaceAnalyzer - INFO - -> Analyzing version 19.1.4 (528/969)...
2025-10-24 01:19:40,068 - BlankSpaceAnalyzer - INFO - -> Analyzing version 19.1.5 (529/969)...
2025-10-24 01:19:40,069 - BlankSpaceAnalyzer - INFO - -> Analyzing version 19.1.6 (530/969)...
2025-10-24 01:19:40,069 - BlankSpaceAnalyzer - INFO - -> Analyzing version 19.1.7 (531/969)...
2025-10-24 01:19:40,069 - BlankSpaceAnalyzer - INFO - -> Analyzing version 19.1.8 (532/969)...
2025-10-24 01:19:40,069 - BlankSpaceAnalyzer - INFO - -> Analyzing version 19.2.0 (533/969)...
2025-10-24 01:19:40,070 - BlankSpaceAnalyzer - INFO - -> Analyzing version 19.2.0-next.0 (534/969)...
2025-10-24 01:19:40,070 - BlankSpaceAnalyzer - INFO - -> Analyzing version 19.2.0-next.1 (535/969)...
2025-10-24 01:19:40,070 - BlankSpaceAnalyzer - INFO - -> Analyzing version 19.2.0-next.2 (536/969)...
2025-10-24 01:19:40,071 - BlankSpaceAnalyzer - INFO - -> Analyzing version 19.2.0-next.3 (537/969)...
2025-10-24 01:19:40,071 - BlankSpaceAnalyzer - INFO - -> Analyzing version 19.2.0-rc.0 (538/969)...
2025-10-24 01:19:40,071 - BlankSpaceAnalyzer - INFO - -> Analyzing version 19.2.1 (539/969)...
2025-10-24 01:19:40,072 - BlankSpaceAnalyzer - INFO - -> Analyzing version 19.2.10 (540/969)...
2025-10-24 01:19:40,072 - BlankSpaceAnalyzer - INFO - -> Analyzing version 19.2.11 (541/969)...
2025-10-24 01:19:40,072 - BlankSpaceAnalyzer - INFO - -> Analyzing version 19.2.12 (542/969)...
2025-10-24 01:19:40,073 - BlankSpaceAnalyzer - INFO - -> Analyzing version 19.2.13 (543/969)...
2025-10-24 01:19:40,073 - BlankSpaceAnalyzer - INFO - -> Analyzing version 19.2.14 (544/969)...
2025-10-24 01:19:40,073 - BlankSpaceAnalyzer - INFO - -> Analyzing version 19.2.15 (545/969)...
2025-10-24 01:19:40,073 - BlankSpaceAnalyzer - INFO - -> Analyzing version 19.2.2 (546/969)...
2025-10-24 01:19:40,074 - BlankSpaceAnalyzer - INFO - -> Analyzing version 19.2.3 (547/969)...
2025-10-24 01:19:40,074 - BlankSpaceAnalyzer - INFO - -> Analyzing version 19.2.4 (548/969)...
2025-10-24 01:19:40,074 - BlankSpaceAnalyzer - INFO - -> Analyzing version 19.2.5 (549/969)...
2025-10-24 01:19:40,075 - BlankSpaceAnalyzer - INFO - -> Analyzing version 19.2.6 (550/969)...
2025-10-24 01:19:40,075 - BlankSpaceAnalyzer - INFO - -> Analyzing version 19.2.7 (551/969)...
2025-10-24 01:19:40,075 - BlankSpaceAnalyzer - INFO - -> Analyzing version 19.2.8 (552/969)...
2025-10-24 01:19:40,076 - BlankSpaceAnalyzer - INFO - -> Analyzing version 19.2.9 (553/969)...
2025-10-24 01:19:40,076 - BlankSpaceAnalyzer - INFO - -> Analyzing version 2.0.0 (554/969)...
2025-10-24 01:19:40,133 - BlankSpaceAnalyzer - INFO - -> Analyzing version 2.0.0-rc.0 (555/969)...
2025-10-24 01:19:40,191 - BlankSpaceAnalyzer - INFO - -> Analyzing version 2.0.0-rc.1 (556/969)...
2025-10-24 01:19:40,249 - BlankSpaceAnalyzer - INFO - -> Analyzing version 2.0.0-rc.2 (557/969)...
2025-10-24 01:19:40,309 - BlankSpaceAnalyzer - INFO - -> Analyzing version 2.0.0-rc.3 (558/969)...
2025-10-24 01:19:40,369 - BlankSpaceAnalyzer - INFO - -> Analyzing version 2.0.0-rc.4 (559/969)...
2025-10-24 01:19:40,428 - BlankSpaceAnalyzer - INFO - -> Analyzing version 2.0.0-rc.5 (560/969)...
2025-10-24 01:19:40,489 - BlankSpaceAnalyzer - INFO - -> Analyzing version 2.0.0-rc.6 (561/969)...
2025-10-24 01:19:40,545 - BlankSpaceAnalyzer - INFO - -> Analyzing version 2.0.0-rc.7 (562/969)...
2025-10-24 01:19:40,603 - BlankSpaceAnalyzer - INFO - -> Analyzing version 2.0.1 (563/969)...
2025-10-24 01:19:40,660 - BlankSpaceAnalyzer - INFO - -> Analyzing version 2.0.2 (564/969)...
2025-10-24 01:19:40,717 - BlankSpaceAnalyzer - INFO - -> Analyzing version 2.1.0 (565/969)...
2025-10-24 01:19:40,774 - BlankSpaceAnalyzer - INFO - -> Analyzing version 2.1.0-beta.0 (566/969)...
2025-10-24 01:19:40,831 - BlankSpaceAnalyzer - INFO - -> Analyzing version 2.1.0-rc.0 (567/969)...
2025-10-24 01:19:40,893 - BlankSpaceAnalyzer - INFO - -> Analyzing version 2.1.1 (568/969)...
2025-10-24 01:19:40,951 - BlankSpaceAnalyzer - INFO - -> Analyzing version 2.1.2 (569/969)...
2025-10-24 01:19:41,007 - BlankSpaceAnalyzer - INFO - -> Analyzing version 2.2.0 (570/969)...
2025-10-24 01:19:41,065 - BlankSpaceAnalyzer - INFO - -> Analyzing version 2.2.0-beta.0 (571/969)...
2025-10-24 01:19:41,122 - BlankSpaceAnalyzer - INFO - -> Analyzing version 2.2.0-beta.1 (572/969)...
2025-10-24 01:19:41,179 - BlankSpaceAnalyzer - INFO - -> Analyzing version 2.2.0-rc.0 (573/969)...
2025-10-24 01:19:41,236 - BlankSpaceAnalyzer - INFO - -> Analyzing version 2.2.1 (574/969)...
2025-10-24 01:19:41,293 - BlankSpaceAnalyzer - INFO - -> Analyzing version 2.2.2 (575/969)...
2025-10-24 01:19:41,350 - BlankSpaceAnalyzer - INFO - -> Analyzing version 2.2.3 (576/969)...
2025-10-24 01:19:41,407 - BlankSpaceAnalyzer - INFO - -> Analyzing version 2.2.4 (577/969)...
2025-10-24 01:19:41,464 - BlankSpaceAnalyzer - INFO - -> Analyzing version 2.3.0 (578/969)...
2025-10-24 01:19:41,521 - BlankSpaceAnalyzer - INFO - -> Analyzing version 2.3.0-beta.0 (579/969)...
2025-10-24 01:19:41,579 - BlankSpaceAnalyzer - INFO - -> Analyzing version 2.3.0-beta.1 (580/969)...
2025-10-24 01:19:41,635 - BlankSpaceAnalyzer - INFO - -> Analyzing version 2.3.0-rc.0 (581/969)...
2025-10-24 01:19:41,692 - BlankSpaceAnalyzer - INFO - -> Analyzing version 2.3.1 (582/969)...
2025-10-24 01:19:41,750 - BlankSpaceAnalyzer - INFO - -> Analyzing version 2.4.0 (583/969)...
2025-10-24 01:19:41,807 - BlankSpaceAnalyzer - INFO - -> Analyzing version 2.4.1 (584/969)...
2025-10-24 01:19:41,864 - BlankSpaceAnalyzer - INFO - -> Analyzing version 2.4.10 (585/969)...
2025-10-24 01:19:41,922 - BlankSpaceAnalyzer - INFO - -> Analyzing version 2.4.2 (586/969)...
2025-10-24 01:19:41,979 - BlankSpaceAnalyzer - INFO - -> Analyzing version 2.4.3 (587/969)...
2025-10-24 01:19:42,038 - BlankSpaceAnalyzer - INFO - -> Analyzing version 2.4.4 (588/969)...
2025-10-24 01:19:42,099 - BlankSpaceAnalyzer - INFO - -> Analyzing version 2.4.5 (589/969)...
2025-10-24 01:19:42,156 - BlankSpaceAnalyzer - INFO - -> Analyzing version 2.4.6 (590/969)...
2025-10-24 01:19:42,214 - BlankSpaceAnalyzer - INFO - -> Analyzing version 2.4.7 (591/969)...
2025-10-24 01:19:42,272 - BlankSpaceAnalyzer - INFO - -> Analyzing version 2.4.8 (592/969)...
2025-10-24 01:19:42,329 - BlankSpaceAnalyzer - INFO - -> Analyzing version 2.4.9 (593/969)...
2025-10-24 01:19:42,387 - BlankSpaceAnalyzer - INFO - -> Analyzing version 20.0.0 (594/969)...
2025-10-24 01:19:42,387 - BlankSpaceAnalyzer - INFO - -> Analyzing version 20.0.0-next.0 (595/969)...
2025-10-24 01:19:42,388 - BlankSpaceAnalyzer - INFO - -> Analyzing version 20.0.0-next.1 (596/969)...
2025-10-24 01:19:42,388 - BlankSpaceAnalyzer - INFO - -> Analyzing version 20.0.0-next.2 (597/969)...
2025-10-24 01:19:42,388 - BlankSpaceAnalyzer - INFO - -> Analyzing version 20.0.0-next.3 (598/969)...
2025-10-24 01:19:42,389 - BlankSpaceAnalyzer - INFO - -> Analyzing version 20.0.0-next.4 (599/969)...
2025-10-24 01:19:42,389 - BlankSpaceAnalyzer - INFO - -> Analyzing version 20.0.0-next.5 (600/969)...
2025-10-24 01:19:42,389 - BlankSpaceAnalyzer - INFO - -> Analyzing version 20.0.0-next.6 (601/969)...
2025-10-24 01:19:42,390 - BlankSpaceAnalyzer - INFO - -> Analyzing version 20.0.0-next.7 (602/969)...
2025-10-24 01:19:42,390 - BlankSpaceAnalyzer - INFO - -> Analyzing version 20.0.0-next.8 (603/969)...
2025-10-24 01:19:42,390 - BlankSpaceAnalyzer - INFO - -> Analyzing version 20.0.0-next.9 (604/969)...
2025-10-24 01:19:42,391 - BlankSpaceAnalyzer - INFO - -> Analyzing version 20.0.0-rc.0 (605/969)...
2025-10-24 01:19:42,391 - BlankSpaceAnalyzer - INFO - -> Analyzing version 20.0.0-rc.1 (606/969)...
2025-10-24 01:19:42,391 - BlankSpaceAnalyzer - INFO - -> Analyzing version 20.0.0-rc.2 (607/969)...
2025-10-24 01:19:42,392 - BlankSpaceAnalyzer - INFO - -> Analyzing version 20.0.0-rc.3 (608/969)...
2025-10-24 01:19:42,392 - BlankSpaceAnalyzer - INFO - -> Analyzing version 20.0.1 (609/969)...
2025-10-24 01:19:42,392 - BlankSpaceAnalyzer - INFO - -> Analyzing version 20.0.2 (610/969)...
2025-10-24 01:19:42,393 - BlankSpaceAnalyzer - INFO - -> Analyzing version 20.0.3 (611/969)...
2025-10-24 01:19:42,393 - BlankSpaceAnalyzer - INFO - -> Analyzing version 20.0.4 (612/969)...
2025-10-24 01:19:42,393 - BlankSpaceAnalyzer - INFO - -> Analyzing version 20.0.5 (613/969)...
2025-10-24 01:19:42,394 - BlankSpaceAnalyzer - INFO - -> Analyzing version 20.0.6 (614/969)...
2025-10-24 01:19:42,394 - BlankSpaceAnalyzer - INFO - -> Analyzing version 20.0.7 (615/969)...
2025-10-24 01:19:42,394 - BlankSpaceAnalyzer - INFO - -> Analyzing version 20.1.0 (616/969)...
2025-10-24 01:19:42,395 - BlankSpaceAnalyzer - INFO - -> Analyzing version 20.1.0-next.0 (617/969)...
2025-10-24 01:19:42,395 - BlankSpaceAnalyzer - INFO - -> Analyzing version 20.1.0-next.1 (618/969)...
2025-10-24 01:19:42,395 - BlankSpaceAnalyzer - INFO - -> Analyzing version 20.1.0-next.2 (619/969)...
2025-10-24 01:19:42,396 - BlankSpaceAnalyzer - INFO - -> Analyzing version 20.1.0-next.3 (620/969)...
2025-10-24 01:19:42,396 - BlankSpaceAnalyzer - INFO - -> Analyzing version 20.1.0-rc.0 (621/969)...
2025-10-24 01:19:42,396 - BlankSpaceAnalyzer - INFO - -> Analyzing version 20.1.1 (622/969)...
2025-10-24 01:19:42,397 - BlankSpaceAnalyzer - INFO - -> Analyzing version 20.1.2 (623/969)...
2025-10-24 01:19:42,397 - BlankSpaceAnalyzer - INFO - -> Analyzing version 20.1.3 (624/969)...
2025-10-24 01:19:42,397 - BlankSpaceAnalyzer - INFO - -> Analyzing version 20.1.4 (625/969)...
2025-10-24 01:19:42,398 - BlankSpaceAnalyzer - INFO - -> Analyzing version 20.1.5 (626/969)...
2025-10-24 01:19:42,398 - BlankSpaceAnalyzer - INFO - -> Analyzing version 20.1.6 (627/969)...
2025-10-24 01:19:42,398 - BlankSpaceAnalyzer - INFO - -> Analyzing version 20.1.7 (628/969)...
2025-10-24 01:19:42,399 - BlankSpaceAnalyzer - INFO - -> Analyzing version 20.1.8 (629/969)...
2025-10-24 01:19:42,399 - BlankSpaceAnalyzer - INFO - -> Analyzing version 20.2.0 (630/969)...
2025-10-24 01:19:42,399 - BlankSpaceAnalyzer - INFO - -> Analyzing version 20.2.0-next.0 (631/969)...
2025-10-24 01:19:42,400 - BlankSpaceAnalyzer - INFO - -> Analyzing version 20.2.0-next.1 (632/969)...
2025-10-24 01:19:42,400 - BlankSpaceAnalyzer - INFO - -> Analyzing version 20.2.0-next.2 (633/969)...
2025-10-24 01:19:42,400 - BlankSpaceAnalyzer - INFO - -> Analyzing version 20.2.0-next.3 (634/969)...
2025-10-24 01:19:42,401 - BlankSpaceAnalyzer - INFO - -> Analyzing version 20.2.0-next.4 (635/969)...
2025-10-24 01:19:42,401 - BlankSpaceAnalyzer - INFO - -> Analyzing version 20.2.0-next.5 (636/969)...
2025-10-24 01:19:42,401 - BlankSpaceAnalyzer - INFO - -> Analyzing version 20.2.0-next.6 (637/969)...
2025-10-24 01:19:42,402 - BlankSpaceAnalyzer - INFO - -> Analyzing version 20.2.0-rc.0 (638/969)...
2025-10-24 01:19:42,402 - BlankSpaceAnalyzer - INFO - -> Analyzing version 20.2.0-rc.1 (639/969)...
2025-10-24 01:19:42,402 - BlankSpaceAnalyzer - INFO - -> Analyzing version 20.2.1 (640/969)...
2025-10-24 01:19:42,402 - BlankSpaceAnalyzer - INFO - -> Analyzing version 20.2.2 (641/969)...
2025-10-24 01:19:42,403 - BlankSpaceAnalyzer - INFO - -> Analyzing version 20.2.3 (642/969)...
2025-10-24 01:19:42,403 - BlankSpaceAnalyzer - INFO - -> Analyzing version 20.2.4 (643/969)...
2025-10-24 01:19:42,403 - BlankSpaceAnalyzer - INFO - -> Analyzing version 20.3.0 (644/969)...
2025-10-24 01:19:42,404 - BlankSpaceAnalyzer - INFO - -> Analyzing version 20.3.0-rc.0 (645/969)...
2025-10-24 01:19:42,404 - BlankSpaceAnalyzer - INFO - -> Analyzing version 20.3.1 (646/969)...
2025-10-24 01:19:42,404 - BlankSpaceAnalyzer - INFO - -> Analyzing version 20.3.2 (647/969)...
2025-10-24 01:19:42,405 - BlankSpaceAnalyzer - INFO - -> Analyzing version 20.3.3 (648/969)...
2025-10-24 01:19:42,405 - BlankSpaceAnalyzer - INFO - -> Analyzing version 20.3.4 (649/969)...
2025-10-24 01:19:42,405 - BlankSpaceAnalyzer - INFO - -> Analyzing version 20.3.5 (650/969)...
2025-10-24 01:19:42,406 - BlankSpaceAnalyzer - INFO - -> Analyzing version 20.3.6 (651/969)...
2025-10-24 01:19:42,406 - BlankSpaceAnalyzer - INFO - -> Analyzing version 20.3.7 (652/969)...
2025-10-24 01:19:42,406 - BlankSpaceAnalyzer - INFO - -> Analyzing version 21.0.0-next.0 (653/969)...
2025-10-24 01:19:42,407 - BlankSpaceAnalyzer - INFO - -> Analyzing version 21.0.0-next.1 (654/969)...
2025-10-24 01:19:42,407 - BlankSpaceAnalyzer - INFO - -> Analyzing version 21.0.0-next.2 (655/969)...
2025-10-24 01:19:42,407 - BlankSpaceAnalyzer - INFO - -> Analyzing version 21.0.0-next.3 (656/969)...
2025-10-24 01:19:42,408 - BlankSpaceAnalyzer - INFO - -> Analyzing version 21.0.0-next.4 (657/969)...
2025-10-24 01:19:42,408 - BlankSpaceAnalyzer - INFO - -> Analyzing version 21.0.0-next.5 (658/969)...
2025-10-24 01:19:42,408 - BlankSpaceAnalyzer - INFO - -> Analyzing version 21.0.0-next.6 (659/969)...
2025-10-24 01:19:42,409 - BlankSpaceAnalyzer - INFO - -> Analyzing version 21.0.0-next.7 (660/969)...
2025-10-24 01:19:42,409 - BlankSpaceAnalyzer - INFO - -> Analyzing version 21.0.0-next.8 (661/969)...
2025-10-24 01:19:42,409 - BlankSpaceAnalyzer - INFO - -> Analyzing version 21.0.0-next.9 (662/969)...
2025-10-24 01:19:42,409 - BlankSpaceAnalyzer - INFO - -> Analyzing version 4.0.0 (663/969)...
2025-10-24 01:19:42,467 - BlankSpaceAnalyzer - INFO - -> Analyzing version 4.0.0-beta.0 (664/969)...
2025-10-24 01:19:42,526 - BlankSpaceAnalyzer - INFO - -> Analyzing version 4.0.0-beta.1 (665/969)...
2025-10-24 01:19:42,583 - BlankSpaceAnalyzer - INFO - -> Analyzing version 4.0.0-beta.2 (666/969)...
2025-10-24 01:19:42,640 - BlankSpaceAnalyzer - INFO - -> Analyzing version 4.0.0-beta.3 (667/969)...
2025-10-24 01:19:42,698 - BlankSpaceAnalyzer - INFO - -> Analyzing version 4.0.0-beta.4 (668/969)...
2025-10-24 01:19:42,755 - BlankSpaceAnalyzer - INFO - -> Analyzing version 4.0.0-beta.5 (669/969)...
2025-10-24 01:19:42,815 - BlankSpaceAnalyzer - INFO - -> Analyzing version 4.0.0-beta.6 (670/969)...
2025-10-24 01:19:42,872 - BlankSpaceAnalyzer - INFO - -> Analyzing version 4.0.0-beta.7 (671/969)...
2025-10-24 01:19:42,930 - BlankSpaceAnalyzer - INFO - -> Analyzing version 4.0.0-beta.8 (672/969)...
2025-10-24 01:19:42,987 - BlankSpaceAnalyzer - INFO - -> Analyzing version 4.0.0-rc.0 (673/969)...
2025-10-24 01:19:43,047 - BlankSpaceAnalyzer - INFO - -> Analyzing version 4.0.0-rc.1 (674/969)...
2025-10-24 01:19:43,103 - BlankSpaceAnalyzer - INFO - -> Analyzing version 4.0.0-rc.2 (675/969)...
2025-10-24 01:19:43,163 - BlankSpaceAnalyzer - INFO - -> Analyzing version 4.0.0-rc.3 (676/969)...
2025-10-24 01:19:43,220 - BlankSpaceAnalyzer - INFO - -> Analyzing version 4.0.0-rc.4 (677/969)...
2025-10-24 01:19:43,276 - BlankSpaceAnalyzer - INFO - -> Analyzing version 4.0.0-rc.5 (678/969)...
2025-10-24 01:19:43,333 - BlankSpaceAnalyzer - INFO - -> Analyzing version 4.0.0-rc.6 (679/969)...
2025-10-24 01:19:43,390 - BlankSpaceAnalyzer - INFO - -> Analyzing version 4.0.1 (680/969)...
2025-10-24 01:19:43,446 - BlankSpaceAnalyzer - INFO - -> Analyzing version 4.0.2 (681/969)...
2025-10-24 01:19:43,502 - BlankSpaceAnalyzer - INFO - -> Analyzing version 4.0.3 (682/969)...
2025-10-24 01:19:43,560 - BlankSpaceAnalyzer - INFO - -> Analyzing version 4.1.0 (683/969)...
2025-10-24 01:19:43,619 - BlankSpaceAnalyzer - INFO - -> Analyzing version 4.1.0-beta.0 (684/969)...
2025-10-24 01:19:43,676 - BlankSpaceAnalyzer - INFO - -> Analyzing version 4.1.0-beta.1 (685/969)...
2025-10-24 01:19:43,733 - BlankSpaceAnalyzer - INFO - -> Analyzing version 4.1.0-rc.0 (686/969)...
2025-10-24 01:19:43,790 - BlankSpaceAnalyzer - INFO - -> Analyzing version 4.1.1 (687/969)...
2025-10-24 01:19:43,847 - BlankSpaceAnalyzer - INFO - -> Analyzing version 4.1.2 (688/969)...
2025-10-24 01:19:43,904 - BlankSpaceAnalyzer - INFO - -> Analyzing version 4.1.3 (689/969)...
2025-10-24 01:19:43,961 - BlankSpaceAnalyzer - INFO - -> Analyzing version 4.2.0 (690/969)...
2025-10-24 01:19:44,018 - BlankSpaceAnalyzer - INFO - -> Analyzing version 4.2.0-beta.0 (691/969)...
2025-10-24 01:19:44,078 - BlankSpaceAnalyzer - INFO - -> Analyzing version 4.2.0-beta.1 (692/969)...
2025-10-24 01:19:44,134 - BlankSpaceAnalyzer - INFO - -> Analyzing version 4.2.0-rc.0 (693/969)...
2025-10-24 01:19:44,193 - BlankSpaceAnalyzer - INFO - -> Analyzing version 4.2.0-rc.1 (694/969)...
2025-10-24 01:19:44,250 - BlankSpaceAnalyzer - INFO - -> Analyzing version 4.2.0-rc.2 (695/969)...
2025-10-24 01:19:44,306 - BlankSpaceAnalyzer - INFO - -> Analyzing version 4.2.1 (696/969)...
2025-10-24 01:19:44,364 - BlankSpaceAnalyzer - INFO - -> Analyzing version 4.2.2 (697/969)...
2025-10-24 01:19:44,423 - BlankSpaceAnalyzer - INFO - -> Analyzing version 4.2.3 (698/969)...
2025-10-24 01:19:44,480 - BlankSpaceAnalyzer - INFO - -> Analyzing version 4.2.4 (699/969)...
2025-10-24 01:19:44,537 - BlankSpaceAnalyzer - INFO - -> Analyzing version 4.2.5 (700/969)...
2025-10-24 01:19:44,594 - BlankSpaceAnalyzer - INFO - -> Analyzing version 4.2.6 (701/969)...
2025-10-24 01:19:44,651 - BlankSpaceAnalyzer - INFO - -> Analyzing version 4.3.0 (702/969)...
2025-10-24 01:19:44,708 - BlankSpaceAnalyzer - INFO - -> Analyzing version 4.3.0-beta.0 (703/969)...
2025-10-24 01:19:44,765 - BlankSpaceAnalyzer - INFO - -> Analyzing version 4.3.0-beta.1 (704/969)...
2025-10-24 01:19:44,824 - BlankSpaceAnalyzer - INFO - -> Analyzing version 4.3.0-rc.0 (705/969)...
2025-10-24 01:19:44,882 - BlankSpaceAnalyzer - INFO - -> Analyzing version 4.3.1 (706/969)...
2025-10-24 01:19:44,940 - BlankSpaceAnalyzer - INFO - -> Analyzing version 4.3.2 (707/969)...
2025-10-24 01:19:44,998 - BlankSpaceAnalyzer - INFO - -> Analyzing version 4.3.3 (708/969)...
2025-10-24 01:19:45,056 - BlankSpaceAnalyzer - INFO - -> Analyzing version 4.3.4 (709/969)...
2025-10-24 01:19:45,113 - BlankSpaceAnalyzer - INFO - -> Analyzing version 4.3.5 (710/969)...
2025-10-24 01:19:45,171 - BlankSpaceAnalyzer - INFO - -> Analyzing version 4.3.6 (711/969)...
2025-10-24 01:19:45,227 - BlankSpaceAnalyzer - INFO - -> Analyzing version 4.4.0-RC.0 (712/969)...
2025-10-24 01:19:45,285 - BlankSpaceAnalyzer - INFO - -> Analyzing version 4.4.1 (713/969)...
2025-10-24 01:19:45,341 - BlankSpaceAnalyzer - INFO - -> Analyzing version 4.4.2 (714/969)...
2025-10-24 01:19:45,399 - BlankSpaceAnalyzer - INFO - -> Analyzing version 4.4.3 (715/969)...
2025-10-24 01:19:45,457 - BlankSpaceAnalyzer - INFO - -> Analyzing version 4.4.4 (716/969)...
2025-10-24 01:19:45,514 - BlankSpaceAnalyzer - INFO - -> Analyzing version 4.4.5 (717/969)...
2025-10-24 01:19:45,574 - BlankSpaceAnalyzer - INFO - -> Analyzing version 4.4.6 (718/969)...
2025-10-24 01:19:45,630 - BlankSpaceAnalyzer - INFO - -> Analyzing version 4.4.7 (719/969)...
2025-10-24 01:19:45,687 - BlankSpaceAnalyzer - INFO - -> Analyzing version 5.0.0 (720/969)...
2025-10-24 01:19:45,746 - BlankSpaceAnalyzer - INFO - -> Analyzing version 5.0.0-beta.0 (721/969)...
2025-10-24 01:19:45,803 - BlankSpaceAnalyzer - INFO - -> Analyzing version 5.0.0-beta.1 (722/969)...
2025-10-24 01:19:45,859 - BlankSpaceAnalyzer - INFO - -> Analyzing version 5.0.0-beta.2 (723/969)...
2025-10-24 01:19:45,916 - BlankSpaceAnalyzer - INFO - -> Analyzing version 5.0.0-beta.3 (724/969)...
2025-10-24 01:19:45,973 - BlankSpaceAnalyzer - INFO - -> Analyzing version 5.0.0-beta.4 (725/969)...
2025-10-24 01:19:46,030 - BlankSpaceAnalyzer - INFO - -> Analyzing version 5.0.0-beta.5 (726/969)...
2025-10-24 01:19:46,086 - BlankSpaceAnalyzer - INFO - -> Analyzing version 5.0.0-beta.6 (727/969)...
2025-10-24 01:19:46,143 - BlankSpaceAnalyzer - INFO - -> Analyzing version 5.0.0-beta.7 (728/969)...
2025-10-24 01:19:46,201 - BlankSpaceAnalyzer - INFO - -> Analyzing version 5.0.0-rc.0 (729/969)...
2025-10-24 01:19:46,259 - BlankSpaceAnalyzer - INFO - -> Analyzing version 5.0.0-rc.1 (730/969)...
2025-10-24 01:19:46,317 - BlankSpaceAnalyzer - INFO - -> Analyzing version 5.0.0-rc.2 (731/969)...
2025-10-24 01:19:46,378 - BlankSpaceAnalyzer - INFO - -> Analyzing version 5.0.0-rc.3 (732/969)...
2025-10-24 01:19:46,436 - BlankSpaceAnalyzer - INFO - -> Analyzing version 5.0.0-rc.4 (733/969)...
2025-10-24 01:19:46,494 - BlankSpaceAnalyzer - INFO - -> Analyzing version 5.0.0-rc.5 (734/969)...
2025-10-24 01:19:46,552 - BlankSpaceAnalyzer - INFO - -> Analyzing version 5.0.0-rc.6 (735/969)...
2025-10-24 01:19:46,609 - BlankSpaceAnalyzer - INFO - -> Analyzing version 5.0.0-rc.7 (736/969)...
2025-10-24 01:19:46,667 - BlankSpaceAnalyzer - INFO - -> Analyzing version 5.0.0-rc.8 (737/969)...
2025-10-24 01:19:46,724 - BlankSpaceAnalyzer - INFO - -> Analyzing version 5.0.0-rc.9 (738/969)...
2025-10-24 01:19:46,782 - BlankSpaceAnalyzer - INFO - -> Analyzing version 5.0.1 (739/969)...
2025-10-24 01:19:46,840 - BlankSpaceAnalyzer - INFO - -> Analyzing version 5.0.2 (740/969)...
2025-10-24 01:19:46,898 - BlankSpaceAnalyzer - INFO - -> Analyzing version 5.0.3 (741/969)...
2025-10-24 01:19:46,955 - BlankSpaceAnalyzer - INFO - -> Analyzing version 5.0.4 (742/969)...
2025-10-24 01:19:47,013 - BlankSpaceAnalyzer - INFO - -> Analyzing version 5.0.5 (743/969)...
2025-10-24 01:19:47,074 - BlankSpaceAnalyzer - INFO - -> Analyzing version 5.1.0 (744/969)...
2025-10-24 01:19:47,131 - BlankSpaceAnalyzer - INFO - -> Analyzing version 5.1.0-beta.0 (745/969)...
2025-10-24 01:19:47,189 - BlankSpaceAnalyzer - INFO - -> Analyzing version 5.1.0-beta.1 (746/969)...
2025-10-24 01:19:47,247 - BlankSpaceAnalyzer - INFO - -> Analyzing version 5.1.0-beta.2 (747/969)...
2025-10-24 01:19:47,305 - BlankSpaceAnalyzer - INFO - -> Analyzing version 5.1.0-rc.0 (748/969)...
2025-10-24 01:19:47,362 - BlankSpaceAnalyzer - INFO - -> Analyzing version 5.1.0-rc.1 (749/969)...
2025-10-24 01:19:47,420 - BlankSpaceAnalyzer - INFO - -> Analyzing version 5.1.1 (750/969)...
2025-10-24 01:19:47,478 - BlankSpaceAnalyzer - INFO - -> Analyzing version 5.1.2 (751/969)...
2025-10-24 01:19:47,537 - BlankSpaceAnalyzer - INFO - -> Analyzing version 5.1.3 (752/969)...
2025-10-24 01:19:47,594 - BlankSpaceAnalyzer - INFO - -> Analyzing version 5.2.0 (753/969)...
2025-10-24 01:19:47,651 - BlankSpaceAnalyzer - INFO - -> Analyzing version 5.2.0-beta.0 (754/969)...
2025-10-24 01:19:47,709 - BlankSpaceAnalyzer - INFO - -> Analyzing version 5.2.0-beta.1 (755/969)...
2025-10-24 01:19:47,767 - BlankSpaceAnalyzer - INFO - -> Analyzing version 5.2.0-rc.0 (756/969)...
2025-10-24 01:19:47,824 - BlankSpaceAnalyzer - INFO - -> Analyzing version 5.2.1 (757/969)...
2025-10-24 01:19:47,882 - BlankSpaceAnalyzer - INFO - -> Analyzing version 5.2.10 (758/969)...
2025-10-24 01:19:47,939 - BlankSpaceAnalyzer - INFO - -> Analyzing version 5.2.11 (759/969)...
2025-10-24 01:19:47,997 - BlankSpaceAnalyzer - INFO - -> Analyzing version 5.2.2 (760/969)...
2025-10-24 01:19:48,056 - BlankSpaceAnalyzer - INFO - -> Analyzing version 5.2.3 (761/969)...
2025-10-24 01:19:48,114 - BlankSpaceAnalyzer - INFO - -> Analyzing version 5.2.4 (762/969)...
2025-10-24 01:19:48,171 - BlankSpaceAnalyzer - INFO - -> Analyzing version 5.2.5 (763/969)...
2025-10-24 01:19:48,231 - BlankSpaceAnalyzer - INFO - -> Analyzing version 5.2.6 (764/969)...
2025-10-24 01:19:48,292 - BlankSpaceAnalyzer - INFO - -> Analyzing version 5.2.7 (765/969)...
2025-10-24 01:19:48,352 - BlankSpaceAnalyzer - INFO - -> Analyzing version 5.2.8 (766/969)...
2025-10-24 01:19:48,414 - BlankSpaceAnalyzer - INFO - -> Analyzing version 5.2.9 (767/969)...
2025-10-24 01:19:48,471 - BlankSpaceAnalyzer - INFO - -> Analyzing version 6.0.0 (768/969)...
2025-10-24 01:19:48,532 - BlankSpaceAnalyzer - INFO - -> Analyzing version 6.0.0-beta.0 (769/969)...
2025-10-24 01:19:48,591 - BlankSpaceAnalyzer - INFO - -> Analyzing version 6.0.0-beta.1 (770/969)...
2025-10-24 01:19:48,648 - BlankSpaceAnalyzer - INFO - -> Analyzing version 6.0.0-beta.2 (771/969)...
2025-10-24 01:19:48,706 - BlankSpaceAnalyzer - INFO - -> Analyzing version 6.0.0-beta.3 (772/969)...
2025-10-24 01:19:48,764 - BlankSpaceAnalyzer - INFO - -> Analyzing version 6.0.0-beta.4 (773/969)...
2025-10-24 01:19:48,821 - BlankSpaceAnalyzer - INFO - -> Analyzing version 6.0.0-beta.5 (774/969)...
2025-10-24 01:19:48,880 - BlankSpaceAnalyzer - INFO - -> Analyzing version 6.0.0-beta.6 (775/969)...
2025-10-24 01:19:48,937 - BlankSpaceAnalyzer - INFO - -> Analyzing version 6.0.0-beta.7 (776/969)...
2025-10-24 01:19:48,995 - BlankSpaceAnalyzer - INFO - -> Analyzing version 6.0.0-beta.8 (777/969)...
2025-10-24 01:19:49,053 - BlankSpaceAnalyzer - INFO - -> Analyzing version 6.0.0-rc.0 (778/969)...
2025-10-24 01:19:49,113 - BlankSpaceAnalyzer - INFO - -> Analyzing version 6.0.0-rc.1 (779/969)...
2025-10-24 01:19:49,176 - BlankSpaceAnalyzer - INFO - -> Analyzing version 6.0.0-rc.2 (780/969)...
2025-10-24 01:19:49,240 - BlankSpaceAnalyzer - INFO - -> Analyzing version 6.0.0-rc.3 (781/969)...
2025-10-24 01:19:49,302 - BlankSpaceAnalyzer - INFO - -> Analyzing version 6.0.0-rc.4 (782/969)...
2025-10-24 01:19:49,365 - BlankSpaceAnalyzer - INFO - -> Analyzing version 6.0.0-rc.5 (783/969)...
2025-10-24 01:19:49,424 - BlankSpaceAnalyzer - INFO - -> Analyzing version 6.0.0-rc.6 (784/969)...
2025-10-24 01:19:49,484 - BlankSpaceAnalyzer - INFO - -> Analyzing version 6.0.1 (785/969)...
2025-10-24 01:19:49,544 - BlankSpaceAnalyzer - INFO - -> Analyzing version 6.0.2 (786/969)...
2025-10-24 01:19:49,604 - BlankSpaceAnalyzer - INFO - -> Analyzing version 6.0.3 (787/969)...
2025-10-24 01:19:49,664 - BlankSpaceAnalyzer - INFO - -> Analyzing version 6.0.4 (788/969)...
2025-10-24 01:19:49,723 - BlankSpaceAnalyzer - INFO - -> Analyzing version 6.0.5 (789/969)...
2025-10-24 01:19:49,788 - BlankSpaceAnalyzer - INFO - -> Analyzing version 6.0.6 (790/969)...
2025-10-24 01:19:49,847 - BlankSpaceAnalyzer - INFO - -> Analyzing version 6.0.7 (791/969)...
2025-10-24 01:19:49,908 - BlankSpaceAnalyzer - INFO - -> Analyzing version 6.0.8 (792/969)...
2025-10-24 01:19:49,969 - BlankSpaceAnalyzer - INFO - -> Analyzing version 6.0.9 (793/969)...
2025-10-24 01:19:50,028 - BlankSpaceAnalyzer - INFO - -> Analyzing version 6.1.0 (794/969)...
2025-10-24 01:19:50,089 - BlankSpaceAnalyzer - INFO - -> Analyzing version 6.1.0-beta.0 (795/969)...
2025-10-24 01:19:50,150 - BlankSpaceAnalyzer - INFO - -> Analyzing version 6.1.0-beta.1 (796/969)...
2025-10-24 01:19:50,210 - BlankSpaceAnalyzer - INFO - -> Analyzing version 6.1.0-beta.2 (797/969)...
2025-10-24 01:19:50,269 - BlankSpaceAnalyzer - INFO - -> Analyzing version 6.1.0-beta.3 (798/969)...
2025-10-24 01:19:50,331 - BlankSpaceAnalyzer - INFO - -> Analyzing version 6.1.0-rc.0 (799/969)...
2025-10-24 01:19:50,391 - BlankSpaceAnalyzer - INFO - -> Analyzing version 6.1.0-rc.3 (800/969)...
2025-10-24 01:19:50,452 - BlankSpaceAnalyzer - INFO - -> Analyzing version 6.1.1 (801/969)...
2025-10-24 01:19:50,514 - BlankSpaceAnalyzer - INFO - -> Analyzing version 6.1.10 (802/969)...
2025-10-24 01:19:50,569 - BlankSpaceAnalyzer - INFO - -> Analyzing version 6.1.2 (803/969)...
2025-10-24 01:19:50,625 - BlankSpaceAnalyzer - INFO - -> Analyzing version 6.1.3 (804/969)...
2025-10-24 01:19:50,685 - BlankSpaceAnalyzer - INFO - -> Analyzing version 6.1.4 (805/969)...
2025-10-24 01:19:50,745 - BlankSpaceAnalyzer - INFO - -> Analyzing version 6.1.6 (806/969)...
2025-10-24 01:19:50,806 - BlankSpaceAnalyzer - INFO - -> Analyzing version 6.1.7 (807/969)...
2025-10-24 01:19:50,869 - BlankSpaceAnalyzer - INFO - -> Analyzing version 6.1.8 (808/969)...
2025-10-24 01:19:50,930 - BlankSpaceAnalyzer - INFO - -> Analyzing version 6.1.9 (809/969)...
2025-10-24 01:19:50,990 - BlankSpaceAnalyzer - INFO - -> Analyzing version 7.0.0 (810/969)...
2025-10-24 01:19:51,054 - BlankSpaceAnalyzer - INFO - -> Analyzing version 7.0.0-beta.0 (811/969)...
2025-10-24 01:19:51,115 - BlankSpaceAnalyzer - INFO - -> Analyzing version 7.0.0-beta.1 (812/969)...
2025-10-24 01:19:51,177 - BlankSpaceAnalyzer - INFO - -> Analyzing version 7.0.0-beta.2 (813/969)...
2025-10-24 01:19:51,237 - BlankSpaceAnalyzer - INFO - -> Analyzing version 7.0.0-beta.3 (814/969)...
2025-10-24 01:19:51,300 - BlankSpaceAnalyzer - INFO - -> Analyzing version 7.0.0-beta.4 (815/969)...
2025-10-24 01:19:51,361 - BlankSpaceAnalyzer - INFO - -> Analyzing version 7.0.0-beta.5 (816/969)...
2025-10-24 01:19:51,422 - BlankSpaceAnalyzer - INFO - -> Analyzing version 7.0.0-beta.6 (817/969)...
2025-10-24 01:19:51,483 - BlankSpaceAnalyzer - INFO - -> Analyzing version 7.0.0-beta.7 (818/969)...
2025-10-24 01:19:51,545 - BlankSpaceAnalyzer - INFO - -> Analyzing version 7.0.0-rc.0 (819/969)...
2025-10-24 01:19:51,605 - BlankSpaceAnalyzer - INFO - -> Analyzing version 7.0.0-rc.1 (820/969)...
2025-10-24 01:19:51,667 - BlankSpaceAnalyzer - INFO - -> Analyzing version 7.0.1 (821/969)...
2025-10-24 01:19:51,728 - BlankSpaceAnalyzer - INFO - -> Analyzing version 7.0.2 (822/969)...
2025-10-24 01:19:51,789 - BlankSpaceAnalyzer - INFO - -> Analyzing version 7.0.3 (823/969)...
2025-10-24 01:19:51,850 - BlankSpaceAnalyzer - INFO - -> Analyzing version 7.0.4 (824/969)...
2025-10-24 01:19:51,912 - BlankSpaceAnalyzer - INFO - -> Analyzing version 7.1.0 (825/969)...
2025-10-24 01:19:51,975 - BlankSpaceAnalyzer - INFO - -> Analyzing version 7.1.0-beta.0 (826/969)...
2025-10-24 01:19:52,035 - BlankSpaceAnalyzer - INFO - -> Analyzing version 7.1.0-beta.1 (827/969)...
2025-10-24 01:19:52,095 - BlankSpaceAnalyzer - INFO - -> Analyzing version 7.1.0-beta.2 (828/969)...
2025-10-24 01:19:52,156 - BlankSpaceAnalyzer - INFO - -> Analyzing version 7.1.0-rc.0 (829/969)...
2025-10-24 01:19:52,216 - BlankSpaceAnalyzer - INFO - -> Analyzing version 7.1.1 (830/969)...
2025-10-24 01:19:52,276 - BlankSpaceAnalyzer - INFO - -> Analyzing version 7.1.2 (831/969)...
2025-10-24 01:19:52,336 - BlankSpaceAnalyzer - INFO - -> Analyzing version 7.1.3 (832/969)...
2025-10-24 01:19:52,397 - BlankSpaceAnalyzer - INFO - -> Analyzing version 7.1.4 (833/969)...
2025-10-24 01:19:52,461 - BlankSpaceAnalyzer - INFO - -> Analyzing version 7.2.0 (834/969)...
2025-10-24 01:19:52,521 - BlankSpaceAnalyzer - INFO - -> Analyzing version 7.2.0-beta.0 (835/969)...
2025-10-24 01:19:52,581 - BlankSpaceAnalyzer - INFO - -> Analyzing version 7.2.0-beta.1 (836/969)...
2025-10-24 01:19:52,641 - BlankSpaceAnalyzer - INFO - -> Analyzing version 7.2.0-beta.2 (837/969)...
2025-10-24 01:19:52,703 - BlankSpaceAnalyzer - INFO - -> Analyzing version 7.2.0-rc.0 (838/969)...
2025-10-24 01:19:52,763 - BlankSpaceAnalyzer - INFO - -> Analyzing version 7.2.1 (839/969)...
2025-10-24 01:19:52,823 - BlankSpaceAnalyzer - INFO - -> Analyzing version 7.2.10 (840/969)...
2025-10-24 01:19:52,884 - BlankSpaceAnalyzer - INFO - -> Analyzing version 7.2.11 (841/969)...
2025-10-24 01:19:52,945 - BlankSpaceAnalyzer - INFO - -> Analyzing version 7.2.12 (842/969)...
2025-10-24 01:19:53,005 - BlankSpaceAnalyzer - INFO - -> Analyzing version 7.2.13 (843/969)...
2025-10-24 01:19:53,067 - BlankSpaceAnalyzer - INFO - -> Analyzing version 7.2.14 (844/969)...
2025-10-24 01:19:53,129 - BlankSpaceAnalyzer - INFO - -> Analyzing version 7.2.15 (845/969)...
2025-10-24 01:19:53,189 - BlankSpaceAnalyzer - INFO - -> Analyzing version 7.2.16 (846/969)...
2025-10-24 01:19:53,249 - BlankSpaceAnalyzer - INFO - -> Analyzing version 7.2.2 (847/969)...
2025-10-24 01:19:53,310 - BlankSpaceAnalyzer - INFO - -> Analyzing version 7.2.3 (848/969)...
2025-10-24 01:19:53,365 - BlankSpaceAnalyzer - INFO - -> Analyzing version 7.2.4 (849/969)...
2025-10-24 01:19:53,422 - BlankSpaceAnalyzer - INFO - -> Analyzing version 7.2.5 (850/969)...
2025-10-24 01:19:53,482 - BlankSpaceAnalyzer - INFO - -> Analyzing version 7.2.6 (851/969)...
2025-10-24 01:19:53,542 - BlankSpaceAnalyzer - INFO - -> Analyzing version 7.2.7 (852/969)...
2025-10-24 01:19:53,605 - BlankSpaceAnalyzer - INFO - -> Analyzing version 7.2.8 (853/969)...
2025-10-24 01:19:53,666 - BlankSpaceAnalyzer - INFO - -> Analyzing version 7.2.9 (854/969)...
2025-10-24 01:19:53,726 - BlankSpaceAnalyzer - INFO - -> Analyzing version 8.0.0 (855/969)...
2025-10-24 01:19:53,785 - BlankSpaceAnalyzer - INFO - -> Analyzing version 8.0.0-beta.0 (856/969)...
2025-10-24 01:19:53,847 - BlankSpaceAnalyzer - INFO - -> Analyzing version 8.0.0-beta.1 (857/969)...
2025-10-24 01:19:53,908 - BlankSpaceAnalyzer - INFO - -> Analyzing version 8.0.0-beta.10 (858/969)...
2025-10-24 01:19:53,972 - BlankSpaceAnalyzer - INFO - -> Analyzing version 8.0.0-beta.11 (859/969)...
2025-10-24 01:19:54,036 - BlankSpaceAnalyzer - INFO - -> Analyzing version 8.0.0-beta.12 (860/969)...
2025-10-24 01:19:54,095 - BlankSpaceAnalyzer - INFO - -> Analyzing version 8.0.0-beta.13 (861/969)...
2025-10-24 01:19:54,154 - BlankSpaceAnalyzer - INFO - -> Analyzing version 8.0.0-beta.14 (862/969)...
2025-10-24 01:19:54,214 - BlankSpaceAnalyzer - INFO - -> Analyzing version 8.0.0-beta.2 (863/969)...
2025-10-24 01:19:54,273 - BlankSpaceAnalyzer - INFO - -> Analyzing version 8.0.0-beta.3 (864/969)...
2025-10-24 01:19:54,334 - BlankSpaceAnalyzer - INFO - -> Analyzing version 8.0.0-beta.4 (865/969)...
2025-10-24 01:19:54,394 - BlankSpaceAnalyzer - INFO - -> Analyzing version 8.0.0-beta.5 (866/969)...
2025-10-24 01:19:54,454 - BlankSpaceAnalyzer - INFO - -> Analyzing version 8.0.0-beta.6 (867/969)...
2025-10-24 01:19:54,513 - BlankSpaceAnalyzer - INFO - -> Analyzing version 8.0.0-beta.7 (868/969)...
2025-10-24 01:19:54,573 - BlankSpaceAnalyzer - INFO - -> Analyzing version 8.0.0-beta.8 (869/969)...
2025-10-24 01:19:54,633 - BlankSpaceAnalyzer - INFO - -> Analyzing version 8.0.0-beta.9 (870/969)...
2025-10-24 01:19:54,697 - BlankSpaceAnalyzer - INFO - -> Analyzing version 8.0.0-rc.0 (871/969)...
2025-10-24 01:19:54,756 - BlankSpaceAnalyzer - INFO - -> Analyzing version 8.0.0-rc.1 (872/969)...
2025-10-24 01:19:54,816 - BlankSpaceAnalyzer - INFO - -> Analyzing version 8.0.0-rc.2 (873/969)...
2025-10-24 01:19:54,871 - BlankSpaceAnalyzer - INFO - -> Analyzing version 8.0.0-rc.3 (874/969)...
2025-10-24 01:19:54,928 - BlankSpaceAnalyzer - INFO - -> Analyzing version 8.0.0-rc.4 (875/969)...
2025-10-24 01:19:54,988 - BlankSpaceAnalyzer - INFO - -> Analyzing version 8.0.0-rc.5 (876/969)...
2025-10-24 01:19:55,049 - BlankSpaceAnalyzer - INFO - -> Analyzing version 8.0.1 (877/969)...
2025-10-24 01:19:55,109 - BlankSpaceAnalyzer - INFO - -> Analyzing version 8.0.2 (878/969)...
2025-10-24 01:19:55,168 - BlankSpaceAnalyzer - INFO - -> Analyzing version 8.0.3 (879/969)...
2025-10-24 01:19:55,228 - BlankSpaceAnalyzer - INFO - -> Analyzing version 8.1.0 (880/969)...
2025-10-24 01:19:55,288 - BlankSpaceAnalyzer - INFO - -> Analyzing version 8.1.0-beta.0 (881/969)...
2025-10-24 01:19:55,348 - BlankSpaceAnalyzer - INFO - -> Analyzing version 8.1.0-next.1 (882/969)...
2025-10-24 01:19:55,410 - BlankSpaceAnalyzer - INFO - -> Analyzing version 8.1.0-next.2 (883/969)...
2025-10-24 01:19:55,471 - BlankSpaceAnalyzer - INFO - -> Analyzing version 8.1.0-next.3 (884/969)...
2025-10-24 01:19:55,532 - BlankSpaceAnalyzer - INFO - -> Analyzing version 8.1.0-rc.0 (885/969)...
2025-10-24 01:19:55,592 - BlankSpaceAnalyzer - INFO - -> Analyzing version 8.1.1 (886/969)...
2025-10-24 01:19:55,652 - BlankSpaceAnalyzer - INFO - -> Analyzing version 8.1.2 (887/969)...
2025-10-24 01:19:55,713 - BlankSpaceAnalyzer - INFO - -> Analyzing version 8.1.3 (888/969)...
2025-10-24 01:19:55,772 - BlankSpaceAnalyzer - INFO - -> Analyzing version 8.2.0 (889/969)...
2025-10-24 01:19:55,833 - BlankSpaceAnalyzer - INFO - -> Analyzing version 8.2.0-next.0 (890/969)...
2025-10-24 01:19:55,893 - BlankSpaceAnalyzer - INFO - -> Analyzing version 8.2.0-next.1 (891/969)...
2025-10-24 01:19:55,957 - BlankSpaceAnalyzer - INFO - -> Analyzing version 8.2.0-next.2 (892/969)...
2025-10-24 01:19:56,017 - BlankSpaceAnalyzer - INFO - -> Analyzing version 8.2.0-rc.0 (893/969)...
2025-10-24 01:19:56,079 - BlankSpaceAnalyzer - INFO - -> Analyzing version 8.2.1 (894/969)...
2025-10-24 01:19:56,140 - BlankSpaceAnalyzer - INFO - -> Analyzing version 8.2.10 (895/969)...
2025-10-24 01:19:56,200 - BlankSpaceAnalyzer - INFO - -> Analyzing version 8.2.11 (896/969)...
2025-10-24 01:19:56,260 - BlankSpaceAnalyzer - INFO - -> Analyzing version 8.2.12 (897/969)...
2025-10-24 01:19:56,320 - BlankSpaceAnalyzer - INFO - -> Analyzing version 8.2.13 (898/969)...
2025-10-24 01:19:56,380 - BlankSpaceAnalyzer - INFO - -> Analyzing version 8.2.14 (899/969)...
2025-10-24 01:19:56,439 - BlankSpaceAnalyzer - INFO - -> Analyzing version 8.2.2 (900/969)...
2025-10-24 01:19:56,500 - BlankSpaceAnalyzer - INFO - -> Analyzing version 8.2.3 (901/969)...
2025-10-24 01:19:56,561 - BlankSpaceAnalyzer - INFO - -> Analyzing version 8.2.4 (902/969)...
2025-10-24 01:19:56,622 - BlankSpaceAnalyzer - INFO - -> Analyzing version 8.2.5 (903/969)...
2025-10-24 01:19:56,681 - BlankSpaceAnalyzer - INFO - -> Analyzing version 8.2.6 (904/969)...
2025-10-24 01:19:56,744 - BlankSpaceAnalyzer - INFO - -> Analyzing version 8.2.7 (905/969)...
2025-10-24 01:19:56,808 - BlankSpaceAnalyzer - INFO - -> Analyzing version 8.2.8 (906/969)...
2025-10-24 01:19:56,868 - BlankSpaceAnalyzer - INFO - -> Analyzing version 8.2.9 (907/969)...
2025-10-24 01:19:56,927 - BlankSpaceAnalyzer - INFO - -> Analyzing version 9.0.0 (908/969)...
2025-10-24 01:19:56,989 - BlankSpaceAnalyzer - INFO - -> Analyzing version 9.0.0-next.0 (909/969)...
2025-10-24 01:19:57,050 - BlankSpaceAnalyzer - INFO - -> Analyzing version 9.0.0-next.1 (910/969)...
2025-10-24 01:19:57,111 - BlankSpaceAnalyzer - INFO - -> Analyzing version 9.0.0-next.10 (911/969)...
2025-10-24 01:19:57,171 - BlankSpaceAnalyzer - INFO - -> Analyzing version 9.0.0-next.11 (912/969)...
2025-10-24 01:19:57,231 - BlankSpaceAnalyzer - INFO - -> Analyzing version 9.0.0-next.12 (913/969)...
2025-10-24 01:19:57,291 - BlankSpaceAnalyzer - INFO - -> Analyzing version 9.0.0-next.13 (914/969)...
2025-10-24 01:19:57,352 - BlankSpaceAnalyzer - INFO - -> Analyzing version 9.0.0-next.14 (915/969)...
2025-10-24 01:19:57,412 - BlankSpaceAnalyzer - INFO - -> Analyzing version 9.0.0-next.15 (916/969)...
2025-10-24 01:19:57,473 - BlankSpaceAnalyzer - INFO - -> Analyzing version 9.0.0-next.2 (917/969)...
2025-10-24 01:19:57,534 - BlankSpaceAnalyzer - INFO - -> Analyzing version 9.0.0-next.3 (918/969)...
2025-10-24 01:19:57,595 - BlankSpaceAnalyzer - INFO - -> Analyzing version 9.0.0-next.4 (919/969)...
2025-10-24 01:19:57,655 - BlankSpaceAnalyzer - INFO - -> Analyzing version 9.0.0-next.5 (920/969)...
2025-10-24 01:19:57,714 - BlankSpaceAnalyzer - INFO - -> Analyzing version 9.0.0-next.6 (921/969)...
2025-10-24 01:19:57,773 - BlankSpaceAnalyzer - INFO - -> Analyzing version 9.0.0-next.7 (922/969)...
2025-10-24 01:19:57,832 - BlankSpaceAnalyzer - INFO - -> Analyzing version 9.0.0-next.8 (923/969)...
2025-10-24 01:19:57,892 - BlankSpaceAnalyzer - INFO - -> Analyzing version 9.0.0-next.9 (924/969)...
2025-10-24 01:19:57,953 - BlankSpaceAnalyzer - INFO - -> Analyzing version 9.0.0-rc.0 (925/969)...
2025-10-24 01:19:58,014 - BlankSpaceAnalyzer - INFO - -> Analyzing version 9.0.0-rc.1 (926/969)...
2025-10-24 01:19:58,073 - BlankSpaceAnalyzer - INFO - -> Analyzing version 9.0.0-rc.10 (927/969)...
2025-10-24 01:19:58,134 - BlankSpaceAnalyzer - INFO - -> Analyzing version 9.0.0-rc.11 (928/969)...
2025-10-24 01:19:58,194 - BlankSpaceAnalyzer - INFO - -> Analyzing version 9.0.0-rc.12 (929/969)...
2025-10-24 01:19:58,254 - BlankSpaceAnalyzer - INFO - -> Analyzing version 9.0.0-rc.13 (930/969)...
2025-10-24 01:19:58,313 - BlankSpaceAnalyzer - INFO - -> Analyzing version 9.0.0-rc.14 (931/969)...
2025-10-24 01:19:58,373 - BlankSpaceAnalyzer - INFO - -> Analyzing version 9.0.0-rc.2 (932/969)...
2025-10-24 01:19:58,433 - BlankSpaceAnalyzer - INFO - -> Analyzing version 9.0.0-rc.3 (933/969)...
2025-10-24 01:19:58,494 - BlankSpaceAnalyzer - INFO - -> Analyzing version 9.0.0-rc.4 (934/969)...
2025-10-24 01:19:58,554 - BlankSpaceAnalyzer - INFO - -> Analyzing version 9.0.0-rc.5 (935/969)...
2025-10-24 01:19:58,614 - BlankSpaceAnalyzer - INFO - -> Analyzing version 9.0.0-rc.6 (936/969)...
2025-10-24 01:19:58,675 - BlankSpaceAnalyzer - INFO - -> Analyzing version 9.0.0-rc.7 (937/969)...
2025-10-24 01:19:58,734 - BlankSpaceAnalyzer - INFO - -> Analyzing version 9.0.0-rc.8 (938/969)...
2025-10-24 01:19:58,795 - BlankSpaceAnalyzer - INFO - -> Analyzing version 9.0.0-rc.9 (939/969)...
2025-10-24 01:19:58,856 - BlankSpaceAnalyzer - INFO - -> Analyzing version 9.0.1 (940/969)...
2025-10-24 01:19:58,918 - BlankSpaceAnalyzer - INFO - -> Analyzing version 9.0.2 (941/969)...
2025-10-24 01:19:58,979 - BlankSpaceAnalyzer - INFO - -> Analyzing version 9.0.3 (942/969)...
2025-10-24 01:19:59,041 - BlankSpaceAnalyzer - INFO - -> Analyzing version 9.0.4 (943/969)...
2025-10-24 01:19:59,100 - BlankSpaceAnalyzer - INFO - -> Analyzing version 9.0.5 (944/969)...
2025-10-24 01:19:59,161 - BlankSpaceAnalyzer - INFO - -> Analyzing version 9.0.6 (945/969)...
2025-10-24 01:19:59,221 - BlankSpaceAnalyzer - INFO - -> Analyzing version 9.0.7 (946/969)...
2025-10-24 01:19:59,281 - BlankSpaceAnalyzer - INFO - -> Analyzing version 9.1.0 (947/969)...
2025-10-24 01:19:59,342 - BlankSpaceAnalyzer - INFO - -> Analyzing version 9.1.0-next.0 (948/969)...
2025-10-24 01:19:59,403 - BlankSpaceAnalyzer - INFO - -> Analyzing version 9.1.0-next.1 (949/969)...
2025-10-24 01:19:59,463 - BlankSpaceAnalyzer - INFO - -> Analyzing version 9.1.0-next.2 (950/969)...
2025-10-24 01:19:59,523 - BlankSpaceAnalyzer - INFO - -> Analyzing version 9.1.0-next.3 (951/969)...
2025-10-24 01:19:59,585 - BlankSpaceAnalyzer - INFO - -> Analyzing version 9.1.0-next.4 (952/969)...
2025-10-24 01:19:59,649 - BlankSpaceAnalyzer - INFO - -> Analyzing version 9.1.0-next.5 (953/969)...
2025-10-24 01:19:59,709 - BlankSpaceAnalyzer - INFO - -> Analyzing version 9.1.0-rc.0 (954/969)...
2025-10-24 01:19:59,770 - BlankSpaceAnalyzer - INFO - -> Analyzing version 9.1.0-rc.1 (955/969)...
2025-10-24 01:19:59,831 - BlankSpaceAnalyzer - INFO - -> Analyzing version 9.1.0-rc.2 (956/969)...
2025-10-24 01:19:59,936 - BlankSpaceAnalyzer - INFO - -> Analyzing version 9.1.1 (957/969)...
2025-10-24 01:19:59,998 - BlankSpaceAnalyzer - INFO - -> Analyzing version 9.1.10 (958/969)...
2025-10-24 01:20:00,060 - BlankSpaceAnalyzer - INFO - -> Analyzing version 9.1.11 (959/969)...
2025-10-24 01:20:00,121 - BlankSpaceAnalyzer - INFO - -> Analyzing version 9.1.12 (960/969)...
2025-10-24 01:20:00,182 - BlankSpaceAnalyzer - INFO - -> Analyzing version 9.1.13 (961/969)...
2025-10-24 01:20:00,243 - BlankSpaceAnalyzer - INFO - -> Analyzing version 9.1.2 (962/969)...
2025-10-24 01:20:00,305 - BlankSpaceAnalyzer - INFO - -> Analyzing version 9.1.3 (963/969)...
2025-10-24 01:20:00,367 - BlankSpaceAnalyzer - INFO - -> Analyzing version 9.1.4 (964/969)...
2025-10-24 01:20:00,429 - BlankSpaceAnalyzer - INFO - -> Analyzing version 9.1.5 (965/969)...
2025-10-24 01:20:00,489 - BlankSpaceAnalyzer - INFO - -> Analyzing version 9.1.6 (966/969)...
2025-10-24 01:20:00,551 - BlankSpaceAnalyzer - INFO - -> Analyzing version 9.1.7 (967/969)...
2025-10-24 01:20:00,612 - BlankSpaceAnalyzer - INFO - -> Analyzing version 9.1.8 (968/969)...
2025-10-24 01:20:00,673 - BlankSpaceAnalyzer - INFO - -> Analyzing version 9.1.9 (969/969)...
2025-10-24 01:20:00,735 - BlankSpaceAnalyzer - INFO - Exporting results for '@angular/platform-browser' to CSV...
2025-10-24 01:20:02,466 - BlankSpaceAnalyzer - INFO - Reports saved in: /app/npm_results/@angular_platform-browser
2025-10-24 01:20:02,469 - NPM_Analyzer - INFO - Cleaning temporary folder 'temp/@angular_platform-browser'...
2025-10-24 01:20:04,318 - NPM_Analyzer - INFO - Cleanup completed.
