2025-11-11 13:20:38,189 - NPM_HUT_Analyzer - INFO - Recupero metadata per 'cheerio'...
2025-11-11 13:20:38,276 - NPM_HUT_Analyzer - INFO - Trovate 73 versioni. Inizio download in 'temp_hut/cheerio'...
2025-11-11 13:21:16,731 - UnicodeAnalyzer - INFO - Analizzando 73 versioni per '*.js' in 'cheerio'.
2025-11-11 13:21:16,731 - UnicodeAnalyzer - INFO - -> Analizzando versione 0.0.1 (1/73)...
2025-11-11 13:21:16,733 - UnicodeAnalyzer - INFO - -> Analizzando versione 0.0.2 (2/73)...
2025-11-11 13:21:16,790 - UnicodeAnalyzer - INFO - -> Analizzando versione 0.0.3 (3/73)...
2025-11-11 13:21:16,836 - UnicodeAnalyzer - INFO - -> Analizzando versione 0.0.4 (4/73)...
2025-11-11 13:21:16,886 - UnicodeAnalyzer - INFO - -> Analizzando versione 0.1.1 (5/73)...
2025-11-11 13:21:16,936 - UnicodeAnalyzer - INFO - -> Analizzando versione 0.1.2 (6/73)...
2025-11-11 13:21:16,988 - UnicodeAnalyzer - INFO - -> Analizzando versione 0.1.3 (7/73)...
2025-11-11 13:21:17,040 - UnicodeAnalyzer - INFO - -> Analizzando versione 0.1.4 (8/73)...
2025-11-11 13:21:17,091 - UnicodeAnalyzer - INFO - -> Analizzando versione 0.1.5 (9/73)...
2025-11-11 13:21:17,142 - UnicodeAnalyzer - INFO - -> Analizzando versione 0.10.0 (10/73)...
2025-11-11 13:21:17,143 - UnicodeAnalyzer - INFO - Filtrati 9 file (es. in /dist, /test).
2025-11-11 13:21:17,194 - UnicodeAnalyzer - INFO - -> Analizzando versione 0.10.1 (11/73)...
2025-11-11 13:21:17,194 - UnicodeAnalyzer - INFO - Filtrati 9 file (es. in /dist, /test).
2025-11-11 13:21:17,245 - UnicodeAnalyzer - INFO - -> Analizzando versione 0.10.2 (12/73)...
2025-11-11 13:21:17,246 - UnicodeAnalyzer - INFO - Filtrati 9 file (es. in /dist, /test).
2025-11-11 13:21:17,297 - UnicodeAnalyzer - INFO - -> Analizzando versione 0.10.3 (13/73)...
2025-11-11 13:21:17,297 - UnicodeAnalyzer - INFO - Filtrati 9 file (es. in /dist, /test).
2025-11-11 13:21:17,348 - UnicodeAnalyzer - INFO - -> Analizzando versione 0.10.4 (14/73)...
2025-11-11 13:21:17,349 - UnicodeAnalyzer - INFO - Filtrati 9 file (es. in /dist, /test).
2025-11-11 13:21:17,402 - UnicodeAnalyzer - INFO - -> Analizzando versione 0.10.5 (15/73)...
2025-11-11 13:21:17,403 - UnicodeAnalyzer - INFO - Filtrati 9 file (es. in /dist, /test).
2025-11-11 13:21:17,452 - UnicodeAnalyzer - INFO - -> Analizzando versione 0.10.6 (16/73)...
2025-11-11 13:21:17,453 - UnicodeAnalyzer - INFO - Filtrati 10 file (es. in /dist, /test).
2025-11-11 13:21:17,505 - UnicodeAnalyzer - INFO - -> Analizzando versione 0.10.7 (17/73)...
2025-11-11 13:21:17,506 - UnicodeAnalyzer - INFO - Filtrati 10 file (es. in /dist, /test).
2025-11-11 13:21:17,557 - UnicodeAnalyzer - INFO - -> Analizzando versione 0.10.8 (18/73)...
2025-11-11 13:21:17,558 - UnicodeAnalyzer - INFO - Filtrati 10 file (es. in /dist, /test).
2025-11-11 13:21:17,609 - UnicodeAnalyzer - INFO - -> Analizzando versione 0.11.0 (19/73)...
2025-11-11 13:21:17,610 - UnicodeAnalyzer - INFO - Filtrati 10 file (es. in /dist, /test).
2025-11-11 13:21:17,661 - UnicodeAnalyzer - INFO - -> Analizzando versione 0.12.0 (20/73)...
2025-11-11 13:21:17,662 - UnicodeAnalyzer - INFO - Filtrati 11 file (es. in /dist, /test).
2025-11-11 13:21:17,713 - UnicodeAnalyzer - INFO - -> Analizzando versione 0.12.1 (21/73)...
2025-11-11 13:21:17,714 - UnicodeAnalyzer - INFO - Filtrati 11 file (es. in /dist, /test).
2025-11-11 13:21:17,766 - UnicodeAnalyzer - INFO - -> Analizzando versione 0.12.2 (22/73)...
2025-11-11 13:21:17,767 - UnicodeAnalyzer - INFO - Filtrati 11 file (es. in /dist, /test).
2025-11-11 13:21:17,822 - UnicodeAnalyzer - INFO - -> Analizzando versione 0.12.3 (23/73)...
2025-11-11 13:21:17,823 - UnicodeAnalyzer - INFO - Filtrati 12 file (es. in /dist, /test).
2025-11-11 13:21:17,876 - UnicodeAnalyzer - INFO - -> Analizzando versione 0.12.4 (24/73)...
2025-11-11 13:21:17,877 - UnicodeAnalyzer - INFO - Filtrati 12 file (es. in /dist, /test).
2025-11-11 13:21:17,932 - UnicodeAnalyzer - INFO - -> Analizzando versione 0.13.0 (25/73)...
2025-11-11 13:21:17,933 - UnicodeAnalyzer - INFO - Filtrati 14 file (es. in /dist, /test).
2025-11-11 13:21:17,984 - UnicodeAnalyzer - INFO - -> Analizzando versione 0.13.1 (26/73)...
2025-11-11 13:21:17,985 - UnicodeAnalyzer - INFO - Filtrati 14 file (es. in /dist, /test).
2025-11-11 13:21:18,037 - UnicodeAnalyzer - INFO - -> Analizzando versione 0.14.0 (27/73)...
2025-11-11 13:21:18,038 - UnicodeAnalyzer - INFO - Filtrati 11 file (es. in /dist, /test).
2025-11-11 13:21:18,089 - UnicodeAnalyzer - INFO - -> Analizzando versione 0.15.0 (28/73)...
2025-11-11 13:21:18,090 - UnicodeAnalyzer - INFO - Filtrati 11 file (es. in /dist, /test).
2025-11-11 13:21:18,141 - UnicodeAnalyzer - INFO - -> Analizzando versione 0.16.0 (29/73)...
2025-11-11 13:21:18,142 - UnicodeAnalyzer - INFO - Filtrati 11 file (es. in /dist, /test).
2025-11-11 13:21:18,192 - UnicodeAnalyzer - INFO - -> Analizzando versione 0.17.0 (30/73)...
2025-11-11 13:21:18,193 - UnicodeAnalyzer - INFO - Filtrati 10 file (es. in /dist, /test).
2025-11-11 13:21:18,244 - UnicodeAnalyzer - INFO - -> Analizzando versione 0.18.0 (31/73)...
2025-11-11 13:21:18,245 - UnicodeAnalyzer - INFO - Filtrati 9 file (es. in /dist, /test).
2025-11-11 13:21:18,297 - UnicodeAnalyzer - INFO - -> Analizzando versione 0.19.0 (32/73)...
2025-11-11 13:21:18,298 - UnicodeAnalyzer - INFO - Filtrati 10 file (es. in /dist, /test).
2025-11-11 13:21:18,349 - UnicodeAnalyzer - INFO - -> Analizzando versione 0.2.0 (33/73)...
2025-11-11 13:21:18,401 - UnicodeAnalyzer - INFO - -> Analizzando versione 0.2.1 (34/73)...
2025-11-11 13:21:18,452 - UnicodeAnalyzer - INFO - -> Analizzando versione 0.2.2 (35/73)...
2025-11-11 13:21:18,502 - UnicodeAnalyzer - INFO - -> Analizzando versione 0.20.0 (36/73)...
2025-11-11 13:21:18,554 - UnicodeAnalyzer - INFO - -> Analizzando versione 0.22.0 (37/73)...
2025-11-11 13:21:18,609 - UnicodeAnalyzer - INFO - -> Analizzando versione 0.3.0 (38/73)...
2025-11-11 13:21:18,660 - UnicodeAnalyzer - INFO - -> Analizzando versione 0.3.1 (39/73)...
2025-11-11 13:21:18,712 - UnicodeAnalyzer - INFO - -> Analizzando versione 0.3.2 (40/73)...
2025-11-11 13:21:18,769 - UnicodeAnalyzer - INFO - -> Analizzando versione 0.4.0 (41/73)...
2025-11-11 13:21:18,822 - UnicodeAnalyzer - INFO - -> Analizzando versione 0.4.1 (42/73)...
2025-11-11 13:21:18,873 - UnicodeAnalyzer - INFO - -> Analizzando versione 0.4.2 (43/73)...
2025-11-11 13:21:18,926 - UnicodeAnalyzer - INFO - -> Analizzando versione 0.5.0 (44/73)...
2025-11-11 13:21:18,978 - UnicodeAnalyzer - INFO - -> Analizzando versione 0.5.1 (45/73)...
2025-11-11 13:21:19,031 - UnicodeAnalyzer - INFO - -> Analizzando versione 0.5.2 (46/73)...
2025-11-11 13:21:19,082 - UnicodeAnalyzer - INFO - -> Analizzando versione 0.6.0 (47/73)...
2025-11-11 13:21:19,083 - UnicodeAnalyzer - INFO - Filtrati 1 file (es. in /dist, /test).
2025-11-11 13:21:19,133 - UnicodeAnalyzer - INFO - -> Analizzando versione 0.6.1 (48/73)...
2025-11-11 13:21:19,134 - UnicodeAnalyzer - INFO - Filtrati 2 file (es. in /dist, /test).
2025-11-11 13:21:19,185 - UnicodeAnalyzer - INFO - -> Analizzando versione 0.6.2 (49/73)...
2025-11-11 13:21:19,186 - UnicodeAnalyzer - INFO - Filtrati 2 file (es. in /dist, /test).
2025-11-11 13:21:19,238 - UnicodeAnalyzer - INFO - -> Analizzando versione 0.7.0 (50/73)...
2025-11-11 13:21:19,239 - UnicodeAnalyzer - INFO - Filtrati 2 file (es. in /dist, /test).
2025-11-11 13:21:19,291 - UnicodeAnalyzer - INFO - -> Analizzando versione 0.8.0 (51/73)...
2025-11-11 13:21:19,292 - UnicodeAnalyzer - INFO - Filtrati 1 file (es. in /dist, /test).
2025-11-11 13:21:19,346 - UnicodeAnalyzer - INFO - -> Analizzando versione 0.8.1 (52/73)...
2025-11-11 13:21:19,346 - UnicodeAnalyzer - INFO - Filtrati 1 file (es. in /dist, /test).
2025-11-11 13:21:19,397 - UnicodeAnalyzer - INFO - -> Analizzando versione 0.8.2 (53/73)...
2025-11-11 13:21:19,398 - UnicodeAnalyzer - INFO - Filtrati 1 file (es. in /dist, /test).
2025-11-11 13:21:19,448 - UnicodeAnalyzer - INFO - -> Analizzando versione 0.8.3 (54/73)...
2025-11-11 13:21:19,449 - UnicodeAnalyzer - INFO - Filtrati 1 file (es. in /dist, /test).
2025-11-11 13:21:19,500 - UnicodeAnalyzer - INFO - -> Analizzando versione 0.9.0 (55/73)...
2025-11-11 13:21:19,500 - UnicodeAnalyzer - INFO - Filtrati 9 file (es. in /dist, /test).
2025-11-11 13:21:19,554 - UnicodeAnalyzer - INFO - -> Analizzando versione 0.9.1 (56/73)...
2025-11-11 13:21:19,554 - UnicodeAnalyzer - INFO - Filtrati 9 file (es. in /dist, /test).
2025-11-11 13:21:19,606 - UnicodeAnalyzer - INFO - -> Analizzando versione 0.9.2 (57/73)...
2025-11-11 13:21:19,607 - UnicodeAnalyzer - INFO - Filtrati 9 file (es. in /dist, /test).
2025-11-11 13:21:19,659 - UnicodeAnalyzer - INFO - -> Analizzando versione 1.0.0 (58/73)...
2025-11-11 13:21:19,661 - UnicodeAnalyzer - INFO - Filtrati 51 file (es. in /dist, /test).
2025-11-11 13:21:19,661 - UnicodeAnalyzer - INFO - -> Analizzando versione 1.0.0-rc.1 (59/73)...
2025-11-11 13:21:19,716 - UnicodeAnalyzer - INFO - -> Analizzando versione 1.0.0-rc.10 (60/73)...
2025-11-11 13:21:19,770 - UnicodeAnalyzer - INFO - -> Analizzando versione 1.0.0-rc.11 (61/73)...
2025-11-11 13:21:19,828 - UnicodeAnalyzer - INFO - -> Analizzando versione 1.0.0-rc.12 (62/73)...
2025-11-11 13:21:19,886 - UnicodeAnalyzer - INFO - -> Analizzando versione 1.0.0-rc.2 (63/73)...
2025-11-11 13:21:19,940 - UnicodeAnalyzer - INFO - -> Analizzando versione 1.0.0-rc.3 (64/73)...
2025-11-11 13:21:19,990 - UnicodeAnalyzer - INFO - -> Analizzando versione 1.0.0-rc.4 (65/73)...
2025-11-11 13:21:20,044 - UnicodeAnalyzer - INFO - -> Analizzando versione 1.0.0-rc.5 (66/73)...
2025-11-11 13:21:20,097 - UnicodeAnalyzer - INFO - -> Analizzando versione 1.0.0-rc.6 (67/73)...
2025-11-11 13:21:20,150 - UnicodeAnalyzer - INFO - -> Analizzando versione 1.0.0-rc.7 (68/73)...
2025-11-11 13:21:20,151 - UnicodeAnalyzer - INFO - -> Analizzando versione 1.0.0-rc.8 (69/73)...
2025-11-11 13:21:20,206 - UnicodeAnalyzer - INFO - -> Analizzando versione 1.0.0-rc.9 (70/73)...
2025-11-11 13:21:20,261 - UnicodeAnalyzer - INFO - -> Analizzando versione 1.1.0 (71/73)...
2025-11-11 13:21:20,263 - UnicodeAnalyzer - INFO - Filtrati 51 file (es. in /dist, /test).
2025-11-11 13:21:20,263 - UnicodeAnalyzer - INFO - -> Analizzando versione 1.1.1 (72/73)...
2025-11-11 13:21:20,265 - UnicodeAnalyzer - INFO - Filtrati 51 file (es. in /dist, /test).
2025-11-11 13:21:20,265 - UnicodeAnalyzer - INFO - -> Analizzando versione 1.1.2 (73/73)...
2025-11-11 13:21:20,268 - UnicodeAnalyzer - INFO - Filtrati 51 file (es. in /dist, /test).
2025-11-11 13:21:20,268 - UnicodeAnalyzer - INFO - Esportando i risultati HUT per 'cheerio' in CSV...
2025-11-11 13:21:20,380 - UnicodeAnalyzer - INFO - Report salvati in: /app/npm_hut_results/cheerio
2025-11-11 13:21:20,380 - NPM_HUT_Analyzer - INFO - Pulizia cartella temporanea 'temp_hut/cheerio'...
2025-11-11 13:21:20,425 - NPM_HUT_Analyzer - INFO - Pulizia completata.
