2025-11-16 17:04:38,930 - NPM_HUT_Analyzer - INFO - Recupero metadata per 'lazy-ass'...
2025-11-16 17:04:39,031 - NPM_HUT_Analyzer - INFO - Trovate 25 versioni. Inizio download in 'temp_hut/lazy-ass'...
2025-11-16 17:04:50,402 - UnicodeAnalyzer - INFO - Analizzando 25 versioni per '*.js' in 'lazy-ass'.
2025-11-16 17:04:50,403 - UnicodeAnalyzer - INFO - -> Analizzando versione 0.1.0 (1/25)...
2025-11-16 17:04:50,404 - UnicodeAnalyzer - INFO - Filtrati 1 file (es. in /dist, /test).
2025-11-16 17:04:50,482 - UnicodeAnalyzer - INFO - -> Analizzando versione 0.1.1 (2/25)...
2025-11-16 17:04:50,483 - UnicodeAnalyzer - INFO - Filtrati 1 file (es. in /dist, /test).
2025-11-16 17:04:50,531 - UnicodeAnalyzer - INFO - -> Analizzando versione 0.1.2 (3/25)...
2025-11-16 17:04:50,532 - UnicodeAnalyzer - INFO - Filtrati 1 file (es. in /dist, /test).
2025-11-16 17:04:50,584 - UnicodeAnalyzer - INFO - -> Analizzando versione 0.2.0 (4/25)...
2025-11-16 17:04:50,585 - UnicodeAnalyzer - INFO - Filtrati 2 file (es. in /dist, /test).
2025-11-16 17:04:50,638 - UnicodeAnalyzer - INFO - -> Analizzando versione 0.4.0 (5/25)...
2025-11-16 17:04:50,639 - UnicodeAnalyzer - INFO - Filtrati 2 file (es. in /dist, /test).
2025-11-16 17:04:50,692 - UnicodeAnalyzer - INFO - -> Analizzando versione 0.4.1 (6/25)...
2025-11-16 17:04:50,693 - UnicodeAnalyzer - INFO - Filtrati 2 file (es. in /dist, /test).
2025-11-16 17:04:50,747 - UnicodeAnalyzer - INFO - -> Analizzando versione 0.5.0 (7/25)...
2025-11-16 17:04:50,748 - UnicodeAnalyzer - INFO - Filtrati 2 file (es. in /dist, /test).
2025-11-16 17:04:50,805 - UnicodeAnalyzer - INFO - -> Analizzando versione 0.5.1 (8/25)...
2025-11-16 17:04:50,806 - UnicodeAnalyzer - INFO - Filtrati 2 file (es. in /dist, /test).
2025-11-16 17:04:50,859 - UnicodeAnalyzer - INFO - -> Analizzando versione 0.5.2 (9/25)...
2025-11-16 17:04:50,859 - UnicodeAnalyzer - INFO - Filtrati 2 file (es. in /dist, /test).
2025-11-16 17:04:50,916 - UnicodeAnalyzer - INFO - -> Analizzando versione 0.5.3 (10/25)...
2025-11-16 17:04:50,916 - UnicodeAnalyzer - INFO - Filtrati 2 file (es. in /dist, /test).
2025-11-16 17:04:50,971 - UnicodeAnalyzer - INFO - -> Analizzando versione 0.5.4 (11/25)...
2025-11-16 17:04:50,971 - UnicodeAnalyzer - INFO - Filtrati 3 file (es. in /dist, /test).
2025-11-16 17:04:51,025 - UnicodeAnalyzer - INFO - -> Analizzando versione 0.5.5 (12/25)...
2025-11-16 17:04:51,025 - UnicodeAnalyzer - INFO - Filtrati 3 file (es. in /dist, /test).
2025-11-16 17:04:51,079 - UnicodeAnalyzer - INFO - -> Analizzando versione 0.5.6 (13/25)...
2025-11-16 17:04:51,080 - UnicodeAnalyzer - INFO - Filtrati 3 file (es. in /dist, /test).
2025-11-16 17:04:51,133 - UnicodeAnalyzer - INFO - -> Analizzando versione 0.5.8 (14/25)...
2025-11-16 17:04:51,134 - UnicodeAnalyzer - INFO - Filtrati 3 file (es. in /dist, /test).
2025-11-16 17:04:51,188 - UnicodeAnalyzer - INFO - -> Analizzando versione 0.6.0 (15/25)...
2025-11-16 17:04:51,188 - UnicodeAnalyzer - INFO - Filtrati 3 file (es. in /dist, /test).
2025-11-16 17:04:51,244 - UnicodeAnalyzer - INFO - -> Analizzando versione 1.0.0 (16/25)...
2025-11-16 17:04:51,244 - UnicodeAnalyzer - INFO - Filtrati 4 file (es. in /dist, /test).
2025-11-16 17:04:51,298 - UnicodeAnalyzer - INFO - -> Analizzando versione 1.1.0 (17/25)...
2025-11-16 17:04:51,298 - UnicodeAnalyzer - INFO - Filtrati 1 file (es. in /dist, /test).
2025-11-16 17:04:51,298 - UnicodeAnalyzer - INFO - -> Analizzando versione 1.2.0 (18/25)...
2025-11-16 17:04:51,299 - UnicodeAnalyzer - INFO - Filtrati 1 file (es. in /dist, /test).
2025-11-16 17:04:51,299 - UnicodeAnalyzer - INFO - -> Analizzando versione 1.3.0 (19/25)...
2025-11-16 17:04:51,299 - UnicodeAnalyzer - INFO - Filtrati 1 file (es. in /dist, /test).
2025-11-16 17:04:51,299 - UnicodeAnalyzer - INFO - -> Analizzando versione 1.4.0 (20/25)...
2025-11-16 17:04:51,300 - UnicodeAnalyzer - INFO - Filtrati 1 file (es. in /dist, /test).
2025-11-16 17:04:51,300 - UnicodeAnalyzer - INFO - -> Analizzando versione 1.5.0 (21/25)...
2025-11-16 17:04:51,300 - UnicodeAnalyzer - INFO - Filtrati 1 file (es. in /dist, /test).
2025-11-16 17:04:51,301 - UnicodeAnalyzer - INFO - -> Analizzando versione 1.5.1 (22/25)...
2025-11-16 17:04:51,301 - UnicodeAnalyzer - INFO - Filtrati 1 file (es. in /dist, /test).
2025-11-16 17:04:51,301 - UnicodeAnalyzer - INFO - -> Analizzando versione 1.6.0 (23/25)...
2025-11-16 17:04:51,301 - UnicodeAnalyzer - INFO - Filtrati 1 file (es. in /dist, /test).
2025-11-16 17:04:51,302 - UnicodeAnalyzer - INFO - -> Analizzando versione 2.0.2 (24/25)...
2025-11-16 17:04:51,302 - UnicodeAnalyzer - INFO - Filtrati 1 file (es. in /dist, /test).
2025-11-16 17:04:51,302 - UnicodeAnalyzer - INFO - -> Analizzando versione 2.0.3 (25/25)...
2025-11-16 17:04:51,302 - UnicodeAnalyzer - INFO - Filtrati 1 file (es. in /dist, /test).
2025-11-16 17:04:51,302 - UnicodeAnalyzer - INFO - Esportando i risultati HUT per 'lazy-ass' in CSV...
2025-11-16 17:04:51,335 - UnicodeAnalyzer - INFO - Report salvati in: /app/npm_hut_results/lazy-ass
2025-11-16 17:04:51,335 - NPM_HUT_Analyzer - INFO - Pulizia cartella temporanea 'temp_hut/lazy-ass'...
2025-11-16 17:04:51,341 - NPM_HUT_Analyzer - INFO - Pulizia completata.
