2025-10-25 19:38:03,153 - NPM_Analyzer - INFO - Fetching metadata for '@commitlint/config-conventional'...
2025-10-25 19:38:03,252 - NPM_Analyzer - INFO - Found 92 versions. Starting download into 'temp/@commitlint_config-conventional'...
2025-10-25 19:39:26,255 - BlankSpaceAnalyzer - INFO - Analyzing 92 versions for '*.js' in '@commitlint_config-conventional'.
2025-10-25 19:39:26,256 - BlankSpaceAnalyzer - INFO - -> Analyzing version 10.0.0 (1/92)...
2025-10-25 19:39:26,256 - BlankSpaceAnalyzer - INFO - -> Analyzing version 11.0.0 (2/92)...
2025-10-25 19:39:26,257 - BlankSpaceAnalyzer - INFO - -> Analyzing version 12.0.0 (3/92)...
2025-10-25 19:39:26,258 - BlankSpaceAnalyzer - INFO - -> Analyzing version 12.0.1 (4/92)...
2025-10-25 19:39:26,259 - BlankSpaceAnalyzer - INFO - -> Analyzing version 12.1.0 (5/92)...
2025-10-25 19:39:26,260 - BlankSpaceAnalyzer - INFO - -> Analyzing version 12.1.1 (6/92)...
2025-10-25 19:39:26,261 - BlankSpaceAnalyzer - INFO - -> Analyzing version 12.1.2 (7/92)...
2025-10-25 19:39:26,262 - BlankSpaceAnalyzer - INFO - -> Analyzing version 12.1.3 (8/92)...
2025-10-25 19:39:26,263 - BlankSpaceAnalyzer - INFO - -> Analyzing version 12.1.4 (9/92)...
2025-10-25 19:39:26,264 - BlankSpaceAnalyzer - INFO - -> Analyzing version 13.0.0 (10/92)...
2025-10-25 19:39:26,265 - BlankSpaceAnalyzer - INFO - -> Analyzing version 13.1.0 (11/92)...
2025-10-25 19:39:26,266 - BlankSpaceAnalyzer - INFO - -> Analyzing version 13.2.0 (12/92)...
2025-10-25 19:39:26,267 - BlankSpaceAnalyzer - INFO - -> Analyzing version 14.0.0 (13/92)...
2025-10-25 19:39:26,268 - BlankSpaceAnalyzer - INFO - -> Analyzing version 14.1.0 (14/92)...
2025-10-25 19:39:26,269 - BlankSpaceAnalyzer - INFO - -> Analyzing version 15.0.0 (15/92)...
2025-10-25 19:39:26,270 - BlankSpaceAnalyzer - INFO - -> Analyzing version 16.0.0 (16/92)...
2025-10-25 19:39:26,271 - BlankSpaceAnalyzer - INFO - -> Analyzing version 16.2.1 (17/92)...
2025-10-25 19:39:26,272 - BlankSpaceAnalyzer - INFO - -> Analyzing version 16.2.4 (18/92)...
2025-10-25 19:39:26,273 - BlankSpaceAnalyzer - INFO - -> Analyzing version 17.0.0 (19/92)...
2025-10-25 19:39:26,274 - BlankSpaceAnalyzer - INFO - -> Analyzing version 17.0.2 (20/92)...
2025-10-25 19:39:26,275 - BlankSpaceAnalyzer - INFO - -> Analyzing version 17.0.3 (21/92)...
2025-10-25 19:39:26,276 - BlankSpaceAnalyzer - INFO - -> Analyzing version 17.1.0 (22/92)...
2025-10-25 19:39:26,277 - BlankSpaceAnalyzer - INFO - -> Analyzing version 17.2.0 (23/92)...
2025-10-25 19:39:26,278 - BlankSpaceAnalyzer - INFO - -> Analyzing version 17.3.0 (24/92)...
2025-10-25 19:39:26,278 - BlankSpaceAnalyzer - INFO - -> Analyzing version 17.4.0 (25/92)...
2025-10-25 19:39:26,279 - BlankSpaceAnalyzer - INFO - -> Analyzing version 17.4.2 (26/92)...
2025-10-25 19:39:26,280 - BlankSpaceAnalyzer - INFO - -> Analyzing version 17.4.3 (27/92)...
2025-10-25 19:39:26,281 - BlankSpaceAnalyzer - INFO - -> Analyzing version 17.4.4 (28/92)...
2025-10-25 19:39:26,281 - BlankSpaceAnalyzer - INFO - -> Analyzing version 17.6.0 (29/92)...
2025-10-25 19:39:26,282 - BlankSpaceAnalyzer - INFO - -> Analyzing version 17.6.1 (30/92)...
2025-10-25 19:39:26,282 - BlankSpaceAnalyzer - INFO - -> Analyzing version 17.6.3 (31/92)...
2025-10-25 19:39:26,283 - BlankSpaceAnalyzer - INFO - -> Analyzing version 17.6.5 (32/92)...
2025-10-25 19:39:26,284 - BlankSpaceAnalyzer - INFO - -> Analyzing version 17.6.6 (33/92)...
2025-10-25 19:39:26,284 - BlankSpaceAnalyzer - INFO - -> Analyzing version 17.6.7 (34/92)...
2025-10-25 19:39:26,285 - BlankSpaceAnalyzer - INFO - -> Analyzing version 17.7.0 (35/92)...
2025-10-25 19:39:26,285 - BlankSpaceAnalyzer - INFO - -> Analyzing version 17.8.0 (36/92)...
2025-10-25 19:39:26,286 - BlankSpaceAnalyzer - INFO - -> Analyzing version 17.8.1 (37/92)...
2025-10-25 19:39:26,286 - BlankSpaceAnalyzer - INFO - -> Analyzing version 18.0.0 (38/92)...
2025-10-25 19:39:26,287 - BlankSpaceAnalyzer - INFO - -> Analyzing version 18.1.0 (39/92)...
2025-10-25 19:39:26,287 - BlankSpaceAnalyzer - INFO - -> Analyzing version 18.4.0 (40/92)...
2025-10-25 19:39:26,288 - BlankSpaceAnalyzer - INFO - -> Analyzing version 18.4.2 (41/92)...
2025-10-25 19:39:26,288 - BlankSpaceAnalyzer - INFO - -> Analyzing version 18.4.3 (42/92)...
2025-10-25 19:39:26,288 - BlankSpaceAnalyzer - INFO - -> Analyzing version 18.4.4 (43/92)...
2025-10-25 19:39:26,289 - BlankSpaceAnalyzer - INFO - -> Analyzing version 18.5.0 (44/92)...
2025-10-25 19:39:26,289 - BlankSpaceAnalyzer - INFO - -> Analyzing version 18.6.0 (45/92)...
2025-10-25 19:39:26,290 - BlankSpaceAnalyzer - INFO - -> Analyzing version 18.6.1 (46/92)...
2025-10-25 19:39:26,290 - BlankSpaceAnalyzer - INFO - -> Analyzing version 18.6.2 (47/92)...
2025-10-25 19:39:26,291 - BlankSpaceAnalyzer - INFO - -> Analyzing version 18.6.3 (48/92)...
2025-10-25 19:39:26,291 - BlankSpaceAnalyzer - INFO - -> Analyzing version 19.0.0 (49/92)...
2025-10-25 19:39:26,292 - BlankSpaceAnalyzer - INFO - -> Analyzing version 19.0.3 (50/92)...
2025-10-25 19:39:26,292 - BlankSpaceAnalyzer - INFO - -> Analyzing version 19.1.0 (51/92)...
2025-10-25 19:39:26,293 - BlankSpaceAnalyzer - INFO - -> Analyzing version 19.2.2 (52/92)...
2025-10-25 19:39:26,293 - BlankSpaceAnalyzer - INFO - -> Analyzing version 19.4.1 (53/92)...
2025-10-25 19:39:26,294 - BlankSpaceAnalyzer - INFO - -> Analyzing version 19.5.0 (54/92)...
2025-10-25 19:39:26,294 - BlankSpaceAnalyzer - INFO - -> Analyzing version 19.6.0 (55/92)...
2025-10-25 19:39:26,295 - BlankSpaceAnalyzer - INFO - -> Analyzing version 19.7.1 (56/92)...
2025-10-25 19:39:26,295 - BlankSpaceAnalyzer - INFO - -> Analyzing version 19.8.0 (57/92)...
2025-10-25 19:39:26,295 - BlankSpaceAnalyzer - INFO - -> Analyzing version 19.8.1 (58/92)...
2025-10-25 19:39:26,296 - BlankSpaceAnalyzer - INFO - -> Analyzing version 20.0.0 (59/92)...
2025-10-25 19:39:26,296 - BlankSpaceAnalyzer - INFO - -> Analyzing version 5.1.1 (60/92)...
2025-10-25 19:39:26,297 - BlankSpaceAnalyzer - INFO - -> Analyzing version 5.1.3 (61/92)...
2025-10-25 19:39:26,297 - BlankSpaceAnalyzer - INFO - -> Analyzing version 5.2.3 (62/92)...
2025-10-25 19:39:26,297 - BlankSpaceAnalyzer - INFO - -> Analyzing version 5.3.0-0 (63/92)...
2025-10-25 19:39:26,297 - BlankSpaceAnalyzer - INFO - -> Analyzing version 6.0.2 (64/92)...
2025-10-25 19:39:26,298 - BlankSpaceAnalyzer - INFO - -> Analyzing version 6.0.3 (65/92)...
2025-10-25 19:39:26,298 - BlankSpaceAnalyzer - INFO - -> Analyzing version 6.0.4 (66/92)...
2025-10-25 19:39:26,298 - BlankSpaceAnalyzer - INFO - -> Analyzing version 6.1.0 (67/92)...
2025-10-25 19:39:26,298 - BlankSpaceAnalyzer - INFO - -> Analyzing version 6.1.1 (68/92)...
2025-10-25 19:39:26,299 - BlankSpaceAnalyzer - INFO - -> Analyzing version 6.1.2 (69/92)...
2025-10-25 19:39:26,299 - BlankSpaceAnalyzer - INFO - -> Analyzing version 6.1.3 (70/92)...
2025-10-25 19:39:26,299 - BlankSpaceAnalyzer - INFO - -> Analyzing version 7.0.0 (71/92)...
2025-10-25 19:39:26,299 - BlankSpaceAnalyzer - INFO - -> Analyzing version 7.0.1 (72/92)...
2025-10-25 19:39:26,300 - BlankSpaceAnalyzer - INFO - -> Analyzing version 7.1.0 (73/92)...
2025-10-25 19:39:26,300 - BlankSpaceAnalyzer - INFO - -> Analyzing version 7.1.1 (74/92)...
2025-10-25 19:39:26,300 - BlankSpaceAnalyzer - INFO - -> Analyzing version 7.1.2 (75/92)...
2025-10-25 19:39:26,300 - BlankSpaceAnalyzer - INFO - -> Analyzing version 7.3.0 (76/92)...
2025-10-25 19:39:26,301 - BlankSpaceAnalyzer - INFO - -> Analyzing version 7.3.1 (77/92)...
2025-10-25 19:39:26,301 - BlankSpaceAnalyzer - INFO - -> Analyzing version 7.5.0 (78/92)...
2025-10-25 19:39:26,301 - BlankSpaceAnalyzer - INFO - -> Analyzing version 7.6.0 (79/92)...
2025-10-25 19:39:26,301 - BlankSpaceAnalyzer - INFO - -> Analyzing version 8.0.0 (80/92)...
2025-10-25 19:39:26,302 - BlankSpaceAnalyzer - INFO - -> Analyzing version 8.1.0 (81/92)...
2025-10-25 19:39:26,302 - BlankSpaceAnalyzer - INFO - -> Analyzing version 8.2.0 (82/92)...
2025-10-25 19:39:26,302 - BlankSpaceAnalyzer - INFO - -> Analyzing version 8.3.0 (83/92)...
2025-10-25 19:39:26,302 - BlankSpaceAnalyzer - INFO - -> Analyzing version 8.3.2 (84/92)...
2025-10-25 19:39:26,303 - BlankSpaceAnalyzer - INFO - -> Analyzing version 8.3.3 (85/92)...
2025-10-25 19:39:26,303 - BlankSpaceAnalyzer - INFO - -> Analyzing version 8.3.4 (86/92)...
2025-10-25 19:39:26,303 - BlankSpaceAnalyzer - INFO - -> Analyzing version 8.3.6 (87/92)...
2025-10-25 19:39:26,303 - BlankSpaceAnalyzer - INFO - -> Analyzing version 9.0.0 (88/92)...
2025-10-25 19:39:26,303 - BlankSpaceAnalyzer - INFO - -> Analyzing version 9.0.1 (89/92)...
2025-10-25 19:39:26,304 - BlankSpaceAnalyzer - INFO - -> Analyzing version 9.1.0 (90/92)...
2025-10-25 19:39:26,304 - BlankSpaceAnalyzer - INFO - -> Analyzing version 9.1.1 (91/92)...
2025-10-25 19:39:26,304 - BlankSpaceAnalyzer - INFO - -> Analyzing version 9.1.2 (92/92)...
2025-10-25 19:39:26,304 - BlankSpaceAnalyzer - INFO - Exporting results for '@commitlint/config-conventional' to CSV...
2025-10-25 19:39:26,369 - BlankSpaceAnalyzer - INFO - Reports saved in: /app/npm_results/@commitlint_config-conventional
2025-10-25 19:39:26,369 - NPM_Analyzer - INFO - Cleaning temporary folder 'temp/@commitlint_config-conventional'...
2025-10-25 19:39:26,380 - NPM_Analyzer - INFO - Cleanup completed.
