2025-10-25 04:41:46,244 - NPM_Analyzer - INFO - Fetching metadata for '@babel/plugin-transform-class-static-block'...
2025-10-25 04:41:46,361 - NPM_Analyzer - INFO - Found 38 versions. Starting download into 'temp/@babel_plugin-transform-class-static-block'...
2025-10-25 04:42:25,876 - BlankSpaceAnalyzer - INFO - Analyzing 38 versions for '*.js' in '@babel_plugin-transform-class-static-block'.
2025-10-25 04:42:25,876 - BlankSpaceAnalyzer - INFO - -> Analyzing version 7.22.0 (1/38)...
2025-10-25 04:42:25,878 - BlankSpaceAnalyzer - INFO - -> Analyzing version 7.22.11 (2/38)...
2025-10-25 04:42:25,879 - BlankSpaceAnalyzer - INFO - -> Analyzing version 7.22.3 (3/38)...
2025-10-25 04:42:25,880 - BlankSpaceAnalyzer - INFO - -> Analyzing version 7.22.5 (4/38)...
2025-10-25 04:42:25,881 - BlankSpaceAnalyzer - INFO - -> Analyzing version 7.23.3 (5/38)...
2025-10-25 04:42:25,882 - BlankSpaceAnalyzer - INFO - -> Analyzing version 7.23.4 (6/38)...
2025-10-25 04:42:25,883 - BlankSpaceAnalyzer - INFO - -> Analyzing version 7.24.1 (7/38)...
2025-10-25 04:42:25,884 - BlankSpaceAnalyzer - INFO - -> Analyzing version 7.24.4 (8/38)...
2025-10-25 04:42:25,885 - BlankSpaceAnalyzer - INFO - -> Analyzing version 7.24.6 (9/38)...
2025-10-25 04:42:25,886 - BlankSpaceAnalyzer - INFO - -> Analyzing version 7.24.7 (10/38)...
2025-10-25 04:42:25,887 - BlankSpaceAnalyzer - INFO - -> Analyzing version 7.25.7 (11/38)...
2025-10-25 04:42:25,888 - BlankSpaceAnalyzer - INFO - -> Analyzing version 7.25.8 (12/38)...
2025-10-25 04:42:25,890 - BlankSpaceAnalyzer - INFO - -> Analyzing version 7.25.9 (13/38)...
2025-10-25 04:42:25,891 - BlankSpaceAnalyzer - INFO - -> Analyzing version 7.26.0 (14/38)...
2025-10-25 04:42:25,892 - BlankSpaceAnalyzer - INFO - -> Analyzing version 7.27.1 (15/38)...
2025-10-25 04:42:25,893 - BlankSpaceAnalyzer - INFO - -> Analyzing version 7.28.3 (16/38)...
2025-10-25 04:42:25,894 - BlankSpaceAnalyzer - INFO - -> Analyzing version 8.0.0-alpha.0 (17/38)...
2025-10-25 04:42:25,895 - BlankSpaceAnalyzer - INFO - -> Analyzing version 8.0.0-alpha.1 (18/38)...
2025-10-25 04:42:25,896 - BlankSpaceAnalyzer - INFO - -> Analyzing version 8.0.0-alpha.10 (19/38)...
2025-10-25 04:42:25,897 - BlankSpaceAnalyzer - INFO - -> Analyzing version 8.0.0-alpha.11 (20/38)...
2025-10-25 04:42:25,898 - BlankSpaceAnalyzer - INFO - -> Analyzing version 8.0.0-alpha.12 (21/38)...
2025-10-25 04:42:25,899 - BlankSpaceAnalyzer - INFO - -> Analyzing version 8.0.0-alpha.13 (22/38)...
2025-10-25 04:42:25,900 - BlankSpaceAnalyzer - INFO - -> Analyzing version 8.0.0-alpha.14 (23/38)...
2025-10-25 04:42:25,901 - BlankSpaceAnalyzer - INFO - -> Analyzing version 8.0.0-alpha.15 (24/38)...
2025-10-25 04:42:25,902 - BlankSpaceAnalyzer - INFO - -> Analyzing version 8.0.0-alpha.16 (25/38)...
2025-10-25 04:42:25,902 - BlankSpaceAnalyzer - INFO - -> Analyzing version 8.0.0-alpha.17 (26/38)...
2025-10-25 04:42:25,903 - BlankSpaceAnalyzer - INFO - -> Analyzing version 8.0.0-alpha.2 (27/38)...
2025-10-25 04:42:25,904 - BlankSpaceAnalyzer - INFO - -> Analyzing version 8.0.0-alpha.3 (28/38)...
2025-10-25 04:42:25,904 - BlankSpaceAnalyzer - INFO - -> Analyzing version 8.0.0-alpha.4 (29/38)...
2025-10-25 04:42:25,905 - BlankSpaceAnalyzer - INFO - -> Analyzing version 8.0.0-alpha.5 (30/38)...
2025-10-25 04:42:25,906 - BlankSpaceAnalyzer - INFO - -> Analyzing version 8.0.0-alpha.6 (31/38)...
2025-10-25 04:42:25,906 - BlankSpaceAnalyzer - INFO - -> Analyzing version 8.0.0-alpha.7 (32/38)...
2025-10-25 04:42:25,907 - BlankSpaceAnalyzer - INFO - -> Analyzing version 8.0.0-alpha.8 (33/38)...
2025-10-25 04:42:25,907 - BlankSpaceAnalyzer - INFO - -> Analyzing version 8.0.0-alpha.9 (34/38)...
2025-10-25 04:42:25,908 - BlankSpaceAnalyzer - INFO - -> Analyzing version 8.0.0-beta.0 (35/38)...
2025-10-25 04:42:25,908 - BlankSpaceAnalyzer - INFO - -> Analyzing version 8.0.0-beta.1 (36/38)...
2025-10-25 04:42:25,909 - BlankSpaceAnalyzer - INFO - -> Analyzing version 8.0.0-beta.2 (37/38)...
2025-10-25 04:42:25,909 - BlankSpaceAnalyzer - INFO - -> Analyzing version 8.0.0-beta.3 (38/38)...
2025-10-25 04:42:25,910 - BlankSpaceAnalyzer - INFO - Exporting results for '@babel/plugin-transform-class-static-block' to CSV...
2025-10-25 04:42:25,944 - BlankSpaceAnalyzer - INFO - Reports saved in: /app/npm_results/@babel_plugin-transform-class-static-block
2025-10-25 04:42:25,944 - NPM_Analyzer - INFO - Cleaning temporary folder 'temp/@babel_plugin-transform-class-static-block'...
2025-10-25 04:42:25,950 - NPM_Analyzer - INFO - Cleanup completed.
