2025-11-13 19:55:26,935 - NPM_HUT_Analyzer - INFO - Recupero metadata per '@types/request'...
2025-11-13 19:55:27,068 - NPM_HUT_Analyzer - INFO - Trovate 60 versioni. Inizio download in 'temp_hut/@types_request'...
2025-11-13 19:55:43,448 - NPM_HUT_Analyzer - ERROR -   Errore sulla versione 0.0.28: not a gzip file
2025-11-13 19:56:40,222 - UnicodeAnalyzer - INFO - Analizzando 59 versioni per '*.js' in '@types_request'.
2025-11-13 19:56:40,223 - UnicodeAnalyzer - INFO - -> Analizzando versione 0.0.14-alpha (1/59)...
2025-11-13 19:56:40,224 - UnicodeAnalyzer - INFO - -> Analizzando versione 0.0.15-alpha (2/59)...
2025-11-13 19:56:40,224 - UnicodeAnalyzer - INFO - -> Analizzando versione 0.0.20-alpha (3/59)...
2025-11-13 19:56:40,225 - UnicodeAnalyzer - INFO - -> Analizzando versione 0.0.21-alpha (4/59)...
2025-11-13 19:56:40,226 - UnicodeAnalyzer - INFO - -> Analizzando versione 0.0.22-alpha (5/59)...
2025-11-13 19:56:40,227 - UnicodeAnalyzer - INFO - -> Analizzando versione 0.0.23-alpha (6/59)...
2025-11-13 19:56:40,227 - UnicodeAnalyzer - INFO - -> Analizzando versione 0.0.24-alpha (7/59)...
2025-11-13 19:56:40,228 - UnicodeAnalyzer - INFO - -> Analizzando versione 0.0.25-alpha (8/59)...
2025-11-13 19:56:40,228 - UnicodeAnalyzer - INFO - -> Analizzando versione 0.0.26-alpha (9/59)...
2025-11-13 19:56:40,229 - UnicodeAnalyzer - INFO - -> Analizzando versione 0.0.27 (10/59)...
2025-11-13 19:56:40,229 - UnicodeAnalyzer - INFO - -> Analizzando versione 0.0.29 (11/59)...
2025-11-13 19:56:40,230 - UnicodeAnalyzer - INFO - -> Analizzando versione 0.0.30 (12/59)...
2025-11-13 19:56:40,230 - UnicodeAnalyzer - INFO - -> Analizzando versione 0.0.31 (13/59)...
2025-11-13 19:56:40,231 - UnicodeAnalyzer - INFO - -> Analizzando versione 0.0.32 (14/59)...
2025-11-13 19:56:40,231 - UnicodeAnalyzer - INFO - -> Analizzando versione 0.0.33 (15/59)...
2025-11-13 19:56:40,232 - UnicodeAnalyzer - INFO - -> Analizzando versione 0.0.34 (16/59)...
2025-11-13 19:56:40,232 - UnicodeAnalyzer - INFO - -> Analizzando versione 0.0.35 (17/59)...
2025-11-13 19:56:40,233 - UnicodeAnalyzer - INFO - -> Analizzando versione 0.0.36 (18/59)...
2025-11-13 19:56:40,233 - UnicodeAnalyzer - INFO - -> Analizzando versione 0.0.37 (19/59)...
2025-11-13 19:56:40,234 - UnicodeAnalyzer - INFO - -> Analizzando versione 0.0.38 (20/59)...
2025-11-13 19:56:40,234 - UnicodeAnalyzer - INFO - -> Analizzando versione 0.0.39 (21/59)...
2025-11-13 19:56:40,235 - UnicodeAnalyzer - INFO - -> Analizzando versione 0.0.40 (22/59)...
2025-11-13 19:56:40,235 - UnicodeAnalyzer - INFO - -> Analizzando versione 0.0.41 (23/59)...
2025-11-13 19:56:40,236 - UnicodeAnalyzer - INFO - -> Analizzando versione 0.0.42 (24/59)...
2025-11-13 19:56:40,236 - UnicodeAnalyzer - INFO - -> Analizzando versione 0.0.43 (25/59)...
2025-11-13 19:56:40,237 - UnicodeAnalyzer - INFO - -> Analizzando versione 0.0.44 (26/59)...
2025-11-13 19:56:40,238 - UnicodeAnalyzer - INFO - -> Analizzando versione 0.0.45 (27/59)...
2025-11-13 19:56:40,238 - UnicodeAnalyzer - INFO - -> Analizzando versione 0.0.46 (28/59)...
2025-11-13 19:56:40,239 - UnicodeAnalyzer - INFO - -> Analizzando versione 0.0.47 (29/59)...
2025-11-13 19:56:40,240 - UnicodeAnalyzer - INFO - -> Analizzando versione 2.0.0 (30/59)...
2025-11-13 19:56:40,241 - UnicodeAnalyzer - INFO - -> Analizzando versione 2.0.1 (31/59)...
2025-11-13 19:56:40,242 - UnicodeAnalyzer - INFO - -> Analizzando versione 2.0.10 (32/59)...
2025-11-13 19:56:40,242 - UnicodeAnalyzer - INFO - -> Analizzando versione 2.0.11 (33/59)...
2025-11-13 19:56:40,243 - UnicodeAnalyzer - INFO - -> Analizzando versione 2.0.12 (34/59)...
2025-11-13 19:56:40,244 - UnicodeAnalyzer - INFO - -> Analizzando versione 2.0.13 (35/59)...
2025-11-13 19:56:40,245 - UnicodeAnalyzer - INFO - -> Analizzando versione 2.0.2 (36/59)...
2025-11-13 19:56:40,245 - UnicodeAnalyzer - INFO - -> Analizzando versione 2.0.3 (37/59)...
2025-11-13 19:56:40,246 - UnicodeAnalyzer - INFO - -> Analizzando versione 2.0.4 (38/59)...
2025-11-13 19:56:40,246 - UnicodeAnalyzer - INFO - -> Analizzando versione 2.0.5 (39/59)...
2025-11-13 19:56:40,247 - UnicodeAnalyzer - INFO - -> Analizzando versione 2.0.6 (40/59)...
2025-11-13 19:56:40,247 - UnicodeAnalyzer - INFO - -> Analizzando versione 2.0.7 (41/59)...
2025-11-13 19:56:40,247 - UnicodeAnalyzer - INFO - -> Analizzando versione 2.0.8 (42/59)...
2025-11-13 19:56:40,248 - UnicodeAnalyzer - INFO - -> Analizzando versione 2.0.9 (43/59)...
2025-11-13 19:56:40,248 - UnicodeAnalyzer - INFO - -> Analizzando versione 2.47.0 (44/59)...
2025-11-13 19:56:40,248 - UnicodeAnalyzer - INFO - -> Analizzando versione 2.47.1 (45/59)...
2025-11-13 19:56:40,249 - UnicodeAnalyzer - INFO - -> Analizzando versione 2.48.0 (46/59)...
2025-11-13 19:56:40,249 - UnicodeAnalyzer - INFO - -> Analizzando versione 2.48.1 (47/59)...
2025-11-13 19:56:40,249 - UnicodeAnalyzer - INFO - -> Analizzando versione 2.48.10 (48/59)...
2025-11-13 19:56:40,250 - UnicodeAnalyzer - INFO - -> Analizzando versione 2.48.11 (49/59)...
2025-11-13 19:56:40,250 - UnicodeAnalyzer - INFO - -> Analizzando versione 2.48.12 (50/59)...
2025-11-13 19:56:40,251 - UnicodeAnalyzer - INFO - -> Analizzando versione 2.48.13 (51/59)...
2025-11-13 19:56:40,251 - UnicodeAnalyzer - INFO - -> Analizzando versione 2.48.2 (52/59)...
2025-11-13 19:56:40,251 - UnicodeAnalyzer - INFO - -> Analizzando versione 2.48.3 (53/59)...
2025-11-13 19:56:40,251 - UnicodeAnalyzer - INFO - -> Analizzando versione 2.48.4 (54/59)...
2025-11-13 19:56:40,252 - UnicodeAnalyzer - INFO - -> Analizzando versione 2.48.5 (55/59)...
2025-11-13 19:56:40,252 - UnicodeAnalyzer - INFO - -> Analizzando versione 2.48.6 (56/59)...
2025-11-13 19:56:40,252 - UnicodeAnalyzer - INFO - -> Analizzando versione 2.48.7 (57/59)...
2025-11-13 19:56:40,253 - UnicodeAnalyzer - INFO - -> Analizzando versione 2.48.8 (58/59)...
2025-11-13 19:56:40,253 - UnicodeAnalyzer - INFO - -> Analizzando versione 2.48.9 (59/59)...
2025-11-13 19:56:40,253 - UnicodeAnalyzer - INFO - Esportando i risultati HUT per '@types/request' in CSV...
2025-11-13 19:56:40,253 - UnicodeAnalyzer - WARNING - Nessun file analizzato. I file CSV saranno vuoti.
2025-11-13 19:56:40,254 - NPM_HUT_Analyzer - INFO - Pulizia cartella temporanea 'temp_hut/@types_request'...
2025-11-13 19:56:40,265 - NPM_HUT_Analyzer - INFO - Pulizia completata.
