2025-11-11 10:36:20,281 - NPM_HUT_Analyzer - INFO - Recupero metadata per 'cors'...
2025-11-11 10:36:20,375 - NPM_HUT_Analyzer - INFO - Trovate 34 versioni. Inizio download in 'temp_hut/cors'...
2025-11-11 10:36:39,449 - UnicodeAnalyzer - INFO - Analizzando 34 versioni per '*.js' in 'cors'.
2025-11-11 10:36:39,449 - UnicodeAnalyzer - INFO - -> Analizzando versione 0.0.1 (1/34)...
2025-11-11 10:36:39,451 - UnicodeAnalyzer - INFO - Filtrati 1 file (es. in /dist, /test).
2025-11-11 10:36:39,453 - UnicodeAnalyzer - INFO - -> Analizzando versione 0.0.2 (2/34)...
2025-11-11 10:36:39,454 - UnicodeAnalyzer - INFO - Filtrati 1 file (es. in /dist, /test).
2025-11-11 10:36:39,455 - UnicodeAnalyzer - INFO - -> Analizzando versione 0.0.3 (3/34)...
2025-11-11 10:36:39,456 - UnicodeAnalyzer - INFO - Filtrati 1 file (es. in /dist, /test).
2025-11-11 10:36:39,458 - UnicodeAnalyzer - INFO - -> Analizzando versione 0.0.4 (4/34)...
2025-11-11 10:36:39,459 - UnicodeAnalyzer - INFO - Filtrati 1 file (es. in /dist, /test).
2025-11-11 10:36:39,460 - UnicodeAnalyzer - INFO - -> Analizzando versione 0.0.5 (5/34)...
2025-11-11 10:36:39,462 - UnicodeAnalyzer - INFO - Filtrati 1 file (es. in /dist, /test).
2025-11-11 10:36:39,463 - UnicodeAnalyzer - INFO - -> Analizzando versione 0.1.0 (6/34)...
2025-11-11 10:36:39,464 - UnicodeAnalyzer - INFO - Filtrati 3 file (es. in /dist, /test).
2025-11-11 10:36:39,466 - UnicodeAnalyzer - INFO - -> Analizzando versione 0.1.1 (7/34)...
2025-11-11 10:36:39,467 - UnicodeAnalyzer - INFO - Filtrati 3 file (es. in /dist, /test).
2025-11-11 10:36:39,469 - UnicodeAnalyzer - INFO - -> Analizzando versione 1.0.0 (8/34)...
2025-11-11 10:36:39,470 - UnicodeAnalyzer - INFO - Filtrati 3 file (es. in /dist, /test).
2025-11-11 10:36:39,471 - UnicodeAnalyzer - INFO - -> Analizzando versione 1.0.1 (9/34)...
2025-11-11 10:36:39,473 - UnicodeAnalyzer - INFO - Filtrati 3 file (es. in /dist, /test).
2025-11-11 10:36:39,474 - UnicodeAnalyzer - INFO - -> Analizzando versione 2.0.0 (10/34)...
2025-11-11 10:36:39,476 - UnicodeAnalyzer - INFO - Filtrati 3 file (es. in /dist, /test).
2025-11-11 10:36:39,477 - UnicodeAnalyzer - INFO - -> Analizzando versione 2.1.0 (11/34)...
2025-11-11 10:36:39,478 - UnicodeAnalyzer - INFO - Filtrati 3 file (es. in /dist, /test).
2025-11-11 10:36:39,479 - UnicodeAnalyzer - INFO - -> Analizzando versione 2.1.1 (12/34)...
2025-11-11 10:36:39,480 - UnicodeAnalyzer - INFO - Filtrati 3 file (es. in /dist, /test).
2025-11-11 10:36:39,481 - UnicodeAnalyzer - INFO - -> Analizzando versione 2.2.0 (13/34)...
2025-11-11 10:36:39,482 - UnicodeAnalyzer - INFO - Filtrati 3 file (es. in /dist, /test).
2025-11-11 10:36:39,483 - UnicodeAnalyzer - INFO - -> Analizzando versione 2.3.0 (14/34)...
2025-11-11 10:36:39,483 - UnicodeAnalyzer - INFO - Filtrati 3 file (es. in /dist, /test).
2025-11-11 10:36:39,484 - UnicodeAnalyzer - INFO - -> Analizzando versione 2.3.1 (15/34)...
2025-11-11 10:36:39,485 - UnicodeAnalyzer - INFO - Filtrati 3 file (es. in /dist, /test).
2025-11-11 10:36:39,486 - UnicodeAnalyzer - INFO - -> Analizzando versione 2.3.2 (16/34)...
2025-11-11 10:36:39,486 - UnicodeAnalyzer - INFO - Filtrati 3 file (es. in /dist, /test).
2025-11-11 10:36:39,487 - UnicodeAnalyzer - INFO - -> Analizzando versione 2.4.0 (17/34)...
2025-11-11 10:36:39,488 - UnicodeAnalyzer - INFO - Filtrati 4 file (es. in /dist, /test).
2025-11-11 10:36:39,489 - UnicodeAnalyzer - INFO - -> Analizzando versione 2.4.1 (18/34)...
2025-11-11 10:36:39,489 - UnicodeAnalyzer - INFO - Filtrati 4 file (es. in /dist, /test).
2025-11-11 10:36:39,490 - UnicodeAnalyzer - INFO - -> Analizzando versione 2.4.2 (19/34)...
2025-11-11 10:36:39,491 - UnicodeAnalyzer - INFO - Filtrati 6 file (es. in /dist, /test).
2025-11-11 10:36:39,491 - UnicodeAnalyzer - INFO - -> Analizzando versione 2.5.0 (20/34)...
2025-11-11 10:36:39,492 - UnicodeAnalyzer - INFO - Filtrati 6 file (es. in /dist, /test).
2025-11-11 10:36:39,493 - UnicodeAnalyzer - INFO - -> Analizzando versione 2.5.1 (21/34)...
2025-11-11 10:36:39,493 - UnicodeAnalyzer - INFO - Filtrati 7 file (es. in /dist, /test).
2025-11-11 10:36:39,494 - UnicodeAnalyzer - INFO - -> Analizzando versione 2.5.2 (22/34)...
2025-11-11 10:36:39,494 - UnicodeAnalyzer - INFO - Filtrati 7 file (es. in /dist, /test).
2025-11-11 10:36:39,495 - UnicodeAnalyzer - INFO - -> Analizzando versione 2.5.3 (23/34)...
2025-11-11 10:36:39,496 - UnicodeAnalyzer - INFO - Filtrati 7 file (es. in /dist, /test).
2025-11-11 10:36:39,496 - UnicodeAnalyzer - INFO - -> Analizzando versione 2.6.0 (24/34)...
2025-11-11 10:36:39,497 - UnicodeAnalyzer - INFO - Filtrati 7 file (es. in /dist, /test).
2025-11-11 10:36:39,497 - UnicodeAnalyzer - INFO - -> Analizzando versione 2.6.1 (25/34)...
2025-11-11 10:36:39,498 - UnicodeAnalyzer - INFO - Filtrati 7 file (es. in /dist, /test).
2025-11-11 10:36:39,498 - UnicodeAnalyzer - INFO - -> Analizzando versione 2.7.0 (26/34)...
2025-11-11 10:36:39,499 - UnicodeAnalyzer - INFO - Filtrati 7 file (es. in /dist, /test).
2025-11-11 10:36:39,500 - UnicodeAnalyzer - INFO - -> Analizzando versione 2.7.1 (27/34)...
2025-11-11 10:36:39,500 - UnicodeAnalyzer - INFO - Filtrati 7 file (es. in /dist, /test).
2025-11-11 10:36:39,501 - UnicodeAnalyzer - INFO - -> Analizzando versione 2.7.2 (28/34)...
2025-11-11 10:36:39,501 - UnicodeAnalyzer - INFO - Filtrati 7 file (es. in /dist, /test).
2025-11-11 10:36:39,502 - UnicodeAnalyzer - INFO - -> Analizzando versione 2.8.0 (29/34)...
2025-11-11 10:36:39,502 - UnicodeAnalyzer - INFO - Filtrati 7 file (es. in /dist, /test).
2025-11-11 10:36:39,503 - UnicodeAnalyzer - INFO - -> Analizzando versione 2.8.1 (30/34)...
2025-11-11 10:36:39,503 - UnicodeAnalyzer - INFO - Filtrati 7 file (es. in /dist, /test).
2025-11-11 10:36:39,504 - UnicodeAnalyzer - INFO - -> Analizzando versione 2.8.2 (31/34)...
2025-11-11 10:36:39,504 - UnicodeAnalyzer - INFO - Filtrati 8 file (es. in /dist, /test).
2025-11-11 10:36:39,505 - UnicodeAnalyzer - INFO - -> Analizzando versione 2.8.3 (32/34)...
2025-11-11 10:36:39,505 - UnicodeAnalyzer - INFO - Filtrati 8 file (es. in /dist, /test).
2025-11-11 10:36:39,506 - UnicodeAnalyzer - INFO - -> Analizzando versione 2.8.4 (33/34)...
2025-11-11 10:36:39,506 - UnicodeAnalyzer - INFO - Filtrati 8 file (es. in /dist, /test).
2025-11-11 10:36:39,507 - UnicodeAnalyzer - INFO - -> Analizzando versione 2.8.5 (34/34)...
2025-11-11 10:36:39,507 - UnicodeAnalyzer - INFO - Esportando i risultati HUT per 'cors' in CSV...
2025-11-11 10:36:39,545 - UnicodeAnalyzer - INFO - Report salvati in: /app/npm_hut_results/cors
2025-11-11 10:36:39,545 - NPM_HUT_Analyzer - INFO - Pulizia cartella temporanea 'temp_hut/cors'...
2025-11-11 10:36:39,554 - NPM_HUT_Analyzer - INFO - Pulizia completata.
