2025-10-26 08:56:05,756 - NPM_Analyzer - INFO - Fetching metadata for 'is-accessor-descriptor'...
2025-10-26 08:56:05,867 - NPM_Analyzer - INFO - Found 16 versions. Starting download into 'temp/is-accessor-descriptor'...
2025-10-26 08:56:14,887 - BlankSpaceAnalyzer - INFO - Analyzing 16 versions for '*.js' in 'is-accessor-descriptor'.
2025-10-26 08:56:14,888 - BlankSpaceAnalyzer - INFO - -> Analyzing version 0.1.0 (1/16)...
2025-10-26 08:56:14,889 - BlankSpaceAnalyzer - INFO - -> Analyzing version 0.1.2 (2/16)...
2025-10-26 08:56:14,890 - BlankSpaceAnalyzer - INFO - -> Analyzing version 0.1.3 (3/16)...
2025-10-26 08:56:14,983 - BlankSpaceAnalyzer - INFO - -> Analyzing version 0.1.4 (4/16)...
2025-10-26 08:56:15,054 - BlankSpaceAnalyzer - INFO - -> Analyzing version 0.1.5 (5/16)...
2025-10-26 08:56:15,055 - BlankSpaceAnalyzer - INFO - -> Analyzing version 0.1.6 (6/16)...
2025-10-26 08:56:15,055 - BlankSpaceAnalyzer - INFO - -> Analyzing version 0.1.7 (7/16)...
2025-10-26 08:56:15,128 - BlankSpaceAnalyzer - INFO - -> Analyzing version 1.0.0 (8/16)...
2025-10-26 08:56:15,128 - BlankSpaceAnalyzer - INFO - -> Analyzing version 1.0.1 (9/16)...
2025-10-26 08:56:15,200 - BlankSpaceAnalyzer - INFO - -> Analyzing version 2.0.0 (10/16)...
2025-10-26 08:56:15,200 - BlankSpaceAnalyzer - INFO - -> Analyzing version 3.0.0 (11/16)...
2025-10-26 08:56:15,201 - BlankSpaceAnalyzer - INFO - -> Analyzing version 3.0.1 (12/16)...
2025-10-26 08:56:15,201 - BlankSpaceAnalyzer - INFO - -> Analyzing version 3.0.2 (13/16)...
2025-10-26 08:56:15,272 - BlankSpaceAnalyzer - INFO - -> Analyzing version 3.0.3 (14/16)...
2025-10-26 08:56:15,346 - BlankSpaceAnalyzer - INFO - -> Analyzing version 3.0.4 (15/16)...
2025-10-26 08:56:15,423 - BlankSpaceAnalyzer - INFO - -> Analyzing version 3.0.5 (16/16)...
2025-10-26 08:56:15,494 - BlankSpaceAnalyzer - INFO - Exporting results for 'is-accessor-descriptor' to CSV...
2025-10-26 08:56:15,507 - BlankSpaceAnalyzer - INFO - Reports saved in: /app/npm_results/is-accessor-descriptor
2025-10-26 08:56:15,508 - NPM_Analyzer - INFO - Cleaning temporary folder 'temp/is-accessor-descriptor'...
2025-10-26 08:56:15,510 - NPM_Analyzer - INFO - Cleanup completed.
