2025-10-23 11:19:55,499 - NPM_Analyzer - INFO - Fetching metadata for 'he'...
2025-10-23 11:19:55,663 - NPM_Analyzer - INFO - Found 27 versions. Starting download into 'temp/he'...
2025-10-23 11:20:16,993 - BlankSpaceAnalyzer - INFO - Analyzing 27 versions for '*.js' in 'he'.
2025-10-23 11:20:16,993 - BlankSpaceAnalyzer - INFO - -> Analyzing version 0.1.0 (1/27)...
2025-10-23 11:20:17,068 - BlankSpaceAnalyzer - INFO - -> Analyzing version 0.1.1 (2/27)...
2025-10-23 11:20:17,110 - BlankSpaceAnalyzer - INFO - -> Analyzing version 0.1.10 (3/27)...
2025-10-23 11:20:17,110 - BlankSpaceAnalyzer - INFO - -> Analyzing version 0.1.2 (4/27)...
2025-10-23 11:20:17,155 - BlankSpaceAnalyzer - INFO - -> Analyzing version 0.1.3 (5/27)...
2025-10-23 11:20:17,156 - BlankSpaceAnalyzer - INFO - -> Analyzing version 0.1.4 (6/27)...
2025-10-23 11:20:17,156 - BlankSpaceAnalyzer - INFO - -> Analyzing version 0.1.5 (7/27)...
2025-10-23 11:20:17,157 - BlankSpaceAnalyzer - INFO - -> Analyzing version 0.1.6 (8/27)...
2025-10-23 11:20:17,157 - BlankSpaceAnalyzer - INFO - -> Analyzing version 0.1.7 (9/27)...
2025-10-23 11:20:17,158 - BlankSpaceAnalyzer - INFO - -> Analyzing version 0.1.8 (10/27)...
2025-10-23 11:20:17,158 - BlankSpaceAnalyzer - INFO - -> Analyzing version 0.1.9 (11/27)...
2025-10-23 11:20:17,159 - BlankSpaceAnalyzer - INFO - -> Analyzing version 0.2.0 (12/27)...
2025-10-23 11:20:17,159 - BlankSpaceAnalyzer - INFO - -> Analyzing version 0.2.1 (13/27)...
2025-10-23 11:20:17,160 - BlankSpaceAnalyzer - INFO - -> Analyzing version 0.3.0 (14/27)...
2025-10-23 11:20:17,202 - BlankSpaceAnalyzer - INFO - -> Analyzing version 0.3.1 (15/27)...
2025-10-23 11:20:17,203 - BlankSpaceAnalyzer - INFO - -> Analyzing version 0.3.2 (16/27)...
2025-10-23 11:20:17,203 - BlankSpaceAnalyzer - INFO - -> Analyzing version 0.3.3 (17/27)...
2025-10-23 11:20:17,204 - BlankSpaceAnalyzer - INFO - -> Analyzing version 0.3.4 (18/27)...
2025-10-23 11:20:17,204 - BlankSpaceAnalyzer - INFO - -> Analyzing version 0.3.5 (19/27)...
2025-10-23 11:20:17,205 - BlankSpaceAnalyzer - INFO - -> Analyzing version 0.3.6 (20/27)...
2025-10-23 11:20:17,205 - BlankSpaceAnalyzer - INFO - -> Analyzing version 0.4.0 (21/27)...
2025-10-23 11:20:17,206 - BlankSpaceAnalyzer - INFO - -> Analyzing version 0.4.1 (22/27)...
2025-10-23 11:20:17,206 - BlankSpaceAnalyzer - INFO - -> Analyzing version 0.5.0 (23/27)...
2025-10-23 11:20:17,207 - BlankSpaceAnalyzer - INFO - -> Analyzing version 1.0.0 (24/27)...
2025-10-23 11:20:17,207 - BlankSpaceAnalyzer - INFO - -> Analyzing version 1.1.0 (25/27)...
2025-10-23 11:20:17,208 - BlankSpaceAnalyzer - INFO - -> Analyzing version 1.1.1 (26/27)...
2025-10-23 11:20:17,208 - BlankSpaceAnalyzer - INFO - -> Analyzing version 1.2.0 (27/27)...
2025-10-23 11:20:17,209 - BlankSpaceAnalyzer - INFO - Exporting results for 'he' to CSV...
2025-10-23 11:20:17,235 - BlankSpaceAnalyzer - INFO - Reports saved in: /app/npm_results/he
2025-10-23 11:20:17,235 - NPM_Analyzer - INFO - Cleaning temporary folder 'temp/he'...
2025-10-23 11:20:17,239 - NPM_Analyzer - INFO - Cleanup completed.
