2025-10-28 13:52:28,745 - INFO - Cloning https://github.com/omgovich/colord...
2025-10-28 13:52:29,548 - INFO - Repository 'colord' successfully cloned to 'repos/colord'.
2025-10-28 13:52:29,665 - INFO - Starting analysis of repository colord with extension js.
Manipulated file: /Users/marco/Projects/BST_HUT_analyzer/repos/colord/rollup.config.js
2025-10-28 13:52:29,692 - INFO - Analyzing 16 tags for extension 'js'.
2025-10-28 13:52:29,692 - INFO - Analyzing tag v1.0 (1/16).
2025-10-28 13:52:30,256 - INFO - Analyzing tag v1.1 (2/16).
2025-10-28 13:52:30,815 - INFO - Analyzing tag v1.2 (3/16).
2025-10-28 13:52:31,285 - INFO - Analyzing tag v1.3 (4/16).
2025-10-28 13:52:31,786 - INFO - Analyzing tag v1.4 (5/16).
2025-10-28 13:52:32,284 - INFO - Analyzing tag v1.5 (6/16).
2025-10-28 13:52:32,792 - INFO - Analyzing tag v1.6 (7/16).
2025-10-28 13:52:33,290 - INFO - Analyzing tag v1.7 (8/16).
2025-10-28 13:52:33,786 - INFO - Analyzing tag v2 (9/16).
2025-10-28 13:52:34,303 - INFO - Analyzing tag v2.2 (10/16).
2025-10-28 13:52:34,798 - INFO - Analyzing tag v2.4 (11/16).
2025-10-28 13:52:35,282 - INFO - Analyzing tag v2.7 (12/16).
2025-10-28 13:52:35,792 - INFO - Analyzing tag v2.8 (13/16).
2025-10-28 13:52:36,289 - INFO - Analyzing tag v2.9 (14/16).
2025-10-28 13:52:36,797 - INFO - Analyzing tag PRE-TEST (15/16).
2025-10-28 13:52:37,308 - INFO - Analyzing tag TEST (16/16).
2025-10-28 13:52:37,819 - INFO - Exporting BlankSpaceAnalyzer results to CSV...
2025-10-28 13:52:37,827 - INFO - Blank Space Ratio report saved to: analytics/colord/manipulated_blank_space/blank_space_ratio.csv
2025-10-28 13:52:37,827 - INFO - Max Line Length report saved to: analytics/colord/manipulated_blank_space/blank_space_max_line_length.csv
2025-10-28 13:52:37,828 - INFO - Results saved in: analytics/colord/manipulated_blank_space
