2025-10-28 04:09:29,975 - NPM_Analyzer - INFO - Fetching metadata for '@azure/core-util'...
2025-10-28 04:09:30,318 - NPM_Analyzer - INFO - Found 388 versions. Starting download into 'temp/@azure_core-util'...
2025-10-28 04:20:01,797 - BlankSpaceAnalyzer - INFO - Analyzing 388 versions for '*.js' in '@azure_core-util'.
2025-10-28 04:20:01,797 - BlankSpaceAnalyzer - INFO - -> Analyzing version 1.0.0 (1/388)...
2025-10-28 04:20:01,875 - BlankSpaceAnalyzer - INFO - -> Analyzing version 1.0.0-alpha.20210518.2 (2/388)...
2025-10-28 04:20:01,945 - BlankSpaceAnalyzer - INFO - -> Analyzing version 1.0.0-alpha.20210611.2 (3/388)...
2025-10-28 04:20:02,014 - BlankSpaceAnalyzer - INFO - -> Analyzing version 1.0.0-alpha.20210623.4 (4/388)...
2025-10-28 04:20:02,095 - BlankSpaceAnalyzer - INFO - -> Analyzing version 1.0.0-alpha.20210702.4 (5/388)...
2025-10-28 04:20:02,181 - BlankSpaceAnalyzer - INFO - -> Analyzing version 1.0.0-alpha.20210713.1 (6/388)...
2025-10-28 04:20:02,257 - BlankSpaceAnalyzer - INFO - -> Analyzing version 1.0.0-alpha.20210816.6 (7/388)...
2025-10-28 04:20:02,329 - BlankSpaceAnalyzer - INFO - -> Analyzing version 1.0.0-alpha.20210830.2 (8/388)...
2025-10-28 04:20:02,398 - BlankSpaceAnalyzer - INFO - -> Analyzing version 1.0.0-alpha.20210930.2 (9/388)...
2025-10-28 04:20:02,467 - BlankSpaceAnalyzer - INFO - -> Analyzing version 1.0.0-alpha.20211214.4 (10/388)...
2025-10-28 04:20:02,544 - BlankSpaceAnalyzer - INFO - -> Analyzing version 1.0.0-alpha.20220104.5 (11/388)...
2025-10-28 04:20:02,619 - BlankSpaceAnalyzer - INFO - -> Analyzing version 1.0.0-alpha.20220112.1 (12/388)...
2025-10-28 04:20:02,689 - BlankSpaceAnalyzer - INFO - -> Analyzing version 1.0.0-alpha.20220131.3 (13/388)...
2025-10-28 04:20:02,765 - BlankSpaceAnalyzer - INFO - -> Analyzing version 1.0.0-alpha.20220307.7 (14/388)...
2025-10-28 04:20:02,842 - BlankSpaceAnalyzer - INFO - -> Analyzing version 1.0.0-alpha.20220309.5 (15/388)...
2025-10-28 04:20:02,917 - BlankSpaceAnalyzer - INFO - -> Analyzing version 1.0.0-alpha.20220310.3 (16/388)...
2025-10-28 04:20:02,986 - BlankSpaceAnalyzer - INFO - -> Analyzing version 1.0.0-alpha.20220315.1 (17/388)...
2025-10-28 04:20:03,063 - BlankSpaceAnalyzer - INFO - -> Analyzing version 1.0.0-alpha.20220322.1 (18/388)...
2025-10-28 04:20:03,141 - BlankSpaceAnalyzer - INFO - -> Analyzing version 1.0.0-alpha.20220406.3 (19/388)...
2025-10-28 04:20:03,216 - BlankSpaceAnalyzer - INFO - -> Analyzing version 1.0.0-alpha.20220415.2 (20/388)...
2025-10-28 04:20:03,286 - BlankSpaceAnalyzer - INFO - -> Analyzing version 1.0.0-alpha.20220420.2 (21/388)...
2025-10-28 04:20:03,363 - BlankSpaceAnalyzer - INFO - -> Analyzing version 1.0.0-alpha.20220421.2 (22/388)...
2025-10-28 04:20:03,440 - BlankSpaceAnalyzer - INFO - -> Analyzing version 1.0.0-alpha.20220502.1 (23/388)...
2025-10-28 04:20:03,517 - BlankSpaceAnalyzer - INFO - -> Analyzing version 1.0.0-alpha.20220504.1 (24/388)...
2025-10-28 04:20:03,595 - BlankSpaceAnalyzer - INFO - -> Analyzing version 1.0.0-alpha.20220505.3 (25/388)...
2025-10-28 04:20:03,673 - BlankSpaceAnalyzer - INFO - -> Analyzing version 1.0.0-beta.1 (26/388)...
2025-10-28 04:20:03,749 - BlankSpaceAnalyzer - INFO - -> Analyzing version 1.0.1-alpha.20220506.2 (27/388)...
2025-10-28 04:20:03,823 - BlankSpaceAnalyzer - INFO - -> Analyzing version 1.0.1-alpha.20220518.2 (28/388)...
2025-10-28 04:20:03,894 - BlankSpaceAnalyzer - INFO - -> Analyzing version 1.0.1-alpha.20220523.1 (29/388)...
2025-10-28 04:20:03,971 - BlankSpaceAnalyzer - INFO - -> Analyzing version 1.0.1-alpha.20220815.2 (30/388)...
2025-10-28 04:20:04,049 - BlankSpaceAnalyzer - INFO - -> Analyzing version 1.1.0 (31/388)...
2025-10-28 04:20:04,127 - BlankSpaceAnalyzer - INFO - -> Analyzing version 1.1.1 (32/388)...
2025-10-28 04:20:04,205 - BlankSpaceAnalyzer - INFO - -> Analyzing version 1.1.1-alpha.20220908.1 (33/388)...
2025-10-28 04:20:04,283 - BlankSpaceAnalyzer - INFO - -> Analyzing version 1.1.1-alpha.20220912.1 (34/388)...
2025-10-28 04:20:04,361 - BlankSpaceAnalyzer - INFO - -> Analyzing version 1.1.1-alpha.20220920.4 (35/388)...
2025-10-28 04:20:04,438 - BlankSpaceAnalyzer - INFO - -> Analyzing version 1.1.1-alpha.20220923.1 (36/388)...
2025-10-28 04:20:04,517 - BlankSpaceAnalyzer - INFO - -> Analyzing version 1.1.2-alpha.20221020.2 (37/388)...
2025-10-28 04:20:04,594 - BlankSpaceAnalyzer - INFO - -> Analyzing version 1.1.2-alpha.20221107.4 (38/388)...
2025-10-28 04:20:04,671 - BlankSpaceAnalyzer - INFO - -> Analyzing version 1.1.2-alpha.20230209.1 (39/388)...
2025-10-28 04:20:04,750 - BlankSpaceAnalyzer - INFO - -> Analyzing version 1.1.2-alpha.20230215.3 (40/388)...
2025-10-28 04:20:04,828 - BlankSpaceAnalyzer - INFO - -> Analyzing version 1.10.0 (41/388)...
2025-10-28 04:20:04,907 - BlankSpaceAnalyzer - INFO - -> Analyzing version 1.10.0-alpha.20240912.4 (42/388)...
2025-10-28 04:20:04,987 - BlankSpaceAnalyzer - INFO - -> Analyzing version 1.10.1-alpha.20240913.2 (43/388)...
2025-10-28 04:20:05,062 - BlankSpaceAnalyzer - INFO - -> Analyzing version 1.10.1-alpha.20240916.2 (44/388)...
2025-10-28 04:20:05,142 - BlankSpaceAnalyzer - INFO - -> Analyzing version 1.10.1-alpha.20240918.1 (45/388)...
2025-10-28 04:20:05,222 - BlankSpaceAnalyzer - INFO - -> Analyzing version 1.10.1-alpha.20240919.1 (46/388)...
2025-10-28 04:20:05,303 - BlankSpaceAnalyzer - INFO - -> Analyzing version 1.10.1-alpha.20240920.2 (47/388)...
2025-10-28 04:20:05,384 - BlankSpaceAnalyzer - INFO - -> Analyzing version 1.10.1-alpha.20240924.1 (48/388)...
2025-10-28 04:20:05,463 - BlankSpaceAnalyzer - INFO - -> Analyzing version 1.10.1-alpha.20240925.5 (49/388)...
2025-10-28 04:20:05,545 - BlankSpaceAnalyzer - INFO - -> Analyzing version 1.10.1-alpha.20240926.5 (50/388)...
2025-10-28 04:20:05,620 - BlankSpaceAnalyzer - INFO - -> Analyzing version 1.10.1-alpha.20240927.3 (51/388)...
2025-10-28 04:20:05,697 - BlankSpaceAnalyzer - INFO - -> Analyzing version 1.10.1-alpha.20240930.1 (52/388)...
2025-10-28 04:20:05,778 - BlankSpaceAnalyzer - INFO - -> Analyzing version 1.10.1-alpha.20241003.3 (53/388)...
2025-10-28 04:20:05,857 - BlankSpaceAnalyzer - INFO - -> Analyzing version 1.10.1-alpha.20241007.3 (54/388)...
2025-10-28 04:20:05,936 - BlankSpaceAnalyzer - INFO - -> Analyzing version 1.10.1-alpha.20241008.3 (55/388)...
2025-10-28 04:20:06,017 - BlankSpaceAnalyzer - INFO - -> Analyzing version 1.10.1-alpha.20241009.1 (56/388)...
2025-10-28 04:20:06,096 - BlankSpaceAnalyzer - INFO - -> Analyzing version 1.10.1-alpha.20241010.2 (57/388)...
2025-10-28 04:20:06,177 - BlankSpaceAnalyzer - INFO - -> Analyzing version 1.10.1-alpha.20241011.2 (58/388)...
2025-10-28 04:20:06,258 - BlankSpaceAnalyzer - INFO - -> Analyzing version 1.10.1-alpha.20241014.5 (59/388)...
2025-10-28 04:20:06,338 - BlankSpaceAnalyzer - INFO - -> Analyzing version 1.10.1-alpha.20241015.2 (60/388)...
2025-10-28 04:20:06,419 - BlankSpaceAnalyzer - INFO - -> Analyzing version 1.10.1-alpha.20241016.3 (61/388)...
2025-10-28 04:20:06,499 - BlankSpaceAnalyzer - INFO - -> Analyzing version 1.11.0 (62/388)...
2025-10-28 04:20:06,574 - BlankSpaceAnalyzer - INFO - -> Analyzing version 1.11.0-alpha.20241021.2 (63/388)...
2025-10-28 04:20:06,654 - BlankSpaceAnalyzer - INFO - -> Analyzing version 1.11.0-alpha.20241022.3 (64/388)...
2025-10-28 04:20:06,735 - BlankSpaceAnalyzer - INFO - -> Analyzing version 1.11.0-alpha.20241023.2 (65/388)...
2025-10-28 04:20:06,814 - BlankSpaceAnalyzer - INFO - -> Analyzing version 1.11.0-alpha.20241024.1 (66/388)...
2025-10-28 04:20:06,889 - BlankSpaceAnalyzer - INFO - -> Analyzing version 1.11.0-alpha.20241025.10 (67/388)...
2025-10-28 04:20:06,969 - BlankSpaceAnalyzer - INFO - -> Analyzing version 1.11.0-alpha.20241028.1 (68/388)...
2025-10-28 04:20:07,046 - BlankSpaceAnalyzer - INFO - -> Analyzing version 1.11.0-alpha.20241029.3 (69/388)...
2025-10-28 04:20:07,122 - BlankSpaceAnalyzer - INFO - -> Analyzing version 1.11.0-alpha.20241030.2 (70/388)...
2025-10-28 04:20:07,203 - BlankSpaceAnalyzer - INFO - -> Analyzing version 1.11.0-alpha.20241031.2 (71/388)...
2025-10-28 04:20:07,285 - BlankSpaceAnalyzer - INFO - -> Analyzing version 1.11.0-alpha.20241101.1 (72/388)...
2025-10-28 04:20:07,364 - BlankSpaceAnalyzer - INFO - -> Analyzing version 1.11.1-alpha.20241111.2 (73/388)...
2025-10-28 04:20:07,447 - BlankSpaceAnalyzer - INFO - -> Analyzing version 1.11.1-alpha.20241112.2 (74/388)...
2025-10-28 04:20:07,524 - BlankSpaceAnalyzer - INFO - -> Analyzing version 1.11.1-alpha.20241113.3 (75/388)...
2025-10-28 04:20:07,598 - BlankSpaceAnalyzer - INFO - -> Analyzing version 1.11.1-alpha.20241114.1 (76/388)...
2025-10-28 04:20:07,680 - BlankSpaceAnalyzer - INFO - -> Analyzing version 1.11.1-alpha.20241118.2 (77/388)...
2025-10-28 04:20:07,761 - BlankSpaceAnalyzer - INFO - -> Analyzing version 1.11.1-alpha.20241119.7 (78/388)...
2025-10-28 04:20:07,933 - BlankSpaceAnalyzer - INFO - -> Analyzing version 1.11.1-alpha.20241120.2 (79/388)...
2025-10-28 04:20:08,013 - BlankSpaceAnalyzer - INFO - -> Analyzing version 1.11.1-alpha.20241125.6 (80/388)...
2025-10-28 04:20:08,087 - BlankSpaceAnalyzer - INFO - -> Analyzing version 1.11.1-alpha.20241127.2 (81/388)...
2025-10-28 04:20:08,169 - BlankSpaceAnalyzer - INFO - -> Analyzing version 1.11.1-alpha.20241128.1 (82/388)...
2025-10-28 04:20:08,251 - BlankSpaceAnalyzer - INFO - -> Analyzing version 1.11.1-alpha.20241129.3 (83/388)...
2025-10-28 04:20:08,333 - BlankSpaceAnalyzer - INFO - -> Analyzing version 1.11.1-alpha.20241202.2 (84/388)...
2025-10-28 04:20:08,416 - BlankSpaceAnalyzer - INFO - -> Analyzing version 1.11.1-alpha.20241203.2 (85/388)...
2025-10-28 04:20:08,496 - BlankSpaceAnalyzer - INFO - -> Analyzing version 1.11.1-alpha.20241205.7 (86/388)...
2025-10-28 04:20:08,578 - BlankSpaceAnalyzer - INFO - -> Analyzing version 1.11.1-alpha.20241206.2 (87/388)...
2025-10-28 04:20:08,660 - BlankSpaceAnalyzer - INFO - -> Analyzing version 1.11.1-alpha.20241209.3 (88/388)...
2025-10-28 04:20:08,738 - BlankSpaceAnalyzer - INFO - -> Analyzing version 1.11.1-alpha.20241210.1 (89/388)...
2025-10-28 04:20:08,821 - BlankSpaceAnalyzer - INFO - -> Analyzing version 1.11.1-alpha.20241211.1 (90/388)...
2025-10-28 04:20:08,903 - BlankSpaceAnalyzer - INFO - -> Analyzing version 1.11.1-alpha.20241212.2 (91/388)...
2025-10-28 04:20:08,978 - BlankSpaceAnalyzer - INFO - -> Analyzing version 1.11.1-alpha.20241216.1 (92/388)...
2025-10-28 04:20:09,060 - BlankSpaceAnalyzer - INFO - -> Analyzing version 1.11.1-alpha.20241218.2 (93/388)...
2025-10-28 04:20:09,146 - BlankSpaceAnalyzer - INFO - -> Analyzing version 1.11.1-alpha.20241219.7 (94/388)...
2025-10-28 04:20:09,226 - BlankSpaceAnalyzer - INFO - -> Analyzing version 1.11.1-alpha.20241220.2 (95/388)...
2025-10-28 04:20:09,307 - BlankSpaceAnalyzer - INFO - -> Analyzing version 1.11.1-alpha.20241223.1 (96/388)...
2025-10-28 04:20:09,389 - BlankSpaceAnalyzer - INFO - -> Analyzing version 1.11.1-alpha.20241224.1 (97/388)...
2025-10-28 04:20:09,470 - BlankSpaceAnalyzer - INFO - -> Analyzing version 1.11.1-alpha.20241225.1 (98/388)...
2025-10-28 04:20:09,550 - BlankSpaceAnalyzer - INFO - -> Analyzing version 1.11.1-alpha.20241226.1 (99/388)...
2025-10-28 04:20:09,628 - BlankSpaceAnalyzer - INFO - -> Analyzing version 1.11.1-alpha.20241227.1 (100/388)...
2025-10-28 04:20:09,702 - BlankSpaceAnalyzer - INFO - -> Analyzing version 1.11.1-alpha.20241230.2 (101/388)...
2025-10-28 04:20:09,776 - BlankSpaceAnalyzer - INFO - -> Analyzing version 1.11.1-alpha.20241231.2 (102/388)...
2025-10-28 04:20:09,863 - BlankSpaceAnalyzer - INFO - -> Analyzing version 1.11.1-alpha.20250101.1 (103/388)...
2025-10-28 04:20:09,943 - BlankSpaceAnalyzer - INFO - -> Analyzing version 1.11.1-alpha.20250102.1 (104/388)...
2025-10-28 04:20:10,023 - BlankSpaceAnalyzer - INFO - -> Analyzing version 1.11.1-alpha.20250103.2 (105/388)...
2025-10-28 04:20:10,104 - BlankSpaceAnalyzer - INFO - -> Analyzing version 1.11.1-alpha.20250106.3 (106/388)...
2025-10-28 04:20:10,178 - BlankSpaceAnalyzer - INFO - -> Analyzing version 1.11.1-alpha.20250107.2 (107/388)...
2025-10-28 04:20:10,260 - BlankSpaceAnalyzer - INFO - -> Analyzing version 1.11.1-alpha.20250108.2 (108/388)...
2025-10-28 04:20:10,341 - BlankSpaceAnalyzer - INFO - -> Analyzing version 1.11.1-alpha.20250110.2 (109/388)...
2025-10-28 04:20:10,426 - BlankSpaceAnalyzer - INFO - -> Analyzing version 1.11.1-alpha.20250113.1 (110/388)...
2025-10-28 04:20:10,508 - BlankSpaceAnalyzer - INFO - -> Analyzing version 1.11.1-alpha.20250114.3 (111/388)...
2025-10-28 04:20:10,587 - BlankSpaceAnalyzer - INFO - -> Analyzing version 1.11.1-alpha.20250115.1 (112/388)...
2025-10-28 04:20:10,668 - BlankSpaceAnalyzer - INFO - -> Analyzing version 1.11.1-alpha.20250116.4 (113/388)...
2025-10-28 04:20:10,744 - BlankSpaceAnalyzer - INFO - -> Analyzing version 1.11.1-alpha.20250117.3 (114/388)...
2025-10-28 04:20:10,824 - BlankSpaceAnalyzer - INFO - -> Analyzing version 1.11.1-alpha.20250120.1 (115/388)...
2025-10-28 04:20:10,905 - BlankSpaceAnalyzer - INFO - -> Analyzing version 1.11.1-alpha.20250122.5 (116/388)...
2025-10-28 04:20:10,988 - BlankSpaceAnalyzer - INFO - -> Analyzing version 1.11.1-alpha.20250123.2 (117/388)...
2025-10-28 04:20:11,070 - BlankSpaceAnalyzer - INFO - -> Analyzing version 1.11.1-alpha.20250124.9 (118/388)...
2025-10-28 04:20:11,150 - BlankSpaceAnalyzer - INFO - -> Analyzing version 1.11.1-alpha.20250127.3 (119/388)...
2025-10-28 04:20:11,238 - BlankSpaceAnalyzer - INFO - -> Analyzing version 1.11.1-alpha.20250128.1 (120/388)...
2025-10-28 04:20:11,317 - BlankSpaceAnalyzer - INFO - -> Analyzing version 1.11.1-alpha.20250129.1 (121/388)...
2025-10-28 04:20:11,397 - BlankSpaceAnalyzer - INFO - -> Analyzing version 1.11.1-alpha.20250130.1 (122/388)...
2025-10-28 04:20:11,479 - BlankSpaceAnalyzer - INFO - -> Analyzing version 1.11.1-alpha.20250131.1 (123/388)...
2025-10-28 04:20:11,560 - BlankSpaceAnalyzer - INFO - -> Analyzing version 1.11.1-alpha.20250204.1 (124/388)...
2025-10-28 04:20:11,637 - BlankSpaceAnalyzer - INFO - -> Analyzing version 1.11.1-alpha.20250205.1 (125/388)...
2025-10-28 04:20:11,713 - BlankSpaceAnalyzer - INFO - -> Analyzing version 1.11.1-alpha.20250206.8 (126/388)...
2025-10-28 04:20:11,794 - BlankSpaceAnalyzer - INFO - -> Analyzing version 1.11.1-alpha.20250207.2 (127/388)...
2025-10-28 04:20:11,876 - BlankSpaceAnalyzer - INFO - -> Analyzing version 1.11.1-alpha.20250210.2 (128/388)...
2025-10-28 04:20:11,959 - BlankSpaceAnalyzer - INFO - -> Analyzing version 1.11.1-alpha.20250211.3 (129/388)...
2025-10-28 04:20:12,040 - BlankSpaceAnalyzer - INFO - -> Analyzing version 1.11.1-alpha.20250212.2 (130/388)...
2025-10-28 04:20:12,120 - BlankSpaceAnalyzer - INFO - -> Analyzing version 1.11.1-alpha.20250213.6 (131/388)...
2025-10-28 04:20:12,200 - BlankSpaceAnalyzer - INFO - -> Analyzing version 1.11.1-alpha.20250214.8 (132/388)...
2025-10-28 04:20:12,274 - BlankSpaceAnalyzer - INFO - -> Analyzing version 1.11.1-alpha.20250217.5 (133/388)...
2025-10-28 04:20:12,356 - BlankSpaceAnalyzer - INFO - -> Analyzing version 1.11.1-alpha.20250218.3 (134/388)...
2025-10-28 04:20:12,436 - BlankSpaceAnalyzer - INFO - -> Analyzing version 1.11.1-alpha.20250219.7 (135/388)...
2025-10-28 04:20:12,516 - BlankSpaceAnalyzer - INFO - -> Analyzing version 1.11.1-alpha.20250220.1 (136/388)...
2025-10-28 04:20:12,592 - BlankSpaceAnalyzer - INFO - -> Analyzing version 1.11.1-alpha.20250221.1 (137/388)...
2025-10-28 04:20:12,673 - BlankSpaceAnalyzer - INFO - -> Analyzing version 1.11.1-alpha.20250224.3 (138/388)...
2025-10-28 04:20:12,747 - BlankSpaceAnalyzer - INFO - -> Analyzing version 1.11.1-alpha.20250225.2 (139/388)...
2025-10-28 04:20:12,827 - BlankSpaceAnalyzer - INFO - -> Analyzing version 1.11.1-alpha.20250226.3 (140/388)...
2025-10-28 04:20:12,908 - BlankSpaceAnalyzer - INFO - -> Analyzing version 1.11.1-alpha.20250227.7 (141/388)...
2025-10-28 04:20:12,989 - BlankSpaceAnalyzer - INFO - -> Analyzing version 1.11.1-alpha.20250228.1 (142/388)...
2025-10-28 04:20:13,072 - BlankSpaceAnalyzer - INFO - -> Analyzing version 1.11.1-alpha.20250303.3 (143/388)...
2025-10-28 04:20:13,147 - BlankSpaceAnalyzer - INFO - -> Analyzing version 1.11.1-alpha.20250304.2 (144/388)...
2025-10-28 04:20:13,221 - BlankSpaceAnalyzer - INFO - -> Analyzing version 1.11.1-alpha.20250306.2 (145/388)...
2025-10-28 04:20:13,297 - BlankSpaceAnalyzer - INFO - -> Analyzing version 1.11.1-alpha.20250307.2 (146/388)...
2025-10-28 04:20:13,377 - BlankSpaceAnalyzer - INFO - -> Analyzing version 1.11.1-alpha.20250310.2 (147/388)...
2025-10-28 04:20:13,458 - BlankSpaceAnalyzer - INFO - -> Analyzing version 1.11.1-alpha.20250312.3 (148/388)...
2025-10-28 04:20:13,534 - BlankSpaceAnalyzer - INFO - -> Analyzing version 1.11.1-alpha.20250313.3 (149/388)...
2025-10-28 04:20:13,609 - BlankSpaceAnalyzer - INFO - -> Analyzing version 1.11.1-alpha.20250317.1 (150/388)...
2025-10-28 04:20:13,691 - BlankSpaceAnalyzer - INFO - -> Analyzing version 1.11.1-alpha.20250318.3 (151/388)...
2025-10-28 04:20:13,772 - BlankSpaceAnalyzer - INFO - -> Analyzing version 1.11.1-alpha.20250319.4 (152/388)...
2025-10-28 04:20:13,854 - BlankSpaceAnalyzer - INFO - -> Analyzing version 1.11.1-alpha.20250320.7 (153/388)...
2025-10-28 04:20:13,931 - BlankSpaceAnalyzer - INFO - -> Analyzing version 1.11.1-alpha.20250321.2 (154/388)...
2025-10-28 04:20:14,007 - BlankSpaceAnalyzer - INFO - -> Analyzing version 1.11.1-alpha.20250324.1 (155/388)...
2025-10-28 04:20:14,085 - BlankSpaceAnalyzer - INFO - -> Analyzing version 1.11.1-alpha.20250325.2 (156/388)...
2025-10-28 04:20:14,165 - BlankSpaceAnalyzer - INFO - -> Analyzing version 1.11.1-alpha.20250326.3 (157/388)...
2025-10-28 04:20:14,250 - BlankSpaceAnalyzer - INFO - -> Analyzing version 1.11.1-alpha.20250327.1 (158/388)...
2025-10-28 04:20:14,327 - BlankSpaceAnalyzer - INFO - -> Analyzing version 1.11.1-alpha.20250331.2 (159/388)...
2025-10-28 04:20:14,403 - BlankSpaceAnalyzer - INFO - -> Analyzing version 1.11.1-alpha.20250401.1 (160/388)...
2025-10-28 04:20:14,484 - BlankSpaceAnalyzer - INFO - -> Analyzing version 1.11.1-alpha.20250402.1 (161/388)...
2025-10-28 04:20:14,565 - BlankSpaceAnalyzer - INFO - -> Analyzing version 1.11.1-alpha.20250403.3 (162/388)...
2025-10-28 04:20:14,641 - BlankSpaceAnalyzer - INFO - -> Analyzing version 1.11.1-alpha.20250404.1 (163/388)...
2025-10-28 04:20:14,718 - BlankSpaceAnalyzer - INFO - -> Analyzing version 1.11.1-alpha.20250408.2 (164/388)...
2025-10-28 04:20:14,799 - BlankSpaceAnalyzer - INFO - -> Analyzing version 1.11.1-alpha.20250417.3 (165/388)...
2025-10-28 04:20:14,872 - BlankSpaceAnalyzer - INFO - -> Analyzing version 1.11.1-alpha.20250418.1 (166/388)...
2025-10-28 04:20:14,951 - BlankSpaceAnalyzer - INFO - -> Analyzing version 1.12.0 (167/388)...
2025-10-28 04:20:15,029 - BlankSpaceAnalyzer - INFO - -> Analyzing version 1.12.1-alpha.20250505.2 (168/388)...
2025-10-28 04:20:15,110 - BlankSpaceAnalyzer - INFO - -> Analyzing version 1.12.1-alpha.20250506.1 (169/388)...
2025-10-28 04:20:15,189 - BlankSpaceAnalyzer - INFO - -> Analyzing version 1.12.1-alpha.20250507.1 (170/388)...
2025-10-28 04:20:15,268 - BlankSpaceAnalyzer - INFO - -> Analyzing version 1.12.1-alpha.20250508.1 (171/388)...
2025-10-28 04:20:15,348 - BlankSpaceAnalyzer - INFO - -> Analyzing version 1.12.1-alpha.20250509.1 (172/388)...
2025-10-28 04:20:15,428 - BlankSpaceAnalyzer - INFO - -> Analyzing version 1.12.1-alpha.20250512.3 (173/388)...
2025-10-28 04:20:15,507 - BlankSpaceAnalyzer - INFO - -> Analyzing version 1.12.1-alpha.20250513.2 (174/388)...
2025-10-28 04:20:15,587 - BlankSpaceAnalyzer - INFO - -> Analyzing version 1.12.1-alpha.20250514.1 (175/388)...
2025-10-28 04:20:15,667 - BlankSpaceAnalyzer - INFO - -> Analyzing version 1.12.1-alpha.20250515.2 (176/388)...
2025-10-28 04:20:15,745 - BlankSpaceAnalyzer - INFO - -> Analyzing version 1.12.1-alpha.20250516.1 (177/388)...
2025-10-28 04:20:15,823 - BlankSpaceAnalyzer - INFO - -> Analyzing version 1.12.1-alpha.20250519.3 (178/388)...
2025-10-28 04:20:15,902 - BlankSpaceAnalyzer - INFO - -> Analyzing version 1.12.1-alpha.20250520.1 (179/388)...
2025-10-28 04:20:15,981 - BlankSpaceAnalyzer - INFO - -> Analyzing version 1.12.1-alpha.20250521.2 (180/388)...
2025-10-28 04:20:16,060 - BlankSpaceAnalyzer - INFO - -> Analyzing version 1.12.1-alpha.20250522.3 (181/388)...
2025-10-28 04:20:16,144 - BlankSpaceAnalyzer - INFO - -> Analyzing version 1.12.1-alpha.20250526.1 (182/388)...
2025-10-28 04:20:16,221 - BlankSpaceAnalyzer - INFO - -> Analyzing version 1.12.1-alpha.20250527.3 (183/388)...
2025-10-28 04:20:16,299 - BlankSpaceAnalyzer - INFO - -> Analyzing version 1.12.1-alpha.20250528.2 (184/388)...
2025-10-28 04:20:16,379 - BlankSpaceAnalyzer - INFO - -> Analyzing version 1.12.1-alpha.20250529.3 (185/388)...
2025-10-28 04:20:16,458 - BlankSpaceAnalyzer - INFO - -> Analyzing version 1.12.1-alpha.20250530.3 (186/388)...
2025-10-28 04:20:16,538 - BlankSpaceAnalyzer - INFO - -> Analyzing version 1.12.1-alpha.20250603.2 (187/388)...
2025-10-28 04:20:16,617 - BlankSpaceAnalyzer - INFO - -> Analyzing version 1.12.1-alpha.20250604.1 (188/388)...
2025-10-28 04:20:16,697 - BlankSpaceAnalyzer - INFO - -> Analyzing version 1.12.1-alpha.20250605.3 (189/388)...
2025-10-28 04:20:16,776 - BlankSpaceAnalyzer - INFO - -> Analyzing version 1.12.1-alpha.20250606.4 (190/388)...
2025-10-28 04:20:16,855 - BlankSpaceAnalyzer - INFO - -> Analyzing version 1.12.1-alpha.20250610.2 (191/388)...
2025-10-28 04:20:16,935 - BlankSpaceAnalyzer - INFO - -> Analyzing version 1.12.1-alpha.20250611.2 (192/388)...
2025-10-28 04:20:17,013 - BlankSpaceAnalyzer - INFO - -> Analyzing version 1.12.1-alpha.20250613.2 (193/388)...
2025-10-28 04:20:17,093 - BlankSpaceAnalyzer - INFO - -> Analyzing version 1.12.1-alpha.20250616.1 (194/388)...
2025-10-28 04:20:17,173 - BlankSpaceAnalyzer - INFO - -> Analyzing version 1.12.1-alpha.20250617.2 (195/388)...
2025-10-28 04:20:17,254 - BlankSpaceAnalyzer - INFO - -> Analyzing version 1.12.1-alpha.20250620.3 (196/388)...
2025-10-28 04:20:17,333 - BlankSpaceAnalyzer - INFO - -> Analyzing version 1.13.0 (197/388)...
2025-10-28 04:20:17,413 - BlankSpaceAnalyzer - INFO - -> Analyzing version 1.13.1 (198/388)...
2025-10-28 04:20:17,493 - BlankSpaceAnalyzer - INFO - -> Analyzing version 1.13.1-alpha.20250711.2 (199/388)...
2025-10-28 04:20:17,573 - BlankSpaceAnalyzer - INFO - -> Analyzing version 1.13.1-alpha.20250722.2 (200/388)...
2025-10-28 04:20:17,653 - BlankSpaceAnalyzer - INFO - -> Analyzing version 1.13.1-alpha.20250730.1 (201/388)...
2025-10-28 04:20:17,732 - BlankSpaceAnalyzer - INFO - -> Analyzing version 1.13.1-alpha.20250804.2 (202/388)...
2025-10-28 04:20:17,811 - BlankSpaceAnalyzer - INFO - -> Analyzing version 1.13.1-alpha.20250820.1 (203/388)...
2025-10-28 04:20:17,883 - BlankSpaceAnalyzer - INFO - -> Analyzing version 1.13.1-alpha.20250822.4 (204/388)...
2025-10-28 04:20:17,963 - BlankSpaceAnalyzer - INFO - -> Analyzing version 1.13.1-alpha.20250825.2 (205/388)...
2025-10-28 04:20:18,042 - BlankSpaceAnalyzer - INFO - -> Analyzing version 1.13.1-alpha.20250826.2 (206/388)...
2025-10-28 04:20:18,121 - BlankSpaceAnalyzer - INFO - -> Analyzing version 1.13.1-alpha.20250828.2 (207/388)...
2025-10-28 04:20:18,200 - BlankSpaceAnalyzer - INFO - -> Analyzing version 1.13.1-alpha.20250904.2 (208/388)...
2025-10-28 04:20:18,279 - BlankSpaceAnalyzer - INFO - -> Analyzing version 1.13.1-alpha.20250905.1 (209/388)...
2025-10-28 04:20:18,360 - BlankSpaceAnalyzer - INFO - -> Analyzing version 1.13.1-alpha.20250908.2 (210/388)...
2025-10-28 04:20:18,444 - BlankSpaceAnalyzer - INFO - -> Analyzing version 1.13.1-alpha.20250909.1 (211/388)...
2025-10-28 04:20:18,520 - BlankSpaceAnalyzer - INFO - -> Analyzing version 1.13.1-alpha.20250910.2 (212/388)...
2025-10-28 04:20:18,593 - BlankSpaceAnalyzer - INFO - -> Analyzing version 1.13.1-alpha.20250912.1 (213/388)...
2025-10-28 04:20:18,673 - BlankSpaceAnalyzer - INFO - -> Analyzing version 1.13.1-alpha.20250915.3 (214/388)...
2025-10-28 04:20:18,753 - BlankSpaceAnalyzer - INFO - -> Analyzing version 1.13.1-alpha.20250916.1 (215/388)...
2025-10-28 04:20:18,835 - BlankSpaceAnalyzer - INFO - -> Analyzing version 1.13.1-alpha.20250917.2 (216/388)...
2025-10-28 04:20:18,914 - BlankSpaceAnalyzer - INFO - -> Analyzing version 1.13.1-alpha.20250918.1 (217/388)...
2025-10-28 04:20:18,994 - BlankSpaceAnalyzer - INFO - -> Analyzing version 1.13.1-alpha.20250922.4 (218/388)...
2025-10-28 04:20:19,074 - BlankSpaceAnalyzer - INFO - -> Analyzing version 1.13.1-alpha.20250923.1 (219/388)...
2025-10-28 04:20:19,154 - BlankSpaceAnalyzer - INFO - -> Analyzing version 1.13.1-alpha.20250924.3 (220/388)...
2025-10-28 04:20:19,234 - BlankSpaceAnalyzer - INFO - -> Analyzing version 1.13.1-alpha.20250925.1 (221/388)...
2025-10-28 04:20:19,313 - BlankSpaceAnalyzer - INFO - -> Analyzing version 1.13.1-alpha.20250926.4 (222/388)...
2025-10-28 04:20:19,392 - BlankSpaceAnalyzer - INFO - -> Analyzing version 1.13.1-alpha.20250929.2 (223/388)...
2025-10-28 04:20:19,471 - BlankSpaceAnalyzer - INFO - -> Analyzing version 1.13.1-alpha.20250930.1 (224/388)...
2025-10-28 04:20:19,550 - BlankSpaceAnalyzer - INFO - -> Analyzing version 1.13.1-alpha.20251001.1 (225/388)...
2025-10-28 04:20:19,629 - BlankSpaceAnalyzer - INFO - -> Analyzing version 1.13.1-alpha.20251003.1 (226/388)...
2025-10-28 04:20:19,708 - BlankSpaceAnalyzer - INFO - -> Analyzing version 1.13.1-alpha.20251006.2 (227/388)...
2025-10-28 04:20:19,787 - BlankSpaceAnalyzer - INFO - -> Analyzing version 1.13.1-alpha.20251007.1 (228/388)...
2025-10-28 04:20:19,867 - BlankSpaceAnalyzer - INFO - -> Analyzing version 1.13.1-alpha.20251008.1 (229/388)...
2025-10-28 04:20:19,947 - BlankSpaceAnalyzer - INFO - -> Analyzing version 1.13.1-alpha.20251009.2 (230/388)...
2025-10-28 04:20:20,032 - BlankSpaceAnalyzer - INFO - -> Analyzing version 1.13.1-alpha.20251010.1 (231/388)...
2025-10-28 04:20:20,111 - BlankSpaceAnalyzer - INFO - -> Analyzing version 1.13.1-alpha.20251013.3 (232/388)...
2025-10-28 04:20:20,190 - BlankSpaceAnalyzer - INFO - -> Analyzing version 1.13.1-alpha.20251014.2 (233/388)...
2025-10-28 04:20:20,270 - BlankSpaceAnalyzer - INFO - -> Analyzing version 1.13.1-alpha.20251015.2 (234/388)...
2025-10-28 04:20:20,349 - BlankSpaceAnalyzer - INFO - -> Analyzing version 1.13.1-alpha.20251016.3 (235/388)...
2025-10-28 04:20:20,429 - BlankSpaceAnalyzer - INFO - -> Analyzing version 1.13.1-alpha.20251017.1 (236/388)...
2025-10-28 04:20:20,507 - BlankSpaceAnalyzer - INFO - -> Analyzing version 1.13.1-alpha.20251020.2 (237/388)...
2025-10-28 04:20:20,588 - BlankSpaceAnalyzer - INFO - -> Analyzing version 1.13.1-alpha.20251021.1 (238/388)...
2025-10-28 04:20:20,668 - BlankSpaceAnalyzer - INFO - -> Analyzing version 1.13.1-alpha.20251022.1 (239/388)...
2025-10-28 04:20:20,748 - BlankSpaceAnalyzer - INFO - -> Analyzing version 1.13.1-alpha.20251024.1 (240/388)...
2025-10-28 04:20:20,826 - BlankSpaceAnalyzer - INFO - -> Analyzing version 1.2.0 (241/388)...
2025-10-28 04:20:20,905 - BlankSpaceAnalyzer - INFO - -> Analyzing version 1.2.0-alpha.20230228.2 (242/388)...
2025-10-28 04:20:20,984 - BlankSpaceAnalyzer - INFO - -> Analyzing version 1.2.1-alpha.20230307.4 (243/388)...
2025-10-28 04:20:21,064 - BlankSpaceAnalyzer - INFO - -> Analyzing version 1.3.0 (244/388)...
2025-10-28 04:20:21,142 - BlankSpaceAnalyzer - INFO - -> Analyzing version 1.3.0-alpha.20230330.3 (245/388)...
2025-10-28 04:20:21,221 - BlankSpaceAnalyzer - INFO - -> Analyzing version 1.3.1 (246/388)...
2025-10-28 04:20:21,299 - BlankSpaceAnalyzer - INFO - -> Analyzing version 1.3.1-alpha.20230414.1 (247/388)...
2025-10-28 04:20:21,379 - BlankSpaceAnalyzer - INFO - -> Analyzing version 1.3.2 (248/388)...
2025-10-28 04:20:21,460 - BlankSpaceAnalyzer - INFO - -> Analyzing version 1.3.2-alpha.20230419.2 (249/388)...
2025-10-28 04:20:21,537 - BlankSpaceAnalyzer - INFO - -> Analyzing version 1.3.2-alpha.20230508.1 (250/388)...
2025-10-28 04:20:21,615 - BlankSpaceAnalyzer - INFO - -> Analyzing version 1.3.3-alpha.20230605.3 (251/388)...
2025-10-28 04:20:21,688 - BlankSpaceAnalyzer - INFO - -> Analyzing version 1.3.3-alpha.20230613.2 (252/388)...
2025-10-28 04:20:21,768 - BlankSpaceAnalyzer - INFO - -> Analyzing version 1.3.3-alpha.20230727.2 (253/388)...
2025-10-28 04:20:21,846 - BlankSpaceAnalyzer - INFO - -> Analyzing version 1.4.0 (254/388)...
2025-10-28 04:20:21,923 - BlankSpaceAnalyzer - INFO - -> Analyzing version 1.4.0-alpha.20230803.2 (255/388)...
2025-10-28 04:20:21,998 - BlankSpaceAnalyzer - INFO - -> Analyzing version 1.4.1-alpha.20230824.1 (256/388)...
2025-10-28 04:20:22,080 - BlankSpaceAnalyzer - INFO - -> Analyzing version 1.4.1-alpha.20230904.1 (257/388)...
2025-10-28 04:20:22,157 - BlankSpaceAnalyzer - INFO - -> Analyzing version 1.5.0 (258/388)...
2025-10-28 04:20:22,237 - BlankSpaceAnalyzer - INFO - -> Analyzing version 1.5.0-alpha.20230925.3 (259/388)...
2025-10-28 04:20:22,317 - BlankSpaceAnalyzer - INFO - -> Analyzing version 1.5.1-alpha.20231002.2 (260/388)...
2025-10-28 04:20:22,396 - BlankSpaceAnalyzer - INFO - -> Analyzing version 1.5.1-alpha.20231010.2 (261/388)...
2025-10-28 04:20:22,476 - BlankSpaceAnalyzer - INFO - -> Analyzing version 1.5.1-alpha.20231019.1 (262/388)...
2025-10-28 04:20:22,556 - BlankSpaceAnalyzer - INFO - -> Analyzing version 1.6.0 (263/388)...
2025-10-28 04:20:22,634 - BlankSpaceAnalyzer - INFO - -> Analyzing version 1.6.0-alpha.20231023.3 (264/388)...
2025-10-28 04:20:22,714 - BlankSpaceAnalyzer - INFO - -> Analyzing version 1.6.1 (265/388)...
2025-10-28 04:20:22,792 - BlankSpaceAnalyzer - INFO - -> Analyzing version 1.6.2-alpha.20231024.1 (266/388)...
2025-10-28 04:20:22,870 - BlankSpaceAnalyzer - INFO - -> Analyzing version 1.6.2-alpha.20231031.3 (267/388)...
2025-10-28 04:20:22,950 - BlankSpaceAnalyzer - INFO - -> Analyzing version 1.6.2-alpha.20231102.2 (268/388)...
2025-10-28 04:20:23,028 - BlankSpaceAnalyzer - INFO - -> Analyzing version 1.6.2-alpha.20231107.1 (269/388)...
2025-10-28 04:20:23,105 - BlankSpaceAnalyzer - INFO - -> Analyzing version 1.6.2-alpha.20231120.4 (270/388)...
2025-10-28 04:20:23,179 - BlankSpaceAnalyzer - INFO - -> Analyzing version 1.6.2-alpha.20231205.2 (271/388)...
2025-10-28 04:20:23,258 - BlankSpaceAnalyzer - INFO - -> Analyzing version 1.6.2-alpha.20231206.3 (272/388)...
2025-10-28 04:20:23,340 - BlankSpaceAnalyzer - INFO - -> Analyzing version 1.6.2-alpha.20231207.1 (273/388)...
2025-10-28 04:20:23,417 - BlankSpaceAnalyzer - INFO - -> Analyzing version 1.6.2-alpha.20231213.2 (274/388)...
2025-10-28 04:20:23,496 - BlankSpaceAnalyzer - INFO - -> Analyzing version 1.6.2-alpha.20231219.3 (275/388)...
2025-10-28 04:20:23,575 - BlankSpaceAnalyzer - INFO - -> Analyzing version 1.6.2-alpha.20240101.1 (276/388)...
2025-10-28 04:20:23,653 - BlankSpaceAnalyzer - INFO - -> Analyzing version 1.6.2-alpha.20240108.2 (277/388)...
2025-10-28 04:20:23,732 - BlankSpaceAnalyzer - INFO - -> Analyzing version 1.6.2-alpha.20240117.1 (278/388)...
2025-10-28 04:20:23,815 - BlankSpaceAnalyzer - INFO - -> Analyzing version 1.6.2-alpha.20240118.2 (279/388)...
2025-10-28 04:20:23,892 - BlankSpaceAnalyzer - INFO - -> Analyzing version 1.6.2-alpha.20240123.1 (280/388)...
2025-10-28 04:20:23,974 - BlankSpaceAnalyzer - INFO - -> Analyzing version 1.7.0 (281/388)...
2025-10-28 04:20:24,052 - BlankSpaceAnalyzer - INFO - -> Analyzing version 1.7.0-alpha.20240130.1 (282/388)...
2025-10-28 04:20:24,132 - BlankSpaceAnalyzer - INFO - -> Analyzing version 1.7.1-alpha.20240202.3 (283/388)...
2025-10-28 04:20:24,212 - BlankSpaceAnalyzer - INFO - -> Analyzing version 1.7.1-alpha.20240209.1 (284/388)...
2025-10-28 04:20:24,292 - BlankSpaceAnalyzer - INFO - -> Analyzing version 1.7.1-alpha.20240223.2 (285/388)...
2025-10-28 04:20:24,371 - BlankSpaceAnalyzer - INFO - -> Analyzing version 1.7.1-alpha.20240226.1 (286/388)...
2025-10-28 04:20:24,452 - BlankSpaceAnalyzer - INFO - -> Analyzing version 1.7.1-alpha.20240226.9 (287/388)...
2025-10-28 04:20:24,528 - BlankSpaceAnalyzer - INFO - -> Analyzing version 1.7.1-alpha.20240228.1 (288/388)...
2025-10-28 04:20:24,607 - BlankSpaceAnalyzer - INFO - -> Analyzing version 1.8.0 (289/388)...
2025-10-28 04:20:24,688 - BlankSpaceAnalyzer - INFO - -> Analyzing version 1.8.0-alpha.20240314.2 (290/388)...
2025-10-28 04:20:24,768 - BlankSpaceAnalyzer - INFO - -> Analyzing version 1.8.1 (291/388)...
2025-10-28 04:20:24,851 - BlankSpaceAnalyzer - INFO - -> Analyzing version 1.8.1-alpha.20240320.4 (292/388)...
2025-10-28 04:20:24,928 - BlankSpaceAnalyzer - INFO - -> Analyzing version 1.8.2-alpha.20240322.2 (293/388)...
2025-10-28 04:20:25,004 - BlankSpaceAnalyzer - INFO - -> Analyzing version 1.8.2-alpha.20240328.4 (294/388)...
2025-10-28 04:20:25,085 - BlankSpaceAnalyzer - INFO - -> Analyzing version 1.8.2-alpha.20240329.3 (295/388)...
2025-10-28 04:20:25,166 - BlankSpaceAnalyzer - INFO - -> Analyzing version 1.8.2-alpha.20240410.4 (296/388)...
2025-10-28 04:20:25,248 - BlankSpaceAnalyzer - INFO - -> Analyzing version 1.9.0 (297/388)...
2025-10-28 04:20:25,329 - BlankSpaceAnalyzer - INFO - -> Analyzing version 1.9.0-alpha.20240411.3 (298/388)...
2025-10-28 04:20:25,410 - BlankSpaceAnalyzer - INFO - -> Analyzing version 1.9.1 (299/388)...
2025-10-28 04:20:25,491 - BlankSpaceAnalyzer - INFO - -> Analyzing version 1.9.1-alpha.20240412.3 (300/388)...
2025-10-28 04:20:25,572 - BlankSpaceAnalyzer - INFO - -> Analyzing version 1.9.1-alpha.20240415.4 (301/388)...
2025-10-28 04:20:25,654 - BlankSpaceAnalyzer - INFO - -> Analyzing version 1.9.1-alpha.20240416.4 (302/388)...
2025-10-28 04:20:25,735 - BlankSpaceAnalyzer - INFO - -> Analyzing version 1.9.1-alpha.20240418.3 (303/388)...
2025-10-28 04:20:25,816 - BlankSpaceAnalyzer - INFO - -> Analyzing version 1.9.1-alpha.20240419.1 (304/388)...
2025-10-28 04:20:25,897 - BlankSpaceAnalyzer - INFO - -> Analyzing version 1.9.1-alpha.20240423.2 (305/388)...
2025-10-28 04:20:25,971 - BlankSpaceAnalyzer - INFO - -> Analyzing version 1.9.1-alpha.20240424.3 (306/388)...
2025-10-28 04:20:26,053 - BlankSpaceAnalyzer - INFO - -> Analyzing version 1.9.1-alpha.20240425.2 (307/388)...
2025-10-28 04:20:26,134 - BlankSpaceAnalyzer - INFO - -> Analyzing version 1.9.1-alpha.20240426.4 (308/388)...
2025-10-28 04:20:26,215 - BlankSpaceAnalyzer - INFO - -> Analyzing version 1.9.1-alpha.20240429.3 (309/388)...
2025-10-28 04:20:26,296 - BlankSpaceAnalyzer - INFO - -> Analyzing version 1.9.1-alpha.20240501.2 (310/388)...
2025-10-28 04:20:26,377 - BlankSpaceAnalyzer - INFO - -> Analyzing version 1.9.1-alpha.20240502.4 (311/388)...
2025-10-28 04:20:26,459 - BlankSpaceAnalyzer - INFO - -> Analyzing version 1.9.1-alpha.20240503.1 (312/388)...
2025-10-28 04:20:26,535 - BlankSpaceAnalyzer - INFO - -> Analyzing version 1.9.1-alpha.20240506.1 (313/388)...
2025-10-28 04:20:26,611 - BlankSpaceAnalyzer - INFO - -> Analyzing version 1.9.1-alpha.20240507.2 (314/388)...
2025-10-28 04:20:26,692 - BlankSpaceAnalyzer - INFO - -> Analyzing version 1.9.1-alpha.20240508.2 (315/388)...
2025-10-28 04:20:26,774 - BlankSpaceAnalyzer - INFO - -> Analyzing version 1.9.1-alpha.20240509.1 (316/388)...
2025-10-28 04:20:26,854 - BlankSpaceAnalyzer - INFO - -> Analyzing version 1.9.1-alpha.20240510.3 (317/388)...
2025-10-28 04:20:26,932 - BlankSpaceAnalyzer - INFO - -> Analyzing version 1.9.1-alpha.20240513.1 (318/388)...
2025-10-28 04:20:27,007 - BlankSpaceAnalyzer - INFO - -> Analyzing version 1.9.1-alpha.20240514.3 (319/388)...
2025-10-28 04:20:27,090 - BlankSpaceAnalyzer - INFO - -> Analyzing version 1.9.1-alpha.20240515.1 (320/388)...
2025-10-28 04:20:27,170 - BlankSpaceAnalyzer - INFO - -> Analyzing version 1.9.1-alpha.20240516.2 (321/388)...
2025-10-28 04:20:27,251 - BlankSpaceAnalyzer - INFO - -> Analyzing version 1.9.1-alpha.20240517.1 (322/388)...
2025-10-28 04:20:27,331 - BlankSpaceAnalyzer - INFO - -> Analyzing version 1.9.1-alpha.20240520.1 (323/388)...
2025-10-28 04:20:27,409 - BlankSpaceAnalyzer - INFO - -> Analyzing version 1.9.1-alpha.20240521.1 (324/388)...
2025-10-28 04:20:27,486 - BlankSpaceAnalyzer - INFO - -> Analyzing version 1.9.1-alpha.20240522.4 (325/388)...
2025-10-28 04:20:27,566 - BlankSpaceAnalyzer - INFO - -> Analyzing version 1.9.1-alpha.20240523.4 (326/388)...
2025-10-28 04:20:27,647 - BlankSpaceAnalyzer - INFO - -> Analyzing version 1.9.1-alpha.20240524.1 (327/388)...
2025-10-28 04:20:27,724 - BlankSpaceAnalyzer - INFO - -> Analyzing version 1.9.1-alpha.20240527.1 (328/388)...
2025-10-28 04:20:27,802 - BlankSpaceAnalyzer - INFO - -> Analyzing version 1.9.1-alpha.20240528.2 (329/388)...
2025-10-28 04:20:27,883 - BlankSpaceAnalyzer - INFO - -> Analyzing version 1.9.1-alpha.20240529.1 (330/388)...
2025-10-28 04:20:27,967 - BlankSpaceAnalyzer - INFO - -> Analyzing version 1.9.1-alpha.20240530.3 (331/388)...
2025-10-28 04:20:28,049 - BlankSpaceAnalyzer - INFO - -> Analyzing version 1.9.1-alpha.20240604.1 (332/388)...
2025-10-28 04:20:28,131 - BlankSpaceAnalyzer - INFO - -> Analyzing version 1.9.1-alpha.20240605.2 (333/388)...
2025-10-28 04:20:28,219 - BlankSpaceAnalyzer - INFO - -> Analyzing version 1.9.1-alpha.20240606.1 (334/388)...
2025-10-28 04:20:28,301 - BlankSpaceAnalyzer - INFO - -> Analyzing version 1.9.1-alpha.20240607.1 (335/388)...
2025-10-28 04:20:28,384 - BlankSpaceAnalyzer - INFO - -> Analyzing version 1.9.1-alpha.20240610.1 (336/388)...
2025-10-28 04:20:28,471 - BlankSpaceAnalyzer - INFO - -> Analyzing version 1.9.1-alpha.20240611.3 (337/388)...
2025-10-28 04:20:28,545 - BlankSpaceAnalyzer - INFO - -> Analyzing version 1.9.1-alpha.20240613.1 (338/388)...
2025-10-28 04:20:28,623 - BlankSpaceAnalyzer - INFO - -> Analyzing version 1.9.1-alpha.20240614.3 (339/388)...
2025-10-28 04:20:28,704 - BlankSpaceAnalyzer - INFO - -> Analyzing version 1.9.1-alpha.20240618.1 (340/388)...
2025-10-28 04:20:28,785 - BlankSpaceAnalyzer - INFO - -> Analyzing version 1.9.1-alpha.20240619.3 (341/388)...
2025-10-28 04:20:28,869 - BlankSpaceAnalyzer - INFO - -> Analyzing version 1.9.1-alpha.20240621.10 (342/388)...
2025-10-28 04:20:28,952 - BlankSpaceAnalyzer - INFO - -> Analyzing version 1.9.1-alpha.20240625.1 (343/388)...
2025-10-28 04:20:29,032 - BlankSpaceAnalyzer - INFO - -> Analyzing version 1.9.1-alpha.20240626.1 (344/388)...
2025-10-28 04:20:29,109 - BlankSpaceAnalyzer - INFO - -> Analyzing version 1.9.1-alpha.20240627.5 (345/388)...
2025-10-28 04:20:29,186 - BlankSpaceAnalyzer - INFO - -> Analyzing version 1.9.1-alpha.20240628.2 (346/388)...
2025-10-28 04:20:29,268 - BlankSpaceAnalyzer - INFO - -> Analyzing version 1.9.1-alpha.20240701.3 (347/388)...
2025-10-28 04:20:29,352 - BlankSpaceAnalyzer - INFO - -> Analyzing version 1.9.1-alpha.20240704.2 (348/388)...
2025-10-28 04:20:29,430 - BlankSpaceAnalyzer - INFO - -> Analyzing version 1.9.1-alpha.20240705.2 (349/388)...
2025-10-28 04:20:29,505 - BlankSpaceAnalyzer - INFO - -> Analyzing version 1.9.1-alpha.20240709.3 (350/388)...
2025-10-28 04:20:29,592 - BlankSpaceAnalyzer - INFO - -> Analyzing version 1.9.1-alpha.20240710.2 (351/388)...
2025-10-28 04:20:29,673 - BlankSpaceAnalyzer - INFO - -> Analyzing version 1.9.2 (352/388)...
2025-10-28 04:20:29,755 - BlankSpaceAnalyzer - INFO - -> Analyzing version 1.9.2-alpha.20240711.2 (353/388)...
2025-10-28 04:20:29,832 - BlankSpaceAnalyzer - INFO - -> Analyzing version 1.9.2-alpha.20240715.2 (354/388)...
2025-10-28 04:20:29,907 - BlankSpaceAnalyzer - INFO - -> Analyzing version 1.9.2-alpha.20240716.2 (355/388)...
2025-10-28 04:20:29,983 - BlankSpaceAnalyzer - INFO - -> Analyzing version 1.9.2-alpha.20240718.1 (356/388)...
2025-10-28 04:20:30,065 - BlankSpaceAnalyzer - INFO - -> Analyzing version 1.9.2-alpha.20240719.1 (357/388)...
2025-10-28 04:20:30,148 - BlankSpaceAnalyzer - INFO - -> Analyzing version 1.9.2-alpha.20240722.3 (358/388)...
2025-10-28 04:20:30,227 - BlankSpaceAnalyzer - INFO - -> Analyzing version 1.9.2-alpha.20240723.2 (359/388)...
2025-10-28 04:20:30,303 - BlankSpaceAnalyzer - INFO - -> Analyzing version 1.9.2-alpha.20240724.2 (360/388)...
2025-10-28 04:20:30,377 - BlankSpaceAnalyzer - INFO - -> Analyzing version 1.9.2-alpha.20240725.2 (361/388)...
2025-10-28 04:20:30,460 - BlankSpaceAnalyzer - INFO - -> Analyzing version 1.9.2-alpha.20240729.3 (362/388)...
2025-10-28 04:20:30,537 - BlankSpaceAnalyzer - INFO - -> Analyzing version 1.9.2-alpha.20240730.3 (363/388)...
2025-10-28 04:20:30,615 - BlankSpaceAnalyzer - INFO - -> Analyzing version 1.9.2-alpha.20240731.2 (364/388)...
2025-10-28 04:20:30,697 - BlankSpaceAnalyzer - INFO - -> Analyzing version 1.9.2-alpha.20240801.3 (365/388)...
2025-10-28 04:20:30,780 - BlankSpaceAnalyzer - INFO - -> Analyzing version 1.9.3-alpha.20240802.1 (366/388)...
2025-10-28 04:20:30,865 - BlankSpaceAnalyzer - INFO - -> Analyzing version 1.9.3-alpha.20240806.1 (367/388)...
2025-10-28 04:20:30,947 - BlankSpaceAnalyzer - INFO - -> Analyzing version 1.9.3-alpha.20240807.4 (368/388)...
2025-10-28 04:20:31,027 - BlankSpaceAnalyzer - INFO - -> Analyzing version 1.9.3-alpha.20240808.1 (369/388)...
2025-10-28 04:20:31,106 - BlankSpaceAnalyzer - INFO - -> Analyzing version 1.9.3-alpha.20240809.2 (370/388)...
2025-10-28 04:20:31,189 - BlankSpaceAnalyzer - INFO - -> Analyzing version 1.9.3-alpha.20240813.2 (371/388)...
2025-10-28 04:20:31,277 - BlankSpaceAnalyzer - INFO - -> Analyzing version 1.9.3-alpha.20240814.1 (372/388)...
2025-10-28 04:20:31,362 - BlankSpaceAnalyzer - INFO - -> Analyzing version 1.9.3-alpha.20240815.2 (373/388)...
2025-10-28 04:20:31,445 - BlankSpaceAnalyzer - INFO - -> Analyzing version 1.9.3-alpha.20240816.2 (374/388)...
2025-10-28 04:20:31,529 - BlankSpaceAnalyzer - INFO - -> Analyzing version 1.9.3-alpha.20240819.2 (375/388)...
2025-10-28 04:20:31,612 - BlankSpaceAnalyzer - INFO - -> Analyzing version 1.9.3-alpha.20240820.8 (376/388)...
2025-10-28 04:20:31,694 - BlankSpaceAnalyzer - INFO - -> Analyzing version 1.9.3-alpha.20240821.4 (377/388)...
2025-10-28 04:20:31,777 - BlankSpaceAnalyzer - INFO - -> Analyzing version 1.9.3-alpha.20240822.3 (378/388)...
2025-10-28 04:20:31,861 - BlankSpaceAnalyzer - INFO - -> Analyzing version 1.9.3-alpha.20240823.1 (379/388)...
2025-10-28 04:20:31,937 - BlankSpaceAnalyzer - INFO - -> Analyzing version 1.9.3-alpha.20240826.2 (380/388)...
2025-10-28 04:20:32,016 - BlankSpaceAnalyzer - INFO - -> Analyzing version 1.9.3-alpha.20240828.1 (381/388)...
2025-10-28 04:20:32,091 - BlankSpaceAnalyzer - INFO - -> Analyzing version 1.9.3-alpha.20240829.2 (382/388)...
2025-10-28 04:20:32,174 - BlankSpaceAnalyzer - INFO - -> Analyzing version 1.9.3-alpha.20240830.2 (383/388)...
2025-10-28 04:20:32,256 - BlankSpaceAnalyzer - INFO - -> Analyzing version 1.9.3-alpha.20240902.1 (384/388)...
2025-10-28 04:20:32,339 - BlankSpaceAnalyzer - INFO - -> Analyzing version 1.9.3-alpha.20240903.2 (385/388)...
2025-10-28 04:20:32,420 - BlankSpaceAnalyzer - INFO - -> Analyzing version 1.9.3-alpha.20240905.2 (386/388)...
2025-10-28 04:20:32,495 - BlankSpaceAnalyzer - INFO - -> Analyzing version 1.9.3-alpha.20240906.2 (387/388)...
2025-10-28 04:20:32,573 - BlankSpaceAnalyzer - INFO - -> Analyzing version 1.9.3-alpha.20240909.1 (388/388)...
2025-10-28 04:20:32,696 - BlankSpaceAnalyzer - INFO - Exporting results for '@azure/core-util' to CSV...
2025-10-28 04:20:33,217 - BlankSpaceAnalyzer - INFO - Reports saved in: /app/npm_results/@azure_core-util
2025-10-28 04:20:33,218 - NPM_Analyzer - INFO - Cleaning temporary folder 'temp/@azure_core-util'...
2025-10-28 04:20:34,053 - NPM_Analyzer - INFO - Cleanup completed.
