2025-11-13 22:01:08,234 - NPM_HUT_Analyzer - INFO - Recupero metadata per '@smithy/service-error-classification'...
2025-11-13 22:01:08,441 - NPM_HUT_Analyzer - INFO - Trovate 50 versioni. Inizio download in 'temp_hut/@smithy_service-error-classification'...
2025-11-13 22:01:35,521 - UnicodeAnalyzer - INFO - Analizzando 50 versioni per '*.js' in '@smithy_service-error-classification'.
2025-11-13 22:01:35,521 - UnicodeAnalyzer - INFO - -> Analizzando versione 1.0.0 (1/50)...
2025-11-13 22:01:35,616 - UnicodeAnalyzer - INFO - -> Analizzando versione 1.0.1 (2/50)...
2025-11-13 22:01:35,696 - UnicodeAnalyzer - INFO - -> Analizzando versione 1.0.2 (3/50)...
2025-11-13 22:01:35,775 - UnicodeAnalyzer - INFO - -> Analizzando versione 1.0.3 (4/50)...
2025-11-13 22:01:35,847 - UnicodeAnalyzer - INFO - -> Analizzando versione 1.1.0 (5/50)...
2025-11-13 22:01:35,922 - UnicodeAnalyzer - INFO - -> Analizzando versione 2.0.0 (6/50)...
2025-11-13 22:01:35,996 - UnicodeAnalyzer - INFO - -> Analizzando versione 2.0.1 (7/50)...
2025-11-13 22:01:36,070 - UnicodeAnalyzer - INFO - -> Analizzando versione 2.0.2 (8/50)...
2025-11-13 22:01:36,143 - UnicodeAnalyzer - INFO - -> Analizzando versione 2.0.3 (9/50)...
2025-11-13 22:01:36,216 - UnicodeAnalyzer - INFO - -> Analizzando versione 2.0.4 (10/50)...
2025-11-13 22:01:36,289 - UnicodeAnalyzer - INFO - -> Analizzando versione 2.0.5 (11/50)...
2025-11-13 22:01:36,362 - UnicodeAnalyzer - INFO - -> Analizzando versione 2.0.6 (12/50)...
2025-11-13 22:01:36,434 - UnicodeAnalyzer - INFO - -> Analizzando versione 2.0.7 (13/50)...
2025-11-13 22:01:36,507 - UnicodeAnalyzer - INFO - -> Analizzando versione 2.0.8 (14/50)...
2025-11-13 22:01:36,584 - UnicodeAnalyzer - INFO - -> Analizzando versione 2.0.9 (15/50)...
2025-11-13 22:01:36,668 - UnicodeAnalyzer - INFO - -> Analizzando versione 2.1.0 (16/50)...
2025-11-13 22:01:36,768 - UnicodeAnalyzer - INFO - -> Analizzando versione 2.1.1 (17/50)...
2025-11-13 22:01:36,840 - UnicodeAnalyzer - INFO - -> Analizzando versione 2.1.2 (18/50)...
2025-11-13 22:01:36,915 - UnicodeAnalyzer - INFO - -> Analizzando versione 2.1.3 (19/50)...
2025-11-13 22:01:36,989 - UnicodeAnalyzer - INFO - -> Analizzando versione 2.1.4 (20/50)...
2025-11-13 22:01:37,063 - UnicodeAnalyzer - INFO - -> Analizzando versione 2.1.5 (21/50)...
2025-11-13 22:01:37,135 - UnicodeAnalyzer - INFO - -> Analizzando versione 3.0.0 (22/50)...
2025-11-13 22:01:37,208 - UnicodeAnalyzer - INFO - -> Analizzando versione 3.0.1 (23/50)...
2025-11-13 22:01:37,280 - UnicodeAnalyzer - INFO - -> Analizzando versione 3.0.10 (24/50)...
2025-11-13 22:01:37,353 - UnicodeAnalyzer - INFO - -> Analizzando versione 3.0.11 (25/50)...
2025-11-13 22:01:37,428 - UnicodeAnalyzer - INFO - -> Analizzando versione 3.0.2 (26/50)...
2025-11-13 22:01:37,499 - UnicodeAnalyzer - INFO - -> Analizzando versione 3.0.3 (27/50)...
2025-11-13 22:01:37,571 - UnicodeAnalyzer - INFO - -> Analizzando versione 3.0.4 (28/50)...
2025-11-13 22:01:37,646 - UnicodeAnalyzer - INFO - -> Analizzando versione 3.0.5 (29/50)...
2025-11-13 22:01:37,729 - UnicodeAnalyzer - INFO - -> Analizzando versione 3.0.6 (30/50)...
2025-11-13 22:01:37,808 - UnicodeAnalyzer - INFO - -> Analizzando versione 3.0.7 (31/50)...
2025-11-13 22:01:37,879 - UnicodeAnalyzer - INFO - -> Analizzando versione 3.0.8 (32/50)...
2025-11-13 22:01:37,954 - UnicodeAnalyzer - INFO - -> Analizzando versione 3.0.9 (33/50)...
2025-11-13 22:01:38,027 - UnicodeAnalyzer - INFO - -> Analizzando versione 4.0.0 (34/50)...
2025-11-13 22:01:38,100 - UnicodeAnalyzer - INFO - -> Analizzando versione 4.0.1 (35/50)...
2025-11-13 22:01:38,172 - UnicodeAnalyzer - INFO - -> Analizzando versione 4.0.2 (36/50)...
2025-11-13 22:01:38,242 - UnicodeAnalyzer - INFO - -> Analizzando versione 4.0.3 (37/50)...
2025-11-13 22:01:38,308 - UnicodeAnalyzer - INFO - -> Analizzando versione 4.0.4 (38/50)...
2025-11-13 22:01:38,381 - UnicodeAnalyzer - INFO - -> Analizzando versione 4.0.5 (39/50)...
2025-11-13 22:01:38,454 - UnicodeAnalyzer - INFO - -> Analizzando versione 4.0.6 (40/50)...
2025-11-13 22:01:38,525 - UnicodeAnalyzer - INFO - -> Analizzando versione 4.0.7 (41/50)...
2025-11-13 22:01:38,592 - UnicodeAnalyzer - INFO - -> Analizzando versione 4.1.0 (42/50)...
2025-11-13 22:01:38,675 - UnicodeAnalyzer - INFO - -> Analizzando versione 4.1.1 (43/50)...
2025-11-13 22:01:38,756 - UnicodeAnalyzer - INFO - -> Analizzando versione 4.1.2 (44/50)...
2025-11-13 22:01:38,827 - UnicodeAnalyzer - INFO - -> Analizzando versione 4.2.0 (45/50)...
2025-11-13 22:01:38,902 - UnicodeAnalyzer - INFO - -> Analizzando versione 4.2.1 (46/50)...
2025-11-13 22:01:38,976 - UnicodeAnalyzer - INFO - -> Analizzando versione 4.2.2 (47/50)...
2025-11-13 22:01:39,050 - UnicodeAnalyzer - INFO - -> Analizzando versione 4.2.3 (48/50)...
2025-11-13 22:01:39,134 - UnicodeAnalyzer - INFO - -> Analizzando versione 4.2.4 (49/50)...
2025-11-13 22:01:39,230 - UnicodeAnalyzer - INFO - -> Analizzando versione 4.2.5 (50/50)...
2025-11-13 22:01:39,305 - UnicodeAnalyzer - INFO - Esportando i risultati HUT per '@smithy/service-error-classification' in CSV...
2025-11-13 22:01:39,374 - UnicodeAnalyzer - INFO - Report salvati in: /app/npm_hut_results/@smithy_service-error-classification
2025-11-13 22:01:39,374 - NPM_HUT_Analyzer - INFO - Pulizia cartella temporanea 'temp_hut/@smithy_service-error-classification'...
2025-11-13 22:01:39,391 - NPM_HUT_Analyzer - INFO - Pulizia completata.
