2025-11-07 05:09:43,218 - NPM_Analyzer - INFO - Fetching metadata for 'mdast-util-definitions'...
2025-11-07 05:09:43,343 - NPM_Analyzer - INFO - Found 20 versions. Starting download into 'temp/mdast-util-definitions'...
2025-11-07 05:09:54,475 - BlankSpaceAnalyzer - INFO - Analyzing 20 versions for '*.js' in 'mdast-util-definitions'.
2025-11-07 05:09:54,475 - BlankSpaceAnalyzer - INFO - -> Analyzing version 0.1.0 (1/20)...
2025-11-07 05:09:54,476 - BlankSpaceAnalyzer - INFO - -> Analyzing version 1.0.0 (2/20)...
2025-11-07 05:09:54,477 - BlankSpaceAnalyzer - INFO - -> Analyzing version 1.1.0 (3/20)...
2025-11-07 05:09:54,478 - BlankSpaceAnalyzer - INFO - -> Analyzing version 1.1.1 (4/20)...
2025-11-07 05:09:54,479 - BlankSpaceAnalyzer - INFO - -> Analyzing version 1.2.0 (5/20)...
2025-11-07 05:09:54,480 - BlankSpaceAnalyzer - INFO - -> Analyzing version 1.2.1 (6/20)...
2025-11-07 05:09:54,481 - BlankSpaceAnalyzer - INFO - -> Analyzing version 1.2.2 (7/20)...
2025-11-07 05:09:54,481 - BlankSpaceAnalyzer - INFO - -> Analyzing version 1.2.3 (8/20)...
2025-11-07 05:09:54,482 - BlankSpaceAnalyzer - INFO - -> Analyzing version 1.2.4 (9/20)...
2025-11-07 05:09:54,483 - BlankSpaceAnalyzer - INFO - -> Analyzing version 1.2.5 (10/20)...
2025-11-07 05:09:54,484 - BlankSpaceAnalyzer - INFO - -> Analyzing version 2.0.0 (11/20)...
2025-11-07 05:09:54,485 - BlankSpaceAnalyzer - INFO - -> Analyzing version 2.0.1 (12/20)...
2025-11-07 05:09:54,485 - BlankSpaceAnalyzer - INFO - -> Analyzing version 3.0.0 (13/20)...
2025-11-07 05:09:54,486 - BlankSpaceAnalyzer - INFO - -> Analyzing version 3.0.1 (14/20)...
2025-11-07 05:09:54,487 - BlankSpaceAnalyzer - INFO - -> Analyzing version 4.0.0 (15/20)...
2025-11-07 05:09:54,489 - BlankSpaceAnalyzer - INFO - -> Analyzing version 5.0.0 (16/20)...
2025-11-07 05:09:54,489 - BlankSpaceAnalyzer - INFO - -> Analyzing version 5.1.0 (17/20)...
2025-11-07 05:09:54,490 - BlankSpaceAnalyzer - INFO - -> Analyzing version 5.1.1 (18/20)...
2025-11-07 05:09:54,491 - BlankSpaceAnalyzer - INFO - -> Analyzing version 5.1.2 (19/20)...
2025-11-07 05:09:54,558 - BlankSpaceAnalyzer - INFO - -> Analyzing version 6.0.0 (20/20)...
2025-11-07 05:09:54,611 - BlankSpaceAnalyzer - INFO - Exporting results for 'mdast-util-definitions' to CSV...
2025-11-07 05:09:54,629 - BlankSpaceAnalyzer - INFO - Reports saved in: /app/npm_results/mdast-util-definitions
2025-11-07 05:09:54,629 - NPM_Analyzer - INFO - Cleaning temporary folder 'temp/mdast-util-definitions'...
2025-11-07 05:09:54,632 - NPM_Analyzer - INFO - Cleanup completed.
