2025-11-11 21:06:54,575 - NPM_HUT_Analyzer - INFO - Recupero metadata per 'type-is'...
2025-11-11 21:06:54,725 - NPM_HUT_Analyzer - INFO - Trovate 39 versioni. Inizio download in 'temp_hut/type-is'...
2025-11-11 21:07:12,788 - UnicodeAnalyzer - INFO - Analizzando 39 versioni per '*.js' in 'type-is'.
2025-11-11 21:07:12,788 - UnicodeAnalyzer - INFO - -> Analizzando versione 1.0.0 (1/39)...
2025-11-11 21:07:12,790 - UnicodeAnalyzer - INFO - -> Analizzando versione 1.0.1 (2/39)...
2025-11-11 21:07:12,792 - UnicodeAnalyzer - INFO - -> Analizzando versione 1.1.0 (3/39)...
2025-11-11 21:07:12,793 - UnicodeAnalyzer - INFO - -> Analizzando versione 1.2.0 (4/39)...
2025-11-11 21:07:12,796 - UnicodeAnalyzer - INFO - -> Analizzando versione 1.2.1 (5/39)...
2025-11-11 21:07:12,798 - UnicodeAnalyzer - INFO - -> Analizzando versione 1.2.2 (6/39)...
2025-11-11 21:07:12,800 - UnicodeAnalyzer - INFO - -> Analizzando versione 1.3.0 (7/39)...
2025-11-11 21:07:12,802 - UnicodeAnalyzer - INFO - -> Analizzando versione 1.3.1 (8/39)...
2025-11-11 21:07:12,804 - UnicodeAnalyzer - INFO - -> Analizzando versione 1.3.2 (9/39)...
2025-11-11 21:07:12,806 - UnicodeAnalyzer - INFO - -> Analizzando versione 1.4.0 (10/39)...
2025-11-11 21:07:12,808 - UnicodeAnalyzer - INFO - -> Analizzando versione 1.5.0 (11/39)...
2025-11-11 21:07:12,810 - UnicodeAnalyzer - INFO - -> Analizzando versione 1.5.1 (12/39)...
2025-11-11 21:07:12,812 - UnicodeAnalyzer - INFO - -> Analizzando versione 1.5.2 (13/39)...
2025-11-11 21:07:12,814 - UnicodeAnalyzer - INFO - -> Analizzando versione 1.5.3 (14/39)...
2025-11-11 21:07:12,815 - UnicodeAnalyzer - INFO - -> Analizzando versione 1.5.4 (15/39)...
2025-11-11 21:07:12,816 - UnicodeAnalyzer - INFO - -> Analizzando versione 1.5.5 (16/39)...
2025-11-11 21:07:12,817 - UnicodeAnalyzer - INFO - -> Analizzando versione 1.5.6 (17/39)...
2025-11-11 21:07:12,818 - UnicodeAnalyzer - INFO - -> Analizzando versione 1.5.7 (18/39)...
2025-11-11 21:07:12,820 - UnicodeAnalyzer - INFO - -> Analizzando versione 1.6.0 (19/39)...
2025-11-11 21:07:12,821 - UnicodeAnalyzer - INFO - -> Analizzando versione 1.6.1 (20/39)...
2025-11-11 21:07:12,822 - UnicodeAnalyzer - INFO - -> Analizzando versione 1.6.10 (21/39)...
2025-11-11 21:07:12,822 - UnicodeAnalyzer - INFO - -> Analizzando versione 1.6.11 (22/39)...
2025-11-11 21:07:12,823 - UnicodeAnalyzer - INFO - -> Analizzando versione 1.6.12 (23/39)...
2025-11-11 21:07:12,824 - UnicodeAnalyzer - INFO - -> Analizzando versione 1.6.13 (24/39)...
2025-11-11 21:07:12,825 - UnicodeAnalyzer - INFO - -> Analizzando versione 1.6.14 (25/39)...
2025-11-11 21:07:12,826 - UnicodeAnalyzer - INFO - -> Analizzando versione 1.6.15 (26/39)...
2025-11-11 21:07:12,827 - UnicodeAnalyzer - INFO - -> Analizzando versione 1.6.16 (27/39)...
2025-11-11 21:07:12,828 - UnicodeAnalyzer - INFO - -> Analizzando versione 1.6.17 (28/39)...
2025-11-11 21:07:12,828 - UnicodeAnalyzer - INFO - -> Analizzando versione 1.6.18 (29/39)...
2025-11-11 21:07:12,829 - UnicodeAnalyzer - INFO - -> Analizzando versione 1.6.2 (30/39)...
2025-11-11 21:07:12,830 - UnicodeAnalyzer - INFO - -> Analizzando versione 1.6.3 (31/39)...
2025-11-11 21:07:12,831 - UnicodeAnalyzer - INFO - -> Analizzando versione 1.6.4 (32/39)...
2025-11-11 21:07:12,831 - UnicodeAnalyzer - INFO - -> Analizzando versione 1.6.5 (33/39)...
2025-11-11 21:07:12,832 - UnicodeAnalyzer - INFO - -> Analizzando versione 1.6.6 (34/39)...
2025-11-11 21:07:12,833 - UnicodeAnalyzer - INFO - -> Analizzando versione 1.6.7 (35/39)...
2025-11-11 21:07:12,833 - UnicodeAnalyzer - INFO - -> Analizzando versione 1.6.8 (36/39)...
2025-11-11 21:07:12,834 - UnicodeAnalyzer - INFO - -> Analizzando versione 1.6.9 (37/39)...
2025-11-11 21:07:12,834 - UnicodeAnalyzer - INFO - -> Analizzando versione 2.0.0 (38/39)...
2025-11-11 21:07:12,835 - UnicodeAnalyzer - INFO - -> Analizzando versione 2.0.1 (39/39)...
2025-11-11 21:07:12,836 - UnicodeAnalyzer - INFO - Esportando i risultati HUT per 'type-is' in CSV...
2025-11-11 21:07:12,873 - UnicodeAnalyzer - INFO - Report salvati in: /app/npm_hut_results/type-is
2025-11-11 21:07:12,874 - NPM_HUT_Analyzer - INFO - Pulizia cartella temporanea 'temp_hut/type-is'...
2025-11-11 21:07:12,877 - NPM_HUT_Analyzer - INFO - Pulizia completata.
