2025-10-24 05:16:00,240 - NPM_Analyzer - INFO - Fetching metadata for '@babel/plugin-transform-spread'...
2025-10-24 05:16:00,406 - NPM_Analyzer - INFO - Found 93 versions. Starting download into 'temp/@babel_plugin-transform-spread'...
2025-10-24 05:17:31,193 - BlankSpaceAnalyzer - INFO - Analyzing 93 versions for '*.js' in '@babel_plugin-transform-spread'.
2025-10-24 05:17:31,193 - BlankSpaceAnalyzer - INFO - -> Analyzing version 7.0.0 (1/93)...
2025-10-24 05:17:31,194 - BlankSpaceAnalyzer - INFO - -> Analyzing version 7.0.0-beta.31 (2/93)...
2025-10-24 05:17:31,196 - BlankSpaceAnalyzer - INFO - -> Analyzing version 7.0.0-beta.32 (3/93)...
2025-10-24 05:17:31,197 - BlankSpaceAnalyzer - INFO - -> Analyzing version 7.0.0-beta.33 (4/93)...
2025-10-24 05:17:31,198 - BlankSpaceAnalyzer - INFO - -> Analyzing version 7.0.0-beta.34 (5/93)...
2025-10-24 05:17:31,199 - BlankSpaceAnalyzer - INFO - -> Analyzing version 7.0.0-beta.35 (6/93)...
2025-10-24 05:17:31,200 - BlankSpaceAnalyzer - INFO - -> Analyzing version 7.0.0-beta.36 (7/93)...
2025-10-24 05:17:31,201 - BlankSpaceAnalyzer - INFO - -> Analyzing version 7.0.0-beta.37 (8/93)...
2025-10-24 05:17:31,203 - BlankSpaceAnalyzer - INFO - -> Analyzing version 7.0.0-beta.38 (9/93)...
2025-10-24 05:17:31,204 - BlankSpaceAnalyzer - INFO - -> Analyzing version 7.0.0-beta.39 (10/93)...
2025-10-24 05:17:31,205 - BlankSpaceAnalyzer - INFO - -> Analyzing version 7.0.0-beta.4 (11/93)...
2025-10-24 05:17:31,206 - BlankSpaceAnalyzer - INFO - -> Analyzing version 7.0.0-beta.40 (12/93)...
2025-10-24 05:17:31,207 - BlankSpaceAnalyzer - INFO - -> Analyzing version 7.0.0-beta.41 (13/93)...
2025-10-24 05:17:31,208 - BlankSpaceAnalyzer - INFO - -> Analyzing version 7.0.0-beta.42 (14/93)...
2025-10-24 05:17:31,209 - BlankSpaceAnalyzer - INFO - -> Analyzing version 7.0.0-beta.43 (15/93)...
2025-10-24 05:17:31,210 - BlankSpaceAnalyzer - INFO - -> Analyzing version 7.0.0-beta.44 (16/93)...
2025-10-24 05:17:31,212 - BlankSpaceAnalyzer - INFO - -> Analyzing version 7.0.0-beta.45 (17/93)...
2025-10-24 05:17:31,213 - BlankSpaceAnalyzer - INFO - -> Analyzing version 7.0.0-beta.46 (18/93)...
2025-10-24 05:17:31,214 - BlankSpaceAnalyzer - INFO - -> Analyzing version 7.0.0-beta.47 (19/93)...
2025-10-24 05:17:31,215 - BlankSpaceAnalyzer - INFO - -> Analyzing version 7.0.0-beta.48 (20/93)...
2025-10-24 05:17:31,216 - BlankSpaceAnalyzer - INFO - -> Analyzing version 7.0.0-beta.49 (21/93)...
2025-10-24 05:17:31,217 - BlankSpaceAnalyzer - INFO - -> Analyzing version 7.0.0-beta.5 (22/93)...
2025-10-24 05:17:31,218 - BlankSpaceAnalyzer - INFO - -> Analyzing version 7.0.0-beta.50 (23/93)...
2025-10-24 05:17:31,219 - BlankSpaceAnalyzer - INFO - -> Analyzing version 7.0.0-beta.51 (24/93)...
2025-10-24 05:17:31,219 - BlankSpaceAnalyzer - INFO - -> Analyzing version 7.0.0-beta.52 (25/93)...
2025-10-24 05:17:31,220 - BlankSpaceAnalyzer - INFO - -> Analyzing version 7.0.0-beta.53 (26/93)...
2025-10-24 05:17:31,221 - BlankSpaceAnalyzer - INFO - -> Analyzing version 7.0.0-beta.54 (27/93)...
2025-10-24 05:17:31,221 - BlankSpaceAnalyzer - INFO - -> Analyzing version 7.0.0-beta.55 (28/93)...
2025-10-24 05:17:31,222 - BlankSpaceAnalyzer - INFO - -> Analyzing version 7.0.0-beta.56 (29/93)...
2025-10-24 05:17:31,223 - BlankSpaceAnalyzer - INFO - -> Analyzing version 7.0.0-rc.0 (30/93)...
2025-10-24 05:17:31,223 - BlankSpaceAnalyzer - INFO - -> Analyzing version 7.0.0-rc.1 (31/93)...
2025-10-24 05:17:31,224 - BlankSpaceAnalyzer - INFO - -> Analyzing version 7.0.0-rc.2 (32/93)...
2025-10-24 05:17:31,224 - BlankSpaceAnalyzer - INFO - -> Analyzing version 7.0.0-rc.3 (33/93)...
2025-10-24 05:17:31,225 - BlankSpaceAnalyzer - INFO - -> Analyzing version 7.0.0-rc.4 (34/93)...
2025-10-24 05:17:31,226 - BlankSpaceAnalyzer - INFO - -> Analyzing version 7.10.0 (35/93)...
2025-10-24 05:17:31,226 - BlankSpaceAnalyzer - INFO - -> Analyzing version 7.10.1 (36/93)...
2025-10-24 05:17:31,227 - BlankSpaceAnalyzer - INFO - -> Analyzing version 7.10.4 (37/93)...
2025-10-24 05:17:31,227 - BlankSpaceAnalyzer - INFO - -> Analyzing version 7.11.0 (38/93)...
2025-10-24 05:17:31,228 - BlankSpaceAnalyzer - INFO - -> Analyzing version 7.12.1 (39/93)...
2025-10-24 05:17:31,228 - BlankSpaceAnalyzer - INFO - -> Analyzing version 7.12.13 (40/93)...
2025-10-24 05:17:31,228 - BlankSpaceAnalyzer - INFO - -> Analyzing version 7.13.0 (41/93)...
2025-10-24 05:17:31,229 - BlankSpaceAnalyzer - INFO - -> Analyzing version 7.14.5 (42/93)...
2025-10-24 05:17:31,229 - BlankSpaceAnalyzer - INFO - -> Analyzing version 7.14.6 (43/93)...
2025-10-24 05:17:31,230 - BlankSpaceAnalyzer - INFO - -> Analyzing version 7.15.8 (44/93)...
2025-10-24 05:17:31,230 - BlankSpaceAnalyzer - INFO - -> Analyzing version 7.16.0 (45/93)...
2025-10-24 05:17:31,231 - BlankSpaceAnalyzer - INFO - -> Analyzing version 7.16.5 (46/93)...
2025-10-24 05:17:31,231 - BlankSpaceAnalyzer - INFO - -> Analyzing version 7.16.7 (47/93)...
2025-10-24 05:17:31,232 - BlankSpaceAnalyzer - INFO - -> Analyzing version 7.17.12 (48/93)...
2025-10-24 05:17:31,232 - BlankSpaceAnalyzer - INFO - -> Analyzing version 7.18.6 (49/93)...
2025-10-24 05:17:31,232 - BlankSpaceAnalyzer - INFO - -> Analyzing version 7.18.9 (50/93)...
2025-10-24 05:17:31,233 - BlankSpaceAnalyzer - INFO - -> Analyzing version 7.19.0 (51/93)...
2025-10-24 05:17:31,233 - BlankSpaceAnalyzer - INFO - -> Analyzing version 7.2.0 (52/93)...
2025-10-24 05:17:31,234 - BlankSpaceAnalyzer - INFO - -> Analyzing version 7.2.2 (53/93)...
2025-10-24 05:17:31,234 - BlankSpaceAnalyzer - INFO - -> Analyzing version 7.20.7 (54/93)...
2025-10-24 05:17:31,234 - BlankSpaceAnalyzer - INFO - -> Analyzing version 7.21.4-esm (55/93)...
2025-10-24 05:17:31,235 - BlankSpaceAnalyzer - INFO - -> Analyzing version 7.21.4-esm.1 (56/93)...
2025-10-24 05:17:31,235 - BlankSpaceAnalyzer - INFO - -> Analyzing version 7.21.4-esm.2 (57/93)...
2025-10-24 05:17:31,236 - BlankSpaceAnalyzer - INFO - -> Analyzing version 7.21.4-esm.3 (58/93)...
2025-10-24 05:17:31,236 - BlankSpaceAnalyzer - INFO - -> Analyzing version 7.21.4-esm.4 (59/93)...
2025-10-24 05:17:31,236 - BlankSpaceAnalyzer - INFO - -> Analyzing version 7.22.5 (60/93)...
2025-10-24 05:17:31,237 - BlankSpaceAnalyzer - INFO - -> Analyzing version 7.23.3 (61/93)...
2025-10-24 05:17:31,237 - BlankSpaceAnalyzer - INFO - -> Analyzing version 7.24.1 (62/93)...
2025-10-24 05:17:31,237 - BlankSpaceAnalyzer - INFO - -> Analyzing version 7.24.6 (63/93)...
2025-10-24 05:17:31,238 - BlankSpaceAnalyzer - INFO - -> Analyzing version 7.24.7 (64/93)...
2025-10-24 05:17:31,238 - BlankSpaceAnalyzer - INFO - -> Analyzing version 7.25.7 (65/93)...
2025-10-24 05:17:31,238 - BlankSpaceAnalyzer - INFO - -> Analyzing version 7.25.9 (66/93)...
2025-10-24 05:17:31,239 - BlankSpaceAnalyzer - INFO - -> Analyzing version 7.27.1 (67/93)...
2025-10-24 05:17:31,239 - BlankSpaceAnalyzer - INFO - -> Analyzing version 7.6.2 (68/93)...
2025-10-24 05:17:31,239 - BlankSpaceAnalyzer - INFO - -> Analyzing version 7.7.4 (69/93)...
2025-10-24 05:17:31,240 - BlankSpaceAnalyzer - INFO - -> Analyzing version 7.8.0 (70/93)...
2025-10-24 05:17:31,240 - BlankSpaceAnalyzer - INFO - -> Analyzing version 7.8.3 (71/93)...
2025-10-24 05:17:31,240 - BlankSpaceAnalyzer - INFO - -> Analyzing version 8.0.0-alpha.0 (72/93)...
2025-10-24 05:17:31,241 - BlankSpaceAnalyzer - INFO - -> Analyzing version 8.0.0-alpha.1 (73/93)...
2025-10-24 05:17:31,241 - BlankSpaceAnalyzer - INFO - -> Analyzing version 8.0.0-alpha.10 (74/93)...
2025-10-24 05:17:31,241 - BlankSpaceAnalyzer - INFO - -> Analyzing version 8.0.0-alpha.11 (75/93)...
2025-10-24 05:17:31,242 - BlankSpaceAnalyzer - INFO - -> Analyzing version 8.0.0-alpha.12 (76/93)...
2025-10-24 05:17:31,242 - BlankSpaceAnalyzer - INFO - -> Analyzing version 8.0.0-alpha.13 (77/93)...
2025-10-24 05:17:31,242 - BlankSpaceAnalyzer - INFO - -> Analyzing version 8.0.0-alpha.14 (78/93)...
2025-10-24 05:17:31,242 - BlankSpaceAnalyzer - INFO - -> Analyzing version 8.0.0-alpha.15 (79/93)...
2025-10-24 05:17:31,243 - BlankSpaceAnalyzer - INFO - -> Analyzing version 8.0.0-alpha.16 (80/93)...
2025-10-24 05:17:31,243 - BlankSpaceAnalyzer - INFO - -> Analyzing version 8.0.0-alpha.17 (81/93)...
2025-10-24 05:17:31,243 - BlankSpaceAnalyzer - INFO - -> Analyzing version 8.0.0-alpha.2 (82/93)...
2025-10-24 05:17:31,244 - BlankSpaceAnalyzer - INFO - -> Analyzing version 8.0.0-alpha.3 (83/93)...
2025-10-24 05:17:31,244 - BlankSpaceAnalyzer - INFO - -> Analyzing version 8.0.0-alpha.4 (84/93)...
2025-10-24 05:17:31,244 - BlankSpaceAnalyzer - INFO - -> Analyzing version 8.0.0-alpha.5 (85/93)...
2025-10-24 05:17:31,244 - BlankSpaceAnalyzer - INFO - -> Analyzing version 8.0.0-alpha.6 (86/93)...
2025-10-24 05:17:31,245 - BlankSpaceAnalyzer - INFO - -> Analyzing version 8.0.0-alpha.7 (87/93)...
2025-10-24 05:17:31,245 - BlankSpaceAnalyzer - INFO - -> Analyzing version 8.0.0-alpha.8 (88/93)...
2025-10-24 05:17:31,245 - BlankSpaceAnalyzer - INFO - -> Analyzing version 8.0.0-alpha.9 (89/93)...
2025-10-24 05:17:31,246 - BlankSpaceAnalyzer - INFO - -> Analyzing version 8.0.0-beta.0 (90/93)...
2025-10-24 05:17:31,246 - BlankSpaceAnalyzer - INFO - -> Analyzing version 8.0.0-beta.1 (91/93)...
2025-10-24 05:17:31,246 - BlankSpaceAnalyzer - INFO - -> Analyzing version 8.0.0-beta.2 (92/93)...
2025-10-24 05:17:31,246 - BlankSpaceAnalyzer - INFO - -> Analyzing version 8.0.0-beta.3 (93/93)...
2025-10-24 05:17:31,247 - BlankSpaceAnalyzer - INFO - Exporting results for '@babel/plugin-transform-spread' to CSV...
2025-10-24 05:17:31,299 - BlankSpaceAnalyzer - INFO - Reports saved in: /app/npm_results/@babel_plugin-transform-spread
2025-10-24 05:17:31,299 - NPM_Analyzer - INFO - Cleaning temporary folder 'temp/@babel_plugin-transform-spread'...
2025-10-24 05:17:31,314 - NPM_Analyzer - INFO - Cleanup completed.
