2025-10-30 09:10:54,859 - NPM_Analyzer - INFO - Fetching metadata for 'mobx-react-lite'...
2025-10-30 09:10:55,322 - NPM_Analyzer - INFO - Found 80 versions. Starting download into 'temp/mobx-react-lite'...
2025-10-30 09:11:59,014 - BlankSpaceAnalyzer - INFO - Analyzing 80 versions for '*.js' in 'mobx-react-lite'.
2025-10-30 09:11:59,015 - BlankSpaceAnalyzer - INFO - -> Analyzing version 0.1.0 (1/80)...
2025-10-30 09:11:59,132 - BlankSpaceAnalyzer - INFO - -> Analyzing version 0.1.1 (2/80)...
2025-10-30 09:11:59,221 - BlankSpaceAnalyzer - INFO - -> Analyzing version 0.1.2 (3/80)...
2025-10-30 09:11:59,312 - BlankSpaceAnalyzer - INFO - -> Analyzing version 0.2.0 (4/80)...
2025-10-30 09:11:59,408 - BlankSpaceAnalyzer - INFO - -> Analyzing version 0.3.0 (5/80)...
2025-10-30 09:11:59,498 - BlankSpaceAnalyzer - INFO - -> Analyzing version 0.3.1 (6/80)...
2025-10-30 09:11:59,589 - BlankSpaceAnalyzer - INFO - -> Analyzing version 0.3.2 (7/80)...
2025-10-30 09:11:59,685 - BlankSpaceAnalyzer - INFO - -> Analyzing version 0.3.3 (8/80)...
2025-10-30 09:11:59,686 - BlankSpaceAnalyzer - INFO - -> Analyzing version 0.3.4 (9/80)...
2025-10-30 09:11:59,776 - BlankSpaceAnalyzer - INFO - -> Analyzing version 0.3.5 (10/80)...
2025-10-30 09:11:59,873 - BlankSpaceAnalyzer - INFO - -> Analyzing version 0.3.6 (11/80)...
2025-10-30 09:11:59,970 - BlankSpaceAnalyzer - INFO - -> Analyzing version 0.3.7 (12/80)...
2025-10-30 09:12:00,061 - BlankSpaceAnalyzer - INFO - -> Analyzing version 1.0.0 (13/80)...
2025-10-30 09:12:00,151 - BlankSpaceAnalyzer - INFO - -> Analyzing version 1.0.1 (14/80)...
2025-10-30 09:12:00,240 - BlankSpaceAnalyzer - INFO - -> Analyzing version 1.1.0 (15/80)...
2025-10-30 09:12:00,331 - BlankSpaceAnalyzer - INFO - -> Analyzing version 1.1.1 (16/80)...
2025-10-30 09:12:00,424 - BlankSpaceAnalyzer - INFO - -> Analyzing version 1.2.0 (17/80)...
2025-10-30 09:12:00,518 - BlankSpaceAnalyzer - INFO - -> Analyzing version 1.3.0 (18/80)...
2025-10-30 09:12:00,608 - BlankSpaceAnalyzer - INFO - -> Analyzing version 1.3.1 (19/80)...
2025-10-30 09:12:00,698 - BlankSpaceAnalyzer - INFO - -> Analyzing version 1.3.1-0 (20/80)...
2025-10-30 09:12:00,796 - BlankSpaceAnalyzer - INFO - -> Analyzing version 1.3.2 (21/80)...
2025-10-30 09:12:00,893 - BlankSpaceAnalyzer - INFO - -> Analyzing version 1.4.0 (22/80)...
2025-10-30 09:12:00,982 - BlankSpaceAnalyzer - INFO - -> Analyzing version 1.4.1 (23/80)...
2025-10-30 09:12:01,080 - BlankSpaceAnalyzer - INFO - -> Analyzing version 1.4.2 (24/80)...
2025-10-30 09:12:01,177 - BlankSpaceAnalyzer - INFO - -> Analyzing version 1.5.0 (25/80)...
2025-10-30 09:12:01,267 - BlankSpaceAnalyzer - INFO - -> Analyzing version 1.5.1 (26/80)...
2025-10-30 09:12:01,368 - BlankSpaceAnalyzer - INFO - -> Analyzing version 1.5.2 (27/80)...
2025-10-30 09:12:01,458 - BlankSpaceAnalyzer - INFO - -> Analyzing version 2.0.0 (28/80)...
2025-10-30 09:12:01,555 - BlankSpaceAnalyzer - INFO - -> Analyzing version 2.0.0-alpha.0 (29/80)...
2025-10-30 09:12:01,646 - BlankSpaceAnalyzer - INFO - -> Analyzing version 2.0.0-alpha.1 (30/80)...
2025-10-30 09:12:01,741 - BlankSpaceAnalyzer - INFO - -> Analyzing version 2.0.0-alpha.2 (31/80)...
2025-10-30 09:12:01,835 - BlankSpaceAnalyzer - INFO - -> Analyzing version 2.0.0-alpha.3 (32/80)...
2025-10-30 09:12:01,932 - BlankSpaceAnalyzer - INFO - -> Analyzing version 2.0.0-alpha.4 (33/80)...
2025-10-30 09:12:02,026 - BlankSpaceAnalyzer - INFO - -> Analyzing version 2.0.0-alpha.5 (34/80)...
2025-10-30 09:12:02,117 - BlankSpaceAnalyzer - INFO - -> Analyzing version 2.0.0-test.0 (35/80)...
2025-10-30 09:12:02,208 - BlankSpaceAnalyzer - INFO - -> Analyzing version 2.0.0-test.1 (36/80)...
2025-10-30 09:12:02,299 - BlankSpaceAnalyzer - INFO - -> Analyzing version 2.0.1 (37/80)...
2025-10-30 09:12:02,389 - BlankSpaceAnalyzer - INFO - -> Analyzing version 2.0.2 (38/80)...
2025-10-30 09:12:02,487 - BlankSpaceAnalyzer - INFO - -> Analyzing version 2.0.3 (39/80)...
2025-10-30 09:12:02,578 - BlankSpaceAnalyzer - INFO - -> Analyzing version 2.0.4 (40/80)...
2025-10-30 09:12:02,668 - BlankSpaceAnalyzer - INFO - -> Analyzing version 2.0.5 (41/80)...
2025-10-30 09:12:02,757 - BlankSpaceAnalyzer - INFO - -> Analyzing version 2.0.6 (42/80)...
2025-10-30 09:12:02,850 - BlankSpaceAnalyzer - INFO - -> Analyzing version 2.0.7 (43/80)...
2025-10-30 09:12:02,945 - BlankSpaceAnalyzer - INFO - -> Analyzing version 2.1.0 (44/80)...
2025-10-30 09:12:03,038 - BlankSpaceAnalyzer - INFO - -> Analyzing version 2.2.0 (45/80)...
2025-10-30 09:12:03,129 - BlankSpaceAnalyzer - INFO - -> Analyzing version 2.2.0-beta.0 (46/80)...
2025-10-30 09:12:03,224 - BlankSpaceAnalyzer - INFO - -> Analyzing version 2.2.1 (47/80)...
2025-10-30 09:12:03,319 - BlankSpaceAnalyzer - INFO - -> Analyzing version 2.2.2 (48/80)...
2025-10-30 09:12:03,411 - BlankSpaceAnalyzer - INFO - -> Analyzing version 3.0.0 (49/80)...
2025-10-30 09:12:03,504 - BlankSpaceAnalyzer - INFO - -> Analyzing version 3.0.0-beta.0 (50/80)...
2025-10-30 09:12:03,602 - BlankSpaceAnalyzer - INFO - -> Analyzing version 3.0.0-beta.1 (51/80)...
2025-10-30 09:12:03,705 - BlankSpaceAnalyzer - INFO - -> Analyzing version 3.0.1 (52/80)...
2025-10-30 09:12:03,804 - BlankSpaceAnalyzer - INFO - -> Analyzing version 3.1.0 (53/80)...
2025-10-30 09:12:03,903 - BlankSpaceAnalyzer - INFO - -> Analyzing version 3.1.1 (54/80)...
2025-10-30 09:12:03,993 - BlankSpaceAnalyzer - INFO - -> Analyzing version 3.1.2 (55/80)...
2025-10-30 09:12:04,092 - BlankSpaceAnalyzer - INFO - -> Analyzing version 3.1.3 (56/80)...
2025-10-30 09:12:04,183 - BlankSpaceAnalyzer - INFO - -> Analyzing version 3.1.4 (57/80)...
2025-10-30 09:12:04,281 - BlankSpaceAnalyzer - INFO - -> Analyzing version 3.1.5 (58/80)...
2025-10-30 09:12:04,380 - BlankSpaceAnalyzer - INFO - -> Analyzing version 3.1.6 (59/80)...
2025-10-30 09:12:04,482 - BlankSpaceAnalyzer - INFO - -> Analyzing version 3.1.7 (60/80)...
2025-10-30 09:12:04,577 - BlankSpaceAnalyzer - INFO - -> Analyzing version 3.2.0 (61/80)...
2025-10-30 09:12:04,677 - BlankSpaceAnalyzer - INFO - -> Analyzing version 3.2.1 (62/80)...
2025-10-30 09:12:04,776 - BlankSpaceAnalyzer - INFO - -> Analyzing version 3.2.2 (63/80)...
2025-10-30 09:12:04,867 - BlankSpaceAnalyzer - INFO - -> Analyzing version 3.2.3 (64/80)...
2025-10-30 09:12:04,971 - BlankSpaceAnalyzer - INFO - -> Analyzing version 3.3.0 (65/80)...
2025-10-30 09:12:05,063 - BlankSpaceAnalyzer - INFO - -> Analyzing version 3.4.0 (66/80)...
2025-10-30 09:12:05,154 - BlankSpaceAnalyzer - INFO - -> Analyzing version 3.4.1 (67/80)...
2025-10-30 09:12:05,248 - BlankSpaceAnalyzer - INFO - -> Analyzing version 3.4.2 (68/80)...
2025-10-30 09:12:05,345 - BlankSpaceAnalyzer - INFO - -> Analyzing version 3.4.3 (69/80)...
2025-10-30 09:12:05,444 - BlankSpaceAnalyzer - INFO - -> Analyzing version 4.0.1 (70/80)...
2025-10-30 09:12:05,543 - BlankSpaceAnalyzer - INFO - -> Analyzing version 4.0.2 (71/80)...
2025-10-30 09:12:05,642 - BlankSpaceAnalyzer - INFO - -> Analyzing version 4.0.3 (72/80)...
2025-10-30 09:12:05,748 - BlankSpaceAnalyzer - INFO - -> Analyzing version 4.0.4 (73/80)...
2025-10-30 09:12:05,845 - BlankSpaceAnalyzer - INFO - -> Analyzing version 4.0.4-x1 (74/80)...
2025-10-30 09:12:05,943 - BlankSpaceAnalyzer - INFO - -> Analyzing version 4.0.5 (75/80)...
2025-10-30 09:12:06,039 - BlankSpaceAnalyzer - INFO - -> Analyzing version 4.0.6 (76/80)...
2025-10-30 09:12:06,138 - BlankSpaceAnalyzer - INFO - -> Analyzing version 4.0.7 (77/80)...
2025-10-30 09:12:06,238 - BlankSpaceAnalyzer - INFO - -> Analyzing version 4.0.7-alpha (78/80)...
2025-10-30 09:12:06,337 - BlankSpaceAnalyzer - INFO - -> Analyzing version 4.1.0 (79/80)...
2025-10-30 09:12:06,437 - BlankSpaceAnalyzer - INFO - -> Analyzing version 4.1.1 (80/80)...
2025-10-30 09:12:06,534 - BlankSpaceAnalyzer - INFO - Exporting results for 'mobx-react-lite' to CSV...
2025-10-30 09:12:06,616 - BlankSpaceAnalyzer - INFO - Reports saved in: /app/npm_results/mobx-react-lite
2025-10-30 09:12:06,616 - NPM_Analyzer - INFO - Cleaning temporary folder 'temp/mobx-react-lite'...
2025-10-30 09:12:06,776 - NPM_Analyzer - INFO - Cleanup completed.
