2025-11-07 00:17:14,221 - NPM_Analyzer - INFO - Fetching metadata for 'mocha-junit-reporter'...
2025-11-07 00:17:14,314 - NPM_Analyzer - INFO - Found 38 versions. Starting download into 'temp/mocha-junit-reporter'...
2025-11-07 00:17:19,274 - NPM_Analyzer - ERROR -   Error on version 1.3.0: 404 Client Error: Not Found for url: https://registry.npmjs.org/mocha-junit-reporter/-/mocha-junit-reporter-1.3.0.tgz
2025-11-07 00:17:40,538 - BlankSpaceAnalyzer - INFO - Analyzing 37 versions for '*.js' in 'mocha-junit-reporter'.
2025-11-07 00:17:40,538 - BlankSpaceAnalyzer - INFO - -> Analyzing version 1.0.0 (1/37)...
2025-11-07 00:17:40,627 - BlankSpaceAnalyzer - INFO - -> Analyzing version 1.0.1 (2/37)...
2025-11-07 00:17:40,686 - BlankSpaceAnalyzer - INFO - -> Analyzing version 1.1.0 (3/37)...
2025-11-07 00:17:40,750 - BlankSpaceAnalyzer - INFO - -> Analyzing version 1.10.0 (4/37)...
2025-11-07 00:17:40,817 - BlankSpaceAnalyzer - INFO - -> Analyzing version 1.11.1 (5/37)...
2025-11-07 00:17:40,883 - BlankSpaceAnalyzer - INFO - -> Analyzing version 1.12.0 (6/37)...
2025-11-07 00:17:40,950 - BlankSpaceAnalyzer - INFO - -> Analyzing version 1.12.1 (7/37)...
2025-11-07 00:17:41,016 - BlankSpaceAnalyzer - INFO - -> Analyzing version 1.12.2 (8/37)...
2025-11-07 00:17:41,083 - BlankSpaceAnalyzer - INFO - -> Analyzing version 1.13.0 (9/37)...
2025-11-07 00:17:41,149 - BlankSpaceAnalyzer - INFO - -> Analyzing version 1.14.0 (10/37)...
2025-11-07 00:17:41,216 - BlankSpaceAnalyzer - INFO - -> Analyzing version 1.15.0 (11/37)...
2025-11-07 00:17:41,283 - BlankSpaceAnalyzer - INFO - -> Analyzing version 1.16.0 (12/37)...
2025-11-07 00:17:41,349 - BlankSpaceAnalyzer - INFO - -> Analyzing version 1.17.0 (13/37)...
2025-11-07 00:17:41,415 - BlankSpaceAnalyzer - INFO - -> Analyzing version 1.18.0 (14/37)...
2025-11-07 00:17:41,481 - BlankSpaceAnalyzer - INFO - -> Analyzing version 1.19.0 (15/37)...
2025-11-07 00:17:41,546 - BlankSpaceAnalyzer - INFO - -> Analyzing version 1.2.0 (16/37)...
2025-11-07 00:17:41,612 - BlankSpaceAnalyzer - INFO - -> Analyzing version 1.20.0 (17/37)...
2025-11-07 00:17:41,677 - BlankSpaceAnalyzer - INFO - -> Analyzing version 1.21.0 (18/37)...
2025-11-07 00:17:41,743 - BlankSpaceAnalyzer - INFO - -> Analyzing version 1.22.0 (19/37)...
2025-11-07 00:17:41,809 - BlankSpaceAnalyzer - INFO - -> Analyzing version 1.23.0 (20/37)...
2025-11-07 00:17:41,875 - BlankSpaceAnalyzer - INFO - -> Analyzing version 1.23.1 (21/37)...
2025-11-07 00:17:41,941 - BlankSpaceAnalyzer - INFO - -> Analyzing version 1.23.2 (22/37)...
2025-11-07 00:17:42,006 - BlankSpaceAnalyzer - INFO - -> Analyzing version 1.23.3 (23/37)...
2025-11-07 00:17:42,073 - BlankSpaceAnalyzer - INFO - -> Analyzing version 1.3.1 (24/37)...
2025-11-07 00:17:42,137 - BlankSpaceAnalyzer - INFO - -> Analyzing version 1.4.0 (25/37)...
2025-11-07 00:17:42,203 - BlankSpaceAnalyzer - INFO - -> Analyzing version 1.5.0 (26/37)...
2025-11-07 00:17:42,268 - BlankSpaceAnalyzer - INFO - -> Analyzing version 1.6.1 (27/37)...
2025-11-07 00:17:42,332 - BlankSpaceAnalyzer - INFO - -> Analyzing version 1.7.0 (28/37)...
2025-11-07 00:17:42,391 - BlankSpaceAnalyzer - INFO - -> Analyzing version 1.8.0 (29/37)...
2025-11-07 00:17:42,455 - BlankSpaceAnalyzer - INFO - -> Analyzing version 1.9.0 (30/37)...
2025-11-07 00:17:42,520 - BlankSpaceAnalyzer - INFO - -> Analyzing version 1.9.1 (31/37)...
2025-11-07 00:17:42,578 - BlankSpaceAnalyzer - INFO - -> Analyzing version 2.0.0 (32/37)...
2025-11-07 00:17:42,640 - BlankSpaceAnalyzer - INFO - -> Analyzing version 2.0.2 (33/37)...
2025-11-07 00:17:42,706 - BlankSpaceAnalyzer - INFO - -> Analyzing version 2.1.0 (34/37)...
2025-11-07 00:17:42,765 - BlankSpaceAnalyzer - INFO - -> Analyzing version 2.1.1 (35/37)...
2025-11-07 00:17:42,826 - BlankSpaceAnalyzer - INFO - -> Analyzing version 2.2.0 (36/37)...
2025-11-07 00:17:42,890 - BlankSpaceAnalyzer - INFO - -> Analyzing version 2.2.1 (37/37)...
2025-11-07 00:17:42,957 - BlankSpaceAnalyzer - INFO - Exporting results for 'mocha-junit-reporter' to CSV...
2025-11-07 00:17:42,992 - BlankSpaceAnalyzer - INFO - Reports saved in: /app/npm_results/mocha-junit-reporter
2025-11-07 00:17:42,992 - NPM_Analyzer - INFO - Cleaning temporary folder 'temp/mocha-junit-reporter'...
2025-11-07 00:17:43,004 - NPM_Analyzer - INFO - Cleanup completed.
