2025-11-15 23:08:54,655 - NPM_HUT_Analyzer - INFO - Recupero metadata per 'plist'...
2025-11-15 23:08:54,779 - NPM_HUT_Analyzer - INFO - Trovate 26 versioni. Inizio download in 'temp_hut/plist'...
2025-11-15 23:09:14,830 - UnicodeAnalyzer - INFO - Analizzando 26 versioni per '*.js' in 'plist'.
2025-11-15 23:09:14,831 - UnicodeAnalyzer - INFO - -> Analizzando versione 0.1.0 (1/26)...
2025-11-15 23:09:14,833 - UnicodeAnalyzer - INFO - Filtrati 1 file (es. in /dist, /test).
2025-11-15 23:09:14,835 - UnicodeAnalyzer - INFO - -> Analizzando versione 0.1.1 (2/26)...
2025-11-15 23:09:14,836 - UnicodeAnalyzer - INFO - Filtrati 1 file (es. in /dist, /test).
2025-11-15 23:09:14,838 - UnicodeAnalyzer - INFO - -> Analizzando versione 0.2.0 (3/26)...
2025-11-15 23:09:14,840 - UnicodeAnalyzer - INFO - Filtrati 3 file (es. in /dist, /test).
2025-11-15 23:09:14,841 - UnicodeAnalyzer - INFO - -> Analizzando versione 0.2.1 (4/26)...
2025-11-15 23:09:14,843 - UnicodeAnalyzer - INFO - Filtrati 3 file (es. in /dist, /test).
2025-11-15 23:09:14,845 - UnicodeAnalyzer - INFO - -> Analizzando versione 0.3.1 (5/26)...
2025-11-15 23:09:14,846 - UnicodeAnalyzer - INFO - Filtrati 4 file (es. in /dist, /test).
2025-11-15 23:09:14,849 - UnicodeAnalyzer - INFO - -> Analizzando versione 0.3.2 (6/26)...
2025-11-15 23:09:14,851 - UnicodeAnalyzer - INFO - Filtrati 4 file (es. in /dist, /test).
2025-11-15 23:09:14,853 - UnicodeAnalyzer - INFO - -> Analizzando versione 0.3.3 (7/26)...
2025-11-15 23:09:14,854 - UnicodeAnalyzer - INFO - Filtrati 5 file (es. in /dist, /test).
2025-11-15 23:09:14,856 - UnicodeAnalyzer - INFO - -> Analizzando versione 0.4.0 (8/26)...
2025-11-15 23:09:14,857 - UnicodeAnalyzer - INFO - Filtrati 5 file (es. in /dist, /test).
2025-11-15 23:09:14,859 - UnicodeAnalyzer - INFO - -> Analizzando versione 0.4.1 (9/26)...
2025-11-15 23:09:14,860 - UnicodeAnalyzer - INFO - Filtrati 5 file (es. in /dist, /test).
2025-11-15 23:09:14,861 - UnicodeAnalyzer - INFO - -> Analizzando versione 0.4.2 (10/26)...
2025-11-15 23:09:14,862 - UnicodeAnalyzer - INFO - Filtrati 5 file (es. in /dist, /test).
2025-11-15 23:09:14,864 - UnicodeAnalyzer - INFO - -> Analizzando versione 0.4.3 (11/26)...
2025-11-15 23:09:14,865 - UnicodeAnalyzer - INFO - Filtrati 5 file (es. in /dist, /test).
2025-11-15 23:09:14,866 - UnicodeAnalyzer - INFO - -> Analizzando versione 1.0.0 (12/26)...
2025-11-15 23:09:14,867 - UnicodeAnalyzer - INFO - Filtrati 5 file (es. in /dist, /test).
2025-11-15 23:09:14,918 - UnicodeAnalyzer - INFO - -> Analizzando versione 1.0.1 (13/26)...
2025-11-15 23:09:14,918 - UnicodeAnalyzer - INFO - Filtrati 5 file (es. in /dist, /test).
2025-11-15 23:09:14,966 - UnicodeAnalyzer - INFO - -> Analizzando versione 1.1.0 (14/26)...
2025-11-15 23:09:14,967 - UnicodeAnalyzer - INFO - Filtrati 5 file (es. in /dist, /test).
2025-11-15 23:09:15,017 - UnicodeAnalyzer - INFO - -> Analizzando versione 1.2.0 (15/26)...
2025-11-15 23:09:15,018 - UnicodeAnalyzer - INFO - Filtrati 3 file (es. in /dist, /test).
2025-11-15 23:09:15,068 - UnicodeAnalyzer - INFO - -> Analizzando versione 2.0.0 (16/26)...
2025-11-15 23:09:15,068 - UnicodeAnalyzer - INFO - Filtrati 3 file (es. in /dist, /test).
2025-11-15 23:09:15,119 - UnicodeAnalyzer - INFO - -> Analizzando versione 2.0.1 (17/26)...
2025-11-15 23:09:15,119 - UnicodeAnalyzer - INFO - Filtrati 3 file (es. in /dist, /test).
2025-11-15 23:09:15,168 - UnicodeAnalyzer - INFO - -> Analizzando versione 2.1.0 (18/26)...
2025-11-15 23:09:15,168 - UnicodeAnalyzer - INFO - Filtrati 3 file (es. in /dist, /test).
2025-11-15 23:09:15,222 - UnicodeAnalyzer - INFO - -> Analizzando versione 3.0.0 (19/26)...
2025-11-15 23:09:15,223 - UnicodeAnalyzer - INFO - Filtrati 3 file (es. in /dist, /test).
2025-11-15 23:09:15,271 - UnicodeAnalyzer - INFO - -> Analizzando versione 3.0.1 (20/26)...
2025-11-15 23:09:15,271 - UnicodeAnalyzer - INFO - Filtrati 3 file (es. in /dist, /test).
2025-11-15 23:09:15,321 - UnicodeAnalyzer - INFO - -> Analizzando versione 3.0.2 (21/26)...
2025-11-15 23:09:15,322 - UnicodeAnalyzer - INFO - Filtrati 3 file (es. in /dist, /test).
2025-11-15 23:09:15,370 - UnicodeAnalyzer - INFO - -> Analizzando versione 3.0.3 (22/26)...
2025-11-15 23:09:15,370 - UnicodeAnalyzer - INFO - Filtrati 3 file (es. in /dist, /test).
2025-11-15 23:09:15,419 - UnicodeAnalyzer - INFO - -> Analizzando versione 3.0.4 (23/26)...
2025-11-15 23:09:15,420 - UnicodeAnalyzer - INFO - Filtrati 3 file (es. in /dist, /test).
2025-11-15 23:09:15,470 - UnicodeAnalyzer - INFO - -> Analizzando versione 3.0.5 (24/26)...
2025-11-15 23:09:15,471 - UnicodeAnalyzer - INFO - Filtrati 3 file (es. in /dist, /test).
2025-11-15 23:09:15,522 - UnicodeAnalyzer - INFO - -> Analizzando versione 3.0.6 (25/26)...
2025-11-15 23:09:15,522 - UnicodeAnalyzer - INFO - Filtrati 3 file (es. in /dist, /test).
2025-11-15 23:09:15,574 - UnicodeAnalyzer - INFO - -> Analizzando versione 3.1.0 (26/26)...
2025-11-15 23:09:15,574 - UnicodeAnalyzer - INFO - Filtrati 3 file (es. in /dist, /test).
2025-11-15 23:09:15,623 - UnicodeAnalyzer - INFO - Esportando i risultati HUT per 'plist' in CSV...
2025-11-15 23:09:15,661 - UnicodeAnalyzer - INFO - Report salvati in: /app/npm_hut_results/plist
2025-11-15 23:09:15,661 - NPM_HUT_Analyzer - INFO - Pulizia cartella temporanea 'temp_hut/plist'...
2025-11-15 23:09:15,690 - NPM_HUT_Analyzer - INFO - Pulizia completata.
