2025-11-12 01:19:58,811 - NPM_HUT_Analyzer - INFO - Recupero metadata per '@rollup/pluginutils'...
2025-11-12 01:19:58,937 - NPM_HUT_Analyzer - INFO - Trovate 30 versioni. Inizio download in 'temp_hut/@rollup_pluginutils'...
2025-11-12 01:20:23,599 - UnicodeAnalyzer - INFO - Analizzando 30 versioni per '*.js' in '@rollup_pluginutils'.
2025-11-12 01:20:23,599 - UnicodeAnalyzer - INFO - -> Analizzando versione 3.0.0 (1/30)...
2025-11-12 01:20:23,600 - UnicodeAnalyzer - INFO - Filtrati 2 file (es. in /dist, /test).
2025-11-12 01:20:23,600 - UnicodeAnalyzer - INFO - -> Analizzando versione 3.0.1 (2/30)...
2025-11-12 01:20:23,600 - UnicodeAnalyzer - INFO - Filtrati 2 file (es. in /dist, /test).
2025-11-12 01:20:23,600 - UnicodeAnalyzer - INFO - -> Analizzando versione 3.0.10 (3/30)...
2025-11-12 01:20:23,601 - UnicodeAnalyzer - INFO - Filtrati 2 file (es. in /dist, /test).
2025-11-12 01:20:23,601 - UnicodeAnalyzer - INFO - -> Analizzando versione 3.0.2 (4/30)...
2025-11-12 01:20:23,601 - UnicodeAnalyzer - INFO - Filtrati 2 file (es. in /dist, /test).
2025-11-12 01:20:23,601 - UnicodeAnalyzer - INFO - -> Analizzando versione 3.0.3 (5/30)...
2025-11-12 01:20:23,601 - UnicodeAnalyzer - INFO - Filtrati 2 file (es. in /dist, /test).
2025-11-12 01:20:23,602 - UnicodeAnalyzer - INFO - -> Analizzando versione 3.0.4 (6/30)...
2025-11-12 01:20:23,602 - UnicodeAnalyzer - INFO - Filtrati 2 file (es. in /dist, /test).
2025-11-12 01:20:23,602 - UnicodeAnalyzer - INFO - -> Analizzando versione 3.0.5 (7/30)...
2025-11-12 01:20:23,602 - UnicodeAnalyzer - INFO - Filtrati 2 file (es. in /dist, /test).
2025-11-12 01:20:23,602 - UnicodeAnalyzer - INFO - -> Analizzando versione 3.0.6 (8/30)...
2025-11-12 01:20:23,603 - UnicodeAnalyzer - INFO - Filtrati 2 file (es. in /dist, /test).
2025-11-12 01:20:23,603 - UnicodeAnalyzer - INFO - -> Analizzando versione 3.0.8 (9/30)...
2025-11-12 01:20:23,603 - UnicodeAnalyzer - INFO - Filtrati 2 file (es. in /dist, /test).
2025-11-12 01:20:23,603 - UnicodeAnalyzer - INFO - -> Analizzando versione 3.0.9 (10/30)...
2025-11-12 01:20:23,603 - UnicodeAnalyzer - INFO - Filtrati 2 file (es. in /dist, /test).
2025-11-12 01:20:23,603 - UnicodeAnalyzer - INFO - -> Analizzando versione 3.1.0 (11/30)...
2025-11-12 01:20:23,604 - UnicodeAnalyzer - INFO - Filtrati 2 file (es. in /dist, /test).
2025-11-12 01:20:23,604 - UnicodeAnalyzer - INFO - -> Analizzando versione 4.0.0 (12/30)...
2025-11-12 01:20:23,604 - UnicodeAnalyzer - INFO - Filtrati 2 file (es. in /dist, /test).
2025-11-12 01:20:23,604 - UnicodeAnalyzer - INFO - -> Analizzando versione 4.1.0 (13/30)...
2025-11-12 01:20:23,604 - UnicodeAnalyzer - INFO - Filtrati 2 file (es. in /dist, /test).
2025-11-12 01:20:23,604 - UnicodeAnalyzer - INFO - -> Analizzando versione 4.1.1 (14/30)...
2025-11-12 01:20:23,605 - UnicodeAnalyzer - INFO - Filtrati 2 file (es. in /dist, /test).
2025-11-12 01:20:23,605 - UnicodeAnalyzer - INFO - -> Analizzando versione 4.1.2 (15/30)...
2025-11-12 01:20:23,605 - UnicodeAnalyzer - INFO - Filtrati 2 file (es. in /dist, /test).
2025-11-12 01:20:23,605 - UnicodeAnalyzer - INFO - -> Analizzando versione 4.2.0 (16/30)...
2025-11-12 01:20:23,606 - UnicodeAnalyzer - INFO - Filtrati 2 file (es. in /dist, /test).
2025-11-12 01:20:23,606 - UnicodeAnalyzer - INFO - -> Analizzando versione 4.2.1 (17/30)...
2025-11-12 01:20:23,606 - UnicodeAnalyzer - INFO - Filtrati 2 file (es. in /dist, /test).
2025-11-12 01:20:23,606 - UnicodeAnalyzer - INFO - -> Analizzando versione 5.0.0 (18/30)...
2025-11-12 01:20:23,606 - UnicodeAnalyzer - INFO - Filtrati 2 file (es. in /dist, /test).
2025-11-12 01:20:23,606 - UnicodeAnalyzer - INFO - -> Analizzando versione 5.0.1 (19/30)...
2025-11-12 01:20:23,607 - UnicodeAnalyzer - INFO - Filtrati 2 file (es. in /dist, /test).
2025-11-12 01:20:23,607 - UnicodeAnalyzer - INFO - -> Analizzando versione 5.0.2 (20/30)...
2025-11-12 01:20:23,607 - UnicodeAnalyzer - INFO - Filtrati 2 file (es. in /dist, /test).
2025-11-12 01:20:23,607 - UnicodeAnalyzer - INFO - -> Analizzando versione 5.0.3 (21/30)...
2025-11-12 01:20:23,607 - UnicodeAnalyzer - INFO - Filtrati 2 file (es. in /dist, /test).
2025-11-12 01:20:23,608 - UnicodeAnalyzer - INFO - -> Analizzando versione 5.0.4 (22/30)...
2025-11-12 01:20:23,608 - UnicodeAnalyzer - INFO - Filtrati 2 file (es. in /dist, /test).
2025-11-12 01:20:23,608 - UnicodeAnalyzer - INFO - -> Analizzando versione 5.0.5 (23/30)...
2025-11-12 01:20:23,608 - UnicodeAnalyzer - INFO - Filtrati 2 file (es. in /dist, /test).
2025-11-12 01:20:23,608 - UnicodeAnalyzer - INFO - -> Analizzando versione 5.1.0 (24/30)...
2025-11-12 01:20:23,609 - UnicodeAnalyzer - INFO - Filtrati 2 file (es. in /dist, /test).
2025-11-12 01:20:23,609 - UnicodeAnalyzer - INFO - -> Analizzando versione 5.1.1 (25/30)...
2025-11-12 01:20:23,609 - UnicodeAnalyzer - INFO - Filtrati 2 file (es. in /dist, /test).
2025-11-12 01:20:23,609 - UnicodeAnalyzer - INFO - -> Analizzando versione 5.1.2 (26/30)...
2025-11-12 01:20:23,609 - UnicodeAnalyzer - INFO - Filtrati 2 file (es. in /dist, /test).
2025-11-12 01:20:23,609 - UnicodeAnalyzer - INFO - -> Analizzando versione 5.1.3 (27/30)...
2025-11-12 01:20:23,610 - UnicodeAnalyzer - INFO - Filtrati 2 file (es. in /dist, /test).
2025-11-12 01:20:23,610 - UnicodeAnalyzer - INFO - -> Analizzando versione 5.1.4 (28/30)...
2025-11-12 01:20:23,610 - UnicodeAnalyzer - INFO - Filtrati 2 file (es. in /dist, /test).
2025-11-12 01:20:23,610 - UnicodeAnalyzer - INFO - -> Analizzando versione 5.2.0 (29/30)...
2025-11-12 01:20:23,610 - UnicodeAnalyzer - INFO - Filtrati 2 file (es. in /dist, /test).
2025-11-12 01:20:23,610 - UnicodeAnalyzer - INFO - -> Analizzando versione 5.3.0 (30/30)...
2025-11-12 01:20:23,611 - UnicodeAnalyzer - INFO - Filtrati 2 file (es. in /dist, /test).
2025-11-12 01:20:23,611 - UnicodeAnalyzer - INFO - Esportando i risultati HUT per '@rollup/pluginutils' in CSV...
2025-11-12 01:20:23,611 - UnicodeAnalyzer - WARNING - Nessun file analizzato. I file CSV saranno vuoti.
2025-11-12 01:20:23,611 - NPM_HUT_Analyzer - INFO - Pulizia cartella temporanea 'temp_hut/@rollup_pluginutils'...
2025-11-12 01:20:23,619 - NPM_HUT_Analyzer - INFO - Pulizia completata.
