2025-11-07 18:21:04,945 - NPM_Analyzer - INFO - Fetching metadata for 'autosize'...
2025-11-07 18:21:05,773 - NPM_Analyzer - INFO - Found 34 versions. Starting download into 'temp/autosize'...
2025-11-07 18:21:27,540 - BlankSpaceAnalyzer - INFO - Analyzing 34 versions for '*.js' in 'autosize'.
2025-11-07 18:21:27,540 - BlankSpaceAnalyzer - INFO - -> Analyzing version 1.18.13 (1/34)...
2025-11-07 18:21:27,613 - BlankSpaceAnalyzer - INFO - -> Analyzing version 2.0.1 (2/34)...
2025-11-07 18:21:27,651 - BlankSpaceAnalyzer - INFO - -> Analyzing version 3.0.0 (3/34)...
2025-11-07 18:21:27,691 - BlankSpaceAnalyzer - INFO - -> Analyzing version 3.0.1 (4/34)...
2025-11-07 18:21:27,733 - BlankSpaceAnalyzer - INFO - -> Analyzing version 3.0.10 (5/34)...
2025-11-07 18:21:27,776 - BlankSpaceAnalyzer - INFO - -> Analyzing version 3.0.11 (6/34)...
2025-11-07 18:21:27,819 - BlankSpaceAnalyzer - INFO - -> Analyzing version 3.0.12 (7/34)...
2025-11-07 18:21:27,861 - BlankSpaceAnalyzer - INFO - -> Analyzing version 3.0.13 (8/34)...
2025-11-07 18:21:27,904 - BlankSpaceAnalyzer - INFO - -> Analyzing version 3.0.14 (9/34)...
2025-11-07 18:21:27,947 - BlankSpaceAnalyzer - INFO - -> Analyzing version 3.0.15 (10/34)...
2025-11-07 18:21:27,990 - BlankSpaceAnalyzer - INFO - -> Analyzing version 3.0.16 (11/34)...
2025-11-07 18:21:28,033 - BlankSpaceAnalyzer - INFO - -> Analyzing version 3.0.17 (12/34)...
2025-11-07 18:21:28,079 - BlankSpaceAnalyzer - INFO - -> Analyzing version 3.0.18 (13/34)...
2025-11-07 18:21:28,122 - BlankSpaceAnalyzer - INFO - -> Analyzing version 3.0.19 (14/34)...
2025-11-07 18:21:28,164 - BlankSpaceAnalyzer - INFO - -> Analyzing version 3.0.2 (15/34)...
2025-11-07 18:21:28,210 - BlankSpaceAnalyzer - INFO - -> Analyzing version 3.0.20 (16/34)...
2025-11-07 18:21:28,252 - BlankSpaceAnalyzer - INFO - -> Analyzing version 3.0.21 (17/34)...
2025-11-07 18:21:28,295 - BlankSpaceAnalyzer - INFO - -> Analyzing version 3.0.3 (18/34)...
2025-11-07 18:21:28,338 - BlankSpaceAnalyzer - INFO - -> Analyzing version 3.0.4 (19/34)...
2025-11-07 18:21:28,381 - BlankSpaceAnalyzer - INFO - -> Analyzing version 3.0.5 (20/34)...
2025-11-07 18:21:28,427 - BlankSpaceAnalyzer - INFO - -> Analyzing version 3.0.6 (21/34)...
2025-11-07 18:21:28,470 - BlankSpaceAnalyzer - INFO - -> Analyzing version 3.0.7 (22/34)...
2025-11-07 18:21:28,513 - BlankSpaceAnalyzer - INFO - -> Analyzing version 3.0.8 (23/34)...
2025-11-07 18:21:28,557 - BlankSpaceAnalyzer - INFO - -> Analyzing version 3.0.9 (24/34)...
2025-11-07 18:21:28,600 - BlankSpaceAnalyzer - INFO - -> Analyzing version 4.0.0 (25/34)...
2025-11-07 18:21:28,644 - BlankSpaceAnalyzer - INFO - -> Analyzing version 4.0.1 (26/34)...
2025-11-07 18:21:28,687 - BlankSpaceAnalyzer - INFO - -> Analyzing version 4.0.2 (27/34)...
2025-11-07 18:21:28,730 - BlankSpaceAnalyzer - INFO - -> Analyzing version 4.0.3 (28/34)...
2025-11-07 18:21:28,773 - BlankSpaceAnalyzer - INFO - -> Analyzing version 4.0.4 (29/34)...
2025-11-07 18:21:28,816 - BlankSpaceAnalyzer - INFO - -> Analyzing version 5.0.0 (30/34)...
2025-11-07 18:21:28,860 - BlankSpaceAnalyzer - INFO - -> Analyzing version 5.0.1 (31/34)...
2025-11-07 18:21:28,903 - BlankSpaceAnalyzer - INFO - -> Analyzing version 5.0.2 (32/34)...
2025-11-07 18:21:28,946 - BlankSpaceAnalyzer - INFO - -> Analyzing version 6.0.0 (33/34)...
2025-11-07 18:21:28,990 - BlankSpaceAnalyzer - INFO - -> Analyzing version 6.0.1 (34/34)...
2025-11-07 18:21:29,034 - BlankSpaceAnalyzer - INFO - Exporting results for 'autosize' to CSV...
2025-11-07 18:21:29,065 - BlankSpaceAnalyzer - INFO - Reports saved in: /app/npm_results/autosize
2025-11-07 18:21:29,066 - NPM_Analyzer - INFO - Cleaning temporary folder 'temp/autosize'...
2025-11-07 18:21:29,075 - NPM_Analyzer - INFO - Cleanup completed.
