2025-11-15 20:39:27,808 - NPM_HUT_Analyzer - INFO - Recupero metadata per '@babel/plugin-bugfix-safari-class-field-initializer-scope'...
2025-11-15 20:39:27,913 - NPM_HUT_Analyzer - INFO - Trovate 14 versioni. Inizio download in 'temp_hut/@babel_plugin-bugfix-safari-class-field-initializer-scope'...
2025-11-15 20:39:41,432 - UnicodeAnalyzer - INFO - Analizzando 14 versioni per '*.js' in '@babel_plugin-bugfix-safari-class-field-initializer-scope'.
2025-11-15 20:39:41,433 - UnicodeAnalyzer - INFO - -> Analizzando versione 7.25.0 (1/14)...
2025-11-15 20:39:41,435 - UnicodeAnalyzer - INFO - -> Analizzando versione 7.25.7 (2/14)...
2025-11-15 20:39:41,437 - UnicodeAnalyzer - INFO - -> Analizzando versione 7.25.9 (3/14)...
2025-11-15 20:39:41,438 - UnicodeAnalyzer - INFO - -> Analizzando versione 7.27.1 (4/14)...
2025-11-15 20:39:41,440 - UnicodeAnalyzer - INFO - -> Analizzando versione 8.0.0-alpha.12 (5/14)...
2025-11-15 20:39:41,442 - UnicodeAnalyzer - INFO - -> Analizzando versione 8.0.0-alpha.13 (6/14)...
2025-11-15 20:39:41,444 - UnicodeAnalyzer - INFO - -> Analizzando versione 8.0.0-alpha.14 (7/14)...
2025-11-15 20:39:41,446 - UnicodeAnalyzer - INFO - -> Analizzando versione 8.0.0-alpha.15 (8/14)...
2025-11-15 20:39:41,447 - UnicodeAnalyzer - INFO - -> Analizzando versione 8.0.0-alpha.16 (9/14)...
2025-11-15 20:39:41,449 - UnicodeAnalyzer - INFO - -> Analizzando versione 8.0.0-alpha.17 (10/14)...
2025-11-15 20:39:41,451 - UnicodeAnalyzer - INFO - -> Analizzando versione 8.0.0-beta.0 (11/14)...
2025-11-15 20:39:41,453 - UnicodeAnalyzer - INFO - -> Analizzando versione 8.0.0-beta.1 (12/14)...
2025-11-15 20:39:41,454 - UnicodeAnalyzer - INFO - -> Analizzando versione 8.0.0-beta.2 (13/14)...
2025-11-15 20:39:41,456 - UnicodeAnalyzer - INFO - -> Analizzando versione 8.0.0-beta.3 (14/14)...
2025-11-15 20:39:41,458 - UnicodeAnalyzer - INFO - Esportando i risultati HUT per '@babel/plugin-bugfix-safari-class-field-initializer-scope' in CSV...
2025-11-15 20:39:41,487 - UnicodeAnalyzer - INFO - Report salvati in: /app/npm_hut_results/@babel_plugin-bugfix-safari-class-field-initializer-scope
2025-11-15 20:39:41,487 - NPM_HUT_Analyzer - INFO - Pulizia cartella temporanea 'temp_hut/@babel_plugin-bugfix-safari-class-field-initializer-scope'...
2025-11-15 20:39:41,490 - NPM_HUT_Analyzer - INFO - Pulizia completata.
