2025-11-12 01:19:26,471 - NPM_HUT_Analyzer - INFO - Recupero metadata per 'color-convert'...
2025-11-12 01:19:26,583 - NPM_HUT_Analyzer - INFO - Trovate 39 versioni. Inizio download in 'temp_hut/color-convert'...
2025-11-12 01:19:28,583 - NPM_HUT_Analyzer - ERROR -   Errore sulla versione 0.3.0: 404 Client Error: Not Found for url: https://registry.npmjs.org/color-convert/-/color-convert-0.3.0.tgz
2025-11-12 01:19:48,902 - UnicodeAnalyzer - INFO - Analizzando 38 versioni per '*.js' in 'color-convert'.
2025-11-12 01:19:48,902 - UnicodeAnalyzer - INFO - -> Analizzando versione 0.1.0 (1/38)...
2025-11-12 01:19:48,904 - UnicodeAnalyzer - INFO - Filtrati 1 file (es. in /dist, /test).
2025-11-12 01:19:48,972 - UnicodeAnalyzer - INFO - -> Analizzando versione 0.2.0 (2/38)...
2025-11-12 01:19:48,972 - UnicodeAnalyzer - INFO - Filtrati 1 file (es. in /dist, /test).
2025-11-12 01:19:49,011 - UnicodeAnalyzer - INFO - -> Analizzando versione 0.2.1 (3/38)...
2025-11-12 01:19:49,011 - UnicodeAnalyzer - INFO - Filtrati 1 file (es. in /dist, /test).
2025-11-12 01:19:49,060 - UnicodeAnalyzer - INFO - -> Analizzando versione 0.3.1 (4/38)...
2025-11-12 01:19:49,061 - UnicodeAnalyzer - INFO - Filtrati 2 file (es. in /dist, /test).
2025-11-12 01:19:49,102 - UnicodeAnalyzer - INFO - -> Analizzando versione 0.3.4 (5/38)...
2025-11-12 01:19:49,102 - UnicodeAnalyzer - INFO - Filtrati 2 file (es. in /dist, /test).
2025-11-12 01:19:49,145 - UnicodeAnalyzer - INFO - -> Analizzando versione 0.4.0 (6/38)...
2025-11-12 01:19:49,146 - UnicodeAnalyzer - INFO - Filtrati 2 file (es. in /dist, /test).
2025-11-12 01:19:49,187 - UnicodeAnalyzer - INFO - -> Analizzando versione 0.5.0 (7/38)...
2025-11-12 01:19:49,188 - UnicodeAnalyzer - INFO - Filtrati 2 file (es. in /dist, /test).
2025-11-12 01:19:49,229 - UnicodeAnalyzer - INFO - -> Analizzando versione 0.5.1 (8/38)...
2025-11-12 01:19:49,229 - UnicodeAnalyzer - INFO - Filtrati 2 file (es. in /dist, /test).
2025-11-12 01:19:49,275 - UnicodeAnalyzer - INFO - -> Analizzando versione 0.5.2 (9/38)...
2025-11-12 01:19:49,275 - UnicodeAnalyzer - INFO - Filtrati 2 file (es. in /dist, /test).
2025-11-12 01:19:49,318 - UnicodeAnalyzer - INFO - -> Analizzando versione 0.5.3 (10/38)...
2025-11-12 01:19:49,319 - UnicodeAnalyzer - INFO - Filtrati 2 file (es. in /dist, /test).
2025-11-12 01:19:49,359 - UnicodeAnalyzer - INFO - -> Analizzando versione 0.6.0 (11/38)...
2025-11-12 01:19:49,359 - UnicodeAnalyzer - INFO - Filtrati 2 file (es. in /dist, /test).
2025-11-12 01:19:49,401 - UnicodeAnalyzer - INFO - -> Analizzando versione 0.7.0 (12/38)...
2025-11-12 01:19:49,443 - UnicodeAnalyzer - INFO - -> Analizzando versione 1.0.0 (13/38)...
2025-11-12 01:19:49,487 - UnicodeAnalyzer - INFO - -> Analizzando versione 1.1.0 (14/38)...
2025-11-12 01:19:49,530 - UnicodeAnalyzer - INFO - -> Analizzando versione 1.1.1 (15/38)...
2025-11-12 01:19:49,572 - UnicodeAnalyzer - INFO - -> Analizzando versione 1.1.2 (16/38)...
2025-11-12 01:19:49,613 - UnicodeAnalyzer - INFO - -> Analizzando versione 1.2.0 (17/38)...
2025-11-12 01:19:49,655 - UnicodeAnalyzer - INFO - -> Analizzando versione 1.2.1 (18/38)...
2025-11-12 01:19:49,697 - UnicodeAnalyzer - INFO - -> Analizzando versione 1.2.2 (19/38)...
2025-11-12 01:19:49,742 - UnicodeAnalyzer - INFO - -> Analizzando versione 1.3.0 (20/38)...
2025-11-12 01:19:49,782 - UnicodeAnalyzer - INFO - -> Analizzando versione 1.3.1 (21/38)...
2025-11-12 01:19:49,824 - UnicodeAnalyzer - INFO - -> Analizzando versione 1.4.0 (22/38)...
2025-11-12 01:19:49,868 - UnicodeAnalyzer - INFO - -> Analizzando versione 1.5.0 (23/38)...
2025-11-12 01:19:49,910 - UnicodeAnalyzer - INFO - -> Analizzando versione 1.6.0 (24/38)...
2025-11-12 01:19:49,952 - UnicodeAnalyzer - INFO - -> Analizzando versione 1.7.0 (25/38)...
2025-11-12 01:19:49,996 - UnicodeAnalyzer - INFO - -> Analizzando versione 1.8.0 (26/38)...
2025-11-12 01:19:50,038 - UnicodeAnalyzer - INFO - -> Analizzando versione 1.8.1 (27/38)...
2025-11-12 01:19:50,080 - UnicodeAnalyzer - INFO - -> Analizzando versione 1.8.2 (28/38)...
2025-11-12 01:19:50,123 - UnicodeAnalyzer - INFO - -> Analizzando versione 1.9.0 (29/38)...
2025-11-12 01:19:50,165 - UnicodeAnalyzer - INFO - -> Analizzando versione 1.9.1 (30/38)...
2025-11-12 01:19:50,206 - UnicodeAnalyzer - INFO - -> Analizzando versione 1.9.2 (31/38)...
2025-11-12 01:19:50,255 - UnicodeAnalyzer - INFO - -> Analizzando versione 1.9.3 (32/38)...
2025-11-12 01:19:50,298 - UnicodeAnalyzer - INFO - -> Analizzando versione 2.0.0 (33/38)...
2025-11-12 01:19:50,343 - UnicodeAnalyzer - INFO - -> Analizzando versione 2.0.1 (34/38)...
2025-11-12 01:19:50,406 - UnicodeAnalyzer - INFO - -> Analizzando versione 3.0.0 (35/38)...
2025-11-12 01:19:50,469 - UnicodeAnalyzer - INFO - -> Analizzando versione 3.0.1 (36/38)...
2025-11-12 01:19:50,532 - UnicodeAnalyzer - INFO - -> Analizzando versione 3.1.0 (37/38)...
2025-11-12 01:19:50,595 - UnicodeAnalyzer - INFO - -> Analizzando versione 3.1.2 (38/38)...
2025-11-12 01:19:50,659 - UnicodeAnalyzer - INFO - Esportando i risultati HUT per 'color-convert' in CSV...
2025-11-12 01:19:50,719 - UnicodeAnalyzer - INFO - Report salvati in: /app/npm_hut_results/color-convert
2025-11-12 01:19:50,720 - NPM_HUT_Analyzer - INFO - Pulizia cartella temporanea 'temp_hut/color-convert'...
2025-11-12 01:19:50,727 - NPM_HUT_Analyzer - INFO - Pulizia completata.
