2025-10-26 08:41:23,281 - NPM_Analyzer - INFO - Fetching metadata for 'react-toastify'...
2025-10-26 08:41:23,429 - NPM_Analyzer - INFO - Found 169 versions. Starting download into 'temp/react-toastify'...
2025-10-26 08:43:39,334 - BlankSpaceAnalyzer - INFO - Analyzing 169 versions for '*.js' in 'react-toastify'.
2025-10-26 08:43:39,334 - BlankSpaceAnalyzer - INFO - -> Analyzing version 1.0.0 (1/169)...
2025-10-26 08:43:39,432 - BlankSpaceAnalyzer - INFO - -> Analyzing version 1.1.0 (2/169)...
2025-10-26 08:43:39,505 - BlankSpaceAnalyzer - INFO - -> Analyzing version 1.2.0 (3/169)...
2025-10-26 08:43:39,583 - BlankSpaceAnalyzer - INFO - -> Analyzing version 1.2.1 (4/169)...
2025-10-26 08:43:39,664 - BlankSpaceAnalyzer - INFO - -> Analyzing version 1.2.2 (5/169)...
2025-10-26 08:43:39,742 - BlankSpaceAnalyzer - INFO - -> Analyzing version 1.3.0 (6/169)...
2025-10-26 08:43:39,820 - BlankSpaceAnalyzer - INFO - -> Analyzing version 1.4.0 (7/169)...
2025-10-26 08:43:39,900 - BlankSpaceAnalyzer - INFO - -> Analyzing version 1.4.1 (8/169)...
2025-10-26 08:43:39,980 - BlankSpaceAnalyzer - INFO - -> Analyzing version 1.4.2 (9/169)...
2025-10-26 08:43:40,060 - BlankSpaceAnalyzer - INFO - -> Analyzing version 1.4.3 (10/169)...
2025-10-26 08:43:40,137 - BlankSpaceAnalyzer - INFO - -> Analyzing version 1.5.0 (11/169)...
2025-10-26 08:43:40,212 - BlankSpaceAnalyzer - INFO - -> Analyzing version 1.6.0 (12/169)...
2025-10-26 08:43:40,291 - BlankSpaceAnalyzer - INFO - -> Analyzing version 1.7.0 (13/169)...
2025-10-26 08:43:40,370 - BlankSpaceAnalyzer - INFO - -> Analyzing version 10.0.0 (14/169)...
2025-10-26 08:43:40,448 - BlankSpaceAnalyzer - INFO - -> Analyzing version 10.0.0-beta.1 (15/169)...
2025-10-26 08:43:40,525 - BlankSpaceAnalyzer - INFO - -> Analyzing version 10.0.1 (16/169)...
2025-10-26 08:43:40,597 - BlankSpaceAnalyzer - INFO - -> Analyzing version 10.0.2 (17/169)...
2025-10-26 08:43:40,675 - BlankSpaceAnalyzer - INFO - -> Analyzing version 10.0.2-debug (18/169)...
2025-10-26 08:43:40,749 - BlankSpaceAnalyzer - INFO - -> Analyzing version 10.0.3 (19/169)...
2025-10-26 08:43:40,824 - BlankSpaceAnalyzer - INFO - -> Analyzing version 10.0.4 (20/169)...
2025-10-26 08:43:40,896 - BlankSpaceAnalyzer - INFO - -> Analyzing version 10.0.5 (21/169)...
2025-10-26 08:43:40,974 - BlankSpaceAnalyzer - INFO - -> Analyzing version 10.0.6 (22/169)...
2025-10-26 08:43:41,049 - BlankSpaceAnalyzer - INFO - -> Analyzing version 10.0.7-0 (23/169)...
2025-10-26 08:43:41,122 - BlankSpaceAnalyzer - INFO - -> Analyzing version 10.0.7-1 (24/169)...
2025-10-26 08:43:41,193 - BlankSpaceAnalyzer - INFO - -> Analyzing version 10.0.7-2 (25/169)...
2025-10-26 08:43:41,270 - BlankSpaceAnalyzer - INFO - -> Analyzing version 10.0.7-3 (26/169)...
2025-10-26 08:43:41,344 - BlankSpaceAnalyzer - INFO - -> Analyzing version 10.0.7-4 (27/169)...
2025-10-26 08:43:41,418 - BlankSpaceAnalyzer - INFO - -> Analyzing version 10.0.7-5 (28/169)...
2025-10-26 08:43:41,494 - BlankSpaceAnalyzer - INFO - -> Analyzing version 11.0.0 (29/169)...
2025-10-26 08:43:41,572 - BlankSpaceAnalyzer - INFO - -> Analyzing version 11.0.0-0 (30/169)...
2025-10-26 08:43:41,646 - BlankSpaceAnalyzer - INFO - -> Analyzing version 11.0.1 (31/169)...
2025-10-26 08:43:41,719 - BlankSpaceAnalyzer - INFO - -> Analyzing version 11.0.1-react17 (32/169)...
2025-10-26 08:43:41,791 - BlankSpaceAnalyzer - INFO - -> Analyzing version 11.0.2 (33/169)...
2025-10-26 08:43:41,868 - BlankSpaceAnalyzer - INFO - -> Analyzing version 11.0.3 (34/169)...
2025-10-26 08:43:41,942 - BlankSpaceAnalyzer - INFO - -> Analyzing version 11.0.4 (35/169)...
2025-10-26 08:43:42,014 - BlankSpaceAnalyzer - INFO - -> Analyzing version 11.0.4-0 (36/169)...
2025-10-26 08:43:42,092 - BlankSpaceAnalyzer - INFO - -> Analyzing version 11.0.5 (37/169)...
2025-10-26 08:43:42,170 - BlankSpaceAnalyzer - INFO - -> Analyzing version 2.0.0 (38/169)...
2025-10-26 08:43:42,249 - BlankSpaceAnalyzer - INFO - -> Analyzing version 2.0.0-rc.1 (39/169)...
2025-10-26 08:43:42,322 - BlankSpaceAnalyzer - INFO - -> Analyzing version 2.0.0-rc.2 (40/169)...
2025-10-26 08:43:42,395 - BlankSpaceAnalyzer - INFO - -> Analyzing version 2.0.0-rc.3 (41/169)...
2025-10-26 08:43:42,474 - BlankSpaceAnalyzer - INFO - -> Analyzing version 2.1.0 (42/169)...
2025-10-26 08:43:42,555 - BlankSpaceAnalyzer - INFO - -> Analyzing version 2.1.1 (43/169)...
2025-10-26 08:43:42,634 - BlankSpaceAnalyzer - INFO - -> Analyzing version 2.1.2 (44/169)...
2025-10-26 08:43:42,716 - BlankSpaceAnalyzer - INFO - -> Analyzing version 2.1.3 (45/169)...
2025-10-26 08:43:42,795 - BlankSpaceAnalyzer - INFO - -> Analyzing version 2.1.4 (46/169)...
2025-10-26 08:43:42,874 - BlankSpaceAnalyzer - INFO - -> Analyzing version 2.1.5 (47/169)...
2025-10-26 08:43:42,953 - BlankSpaceAnalyzer - INFO - -> Analyzing version 2.1.6 (48/169)...
2025-10-26 08:43:43,036 - BlankSpaceAnalyzer - INFO - -> Analyzing version 2.1.7 (49/169)...
2025-10-26 08:43:43,116 - BlankSpaceAnalyzer - INFO - -> Analyzing version 2.2.0 (50/169)...
2025-10-26 08:43:43,197 - BlankSpaceAnalyzer - INFO - -> Analyzing version 2.2.1 (51/169)...
2025-10-26 08:43:43,277 - BlankSpaceAnalyzer - INFO - -> Analyzing version 2.2.2 (52/169)...
2025-10-26 08:43:43,355 - BlankSpaceAnalyzer - INFO - -> Analyzing version 3.0.0 (53/169)...
2025-10-26 08:43:43,433 - BlankSpaceAnalyzer - INFO - -> Analyzing version 3.0.0-beta-1 (54/169)...
2025-10-26 08:43:43,512 - BlankSpaceAnalyzer - INFO - -> Analyzing version 3.1.0 (55/169)...
2025-10-26 08:43:43,593 - BlankSpaceAnalyzer - INFO - -> Analyzing version 3.1.1 (56/169)...
2025-10-26 08:43:43,673 - BlankSpaceAnalyzer - INFO - -> Analyzing version 3.1.2 (57/169)...
2025-10-26 08:43:43,750 - BlankSpaceAnalyzer - INFO - -> Analyzing version 3.2.0 (58/169)...
2025-10-26 08:43:43,823 - BlankSpaceAnalyzer - INFO - -> Analyzing version 3.2.1 (59/169)...
2025-10-26 08:43:43,904 - BlankSpaceAnalyzer - INFO - -> Analyzing version 3.2.2 (60/169)...
2025-10-26 08:43:43,984 - BlankSpaceAnalyzer - INFO - -> Analyzing version 3.3.0 (61/169)...
2025-10-26 08:43:44,065 - BlankSpaceAnalyzer - INFO - -> Analyzing version 3.3.1 (62/169)...
2025-10-26 08:43:44,143 - BlankSpaceAnalyzer - INFO - -> Analyzing version 3.3.2 (63/169)...
2025-10-26 08:43:44,218 - BlankSpaceAnalyzer - INFO - -> Analyzing version 3.3.3 (64/169)...
2025-10-26 08:43:44,299 - BlankSpaceAnalyzer - INFO - -> Analyzing version 3.3.4 (65/169)...
2025-10-26 08:43:44,379 - BlankSpaceAnalyzer - INFO - -> Analyzing version 3.3.5 (66/169)...
2025-10-26 08:43:44,460 - BlankSpaceAnalyzer - INFO - -> Analyzing version 3.4.0 (67/169)...
2025-10-26 08:43:44,540 - BlankSpaceAnalyzer - INFO - -> Analyzing version 3.4.1 (68/169)...
2025-10-26 08:43:44,620 - BlankSpaceAnalyzer - INFO - -> Analyzing version 3.4.2 (69/169)...
2025-10-26 08:43:44,700 - BlankSpaceAnalyzer - INFO - -> Analyzing version 3.4.3 (70/169)...
2025-10-26 08:43:44,781 - BlankSpaceAnalyzer - INFO - -> Analyzing version 4.0.0 (71/169)...
2025-10-26 08:43:44,857 - BlankSpaceAnalyzer - INFO - -> Analyzing version 4.0.0-rc.0 (72/169)...
2025-10-26 08:43:44,935 - BlankSpaceAnalyzer - INFO - -> Analyzing version 4.0.0-rc.1 (73/169)...
2025-10-26 08:43:45,015 - BlankSpaceAnalyzer - INFO - -> Analyzing version 4.0.0-rc.2 (74/169)...
2025-10-26 08:43:45,096 - BlankSpaceAnalyzer - INFO - -> Analyzing version 4.0.0-rc.3 (75/169)...
2025-10-26 08:43:45,176 - BlankSpaceAnalyzer - INFO - -> Analyzing version 4.0.0-rc.4 (76/169)...
2025-10-26 08:43:45,256 - BlankSpaceAnalyzer - INFO - -> Analyzing version 4.0.0-rc.5 (77/169)...
2025-10-26 08:43:45,337 - BlankSpaceAnalyzer - INFO - -> Analyzing version 4.0.0-rc.6 (78/169)...
2025-10-26 08:43:45,417 - BlankSpaceAnalyzer - INFO - -> Analyzing version 4.0.1 (79/169)...
2025-10-26 08:43:45,498 - BlankSpaceAnalyzer - INFO - -> Analyzing version 4.0.2 (80/169)...
2025-10-26 08:43:45,579 - BlankSpaceAnalyzer - INFO - -> Analyzing version 4.1.0 (81/169)...
2025-10-26 08:43:45,659 - BlankSpaceAnalyzer - INFO - -> Analyzing version 4.2.0 (82/169)...
2025-10-26 08:43:45,739 - BlankSpaceAnalyzer - INFO - -> Analyzing version 4.2.1 (83/169)...
2025-10-26 08:43:45,819 - BlankSpaceAnalyzer - INFO - -> Analyzing version 4.2.2 (84/169)...
2025-10-26 08:43:45,899 - BlankSpaceAnalyzer - INFO - -> Analyzing version 4.2.3 (85/169)...
2025-10-26 08:43:45,979 - BlankSpaceAnalyzer - INFO - -> Analyzing version 4.3.0 (86/169)...
2025-10-26 08:43:46,060 - BlankSpaceAnalyzer - INFO - -> Analyzing version 4.3.1 (87/169)...
2025-10-26 08:43:46,140 - BlankSpaceAnalyzer - INFO - -> Analyzing version 4.3.2 (88/169)...
2025-10-26 08:43:46,220 - BlankSpaceAnalyzer - INFO - -> Analyzing version 4.4.0 (89/169)...
2025-10-26 08:43:46,300 - BlankSpaceAnalyzer - INFO - -> Analyzing version 4.4.1 (90/169)...
2025-10-26 08:43:46,382 - BlankSpaceAnalyzer - INFO - -> Analyzing version 4.4.2 (91/169)...
2025-10-26 08:43:46,462 - BlankSpaceAnalyzer - INFO - -> Analyzing version 4.4.3 (92/169)...
2025-10-26 08:43:46,542 - BlankSpaceAnalyzer - INFO - -> Analyzing version 4.5.0 (93/169)...
2025-10-26 08:43:46,616 - BlankSpaceAnalyzer - INFO - -> Analyzing version 4.5.0-rc.1 (94/169)...
2025-10-26 08:43:46,697 - BlankSpaceAnalyzer - INFO - -> Analyzing version 4.5.1 (95/169)...
2025-10-26 08:43:46,777 - BlankSpaceAnalyzer - INFO - -> Analyzing version 4.5.2 (96/169)...
2025-10-26 08:43:46,858 - BlankSpaceAnalyzer - INFO - -> Analyzing version 5.0.0 (97/169)...
2025-10-26 08:43:46,938 - BlankSpaceAnalyzer - INFO - -> Analyzing version 5.0.0-rc.1 (98/169)...
2025-10-26 08:43:47,017 - BlankSpaceAnalyzer - INFO - -> Analyzing version 5.0.0-rc.2 (99/169)...
2025-10-26 08:43:47,096 - BlankSpaceAnalyzer - INFO - -> Analyzing version 5.0.0-rc.3 (100/169)...
2025-10-26 08:43:47,169 - BlankSpaceAnalyzer - INFO - -> Analyzing version 5.0.0-rc.4 (101/169)...
2025-10-26 08:43:47,243 - BlankSpaceAnalyzer - INFO - -> Analyzing version 5.0.0-rc.5 (102/169)...
2025-10-26 08:43:47,321 - BlankSpaceAnalyzer - INFO - -> Analyzing version 5.0.0-rc.6 (103/169)...
2025-10-26 08:43:47,399 - BlankSpaceAnalyzer - INFO - -> Analyzing version 5.0.1 (104/169)...
2025-10-26 08:43:47,472 - BlankSpaceAnalyzer - INFO - -> Analyzing version 5.0.1-rc.1 (105/169)...
2025-10-26 08:43:47,548 - BlankSpaceAnalyzer - INFO - -> Analyzing version 5.1.0 (106/169)...
2025-10-26 08:43:47,628 - BlankSpaceAnalyzer - INFO - -> Analyzing version 5.1.1 (107/169)...
2025-10-26 08:43:47,700 - BlankSpaceAnalyzer - INFO - -> Analyzing version 5.2.0 (108/169)...
2025-10-26 08:43:47,778 - BlankSpaceAnalyzer - INFO - -> Analyzing version 5.2.1 (109/169)...
2025-10-26 08:43:47,858 - BlankSpaceAnalyzer - INFO - -> Analyzing version 5.3.0 (110/169)...
2025-10-26 08:43:47,935 - BlankSpaceAnalyzer - INFO - -> Analyzing version 5.3.1 (111/169)...
2025-10-26 08:43:48,007 - BlankSpaceAnalyzer - INFO - -> Analyzing version 5.3.2 (112/169)...
2025-10-26 08:43:48,086 - BlankSpaceAnalyzer - INFO - -> Analyzing version 5.4.0 (113/169)...
2025-10-26 08:43:48,165 - BlankSpaceAnalyzer - INFO - -> Analyzing version 5.4.1 (114/169)...
2025-10-26 08:43:48,240 - BlankSpaceAnalyzer - INFO - -> Analyzing version 5.5.0 (115/169)...
2025-10-26 08:43:48,313 - BlankSpaceAnalyzer - INFO - -> Analyzing version 6.0.0 (116/169)...
2025-10-26 08:43:48,394 - BlankSpaceAnalyzer - INFO - -> Analyzing version 6.0.0-rc.0 (117/169)...
2025-10-26 08:43:48,473 - BlankSpaceAnalyzer - INFO - -> Analyzing version 6.0.0-rc.1 (118/169)...
2025-10-26 08:43:48,548 - BlankSpaceAnalyzer - INFO - -> Analyzing version 6.0.0-rc.2 (119/169)...
2025-10-26 08:43:48,622 - BlankSpaceAnalyzer - INFO - -> Analyzing version 6.0.0-rc.2-1 (120/169)...
2025-10-26 08:43:48,701 - BlankSpaceAnalyzer - INFO - -> Analyzing version 6.0.0-rc.3 (121/169)...
2025-10-26 08:43:48,781 - BlankSpaceAnalyzer - INFO - -> Analyzing version 6.0.1 (122/169)...
2025-10-26 08:43:48,856 - BlankSpaceAnalyzer - INFO - -> Analyzing version 6.0.2 (123/169)...
2025-10-26 08:43:48,930 - BlankSpaceAnalyzer - INFO - -> Analyzing version 6.0.3 (124/169)...
2025-10-26 08:43:49,009 - BlankSpaceAnalyzer - INFO - -> Analyzing version 6.0.4 (125/169)...
2025-10-26 08:43:49,088 - BlankSpaceAnalyzer - INFO - -> Analyzing version 6.0.5 (126/169)...
2025-10-26 08:43:49,168 - BlankSpaceAnalyzer - INFO - -> Analyzing version 6.0.6 (127/169)...
2025-10-26 08:43:49,244 - BlankSpaceAnalyzer - INFO - -> Analyzing version 6.0.7 (128/169)...
2025-10-26 08:43:49,317 - BlankSpaceAnalyzer - INFO - -> Analyzing version 6.0.8 (129/169)...
2025-10-26 08:43:49,397 - BlankSpaceAnalyzer - INFO - -> Analyzing version 6.0.9 (130/169)...
2025-10-26 08:43:49,477 - BlankSpaceAnalyzer - INFO - -> Analyzing version 6.1.0 (131/169)...
2025-10-26 08:43:49,553 - BlankSpaceAnalyzer - INFO - -> Analyzing version 6.2.0 (132/169)...
2025-10-26 08:43:49,626 - BlankSpaceAnalyzer - INFO - -> Analyzing version 7.0.0 (133/169)...
2025-10-26 08:43:49,699 - BlankSpaceAnalyzer - INFO - -> Analyzing version 7.0.0-rc1 (134/169)...
2025-10-26 08:43:49,778 - BlankSpaceAnalyzer - INFO - -> Analyzing version 7.0.0-rc2 (135/169)...
2025-10-26 08:43:49,858 - BlankSpaceAnalyzer - INFO - -> Analyzing version 7.0.0-rc3 (136/169)...
2025-10-26 08:43:49,941 - BlankSpaceAnalyzer - INFO - -> Analyzing version 7.0.1 (137/169)...
2025-10-26 08:43:50,025 - BlankSpaceAnalyzer - INFO - -> Analyzing version 7.0.2 (138/169)...
2025-10-26 08:43:50,104 - BlankSpaceAnalyzer - INFO - -> Analyzing version 7.0.3 (139/169)...
2025-10-26 08:43:50,184 - BlankSpaceAnalyzer - INFO - -> Analyzing version 7.0.4 (140/169)...
2025-10-26 08:43:50,263 - BlankSpaceAnalyzer - INFO - -> Analyzing version 8.0.0 (141/169)...
2025-10-26 08:43:50,340 - BlankSpaceAnalyzer - INFO - -> Analyzing version 8.0.0-rc1 (142/169)...
2025-10-26 08:43:50,413 - BlankSpaceAnalyzer - INFO - -> Analyzing version 8.0.1 (143/169)...
2025-10-26 08:43:50,492 - BlankSpaceAnalyzer - INFO - -> Analyzing version 8.0.2 (144/169)...
2025-10-26 08:43:50,572 - BlankSpaceAnalyzer - INFO - -> Analyzing version 8.0.2-with-side-effects (145/169)...
2025-10-26 08:43:50,651 - BlankSpaceAnalyzer - INFO - -> Analyzing version 8.0.3 (146/169)...
2025-10-26 08:43:50,729 - BlankSpaceAnalyzer - INFO - -> Analyzing version 8.1.0 (147/169)...
2025-10-26 08:43:50,802 - BlankSpaceAnalyzer - INFO - -> Analyzing version 8.1.1 (148/169)...
2025-10-26 08:43:50,881 - BlankSpaceAnalyzer - INFO - -> Analyzing version 8.2.0 (149/169)...
2025-10-26 08:43:50,956 - BlankSpaceAnalyzer - INFO - -> Analyzing version 9.0.0 (150/169)...
2025-10-26 08:43:51,029 - BlankSpaceAnalyzer - INFO - -> Analyzing version 9.0.0-POC (151/169)...
2025-10-26 08:43:51,107 - BlankSpaceAnalyzer - INFO - -> Analyzing version 9.0.0-rc-1 (152/169)...
2025-10-26 08:43:51,185 - BlankSpaceAnalyzer - INFO - -> Analyzing version 9.0.0-rc-2 (153/169)...
2025-10-26 08:43:51,264 - BlankSpaceAnalyzer - INFO - -> Analyzing version 9.0.1 (154/169)...
2025-10-26 08:43:51,343 - BlankSpaceAnalyzer - INFO - -> Analyzing version 9.0.2 (155/169)...
2025-10-26 08:43:51,422 - BlankSpaceAnalyzer - INFO - -> Analyzing version 9.0.3 (156/169)...
2025-10-26 08:43:51,500 - BlankSpaceAnalyzer - INFO - -> Analyzing version 9.0.4 (157/169)...
2025-10-26 08:43:51,579 - BlankSpaceAnalyzer - INFO - -> Analyzing version 9.0.5 (158/169)...
2025-10-26 08:43:51,654 - BlankSpaceAnalyzer - INFO - -> Analyzing version 9.0.6 (159/169)...
2025-10-26 08:43:51,726 - BlankSpaceAnalyzer - INFO - -> Analyzing version 9.0.6-vite-1 (160/169)...
2025-10-26 08:43:51,799 - BlankSpaceAnalyzer - INFO - -> Analyzing version 9.0.7 (161/169)...
2025-10-26 08:43:51,879 - BlankSpaceAnalyzer - INFO - -> Analyzing version 9.0.7-fix-autoclose-1 (162/169)...
2025-10-26 08:43:51,955 - BlankSpaceAnalyzer - INFO - -> Analyzing version 9.0.7-fix-autoclose-2 (163/169)...
2025-10-26 08:43:52,027 - BlankSpaceAnalyzer - INFO - -> Analyzing version 9.0.8 (164/169)...
2025-10-26 08:43:52,100 - BlankSpaceAnalyzer - INFO - -> Analyzing version 9.1.0 (165/169)...
2025-10-26 08:43:52,179 - BlankSpaceAnalyzer - INFO - -> Analyzing version 9.1.1 (166/169)...
2025-10-26 08:43:52,258 - BlankSpaceAnalyzer - INFO - -> Analyzing version 9.1.2 (167/169)...
2025-10-26 08:43:52,335 - BlankSpaceAnalyzer - INFO - -> Analyzing version 9.1.2-rsc (168/169)...
2025-10-26 08:43:52,407 - BlankSpaceAnalyzer - INFO - -> Analyzing version 9.1.3 (169/169)...
2025-10-26 08:43:52,485 - BlankSpaceAnalyzer - INFO - Exporting results for 'react-toastify' to CSV...
2025-10-26 08:43:52,661 - BlankSpaceAnalyzer - INFO - Reports saved in: /app/npm_results/react-toastify
2025-10-26 08:43:52,662 - NPM_Analyzer - INFO - Cleaning temporary folder 'temp/react-toastify'...
2025-10-26 08:43:52,838 - NPM_Analyzer - INFO - Cleanup completed.
