2025-10-29 06:03:58,265 - NPM_Analyzer - INFO - Fetching metadata for 'help-me'...
2025-10-29 06:03:58,401 - NPM_Analyzer - INFO - Found 13 versions. Starting download into 'temp/help-me'...
2025-10-29 06:04:04,728 - BlankSpaceAnalyzer - INFO - Analyzing 13 versions for '*.js' in 'help-me'.
2025-10-29 06:04:04,728 - BlankSpaceAnalyzer - INFO - -> Analyzing version 0.1.0 (1/13)...
2025-10-29 06:04:04,814 - BlankSpaceAnalyzer - INFO - -> Analyzing version 0.2.0 (2/13)...
2025-10-29 06:04:04,870 - BlankSpaceAnalyzer - INFO - -> Analyzing version 1.0.0 (3/13)...
2025-10-29 06:04:04,928 - BlankSpaceAnalyzer - INFO - -> Analyzing version 1.0.1 (4/13)...
2025-10-29 06:04:04,990 - BlankSpaceAnalyzer - INFO - -> Analyzing version 1.1.0 (5/13)...
2025-10-29 06:04:05,052 - BlankSpaceAnalyzer - INFO - -> Analyzing version 2.0.0 (6/13)...
2025-10-29 06:04:05,115 - BlankSpaceAnalyzer - INFO - -> Analyzing version 2.0.1 (7/13)...
2025-10-29 06:04:05,178 - BlankSpaceAnalyzer - INFO - -> Analyzing version 3.0.0 (8/13)...
2025-10-29 06:04:05,240 - BlankSpaceAnalyzer - INFO - -> Analyzing version 4.0.0 (9/13)...
2025-10-29 06:04:05,302 - BlankSpaceAnalyzer - INFO - -> Analyzing version 4.0.1 (10/13)...
2025-10-29 06:04:05,363 - BlankSpaceAnalyzer - INFO - -> Analyzing version 4.1.0 (11/13)...
2025-10-29 06:04:05,425 - BlankSpaceAnalyzer - INFO - -> Analyzing version 4.2.0 (12/13)...
2025-10-29 06:04:05,487 - BlankSpaceAnalyzer - INFO - -> Analyzing version 5.0.0 (13/13)...
2025-10-29 06:04:05,548 - BlankSpaceAnalyzer - INFO - Exporting results for 'help-me' to CSV...
2025-10-29 06:04:05,562 - BlankSpaceAnalyzer - INFO - Reports saved in: /app/npm_results/help-me
2025-10-29 06:04:05,562 - NPM_Analyzer - INFO - Cleaning temporary folder 'temp/help-me'...
2025-10-29 06:04:05,570 - NPM_Analyzer - INFO - Cleanup completed.
