2025-11-07 10:40:33,716 - NPM_Analyzer - INFO - Fetching metadata for '@azure/keyvault-keys'...
2025-11-07 10:40:33,929 - NPM_Analyzer - INFO - Found 590 versions. Starting download into 'temp/@azure_keyvault-keys'...
2025-11-07 11:02:59,987 - BlankSpaceAnalyzer - INFO - Analyzing 590 versions for '*.js' in '@azure_keyvault-keys'.
2025-11-07 11:02:59,988 - BlankSpaceAnalyzer - INFO - -> Analyzing version 4.0.0 (1/590)...
2025-11-07 11:03:00,041 - BlankSpaceAnalyzer - INFO - -> Analyzing version 4.0.0-preview.1 (2/590)...
2025-11-07 11:03:00,088 - BlankSpaceAnalyzer - INFO - -> Analyzing version 4.0.0-preview.2 (3/590)...
2025-11-07 11:03:00,136 - BlankSpaceAnalyzer - INFO - -> Analyzing version 4.0.0-preview.3 (4/590)...
2025-11-07 11:03:00,187 - BlankSpaceAnalyzer - INFO - -> Analyzing version 4.0.0-preview.5 (5/590)...
2025-11-07 11:03:00,241 - BlankSpaceAnalyzer - INFO - -> Analyzing version 4.0.0-preview.7 (6/590)...
2025-11-07 11:03:00,296 - BlankSpaceAnalyzer - INFO - -> Analyzing version 4.0.0-preview.8 (7/590)...
2025-11-07 11:03:00,350 - BlankSpaceAnalyzer - INFO - -> Analyzing version 4.0.0-preview.9 (8/590)...
2025-11-07 11:03:00,406 - BlankSpaceAnalyzer - INFO - -> Analyzing version 4.0.1-dev.20191115.1 (9/590)...
2025-11-07 11:03:00,456 - BlankSpaceAnalyzer - INFO - -> Analyzing version 4.0.1-dev.20191116.1 (10/590)...
2025-11-07 11:03:00,507 - BlankSpaceAnalyzer - INFO - -> Analyzing version 4.0.1-dev.20191117.1 (11/590)...
2025-11-07 11:03:00,559 - BlankSpaceAnalyzer - INFO - -> Analyzing version 4.0.1-dev.20191118.1 (12/590)...
2025-11-07 11:03:00,609 - BlankSpaceAnalyzer - INFO - -> Analyzing version 4.0.2 (13/590)...
2025-11-07 11:03:00,660 - BlankSpaceAnalyzer - INFO - -> Analyzing version 4.0.2-dev.20191204.1 (14/590)...
2025-11-07 11:03:00,711 - BlankSpaceAnalyzer - INFO - -> Analyzing version 4.0.2-dev.20191205.1 (15/590)...
2025-11-07 11:03:00,762 - BlankSpaceAnalyzer - INFO - -> Analyzing version 4.0.2-dev.20191206.1 (16/590)...
2025-11-07 11:03:00,813 - BlankSpaceAnalyzer - INFO - -> Analyzing version 4.0.2-dev.20191207.1 (17/590)...
2025-11-07 11:03:00,864 - BlankSpaceAnalyzer - INFO - -> Analyzing version 4.0.2-dev.20191208.1 (18/590)...
2025-11-07 11:03:00,915 - BlankSpaceAnalyzer - INFO - -> Analyzing version 4.0.2-dev.20191209.1 (19/590)...
2025-11-07 11:03:00,967 - BlankSpaceAnalyzer - INFO - -> Analyzing version 4.0.2-dev.20191210.1 (20/590)...
2025-11-07 11:03:01,018 - BlankSpaceAnalyzer - INFO - -> Analyzing version 4.0.2-dev.20191211.1 (21/590)...
2025-11-07 11:03:01,070 - BlankSpaceAnalyzer - INFO - -> Analyzing version 4.0.2-dev.20191212.1 (22/590)...
2025-11-07 11:03:01,122 - BlankSpaceAnalyzer - INFO - -> Analyzing version 4.0.2-dev.20191213.1 (23/590)...
2025-11-07 11:03:01,173 - BlankSpaceAnalyzer - INFO - -> Analyzing version 4.0.2-dev.20191214.1 (24/590)...
2025-11-07 11:03:01,225 - BlankSpaceAnalyzer - INFO - -> Analyzing version 4.0.2-dev.20191215.1 (25/590)...
2025-11-07 11:03:01,276 - BlankSpaceAnalyzer - INFO - -> Analyzing version 4.0.2-dev.20191216.1 (26/590)...
2025-11-07 11:03:01,328 - BlankSpaceAnalyzer - INFO - -> Analyzing version 4.0.2-dev.20191217.1 (27/590)...
2025-11-07 11:03:01,380 - BlankSpaceAnalyzer - INFO - -> Analyzing version 4.0.2-dev.20191219.1 (28/590)...
2025-11-07 11:03:01,431 - BlankSpaceAnalyzer - INFO - -> Analyzing version 4.0.2-dev.20191220.1 (29/590)...
2025-11-07 11:03:01,483 - BlankSpaceAnalyzer - INFO - -> Analyzing version 4.0.2-dev.20191221.1 (30/590)...
2025-11-07 11:03:01,535 - BlankSpaceAnalyzer - INFO - -> Analyzing version 4.0.2-dev.20191222.1 (31/590)...
2025-11-07 11:03:01,585 - BlankSpaceAnalyzer - INFO - -> Analyzing version 4.0.2-dev.20191223.1 (32/590)...
2025-11-07 11:03:01,636 - BlankSpaceAnalyzer - INFO - -> Analyzing version 4.0.2-dev.20191224.1 (33/590)...
2025-11-07 11:03:01,688 - BlankSpaceAnalyzer - INFO - -> Analyzing version 4.0.2-dev.20191225.1 (34/590)...
2025-11-07 11:03:01,740 - BlankSpaceAnalyzer - INFO - -> Analyzing version 4.0.2-dev.20191226.1 (35/590)...
2025-11-07 11:03:01,795 - BlankSpaceAnalyzer - INFO - -> Analyzing version 4.0.2-dev.20191227.1 (36/590)...
2025-11-07 11:03:01,846 - BlankSpaceAnalyzer - INFO - -> Analyzing version 4.0.2-dev.20191228.1 (37/590)...
2025-11-07 11:03:01,898 - BlankSpaceAnalyzer - INFO - -> Analyzing version 4.0.2-dev.20191229.1 (38/590)...
2025-11-07 11:03:01,950 - BlankSpaceAnalyzer - INFO - -> Analyzing version 4.0.2-dev.20191230.1 (39/590)...
2025-11-07 11:03:02,001 - BlankSpaceAnalyzer - INFO - -> Analyzing version 4.0.2-dev.20191231.1 (40/590)...
2025-11-07 11:03:02,054 - BlankSpaceAnalyzer - INFO - -> Analyzing version 4.0.3 (41/590)...
2025-11-07 11:03:02,105 - BlankSpaceAnalyzer - INFO - -> Analyzing version 4.0.3-dev.20200101.1 (42/590)...
2025-11-07 11:03:02,156 - BlankSpaceAnalyzer - INFO - -> Analyzing version 4.0.3-dev.20200102.1 (43/590)...
2025-11-07 11:03:02,207 - BlankSpaceAnalyzer - INFO - -> Analyzing version 4.0.3-dev.20200103.1 (44/590)...
2025-11-07 11:03:02,259 - BlankSpaceAnalyzer - INFO - -> Analyzing version 4.0.3-dev.20200104.1 (45/590)...
2025-11-07 11:03:02,310 - BlankSpaceAnalyzer - INFO - -> Analyzing version 4.0.3-dev.20200105.1 (46/590)...
2025-11-07 11:03:02,361 - BlankSpaceAnalyzer - INFO - -> Analyzing version 4.0.3-dev.20200106.1 (47/590)...
2025-11-07 11:03:02,412 - BlankSpaceAnalyzer - INFO - -> Analyzing version 4.0.3-dev.20200108.1 (48/590)...
2025-11-07 11:03:02,465 - BlankSpaceAnalyzer - INFO - -> Analyzing version 4.0.3-dev.20200109.1 (49/590)...
2025-11-07 11:03:02,516 - BlankSpaceAnalyzer - INFO - -> Analyzing version 4.0.3-dev.20200110.1 (50/590)...
2025-11-07 11:03:02,567 - BlankSpaceAnalyzer - INFO - -> Analyzing version 4.0.3-dev.20200111.1 (51/590)...
2025-11-07 11:03:02,617 - BlankSpaceAnalyzer - INFO - -> Analyzing version 4.0.3-dev.20200112.1 (52/590)...
2025-11-07 11:03:02,671 - BlankSpaceAnalyzer - INFO - -> Analyzing version 4.0.3-dev.20200113.1 (53/590)...
2025-11-07 11:03:02,721 - BlankSpaceAnalyzer - INFO - -> Analyzing version 4.0.3-dev.20200114.1 (54/590)...
2025-11-07 11:03:02,772 - BlankSpaceAnalyzer - INFO - -> Analyzing version 4.0.3-dev.20200115.1 (55/590)...
2025-11-07 11:03:02,824 - BlankSpaceAnalyzer - INFO - -> Analyzing version 4.0.3-dev.20200116.1 (56/590)...
2025-11-07 11:03:02,875 - BlankSpaceAnalyzer - INFO - -> Analyzing version 4.0.3-dev.20200117.1 (57/590)...
2025-11-07 11:03:02,926 - BlankSpaceAnalyzer - INFO - -> Analyzing version 4.0.3-dev.20200118.1 (58/590)...
2025-11-07 11:03:02,980 - BlankSpaceAnalyzer - INFO - -> Analyzing version 4.0.3-dev.20200119.1 (59/590)...
2025-11-07 11:03:03,032 - BlankSpaceAnalyzer - INFO - -> Analyzing version 4.0.3-dev.20200120.1 (60/590)...
2025-11-07 11:03:03,085 - BlankSpaceAnalyzer - INFO - -> Analyzing version 4.0.3-dev.20200121.1 (61/590)...
2025-11-07 11:03:03,137 - BlankSpaceAnalyzer - INFO - -> Analyzing version 4.0.3-dev.20200122.1 (62/590)...
2025-11-07 11:03:03,188 - BlankSpaceAnalyzer - INFO - -> Analyzing version 4.0.3-dev.20200124.1 (63/590)...
2025-11-07 11:03:03,238 - BlankSpaceAnalyzer - INFO - -> Analyzing version 4.0.3-dev.20200128.1 (64/590)...
2025-11-07 11:03:03,289 - BlankSpaceAnalyzer - INFO - -> Analyzing version 4.0.3-dev.20200129.1 (65/590)...
2025-11-07 11:03:03,340 - BlankSpaceAnalyzer - INFO - -> Analyzing version 4.0.3-dev.20200204.1 (66/590)...
2025-11-07 11:03:03,391 - BlankSpaceAnalyzer - INFO - -> Analyzing version 4.0.3-dev.20200205.1 (67/590)...
2025-11-07 11:03:03,441 - BlankSpaceAnalyzer - INFO - -> Analyzing version 4.0.3-dev.20200206.1 (68/590)...
2025-11-07 11:03:03,492 - BlankSpaceAnalyzer - INFO - -> Analyzing version 4.0.3-dev.20200208.1 (69/590)...
2025-11-07 11:03:03,543 - BlankSpaceAnalyzer - INFO - -> Analyzing version 4.0.3-dev.20200209.1 (70/590)...
2025-11-07 11:03:03,594 - BlankSpaceAnalyzer - INFO - -> Analyzing version 4.0.3-dev.20200210.1 (71/590)...
2025-11-07 11:03:03,645 - BlankSpaceAnalyzer - INFO - -> Analyzing version 4.0.3-dev.20200211.1 (72/590)...
2025-11-07 11:03:03,695 - BlankSpaceAnalyzer - INFO - -> Analyzing version 4.0.3-dev.20200212.1 (73/590)...
2025-11-07 11:03:03,745 - BlankSpaceAnalyzer - INFO - -> Analyzing version 4.0.3-dev.20200213.1 (74/590)...
2025-11-07 11:03:03,797 - BlankSpaceAnalyzer - INFO - -> Analyzing version 4.0.3-dev.20200222.1 (75/590)...
2025-11-07 11:03:03,847 - BlankSpaceAnalyzer - INFO - -> Analyzing version 4.0.3-dev.20200304.1 (76/590)...
2025-11-07 11:03:03,898 - BlankSpaceAnalyzer - INFO - -> Analyzing version 4.0.3-dev.20200305.1 (77/590)...
2025-11-07 11:03:03,948 - BlankSpaceAnalyzer - INFO - -> Analyzing version 4.0.3-dev.20200306.1 (78/590)...
2025-11-07 11:03:03,999 - BlankSpaceAnalyzer - INFO - -> Analyzing version 4.0.3-dev.20200307.1 (79/590)...
2025-11-07 11:03:04,049 - BlankSpaceAnalyzer - INFO - -> Analyzing version 4.0.4 (80/590)...
2025-11-07 11:03:04,100 - BlankSpaceAnalyzer - INFO - -> Analyzing version 4.1.0 (81/590)...
2025-11-07 11:03:04,153 - BlankSpaceAnalyzer - INFO - -> Analyzing version 4.1.0-dev.20200308.1 (82/590)...
2025-11-07 11:03:04,202 - BlankSpaceAnalyzer - INFO - -> Analyzing version 4.1.0-dev.20200310.1 (83/590)...
2025-11-07 11:03:04,251 - BlankSpaceAnalyzer - INFO - -> Analyzing version 4.1.0-dev.20200311.1 (84/590)...
2025-11-07 11:03:04,301 - BlankSpaceAnalyzer - INFO - -> Analyzing version 4.1.0-dev.20200312.1 (85/590)...
2025-11-07 11:03:04,303 - BlankSpaceAnalyzer - INFO - -> Analyzing version 4.1.0-dev.20200325.1 (86/590)...
2025-11-07 11:03:04,304 - BlankSpaceAnalyzer - INFO - -> Analyzing version 4.1.0-dev.20200401.1 (87/590)...
2025-11-07 11:03:04,305 - BlankSpaceAnalyzer - INFO - -> Analyzing version 4.1.0-dev.20200403.1 (88/590)...
2025-11-07 11:03:04,307 - BlankSpaceAnalyzer - INFO - -> Analyzing version 4.1.0-dev.20200417.1 (89/590)...
2025-11-07 11:03:04,308 - BlankSpaceAnalyzer - INFO - -> Analyzing version 4.1.0-dev.20200424.4 (90/590)...
2025-11-07 11:03:04,309 - BlankSpaceAnalyzer - INFO - -> Analyzing version 4.1.0-dev.20200429.1 (91/590)...
2025-11-07 11:03:04,310 - BlankSpaceAnalyzer - INFO - -> Analyzing version 4.1.0-dev.20200430.2 (92/590)...
2025-11-07 11:03:04,312 - BlankSpaceAnalyzer - INFO - -> Analyzing version 4.1.0-dev.20200506.1 (93/590)...
2025-11-07 11:03:04,313 - BlankSpaceAnalyzer - INFO - -> Analyzing version 4.1.0-dev.20200507.1 (94/590)...
2025-11-07 11:03:04,314 - BlankSpaceAnalyzer - INFO - -> Analyzing version 4.1.0-dev.20200511.1 (95/590)...
2025-11-07 11:03:04,315 - BlankSpaceAnalyzer - INFO - -> Analyzing version 4.1.0-dev.20200518.1 (96/590)...
2025-11-07 11:03:04,317 - BlankSpaceAnalyzer - INFO - -> Analyzing version 4.1.0-dev.20200521.1 (97/590)...
2025-11-07 11:03:04,318 - BlankSpaceAnalyzer - INFO - -> Analyzing version 4.1.0-dev.20200527.1 (98/590)...
2025-11-07 11:03:04,319 - BlankSpaceAnalyzer - INFO - -> Analyzing version 4.1.0-dev.20200529.1 (99/590)...
2025-11-07 11:03:04,320 - BlankSpaceAnalyzer - INFO - -> Analyzing version 4.1.0-dev.20200601.3 (100/590)...
2025-11-07 11:03:04,322 - BlankSpaceAnalyzer - INFO - -> Analyzing version 4.1.0-dev.20200602.1 (101/590)...
2025-11-07 11:03:04,323 - BlankSpaceAnalyzer - INFO - -> Analyzing version 4.1.0-dev.20200608.1 (102/590)...
2025-11-07 11:03:04,324 - BlankSpaceAnalyzer - INFO - -> Analyzing version 4.1.0-dev.20200611.1 (103/590)...
2025-11-07 11:03:04,325 - BlankSpaceAnalyzer - INFO - -> Analyzing version 4.1.0-dev.20200625.1 (104/590)...
2025-11-07 11:03:04,377 - BlankSpaceAnalyzer - INFO - -> Analyzing version 4.1.0-dev.20200626.1 (105/590)...
2025-11-07 11:03:04,430 - BlankSpaceAnalyzer - INFO - -> Analyzing version 4.1.0-dev.20200629.1 (106/590)...
2025-11-07 11:03:04,481 - BlankSpaceAnalyzer - INFO - -> Analyzing version 4.1.0-dev.20200701.1 (107/590)...
2025-11-07 11:03:04,533 - BlankSpaceAnalyzer - INFO - -> Analyzing version 4.1.0-dev.20200702.1 (108/590)...
2025-11-07 11:03:04,584 - BlankSpaceAnalyzer - INFO - -> Analyzing version 4.1.0-dev.20200707.1 (109/590)...
2025-11-07 11:03:04,635 - BlankSpaceAnalyzer - INFO - -> Analyzing version 4.1.0-dev.20200713.1 (110/590)...
2025-11-07 11:03:04,687 - BlankSpaceAnalyzer - INFO - -> Analyzing version 4.1.0-dev.20200714.1 (111/590)...
2025-11-07 11:03:04,739 - BlankSpaceAnalyzer - INFO - -> Analyzing version 4.1.0-dev.20200727.1 (112/590)...
2025-11-07 11:03:04,791 - BlankSpaceAnalyzer - INFO - -> Analyzing version 4.1.0-dev.20200728.1 (113/590)...
2025-11-07 11:03:04,843 - BlankSpaceAnalyzer - INFO - -> Analyzing version 4.1.0-dev.20200729.1 (114/590)...
2025-11-07 11:03:04,895 - BlankSpaceAnalyzer - INFO - -> Analyzing version 4.1.0-dev.20200804.1 (115/590)...
2025-11-07 11:03:04,947 - BlankSpaceAnalyzer - INFO - -> Analyzing version 4.1.0-dev.20200805.1 (116/590)...
2025-11-07 11:03:04,999 - BlankSpaceAnalyzer - INFO - -> Analyzing version 4.1.0-dev.20200807.1 (117/590)...
2025-11-07 11:03:05,054 - BlankSpaceAnalyzer - INFO - -> Analyzing version 4.1.0-dev.20200811.2 (118/590)...
2025-11-07 11:03:05,105 - BlankSpaceAnalyzer - INFO - -> Analyzing version 4.1.0-dev.20200812.4 (119/590)...
2025-11-07 11:03:05,158 - BlankSpaceAnalyzer - INFO - -> Analyzing version 4.1.0-dev.20200814.1 (120/590)...
2025-11-07 11:03:05,211 - BlankSpaceAnalyzer - INFO - -> Analyzing version 4.1.0-dev.20200819.1 (121/590)...
2025-11-07 11:03:05,264 - BlankSpaceAnalyzer - INFO - -> Analyzing version 4.1.0-dev.20200820.1 (122/590)...
2025-11-07 11:03:05,320 - BlankSpaceAnalyzer - INFO - -> Analyzing version 4.1.0-dev.20200821.1 (123/590)...
2025-11-07 11:03:05,372 - BlankSpaceAnalyzer - INFO - -> Analyzing version 4.1.0-dev.20200824.1 (124/590)...
2025-11-07 11:03:05,426 - BlankSpaceAnalyzer - INFO - -> Analyzing version 4.1.0-dev.20200826.1 (125/590)...
2025-11-07 11:03:05,479 - BlankSpaceAnalyzer - INFO - -> Analyzing version 4.1.0-dev.20200827.1 (126/590)...
2025-11-07 11:03:05,532 - BlankSpaceAnalyzer - INFO - -> Analyzing version 4.1.0-preview.1 (127/590)...
2025-11-07 11:03:05,582 - BlankSpaceAnalyzer - INFO - -> Analyzing version 4.1.1-alpha.20200903.1 (128/590)...
2025-11-07 11:03:05,636 - BlankSpaceAnalyzer - INFO - -> Analyzing version 4.1.1-alpha.20200904.1 (129/590)...
2025-11-07 11:03:05,690 - BlankSpaceAnalyzer - INFO - -> Analyzing version 4.1.1-alpha.20200910.1 (130/590)...
2025-11-07 11:03:05,745 - BlankSpaceAnalyzer - INFO - -> Analyzing version 4.1.1-dev.20200902.1 (131/590)...
2025-11-07 11:03:05,805 - BlankSpaceAnalyzer - INFO - -> Analyzing version 4.10.0 (132/590)...
2025-11-07 11:03:05,858 - BlankSpaceAnalyzer - INFO - -> Analyzing version 4.10.0-alpha.20250226.2 (133/590)...
2025-11-07 11:03:05,910 - BlankSpaceAnalyzer - INFO - -> Analyzing version 4.10.0-alpha.20250227.1 (134/590)...
2025-11-07 11:03:05,962 - BlankSpaceAnalyzer - INFO - -> Analyzing version 4.10.0-alpha.20250228.1 (135/590)...
2025-11-07 11:03:06,014 - BlankSpaceAnalyzer - INFO - -> Analyzing version 4.10.0-alpha.20250303.1 (136/590)...
2025-11-07 11:03:06,067 - BlankSpaceAnalyzer - INFO - -> Analyzing version 4.10.0-alpha.20250304.1 (137/590)...
2025-11-07 11:03:06,120 - BlankSpaceAnalyzer - INFO - -> Analyzing version 4.10.0-alpha.20250305.1 (138/590)...
2025-11-07 11:03:06,173 - BlankSpaceAnalyzer - INFO - -> Analyzing version 4.10.0-alpha.20250306.1 (139/590)...
2025-11-07 11:03:06,224 - BlankSpaceAnalyzer - INFO - -> Analyzing version 4.10.0-alpha.20250307.2 (140/590)...
2025-11-07 11:03:06,278 - BlankSpaceAnalyzer - INFO - -> Analyzing version 4.10.0-alpha.20250310.3 (141/590)...
2025-11-07 11:03:06,330 - BlankSpaceAnalyzer - INFO - -> Analyzing version 4.10.0-alpha.20250311.1 (142/590)...
2025-11-07 11:03:06,382 - BlankSpaceAnalyzer - INFO - -> Analyzing version 4.10.0-alpha.20250313.1 (143/590)...
2025-11-07 11:03:06,437 - BlankSpaceAnalyzer - INFO - -> Analyzing version 4.10.0-alpha.20250314.1 (144/590)...
2025-11-07 11:03:06,489 - BlankSpaceAnalyzer - INFO - -> Analyzing version 4.10.0-alpha.20250318.1 (145/590)...
2025-11-07 11:03:06,542 - BlankSpaceAnalyzer - INFO - -> Analyzing version 4.10.0-alpha.20250319.3 (146/590)...
2025-11-07 11:03:06,594 - BlankSpaceAnalyzer - INFO - -> Analyzing version 4.10.0-alpha.20250320.1 (147/590)...
2025-11-07 11:03:06,646 - BlankSpaceAnalyzer - INFO - -> Analyzing version 4.10.0-alpha.20250321.1 (148/590)...
2025-11-07 11:03:06,699 - BlankSpaceAnalyzer - INFO - -> Analyzing version 4.10.0-alpha.20250324.1 (149/590)...
2025-11-07 11:03:06,751 - BlankSpaceAnalyzer - INFO - -> Analyzing version 4.10.0-alpha.20250325.1 (150/590)...
2025-11-07 11:03:06,803 - BlankSpaceAnalyzer - INFO - -> Analyzing version 4.10.0-alpha.20250326.2 (151/590)...
2025-11-07 11:03:06,854 - BlankSpaceAnalyzer - INFO - -> Analyzing version 4.10.0-alpha.20250327.1 (152/590)...
2025-11-07 11:03:06,908 - BlankSpaceAnalyzer - INFO - -> Analyzing version 4.10.0-alpha.20250328.1 (153/590)...
2025-11-07 11:03:06,960 - BlankSpaceAnalyzer - INFO - -> Analyzing version 4.10.0-alpha.20250331.1 (154/590)...
2025-11-07 11:03:07,013 - BlankSpaceAnalyzer - INFO - -> Analyzing version 4.10.0-alpha.20250401.1 (155/590)...
2025-11-07 11:03:07,067 - BlankSpaceAnalyzer - INFO - -> Analyzing version 4.10.0-alpha.20250402.1 (156/590)...
2025-11-07 11:03:07,121 - BlankSpaceAnalyzer - INFO - -> Analyzing version 4.10.0-alpha.20250403.1 (157/590)...
2025-11-07 11:03:07,173 - BlankSpaceAnalyzer - INFO - -> Analyzing version 4.10.0-alpha.20250404.1 (158/590)...
2025-11-07 11:03:07,227 - BlankSpaceAnalyzer - INFO - -> Analyzing version 4.10.0-alpha.20250407.1 (159/590)...
2025-11-07 11:03:07,279 - BlankSpaceAnalyzer - INFO - -> Analyzing version 4.10.0-alpha.20250408.1 (160/590)...
2025-11-07 11:03:07,332 - BlankSpaceAnalyzer - INFO - -> Analyzing version 4.10.0-alpha.20250409.1 (161/590)...
2025-11-07 11:03:07,385 - BlankSpaceAnalyzer - INFO - -> Analyzing version 4.10.0-alpha.20250410.1 (162/590)...
2025-11-07 11:03:07,437 - BlankSpaceAnalyzer - INFO - -> Analyzing version 4.10.0-alpha.20250416.1 (163/590)...
2025-11-07 11:03:07,490 - BlankSpaceAnalyzer - INFO - -> Analyzing version 4.10.0-alpha.20250417.2 (164/590)...
2025-11-07 11:03:07,543 - BlankSpaceAnalyzer - INFO - -> Analyzing version 4.10.0-alpha.20250418.1 (165/590)...
2025-11-07 11:03:07,595 - BlankSpaceAnalyzer - INFO - -> Analyzing version 4.10.0-alpha.20250421.1 (166/590)...
2025-11-07 11:03:07,647 - BlankSpaceAnalyzer - INFO - -> Analyzing version 4.10.0-alpha.20250422.1 (167/590)...
2025-11-07 11:03:07,699 - BlankSpaceAnalyzer - INFO - -> Analyzing version 4.10.0-alpha.20250520.3 (168/590)...
2025-11-07 11:03:07,751 - BlankSpaceAnalyzer - INFO - -> Analyzing version 4.10.0-alpha.20250521.1 (169/590)...
2025-11-07 11:03:07,803 - BlankSpaceAnalyzer - INFO - -> Analyzing version 4.10.0-alpha.20250522.1 (170/590)...
2025-11-07 11:03:07,856 - BlankSpaceAnalyzer - INFO - -> Analyzing version 4.10.0-alpha.20250523.1 (171/590)...
2025-11-07 11:03:07,907 - BlankSpaceAnalyzer - INFO - -> Analyzing version 4.10.0-alpha.20250526.1 (172/590)...
2025-11-07 11:03:07,963 - BlankSpaceAnalyzer - INFO - -> Analyzing version 4.10.0-alpha.20250527.1 (173/590)...
2025-11-07 11:03:08,014 - BlankSpaceAnalyzer - INFO - -> Analyzing version 4.10.0-alpha.20250528.1 (174/590)...
2025-11-07 11:03:08,067 - BlankSpaceAnalyzer - INFO - -> Analyzing version 4.10.0-alpha.20250529.1 (175/590)...
2025-11-07 11:03:08,121 - BlankSpaceAnalyzer - INFO - -> Analyzing version 4.10.0-alpha.20250530.1 (176/590)...
2025-11-07 11:03:08,173 - BlankSpaceAnalyzer - INFO - -> Analyzing version 4.10.0-alpha.20250610.3 (177/590)...
2025-11-07 11:03:08,225 - BlankSpaceAnalyzer - INFO - -> Analyzing version 4.10.0-beta.1 (178/590)...
2025-11-07 11:03:08,277 - BlankSpaceAnalyzer - INFO - -> Analyzing version 4.10.1 (179/590)...
2025-11-07 11:03:08,330 - BlankSpaceAnalyzer - INFO - -> Analyzing version 4.10.1-alpha.20250611.4 (180/590)...
2025-11-07 11:03:08,382 - BlankSpaceAnalyzer - INFO - -> Analyzing version 4.10.1-alpha.20250612.1 (181/590)...
2025-11-07 11:03:08,435 - BlankSpaceAnalyzer - INFO - -> Analyzing version 4.10.1-alpha.20250613.1 (182/590)...
2025-11-07 11:03:08,487 - BlankSpaceAnalyzer - INFO - -> Analyzing version 4.10.1-alpha.20250616.1 (183/590)...
2025-11-07 11:03:08,541 - BlankSpaceAnalyzer - INFO - -> Analyzing version 4.10.1-alpha.20250617.1 (184/590)...
2025-11-07 11:03:08,594 - BlankSpaceAnalyzer - INFO - -> Analyzing version 4.10.1-alpha.20250618.1 (185/590)...
2025-11-07 11:03:08,647 - BlankSpaceAnalyzer - INFO - -> Analyzing version 4.10.1-alpha.20250619.1 (186/590)...
2025-11-07 11:03:08,700 - BlankSpaceAnalyzer - INFO - -> Analyzing version 4.10.1-alpha.20250702.2 (187/590)...
2025-11-07 11:03:08,753 - BlankSpaceAnalyzer - INFO - -> Analyzing version 4.10.1-alpha.20250717.1 (188/590)...
2025-11-07 11:03:08,806 - BlankSpaceAnalyzer - INFO - -> Analyzing version 4.10.1-alpha.20250722.2 (189/590)...
2025-11-07 11:03:08,860 - BlankSpaceAnalyzer - INFO - -> Analyzing version 4.10.1-alpha.20250730.1 (190/590)...
2025-11-07 11:03:08,913 - BlankSpaceAnalyzer - INFO - -> Analyzing version 4.10.1-alpha.20250804.1 (191/590)...
2025-11-07 11:03:08,966 - BlankSpaceAnalyzer - INFO - -> Analyzing version 4.10.1-alpha.20250825.1 (192/590)...
2025-11-07 11:03:09,018 - BlankSpaceAnalyzer - INFO - -> Analyzing version 4.10.1-alpha.20250826.1 (193/590)...
2025-11-07 11:03:09,072 - BlankSpaceAnalyzer - INFO - -> Analyzing version 4.10.1-alpha.20250827.1 (194/590)...
2025-11-07 11:03:09,124 - BlankSpaceAnalyzer - INFO - -> Analyzing version 4.10.1-alpha.20250828.1 (195/590)...
2025-11-07 11:03:09,177 - BlankSpaceAnalyzer - INFO - -> Analyzing version 4.10.1-alpha.20250901.1 (196/590)...
2025-11-07 11:03:09,229 - BlankSpaceAnalyzer - INFO - -> Analyzing version 4.10.1-alpha.20250902.1 (197/590)...
2025-11-07 11:03:09,284 - BlankSpaceAnalyzer - INFO - -> Analyzing version 4.10.1-alpha.20250904.1 (198/590)...
2025-11-07 11:03:09,336 - BlankSpaceAnalyzer - INFO - -> Analyzing version 4.10.1-alpha.20250905.1 (199/590)...
2025-11-07 11:03:09,391 - BlankSpaceAnalyzer - INFO - -> Analyzing version 4.10.1-alpha.20250908.1 (200/590)...
2025-11-07 11:03:09,444 - BlankSpaceAnalyzer - INFO - -> Analyzing version 4.10.1-alpha.20250909.1 (201/590)...
2025-11-07 11:03:09,496 - BlankSpaceAnalyzer - INFO - -> Analyzing version 4.10.1-alpha.20250910.1 (202/590)...
2025-11-07 11:03:09,550 - BlankSpaceAnalyzer - INFO - -> Analyzing version 4.10.1-alpha.20250911.1 (203/590)...
2025-11-07 11:03:09,603 - BlankSpaceAnalyzer - INFO - -> Analyzing version 4.10.1-alpha.20250912.1 (204/590)...
2025-11-07 11:03:09,659 - BlankSpaceAnalyzer - INFO - -> Analyzing version 4.10.1-alpha.20250915.1 (205/590)...
2025-11-07 11:03:09,712 - BlankSpaceAnalyzer - INFO - -> Analyzing version 4.10.1-alpha.20250916.1 (206/590)...
2025-11-07 11:03:09,765 - BlankSpaceAnalyzer - INFO - -> Analyzing version 4.10.1-alpha.20250917.1 (207/590)...
2025-11-07 11:03:09,819 - BlankSpaceAnalyzer - INFO - -> Analyzing version 4.10.1-alpha.20250918.1 (208/590)...
2025-11-07 11:03:09,875 - BlankSpaceAnalyzer - INFO - -> Analyzing version 4.10.1-alpha.20250922.2 (209/590)...
2025-11-07 11:03:09,927 - BlankSpaceAnalyzer - INFO - -> Analyzing version 4.10.2-alpha.20250924.2 (210/590)...
2025-11-07 11:03:09,981 - BlankSpaceAnalyzer - INFO - -> Analyzing version 4.10.2-alpha.20250925.1 (211/590)...
2025-11-07 11:03:10,036 - BlankSpaceAnalyzer - INFO - -> Analyzing version 4.10.2-alpha.20250926.1 (212/590)...
2025-11-07 11:03:10,088 - BlankSpaceAnalyzer - INFO - -> Analyzing version 4.10.2-alpha.20250929.1 (213/590)...
2025-11-07 11:03:10,140 - BlankSpaceAnalyzer - INFO - -> Analyzing version 4.10.2-alpha.20250930.1 (214/590)...
2025-11-07 11:03:10,193 - BlankSpaceAnalyzer - INFO - -> Analyzing version 4.10.2-alpha.20251001.1 (215/590)...
2025-11-07 11:03:10,246 - BlankSpaceAnalyzer - INFO - -> Analyzing version 4.10.2-alpha.20251002.1 (216/590)...
2025-11-07 11:03:10,297 - BlankSpaceAnalyzer - INFO - -> Analyzing version 4.10.2-alpha.20251003.1 (217/590)...
2025-11-07 11:03:10,351 - BlankSpaceAnalyzer - INFO - -> Analyzing version 4.10.2-alpha.20251006.1 (218/590)...
2025-11-07 11:03:10,406 - BlankSpaceAnalyzer - INFO - -> Analyzing version 4.10.2-alpha.20251007.1 (219/590)...
2025-11-07 11:03:10,457 - BlankSpaceAnalyzer - INFO - -> Analyzing version 4.10.2-alpha.20251008.1 (220/590)...
2025-11-07 11:03:10,510 - BlankSpaceAnalyzer - INFO - -> Analyzing version 4.10.2-alpha.20251009.1 (221/590)...
2025-11-07 11:03:10,564 - BlankSpaceAnalyzer - INFO - -> Analyzing version 4.10.2-alpha.20251013.1 (222/590)...
2025-11-07 11:03:10,615 - BlankSpaceAnalyzer - INFO - -> Analyzing version 4.10.2-alpha.20251014.1 (223/590)...
2025-11-07 11:03:10,694 - BlankSpaceAnalyzer - INFO - -> Analyzing version 4.10.2-alpha.20251017.1 (224/590)...
2025-11-07 11:03:10,747 - BlankSpaceAnalyzer - INFO - -> Analyzing version 4.10.2-alpha.20251020.1 (225/590)...
2025-11-07 11:03:10,801 - BlankSpaceAnalyzer - INFO - -> Analyzing version 4.10.2-alpha.20251021.1 (226/590)...
2025-11-07 11:03:10,855 - BlankSpaceAnalyzer - INFO - -> Analyzing version 4.10.2-alpha.20251022.1 (227/590)...
2025-11-07 11:03:10,909 - BlankSpaceAnalyzer - INFO - -> Analyzing version 4.10.2-alpha.20251023.1 (228/590)...
2025-11-07 11:03:10,962 - BlankSpaceAnalyzer - INFO - -> Analyzing version 4.10.2-alpha.20251024.1 (229/590)...
2025-11-07 11:03:11,017 - BlankSpaceAnalyzer - INFO - -> Analyzing version 4.10.2-alpha.20251027.1 (230/590)...
2025-11-07 11:03:11,069 - BlankSpaceAnalyzer - INFO - -> Analyzing version 4.10.2-alpha.20251029.1 (231/590)...
2025-11-07 11:03:11,121 - BlankSpaceAnalyzer - INFO - -> Analyzing version 4.10.2-alpha.20251030.1 (232/590)...
2025-11-07 11:03:11,176 - BlankSpaceAnalyzer - INFO - -> Analyzing version 4.10.2-alpha.20251031.1 (233/590)...
2025-11-07 11:03:11,228 - BlankSpaceAnalyzer - INFO - -> Analyzing version 4.10.2-alpha.20251104.1 (234/590)...
2025-11-07 11:03:11,282 - BlankSpaceAnalyzer - INFO - -> Analyzing version 4.10.2-alpha.20251105.1 (235/590)...
2025-11-07 11:03:11,337 - BlankSpaceAnalyzer - INFO - -> Analyzing version 4.10.2-alpha.20251106.1 (236/590)...
2025-11-07 11:03:11,389 - BlankSpaceAnalyzer - INFO - -> Analyzing version 4.2.0 (237/590)...
2025-11-07 11:03:11,439 - BlankSpaceAnalyzer - INFO - -> Analyzing version 4.2.0-alpha.20200911.3 (238/590)...
2025-11-07 11:03:11,494 - BlankSpaceAnalyzer - INFO - -> Analyzing version 4.2.0-alpha.20200915.1 (239/590)...
2025-11-07 11:03:11,548 - BlankSpaceAnalyzer - INFO - -> Analyzing version 4.2.0-alpha.20200918.1 (240/590)...
2025-11-07 11:03:11,603 - BlankSpaceAnalyzer - INFO - -> Analyzing version 4.2.0-alpha.20200921.1 (241/590)...
2025-11-07 11:03:11,658 - BlankSpaceAnalyzer - INFO - -> Analyzing version 4.2.0-alpha.20200923.1 (242/590)...
2025-11-07 11:03:11,713 - BlankSpaceAnalyzer - INFO - -> Analyzing version 4.2.0-alpha.20200924.1 (243/590)...
2025-11-07 11:03:11,766 - BlankSpaceAnalyzer - INFO - -> Analyzing version 4.2.0-alpha.20200925.1 (244/590)...
2025-11-07 11:03:11,821 - BlankSpaceAnalyzer - INFO - -> Analyzing version 4.2.0-alpha.20200928.1 (245/590)...
2025-11-07 11:03:11,875 - BlankSpaceAnalyzer - INFO - -> Analyzing version 4.2.0-alpha.20200929.1 (246/590)...
2025-11-07 11:03:11,930 - BlankSpaceAnalyzer - INFO - -> Analyzing version 4.2.0-alpha.20200930.1 (247/590)...
2025-11-07 11:03:11,984 - BlankSpaceAnalyzer - INFO - -> Analyzing version 4.2.0-alpha.20201001.1 (248/590)...
2025-11-07 11:03:12,038 - BlankSpaceAnalyzer - INFO - -> Analyzing version 4.2.0-alpha.20201002.1 (249/590)...
2025-11-07 11:03:12,093 - BlankSpaceAnalyzer - INFO - -> Analyzing version 4.2.0-alpha.20201006.2 (250/590)...
2025-11-07 11:03:12,147 - BlankSpaceAnalyzer - INFO - -> Analyzing version 4.2.0-alpha.20201012.1 (251/590)...
2025-11-07 11:03:12,201 - BlankSpaceAnalyzer - INFO - -> Analyzing version 4.2.0-alpha.20201014.1 (252/590)...
2025-11-07 11:03:12,255 - BlankSpaceAnalyzer - INFO - -> Analyzing version 4.2.0-alpha.20201015.1 (253/590)...
2025-11-07 11:03:12,309 - BlankSpaceAnalyzer - INFO - -> Analyzing version 4.2.0-alpha.20201019.1 (254/590)...
2025-11-07 11:03:12,364 - BlankSpaceAnalyzer - INFO - -> Analyzing version 4.2.0-alpha.20201022.1 (255/590)...
2025-11-07 11:03:12,418 - BlankSpaceAnalyzer - INFO - -> Analyzing version 4.2.0-alpha.20201029.1 (256/590)...
2025-11-07 11:03:12,472 - BlankSpaceAnalyzer - INFO - -> Analyzing version 4.2.0-alpha.20201030.1 (257/590)...
2025-11-07 11:03:12,528 - BlankSpaceAnalyzer - INFO - -> Analyzing version 4.2.0-alpha.20201102.1 (258/590)...
2025-11-07 11:03:12,584 - BlankSpaceAnalyzer - INFO - -> Analyzing version 4.2.0-alpha.20201103.1 (259/590)...
2025-11-07 11:03:12,639 - BlankSpaceAnalyzer - INFO - -> Analyzing version 4.2.0-alpha.20201104.1 (260/590)...
2025-11-07 11:03:12,695 - BlankSpaceAnalyzer - INFO - -> Analyzing version 4.2.0-alpha.20201109.1 (261/590)...
2025-11-07 11:03:12,748 - BlankSpaceAnalyzer - INFO - -> Analyzing version 4.2.0-alpha.20201117.1 (262/590)...
2025-11-07 11:03:12,802 - BlankSpaceAnalyzer - INFO - -> Analyzing version 4.2.0-alpha.20201120.1 (263/590)...
2025-11-07 11:03:12,856 - BlankSpaceAnalyzer - INFO - -> Analyzing version 4.2.0-alpha.20201124.1 (264/590)...
2025-11-07 11:03:12,908 - BlankSpaceAnalyzer - INFO - -> Analyzing version 4.2.0-alpha.20201125.1 (265/590)...
2025-11-07 11:03:12,958 - BlankSpaceAnalyzer - INFO - -> Analyzing version 4.2.0-alpha.20201201.1 (266/590)...
2025-11-07 11:03:13,008 - BlankSpaceAnalyzer - INFO - -> Analyzing version 4.2.0-alpha.20201204.1 (267/590)...
2025-11-07 11:03:13,062 - BlankSpaceAnalyzer - INFO - -> Analyzing version 4.2.0-alpha.20201214.1 (268/590)...
2025-11-07 11:03:13,111 - BlankSpaceAnalyzer - INFO - -> Analyzing version 4.2.0-alpha.20201215.1 (269/590)...
2025-11-07 11:03:13,161 - BlankSpaceAnalyzer - INFO - -> Analyzing version 4.2.0-alpha.20201217.1 (270/590)...
2025-11-07 11:03:13,214 - BlankSpaceAnalyzer - INFO - -> Analyzing version 4.2.0-alpha.20201223.1 (271/590)...
2025-11-07 11:03:13,263 - BlankSpaceAnalyzer - INFO - -> Analyzing version 4.2.0-alpha.20210105.1 (272/590)...
2025-11-07 11:03:13,314 - BlankSpaceAnalyzer - INFO - -> Analyzing version 4.2.0-alpha.20210107.1 (273/590)...
2025-11-07 11:03:13,366 - BlankSpaceAnalyzer - INFO - -> Analyzing version 4.2.0-alpha.20210111.1 (274/590)...
2025-11-07 11:03:13,414 - BlankSpaceAnalyzer - INFO - -> Analyzing version 4.2.0-alpha.20210112.1 (275/590)...
2025-11-07 11:03:13,465 - BlankSpaceAnalyzer - INFO - -> Analyzing version 4.2.0-alpha.20210115.1 (276/590)...
2025-11-07 11:03:13,515 - BlankSpaceAnalyzer - INFO - -> Analyzing version 4.2.0-alpha.20210121.1 (277/590)...
2025-11-07 11:03:13,568 - BlankSpaceAnalyzer - INFO - -> Analyzing version 4.2.0-alpha.20210122.1 (278/590)...
2025-11-07 11:03:13,618 - BlankSpaceAnalyzer - INFO - -> Analyzing version 4.2.0-alpha.20210127.1 (279/590)...
2025-11-07 11:03:13,668 - BlankSpaceAnalyzer - INFO - -> Analyzing version 4.2.0-alpha.20210128.1 (280/590)...
2025-11-07 11:03:13,719 - BlankSpaceAnalyzer - INFO - -> Analyzing version 4.2.0-alpha.20210202.1 (281/590)...
2025-11-07 11:03:13,769 - BlankSpaceAnalyzer - INFO - -> Analyzing version 4.2.0-alpha.20210208.2 (282/590)...
2025-11-07 11:03:13,821 - BlankSpaceAnalyzer - INFO - -> Analyzing version 4.2.0-alpha.20210210.1 (283/590)...
2025-11-07 11:03:13,870 - BlankSpaceAnalyzer - INFO - -> Analyzing version 4.2.0-alpha.20210216.1 (284/590)...
2025-11-07 11:03:13,920 - BlankSpaceAnalyzer - INFO - -> Analyzing version 4.2.0-alpha.20210223.1 (285/590)...
2025-11-07 11:03:13,973 - BlankSpaceAnalyzer - INFO - -> Analyzing version 4.2.0-alpha.20210302.3 (286/590)...
2025-11-07 11:03:14,024 - BlankSpaceAnalyzer - INFO - -> Analyzing version 4.2.0-alpha.20210303.1 (287/590)...
2025-11-07 11:03:14,074 - BlankSpaceAnalyzer - INFO - -> Analyzing version 4.2.0-alpha.20210315.1 (288/590)...
2025-11-07 11:03:14,125 - BlankSpaceAnalyzer - INFO - -> Analyzing version 4.2.0-alpha.20210316.1 (289/590)...
2025-11-07 11:03:14,174 - BlankSpaceAnalyzer - INFO - -> Analyzing version 4.2.0-alpha.20210322.1 (290/590)...
2025-11-07 11:03:14,225 - BlankSpaceAnalyzer - INFO - -> Analyzing version 4.2.0-alpha.20210323.1 (291/590)...
2025-11-07 11:03:14,275 - BlankSpaceAnalyzer - INFO - -> Analyzing version 4.2.0-alpha.20210325.1 (292/590)...
2025-11-07 11:03:14,326 - BlankSpaceAnalyzer - INFO - -> Analyzing version 4.2.0-alpha.20210329.1 (293/590)...
2025-11-07 11:03:14,376 - BlankSpaceAnalyzer - INFO - -> Analyzing version 4.2.0-alpha.20210401.1 (294/590)...
2025-11-07 11:03:14,426 - BlankSpaceAnalyzer - INFO - -> Analyzing version 4.2.0-alpha.20210402.3 (295/590)...
2025-11-07 11:03:14,476 - BlankSpaceAnalyzer - INFO - -> Analyzing version 4.2.0-alpha.20210406.1 (296/590)...
2025-11-07 11:03:14,527 - BlankSpaceAnalyzer - INFO - -> Analyzing version 4.2.0-alpha.20210407.1 (297/590)...
2025-11-07 11:03:14,577 - BlankSpaceAnalyzer - INFO - -> Analyzing version 4.2.0-alpha.20210422.1 (298/590)...
2025-11-07 11:03:14,629 - BlankSpaceAnalyzer - INFO - -> Analyzing version 4.2.0-alpha.20210426.1 (299/590)...
2025-11-07 11:03:14,679 - BlankSpaceAnalyzer - INFO - -> Analyzing version 4.2.0-alpha.20210504.1 (300/590)...
2025-11-07 11:03:14,731 - BlankSpaceAnalyzer - INFO - -> Analyzing version 4.2.0-alpha.20210512.1 (301/590)...
2025-11-07 11:03:14,781 - BlankSpaceAnalyzer - INFO - -> Analyzing version 4.2.0-alpha.20210514.1 (302/590)...
2025-11-07 11:03:14,832 - BlankSpaceAnalyzer - INFO - -> Analyzing version 4.2.0-alpha.20210517.1 (303/590)...
2025-11-07 11:03:14,882 - BlankSpaceAnalyzer - INFO - -> Analyzing version 4.2.0-alpha.20210521.1 (304/590)...
2025-11-07 11:03:14,933 - BlankSpaceAnalyzer - INFO - -> Analyzing version 4.2.0-alpha.20210524.1 (305/590)...
2025-11-07 11:03:14,983 - BlankSpaceAnalyzer - INFO - -> Analyzing version 4.2.0-alpha.20210525.1 (306/590)...
2025-11-07 11:03:15,033 - BlankSpaceAnalyzer - INFO - -> Analyzing version 4.2.0-alpha.20210609.1 (307/590)...
2025-11-07 11:03:15,085 - BlankSpaceAnalyzer - INFO - -> Analyzing version 4.2.0-alpha.20210610.1 (308/590)...
2025-11-07 11:03:15,136 - BlankSpaceAnalyzer - INFO - -> Analyzing version 4.2.0-alpha.20210610.6 (309/590)...
2025-11-07 11:03:15,186 - BlankSpaceAnalyzer - INFO - -> Analyzing version 4.2.0-alpha.20210611.1 (310/590)...
2025-11-07 11:03:15,238 - BlankSpaceAnalyzer - INFO - -> Analyzing version 4.2.0-alpha.20210615.1 (311/590)...
2025-11-07 11:03:15,289 - BlankSpaceAnalyzer - INFO - -> Analyzing version 4.2.0-alpha.20210615.3 (312/590)...
2025-11-07 11:03:15,339 - BlankSpaceAnalyzer - INFO - -> Analyzing version 4.2.0-alpha.20210621.1 (313/590)...
2025-11-07 11:03:15,389 - BlankSpaceAnalyzer - INFO - -> Analyzing version 4.2.0-beta.1 (314/590)...
2025-11-07 11:03:15,443 - BlankSpaceAnalyzer - INFO - -> Analyzing version 4.2.0-beta.2 (315/590)...
2025-11-07 11:03:15,497 - BlankSpaceAnalyzer - INFO - -> Analyzing version 4.2.0-beta.3 (316/590)...
2025-11-07 11:03:15,548 - BlankSpaceAnalyzer - INFO - -> Analyzing version 4.2.0-beta.4 (317/590)...
2025-11-07 11:03:15,599 - BlankSpaceAnalyzer - INFO - -> Analyzing version 4.2.0-beta.5 (318/590)...
2025-11-07 11:03:15,649 - BlankSpaceAnalyzer - INFO - -> Analyzing version 4.2.1 (319/590)...
2025-11-07 11:03:15,703 - BlankSpaceAnalyzer - INFO - -> Analyzing version 4.2.1-alpha.20210615.6 (320/590)...
2025-11-07 11:03:15,754 - BlankSpaceAnalyzer - INFO - -> Analyzing version 4.2.2 (321/590)...
2025-11-07 11:03:15,807 - BlankSpaceAnalyzer - INFO - -> Analyzing version 4.3.0 (322/590)...
2025-11-07 11:03:15,858 - BlankSpaceAnalyzer - INFO - -> Analyzing version 4.3.0-alpha.20210616.1 (323/590)...
2025-11-07 11:03:15,908 - BlankSpaceAnalyzer - INFO - -> Analyzing version 4.3.0-alpha.20210618.1 (324/590)...
2025-11-07 11:03:15,958 - BlankSpaceAnalyzer - INFO - -> Analyzing version 4.3.0-alpha.20210621.6 (325/590)...
2025-11-07 11:03:16,010 - BlankSpaceAnalyzer - INFO - -> Analyzing version 4.3.0-alpha.20210622.2 (326/590)...
2025-11-07 11:03:16,060 - BlankSpaceAnalyzer - INFO - -> Analyzing version 4.3.0-alpha.20210622.4 (327/590)...
2025-11-07 11:03:16,113 - BlankSpaceAnalyzer - INFO - -> Analyzing version 4.3.0-alpha.20210623.3 (328/590)...
2025-11-07 11:03:16,162 - BlankSpaceAnalyzer - INFO - -> Analyzing version 4.3.0-alpha.20210624.2 (329/590)...
2025-11-07 11:03:16,212 - BlankSpaceAnalyzer - INFO - -> Analyzing version 4.3.0-alpha.20210625.2 (330/590)...
2025-11-07 11:03:16,263 - BlankSpaceAnalyzer - INFO - -> Analyzing version 4.3.0-alpha.20210628.2 (331/590)...
2025-11-07 11:03:16,313 - BlankSpaceAnalyzer - INFO - -> Analyzing version 4.3.0-alpha.20210628.3 (332/590)...
2025-11-07 11:03:16,363 - BlankSpaceAnalyzer - INFO - -> Analyzing version 4.3.0-alpha.20210629.1 (333/590)...
2025-11-07 11:03:16,414 - BlankSpaceAnalyzer - INFO - -> Analyzing version 4.3.0-alpha.20210629.3 (334/590)...
2025-11-07 11:03:16,464 - BlankSpaceAnalyzer - INFO - -> Analyzing version 4.3.0-alpha.20210630.5 (335/590)...
2025-11-07 11:03:16,515 - BlankSpaceAnalyzer - INFO - -> Analyzing version 4.3.0-alpha.20210706.2 (336/590)...
2025-11-07 11:03:16,567 - BlankSpaceAnalyzer - INFO - -> Analyzing version 4.3.0-alpha.20210707.8 (337/590)...
2025-11-07 11:03:16,617 - BlankSpaceAnalyzer - INFO - -> Analyzing version 4.3.0-alpha.20210708.3 (338/590)...
2025-11-07 11:03:16,670 - BlankSpaceAnalyzer - INFO - -> Analyzing version 4.3.0-alpha.20210709.2 (339/590)...
2025-11-07 11:03:16,720 - BlankSpaceAnalyzer - INFO - -> Analyzing version 4.3.0-alpha.20210715.1 (340/590)...
2025-11-07 11:03:16,771 - BlankSpaceAnalyzer - INFO - -> Analyzing version 4.3.0-alpha.20210716.1 (341/590)...
2025-11-07 11:03:16,822 - BlankSpaceAnalyzer - INFO - -> Analyzing version 4.3.0-alpha.20210727.4 (342/590)...
2025-11-07 11:03:16,873 - BlankSpaceAnalyzer - INFO - -> Analyzing version 4.3.0-beta.1 (343/590)...
2025-11-07 11:03:16,923 - BlankSpaceAnalyzer - INFO - -> Analyzing version 4.4.0 (344/590)...
2025-11-07 11:03:16,973 - BlankSpaceAnalyzer - INFO - -> Analyzing version 4.4.0-alpha.20210730.5 (345/590)...
2025-11-07 11:03:17,024 - BlankSpaceAnalyzer - INFO - -> Analyzing version 4.4.0-alpha.20210803.2 (346/590)...
2025-11-07 11:03:17,074 - BlankSpaceAnalyzer - INFO - -> Analyzing version 4.4.0-alpha.20210804.1 (347/590)...
2025-11-07 11:03:17,125 - BlankSpaceAnalyzer - INFO - -> Analyzing version 4.4.0-alpha.20210806.4 (348/590)...
2025-11-07 11:03:17,179 - BlankSpaceAnalyzer - INFO - -> Analyzing version 4.4.0-alpha.20210810.2 (349/590)...
2025-11-07 11:03:17,229 - BlankSpaceAnalyzer - INFO - -> Analyzing version 4.4.0-alpha.20210812.2 (350/590)...
2025-11-07 11:03:17,283 - BlankSpaceAnalyzer - INFO - -> Analyzing version 4.4.0-alpha.20210813.2 (351/590)...
2025-11-07 11:03:17,334 - BlankSpaceAnalyzer - INFO - -> Analyzing version 4.4.0-alpha.20210816.1 (352/590)...
2025-11-07 11:03:17,384 - BlankSpaceAnalyzer - INFO - -> Analyzing version 4.4.0-alpha.20210818.3 (353/590)...
2025-11-07 11:03:17,435 - BlankSpaceAnalyzer - INFO - -> Analyzing version 4.4.0-alpha.20210826.2 (354/590)...
2025-11-07 11:03:17,486 - BlankSpaceAnalyzer - INFO - -> Analyzing version 4.4.0-alpha.20210827.2 (355/590)...
2025-11-07 11:03:17,537 - BlankSpaceAnalyzer - INFO - -> Analyzing version 4.4.0-alpha.20210901.2 (356/590)...
2025-11-07 11:03:17,587 - BlankSpaceAnalyzer - INFO - -> Analyzing version 4.4.0-alpha.20210914.3 (357/590)...
2025-11-07 11:03:17,638 - BlankSpaceAnalyzer - INFO - -> Analyzing version 4.4.0-alpha.20210920.2 (358/590)...
2025-11-07 11:03:17,688 - BlankSpaceAnalyzer - INFO - -> Analyzing version 4.4.0-alpha.20210922.2 (359/590)...
2025-11-07 11:03:17,742 - BlankSpaceAnalyzer - INFO - -> Analyzing version 4.4.0-alpha.20210928.2 (360/590)...
2025-11-07 11:03:17,792 - BlankSpaceAnalyzer - INFO - -> Analyzing version 4.4.0-alpha.20210930.1 (361/590)...
2025-11-07 11:03:17,842 - BlankSpaceAnalyzer - INFO - -> Analyzing version 4.4.0-alpha.20211001.2 (362/590)...
2025-11-07 11:03:17,894 - BlankSpaceAnalyzer - INFO - -> Analyzing version 4.4.0-alpha.20211005.2 (363/590)...
2025-11-07 11:03:17,944 - BlankSpaceAnalyzer - INFO - -> Analyzing version 4.4.0-alpha.20211008.4 (364/590)...
2025-11-07 11:03:17,994 - BlankSpaceAnalyzer - INFO - -> Analyzing version 4.4.0-alpha.20211015.4 (365/590)...
2025-11-07 11:03:18,045 - BlankSpaceAnalyzer - INFO - -> Analyzing version 4.4.0-alpha.20211018.1 (366/590)...
2025-11-07 11:03:18,096 - BlankSpaceAnalyzer - INFO - -> Analyzing version 4.4.0-alpha.20211022.4 (367/590)...
2025-11-07 11:03:18,149 - BlankSpaceAnalyzer - INFO - -> Analyzing version 4.4.0-alpha.20211101.4 (368/590)...
2025-11-07 11:03:18,199 - BlankSpaceAnalyzer - INFO - -> Analyzing version 4.4.0-alpha.20211103.5 (369/590)...
2025-11-07 11:03:18,249 - BlankSpaceAnalyzer - INFO - -> Analyzing version 4.4.0-alpha.20211105.1 (370/590)...
2025-11-07 11:03:18,302 - BlankSpaceAnalyzer - INFO - -> Analyzing version 4.4.0-alpha.20211210.3 (371/590)...
2025-11-07 11:03:18,354 - BlankSpaceAnalyzer - INFO - -> Analyzing version 4.4.0-alpha.20211213.2 (372/590)...
2025-11-07 11:03:18,405 - BlankSpaceAnalyzer - INFO - -> Analyzing version 4.4.0-alpha.20211214.4 (373/590)...
2025-11-07 11:03:18,456 - BlankSpaceAnalyzer - INFO - -> Analyzing version 4.4.0-alpha.20211215.2 (374/590)...
2025-11-07 11:03:18,506 - BlankSpaceAnalyzer - INFO - -> Analyzing version 4.4.0-alpha.20211221.3 (375/590)...
2025-11-07 11:03:18,557 - BlankSpaceAnalyzer - INFO - -> Analyzing version 4.4.0-alpha.20220105.2 (376/590)...
2025-11-07 11:03:18,608 - BlankSpaceAnalyzer - INFO - -> Analyzing version 4.4.0-alpha.20220127.2 (377/590)...
2025-11-07 11:03:18,658 - BlankSpaceAnalyzer - INFO - -> Analyzing version 4.4.0-alpha.20220131.3 (378/590)...
2025-11-07 11:03:18,709 - BlankSpaceAnalyzer - INFO - -> Analyzing version 4.4.0-alpha.20220202.3 (379/590)...
2025-11-07 11:03:18,759 - BlankSpaceAnalyzer - INFO - -> Analyzing version 4.4.0-alpha.20220204.2 (380/590)...
2025-11-07 11:03:18,812 - BlankSpaceAnalyzer - INFO - -> Analyzing version 4.4.0-alpha.20220228.2 (381/590)...
2025-11-07 11:03:18,862 - BlankSpaceAnalyzer - INFO - -> Analyzing version 4.4.0-alpha.20220302.2 (382/590)...
2025-11-07 11:03:18,913 - BlankSpaceAnalyzer - INFO - -> Analyzing version 4.4.0-alpha.20220307.2 (383/590)...
2025-11-07 11:03:18,963 - BlankSpaceAnalyzer - INFO - -> Analyzing version 4.4.0-alpha.20220310.2 (384/590)...
2025-11-07 11:03:19,014 - BlankSpaceAnalyzer - INFO - -> Analyzing version 4.4.0-alpha.20220311.2 (385/590)...
2025-11-07 11:03:19,069 - BlankSpaceAnalyzer - INFO - -> Analyzing version 4.4.0-alpha.20220315.1 (386/590)...
2025-11-07 11:03:19,119 - BlankSpaceAnalyzer - INFO - -> Analyzing version 4.4.0-alpha.20220321.3 (387/590)...
2025-11-07 11:03:19,169 - BlankSpaceAnalyzer - INFO - -> Analyzing version 4.4.0-alpha.20220323.3 (388/590)...
2025-11-07 11:03:19,219 - BlankSpaceAnalyzer - INFO - -> Analyzing version 4.4.0-beta.1 (389/590)...
2025-11-07 11:03:19,271 - BlankSpaceAnalyzer - INFO - -> Analyzing version 4.4.0-beta.2 (390/590)...
2025-11-07 11:03:19,320 - BlankSpaceAnalyzer - INFO - -> Analyzing version 4.4.0-beta.3 (391/590)...
2025-11-07 11:03:19,371 - BlankSpaceAnalyzer - INFO - -> Analyzing version 4.4.0-beta.4 (392/590)...
2025-11-07 11:03:19,422 - BlankSpaceAnalyzer - INFO - -> Analyzing version 4.4.1-alpha.20220325.3 (393/590)...
2025-11-07 11:03:19,475 - BlankSpaceAnalyzer - INFO - -> Analyzing version 4.4.1-alpha.20220330.1 (394/590)...
2025-11-07 11:03:19,525 - BlankSpaceAnalyzer - INFO - -> Analyzing version 4.4.1-alpha.20220401.2 (395/590)...
2025-11-07 11:03:19,575 - BlankSpaceAnalyzer - INFO - -> Analyzing version 4.5.0 (396/590)...
2025-11-07 11:03:19,629 - BlankSpaceAnalyzer - INFO - -> Analyzing version 4.5.0-alpha.20220404.2 (397/590)...
2025-11-07 11:03:19,679 - BlankSpaceAnalyzer - INFO - -> Analyzing version 4.5.0-alpha.20220405.1 (398/590)...
2025-11-07 11:03:19,731 - BlankSpaceAnalyzer - INFO - -> Analyzing version 4.5.0-alpha.20220411.2 (399/590)...
2025-11-07 11:03:19,782 - BlankSpaceAnalyzer - INFO - -> Analyzing version 4.5.0-alpha.20220412.1 (400/590)...
2025-11-07 11:03:19,832 - BlankSpaceAnalyzer - INFO - -> Analyzing version 4.5.0-alpha.20220419.2 (401/590)...
2025-11-07 11:03:19,883 - BlankSpaceAnalyzer - INFO - -> Analyzing version 4.5.0-alpha.20220421.2 (402/590)...
2025-11-07 11:03:19,934 - BlankSpaceAnalyzer - INFO - -> Analyzing version 4.5.0-alpha.20220426.1 (403/590)...
2025-11-07 11:03:19,984 - BlankSpaceAnalyzer - INFO - -> Analyzing version 4.5.0-alpha.20220512.2 (404/590)...
2025-11-07 11:03:20,036 - BlankSpaceAnalyzer - INFO - -> Analyzing version 4.5.0-alpha.20220517.1 (405/590)...
2025-11-07 11:03:20,087 - BlankSpaceAnalyzer - INFO - -> Analyzing version 4.5.0-alpha.20220520.1 (406/590)...
2025-11-07 11:03:20,138 - BlankSpaceAnalyzer - INFO - -> Analyzing version 4.5.0-alpha.20220707.3 (407/590)...
2025-11-07 11:03:20,188 - BlankSpaceAnalyzer - INFO - -> Analyzing version 4.5.0-alpha.20220713.1 (408/590)...
2025-11-07 11:03:20,239 - BlankSpaceAnalyzer - INFO - -> Analyzing version 4.5.0-alpha.20220722.2 (409/590)...
2025-11-07 11:03:20,290 - BlankSpaceAnalyzer - INFO - -> Analyzing version 4.5.0-beta.1 (410/590)...
2025-11-07 11:03:20,341 - BlankSpaceAnalyzer - INFO - -> Analyzing version 4.5.1-alpha.20220815.5 (411/590)...
2025-11-07 11:03:20,392 - BlankSpaceAnalyzer - INFO - -> Analyzing version 4.5.1-alpha.20220914.2 (412/590)...
2025-11-07 11:03:20,445 - BlankSpaceAnalyzer - INFO - -> Analyzing version 4.5.1-alpha.20220919.6 (413/590)...
2025-11-07 11:03:20,495 - BlankSpaceAnalyzer - INFO - -> Analyzing version 4.6.0 (414/590)...
2025-11-07 11:03:20,546 - BlankSpaceAnalyzer - INFO - -> Analyzing version 4.6.1-alpha.20220920.3 (415/590)...
2025-11-07 11:03:20,597 - BlankSpaceAnalyzer - INFO - -> Analyzing version 4.6.1-alpha.20220923.1 (416/590)...
2025-11-07 11:03:20,647 - BlankSpaceAnalyzer - INFO - -> Analyzing version 4.6.1-alpha.20221014.1 (417/590)...
2025-11-07 11:03:20,697 - BlankSpaceAnalyzer - INFO - -> Analyzing version 4.6.1-alpha.20221019.2 (418/590)...
2025-11-07 11:03:20,748 - BlankSpaceAnalyzer - INFO - -> Analyzing version 4.6.1-alpha.20221107.3 (419/590)...
2025-11-07 11:03:20,798 - BlankSpaceAnalyzer - INFO - -> Analyzing version 4.7.0 (420/590)...
2025-11-07 11:03:20,849 - BlankSpaceAnalyzer - INFO - -> Analyzing version 4.7.0-alpha.20221110.4 (421/590)...
2025-11-07 11:03:20,900 - BlankSpaceAnalyzer - INFO - -> Analyzing version 4.7.0-alpha.20221207.2 (422/590)...
2025-11-07 11:03:20,952 - BlankSpaceAnalyzer - INFO - -> Analyzing version 4.7.0-alpha.20221216.3 (423/590)...
2025-11-07 11:03:21,002 - BlankSpaceAnalyzer - INFO - -> Analyzing version 4.7.0-alpha.20230106.2 (424/590)...
2025-11-07 11:03:21,053 - BlankSpaceAnalyzer - INFO - -> Analyzing version 4.7.0-alpha.20230127.1 (425/590)...
2025-11-07 11:03:21,106 - BlankSpaceAnalyzer - INFO - -> Analyzing version 4.7.0-alpha.20230202.2 (426/590)...
2025-11-07 11:03:21,156 - BlankSpaceAnalyzer - INFO - -> Analyzing version 4.7.0-alpha.20230301.2 (427/590)...
2025-11-07 11:03:21,207 - BlankSpaceAnalyzer - INFO - -> Analyzing version 4.7.0-alpha.20230302.1 (428/590)...
2025-11-07 11:03:21,258 - BlankSpaceAnalyzer - INFO - -> Analyzing version 4.7.0-alpha.20230306.1 (429/590)...
2025-11-07 11:03:21,309 - BlankSpaceAnalyzer - INFO - -> Analyzing version 4.7.0-alpha.20230309.3 (430/590)...
2025-11-07 11:03:21,360 - BlankSpaceAnalyzer - INFO - -> Analyzing version 4.7.0-beta.1 (431/590)...
2025-11-07 11:03:21,410 - BlankSpaceAnalyzer - INFO - -> Analyzing version 4.7.1 (432/590)...
2025-11-07 11:03:21,463 - BlankSpaceAnalyzer - INFO - -> Analyzing version 4.7.1-alpha.20230320.3 (433/590)...
2025-11-07 11:03:21,513 - BlankSpaceAnalyzer - INFO - -> Analyzing version 4.7.1-alpha.20230418.1 (434/590)...
2025-11-07 11:03:21,563 - BlankSpaceAnalyzer - INFO - -> Analyzing version 4.7.1-alpha.20230531.2 (435/590)...
2025-11-07 11:03:21,615 - BlankSpaceAnalyzer - INFO - -> Analyzing version 4.7.2 (436/590)...
2025-11-07 11:03:21,666 - BlankSpaceAnalyzer - INFO - -> Analyzing version 4.7.2-alpha.20230607.3 (437/590)...
2025-11-07 11:03:21,717 - BlankSpaceAnalyzer - INFO - -> Analyzing version 4.7.2-alpha.20230724.1 (438/590)...
2025-11-07 11:03:21,769 - BlankSpaceAnalyzer - INFO - -> Analyzing version 4.7.2-alpha.20230727.2 (439/590)...
2025-11-07 11:03:21,820 - BlankSpaceAnalyzer - INFO - -> Analyzing version 4.7.2-alpha.20230801.1 (440/590)...
2025-11-07 11:03:21,872 - BlankSpaceAnalyzer - INFO - -> Analyzing version 4.7.3-alpha.20230811.2 (441/590)...
2025-11-07 11:03:21,923 - BlankSpaceAnalyzer - INFO - -> Analyzing version 4.7.3-alpha.20230823.1 (442/590)...
2025-11-07 11:03:21,974 - BlankSpaceAnalyzer - INFO - -> Analyzing version 4.7.3-alpha.20230922.1 (443/590)...
2025-11-07 11:03:22,028 - BlankSpaceAnalyzer - INFO - -> Analyzing version 4.7.3-alpha.20230926.1 (444/590)...
2025-11-07 11:03:22,078 - BlankSpaceAnalyzer - INFO - -> Analyzing version 4.7.3-alpha.20230929.2 (445/590)...
2025-11-07 11:03:22,129 - BlankSpaceAnalyzer - INFO - -> Analyzing version 4.7.3-alpha.20231002.4 (446/590)...
2025-11-07 11:03:22,183 - BlankSpaceAnalyzer - INFO - -> Analyzing version 4.7.3-alpha.20231009.1 (447/590)...
2025-11-07 11:03:22,233 - BlankSpaceAnalyzer - INFO - -> Analyzing version 4.8.0 (448/590)...
2025-11-07 11:03:22,285 - BlankSpaceAnalyzer - INFO - -> Analyzing version 4.8.0-alpha.20231010.2 (449/590)...
2025-11-07 11:03:22,336 - BlankSpaceAnalyzer - INFO - -> Analyzing version 4.8.0-alpha.20231023.1 (450/590)...
2025-11-07 11:03:22,386 - BlankSpaceAnalyzer - INFO - -> Analyzing version 4.8.0-alpha.20231030.1 (451/590)...
2025-11-07 11:03:22,436 - BlankSpaceAnalyzer - INFO - -> Analyzing version 4.8.0-alpha.20231102.2 (452/590)...
2025-11-07 11:03:22,490 - BlankSpaceAnalyzer - INFO - -> Analyzing version 4.8.0-alpha.20231106.1 (453/590)...
2025-11-07 11:03:22,540 - BlankSpaceAnalyzer - INFO - -> Analyzing version 4.8.0-alpha.20231114.2 (454/590)...
2025-11-07 11:03:22,591 - BlankSpaceAnalyzer - INFO - -> Analyzing version 4.8.0-alpha.20231117.2 (455/590)...
2025-11-07 11:03:22,642 - BlankSpaceAnalyzer - INFO - -> Analyzing version 4.8.0-alpha.20231205.2 (456/590)...
2025-11-07 11:03:22,693 - BlankSpaceAnalyzer - INFO - -> Analyzing version 4.8.0-alpha.20231206.1 (457/590)...
2025-11-07 11:03:22,744 - BlankSpaceAnalyzer - INFO - -> Analyzing version 4.8.0-alpha.20231207.2 (458/590)...
2025-11-07 11:03:22,794 - BlankSpaceAnalyzer - INFO - -> Analyzing version 4.8.0-alpha.20240110.1 (459/590)...
2025-11-07 11:03:22,844 - BlankSpaceAnalyzer - INFO - -> Analyzing version 4.8.0-alpha.20240112.1 (460/590)...
2025-11-07 11:03:22,895 - BlankSpaceAnalyzer - INFO - -> Analyzing version 4.8.0-alpha.20240118.1 (461/590)...
2025-11-07 11:03:22,946 - BlankSpaceAnalyzer - INFO - -> Analyzing version 4.8.0-alpha.20240122.2 (462/590)...
2025-11-07 11:03:22,997 - BlankSpaceAnalyzer - INFO - -> Analyzing version 4.8.0-alpha.20240126.1 (463/590)...
2025-11-07 11:03:23,048 - BlankSpaceAnalyzer - INFO - -> Analyzing version 4.8.0-alpha.20240205.1 (464/590)...
2025-11-07 11:03:23,100 - BlankSpaceAnalyzer - INFO - -> Analyzing version 4.8.0-alpha.20240207.1 (465/590)...
2025-11-07 11:03:23,152 - BlankSpaceAnalyzer - INFO - -> Analyzing version 4.8.0-alpha.20240215.6 (466/590)...
2025-11-07 11:03:23,202 - BlankSpaceAnalyzer - INFO - -> Analyzing version 4.8.0-beta.1 (467/590)...
2025-11-07 11:03:23,254 - BlankSpaceAnalyzer - INFO - -> Analyzing version 4.8.1-alpha.20240219.1 (468/590)...
2025-11-07 11:03:23,305 - BlankSpaceAnalyzer - INFO - -> Analyzing version 4.8.1-alpha.20240226.1 (469/590)...
2025-11-07 11:03:23,357 - BlankSpaceAnalyzer - INFO - -> Analyzing version 4.8.1-alpha.20240312.1 (470/590)...
2025-11-07 11:03:23,411 - BlankSpaceAnalyzer - INFO - -> Analyzing version 4.8.1-alpha.20240314.1 (471/590)...
2025-11-07 11:03:23,461 - BlankSpaceAnalyzer - INFO - -> Analyzing version 4.8.1-alpha.20240322.1 (472/590)...
2025-11-07 11:03:23,511 - BlankSpaceAnalyzer - INFO - -> Analyzing version 4.8.1-alpha.20240402.1 (473/590)...
2025-11-07 11:03:23,563 - BlankSpaceAnalyzer - INFO - -> Analyzing version 4.8.1-alpha.20240403.1 (474/590)...
2025-11-07 11:03:23,614 - BlankSpaceAnalyzer - INFO - -> Analyzing version 4.8.1-alpha.20240409.1 (475/590)...
2025-11-07 11:03:23,665 - BlankSpaceAnalyzer - INFO - -> Analyzing version 4.8.1-alpha.20240410.2 (476/590)...
2025-11-07 11:03:23,717 - BlankSpaceAnalyzer - INFO - -> Analyzing version 4.8.1-alpha.20240411.1 (477/590)...
2025-11-07 11:03:23,767 - BlankSpaceAnalyzer - INFO - -> Analyzing version 4.8.1-alpha.20240412.1 (478/590)...
2025-11-07 11:03:23,820 - BlankSpaceAnalyzer - INFO - -> Analyzing version 4.8.1-alpha.20240415.1 (479/590)...
2025-11-07 11:03:23,870 - BlankSpaceAnalyzer - INFO - -> Analyzing version 4.8.1-alpha.20240417.1 (480/590)...
2025-11-07 11:03:23,920 - BlankSpaceAnalyzer - INFO - -> Analyzing version 4.8.1-alpha.20240422.2 (481/590)...
2025-11-07 11:03:23,971 - BlankSpaceAnalyzer - INFO - -> Analyzing version 4.8.1-alpha.20240424.1 (482/590)...
2025-11-07 11:03:24,022 - BlankSpaceAnalyzer - INFO - -> Analyzing version 4.8.1-alpha.20240426.2 (483/590)...
2025-11-07 11:03:24,073 - BlankSpaceAnalyzer - INFO - -> Analyzing version 4.8.1-alpha.20240501.1 (484/590)...
2025-11-07 11:03:24,123 - BlankSpaceAnalyzer - INFO - -> Analyzing version 4.8.1-alpha.20240502.1 (485/590)...
2025-11-07 11:03:24,174 - BlankSpaceAnalyzer - INFO - -> Analyzing version 4.8.1-alpha.20240513.1 (486/590)...
2025-11-07 11:03:24,224 - BlankSpaceAnalyzer - INFO - -> Analyzing version 4.8.1-alpha.20240619.3 (487/590)...
2025-11-07 11:03:24,274 - BlankSpaceAnalyzer - INFO - -> Analyzing version 4.8.1-alpha.20240620.1 (488/590)...
2025-11-07 11:03:24,324 - BlankSpaceAnalyzer - INFO - -> Analyzing version 4.8.1-alpha.20240621.1 (489/590)...
2025-11-07 11:03:24,375 - BlankSpaceAnalyzer - INFO - -> Analyzing version 4.8.1-alpha.20240624.1 (490/590)...
2025-11-07 11:03:24,426 - BlankSpaceAnalyzer - INFO - -> Analyzing version 4.8.1-alpha.20240625.1 (491/590)...
2025-11-07 11:03:24,477 - BlankSpaceAnalyzer - INFO - -> Analyzing version 4.8.1-alpha.20240627.1 (492/590)...
2025-11-07 11:03:24,527 - BlankSpaceAnalyzer - INFO - -> Analyzing version 4.8.1-alpha.20240628.1 (493/590)...
2025-11-07 11:03:24,578 - BlankSpaceAnalyzer - INFO - -> Analyzing version 4.8.1-alpha.20240704.1 (494/590)...
2025-11-07 11:03:24,629 - BlankSpaceAnalyzer - INFO - -> Analyzing version 4.8.1-alpha.20240705.2 (495/590)...
2025-11-07 11:03:24,680 - BlankSpaceAnalyzer - INFO - -> Analyzing version 4.8.1-alpha.20240708.1 (496/590)...
2025-11-07 11:03:24,729 - BlankSpaceAnalyzer - INFO - -> Analyzing version 4.8.1-alpha.20240709.1 (497/590)...
2025-11-07 11:03:24,779 - BlankSpaceAnalyzer - INFO - -> Analyzing version 4.8.1-alpha.20240710.1 (498/590)...
2025-11-07 11:03:24,831 - BlankSpaceAnalyzer - INFO - -> Analyzing version 4.8.1-alpha.20240711.1 (499/590)...
2025-11-07 11:03:24,881 - BlankSpaceAnalyzer - INFO - -> Analyzing version 4.8.1-alpha.20240712.1 (500/590)...
2025-11-07 11:03:24,932 - BlankSpaceAnalyzer - INFO - -> Analyzing version 4.8.1-alpha.20240715.1 (501/590)...
2025-11-07 11:03:24,984 - BlankSpaceAnalyzer - INFO - -> Analyzing version 4.8.1-alpha.20240716.1 (502/590)...
2025-11-07 11:03:25,035 - BlankSpaceAnalyzer - INFO - -> Analyzing version 4.8.1-alpha.20240717.1 (503/590)...
2025-11-07 11:03:25,087 - BlankSpaceAnalyzer - INFO - -> Analyzing version 4.8.1-alpha.20240719.1 (504/590)...
2025-11-07 11:03:25,138 - BlankSpaceAnalyzer - INFO - -> Analyzing version 4.8.1-alpha.20240722.1 (505/590)...
2025-11-07 11:03:25,188 - BlankSpaceAnalyzer - INFO - -> Analyzing version 4.8.1-alpha.20240723.1 (506/590)...
2025-11-07 11:03:25,238 - BlankSpaceAnalyzer - INFO - -> Analyzing version 4.8.1-alpha.20240724.1 (507/590)...
2025-11-07 11:03:25,288 - BlankSpaceAnalyzer - INFO - -> Analyzing version 4.8.1-alpha.20240725.2 (508/590)...
2025-11-07 11:03:25,338 - BlankSpaceAnalyzer - INFO - -> Analyzing version 4.8.1-alpha.20240726.1 (509/590)...
2025-11-07 11:03:25,390 - BlankSpaceAnalyzer - INFO - -> Analyzing version 4.8.1-alpha.20240729.1 (510/590)...
2025-11-07 11:03:25,440 - BlankSpaceAnalyzer - INFO - -> Analyzing version 4.8.1-alpha.20240730.1 (511/590)...
2025-11-07 11:03:25,489 - BlankSpaceAnalyzer - INFO - -> Analyzing version 4.8.1-alpha.20240731.1 (512/590)...
2025-11-07 11:03:25,542 - BlankSpaceAnalyzer - INFO - -> Analyzing version 4.8.1-alpha.20240801.1 (513/590)...
2025-11-07 11:03:25,592 - BlankSpaceAnalyzer - INFO - -> Analyzing version 4.8.1-alpha.20240802.1 (514/590)...
2025-11-07 11:03:25,642 - BlankSpaceAnalyzer - INFO - -> Analyzing version 4.8.1-alpha.20240805.1 (515/590)...
2025-11-07 11:03:25,692 - BlankSpaceAnalyzer - INFO - -> Analyzing version 4.8.1-alpha.20240806.2 (516/590)...
2025-11-07 11:03:25,743 - BlankSpaceAnalyzer - INFO - -> Analyzing version 4.8.1-alpha.20240807.1 (517/590)...
2025-11-07 11:03:25,793 - BlankSpaceAnalyzer - INFO - -> Analyzing version 4.8.1-alpha.20240808.1 (518/590)...
2025-11-07 11:03:25,843 - BlankSpaceAnalyzer - INFO - -> Analyzing version 4.8.1-alpha.20240809.2 (519/590)...
2025-11-07 11:03:25,894 - BlankSpaceAnalyzer - INFO - -> Analyzing version 4.8.1-alpha.20240812.1 (520/590)...
2025-11-07 11:03:25,945 - BlankSpaceAnalyzer - INFO - -> Analyzing version 4.8.1-alpha.20240813.2 (521/590)...
2025-11-07 11:03:25,998 - BlankSpaceAnalyzer - INFO - -> Analyzing version 4.8.1-alpha.20240815.2 (522/590)...
2025-11-07 11:03:26,051 - BlankSpaceAnalyzer - INFO - -> Analyzing version 4.8.1-alpha.20240816.1 (523/590)...
2025-11-07 11:03:26,100 - BlankSpaceAnalyzer - INFO - -> Analyzing version 4.8.1-alpha.20240819.2 (524/590)...
2025-11-07 11:03:26,150 - BlankSpaceAnalyzer - INFO - -> Analyzing version 4.8.1-alpha.20240820.2 (525/590)...
2025-11-07 11:03:26,200 - BlankSpaceAnalyzer - INFO - -> Analyzing version 4.8.1-alpha.20240821.2 (526/590)...
2025-11-07 11:03:26,250 - BlankSpaceAnalyzer - INFO - -> Analyzing version 4.8.1-alpha.20240826.1 (527/590)...
2025-11-07 11:03:26,302 - BlankSpaceAnalyzer - INFO - -> Analyzing version 4.8.1-alpha.20240827.2 (528/590)...
2025-11-07 11:03:26,351 - BlankSpaceAnalyzer - INFO - -> Analyzing version 4.8.1-alpha.20240828.1 (529/590)...
2025-11-07 11:03:26,402 - BlankSpaceAnalyzer - INFO - -> Analyzing version 4.8.1-alpha.20240829.1 (530/590)...
2025-11-07 11:03:26,452 - BlankSpaceAnalyzer - INFO - -> Analyzing version 4.8.1-alpha.20240830.1 (531/590)...
2025-11-07 11:03:26,502 - BlankSpaceAnalyzer - INFO - -> Analyzing version 4.8.1-alpha.20240902.1 (532/590)...
2025-11-07 11:03:26,552 - BlankSpaceAnalyzer - INFO - -> Analyzing version 4.8.1-alpha.20240903.1 (533/590)...
2025-11-07 11:03:26,603 - BlankSpaceAnalyzer - INFO - -> Analyzing version 4.8.1-alpha.20240904.1 (534/590)...
2025-11-07 11:03:26,653 - BlankSpaceAnalyzer - INFO - -> Analyzing version 4.8.1-alpha.20240905.1 (535/590)...
2025-11-07 11:03:26,704 - BlankSpaceAnalyzer - INFO - -> Analyzing version 4.8.1-alpha.20240906.1 (536/590)...
2025-11-07 11:03:26,754 - BlankSpaceAnalyzer - INFO - -> Analyzing version 4.8.1-alpha.20240909.1 (537/590)...
2025-11-07 11:03:26,804 - BlankSpaceAnalyzer - INFO - -> Analyzing version 4.8.1-alpha.20240913.1 (538/590)...
2025-11-07 11:03:26,855 - BlankSpaceAnalyzer - INFO - -> Analyzing version 4.8.1-alpha.20240917.1 (539/590)...
2025-11-07 11:03:26,905 - BlankSpaceAnalyzer - INFO - -> Analyzing version 4.8.1-alpha.20240918.1 (540/590)...
2025-11-07 11:03:26,956 - BlankSpaceAnalyzer - INFO - -> Analyzing version 4.8.1-alpha.20240919.1 (541/590)...
2025-11-07 11:03:27,005 - BlankSpaceAnalyzer - INFO - -> Analyzing version 4.8.1-alpha.20241003.1 (542/590)...
2025-11-07 11:03:27,057 - BlankSpaceAnalyzer - INFO - -> Analyzing version 4.8.1-alpha.20241007.1 (543/590)...
2025-11-07 11:03:27,107 - BlankSpaceAnalyzer - INFO - -> Analyzing version 4.9.0 (544/590)...
2025-11-07 11:03:27,158 - BlankSpaceAnalyzer - INFO - -> Analyzing version 4.9.0-alpha.20241008.2 (545/590)...
2025-11-07 11:03:27,209 - BlankSpaceAnalyzer - INFO - -> Analyzing version 4.9.0-alpha.20241009.2 (546/590)...
2025-11-07 11:03:27,260 - BlankSpaceAnalyzer - INFO - -> Analyzing version 4.9.0-alpha.20241010.1 (547/590)...
2025-11-07 11:03:27,312 - BlankSpaceAnalyzer - INFO - -> Analyzing version 4.9.0-alpha.20241011.1 (548/590)...
2025-11-07 11:03:27,366 - BlankSpaceAnalyzer - INFO - -> Analyzing version 4.9.1-alpha.20241017.2 (549/590)...
2025-11-07 11:03:27,417 - BlankSpaceAnalyzer - INFO - -> Analyzing version 4.9.1-alpha.20241112.1 (550/590)...
2025-11-07 11:03:27,469 - BlankSpaceAnalyzer - INFO - -> Analyzing version 4.9.1-alpha.20241118.1 (551/590)...
2025-11-07 11:03:27,521 - BlankSpaceAnalyzer - INFO - -> Analyzing version 4.9.1-alpha.20241120.1 (552/590)...
2025-11-07 11:03:27,574 - BlankSpaceAnalyzer - INFO - -> Analyzing version 4.9.1-alpha.20241121.1 (553/590)...
2025-11-07 11:03:27,626 - BlankSpaceAnalyzer - INFO - -> Analyzing version 4.9.1-alpha.20241125.1 (554/590)...
2025-11-07 11:03:27,678 - BlankSpaceAnalyzer - INFO - -> Analyzing version 4.9.1-alpha.20241127.1 (555/590)...
2025-11-07 11:03:27,730 - BlankSpaceAnalyzer - INFO - -> Analyzing version 4.9.1-alpha.20241129.1 (556/590)...
2025-11-07 11:03:27,782 - BlankSpaceAnalyzer - INFO - -> Analyzing version 4.9.1-alpha.20241204.1 (557/590)...
2025-11-07 11:03:27,835 - BlankSpaceAnalyzer - INFO - -> Analyzing version 4.9.1-alpha.20241210.2 (558/590)...
2025-11-07 11:03:27,886 - BlankSpaceAnalyzer - INFO - -> Analyzing version 4.9.1-alpha.20241211.1 (559/590)...
2025-11-07 11:03:27,939 - BlankSpaceAnalyzer - INFO - -> Analyzing version 4.9.1-alpha.20241213.1 (560/590)...
2025-11-07 11:03:27,991 - BlankSpaceAnalyzer - INFO - -> Analyzing version 4.9.1-alpha.20241216.1 (561/590)...
2025-11-07 11:03:28,044 - BlankSpaceAnalyzer - INFO - -> Analyzing version 4.9.1-alpha.20241219.1 (562/590)...
2025-11-07 11:03:28,095 - BlankSpaceAnalyzer - INFO - -> Analyzing version 4.9.1-alpha.20241220.1 (563/590)...
2025-11-07 11:03:28,147 - BlankSpaceAnalyzer - INFO - -> Analyzing version 4.9.1-alpha.20241223.1 (564/590)...
2025-11-07 11:03:28,199 - BlankSpaceAnalyzer - INFO - -> Analyzing version 4.9.1-alpha.20241224.1 (565/590)...
2025-11-07 11:03:28,254 - BlankSpaceAnalyzer - INFO - -> Analyzing version 4.9.1-alpha.20241225.1 (566/590)...
2025-11-07 11:03:28,307 - BlankSpaceAnalyzer - INFO - -> Analyzing version 4.9.1-alpha.20241226.1 (567/590)...
2025-11-07 11:03:28,360 - BlankSpaceAnalyzer - INFO - -> Analyzing version 4.9.1-alpha.20241227.1 (568/590)...
2025-11-07 11:03:28,412 - BlankSpaceAnalyzer - INFO - -> Analyzing version 4.9.1-alpha.20241230.1 (569/590)...
2025-11-07 11:03:28,464 - BlankSpaceAnalyzer - INFO - -> Analyzing version 4.9.1-alpha.20241231.1 (570/590)...
2025-11-07 11:03:28,516 - BlankSpaceAnalyzer - INFO - -> Analyzing version 4.9.1-alpha.20250101.1 (571/590)...
2025-11-07 11:03:28,568 - BlankSpaceAnalyzer - INFO - -> Analyzing version 4.9.1-alpha.20250108.1 (572/590)...
2025-11-07 11:03:28,620 - BlankSpaceAnalyzer - INFO - -> Analyzing version 4.9.1-alpha.20250109.1 (573/590)...
2025-11-07 11:03:28,674 - BlankSpaceAnalyzer - INFO - -> Analyzing version 4.9.1-alpha.20250110.1 (574/590)...
2025-11-07 11:03:28,727 - BlankSpaceAnalyzer - INFO - -> Analyzing version 4.9.1-alpha.20250113.1 (575/590)...
2025-11-07 11:03:28,779 - BlankSpaceAnalyzer - INFO - -> Analyzing version 4.9.1-alpha.20250115.1 (576/590)...
2025-11-07 11:03:28,831 - BlankSpaceAnalyzer - INFO - -> Analyzing version 4.9.1-alpha.20250120.1 (577/590)...
2025-11-07 11:03:28,884 - BlankSpaceAnalyzer - INFO - -> Analyzing version 4.9.1-alpha.20250121.3 (578/590)...
2025-11-07 11:03:28,936 - BlankSpaceAnalyzer - INFO - -> Analyzing version 4.9.1-alpha.20250122.2 (579/590)...
2025-11-07 11:03:28,989 - BlankSpaceAnalyzer - INFO - -> Analyzing version 4.9.1-alpha.20250128.1 (580/590)...
2025-11-07 11:03:29,043 - BlankSpaceAnalyzer - INFO - -> Analyzing version 4.9.1-alpha.20250130.1 (581/590)...
2025-11-07 11:03:29,096 - BlankSpaceAnalyzer - INFO - -> Analyzing version 4.9.1-alpha.20250203.1 (582/590)...
2025-11-07 11:03:29,150 - BlankSpaceAnalyzer - INFO - -> Analyzing version 4.9.1-alpha.20250204.2 (583/590)...
2025-11-07 11:03:29,203 - BlankSpaceAnalyzer - INFO - -> Analyzing version 4.9.1-alpha.20250206.1 (584/590)...
2025-11-07 11:03:29,257 - BlankSpaceAnalyzer - INFO - -> Analyzing version 4.9.1-alpha.20250210.1 (585/590)...
2025-11-07 11:03:29,309 - BlankSpaceAnalyzer - INFO - -> Analyzing version 4.9.1-alpha.20250211.2 (586/590)...
2025-11-07 11:03:29,362 - BlankSpaceAnalyzer - INFO - -> Analyzing version 4.9.1-alpha.20250218.1 (587/590)...
2025-11-07 11:03:29,415 - BlankSpaceAnalyzer - INFO - -> Analyzing version 4.9.1-alpha.20250220.1 (588/590)...
2025-11-07 11:03:29,469 - BlankSpaceAnalyzer - INFO - -> Analyzing version 4.9.1-alpha.20250221.1 (589/590)...
2025-11-07 11:03:29,523 - BlankSpaceAnalyzer - INFO - -> Analyzing version 4.9.1-alpha.20250225.1 (590/590)...
2025-11-07 11:03:29,577 - BlankSpaceAnalyzer - INFO - Exporting results for '@azure/keyvault-keys' to CSV...
2025-11-07 11:03:30,575 - BlankSpaceAnalyzer - INFO - Reports saved in: /app/npm_results/@azure_keyvault-keys
2025-11-07 11:03:30,578 - NPM_Analyzer - INFO - Cleaning temporary folder 'temp/@azure_keyvault-keys'...
2025-11-07 11:03:32,075 - NPM_Analyzer - INFO - Cleanup completed.
