2025-11-17 07:16:31,486 - NPM_HUT_Analyzer - INFO - Recupero metadata per '@aws-sdk/xml-builder'...
2025-11-17 07:16:31,703 - NPM_HUT_Analyzer - INFO - Trovate 97 versioni. Inizio download in 'temp_hut/@aws-sdk_xml-builder'...
2025-11-17 07:18:00,516 - UnicodeAnalyzer - INFO - Analizzando 97 versioni per '*.js' in '@aws-sdk_xml-builder'.
2025-11-17 07:18:00,516 - UnicodeAnalyzer - INFO - -> Analizzando versione 0.1.0-preview.1 (1/97)...
2025-11-17 07:18:00,518 - UnicodeAnalyzer - INFO - Filtrati 6 file (es. in /dist, /test).
2025-11-17 07:18:00,519 - UnicodeAnalyzer - INFO - -> Analizzando versione 0.1.0-preview.2 (2/97)...
2025-11-17 07:18:00,520 - UnicodeAnalyzer - INFO - Filtrati 6 file (es. in /dist, /test).
2025-11-17 07:18:00,521 - UnicodeAnalyzer - INFO - -> Analizzando versione 0.1.0-preview.3 (3/97)...
2025-11-17 07:18:00,523 - UnicodeAnalyzer - INFO - Filtrati 6 file (es. in /dist, /test).
2025-11-17 07:18:00,523 - UnicodeAnalyzer - INFO - -> Analizzando versione 1.0.0-alpha.1 (4/97)...
2025-11-17 07:18:00,525 - UnicodeAnalyzer - INFO - Filtrati 6 file (es. in /dist, /test).
2025-11-17 07:18:00,525 - UnicodeAnalyzer - INFO - -> Analizzando versione 1.0.0-alpha.2 (5/97)...
2025-11-17 07:18:00,527 - UnicodeAnalyzer - INFO - Filtrati 6 file (es. in /dist, /test).
2025-11-17 07:18:00,528 - UnicodeAnalyzer - INFO - -> Analizzando versione 1.0.0-alpha.3 (6/97)...
2025-11-17 07:18:00,529 - UnicodeAnalyzer - INFO - Filtrati 6 file (es. in /dist, /test).
2025-11-17 07:18:00,530 - UnicodeAnalyzer - INFO - -> Analizzando versione 1.0.0-alpha.4 (7/97)...
2025-11-17 07:18:00,532 - UnicodeAnalyzer - INFO - Filtrati 6 file (es. in /dist, /test).
2025-11-17 07:18:00,532 - UnicodeAnalyzer - INFO - -> Analizzando versione 1.0.0-alpha.5 (8/97)...
2025-11-17 07:18:00,534 - UnicodeAnalyzer - INFO - Filtrati 6 file (es. in /dist, /test).
2025-11-17 07:18:00,534 - UnicodeAnalyzer - INFO - -> Analizzando versione 1.0.0-beta.1 (9/97)...
2025-11-17 07:18:00,536 - UnicodeAnalyzer - INFO - Filtrati 6 file (es. in /dist, /test).
2025-11-17 07:18:00,537 - UnicodeAnalyzer - INFO - -> Analizzando versione 1.0.0-beta.2 (10/97)...
2025-11-17 07:18:00,538 - UnicodeAnalyzer - INFO - Filtrati 6 file (es. in /dist, /test).
2025-11-17 07:18:00,538 - UnicodeAnalyzer - INFO - -> Analizzando versione 1.0.0-gamma.1 (11/97)...
2025-11-17 07:18:00,540 - UnicodeAnalyzer - INFO - Filtrati 6 file (es. in /dist, /test).
2025-11-17 07:18:00,540 - UnicodeAnalyzer - INFO - -> Analizzando versione 1.0.0-gamma.2 (12/97)...
2025-11-17 07:18:00,541 - UnicodeAnalyzer - INFO - Filtrati 6 file (es. in /dist, /test).
2025-11-17 07:18:00,542 - UnicodeAnalyzer - INFO - -> Analizzando versione 1.0.0-gamma.3 (13/97)...
2025-11-17 07:18:00,543 - UnicodeAnalyzer - INFO - Filtrati 6 file (es. in /dist, /test).
2025-11-17 07:18:00,543 - UnicodeAnalyzer - INFO - -> Analizzando versione 1.0.0-gamma.4 (14/97)...
2025-11-17 07:18:00,544 - UnicodeAnalyzer - INFO - Filtrati 6 file (es. in /dist, /test).
2025-11-17 07:18:00,545 - UnicodeAnalyzer - INFO - -> Analizzando versione 1.0.0-gamma.5 (15/97)...
2025-11-17 07:18:00,546 - UnicodeAnalyzer - INFO - Filtrati 12 file (es. in /dist, /test).
2025-11-17 07:18:00,546 - UnicodeAnalyzer - INFO - -> Analizzando versione 1.0.0-gamma.6 (16/97)...
2025-11-17 07:18:00,548 - UnicodeAnalyzer - INFO - Filtrati 12 file (es. in /dist, /test).
2025-11-17 07:18:00,548 - UnicodeAnalyzer - INFO - -> Analizzando versione 1.0.0-gamma.7 (17/97)...
2025-11-17 07:18:00,549 - UnicodeAnalyzer - INFO - Filtrati 12 file (es. in /dist, /test).
2025-11-17 07:18:00,549 - UnicodeAnalyzer - INFO - -> Analizzando versione 1.0.0-gamma.8 (18/97)...
2025-11-17 07:18:00,551 - UnicodeAnalyzer - INFO - Filtrati 12 file (es. in /dist, /test).
2025-11-17 07:18:00,551 - UnicodeAnalyzer - INFO - -> Analizzando versione 1.0.0-rc.1 (19/97)...
2025-11-17 07:18:00,552 - UnicodeAnalyzer - INFO - Filtrati 12 file (es. in /dist, /test).
2025-11-17 07:18:00,552 - UnicodeAnalyzer - INFO - -> Analizzando versione 1.0.0-rc.2 (20/97)...
2025-11-17 07:18:00,553 - UnicodeAnalyzer - INFO - Filtrati 12 file (es. in /dist, /test).
2025-11-17 07:18:00,553 - UnicodeAnalyzer - INFO - -> Analizzando versione 1.0.0-rc.3 (21/97)...
2025-11-17 07:18:00,554 - UnicodeAnalyzer - INFO - Filtrati 12 file (es. in /dist, /test).
2025-11-17 07:18:00,554 - UnicodeAnalyzer - INFO - -> Analizzando versione 1.0.0-rc.8 (22/97)...
2025-11-17 07:18:00,555 - UnicodeAnalyzer - INFO - Filtrati 12 file (es. in /dist, /test).
2025-11-17 07:18:00,555 - UnicodeAnalyzer - INFO - -> Analizzando versione 3.0.0 (23/97)...
2025-11-17 07:18:00,556 - UnicodeAnalyzer - INFO - Filtrati 12 file (es. in /dist, /test).
2025-11-17 07:18:00,556 - UnicodeAnalyzer - INFO - -> Analizzando versione 3.1.0 (24/97)...
2025-11-17 07:18:00,557 - UnicodeAnalyzer - INFO - Filtrati 12 file (es. in /dist, /test).
2025-11-17 07:18:00,557 - UnicodeAnalyzer - INFO - -> Analizzando versione 3.10.0 (25/97)...
2025-11-17 07:18:00,558 - UnicodeAnalyzer - INFO - Filtrati 12 file (es. in /dist, /test).
2025-11-17 07:18:00,558 - UnicodeAnalyzer - INFO - -> Analizzando versione 3.109.0 (26/97)...
2025-11-17 07:18:00,619 - UnicodeAnalyzer - INFO - -> Analizzando versione 3.12.0 (27/97)...
2025-11-17 07:18:00,620 - UnicodeAnalyzer - INFO - Filtrati 12 file (es. in /dist, /test).
2025-11-17 07:18:00,620 - UnicodeAnalyzer - INFO - -> Analizzando versione 3.13.1 (28/97)...
2025-11-17 07:18:00,620 - UnicodeAnalyzer - INFO - Filtrati 12 file (es. in /dist, /test).
2025-11-17 07:18:00,620 - UnicodeAnalyzer - INFO - -> Analizzando versione 3.14.0 (29/97)...
2025-11-17 07:18:00,621 - UnicodeAnalyzer - INFO - Filtrati 12 file (es. in /dist, /test).
2025-11-17 07:18:00,621 - UnicodeAnalyzer - INFO - -> Analizzando versione 3.142.0 (30/97)...
2025-11-17 07:18:00,679 - UnicodeAnalyzer - INFO - -> Analizzando versione 3.168.0 (31/97)...
2025-11-17 07:18:00,738 - UnicodeAnalyzer - INFO - -> Analizzando versione 3.170.0 (32/97)...
2025-11-17 07:18:00,797 - UnicodeAnalyzer - INFO - -> Analizzando versione 3.18.0 (33/97)...
2025-11-17 07:18:00,798 - UnicodeAnalyzer - INFO - Filtrati 12 file (es. in /dist, /test).
2025-11-17 07:18:00,798 - UnicodeAnalyzer - INFO - -> Analizzando versione 3.183.0 (34/97)...
2025-11-17 07:18:00,856 - UnicodeAnalyzer - INFO - -> Analizzando versione 3.186.0 (35/97)...
2025-11-17 07:18:00,913 - UnicodeAnalyzer - INFO - -> Analizzando versione 3.188.0 (36/97)...
2025-11-17 07:18:00,972 - UnicodeAnalyzer - INFO - -> Analizzando versione 3.20.0 (37/97)...
2025-11-17 07:18:00,973 - UnicodeAnalyzer - INFO - Filtrati 12 file (es. in /dist, /test).
2025-11-17 07:18:00,973 - UnicodeAnalyzer - INFO - -> Analizzando versione 3.201.0 (38/97)...
2025-11-17 07:18:01,031 - UnicodeAnalyzer - INFO - -> Analizzando versione 3.22.0 (39/97)...
2025-11-17 07:18:01,032 - UnicodeAnalyzer - INFO - Filtrati 12 file (es. in /dist, /test).
2025-11-17 07:18:01,032 - UnicodeAnalyzer - INFO - -> Analizzando versione 3.23.0 (40/97)...
2025-11-17 07:18:01,033 - UnicodeAnalyzer - INFO - Filtrati 12 file (es. in /dist, /test).
2025-11-17 07:18:01,033 - UnicodeAnalyzer - INFO - -> Analizzando versione 3.29.0 (41/97)...
2025-11-17 07:18:01,033 - UnicodeAnalyzer - INFO - Filtrati 12 file (es. in /dist, /test).
2025-11-17 07:18:01,033 - UnicodeAnalyzer - INFO - -> Analizzando versione 3.292.0 (42/97)...
2025-11-17 07:18:01,091 - UnicodeAnalyzer - INFO - -> Analizzando versione 3.295.0 (43/97)...
2025-11-17 07:18:01,149 - UnicodeAnalyzer - INFO - -> Analizzando versione 3.303.0 (44/97)...
2025-11-17 07:18:01,208 - UnicodeAnalyzer - INFO - -> Analizzando versione 3.310.0 (45/97)...
2025-11-17 07:18:01,266 - UnicodeAnalyzer - INFO - -> Analizzando versione 3.32.0 (46/97)...
2025-11-17 07:18:01,267 - UnicodeAnalyzer - INFO - Filtrati 12 file (es. in /dist, /test).
2025-11-17 07:18:01,267 - UnicodeAnalyzer - INFO - -> Analizzando versione 3.34.0 (47/97)...
2025-11-17 07:18:01,268 - UnicodeAnalyzer - INFO - Filtrati 12 file (es. in /dist, /test).
2025-11-17 07:18:01,268 - UnicodeAnalyzer - INFO - -> Analizzando versione 3.35.0 (48/97)...
2025-11-17 07:18:01,326 - UnicodeAnalyzer - INFO - -> Analizzando versione 3.36.0 (49/97)...
2025-11-17 07:18:01,384 - UnicodeAnalyzer - INFO - -> Analizzando versione 3.37.0 (50/97)...
2025-11-17 07:18:01,443 - UnicodeAnalyzer - INFO - -> Analizzando versione 3.4.0 (51/97)...
2025-11-17 07:18:01,444 - UnicodeAnalyzer - INFO - Filtrati 12 file (es. in /dist, /test).
2025-11-17 07:18:01,444 - UnicodeAnalyzer - INFO - -> Analizzando versione 3.4.1 (52/97)...
2025-11-17 07:18:01,444 - UnicodeAnalyzer - INFO - Filtrati 12 file (es. in /dist, /test).
2025-11-17 07:18:01,445 - UnicodeAnalyzer - INFO - -> Analizzando versione 3.46.0 (53/97)...
2025-11-17 07:18:01,502 - UnicodeAnalyzer - INFO - -> Analizzando versione 3.465.0 (54/97)...
2025-11-17 07:18:01,559 - UnicodeAnalyzer - INFO - -> Analizzando versione 3.47.0 (55/97)...
2025-11-17 07:18:01,619 - UnicodeAnalyzer - INFO - -> Analizzando versione 3.47.1 (56/97)...
2025-11-17 07:18:01,678 - UnicodeAnalyzer - INFO - -> Analizzando versione 3.472.0 (57/97)...
2025-11-17 07:18:01,735 - UnicodeAnalyzer - INFO - -> Analizzando versione 3.485.0 (58/97)...
2025-11-17 07:18:01,797 - UnicodeAnalyzer - INFO - -> Analizzando versione 3.49.0 (59/97)...
2025-11-17 07:18:01,853 - UnicodeAnalyzer - INFO - -> Analizzando versione 3.495.0 (60/97)...
2025-11-17 07:18:01,912 - UnicodeAnalyzer - INFO - -> Analizzando versione 3.496.0 (61/97)...
2025-11-17 07:18:01,972 - UnicodeAnalyzer - INFO - -> Analizzando versione 3.52.0 (62/97)...
2025-11-17 07:18:02,030 - UnicodeAnalyzer - INFO - -> Analizzando versione 3.521.0 (63/97)...
2025-11-17 07:18:02,088 - UnicodeAnalyzer - INFO - -> Analizzando versione 3.523.0 (64/97)...
2025-11-17 07:18:02,147 - UnicodeAnalyzer - INFO - -> Analizzando versione 3.533.0 (65/97)...
2025-11-17 07:18:02,206 - UnicodeAnalyzer - INFO - -> Analizzando versione 3.535.0 (66/97)...
2025-11-17 07:18:02,265 - UnicodeAnalyzer - INFO - -> Analizzando versione 3.55.0 (67/97)...
2025-11-17 07:18:02,324 - UnicodeAnalyzer - INFO - -> Analizzando versione 3.567.0 (68/97)...
2025-11-17 07:18:02,383 - UnicodeAnalyzer - INFO - -> Analizzando versione 3.575.0 (69/97)...
2025-11-17 07:18:02,440 - UnicodeAnalyzer - INFO - -> Analizzando versione 3.598.0 (70/97)...
2025-11-17 07:18:02,499 - UnicodeAnalyzer - INFO - -> Analizzando versione 3.6.1 (71/97)...
2025-11-17 07:18:02,499 - UnicodeAnalyzer - INFO - Filtrati 12 file (es. in /dist, /test).
2025-11-17 07:18:02,500 - UnicodeAnalyzer - INFO - -> Analizzando versione 3.609.0 (72/97)...
2025-11-17 07:18:02,556 - UnicodeAnalyzer - INFO - -> Analizzando versione 3.649.0 (73/97)...
2025-11-17 07:18:02,613 - UnicodeAnalyzer - INFO - -> Analizzando versione 3.654.0 (74/97)...
2025-11-17 07:18:02,673 - UnicodeAnalyzer - INFO - -> Analizzando versione 3.662.0 (75/97)...
2025-11-17 07:18:02,729 - UnicodeAnalyzer - INFO - -> Analizzando versione 3.679.0 (76/97)...
2025-11-17 07:18:02,785 - UnicodeAnalyzer - INFO - -> Analizzando versione 3.686.0 (77/97)...
2025-11-17 07:18:02,843 - UnicodeAnalyzer - INFO - -> Analizzando versione 3.692.0 (78/97)...
2025-11-17 07:18:02,900 - UnicodeAnalyzer - INFO - -> Analizzando versione 3.693.0 (79/97)...
2025-11-17 07:18:02,957 - UnicodeAnalyzer - INFO - -> Analizzando versione 3.696.0 (80/97)...
2025-11-17 07:18:03,013 - UnicodeAnalyzer - INFO - -> Analizzando versione 3.709.0 (81/97)...
2025-11-17 07:18:03,070 - UnicodeAnalyzer - INFO - -> Analizzando versione 3.723.0 (82/97)...
2025-11-17 07:18:03,127 - UnicodeAnalyzer - INFO - -> Analizzando versione 3.734.0 (83/97)...
2025-11-17 07:18:03,184 - UnicodeAnalyzer - INFO - -> Analizzando versione 3.775.0 (84/97)...
2025-11-17 07:18:03,241 - UnicodeAnalyzer - INFO - -> Analizzando versione 3.804.0 (85/97)...
2025-11-17 07:18:03,298 - UnicodeAnalyzer - INFO - -> Analizzando versione 3.821.0 (86/97)...
2025-11-17 07:18:03,356 - UnicodeAnalyzer - INFO - -> Analizzando versione 3.862.0 (87/97)...
2025-11-17 07:18:03,414 - UnicodeAnalyzer - INFO - -> Analizzando versione 3.873.0 (88/97)...
2025-11-17 07:18:03,471 - UnicodeAnalyzer - INFO - -> Analizzando versione 3.887.0 (89/97)...
2025-11-17 07:18:03,529 - UnicodeAnalyzer - INFO - -> Analizzando versione 3.893.0 (90/97)...
2025-11-17 07:18:03,586 - UnicodeAnalyzer - INFO - -> Analizzando versione 3.894.0 (91/97)...
2025-11-17 07:18:03,644 - UnicodeAnalyzer - INFO - -> Analizzando versione 3.901.0 (92/97)...
2025-11-17 07:18:03,703 - UnicodeAnalyzer - INFO - -> Analizzando versione 3.910.0 (93/97)...
2025-11-17 07:18:03,761 - UnicodeAnalyzer - INFO - -> Analizzando versione 3.911.0 (94/97)...
2025-11-17 07:18:03,819 - UnicodeAnalyzer - INFO - -> Analizzando versione 3.914.0 (95/97)...
2025-11-17 07:18:03,878 - UnicodeAnalyzer - INFO - -> Analizzando versione 3.921.0 (96/97)...
2025-11-17 07:18:03,937 - UnicodeAnalyzer - INFO - -> Analizzando versione 3.930.0 (97/97)...
2025-11-17 07:18:03,995 - UnicodeAnalyzer - INFO - Esportando i risultati HUT per '@aws-sdk/xml-builder' in CSV...
2025-11-17 07:18:04,136 - UnicodeAnalyzer - INFO - Report salvati in: /app/npm_hut_results/@aws-sdk_xml-builder
2025-11-17 07:18:04,137 - NPM_HUT_Analyzer - INFO - Pulizia cartella temporanea 'temp_hut/@aws-sdk_xml-builder'...
2025-11-17 07:18:04,187 - NPM_HUT_Analyzer - INFO - Pulizia completata.
