2025-10-26 08:02:25,952 - NPM_Analyzer - INFO - Fetching metadata for '@rollup/plugin-node-resolve'...
2025-10-26 08:02:26,065 - NPM_Analyzer - INFO - Found 52 versions. Starting download into 'temp/@rollup_plugin-node-resolve'...
2025-10-26 08:03:08,956 - BlankSpaceAnalyzer - INFO - Analyzing 52 versions for '*.js' in '@rollup_plugin-node-resolve'.
2025-10-26 08:03:08,956 - BlankSpaceAnalyzer - INFO - -> Analyzing version 10.0.0 (1/52)...
2025-10-26 08:03:09,062 - BlankSpaceAnalyzer - INFO - -> Analyzing version 11.0.0 (2/52)...
2025-10-26 08:03:09,138 - BlankSpaceAnalyzer - INFO - -> Analyzing version 11.0.1 (3/52)...
2025-10-26 08:03:09,223 - BlankSpaceAnalyzer - INFO - -> Analyzing version 11.1.0 (4/52)...
2025-10-26 08:03:09,303 - BlankSpaceAnalyzer - INFO - -> Analyzing version 11.1.1 (5/52)...
2025-10-26 08:03:09,380 - BlankSpaceAnalyzer - INFO - -> Analyzing version 11.2.0 (6/52)...
2025-10-26 08:03:09,457 - BlankSpaceAnalyzer - INFO - -> Analyzing version 11.2.1 (7/52)...
2025-10-26 08:03:09,534 - BlankSpaceAnalyzer - INFO - -> Analyzing version 13.0.0 (8/52)...
2025-10-26 08:03:09,611 - BlankSpaceAnalyzer - INFO - -> Analyzing version 13.0.1 (9/52)...
2025-10-26 08:03:09,688 - BlankSpaceAnalyzer - INFO - -> Analyzing version 13.0.2 (10/52)...
2025-10-26 08:03:09,765 - BlankSpaceAnalyzer - INFO - -> Analyzing version 13.0.3 (11/52)...
2025-10-26 08:03:09,846 - BlankSpaceAnalyzer - INFO - -> Analyzing version 13.0.4 (12/52)...
2025-10-26 08:03:09,930 - BlankSpaceAnalyzer - INFO - -> Analyzing version 13.0.5 (13/52)...
2025-10-26 08:03:10,008 - BlankSpaceAnalyzer - INFO - -> Analyzing version 13.0.6 (14/52)...
2025-10-26 08:03:10,086 - BlankSpaceAnalyzer - INFO - -> Analyzing version 13.1.0 (15/52)...
2025-10-26 08:03:10,162 - BlankSpaceAnalyzer - INFO - -> Analyzing version 13.1.1 (16/52)...
2025-10-26 08:03:10,239 - BlankSpaceAnalyzer - INFO - -> Analyzing version 13.1.2 (17/52)...
2025-10-26 08:03:10,323 - BlankSpaceAnalyzer - INFO - -> Analyzing version 13.1.3 (18/52)...
2025-10-26 08:03:10,402 - BlankSpaceAnalyzer - INFO - -> Analyzing version 13.2.0 (19/52)...
2025-10-26 08:03:10,479 - BlankSpaceAnalyzer - INFO - -> Analyzing version 13.2.1 (20/52)...
2025-10-26 08:03:10,557 - BlankSpaceAnalyzer - INFO - -> Analyzing version 13.2.2 (21/52)...
2025-10-26 08:03:10,635 - BlankSpaceAnalyzer - INFO - -> Analyzing version 13.3.0 (22/52)...
2025-10-26 08:03:10,720 - BlankSpaceAnalyzer - INFO - -> Analyzing version 14.0.0 (23/52)...
2025-10-26 08:03:10,798 - BlankSpaceAnalyzer - INFO - -> Analyzing version 14.0.1 (24/52)...
2025-10-26 08:03:10,875 - BlankSpaceAnalyzer - INFO - -> Analyzing version 14.1.0 (25/52)...
2025-10-26 08:03:10,952 - BlankSpaceAnalyzer - INFO - -> Analyzing version 15.0.0 (26/52)...
2025-10-26 08:03:11,029 - BlankSpaceAnalyzer - INFO - -> Analyzing version 15.0.1 (27/52)...
2025-10-26 08:03:11,106 - BlankSpaceAnalyzer - INFO - -> Analyzing version 15.0.2 (28/52)...
2025-10-26 08:03:11,183 - BlankSpaceAnalyzer - INFO - -> Analyzing version 15.1.0 (29/52)...
2025-10-26 08:03:11,260 - BlankSpaceAnalyzer - INFO - -> Analyzing version 15.2.0 (30/52)...
2025-10-26 08:03:11,339 - BlankSpaceAnalyzer - INFO - -> Analyzing version 15.2.1 (31/52)...
2025-10-26 08:03:11,415 - BlankSpaceAnalyzer - INFO - -> Analyzing version 15.2.2 (32/52)...
2025-10-26 08:03:11,502 - BlankSpaceAnalyzer - INFO - -> Analyzing version 15.2.3 (33/52)...
2025-10-26 08:03:11,581 - BlankSpaceAnalyzer - INFO - -> Analyzing version 15.2.4 (34/52)...
2025-10-26 08:03:11,658 - BlankSpaceAnalyzer - INFO - -> Analyzing version 15.3.0 (35/52)...
2025-10-26 08:03:11,735 - BlankSpaceAnalyzer - INFO - -> Analyzing version 15.3.1 (36/52)...
2025-10-26 08:03:11,813 - BlankSpaceAnalyzer - INFO - -> Analyzing version 16.0.0 (37/52)...
2025-10-26 08:03:11,890 - BlankSpaceAnalyzer - INFO - -> Analyzing version 16.0.1 (38/52)...
2025-10-26 08:03:11,967 - BlankSpaceAnalyzer - INFO - -> Analyzing version 16.0.2 (39/52)...
2025-10-26 08:03:12,045 - BlankSpaceAnalyzer - INFO - -> Analyzing version 16.0.3 (40/52)...
2025-10-26 08:03:12,123 - BlankSpaceAnalyzer - INFO - -> Analyzing version 6.0.0 (41/52)...
2025-10-26 08:03:12,199 - BlankSpaceAnalyzer - INFO - -> Analyzing version 6.1.0 (42/52)...
2025-10-26 08:03:12,275 - BlankSpaceAnalyzer - INFO - -> Analyzing version 7.0.0 (43/52)...
2025-10-26 08:03:12,352 - BlankSpaceAnalyzer - INFO - -> Analyzing version 7.1.0 (44/52)...
2025-10-26 08:03:12,429 - BlankSpaceAnalyzer - INFO - -> Analyzing version 7.1.1 (45/52)...
2025-10-26 08:03:12,506 - BlankSpaceAnalyzer - INFO - -> Analyzing version 7.1.2 (46/52)...
2025-10-26 08:03:12,582 - BlankSpaceAnalyzer - INFO - -> Analyzing version 7.1.3 (47/52)...
2025-10-26 08:03:12,657 - BlankSpaceAnalyzer - INFO - -> Analyzing version 8.0.0 (48/52)...
2025-10-26 08:03:12,734 - BlankSpaceAnalyzer - INFO - -> Analyzing version 8.0.1 (49/52)...
2025-10-26 08:03:12,810 - BlankSpaceAnalyzer - INFO - -> Analyzing version 8.1.0 (50/52)...
2025-10-26 08:03:12,886 - BlankSpaceAnalyzer - INFO - -> Analyzing version 8.4.0 (51/52)...
2025-10-26 08:03:12,962 - BlankSpaceAnalyzer - INFO - -> Analyzing version 9.0.0 (52/52)...
2025-10-26 08:03:13,051 - BlankSpaceAnalyzer - INFO - Exporting results for '@rollup/plugin-node-resolve' to CSV...
2025-10-26 08:03:13,096 - BlankSpaceAnalyzer - INFO - Reports saved in: /app/npm_results/@rollup_plugin-node-resolve
2025-10-26 08:03:13,096 - NPM_Analyzer - INFO - Cleaning temporary folder 'temp/@rollup_plugin-node-resolve'...
2025-10-26 08:03:13,112 - NPM_Analyzer - INFO - Cleanup completed.
