2025-10-29 09:38:57,293 - NPM_Analyzer - INFO - Fetching metadata for 'expo'...
2025-10-29 09:38:57,517 - NPM_Analyzer - INFO - Found 783 versions. Starting download into 'temp/expo'...
2025-10-29 09:40:14,970 - NPM_Analyzer - ERROR -   Error on version 26.0.0-rc.3: 404 Client Error: Not Found for url: https://registry.npmjs.org/expo/-/expo-26.0.0-rc.3.tgz
2025-10-29 09:46:57,963 - BlankSpaceAnalyzer - INFO - Analyzing 782 versions for '*.js' in 'expo'.
2025-10-29 09:46:57,963 - BlankSpaceAnalyzer - INFO - -> Analyzing version 0.1.0-pre (1/782)...
2025-10-29 09:46:58,014 - BlankSpaceAnalyzer - INFO - -> Analyzing version 0.1.0-pre2 (2/782)...
2025-10-29 09:46:58,081 - BlankSpaceAnalyzer - INFO - -> Analyzing version 0.1.1 (3/782)...
2025-10-29 09:46:58,147 - BlankSpaceAnalyzer - INFO - -> Analyzing version 0.1.2 (4/782)...
2025-10-29 09:46:58,214 - BlankSpaceAnalyzer - INFO - -> Analyzing version 0.1.3 (5/782)...
2025-10-29 09:46:58,279 - BlankSpaceAnalyzer - INFO - -> Analyzing version 0.1.4 (6/782)...
2025-10-29 09:46:58,347 - BlankSpaceAnalyzer - INFO - -> Analyzing version 0.1.5 (7/782)...
2025-10-29 09:46:58,413 - BlankSpaceAnalyzer - INFO - -> Analyzing version 0.1.6 (8/782)...
2025-10-29 09:46:58,479 - BlankSpaceAnalyzer - INFO - -> Analyzing version 0.1.7 (9/782)...
2025-10-29 09:46:58,546 - BlankSpaceAnalyzer - INFO - -> Analyzing version 1.0.0 (10/782)...
2025-10-29 09:46:58,546 - BlankSpaceAnalyzer - INFO - -> Analyzing version 14.0.0 (11/782)...
2025-10-29 09:46:58,612 - BlankSpaceAnalyzer - INFO - -> Analyzing version 14.0.1 (12/782)...
2025-10-29 09:46:58,678 - BlankSpaceAnalyzer - INFO - -> Analyzing version 14.0.2 (13/782)...
2025-10-29 09:46:58,744 - BlankSpaceAnalyzer - INFO - -> Analyzing version 15.0.0 (14/782)...
2025-10-29 09:46:58,810 - BlankSpaceAnalyzer - INFO - -> Analyzing version 15.0.0-rc.1 (15/782)...
2025-10-29 09:46:58,876 - BlankSpaceAnalyzer - INFO - -> Analyzing version 15.0.1 (16/782)...
2025-10-29 09:46:58,942 - BlankSpaceAnalyzer - INFO - -> Analyzing version 15.0.1-beta.0 (17/782)...
2025-10-29 09:46:59,008 - BlankSpaceAnalyzer - INFO - -> Analyzing version 15.0.1-beta.1 (18/782)...
2025-10-29 09:46:59,075 - BlankSpaceAnalyzer - INFO - -> Analyzing version 15.0.2 (19/782)...
2025-10-29 09:46:59,142 - BlankSpaceAnalyzer - INFO - -> Analyzing version 15.1.2 (20/782)...
2025-10-29 09:46:59,207 - BlankSpaceAnalyzer - INFO - -> Analyzing version 15.1.3 (21/782)...
2025-10-29 09:46:59,273 - BlankSpaceAnalyzer - INFO - -> Analyzing version 16.0.0 (22/782)...
2025-10-29 09:46:59,338 - BlankSpaceAnalyzer - INFO - -> Analyzing version 16.0.0-beta.0 (23/782)...
2025-10-29 09:46:59,407 - BlankSpaceAnalyzer - INFO - -> Analyzing version 16.0.0-rc.1 (24/782)...
2025-10-29 09:46:59,473 - BlankSpaceAnalyzer - INFO - -> Analyzing version 17.0.0 (25/782)...
2025-10-29 09:46:59,539 - BlankSpaceAnalyzer - INFO - -> Analyzing version 17.0.0-rc.1 (26/782)...
2025-10-29 09:46:59,606 - BlankSpaceAnalyzer - INFO - -> Analyzing version 17.0.0-rc.2 (27/782)...
2025-10-29 09:46:59,672 - BlankSpaceAnalyzer - INFO - -> Analyzing version 17.0.0-rc.3 (28/782)...
2025-10-29 09:46:59,739 - BlankSpaceAnalyzer - INFO - -> Analyzing version 17.0.0-rc.4 (29/782)...
2025-10-29 09:46:59,798 - BlankSpaceAnalyzer - INFO - -> Analyzing version 18.0.0 (30/782)...
2025-10-29 09:46:59,865 - BlankSpaceAnalyzer - INFO - -> Analyzing version 18.0.0-alpha.0 (31/782)...
2025-10-29 09:46:59,932 - BlankSpaceAnalyzer - INFO - -> Analyzing version 18.0.0-alpha.1 (32/782)...
2025-10-29 09:46:59,998 - BlankSpaceAnalyzer - INFO - -> Analyzing version 18.0.0-rc.1 (33/782)...
2025-10-29 09:47:00,066 - BlankSpaceAnalyzer - INFO - -> Analyzing version 18.0.0-rc.2 (34/782)...
2025-10-29 09:47:00,132 - BlankSpaceAnalyzer - INFO - -> Analyzing version 18.0.0-rc.3 (35/782)...
2025-10-29 09:47:00,193 - BlankSpaceAnalyzer - INFO - -> Analyzing version 18.0.1 (36/782)...
2025-10-29 09:47:00,256 - BlankSpaceAnalyzer - INFO - -> Analyzing version 18.0.2 (37/782)...
2025-10-29 09:47:00,325 - BlankSpaceAnalyzer - INFO - -> Analyzing version 18.0.3 (38/782)...
2025-10-29 09:47:00,392 - BlankSpaceAnalyzer - INFO - -> Analyzing version 18.0.4 (39/782)...
2025-10-29 09:47:00,459 - BlankSpaceAnalyzer - INFO - -> Analyzing version 18.0.4-rc.0 (40/782)...
2025-10-29 09:47:00,527 - BlankSpaceAnalyzer - INFO - -> Analyzing version 18.0.5 (41/782)...
2025-10-29 09:47:00,594 - BlankSpaceAnalyzer - INFO - -> Analyzing version 18.0.6 (42/782)...
2025-10-29 09:47:00,659 - BlankSpaceAnalyzer - INFO - -> Analyzing version 18.0.8 (43/782)...
2025-10-29 09:47:00,726 - BlankSpaceAnalyzer - INFO - -> Analyzing version 18.0.9 (44/782)...
2025-10-29 09:47:00,793 - BlankSpaceAnalyzer - INFO - -> Analyzing version 19.0.0 (45/782)...
2025-10-29 09:47:00,862 - BlankSpaceAnalyzer - INFO - -> Analyzing version 19.0.0-alpha.0 (46/782)...
2025-10-29 09:47:00,930 - BlankSpaceAnalyzer - INFO - -> Analyzing version 19.0.0-rc.0 (47/782)...
2025-10-29 09:47:00,993 - BlankSpaceAnalyzer - INFO - -> Analyzing version 19.0.0-rc.1 (48/782)...
2025-10-29 09:47:01,060 - BlankSpaceAnalyzer - INFO - -> Analyzing version 19.0.0-rc.2 (49/782)...
2025-10-29 09:47:01,128 - BlankSpaceAnalyzer - INFO - -> Analyzing version 19.0.0-rc.3 (50/782)...
2025-10-29 09:47:01,194 - BlankSpaceAnalyzer - INFO - -> Analyzing version 19.0.0-rc.4 (51/782)...
2025-10-29 09:47:01,262 - BlankSpaceAnalyzer - INFO - -> Analyzing version 19.0.0-rc.5 (52/782)...
2025-10-29 09:47:01,330 - BlankSpaceAnalyzer - INFO - -> Analyzing version 19.0.0-rc.6 (53/782)...
2025-10-29 09:47:01,394 - BlankSpaceAnalyzer - INFO - -> Analyzing version 19.0.0-rc.7 (54/782)...
2025-10-29 09:47:01,462 - BlankSpaceAnalyzer - INFO - -> Analyzing version 19.0.1 (55/782)...
2025-10-29 09:47:01,530 - BlankSpaceAnalyzer - INFO - -> Analyzing version 20.0.0 (56/782)...
2025-10-29 09:47:01,597 - BlankSpaceAnalyzer - INFO - -> Analyzing version 20.0.0-alpha.0 (57/782)...
2025-10-29 09:47:01,664 - BlankSpaceAnalyzer - INFO - -> Analyzing version 20.0.0-alpha.1 (58/782)...
2025-10-29 09:47:01,730 - BlankSpaceAnalyzer - INFO - -> Analyzing version 20.0.0-alpha.2 (59/782)...
2025-10-29 09:47:01,797 - BlankSpaceAnalyzer - INFO - -> Analyzing version 20.0.0-alpha.3 (60/782)...
2025-10-29 09:47:01,865 - BlankSpaceAnalyzer - INFO - -> Analyzing version 20.0.0-alpha.4 (61/782)...
2025-10-29 09:47:01,935 - BlankSpaceAnalyzer - INFO - -> Analyzing version 20.0.0-alpha.5 (62/782)...
2025-10-29 09:47:01,997 - BlankSpaceAnalyzer - INFO - -> Analyzing version 20.0.0-alpha.6 (63/782)...
2025-10-29 09:47:02,064 - BlankSpaceAnalyzer - INFO - -> Analyzing version 20.0.0-alpha.7 (64/782)...
2025-10-29 09:47:02,131 - BlankSpaceAnalyzer - INFO - -> Analyzing version 20.0.1 (65/782)...
2025-10-29 09:47:02,198 - BlankSpaceAnalyzer - INFO - -> Analyzing version 20.0.2 (66/782)...
2025-10-29 09:47:02,267 - BlankSpaceAnalyzer - INFO - -> Analyzing version 20.0.3 (67/782)...
2025-10-29 09:47:02,332 - BlankSpaceAnalyzer - INFO - -> Analyzing version 20.0.4 (68/782)...
2025-10-29 09:47:02,394 - BlankSpaceAnalyzer - INFO - -> Analyzing version 20.0.5 (69/782)...
2025-10-29 09:47:02,457 - BlankSpaceAnalyzer - INFO - -> Analyzing version 20.1.0 (70/782)...
2025-10-29 09:47:02,527 - BlankSpaceAnalyzer - INFO - -> Analyzing version 20.1.1 (71/782)...
2025-10-29 09:47:02,593 - BlankSpaceAnalyzer - INFO - -> Analyzing version 20.1.2 (72/782)...
2025-10-29 09:47:02,660 - BlankSpaceAnalyzer - INFO - -> Analyzing version 20.1.3 (73/782)...
2025-10-29 09:47:02,729 - BlankSpaceAnalyzer - INFO - -> Analyzing version 20.1.4 (74/782)...
2025-10-29 09:47:02,795 - BlankSpaceAnalyzer - INFO - -> Analyzing version 21.0.0 (75/782)...
2025-10-29 09:47:02,866 - BlankSpaceAnalyzer - INFO - -> Analyzing version 21.0.0-alpha.0 (76/782)...
2025-10-29 09:47:02,932 - BlankSpaceAnalyzer - INFO - -> Analyzing version 21.0.0-alpha.1 (77/782)...
2025-10-29 09:47:02,999 - BlankSpaceAnalyzer - INFO - -> Analyzing version 21.0.0-alpha.2 (78/782)...
2025-10-29 09:47:03,067 - BlankSpaceAnalyzer - INFO - -> Analyzing version 21.0.0-rc.0 (79/782)...
2025-10-29 09:47:03,141 - BlankSpaceAnalyzer - INFO - -> Analyzing version 21.0.0-rc.1 (80/782)...
2025-10-29 09:47:03,207 - BlankSpaceAnalyzer - INFO - -> Analyzing version 21.0.0-rc.3 (81/782)...
2025-10-29 09:47:03,275 - BlankSpaceAnalyzer - INFO - -> Analyzing version 21.0.0-rc.4 (82/782)...
2025-10-29 09:47:03,343 - BlankSpaceAnalyzer - INFO - -> Analyzing version 21.0.0-rc.5 (83/782)...
2025-10-29 09:47:03,410 - BlankSpaceAnalyzer - INFO - -> Analyzing version 21.0.1 (84/782)...
2025-10-29 09:47:03,479 - BlankSpaceAnalyzer - INFO - -> Analyzing version 21.0.2 (85/782)...
2025-10-29 09:47:03,545 - BlankSpaceAnalyzer - INFO - -> Analyzing version 21.0.3 (86/782)...
2025-10-29 09:47:03,608 - BlankSpaceAnalyzer - INFO - -> Analyzing version 22.0.0 (87/782)...
2025-10-29 09:47:03,677 - BlankSpaceAnalyzer - INFO - -> Analyzing version 22.0.0-rc.0 (88/782)...
2025-10-29 09:47:03,745 - BlankSpaceAnalyzer - INFO - -> Analyzing version 22.0.0-rc.1 (89/782)...
2025-10-29 09:47:03,812 - BlankSpaceAnalyzer - INFO - -> Analyzing version 22.0.1 (90/782)...
2025-10-29 09:47:03,880 - BlankSpaceAnalyzer - INFO - -> Analyzing version 22.0.2 (91/782)...
2025-10-29 09:47:03,946 - BlankSpaceAnalyzer - INFO - -> Analyzing version 22.0.3 (92/782)...
2025-10-29 09:47:04,009 - BlankSpaceAnalyzer - INFO - -> Analyzing version 22.0.4 (93/782)...
2025-10-29 09:47:04,079 - BlankSpaceAnalyzer - INFO - -> Analyzing version 22.1.0 (94/782)...
2025-10-29 09:47:04,146 - BlankSpaceAnalyzer - INFO - -> Analyzing version 23.0.0 (95/782)...
2025-10-29 09:47:04,209 - BlankSpaceAnalyzer - INFO - -> Analyzing version 23.0.0-rc.0 (96/782)...
2025-10-29 09:47:04,276 - BlankSpaceAnalyzer - INFO - -> Analyzing version 23.0.0-rc.1 (97/782)...
2025-10-29 09:47:04,348 - BlankSpaceAnalyzer - INFO - -> Analyzing version 23.0.0-rc.2 (98/782)...
2025-10-29 09:47:04,415 - BlankSpaceAnalyzer - INFO - -> Analyzing version 23.0.1 (99/782)...
2025-10-29 09:47:04,483 - BlankSpaceAnalyzer - INFO - -> Analyzing version 23.0.2 (100/782)...
2025-10-29 09:47:04,549 - BlankSpaceAnalyzer - INFO - -> Analyzing version 23.0.3 (101/782)...
2025-10-29 09:47:04,613 - BlankSpaceAnalyzer - INFO - -> Analyzing version 23.0.4 (102/782)...
2025-10-29 09:47:04,682 - BlankSpaceAnalyzer - INFO - -> Analyzing version 23.0.5 (103/782)...
2025-10-29 09:47:04,751 - BlankSpaceAnalyzer - INFO - -> Analyzing version 23.0.6 (104/782)...
2025-10-29 09:47:04,818 - BlankSpaceAnalyzer - INFO - -> Analyzing version 23.1.0 (105/782)...
2025-10-29 09:47:04,882 - BlankSpaceAnalyzer - INFO - -> Analyzing version 23.1.1 (106/782)...
2025-10-29 09:47:04,947 - BlankSpaceAnalyzer - INFO - -> Analyzing version 24.0.0 (107/782)...
2025-10-29 09:47:05,015 - BlankSpaceAnalyzer - INFO - -> Analyzing version 24.0.0-rc.0 (108/782)...
2025-10-29 09:47:05,085 - BlankSpaceAnalyzer - INFO - -> Analyzing version 24.0.0-rc.1 (109/782)...
2025-10-29 09:47:05,155 - BlankSpaceAnalyzer - INFO - -> Analyzing version 24.0.1 (110/782)...
2025-10-29 09:47:05,226 - BlankSpaceAnalyzer - INFO - -> Analyzing version 24.0.2 (111/782)...
2025-10-29 09:47:05,295 - BlankSpaceAnalyzer - INFO - -> Analyzing version 24.0.3 (112/782)...
2025-10-29 09:47:05,363 - BlankSpaceAnalyzer - INFO - -> Analyzing version 24.1.0 (113/782)...
2025-10-29 09:47:05,433 - BlankSpaceAnalyzer - INFO - -> Analyzing version 24.1.1 (114/782)...
2025-10-29 09:47:05,502 - BlankSpaceAnalyzer - INFO - -> Analyzing version 25.0.0 (115/782)...
2025-10-29 09:47:05,570 - BlankSpaceAnalyzer - INFO - -> Analyzing version 25.0.0-rc.0 (116/782)...
2025-10-29 09:47:05,638 - BlankSpaceAnalyzer - INFO - -> Analyzing version 25.0.0-rc.1 (117/782)...
2025-10-29 09:47:05,707 - BlankSpaceAnalyzer - INFO - -> Analyzing version 25.0.1 (118/782)...
2025-10-29 09:47:05,776 - BlankSpaceAnalyzer - INFO - -> Analyzing version 25.1.0 (119/782)...
2025-10-29 09:47:05,846 - BlankSpaceAnalyzer - INFO - -> Analyzing version 25.1.1 (120/782)...
2025-10-29 09:47:05,914 - BlankSpaceAnalyzer - INFO - -> Analyzing version 25.1.2 (121/782)...
2025-10-29 09:47:05,984 - BlankSpaceAnalyzer - INFO - -> Analyzing version 26.0.0 (122/782)...
2025-10-29 09:47:06,057 - BlankSpaceAnalyzer - INFO - -> Analyzing version 26.0.0-rc.0 (123/782)...
2025-10-29 09:47:06,124 - BlankSpaceAnalyzer - INFO - -> Analyzing version 26.0.0-rc.1 (124/782)...
2025-10-29 09:47:06,194 - BlankSpaceAnalyzer - INFO - -> Analyzing version 26.0.0-rc.2 (125/782)...
2025-10-29 09:47:06,260 - BlankSpaceAnalyzer - INFO - -> Analyzing version 26.1.0 (126/782)...
2025-10-29 09:47:06,324 - BlankSpaceAnalyzer - INFO - -> Analyzing version 26.1.1 (127/782)...
2025-10-29 09:47:06,396 - BlankSpaceAnalyzer - INFO - -> Analyzing version 27.0.0 (128/782)...
2025-10-29 09:47:06,464 - BlankSpaceAnalyzer - INFO - -> Analyzing version 27.0.0-rc.0 (129/782)...
2025-10-29 09:47:06,533 - BlankSpaceAnalyzer - INFO - -> Analyzing version 27.0.1 (130/782)...
2025-10-29 09:47:06,603 - BlankSpaceAnalyzer - INFO - -> Analyzing version 27.0.1-rc.0 (131/782)...
2025-10-29 09:47:06,671 - BlankSpaceAnalyzer - INFO - -> Analyzing version 27.0.2 (132/782)...
2025-10-29 09:47:06,741 - BlankSpaceAnalyzer - INFO - -> Analyzing version 27.0.2-rc.0 (133/782)...
2025-10-29 09:47:06,810 - BlankSpaceAnalyzer - INFO - -> Analyzing version 27.0.2-rc.1 (134/782)...
2025-10-29 09:47:06,879 - BlankSpaceAnalyzer - INFO - -> Analyzing version 27.1.0 (135/782)...
2025-10-29 09:47:06,950 - BlankSpaceAnalyzer - INFO - -> Analyzing version 27.1.1 (136/782)...
2025-10-29 09:47:07,018 - BlankSpaceAnalyzer - INFO - -> Analyzing version 28.0.0 (137/782)...
2025-10-29 09:47:07,088 - BlankSpaceAnalyzer - INFO - -> Analyzing version 28.0.0-rc.0 (138/782)...
2025-10-29 09:47:07,156 - BlankSpaceAnalyzer - INFO - -> Analyzing version 28.0.0-rc.1 (139/782)...
2025-10-29 09:47:07,229 - BlankSpaceAnalyzer - INFO - -> Analyzing version 28.0.0-rc.2 (140/782)...
2025-10-29 09:47:07,301 - BlankSpaceAnalyzer - INFO - -> Analyzing version 28.0.1 (141/782)...
2025-10-29 09:47:07,369 - BlankSpaceAnalyzer - INFO - -> Analyzing version 29.0.0 (142/782)...
2025-10-29 09:47:07,438 - BlankSpaceAnalyzer - INFO - -> Analyzing version 29.0.0-rc.0 (143/782)...
2025-10-29 09:47:07,506 - BlankSpaceAnalyzer - INFO - -> Analyzing version 29.0.0-rc.2 (144/782)...
2025-10-29 09:47:07,576 - BlankSpaceAnalyzer - INFO - -> Analyzing version 29.0.0-rc.3 (145/782)...
2025-10-29 09:47:07,643 - BlankSpaceAnalyzer - INFO - -> Analyzing version 29.0.1 (146/782)...
2025-10-29 09:47:07,706 - BlankSpaceAnalyzer - INFO - -> Analyzing version 29.0.1-rc.0 (147/782)...
2025-10-29 09:47:07,774 - BlankSpaceAnalyzer - INFO - -> Analyzing version 30.0.0 (148/782)...
2025-10-29 09:47:07,846 - BlankSpaceAnalyzer - INFO - -> Analyzing version 30.0.0-rc.0 (149/782)...
2025-10-29 09:47:07,914 - BlankSpaceAnalyzer - INFO - -> Analyzing version 30.0.0-rc.1 (150/782)...
2025-10-29 09:47:07,985 - BlankSpaceAnalyzer - INFO - -> Analyzing version 30.0.1 (151/782)...
2025-10-29 09:47:08,052 - BlankSpaceAnalyzer - INFO - -> Analyzing version 30.0.2 (152/782)...
2025-10-29 09:47:08,115 - BlankSpaceAnalyzer - INFO - -> Analyzing version 31.0.0 (153/782)...
2025-10-29 09:47:08,185 - BlankSpaceAnalyzer - INFO - -> Analyzing version 31.0.0-rc.0 (154/782)...
2025-10-29 09:47:08,258 - BlankSpaceAnalyzer - INFO - -> Analyzing version 31.0.0-rc.1 (155/782)...
2025-10-29 09:47:08,326 - BlankSpaceAnalyzer - INFO - -> Analyzing version 31.0.0-rc.2 (156/782)...
2025-10-29 09:47:08,395 - BlankSpaceAnalyzer - INFO - -> Analyzing version 31.0.0-rc.3 (157/782)...
2025-10-29 09:47:08,462 - BlankSpaceAnalyzer - INFO - -> Analyzing version 31.0.1 (158/782)...
2025-10-29 09:47:08,527 - BlankSpaceAnalyzer - INFO - -> Analyzing version 31.0.2 (159/782)...
2025-10-29 09:47:08,595 - BlankSpaceAnalyzer - INFO - -> Analyzing version 31.0.3 (160/782)...
2025-10-29 09:47:08,664 - BlankSpaceAnalyzer - INFO - -> Analyzing version 31.0.4 (161/782)...
2025-10-29 09:47:08,733 - BlankSpaceAnalyzer - INFO - -> Analyzing version 31.0.5 (162/782)...
2025-10-29 09:47:08,803 - BlankSpaceAnalyzer - INFO - -> Analyzing version 31.0.6 (163/782)...
2025-10-29 09:47:08,871 - BlankSpaceAnalyzer - INFO - -> Analyzing version 32.0.0 (164/782)...
2025-10-29 09:47:08,941 - BlankSpaceAnalyzer - INFO - -> Analyzing version 32.0.0-rc.0 (165/782)...
2025-10-29 09:47:09,011 - BlankSpaceAnalyzer - INFO - -> Analyzing version 32.0.0-rc.1 (166/782)...
2025-10-29 09:47:09,081 - BlankSpaceAnalyzer - INFO - -> Analyzing version 32.0.0-rc.2 (167/782)...
2025-10-29 09:47:09,148 - BlankSpaceAnalyzer - INFO - -> Analyzing version 32.0.0-rc.3 (168/782)...
2025-10-29 09:47:09,216 - BlankSpaceAnalyzer - INFO - -> Analyzing version 32.0.0-rc.4 (169/782)...
2025-10-29 09:47:09,285 - BlankSpaceAnalyzer - INFO - -> Analyzing version 32.0.1 (170/782)...
2025-10-29 09:47:09,356 - BlankSpaceAnalyzer - INFO - -> Analyzing version 32.0.2 (171/782)...
2025-10-29 09:47:09,426 - BlankSpaceAnalyzer - INFO - -> Analyzing version 32.0.2-rc.0 (172/782)...
2025-10-29 09:47:09,497 - BlankSpaceAnalyzer - INFO - -> Analyzing version 32.0.3 (173/782)...
2025-10-29 09:47:09,564 - BlankSpaceAnalyzer - INFO - -> Analyzing version 32.0.4 (174/782)...
2025-10-29 09:47:09,628 - BlankSpaceAnalyzer - INFO - -> Analyzing version 32.0.5 (175/782)...
2025-10-29 09:47:09,698 - BlankSpaceAnalyzer - INFO - -> Analyzing version 32.0.6 (176/782)...
2025-10-29 09:47:09,768 - BlankSpaceAnalyzer - INFO - -> Analyzing version 33.0.0 (177/782)...
2025-10-29 09:47:09,838 - BlankSpaceAnalyzer - INFO - -> Analyzing version 33.0.0-alpha.0 (178/782)...
2025-10-29 09:47:09,908 - BlankSpaceAnalyzer - INFO - -> Analyzing version 33.0.0-alpha.1 (179/782)...
2025-10-29 09:47:09,976 - BlankSpaceAnalyzer - INFO - -> Analyzing version 33.0.0-alpha.web.0 (180/782)...
2025-10-29 09:47:10,049 - BlankSpaceAnalyzer - INFO - -> Analyzing version 33.0.0-alpha.web.1 (181/782)...
2025-10-29 09:47:10,118 - BlankSpaceAnalyzer - INFO - -> Analyzing version 33.0.0-alpha.web.2 (182/782)...
2025-10-29 09:47:10,186 - BlankSpaceAnalyzer - INFO - -> Analyzing version 33.0.0-alpha.web.3 (183/782)...
2025-10-29 09:47:10,255 - BlankSpaceAnalyzer - INFO - -> Analyzing version 33.0.0-rc.0 (184/782)...
2025-10-29 09:47:10,324 - BlankSpaceAnalyzer - INFO - -> Analyzing version 33.0.0-rc.1 (185/782)...
2025-10-29 09:47:10,392 - BlankSpaceAnalyzer - INFO - -> Analyzing version 33.0.0-rc.2 (186/782)...
2025-10-29 09:47:10,462 - BlankSpaceAnalyzer - INFO - -> Analyzing version 33.0.0-rc.3 (187/782)...
2025-10-29 09:47:10,528 - BlankSpaceAnalyzer - INFO - -> Analyzing version 33.0.0-rc.4 (188/782)...
2025-10-29 09:47:10,598 - BlankSpaceAnalyzer - INFO - -> Analyzing version 33.0.0-rc.5 (189/782)...
2025-10-29 09:47:10,668 - BlankSpaceAnalyzer - INFO - -> Analyzing version 33.0.0-rc.6 (190/782)...
2025-10-29 09:47:10,734 - BlankSpaceAnalyzer - INFO - -> Analyzing version 33.0.0-rc.7 (191/782)...
2025-10-29 09:47:10,802 - BlankSpaceAnalyzer - INFO - -> Analyzing version 33.0.1 (192/782)...
2025-10-29 09:47:10,869 - BlankSpaceAnalyzer - INFO - -> Analyzing version 33.0.2 (193/782)...
2025-10-29 09:47:10,936 - BlankSpaceAnalyzer - INFO - -> Analyzing version 33.0.3 (194/782)...
2025-10-29 09:47:11,005 - BlankSpaceAnalyzer - INFO - -> Analyzing version 33.0.4 (195/782)...
2025-10-29 09:47:11,072 - BlankSpaceAnalyzer - INFO - -> Analyzing version 33.0.5 (196/782)...
2025-10-29 09:47:11,140 - BlankSpaceAnalyzer - INFO - -> Analyzing version 33.0.6 (197/782)...
2025-10-29 09:47:11,207 - BlankSpaceAnalyzer - INFO - -> Analyzing version 33.0.7 (198/782)...
2025-10-29 09:47:11,273 - BlankSpaceAnalyzer - INFO - -> Analyzing version 34.0.0-experiment.0 (199/782)...
2025-10-29 09:47:11,341 - BlankSpaceAnalyzer - INFO - -> Analyzing version 34.0.0-experiment.1 (200/782)...
2025-10-29 09:47:11,408 - BlankSpaceAnalyzer - INFO - -> Analyzing version 34.0.0-experiment.2 (201/782)...
2025-10-29 09:47:11,478 - BlankSpaceAnalyzer - INFO - -> Analyzing version 34.0.0-experiment.3 (202/782)...
2025-10-29 09:47:11,545 - BlankSpaceAnalyzer - INFO - -> Analyzing version 34.0.0-experiment.4 (203/782)...
2025-10-29 09:47:11,615 - BlankSpaceAnalyzer - INFO - -> Analyzing version 34.0.0-experiment.5 (204/782)...
2025-10-29 09:47:11,682 - BlankSpaceAnalyzer - INFO - -> Analyzing version 34.0.0-experiment.6 (205/782)...
2025-10-29 09:47:11,750 - BlankSpaceAnalyzer - INFO - -> Analyzing version 34.0.0-experiment.7 (206/782)...
2025-10-29 09:47:11,818 - BlankSpaceAnalyzer - INFO - -> Analyzing version 34.0.0-experiment.8 (207/782)...
2025-10-29 09:47:11,885 - BlankSpaceAnalyzer - INFO - -> Analyzing version 34.0.0-rc.0 (208/782)...
2025-10-29 09:47:11,952 - BlankSpaceAnalyzer - INFO - -> Analyzing version 34.0.0-rc.1 (209/782)...
2025-10-29 09:47:12,023 - BlankSpaceAnalyzer - INFO - -> Analyzing version 34.0.0-rc.2 (210/782)...
2025-10-29 09:47:12,091 - BlankSpaceAnalyzer - INFO - -> Analyzing version 34.0.0-rc.3 (211/782)...
2025-10-29 09:47:12,158 - BlankSpaceAnalyzer - INFO - -> Analyzing version 34.0.1 (212/782)...
2025-10-29 09:47:12,226 - BlankSpaceAnalyzer - INFO - -> Analyzing version 34.0.2 (213/782)...
2025-10-29 09:47:12,293 - BlankSpaceAnalyzer - INFO - -> Analyzing version 34.0.3 (214/782)...
2025-10-29 09:47:12,361 - BlankSpaceAnalyzer - INFO - -> Analyzing version 34.0.4 (215/782)...
2025-10-29 09:47:12,428 - BlankSpaceAnalyzer - INFO - -> Analyzing version 35.0.0 (216/782)...
2025-10-29 09:47:12,494 - BlankSpaceAnalyzer - INFO - -> Analyzing version 35.0.0-rc.0 (217/782)...
2025-10-29 09:47:12,561 - BlankSpaceAnalyzer - INFO - -> Analyzing version 35.0.1 (218/782)...
2025-10-29 09:47:12,629 - BlankSpaceAnalyzer - INFO - -> Analyzing version 36.0.0 (219/782)...
2025-10-29 09:47:12,696 - BlankSpaceAnalyzer - INFO - -> Analyzing version 36.0.0-rc.0 (220/782)...
2025-10-29 09:47:12,762 - BlankSpaceAnalyzer - INFO - -> Analyzing version 36.0.1 (221/782)...
2025-10-29 09:47:12,829 - BlankSpaceAnalyzer - INFO - -> Analyzing version 36.0.2 (222/782)...
2025-10-29 09:47:12,897 - BlankSpaceAnalyzer - INFO - -> Analyzing version 37.0.0 (223/782)...
2025-10-29 09:47:12,966 - BlankSpaceAnalyzer - INFO - -> Analyzing version 37.0.1 (224/782)...
2025-10-29 09:47:13,035 - BlankSpaceAnalyzer - INFO - -> Analyzing version 37.0.10 (225/782)...
2025-10-29 09:47:13,098 - BlankSpaceAnalyzer - INFO - -> Analyzing version 37.0.11 (226/782)...
2025-10-29 09:47:13,164 - BlankSpaceAnalyzer - INFO - -> Analyzing version 37.0.12 (227/782)...
2025-10-29 09:47:13,232 - BlankSpaceAnalyzer - INFO - -> Analyzing version 37.0.2 (228/782)...
2025-10-29 09:47:13,294 - BlankSpaceAnalyzer - INFO - -> Analyzing version 37.0.3 (229/782)...
2025-10-29 09:47:13,364 - BlankSpaceAnalyzer - INFO - -> Analyzing version 37.0.4 (230/782)...
2025-10-29 09:47:13,431 - BlankSpaceAnalyzer - INFO - -> Analyzing version 37.0.5 (231/782)...
2025-10-29 09:47:13,498 - BlankSpaceAnalyzer - INFO - -> Analyzing version 37.0.6 (232/782)...
2025-10-29 09:47:13,565 - BlankSpaceAnalyzer - INFO - -> Analyzing version 37.0.7 (233/782)...
2025-10-29 09:47:13,631 - BlankSpaceAnalyzer - INFO - -> Analyzing version 37.0.8 (234/782)...
2025-10-29 09:47:13,697 - BlankSpaceAnalyzer - INFO - -> Analyzing version 37.0.9 (235/782)...
2025-10-29 09:47:13,765 - BlankSpaceAnalyzer - INFO - -> Analyzing version 38.0.0 (236/782)...
2025-10-29 09:47:13,833 - BlankSpaceAnalyzer - INFO - -> Analyzing version 38.0.1 (237/782)...
2025-10-29 09:47:13,895 - BlankSpaceAnalyzer - INFO - -> Analyzing version 38.0.10 (238/782)...
2025-10-29 09:47:13,961 - BlankSpaceAnalyzer - INFO - -> Analyzing version 38.0.11 (239/782)...
2025-10-29 09:47:14,033 - BlankSpaceAnalyzer - INFO - -> Analyzing version 38.0.2 (240/782)...
2025-10-29 09:47:14,098 - BlankSpaceAnalyzer - INFO - -> Analyzing version 38.0.3 (241/782)...
2025-10-29 09:47:14,167 - BlankSpaceAnalyzer - INFO - -> Analyzing version 38.0.4 (242/782)...
2025-10-29 09:47:14,234 - BlankSpaceAnalyzer - INFO - -> Analyzing version 38.0.5 (243/782)...
2025-10-29 09:47:14,302 - BlankSpaceAnalyzer - INFO - -> Analyzing version 38.0.6 (244/782)...
2025-10-29 09:47:14,369 - BlankSpaceAnalyzer - INFO - -> Analyzing version 38.0.7 (245/782)...
2025-10-29 09:47:14,437 - BlankSpaceAnalyzer - INFO - -> Analyzing version 38.0.7-rc.0 (246/782)...
2025-10-29 09:47:14,503 - BlankSpaceAnalyzer - INFO - -> Analyzing version 38.0.8 (247/782)...
2025-10-29 09:47:14,568 - BlankSpaceAnalyzer - INFO - -> Analyzing version 38.0.9 (248/782)...
2025-10-29 09:47:14,636 - BlankSpaceAnalyzer - INFO - -> Analyzing version 39.0.0 (249/782)...
2025-10-29 09:47:14,703 - BlankSpaceAnalyzer - INFO - -> Analyzing version 39.0.1 (250/782)...
2025-10-29 09:47:14,772 - BlankSpaceAnalyzer - INFO - -> Analyzing version 39.0.2 (251/782)...
2025-10-29 09:47:14,839 - BlankSpaceAnalyzer - INFO - -> Analyzing version 39.0.3 (252/782)...
2025-10-29 09:47:14,905 - BlankSpaceAnalyzer - INFO - -> Analyzing version 39.0.4 (253/782)...
2025-10-29 09:47:14,973 - BlankSpaceAnalyzer - INFO - -> Analyzing version 39.0.5 (254/782)...
2025-10-29 09:47:15,040 - BlankSpaceAnalyzer - INFO - -> Analyzing version 40.0.0 (255/782)...
2025-10-29 09:47:15,103 - BlankSpaceAnalyzer - INFO - -> Analyzing version 40.0.0-alpha.0 (256/782)...
2025-10-29 09:47:15,168 - BlankSpaceAnalyzer - INFO - -> Analyzing version 40.0.0-beta.0 (257/782)...
2025-10-29 09:47:15,239 - BlankSpaceAnalyzer - INFO - -> Analyzing version 40.0.0-beta.1 (258/782)...
2025-10-29 09:47:15,306 - BlankSpaceAnalyzer - INFO - -> Analyzing version 40.0.0-beta.2 (259/782)...
2025-10-29 09:47:15,372 - BlankSpaceAnalyzer - INFO - -> Analyzing version 40.0.0-beta.3 (260/782)...
2025-10-29 09:47:15,438 - BlankSpaceAnalyzer - INFO - -> Analyzing version 40.0.0-beta.4 (261/782)...
2025-10-29 09:47:15,505 - BlankSpaceAnalyzer - INFO - -> Analyzing version 40.0.0-beta.5 (262/782)...
2025-10-29 09:47:15,572 - BlankSpaceAnalyzer - INFO - -> Analyzing version 40.0.1 (263/782)...
2025-10-29 09:47:15,638 - BlankSpaceAnalyzer - INFO - -> Analyzing version 41.0.0 (264/782)...
2025-10-29 09:47:15,698 - BlankSpaceAnalyzer - INFO - -> Analyzing version 41.0.0-alpha.0 (265/782)...
2025-10-29 09:47:15,763 - BlankSpaceAnalyzer - INFO - -> Analyzing version 41.0.0-alpha.1 (266/782)...
2025-10-29 09:47:15,828 - BlankSpaceAnalyzer - INFO - -> Analyzing version 41.0.0-beta.0 (267/782)...
2025-10-29 09:47:15,894 - BlankSpaceAnalyzer - INFO - -> Analyzing version 41.0.0-beta.1 (268/782)...
2025-10-29 09:47:15,961 - BlankSpaceAnalyzer - INFO - -> Analyzing version 41.0.0-beta.2 (269/782)...
2025-10-29 09:47:16,028 - BlankSpaceAnalyzer - INFO - -> Analyzing version 41.0.0-beta.3 (270/782)...
2025-10-29 09:47:16,094 - BlankSpaceAnalyzer - INFO - -> Analyzing version 41.0.0-beta.4 (271/782)...
2025-10-29 09:47:16,161 - BlankSpaceAnalyzer - INFO - -> Analyzing version 41.0.1 (272/782)...
2025-10-29 09:47:16,229 - BlankSpaceAnalyzer - INFO - -> Analyzing version 42.0.0 (273/782)...
2025-10-29 09:47:16,295 - BlankSpaceAnalyzer - INFO - -> Analyzing version 42.0.0-alpha.0 (274/782)...
2025-10-29 09:47:16,360 - BlankSpaceAnalyzer - INFO - -> Analyzing version 42.0.0-alpha.1 (275/782)...
2025-10-29 09:47:16,428 - BlankSpaceAnalyzer - INFO - -> Analyzing version 42.0.0-beta.0 (276/782)...
2025-10-29 09:47:16,494 - BlankSpaceAnalyzer - INFO - -> Analyzing version 42.0.0-beta.1 (277/782)...
2025-10-29 09:47:16,559 - BlankSpaceAnalyzer - INFO - -> Analyzing version 42.0.0-beta.2 (278/782)...
2025-10-29 09:47:16,626 - BlankSpaceAnalyzer - INFO - -> Analyzing version 42.0.1 (279/782)...
2025-10-29 09:47:16,692 - BlankSpaceAnalyzer - INFO - -> Analyzing version 42.0.2 (280/782)...
2025-10-29 09:47:16,758 - BlankSpaceAnalyzer - INFO - -> Analyzing version 42.0.3 (281/782)...
2025-10-29 09:47:16,827 - BlankSpaceAnalyzer - INFO - -> Analyzing version 42.0.4 (282/782)...
2025-10-29 09:47:16,892 - BlankSpaceAnalyzer - INFO - -> Analyzing version 42.0.5 (283/782)...
2025-10-29 09:47:16,958 - BlankSpaceAnalyzer - INFO - -> Analyzing version 43.0.0 (284/782)...
2025-10-29 09:47:17,026 - BlankSpaceAnalyzer - INFO - -> Analyzing version 43.0.0-alpha.0 (285/782)...
2025-10-29 09:47:17,091 - BlankSpaceAnalyzer - INFO - -> Analyzing version 43.0.0-alpha.1 (286/782)...
2025-10-29 09:47:17,158 - BlankSpaceAnalyzer - INFO - -> Analyzing version 43.0.0-alpha.2 (287/782)...
2025-10-29 09:47:17,224 - BlankSpaceAnalyzer - INFO - -> Analyzing version 43.0.0-alpha.3 (288/782)...
2025-10-29 09:47:17,291 - BlankSpaceAnalyzer - INFO - -> Analyzing version 43.0.0-beta.0 (289/782)...
2025-10-29 09:47:17,357 - BlankSpaceAnalyzer - INFO - -> Analyzing version 43.0.0-beta.1 (290/782)...
2025-10-29 09:47:17,426 - BlankSpaceAnalyzer - INFO - -> Analyzing version 43.0.0-beta.2 (291/782)...
2025-10-29 09:47:17,491 - BlankSpaceAnalyzer - INFO - -> Analyzing version 43.0.0-beta.3 (292/782)...
2025-10-29 09:47:17,562 - BlankSpaceAnalyzer - INFO - -> Analyzing version 43.0.0-beta.4 (293/782)...
2025-10-29 09:47:17,627 - BlankSpaceAnalyzer - INFO - -> Analyzing version 43.0.1 (294/782)...
2025-10-29 09:47:17,694 - BlankSpaceAnalyzer - INFO - -> Analyzing version 43.0.2 (295/782)...
2025-10-29 09:47:17,762 - BlankSpaceAnalyzer - INFO - -> Analyzing version 43.0.3 (296/782)...
2025-10-29 09:47:17,828 - BlankSpaceAnalyzer - INFO - -> Analyzing version 43.0.4 (297/782)...
2025-10-29 09:47:17,896 - BlankSpaceAnalyzer - INFO - -> Analyzing version 43.0.5 (298/782)...
2025-10-29 09:47:17,960 - BlankSpaceAnalyzer - INFO - -> Analyzing version 44.0.0 (299/782)...
2025-10-29 09:47:18,031 - BlankSpaceAnalyzer - INFO - -> Analyzing version 44.0.0-alpha.0 (300/782)...
2025-10-29 09:47:18,097 - BlankSpaceAnalyzer - INFO - -> Analyzing version 44.0.0-beta.0 (301/782)...
2025-10-29 09:47:18,163 - BlankSpaceAnalyzer - INFO - -> Analyzing version 44.0.0-beta.1 (302/782)...
2025-10-29 09:47:18,229 - BlankSpaceAnalyzer - INFO - -> Analyzing version 44.0.0-beta.2 (303/782)...
2025-10-29 09:47:18,296 - BlankSpaceAnalyzer - INFO - -> Analyzing version 44.0.1 (304/782)...
2025-10-29 09:47:18,362 - BlankSpaceAnalyzer - INFO - -> Analyzing version 44.0.2 (305/782)...
2025-10-29 09:47:18,429 - BlankSpaceAnalyzer - INFO - -> Analyzing version 44.0.3 (306/782)...
2025-10-29 09:47:18,499 - BlankSpaceAnalyzer - INFO - -> Analyzing version 44.0.4 (307/782)...
2025-10-29 09:47:18,566 - BlankSpaceAnalyzer - INFO - -> Analyzing version 44.0.5 (308/782)...
2025-10-29 09:47:18,633 - BlankSpaceAnalyzer - INFO - -> Analyzing version 44.0.6 (309/782)...
2025-10-29 09:47:18,700 - BlankSpaceAnalyzer - INFO - -> Analyzing version 45.0.0 (310/782)...
2025-10-29 09:47:18,767 - BlankSpaceAnalyzer - INFO - -> Analyzing version 45.0.0-beta.1 (311/782)...
2025-10-29 09:47:18,833 - BlankSpaceAnalyzer - INFO - -> Analyzing version 45.0.0-beta.2 (312/782)...
2025-10-29 09:47:18,900 - BlankSpaceAnalyzer - INFO - -> Analyzing version 45.0.0-beta.3 (313/782)...
2025-10-29 09:47:18,967 - BlankSpaceAnalyzer - INFO - -> Analyzing version 45.0.0-beta.4 (314/782)...
2025-10-29 09:47:19,036 - BlankSpaceAnalyzer - INFO - -> Analyzing version 45.0.0-beta.5 (315/782)...
2025-10-29 09:47:19,104 - BlankSpaceAnalyzer - INFO - -> Analyzing version 45.0.0-beta.6 (316/782)...
2025-10-29 09:47:19,172 - BlankSpaceAnalyzer - INFO - -> Analyzing version 45.0.0-beta.7 (317/782)...
2025-10-29 09:47:19,239 - BlankSpaceAnalyzer - INFO - -> Analyzing version 45.0.0-beta.8 (318/782)...
2025-10-29 09:47:19,309 - BlankSpaceAnalyzer - INFO - -> Analyzing version 45.0.0-beta.9 (319/782)...
2025-10-29 09:47:19,375 - BlankSpaceAnalyzer - INFO - -> Analyzing version 45.0.1 (320/782)...
2025-10-29 09:47:19,446 - BlankSpaceAnalyzer - INFO - -> Analyzing version 45.0.2 (321/782)...
2025-10-29 09:47:19,511 - BlankSpaceAnalyzer - INFO - -> Analyzing version 45.0.3 (322/782)...
2025-10-29 09:47:19,579 - BlankSpaceAnalyzer - INFO - -> Analyzing version 45.0.4 (323/782)...
2025-10-29 09:47:19,650 - BlankSpaceAnalyzer - INFO - -> Analyzing version 45.0.5 (324/782)...
2025-10-29 09:47:19,715 - BlankSpaceAnalyzer - INFO - -> Analyzing version 45.0.6 (325/782)...
2025-10-29 09:47:19,783 - BlankSpaceAnalyzer - INFO - -> Analyzing version 45.0.7 (326/782)...
2025-10-29 09:47:19,850 - BlankSpaceAnalyzer - INFO - -> Analyzing version 45.0.8 (327/782)...
2025-10-29 09:47:19,918 - BlankSpaceAnalyzer - INFO - -> Analyzing version 46.0.0 (328/782)...
2025-10-29 09:47:19,986 - BlankSpaceAnalyzer - INFO - -> Analyzing version 46.0.0-alpha.0 (329/782)...
2025-10-29 09:47:20,058 - BlankSpaceAnalyzer - INFO - -> Analyzing version 46.0.0-alpha.1 (330/782)...
2025-10-29 09:47:20,125 - BlankSpaceAnalyzer - INFO - -> Analyzing version 46.0.0-alpha.2 (331/782)...
2025-10-29 09:47:20,192 - BlankSpaceAnalyzer - INFO - -> Analyzing version 46.0.0-alpha.3 (332/782)...
2025-10-29 09:47:20,259 - BlankSpaceAnalyzer - INFO - -> Analyzing version 46.0.0-beta.1 (333/782)...
2025-10-29 09:47:20,325 - BlankSpaceAnalyzer - INFO - -> Analyzing version 46.0.0-beta.2 (334/782)...
2025-10-29 09:47:20,392 - BlankSpaceAnalyzer - INFO - -> Analyzing version 46.0.0-beta.3 (335/782)...
2025-10-29 09:47:20,459 - BlankSpaceAnalyzer - INFO - -> Analyzing version 46.0.0-beta.4 (336/782)...
2025-10-29 09:47:20,527 - BlankSpaceAnalyzer - INFO - -> Analyzing version 46.0.0-beta.5 (337/782)...
2025-10-29 09:47:20,594 - BlankSpaceAnalyzer - INFO - -> Analyzing version 46.0.0-beta.6 (338/782)...
2025-10-29 09:47:20,662 - BlankSpaceAnalyzer - INFO - -> Analyzing version 46.0.0-beta.7 (339/782)...
2025-10-29 09:47:20,730 - BlankSpaceAnalyzer - INFO - -> Analyzing version 46.0.1 (340/782)...
2025-10-29 09:47:20,799 - BlankSpaceAnalyzer - INFO - -> Analyzing version 46.0.10 (341/782)...
2025-10-29 09:47:20,865 - BlankSpaceAnalyzer - INFO - -> Analyzing version 46.0.11 (342/782)...
2025-10-29 09:47:20,933 - BlankSpaceAnalyzer - INFO - -> Analyzing version 46.0.12 (343/782)...
2025-10-29 09:47:20,995 - BlankSpaceAnalyzer - INFO - -> Analyzing version 46.0.13 (344/782)...
2025-10-29 09:47:21,060 - BlankSpaceAnalyzer - INFO - -> Analyzing version 46.0.14 (345/782)...
2025-10-29 09:47:21,127 - BlankSpaceAnalyzer - INFO - -> Analyzing version 46.0.15 (346/782)...
2025-10-29 09:47:21,195 - BlankSpaceAnalyzer - INFO - -> Analyzing version 46.0.16 (347/782)...
2025-10-29 09:47:21,263 - BlankSpaceAnalyzer - INFO - -> Analyzing version 46.0.17 (348/782)...
2025-10-29 09:47:21,335 - BlankSpaceAnalyzer - INFO - -> Analyzing version 46.0.18 (349/782)...
2025-10-29 09:47:21,401 - BlankSpaceAnalyzer - INFO - -> Analyzing version 46.0.19 (350/782)...
2025-10-29 09:47:21,468 - BlankSpaceAnalyzer - INFO - -> Analyzing version 46.0.2 (351/782)...
2025-10-29 09:47:21,535 - BlankSpaceAnalyzer - INFO - -> Analyzing version 46.0.20 (352/782)...
2025-10-29 09:47:21,605 - BlankSpaceAnalyzer - INFO - -> Analyzing version 46.0.21 (353/782)...
2025-10-29 09:47:21,672 - BlankSpaceAnalyzer - INFO - -> Analyzing version 46.0.3 (354/782)...
2025-10-29 09:47:21,738 - BlankSpaceAnalyzer - INFO - -> Analyzing version 46.0.4 (355/782)...
2025-10-29 09:47:21,799 - BlankSpaceAnalyzer - INFO - -> Analyzing version 46.0.5 (356/782)...
2025-10-29 09:47:21,865 - BlankSpaceAnalyzer - INFO - -> Analyzing version 46.0.6 (357/782)...
2025-10-29 09:47:21,932 - BlankSpaceAnalyzer - INFO - -> Analyzing version 46.0.7 (358/782)...
2025-10-29 09:47:21,993 - BlankSpaceAnalyzer - INFO - -> Analyzing version 46.0.8 (359/782)...
2025-10-29 09:47:22,060 - BlankSpaceAnalyzer - INFO - -> Analyzing version 46.0.9 (360/782)...
2025-10-29 09:47:22,127 - BlankSpaceAnalyzer - INFO - -> Analyzing version 47.0.0 (361/782)...
2025-10-29 09:47:22,194 - BlankSpaceAnalyzer - INFO - -> Analyzing version 47.0.0-alpha.1 (362/782)...
2025-10-29 09:47:22,262 - BlankSpaceAnalyzer - INFO - -> Analyzing version 47.0.0-beta.1 (363/782)...
2025-10-29 09:47:22,329 - BlankSpaceAnalyzer - INFO - -> Analyzing version 47.0.0-beta.2 (364/782)...
2025-10-29 09:47:22,397 - BlankSpaceAnalyzer - INFO - -> Analyzing version 47.0.0-beta.3 (365/782)...
2025-10-29 09:47:22,464 - BlankSpaceAnalyzer - INFO - -> Analyzing version 47.0.0-beta.4 (366/782)...
2025-10-29 09:47:22,532 - BlankSpaceAnalyzer - INFO - -> Analyzing version 47.0.0-beta.5 (367/782)...
2025-10-29 09:47:22,599 - BlankSpaceAnalyzer - INFO - -> Analyzing version 47.0.0-beta.6 (368/782)...
2025-10-29 09:47:22,669 - BlankSpaceAnalyzer - INFO - -> Analyzing version 47.0.0-beta.7 (369/782)...
2025-10-29 09:47:22,734 - BlankSpaceAnalyzer - INFO - -> Analyzing version 47.0.0-beta.8 (370/782)...
2025-10-29 09:47:22,800 - BlankSpaceAnalyzer - INFO - -> Analyzing version 47.0.1 (371/782)...
2025-10-29 09:47:22,867 - BlankSpaceAnalyzer - INFO - -> Analyzing version 47.0.10 (372/782)...
2025-10-29 09:47:22,935 - BlankSpaceAnalyzer - INFO - -> Analyzing version 47.0.11 (373/782)...
2025-10-29 09:47:23,001 - BlankSpaceAnalyzer - INFO - -> Analyzing version 47.0.12 (374/782)...
2025-10-29 09:47:23,070 - BlankSpaceAnalyzer - INFO - -> Analyzing version 47.0.13 (375/782)...
2025-10-29 09:47:23,136 - BlankSpaceAnalyzer - INFO - -> Analyzing version 47.0.14 (376/782)...
2025-10-29 09:47:23,203 - BlankSpaceAnalyzer - INFO - -> Analyzing version 47.0.2 (377/782)...
2025-10-29 09:47:23,270 - BlankSpaceAnalyzer - INFO - -> Analyzing version 47.0.3 (378/782)...
2025-10-29 09:47:23,338 - BlankSpaceAnalyzer - INFO - -> Analyzing version 47.0.4 (379/782)...
2025-10-29 09:47:23,405 - BlankSpaceAnalyzer - INFO - -> Analyzing version 47.0.5 (380/782)...
2025-10-29 09:47:23,471 - BlankSpaceAnalyzer - INFO - -> Analyzing version 47.0.6 (381/782)...
2025-10-29 09:47:23,539 - BlankSpaceAnalyzer - INFO - -> Analyzing version 47.0.7 (382/782)...
2025-10-29 09:47:23,608 - BlankSpaceAnalyzer - INFO - -> Analyzing version 47.0.8 (383/782)...
2025-10-29 09:47:23,675 - BlankSpaceAnalyzer - INFO - -> Analyzing version 47.0.9 (384/782)...
2025-10-29 09:47:23,743 - BlankSpaceAnalyzer - INFO - -> Analyzing version 48.0.0 (385/782)...
2025-10-29 09:47:23,812 - BlankSpaceAnalyzer - INFO - -> Analyzing version 48.0.0-beta.0 (386/782)...
2025-10-29 09:47:23,880 - BlankSpaceAnalyzer - INFO - -> Analyzing version 48.0.0-beta.1 (387/782)...
2025-10-29 09:47:23,947 - BlankSpaceAnalyzer - INFO - -> Analyzing version 48.0.0-beta.2 (388/782)...
2025-10-29 09:47:24,014 - BlankSpaceAnalyzer - INFO - -> Analyzing version 48.0.1 (389/782)...
2025-10-29 09:47:24,081 - BlankSpaceAnalyzer - INFO - -> Analyzing version 48.0.10 (390/782)...
2025-10-29 09:47:24,150 - BlankSpaceAnalyzer - INFO - -> Analyzing version 48.0.11 (391/782)...
2025-10-29 09:47:24,216 - BlankSpaceAnalyzer - INFO - -> Analyzing version 48.0.12 (392/782)...
2025-10-29 09:47:24,283 - BlankSpaceAnalyzer - INFO - -> Analyzing version 48.0.13 (393/782)...
2025-10-29 09:47:24,350 - BlankSpaceAnalyzer - INFO - -> Analyzing version 48.0.14 (394/782)...
2025-10-29 09:47:24,418 - BlankSpaceAnalyzer - INFO - -> Analyzing version 48.0.15 (395/782)...
2025-10-29 09:47:24,485 - BlankSpaceAnalyzer - INFO - -> Analyzing version 48.0.16 (396/782)...
2025-10-29 09:47:24,553 - BlankSpaceAnalyzer - INFO - -> Analyzing version 48.0.17 (397/782)...
2025-10-29 09:47:24,619 - BlankSpaceAnalyzer - INFO - -> Analyzing version 48.0.18 (398/782)...
2025-10-29 09:47:24,687 - BlankSpaceAnalyzer - INFO - -> Analyzing version 48.0.19 (399/782)...
2025-10-29 09:47:24,754 - BlankSpaceAnalyzer - INFO - -> Analyzing version 48.0.2 (400/782)...
2025-10-29 09:47:24,821 - BlankSpaceAnalyzer - INFO - -> Analyzing version 48.0.20 (401/782)...
2025-10-29 09:47:24,888 - BlankSpaceAnalyzer - INFO - -> Analyzing version 48.0.21 (402/782)...
2025-10-29 09:47:24,955 - BlankSpaceAnalyzer - INFO - -> Analyzing version 48.0.3 (403/782)...
2025-10-29 09:47:25,022 - BlankSpaceAnalyzer - INFO - -> Analyzing version 48.0.4 (404/782)...
2025-10-29 09:47:25,091 - BlankSpaceAnalyzer - INFO - -> Analyzing version 48.0.5 (405/782)...
2025-10-29 09:47:25,158 - BlankSpaceAnalyzer - INFO - -> Analyzing version 48.0.6 (406/782)...
2025-10-29 09:47:25,227 - BlankSpaceAnalyzer - INFO - -> Analyzing version 48.0.7 (407/782)...
2025-10-29 09:47:25,294 - BlankSpaceAnalyzer - INFO - -> Analyzing version 48.0.8 (408/782)...
2025-10-29 09:47:25,360 - BlankSpaceAnalyzer - INFO - -> Analyzing version 48.0.9 (409/782)...
2025-10-29 09:47:25,430 - BlankSpaceAnalyzer - INFO - -> Analyzing version 49.0.0 (410/782)...
2025-10-29 09:47:25,498 - BlankSpaceAnalyzer - INFO - -> Analyzing version 49.0.0-alpha.1 (411/782)...
2025-10-29 09:47:25,565 - BlankSpaceAnalyzer - INFO - -> Analyzing version 49.0.0-alpha.10 (412/782)...
2025-10-29 09:47:25,632 - BlankSpaceAnalyzer - INFO - -> Analyzing version 49.0.0-alpha.2 (413/782)...
2025-10-29 09:47:25,698 - BlankSpaceAnalyzer - INFO - -> Analyzing version 49.0.0-alpha.3 (414/782)...
2025-10-29 09:47:25,765 - BlankSpaceAnalyzer - INFO - -> Analyzing version 49.0.0-alpha.4 (415/782)...
2025-10-29 09:47:25,832 - BlankSpaceAnalyzer - INFO - -> Analyzing version 49.0.0-alpha.5 (416/782)...
2025-10-29 09:47:25,899 - BlankSpaceAnalyzer - INFO - -> Analyzing version 49.0.0-alpha.6 (417/782)...
2025-10-29 09:47:25,966 - BlankSpaceAnalyzer - INFO - -> Analyzing version 49.0.0-alpha.7 (418/782)...
2025-10-29 09:47:26,034 - BlankSpaceAnalyzer - INFO - -> Analyzing version 49.0.0-alpha.8 (419/782)...
2025-10-29 09:47:26,102 - BlankSpaceAnalyzer - INFO - -> Analyzing version 49.0.0-alpha.9 (420/782)...
2025-10-29 09:47:26,170 - BlankSpaceAnalyzer - INFO - -> Analyzing version 49.0.0-beta.0 (421/782)...
2025-10-29 09:47:26,240 - BlankSpaceAnalyzer - INFO - -> Analyzing version 49.0.0-beta.1 (422/782)...
2025-10-29 09:47:26,305 - BlankSpaceAnalyzer - INFO - -> Analyzing version 49.0.0-beta.2 (423/782)...
2025-10-29 09:47:26,373 - BlankSpaceAnalyzer - INFO - -> Analyzing version 49.0.0-beta.3 (424/782)...
2025-10-29 09:47:26,441 - BlankSpaceAnalyzer - INFO - -> Analyzing version 49.0.0-beta.4 (425/782)...
2025-10-29 09:47:26,508 - BlankSpaceAnalyzer - INFO - -> Analyzing version 49.0.0-beta.5 (426/782)...
2025-10-29 09:47:26,575 - BlankSpaceAnalyzer - INFO - -> Analyzing version 49.0.1 (427/782)...
2025-10-29 09:47:26,642 - BlankSpaceAnalyzer - INFO - -> Analyzing version 49.0.10 (428/782)...
2025-10-29 09:47:26,709 - BlankSpaceAnalyzer - INFO - -> Analyzing version 49.0.11 (429/782)...
2025-10-29 09:47:26,777 - BlankSpaceAnalyzer - INFO - -> Analyzing version 49.0.12 (430/782)...
2025-10-29 09:47:26,845 - BlankSpaceAnalyzer - INFO - -> Analyzing version 49.0.13 (431/782)...
2025-10-29 09:47:26,913 - BlankSpaceAnalyzer - INFO - -> Analyzing version 49.0.14 (432/782)...
2025-10-29 09:47:26,982 - BlankSpaceAnalyzer - INFO - -> Analyzing version 49.0.15 (433/782)...
2025-10-29 09:47:27,050 - BlankSpaceAnalyzer - INFO - -> Analyzing version 49.0.16 (434/782)...
2025-10-29 09:47:27,118 - BlankSpaceAnalyzer - INFO - -> Analyzing version 49.0.17 (435/782)...
2025-10-29 09:47:27,186 - BlankSpaceAnalyzer - INFO - -> Analyzing version 49.0.18 (436/782)...
2025-10-29 09:47:27,253 - BlankSpaceAnalyzer - INFO - -> Analyzing version 49.0.19 (437/782)...
2025-10-29 09:47:27,321 - BlankSpaceAnalyzer - INFO - -> Analyzing version 49.0.2 (438/782)...
2025-10-29 09:47:27,388 - BlankSpaceAnalyzer - INFO - -> Analyzing version 49.0.20 (439/782)...
2025-10-29 09:47:27,455 - BlankSpaceAnalyzer - INFO - -> Analyzing version 49.0.21 (440/782)...
2025-10-29 09:47:27,526 - BlankSpaceAnalyzer - INFO - -> Analyzing version 49.0.22 (441/782)...
2025-10-29 09:47:27,591 - BlankSpaceAnalyzer - INFO - -> Analyzing version 49.0.23 (442/782)...
2025-10-29 09:47:27,658 - BlankSpaceAnalyzer - INFO - -> Analyzing version 49.0.3 (443/782)...
2025-10-29 09:47:27,726 - BlankSpaceAnalyzer - INFO - -> Analyzing version 49.0.4 (444/782)...
2025-10-29 09:47:27,793 - BlankSpaceAnalyzer - INFO - -> Analyzing version 49.0.5 (445/782)...
2025-10-29 09:47:27,860 - BlankSpaceAnalyzer - INFO - -> Analyzing version 49.0.6 (446/782)...
2025-10-29 09:47:27,926 - BlankSpaceAnalyzer - INFO - -> Analyzing version 49.0.7 (447/782)...
2025-10-29 09:47:27,992 - BlankSpaceAnalyzer - INFO - -> Analyzing version 49.0.8 (448/782)...
2025-10-29 09:47:28,062 - BlankSpaceAnalyzer - INFO - -> Analyzing version 49.0.9 (449/782)...
2025-10-29 09:47:28,129 - BlankSpaceAnalyzer - INFO - -> Analyzing version 50.0.0 (450/782)...
2025-10-29 09:47:28,197 - BlankSpaceAnalyzer - INFO - -> Analyzing version 50.0.0-alpha.0 (451/782)...
2025-10-29 09:47:28,264 - BlankSpaceAnalyzer - INFO - -> Analyzing version 50.0.0-alpha.1 (452/782)...
2025-10-29 09:47:28,331 - BlankSpaceAnalyzer - INFO - -> Analyzing version 50.0.0-alpha.2 (453/782)...
2025-10-29 09:47:28,400 - BlankSpaceAnalyzer - INFO - -> Analyzing version 50.0.0-alpha.3 (454/782)...
2025-10-29 09:47:28,466 - BlankSpaceAnalyzer - INFO - -> Analyzing version 50.0.0-alpha.4 (455/782)...
2025-10-29 09:47:28,535 - BlankSpaceAnalyzer - INFO - -> Analyzing version 50.0.0-alpha.5 (456/782)...
2025-10-29 09:47:28,600 - BlankSpaceAnalyzer - INFO - -> Analyzing version 50.0.0-alpha.6 (457/782)...
2025-10-29 09:47:28,667 - BlankSpaceAnalyzer - INFO - -> Analyzing version 50.0.0-alpha.7 (458/782)...
2025-10-29 09:47:28,741 - BlankSpaceAnalyzer - INFO - -> Analyzing version 50.0.0-beta.0 (459/782)...
2025-10-29 09:47:28,810 - BlankSpaceAnalyzer - INFO - -> Analyzing version 50.0.0-canary-20231123-1b19f96 (460/782)...
2025-10-29 09:47:28,878 - BlankSpaceAnalyzer - INFO - -> Analyzing version 50.0.0-canary-20231125-d600e44 (461/782)...
2025-10-29 09:47:28,946 - BlankSpaceAnalyzer - INFO - -> Analyzing version 50.0.0-canary-20231129-c0ec023 (462/782)...
2025-10-29 09:47:29,013 - BlankSpaceAnalyzer - INFO - -> Analyzing version 50.0.0-canary-20231130-c8a9bf9 (463/782)...
2025-10-29 09:47:29,080 - BlankSpaceAnalyzer - INFO - -> Analyzing version 50.0.0-canary-20231130-ede75a7 (464/782)...
2025-10-29 09:47:29,145 - BlankSpaceAnalyzer - INFO - -> Analyzing version 50.0.0-canary-20231205-250b31f (465/782)...
2025-10-29 09:47:29,206 - BlankSpaceAnalyzer - INFO - -> Analyzing version 50.0.0-canary-20240109-93608d8 (466/782)...
2025-10-29 09:47:29,272 - BlankSpaceAnalyzer - INFO - -> Analyzing version 50.0.0-canary-20240222-c729a13 (467/782)...
2025-10-29 09:47:29,339 - BlankSpaceAnalyzer - INFO - -> Analyzing version 50.0.0-canary-20240228-7cee619 (468/782)...
2025-10-29 09:47:29,406 - BlankSpaceAnalyzer - INFO - -> Analyzing version 50.0.0-canary-20240305-e60019e (469/782)...
2025-10-29 09:47:29,473 - BlankSpaceAnalyzer - INFO - -> Analyzing version 50.0.0-canary-20240308-6715875 (470/782)...
2025-10-29 09:47:29,541 - BlankSpaceAnalyzer - INFO - -> Analyzing version 50.0.0-preview.0 (471/782)...
2025-10-29 09:47:29,609 - BlankSpaceAnalyzer - INFO - -> Analyzing version 50.0.0-preview.1 (472/782)...
2025-10-29 09:47:29,679 - BlankSpaceAnalyzer - INFO - -> Analyzing version 50.0.0-preview.10 (473/782)...
2025-10-29 09:47:29,745 - BlankSpaceAnalyzer - INFO - -> Analyzing version 50.0.0-preview.11 (474/782)...
2025-10-29 09:47:29,813 - BlankSpaceAnalyzer - INFO - -> Analyzing version 50.0.0-preview.2 (475/782)...
2025-10-29 09:47:29,881 - BlankSpaceAnalyzer - INFO - -> Analyzing version 50.0.0-preview.3 (476/782)...
2025-10-29 09:47:29,948 - BlankSpaceAnalyzer - INFO - -> Analyzing version 50.0.0-preview.4 (477/782)...
2025-10-29 09:47:30,015 - BlankSpaceAnalyzer - INFO - -> Analyzing version 50.0.0-preview.5 (478/782)...
2025-10-29 09:47:30,082 - BlankSpaceAnalyzer - INFO - -> Analyzing version 50.0.0-preview.6 (479/782)...
2025-10-29 09:47:30,148 - BlankSpaceAnalyzer - INFO - -> Analyzing version 50.0.0-preview.7 (480/782)...
2025-10-29 09:47:30,215 - BlankSpaceAnalyzer - INFO - -> Analyzing version 50.0.0-preview.8 (481/782)...
2025-10-29 09:47:30,282 - BlankSpaceAnalyzer - INFO - -> Analyzing version 50.0.0-preview.9 (482/782)...
2025-10-29 09:47:30,351 - BlankSpaceAnalyzer - INFO - -> Analyzing version 50.0.1 (483/782)...
2025-10-29 09:47:30,419 - BlankSpaceAnalyzer - INFO - -> Analyzing version 50.0.10 (484/782)...
2025-10-29 09:47:30,489 - BlankSpaceAnalyzer - INFO - -> Analyzing version 50.0.11 (485/782)...
2025-10-29 09:47:30,555 - BlankSpaceAnalyzer - INFO - -> Analyzing version 50.0.12 (486/782)...
2025-10-29 09:47:30,622 - BlankSpaceAnalyzer - INFO - -> Analyzing version 50.0.13 (487/782)...
2025-10-29 09:47:30,691 - BlankSpaceAnalyzer - INFO - -> Analyzing version 50.0.14 (488/782)...
2025-10-29 09:47:30,758 - BlankSpaceAnalyzer - INFO - -> Analyzing version 50.0.15 (489/782)...
2025-10-29 09:47:30,826 - BlankSpaceAnalyzer - INFO - -> Analyzing version 50.0.16 (490/782)...
2025-10-29 09:47:30,894 - BlankSpaceAnalyzer - INFO - -> Analyzing version 50.0.17 (491/782)...
2025-10-29 09:47:30,961 - BlankSpaceAnalyzer - INFO - -> Analyzing version 50.0.18 (492/782)...
2025-10-29 09:47:31,031 - BlankSpaceAnalyzer - INFO - -> Analyzing version 50.0.19 (493/782)...
2025-10-29 09:47:31,099 - BlankSpaceAnalyzer - INFO - -> Analyzing version 50.0.2 (494/782)...
2025-10-29 09:47:31,167 - BlankSpaceAnalyzer - INFO - -> Analyzing version 50.0.20 (495/782)...
2025-10-29 09:47:31,235 - BlankSpaceAnalyzer - INFO - -> Analyzing version 50.0.21 (496/782)...
2025-10-29 09:47:31,302 - BlankSpaceAnalyzer - INFO - -> Analyzing version 50.0.3 (497/782)...
2025-10-29 09:47:31,369 - BlankSpaceAnalyzer - INFO - -> Analyzing version 50.0.4 (498/782)...
2025-10-29 09:47:31,437 - BlankSpaceAnalyzer - INFO - -> Analyzing version 50.0.5 (499/782)...
2025-10-29 09:47:31,504 - BlankSpaceAnalyzer - INFO - -> Analyzing version 50.0.6 (500/782)...
2025-10-29 09:47:31,573 - BlankSpaceAnalyzer - INFO - -> Analyzing version 50.0.7 (501/782)...
2025-10-29 09:47:31,640 - BlankSpaceAnalyzer - INFO - -> Analyzing version 50.0.8 (502/782)...
2025-10-29 09:47:31,710 - BlankSpaceAnalyzer - INFO - -> Analyzing version 50.0.9 (503/782)...
2025-10-29 09:47:31,776 - BlankSpaceAnalyzer - INFO - -> Analyzing version 51.0.0 (504/782)...
2025-10-29 09:47:31,843 - BlankSpaceAnalyzer - INFO - -> Analyzing version 51.0.0-beta.0 (505/782)...
2025-10-29 09:47:31,910 - BlankSpaceAnalyzer - INFO - -> Analyzing version 51.0.0-canary-20240315-ce71005 (506/782)...
2025-10-29 09:47:31,979 - BlankSpaceAnalyzer - INFO - -> Analyzing version 51.0.0-canary-20240318-53194f5 (507/782)...
2025-10-29 09:47:32,048 - BlankSpaceAnalyzer - INFO - -> Analyzing version 51.0.0-canary-20240318-af634b1 (508/782)...
2025-10-29 09:47:32,116 - BlankSpaceAnalyzer - INFO - -> Analyzing version 51.0.0-canary-20240318-dd8f245 (509/782)...
2025-10-29 09:47:32,183 - BlankSpaceAnalyzer - INFO - -> Analyzing version 51.0.0-canary-20240320-8a10e09 (510/782)...
2025-10-29 09:47:32,250 - BlankSpaceAnalyzer - INFO - -> Analyzing version 51.0.0-canary-20240327-a7302d9 (511/782)...
2025-10-29 09:47:32,318 - BlankSpaceAnalyzer - INFO - -> Analyzing version 51.0.0-canary-20240328-24ecc5e (512/782)...
2025-10-29 09:47:32,386 - BlankSpaceAnalyzer - INFO - -> Analyzing version 51.0.0-canary-20240404-e2b8743 (513/782)...
2025-10-29 09:47:32,454 - BlankSpaceAnalyzer - INFO - -> Analyzing version 51.0.0-canary-20240405-cdfd9c1 (514/782)...
2025-10-29 09:47:32,520 - BlankSpaceAnalyzer - INFO - -> Analyzing version 51.0.0-canary-20240406-a4950c7 (515/782)...
2025-10-29 09:47:32,587 - BlankSpaceAnalyzer - INFO - -> Analyzing version 51.0.0-canary-20240411-33a7dc1 (516/782)...
2025-10-29 09:47:32,655 - BlankSpaceAnalyzer - INFO - -> Analyzing version 51.0.0-canary-20240411-55a0085 (517/782)...
2025-10-29 09:47:32,722 - BlankSpaceAnalyzer - INFO - -> Analyzing version 51.0.0-canary-20240415-0868fc4 (518/782)...
2025-10-29 09:47:32,790 - BlankSpaceAnalyzer - INFO - -> Analyzing version 51.0.0-canary-20240415-cca04d8 (519/782)...
2025-10-29 09:47:32,857 - BlankSpaceAnalyzer - INFO - -> Analyzing version 51.0.0-canary-20240418-8d74597 (520/782)...
2025-10-29 09:47:32,925 - BlankSpaceAnalyzer - INFO - -> Analyzing version 51.0.0-preview.0 (521/782)...
2025-10-29 09:47:32,991 - BlankSpaceAnalyzer - INFO - -> Analyzing version 51.0.0-preview.1 (522/782)...
2025-10-29 09:47:33,059 - BlankSpaceAnalyzer - INFO - -> Analyzing version 51.0.0-preview.10 (523/782)...
2025-10-29 09:47:33,126 - BlankSpaceAnalyzer - INFO - -> Analyzing version 51.0.0-preview.11 (524/782)...
2025-10-29 09:47:33,193 - BlankSpaceAnalyzer - INFO - -> Analyzing version 51.0.0-preview.12 (525/782)...
2025-10-29 09:47:33,262 - BlankSpaceAnalyzer - INFO - -> Analyzing version 51.0.0-preview.13 (526/782)...
2025-10-29 09:47:33,331 - BlankSpaceAnalyzer - INFO - -> Analyzing version 51.0.0-preview.14 (527/782)...
2025-10-29 09:47:33,400 - BlankSpaceAnalyzer - INFO - -> Analyzing version 51.0.0-preview.2 (528/782)...
2025-10-29 09:47:33,467 - BlankSpaceAnalyzer - INFO - -> Analyzing version 51.0.0-preview.3 (529/782)...
2025-10-29 09:47:33,535 - BlankSpaceAnalyzer - INFO - -> Analyzing version 51.0.0-preview.4 (530/782)...
2025-10-29 09:47:33,604 - BlankSpaceAnalyzer - INFO - -> Analyzing version 51.0.0-preview.5 (531/782)...
2025-10-29 09:47:33,673 - BlankSpaceAnalyzer - INFO - -> Analyzing version 51.0.0-preview.6 (532/782)...
2025-10-29 09:47:33,740 - BlankSpaceAnalyzer - INFO - -> Analyzing version 51.0.0-preview.7 (533/782)...
2025-10-29 09:47:33,809 - BlankSpaceAnalyzer - INFO - -> Analyzing version 51.0.0-preview.8 (534/782)...
2025-10-29 09:47:33,876 - BlankSpaceAnalyzer - INFO - -> Analyzing version 51.0.0-preview.9 (535/782)...
2025-10-29 09:47:33,947 - BlankSpaceAnalyzer - INFO - -> Analyzing version 51.0.1 (536/782)...
2025-10-29 09:47:34,014 - BlankSpaceAnalyzer - INFO - -> Analyzing version 51.0.10 (537/782)...
2025-10-29 09:47:34,082 - BlankSpaceAnalyzer - INFO - -> Analyzing version 51.0.11 (538/782)...
2025-10-29 09:47:34,150 - BlankSpaceAnalyzer - INFO - -> Analyzing version 51.0.12 (539/782)...
2025-10-29 09:47:34,216 - BlankSpaceAnalyzer - INFO - -> Analyzing version 51.0.13 (540/782)...
2025-10-29 09:47:34,283 - BlankSpaceAnalyzer - INFO - -> Analyzing version 51.0.14 (541/782)...
2025-10-29 09:47:34,350 - BlankSpaceAnalyzer - INFO - -> Analyzing version 51.0.15 (542/782)...
2025-10-29 09:47:34,418 - BlankSpaceAnalyzer - INFO - -> Analyzing version 51.0.16 (543/782)...
2025-10-29 09:47:34,488 - BlankSpaceAnalyzer - INFO - -> Analyzing version 51.0.17 (544/782)...
2025-10-29 09:47:34,556 - BlankSpaceAnalyzer - INFO - -> Analyzing version 51.0.18 (545/782)...
2025-10-29 09:47:34,623 - BlankSpaceAnalyzer - INFO - -> Analyzing version 51.0.19 (546/782)...
2025-10-29 09:47:34,692 - BlankSpaceAnalyzer - INFO - -> Analyzing version 51.0.2 (547/782)...
2025-10-29 09:47:34,762 - BlankSpaceAnalyzer - INFO - -> Analyzing version 51.0.20 (548/782)...
2025-10-29 09:47:34,829 - BlankSpaceAnalyzer - INFO - -> Analyzing version 51.0.21 (549/782)...
2025-10-29 09:47:34,898 - BlankSpaceAnalyzer - INFO - -> Analyzing version 51.0.22 (550/782)...
2025-10-29 09:47:34,967 - BlankSpaceAnalyzer - INFO - -> Analyzing version 51.0.23 (551/782)...
2025-10-29 09:47:35,038 - BlankSpaceAnalyzer - INFO - -> Analyzing version 51.0.24 (552/782)...
2025-10-29 09:47:35,104 - BlankSpaceAnalyzer - INFO - -> Analyzing version 51.0.25 (553/782)...
2025-10-29 09:47:35,171 - BlankSpaceAnalyzer - INFO - -> Analyzing version 51.0.26 (554/782)...
2025-10-29 09:47:35,239 - BlankSpaceAnalyzer - INFO - -> Analyzing version 51.0.27 (555/782)...
2025-10-29 09:47:35,307 - BlankSpaceAnalyzer - INFO - -> Analyzing version 51.0.28 (556/782)...
2025-10-29 09:47:35,374 - BlankSpaceAnalyzer - INFO - -> Analyzing version 51.0.29 (557/782)...
2025-10-29 09:47:35,443 - BlankSpaceAnalyzer - INFO - -> Analyzing version 51.0.3 (558/782)...
2025-10-29 09:47:35,511 - BlankSpaceAnalyzer - INFO - -> Analyzing version 51.0.30 (559/782)...
2025-10-29 09:47:35,578 - BlankSpaceAnalyzer - INFO - -> Analyzing version 51.0.31 (560/782)...
2025-10-29 09:47:35,645 - BlankSpaceAnalyzer - INFO - -> Analyzing version 51.0.32 (561/782)...
2025-10-29 09:47:35,713 - BlankSpaceAnalyzer - INFO - -> Analyzing version 51.0.33 (562/782)...
2025-10-29 09:47:35,781 - BlankSpaceAnalyzer - INFO - -> Analyzing version 51.0.34 (563/782)...
2025-10-29 09:47:35,848 - BlankSpaceAnalyzer - INFO - -> Analyzing version 51.0.35 (564/782)...
2025-10-29 09:47:35,917 - BlankSpaceAnalyzer - INFO - -> Analyzing version 51.0.36 (565/782)...
2025-10-29 09:47:35,985 - BlankSpaceAnalyzer - INFO - -> Analyzing version 51.0.37 (566/782)...
2025-10-29 09:47:36,055 - BlankSpaceAnalyzer - INFO - -> Analyzing version 51.0.38 (567/782)...
2025-10-29 09:47:36,124 - BlankSpaceAnalyzer - INFO - -> Analyzing version 51.0.39 (568/782)...
2025-10-29 09:47:36,196 - BlankSpaceAnalyzer - INFO - -> Analyzing version 51.0.4 (569/782)...
2025-10-29 09:47:36,261 - BlankSpaceAnalyzer - INFO - -> Analyzing version 51.0.5 (570/782)...
2025-10-29 09:47:36,329 - BlankSpaceAnalyzer - INFO - -> Analyzing version 51.0.6 (571/782)...
2025-10-29 09:47:36,399 - BlankSpaceAnalyzer - INFO - -> Analyzing version 51.0.7 (572/782)...
2025-10-29 09:47:36,467 - BlankSpaceAnalyzer - INFO - -> Analyzing version 51.0.8 (573/782)...
2025-10-29 09:47:36,536 - BlankSpaceAnalyzer - INFO - -> Analyzing version 51.0.9 (574/782)...
2025-10-29 09:47:36,603 - BlankSpaceAnalyzer - INFO - -> Analyzing version 52.0.0 (575/782)...
2025-10-29 09:47:36,670 - BlankSpaceAnalyzer - INFO - -> Analyzing version 52.0.0-canary-20240625-2333e70 (576/782)...
2025-10-29 09:47:36,738 - BlankSpaceAnalyzer - INFO - -> Analyzing version 52.0.0-canary-20240627-1402f4b (577/782)...
2025-10-29 09:47:36,804 - BlankSpaceAnalyzer - INFO - -> Analyzing version 52.0.0-canary-20240628-1ba8152 (578/782)...
2025-10-29 09:47:36,871 - BlankSpaceAnalyzer - INFO - -> Analyzing version 52.0.0-canary-20240719-83ee47b (579/782)...
2025-10-29 09:47:36,935 - BlankSpaceAnalyzer - INFO - -> Analyzing version 52.0.0-canary-20240814-ce0f7d5 (580/782)...
2025-10-29 09:47:36,999 - BlankSpaceAnalyzer - INFO - -> Analyzing version 52.0.0-canary-20240904-69100c1 (581/782)...
2025-10-29 09:47:37,064 - BlankSpaceAnalyzer - INFO - -> Analyzing version 52.0.0-canary-20240912-1059f85 (582/782)...
2025-10-29 09:47:37,131 - BlankSpaceAnalyzer - INFO - -> Analyzing version 52.0.0-canary-20240927-ab8a962 (583/782)...
2025-10-29 09:47:37,197 - BlankSpaceAnalyzer - INFO - -> Analyzing version 52.0.0-canary-20241008-90b13ad (584/782)...
2025-10-29 09:47:37,267 - BlankSpaceAnalyzer - INFO - -> Analyzing version 52.0.0-canary-20241018-2a482e3 (585/782)...
2025-10-29 09:47:37,333 - BlankSpaceAnalyzer - INFO - -> Analyzing version 52.0.0-canary-20241018-4f8243a (586/782)...
2025-10-29 09:47:37,400 - BlankSpaceAnalyzer - INFO - -> Analyzing version 52.0.0-canary-20241018-75a0b25 (587/782)...
2025-10-29 09:47:37,467 - BlankSpaceAnalyzer - INFO - -> Analyzing version 52.0.0-canary-20241018-ebd377a (588/782)...
2025-10-29 09:47:37,534 - BlankSpaceAnalyzer - INFO - -> Analyzing version 52.0.0-canary-20241018-f71b3e0 (589/782)...
2025-10-29 09:47:37,602 - BlankSpaceAnalyzer - INFO - -> Analyzing version 52.0.0-canary-20241021-7aba813 (590/782)...
2025-10-29 09:47:37,669 - BlankSpaceAnalyzer - INFO - -> Analyzing version 52.0.0-canary-20241021-c4b5a93 (591/782)...
2025-10-29 09:47:37,737 - BlankSpaceAnalyzer - INFO - -> Analyzing version 52.0.0-preview.0 (592/782)...
2025-10-29 09:47:37,807 - BlankSpaceAnalyzer - INFO - -> Analyzing version 52.0.0-preview.1 (593/782)...
2025-10-29 09:47:37,872 - BlankSpaceAnalyzer - INFO - -> Analyzing version 52.0.0-preview.10 (594/782)...
2025-10-29 09:47:37,938 - BlankSpaceAnalyzer - INFO - -> Analyzing version 52.0.0-preview.11 (595/782)...
2025-10-29 09:47:38,000 - BlankSpaceAnalyzer - INFO - -> Analyzing version 52.0.0-preview.12 (596/782)...
2025-10-29 09:47:38,065 - BlankSpaceAnalyzer - INFO - -> Analyzing version 52.0.0-preview.13 (597/782)...
2025-10-29 09:47:38,136 - BlankSpaceAnalyzer - INFO - -> Analyzing version 52.0.0-preview.14 (598/782)...
2025-10-29 09:47:38,201 - BlankSpaceAnalyzer - INFO - -> Analyzing version 52.0.0-preview.15 (599/782)...
2025-10-29 09:47:38,268 - BlankSpaceAnalyzer - INFO - -> Analyzing version 52.0.0-preview.16 (600/782)...
2025-10-29 09:47:38,334 - BlankSpaceAnalyzer - INFO - -> Analyzing version 52.0.0-preview.17 (601/782)...
2025-10-29 09:47:38,401 - BlankSpaceAnalyzer - INFO - -> Analyzing version 52.0.0-preview.18 (602/782)...
2025-10-29 09:47:38,467 - BlankSpaceAnalyzer - INFO - -> Analyzing version 52.0.0-preview.19 (603/782)...
2025-10-29 09:47:38,533 - BlankSpaceAnalyzer - INFO - -> Analyzing version 52.0.0-preview.2 (604/782)...
2025-10-29 09:47:38,600 - BlankSpaceAnalyzer - INFO - -> Analyzing version 52.0.0-preview.20 (605/782)...
2025-10-29 09:47:38,667 - BlankSpaceAnalyzer - INFO - -> Analyzing version 52.0.0-preview.21 (606/782)...
2025-10-29 09:47:38,734 - BlankSpaceAnalyzer - INFO - -> Analyzing version 52.0.0-preview.22 (607/782)...
2025-10-29 09:47:38,804 - BlankSpaceAnalyzer - INFO - -> Analyzing version 52.0.0-preview.23 (608/782)...
2025-10-29 09:47:38,869 - BlankSpaceAnalyzer - INFO - -> Analyzing version 52.0.0-preview.3 (609/782)...
2025-10-29 09:47:38,936 - BlankSpaceAnalyzer - INFO - -> Analyzing version 52.0.0-preview.4 (610/782)...
2025-10-29 09:47:39,002 - BlankSpaceAnalyzer - INFO - -> Analyzing version 52.0.0-preview.5 (611/782)...
2025-10-29 09:47:39,070 - BlankSpaceAnalyzer - INFO - -> Analyzing version 52.0.0-preview.6 (612/782)...
2025-10-29 09:47:39,138 - BlankSpaceAnalyzer - INFO - -> Analyzing version 52.0.0-preview.7 (613/782)...
2025-10-29 09:47:39,205 - BlankSpaceAnalyzer - INFO - -> Analyzing version 52.0.0-preview.8 (614/782)...
2025-10-29 09:47:39,272 - BlankSpaceAnalyzer - INFO - -> Analyzing version 52.0.0-preview.9 (615/782)...
2025-10-29 09:47:39,339 - BlankSpaceAnalyzer - INFO - -> Analyzing version 52.0.1 (616/782)...
2025-10-29 09:47:39,407 - BlankSpaceAnalyzer - INFO - -> Analyzing version 52.0.10 (617/782)...
2025-10-29 09:47:39,475 - BlankSpaceAnalyzer - INFO - -> Analyzing version 52.0.11 (618/782)...
2025-10-29 09:47:39,541 - BlankSpaceAnalyzer - INFO - -> Analyzing version 52.0.12 (619/782)...
2025-10-29 09:47:39,603 - BlankSpaceAnalyzer - INFO - -> Analyzing version 52.0.13 (620/782)...
2025-10-29 09:47:39,669 - BlankSpaceAnalyzer - INFO - -> Analyzing version 52.0.14 (621/782)...
2025-10-29 09:47:39,736 - BlankSpaceAnalyzer - INFO - -> Analyzing version 52.0.15 (622/782)...
2025-10-29 09:47:39,802 - BlankSpaceAnalyzer - INFO - -> Analyzing version 52.0.16 (623/782)...
2025-10-29 09:47:39,869 - BlankSpaceAnalyzer - INFO - -> Analyzing version 52.0.17 (624/782)...
2025-10-29 09:47:39,936 - BlankSpaceAnalyzer - INFO - -> Analyzing version 52.0.18 (625/782)...
2025-10-29 09:47:40,005 - BlankSpaceAnalyzer - INFO - -> Analyzing version 52.0.19 (626/782)...
2025-10-29 09:47:40,072 - BlankSpaceAnalyzer - INFO - -> Analyzing version 52.0.2 (627/782)...
2025-10-29 09:47:40,138 - BlankSpaceAnalyzer - INFO - -> Analyzing version 52.0.20 (628/782)...
2025-10-29 09:47:40,205 - BlankSpaceAnalyzer - INFO - -> Analyzing version 52.0.21 (629/782)...
2025-10-29 09:47:40,272 - BlankSpaceAnalyzer - INFO - -> Analyzing version 52.0.22 (630/782)...
2025-10-29 09:47:40,339 - BlankSpaceAnalyzer - INFO - -> Analyzing version 52.0.23 (631/782)...
2025-10-29 09:47:40,411 - BlankSpaceAnalyzer - INFO - -> Analyzing version 52.0.24 (632/782)...
2025-10-29 09:47:40,477 - BlankSpaceAnalyzer - INFO - -> Analyzing version 52.0.25 (633/782)...
2025-10-29 09:47:40,544 - BlankSpaceAnalyzer - INFO - -> Analyzing version 52.0.26 (634/782)...
2025-10-29 09:47:40,609 - BlankSpaceAnalyzer - INFO - -> Analyzing version 52.0.27 (635/782)...
2025-10-29 09:47:40,677 - BlankSpaceAnalyzer - INFO - -> Analyzing version 52.0.28 (636/782)...
2025-10-29 09:47:40,743 - BlankSpaceAnalyzer - INFO - -> Analyzing version 52.0.29 (637/782)...
2025-10-29 09:47:40,811 - BlankSpaceAnalyzer - INFO - -> Analyzing version 52.0.3 (638/782)...
2025-10-29 09:47:40,878 - BlankSpaceAnalyzer - INFO - -> Analyzing version 52.0.30 (639/782)...
2025-10-29 09:47:40,945 - BlankSpaceAnalyzer - INFO - -> Analyzing version 52.0.31 (640/782)...
2025-10-29 09:47:41,015 - BlankSpaceAnalyzer - INFO - -> Analyzing version 52.0.32 (641/782)...
2025-10-29 09:47:41,081 - BlankSpaceAnalyzer - INFO - -> Analyzing version 52.0.33 (642/782)...
2025-10-29 09:47:41,150 - BlankSpaceAnalyzer - INFO - -> Analyzing version 52.0.34 (643/782)...
2025-10-29 09:47:41,217 - BlankSpaceAnalyzer - INFO - -> Analyzing version 52.0.35 (644/782)...
2025-10-29 09:47:41,284 - BlankSpaceAnalyzer - INFO - -> Analyzing version 52.0.36 (645/782)...
2025-10-29 09:47:41,354 - BlankSpaceAnalyzer - INFO - -> Analyzing version 52.0.37 (646/782)...
2025-10-29 09:47:41,420 - BlankSpaceAnalyzer - INFO - -> Analyzing version 52.0.38 (647/782)...
2025-10-29 09:47:41,487 - BlankSpaceAnalyzer - INFO - -> Analyzing version 52.0.39 (648/782)...
2025-10-29 09:47:41,556 - BlankSpaceAnalyzer - INFO - -> Analyzing version 52.0.4 (649/782)...
2025-10-29 09:47:41,623 - BlankSpaceAnalyzer - INFO - -> Analyzing version 52.0.40 (650/782)...
2025-10-29 09:47:41,690 - BlankSpaceAnalyzer - INFO - -> Analyzing version 52.0.41 (651/782)...
2025-10-29 09:47:41,758 - BlankSpaceAnalyzer - INFO - -> Analyzing version 52.0.42 (652/782)...
2025-10-29 09:47:41,824 - BlankSpaceAnalyzer - INFO - -> Analyzing version 52.0.43 (653/782)...
2025-10-29 09:47:41,891 - BlankSpaceAnalyzer - INFO - -> Analyzing version 52.0.44 (654/782)...
2025-10-29 09:47:41,958 - BlankSpaceAnalyzer - INFO - -> Analyzing version 52.0.45 (655/782)...
2025-10-29 09:47:42,026 - BlankSpaceAnalyzer - INFO - -> Analyzing version 52.0.46 (656/782)...
2025-10-29 09:47:42,093 - BlankSpaceAnalyzer - INFO - -> Analyzing version 52.0.47 (657/782)...
2025-10-29 09:47:42,160 - BlankSpaceAnalyzer - INFO - -> Analyzing version 52.0.5 (658/782)...
2025-10-29 09:47:42,227 - BlankSpaceAnalyzer - INFO - -> Analyzing version 52.0.6 (659/782)...
2025-10-29 09:47:42,295 - BlankSpaceAnalyzer - INFO - -> Analyzing version 52.0.7 (660/782)...
2025-10-29 09:47:42,362 - BlankSpaceAnalyzer - INFO - -> Analyzing version 52.0.8 (661/782)...
2025-10-29 09:47:42,430 - BlankSpaceAnalyzer - INFO - -> Analyzing version 52.0.9 (662/782)...
2025-10-29 09:47:42,496 - BlankSpaceAnalyzer - INFO - -> Analyzing version 53.0.0 (663/782)...
2025-10-29 09:47:42,564 - BlankSpaceAnalyzer - INFO - -> Analyzing version 53.0.0-canary-20241211-61c49bd (664/782)...
2025-10-29 09:47:42,632 - BlankSpaceAnalyzer - INFO - -> Analyzing version 53.0.0-canary-20250114-804e26d (665/782)...
2025-10-29 09:47:42,699 - BlankSpaceAnalyzer - INFO - -> Analyzing version 53.0.0-canary-20250122-166c2cb (666/782)...
2025-10-29 09:47:42,766 - BlankSpaceAnalyzer - INFO - -> Analyzing version 53.0.0-canary-20250124-42fe332 (667/782)...
2025-10-29 09:47:42,833 - BlankSpaceAnalyzer - INFO - -> Analyzing version 53.0.0-canary-20250131-5c4e588 (668/782)...
2025-10-29 09:47:42,900 - BlankSpaceAnalyzer - INFO - -> Analyzing version 53.0.0-canary-20250207-8bc5146 (669/782)...
2025-10-29 09:47:42,967 - BlankSpaceAnalyzer - INFO - -> Analyzing version 53.0.0-canary-20250219-4a5dade (670/782)...
2025-10-29 09:47:43,036 - BlankSpaceAnalyzer - INFO - -> Analyzing version 53.0.0-canary-20250221-ef26fed (671/782)...
2025-10-29 09:47:43,103 - BlankSpaceAnalyzer - INFO - -> Analyzing version 53.0.0-canary-20250303-4dba60e (672/782)...
2025-10-29 09:47:43,170 - BlankSpaceAnalyzer - INFO - -> Analyzing version 53.0.0-canary-20250304-0da3971 (673/782)...
2025-10-29 09:47:43,237 - BlankSpaceAnalyzer - INFO - -> Analyzing version 53.0.0-canary-20250304-8a21aa7 (674/782)...
2025-10-29 09:47:43,305 - BlankSpaceAnalyzer - INFO - -> Analyzing version 53.0.0-canary-20250304-f08e984 (675/782)...
2025-10-29 09:47:43,374 - BlankSpaceAnalyzer - INFO - -> Analyzing version 53.0.0-canary-20250305-0af9ad2 (676/782)...
2025-10-29 09:47:43,442 - BlankSpaceAnalyzer - INFO - -> Analyzing version 53.0.0-canary-20250306-d9d3e02 (677/782)...
2025-10-29 09:47:43,509 - BlankSpaceAnalyzer - INFO - -> Analyzing version 53.0.0-canary-20250320-7a205d3 (678/782)...
2025-10-29 09:47:43,576 - BlankSpaceAnalyzer - INFO - -> Analyzing version 53.0.0-canary-20250331-817737a (679/782)...
2025-10-29 09:47:43,644 - BlankSpaceAnalyzer - INFO - -> Analyzing version 53.0.0-canary-20250402-161f57b (680/782)...
2025-10-29 09:47:43,711 - BlankSpaceAnalyzer - INFO - -> Analyzing version 53.0.0-canary-20250403-13261ac (681/782)...
2025-10-29 09:47:43,779 - BlankSpaceAnalyzer - INFO - -> Analyzing version 53.0.0-canary-20250404-3c3b5fd (682/782)...
2025-10-29 09:47:43,847 - BlankSpaceAnalyzer - INFO - -> Analyzing version 53.0.0-canary-20250404-42b6263 (683/782)...
2025-10-29 09:47:43,915 - BlankSpaceAnalyzer - INFO - -> Analyzing version 53.0.0-canary-20250404-87e2506 (684/782)...
2025-10-29 09:47:43,984 - BlankSpaceAnalyzer - INFO - -> Analyzing version 53.0.0-canary-20250407-10a9b42 (685/782)...
2025-10-29 09:47:44,054 - BlankSpaceAnalyzer - INFO - -> Analyzing version 53.0.0-canary-20250408-7f0ab53 (686/782)...
2025-10-29 09:47:44,122 - BlankSpaceAnalyzer - INFO - -> Analyzing version 53.0.0-preview.0 (687/782)...
2025-10-29 09:47:44,189 - BlankSpaceAnalyzer - INFO - -> Analyzing version 53.0.0-preview.1 (688/782)...
2025-10-29 09:47:44,257 - BlankSpaceAnalyzer - INFO - -> Analyzing version 53.0.0-preview.10 (689/782)...
2025-10-29 09:47:44,324 - BlankSpaceAnalyzer - INFO - -> Analyzing version 53.0.0-preview.11 (690/782)...
2025-10-29 09:47:44,392 - BlankSpaceAnalyzer - INFO - -> Analyzing version 53.0.0-preview.12 (691/782)...
2025-10-29 09:47:44,460 - BlankSpaceAnalyzer - INFO - -> Analyzing version 53.0.0-preview.2 (692/782)...
2025-10-29 09:47:44,527 - BlankSpaceAnalyzer - INFO - -> Analyzing version 53.0.0-preview.3 (693/782)...
2025-10-29 09:47:44,595 - BlankSpaceAnalyzer - INFO - -> Analyzing version 53.0.0-preview.4 (694/782)...
2025-10-29 09:47:44,662 - BlankSpaceAnalyzer - INFO - -> Analyzing version 53.0.0-preview.5 (695/782)...
2025-10-29 09:47:44,729 - BlankSpaceAnalyzer - INFO - -> Analyzing version 53.0.0-preview.6 (696/782)...
2025-10-29 09:47:44,797 - BlankSpaceAnalyzer - INFO - -> Analyzing version 53.0.0-preview.7 (697/782)...
2025-10-29 09:47:44,864 - BlankSpaceAnalyzer - INFO - -> Analyzing version 53.0.0-preview.8 (698/782)...
2025-10-29 09:47:44,932 - BlankSpaceAnalyzer - INFO - -> Analyzing version 53.0.0-preview.9 (699/782)...
2025-10-29 09:47:44,999 - BlankSpaceAnalyzer - INFO - -> Analyzing version 53.0.1 (700/782)...
2025-10-29 09:47:45,068 - BlankSpaceAnalyzer - INFO - -> Analyzing version 53.0.10 (701/782)...
2025-10-29 09:47:45,134 - BlankSpaceAnalyzer - INFO - -> Analyzing version 53.0.11 (702/782)...
2025-10-29 09:47:45,196 - BlankSpaceAnalyzer - INFO - -> Analyzing version 53.0.12 (703/782)...
2025-10-29 09:47:45,262 - BlankSpaceAnalyzer - INFO - -> Analyzing version 53.0.13 (704/782)...
2025-10-29 09:47:45,329 - BlankSpaceAnalyzer - INFO - -> Analyzing version 53.0.14 (705/782)...
2025-10-29 09:47:45,397 - BlankSpaceAnalyzer - INFO - -> Analyzing version 53.0.15 (706/782)...
2025-10-29 09:47:45,464 - BlankSpaceAnalyzer - INFO - -> Analyzing version 53.0.16 (707/782)...
2025-10-29 09:47:45,531 - BlankSpaceAnalyzer - INFO - -> Analyzing version 53.0.17 (708/782)...
2025-10-29 09:47:45,595 - BlankSpaceAnalyzer - INFO - -> Analyzing version 53.0.18 (709/782)...
2025-10-29 09:47:45,661 - BlankSpaceAnalyzer - INFO - -> Analyzing version 53.0.19 (710/782)...
2025-10-29 09:47:45,731 - BlankSpaceAnalyzer - INFO - -> Analyzing version 53.0.2 (711/782)...
2025-10-29 09:47:45,797 - BlankSpaceAnalyzer - INFO - -> Analyzing version 53.0.20 (712/782)...
2025-10-29 09:47:45,865 - BlankSpaceAnalyzer - INFO - -> Analyzing version 53.0.21 (713/782)...
2025-10-29 09:47:45,936 - BlankSpaceAnalyzer - INFO - -> Analyzing version 53.0.22 (714/782)...
2025-10-29 09:47:46,003 - BlankSpaceAnalyzer - INFO - -> Analyzing version 53.0.23 (715/782)...
2025-10-29 09:47:46,072 - BlankSpaceAnalyzer - INFO - -> Analyzing version 53.0.3 (716/782)...
2025-10-29 09:47:46,139 - BlankSpaceAnalyzer - INFO - -> Analyzing version 53.0.4 (717/782)...
2025-10-29 09:47:46,207 - BlankSpaceAnalyzer - INFO - -> Analyzing version 53.0.5 (718/782)...
2025-10-29 09:47:46,275 - BlankSpaceAnalyzer - INFO - -> Analyzing version 53.0.6 (719/782)...
2025-10-29 09:47:46,343 - BlankSpaceAnalyzer - INFO - -> Analyzing version 53.0.7 (720/782)...
2025-10-29 09:47:46,410 - BlankSpaceAnalyzer - INFO - -> Analyzing version 53.0.8 (721/782)...
2025-10-29 09:47:46,478 - BlankSpaceAnalyzer - INFO - -> Analyzing version 53.0.9 (722/782)...
2025-10-29 09:47:46,546 - BlankSpaceAnalyzer - INFO - -> Analyzing version 54.0.0 (723/782)...
2025-10-29 09:47:46,614 - BlankSpaceAnalyzer - INFO - -> Analyzing version 54.0.0-canary-20250611-f0afe80 (724/782)...
2025-10-29 09:47:46,682 - BlankSpaceAnalyzer - INFO - -> Analyzing version 54.0.0-canary-20250612-338ef55 (725/782)...
2025-10-29 09:47:46,750 - BlankSpaceAnalyzer - INFO - -> Analyzing version 54.0.0-canary-20250613-b29d676 (726/782)...
2025-10-29 09:47:46,818 - BlankSpaceAnalyzer - INFO - -> Analyzing version 54.0.0-canary-20250630-547cd82 (727/782)...
2025-10-29 09:47:46,886 - BlankSpaceAnalyzer - INFO - -> Analyzing version 54.0.0-canary-20250701-6a945c5 (728/782)...
2025-10-29 09:47:46,953 - BlankSpaceAnalyzer - INFO - -> Analyzing version 54.0.0-canary-20250709-136b77f (729/782)...
2025-10-29 09:47:47,021 - BlankSpaceAnalyzer - INFO - -> Analyzing version 54.0.0-canary-20250713-8f814f8 (730/782)...
2025-10-29 09:47:47,090 - BlankSpaceAnalyzer - INFO - -> Analyzing version 54.0.0-canary-20250722-599a28f (731/782)...
2025-10-29 09:47:47,158 - BlankSpaceAnalyzer - INFO - -> Analyzing version 54.0.0-canary-20250729-d8899ae (732/782)...
2025-10-29 09:47:47,225 - BlankSpaceAnalyzer - INFO - -> Analyzing version 54.0.0-canary-20250826-f475166 (733/782)...
2025-10-29 09:47:47,292 - BlankSpaceAnalyzer - INFO - -> Analyzing version 54.0.0-canary-20250830-81bb199 (734/782)...
2025-10-29 09:47:47,361 - BlankSpaceAnalyzer - INFO - -> Analyzing version 54.0.0-preview.0 (735/782)...
2025-10-29 09:47:47,428 - BlankSpaceAnalyzer - INFO - -> Analyzing version 54.0.0-preview.1 (736/782)...
2025-10-29 09:47:47,496 - BlankSpaceAnalyzer - INFO - -> Analyzing version 54.0.0-preview.10 (737/782)...
2025-10-29 09:47:47,563 - BlankSpaceAnalyzer - INFO - -> Analyzing version 54.0.0-preview.11 (738/782)...
2025-10-29 09:47:47,632 - BlankSpaceAnalyzer - INFO - -> Analyzing version 54.0.0-preview.12 (739/782)...
2025-10-29 09:47:47,699 - BlankSpaceAnalyzer - INFO - -> Analyzing version 54.0.0-preview.13 (740/782)...
2025-10-29 09:47:47,767 - BlankSpaceAnalyzer - INFO - -> Analyzing version 54.0.0-preview.14 (741/782)...
2025-10-29 09:47:47,834 - BlankSpaceAnalyzer - INFO - -> Analyzing version 54.0.0-preview.15 (742/782)...
2025-10-29 09:47:47,902 - BlankSpaceAnalyzer - INFO - -> Analyzing version 54.0.0-preview.16 (743/782)...
2025-10-29 09:47:47,970 - BlankSpaceAnalyzer - INFO - -> Analyzing version 54.0.0-preview.2 (744/782)...
2025-10-29 09:47:48,038 - BlankSpaceAnalyzer - INFO - -> Analyzing version 54.0.0-preview.3 (745/782)...
2025-10-29 09:47:48,105 - BlankSpaceAnalyzer - INFO - -> Analyzing version 54.0.0-preview.4 (746/782)...
2025-10-29 09:47:48,174 - BlankSpaceAnalyzer - INFO - -> Analyzing version 54.0.0-preview.5 (747/782)...
2025-10-29 09:47:48,243 - BlankSpaceAnalyzer - INFO - -> Analyzing version 54.0.0-preview.6 (748/782)...
2025-10-29 09:47:48,310 - BlankSpaceAnalyzer - INFO - -> Analyzing version 54.0.0-preview.7 (749/782)...
2025-10-29 09:47:48,380 - BlankSpaceAnalyzer - INFO - -> Analyzing version 54.0.0-preview.8 (750/782)...
2025-10-29 09:47:48,446 - BlankSpaceAnalyzer - INFO - -> Analyzing version 54.0.0-preview.9 (751/782)...
2025-10-29 09:47:48,513 - BlankSpaceAnalyzer - INFO - -> Analyzing version 54.0.1 (752/782)...
2025-10-29 09:47:48,582 - BlankSpaceAnalyzer - INFO - -> Analyzing version 54.0.10 (753/782)...
2025-10-29 09:47:48,649 - BlankSpaceAnalyzer - INFO - -> Analyzing version 54.0.11 (754/782)...
2025-10-29 09:47:48,718 - BlankSpaceAnalyzer - INFO - -> Analyzing version 54.0.12 (755/782)...
2025-10-29 09:47:48,787 - BlankSpaceAnalyzer - INFO - -> Analyzing version 54.0.13 (756/782)...
2025-10-29 09:47:48,854 - BlankSpaceAnalyzer - INFO - -> Analyzing version 54.0.14 (757/782)...
2025-10-29 09:47:48,921 - BlankSpaceAnalyzer - INFO - -> Analyzing version 54.0.15 (758/782)...
2025-10-29 09:47:48,990 - BlankSpaceAnalyzer - INFO - -> Analyzing version 54.0.16 (759/782)...
2025-10-29 09:47:49,059 - BlankSpaceAnalyzer - INFO - -> Analyzing version 54.0.17 (760/782)...
2025-10-29 09:47:49,128 - BlankSpaceAnalyzer - INFO - -> Analyzing version 54.0.18 (761/782)...
2025-10-29 09:47:49,195 - BlankSpaceAnalyzer - INFO - -> Analyzing version 54.0.19 (762/782)...
2025-10-29 09:47:49,263 - BlankSpaceAnalyzer - INFO - -> Analyzing version 54.0.2 (763/782)...
2025-10-29 09:47:49,330 - BlankSpaceAnalyzer - INFO - -> Analyzing version 54.0.20 (764/782)...
2025-10-29 09:47:49,398 - BlankSpaceAnalyzer - INFO - -> Analyzing version 54.0.21 (765/782)...
2025-10-29 09:47:49,466 - BlankSpaceAnalyzer - INFO - -> Analyzing version 54.0.3 (766/782)...
2025-10-29 09:47:49,534 - BlankSpaceAnalyzer - INFO - -> Analyzing version 54.0.4 (767/782)...
2025-10-29 09:47:49,601 - BlankSpaceAnalyzer - INFO - -> Analyzing version 54.0.5 (768/782)...
2025-10-29 09:47:49,669 - BlankSpaceAnalyzer - INFO - -> Analyzing version 54.0.6 (769/782)...
2025-10-29 09:47:49,736 - BlankSpaceAnalyzer - INFO - -> Analyzing version 54.0.7 (770/782)...
2025-10-29 09:47:49,805 - BlankSpaceAnalyzer - INFO - -> Analyzing version 54.0.8 (771/782)...
2025-10-29 09:47:49,872 - BlankSpaceAnalyzer - INFO - -> Analyzing version 54.0.9 (772/782)...
2025-10-29 09:47:49,938 - BlankSpaceAnalyzer - INFO - -> Analyzing version 55.0.0-canary-20250912-b5ce2a8 (773/782)...
2025-10-29 09:47:49,999 - BlankSpaceAnalyzer - INFO - -> Analyzing version 55.0.0-canary-20250919-7a31b96 (774/782)...
2025-10-29 09:47:50,066 - BlankSpaceAnalyzer - INFO - -> Analyzing version 55.0.0-canary-20250930-9dc59d3 (775/782)...
2025-10-29 09:47:50,132 - BlankSpaceAnalyzer - INFO - -> Analyzing version 55.0.0-canary-20251003-7b9d7ff (776/782)...
2025-10-29 09:47:50,199 - BlankSpaceAnalyzer - INFO - -> Analyzing version 55.0.0-canary-20251008-6acbc1c (777/782)...
2025-10-29 09:47:50,268 - BlankSpaceAnalyzer - INFO - -> Analyzing version 55.0.0-canary-20251008-f2d1b4a (778/782)...
2025-10-29 09:47:50,335 - BlankSpaceAnalyzer - INFO - -> Analyzing version 55.0.0-canary-20251009-9919e08 (779/782)...
2025-10-29 09:47:50,403 - BlankSpaceAnalyzer - INFO - -> Analyzing version 55.0.0-canary-20251013-623c5a6 (780/782)...
2025-10-29 09:47:50,471 - BlankSpaceAnalyzer - INFO - -> Analyzing version 55.0.0-canary-20251015-a6a1272 (781/782)...
2025-10-29 09:47:50,539 - BlankSpaceAnalyzer - INFO - -> Analyzing version 55.0.0-canary-20251023-4c86f95 (782/782)...
2025-10-29 09:47:50,614 - BlankSpaceAnalyzer - INFO - Exporting results for 'expo' to CSV...
2025-10-29 09:47:52,101 - BlankSpaceAnalyzer - INFO - Reports saved in: /app/npm_results/expo
2025-10-29 09:47:52,103 - NPM_Analyzer - INFO - Cleaning temporary folder 'temp/expo'...
2025-10-29 09:47:54,713 - NPM_Analyzer - INFO - Cleanup completed.
