2025-11-16 02:25:53,431 - NPM_HUT_Analyzer - INFO - Recupero metadata per 'fast-copy'...
2025-11-16 02:25:53,599 - NPM_HUT_Analyzer - INFO - Trovate 41 versioni. Inizio download in 'temp_hut/fast-copy'...
2025-11-16 02:26:25,729 - UnicodeAnalyzer - INFO - Analizzando 41 versioni per '*.js' in 'fast-copy'.
2025-11-16 02:26:25,729 - UnicodeAnalyzer - INFO - -> Analizzando versione 1.0.0 (1/41)...
2025-11-16 02:26:25,731 - UnicodeAnalyzer - INFO - Filtrati 2 file (es. in /dist, /test).
2025-11-16 02:26:25,811 - UnicodeAnalyzer - INFO - -> Analizzando versione 1.0.1 (2/41)...
2025-11-16 02:26:25,812 - UnicodeAnalyzer - INFO - Filtrati 2 file (es. in /dist, /test).
2025-11-16 02:26:25,860 - UnicodeAnalyzer - INFO - -> Analizzando versione 1.1.0 (3/41)...
2025-11-16 02:26:25,861 - UnicodeAnalyzer - INFO - Filtrati 2 file (es. in /dist, /test).
2025-11-16 02:26:25,937 - UnicodeAnalyzer - INFO - -> Analizzando versione 1.1.1 (4/41)...
2025-11-16 02:26:25,938 - UnicodeAnalyzer - INFO - Filtrati 2 file (es. in /dist, /test).
2025-11-16 02:26:26,017 - UnicodeAnalyzer - INFO - -> Analizzando versione 1.1.2 (5/41)...
2025-11-16 02:26:26,018 - UnicodeAnalyzer - INFO - Filtrati 2 file (es. in /dist, /test).
2025-11-16 02:26:26,102 - UnicodeAnalyzer - INFO - -> Analizzando versione 1.2.0 (6/41)...
2025-11-16 02:26:26,103 - UnicodeAnalyzer - INFO - Filtrati 2 file (es. in /dist, /test).
2025-11-16 02:26:26,183 - UnicodeAnalyzer - INFO - -> Analizzando versione 1.2.1 (7/41)...
2025-11-16 02:26:26,184 - UnicodeAnalyzer - INFO - Filtrati 2 file (es. in /dist, /test).
2025-11-16 02:26:26,266 - UnicodeAnalyzer - INFO - -> Analizzando versione 1.2.2 (8/41)...
2025-11-16 02:26:26,266 - UnicodeAnalyzer - INFO - Filtrati 2 file (es. in /dist, /test).
2025-11-16 02:26:26,339 - UnicodeAnalyzer - INFO - -> Analizzando versione 1.2.3 (9/41)...
2025-11-16 02:26:26,339 - UnicodeAnalyzer - INFO - Filtrati 2 file (es. in /dist, /test).
2025-11-16 02:26:26,394 - UnicodeAnalyzer - INFO - -> Analizzando versione 1.2.4 (10/41)...
2025-11-16 02:26:26,395 - UnicodeAnalyzer - INFO - Filtrati 4 file (es. in /dist, /test).
2025-11-16 02:26:26,448 - UnicodeAnalyzer - INFO - -> Analizzando versione 2.0.0 (11/41)...
2025-11-16 02:26:26,449 - UnicodeAnalyzer - INFO - Filtrati 4 file (es. in /dist, /test).
2025-11-16 02:26:26,449 - UnicodeAnalyzer - INFO - -> Analizzando versione 2.0.1 (12/41)...
2025-11-16 02:26:26,449 - UnicodeAnalyzer - INFO - Filtrati 4 file (es. in /dist, /test).
2025-11-16 02:26:26,449 - UnicodeAnalyzer - INFO - -> Analizzando versione 2.0.2 (13/41)...
2025-11-16 02:26:26,450 - UnicodeAnalyzer - INFO - Filtrati 4 file (es. in /dist, /test).
2025-11-16 02:26:26,450 - UnicodeAnalyzer - INFO - -> Analizzando versione 2.0.3 (14/41)...
2025-11-16 02:26:26,450 - UnicodeAnalyzer - INFO - Filtrati 4 file (es. in /dist, /test).
2025-11-16 02:26:26,450 - UnicodeAnalyzer - INFO - -> Analizzando versione 2.0.4 (15/41)...
2025-11-16 02:26:26,450 - UnicodeAnalyzer - INFO - Filtrati 4 file (es. in /dist, /test).
2025-11-16 02:26:26,451 - UnicodeAnalyzer - INFO - -> Analizzando versione 2.0.5 (16/41)...
2025-11-16 02:26:26,451 - UnicodeAnalyzer - INFO - Filtrati 4 file (es. in /dist, /test).
2025-11-16 02:26:26,451 - UnicodeAnalyzer - INFO - -> Analizzando versione 2.1.0 (17/41)...
2025-11-16 02:26:26,451 - UnicodeAnalyzer - INFO - Filtrati 4 file (es. in /dist, /test).
2025-11-16 02:26:26,451 - UnicodeAnalyzer - INFO - -> Analizzando versione 2.1.1 (18/41)...
2025-11-16 02:26:26,452 - UnicodeAnalyzer - INFO - Filtrati 4 file (es. in /dist, /test).
2025-11-16 02:26:26,452 - UnicodeAnalyzer - INFO - -> Analizzando versione 2.1.2 (19/41)...
2025-11-16 02:26:26,452 - UnicodeAnalyzer - INFO - Filtrati 4 file (es. in /dist, /test).
2025-11-16 02:26:26,452 - UnicodeAnalyzer - INFO - -> Analizzando versione 2.1.3 (20/41)...
2025-11-16 02:26:26,453 - UnicodeAnalyzer - INFO - Filtrati 4 file (es. in /dist, /test).
2025-11-16 02:26:26,453 - UnicodeAnalyzer - INFO - -> Analizzando versione 2.1.4 (21/41)...
2025-11-16 02:26:26,453 - UnicodeAnalyzer - INFO - Filtrati 4 file (es. in /dist, /test).
2025-11-16 02:26:26,453 - UnicodeAnalyzer - INFO - -> Analizzando versione 2.1.5 (22/41)...
2025-11-16 02:26:26,454 - UnicodeAnalyzer - INFO - Filtrati 4 file (es. in /dist, /test).
2025-11-16 02:26:26,454 - UnicodeAnalyzer - INFO - -> Analizzando versione 2.1.6 (23/41)...
2025-11-16 02:26:26,454 - UnicodeAnalyzer - INFO - Filtrati 4 file (es. in /dist, /test).
2025-11-16 02:26:26,454 - UnicodeAnalyzer - INFO - -> Analizzando versione 2.1.7 (24/41)...
2025-11-16 02:26:26,455 - UnicodeAnalyzer - INFO - Filtrati 4 file (es. in /dist, /test).
2025-11-16 02:26:26,455 - UnicodeAnalyzer - INFO - -> Analizzando versione 3.0.0 (25/41)...
2025-11-16 02:26:26,456 - UnicodeAnalyzer - INFO - Filtrati 2 file (es. in /dist, /test).
2025-11-16 02:26:26,509 - UnicodeAnalyzer - INFO - -> Analizzando versione 3.0.0-beta.0 (26/41)...
2025-11-16 02:26:26,510 - UnicodeAnalyzer - INFO - Filtrati 2 file (es. in /dist, /test).
2025-11-16 02:26:26,510 - UnicodeAnalyzer - INFO - -> Analizzando versione 3.0.0-beta.1 (27/41)...
2025-11-16 02:26:26,511 - UnicodeAnalyzer - INFO - Filtrati 2 file (es. in /dist, /test).
2025-11-16 02:26:26,511 - UnicodeAnalyzer - INFO - -> Analizzando versione 3.0.0-beta.2 (28/41)...
2025-11-16 02:26:26,511 - UnicodeAnalyzer - INFO - Filtrati 2 file (es. in /dist, /test).
2025-11-16 02:26:26,511 - UnicodeAnalyzer - INFO - -> Analizzando versione 3.0.0-beta.3 (29/41)...
2025-11-16 02:26:26,512 - UnicodeAnalyzer - INFO - Filtrati 2 file (es. in /dist, /test).
2025-11-16 02:26:26,512 - UnicodeAnalyzer - INFO - -> Analizzando versione 3.0.0-beta.4 (30/41)...
2025-11-16 02:26:26,513 - UnicodeAnalyzer - INFO - Filtrati 2 file (es. in /dist, /test).
2025-11-16 02:26:26,513 - UnicodeAnalyzer - INFO - -> Analizzando versione 3.0.0-beta.5 (31/41)...
2025-11-16 02:26:26,513 - UnicodeAnalyzer - INFO - Filtrati 2 file (es. in /dist, /test).
2025-11-16 02:26:26,514 - UnicodeAnalyzer - INFO - -> Analizzando versione 3.0.0-beta.6 (32/41)...
2025-11-16 02:26:26,514 - UnicodeAnalyzer - INFO - Filtrati 2 file (es. in /dist, /test).
2025-11-16 02:26:26,568 - UnicodeAnalyzer - INFO - -> Analizzando versione 3.0.0-beta.7 (33/41)...
2025-11-16 02:26:26,570 - UnicodeAnalyzer - INFO - Filtrati 2 file (es. in /dist, /test).
2025-11-16 02:26:26,624 - UnicodeAnalyzer - INFO - -> Analizzando versione 3.0.0-beta.8 (34/41)...
2025-11-16 02:26:26,625 - UnicodeAnalyzer - INFO - Filtrati 2 file (es. in /dist, /test).
2025-11-16 02:26:26,679 - UnicodeAnalyzer - INFO - -> Analizzando versione 3.0.1 (35/41)...
2025-11-16 02:26:26,680 - UnicodeAnalyzer - INFO - Filtrati 2 file (es. in /dist, /test).
2025-11-16 02:26:26,734 - UnicodeAnalyzer - INFO - -> Analizzando versione 3.0.2 (36/41)...
2025-11-16 02:26:26,735 - UnicodeAnalyzer - INFO - Filtrati 2 file (es. in /dist, /test).
2025-11-16 02:26:26,792 - UnicodeAnalyzer - INFO - -> Analizzando versione 4.0.0 (37/41)...
2025-11-16 02:26:26,793 - UnicodeAnalyzer - INFO - Filtrati 2 file (es. in /dist, /test).
2025-11-16 02:26:26,793 - UnicodeAnalyzer - INFO - -> Analizzando versione 4.0.0-beta.0 (38/41)...
2025-11-16 02:26:26,793 - UnicodeAnalyzer - INFO - Filtrati 2 file (es. in /dist, /test).
2025-11-16 02:26:26,793 - UnicodeAnalyzer - INFO - -> Analizzando versione 4.0.0-beta.1 (39/41)...
2025-11-16 02:26:26,794 - UnicodeAnalyzer - INFO - Filtrati 2 file (es. in /dist, /test).
2025-11-16 02:26:26,794 - UnicodeAnalyzer - INFO - -> Analizzando versione 4.0.0-beta.2 (40/41)...
2025-11-16 02:26:26,794 - UnicodeAnalyzer - INFO - Filtrati 2 file (es. in /dist, /test).
2025-11-16 02:26:26,794 - UnicodeAnalyzer - INFO - -> Analizzando versione 4.0.0-beta.3 (41/41)...
2025-11-16 02:26:26,795 - UnicodeAnalyzer - INFO - Filtrati 2 file (es. in /dist, /test).
2025-11-16 02:26:26,795 - UnicodeAnalyzer - INFO - Esportando i risultati HUT per 'fast-copy' in CSV...
2025-11-16 02:26:26,856 - UnicodeAnalyzer - INFO - Report salvati in: /app/npm_hut_results/fast-copy
2025-11-16 02:26:26,856 - NPM_HUT_Analyzer - INFO - Pulizia cartella temporanea 'temp_hut/fast-copy'...
2025-11-16 02:26:26,884 - NPM_HUT_Analyzer - INFO - Pulizia completata.
