2025-11-16 01:52:03,581 - NPM_HUT_Analyzer - INFO - Recupero metadata per 'ret'...
2025-11-16 01:52:03,657 - NPM_HUT_Analyzer - INFO - Trovate 27 versioni. Inizio download in 'temp_hut/ret'...
2025-11-16 01:52:21,078 - UnicodeAnalyzer - INFO - Analizzando 27 versioni per '*.js' in 'ret'.
2025-11-16 01:52:21,079 - UnicodeAnalyzer - INFO - -> Analizzando versione 0.1.0 (1/27)...
2025-11-16 01:52:21,080 - UnicodeAnalyzer - INFO - Filtrati 3 file (es. in /dist, /test).
2025-11-16 01:52:21,153 - UnicodeAnalyzer - INFO - -> Analizzando versione 0.1.1 (2/27)...
2025-11-16 01:52:21,154 - UnicodeAnalyzer - INFO - Filtrati 3 file (es. in /dist, /test).
2025-11-16 01:52:21,197 - UnicodeAnalyzer - INFO - -> Analizzando versione 0.1.10 (3/27)...
2025-11-16 01:52:21,246 - UnicodeAnalyzer - INFO - -> Analizzando versione 0.1.11 (4/27)...
2025-11-16 01:52:21,247 - UnicodeAnalyzer - INFO - Filtrati 3 file (es. in /dist, /test).
2025-11-16 01:52:21,293 - UnicodeAnalyzer - INFO - -> Analizzando versione 0.1.12 (5/27)...
2025-11-16 01:52:21,294 - UnicodeAnalyzer - INFO - Filtrati 3 file (es. in /dist, /test).
2025-11-16 01:52:21,341 - UnicodeAnalyzer - INFO - -> Analizzando versione 0.1.13 (6/27)...
2025-11-16 01:52:21,341 - UnicodeAnalyzer - INFO - Filtrati 3 file (es. in /dist, /test).
2025-11-16 01:52:21,388 - UnicodeAnalyzer - INFO - -> Analizzando versione 0.1.14 (7/27)...
2025-11-16 01:52:21,435 - UnicodeAnalyzer - INFO - -> Analizzando versione 0.1.15 (8/27)...
2025-11-16 01:52:21,482 - UnicodeAnalyzer - INFO - -> Analizzando versione 0.1.2 (9/27)...
2025-11-16 01:52:21,483 - UnicodeAnalyzer - INFO - Filtrati 3 file (es. in /dist, /test).
2025-11-16 01:52:21,529 - UnicodeAnalyzer - INFO - -> Analizzando versione 0.1.3 (10/27)...
2025-11-16 01:52:21,529 - UnicodeAnalyzer - INFO - Filtrati 3 file (es. in /dist, /test).
2025-11-16 01:52:21,576 - UnicodeAnalyzer - INFO - -> Analizzando versione 0.1.4 (11/27)...
2025-11-16 01:52:21,576 - UnicodeAnalyzer - INFO - Filtrati 3 file (es. in /dist, /test).
2025-11-16 01:52:21,623 - UnicodeAnalyzer - INFO - -> Analizzando versione 0.1.5 (12/27)...
2025-11-16 01:52:21,670 - UnicodeAnalyzer - INFO - -> Analizzando versione 0.1.6 (13/27)...
2025-11-16 01:52:21,717 - UnicodeAnalyzer - INFO - -> Analizzando versione 0.1.7 (14/27)...
2025-11-16 01:52:21,764 - UnicodeAnalyzer - INFO - -> Analizzando versione 0.1.8 (15/27)...
2025-11-16 01:52:21,811 - UnicodeAnalyzer - INFO - -> Analizzando versione 0.1.9 (16/27)...
2025-11-16 01:52:21,860 - UnicodeAnalyzer - INFO - -> Analizzando versione 0.2.0 (17/27)...
2025-11-16 01:52:21,907 - UnicodeAnalyzer - INFO - -> Analizzando versione 0.2.1 (18/27)...
2025-11-16 01:52:21,953 - UnicodeAnalyzer - INFO - -> Analizzando versione 0.2.2 (19/27)...
2025-11-16 01:52:22,000 - UnicodeAnalyzer - INFO - -> Analizzando versione 0.3.0 (20/27)...
2025-11-16 01:52:22,049 - UnicodeAnalyzer - INFO - -> Analizzando versione 0.3.1 (21/27)...
2025-11-16 01:52:22,095 - UnicodeAnalyzer - INFO - -> Analizzando versione 0.3.2 (22/27)...
2025-11-16 01:52:22,096 - UnicodeAnalyzer - INFO - Filtrati 7 file (es. in /dist, /test).
2025-11-16 01:52:22,096 - UnicodeAnalyzer - INFO - -> Analizzando versione 0.4.0 (23/27)...
2025-11-16 01:52:22,096 - UnicodeAnalyzer - INFO - Filtrati 11 file (es. in /dist, /test).
2025-11-16 01:52:22,096 - UnicodeAnalyzer - INFO - -> Analizzando versione 0.4.1 (24/27)...
2025-11-16 01:52:22,097 - UnicodeAnalyzer - INFO - Filtrati 11 file (es. in /dist, /test).
2025-11-16 01:52:22,097 - UnicodeAnalyzer - INFO - -> Analizzando versione 0.4.2 (25/27)...
2025-11-16 01:52:22,097 - UnicodeAnalyzer - INFO - Filtrati 11 file (es. in /dist, /test).
2025-11-16 01:52:22,098 - UnicodeAnalyzer - INFO - -> Analizzando versione 0.4.3 (26/27)...
2025-11-16 01:52:22,098 - UnicodeAnalyzer - INFO - Filtrati 11 file (es. in /dist, /test).
2025-11-16 01:52:22,098 - UnicodeAnalyzer - INFO - -> Analizzando versione 0.5.0 (27/27)...
2025-11-16 01:52:22,099 - UnicodeAnalyzer - INFO - Filtrati 11 file (es. in /dist, /test).
2025-11-16 01:52:22,099 - UnicodeAnalyzer - INFO - Esportando i risultati HUT per 'ret' in CSV...
2025-11-16 01:52:22,139 - UnicodeAnalyzer - INFO - Report salvati in: /app/npm_hut_results/ret
2025-11-16 01:52:22,139 - NPM_HUT_Analyzer - INFO - Pulizia cartella temporanea 'temp_hut/ret'...
2025-11-16 01:52:22,148 - NPM_HUT_Analyzer - INFO - Pulizia completata.
