2025-10-22 15:04:20,018 - NPM_Analyzer - INFO - Fetching metadata for 'iconv-lite'...
2025-10-22 15:04:20,145 - NPM_Analyzer - INFO - Found 52 versions. Starting download into 'temp/iconv-lite'...
2025-10-22 15:04:44,672 - BlankSpaceAnalyzer - INFO - Analyzing 52 versions for '*.js' in 'iconv-lite'.
2025-10-22 15:04:44,673 - BlankSpaceAnalyzer - INFO - -> Analyzing version 0.1.0 (1/52)...
2025-10-22 15:04:44,744 - BlankSpaceAnalyzer - INFO - -> Analyzing version 0.1.1 (2/52)...
2025-10-22 15:04:44,782 - BlankSpaceAnalyzer - INFO - -> Analyzing version 0.1.2 (3/52)...
2025-10-22 15:04:44,823 - BlankSpaceAnalyzer - INFO - -> Analyzing version 0.1.3 (4/52)...
2025-10-22 15:04:44,867 - BlankSpaceAnalyzer - INFO - -> Analyzing version 0.1.4 (5/52)...
2025-10-22 15:04:44,911 - BlankSpaceAnalyzer - INFO - -> Analyzing version 0.2.0 (6/52)...
2025-10-22 15:04:44,955 - BlankSpaceAnalyzer - INFO - -> Analyzing version 0.2.1 (7/52)...
2025-10-22 15:04:44,998 - BlankSpaceAnalyzer - INFO - -> Analyzing version 0.2.10 (8/52)...
2025-10-22 15:04:45,043 - BlankSpaceAnalyzer - INFO - -> Analyzing version 0.2.11 (9/52)...
2025-10-22 15:04:45,088 - BlankSpaceAnalyzer - INFO - -> Analyzing version 0.2.3 (10/52)...
2025-10-22 15:04:45,132 - BlankSpaceAnalyzer - INFO - -> Analyzing version 0.2.4 (11/52)...
2025-10-22 15:04:45,176 - BlankSpaceAnalyzer - INFO - -> Analyzing version 0.2.5 (12/52)...
2025-10-22 15:04:45,219 - BlankSpaceAnalyzer - INFO - -> Analyzing version 0.2.6 (13/52)...
2025-10-22 15:04:45,264 - BlankSpaceAnalyzer - INFO - -> Analyzing version 0.2.7 (14/52)...
2025-10-22 15:04:45,307 - BlankSpaceAnalyzer - INFO - -> Analyzing version 0.2.8 (15/52)...
2025-10-22 15:04:45,352 - BlankSpaceAnalyzer - INFO - -> Analyzing version 0.2.9 (16/52)...
2025-10-22 15:04:45,396 - BlankSpaceAnalyzer - INFO - -> Analyzing version 0.4.0 (17/52)...
2025-10-22 15:04:45,439 - BlankSpaceAnalyzer - INFO - -> Analyzing version 0.4.0-pre (18/52)...
2025-10-22 15:04:45,482 - BlankSpaceAnalyzer - INFO - -> Analyzing version 0.4.0-pre2 (19/52)...
2025-10-22 15:04:45,525 - BlankSpaceAnalyzer - INFO - -> Analyzing version 0.4.0-pre3 (20/52)...
2025-10-22 15:04:45,569 - BlankSpaceAnalyzer - INFO - -> Analyzing version 0.4.1 (21/52)...
2025-10-22 15:04:45,612 - BlankSpaceAnalyzer - INFO - -> Analyzing version 0.4.10 (22/52)...
2025-10-22 15:04:45,656 - BlankSpaceAnalyzer - INFO - -> Analyzing version 0.4.11 (23/52)...
2025-10-22 15:04:45,698 - BlankSpaceAnalyzer - INFO - -> Analyzing version 0.4.12 (24/52)...
2025-10-22 15:04:45,742 - BlankSpaceAnalyzer - INFO - -> Analyzing version 0.4.13 (25/52)...
2025-10-22 15:04:45,785 - BlankSpaceAnalyzer - INFO - -> Analyzing version 0.4.14 (26/52)...
2025-10-22 15:04:45,828 - BlankSpaceAnalyzer - INFO - -> Analyzing version 0.4.15 (27/52)...
2025-10-22 15:04:45,872 - BlankSpaceAnalyzer - INFO - -> Analyzing version 0.4.16 (28/52)...
2025-10-22 15:04:45,915 - BlankSpaceAnalyzer - INFO - -> Analyzing version 0.4.17 (29/52)...
2025-10-22 15:04:45,959 - BlankSpaceAnalyzer - INFO - -> Analyzing version 0.4.18 (30/52)...
2025-10-22 15:04:46,002 - BlankSpaceAnalyzer - INFO - -> Analyzing version 0.4.19 (31/52)...
2025-10-22 15:04:46,046 - BlankSpaceAnalyzer - INFO - -> Analyzing version 0.4.2 (32/52)...
2025-10-22 15:04:46,089 - BlankSpaceAnalyzer - INFO - -> Analyzing version 0.4.20 (33/52)...
2025-10-22 15:04:46,133 - BlankSpaceAnalyzer - INFO - -> Analyzing version 0.4.21 (34/52)...
2025-10-22 15:04:46,176 - BlankSpaceAnalyzer - INFO - -> Analyzing version 0.4.22 (35/52)...
2025-10-22 15:04:46,219 - BlankSpaceAnalyzer - INFO - -> Analyzing version 0.4.23 (36/52)...
2025-10-22 15:04:46,263 - BlankSpaceAnalyzer - INFO - -> Analyzing version 0.4.24 (37/52)...
2025-10-22 15:04:46,306 - BlankSpaceAnalyzer - INFO - -> Analyzing version 0.4.3 (38/52)...
2025-10-22 15:04:46,349 - BlankSpaceAnalyzer - INFO - -> Analyzing version 0.4.4 (39/52)...
2025-10-22 15:04:46,393 - BlankSpaceAnalyzer - INFO - -> Analyzing version 0.4.5 (40/52)...
2025-10-22 15:04:46,436 - BlankSpaceAnalyzer - INFO - -> Analyzing version 0.4.6 (41/52)...
2025-10-22 15:04:46,480 - BlankSpaceAnalyzer - INFO - -> Analyzing version 0.4.7 (42/52)...
2025-10-22 15:04:46,524 - BlankSpaceAnalyzer - INFO - -> Analyzing version 0.4.8 (43/52)...
2025-10-22 15:04:46,567 - BlankSpaceAnalyzer - INFO - -> Analyzing version 0.4.9 (44/52)...
2025-10-22 15:04:46,611 - BlankSpaceAnalyzer - INFO - -> Analyzing version 0.5.0 (45/52)...
2025-10-22 15:04:46,658 - BlankSpaceAnalyzer - INFO - -> Analyzing version 0.5.1 (46/52)...
2025-10-22 15:04:46,702 - BlankSpaceAnalyzer - INFO - -> Analyzing version 0.5.2 (47/52)...
2025-10-22 15:04:46,745 - BlankSpaceAnalyzer - INFO - -> Analyzing version 0.6.0 (48/52)...
2025-10-22 15:04:46,788 - BlankSpaceAnalyzer - INFO - -> Analyzing version 0.6.1 (49/52)...
2025-10-22 15:04:46,833 - BlankSpaceAnalyzer - INFO - -> Analyzing version 0.6.2 (50/52)...
2025-10-22 15:04:46,877 - BlankSpaceAnalyzer - INFO - -> Analyzing version 0.6.3 (51/52)...
2025-10-22 15:04:46,922 - BlankSpaceAnalyzer - INFO - -> Analyzing version 0.7.0 (52/52)...
2025-10-22 15:04:46,965 - BlankSpaceAnalyzer - INFO - Exporting results for 'iconv-lite' to CSV...
2025-10-22 15:04:47,031 - BlankSpaceAnalyzer - INFO - Reports saved in: /app/npm_results/iconv-lite
2025-10-22 15:04:47,031 - NPM_Analyzer - INFO - Cleaning temporary folder 'temp/iconv-lite'...
2025-10-22 15:04:47,055 - NPM_Analyzer - INFO - Cleanup completed.
