2025-10-25 02:09:54,654 - NPM_Analyzer - INFO - Fetching metadata for '@babel/plugin-syntax-dynamic-import'...
2025-10-25 02:09:54,845 - NPM_Analyzer - INFO - Found 38 versions. Starting download into 'temp/@babel_plugin-syntax-dynamic-import'...
2025-10-25 02:10:38,209 - BlankSpaceAnalyzer - INFO - Analyzing 38 versions for '*.js' in '@babel_plugin-syntax-dynamic-import'.
2025-10-25 02:10:38,210 - BlankSpaceAnalyzer - INFO - -> Analyzing version 7.0.0 (1/38)...
2025-10-25 02:10:38,211 - BlankSpaceAnalyzer - INFO - -> Analyzing version 7.0.0-beta.31 (2/38)...
2025-10-25 02:10:38,212 - BlankSpaceAnalyzer - INFO - -> Analyzing version 7.0.0-beta.32 (3/38)...
2025-10-25 02:10:38,213 - BlankSpaceAnalyzer - INFO - -> Analyzing version 7.0.0-beta.33 (4/38)...
2025-10-25 02:10:38,214 - BlankSpaceAnalyzer - INFO - -> Analyzing version 7.0.0-beta.34 (5/38)...
2025-10-25 02:10:38,215 - BlankSpaceAnalyzer - INFO - -> Analyzing version 7.0.0-beta.35 (6/38)...
2025-10-25 02:10:38,216 - BlankSpaceAnalyzer - INFO - -> Analyzing version 7.0.0-beta.36 (7/38)...
2025-10-25 02:10:38,217 - BlankSpaceAnalyzer - INFO - -> Analyzing version 7.0.0-beta.37 (8/38)...
2025-10-25 02:10:38,218 - BlankSpaceAnalyzer - INFO - -> Analyzing version 7.0.0-beta.38 (9/38)...
2025-10-25 02:10:38,219 - BlankSpaceAnalyzer - INFO - -> Analyzing version 7.0.0-beta.39 (10/38)...
2025-10-25 02:10:38,220 - BlankSpaceAnalyzer - INFO - -> Analyzing version 7.0.0-beta.4 (11/38)...
2025-10-25 02:10:38,221 - BlankSpaceAnalyzer - INFO - -> Analyzing version 7.0.0-beta.40 (12/38)...
2025-10-25 02:10:38,222 - BlankSpaceAnalyzer - INFO - -> Analyzing version 7.0.0-beta.41 (13/38)...
2025-10-25 02:10:38,223 - BlankSpaceAnalyzer - INFO - -> Analyzing version 7.0.0-beta.42 (14/38)...
2025-10-25 02:10:38,224 - BlankSpaceAnalyzer - INFO - -> Analyzing version 7.0.0-beta.43 (15/38)...
2025-10-25 02:10:38,225 - BlankSpaceAnalyzer - INFO - -> Analyzing version 7.0.0-beta.44 (16/38)...
2025-10-25 02:10:38,226 - BlankSpaceAnalyzer - INFO - -> Analyzing version 7.0.0-beta.45 (17/38)...
2025-10-25 02:10:38,227 - BlankSpaceAnalyzer - INFO - -> Analyzing version 7.0.0-beta.46 (18/38)...
2025-10-25 02:10:38,228 - BlankSpaceAnalyzer - INFO - -> Analyzing version 7.0.0-beta.47 (19/38)...
2025-10-25 02:10:38,229 - BlankSpaceAnalyzer - INFO - -> Analyzing version 7.0.0-beta.48 (20/38)...
2025-10-25 02:10:38,230 - BlankSpaceAnalyzer - INFO - -> Analyzing version 7.0.0-beta.49 (21/38)...
2025-10-25 02:10:38,231 - BlankSpaceAnalyzer - INFO - -> Analyzing version 7.0.0-beta.5 (22/38)...
2025-10-25 02:10:38,232 - BlankSpaceAnalyzer - INFO - -> Analyzing version 7.0.0-beta.50 (23/38)...
2025-10-25 02:10:38,233 - BlankSpaceAnalyzer - INFO - -> Analyzing version 7.0.0-beta.51 (24/38)...
2025-10-25 02:10:38,234 - BlankSpaceAnalyzer - INFO - -> Analyzing version 7.0.0-beta.52 (25/38)...
2025-10-25 02:10:38,234 - BlankSpaceAnalyzer - INFO - -> Analyzing version 7.0.0-beta.53 (26/38)...
2025-10-25 02:10:38,235 - BlankSpaceAnalyzer - INFO - -> Analyzing version 7.0.0-beta.54 (27/38)...
2025-10-25 02:10:38,236 - BlankSpaceAnalyzer - INFO - -> Analyzing version 7.0.0-beta.55 (28/38)...
2025-10-25 02:10:38,237 - BlankSpaceAnalyzer - INFO - -> Analyzing version 7.0.0-beta.56 (29/38)...
2025-10-25 02:10:38,237 - BlankSpaceAnalyzer - INFO - -> Analyzing version 7.0.0-rc.0 (30/38)...
2025-10-25 02:10:38,238 - BlankSpaceAnalyzer - INFO - -> Analyzing version 7.0.0-rc.1 (31/38)...
2025-10-25 02:10:38,238 - BlankSpaceAnalyzer - INFO - -> Analyzing version 7.0.0-rc.2 (32/38)...
2025-10-25 02:10:38,239 - BlankSpaceAnalyzer - INFO - -> Analyzing version 7.0.0-rc.3 (33/38)...
2025-10-25 02:10:38,240 - BlankSpaceAnalyzer - INFO - -> Analyzing version 7.0.0-rc.4 (34/38)...
2025-10-25 02:10:38,241 - BlankSpaceAnalyzer - INFO - -> Analyzing version 7.2.0 (35/38)...
2025-10-25 02:10:38,242 - BlankSpaceAnalyzer - INFO - -> Analyzing version 7.7.4 (36/38)...
2025-10-25 02:10:38,242 - BlankSpaceAnalyzer - INFO - -> Analyzing version 7.8.0 (37/38)...
2025-10-25 02:10:38,243 - BlankSpaceAnalyzer - INFO - -> Analyzing version 7.8.3 (38/38)...
2025-10-25 02:10:38,244 - BlankSpaceAnalyzer - INFO - Exporting results for '@babel/plugin-syntax-dynamic-import' to CSV...
2025-10-25 02:10:38,277 - BlankSpaceAnalyzer - INFO - Reports saved in: /app/npm_results/@babel_plugin-syntax-dynamic-import
2025-10-25 02:10:38,277 - NPM_Analyzer - INFO - Cleaning temporary folder 'temp/@babel_plugin-syntax-dynamic-import'...
2025-10-25 02:10:38,282 - NPM_Analyzer - INFO - Cleanup completed.
