2025-11-12 01:08:54,878 - NPM_HUT_Analyzer - INFO - Recupero metadata per 'whatwg-fetch'...
2025-11-12 01:08:54,965 - NPM_HUT_Analyzer - INFO - Trovate 51 versioni. Inizio download in 'temp_hut/whatwg-fetch'...
2025-11-12 01:09:18,182 - UnicodeAnalyzer - INFO - Analizzando 51 versioni per '*.js' in 'whatwg-fetch'.
2025-11-12 01:09:18,183 - UnicodeAnalyzer - INFO - -> Analizzando versione 0.10.0 (1/51)...
2025-11-12 01:09:18,186 - UnicodeAnalyzer - INFO - -> Analizzando versione 0.10.1 (2/51)...
2025-11-12 01:09:18,190 - UnicodeAnalyzer - INFO - -> Analizzando versione 0.11.0 (3/51)...
2025-11-12 01:09:18,193 - UnicodeAnalyzer - INFO - -> Analizzando versione 0.11.1 (4/51)...
2025-11-12 01:09:18,197 - UnicodeAnalyzer - INFO - -> Analizzando versione 0.5.0 (5/51)...
2025-11-12 01:09:18,198 - UnicodeAnalyzer - INFO - Filtrati 3 file (es. in /dist, /test).
2025-11-12 01:09:18,200 - UnicodeAnalyzer - INFO - -> Analizzando versione 0.6.0 (6/51)...
2025-11-12 01:09:18,202 - UnicodeAnalyzer - INFO - Filtrati 3 file (es. in /dist, /test).
2025-11-12 01:09:18,204 - UnicodeAnalyzer - INFO - -> Analizzando versione 0.6.1 (7/51)...
2025-11-12 01:09:18,205 - UnicodeAnalyzer - INFO - Filtrati 3 file (es. in /dist, /test).
2025-11-12 01:09:18,207 - UnicodeAnalyzer - INFO - -> Analizzando versione 0.7.0 (8/51)...
2025-11-12 01:09:18,207 - UnicodeAnalyzer - INFO - Filtrati 3 file (es. in /dist, /test).
2025-11-12 01:09:18,209 - UnicodeAnalyzer - INFO - -> Analizzando versione 0.8.0 (9/51)...
2025-11-12 01:09:18,211 - UnicodeAnalyzer - INFO - -> Analizzando versione 0.8.1 (10/51)...
2025-11-12 01:09:18,212 - UnicodeAnalyzer - INFO - -> Analizzando versione 0.8.2 (11/51)...
2025-11-12 01:09:18,214 - UnicodeAnalyzer - INFO - -> Analizzando versione 0.9.0 (12/51)...
2025-11-12 01:09:18,215 - UnicodeAnalyzer - INFO - -> Analizzando versione 1.0.0 (13/51)...
2025-11-12 01:09:18,216 - UnicodeAnalyzer - INFO - -> Analizzando versione 1.1.0 (14/51)...
2025-11-12 01:09:18,218 - UnicodeAnalyzer - INFO - -> Analizzando versione 1.1.1 (15/51)...
2025-11-12 01:09:18,220 - UnicodeAnalyzer - INFO - -> Analizzando versione 2.0.0 (16/51)...
2025-11-12 01:09:18,221 - UnicodeAnalyzer - INFO - -> Analizzando versione 2.0.1 (17/51)...
2025-11-12 01:09:18,222 - UnicodeAnalyzer - INFO - -> Analizzando versione 2.0.2 (18/51)...
2025-11-12 01:09:18,224 - UnicodeAnalyzer - INFO - -> Analizzando versione 2.0.3 (19/51)...
2025-11-12 01:09:18,225 - UnicodeAnalyzer - INFO - -> Analizzando versione 2.0.4 (20/51)...
2025-11-12 01:09:18,226 - UnicodeAnalyzer - INFO - -> Analizzando versione 3.0.0 (21/51)...
2025-11-12 01:09:18,226 - UnicodeAnalyzer - INFO - Filtrati 1 file (es. in /dist, /test).
2025-11-12 01:09:18,228 - UnicodeAnalyzer - INFO - -> Analizzando versione 3.0.1 (22/51)...
2025-11-12 01:09:18,228 - UnicodeAnalyzer - INFO - Filtrati 1 file (es. in /dist, /test).
2025-11-12 01:09:18,229 - UnicodeAnalyzer - INFO - -> Analizzando versione 3.1.0 (23/51)...
2025-11-12 01:09:18,229 - UnicodeAnalyzer - INFO - Filtrati 1 file (es. in /dist, /test).
2025-11-12 01:09:18,230 - UnicodeAnalyzer - INFO - -> Analizzando versione 3.1.1 (24/51)...
2025-11-12 01:09:18,231 - UnicodeAnalyzer - INFO - Filtrati 1 file (es. in /dist, /test).
2025-11-12 01:09:18,232 - UnicodeAnalyzer - INFO - -> Analizzando versione 3.2.0 (25/51)...
2025-11-12 01:09:18,232 - UnicodeAnalyzer - INFO - Filtrati 1 file (es. in /dist, /test).
2025-11-12 01:09:18,234 - UnicodeAnalyzer - INFO - -> Analizzando versione 3.3.0 (26/51)...
2025-11-12 01:09:18,234 - UnicodeAnalyzer - INFO - Filtrati 1 file (es. in /dist, /test).
2025-11-12 01:09:18,235 - UnicodeAnalyzer - INFO - -> Analizzando versione 3.3.1 (27/51)...
2025-11-12 01:09:18,235 - UnicodeAnalyzer - INFO - Filtrati 1 file (es. in /dist, /test).
2025-11-12 01:09:18,236 - UnicodeAnalyzer - INFO - -> Analizzando versione 3.4.0 (28/51)...
2025-11-12 01:09:18,237 - UnicodeAnalyzer - INFO - Filtrati 1 file (es. in /dist, /test).
2025-11-12 01:09:18,238 - UnicodeAnalyzer - INFO - -> Analizzando versione 3.4.1 (29/51)...
2025-11-12 01:09:18,238 - UnicodeAnalyzer - INFO - Filtrati 1 file (es. in /dist, /test).
2025-11-12 01:09:18,239 - UnicodeAnalyzer - INFO - -> Analizzando versione 3.5.0 (30/51)...
2025-11-12 01:09:18,239 - UnicodeAnalyzer - INFO - Filtrati 1 file (es. in /dist, /test).
2025-11-12 01:09:18,240 - UnicodeAnalyzer - INFO - -> Analizzando versione 3.6.0 (31/51)...
2025-11-12 01:09:18,240 - UnicodeAnalyzer - INFO - Filtrati 1 file (es. in /dist, /test).
2025-11-12 01:09:18,241 - UnicodeAnalyzer - INFO - -> Analizzando versione 3.6.1 (32/51)...
2025-11-12 01:09:18,242 - UnicodeAnalyzer - INFO - Filtrati 1 file (es. in /dist, /test).
2025-11-12 01:09:18,243 - UnicodeAnalyzer - INFO - -> Analizzando versione 3.6.10 (33/51)...
2025-11-12 01:09:18,243 - UnicodeAnalyzer - INFO - Filtrati 1 file (es. in /dist, /test).
2025-11-12 01:09:18,244 - UnicodeAnalyzer - INFO - -> Analizzando versione 3.6.11 (34/51)...
2025-11-12 01:09:18,245 - UnicodeAnalyzer - INFO - Filtrati 1 file (es. in /dist, /test).
2025-11-12 01:09:18,246 - UnicodeAnalyzer - INFO - -> Analizzando versione 3.6.12 (35/51)...
2025-11-12 01:09:18,246 - UnicodeAnalyzer - INFO - Filtrati 1 file (es. in /dist, /test).
2025-11-12 01:09:18,247 - UnicodeAnalyzer - INFO - -> Analizzando versione 3.6.13 (36/51)...
2025-11-12 01:09:18,247 - UnicodeAnalyzer - INFO - Filtrati 1 file (es. in /dist, /test).
2025-11-12 01:09:18,248 - UnicodeAnalyzer - INFO - -> Analizzando versione 3.6.14 (37/51)...
2025-11-12 01:09:18,248 - UnicodeAnalyzer - INFO - Filtrati 1 file (es. in /dist, /test).
2025-11-12 01:09:18,250 - UnicodeAnalyzer - INFO - -> Analizzando versione 3.6.15 (38/51)...
2025-11-12 01:09:18,250 - UnicodeAnalyzer - INFO - Filtrati 1 file (es. in /dist, /test).
2025-11-12 01:09:18,251 - UnicodeAnalyzer - INFO - -> Analizzando versione 3.6.16 (39/51)...
2025-11-12 01:09:18,251 - UnicodeAnalyzer - INFO - Filtrati 1 file (es. in /dist, /test).
2025-11-12 01:09:18,252 - UnicodeAnalyzer - INFO - -> Analizzando versione 3.6.17 (40/51)...
2025-11-12 01:09:18,252 - UnicodeAnalyzer - INFO - Filtrati 1 file (es. in /dist, /test).
2025-11-12 01:09:18,253 - UnicodeAnalyzer - INFO - -> Analizzando versione 3.6.18 (41/51)...
2025-11-12 01:09:18,254 - UnicodeAnalyzer - INFO - Filtrati 1 file (es. in /dist, /test).
2025-11-12 01:09:18,255 - UnicodeAnalyzer - INFO - -> Analizzando versione 3.6.19 (42/51)...
2025-11-12 01:09:18,255 - UnicodeAnalyzer - INFO - Filtrati 1 file (es. in /dist, /test).
2025-11-12 01:09:18,256 - UnicodeAnalyzer - INFO - -> Analizzando versione 3.6.2 (43/51)...
2025-11-12 01:09:18,256 - UnicodeAnalyzer - INFO - Filtrati 1 file (es. in /dist, /test).
2025-11-12 01:09:18,257 - UnicodeAnalyzer - INFO - -> Analizzando versione 3.6.20 (44/51)...
2025-11-12 01:09:18,258 - UnicodeAnalyzer - INFO - Filtrati 1 file (es. in /dist, /test).
2025-11-12 01:09:18,259 - UnicodeAnalyzer - INFO - -> Analizzando versione 3.6.3 (45/51)...
2025-11-12 01:09:18,259 - UnicodeAnalyzer - INFO - Filtrati 1 file (es. in /dist, /test).
2025-11-12 01:09:18,260 - UnicodeAnalyzer - INFO - -> Analizzando versione 3.6.4 (46/51)...
2025-11-12 01:09:18,260 - UnicodeAnalyzer - INFO - Filtrati 1 file (es. in /dist, /test).
2025-11-12 01:09:18,261 - UnicodeAnalyzer - INFO - -> Analizzando versione 3.6.5 (47/51)...
2025-11-12 01:09:18,261 - UnicodeAnalyzer - INFO - Filtrati 1 file (es. in /dist, /test).
2025-11-12 01:09:18,262 - UnicodeAnalyzer - INFO - -> Analizzando versione 3.6.6 (48/51)...
2025-11-12 01:09:18,262 - UnicodeAnalyzer - INFO - Filtrati 1 file (es. in /dist, /test).
2025-11-12 01:09:18,263 - UnicodeAnalyzer - INFO - -> Analizzando versione 3.6.7 (49/51)...
2025-11-12 01:09:18,264 - UnicodeAnalyzer - INFO - Filtrati 1 file (es. in /dist, /test).
2025-11-12 01:09:18,265 - UnicodeAnalyzer - INFO - -> Analizzando versione 3.6.8 (50/51)...
2025-11-12 01:09:18,265 - UnicodeAnalyzer - INFO - Filtrati 1 file (es. in /dist, /test).
2025-11-12 01:09:18,267 - UnicodeAnalyzer - INFO - -> Analizzando versione 3.6.9 (51/51)...
2025-11-12 01:09:18,267 - UnicodeAnalyzer - INFO - Filtrati 1 file (es. in /dist, /test).
2025-11-12 01:09:18,268 - UnicodeAnalyzer - INFO - Esportando i risultati HUT per 'whatwg-fetch' in CSV...
2025-11-12 01:09:18,315 - UnicodeAnalyzer - INFO - Report salvati in: /app/npm_hut_results/whatwg-fetch
2025-11-12 01:09:18,316 - NPM_HUT_Analyzer - INFO - Pulizia cartella temporanea 'temp_hut/whatwg-fetch'...
2025-11-12 01:09:18,325 - NPM_HUT_Analyzer - INFO - Pulizia completata.
