2025-11-17 12:27:00,980 - NPM_HUT_Analyzer - INFO - Recupero metadata per 'babel-plugin-transform-object-rest-spread'...
2025-11-17 12:27:01,100 - NPM_HUT_Analyzer - INFO - Trovate 39 versioni. Inizio download in 'temp_hut/babel-plugin-transform-object-rest-spread'...
2025-11-17 12:27:24,025 - UnicodeAnalyzer - INFO - Analizzando 39 versioni per '*.js' in 'babel-plugin-transform-object-rest-spread'.
2025-11-17 12:27:24,026 - UnicodeAnalyzer - INFO - -> Analizzando versione 6.0.14 (1/39)...
2025-11-17 12:27:24,028 - UnicodeAnalyzer - INFO - -> Analizzando versione 6.0.2 (2/39)...
2025-11-17 12:27:24,030 - UnicodeAnalyzer - INFO - -> Analizzando versione 6.1.17 (3/39)...
2025-11-17 12:27:24,031 - UnicodeAnalyzer - INFO - -> Analizzando versione 6.1.18 (4/39)...
2025-11-17 12:27:24,033 - UnicodeAnalyzer - INFO - -> Analizzando versione 6.1.4 (5/39)...
2025-11-17 12:27:24,035 - UnicodeAnalyzer - INFO - -> Analizzando versione 6.16.0 (6/39)...
2025-11-17 12:27:24,037 - UnicodeAnalyzer - INFO - -> Analizzando versione 6.19.0 (7/39)...
2025-11-17 12:27:24,040 - UnicodeAnalyzer - INFO - -> Analizzando versione 6.2.4 (8/39)...
2025-11-17 12:27:24,042 - UnicodeAnalyzer - INFO - -> Analizzando versione 6.20.0 (9/39)...
2025-11-17 12:27:24,046 - UnicodeAnalyzer - INFO - -> Analizzando versione 6.20.1 (10/39)...
2025-11-17 12:27:24,049 - UnicodeAnalyzer - INFO - -> Analizzando versione 6.20.2 (11/39)...
2025-11-17 12:27:24,051 - UnicodeAnalyzer - INFO - -> Analizzando versione 6.22.0 (12/39)...
2025-11-17 12:27:24,054 - UnicodeAnalyzer - INFO - -> Analizzando versione 6.23.0 (13/39)...
2025-11-17 12:27:24,056 - UnicodeAnalyzer - INFO - -> Analizzando versione 6.26.0 (14/39)...
2025-11-17 12:27:24,058 - UnicodeAnalyzer - INFO - -> Analizzando versione 6.3.13 (15/39)...
2025-11-17 12:27:24,059 - UnicodeAnalyzer - INFO - -> Analizzando versione 6.5.0 (16/39)...
2025-11-17 12:27:24,060 - UnicodeAnalyzer - INFO - -> Analizzando versione 6.5.0-1 (17/39)...
2025-11-17 12:27:24,060 - UnicodeAnalyzer - INFO - -> Analizzando versione 6.6.4 (18/39)...
2025-11-17 12:27:24,061 - UnicodeAnalyzer - INFO - -> Analizzando versione 6.6.5 (19/39)...
2025-11-17 12:27:24,062 - UnicodeAnalyzer - INFO - -> Analizzando versione 6.8.0 (20/39)...
2025-11-17 12:27:24,062 - UnicodeAnalyzer - INFO - -> Analizzando versione 7.0.0-alpha.1 (21/39)...
2025-11-17 12:27:24,064 - UnicodeAnalyzer - INFO - -> Analizzando versione 7.0.0-alpha.10 (22/39)...
2025-11-17 12:27:24,065 - UnicodeAnalyzer - INFO - -> Analizzando versione 7.0.0-alpha.11 (23/39)...
2025-11-17 12:27:24,066 - UnicodeAnalyzer - INFO - -> Analizzando versione 7.0.0-alpha.12 (24/39)...
2025-11-17 12:27:24,068 - UnicodeAnalyzer - INFO - -> Analizzando versione 7.0.0-alpha.14 (25/39)...
2025-11-17 12:27:24,069 - UnicodeAnalyzer - INFO - -> Analizzando versione 7.0.0-alpha.15 (26/39)...
2025-11-17 12:27:24,070 - UnicodeAnalyzer - INFO - -> Analizzando versione 7.0.0-alpha.16 (27/39)...
2025-11-17 12:27:24,071 - UnicodeAnalyzer - INFO - -> Analizzando versione 7.0.0-alpha.17 (28/39)...
2025-11-17 12:27:24,073 - UnicodeAnalyzer - INFO - -> Analizzando versione 7.0.0-alpha.18 (29/39)...
2025-11-17 12:27:24,074 - UnicodeAnalyzer - INFO - -> Analizzando versione 7.0.0-alpha.19 (30/39)...
2025-11-17 12:27:24,075 - UnicodeAnalyzer - INFO - -> Analizzando versione 7.0.0-alpha.20 (31/39)...
2025-11-17 12:27:24,076 - UnicodeAnalyzer - INFO - -> Analizzando versione 7.0.0-alpha.3 (32/39)...
2025-11-17 12:27:24,077 - UnicodeAnalyzer - INFO - -> Analizzando versione 7.0.0-alpha.7 (33/39)...
2025-11-17 12:27:24,078 - UnicodeAnalyzer - INFO - -> Analizzando versione 7.0.0-alpha.8 (34/39)...
2025-11-17 12:27:24,079 - UnicodeAnalyzer - INFO - -> Analizzando versione 7.0.0-alpha.9 (35/39)...
2025-11-17 12:27:24,080 - UnicodeAnalyzer - INFO - -> Analizzando versione 7.0.0-beta.0 (36/39)...
2025-11-17 12:27:24,081 - UnicodeAnalyzer - INFO - -> Analizzando versione 7.0.0-beta.1 (37/39)...
2025-11-17 12:27:24,081 - UnicodeAnalyzer - INFO - -> Analizzando versione 7.0.0-beta.2 (38/39)...
2025-11-17 12:27:24,082 - UnicodeAnalyzer - INFO - -> Analizzando versione 7.0.0-beta.3 (39/39)...
2025-11-17 12:27:24,083 - UnicodeAnalyzer - INFO - Esportando i risultati HUT per 'babel-plugin-transform-object-rest-spread' in CSV...
2025-11-17 12:27:24,126 - UnicodeAnalyzer - INFO - Report salvati in: /app/npm_hut_results/babel-plugin-transform-object-rest-spread
2025-11-17 12:27:24,126 - NPM_HUT_Analyzer - INFO - Pulizia cartella temporanea 'temp_hut/babel-plugin-transform-object-rest-spread'...
2025-11-17 12:27:24,132 - NPM_HUT_Analyzer - INFO - Pulizia completata.
