2025-11-11 22:20:18,826 - NPM_HUT_Analyzer - INFO - Recupero metadata per 'chardet'...
2025-11-11 22:20:18,929 - NPM_HUT_Analyzer - INFO - Trovate 29 versioni. Inizio download in 'temp_hut/chardet'...
2025-11-11 22:20:41,949 - UnicodeAnalyzer - INFO - Analizzando 29 versioni per '*.js' in 'chardet'.
2025-11-11 22:20:41,950 - UnicodeAnalyzer - INFO - -> Analizzando versione 0.0.3 (1/29)...
2025-11-11 22:20:41,950 - UnicodeAnalyzer - INFO - Filtrati 5 file (es. in /dist, /test).
2025-11-11 22:20:42,027 - UnicodeAnalyzer - INFO - -> Analizzando versione 0.0.4 (2/29)...
2025-11-11 22:20:42,028 - UnicodeAnalyzer - INFO - Filtrati 6 file (es. in /dist, /test).
2025-11-11 22:20:42,103 - UnicodeAnalyzer - INFO - -> Analizzando versione 0.0.5 (3/29)...
2025-11-11 22:20:42,104 - UnicodeAnalyzer - INFO - Filtrati 6 file (es. in /dist, /test).
2025-11-11 22:20:42,178 - UnicodeAnalyzer - INFO - -> Analizzando versione 0.0.6 (4/29)...
2025-11-11 22:20:42,179 - UnicodeAnalyzer - INFO - Filtrati 6 file (es. in /dist, /test).
2025-11-11 22:20:42,253 - UnicodeAnalyzer - INFO - -> Analizzando versione 0.0.7 (5/29)...
2025-11-11 22:20:42,254 - UnicodeAnalyzer - INFO - Filtrati 6 file (es. in /dist, /test).
2025-11-11 22:20:42,333 - UnicodeAnalyzer - INFO - -> Analizzando versione 0.0.8 (6/29)...
2025-11-11 22:20:42,333 - UnicodeAnalyzer - INFO - Filtrati 6 file (es. in /dist, /test).
2025-11-11 22:20:42,406 - UnicodeAnalyzer - INFO - -> Analizzando versione 0.1.0 (7/29)...
2025-11-11 22:20:42,407 - UnicodeAnalyzer - INFO - Filtrati 6 file (es. in /dist, /test).
2025-11-11 22:20:42,508 - UnicodeAnalyzer - INFO - -> Analizzando versione 0.3.0 (8/29)...
2025-11-11 22:20:42,509 - UnicodeAnalyzer - INFO - Filtrati 6 file (es. in /dist, /test).
2025-11-11 22:20:42,584 - UnicodeAnalyzer - INFO - -> Analizzando versione 0.4.0 (9/29)...
2025-11-11 22:20:42,585 - UnicodeAnalyzer - INFO - Filtrati 6 file (es. in /dist, /test).
2025-11-11 22:20:42,658 - UnicodeAnalyzer - INFO - -> Analizzando versione 0.4.1 (10/29)...
2025-11-11 22:20:42,659 - UnicodeAnalyzer - INFO - Filtrati 6 file (es. in /dist, /test).
2025-11-11 22:20:42,733 - UnicodeAnalyzer - INFO - -> Analizzando versione 0.4.2 (11/29)...
2025-11-11 22:20:42,809 - UnicodeAnalyzer - INFO - -> Analizzando versione 0.5.0 (12/29)...
2025-11-11 22:20:42,886 - UnicodeAnalyzer - INFO - -> Analizzando versione 0.6.0 (13/29)...
2025-11-11 22:20:42,965 - UnicodeAnalyzer - INFO - -> Analizzando versione 0.7.0 (14/29)...
2025-11-11 22:20:43,046 - UnicodeAnalyzer - INFO - -> Analizzando versione 0.8.0 (15/29)...
2025-11-11 22:20:43,122 - UnicodeAnalyzer - INFO - -> Analizzando versione 1.0.0 (16/29)...
2025-11-11 22:20:43,201 - UnicodeAnalyzer - INFO - -> Analizzando versione 1.1.0 (17/29)...
2025-11-11 22:20:43,280 - UnicodeAnalyzer - INFO - -> Analizzando versione 1.2.0 (18/29)...
2025-11-11 22:20:43,366 - UnicodeAnalyzer - INFO - -> Analizzando versione 1.2.1 (19/29)...
2025-11-11 22:20:43,447 - UnicodeAnalyzer - INFO - -> Analizzando versione 1.2.2 (20/29)...
2025-11-11 22:20:43,523 - UnicodeAnalyzer - INFO - -> Analizzando versione 1.3.0 (21/29)...
2025-11-11 22:20:43,607 - UnicodeAnalyzer - INFO - -> Analizzando versione 1.4.0 (22/29)...
2025-11-11 22:20:43,689 - UnicodeAnalyzer - INFO - -> Analizzando versione 1.5.0 (23/29)...
2025-11-11 22:20:43,768 - UnicodeAnalyzer - INFO - -> Analizzando versione 1.5.1 (24/29)...
2025-11-11 22:20:43,847 - UnicodeAnalyzer - INFO - -> Analizzando versione 1.6.0 (25/29)...
2025-11-11 22:20:43,924 - UnicodeAnalyzer - INFO - -> Analizzando versione 1.6.1 (26/29)...
2025-11-11 22:20:44,002 - UnicodeAnalyzer - INFO - -> Analizzando versione 2.0.0 (27/29)...
2025-11-11 22:20:44,078 - UnicodeAnalyzer - INFO - -> Analizzando versione 2.1.0 (28/29)...
2025-11-11 22:20:44,160 - UnicodeAnalyzer - INFO - -> Analizzando versione 2.1.1 (29/29)...
2025-11-11 22:20:44,236 - UnicodeAnalyzer - INFO - Esportando i risultati HUT per 'chardet' in CSV...
2025-11-11 22:20:44,282 - UnicodeAnalyzer - INFO - Report salvati in: /app/npm_hut_results/chardet
2025-11-11 22:20:44,283 - NPM_HUT_Analyzer - INFO - Pulizia cartella temporanea 'temp_hut/chardet'...
2025-11-11 22:20:44,312 - NPM_HUT_Analyzer - INFO - Pulizia completata.
