2025-11-11 17:38:46,829 - NPM_HUT_Analyzer - INFO - Recupero metadata per 'ipaddr.js'...
2025-11-11 17:38:46,918 - NPM_HUT_Analyzer - INFO - Trovate 35 versioni. Inizio download in 'temp_hut/ipaddr.js'...
2025-11-11 17:39:01,391 - UnicodeAnalyzer - INFO - Analizzando 35 versioni per '*.js' in 'ipaddr.js'.
2025-11-11 17:39:01,391 - UnicodeAnalyzer - INFO - -> Analizzando versione 0.1.0 (1/35)...
2025-11-11 17:39:01,468 - UnicodeAnalyzer - INFO - -> Analizzando versione 0.1.1 (2/35)...
2025-11-11 17:39:01,514 - UnicodeAnalyzer - INFO - -> Analizzando versione 0.1.2 (3/35)...
2025-11-11 17:39:01,558 - UnicodeAnalyzer - INFO - -> Analizzando versione 0.1.3 (4/35)...
2025-11-11 17:39:01,606 - UnicodeAnalyzer - INFO - -> Analizzando versione 0.1.4 (5/35)...
2025-11-11 17:39:01,659 - UnicodeAnalyzer - INFO - -> Analizzando versione 0.1.5 (6/35)...
2025-11-11 17:39:01,709 - UnicodeAnalyzer - INFO - -> Analizzando versione 0.1.6 (7/35)...
2025-11-11 17:39:01,761 - UnicodeAnalyzer - INFO - -> Analizzando versione 0.1.7 (8/35)...
2025-11-11 17:39:01,811 - UnicodeAnalyzer - INFO - -> Analizzando versione 0.1.8 (9/35)...
2025-11-11 17:39:01,861 - UnicodeAnalyzer - INFO - -> Analizzando versione 0.1.9 (10/35)...
2025-11-11 17:39:01,911 - UnicodeAnalyzer - INFO - -> Analizzando versione 1.0.0 (11/35)...
2025-11-11 17:39:01,961 - UnicodeAnalyzer - INFO - -> Analizzando versione 1.0.1 (12/35)...
2025-11-11 17:39:02,012 - UnicodeAnalyzer - INFO - -> Analizzando versione 1.0.3 (13/35)...
2025-11-11 17:39:02,062 - UnicodeAnalyzer - INFO - -> Analizzando versione 1.0.4 (14/35)...
2025-11-11 17:39:02,112 - UnicodeAnalyzer - INFO - -> Analizzando versione 1.0.5 (15/35)...
2025-11-11 17:39:02,163 - UnicodeAnalyzer - INFO - -> Analizzando versione 1.1.0 (16/35)...
2025-11-11 17:39:02,216 - UnicodeAnalyzer - INFO - -> Analizzando versione 1.1.1 (17/35)...
2025-11-11 17:39:02,265 - UnicodeAnalyzer - INFO - -> Analizzando versione 1.2.0 (18/35)...
2025-11-11 17:39:02,315 - UnicodeAnalyzer - INFO - -> Analizzando versione 1.3.0 (19/35)...
2025-11-11 17:39:02,366 - UnicodeAnalyzer - INFO - -> Analizzando versione 1.4.0 (20/35)...
2025-11-11 17:39:02,418 - UnicodeAnalyzer - INFO - -> Analizzando versione 1.5.0 (21/35)...
2025-11-11 17:39:02,469 - UnicodeAnalyzer - INFO - -> Analizzando versione 1.5.1 (22/35)...
2025-11-11 17:39:02,522 - UnicodeAnalyzer - INFO - -> Analizzando versione 1.5.2 (23/35)...
2025-11-11 17:39:02,573 - UnicodeAnalyzer - INFO - -> Analizzando versione 1.5.3 (24/35)...
2025-11-11 17:39:02,629 - UnicodeAnalyzer - INFO - -> Analizzando versione 1.5.4 (25/35)...
2025-11-11 17:39:02,680 - UnicodeAnalyzer - INFO - -> Analizzando versione 1.6.0 (26/35)...
2025-11-11 17:39:02,731 - UnicodeAnalyzer - INFO - -> Analizzando versione 1.7.0 (27/35)...
2025-11-11 17:39:02,781 - UnicodeAnalyzer - INFO - -> Analizzando versione 1.8.0 (28/35)...
2025-11-11 17:39:02,833 - UnicodeAnalyzer - INFO - -> Analizzando versione 1.8.1 (29/35)...
2025-11-11 17:39:02,883 - UnicodeAnalyzer - INFO - -> Analizzando versione 1.9.0 (30/35)...
2025-11-11 17:39:02,935 - UnicodeAnalyzer - INFO - -> Analizzando versione 1.9.1 (31/35)...
2025-11-11 17:39:02,986 - UnicodeAnalyzer - INFO - -> Analizzando versione 2.0.0 (32/35)...
2025-11-11 17:39:03,038 - UnicodeAnalyzer - INFO - -> Analizzando versione 2.0.1 (33/35)...
2025-11-11 17:39:03,090 - UnicodeAnalyzer - INFO - -> Analizzando versione 2.1.0 (34/35)...
2025-11-11 17:39:03,142 - UnicodeAnalyzer - INFO - -> Analizzando versione 2.2.0 (35/35)...
2025-11-11 17:39:03,199 - UnicodeAnalyzer - INFO - Esportando i risultati HUT per 'ipaddr.js' in CSV...
2025-11-11 17:39:03,239 - UnicodeAnalyzer - INFO - Report salvati in: /app/npm_hut_results/ipaddr.js
2025-11-11 17:39:03,239 - NPM_HUT_Analyzer - INFO - Pulizia cartella temporanea 'temp_hut/ipaddr.js'...
2025-11-11 17:39:03,250 - NPM_HUT_Analyzer - INFO - Pulizia completata.
