2025-11-13 19:05:36,310 - NPM_HUT_Analyzer - INFO - Recupero metadata per '@jest/source-map'...
2025-11-13 19:05:36,516 - NPM_HUT_Analyzer - INFO - Trovate 63 versioni. Inizio download in 'temp_hut/@jest_source-map'...
2025-11-13 19:06:36,469 - UnicodeAnalyzer - INFO - Analizzando 63 versioni per '*.js' in '@jest_source-map'.
2025-11-13 19:06:36,469 - UnicodeAnalyzer - INFO - -> Analizzando versione 24.2.0-alpha.0 (1/63)...
2025-11-13 19:06:36,471 - UnicodeAnalyzer - INFO - Filtrati 3 file (es. in /dist, /test).
2025-11-13 19:06:36,471 - UnicodeAnalyzer - INFO - -> Analizzando versione 24.3.0 (2/63)...
2025-11-13 19:06:36,472 - UnicodeAnalyzer - INFO - Filtrati 3 file (es. in /dist, /test).
2025-11-13 19:06:36,472 - UnicodeAnalyzer - INFO - -> Analizzando versione 24.9.0 (3/63)...
2025-11-13 19:06:36,474 - UnicodeAnalyzer - INFO - Filtrati 3 file (es. in /dist, /test).
2025-11-13 19:06:36,474 - UnicodeAnalyzer - INFO - -> Analizzando versione 25.0.0 (4/63)...
2025-11-13 19:06:36,475 - UnicodeAnalyzer - INFO - Filtrati 3 file (es. in /dist, /test).
2025-11-13 19:06:36,475 - UnicodeAnalyzer - INFO - -> Analizzando versione 25.1.0 (5/63)...
2025-11-13 19:06:36,476 - UnicodeAnalyzer - INFO - Filtrati 3 file (es. in /dist, /test).
2025-11-13 19:06:36,477 - UnicodeAnalyzer - INFO - -> Analizzando versione 25.2.0 (6/63)...
2025-11-13 19:06:36,478 - UnicodeAnalyzer - INFO - Filtrati 3 file (es. in /dist, /test).
2025-11-13 19:06:36,478 - UnicodeAnalyzer - INFO - -> Analizzando versione 25.2.0-alpha.86 (7/63)...
2025-11-13 19:06:36,479 - UnicodeAnalyzer - INFO - Filtrati 3 file (es. in /dist, /test).
2025-11-13 19:06:36,479 - UnicodeAnalyzer - INFO - -> Analizzando versione 25.2.1 (8/63)...
2025-11-13 19:06:36,480 - UnicodeAnalyzer - INFO - Filtrati 3 file (es. in /dist, /test).
2025-11-13 19:06:36,481 - UnicodeAnalyzer - INFO - -> Analizzando versione 25.2.1-alpha.1 (9/63)...
2025-11-13 19:06:36,482 - UnicodeAnalyzer - INFO - Filtrati 3 file (es. in /dist, /test).
2025-11-13 19:06:36,482 - UnicodeAnalyzer - INFO - -> Analizzando versione 25.2.1-alpha.2 (10/63)...
2025-11-13 19:06:36,484 - UnicodeAnalyzer - INFO - Filtrati 3 file (es. in /dist, /test).
2025-11-13 19:06:36,484 - UnicodeAnalyzer - INFO - -> Analizzando versione 25.2.6 (11/63)...
2025-11-13 19:06:36,485 - UnicodeAnalyzer - INFO - Filtrati 3 file (es. in /dist, /test).
2025-11-13 19:06:36,486 - UnicodeAnalyzer - INFO - -> Analizzando versione 25.5.0 (12/63)...
2025-11-13 19:06:36,487 - UnicodeAnalyzer - INFO - Filtrati 3 file (es. in /dist, /test).
2025-11-13 19:06:36,487 - UnicodeAnalyzer - INFO - -> Analizzando versione 26.0.0 (13/63)...
2025-11-13 19:06:36,488 - UnicodeAnalyzer - INFO - Filtrati 3 file (es. in /dist, /test).
2025-11-13 19:06:36,488 - UnicodeAnalyzer - INFO - -> Analizzando versione 26.0.0-alpha.0 (14/63)...
2025-11-13 19:06:36,490 - UnicodeAnalyzer - INFO - Filtrati 3 file (es. in /dist, /test).
2025-11-13 19:06:36,490 - UnicodeAnalyzer - INFO - -> Analizzando versione 26.0.0-alpha.1 (15/63)...
2025-11-13 19:06:36,491 - UnicodeAnalyzer - INFO - Filtrati 3 file (es. in /dist, /test).
2025-11-13 19:06:36,491 - UnicodeAnalyzer - INFO - -> Analizzando versione 26.1.0 (16/63)...
2025-11-13 19:06:36,492 - UnicodeAnalyzer - INFO - Filtrati 3 file (es. in /dist, /test).
2025-11-13 19:06:36,492 - UnicodeAnalyzer - INFO - -> Analizzando versione 26.3.0 (17/63)...
2025-11-13 19:06:36,493 - UnicodeAnalyzer - INFO - Filtrati 3 file (es. in /dist, /test).
2025-11-13 19:06:36,493 - UnicodeAnalyzer - INFO - -> Analizzando versione 26.5.0 (18/63)...
2025-11-13 19:06:36,494 - UnicodeAnalyzer - INFO - Filtrati 3 file (es. in /dist, /test).
2025-11-13 19:06:36,494 - UnicodeAnalyzer - INFO - -> Analizzando versione 26.6.2 (19/63)...
2025-11-13 19:06:36,495 - UnicodeAnalyzer - INFO - Filtrati 3 file (es. in /dist, /test).
2025-11-13 19:06:36,495 - UnicodeAnalyzer - INFO - -> Analizzando versione 27.0.0-next.0 (20/63)...
2025-11-13 19:06:36,496 - UnicodeAnalyzer - INFO - Filtrati 3 file (es. in /dist, /test).
2025-11-13 19:06:36,496 - UnicodeAnalyzer - INFO - -> Analizzando versione 27.0.0-next.3 (21/63)...
2025-11-13 19:06:36,497 - UnicodeAnalyzer - INFO - Filtrati 3 file (es. in /dist, /test).
2025-11-13 19:06:36,497 - UnicodeAnalyzer - INFO - -> Analizzando versione 27.0.1 (22/63)...
2025-11-13 19:06:36,498 - UnicodeAnalyzer - INFO - Filtrati 3 file (es. in /dist, /test).
2025-11-13 19:06:36,498 - UnicodeAnalyzer - INFO - -> Analizzando versione 27.0.6 (23/63)...
2025-11-13 19:06:36,498 - UnicodeAnalyzer - INFO - Filtrati 3 file (es. in /dist, /test).
2025-11-13 19:06:36,499 - UnicodeAnalyzer - INFO - -> Analizzando versione 27.4.0 (24/63)...
2025-11-13 19:06:36,499 - UnicodeAnalyzer - INFO - Filtrati 3 file (es. in /dist, /test).
2025-11-13 19:06:36,499 - UnicodeAnalyzer - INFO - -> Analizzando versione 27.5.0 (25/63)...
2025-11-13 19:06:36,500 - UnicodeAnalyzer - INFO - Filtrati 3 file (es. in /dist, /test).
2025-11-13 19:06:36,500 - UnicodeAnalyzer - INFO - -> Analizzando versione 27.5.1 (26/63)...
2025-11-13 19:06:36,500 - UnicodeAnalyzer - INFO - Filtrati 3 file (es. in /dist, /test).
2025-11-13 19:06:36,501 - UnicodeAnalyzer - INFO - -> Analizzando versione 28.0.0 (27/63)...
2025-11-13 19:06:36,501 - UnicodeAnalyzer - INFO - Filtrati 3 file (es. in /dist, /test).
2025-11-13 19:06:36,501 - UnicodeAnalyzer - INFO - -> Analizzando versione 28.0.0-alpha.0 (28/63)...
2025-11-13 19:06:36,502 - UnicodeAnalyzer - INFO - Filtrati 3 file (es. in /dist, /test).
2025-11-13 19:06:36,502 - UnicodeAnalyzer - INFO - -> Analizzando versione 28.0.0-alpha.10 (29/63)...
2025-11-13 19:06:36,502 - UnicodeAnalyzer - INFO - Filtrati 3 file (es. in /dist, /test).
2025-11-13 19:06:36,502 - UnicodeAnalyzer - INFO - -> Analizzando versione 28.0.0-alpha.11 (30/63)...
2025-11-13 19:06:36,503 - UnicodeAnalyzer - INFO - Filtrati 3 file (es. in /dist, /test).
2025-11-13 19:06:36,503 - UnicodeAnalyzer - INFO - -> Analizzando versione 28.0.0-alpha.3 (31/63)...
2025-11-13 19:06:36,504 - UnicodeAnalyzer - INFO - Filtrati 3 file (es. in /dist, /test).
2025-11-13 19:06:36,504 - UnicodeAnalyzer - INFO - -> Analizzando versione 28.0.0-alpha.6 (32/63)...
2025-11-13 19:06:36,504 - UnicodeAnalyzer - INFO - Filtrati 3 file (es. in /dist, /test).
2025-11-13 19:06:36,504 - UnicodeAnalyzer - INFO - -> Analizzando versione 28.0.0-alpha.9 (33/63)...
2025-11-13 19:06:36,505 - UnicodeAnalyzer - INFO - Filtrati 3 file (es. in /dist, /test).
2025-11-13 19:06:36,505 - UnicodeAnalyzer - INFO - -> Analizzando versione 28.0.2 (34/63)...
2025-11-13 19:06:36,505 - UnicodeAnalyzer - INFO - Filtrati 3 file (es. in /dist, /test).
2025-11-13 19:06:36,505 - UnicodeAnalyzer - INFO - -> Analizzando versione 28.1.2 (35/63)...
2025-11-13 19:06:36,506 - UnicodeAnalyzer - INFO - Filtrati 3 file (es. in /dist, /test).
2025-11-13 19:06:36,506 - UnicodeAnalyzer - INFO - -> Analizzando versione 29.0.0 (36/63)...
2025-11-13 19:06:36,506 - UnicodeAnalyzer - INFO - Filtrati 3 file (es. in /dist, /test).
2025-11-13 19:06:36,506 - UnicodeAnalyzer - INFO - -> Analizzando versione 29.0.0-alpha.0 (37/63)...
2025-11-13 19:06:36,507 - UnicodeAnalyzer - INFO - Filtrati 3 file (es. in /dist, /test).
2025-11-13 19:06:36,507 - UnicodeAnalyzer - INFO - -> Analizzando versione 29.0.0-alpha.1 (38/63)...
2025-11-13 19:06:36,507 - UnicodeAnalyzer - INFO - Filtrati 3 file (es. in /dist, /test).
2025-11-13 19:06:36,507 - UnicodeAnalyzer - INFO - -> Analizzando versione 29.0.0-alpha.2 (39/63)...
2025-11-13 19:06:36,508 - UnicodeAnalyzer - INFO - Filtrati 3 file (es. in /dist, /test).
2025-11-13 19:06:36,508 - UnicodeAnalyzer - INFO - -> Analizzando versione 29.0.0-alpha.3 (40/63)...
2025-11-13 19:06:36,508 - UnicodeAnalyzer - INFO - Filtrati 3 file (es. in /dist, /test).
2025-11-13 19:06:36,509 - UnicodeAnalyzer - INFO - -> Analizzando versione 29.0.0-alpha.5 (41/63)...
2025-11-13 19:06:36,509 - UnicodeAnalyzer - INFO - Filtrati 3 file (es. in /dist, /test).
2025-11-13 19:06:36,509 - UnicodeAnalyzer - INFO - -> Analizzando versione 29.0.0-alpha.6 (42/63)...
2025-11-13 19:06:36,509 - UnicodeAnalyzer - INFO - Filtrati 3 file (es. in /dist, /test).
2025-11-13 19:06:36,509 - UnicodeAnalyzer - INFO - -> Analizzando versione 29.2.0 (43/63)...
2025-11-13 19:06:36,510 - UnicodeAnalyzer - INFO - Filtrati 3 file (es. in /dist, /test).
2025-11-13 19:06:36,510 - UnicodeAnalyzer - INFO - -> Analizzando versione 29.4.2 (44/63)...
2025-11-13 19:06:36,510 - UnicodeAnalyzer - INFO - Filtrati 3 file (es. in /dist, /test).
2025-11-13 19:06:36,510 - UnicodeAnalyzer - INFO - -> Analizzando versione 29.4.3 (45/63)...
2025-11-13 19:06:36,511 - UnicodeAnalyzer - INFO - Filtrati 3 file (es. in /dist, /test).
2025-11-13 19:06:36,511 - UnicodeAnalyzer - INFO - -> Analizzando versione 29.6.0 (46/63)...
2025-11-13 19:06:36,511 - UnicodeAnalyzer - INFO - Filtrati 3 file (es. in /dist, /test).
2025-11-13 19:06:36,511 - UnicodeAnalyzer - INFO - -> Analizzando versione 29.6.3 (47/63)...
2025-11-13 19:06:36,512 - UnicodeAnalyzer - INFO - Filtrati 3 file (es. in /dist, /test).
2025-11-13 19:06:36,512 - UnicodeAnalyzer - INFO - -> Analizzando versione 30.0.0 (48/63)...
2025-11-13 19:06:36,512 - UnicodeAnalyzer - INFO - Filtrati 1 file (es. in /dist, /test).
2025-11-13 19:06:36,512 - UnicodeAnalyzer - INFO - -> Analizzando versione 30.0.0-alpha.0 (49/63)...
2025-11-13 19:06:36,513 - UnicodeAnalyzer - INFO - Filtrati 1 file (es. in /dist, /test).
2025-11-13 19:06:36,513 - UnicodeAnalyzer - INFO - -> Analizzando versione 30.0.0-alpha.1 (50/63)...
2025-11-13 19:06:36,513 - UnicodeAnalyzer - INFO - Filtrati 1 file (es. in /dist, /test).
2025-11-13 19:06:36,513 - UnicodeAnalyzer - INFO - -> Analizzando versione 30.0.0-alpha.2 (51/63)...
2025-11-13 19:06:36,513 - UnicodeAnalyzer - INFO - Filtrati 1 file (es. in /dist, /test).
2025-11-13 19:06:36,513 - UnicodeAnalyzer - INFO - -> Analizzando versione 30.0.0-alpha.3 (52/63)...
2025-11-13 19:06:36,514 - UnicodeAnalyzer - INFO - Filtrati 1 file (es. in /dist, /test).
2025-11-13 19:06:36,514 - UnicodeAnalyzer - INFO - -> Analizzando versione 30.0.0-alpha.4 (53/63)...
2025-11-13 19:06:36,514 - UnicodeAnalyzer - INFO - Filtrati 1 file (es. in /dist, /test).
2025-11-13 19:06:36,514 - UnicodeAnalyzer - INFO - -> Analizzando versione 30.0.0-alpha.5 (54/63)...
2025-11-13 19:06:36,514 - UnicodeAnalyzer - INFO - Filtrati 1 file (es. in /dist, /test).
2025-11-13 19:06:36,514 - UnicodeAnalyzer - INFO - -> Analizzando versione 30.0.0-alpha.6 (55/63)...
2025-11-13 19:06:36,515 - UnicodeAnalyzer - INFO - Filtrati 1 file (es. in /dist, /test).
2025-11-13 19:06:36,515 - UnicodeAnalyzer - INFO - -> Analizzando versione 30.0.0-alpha.7 (56/63)...
2025-11-13 19:06:36,515 - UnicodeAnalyzer - INFO - Filtrati 1 file (es. in /dist, /test).
2025-11-13 19:06:36,515 - UnicodeAnalyzer - INFO - -> Analizzando versione 30.0.0-beta.1 (57/63)...
2025-11-13 19:06:36,515 - UnicodeAnalyzer - INFO - Filtrati 1 file (es. in /dist, /test).
2025-11-13 19:06:36,515 - UnicodeAnalyzer - INFO - -> Analizzando versione 30.0.0-beta.3 (58/63)...
2025-11-13 19:06:36,515 - UnicodeAnalyzer - INFO - Filtrati 1 file (es. in /dist, /test).
2025-11-13 19:06:36,515 - UnicodeAnalyzer - INFO - -> Analizzando versione 30.0.0-beta.6 (59/63)...
2025-11-13 19:06:36,516 - UnicodeAnalyzer - INFO - Filtrati 1 file (es. in /dist, /test).
2025-11-13 19:06:36,516 - UnicodeAnalyzer - INFO - -> Analizzando versione 30.0.0-beta.7 (60/63)...
2025-11-13 19:06:36,516 - UnicodeAnalyzer - INFO - Filtrati 1 file (es. in /dist, /test).
2025-11-13 19:06:36,516 - UnicodeAnalyzer - INFO - -> Analizzando versione 30.0.0-beta.8 (61/63)...
2025-11-13 19:06:36,516 - UnicodeAnalyzer - INFO - Filtrati 1 file (es. in /dist, /test).
2025-11-13 19:06:36,516 - UnicodeAnalyzer - INFO - -> Analizzando versione 30.0.0-rc.1 (62/63)...
2025-11-13 19:06:36,517 - UnicodeAnalyzer - INFO - Filtrati 1 file (es. in /dist, /test).
2025-11-13 19:06:36,517 - UnicodeAnalyzer - INFO - -> Analizzando versione 30.0.1 (63/63)...
2025-11-13 19:06:36,517 - UnicodeAnalyzer - INFO - Filtrati 1 file (es. in /dist, /test).
2025-11-13 19:06:36,525 - UnicodeAnalyzer - INFO - Esportando i risultati HUT per '@jest/source-map' in CSV...
2025-11-13 19:06:36,525 - UnicodeAnalyzer - WARNING - Nessun file analizzato. I file CSV saranno vuoti.
2025-11-13 19:06:36,525 - NPM_HUT_Analyzer - INFO - Pulizia cartella temporanea 'temp_hut/@jest_source-map'...
2025-11-13 19:06:36,535 - NPM_HUT_Analyzer - INFO - Pulizia completata.
