2025-10-22 14:52:55,335 - NPM_Analyzer - INFO - Fetching metadata for 'qs'...
2025-10-22 14:52:55,528 - NPM_Analyzer - INFO - Found 115 versions. Starting download into 'temp/qs'...
2025-10-22 14:53:43,664 - BlankSpaceAnalyzer - INFO - Analyzing 115 versions for '*.js' in 'qs'.
2025-10-22 14:53:43,664 - BlankSpaceAnalyzer - INFO - -> Analyzing version 0.0.1 (1/115)...
2025-10-22 14:53:43,744 - BlankSpaceAnalyzer - INFO - -> Analyzing version 0.0.2 (2/115)...
2025-10-22 14:53:43,791 - BlankSpaceAnalyzer - INFO - -> Analyzing version 0.0.3 (3/115)...
2025-10-22 14:53:43,840 - BlankSpaceAnalyzer - INFO - -> Analyzing version 0.0.4 (4/115)...
2025-10-22 14:53:43,894 - BlankSpaceAnalyzer - INFO - -> Analyzing version 0.0.5 (5/115)...
2025-10-22 14:53:43,947 - BlankSpaceAnalyzer - INFO - -> Analyzing version 0.0.6 (6/115)...
2025-10-22 14:53:43,999 - BlankSpaceAnalyzer - INFO - -> Analyzing version 0.0.7 (7/115)...
2025-10-22 14:53:44,053 - BlankSpaceAnalyzer - INFO - -> Analyzing version 0.1.0 (8/115)...
2025-10-22 14:53:44,106 - BlankSpaceAnalyzer - INFO - -> Analyzing version 0.2.0 (9/115)...
2025-10-22 14:53:44,157 - BlankSpaceAnalyzer - INFO - -> Analyzing version 0.3.0 (10/115)...
2025-10-22 14:53:44,208 - BlankSpaceAnalyzer - INFO - -> Analyzing version 0.3.1 (11/115)...
2025-10-22 14:53:44,258 - BlankSpaceAnalyzer - INFO - -> Analyzing version 0.3.2 (12/115)...
2025-10-22 14:53:44,308 - BlankSpaceAnalyzer - INFO - -> Analyzing version 0.4.0 (13/115)...
2025-10-22 14:53:44,358 - BlankSpaceAnalyzer - INFO - -> Analyzing version 0.4.1 (14/115)...
2025-10-22 14:53:44,408 - BlankSpaceAnalyzer - INFO - -> Analyzing version 0.4.2 (15/115)...
2025-10-22 14:53:44,460 - BlankSpaceAnalyzer - INFO - -> Analyzing version 0.5.0 (16/115)...
2025-10-22 14:53:44,512 - BlankSpaceAnalyzer - INFO - -> Analyzing version 0.5.1 (17/115)...
2025-10-22 14:53:44,565 - BlankSpaceAnalyzer - INFO - -> Analyzing version 0.5.2 (18/115)...
2025-10-22 14:53:44,618 - BlankSpaceAnalyzer - INFO - -> Analyzing version 0.5.3 (19/115)...
2025-10-22 14:53:44,671 - BlankSpaceAnalyzer - INFO - -> Analyzing version 0.5.4 (20/115)...
2025-10-22 14:53:44,722 - BlankSpaceAnalyzer - INFO - -> Analyzing version 0.5.5 (21/115)...
2025-10-22 14:53:44,775 - BlankSpaceAnalyzer - INFO - -> Analyzing version 0.5.6 (22/115)...
2025-10-22 14:53:44,827 - BlankSpaceAnalyzer - INFO - -> Analyzing version 0.6.0 (23/115)...
2025-10-22 14:53:44,828 - BlankSpaceAnalyzer - INFO - -> Analyzing version 0.6.1 (24/115)...
2025-10-22 14:53:44,828 - BlankSpaceAnalyzer - INFO - -> Analyzing version 0.6.2 (25/115)...
2025-10-22 14:53:44,828 - BlankSpaceAnalyzer - INFO - -> Analyzing version 0.6.3 (26/115)...
2025-10-22 14:53:44,829 - BlankSpaceAnalyzer - INFO - -> Analyzing version 0.6.4 (27/115)...
2025-10-22 14:53:44,829 - BlankSpaceAnalyzer - INFO - -> Analyzing version 0.6.5 (28/115)...
2025-10-22 14:53:44,829 - BlankSpaceAnalyzer - INFO - -> Analyzing version 0.6.6 (29/115)...
2025-10-22 14:53:44,829 - BlankSpaceAnalyzer - INFO - -> Analyzing version 1.0.0 (30/115)...
2025-10-22 14:53:44,878 - BlankSpaceAnalyzer - INFO - -> Analyzing version 1.0.1 (31/115)...
2025-10-22 14:53:44,927 - BlankSpaceAnalyzer - INFO - -> Analyzing version 1.0.2 (32/115)...
2025-10-22 14:53:44,975 - BlankSpaceAnalyzer - INFO - -> Analyzing version 1.1.0 (33/115)...
2025-10-22 14:53:45,025 - BlankSpaceAnalyzer - INFO - -> Analyzing version 1.2.0 (34/115)...
2025-10-22 14:53:45,074 - BlankSpaceAnalyzer - INFO - -> Analyzing version 1.2.1 (35/115)...
2025-10-22 14:53:45,122 - BlankSpaceAnalyzer - INFO - -> Analyzing version 1.2.2 (36/115)...
2025-10-22 14:53:45,171 - BlankSpaceAnalyzer - INFO - -> Analyzing version 2.0.0 (37/115)...
2025-10-22 14:53:45,219 - BlankSpaceAnalyzer - INFO - -> Analyzing version 2.1.0 (38/115)...
2025-10-22 14:53:45,267 - BlankSpaceAnalyzer - INFO - -> Analyzing version 2.2.0 (39/115)...
2025-10-22 14:53:45,316 - BlankSpaceAnalyzer - INFO - -> Analyzing version 2.2.1 (40/115)...
2025-10-22 14:53:45,364 - BlankSpaceAnalyzer - INFO - -> Analyzing version 2.2.2 (41/115)...
2025-10-22 14:53:45,412 - BlankSpaceAnalyzer - INFO - -> Analyzing version 2.2.3 (42/115)...
2025-10-22 14:53:45,462 - BlankSpaceAnalyzer - INFO - -> Analyzing version 2.2.4 (43/115)...
2025-10-22 14:53:45,510 - BlankSpaceAnalyzer - INFO - -> Analyzing version 2.2.5 (44/115)...
2025-10-22 14:53:45,558 - BlankSpaceAnalyzer - INFO - -> Analyzing version 2.3.0 (45/115)...
2025-10-22 14:53:45,606 - BlankSpaceAnalyzer - INFO - -> Analyzing version 2.3.1 (46/115)...
2025-10-22 14:53:45,653 - BlankSpaceAnalyzer - INFO - -> Analyzing version 2.3.2 (47/115)...
2025-10-22 14:53:45,702 - BlankSpaceAnalyzer - INFO - -> Analyzing version 2.3.3 (48/115)...
2025-10-22 14:53:45,750 - BlankSpaceAnalyzer - INFO - -> Analyzing version 2.4.0 (49/115)...
2025-10-22 14:53:45,798 - BlankSpaceAnalyzer - INFO - -> Analyzing version 2.4.1 (50/115)...
2025-10-22 14:53:45,845 - BlankSpaceAnalyzer - INFO - -> Analyzing version 2.4.2 (51/115)...
2025-10-22 14:53:45,893 - BlankSpaceAnalyzer - INFO - -> Analyzing version 3.0.0 (52/115)...
2025-10-22 14:53:45,943 - BlankSpaceAnalyzer - INFO - -> Analyzing version 3.1.0 (53/115)...
2025-10-22 14:53:45,991 - BlankSpaceAnalyzer - INFO - -> Analyzing version 4.0.0 (54/115)...
2025-10-22 14:53:46,040 - BlankSpaceAnalyzer - INFO - -> Analyzing version 5.0.0 (55/115)...
2025-10-22 14:53:46,088 - BlankSpaceAnalyzer - INFO - -> Analyzing version 5.1.0 (56/115)...
2025-10-22 14:53:46,136 - BlankSpaceAnalyzer - INFO - -> Analyzing version 5.2.0 (57/115)...
2025-10-22 14:53:46,184 - BlankSpaceAnalyzer - INFO - -> Analyzing version 5.2.1 (58/115)...
2025-10-22 14:53:46,232 - BlankSpaceAnalyzer - INFO - -> Analyzing version 6.0.0 (59/115)...
2025-10-22 14:53:46,281 - BlankSpaceAnalyzer - INFO - -> Analyzing version 6.0.1 (60/115)...
2025-10-22 14:53:46,328 - BlankSpaceAnalyzer - INFO - -> Analyzing version 6.0.2 (61/115)...
2025-10-22 14:53:46,376 - BlankSpaceAnalyzer - INFO - -> Analyzing version 6.0.3 (62/115)...
2025-10-22 14:53:46,425 - BlankSpaceAnalyzer - INFO - -> Analyzing version 6.0.4 (63/115)...
2025-10-22 14:53:46,474 - BlankSpaceAnalyzer - INFO - -> Analyzing version 6.1.0 (64/115)...
2025-10-22 14:53:46,521 - BlankSpaceAnalyzer - INFO - -> Analyzing version 6.1.1 (65/115)...
2025-10-22 14:53:46,568 - BlankSpaceAnalyzer - INFO - -> Analyzing version 6.1.2 (66/115)...
2025-10-22 14:53:46,615 - BlankSpaceAnalyzer - INFO - -> Analyzing version 6.10.0 (67/115)...
2025-10-22 14:53:46,663 - BlankSpaceAnalyzer - INFO - -> Analyzing version 6.10.1 (68/115)...
2025-10-22 14:53:46,710 - BlankSpaceAnalyzer - INFO - -> Analyzing version 6.10.2 (69/115)...
2025-10-22 14:53:46,757 - BlankSpaceAnalyzer - INFO - -> Analyzing version 6.10.3 (70/115)...
2025-10-22 14:53:46,806 - BlankSpaceAnalyzer - INFO - -> Analyzing version 6.10.4 (71/115)...
2025-10-22 14:53:46,854 - BlankSpaceAnalyzer - INFO - -> Analyzing version 6.10.5 (72/115)...
2025-10-22 14:53:46,904 - BlankSpaceAnalyzer - INFO - -> Analyzing version 6.11.0 (73/115)...
2025-10-22 14:53:46,951 - BlankSpaceAnalyzer - INFO - -> Analyzing version 6.11.1 (74/115)...
2025-10-22 14:53:46,999 - BlankSpaceAnalyzer - INFO - -> Analyzing version 6.11.2 (75/115)...
2025-10-22 14:53:47,047 - BlankSpaceAnalyzer - INFO - -> Analyzing version 6.12.0 (76/115)...
2025-10-22 14:53:47,095 - BlankSpaceAnalyzer - INFO - -> Analyzing version 6.12.1 (77/115)...
2025-10-22 14:53:47,143 - BlankSpaceAnalyzer - INFO - -> Analyzing version 6.12.2 (78/115)...
2025-10-22 14:53:47,190 - BlankSpaceAnalyzer - INFO - -> Analyzing version 6.12.3 (79/115)...
2025-10-22 14:53:47,240 - BlankSpaceAnalyzer - INFO - -> Analyzing version 6.13.0 (80/115)...
2025-10-22 14:53:47,290 - BlankSpaceAnalyzer - INFO - -> Analyzing version 6.13.1 (81/115)...
2025-10-22 14:53:47,339 - BlankSpaceAnalyzer - INFO - -> Analyzing version 6.14.0 (82/115)...
2025-10-22 14:53:47,386 - BlankSpaceAnalyzer - INFO - -> Analyzing version 6.2.0 (83/115)...
2025-10-22 14:53:47,438 - BlankSpaceAnalyzer - INFO - -> Analyzing version 6.2.1 (84/115)...
2025-10-22 14:53:47,484 - BlankSpaceAnalyzer - INFO - -> Analyzing version 6.2.2 (85/115)...
2025-10-22 14:53:47,534 - BlankSpaceAnalyzer - INFO - -> Analyzing version 6.2.3 (86/115)...
2025-10-22 14:53:47,580 - BlankSpaceAnalyzer - INFO - -> Analyzing version 6.2.4 (87/115)...
2025-10-22 14:53:47,626 - BlankSpaceAnalyzer - INFO - -> Analyzing version 6.3.0 (88/115)...
2025-10-22 14:53:47,673 - BlankSpaceAnalyzer - INFO - -> Analyzing version 6.3.1 (89/115)...
2025-10-22 14:53:47,720 - BlankSpaceAnalyzer - INFO - -> Analyzing version 6.3.2 (90/115)...
2025-10-22 14:53:47,769 - BlankSpaceAnalyzer - INFO - -> Analyzing version 6.3.3 (91/115)...
2025-10-22 14:53:47,815 - BlankSpaceAnalyzer - INFO - -> Analyzing version 6.4.0 (92/115)...
2025-10-22 14:53:47,861 - BlankSpaceAnalyzer - INFO - -> Analyzing version 6.4.1 (93/115)...
2025-10-22 14:53:47,908 - BlankSpaceAnalyzer - INFO - -> Analyzing version 6.5.0 (94/115)...
2025-10-22 14:53:47,955 - BlankSpaceAnalyzer - INFO - -> Analyzing version 6.5.1 (95/115)...
2025-10-22 14:53:48,002 - BlankSpaceAnalyzer - INFO - -> Analyzing version 6.5.2 (96/115)...
2025-10-22 14:53:48,049 - BlankSpaceAnalyzer - INFO - -> Analyzing version 6.5.3 (97/115)...
2025-10-22 14:53:48,095 - BlankSpaceAnalyzer - INFO - -> Analyzing version 6.6.0 (98/115)...
2025-10-22 14:53:48,142 - BlankSpaceAnalyzer - INFO - -> Analyzing version 6.6.1 (99/115)...
2025-10-22 14:53:48,189 - BlankSpaceAnalyzer - INFO - -> Analyzing version 6.7.0 (100/115)...
2025-10-22 14:53:48,236 - BlankSpaceAnalyzer - INFO - -> Analyzing version 6.7.1 (101/115)...
2025-10-22 14:53:48,283 - BlankSpaceAnalyzer - INFO - -> Analyzing version 6.7.2 (102/115)...
2025-10-22 14:53:48,331 - BlankSpaceAnalyzer - INFO - -> Analyzing version 6.7.3 (103/115)...
2025-10-22 14:53:48,379 - BlankSpaceAnalyzer - INFO - -> Analyzing version 6.8.0 (104/115)...
2025-10-22 14:53:48,425 - BlankSpaceAnalyzer - INFO - -> Analyzing version 6.8.1 (105/115)...
2025-10-22 14:53:48,472 - BlankSpaceAnalyzer - INFO - -> Analyzing version 6.8.2 (106/115)...
2025-10-22 14:53:48,518 - BlankSpaceAnalyzer - INFO - -> Analyzing version 6.8.3 (107/115)...
2025-10-22 14:53:48,565 - BlankSpaceAnalyzer - INFO - -> Analyzing version 6.9.0 (108/115)...
2025-10-22 14:53:48,611 - BlankSpaceAnalyzer - INFO - -> Analyzing version 6.9.1 (109/115)...
2025-10-22 14:53:48,657 - BlankSpaceAnalyzer - INFO - -> Analyzing version 6.9.2 (110/115)...
2025-10-22 14:53:48,704 - BlankSpaceAnalyzer - INFO - -> Analyzing version 6.9.3 (111/115)...
2025-10-22 14:53:48,751 - BlankSpaceAnalyzer - INFO - -> Analyzing version 6.9.4 (112/115)...
2025-10-22 14:53:48,797 - BlankSpaceAnalyzer - INFO - -> Analyzing version 6.9.5 (113/115)...
2025-10-22 14:53:48,844 - BlankSpaceAnalyzer - INFO - -> Analyzing version 6.9.6 (114/115)...
2025-10-22 14:53:48,891 - BlankSpaceAnalyzer - INFO - -> Analyzing version 6.9.7 (115/115)...
2025-10-22 14:53:48,938 - BlankSpaceAnalyzer - INFO - Exporting results for 'qs' to CSV...
2025-10-22 14:53:49,052 - BlankSpaceAnalyzer - INFO - Reports saved in: /app/npm_results/qs
2025-10-22 14:53:49,052 - NPM_Analyzer - INFO - Cleaning temporary folder 'temp/qs'...
2025-10-22 14:53:49,112 - NPM_Analyzer - INFO - Cleanup completed.
