2025-11-13 08:16:29,624 - NPM_HUT_Analyzer - INFO - Recupero metadata per '@jest/core'...
2025-11-13 08:16:29,892 - NPM_HUT_Analyzer - INFO - Trovate 165 versioni. Inizio download in 'temp_hut/@jest_core'...
2025-11-13 08:19:27,192 - UnicodeAnalyzer - INFO - Analizzando 165 versioni per '*.js' in '@jest_core'.
2025-11-13 08:19:27,192 - UnicodeAnalyzer - INFO - -> Analizzando versione 24.2.0-alpha.0 (1/165)...
2025-11-13 08:19:27,195 - UnicodeAnalyzer - INFO - Filtrati 36 file (es. in /dist, /test).
2025-11-13 08:19:27,195 - UnicodeAnalyzer - INFO - -> Analizzando versione 24.3.0 (2/165)...
2025-11-13 08:19:27,198 - UnicodeAnalyzer - INFO - Filtrati 36 file (es. in /dist, /test).
2025-11-13 08:19:27,198 - UnicodeAnalyzer - INFO - -> Analizzando versione 24.3.1 (3/165)...
2025-11-13 08:19:27,201 - UnicodeAnalyzer - INFO - Filtrati 36 file (es. in /dist, /test).
2025-11-13 08:19:27,201 - UnicodeAnalyzer - INFO - -> Analizzando versione 24.4.0 (4/165)...
2025-11-13 08:19:27,204 - UnicodeAnalyzer - INFO - Filtrati 36 file (es. in /dist, /test).
2025-11-13 08:19:27,204 - UnicodeAnalyzer - INFO - -> Analizzando versione 24.5.0 (5/165)...
2025-11-13 08:19:27,207 - UnicodeAnalyzer - INFO - Filtrati 36 file (es. in /dist, /test).
2025-11-13 08:19:27,207 - UnicodeAnalyzer - INFO - -> Analizzando versione 24.6.0 (6/165)...
2025-11-13 08:19:27,210 - UnicodeAnalyzer - INFO - Filtrati 36 file (es. in /dist, /test).
2025-11-13 08:19:27,210 - UnicodeAnalyzer - INFO - -> Analizzando versione 24.7.0 (7/165)...
2025-11-13 08:19:27,212 - UnicodeAnalyzer - INFO - Filtrati 35 file (es. in /dist, /test).
2025-11-13 08:19:27,212 - UnicodeAnalyzer - INFO - -> Analizzando versione 24.7.1 (8/165)...
2025-11-13 08:19:27,215 - UnicodeAnalyzer - INFO - Filtrati 35 file (es. in /dist, /test).
2025-11-13 08:19:27,215 - UnicodeAnalyzer - INFO - -> Analizzando versione 24.8.0 (9/165)...
2025-11-13 08:19:27,217 - UnicodeAnalyzer - INFO - Filtrati 35 file (es. in /dist, /test).
2025-11-13 08:19:27,217 - UnicodeAnalyzer - INFO - -> Analizzando versione 24.9.0 (10/165)...
2025-11-13 08:19:27,219 - UnicodeAnalyzer - INFO - Filtrati 37 file (es. in /dist, /test).
2025-11-13 08:19:27,219 - UnicodeAnalyzer - INFO - -> Analizzando versione 25.0.0 (11/165)...
2025-11-13 08:19:27,221 - UnicodeAnalyzer - INFO - Filtrati 37 file (es. in /dist, /test).
2025-11-13 08:19:27,221 - UnicodeAnalyzer - INFO - -> Analizzando versione 25.1.0 (12/165)...
2025-11-13 08:19:27,222 - UnicodeAnalyzer - INFO - Filtrati 37 file (es. in /dist, /test).
2025-11-13 08:19:27,223 - UnicodeAnalyzer - INFO - -> Analizzando versione 25.2.0 (13/165)...
2025-11-13 08:19:27,224 - UnicodeAnalyzer - INFO - Filtrati 37 file (es. in /dist, /test).
2025-11-13 08:19:27,224 - UnicodeAnalyzer - INFO - -> Analizzando versione 25.2.0-alpha.86 (14/165)...
2025-11-13 08:19:27,226 - UnicodeAnalyzer - INFO - Filtrati 37 file (es. in /dist, /test).
2025-11-13 08:19:27,226 - UnicodeAnalyzer - INFO - -> Analizzando versione 25.2.1 (15/165)...
2025-11-13 08:19:27,228 - UnicodeAnalyzer - INFO - Filtrati 37 file (es. in /dist, /test).
2025-11-13 08:19:27,228 - UnicodeAnalyzer - INFO - -> Analizzando versione 25.2.1-alpha.1 (16/165)...
2025-11-13 08:19:27,230 - UnicodeAnalyzer - INFO - Filtrati 37 file (es. in /dist, /test).
2025-11-13 08:19:27,230 - UnicodeAnalyzer - INFO - -> Analizzando versione 25.2.1-alpha.2 (17/165)...
2025-11-13 08:19:27,232 - UnicodeAnalyzer - INFO - Filtrati 37 file (es. in /dist, /test).
2025-11-13 08:19:27,232 - UnicodeAnalyzer - INFO - -> Analizzando versione 25.2.2 (18/165)...
2025-11-13 08:19:27,233 - UnicodeAnalyzer - INFO - Filtrati 37 file (es. in /dist, /test).
2025-11-13 08:19:27,233 - UnicodeAnalyzer - INFO - -> Analizzando versione 25.2.3 (19/165)...
2025-11-13 08:19:27,235 - UnicodeAnalyzer - INFO - Filtrati 37 file (es. in /dist, /test).
2025-11-13 08:19:27,235 - UnicodeAnalyzer - INFO - -> Analizzando versione 25.2.4 (20/165)...
2025-11-13 08:19:27,236 - UnicodeAnalyzer - INFO - Filtrati 37 file (es. in /dist, /test).
2025-11-13 08:19:27,236 - UnicodeAnalyzer - INFO - -> Analizzando versione 25.2.6 (21/165)...
2025-11-13 08:19:27,238 - UnicodeAnalyzer - INFO - Filtrati 37 file (es. in /dist, /test).
2025-11-13 08:19:27,238 - UnicodeAnalyzer - INFO - -> Analizzando versione 25.2.7 (22/165)...
2025-11-13 08:19:27,239 - UnicodeAnalyzer - INFO - Filtrati 37 file (es. in /dist, /test).
2025-11-13 08:19:27,239 - UnicodeAnalyzer - INFO - -> Analizzando versione 25.3.0 (23/165)...
2025-11-13 08:19:27,241 - UnicodeAnalyzer - INFO - Filtrati 37 file (es. in /dist, /test).
2025-11-13 08:19:27,241 - UnicodeAnalyzer - INFO - -> Analizzando versione 25.4.0 (24/165)...
2025-11-13 08:19:27,242 - UnicodeAnalyzer - INFO - Filtrati 37 file (es. in /dist, /test).
2025-11-13 08:19:27,242 - UnicodeAnalyzer - INFO - -> Analizzando versione 25.5.0 (25/165)...
2025-11-13 08:19:27,243 - UnicodeAnalyzer - INFO - Filtrati 37 file (es. in /dist, /test).
2025-11-13 08:19:27,243 - UnicodeAnalyzer - INFO - -> Analizzando versione 25.5.1 (26/165)...
2025-11-13 08:19:27,245 - UnicodeAnalyzer - INFO - Filtrati 37 file (es. in /dist, /test).
2025-11-13 08:19:27,245 - UnicodeAnalyzer - INFO - -> Analizzando versione 25.5.2 (27/165)...
2025-11-13 08:19:27,246 - UnicodeAnalyzer - INFO - Filtrati 37 file (es. in /dist, /test).
2025-11-13 08:19:27,246 - UnicodeAnalyzer - INFO - -> Analizzando versione 25.5.3 (28/165)...
2025-11-13 08:19:27,247 - UnicodeAnalyzer - INFO - Filtrati 37 file (es. in /dist, /test).
2025-11-13 08:19:27,247 - UnicodeAnalyzer - INFO - -> Analizzando versione 25.5.4 (29/165)...
2025-11-13 08:19:27,249 - UnicodeAnalyzer - INFO - Filtrati 37 file (es. in /dist, /test).
2025-11-13 08:19:27,249 - UnicodeAnalyzer - INFO - -> Analizzando versione 26.0.0 (30/165)...
2025-11-13 08:19:27,250 - UnicodeAnalyzer - INFO - Filtrati 37 file (es. in /dist, /test).
2025-11-13 08:19:27,250 - UnicodeAnalyzer - INFO - -> Analizzando versione 26.0.0-alpha.0 (31/165)...
2025-11-13 08:19:27,251 - UnicodeAnalyzer - INFO - Filtrati 37 file (es. in /dist, /test).
2025-11-13 08:19:27,251 - UnicodeAnalyzer - INFO - -> Analizzando versione 26.0.0-alpha.1 (32/165)...
2025-11-13 08:19:27,252 - UnicodeAnalyzer - INFO - Filtrati 37 file (es. in /dist, /test).
2025-11-13 08:19:27,252 - UnicodeAnalyzer - INFO - -> Analizzando versione 26.0.0-alpha.2 (33/165)...
2025-11-13 08:19:27,253 - UnicodeAnalyzer - INFO - Filtrati 37 file (es. in /dist, /test).
2025-11-13 08:19:27,253 - UnicodeAnalyzer - INFO - -> Analizzando versione 26.0.1 (34/165)...
2025-11-13 08:19:27,254 - UnicodeAnalyzer - INFO - Filtrati 37 file (es. in /dist, /test).
2025-11-13 08:19:27,254 - UnicodeAnalyzer - INFO - -> Analizzando versione 26.0.1-alpha.0 (35/165)...
2025-11-13 08:19:27,256 - UnicodeAnalyzer - INFO - Filtrati 37 file (es. in /dist, /test).
2025-11-13 08:19:27,256 - UnicodeAnalyzer - INFO - -> Analizzando versione 26.1.0 (36/165)...
2025-11-13 08:19:27,257 - UnicodeAnalyzer - INFO - Filtrati 41 file (es. in /dist, /test).
2025-11-13 08:19:27,257 - UnicodeAnalyzer - INFO - -> Analizzando versione 26.2.0 (37/165)...
2025-11-13 08:19:27,258 - UnicodeAnalyzer - INFO - Filtrati 41 file (es. in /dist, /test).
2025-11-13 08:19:27,258 - UnicodeAnalyzer - INFO - -> Analizzando versione 26.2.1 (38/165)...
2025-11-13 08:19:27,260 - UnicodeAnalyzer - INFO - Filtrati 41 file (es. in /dist, /test).
2025-11-13 08:19:27,260 - UnicodeAnalyzer - INFO - -> Analizzando versione 26.2.2 (39/165)...
2025-11-13 08:19:27,261 - UnicodeAnalyzer - INFO - Filtrati 41 file (es. in /dist, /test).
2025-11-13 08:19:27,261 - UnicodeAnalyzer - INFO - -> Analizzando versione 26.3.0 (40/165)...
2025-11-13 08:19:27,262 - UnicodeAnalyzer - INFO - Filtrati 41 file (es. in /dist, /test).
2025-11-13 08:19:27,262 - UnicodeAnalyzer - INFO - -> Analizzando versione 26.4.0 (41/165)...
2025-11-13 08:19:27,263 - UnicodeAnalyzer - INFO - Filtrati 41 file (es. in /dist, /test).
2025-11-13 08:19:27,263 - UnicodeAnalyzer - INFO - -> Analizzando versione 26.4.1 (42/165)...
2025-11-13 08:19:27,265 - UnicodeAnalyzer - INFO - Filtrati 41 file (es. in /dist, /test).
2025-11-13 08:19:27,265 - UnicodeAnalyzer - INFO - -> Analizzando versione 26.4.2 (43/165)...
2025-11-13 08:19:27,266 - UnicodeAnalyzer - INFO - Filtrati 41 file (es. in /dist, /test).
2025-11-13 08:19:27,266 - UnicodeAnalyzer - INFO - -> Analizzando versione 26.5.0 (44/165)...
2025-11-13 08:19:27,267 - UnicodeAnalyzer - INFO - Filtrati 41 file (es. in /dist, /test).
2025-11-13 08:19:27,267 - UnicodeAnalyzer - INFO - -> Analizzando versione 26.5.2 (45/165)...
2025-11-13 08:19:27,269 - UnicodeAnalyzer - INFO - Filtrati 41 file (es. in /dist, /test).
2025-11-13 08:19:27,269 - UnicodeAnalyzer - INFO - -> Analizzando versione 26.5.3 (46/165)...
2025-11-13 08:19:27,270 - UnicodeAnalyzer - INFO - Filtrati 41 file (es. in /dist, /test).
2025-11-13 08:19:27,270 - UnicodeAnalyzer - INFO - -> Analizzando versione 26.6.0 (47/165)...
2025-11-13 08:19:27,271 - UnicodeAnalyzer - INFO - Filtrati 41 file (es. in /dist, /test).
2025-11-13 08:19:27,271 - UnicodeAnalyzer - INFO - -> Analizzando versione 26.6.1 (48/165)...
2025-11-13 08:19:27,272 - UnicodeAnalyzer - INFO - Filtrati 41 file (es. in /dist, /test).
2025-11-13 08:19:27,272 - UnicodeAnalyzer - INFO - -> Analizzando versione 26.6.2 (49/165)...
2025-11-13 08:19:27,274 - UnicodeAnalyzer - INFO - Filtrati 41 file (es. in /dist, /test).
2025-11-13 08:19:27,274 - UnicodeAnalyzer - INFO - -> Analizzando versione 26.6.3 (50/165)...
2025-11-13 08:19:27,275 - UnicodeAnalyzer - INFO - Filtrati 41 file (es. in /dist, /test).
2025-11-13 08:19:27,275 - UnicodeAnalyzer - INFO - -> Analizzando versione 27.0.0 (51/165)...
2025-11-13 08:19:27,276 - UnicodeAnalyzer - INFO - Filtrati 43 file (es. in /dist, /test).
2025-11-13 08:19:27,276 - UnicodeAnalyzer - INFO - -> Analizzando versione 27.0.0-next.0 (52/165)...
2025-11-13 08:19:27,278 - UnicodeAnalyzer - INFO - Filtrati 41 file (es. in /dist, /test).
2025-11-13 08:19:27,278 - UnicodeAnalyzer - INFO - -> Analizzando versione 27.0.0-next.1 (53/165)...
2025-11-13 08:19:27,279 - UnicodeAnalyzer - INFO - Filtrati 41 file (es. in /dist, /test).
2025-11-13 08:19:27,279 - UnicodeAnalyzer - INFO - -> Analizzando versione 27.0.0-next.10 (54/165)...
2025-11-13 08:19:27,280 - UnicodeAnalyzer - INFO - Filtrati 43 file (es. in /dist, /test).
2025-11-13 08:19:27,280 - UnicodeAnalyzer - INFO - -> Analizzando versione 27.0.0-next.11 (55/165)...
2025-11-13 08:19:27,282 - UnicodeAnalyzer - INFO - Filtrati 43 file (es. in /dist, /test).
2025-11-13 08:19:27,282 - UnicodeAnalyzer - INFO - -> Analizzando versione 27.0.0-next.2 (56/165)...
2025-11-13 08:19:27,283 - UnicodeAnalyzer - INFO - Filtrati 41 file (es. in /dist, /test).
2025-11-13 08:19:27,283 - UnicodeAnalyzer - INFO - -> Analizzando versione 27.0.0-next.3 (57/165)...
2025-11-13 08:19:27,284 - UnicodeAnalyzer - INFO - Filtrati 43 file (es. in /dist, /test).
2025-11-13 08:19:27,284 - UnicodeAnalyzer - INFO - -> Analizzando versione 27.0.0-next.4 (58/165)...
2025-11-13 08:19:27,285 - UnicodeAnalyzer - INFO - Filtrati 43 file (es. in /dist, /test).
2025-11-13 08:19:27,286 - UnicodeAnalyzer - INFO - -> Analizzando versione 27.0.0-next.5 (59/165)...
2025-11-13 08:19:27,287 - UnicodeAnalyzer - INFO - Filtrati 43 file (es. in /dist, /test).
2025-11-13 08:19:27,287 - UnicodeAnalyzer - INFO - -> Analizzando versione 27.0.0-next.6 (60/165)...
2025-11-13 08:19:27,288 - UnicodeAnalyzer - INFO - Filtrati 43 file (es. in /dist, /test).
2025-11-13 08:19:27,288 - UnicodeAnalyzer - INFO - -> Analizzando versione 27.0.0-next.7 (61/165)...
2025-11-13 08:19:27,289 - UnicodeAnalyzer - INFO - Filtrati 43 file (es. in /dist, /test).
2025-11-13 08:19:27,290 - UnicodeAnalyzer - INFO - -> Analizzando versione 27.0.0-next.8 (62/165)...
2025-11-13 08:19:27,291 - UnicodeAnalyzer - INFO - Filtrati 43 file (es. in /dist, /test).
2025-11-13 08:19:27,291 - UnicodeAnalyzer - INFO - -> Analizzando versione 27.0.0-next.9 (63/165)...
2025-11-13 08:19:27,292 - UnicodeAnalyzer - INFO - Filtrati 43 file (es. in /dist, /test).
2025-11-13 08:19:27,292 - UnicodeAnalyzer - INFO - -> Analizzando versione 27.0.1 (64/165)...
2025-11-13 08:19:27,293 - UnicodeAnalyzer - INFO - Filtrati 43 file (es. in /dist, /test).
2025-11-13 08:19:27,294 - UnicodeAnalyzer - INFO - -> Analizzando versione 27.0.2 (65/165)...
2025-11-13 08:19:27,295 - UnicodeAnalyzer - INFO - Filtrati 43 file (es. in /dist, /test).
2025-11-13 08:19:27,295 - UnicodeAnalyzer - INFO - -> Analizzando versione 27.0.3 (66/165)...
2025-11-13 08:19:27,296 - UnicodeAnalyzer - INFO - Filtrati 43 file (es. in /dist, /test).
2025-11-13 08:19:27,296 - UnicodeAnalyzer - INFO - -> Analizzando versione 27.0.4 (67/165)...
2025-11-13 08:19:27,297 - UnicodeAnalyzer - INFO - Filtrati 43 file (es. in /dist, /test).
2025-11-13 08:19:27,298 - UnicodeAnalyzer - INFO - -> Analizzando versione 27.0.5 (68/165)...
2025-11-13 08:19:27,299 - UnicodeAnalyzer - INFO - Filtrati 43 file (es. in /dist, /test).
2025-11-13 08:19:27,299 - UnicodeAnalyzer - INFO - -> Analizzando versione 27.0.6 (69/165)...
2025-11-13 08:19:27,300 - UnicodeAnalyzer - INFO - Filtrati 43 file (es. in /dist, /test).
2025-11-13 08:19:27,300 - UnicodeAnalyzer - INFO - -> Analizzando versione 27.1.0 (70/165)...
2025-11-13 08:19:27,301 - UnicodeAnalyzer - INFO - Filtrati 43 file (es. in /dist, /test).
2025-11-13 08:19:27,302 - UnicodeAnalyzer - INFO - -> Analizzando versione 27.1.1 (71/165)...
2025-11-13 08:19:27,303 - UnicodeAnalyzer - INFO - Filtrati 43 file (es. in /dist, /test).
2025-11-13 08:19:27,303 - UnicodeAnalyzer - INFO - -> Analizzando versione 27.2.0 (72/165)...
2025-11-13 08:19:27,304 - UnicodeAnalyzer - INFO - Filtrati 43 file (es. in /dist, /test).
2025-11-13 08:19:27,304 - UnicodeAnalyzer - INFO - -> Analizzando versione 27.2.1 (73/165)...
2025-11-13 08:19:27,306 - UnicodeAnalyzer - INFO - Filtrati 43 file (es. in /dist, /test).
2025-11-13 08:19:27,306 - UnicodeAnalyzer - INFO - -> Analizzando versione 27.2.2 (74/165)...
2025-11-13 08:19:27,307 - UnicodeAnalyzer - INFO - Filtrati 43 file (es. in /dist, /test).
2025-11-13 08:19:27,307 - UnicodeAnalyzer - INFO - -> Analizzando versione 27.2.3 (75/165)...
2025-11-13 08:19:27,308 - UnicodeAnalyzer - INFO - Filtrati 43 file (es. in /dist, /test).
2025-11-13 08:19:27,308 - UnicodeAnalyzer - INFO - -> Analizzando versione 27.2.4 (76/165)...
2025-11-13 08:19:27,310 - UnicodeAnalyzer - INFO - Filtrati 43 file (es. in /dist, /test).
2025-11-13 08:19:27,310 - UnicodeAnalyzer - INFO - -> Analizzando versione 27.2.5 (77/165)...
2025-11-13 08:19:27,311 - UnicodeAnalyzer - INFO - Filtrati 43 file (es. in /dist, /test).
2025-11-13 08:19:27,311 - UnicodeAnalyzer - INFO - -> Analizzando versione 27.3.0 (78/165)...
2025-11-13 08:19:27,312 - UnicodeAnalyzer - INFO - Filtrati 43 file (es. in /dist, /test).
2025-11-13 08:19:27,312 - UnicodeAnalyzer - INFO - -> Analizzando versione 27.3.1 (79/165)...
2025-11-13 08:19:27,314 - UnicodeAnalyzer - INFO - Filtrati 43 file (es. in /dist, /test).
2025-11-13 08:19:27,314 - UnicodeAnalyzer - INFO - -> Analizzando versione 27.4.0 (80/165)...
2025-11-13 08:19:27,315 - UnicodeAnalyzer - INFO - Filtrati 43 file (es. in /dist, /test).
2025-11-13 08:19:27,315 - UnicodeAnalyzer - INFO - -> Analizzando versione 27.4.1 (81/165)...
2025-11-13 08:19:27,316 - UnicodeAnalyzer - INFO - Filtrati 43 file (es. in /dist, /test).
2025-11-13 08:19:27,316 - UnicodeAnalyzer - INFO - -> Analizzando versione 27.4.2 (82/165)...
2025-11-13 08:19:27,317 - UnicodeAnalyzer - INFO - Filtrati 43 file (es. in /dist, /test).
2025-11-13 08:19:27,318 - UnicodeAnalyzer - INFO - -> Analizzando versione 27.4.3 (83/165)...
2025-11-13 08:19:27,319 - UnicodeAnalyzer - INFO - Filtrati 43 file (es. in /dist, /test).
2025-11-13 08:19:27,319 - UnicodeAnalyzer - INFO - -> Analizzando versione 27.4.4 (84/165)...
2025-11-13 08:19:27,320 - UnicodeAnalyzer - INFO - Filtrati 43 file (es. in /dist, /test).
2025-11-13 08:19:27,320 - UnicodeAnalyzer - INFO - -> Analizzando versione 27.4.5 (85/165)...
2025-11-13 08:19:27,322 - UnicodeAnalyzer - INFO - Filtrati 43 file (es. in /dist, /test).
2025-11-13 08:19:27,322 - UnicodeAnalyzer - INFO - -> Analizzando versione 27.4.6 (86/165)...
2025-11-13 08:19:27,323 - UnicodeAnalyzer - INFO - Filtrati 43 file (es. in /dist, /test).
2025-11-13 08:19:27,323 - UnicodeAnalyzer - INFO - -> Analizzando versione 27.4.7 (87/165)...
2025-11-13 08:19:27,324 - UnicodeAnalyzer - INFO - Filtrati 43 file (es. in /dist, /test).
2025-11-13 08:19:27,324 - UnicodeAnalyzer - INFO - -> Analizzando versione 27.5.0 (88/165)...
2025-11-13 08:19:27,326 - UnicodeAnalyzer - INFO - Filtrati 43 file (es. in /dist, /test).
2025-11-13 08:19:27,326 - UnicodeAnalyzer - INFO - -> Analizzando versione 27.5.1 (89/165)...
2025-11-13 08:19:27,327 - UnicodeAnalyzer - INFO - Filtrati 43 file (es. in /dist, /test).
2025-11-13 08:19:27,327 - UnicodeAnalyzer - INFO - -> Analizzando versione 28.0.0 (90/165)...
2025-11-13 08:19:27,328 - UnicodeAnalyzer - INFO - Filtrati 42 file (es. in /dist, /test).
2025-11-13 08:19:27,328 - UnicodeAnalyzer - INFO - -> Analizzando versione 28.0.0-alpha.0 (91/165)...
2025-11-13 08:19:27,329 - UnicodeAnalyzer - INFO - Filtrati 43 file (es. in /dist, /test).
2025-11-13 08:19:27,330 - UnicodeAnalyzer - INFO - -> Analizzando versione 28.0.0-alpha.1 (92/165)...
2025-11-13 08:19:27,331 - UnicodeAnalyzer - INFO - Filtrati 43 file (es. in /dist, /test).
2025-11-13 08:19:27,331 - UnicodeAnalyzer - INFO - -> Analizzando versione 28.0.0-alpha.10 (93/165)...
2025-11-13 08:19:27,332 - UnicodeAnalyzer - INFO - Filtrati 42 file (es. in /dist, /test).
2025-11-13 08:19:27,332 - UnicodeAnalyzer - INFO - -> Analizzando versione 28.0.0-alpha.11 (94/165)...
2025-11-13 08:19:27,333 - UnicodeAnalyzer - INFO - Filtrati 42 file (es. in /dist, /test).
2025-11-13 08:19:27,333 - UnicodeAnalyzer - INFO - -> Analizzando versione 28.0.0-alpha.2 (95/165)...
2025-11-13 08:19:27,334 - UnicodeAnalyzer - INFO - Filtrati 43 file (es. in /dist, /test).
2025-11-13 08:19:27,335 - UnicodeAnalyzer - INFO - -> Analizzando versione 28.0.0-alpha.3 (96/165)...
2025-11-13 08:19:27,336 - UnicodeAnalyzer - INFO - Filtrati 43 file (es. in /dist, /test).
2025-11-13 08:19:27,336 - UnicodeAnalyzer - INFO - -> Analizzando versione 28.0.0-alpha.4 (97/165)...
2025-11-13 08:19:27,337 - UnicodeAnalyzer - INFO - Filtrati 43 file (es. in /dist, /test).
2025-11-13 08:19:27,337 - UnicodeAnalyzer - INFO - -> Analizzando versione 28.0.0-alpha.5 (98/165)...
2025-11-13 08:19:27,338 - UnicodeAnalyzer - INFO - Filtrati 43 file (es. in /dist, /test).
2025-11-13 08:19:27,338 - UnicodeAnalyzer - INFO - -> Analizzando versione 28.0.0-alpha.6 (99/165)...
2025-11-13 08:19:27,340 - UnicodeAnalyzer - INFO - Filtrati 43 file (es. in /dist, /test).
2025-11-13 08:19:27,340 - UnicodeAnalyzer - INFO - -> Analizzando versione 28.0.0-alpha.7 (100/165)...
2025-11-13 08:19:27,341 - UnicodeAnalyzer - INFO - Filtrati 43 file (es. in /dist, /test).
2025-11-13 08:19:27,341 - UnicodeAnalyzer - INFO - -> Analizzando versione 28.0.0-alpha.8 (101/165)...
2025-11-13 08:19:27,342 - UnicodeAnalyzer - INFO - Filtrati 43 file (es. in /dist, /test).
2025-11-13 08:19:27,342 - UnicodeAnalyzer - INFO - -> Analizzando versione 28.0.0-alpha.9 (102/165)...
2025-11-13 08:19:27,343 - UnicodeAnalyzer - INFO - Filtrati 42 file (es. in /dist, /test).
2025-11-13 08:19:27,343 - UnicodeAnalyzer - INFO - -> Analizzando versione 28.0.1 (103/165)...
2025-11-13 08:19:27,345 - UnicodeAnalyzer - INFO - Filtrati 42 file (es. in /dist, /test).
2025-11-13 08:19:27,345 - UnicodeAnalyzer - INFO - -> Analizzando versione 28.0.2 (104/165)...
2025-11-13 08:19:27,346 - UnicodeAnalyzer - INFO - Filtrati 42 file (es. in /dist, /test).
2025-11-13 08:19:27,346 - UnicodeAnalyzer - INFO - -> Analizzando versione 28.0.3 (105/165)...
2025-11-13 08:19:27,347 - UnicodeAnalyzer - INFO - Filtrati 42 file (es. in /dist, /test).
2025-11-13 08:19:27,347 - UnicodeAnalyzer - INFO - -> Analizzando versione 28.1.0 (106/165)...
2025-11-13 08:19:27,348 - UnicodeAnalyzer - INFO - Filtrati 42 file (es. in /dist, /test).
2025-11-13 08:19:27,348 - UnicodeAnalyzer - INFO - -> Analizzando versione 28.1.1 (107/165)...
2025-11-13 08:19:27,349 - UnicodeAnalyzer - INFO - Filtrati 42 file (es. in /dist, /test).
2025-11-13 08:19:27,350 - UnicodeAnalyzer - INFO - -> Analizzando versione 28.1.2 (108/165)...
2025-11-13 08:19:27,351 - UnicodeAnalyzer - INFO - Filtrati 42 file (es. in /dist, /test).
2025-11-13 08:19:27,351 - UnicodeAnalyzer - INFO - -> Analizzando versione 28.1.3 (109/165)...
2025-11-13 08:19:27,352 - UnicodeAnalyzer - INFO - Filtrati 42 file (es. in /dist, /test).
2025-11-13 08:19:27,352 - UnicodeAnalyzer - INFO - -> Analizzando versione 29.0.0 (110/165)...
2025-11-13 08:19:27,353 - UnicodeAnalyzer - INFO - Filtrati 42 file (es. in /dist, /test).
2025-11-13 08:19:27,353 - UnicodeAnalyzer - INFO - -> Analizzando versione 29.0.0-alpha.0 (111/165)...
2025-11-13 08:19:27,354 - UnicodeAnalyzer - INFO - Filtrati 42 file (es. in /dist, /test).
2025-11-13 08:19:27,354 - UnicodeAnalyzer - INFO - -> Analizzando versione 29.0.0-alpha.1 (112/165)...
2025-11-13 08:19:27,356 - UnicodeAnalyzer - INFO - Filtrati 42 file (es. in /dist, /test).
2025-11-13 08:19:27,356 - UnicodeAnalyzer - INFO - -> Analizzando versione 29.0.0-alpha.3 (113/165)...
2025-11-13 08:19:27,357 - UnicodeAnalyzer - INFO - Filtrati 42 file (es. in /dist, /test).
2025-11-13 08:19:27,357 - UnicodeAnalyzer - INFO - -> Analizzando versione 29.0.0-alpha.4 (114/165)...
2025-11-13 08:19:27,358 - UnicodeAnalyzer - INFO - Filtrati 42 file (es. in /dist, /test).
2025-11-13 08:19:27,358 - UnicodeAnalyzer - INFO - -> Analizzando versione 29.0.0-alpha.5 (115/165)...
2025-11-13 08:19:27,359 - UnicodeAnalyzer - INFO - Filtrati 42 file (es. in /dist, /test).
2025-11-13 08:19:27,359 - UnicodeAnalyzer - INFO - -> Analizzando versione 29.0.0-alpha.6 (116/165)...
2025-11-13 08:19:27,361 - UnicodeAnalyzer - INFO - Filtrati 42 file (es. in /dist, /test).
2025-11-13 08:19:27,361 - UnicodeAnalyzer - INFO - -> Analizzando versione 29.0.1 (117/165)...
2025-11-13 08:19:27,362 - UnicodeAnalyzer - INFO - Filtrati 42 file (es. in /dist, /test).
2025-11-13 08:19:27,362 - UnicodeAnalyzer - INFO - -> Analizzando versione 29.0.2 (118/165)...
2025-11-13 08:19:27,363 - UnicodeAnalyzer - INFO - Filtrati 42 file (es. in /dist, /test).
2025-11-13 08:19:27,363 - UnicodeAnalyzer - INFO - -> Analizzando versione 29.0.3 (119/165)...
2025-11-13 08:19:27,364 - UnicodeAnalyzer - INFO - Filtrati 42 file (es. in /dist, /test).
2025-11-13 08:19:27,364 - UnicodeAnalyzer - INFO - -> Analizzando versione 29.1.0 (120/165)...
2025-11-13 08:19:27,366 - UnicodeAnalyzer - INFO - Filtrati 42 file (es. in /dist, /test).
2025-11-13 08:19:27,366 - UnicodeAnalyzer - INFO - -> Analizzando versione 29.1.1 (121/165)...
2025-11-13 08:19:27,367 - UnicodeAnalyzer - INFO - Filtrati 42 file (es. in /dist, /test).
2025-11-13 08:19:27,367 - UnicodeAnalyzer - INFO - -> Analizzando versione 29.1.2 (122/165)...
2025-11-13 08:19:27,368 - UnicodeAnalyzer - INFO - Filtrati 42 file (es. in /dist, /test).
2025-11-13 08:19:27,368 - UnicodeAnalyzer - INFO - -> Analizzando versione 29.2.0 (123/165)...
2025-11-13 08:19:27,369 - UnicodeAnalyzer - INFO - Filtrati 42 file (es. in /dist, /test).
2025-11-13 08:19:27,369 - UnicodeAnalyzer - INFO - -> Analizzando versione 29.2.1 (124/165)...
2025-11-13 08:19:27,370 - UnicodeAnalyzer - INFO - Filtrati 42 file (es. in /dist, /test).
2025-11-13 08:19:27,371 - UnicodeAnalyzer - INFO - -> Analizzando versione 29.2.2 (125/165)...
2025-11-13 08:19:27,372 - UnicodeAnalyzer - INFO - Filtrati 42 file (es. in /dist, /test).
2025-11-13 08:19:27,372 - UnicodeAnalyzer - INFO - -> Analizzando versione 29.3.0 (126/165)...
2025-11-13 08:19:27,373 - UnicodeAnalyzer - INFO - Filtrati 42 file (es. in /dist, /test).
2025-11-13 08:19:27,373 - UnicodeAnalyzer - INFO - -> Analizzando versione 29.3.1 (127/165)...
2025-11-13 08:19:27,374 - UnicodeAnalyzer - INFO - Filtrati 42 file (es. in /dist, /test).
2025-11-13 08:19:27,374 - UnicodeAnalyzer - INFO - -> Analizzando versione 29.4.0 (128/165)...
2025-11-13 08:19:27,375 - UnicodeAnalyzer - INFO - Filtrati 42 file (es. in /dist, /test).
2025-11-13 08:19:27,375 - UnicodeAnalyzer - INFO - -> Analizzando versione 29.4.1 (129/165)...
2025-11-13 08:19:27,377 - UnicodeAnalyzer - INFO - Filtrati 42 file (es. in /dist, /test).
2025-11-13 08:19:27,377 - UnicodeAnalyzer - INFO - -> Analizzando versione 29.4.2 (130/165)...
2025-11-13 08:19:27,378 - UnicodeAnalyzer - INFO - Filtrati 42 file (es. in /dist, /test).
2025-11-13 08:19:27,378 - UnicodeAnalyzer - INFO - -> Analizzando versione 29.4.3 (131/165)...
2025-11-13 08:19:27,379 - UnicodeAnalyzer - INFO - Filtrati 42 file (es. in /dist, /test).
2025-11-13 08:19:27,379 - UnicodeAnalyzer - INFO - -> Analizzando versione 29.5.0 (132/165)...
2025-11-13 08:19:27,380 - UnicodeAnalyzer - INFO - Filtrati 42 file (es. in /dist, /test).
2025-11-13 08:19:27,380 - UnicodeAnalyzer - INFO - -> Analizzando versione 29.6.0 (133/165)...
2025-11-13 08:19:27,381 - UnicodeAnalyzer - INFO - Filtrati 42 file (es. in /dist, /test).
2025-11-13 08:19:27,382 - UnicodeAnalyzer - INFO - -> Analizzando versione 29.6.1 (134/165)...
2025-11-13 08:19:27,383 - UnicodeAnalyzer - INFO - Filtrati 42 file (es. in /dist, /test).
2025-11-13 08:19:27,383 - UnicodeAnalyzer - INFO - -> Analizzando versione 29.6.2 (135/165)...
2025-11-13 08:19:27,384 - UnicodeAnalyzer - INFO - Filtrati 41 file (es. in /dist, /test).
2025-11-13 08:19:27,384 - UnicodeAnalyzer - INFO - -> Analizzando versione 29.6.3 (136/165)...
2025-11-13 08:19:27,385 - UnicodeAnalyzer - INFO - Filtrati 41 file (es. in /dist, /test).
2025-11-13 08:19:27,385 - UnicodeAnalyzer - INFO - -> Analizzando versione 29.6.4 (137/165)...
2025-11-13 08:19:27,386 - UnicodeAnalyzer - INFO - Filtrati 41 file (es. in /dist, /test).
2025-11-13 08:19:27,386 - UnicodeAnalyzer - INFO - -> Analizzando versione 29.7.0 (138/165)...
2025-11-13 08:19:27,388 - UnicodeAnalyzer - INFO - Filtrati 41 file (es. in /dist, /test).
2025-11-13 08:19:27,388 - UnicodeAnalyzer - INFO - -> Analizzando versione 30.0.0 (139/165)...
2025-11-13 08:19:27,388 - UnicodeAnalyzer - INFO - Filtrati 1 file (es. in /dist, /test).
2025-11-13 08:19:27,388 - UnicodeAnalyzer - INFO - -> Analizzando versione 30.0.0-alpha.1 (140/165)...
2025-11-13 08:19:27,388 - UnicodeAnalyzer - INFO - Filtrati 1 file (es. in /dist, /test).
2025-11-13 08:19:27,388 - UnicodeAnalyzer - INFO - -> Analizzando versione 30.0.0-alpha.2 (141/165)...
2025-11-13 08:19:27,388 - UnicodeAnalyzer - INFO - Filtrati 1 file (es. in /dist, /test).
2025-11-13 08:19:27,388 - UnicodeAnalyzer - INFO - -> Analizzando versione 30.0.0-alpha.3 (142/165)...
2025-11-13 08:19:27,388 - UnicodeAnalyzer - INFO - Filtrati 1 file (es. in /dist, /test).
2025-11-13 08:19:27,389 - UnicodeAnalyzer - INFO - -> Analizzando versione 30.0.0-alpha.4 (143/165)...
2025-11-13 08:19:27,389 - UnicodeAnalyzer - INFO - Filtrati 1 file (es. in /dist, /test).
2025-11-13 08:19:27,389 - UnicodeAnalyzer - INFO - -> Analizzando versione 30.0.0-alpha.5 (144/165)...
2025-11-13 08:19:27,389 - UnicodeAnalyzer - INFO - Filtrati 1 file (es. in /dist, /test).
2025-11-13 08:19:27,389 - UnicodeAnalyzer - INFO - -> Analizzando versione 30.0.0-alpha.6 (145/165)...
2025-11-13 08:19:27,389 - UnicodeAnalyzer - INFO - Filtrati 1 file (es. in /dist, /test).
2025-11-13 08:19:27,389 - UnicodeAnalyzer - INFO - -> Analizzando versione 30.0.0-alpha.7 (146/165)...
2025-11-13 08:19:27,389 - UnicodeAnalyzer - INFO - Filtrati 1 file (es. in /dist, /test).
2025-11-13 08:19:27,389 - UnicodeAnalyzer - INFO - -> Analizzando versione 30.0.0-beta.2 (147/165)...
2025-11-13 08:19:27,390 - UnicodeAnalyzer - INFO - Filtrati 1 file (es. in /dist, /test).
2025-11-13 08:19:27,390 - UnicodeAnalyzer - INFO - -> Analizzando versione 30.0.0-beta.3 (148/165)...
2025-11-13 08:19:27,390 - UnicodeAnalyzer - INFO - Filtrati 1 file (es. in /dist, /test).
2025-11-13 08:19:27,390 - UnicodeAnalyzer - INFO - -> Analizzando versione 30.0.0-beta.4 (149/165)...
2025-11-13 08:19:27,390 - UnicodeAnalyzer - INFO - Filtrati 1 file (es. in /dist, /test).
2025-11-13 08:19:27,390 - UnicodeAnalyzer - INFO - -> Analizzando versione 30.0.0-beta.5 (150/165)...
2025-11-13 08:19:27,390 - UnicodeAnalyzer - INFO - Filtrati 1 file (es. in /dist, /test).
2025-11-13 08:19:27,390 - UnicodeAnalyzer - INFO - -> Analizzando versione 30.0.0-beta.6 (151/165)...
2025-11-13 08:19:27,390 - UnicodeAnalyzer - INFO - Filtrati 1 file (es. in /dist, /test).
2025-11-13 08:19:27,390 - UnicodeAnalyzer - INFO - -> Analizzando versione 30.0.0-beta.7 (152/165)...
2025-11-13 08:19:27,391 - UnicodeAnalyzer - INFO - Filtrati 1 file (es. in /dist, /test).
2025-11-13 08:19:27,391 - UnicodeAnalyzer - INFO - -> Analizzando versione 30.0.0-beta.8 (153/165)...
2025-11-13 08:19:27,391 - UnicodeAnalyzer - INFO - Filtrati 1 file (es. in /dist, /test).
2025-11-13 08:19:27,391 - UnicodeAnalyzer - INFO - -> Analizzando versione 30.0.0-beta.9 (154/165)...
2025-11-13 08:19:27,391 - UnicodeAnalyzer - INFO - Filtrati 1 file (es. in /dist, /test).
2025-11-13 08:19:27,391 - UnicodeAnalyzer - INFO - -> Analizzando versione 30.0.0-rc.1 (155/165)...
2025-11-13 08:19:27,391 - UnicodeAnalyzer - INFO - Filtrati 1 file (es. in /dist, /test).
2025-11-13 08:19:27,391 - UnicodeAnalyzer - INFO - -> Analizzando versione 30.0.1 (156/165)...
2025-11-13 08:19:27,391 - UnicodeAnalyzer - INFO - Filtrati 1 file (es. in /dist, /test).
2025-11-13 08:19:27,392 - UnicodeAnalyzer - INFO - -> Analizzando versione 30.0.2 (157/165)...
2025-11-13 08:19:27,392 - UnicodeAnalyzer - INFO - Filtrati 1 file (es. in /dist, /test).
2025-11-13 08:19:27,392 - UnicodeAnalyzer - INFO - -> Analizzando versione 30.0.3 (158/165)...
2025-11-13 08:19:27,392 - UnicodeAnalyzer - INFO - Filtrati 1 file (es. in /dist, /test).
2025-11-13 08:19:27,392 - UnicodeAnalyzer - INFO - -> Analizzando versione 30.0.4 (159/165)...
2025-11-13 08:19:27,392 - UnicodeAnalyzer - INFO - Filtrati 1 file (es. in /dist, /test).
2025-11-13 08:19:27,392 - UnicodeAnalyzer - INFO - -> Analizzando versione 30.0.5 (160/165)...
2025-11-13 08:19:27,392 - UnicodeAnalyzer - INFO - Filtrati 1 file (es. in /dist, /test).
2025-11-13 08:19:27,392 - UnicodeAnalyzer - INFO - -> Analizzando versione 30.1.0 (161/165)...
2025-11-13 08:19:27,393 - UnicodeAnalyzer - INFO - Filtrati 1 file (es. in /dist, /test).
2025-11-13 08:19:27,393 - UnicodeAnalyzer - INFO - -> Analizzando versione 30.1.1 (162/165)...
2025-11-13 08:19:27,393 - UnicodeAnalyzer - INFO - Filtrati 1 file (es. in /dist, /test).
2025-11-13 08:19:27,393 - UnicodeAnalyzer - INFO - -> Analizzando versione 30.1.2 (163/165)...
2025-11-13 08:19:27,393 - UnicodeAnalyzer - INFO - Filtrati 1 file (es. in /dist, /test).
2025-11-13 08:19:27,393 - UnicodeAnalyzer - INFO - -> Analizzando versione 30.1.3 (164/165)...
2025-11-13 08:19:27,393 - UnicodeAnalyzer - INFO - Filtrati 1 file (es. in /dist, /test).
2025-11-13 08:19:27,393 - UnicodeAnalyzer - INFO - -> Analizzando versione 30.2.0 (165/165)...
2025-11-13 08:19:27,393 - UnicodeAnalyzer - INFO - Filtrati 1 file (es. in /dist, /test).
2025-11-13 08:19:27,395 - UnicodeAnalyzer - INFO - Esportando i risultati HUT per '@jest/core' in CSV...
2025-11-13 08:19:27,395 - UnicodeAnalyzer - WARNING - Nessun file analizzato. I file CSV saranno vuoti.
2025-11-13 08:19:27,395 - NPM_HUT_Analyzer - INFO - Pulizia cartella temporanea 'temp_hut/@jest_core'...
2025-11-13 08:19:27,596 - NPM_HUT_Analyzer - INFO - Pulizia completata.
