2025-11-11 14:07:08,752 - NPM_HUT_Analyzer - INFO - Recupero metadata per 'dedent'...
2025-11-11 14:07:08,810 - NPM_HUT_Analyzer - INFO - Trovate 23 versioni. Inizio download in 'temp_hut/dedent'...
2025-11-11 14:07:15,096 - UnicodeAnalyzer - INFO - Analizzando 23 versioni per '*.js' in 'dedent'.
2025-11-11 14:07:15,096 - UnicodeAnalyzer - INFO - -> Analizzando versione 0.1.0 (1/23)...
2025-11-11 14:07:15,097 - UnicodeAnalyzer - INFO - -> Analizzando versione 0.1.1 (2/23)...
2025-11-11 14:07:15,098 - UnicodeAnalyzer - INFO - -> Analizzando versione 0.2.0 (3/23)...
2025-11-11 14:07:15,100 - UnicodeAnalyzer - INFO - -> Analizzando versione 0.2.1 (4/23)...
2025-11-11 14:07:15,101 - UnicodeAnalyzer - INFO - -> Analizzando versione 0.2.2 (5/23)...
2025-11-11 14:07:15,102 - UnicodeAnalyzer - INFO - -> Analizzando versione 0.3.0 (6/23)...
2025-11-11 14:07:15,103 - UnicodeAnalyzer - INFO - Filtrati 1 file (es. in /dist, /test).
2025-11-11 14:07:15,103 - UnicodeAnalyzer - INFO - -> Analizzando versione 0.4.0 (7/23)...
2025-11-11 14:07:15,104 - UnicodeAnalyzer - INFO - Filtrati 1 file (es. in /dist, /test).
2025-11-11 14:07:15,105 - UnicodeAnalyzer - INFO - -> Analizzando versione 0.6.0 (8/23)...
2025-11-11 14:07:15,106 - UnicodeAnalyzer - INFO - Filtrati 1 file (es. in /dist, /test).
2025-11-11 14:07:15,106 - UnicodeAnalyzer - INFO - -> Analizzando versione 0.7.0 (9/23)...
2025-11-11 14:07:15,107 - UnicodeAnalyzer - INFO - Filtrati 1 file (es. in /dist, /test).
2025-11-11 14:07:15,107 - UnicodeAnalyzer - INFO - -> Analizzando versione 0.8.0-beta (10/23)...
2025-11-11 14:07:15,108 - UnicodeAnalyzer - INFO - Filtrati 1 file (es. in /dist, /test).
2025-11-11 14:07:15,109 - UnicodeAnalyzer - INFO - -> Analizzando versione 1.0.0 (11/23)...
2025-11-11 14:07:15,110 - UnicodeAnalyzer - INFO - Filtrati 1 file (es. in /dist, /test).
2025-11-11 14:07:15,111 - UnicodeAnalyzer - INFO - -> Analizzando versione 1.0.1 (12/23)...
2025-11-11 14:07:15,112 - UnicodeAnalyzer - INFO - Filtrati 1 file (es. in /dist, /test).
2025-11-11 14:07:15,113 - UnicodeAnalyzer - INFO - -> Analizzando versione 1.0.2 (13/23)...
2025-11-11 14:07:15,114 - UnicodeAnalyzer - INFO - Filtrati 1 file (es. in /dist, /test).
2025-11-11 14:07:15,115 - UnicodeAnalyzer - INFO - -> Analizzando versione 1.1.0 (14/23)...
2025-11-11 14:07:15,116 - UnicodeAnalyzer - INFO - Filtrati 1 file (es. in /dist, /test).
2025-11-11 14:07:15,117 - UnicodeAnalyzer - INFO - -> Analizzando versione 1.2.0 (15/23)...
2025-11-11 14:07:15,118 - UnicodeAnalyzer - INFO - Filtrati 1 file (es. in /dist, /test).
2025-11-11 14:07:15,119 - UnicodeAnalyzer - INFO - -> Analizzando versione 1.3.0 (16/23)...
2025-11-11 14:07:15,120 - UnicodeAnalyzer - INFO - Filtrati 1 file (es. in /dist, /test).
2025-11-11 14:07:15,121 - UnicodeAnalyzer - INFO - -> Analizzando versione 1.4.0 (17/23)...
2025-11-11 14:07:15,122 - UnicodeAnalyzer - INFO - Filtrati 1 file (es. in /dist, /test).
2025-11-11 14:07:15,122 - UnicodeAnalyzer - INFO - -> Analizzando versione 1.5.0 (18/23)...
2025-11-11 14:07:15,123 - UnicodeAnalyzer - INFO - Filtrati 1 file (es. in /dist, /test).
2025-11-11 14:07:15,124 - UnicodeAnalyzer - INFO - -> Analizzando versione 1.5.1 (19/23)...
2025-11-11 14:07:15,125 - UnicodeAnalyzer - INFO - Filtrati 1 file (es. in /dist, /test).
2025-11-11 14:07:15,125 - UnicodeAnalyzer - INFO - -> Analizzando versione 1.5.2 (20/23)...
2025-11-11 14:07:15,126 - UnicodeAnalyzer - INFO - Filtrati 1 file (es. in /dist, /test).
2025-11-11 14:07:15,127 - UnicodeAnalyzer - INFO - -> Analizzando versione 1.5.3 (21/23)...
2025-11-11 14:07:15,128 - UnicodeAnalyzer - INFO - Filtrati 1 file (es. in /dist, /test).
2025-11-11 14:07:15,129 - UnicodeAnalyzer - INFO - -> Analizzando versione 1.6.0 (22/23)...
2025-11-11 14:07:15,129 - UnicodeAnalyzer - INFO - Filtrati 1 file (es. in /dist, /test).
2025-11-11 14:07:15,130 - UnicodeAnalyzer - INFO - -> Analizzando versione 1.7.0 (23/23)...
2025-11-11 14:07:15,130 - UnicodeAnalyzer - INFO - Filtrati 1 file (es. in /dist, /test).
2025-11-11 14:07:15,131 - UnicodeAnalyzer - INFO - Esportando i risultati HUT per 'dedent' in CSV...
2025-11-11 14:07:15,170 - UnicodeAnalyzer - INFO - Report salvati in: /app/npm_hut_results/dedent
2025-11-11 14:07:15,170 - NPM_HUT_Analyzer - INFO - Pulizia cartella temporanea 'temp_hut/dedent'...
2025-11-11 14:07:15,174 - NPM_HUT_Analyzer - INFO - Pulizia completata.
