2025-11-13 06:35:30,994 - NPM_HUT_Analyzer - INFO - Recupero metadata per '@babel/plugin-syntax-class-properties'...
2025-11-13 06:35:31,108 - NPM_HUT_Analyzer - INFO - Trovate 42 versioni. Inizio download in 'temp_hut/@babel_plugin-syntax-class-properties'...
2025-11-13 06:36:15,643 - UnicodeAnalyzer - INFO - Analizzando 42 versioni per '*.js' in '@babel_plugin-syntax-class-properties'.
2025-11-13 06:36:15,644 - UnicodeAnalyzer - INFO - -> Analizzando versione 7.0.0 (1/42)...
2025-11-13 06:36:15,646 - UnicodeAnalyzer - INFO - -> Analizzando versione 7.0.0-beta.31 (2/42)...
2025-11-13 06:36:15,647 - UnicodeAnalyzer - INFO - -> Analizzando versione 7.0.0-beta.32 (3/42)...
2025-11-13 06:36:15,648 - UnicodeAnalyzer - INFO - -> Analizzando versione 7.0.0-beta.33 (4/42)...
2025-11-13 06:36:15,650 - UnicodeAnalyzer - INFO - -> Analizzando versione 7.0.0-beta.34 (5/42)...
2025-11-13 06:36:15,651 - UnicodeAnalyzer - INFO - -> Analizzando versione 7.0.0-beta.35 (6/42)...
2025-11-13 06:36:15,653 - UnicodeAnalyzer - INFO - -> Analizzando versione 7.0.0-beta.36 (7/42)...
2025-11-13 06:36:15,654 - UnicodeAnalyzer - INFO - -> Analizzando versione 7.0.0-beta.37 (8/42)...
2025-11-13 06:36:15,655 - UnicodeAnalyzer - INFO - -> Analizzando versione 7.0.0-beta.38 (9/42)...
2025-11-13 06:36:15,656 - UnicodeAnalyzer - INFO - -> Analizzando versione 7.0.0-beta.39 (10/42)...
2025-11-13 06:36:15,658 - UnicodeAnalyzer - INFO - -> Analizzando versione 7.0.0-beta.4 (11/42)...
2025-11-13 06:36:15,659 - UnicodeAnalyzer - INFO - -> Analizzando versione 7.0.0-beta.40 (12/42)...
2025-11-13 06:36:15,660 - UnicodeAnalyzer - INFO - -> Analizzando versione 7.0.0-beta.41 (13/42)...
2025-11-13 06:36:15,662 - UnicodeAnalyzer - INFO - -> Analizzando versione 7.0.0-beta.42 (14/42)...
2025-11-13 06:36:15,663 - UnicodeAnalyzer - INFO - -> Analizzando versione 7.0.0-beta.43 (15/42)...
2025-11-13 06:36:15,664 - UnicodeAnalyzer - INFO - -> Analizzando versione 7.0.0-beta.44 (16/42)...
2025-11-13 06:36:15,666 - UnicodeAnalyzer - INFO - -> Analizzando versione 7.0.0-beta.45 (17/42)...
2025-11-13 06:36:15,667 - UnicodeAnalyzer - INFO - -> Analizzando versione 7.0.0-beta.46 (18/42)...
2025-11-13 06:36:15,669 - UnicodeAnalyzer - INFO - -> Analizzando versione 7.0.0-beta.47 (19/42)...
2025-11-13 06:36:15,670 - UnicodeAnalyzer - INFO - -> Analizzando versione 7.0.0-beta.48 (20/42)...
2025-11-13 06:36:15,672 - UnicodeAnalyzer - INFO - -> Analizzando versione 7.0.0-beta.49 (21/42)...
2025-11-13 06:36:15,673 - UnicodeAnalyzer - INFO - -> Analizzando versione 7.0.0-beta.5 (22/42)...
2025-11-13 06:36:15,674 - UnicodeAnalyzer - INFO - -> Analizzando versione 7.0.0-beta.50 (23/42)...
2025-11-13 06:36:15,675 - UnicodeAnalyzer - INFO - -> Analizzando versione 7.0.0-beta.51 (24/42)...
2025-11-13 06:36:15,675 - UnicodeAnalyzer - INFO - -> Analizzando versione 7.0.0-beta.52 (25/42)...
2025-11-13 06:36:15,676 - UnicodeAnalyzer - INFO - -> Analizzando versione 7.0.0-beta.53 (26/42)...
2025-11-13 06:36:15,677 - UnicodeAnalyzer - INFO - -> Analizzando versione 7.0.0-beta.54 (27/42)...
2025-11-13 06:36:15,677 - UnicodeAnalyzer - INFO - -> Analizzando versione 7.0.0-beta.55 (28/42)...
2025-11-13 06:36:15,678 - UnicodeAnalyzer - INFO - -> Analizzando versione 7.0.0-beta.56 (29/42)...
2025-11-13 06:36:15,679 - UnicodeAnalyzer - INFO - -> Analizzando versione 7.0.0-rc.0 (30/42)...
2025-11-13 06:36:15,679 - UnicodeAnalyzer - INFO - -> Analizzando versione 7.0.0-rc.1 (31/42)...
2025-11-13 06:36:15,680 - UnicodeAnalyzer - INFO - -> Analizzando versione 7.0.0-rc.2 (32/42)...
2025-11-13 06:36:15,680 - UnicodeAnalyzer - INFO - -> Analizzando versione 7.0.0-rc.3 (33/42)...
2025-11-13 06:36:15,681 - UnicodeAnalyzer - INFO - -> Analizzando versione 7.0.0-rc.4 (34/42)...
2025-11-13 06:36:15,682 - UnicodeAnalyzer - INFO - -> Analizzando versione 7.10.1 (35/42)...
2025-11-13 06:36:15,682 - UnicodeAnalyzer - INFO - -> Analizzando versione 7.10.4 (36/42)...
2025-11-13 06:36:15,683 - UnicodeAnalyzer - INFO - -> Analizzando versione 7.12.1 (37/42)...
2025-11-13 06:36:15,683 - UnicodeAnalyzer - INFO - -> Analizzando versione 7.12.13 (38/42)...
2025-11-13 06:36:15,684 - UnicodeAnalyzer - INFO - -> Analizzando versione 7.2.0 (39/42)...
2025-11-13 06:36:15,684 - UnicodeAnalyzer - INFO - -> Analizzando versione 7.7.4 (40/42)...
2025-11-13 06:36:15,685 - UnicodeAnalyzer - INFO - -> Analizzando versione 7.8.0 (41/42)...
2025-11-13 06:36:15,685 - UnicodeAnalyzer - INFO - -> Analizzando versione 7.8.3 (42/42)...
2025-11-13 06:36:15,686 - UnicodeAnalyzer - INFO - Esportando i risultati HUT per '@babel/plugin-syntax-class-properties' in CSV...
2025-11-13 06:36:15,730 - UnicodeAnalyzer - INFO - Report salvati in: /app/npm_hut_results/@babel_plugin-syntax-class-properties
2025-11-13 06:36:15,730 - NPM_HUT_Analyzer - INFO - Pulizia cartella temporanea 'temp_hut/@babel_plugin-syntax-class-properties'...
2025-11-13 06:36:15,735 - NPM_HUT_Analyzer - INFO - Pulizia completata.
