2025-11-02 20:15:05,908 - NPM_Analyzer - INFO - Fetching metadata for '@koa/cors'...
2025-11-02 20:15:06,112 - NPM_Analyzer - INFO - Found 13 versions. Starting download into 'temp/@koa_cors'...
2025-11-02 20:15:18,148 - BlankSpaceAnalyzer - INFO - Analyzing 13 versions for '*.js' in '@koa_cors'.
2025-11-02 20:15:18,148 - BlankSpaceAnalyzer - INFO - -> Analyzing version 2.2.1 (1/13)...
2025-11-02 20:15:18,149 - BlankSpaceAnalyzer - INFO - -> Analyzing version 2.2.2 (2/13)...
2025-11-02 20:15:18,150 - BlankSpaceAnalyzer - INFO - -> Analyzing version 2.2.3 (3/13)...
2025-11-02 20:15:18,151 - BlankSpaceAnalyzer - INFO - -> Analyzing version 3.0.0 (4/13)...
2025-11-02 20:15:18,152 - BlankSpaceAnalyzer - INFO - -> Analyzing version 3.1.0 (5/13)...
2025-11-02 20:15:18,153 - BlankSpaceAnalyzer - INFO - -> Analyzing version 3.2.0 (6/13)...
2025-11-02 20:15:18,154 - BlankSpaceAnalyzer - INFO - -> Analyzing version 3.3.0 (7/13)...
2025-11-02 20:15:18,155 - BlankSpaceAnalyzer - INFO - -> Analyzing version 3.4.0 (8/13)...
2025-11-02 20:15:18,156 - BlankSpaceAnalyzer - INFO - -> Analyzing version 3.4.1 (9/13)...
2025-11-02 20:15:18,157 - BlankSpaceAnalyzer - INFO - -> Analyzing version 3.4.2 (10/13)...
2025-11-02 20:15:18,158 - BlankSpaceAnalyzer - INFO - -> Analyzing version 3.4.3 (11/13)...
2025-11-02 20:15:18,159 - BlankSpaceAnalyzer - INFO - -> Analyzing version 4.0.0 (12/13)...
2025-11-02 20:15:18,160 - BlankSpaceAnalyzer - INFO - -> Analyzing version 5.0.0 (13/13)...
2025-11-02 20:15:18,162 - BlankSpaceAnalyzer - INFO - Exporting results for '@koa/cors' to CSV...
2025-11-02 20:15:18,190 - BlankSpaceAnalyzer - INFO - Reports saved in: /app/npm_results/@koa_cors
2025-11-02 20:15:18,191 - NPM_Analyzer - INFO - Cleaning temporary folder 'temp/@koa_cors'...
2025-11-02 20:15:18,193 - NPM_Analyzer - INFO - Cleanup completed.
