2025-11-04 23:17:09,562 - NPM_Analyzer - INFO - Fetching metadata for 'ahooks'...
2025-11-04 23:17:10,248 - NPM_Analyzer - INFO - Found 119 versions. Starting download into 'temp/ahooks'...
2025-11-04 23:19:15,896 - BlankSpaceAnalyzer - INFO - Analyzing 119 versions for '*.js' in 'ahooks'.
2025-11-04 23:19:15,896 - BlankSpaceAnalyzer - INFO - -> Analyzing version 0.0.1 (1/119)...
2025-11-04 23:19:15,897 - BlankSpaceAnalyzer - INFO - -> Analyzing version 1.0.0 (2/119)...
2025-11-04 23:19:15,973 - BlankSpaceAnalyzer - INFO - -> Analyzing version 1.0.0-beta.2 (3/119)...
2025-11-04 23:19:16,021 - BlankSpaceAnalyzer - INFO - -> Analyzing version 1.0.1 (4/119)...
2025-11-04 23:19:16,071 - BlankSpaceAnalyzer - INFO - -> Analyzing version 1.0.1-beta.1 (5/119)...
2025-11-04 23:19:16,122 - BlankSpaceAnalyzer - INFO - -> Analyzing version 2.0.0 (6/119)...
2025-11-04 23:19:16,174 - BlankSpaceAnalyzer - INFO - -> Analyzing version 2.0.1 (7/119)...
2025-11-04 23:19:16,229 - BlankSpaceAnalyzer - INFO - -> Analyzing version 2.1.0 (8/119)...
2025-11-04 23:19:16,279 - BlankSpaceAnalyzer - INFO - -> Analyzing version 2.10.0 (9/119)...
2025-11-04 23:19:16,333 - BlankSpaceAnalyzer - INFO - -> Analyzing version 2.10.1 (10/119)...
2025-11-04 23:19:16,387 - BlankSpaceAnalyzer - INFO - -> Analyzing version 2.10.10 (11/119)...
2025-11-04 23:19:16,440 - BlankSpaceAnalyzer - INFO - -> Analyzing version 2.10.10-beta (12/119)...
2025-11-04 23:19:16,493 - BlankSpaceAnalyzer - INFO - -> Analyzing version 2.10.11 (13/119)...
2025-11-04 23:19:16,547 - BlankSpaceAnalyzer - INFO - -> Analyzing version 2.10.12 (14/119)...
2025-11-04 23:19:16,601 - BlankSpaceAnalyzer - INFO - -> Analyzing version 2.10.14 (15/119)...
2025-11-04 23:19:16,657 - BlankSpaceAnalyzer - INFO - -> Analyzing version 2.10.2 (16/119)...
2025-11-04 23:19:16,711 - BlankSpaceAnalyzer - INFO - -> Analyzing version 2.10.3 (17/119)...
2025-11-04 23:19:16,765 - BlankSpaceAnalyzer - INFO - -> Analyzing version 2.10.4 (18/119)...
2025-11-04 23:19:16,822 - BlankSpaceAnalyzer - INFO - -> Analyzing version 2.10.5 (19/119)...
2025-11-04 23:19:16,875 - BlankSpaceAnalyzer - INFO - -> Analyzing version 2.10.6 (20/119)...
2025-11-04 23:19:16,929 - BlankSpaceAnalyzer - INFO - -> Analyzing version 2.10.7 (21/119)...
2025-11-04 23:19:16,982 - BlankSpaceAnalyzer - INFO - -> Analyzing version 2.10.8 (22/119)...
2025-11-04 23:19:17,039 - BlankSpaceAnalyzer - INFO - -> Analyzing version 2.10.9 (23/119)...
2025-11-04 23:19:17,091 - BlankSpaceAnalyzer - INFO - -> Analyzing version 2.2.0 (24/119)...
2025-11-04 23:19:17,144 - BlankSpaceAnalyzer - INFO - -> Analyzing version 2.2.0-beta (25/119)...
2025-11-04 23:19:17,196 - BlankSpaceAnalyzer - INFO - -> Analyzing version 2.3.0 (26/119)...
2025-11-04 23:19:17,248 - BlankSpaceAnalyzer - INFO - -> Analyzing version 2.4.0 (27/119)...
2025-11-04 23:19:17,302 - BlankSpaceAnalyzer - INFO - -> Analyzing version 2.5.0 (28/119)...
2025-11-04 23:19:17,356 - BlankSpaceAnalyzer - INFO - -> Analyzing version 2.6.0 (29/119)...
2025-11-04 23:19:17,409 - BlankSpaceAnalyzer - INFO - -> Analyzing version 2.6.1 (30/119)...
2025-11-04 23:19:17,464 - BlankSpaceAnalyzer - INFO - -> Analyzing version 2.7.0 (31/119)...
2025-11-04 23:19:17,518 - BlankSpaceAnalyzer - INFO - -> Analyzing version 2.7.1 (32/119)...
2025-11-04 23:19:17,573 - BlankSpaceAnalyzer - INFO - -> Analyzing version 2.8.0 (33/119)...
2025-11-04 23:19:17,628 - BlankSpaceAnalyzer - INFO - -> Analyzing version 2.8.1 (34/119)...
2025-11-04 23:19:17,682 - BlankSpaceAnalyzer - INFO - -> Analyzing version 2.9.1 (35/119)...
2025-11-04 23:19:17,736 - BlankSpaceAnalyzer - INFO - -> Analyzing version 2.9.2 (36/119)...
2025-11-04 23:19:17,790 - BlankSpaceAnalyzer - INFO - -> Analyzing version 2.9.3 (37/119)...
2025-11-04 23:19:17,843 - BlankSpaceAnalyzer - INFO - -> Analyzing version 2.9.4 (38/119)...
2025-11-04 23:19:17,896 - BlankSpaceAnalyzer - INFO - -> Analyzing version 2.9.6 (39/119)...
2025-11-04 23:19:17,951 - BlankSpaceAnalyzer - INFO - -> Analyzing version 3.0.0 (40/119)...
2025-11-04 23:19:18,005 - BlankSpaceAnalyzer - INFO - -> Analyzing version 3.0.0-alpha.0 (41/119)...
2025-11-04 23:19:18,066 - BlankSpaceAnalyzer - INFO - -> Analyzing version 3.0.0-alpha.10 (42/119)...
2025-11-04 23:19:18,133 - BlankSpaceAnalyzer - INFO - -> Analyzing version 3.0.0-alpha.11 (43/119)...
2025-11-04 23:19:18,190 - BlankSpaceAnalyzer - INFO - -> Analyzing version 3.0.0-alpha.12 (44/119)...
2025-11-04 23:19:18,247 - BlankSpaceAnalyzer - INFO - -> Analyzing version 3.0.0-alpha.13 (45/119)...
2025-11-04 23:19:18,303 - BlankSpaceAnalyzer - INFO - -> Analyzing version 3.0.0-alpha.14 (46/119)...
2025-11-04 23:19:18,359 - BlankSpaceAnalyzer - INFO - -> Analyzing version 3.0.0-alpha.15 (47/119)...
2025-11-04 23:19:18,416 - BlankSpaceAnalyzer - INFO - -> Analyzing version 3.0.0-alpha.16 (48/119)...
2025-11-04 23:19:18,473 - BlankSpaceAnalyzer - INFO - -> Analyzing version 3.0.0-alpha.17 (49/119)...
2025-11-04 23:19:18,532 - BlankSpaceAnalyzer - INFO - -> Analyzing version 3.0.0-alpha.18 (50/119)...
2025-11-04 23:19:18,588 - BlankSpaceAnalyzer - INFO - -> Analyzing version 3.0.0-alpha.2 (51/119)...
2025-11-04 23:19:18,646 - BlankSpaceAnalyzer - INFO - -> Analyzing version 3.0.0-alpha.3 (52/119)...
2025-11-04 23:19:18,702 - BlankSpaceAnalyzer - INFO - -> Analyzing version 3.0.0-alpha.4 (53/119)...
2025-11-04 23:19:18,761 - BlankSpaceAnalyzer - INFO - -> Analyzing version 3.0.0-alpha.5 (54/119)...
2025-11-04 23:19:18,817 - BlankSpaceAnalyzer - INFO - -> Analyzing version 3.0.0-alpha.6 (55/119)...
2025-11-04 23:19:18,878 - BlankSpaceAnalyzer - INFO - -> Analyzing version 3.0.0-alpha.7 (56/119)...
2025-11-04 23:19:18,935 - BlankSpaceAnalyzer - INFO - -> Analyzing version 3.0.0-alpha.8 (57/119)...
2025-11-04 23:19:18,992 - BlankSpaceAnalyzer - INFO - -> Analyzing version 3.0.0-alpha.9 (58/119)...
2025-11-04 23:19:19,049 - BlankSpaceAnalyzer - INFO - -> Analyzing version 3.0.1 (59/119)...
2025-11-04 23:19:19,105 - BlankSpaceAnalyzer - INFO - -> Analyzing version 3.0.2 (60/119)...
2025-11-04 23:19:19,163 - BlankSpaceAnalyzer - INFO - -> Analyzing version 3.0.3 (61/119)...
2025-11-04 23:19:19,220 - BlankSpaceAnalyzer - INFO - -> Analyzing version 3.0.5 (62/119)...
2025-11-04 23:19:19,276 - BlankSpaceAnalyzer - INFO - -> Analyzing version 3.0.6 (63/119)...
2025-11-04 23:19:19,335 - BlankSpaceAnalyzer - INFO - -> Analyzing version 3.0.7 (64/119)...
2025-11-04 23:19:19,393 - BlankSpaceAnalyzer - INFO - -> Analyzing version 3.0.8 (65/119)...
2025-11-04 23:19:19,451 - BlankSpaceAnalyzer - INFO - -> Analyzing version 3.1.0 (66/119)...
2025-11-04 23:19:19,507 - BlankSpaceAnalyzer - INFO - -> Analyzing version 3.1.1 (67/119)...
2025-11-04 23:19:19,565 - BlankSpaceAnalyzer - INFO - -> Analyzing version 3.1.10 (68/119)...
2025-11-04 23:19:19,620 - BlankSpaceAnalyzer - INFO - -> Analyzing version 3.1.11 (69/119)...
2025-11-04 23:19:19,677 - BlankSpaceAnalyzer - INFO - -> Analyzing version 3.1.12 (70/119)...
2025-11-04 23:19:19,736 - BlankSpaceAnalyzer - INFO - -> Analyzing version 3.1.13 (71/119)...
2025-11-04 23:19:19,791 - BlankSpaceAnalyzer - INFO - -> Analyzing version 3.1.14 (72/119)...
2025-11-04 23:19:19,850 - BlankSpaceAnalyzer - INFO - -> Analyzing version 3.1.2 (73/119)...
2025-11-04 23:19:19,908 - BlankSpaceAnalyzer - INFO - -> Analyzing version 3.1.3 (74/119)...
2025-11-04 23:19:19,967 - BlankSpaceAnalyzer - INFO - -> Analyzing version 3.1.4 (75/119)...
2025-11-04 23:19:20,024 - BlankSpaceAnalyzer - INFO - -> Analyzing version 3.1.5 (76/119)...
2025-11-04 23:19:20,080 - BlankSpaceAnalyzer - INFO - -> Analyzing version 3.1.6 (77/119)...
2025-11-04 23:19:20,138 - BlankSpaceAnalyzer - INFO - -> Analyzing version 3.1.7 (78/119)...
2025-11-04 23:19:20,194 - BlankSpaceAnalyzer - INFO - -> Analyzing version 3.1.8 (79/119)...
2025-11-04 23:19:20,251 - BlankSpaceAnalyzer - INFO - -> Analyzing version 3.1.9 (80/119)...
2025-11-04 23:19:20,309 - BlankSpaceAnalyzer - INFO - -> Analyzing version 3.2.0 (81/119)...
2025-11-04 23:19:20,365 - BlankSpaceAnalyzer - INFO - -> Analyzing version 3.3.0 (82/119)...
2025-11-04 23:19:20,422 - BlankSpaceAnalyzer - INFO - -> Analyzing version 3.3.10 (83/119)...
2025-11-04 23:19:20,477 - BlankSpaceAnalyzer - INFO - -> Analyzing version 3.3.11 (84/119)...
2025-11-04 23:19:20,534 - BlankSpaceAnalyzer - INFO - -> Analyzing version 3.3.12 (85/119)...
2025-11-04 23:19:20,592 - BlankSpaceAnalyzer - INFO - -> Analyzing version 3.3.13 (86/119)...
2025-11-04 23:19:20,646 - BlankSpaceAnalyzer - INFO - -> Analyzing version 3.3.8 (87/119)...
2025-11-04 23:19:20,707 - BlankSpaceAnalyzer - INFO - -> Analyzing version 3.3.9 (88/119)...
2025-11-04 23:19:20,765 - BlankSpaceAnalyzer - INFO - -> Analyzing version 3.4.0 (89/119)...
2025-11-04 23:19:20,821 - BlankSpaceAnalyzer - INFO - -> Analyzing version 3.4.1 (90/119)...
2025-11-04 23:19:20,878 - BlankSpaceAnalyzer - INFO - -> Analyzing version 3.5.0 (91/119)...
2025-11-04 23:19:20,937 - BlankSpaceAnalyzer - INFO - -> Analyzing version 3.5.1 (92/119)...
2025-11-04 23:19:20,997 - BlankSpaceAnalyzer - INFO - -> Analyzing version 3.5.2 (93/119)...
2025-11-04 23:19:21,055 - BlankSpaceAnalyzer - INFO - -> Analyzing version 3.6.2 (94/119)...
2025-11-04 23:19:21,112 - BlankSpaceAnalyzer - INFO - -> Analyzing version 3.7.0 (95/119)...
2025-11-04 23:19:21,171 - BlankSpaceAnalyzer - INFO - -> Analyzing version 3.7.1 (96/119)...
2025-11-04 23:19:21,228 - BlankSpaceAnalyzer - INFO - -> Analyzing version 3.7.10 (97/119)...
2025-11-04 23:19:21,288 - BlankSpaceAnalyzer - INFO - -> Analyzing version 3.7.11 (98/119)...
2025-11-04 23:19:21,345 - BlankSpaceAnalyzer - INFO - -> Analyzing version 3.7.2 (99/119)...
2025-11-04 23:19:21,405 - BlankSpaceAnalyzer - INFO - -> Analyzing version 3.7.3 (100/119)...
2025-11-04 23:19:21,465 - BlankSpaceAnalyzer - INFO - -> Analyzing version 3.7.4 (101/119)...
2025-11-04 23:19:21,524 - BlankSpaceAnalyzer - INFO - -> Analyzing version 3.7.5 (102/119)...
2025-11-04 23:19:21,580 - BlankSpaceAnalyzer - INFO - -> Analyzing version 3.7.6 (103/119)...
2025-11-04 23:19:21,637 - BlankSpaceAnalyzer - INFO - -> Analyzing version 3.7.7 (104/119)...
2025-11-04 23:19:21,696 - BlankSpaceAnalyzer - INFO - -> Analyzing version 3.7.8 (105/119)...
2025-11-04 23:19:21,755 - BlankSpaceAnalyzer - INFO - -> Analyzing version 3.7.9 (106/119)...
2025-11-04 23:19:21,813 - BlankSpaceAnalyzer - INFO - -> Analyzing version 3.8.0 (107/119)...
2025-11-04 23:19:21,870 - BlankSpaceAnalyzer - INFO - -> Analyzing version 3.8.1 (108/119)...
2025-11-04 23:19:21,928 - BlankSpaceAnalyzer - INFO - -> Analyzing version 3.8.2 (109/119)...
2025-11-04 23:19:21,986 - BlankSpaceAnalyzer - INFO - -> Analyzing version 3.8.3 (110/119)...
2025-11-04 23:19:22,049 - BlankSpaceAnalyzer - INFO - -> Analyzing version 3.8.4 (111/119)...
2025-11-04 23:19:22,106 - BlankSpaceAnalyzer - INFO - -> Analyzing version 3.8.5 (112/119)...
2025-11-04 23:19:22,166 - BlankSpaceAnalyzer - INFO - -> Analyzing version 3.9.0 (113/119)...
2025-11-04 23:19:22,224 - BlankSpaceAnalyzer - INFO - -> Analyzing version 3.9.1 (114/119)...
2025-11-04 23:19:22,282 - BlankSpaceAnalyzer - INFO - -> Analyzing version 3.9.2 (115/119)...
2025-11-04 23:19:22,338 - BlankSpaceAnalyzer - INFO - -> Analyzing version 3.9.3 (116/119)...
2025-11-04 23:19:22,397 - BlankSpaceAnalyzer - INFO - -> Analyzing version 3.9.4 (117/119)...
2025-11-04 23:19:22,454 - BlankSpaceAnalyzer - INFO - -> Analyzing version 3.9.5 (118/119)...
2025-11-04 23:19:22,512 - BlankSpaceAnalyzer - INFO - -> Analyzing version 3.9.6 (119/119)...
2025-11-04 23:19:22,568 - BlankSpaceAnalyzer - INFO - Exporting results for 'ahooks' to CSV...
2025-11-04 23:19:22,859 - BlankSpaceAnalyzer - INFO - Reports saved in: /app/npm_results/ahooks
2025-11-04 23:19:22,860 - NPM_Analyzer - INFO - Cleaning temporary folder 'temp/ahooks'...
2025-11-04 23:19:24,080 - NPM_Analyzer - INFO - Cleanup completed.
