2025-10-29 06:07:36,837 - NPM_Analyzer - INFO - Fetching metadata for 'ob1'...
2025-10-29 06:07:36,982 - NPM_Analyzer - INFO - Found 99 versions. Starting download into 'temp/ob1'...
2025-10-29 06:08:15,844 - BlankSpaceAnalyzer - INFO - Analyzing 99 versions for '*.js' in 'ob1'.
2025-10-29 06:08:15,845 - BlankSpaceAnalyzer - INFO - -> Analyzing version 0.54.1 (1/99)...
2025-10-29 06:08:15,846 - BlankSpaceAnalyzer - INFO - -> Analyzing version 0.55.0 (2/99)...
2025-10-29 06:08:15,931 - BlankSpaceAnalyzer - INFO - -> Analyzing version 0.56.0 (3/99)...
2025-10-29 06:08:15,986 - BlankSpaceAnalyzer - INFO - -> Analyzing version 0.56.3 (4/99)...
2025-10-29 06:08:16,048 - BlankSpaceAnalyzer - INFO - -> Analyzing version 0.56.4 (5/99)...
2025-10-29 06:08:16,109 - BlankSpaceAnalyzer - INFO - -> Analyzing version 0.57.0 (6/99)...
2025-10-29 06:08:16,165 - BlankSpaceAnalyzer - INFO - -> Analyzing version 0.58.0 (7/99)...
2025-10-29 06:08:16,224 - BlankSpaceAnalyzer - INFO - -> Analyzing version 0.59.0 (8/99)...
2025-10-29 06:08:16,285 - BlankSpaceAnalyzer - INFO - -> Analyzing version 0.60.0 (9/99)...
2025-10-29 06:08:16,346 - BlankSpaceAnalyzer - INFO - -> Analyzing version 0.61.0 (10/99)...
2025-10-29 06:08:16,407 - BlankSpaceAnalyzer - INFO - -> Analyzing version 0.62.0 (11/99)...
2025-10-29 06:08:16,462 - BlankSpaceAnalyzer - INFO - -> Analyzing version 0.63.0 (12/99)...
2025-10-29 06:08:16,519 - BlankSpaceAnalyzer - INFO - -> Analyzing version 0.64.0 (13/99)...
2025-10-29 06:08:16,580 - BlankSpaceAnalyzer - INFO - -> Analyzing version 0.65.0 (14/99)...
2025-10-29 06:08:16,641 - BlankSpaceAnalyzer - INFO - -> Analyzing version 0.65.1 (15/99)...
2025-10-29 06:08:16,702 - BlankSpaceAnalyzer - INFO - -> Analyzing version 0.65.2 (16/99)...
2025-10-29 06:08:16,763 - BlankSpaceAnalyzer - INFO - -> Analyzing version 0.66.0 (17/99)...
2025-10-29 06:08:16,824 - BlankSpaceAnalyzer - INFO - -> Analyzing version 0.66.1 (18/99)...
2025-10-29 06:08:16,886 - BlankSpaceAnalyzer - INFO - -> Analyzing version 0.66.2 (19/99)...
2025-10-29 06:08:16,948 - BlankSpaceAnalyzer - INFO - -> Analyzing version 0.67.0 (20/99)...
2025-10-29 06:08:17,009 - BlankSpaceAnalyzer - INFO - -> Analyzing version 0.68.0 (21/99)...
2025-10-29 06:08:17,071 - BlankSpaceAnalyzer - INFO - -> Analyzing version 0.69.0 (22/99)...
2025-10-29 06:08:17,132 - BlankSpaceAnalyzer - INFO - -> Analyzing version 0.69.1 (23/99)...
2025-10-29 06:08:17,193 - BlankSpaceAnalyzer - INFO - -> Analyzing version 0.70.0 (24/99)...
2025-10-29 06:08:17,249 - BlankSpaceAnalyzer - INFO - -> Analyzing version 0.70.1 (25/99)...
2025-10-29 06:08:17,305 - BlankSpaceAnalyzer - INFO - -> Analyzing version 0.70.2 (26/99)...
2025-10-29 06:08:17,360 - BlankSpaceAnalyzer - INFO - -> Analyzing version 0.70.3 (27/99)...
2025-10-29 06:08:17,420 - BlankSpaceAnalyzer - INFO - -> Analyzing version 0.70.4 (28/99)...
2025-10-29 06:08:17,481 - BlankSpaceAnalyzer - INFO - -> Analyzing version 0.71.0 (29/99)...
2025-10-29 06:08:17,545 - BlankSpaceAnalyzer - INFO - -> Analyzing version 0.71.1 (30/99)...
2025-10-29 06:08:17,606 - BlankSpaceAnalyzer - INFO - -> Analyzing version 0.71.2 (31/99)...
2025-10-29 06:08:17,661 - BlankSpaceAnalyzer - INFO - -> Analyzing version 0.71.3 (32/99)...
2025-10-29 06:08:17,719 - BlankSpaceAnalyzer - INFO - -> Analyzing version 0.72.0 (33/99)...
2025-10-29 06:08:17,780 - BlankSpaceAnalyzer - INFO - -> Analyzing version 0.72.1 (34/99)...
2025-10-29 06:08:17,842 - BlankSpaceAnalyzer - INFO - -> Analyzing version 0.72.2 (35/99)...
2025-10-29 06:08:17,903 - BlankSpaceAnalyzer - INFO - -> Analyzing version 0.72.3 (36/99)...
2025-10-29 06:08:17,959 - BlankSpaceAnalyzer - INFO - -> Analyzing version 0.72.4 (37/99)...
2025-10-29 06:08:18,018 - BlankSpaceAnalyzer - INFO - -> Analyzing version 0.73.0 (38/99)...
2025-10-29 06:08:18,082 - BlankSpaceAnalyzer - INFO - -> Analyzing version 0.73.1 (39/99)...
2025-10-29 06:08:18,143 - BlankSpaceAnalyzer - INFO - -> Analyzing version 0.73.10 (40/99)...
2025-10-29 06:08:18,204 - BlankSpaceAnalyzer - INFO - -> Analyzing version 0.73.2 (41/99)...
2025-10-29 06:08:18,265 - BlankSpaceAnalyzer - INFO - -> Analyzing version 0.73.3 (42/99)...
2025-10-29 06:08:18,327 - BlankSpaceAnalyzer - INFO - -> Analyzing version 0.73.4 (43/99)...
2025-10-29 06:08:18,389 - BlankSpaceAnalyzer - INFO - -> Analyzing version 0.73.5 (44/99)...
2025-10-29 06:08:18,450 - BlankSpaceAnalyzer - INFO - -> Analyzing version 0.73.6 (45/99)...
2025-10-29 06:08:18,511 - BlankSpaceAnalyzer - INFO - -> Analyzing version 0.73.7 (46/99)...
2025-10-29 06:08:18,566 - BlankSpaceAnalyzer - INFO - -> Analyzing version 0.73.8 (47/99)...
2025-10-29 06:08:18,624 - BlankSpaceAnalyzer - INFO - -> Analyzing version 0.73.9 (48/99)...
2025-10-29 06:08:18,685 - BlankSpaceAnalyzer - INFO - -> Analyzing version 0.74.0 (49/99)...
2025-10-29 06:08:18,746 - BlankSpaceAnalyzer - INFO - -> Analyzing version 0.74.1 (50/99)...
2025-10-29 06:08:18,807 - BlankSpaceAnalyzer - INFO - -> Analyzing version 0.75.0 (51/99)...
2025-10-29 06:08:18,864 - BlankSpaceAnalyzer - INFO - -> Analyzing version 0.75.1 (52/99)...
2025-10-29 06:08:18,924 - BlankSpaceAnalyzer - INFO - -> Analyzing version 0.76.0 (53/99)...
2025-10-29 06:08:18,985 - BlankSpaceAnalyzer - INFO - -> Analyzing version 0.76.1 (54/99)...
2025-10-29 06:08:19,047 - BlankSpaceAnalyzer - INFO - -> Analyzing version 0.76.2 (55/99)...
2025-10-29 06:08:19,107 - BlankSpaceAnalyzer - INFO - -> Analyzing version 0.76.3 (56/99)...
2025-10-29 06:08:19,164 - BlankSpaceAnalyzer - INFO - -> Analyzing version 0.76.4 (57/99)...
2025-10-29 06:08:19,222 - BlankSpaceAnalyzer - INFO - -> Analyzing version 0.76.5 (58/99)...
2025-10-29 06:08:19,282 - BlankSpaceAnalyzer - INFO - -> Analyzing version 0.76.6 (59/99)...
2025-10-29 06:08:19,343 - BlankSpaceAnalyzer - INFO - -> Analyzing version 0.76.7 (60/99)...
2025-10-29 06:08:19,404 - BlankSpaceAnalyzer - INFO - -> Analyzing version 0.76.8 (61/99)...
2025-10-29 06:08:19,460 - BlankSpaceAnalyzer - INFO - -> Analyzing version 0.76.9 (62/99)...
2025-10-29 06:08:19,517 - BlankSpaceAnalyzer - INFO - -> Analyzing version 0.77.0 (63/99)...
2025-10-29 06:08:19,578 - BlankSpaceAnalyzer - INFO - -> Analyzing version 0.78.0 (64/99)...
2025-10-29 06:08:19,640 - BlankSpaceAnalyzer - INFO - -> Analyzing version 0.78.1 (65/99)...
2025-10-29 06:08:19,701 - BlankSpaceAnalyzer - INFO - -> Analyzing version 0.79.0 (66/99)...
2025-10-29 06:08:19,757 - BlankSpaceAnalyzer - INFO - -> Analyzing version 0.79.1 (67/99)...
2025-10-29 06:08:19,813 - BlankSpaceAnalyzer - INFO - -> Analyzing version 0.80.0 (68/99)...
2025-10-29 06:08:19,871 - BlankSpaceAnalyzer - INFO - -> Analyzing version 0.80.1 (69/99)...
2025-10-29 06:08:19,930 - BlankSpaceAnalyzer - INFO - -> Analyzing version 0.80.10 (70/99)...
2025-10-29 06:08:19,991 - BlankSpaceAnalyzer - INFO - -> Analyzing version 0.80.11 (71/99)...
2025-10-29 06:08:20,047 - BlankSpaceAnalyzer - INFO - -> Analyzing version 0.80.12 (72/99)...
2025-10-29 06:08:20,102 - BlankSpaceAnalyzer - INFO - -> Analyzing version 0.80.2 (73/99)...
2025-10-29 06:08:20,163 - BlankSpaceAnalyzer - INFO - -> Analyzing version 0.80.3 (74/99)...
2025-10-29 06:08:20,225 - BlankSpaceAnalyzer - INFO - -> Analyzing version 0.80.4 (75/99)...
2025-10-29 06:08:20,286 - BlankSpaceAnalyzer - INFO - -> Analyzing version 0.80.5 (76/99)...
2025-10-29 06:08:20,348 - BlankSpaceAnalyzer - INFO - -> Analyzing version 0.80.6 (77/99)...
2025-10-29 06:08:20,409 - BlankSpaceAnalyzer - INFO - -> Analyzing version 0.80.7 (78/99)...
2025-10-29 06:08:20,466 - BlankSpaceAnalyzer - INFO - -> Analyzing version 0.80.8 (79/99)...
2025-10-29 06:08:20,524 - BlankSpaceAnalyzer - INFO - -> Analyzing version 0.80.9 (80/99)...
2025-10-29 06:08:20,585 - BlankSpaceAnalyzer - INFO - -> Analyzing version 0.81.0 (81/99)...
2025-10-29 06:08:20,646 - BlankSpaceAnalyzer - INFO - -> Analyzing version 0.81.0-alpha.0 (82/99)...
2025-10-29 06:08:20,707 - BlankSpaceAnalyzer - INFO - -> Analyzing version 0.81.0-alpha.1 (83/99)...
2025-10-29 06:08:20,762 - BlankSpaceAnalyzer - INFO - -> Analyzing version 0.81.0-alpha.2 (84/99)...
2025-10-29 06:08:20,821 - BlankSpaceAnalyzer - INFO - -> Analyzing version 0.81.1 (85/99)...
2025-10-29 06:08:20,882 - BlankSpaceAnalyzer - INFO - -> Analyzing version 0.81.2 (86/99)...
2025-10-29 06:08:20,944 - BlankSpaceAnalyzer - INFO - -> Analyzing version 0.81.3 (87/99)...
2025-10-29 06:08:21,004 - BlankSpaceAnalyzer - INFO - -> Analyzing version 0.81.4 (88/99)...
2025-10-29 06:08:21,060 - BlankSpaceAnalyzer - INFO - -> Analyzing version 0.81.5 (89/99)...
2025-10-29 06:08:21,117 - BlankSpaceAnalyzer - INFO - -> Analyzing version 0.82.0 (90/99)...
2025-10-29 06:08:21,174 - BlankSpaceAnalyzer - INFO - -> Analyzing version 0.82.1 (91/99)...
2025-10-29 06:08:21,233 - BlankSpaceAnalyzer - INFO - -> Analyzing version 0.82.2 (92/99)...
2025-10-29 06:08:21,294 - BlankSpaceAnalyzer - INFO - -> Analyzing version 0.82.3 (93/99)...
2025-10-29 06:08:21,355 - BlankSpaceAnalyzer - INFO - -> Analyzing version 0.82.4 (94/99)...
2025-10-29 06:08:21,417 - BlankSpaceAnalyzer - INFO - -> Analyzing version 0.82.5 (95/99)...
2025-10-29 06:08:21,478 - BlankSpaceAnalyzer - INFO - -> Analyzing version 0.83.0 (96/99)...
2025-10-29 06:08:21,540 - BlankSpaceAnalyzer - INFO - -> Analyzing version 0.83.1 (97/99)...
2025-10-29 06:08:21,601 - BlankSpaceAnalyzer - INFO - -> Analyzing version 0.83.2 (98/99)...
2025-10-29 06:08:21,662 - BlankSpaceAnalyzer - INFO - -> Analyzing version 0.83.3 (99/99)...
2025-10-29 06:08:21,724 - BlankSpaceAnalyzer - INFO - Exporting results for 'ob1' to CSV...
2025-10-29 06:08:21,807 - BlankSpaceAnalyzer - INFO - Reports saved in: /app/npm_results/ob1
2025-10-29 06:08:21,808 - NPM_Analyzer - INFO - Cleaning temporary folder 'temp/ob1'...
2025-10-29 06:08:21,825 - NPM_Analyzer - INFO - Cleanup completed.
