2025-11-07 23:59:01,300 - NPM_Analyzer - INFO - Fetching metadata for 'vinyl-sourcemaps-apply'...
2025-11-07 23:59:01,421 - NPM_Analyzer - INFO - Found 7 versions. Starting download into 'temp/vinyl-sourcemaps-apply'...
2025-11-07 23:59:05,019 - BlankSpaceAnalyzer - INFO - Analyzing 7 versions for '*.js' in 'vinyl-sourcemaps-apply'.
2025-11-07 23:59:05,019 - BlankSpaceAnalyzer - INFO - -> Analyzing version 0.1.0 (1/7)...
2025-11-07 23:59:05,020 - BlankSpaceAnalyzer - INFO - -> Analyzing version 0.1.1 (2/7)...
2025-11-07 23:59:05,021 - BlankSpaceAnalyzer - INFO - -> Analyzing version 0.1.2 (3/7)...
2025-11-07 23:59:05,022 - BlankSpaceAnalyzer - INFO - -> Analyzing version 0.1.3 (4/7)...
2025-11-07 23:59:05,023 - BlankSpaceAnalyzer - INFO - -> Analyzing version 0.1.4 (5/7)...
2025-11-07 23:59:05,024 - BlankSpaceAnalyzer - INFO - -> Analyzing version 0.2.0 (6/7)...
2025-11-07 23:59:05,025 - BlankSpaceAnalyzer - INFO - -> Analyzing version 0.2.1 (7/7)...
2025-11-07 23:59:05,026 - BlankSpaceAnalyzer - INFO - Exporting results for 'vinyl-sourcemaps-apply' to CSV...
2025-11-07 23:59:05,052 - BlankSpaceAnalyzer - INFO - Reports saved in: /app/npm_results/vinyl-sourcemaps-apply
2025-11-07 23:59:05,052 - NPM_Analyzer - INFO - Cleaning temporary folder 'temp/vinyl-sourcemaps-apply'...
2025-11-07 23:59:05,054 - NPM_Analyzer - INFO - Cleanup completed.
2025-11-08 16:44:30,251 - NPM_Analyzer - INFO - Fetching metadata for 'vinyl-sourcemaps-apply'...
2025-11-08 16:44:30,404 - NPM_Analyzer - INFO - Found 7 versions. Starting download into 'temp/vinyl-sourcemaps-apply'...
2025-11-08 16:44:32,007 - BlankSpaceAnalyzer - INFO - Analyzing 7 versions for '*.js' in 'vinyl-sourcemaps-apply'.
2025-11-08 16:44:32,007 - BlankSpaceAnalyzer - INFO - -> Analyzing version 0.1.0 (1/7)...
2025-11-08 16:44:32,008 - BlankSpaceAnalyzer - INFO - -> Analyzing version 0.1.1 (2/7)...
2025-11-08 16:44:32,009 - BlankSpaceAnalyzer - INFO - -> Analyzing version 0.1.2 (3/7)...
2025-11-08 16:44:32,010 - BlankSpaceAnalyzer - INFO - -> Analyzing version 0.1.3 (4/7)...
2025-11-08 16:44:32,011 - BlankSpaceAnalyzer - INFO - -> Analyzing version 0.1.4 (5/7)...
2025-11-08 16:44:32,012 - BlankSpaceAnalyzer - INFO - -> Analyzing version 0.2.0 (6/7)...
2025-11-08 16:44:32,012 - BlankSpaceAnalyzer - INFO - -> Analyzing version 0.2.1 (7/7)...
2025-11-08 16:44:32,014 - BlankSpaceAnalyzer - INFO - Exporting results for 'vinyl-sourcemaps-apply' to CSV...
2025-11-08 16:44:32,040 - BlankSpaceAnalyzer - INFO - Reports saved in: /app/npm_results/vinyl-sourcemaps-apply
2025-11-08 16:44:32,040 - NPM_Analyzer - INFO - Cleaning temporary folder 'temp/vinyl-sourcemaps-apply'...
2025-11-08 16:44:32,042 - NPM_Analyzer - INFO - Cleanup completed.
2025-11-09 03:23:02,626 - NPM_Analyzer - INFO - Fetching metadata for 'vinyl-sourcemaps-apply'...
2025-11-09 03:23:02,702 - NPM_Analyzer - INFO - Found 7 versions. Starting download into 'temp/vinyl-sourcemaps-apply'...
2025-11-09 03:23:04,469 - BlankSpaceAnalyzer - INFO - Analyzing 7 versions for '*.js' in 'vinyl-sourcemaps-apply'.
2025-11-09 03:23:04,469 - BlankSpaceAnalyzer - INFO - -> Analyzing version 0.1.0 (1/7)...
2025-11-09 03:23:04,470 - BlankSpaceAnalyzer - INFO - -> Analyzing version 0.1.1 (2/7)...
2025-11-09 03:23:04,471 - BlankSpaceAnalyzer - INFO - -> Analyzing version 0.1.2 (3/7)...
2025-11-09 03:23:04,472 - BlankSpaceAnalyzer - INFO - -> Analyzing version 0.1.3 (4/7)...
2025-11-09 03:23:04,473 - BlankSpaceAnalyzer - INFO - -> Analyzing version 0.1.4 (5/7)...
2025-11-09 03:23:04,473 - BlankSpaceAnalyzer - INFO - -> Analyzing version 0.2.0 (6/7)...
2025-11-09 03:23:04,474 - BlankSpaceAnalyzer - INFO - -> Analyzing version 0.2.1 (7/7)...
2025-11-09 03:23:04,475 - BlankSpaceAnalyzer - INFO - Exporting results for 'vinyl-sourcemaps-apply' to CSV...
2025-11-09 03:23:04,501 - BlankSpaceAnalyzer - INFO - Reports saved in: /app/npm_results/vinyl-sourcemaps-apply
2025-11-09 03:23:04,501 - NPM_Analyzer - INFO - Cleaning temporary folder 'temp/vinyl-sourcemaps-apply'...
2025-11-09 03:23:04,503 - NPM_Analyzer - INFO - Cleanup completed.
2025-11-09 13:44:56,490 - NPM_Analyzer - INFO - Fetching metadata for 'vinyl-sourcemaps-apply'...
2025-11-09 13:44:56,630 - NPM_Analyzer - INFO - Found 7 versions. Starting download into 'temp/vinyl-sourcemaps-apply'...
2025-11-09 13:44:58,390 - BlankSpaceAnalyzer - INFO - Analyzing 7 versions for '*.js' in 'vinyl-sourcemaps-apply'.
2025-11-09 13:44:58,391 - BlankSpaceAnalyzer - INFO - -> Analyzing version 0.1.0 (1/7)...
2025-11-09 13:44:58,392 - BlankSpaceAnalyzer - INFO - -> Analyzing version 0.1.1 (2/7)...
2025-11-09 13:44:58,393 - BlankSpaceAnalyzer - INFO - -> Analyzing version 0.1.2 (3/7)...
2025-11-09 13:44:58,394 - BlankSpaceAnalyzer - INFO - -> Analyzing version 0.1.3 (4/7)...
2025-11-09 13:44:58,394 - BlankSpaceAnalyzer - INFO - -> Analyzing version 0.1.4 (5/7)...
2025-11-09 13:44:58,395 - BlankSpaceAnalyzer - INFO - -> Analyzing version 0.2.0 (6/7)...
2025-11-09 13:44:58,396 - BlankSpaceAnalyzer - INFO - -> Analyzing version 0.2.1 (7/7)...
2025-11-09 13:44:58,398 - BlankSpaceAnalyzer - INFO - Exporting results for 'vinyl-sourcemaps-apply' to CSV...
2025-11-09 13:44:58,424 - BlankSpaceAnalyzer - INFO - Reports saved in: /app/npm_results/vinyl-sourcemaps-apply
2025-11-09 13:44:58,424 - NPM_Analyzer - INFO - Cleaning temporary folder 'temp/vinyl-sourcemaps-apply'...
2025-11-09 13:44:58,426 - NPM_Analyzer - INFO - Cleanup completed.
2025-11-10 00:21:56,927 - NPM_Analyzer - INFO - Fetching metadata for 'vinyl-sourcemaps-apply'...
2025-11-10 00:21:57,047 - NPM_Analyzer - INFO - Found 7 versions. Starting download into 'temp/vinyl-sourcemaps-apply'...
2025-11-10 00:21:58,733 - BlankSpaceAnalyzer - INFO - Analyzing 7 versions for '*.js' in 'vinyl-sourcemaps-apply'.
2025-11-10 00:21:58,734 - BlankSpaceAnalyzer - INFO - -> Analyzing version 0.1.0 (1/7)...
2025-11-10 00:21:58,735 - BlankSpaceAnalyzer - INFO - -> Analyzing version 0.1.1 (2/7)...
2025-11-10 00:21:58,736 - BlankSpaceAnalyzer - INFO - -> Analyzing version 0.1.2 (3/7)...
2025-11-10 00:21:58,737 - BlankSpaceAnalyzer - INFO - -> Analyzing version 0.1.3 (4/7)...
2025-11-10 00:21:58,738 - BlankSpaceAnalyzer - INFO - -> Analyzing version 0.1.4 (5/7)...
2025-11-10 00:21:58,739 - BlankSpaceAnalyzer - INFO - -> Analyzing version 0.2.0 (6/7)...
2025-11-10 00:21:58,740 - BlankSpaceAnalyzer - INFO - -> Analyzing version 0.2.1 (7/7)...
2025-11-10 00:21:58,741 - BlankSpaceAnalyzer - INFO - Exporting results for 'vinyl-sourcemaps-apply' to CSV...
2025-11-10 00:21:58,767 - BlankSpaceAnalyzer - INFO - Reports saved in: /app/npm_results/vinyl-sourcemaps-apply
2025-11-10 00:21:58,767 - NPM_Analyzer - INFO - Cleaning temporary folder 'temp/vinyl-sourcemaps-apply'...
2025-11-10 00:21:58,769 - NPM_Analyzer - INFO - Cleanup completed.
2025-11-10 10:35:20,629 - NPM_Analyzer - INFO - Fetching metadata for 'vinyl-sourcemaps-apply'...
2025-11-10 10:35:20,761 - NPM_Analyzer - INFO - Found 7 versions. Starting download into 'temp/vinyl-sourcemaps-apply'...
2025-11-10 10:35:22,586 - BlankSpaceAnalyzer - INFO - Analyzing 7 versions for '*.js' in 'vinyl-sourcemaps-apply'.
2025-11-10 10:35:22,586 - BlankSpaceAnalyzer - INFO - -> Analyzing version 0.1.0 (1/7)...
2025-11-10 10:35:22,587 - BlankSpaceAnalyzer - INFO - -> Analyzing version 0.1.1 (2/7)...
2025-11-10 10:35:22,588 - BlankSpaceAnalyzer - INFO - -> Analyzing version 0.1.2 (3/7)...
2025-11-10 10:35:22,589 - BlankSpaceAnalyzer - INFO - -> Analyzing version 0.1.3 (4/7)...
2025-11-10 10:35:22,590 - BlankSpaceAnalyzer - INFO - -> Analyzing version 0.1.4 (5/7)...
2025-11-10 10:35:22,591 - BlankSpaceAnalyzer - INFO - -> Analyzing version 0.2.0 (6/7)...
2025-11-10 10:35:22,592 - BlankSpaceAnalyzer - INFO - -> Analyzing version 0.2.1 (7/7)...
2025-11-10 10:35:22,593 - BlankSpaceAnalyzer - INFO - Exporting results for 'vinyl-sourcemaps-apply' to CSV...
2025-11-10 10:35:22,620 - BlankSpaceAnalyzer - INFO - Reports saved in: /app/npm_results/vinyl-sourcemaps-apply
2025-11-10 10:35:22,620 - NPM_Analyzer - INFO - Cleaning temporary folder 'temp/vinyl-sourcemaps-apply'...
2025-11-10 10:35:22,622 - NPM_Analyzer - INFO - Cleanup completed.
2025-11-10 20:58:54,398 - NPM_Analyzer - INFO - Fetching metadata for 'vinyl-sourcemaps-apply'...
2025-11-10 20:58:54,516 - NPM_Analyzer - INFO - Found 7 versions. Starting download into 'temp/vinyl-sourcemaps-apply'...
2025-11-10 20:58:55,979 - BlankSpaceAnalyzer - INFO - Analyzing 7 versions for '*.js' in 'vinyl-sourcemaps-apply'.
2025-11-10 20:58:55,979 - BlankSpaceAnalyzer - INFO - -> Analyzing version 0.1.0 (1/7)...
2025-11-10 20:58:55,980 - BlankSpaceAnalyzer - INFO - -> Analyzing version 0.1.1 (2/7)...
2025-11-10 20:58:55,980 - BlankSpaceAnalyzer - INFO - -> Analyzing version 0.1.2 (3/7)...
2025-11-10 20:58:55,980 - BlankSpaceAnalyzer - INFO - -> Analyzing version 0.1.3 (4/7)...
2025-11-10 20:58:55,980 - BlankSpaceAnalyzer - INFO - -> Analyzing version 0.1.4 (5/7)...
2025-11-10 20:58:55,980 - BlankSpaceAnalyzer - INFO - -> Analyzing version 0.2.0 (6/7)...
2025-11-10 20:58:55,980 - BlankSpaceAnalyzer - INFO - -> Analyzing version 0.2.1 (7/7)...
2025-11-10 20:58:55,981 - BlankSpaceAnalyzer - INFO - Exporting results for 'vinyl-sourcemaps-apply' to CSV...
2025-11-10 20:58:55,987 - BlankSpaceAnalyzer - INFO - Reports saved in: /app/npm_results/vinyl-sourcemaps-apply
2025-11-10 20:58:55,987 - NPM_Analyzer - INFO - Cleaning temporary folder 'temp/vinyl-sourcemaps-apply'...
2025-11-10 20:58:55,988 - NPM_Analyzer - INFO - Cleanup completed.
2025-11-11 07:22:25,636 - NPM_Analyzer - INFO - Fetching metadata for 'vinyl-sourcemaps-apply'...
2025-11-11 07:22:25,756 - NPM_Analyzer - INFO - Found 7 versions. Starting download into 'temp/vinyl-sourcemaps-apply'...
2025-11-11 07:22:27,343 - BlankSpaceAnalyzer - INFO - Analyzing 7 versions for '*.js' in 'vinyl-sourcemaps-apply'.
2025-11-11 07:22:27,344 - BlankSpaceAnalyzer - INFO - -> Analyzing version 0.1.0 (1/7)...
2025-11-11 07:22:27,345 - BlankSpaceAnalyzer - INFO - -> Analyzing version 0.1.1 (2/7)...
2025-11-11 07:22:27,346 - BlankSpaceAnalyzer - INFO - -> Analyzing version 0.1.2 (3/7)...
2025-11-11 07:22:27,347 - BlankSpaceAnalyzer - INFO - -> Analyzing version 0.1.3 (4/7)...
2025-11-11 07:22:27,348 - BlankSpaceAnalyzer - INFO - -> Analyzing version 0.1.4 (5/7)...
2025-11-11 07:22:27,349 - BlankSpaceAnalyzer - INFO - -> Analyzing version 0.2.0 (6/7)...
2025-11-11 07:22:27,350 - BlankSpaceAnalyzer - INFO - -> Analyzing version 0.2.1 (7/7)...
2025-11-11 07:22:27,351 - BlankSpaceAnalyzer - INFO - Exporting results for 'vinyl-sourcemaps-apply' to CSV...
2025-11-11 07:22:27,376 - BlankSpaceAnalyzer - INFO - Reports saved in: /app/npm_results/vinyl-sourcemaps-apply
2025-11-11 07:22:27,376 - NPM_Analyzer - INFO - Cleaning temporary folder 'temp/vinyl-sourcemaps-apply'...
2025-11-11 07:22:27,378 - NPM_Analyzer - INFO - Cleanup completed.
2025-11-11 17:48:10,527 - NPM_Analyzer - INFO - Fetching metadata for 'vinyl-sourcemaps-apply'...
2025-11-11 17:48:10,590 - NPM_Analyzer - INFO - Found 7 versions. Starting download into 'temp/vinyl-sourcemaps-apply'...
2025-11-11 17:48:13,048 - BlankSpaceAnalyzer - INFO - Analyzing 7 versions for '*.js' in 'vinyl-sourcemaps-apply'.
2025-11-11 17:48:13,049 - BlankSpaceAnalyzer - INFO - -> Analyzing version 0.1.0 (1/7)...
2025-11-11 17:48:13,050 - BlankSpaceAnalyzer - INFO - -> Analyzing version 0.1.1 (2/7)...
2025-11-11 17:48:13,051 - BlankSpaceAnalyzer - INFO - -> Analyzing version 0.1.2 (3/7)...
2025-11-11 17:48:13,051 - BlankSpaceAnalyzer - INFO - -> Analyzing version 0.1.3 (4/7)...
2025-11-11 17:48:13,052 - BlankSpaceAnalyzer - INFO - -> Analyzing version 0.1.4 (5/7)...
2025-11-11 17:48:13,053 - BlankSpaceAnalyzer - INFO - -> Analyzing version 0.2.0 (6/7)...
2025-11-11 17:48:13,054 - BlankSpaceAnalyzer - INFO - -> Analyzing version 0.2.1 (7/7)...
2025-11-11 17:48:13,055 - BlankSpaceAnalyzer - INFO - Exporting results for 'vinyl-sourcemaps-apply' to CSV...
2025-11-11 17:48:13,080 - BlankSpaceAnalyzer - INFO - Reports saved in: /app/npm_results/vinyl-sourcemaps-apply
2025-11-11 17:48:13,081 - NPM_Analyzer - INFO - Cleaning temporary folder 'temp/vinyl-sourcemaps-apply'...
2025-11-11 17:48:13,083 - NPM_Analyzer - INFO - Cleanup completed.
2025-11-12 04:38:48,589 - NPM_Analyzer - INFO - Fetching metadata for 'vinyl-sourcemaps-apply'...
2025-11-12 04:38:48,681 - NPM_Analyzer - INFO - Found 7 versions. Starting download into 'temp/vinyl-sourcemaps-apply'...
2025-11-12 04:38:50,073 - BlankSpaceAnalyzer - INFO - Analyzing 7 versions for '*.js' in 'vinyl-sourcemaps-apply'.
2025-11-12 04:38:50,073 - BlankSpaceAnalyzer - INFO - -> Analyzing version 0.1.0 (1/7)...
2025-11-12 04:38:50,073 - BlankSpaceAnalyzer - INFO - -> Analyzing version 0.1.1 (2/7)...
2025-11-12 04:38:50,074 - BlankSpaceAnalyzer - INFO - -> Analyzing version 0.1.2 (3/7)...
2025-11-12 04:38:50,074 - BlankSpaceAnalyzer - INFO - -> Analyzing version 0.1.3 (4/7)...
2025-11-12 04:38:50,074 - BlankSpaceAnalyzer - INFO - -> Analyzing version 0.1.4 (5/7)...
2025-11-12 04:38:50,075 - BlankSpaceAnalyzer - INFO - -> Analyzing version 0.2.0 (6/7)...
2025-11-12 04:38:50,075 - BlankSpaceAnalyzer - INFO - -> Analyzing version 0.2.1 (7/7)...
2025-11-12 04:38:50,076 - BlankSpaceAnalyzer - INFO - Exporting results for 'vinyl-sourcemaps-apply' to CSV...
2025-11-12 04:38:50,084 - BlankSpaceAnalyzer - INFO - Reports saved in: /app/npm_results/vinyl-sourcemaps-apply
2025-11-12 04:38:50,084 - NPM_Analyzer - INFO - Cleaning temporary folder 'temp/vinyl-sourcemaps-apply'...
2025-11-12 04:38:50,086 - NPM_Analyzer - INFO - Cleanup completed.
2025-11-12 15:05:41,130 - NPM_Analyzer - INFO - Fetching metadata for 'vinyl-sourcemaps-apply'...
2025-11-12 15:05:41,194 - NPM_Analyzer - INFO - Found 7 versions. Starting download into 'temp/vinyl-sourcemaps-apply'...
2025-11-12 15:05:42,731 - BlankSpaceAnalyzer - INFO - Analyzing 7 versions for '*.js' in 'vinyl-sourcemaps-apply'.
2025-11-12 15:05:42,731 - BlankSpaceAnalyzer - INFO - -> Analyzing version 0.1.0 (1/7)...
2025-11-12 15:05:42,732 - BlankSpaceAnalyzer - INFO - -> Analyzing version 0.1.1 (2/7)...
2025-11-12 15:05:42,732 - BlankSpaceAnalyzer - INFO - -> Analyzing version 0.1.2 (3/7)...
2025-11-12 15:05:42,732 - BlankSpaceAnalyzer - INFO - -> Analyzing version 0.1.3 (4/7)...
2025-11-12 15:05:42,733 - BlankSpaceAnalyzer - INFO - -> Analyzing version 0.1.4 (5/7)...
2025-11-12 15:05:42,733 - BlankSpaceAnalyzer - INFO - -> Analyzing version 0.2.0 (6/7)...
2025-11-12 15:05:42,734 - BlankSpaceAnalyzer - INFO - -> Analyzing version 0.2.1 (7/7)...
2025-11-12 15:05:42,734 - BlankSpaceAnalyzer - INFO - Exporting results for 'vinyl-sourcemaps-apply' to CSV...
2025-11-12 15:05:42,748 - BlankSpaceAnalyzer - INFO - Reports saved in: /app/npm_results/vinyl-sourcemaps-apply
2025-11-12 15:05:42,749 - NPM_Analyzer - INFO - Cleaning temporary folder 'temp/vinyl-sourcemaps-apply'...
2025-11-12 15:05:42,751 - NPM_Analyzer - INFO - Cleanup completed.
2025-11-13 01:50:25,838 - NPM_Analyzer - INFO - Fetching metadata for 'vinyl-sourcemaps-apply'...
2025-11-13 01:50:25,992 - NPM_Analyzer - INFO - Found 7 versions. Starting download into 'temp/vinyl-sourcemaps-apply'...
2025-11-13 01:50:27,535 - BlankSpaceAnalyzer - INFO - Analyzing 7 versions for '*.js' in 'vinyl-sourcemaps-apply'.
2025-11-13 01:50:27,535 - BlankSpaceAnalyzer - INFO - -> Analyzing version 0.1.0 (1/7)...
2025-11-13 01:50:27,536 - BlankSpaceAnalyzer - INFO - -> Analyzing version 0.1.1 (2/7)...
2025-11-13 01:50:27,537 - BlankSpaceAnalyzer - INFO - -> Analyzing version 0.1.2 (3/7)...
2025-11-13 01:50:27,538 - BlankSpaceAnalyzer - INFO - -> Analyzing version 0.1.3 (4/7)...
2025-11-13 01:50:27,539 - BlankSpaceAnalyzer - INFO - -> Analyzing version 0.1.4 (5/7)...
2025-11-13 01:50:27,540 - BlankSpaceAnalyzer - INFO - -> Analyzing version 0.2.0 (6/7)...
2025-11-13 01:50:27,541 - BlankSpaceAnalyzer - INFO - -> Analyzing version 0.2.1 (7/7)...
2025-11-13 01:50:27,542 - BlankSpaceAnalyzer - INFO - Exporting results for 'vinyl-sourcemaps-apply' to CSV...
2025-11-13 01:50:27,568 - BlankSpaceAnalyzer - INFO - Reports saved in: /app/npm_results/vinyl-sourcemaps-apply
2025-11-13 01:50:27,569 - NPM_Analyzer - INFO - Cleaning temporary folder 'temp/vinyl-sourcemaps-apply'...
2025-11-13 01:50:27,571 - NPM_Analyzer - INFO - Cleanup completed.
2025-11-13 12:13:57,112 - NPM_Analyzer - INFO - Fetching metadata for 'vinyl-sourcemaps-apply'...
2025-11-13 12:13:57,235 - NPM_Analyzer - INFO - Found 7 versions. Starting download into 'temp/vinyl-sourcemaps-apply'...
2025-11-13 12:13:58,906 - BlankSpaceAnalyzer - INFO - Analyzing 7 versions for '*.js' in 'vinyl-sourcemaps-apply'.
2025-11-13 12:13:58,906 - BlankSpaceAnalyzer - INFO - -> Analyzing version 0.1.0 (1/7)...
2025-11-13 12:13:58,907 - BlankSpaceAnalyzer - INFO - -> Analyzing version 0.1.1 (2/7)...
2025-11-13 12:13:58,908 - BlankSpaceAnalyzer - INFO - -> Analyzing version 0.1.2 (3/7)...
2025-11-13 12:13:58,909 - BlankSpaceAnalyzer - INFO - -> Analyzing version 0.1.3 (4/7)...
2025-11-13 12:13:58,910 - BlankSpaceAnalyzer - INFO - -> Analyzing version 0.1.4 (5/7)...
2025-11-13 12:13:58,911 - BlankSpaceAnalyzer - INFO - -> Analyzing version 0.2.0 (6/7)...
2025-11-13 12:13:58,912 - BlankSpaceAnalyzer - INFO - -> Analyzing version 0.2.1 (7/7)...
2025-11-13 12:13:58,913 - BlankSpaceAnalyzer - INFO - Exporting results for 'vinyl-sourcemaps-apply' to CSV...
2025-11-13 12:13:58,938 - BlankSpaceAnalyzer - INFO - Reports saved in: /app/npm_results/vinyl-sourcemaps-apply
2025-11-13 12:13:58,938 - NPM_Analyzer - INFO - Cleaning temporary folder 'temp/vinyl-sourcemaps-apply'...
2025-11-13 12:13:58,940 - NPM_Analyzer - INFO - Cleanup completed.
2025-11-13 22:50:15,721 - NPM_Analyzer - INFO - Fetching metadata for 'vinyl-sourcemaps-apply'...
2025-11-13 22:50:16,383 - NPM_Analyzer - INFO - Found 7 versions. Starting download into 'temp/vinyl-sourcemaps-apply'...
2025-11-13 22:50:18,765 - BlankSpaceAnalyzer - INFO - Analyzing 7 versions for '*.js' in 'vinyl-sourcemaps-apply'.
2025-11-13 22:50:18,766 - BlankSpaceAnalyzer - INFO - -> Analyzing version 0.1.0 (1/7)...
2025-11-13 22:50:18,766 - BlankSpaceAnalyzer - INFO - -> Analyzing version 0.1.1 (2/7)...
2025-11-13 22:50:18,767 - BlankSpaceAnalyzer - INFO - -> Analyzing version 0.1.2 (3/7)...
2025-11-13 22:50:18,767 - BlankSpaceAnalyzer - INFO - -> Analyzing version 0.1.3 (4/7)...
2025-11-13 22:50:18,767 - BlankSpaceAnalyzer - INFO - -> Analyzing version 0.1.4 (5/7)...
2025-11-13 22:50:18,768 - BlankSpaceAnalyzer - INFO - -> Analyzing version 0.2.0 (6/7)...
2025-11-13 22:50:18,768 - BlankSpaceAnalyzer - INFO - -> Analyzing version 0.2.1 (7/7)...
2025-11-13 22:50:18,769 - BlankSpaceAnalyzer - INFO - Exporting results for 'vinyl-sourcemaps-apply' to CSV...
2025-11-13 22:50:18,784 - BlankSpaceAnalyzer - INFO - Reports saved in: /app/npm_results/vinyl-sourcemaps-apply
2025-11-13 22:50:18,784 - NPM_Analyzer - INFO - Cleaning temporary folder 'temp/vinyl-sourcemaps-apply'...
2025-11-13 22:50:18,787 - NPM_Analyzer - INFO - Cleanup completed.
2025-11-14 09:14:47,806 - NPM_Analyzer - INFO - Fetching metadata for 'vinyl-sourcemaps-apply'...
2025-11-14 09:14:47,938 - NPM_Analyzer - INFO - Found 7 versions. Starting download into 'temp/vinyl-sourcemaps-apply'...
2025-11-14 09:14:49,474 - BlankSpaceAnalyzer - INFO - Analyzing 7 versions for '*.js' in 'vinyl-sourcemaps-apply'.
2025-11-14 09:14:49,474 - BlankSpaceAnalyzer - INFO - -> Analyzing version 0.1.0 (1/7)...
2025-11-14 09:14:49,475 - BlankSpaceAnalyzer - INFO - -> Analyzing version 0.1.1 (2/7)...
2025-11-14 09:14:49,476 - BlankSpaceAnalyzer - INFO - -> Analyzing version 0.1.2 (3/7)...
2025-11-14 09:14:49,477 - BlankSpaceAnalyzer - INFO - -> Analyzing version 0.1.3 (4/7)...
2025-11-14 09:14:49,478 - BlankSpaceAnalyzer - INFO - -> Analyzing version 0.1.4 (5/7)...
2025-11-14 09:14:49,479 - BlankSpaceAnalyzer - INFO - -> Analyzing version 0.2.0 (6/7)...
2025-11-14 09:14:49,480 - BlankSpaceAnalyzer - INFO - -> Analyzing version 0.2.1 (7/7)...
2025-11-14 09:14:49,481 - BlankSpaceAnalyzer - INFO - Exporting results for 'vinyl-sourcemaps-apply' to CSV...
2025-11-14 09:14:49,507 - BlankSpaceAnalyzer - INFO - Reports saved in: /app/npm_results/vinyl-sourcemaps-apply
2025-11-14 09:14:49,507 - NPM_Analyzer - INFO - Cleaning temporary folder 'temp/vinyl-sourcemaps-apply'...
2025-11-14 09:14:49,509 - NPM_Analyzer - INFO - Cleanup completed.
2025-11-14 19:49:38,384 - NPM_Analyzer - INFO - Fetching metadata for 'vinyl-sourcemaps-apply'...
2025-11-14 19:49:38,493 - NPM_Analyzer - INFO - Found 7 versions. Starting download into 'temp/vinyl-sourcemaps-apply'...
2025-11-14 19:49:40,097 - BlankSpaceAnalyzer - INFO - Analyzing 7 versions for '*.js' in 'vinyl-sourcemaps-apply'.
2025-11-14 19:49:40,098 - BlankSpaceAnalyzer - INFO - -> Analyzing version 0.1.0 (1/7)...
2025-11-14 19:49:40,099 - BlankSpaceAnalyzer - INFO - -> Analyzing version 0.1.1 (2/7)...
2025-11-14 19:49:40,100 - BlankSpaceAnalyzer - INFO - -> Analyzing version 0.1.2 (3/7)...
2025-11-14 19:49:40,100 - BlankSpaceAnalyzer - INFO - -> Analyzing version 0.1.3 (4/7)...
2025-11-14 19:49:40,101 - BlankSpaceAnalyzer - INFO - -> Analyzing version 0.1.4 (5/7)...
2025-11-14 19:49:40,102 - BlankSpaceAnalyzer - INFO - -> Analyzing version 0.2.0 (6/7)...
2025-11-14 19:49:40,103 - BlankSpaceAnalyzer - INFO - -> Analyzing version 0.2.1 (7/7)...
2025-11-14 19:49:40,104 - BlankSpaceAnalyzer - INFO - Exporting results for 'vinyl-sourcemaps-apply' to CSV...
2025-11-14 19:49:40,128 - BlankSpaceAnalyzer - INFO - Reports saved in: /app/npm_results/vinyl-sourcemaps-apply
2025-11-14 19:49:40,128 - NPM_Analyzer - INFO - Cleaning temporary folder 'temp/vinyl-sourcemaps-apply'...
2025-11-14 19:49:40,130 - NPM_Analyzer - INFO - Cleanup completed.
2025-11-15 06:26:53,744 - NPM_Analyzer - INFO - Fetching metadata for 'vinyl-sourcemaps-apply'...
2025-11-15 06:26:53,860 - NPM_Analyzer - INFO - Found 7 versions. Starting download into 'temp/vinyl-sourcemaps-apply'...
2025-11-15 06:26:55,385 - BlankSpaceAnalyzer - INFO - Analyzing 7 versions for '*.js' in 'vinyl-sourcemaps-apply'.
2025-11-15 06:26:55,385 - BlankSpaceAnalyzer - INFO - -> Analyzing version 0.1.0 (1/7)...
2025-11-15 06:26:55,387 - BlankSpaceAnalyzer - INFO - -> Analyzing version 0.1.1 (2/7)...
2025-11-15 06:26:55,387 - BlankSpaceAnalyzer - INFO - -> Analyzing version 0.1.2 (3/7)...
2025-11-15 06:26:55,388 - BlankSpaceAnalyzer - INFO - -> Analyzing version 0.1.3 (4/7)...
2025-11-15 06:26:55,389 - BlankSpaceAnalyzer - INFO - -> Analyzing version 0.1.4 (5/7)...
2025-11-15 06:26:55,390 - BlankSpaceAnalyzer - INFO - -> Analyzing version 0.2.0 (6/7)...
2025-11-15 06:26:55,391 - BlankSpaceAnalyzer - INFO - -> Analyzing version 0.2.1 (7/7)...
2025-11-15 06:26:55,392 - BlankSpaceAnalyzer - INFO - Exporting results for 'vinyl-sourcemaps-apply' to CSV...
2025-11-15 06:26:55,418 - BlankSpaceAnalyzer - INFO - Reports saved in: /app/npm_results/vinyl-sourcemaps-apply
2025-11-15 06:26:55,418 - NPM_Analyzer - INFO - Cleaning temporary folder 'temp/vinyl-sourcemaps-apply'...
2025-11-15 06:26:55,420 - NPM_Analyzer - INFO - Cleanup completed.
2025-11-15 17:02:00,450 - NPM_Analyzer - INFO - Fetching metadata for 'vinyl-sourcemaps-apply'...
2025-11-15 17:02:00,565 - NPM_Analyzer - INFO - Found 7 versions. Starting download into 'temp/vinyl-sourcemaps-apply'...
2025-11-15 17:02:03,469 - BlankSpaceAnalyzer - INFO - Analyzing 7 versions for '*.js' in 'vinyl-sourcemaps-apply'.
2025-11-15 17:02:03,469 - BlankSpaceAnalyzer - INFO - -> Analyzing version 0.1.0 (1/7)...
2025-11-15 17:02:03,471 - BlankSpaceAnalyzer - INFO - -> Analyzing version 0.1.1 (2/7)...
2025-11-15 17:02:03,471 - BlankSpaceAnalyzer - INFO - -> Analyzing version 0.1.2 (3/7)...
2025-11-15 17:02:03,472 - BlankSpaceAnalyzer - INFO - -> Analyzing version 0.1.3 (4/7)...
2025-11-15 17:02:03,473 - BlankSpaceAnalyzer - INFO - -> Analyzing version 0.1.4 (5/7)...
2025-11-15 17:02:03,474 - BlankSpaceAnalyzer - INFO - -> Analyzing version 0.2.0 (6/7)...
2025-11-15 17:02:03,475 - BlankSpaceAnalyzer - INFO - -> Analyzing version 0.2.1 (7/7)...
2025-11-15 17:02:03,476 - BlankSpaceAnalyzer - INFO - Exporting results for 'vinyl-sourcemaps-apply' to CSV...
2025-11-15 17:02:03,502 - BlankSpaceAnalyzer - INFO - Reports saved in: /app/npm_results/vinyl-sourcemaps-apply
2025-11-15 17:02:03,502 - NPM_Analyzer - INFO - Cleaning temporary folder 'temp/vinyl-sourcemaps-apply'...
2025-11-15 17:02:03,504 - NPM_Analyzer - INFO - Cleanup completed.
2025-11-16 03:30:53,898 - NPM_Analyzer - INFO - Fetching metadata for 'vinyl-sourcemaps-apply'...
2025-11-16 03:30:54,020 - NPM_Analyzer - INFO - Found 7 versions. Starting download into 'temp/vinyl-sourcemaps-apply'...
2025-11-16 03:30:55,584 - BlankSpaceAnalyzer - INFO - Analyzing 7 versions for '*.js' in 'vinyl-sourcemaps-apply'.
2025-11-16 03:30:55,584 - BlankSpaceAnalyzer - INFO - -> Analyzing version 0.1.0 (1/7)...
2025-11-16 03:30:55,585 - BlankSpaceAnalyzer - INFO - -> Analyzing version 0.1.1 (2/7)...
2025-11-16 03:30:55,586 - BlankSpaceAnalyzer - INFO - -> Analyzing version 0.1.2 (3/7)...
2025-11-16 03:30:55,587 - BlankSpaceAnalyzer - INFO - -> Analyzing version 0.1.3 (4/7)...
2025-11-16 03:30:55,588 - BlankSpaceAnalyzer - INFO - -> Analyzing version 0.1.4 (5/7)...
2025-11-16 03:30:55,588 - BlankSpaceAnalyzer - INFO - -> Analyzing version 0.2.0 (6/7)...
2025-11-16 03:30:55,589 - BlankSpaceAnalyzer - INFO - -> Analyzing version 0.2.1 (7/7)...
2025-11-16 03:30:55,591 - BlankSpaceAnalyzer - INFO - Exporting results for 'vinyl-sourcemaps-apply' to CSV...
2025-11-16 03:30:55,603 - BlankSpaceAnalyzer - INFO - Reports saved in: /app/npm_results/vinyl-sourcemaps-apply
2025-11-16 03:30:55,604 - NPM_Analyzer - INFO - Cleaning temporary folder 'temp/vinyl-sourcemaps-apply'...
2025-11-16 03:30:55,605 - NPM_Analyzer - INFO - Cleanup completed.
2025-11-16 13:54:05,717 - NPM_Analyzer - INFO - Fetching metadata for 'vinyl-sourcemaps-apply'...
2025-11-16 13:54:05,845 - NPM_Analyzer - INFO - Found 7 versions. Starting download into 'temp/vinyl-sourcemaps-apply'...
2025-11-16 13:54:07,411 - BlankSpaceAnalyzer - INFO - Analyzing 7 versions for '*.js' in 'vinyl-sourcemaps-apply'.
2025-11-16 13:54:07,412 - BlankSpaceAnalyzer - INFO - -> Analyzing version 0.1.0 (1/7)...
2025-11-16 13:54:07,413 - BlankSpaceAnalyzer - INFO - -> Analyzing version 0.1.1 (2/7)...
2025-11-16 13:54:07,414 - BlankSpaceAnalyzer - INFO - -> Analyzing version 0.1.2 (3/7)...
2025-11-16 13:54:07,414 - BlankSpaceAnalyzer - INFO - -> Analyzing version 0.1.3 (4/7)...
2025-11-16 13:54:07,415 - BlankSpaceAnalyzer - INFO - -> Analyzing version 0.1.4 (5/7)...
2025-11-16 13:54:07,416 - BlankSpaceAnalyzer - INFO - -> Analyzing version 0.2.0 (6/7)...
2025-11-16 13:54:07,417 - BlankSpaceAnalyzer - INFO - -> Analyzing version 0.2.1 (7/7)...
2025-11-16 13:54:07,418 - BlankSpaceAnalyzer - INFO - Exporting results for 'vinyl-sourcemaps-apply' to CSV...
2025-11-16 13:54:07,444 - BlankSpaceAnalyzer - INFO - Reports saved in: /app/npm_results/vinyl-sourcemaps-apply
2025-11-16 13:54:07,444 - NPM_Analyzer - INFO - Cleaning temporary folder 'temp/vinyl-sourcemaps-apply'...
2025-11-16 13:54:07,446 - NPM_Analyzer - INFO - Cleanup completed.
