2025-11-05 15:58:57,533 - NPM_Analyzer - INFO - Fetching metadata for '@react-spring/shared'...
2025-11-05 15:58:57,825 - NPM_Analyzer - INFO - Found 136 versions. Starting download into 'temp/@react-spring_shared'...
2025-11-05 16:02:17,288 - BlankSpaceAnalyzer - INFO - Analyzing 136 versions for '*.js' in '@react-spring_shared'.
2025-11-05 16:02:17,288 - BlankSpaceAnalyzer - INFO - -> Analyzing version 0.0.0-00758660b56704e0949d99f4251c275d738376fe-20230225114436 (1/136)...
2025-11-05 16:02:17,289 - BlankSpaceAnalyzer - INFO - -> Analyzing version 0.0.0-1f54fd5554e133fd353fcf3bd85edeac3562a1a0-20230225150642 (2/136)...
2025-11-05 16:02:17,290 - BlankSpaceAnalyzer - INFO - -> Analyzing version 0.0.0-40ac9039be0c657954e31ea7588bee4abbf1df1f-20230227081728 (3/136)...
2025-11-05 16:02:17,360 - BlankSpaceAnalyzer - INFO - -> Analyzing version 0.0.0-65fc02cc281573bc28d90720983c8e9df9035059-20230625170003 (4/136)...
2025-11-05 16:02:17,402 - BlankSpaceAnalyzer - INFO - -> Analyzing version 0.0.0-aefd1e584376be38b1f6ca1ca74e061c4ce9b9d8-20230225174818 (5/136)...
2025-11-05 16:02:17,402 - BlankSpaceAnalyzer - INFO - -> Analyzing version 0.0.0-b13152991101c4b7adc41eba4f10e8d155511bbe-20230227075103 (6/136)...
2025-11-05 16:02:17,402 - BlankSpaceAnalyzer - INFO - -> Analyzing version 0.0.0-d0cc422bcf5dc2109d1d80e6ea065b4d8861d323-20230225174329 (7/136)...
2025-11-05 16:02:17,402 - BlankSpaceAnalyzer - INFO - -> Analyzing version 0.0.0-d80cafe1f0ccd7ce193b8f558285515ede3b8afc-20230625160448 (8/136)...
2025-11-05 16:02:17,449 - BlankSpaceAnalyzer - INFO - -> Analyzing version 0.0.0-fb0ddfbbce1fd1b524534d96188b7bdb923c7bc7-20230227080834 (9/136)...
2025-11-05 16:02:17,496 - BlankSpaceAnalyzer - INFO - -> Analyzing version 0.0.0-nightly-52cc710-20230626001840 (10/136)...
2025-11-05 16:02:17,544 - BlankSpaceAnalyzer - INFO - -> Analyzing version 0.0.0-nightly-789adf2-20230331070515 (11/136)...
2025-11-05 16:02:17,589 - BlankSpaceAnalyzer - INFO - -> Analyzing version 0.0.0-nightly-bc3ce76-20230401001858 (12/136)...
2025-11-05 16:02:17,636 - BlankSpaceAnalyzer - INFO - -> Analyzing version 0.0.0-nightly-bc3ce76-20230402001810 (13/136)...
2025-11-05 16:02:17,682 - BlankSpaceAnalyzer - INFO - -> Analyzing version 0.0.0-nightly-bc3ce76-20230403001702 (14/136)...
2025-11-05 16:02:17,729 - BlankSpaceAnalyzer - INFO - -> Analyzing version 0.0.0-nightly-bc3ce76-20230404001701 (15/136)...
2025-11-05 16:02:17,776 - BlankSpaceAnalyzer - INFO - -> Analyzing version 0.0.0-nightly-bc3ce76-20230405001601 (16/136)...
2025-11-05 16:02:17,822 - BlankSpaceAnalyzer - INFO - -> Analyzing version 0.0.0-nightly-bc3ce76-20230406001620 (17/136)...
2025-11-05 16:02:17,868 - BlankSpaceAnalyzer - INFO - -> Analyzing version 0.0.0-nightly-bc3ce76-20230407001611 (18/136)...
2025-11-05 16:02:17,915 - BlankSpaceAnalyzer - INFO - -> Analyzing version 0.0.0-nightly-f50b673-20230330070501 (19/136)...
2025-11-05 16:02:17,961 - BlankSpaceAnalyzer - INFO - -> Analyzing version 0.0.1-alpha.0 (20/136)...
2025-11-05 16:02:18,009 - BlankSpaceAnalyzer - INFO - -> Analyzing version 0.0.1-alpha.1 (21/136)...
2025-11-05 16:02:18,058 - BlankSpaceAnalyzer - INFO - -> Analyzing version 0.0.1-alpha.2 (22/136)...
2025-11-05 16:02:18,108 - BlankSpaceAnalyzer - INFO - -> Analyzing version 0.0.1-alpha.3 (23/136)...
2025-11-05 16:02:18,155 - BlankSpaceAnalyzer - INFO - -> Analyzing version 10.0.0 (24/136)...
2025-11-05 16:02:18,202 - BlankSpaceAnalyzer - INFO - -> Analyzing version 10.0.0-alpha.0 (25/136)...
2025-11-05 16:02:18,249 - BlankSpaceAnalyzer - INFO - -> Analyzing version 10.0.0-alpha.1 (26/136)...
2025-11-05 16:02:18,296 - BlankSpaceAnalyzer - INFO - -> Analyzing version 10.0.0-beta.0 (27/136)...
2025-11-05 16:02:18,343 - BlankSpaceAnalyzer - INFO - -> Analyzing version 10.0.1 (28/136)...
2025-11-05 16:02:18,389 - BlankSpaceAnalyzer - INFO - -> Analyzing version 10.0.2 (29/136)...
2025-11-05 16:02:18,436 - BlankSpaceAnalyzer - INFO - -> Analyzing version 10.0.3 (30/136)...
2025-11-05 16:02:18,484 - BlankSpaceAnalyzer - INFO - -> Analyzing version 10.0.3-beta.0 (31/136)...
2025-11-05 16:02:18,530 - BlankSpaceAnalyzer - INFO - -> Analyzing version 9.0.0 (32/136)...
2025-11-05 16:02:18,576 - BlankSpaceAnalyzer - INFO - -> Analyzing version 9.0.0-beta.10 (33/136)...
2025-11-05 16:02:18,626 - BlankSpaceAnalyzer - INFO - -> Analyzing version 9.0.0-beta.12 (34/136)...
2025-11-05 16:02:18,672 - BlankSpaceAnalyzer - INFO - -> Analyzing version 9.0.0-beta.13 (35/136)...
2025-11-05 16:02:18,720 - BlankSpaceAnalyzer - INFO - -> Analyzing version 9.0.0-beta.14 (36/136)...
2025-11-05 16:02:18,767 - BlankSpaceAnalyzer - INFO - -> Analyzing version 9.0.0-beta.15 (37/136)...
2025-11-05 16:02:18,816 - BlankSpaceAnalyzer - INFO - -> Analyzing version 9.0.0-beta.17 (38/136)...
2025-11-05 16:02:18,866 - BlankSpaceAnalyzer - INFO - -> Analyzing version 9.0.0-beta.18 (39/136)...
2025-11-05 16:02:18,913 - BlankSpaceAnalyzer - INFO - -> Analyzing version 9.0.0-beta.19 (40/136)...
2025-11-05 16:02:18,962 - BlankSpaceAnalyzer - INFO - -> Analyzing version 9.0.0-beta.20 (41/136)...
2025-11-05 16:02:19,009 - BlankSpaceAnalyzer - INFO - -> Analyzing version 9.0.0-beta.21 (42/136)...
2025-11-05 16:02:19,057 - BlankSpaceAnalyzer - INFO - -> Analyzing version 9.0.0-beta.23 (43/136)...
2025-11-05 16:02:19,105 - BlankSpaceAnalyzer - INFO - -> Analyzing version 9.0.0-beta.24 (44/136)...
2025-11-05 16:02:19,152 - BlankSpaceAnalyzer - INFO - -> Analyzing version 9.0.0-beta.25 (45/136)...
2025-11-05 16:02:19,202 - BlankSpaceAnalyzer - INFO - -> Analyzing version 9.0.0-beta.27 (46/136)...
2025-11-05 16:02:19,249 - BlankSpaceAnalyzer - INFO - -> Analyzing version 9.0.0-beta.28 (47/136)...
2025-11-05 16:02:19,299 - BlankSpaceAnalyzer - INFO - -> Analyzing version 9.0.0-beta.29 (48/136)...
2025-11-05 16:02:19,346 - BlankSpaceAnalyzer - INFO - -> Analyzing version 9.0.0-beta.30 (49/136)...
2025-11-05 16:02:19,394 - BlankSpaceAnalyzer - INFO - -> Analyzing version 9.0.0-beta.31 (50/136)...
2025-11-05 16:02:19,444 - BlankSpaceAnalyzer - INFO - -> Analyzing version 9.0.0-beta.32 (51/136)...
2025-11-05 16:02:19,492 - BlankSpaceAnalyzer - INFO - -> Analyzing version 9.0.0-beta.33 (52/136)...
2025-11-05 16:02:19,540 - BlankSpaceAnalyzer - INFO - -> Analyzing version 9.0.0-beta.9 (53/136)...
2025-11-05 16:02:19,588 - BlankSpaceAnalyzer - INFO - -> Analyzing version 9.0.0-canary.808.1.ae166ee (54/136)...
2025-11-05 16:02:19,636 - BlankSpaceAnalyzer - INFO - -> Analyzing version 9.0.0-canary.808.10.132aadf (55/136)...
2025-11-05 16:02:19,686 - BlankSpaceAnalyzer - INFO - -> Analyzing version 9.0.0-canary.808.11.4be2ac3 (56/136)...
2025-11-05 16:02:19,735 - BlankSpaceAnalyzer - INFO - -> Analyzing version 9.0.0-canary.808.12.11b2708 (57/136)...
2025-11-05 16:02:19,784 - BlankSpaceAnalyzer - INFO - -> Analyzing version 9.0.0-canary.808.13.719834d (58/136)...
2025-11-05 16:02:19,832 - BlankSpaceAnalyzer - INFO - -> Analyzing version 9.0.0-canary.808.14.192785c (59/136)...
2025-11-05 16:02:19,881 - BlankSpaceAnalyzer - INFO - -> Analyzing version 9.0.0-canary.808.15.d4e5904 (60/136)...
2025-11-05 16:02:19,929 - BlankSpaceAnalyzer - INFO - -> Analyzing version 9.0.0-canary.808.16.68edca3 (61/136)...
2025-11-05 16:02:19,980 - BlankSpaceAnalyzer - INFO - -> Analyzing version 9.0.0-canary.808.17.55c5691 (62/136)...
2025-11-05 16:02:20,028 - BlankSpaceAnalyzer - INFO - -> Analyzing version 9.0.0-canary.808.2.958e7ba (63/136)...
2025-11-05 16:02:20,078 - BlankSpaceAnalyzer - INFO - -> Analyzing version 9.0.0-canary.808.3.225e0b1 (64/136)...
2025-11-05 16:02:20,125 - BlankSpaceAnalyzer - INFO - -> Analyzing version 9.0.0-canary.808.4.e67bf81 (65/136)...
2025-11-05 16:02:20,173 - BlankSpaceAnalyzer - INFO - -> Analyzing version 9.0.0-canary.808.5.5cdf687 (66/136)...
2025-11-05 16:02:20,223 - BlankSpaceAnalyzer - INFO - -> Analyzing version 9.0.0-canary.808.6.a1d7e01 (67/136)...
2025-11-05 16:02:20,271 - BlankSpaceAnalyzer - INFO - -> Analyzing version 9.0.0-canary.808.7.d857dc8 (68/136)...
2025-11-05 16:02:20,319 - BlankSpaceAnalyzer - INFO - -> Analyzing version 9.0.0-canary.808.8.4a87fcb (69/136)...
2025-11-05 16:02:20,368 - BlankSpaceAnalyzer - INFO - -> Analyzing version 9.0.0-canary.808.9.7e75a67 (70/136)...
2025-11-05 16:02:20,416 - BlankSpaceAnalyzer - INFO - -> Analyzing version 9.0.0-canary.809.1.aa2db98.0 (71/136)...
2025-11-05 16:02:20,467 - BlankSpaceAnalyzer - INFO - -> Analyzing version 9.0.0-canary.809.2.49361198 (72/136)...
2025-11-05 16:02:20,515 - BlankSpaceAnalyzer - INFO - -> Analyzing version 9.0.0-canary.809.3.a66b280 (73/136)...
2025-11-05 16:02:20,562 - BlankSpaceAnalyzer - INFO - -> Analyzing version 9.0.0-canary.809.4.a637589 (74/136)...
2025-11-05 16:02:20,611 - BlankSpaceAnalyzer - INFO - -> Analyzing version 9.0.0-canary.809.5.f01ecc2 (75/136)...
2025-11-05 16:02:20,660 - BlankSpaceAnalyzer - INFO - -> Analyzing version 9.0.0-rc.1 (76/136)...
2025-11-05 16:02:20,710 - BlankSpaceAnalyzer - INFO - -> Analyzing version 9.0.0-rc.2 (77/136)...
2025-11-05 16:02:20,759 - BlankSpaceAnalyzer - INFO - -> Analyzing version 9.0.0-rc.3 (78/136)...
2025-11-05 16:02:20,809 - BlankSpaceAnalyzer - INFO - -> Analyzing version 9.0.1 (79/136)...
2025-11-05 16:02:20,856 - BlankSpaceAnalyzer - INFO - -> Analyzing version 9.1.0 (80/136)...
2025-11-05 16:02:20,903 - BlankSpaceAnalyzer - INFO - -> Analyzing version 9.1.1 (81/136)...
2025-11-05 16:02:20,950 - BlankSpaceAnalyzer - INFO - -> Analyzing version 9.1.2 (82/136)...
2025-11-05 16:02:20,996 - BlankSpaceAnalyzer - INFO - -> Analyzing version 9.2.0 (83/136)...
2025-11-05 16:02:21,044 - BlankSpaceAnalyzer - INFO - -> Analyzing version 9.2.0-beta.0 (84/136)...
2025-11-05 16:02:21,091 - BlankSpaceAnalyzer - INFO - -> Analyzing version 9.2.0-beta.1 (85/136)...
2025-11-05 16:02:21,139 - BlankSpaceAnalyzer - INFO - -> Analyzing version 9.2.0-beta.2 (86/136)...
2025-11-05 16:02:21,185 - BlankSpaceAnalyzer - INFO - -> Analyzing version 9.2.0-beta.3 (87/136)...
2025-11-05 16:02:21,233 - BlankSpaceAnalyzer - INFO - -> Analyzing version 9.2.0-beta.4 (88/136)...
2025-11-05 16:02:21,280 - BlankSpaceAnalyzer - INFO - -> Analyzing version 9.2.0-beta.5 (89/136)...
2025-11-05 16:02:21,327 - BlankSpaceAnalyzer - INFO - -> Analyzing version 9.2.0-beta.6 (90/136)...
2025-11-05 16:02:21,374 - BlankSpaceAnalyzer - INFO - -> Analyzing version 9.2.0-beta.7 (91/136)...
2025-11-05 16:02:21,422 - BlankSpaceAnalyzer - INFO - -> Analyzing version 9.2.1 (92/136)...
2025-11-05 16:02:21,469 - BlankSpaceAnalyzer - INFO - -> Analyzing version 9.2.2 (93/136)...
2025-11-05 16:02:21,516 - BlankSpaceAnalyzer - INFO - -> Analyzing version 9.2.3 (94/136)...
2025-11-05 16:02:21,563 - BlankSpaceAnalyzer - INFO - -> Analyzing version 9.2.4 (95/136)...
2025-11-05 16:02:21,610 - BlankSpaceAnalyzer - INFO - -> Analyzing version 9.2.5 (96/136)...
2025-11-05 16:02:21,658 - BlankSpaceAnalyzer - INFO - -> Analyzing version 9.2.5-beta.0 (97/136)...
2025-11-05 16:02:21,705 - BlankSpaceAnalyzer - INFO - -> Analyzing version 9.2.6 (98/136)...
2025-11-05 16:02:21,754 - BlankSpaceAnalyzer - INFO - -> Analyzing version 9.2.6-beta.0 (99/136)...
2025-11-05 16:02:21,801 - BlankSpaceAnalyzer - INFO - -> Analyzing version 9.3.0 (100/136)...
2025-11-05 16:02:21,849 - BlankSpaceAnalyzer - INFO - -> Analyzing version 9.3.1 (101/136)...
2025-11-05 16:02:21,896 - BlankSpaceAnalyzer - INFO - -> Analyzing version 9.3.2 (102/136)...
2025-11-05 16:02:21,943 - BlankSpaceAnalyzer - INFO - -> Analyzing version 9.4.0 (103/136)...
2025-11-05 16:02:21,990 - BlankSpaceAnalyzer - INFO - -> Analyzing version 9.4.0-alpha.0 (104/136)...
2025-11-05 16:02:22,038 - BlankSpaceAnalyzer - INFO - -> Analyzing version 9.4.0-beta.0 (105/136)...
2025-11-05 16:02:22,086 - BlankSpaceAnalyzer - INFO - -> Analyzing version 9.4.0-beta.1 (106/136)...
2025-11-05 16:02:22,133 - BlankSpaceAnalyzer - INFO - -> Analyzing version 9.4.0-beta.2 (107/136)...
2025-11-05 16:02:22,181 - BlankSpaceAnalyzer - INFO - -> Analyzing version 9.4.0-beta.3 (108/136)...
2025-11-05 16:02:22,228 - BlankSpaceAnalyzer - INFO - -> Analyzing version 9.4.0-beta.4 (109/136)...
2025-11-05 16:02:22,276 - BlankSpaceAnalyzer - INFO - -> Analyzing version 9.4.0-beta.6 (110/136)...
2025-11-05 16:02:22,323 - BlankSpaceAnalyzer - INFO - -> Analyzing version 9.4.1 (111/136)...
2025-11-05 16:02:22,371 - BlankSpaceAnalyzer - INFO - -> Analyzing version 9.4.2 (112/136)...
2025-11-05 16:02:22,418 - BlankSpaceAnalyzer - INFO - -> Analyzing version 9.4.3 (113/136)...
2025-11-05 16:02:22,466 - BlankSpaceAnalyzer - INFO - -> Analyzing version 9.4.3-beta.0 (114/136)...
2025-11-05 16:02:22,513 - BlankSpaceAnalyzer - INFO - -> Analyzing version 9.4.3-beta.1 (115/136)...
2025-11-05 16:02:22,563 - BlankSpaceAnalyzer - INFO - -> Analyzing version 9.4.4 (116/136)...
2025-11-05 16:02:22,609 - BlankSpaceAnalyzer - INFO - -> Analyzing version 9.4.5 (117/136)...
2025-11-05 16:02:22,656 - BlankSpaceAnalyzer - INFO - -> Analyzing version 9.4.5-beta.0 (118/136)...
2025-11-05 16:02:22,703 - BlankSpaceAnalyzer - INFO - -> Analyzing version 9.4.5-beta.1 (119/136)...
2025-11-05 16:02:22,750 - BlankSpaceAnalyzer - INFO - -> Analyzing version 9.4.5-beta.2 (120/136)...
2025-11-05 16:02:22,798 - BlankSpaceAnalyzer - INFO - -> Analyzing version 9.5.0 (121/136)...
2025-11-05 16:02:22,845 - BlankSpaceAnalyzer - INFO - -> Analyzing version 9.5.1 (122/136)...
2025-11-05 16:02:22,892 - BlankSpaceAnalyzer - INFO - -> Analyzing version 9.5.2 (123/136)...
2025-11-05 16:02:22,939 - BlankSpaceAnalyzer - INFO - -> Analyzing version 9.5.3 (124/136)...
2025-11-05 16:02:22,989 - BlankSpaceAnalyzer - INFO - -> Analyzing version 9.5.4 (125/136)...
2025-11-05 16:02:23,035 - BlankSpaceAnalyzer - INFO - -> Analyzing version 9.5.5 (126/136)...
2025-11-05 16:02:23,083 - BlankSpaceAnalyzer - INFO - -> Analyzing version 9.5.5-beta.0 (127/136)...
2025-11-05 16:02:23,130 - BlankSpaceAnalyzer - INFO - -> Analyzing version 9.6.0 (128/136)...
2025-11-05 16:02:23,178 - BlankSpaceAnalyzer - INFO - -> Analyzing version 9.6.1 (129/136)...
2025-11-05 16:02:23,225 - BlankSpaceAnalyzer - INFO - -> Analyzing version 9.7.0 (130/136)...
2025-11-05 16:02:23,226 - BlankSpaceAnalyzer - INFO - -> Analyzing version 9.7.0-beta.0 (131/136)...
2025-11-05 16:02:23,226 - BlankSpaceAnalyzer - INFO - -> Analyzing version 9.7.1 (132/136)...
2025-11-05 16:02:23,272 - BlankSpaceAnalyzer - INFO - -> Analyzing version 9.7.2 (133/136)...
2025-11-05 16:02:23,320 - BlankSpaceAnalyzer - INFO - -> Analyzing version 9.7.3 (134/136)...
2025-11-05 16:02:23,366 - BlankSpaceAnalyzer - INFO - -> Analyzing version 9.7.4 (135/136)...
2025-11-05 16:02:23,412 - BlankSpaceAnalyzer - INFO - -> Analyzing version 9.7.5 (136/136)...
2025-11-05 16:02:23,459 - BlankSpaceAnalyzer - INFO - Exporting results for '@react-spring/shared' to CSV...
2025-11-05 16:02:23,601 - BlankSpaceAnalyzer - INFO - Reports saved in: /app/npm_results/@react-spring_shared
2025-11-05 16:02:23,601 - NPM_Analyzer - INFO - Cleaning temporary folder 'temp/@react-spring_shared'...
2025-11-05 16:02:23,690 - NPM_Analyzer - INFO - Cleanup completed.
