2025-11-17 16:12:10,006 - NPM_HUT_Analyzer - INFO - Recupero metadata per 'strict-event-emitter'...
2025-11-17 16:12:10,149 - NPM_HUT_Analyzer - INFO - Trovate 22 versioni. Inizio download in 'temp_hut/strict-event-emitter'...
2025-11-17 16:12:20,132 - UnicodeAnalyzer - INFO - Analizzando 22 versioni per '*.js' in 'strict-event-emitter'.
2025-11-17 16:12:20,133 - UnicodeAnalyzer - INFO - -> Analizzando versione 0.1.0 (1/22)...
2025-11-17 16:12:20,216 - UnicodeAnalyzer - INFO - -> Analizzando versione 0.2.0 (2/22)...
2025-11-17 16:12:20,268 - UnicodeAnalyzer - INFO - -> Analizzando versione 0.2.1 (3/22)...
2025-11-17 16:12:20,322 - UnicodeAnalyzer - INFO - -> Analizzando versione 0.2.2 (4/22)...
2025-11-17 16:12:20,375 - UnicodeAnalyzer - INFO - -> Analizzando versione 0.2.3 (5/22)...
2025-11-17 16:12:20,432 - UnicodeAnalyzer - INFO - -> Analizzando versione 0.2.4 (6/22)...
2025-11-17 16:12:20,491 - UnicodeAnalyzer - INFO - -> Analizzando versione 0.2.5 (7/22)...
2025-11-17 16:12:20,550 - UnicodeAnalyzer - INFO - -> Analizzando versione 0.2.6 (8/22)...
2025-11-17 16:12:20,611 - UnicodeAnalyzer - INFO - -> Analizzando versione 0.2.7 (9/22)...
2025-11-17 16:12:20,664 - UnicodeAnalyzer - INFO - -> Analizzando versione 0.2.8 (10/22)...
2025-11-17 16:12:20,718 - UnicodeAnalyzer - INFO - -> Analizzando versione 0.3.0 (11/22)...
2025-11-17 16:12:20,781 - UnicodeAnalyzer - INFO - -> Analizzando versione 0.3.1 (12/22)...
2025-11-17 16:12:20,839 - UnicodeAnalyzer - INFO - -> Analizzando versione 0.3.2 (13/22)...
2025-11-17 16:12:20,900 - UnicodeAnalyzer - INFO - -> Analizzando versione 0.4.0 (14/22)...
2025-11-17 16:12:20,960 - UnicodeAnalyzer - INFO - -> Analizzando versione 0.4.1 (15/22)...
2025-11-17 16:12:21,023 - UnicodeAnalyzer - INFO - -> Analizzando versione 0.4.2 (16/22)...
2025-11-17 16:12:21,082 - UnicodeAnalyzer - INFO - -> Analizzando versione 0.4.3 (17/22)...
2025-11-17 16:12:21,141 - UnicodeAnalyzer - INFO - -> Analizzando versione 0.4.4 (18/22)...
2025-11-17 16:12:21,201 - UnicodeAnalyzer - INFO - -> Analizzando versione 0.4.5 (19/22)...
2025-11-17 16:12:21,261 - UnicodeAnalyzer - INFO - -> Analizzando versione 0.4.6 (20/22)...
2025-11-17 16:12:21,320 - UnicodeAnalyzer - INFO - -> Analizzando versione 0.5.0 (21/22)...
2025-11-17 16:12:21,321 - UnicodeAnalyzer - INFO - -> Analizzando versione 0.5.1 (22/22)...
2025-11-17 16:12:21,322 - UnicodeAnalyzer - INFO - Esportando i risultati HUT per 'strict-event-emitter' in CSV...
2025-11-17 16:12:21,347 - UnicodeAnalyzer - INFO - Report salvati in: /app/npm_hut_results/strict-event-emitter
2025-11-17 16:12:21,348 - NPM_HUT_Analyzer - INFO - Pulizia cartella temporanea 'temp_hut/strict-event-emitter'...
2025-11-17 16:12:21,352 - NPM_HUT_Analyzer - INFO - Pulizia completata.
