2025-11-04 19:42:32,315 - NPM_Analyzer - INFO - Fetching metadata for '@types/koa'...
2025-11-04 19:42:32,511 - NPM_Analyzer - INFO - Found 61 versions. Starting download into 'temp/@types_koa'...
2025-11-04 19:42:50,947 - NPM_Analyzer - ERROR -   Error on version 2.0.30: not a gzip file
2025-11-04 19:43:42,499 - BlankSpaceAnalyzer - INFO - Analyzing 60 versions for '*.js' in '@types_koa'.
2025-11-04 19:43:42,499 - BlankSpaceAnalyzer - INFO - -> Analyzing version 0.0.0 (1/60)...
2025-11-04 19:43:42,500 - BlankSpaceAnalyzer - INFO - -> Analyzing version 2.0.15-alpha (2/60)...
2025-11-04 19:43:42,500 - BlankSpaceAnalyzer - INFO - -> Analyzing version 2.0.16-alpha (3/60)...
2025-11-04 19:43:42,501 - BlankSpaceAnalyzer - INFO - -> Analyzing version 2.0.21-alpha (4/60)...
2025-11-04 19:43:42,501 - BlankSpaceAnalyzer - INFO - -> Analyzing version 2.0.22-alpha (5/60)...
2025-11-04 19:43:42,502 - BlankSpaceAnalyzer - INFO - -> Analyzing version 2.0.23-alpha (6/60)...
2025-11-04 19:43:42,502 - BlankSpaceAnalyzer - INFO - -> Analyzing version 2.0.24-alpha (7/60)...
2025-11-04 19:43:42,503 - BlankSpaceAnalyzer - INFO - -> Analyzing version 2.0.25-alpha (8/60)...
2025-11-04 19:43:42,503 - BlankSpaceAnalyzer - INFO - -> Analyzing version 2.0.26-alpha (9/60)...
2025-11-04 19:43:42,504 - BlankSpaceAnalyzer - INFO - -> Analyzing version 2.0.27-alpha (10/60)...
2025-11-04 19:43:42,504 - BlankSpaceAnalyzer - INFO - -> Analyzing version 2.0.28 (11/60)...
2025-11-04 19:43:42,505 - BlankSpaceAnalyzer - INFO - -> Analyzing version 2.0.29 (12/60)...
2025-11-04 19:43:42,505 - BlankSpaceAnalyzer - INFO - -> Analyzing version 2.0.31 (13/60)...
2025-11-04 19:43:42,506 - BlankSpaceAnalyzer - INFO - -> Analyzing version 2.0.32 (14/60)...
2025-11-04 19:43:42,506 - BlankSpaceAnalyzer - INFO - -> Analyzing version 2.0.33 (15/60)...
2025-11-04 19:43:42,507 - BlankSpaceAnalyzer - INFO - -> Analyzing version 2.0.34 (16/60)...
2025-11-04 19:43:42,507 - BlankSpaceAnalyzer - INFO - -> Analyzing version 2.0.35 (17/60)...
2025-11-04 19:43:42,508 - BlankSpaceAnalyzer - INFO - -> Analyzing version 2.0.36 (18/60)...
2025-11-04 19:43:42,508 - BlankSpaceAnalyzer - INFO - -> Analyzing version 2.0.37 (19/60)...
2025-11-04 19:43:42,509 - BlankSpaceAnalyzer - INFO - -> Analyzing version 2.0.38 (20/60)...
2025-11-04 19:43:42,509 - BlankSpaceAnalyzer - INFO - -> Analyzing version 2.0.39 (21/60)...
2025-11-04 19:43:42,510 - BlankSpaceAnalyzer - INFO - -> Analyzing version 2.0.40 (22/60)...
2025-11-04 19:43:42,510 - BlankSpaceAnalyzer - INFO - -> Analyzing version 2.0.41 (23/60)...
2025-11-04 19:43:42,511 - BlankSpaceAnalyzer - INFO - -> Analyzing version 2.0.42 (24/60)...
2025-11-04 19:43:42,511 - BlankSpaceAnalyzer - INFO - -> Analyzing version 2.0.43 (25/60)...
2025-11-04 19:43:42,512 - BlankSpaceAnalyzer - INFO - -> Analyzing version 2.0.44 (26/60)...
2025-11-04 19:43:42,512 - BlankSpaceAnalyzer - INFO - -> Analyzing version 2.0.45 (27/60)...
2025-11-04 19:43:42,513 - BlankSpaceAnalyzer - INFO - -> Analyzing version 2.0.46 (28/60)...
2025-11-04 19:43:42,513 - BlankSpaceAnalyzer - INFO - -> Analyzing version 2.0.47 (29/60)...
2025-11-04 19:43:42,514 - BlankSpaceAnalyzer - INFO - -> Analyzing version 2.0.48 (30/60)...
2025-11-04 19:43:42,514 - BlankSpaceAnalyzer - INFO - -> Analyzing version 2.0.49 (31/60)...
2025-11-04 19:43:42,515 - BlankSpaceAnalyzer - INFO - -> Analyzing version 2.0.50 (32/60)...
2025-11-04 19:43:42,515 - BlankSpaceAnalyzer - INFO - -> Analyzing version 2.0.51 (33/60)...
2025-11-04 19:43:42,516 - BlankSpaceAnalyzer - INFO - -> Analyzing version 2.0.52 (34/60)...
2025-11-04 19:43:42,516 - BlankSpaceAnalyzer - INFO - -> Analyzing version 2.11.0 (35/60)...
2025-11-04 19:43:42,517 - BlankSpaceAnalyzer - INFO - -> Analyzing version 2.11.1 (36/60)...
2025-11-04 19:43:42,517 - BlankSpaceAnalyzer - INFO - -> Analyzing version 2.11.2 (37/60)...
2025-11-04 19:43:42,518 - BlankSpaceAnalyzer - INFO - -> Analyzing version 2.11.3 (38/60)...
2025-11-04 19:43:42,518 - BlankSpaceAnalyzer - INFO - -> Analyzing version 2.11.4 (39/60)...
2025-11-04 19:43:42,519 - BlankSpaceAnalyzer - INFO - -> Analyzing version 2.11.5 (40/60)...
2025-11-04 19:43:42,519 - BlankSpaceAnalyzer - INFO - -> Analyzing version 2.11.6 (41/60)...
2025-11-04 19:43:42,520 - BlankSpaceAnalyzer - INFO - -> Analyzing version 2.11.7 (42/60)...
2025-11-04 19:43:42,520 - BlankSpaceAnalyzer - INFO - -> Analyzing version 2.11.8 (43/60)...
2025-11-04 19:43:42,520 - BlankSpaceAnalyzer - INFO - -> Analyzing version 2.13.0 (44/60)...
2025-11-04 19:43:42,521 - BlankSpaceAnalyzer - INFO - -> Analyzing version 2.13.1 (45/60)...
2025-11-04 19:43:42,521 - BlankSpaceAnalyzer - INFO - -> Analyzing version 2.13.10 (46/60)...
2025-11-04 19:43:42,521 - BlankSpaceAnalyzer - INFO - -> Analyzing version 2.13.11 (47/60)...
2025-11-04 19:43:42,522 - BlankSpaceAnalyzer - INFO - -> Analyzing version 2.13.12 (48/60)...
2025-11-04 19:43:42,522 - BlankSpaceAnalyzer - INFO - -> Analyzing version 2.13.2 (49/60)...
2025-11-04 19:43:42,522 - BlankSpaceAnalyzer - INFO - -> Analyzing version 2.13.3 (50/60)...
2025-11-04 19:43:42,523 - BlankSpaceAnalyzer - INFO - -> Analyzing version 2.13.4 (51/60)...
2025-11-04 19:43:42,523 - BlankSpaceAnalyzer - INFO - -> Analyzing version 2.13.5 (52/60)...
2025-11-04 19:43:42,523 - BlankSpaceAnalyzer - INFO - -> Analyzing version 2.13.6 (53/60)...
2025-11-04 19:43:42,524 - BlankSpaceAnalyzer - INFO - -> Analyzing version 2.13.7 (54/60)...
2025-11-04 19:43:42,524 - BlankSpaceAnalyzer - INFO - -> Analyzing version 2.13.8 (55/60)...
2025-11-04 19:43:42,525 - BlankSpaceAnalyzer - INFO - -> Analyzing version 2.13.9 (56/60)...
2025-11-04 19:43:42,525 - BlankSpaceAnalyzer - INFO - -> Analyzing version 2.14.0 (57/60)...
2025-11-04 19:43:42,525 - BlankSpaceAnalyzer - INFO - -> Analyzing version 2.15.0 (58/60)...
2025-11-04 19:43:42,525 - BlankSpaceAnalyzer - INFO - -> Analyzing version 3.0.0 (59/60)...
2025-11-04 19:43:42,525 - BlankSpaceAnalyzer - INFO - -> Analyzing version 3.0.1 (60/60)...
2025-11-04 19:43:42,525 - BlankSpaceAnalyzer - INFO - Exporting results for '@types/koa' to CSV...
2025-11-04 19:43:42,525 - BlankSpaceAnalyzer - WARNING - No files analyzed. CSV files will be empty.
2025-11-04 19:43:42,525 - NPM_Analyzer - INFO - Cleaning temporary folder 'temp/@types_koa'...
2025-11-04 19:43:42,532 - NPM_Analyzer - INFO - Cleanup completed.
