2025-11-01 00:06:06,111 - NPM_Analyzer - INFO - Fetching metadata for '@emotion/css'...
2025-11-01 00:06:06,285 - NPM_Analyzer - INFO - Found 79 versions. Starting download into 'temp/@emotion_css'...
2025-11-01 00:07:48,860 - BlankSpaceAnalyzer - INFO - Analyzing 79 versions for '*.js' in '@emotion_css'.
2025-11-01 00:07:48,861 - BlankSpaceAnalyzer - INFO - -> Analyzing version 0.0.4 (1/79)...
2025-11-01 00:07:48,977 - BlankSpaceAnalyzer - INFO - -> Analyzing version 0.0.5 (2/79)...
2025-11-01 00:07:49,068 - BlankSpaceAnalyzer - INFO - -> Analyzing version 0.2.0 (3/79)...
2025-11-01 00:07:49,159 - BlankSpaceAnalyzer - INFO - -> Analyzing version 0.2.1 (4/79)...
2025-11-01 00:07:49,250 - BlankSpaceAnalyzer - INFO - -> Analyzing version 0.2.3 (5/79)...
2025-11-01 00:07:49,341 - BlankSpaceAnalyzer - INFO - -> Analyzing version 0.4.1 (6/79)...
2025-11-01 00:07:49,440 - BlankSpaceAnalyzer - INFO - -> Analyzing version 0.5.0 (7/79)...
2025-11-01 00:07:49,530 - BlankSpaceAnalyzer - INFO - -> Analyzing version 0.6.0 (8/79)...
2025-11-01 00:07:49,621 - BlankSpaceAnalyzer - INFO - -> Analyzing version 0.6.2 (9/79)...
2025-11-01 00:07:49,712 - BlankSpaceAnalyzer - INFO - -> Analyzing version 0.7.0 (10/79)...
2025-11-01 00:07:49,803 - BlankSpaceAnalyzer - INFO - -> Analyzing version 0.8.0 (11/79)...
2025-11-01 00:07:49,893 - BlankSpaceAnalyzer - INFO - -> Analyzing version 0.9.0 (12/79)...
2025-11-01 00:07:49,985 - BlankSpaceAnalyzer - INFO - -> Analyzing version 0.9.1 (13/79)...
2025-11-01 00:07:50,078 - BlankSpaceAnalyzer - INFO - -> Analyzing version 0.9.2 (14/79)...
2025-11-01 00:07:50,175 - BlankSpaceAnalyzer - INFO - -> Analyzing version 0.9.3 (15/79)...
2025-11-01 00:07:50,267 - BlankSpaceAnalyzer - INFO - -> Analyzing version 0.9.4 (16/79)...
2025-11-01 00:07:50,365 - BlankSpaceAnalyzer - INFO - -> Analyzing version 0.9.5 (17/79)...
2025-11-01 00:07:50,456 - BlankSpaceAnalyzer - INFO - -> Analyzing version 0.9.6 (18/79)...
2025-11-01 00:07:50,554 - BlankSpaceAnalyzer - INFO - -> Analyzing version 0.9.7 (19/79)...
2025-11-01 00:07:50,644 - BlankSpaceAnalyzer - INFO - -> Analyzing version 0.9.8 (20/79)...
2025-11-01 00:07:50,734 - BlankSpaceAnalyzer - INFO - -> Analyzing version 10.0.0 (21/79)...
2025-11-01 00:07:50,825 - BlankSpaceAnalyzer - INFO - -> Analyzing version 10.0.0-beta.0 (22/79)...
2025-11-01 00:07:50,917 - BlankSpaceAnalyzer - INFO - -> Analyzing version 10.0.0-beta.1 (23/79)...
2025-11-01 00:07:51,014 - BlankSpaceAnalyzer - INFO - -> Analyzing version 10.0.0-beta.10 (24/79)...
2025-11-01 00:07:51,113 - BlankSpaceAnalyzer - INFO - -> Analyzing version 10.0.0-beta.11 (25/79)...
2025-11-01 00:07:51,208 - BlankSpaceAnalyzer - INFO - -> Analyzing version 10.0.0-beta.12 (26/79)...
2025-11-01 00:07:51,299 - BlankSpaceAnalyzer - INFO - -> Analyzing version 10.0.0-beta.13 (27/79)...
2025-11-01 00:07:51,391 - BlankSpaceAnalyzer - INFO - -> Analyzing version 10.0.0-beta.2 (28/79)...
2025-11-01 00:07:51,486 - BlankSpaceAnalyzer - INFO - -> Analyzing version 10.0.0-beta.3 (29/79)...
2025-11-01 00:07:51,583 - BlankSpaceAnalyzer - INFO - -> Analyzing version 10.0.0-beta.4 (30/79)...
2025-11-01 00:07:51,675 - BlankSpaceAnalyzer - INFO - -> Analyzing version 10.0.0-beta.5 (31/79)...
2025-11-01 00:07:51,765 - BlankSpaceAnalyzer - INFO - -> Analyzing version 10.0.0-beta.6 (32/79)...
2025-11-01 00:07:51,857 - BlankSpaceAnalyzer - INFO - -> Analyzing version 10.0.0-beta.7 (33/79)...
2025-11-01 00:07:51,956 - BlankSpaceAnalyzer - INFO - -> Analyzing version 10.0.0-beta.8 (34/79)...
2025-11-01 00:07:52,048 - BlankSpaceAnalyzer - INFO - -> Analyzing version 10.0.0-beta.9 (35/79)...
2025-11-01 00:07:52,139 - BlankSpaceAnalyzer - INFO - -> Analyzing version 10.0.0-really-unsafe-please-do-not-use.0 (36/79)...
2025-11-01 00:07:52,237 - BlankSpaceAnalyzer - INFO - -> Analyzing version 10.0.0-really-unsafe-please-do-not-use.1 (37/79)...
2025-11-01 00:07:52,337 - BlankSpaceAnalyzer - INFO - -> Analyzing version 10.0.0-really-unsafe-please-do-not-use.2 (38/79)...
2025-11-01 00:07:52,428 - BlankSpaceAnalyzer - INFO - -> Analyzing version 10.0.12 (39/79)...
2025-11-01 00:07:52,526 - BlankSpaceAnalyzer - INFO - -> Analyzing version 10.0.14 (40/79)...
2025-11-01 00:07:52,620 - BlankSpaceAnalyzer - INFO - -> Analyzing version 10.0.2 (41/79)...
2025-11-01 00:07:52,712 - BlankSpaceAnalyzer - INFO - -> Analyzing version 10.0.22 (42/79)...
2025-11-01 00:07:52,808 - BlankSpaceAnalyzer - INFO - -> Analyzing version 10.0.27 (43/79)...
2025-11-01 00:07:52,903 - BlankSpaceAnalyzer - INFO - -> Analyzing version 10.0.3 (44/79)...
2025-11-01 00:07:52,995 - BlankSpaceAnalyzer - INFO - -> Analyzing version 10.0.4 (45/79)...
2025-11-01 00:07:53,087 - BlankSpaceAnalyzer - INFO - -> Analyzing version 10.0.5 (46/79)...
2025-11-01 00:07:53,180 - BlankSpaceAnalyzer - INFO - -> Analyzing version 10.0.6 (47/79)...
2025-11-01 00:07:53,277 - BlankSpaceAnalyzer - INFO - -> Analyzing version 10.0.7 (48/79)...
2025-11-01 00:07:53,369 - BlankSpaceAnalyzer - INFO - -> Analyzing version 10.0.8 (49/79)...
2025-11-01 00:07:53,468 - BlankSpaceAnalyzer - INFO - -> Analyzing version 10.0.9 (50/79)...
2025-11-01 00:07:53,568 - BlankSpaceAnalyzer - INFO - -> Analyzing version 11.0.0 (51/79)...
2025-11-01 00:07:53,668 - BlankSpaceAnalyzer - INFO - -> Analyzing version 11.0.0-next.0 (52/79)...
2025-11-01 00:07:53,767 - BlankSpaceAnalyzer - INFO - -> Analyzing version 11.0.0-next.1 (53/79)...
2025-11-01 00:07:53,858 - BlankSpaceAnalyzer - INFO - -> Analyzing version 11.0.0-next.10 (54/79)...
2025-11-01 00:07:53,957 - BlankSpaceAnalyzer - INFO - -> Analyzing version 11.0.0-next.11 (55/79)...
2025-11-01 00:07:54,057 - BlankSpaceAnalyzer - INFO - -> Analyzing version 11.0.0-next.12 (56/79)...
2025-11-01 00:07:54,150 - BlankSpaceAnalyzer - INFO - -> Analyzing version 11.0.0-next.13 (57/79)...
2025-11-01 00:07:54,250 - BlankSpaceAnalyzer - INFO - -> Analyzing version 11.0.0-next.14 (58/79)...
2025-11-01 00:07:54,343 - BlankSpaceAnalyzer - INFO - -> Analyzing version 11.0.0-next.15 (59/79)...
2025-11-01 00:07:54,443 - BlankSpaceAnalyzer - INFO - -> Analyzing version 11.0.0-next.16 (60/79)...
2025-11-01 00:07:54,543 - BlankSpaceAnalyzer - INFO - -> Analyzing version 11.0.0-next.17 (61/79)...
2025-11-01 00:07:54,643 - BlankSpaceAnalyzer - INFO - -> Analyzing version 11.0.0-next.19 (62/79)...
2025-11-01 00:07:54,743 - BlankSpaceAnalyzer - INFO - -> Analyzing version 11.0.0-next.3 (63/79)...
2025-11-01 00:07:54,844 - BlankSpaceAnalyzer - INFO - -> Analyzing version 11.0.0-next.6 (64/79)...
2025-11-01 00:07:54,934 - BlankSpaceAnalyzer - INFO - -> Analyzing version 11.0.0-rc.0 (65/79)...
2025-11-01 00:07:55,033 - BlankSpaceAnalyzer - INFO - -> Analyzing version 11.1.3 (66/79)...
2025-11-01 00:07:55,132 - BlankSpaceAnalyzer - INFO - -> Analyzing version 11.10.0 (67/79)...
2025-11-01 00:07:55,226 - BlankSpaceAnalyzer - INFO - -> Analyzing version 11.10.5 (68/79)...
2025-11-01 00:07:55,324 - BlankSpaceAnalyzer - INFO - -> Analyzing version 11.10.6 (69/79)...
2025-11-01 00:07:55,423 - BlankSpaceAnalyzer - INFO - -> Analyzing version 11.10.8 (70/79)...
2025-11-01 00:07:55,520 - BlankSpaceAnalyzer - INFO - -> Analyzing version 11.11.0 (71/79)...
2025-11-01 00:07:55,616 - BlankSpaceAnalyzer - INFO - -> Analyzing version 11.11.2 (72/79)...
2025-11-01 00:07:55,710 - BlankSpaceAnalyzer - INFO - -> Analyzing version 11.12.0 (73/79)...
2025-11-01 00:07:55,806 - BlankSpaceAnalyzer - INFO - -> Analyzing version 11.13.0 (74/79)...
2025-11-01 00:07:55,907 - BlankSpaceAnalyzer - INFO - -> Analyzing version 11.13.4 (75/79)...
2025-11-01 00:07:56,003 - BlankSpaceAnalyzer - INFO - -> Analyzing version 11.13.5 (76/79)...
2025-11-01 00:07:56,098 - BlankSpaceAnalyzer - INFO - -> Analyzing version 11.5.0 (77/79)...
2025-11-01 00:07:56,198 - BlankSpaceAnalyzer - INFO - -> Analyzing version 11.7.1 (78/79)...
2025-11-01 00:07:56,299 - BlankSpaceAnalyzer - INFO - -> Analyzing version 11.9.0 (79/79)...
2025-11-01 00:07:56,399 - BlankSpaceAnalyzer - INFO - Exporting results for '@emotion/css' to CSV...
2025-11-01 00:07:56,462 - BlankSpaceAnalyzer - INFO - Reports saved in: /app/npm_results/@emotion_css
2025-11-01 00:07:56,462 - NPM_Analyzer - INFO - Cleaning temporary folder 'temp/@emotion_css'...
2025-11-01 00:07:56,498 - NPM_Analyzer - INFO - Cleanup completed.
