2025-11-07 11:37:10,781 - NPM_Analyzer - INFO - Fetching metadata for 'dtrace-provider'...
2025-11-07 11:37:10,936 - NPM_Analyzer - INFO - Found 35 versions. Starting download into 'temp/dtrace-provider'...
2025-11-07 11:37:31,264 - BlankSpaceAnalyzer - INFO - Analyzing 35 versions for '*.js' in 'dtrace-provider'.
2025-11-07 11:37:31,265 - BlankSpaceAnalyzer - INFO - -> Analyzing version 0.0.1 (1/35)...
2025-11-07 11:37:31,338 - BlankSpaceAnalyzer - INFO - -> Analyzing version 0.0.2 (2/35)...
2025-11-07 11:37:31,376 - BlankSpaceAnalyzer - INFO - -> Analyzing version 0.0.3 (3/35)...
2025-11-07 11:37:31,416 - BlankSpaceAnalyzer - INFO - -> Analyzing version 0.0.4 (4/35)...
2025-11-07 11:37:31,460 - BlankSpaceAnalyzer - INFO - -> Analyzing version 0.0.5 (5/35)...
2025-11-07 11:37:31,504 - BlankSpaceAnalyzer - INFO - -> Analyzing version 0.0.6 (6/35)...
2025-11-07 11:37:31,547 - BlankSpaceAnalyzer - INFO - -> Analyzing version 0.0.7 (7/35)...
2025-11-07 11:37:31,592 - BlankSpaceAnalyzer - INFO - -> Analyzing version 0.0.8 (8/35)...
2025-11-07 11:37:31,635 - BlankSpaceAnalyzer - INFO - -> Analyzing version 0.0.9 (9/35)...
2025-11-07 11:37:31,681 - BlankSpaceAnalyzer - INFO - -> Analyzing version 0.2.0 (10/35)...
2025-11-07 11:37:31,725 - BlankSpaceAnalyzer - INFO - -> Analyzing version 0.2.1 (11/35)...
2025-11-07 11:37:31,770 - BlankSpaceAnalyzer - INFO - -> Analyzing version 0.2.2 (12/35)...
2025-11-07 11:37:31,816 - BlankSpaceAnalyzer - INFO - -> Analyzing version 0.2.3 (13/35)...
2025-11-07 11:37:31,859 - BlankSpaceAnalyzer - INFO - -> Analyzing version 0.2.4 (14/35)...
2025-11-07 11:37:31,904 - BlankSpaceAnalyzer - INFO - -> Analyzing version 0.2.5 (15/35)...
2025-11-07 11:37:31,950 - BlankSpaceAnalyzer - INFO - -> Analyzing version 0.2.6 (16/35)...
2025-11-07 11:37:31,998 - BlankSpaceAnalyzer - INFO - -> Analyzing version 0.2.7 (17/35)...
2025-11-07 11:37:32,044 - BlankSpaceAnalyzer - INFO - -> Analyzing version 0.2.8 (18/35)...
2025-11-07 11:37:32,092 - BlankSpaceAnalyzer - INFO - -> Analyzing version 0.3.0 (19/35)...
2025-11-07 11:37:32,138 - BlankSpaceAnalyzer - INFO - -> Analyzing version 0.3.1 (20/35)...
2025-11-07 11:37:32,186 - BlankSpaceAnalyzer - INFO - -> Analyzing version 0.3.2 (21/35)...
2025-11-07 11:37:32,232 - BlankSpaceAnalyzer - INFO - -> Analyzing version 0.4.0 (22/35)...
2025-11-07 11:37:32,279 - BlankSpaceAnalyzer - INFO - -> Analyzing version 0.5.0 (23/35)...
2025-11-07 11:37:32,326 - BlankSpaceAnalyzer - INFO - -> Analyzing version 0.6.0 (24/35)...
2025-11-07 11:37:32,373 - BlankSpaceAnalyzer - INFO - -> Analyzing version 0.7.0 (25/35)...
2025-11-07 11:37:32,420 - BlankSpaceAnalyzer - INFO - -> Analyzing version 0.7.1 (26/35)...
2025-11-07 11:37:32,466 - BlankSpaceAnalyzer - INFO - -> Analyzing version 0.8.0 (27/35)...
2025-11-07 11:37:32,516 - BlankSpaceAnalyzer - INFO - -> Analyzing version 0.8.1 (28/35)...
2025-11-07 11:37:32,562 - BlankSpaceAnalyzer - INFO - -> Analyzing version 0.8.2 (29/35)...
2025-11-07 11:37:32,611 - BlankSpaceAnalyzer - INFO - -> Analyzing version 0.8.3 (30/35)...
2025-11-07 11:37:32,661 - BlankSpaceAnalyzer - INFO - -> Analyzing version 0.8.4 (31/35)...
2025-11-07 11:37:32,707 - BlankSpaceAnalyzer - INFO - -> Analyzing version 0.8.5 (32/35)...
2025-11-07 11:37:32,755 - BlankSpaceAnalyzer - INFO - -> Analyzing version 0.8.6 (33/35)...
2025-11-07 11:37:32,798 - BlankSpaceAnalyzer - INFO - -> Analyzing version 0.8.7 (34/35)...
2025-11-07 11:37:32,842 - BlankSpaceAnalyzer - INFO - -> Analyzing version 0.8.8 (35/35)...
2025-11-07 11:37:32,887 - BlankSpaceAnalyzer - INFO - Exporting results for 'dtrace-provider' to CSV...
2025-11-07 11:37:32,926 - BlankSpaceAnalyzer - INFO - Reports saved in: /app/npm_results/dtrace-provider
2025-11-07 11:37:32,927 - NPM_Analyzer - INFO - Cleaning temporary folder 'temp/dtrace-provider'...
2025-11-07 11:37:32,956 - NPM_Analyzer - INFO - Cleanup completed.
