2025-10-23 10:06:34,215 - NPM_Analyzer - INFO - Fetching metadata for 'string-length'...
2025-10-23 10:06:34,310 - NPM_Analyzer - INFO - Found 14 versions. Starting download into 'temp/string-length'...
2025-10-23 10:06:39,559 - BlankSpaceAnalyzer - INFO - Analyzing 14 versions for '*.js' in 'string-length'.
2025-10-23 10:06:39,560 - BlankSpaceAnalyzer - INFO - -> Analyzing version 0.1.0 (1/14)...
2025-10-23 10:06:39,561 - BlankSpaceAnalyzer - INFO - -> Analyzing version 0.1.1 (2/14)...
2025-10-23 10:06:39,561 - BlankSpaceAnalyzer - INFO - -> Analyzing version 0.1.2 (3/14)...
2025-10-23 10:06:39,562 - BlankSpaceAnalyzer - INFO - -> Analyzing version 1.0.0 (4/14)...
2025-10-23 10:06:39,563 - BlankSpaceAnalyzer - INFO - -> Analyzing version 1.0.1 (5/14)...
2025-10-23 10:06:39,564 - BlankSpaceAnalyzer - INFO - -> Analyzing version 2.0.0 (6/14)...
2025-10-23 10:06:39,565 - BlankSpaceAnalyzer - INFO - -> Analyzing version 3.0.0 (7/14)...
2025-10-23 10:06:39,565 - BlankSpaceAnalyzer - INFO - -> Analyzing version 3.1.0 (8/14)...
2025-10-23 10:06:39,566 - BlankSpaceAnalyzer - INFO - -> Analyzing version 4.0.0 (9/14)...
2025-10-23 10:06:39,567 - BlankSpaceAnalyzer - INFO - -> Analyzing version 4.0.1 (10/14)...
2025-10-23 10:06:39,568 - BlankSpaceAnalyzer - INFO - -> Analyzing version 4.0.2 (11/14)...
2025-10-23 10:06:39,569 - BlankSpaceAnalyzer - INFO - -> Analyzing version 5.0.0 (12/14)...
2025-10-23 10:06:39,569 - BlankSpaceAnalyzer - INFO - -> Analyzing version 5.0.1 (13/14)...
2025-10-23 10:06:39,570 - BlankSpaceAnalyzer - INFO - -> Analyzing version 6.0.0 (14/14)...
2025-10-23 10:06:39,571 - BlankSpaceAnalyzer - INFO - Exporting results for 'string-length' to CSV...
2025-10-23 10:06:39,604 - BlankSpaceAnalyzer - INFO - Reports saved in: /app/npm_results/string-length
2025-10-23 10:06:39,604 - NPM_Analyzer - INFO - Cleaning temporary folder 'temp/string-length'...
2025-10-23 10:06:39,607 - NPM_Analyzer - INFO - Cleanup completed.
