2025-10-29 12:59:15,175 - INFO - Cloning https://github.com/antvis/g2...
2025-10-29 13:00:05,823 - INFO - Repository 'g2' successfully cloned to 'repos/g2'.
2025-10-29 13:00:06,118 - INFO - Starting analysis of repository g2 with extension js.
Manipulated file: None
2025-10-29 13:00:06,175 - INFO - Analyzing 270 tags for extension 'js'.
2025-10-29 13:00:06,175 - INFO - Analyzing tag 1.2.0 (1/270).
2025-10-29 13:00:07,308 - INFO - Analyzing tag 1.2.1 (2/270).
2025-10-29 13:00:07,811 - INFO - Analyzing tag 1.2.3 (3/270).
2025-10-29 13:00:08,337 - INFO - Analyzing tag 1.2.4 (4/270).
2025-10-29 13:00:09,349 - INFO - Analyzing tag 1.2.5 (5/270).
2025-10-29 13:00:09,902 - INFO - Analyzing tag 1.2.6 (6/270).
2025-10-29 13:00:10,423 - INFO - Analyzing tag 1.2.7 (7/270).
2025-10-29 13:00:10,907 - INFO - Analyzing tag 2.0.0 (8/270).
2025-10-29 13:00:11,385 - INFO - Analyzing tag 2.0.1 (9/270).
2025-10-29 13:00:11,938 - INFO - Analyzing tag 2.0.2 (10/270).
2025-10-29 13:00:12,544 - INFO - Analyzing tag 2.0.3 (11/270).
2025-10-29 13:00:13,135 - INFO - Analyzing tag 2.0.4 (12/270).
2025-10-29 13:00:13,784 - INFO - Analyzing tag 2.1.2 (13/270).
2025-10-29 13:00:14,273 - INFO - Analyzing tag 2.0.5 (14/270).
2025-10-29 13:00:14,803 - INFO - Analyzing tag 2.0.6-beta (15/270).
2025-10-29 13:00:15,298 - INFO - Analyzing tag 2.0.6-beta1 (16/270).
2025-10-29 13:00:15,894 - INFO - Analyzing tag 2.0.6-beta2 (17/270).
2025-10-29 13:00:16,398 - INFO - Analyzing tag 2.0.6-beat3 (18/270).
2025-10-29 13:00:16,904 - INFO - Analyzing tag 2.1.0-beta (19/270).
2025-10-29 13:00:17,425 - INFO - Analyzing tag 2.1.0-beta.1 (20/270).
2025-10-29 13:00:17,977 - INFO - Analyzing tag 2.0.6 (21/270).
2025-10-29 13:00:18,465 - INFO - Analyzing tag 2.1.0 (22/270).
2025-10-29 13:00:18,981 - INFO - Analyzing tag 2.1.1 (23/270).
2025-10-29 13:00:19,514 - INFO - Analyzing tag 2.1.3 (24/270).
2025-10-29 13:00:20,057 - INFO - Analyzing tag 2.1.4 (25/270).
2025-10-29 13:00:20,603 - INFO - Analyzing tag 2.1.5 (26/270).
2025-10-29 13:00:21,158 - INFO - Analyzing tag 2.2.0 (27/270).
2025-10-29 13:00:21,693 - INFO - Analyzing tag 2.2.1 (28/270).
2025-10-29 13:00:22,221 - INFO - Analyzing tag 2.2.2 (29/270).
2025-10-29 13:00:22,785 - INFO - Analyzing tag 2.2.3 (30/270).
2025-10-29 13:00:23,279 - INFO - Analyzing tag 2.2.4 (31/270).
2025-10-29 13:00:23,796 - INFO - Analyzing tag 2.2.5 (32/270).
2025-10-29 13:00:24,320 - INFO - Analyzing tag 2.2.6 (33/270).
2025-10-29 13:00:24,852 - INFO - Analyzing tag 2.2.7 (34/270).
2025-10-29 13:00:25,330 - INFO - Analyzing tag 2.3.0 (35/270).
2025-10-29 13:00:25,778 - INFO - Analyzing tag 2.3.1 (36/270).
2025-10-29 13:00:26,224 - INFO - Analyzing tag 2.3.2 (37/270).
2025-10-29 13:00:26,670 - INFO - Analyzing tag 2.3.3 (38/270).
2025-10-29 13:00:27,125 - INFO - Analyzing tag 2.3.5 (39/270).
2025-10-29 13:00:27,569 - INFO - Analyzing tag 2.3.6 (40/270).
2025-10-29 13:00:28,016 - INFO - Analyzing tag 2.3.12 (41/270).
2025-10-29 13:00:28,457 - INFO - Analyzing tag 2.3 (42/270).
2025-10-29 13:00:28,897 - INFO - Analyzing tag 2.3.13 (43/270).
2025-10-29 13:00:29,338 - INFO - Analyzing tag 3.0.1 (44/270).
2025-10-29 13:00:29,916 - INFO - Analyzing tag 3.0.2 (45/270).
2025-10-29 13:00:30,458 - INFO - Analyzing tag 3.0.3 (46/270).
2025-10-29 13:00:31,024 - INFO - Analyzing tag 3.0.4 (47/270).
2025-10-29 13:00:31,496 - INFO - Analyzing tag 3.0.5 (48/270).
2025-10-29 13:00:32,005 - INFO - Analyzing tag 3.0.6 (49/270).
2025-10-29 13:00:32,523 - INFO - Analyzing tag 3.0.8 (50/270).
2025-10-29 13:00:33,009 - INFO - Analyzing tag 3.0.9 (51/270).
2025-10-29 13:00:33,464 - INFO - Analyzing tag 3.0.10 (52/270).
2025-10-29 13:00:33,947 - INFO - Analyzing tag 3.0.12 (53/270).
2025-10-29 13:00:34,407 - INFO - Analyzing tag 3.1.0 (54/270).
2025-10-29 13:00:34,862 - INFO - Analyzing tag 3.1.1 (55/270).
2025-10-29 13:00:35,328 - INFO - Analyzing tag 3.1.2 (56/270).
2025-10-29 13:00:35,790 - INFO - Analyzing tag 3.2.0 (57/270).
2025-10-29 13:00:36,271 - INFO - Analyzing tag 3.2.1 (58/270).
2025-10-29 13:00:36,758 - INFO - Analyzing tag 3.2.2 (59/270).
2025-10-29 13:00:37,288 - INFO - Analyzing tag 3.2.3 (60/270).
2025-10-29 13:00:37,754 - INFO - Analyzing tag 3.2.4 (61/270).
2025-10-29 13:00:38,220 - INFO - Analyzing tag 3.2.5 (62/270).
2025-10-29 13:00:38,665 - INFO - Analyzing tag 3.2.6 (63/270).
2025-10-29 13:00:39,112 - INFO - Analyzing tag 3.2.7 (64/270).
2025-10-29 13:00:39,560 - INFO - Analyzing tag 3.2.8 (65/270).
2025-10-29 13:00:40,049 - INFO - Analyzing tag 3.3.0 (66/270).
2025-10-29 13:00:40,579 - INFO - Analyzing tag 3.3.1 (67/270).
2025-10-29 13:00:41,083 - INFO - Analyzing tag 3.3.2 (68/270).
2025-10-29 13:00:41,605 - INFO - Analyzing tag 3.3.3 (69/270).
2025-10-29 13:00:42,129 - INFO - Analyzing tag 3.3.4 (70/270).
2025-10-29 13:00:42,645 - INFO - Analyzing tag 3.4.0 (71/270).
2025-10-29 13:00:43,113 - INFO - Analyzing tag 3.4.1 (72/270).
2025-10-29 13:00:43,591 - INFO - Analyzing tag 3.4.2 (73/270).
2025-10-29 13:00:44,072 - INFO - Analyzing tag 3.4.3 (74/270).
2025-10-29 13:00:44,534 - INFO - Analyzing tag 3.4.4 (75/270).
2025-10-29 13:00:45,013 - INFO - Analyzing tag 3.4.5 (76/270).
2025-10-29 13:00:45,480 - INFO - Analyzing tag 3.4.6 (77/270).
2025-10-29 13:00:45,935 - INFO - Analyzing tag 3.4.7 (78/270).
2025-10-29 13:00:46,380 - INFO - Analyzing tag 3.4.8 (79/270).
2025-10-29 13:00:46,848 - INFO - Analyzing tag 3.4.9 (80/270).
2025-10-29 13:00:47,307 - INFO - Analyzing tag 3.4.10 (81/270).
2025-10-29 13:00:47,771 - INFO - Analyzing tag 3.5.0 (82/270).
2025-10-29 13:00:48,235 - INFO - Analyzing tag 3.5.1 (83/270).
2025-10-29 13:00:48,709 - INFO - Analyzing tag 3.5.2 (84/270).
2025-10-29 13:00:49,176 - INFO - Analyzing tag 3.5.3 (85/270).
2025-10-29 13:00:49,636 - INFO - Analyzing tag 3.5.4 (86/270).
2025-10-29 13:00:50,100 - INFO - Analyzing tag 3.5.5 (87/270).
2025-10-29 13:00:50,550 - INFO - Analyzing tag 3.5.6 (88/270).
2025-10-29 13:00:51,009 - INFO - Analyzing tag 3.5.7 (89/270).
2025-10-29 13:00:51,459 - INFO - Analyzing tag 3.6.0-beta.2 (90/270).
2025-10-29 13:00:51,558 - INFO - Analyzing tag 3.5.8 (91/270).
2025-10-29 13:00:52,239 - INFO - Analyzing tag 3.6.0-beta.4 (92/270).
2025-10-29 13:00:52,340 - INFO - Analyzing tag 3.5.10 (93/270).
2025-10-29 13:00:53,035 - INFO - Analyzing tag 3.5.11 (94/270).
2025-10-29 13:00:53,706 - INFO - Analyzing tag 3.5.12 (95/270).
2025-10-29 13:00:54,341 - INFO - Analyzing tag 4.0.0 (96/270).
2025-10-29 13:00:55,066 - INFO - Analyzing tag v4.0.0 (97/270).
2025-10-29 13:00:55,674 - INFO - Analyzing tag 3.5.13 (98/270).
2025-10-29 13:00:56,493 - INFO - Analyzing tag v4.0.1 (99/270).
2025-10-29 13:00:57,362 - INFO - Analyzing tag 3.6.0-beta.21 (100/270).
2025-10-29 13:00:57,532 - INFO - Analyzing tag v4.0.2 (101/270).
2025-10-29 13:00:58,236 - INFO - Analyzing tag v4.0.3 (102/270).
2025-10-29 13:00:58,959 - INFO - Analyzing tag v4.0.4 (103/270).
2025-10-29 13:00:59,544 - INFO - Analyzing tag v4.0.5 (104/270).
2025-10-29 13:01:00,094 - INFO - Analyzing tag v4.0.6 (105/270).
2025-10-29 13:01:00,660 - INFO - Analyzing tag v4.0.7 (106/270).
2025-10-29 13:01:01,255 - INFO - Analyzing tag 3.5.16 (107/270).
2025-10-29 13:01:02,218 - INFO - Analyzing tag v4.0.8 (108/270).
2025-10-29 13:01:03,106 - INFO - Analyzing tag v4.0.9 (109/270).
2025-10-29 13:01:03,852 - INFO - Analyzing tag v4.0.10 (110/270).
2025-10-29 13:01:04,445 - INFO - Analyzing tag v4.0.11 (111/270).
2025-10-29 13:01:05,027 - INFO - Analyzing tag v4.0.12 (112/270).
2025-10-29 13:01:05,582 - INFO - Analyzing tag 4.0.13 (113/270).
2025-10-29 13:01:06,146 - INFO - Analyzing tag v4.0.14 (114/270).
2025-10-29 13:01:06,735 - INFO - Analyzing tag 4.0.15 (115/270).
2025-10-29 13:01:07,295 - INFO - Analyzing tag 4.1.0-beta.1 (116/270).
2025-10-29 13:01:07,818 - INFO - Analyzing tag v4.1.0-beta.10 (117/270).
2025-10-29 13:01:08,370 - INFO - Analyzing tag 4.1.0-beta.17 (118/270).
2025-10-29 13:01:08,991 - INFO - Analyzing tag 4.1.0 (119/270).
2025-10-29 13:01:09,521 - INFO - Analyzing tag 4.1.2 (120/270).
2025-10-29 13:01:10,061 - INFO - Analyzing tag 4.1.4 (121/270).
2025-10-29 13:01:10,593 - INFO - Analyzing tag 4.1.5 (122/270).
2025-10-29 13:01:11,110 - INFO - Analyzing tag 4.1.6 (123/270).
2025-10-29 13:01:11,616 - INFO - Analyzing tag 4.1.7 (124/270).
2025-10-29 13:01:12,142 - INFO - Analyzing tag v4.1.8 (125/270).
2025-10-29 13:01:12,682 - INFO - Analyzing tag 4.1.10 (126/270).
2025-10-29 13:01:13,191 - INFO - Analyzing tag 4.1.11 (127/270).
2025-10-29 13:01:13,738 - INFO - Analyzing tag 4.1.12 (128/270).
2025-10-29 13:01:14,271 - INFO - Analyzing tag 4.1.13 (129/270).
2025-10-29 13:01:14,790 - INFO - Analyzing tag v4.1.14 (130/270).
2025-10-29 13:01:15,496 - INFO - Analyzing tag 4.1.14 (131/270).
2025-10-29 13:01:16,026 - INFO - Analyzing tag 4.1.15 (132/270).
2025-10-29 13:01:16,539 - INFO - Analyzing tag 4.1.17 (133/270).
2025-10-29 13:01:17,101 - INFO - Analyzing tag 4.1.18 (134/270).
2025-10-29 13:01:17,624 - INFO - Analyzing tag 4.1.19 (135/270).
2025-10-29 13:01:18,147 - INFO - Analyzing tag 4.1.20 (136/270).
2025-10-29 13:01:18,668 - INFO - Analyzing tag 4.1.21 (137/270).
2025-10-29 13:01:19,183 - INFO - Analyzing tag 4.1.22 (138/270).
2025-10-29 13:01:19,686 - INFO - Analyzing tag 4.1.23 (139/270).
2025-10-29 13:01:20,194 - INFO - Analyzing tag 4.1.24 (140/270).
2025-10-29 13:01:20,689 - INFO - Analyzing tag 4.1.25 (141/270).
2025-10-29 13:01:21,183 - INFO - Analyzing tag 4.1.26 (142/270).
2025-10-29 13:01:21,699 - INFO - Analyzing tag 4.1.27 (143/270).
2025-10-29 13:01:22,203 - INFO - Analyzing tag 4.1.28 (144/270).
2025-10-29 13:01:22,728 - INFO - Analyzing tag 4.1.29 (145/270).
2025-10-29 13:01:23,259 - INFO - Analyzing tag 4.1.30 (146/270).
2025-10-29 13:01:23,779 - INFO - Analyzing tag 3.5.18 (147/270).
2025-10-29 13:01:24,572 - INFO - Analyzing tag 3.5.19 (148/270).
2025-10-29 13:01:25,093 - INFO - Analyzing tag 4.1.31 (149/270).
2025-10-29 13:01:25,778 - INFO - Analyzing tag 4.1.32 (150/270).
2025-10-29 13:01:26,422 - INFO - Analyzing tag 4.1.34 (151/270).
2025-10-29 13:01:27,052 - INFO - Analyzing tag v4.2.0 (152/270).
2025-10-29 13:01:27,544 - INFO - Analyzing tag 4.1.35 (153/270).
2025-10-29 13:01:28,053 - INFO - Analyzing tag 4.1.36 (154/270).
2025-10-29 13:01:28,613 - INFO - Analyzing tag 4.1.37 (155/270).
2025-10-29 13:01:29,123 - INFO - Analyzing tag 4.1.38 (156/270).
2025-10-29 13:01:29,632 - INFO - Analyzing tag 4.1.39 (157/270).
2025-10-29 13:01:30,145 - INFO - Analyzing tag 4.1.40 (158/270).
2025-10-29 13:01:30,663 - INFO - Analyzing tag 4.1.41 (159/270).
2025-10-29 13:01:31,174 - INFO - Analyzing tag 4.1.42 (160/270).
2025-10-29 13:01:31,693 - INFO - Analyzing tag 4.1.44 (161/270).
2025-10-29 13:01:32,200 - INFO - Analyzing tag 4.1.45 (162/270).
2025-10-29 13:01:32,709 - INFO - Analyzing tag 4.1.46 (163/270).
2025-10-29 13:01:33,216 - INFO - Analyzing tag 4.1.47 (164/270).
2025-10-29 13:01:33,730 - INFO - Analyzing tag 4.1.48 (165/270).
2025-10-29 13:01:34,254 - INFO - Analyzing tag 4.1.49 (166/270).
2025-10-29 13:01:34,763 - INFO - Analyzing tag 4.1.50 (167/270).
2025-10-29 13:01:35,278 - INFO - Analyzing tag 4.2.0 (168/270).
2025-10-29 13:01:35,776 - INFO - Analyzing tag 4.2.1 (169/270).
2025-10-29 13:01:36,303 - INFO - Analyzing tag 4.2.3 (170/270).
2025-10-29 13:01:36,818 - INFO - Analyzing tag 4.2.4 (171/270).
2025-10-29 13:01:37,338 - INFO - Analyzing tag 4.2.5 (172/270).
2025-10-29 13:01:37,865 - INFO - Analyzing tag 4.2.6 (173/270).
2025-10-29 13:01:38,374 - INFO - Analyzing tag 5.0.0-alpha.0 (174/270).
2025-10-29 13:01:39,071 - INFO - Analyzing tag 4.2.7 (175/270).
2025-10-29 13:01:39,779 - INFO - Analyzing tag 5.0.0-alpha.1 (176/270).
2025-10-29 13:01:40,443 - INFO - Analyzing tag 4.2.8 (177/270).
2025-10-29 13:01:41,198 - INFO - Analyzing tag 5.0.0-alpha.2 (178/270).
2025-10-29 13:01:41,879 - INFO - Analyzing tag 5.0.0-alpha.3 (179/270).
2025-10-29 13:01:42,543 - INFO - Analyzing tag 5.0.0-alpha.4 (180/270).
2025-10-29 13:01:43,212 - INFO - Analyzing tag 5.0.0-beta.1 (181/270).
2025-10-29 13:01:43,886 - INFO - Analyzing tag 5.0.0-beta.2 (182/270).
2025-10-29 13:01:44,532 - INFO - Analyzing tag 5.0.0-beta.3 (183/270).
2025-10-29 13:01:45,078 - INFO - Analyzing tag 5.0.0-beta.4 (184/270).
2025-10-29 13:01:45,667 - INFO - Analyzing tag 5.0.0-beta.5 (185/270).
2025-10-29 13:01:46,236 - INFO - Analyzing tag 5.0.0-beta.6 (186/270).
2025-10-29 13:01:46,871 - INFO - Analyzing tag 5.0.0-beta.7 (187/270).
2025-10-29 13:01:47,490 - INFO - Analyzing tag 5.0.0-beta.8 (188/270).
2025-10-29 13:01:48,082 - INFO - Analyzing tag 4.2.9 (189/270).
2025-10-29 13:01:49,022 - INFO - Analyzing tag 5.0.0-beta.9 (190/270).
2025-10-29 13:01:49,909 - INFO - Analyzing tag 5.0.0-beta.10 (191/270).
2025-10-29 13:01:50,711 - INFO - Analyzing tag 5.0.0-beta.11 (192/270).
2025-10-29 13:01:51,276 - INFO - Analyzing tag 5.0.0-beta.12 (193/270).
2025-10-29 13:01:51,880 - INFO - Analyzing tag 5.0.0-beta.13 (194/270).
2025-10-29 13:01:52,519 - INFO - Analyzing tag 5.0.0-rc.1 (195/270).
2025-10-29 13:01:53,164 - INFO - Analyzing tag v4.2.10 (196/270).
2025-10-29 13:01:53,861 - INFO - Analyzing tag 5.0.0-rc.2 (197/270).
2025-10-29 13:01:54,523 - INFO - Analyzing tag 5.0.0 (198/270).
2025-10-29 13:01:55,226 - INFO - Analyzing tag 5.0.1 (199/270).
2025-10-29 13:01:55,875 - INFO - Analyzing tag 5.0.2 (200/270).
2025-10-29 13:01:56,461 - INFO - Analyzing tag 5.0.3 (201/270).
2025-10-29 13:01:56,970 - INFO - Analyzing tag 5.0.4 (202/270).
2025-10-29 13:01:57,516 - INFO - Analyzing tag 5.0.5 (203/270).
2025-10-29 13:01:58,036 - INFO - Analyzing tag 5.0.6 (204/270).
2025-10-29 13:01:58,590 - INFO - Analyzing tag 5.0.7 (205/270).
2025-10-29 13:01:59,130 - INFO - Analyzing tag 5.0.8 (206/270).
2025-10-29 13:01:59,717 - INFO - Analyzing tag 5.0.9 (207/270).
2025-10-29 13:02:00,509 - INFO - Analyzing tag 5.0.10 (208/270).
2025-10-29 13:02:01,162 - INFO - Analyzing tag 5.0.11 (209/270).
2025-10-29 13:02:01,711 - INFO - Analyzing tag 5.0.12 (210/270).
2025-10-29 13:02:02,276 - INFO - Analyzing tag 5.0.13 (211/270).
2025-10-29 13:02:02,960 - INFO - Analyzing tag 5.0.14 (212/270).
2025-10-29 13:02:03,561 - INFO - Analyzing tag 5.0.15 (213/270).
2025-10-29 13:02:04,096 - INFO - Analyzing tag 5.0.16 (214/270).
2025-10-29 13:02:04,641 - INFO - Analyzing tag 5.0.17 (215/270).
2025-10-29 13:02:05,223 - INFO - Analyzing tag 5.0.18 (216/270).
2025-10-29 13:02:05,799 - INFO - Analyzing tag 5.0.19 (217/270).
2025-10-29 13:02:06,414 - INFO - Analyzing tag 5.0.20 (218/270).
2025-10-29 13:02:06,955 - INFO - Analyzing tag 0.5.21 (219/270).
2025-10-29 13:02:07,502 - INFO - Analyzing tag 5.0.22 (220/270).
2025-10-29 13:02:08,039 - INFO - Analyzing tag 5.0.23 (221/270).
2025-10-29 13:02:09,000 - INFO - Analyzing tag 5.0.24 (222/270).
2025-10-29 13:02:09,787 - INFO - Analyzing tag 5.1.0 (223/270).
2025-10-29 13:02:10,394 - INFO - Analyzing tag 5.1.1 (224/270).
2025-10-29 13:02:10,990 - INFO - Analyzing tag 5.1.2 (225/270).
2025-10-29 13:02:11,539 - INFO - Analyzing tag 5.1.3 (226/270).
2025-10-29 13:02:12,064 - INFO - Analyzing tag 5.1.4 (227/270).
2025-10-29 13:02:12,636 - INFO - Analyzing tag 5.1.5-beta.0 (228/270).
2025-10-29 13:02:13,168 - INFO - Analyzing tag 5.1.5 (229/270).
2025-10-29 13:02:13,705 - INFO - Analyzing tag 5.1.6-beta.0 (230/270).
2025-10-29 13:02:14,236 - INFO - Analyzing tag 5.1.6 (231/270).
2025-10-29 13:02:14,773 - INFO - Analyzing tag 5.1.7 (232/270).
2025-10-29 13:02:15,373 - INFO - Analyzing tag 5.1.8 (233/270).
2025-10-29 13:02:16,202 - INFO - Analyzing tag 5.1.9 (234/270).
2025-10-29 13:02:17,252 - INFO - Analyzing tag 5.1.10 (235/270).
2025-10-29 13:02:17,840 - INFO - Analyzing tag 5.1.11 (236/270).
2025-10-29 13:02:18,419 - INFO - Analyzing tag 5.1.12 (237/270).
2025-10-29 13:02:19,021 - INFO - Analyzing tag 5.1.13 (238/270).
2025-10-29 13:02:19,580 - INFO - Analyzing tag 5.1.14 (239/270).
2025-10-29 13:02:20,141 - INFO - Analyzing tag 5.1.15 (240/270).
2025-10-29 13:02:20,714 - INFO - Analyzing tag 4.2.11 (241/270).
2025-10-29 13:02:21,582 - INFO - Analyzing tag 5.1.16 (242/270).
2025-10-29 13:02:22,597 - INFO - Analyzing tag 5.1.17 (243/270).
2025-10-29 13:02:23,187 - INFO - Analyzing tag 5.1.18 (244/270).
2025-10-29 13:02:23,960 - INFO - Analyzing tag 5.1.19 (245/270).
2025-10-29 13:02:24,920 - INFO - Analyzing tag 5.1.21 (246/270).
2025-10-29 13:02:25,544 - INFO - Analyzing tag 5.1.22 (247/270).
2025-10-29 13:02:26,084 - INFO - Analyzing tag 5.1.23 (248/270).
2025-10-29 13:02:26,632 - INFO - Analyzing tag 5.2.0 (249/270).
2025-10-29 13:02:27,178 - INFO - Analyzing tag 5.2.1 (250/270).
2025-10-29 13:02:27,725 - INFO - Analyzing tag 5.2.2 (251/270).
2025-10-29 13:02:28,286 - INFO - Analyzing tag 5.2.3 (252/270).
2025-10-29 13:02:28,920 - INFO - Analyzing tag 5.2.4 (253/270).
2025-10-29 13:02:29,447 - INFO - Analyzing tag 5.2.5 (254/270).
2025-10-29 13:02:29,972 - INFO - Analyzing tag 5.2.6 (255/270).
2025-10-29 13:02:30,542 - INFO - Analyzing tag 5.2.7 (256/270).
2025-10-29 13:02:31,078 - INFO - Analyzing tag 5.2.8 (257/270).
2025-10-29 13:02:31,610 - INFO - Analyzing tag 5.2.9 (258/270).
2025-10-29 13:02:32,330 - INFO - Analyzing tag 5.2.10 (259/270).
2025-10-29 13:02:33,229 - INFO - Analyzing tag 5.2.11 (260/270).
2025-10-29 13:02:33,758 - INFO - Analyzing tag v5.2.12 (261/270).
2025-10-29 13:02:34,423 - INFO - Analyzing tag 5.3.0 (262/270).
2025-10-29 13:02:35,215 - INFO - Analyzing tag 5.3.2 (263/270).
2025-10-29 13:02:36,159 - INFO - Analyzing tag 5.3.3 (264/270).
2025-10-29 13:02:36,883 - INFO - Analyzing tag 5.3.4 (265/270).
2025-10-29 13:02:37,775 - INFO - Analyzing tag 5.3.5 (266/270).
2025-10-29 13:02:38,411 - INFO - Analyzing tag 5.4.0 (267/270).
2025-10-29 13:02:39,040 - INFO - Analyzing tag 4.2.12 (268/270).
2025-10-29 13:02:39,938 - INFO - Analyzing tag 5.4.1 (269/270).
2025-10-29 13:02:40,971 - INFO - Analyzing tag 5.4.2 (270/270).
2025-10-29 13:02:41,940 - INFO - Exporting BlankSpaceAnalyzer results to CSV...
2025-10-29 13:02:42,266 - INFO - Blank Space Ratio report saved to: analytics/g2/manipulated_blank_space/blank_space_ratio.csv
2025-10-29 13:02:42,267 - INFO - Max Line Length report saved to: analytics/g2/manipulated_blank_space/blank_space_max_line_length.csv
2025-10-29 13:02:42,267 - INFO - Results saved in: analytics/g2/manipulated_blank_space
