2025-10-23 12:11:16,761 - NPM_Analyzer - INFO - Fetching metadata for 'istanbul-lib-source-maps'...
2025-10-23 12:11:16,868 - NPM_Analyzer - INFO - Found 42 versions. Starting download into 'temp/istanbul-lib-source-maps'...
2025-10-23 12:11:36,037 - BlankSpaceAnalyzer - INFO - Analyzing 42 versions for '*.js' in 'istanbul-lib-source-maps'.
2025-10-23 12:11:36,038 - BlankSpaceAnalyzer - INFO - -> Analyzing version 1.0.0 (1/42)...
2025-10-23 12:11:36,107 - BlankSpaceAnalyzer - INFO - -> Analyzing version 1.0.0-alpha.1 (2/42)...
2025-10-23 12:11:36,148 - BlankSpaceAnalyzer - INFO - -> Analyzing version 1.0.0-alpha.10 (3/42)...
2025-10-23 12:11:36,192 - BlankSpaceAnalyzer - INFO - -> Analyzing version 1.0.0-alpha.2 (4/42)...
2025-10-23 12:11:36,237 - BlankSpaceAnalyzer - INFO - -> Analyzing version 1.0.0-alpha.3 (5/42)...
2025-10-23 12:11:36,282 - BlankSpaceAnalyzer - INFO - -> Analyzing version 1.0.0-alpha.4 (6/42)...
2025-10-23 12:11:36,327 - BlankSpaceAnalyzer - INFO - -> Analyzing version 1.0.0-alpha.5 (7/42)...
2025-10-23 12:11:36,373 - BlankSpaceAnalyzer - INFO - -> Analyzing version 1.0.0-alpha.7 (8/42)...
2025-10-23 12:11:36,420 - BlankSpaceAnalyzer - INFO - -> Analyzing version 1.0.0-alpha.8 (9/42)...
2025-10-23 12:11:36,468 - BlankSpaceAnalyzer - INFO - -> Analyzing version 1.0.0-alpha.9 (10/42)...
2025-10-23 12:11:36,513 - BlankSpaceAnalyzer - INFO - -> Analyzing version 1.0.1 (11/42)...
2025-10-23 12:11:36,558 - BlankSpaceAnalyzer - INFO - -> Analyzing version 1.0.2 (12/42)...
2025-10-23 12:11:36,604 - BlankSpaceAnalyzer - INFO - -> Analyzing version 1.1.0 (13/42)...
2025-10-23 12:11:36,649 - BlankSpaceAnalyzer - INFO - -> Analyzing version 1.1.1 (14/42)...
2025-10-23 12:11:36,694 - BlankSpaceAnalyzer - INFO - -> Analyzing version 1.2.0 (15/42)...
2025-10-23 12:11:36,740 - BlankSpaceAnalyzer - INFO - -> Analyzing version 1.2.1 (16/42)...
2025-10-23 12:11:36,786 - BlankSpaceAnalyzer - INFO - -> Analyzing version 1.2.2 (17/42)...
2025-10-23 12:11:36,832 - BlankSpaceAnalyzer - INFO - -> Analyzing version 1.2.3 (18/42)...
2025-10-23 12:11:36,878 - BlankSpaceAnalyzer - INFO - -> Analyzing version 1.2.4 (19/42)...
2025-10-23 12:11:36,924 - BlankSpaceAnalyzer - INFO - -> Analyzing version 1.2.5 (20/42)...
2025-10-23 12:11:36,969 - BlankSpaceAnalyzer - INFO - -> Analyzing version 1.2.6 (21/42)...
2025-10-23 12:11:37,015 - BlankSpaceAnalyzer - INFO - -> Analyzing version 2.0.0 (22/42)...
2025-10-23 12:11:37,061 - BlankSpaceAnalyzer - INFO - -> Analyzing version 2.0.1 (23/42)...
2025-10-23 12:11:37,107 - BlankSpaceAnalyzer - INFO - -> Analyzing version 3.0.0 (24/42)...
2025-10-23 12:11:37,152 - BlankSpaceAnalyzer - INFO - -> Analyzing version 3.0.1 (25/42)...
2025-10-23 12:11:37,197 - BlankSpaceAnalyzer - INFO - -> Analyzing version 3.0.2 (26/42)...
2025-10-23 12:11:37,243 - BlankSpaceAnalyzer - INFO - -> Analyzing version 3.0.3 (27/42)...
2025-10-23 12:11:37,290 - BlankSpaceAnalyzer - INFO - -> Analyzing version 3.0.4 (28/42)...
2025-10-23 12:11:37,335 - BlankSpaceAnalyzer - INFO - -> Analyzing version 3.0.5 (29/42)...
2025-10-23 12:11:37,381 - BlankSpaceAnalyzer - INFO - -> Analyzing version 3.0.6 (30/42)...
2025-10-23 12:11:37,426 - BlankSpaceAnalyzer - INFO - -> Analyzing version 4.0.0 (31/42)...
2025-10-23 12:11:37,472 - BlankSpaceAnalyzer - INFO - -> Analyzing version 4.0.0-alpha.0 (32/42)...
2025-10-23 12:11:37,518 - BlankSpaceAnalyzer - INFO - -> Analyzing version 4.0.0-alpha.1 (33/42)...
2025-10-23 12:11:37,563 - BlankSpaceAnalyzer - INFO - -> Analyzing version 4.0.0-alpha.2 (34/42)...
2025-10-23 12:11:37,609 - BlankSpaceAnalyzer - INFO - -> Analyzing version 4.0.0-alpha.3 (35/42)...
2025-10-23 12:11:37,655 - BlankSpaceAnalyzer - INFO - -> Analyzing version 4.0.0-alpha.4 (36/42)...
2025-10-23 12:11:37,702 - BlankSpaceAnalyzer - INFO - -> Analyzing version 4.0.0-alpha.5 (37/42)...
2025-10-23 12:11:37,748 - BlankSpaceAnalyzer - INFO - -> Analyzing version 4.0.1 (38/42)...
2025-10-23 12:11:37,794 - BlankSpaceAnalyzer - INFO - -> Analyzing version 5.0.0 (39/42)...
2025-10-23 12:11:37,841 - BlankSpaceAnalyzer - INFO - -> Analyzing version 5.0.4 (40/42)...
2025-10-23 12:11:37,886 - BlankSpaceAnalyzer - INFO - -> Analyzing version 5.0.5 (41/42)...
2025-10-23 12:11:37,931 - BlankSpaceAnalyzer - INFO - -> Analyzing version 5.0.6 (42/42)...
2025-10-23 12:11:37,978 - BlankSpaceAnalyzer - INFO - Exporting results for 'istanbul-lib-source-maps' to CSV...
2025-10-23 12:11:38,017 - BlankSpaceAnalyzer - INFO - Reports saved in: /app/npm_results/istanbul-lib-source-maps
2025-10-23 12:11:38,018 - NPM_Analyzer - INFO - Cleaning temporary folder 'temp/istanbul-lib-source-maps'...
2025-10-23 12:11:38,028 - NPM_Analyzer - INFO - Cleanup completed.
