2025-11-08 12:01:29,047 - NPM_Analyzer - INFO - Fetching metadata for 'vfile-location'...
2025-11-08 12:01:29,217 - NPM_Analyzer - INFO - Found 18 versions. Starting download into 'temp/vfile-location'...
2025-11-08 12:01:36,148 - BlankSpaceAnalyzer - INFO - Analyzing 18 versions for '*.js' in 'vfile-location'.
2025-11-08 12:01:36,148 - BlankSpaceAnalyzer - INFO - -> Analyzing version 2.0.0 (1/18)...
2025-11-08 12:01:36,149 - BlankSpaceAnalyzer - INFO - -> Analyzing version 2.0.1 (2/18)...
2025-11-08 12:01:36,150 - BlankSpaceAnalyzer - INFO - -> Analyzing version 2.0.2 (3/18)...
2025-11-08 12:01:36,151 - BlankSpaceAnalyzer - INFO - -> Analyzing version 2.0.3 (4/18)...
2025-11-08 12:01:36,152 - BlankSpaceAnalyzer - INFO - -> Analyzing version 2.0.4 (5/18)...
2025-11-08 12:01:36,153 - BlankSpaceAnalyzer - INFO - -> Analyzing version 2.0.5 (6/18)...
2025-11-08 12:01:36,154 - BlankSpaceAnalyzer - INFO - -> Analyzing version 2.0.6 (7/18)...
2025-11-08 12:01:36,155 - BlankSpaceAnalyzer - INFO - -> Analyzing version 3.0.0 (8/18)...
2025-11-08 12:01:36,156 - BlankSpaceAnalyzer - INFO - -> Analyzing version 3.0.1 (9/18)...
2025-11-08 12:01:36,157 - BlankSpaceAnalyzer - INFO - -> Analyzing version 3.1.0 (10/18)...
2025-11-08 12:01:36,158 - BlankSpaceAnalyzer - INFO - -> Analyzing version 3.2.0 (11/18)...
2025-11-08 12:01:36,159 - BlankSpaceAnalyzer - INFO - -> Analyzing version 4.0.0 (12/18)...
2025-11-08 12:01:36,160 - BlankSpaceAnalyzer - INFO - -> Analyzing version 4.0.1 (13/18)...
2025-11-08 12:01:36,160 - BlankSpaceAnalyzer - INFO - -> Analyzing version 4.1.0 (14/18)...
2025-11-08 12:01:36,229 - BlankSpaceAnalyzer - INFO - -> Analyzing version 5.0.0 (15/18)...
2025-11-08 12:01:36,276 - BlankSpaceAnalyzer - INFO - -> Analyzing version 5.0.1 (16/18)...
2025-11-08 12:01:36,323 - BlankSpaceAnalyzer - INFO - -> Analyzing version 5.0.2 (17/18)...
2025-11-08 12:01:36,369 - BlankSpaceAnalyzer - INFO - -> Analyzing version 5.0.3 (18/18)...
2025-11-08 12:01:36,416 - BlankSpaceAnalyzer - INFO - Exporting results for 'vfile-location' to CSV...
2025-11-08 12:01:36,433 - BlankSpaceAnalyzer - INFO - Reports saved in: /app/npm_results/vfile-location
2025-11-08 12:01:36,433 - NPM_Analyzer - INFO - Cleaning temporary folder 'temp/vfile-location'...
2025-11-08 12:01:36,435 - NPM_Analyzer - INFO - Cleanup completed.
2025-11-08 23:42:27,016 - NPM_Analyzer - INFO - Fetching metadata for 'vfile-location'...
2025-11-08 23:42:27,084 - NPM_Analyzer - INFO - Found 18 versions. Starting download into 'temp/vfile-location'...
2025-11-08 23:42:31,308 - BlankSpaceAnalyzer - INFO - Analyzing 18 versions for '*.js' in 'vfile-location'.
2025-11-08 23:42:31,309 - BlankSpaceAnalyzer - INFO - -> Analyzing version 2.0.0 (1/18)...
2025-11-08 23:42:31,310 - BlankSpaceAnalyzer - INFO - -> Analyzing version 2.0.1 (2/18)...
2025-11-08 23:42:31,311 - BlankSpaceAnalyzer - INFO - -> Analyzing version 2.0.2 (3/18)...
2025-11-08 23:42:31,312 - BlankSpaceAnalyzer - INFO - -> Analyzing version 2.0.3 (4/18)...
2025-11-08 23:42:31,313 - BlankSpaceAnalyzer - INFO - -> Analyzing version 2.0.4 (5/18)...
2025-11-08 23:42:31,313 - BlankSpaceAnalyzer - INFO - -> Analyzing version 2.0.5 (6/18)...
2025-11-08 23:42:31,314 - BlankSpaceAnalyzer - INFO - -> Analyzing version 2.0.6 (7/18)...
2025-11-08 23:42:31,315 - BlankSpaceAnalyzer - INFO - -> Analyzing version 3.0.0 (8/18)...
2025-11-08 23:42:31,316 - BlankSpaceAnalyzer - INFO - -> Analyzing version 3.0.1 (9/18)...
2025-11-08 23:42:31,317 - BlankSpaceAnalyzer - INFO - -> Analyzing version 3.1.0 (10/18)...
2025-11-08 23:42:31,318 - BlankSpaceAnalyzer - INFO - -> Analyzing version 3.2.0 (11/18)...
2025-11-08 23:42:31,319 - BlankSpaceAnalyzer - INFO - -> Analyzing version 4.0.0 (12/18)...
2025-11-08 23:42:31,320 - BlankSpaceAnalyzer - INFO - -> Analyzing version 4.0.1 (13/18)...
2025-11-08 23:42:31,321 - BlankSpaceAnalyzer - INFO - -> Analyzing version 4.1.0 (14/18)...
2025-11-08 23:42:31,381 - BlankSpaceAnalyzer - INFO - -> Analyzing version 5.0.0 (15/18)...
2025-11-08 23:42:31,419 - BlankSpaceAnalyzer - INFO - -> Analyzing version 5.0.1 (16/18)...
2025-11-08 23:42:31,456 - BlankSpaceAnalyzer - INFO - -> Analyzing version 5.0.2 (17/18)...
2025-11-08 23:42:31,494 - BlankSpaceAnalyzer - INFO - -> Analyzing version 5.0.3 (18/18)...
2025-11-08 23:42:31,534 - BlankSpaceAnalyzer - INFO - Exporting results for 'vfile-location' to CSV...
2025-11-08 23:42:31,551 - BlankSpaceAnalyzer - INFO - Reports saved in: /app/npm_results/vfile-location
2025-11-08 23:42:31,551 - NPM_Analyzer - INFO - Cleaning temporary folder 'temp/vfile-location'...
2025-11-08 23:42:31,554 - NPM_Analyzer - INFO - Cleanup completed.
2025-11-09 10:04:31,840 - NPM_Analyzer - INFO - Fetching metadata for 'vfile-location'...
2025-11-09 10:04:31,912 - NPM_Analyzer - INFO - Found 18 versions. Starting download into 'temp/vfile-location'...
2025-11-09 10:04:36,295 - BlankSpaceAnalyzer - INFO - Analyzing 18 versions for '*.js' in 'vfile-location'.
2025-11-09 10:04:36,295 - BlankSpaceAnalyzer - INFO - -> Analyzing version 2.0.0 (1/18)...
2025-11-09 10:04:36,296 - BlankSpaceAnalyzer - INFO - -> Analyzing version 2.0.1 (2/18)...
2025-11-09 10:04:36,298 - BlankSpaceAnalyzer - INFO - -> Analyzing version 2.0.2 (3/18)...
2025-11-09 10:04:36,298 - BlankSpaceAnalyzer - INFO - -> Analyzing version 2.0.3 (4/18)...
2025-11-09 10:04:36,299 - BlankSpaceAnalyzer - INFO - -> Analyzing version 2.0.4 (5/18)...
2025-11-09 10:04:36,300 - BlankSpaceAnalyzer - INFO - -> Analyzing version 2.0.5 (6/18)...
2025-11-09 10:04:36,301 - BlankSpaceAnalyzer - INFO - -> Analyzing version 2.0.6 (7/18)...
2025-11-09 10:04:36,302 - BlankSpaceAnalyzer - INFO - -> Analyzing version 3.0.0 (8/18)...
2025-11-09 10:04:36,303 - BlankSpaceAnalyzer - INFO - -> Analyzing version 3.0.1 (9/18)...
2025-11-09 10:04:36,305 - BlankSpaceAnalyzer - INFO - -> Analyzing version 3.1.0 (10/18)...
2025-11-09 10:04:36,306 - BlankSpaceAnalyzer - INFO - -> Analyzing version 3.2.0 (11/18)...
2025-11-09 10:04:36,307 - BlankSpaceAnalyzer - INFO - -> Analyzing version 4.0.0 (12/18)...
2025-11-09 10:04:36,308 - BlankSpaceAnalyzer - INFO - -> Analyzing version 4.0.1 (13/18)...
2025-11-09 10:04:36,309 - BlankSpaceAnalyzer - INFO - -> Analyzing version 4.1.0 (14/18)...
2025-11-09 10:04:36,368 - BlankSpaceAnalyzer - INFO - -> Analyzing version 5.0.0 (15/18)...
2025-11-09 10:04:36,406 - BlankSpaceAnalyzer - INFO - -> Analyzing version 5.0.1 (16/18)...
2025-11-09 10:04:36,444 - BlankSpaceAnalyzer - INFO - -> Analyzing version 5.0.2 (17/18)...
2025-11-09 10:04:36,482 - BlankSpaceAnalyzer - INFO - -> Analyzing version 5.0.3 (18/18)...
2025-11-09 10:04:36,520 - BlankSpaceAnalyzer - INFO - Exporting results for 'vfile-location' to CSV...
2025-11-09 10:04:36,537 - BlankSpaceAnalyzer - INFO - Reports saved in: /app/npm_results/vfile-location
2025-11-09 10:04:36,537 - NPM_Analyzer - INFO - Cleaning temporary folder 'temp/vfile-location'...
2025-11-09 10:04:36,539 - NPM_Analyzer - INFO - Cleanup completed.
2025-11-09 20:39:05,211 - NPM_Analyzer - INFO - Fetching metadata for 'vfile-location'...
2025-11-09 20:39:05,357 - NPM_Analyzer - INFO - Found 18 versions. Starting download into 'temp/vfile-location'...
2025-11-09 20:39:09,865 - BlankSpaceAnalyzer - INFO - Analyzing 18 versions for '*.js' in 'vfile-location'.
2025-11-09 20:39:09,865 - BlankSpaceAnalyzer - INFO - -> Analyzing version 2.0.0 (1/18)...
2025-11-09 20:39:09,865 - BlankSpaceAnalyzer - INFO - -> Analyzing version 2.0.1 (2/18)...
2025-11-09 20:39:09,866 - BlankSpaceAnalyzer - INFO - -> Analyzing version 2.0.2 (3/18)...
2025-11-09 20:39:09,866 - BlankSpaceAnalyzer - INFO - -> Analyzing version 2.0.3 (4/18)...
2025-11-09 20:39:09,866 - BlankSpaceAnalyzer - INFO - -> Analyzing version 2.0.4 (5/18)...
2025-11-09 20:39:09,866 - BlankSpaceAnalyzer - INFO - -> Analyzing version 2.0.5 (6/18)...
2025-11-09 20:39:09,867 - BlankSpaceAnalyzer - INFO - -> Analyzing version 2.0.6 (7/18)...
2025-11-09 20:39:09,867 - BlankSpaceAnalyzer - INFO - -> Analyzing version 3.0.0 (8/18)...
2025-11-09 20:39:09,867 - BlankSpaceAnalyzer - INFO - -> Analyzing version 3.0.1 (9/18)...
2025-11-09 20:39:09,867 - BlankSpaceAnalyzer - INFO - -> Analyzing version 3.1.0 (10/18)...
2025-11-09 20:39:09,868 - BlankSpaceAnalyzer - INFO - -> Analyzing version 3.2.0 (11/18)...
2025-11-09 20:39:09,868 - BlankSpaceAnalyzer - INFO - -> Analyzing version 4.0.0 (12/18)...
2025-11-09 20:39:09,868 - BlankSpaceAnalyzer - INFO - -> Analyzing version 4.0.1 (13/18)...
2025-11-09 20:39:09,868 - BlankSpaceAnalyzer - INFO - -> Analyzing version 4.1.0 (14/18)...
2025-11-09 20:39:09,911 - BlankSpaceAnalyzer - INFO - -> Analyzing version 5.0.0 (15/18)...
2025-11-09 20:39:09,951 - BlankSpaceAnalyzer - INFO - -> Analyzing version 5.0.1 (16/18)...
2025-11-09 20:39:09,989 - BlankSpaceAnalyzer - INFO - -> Analyzing version 5.0.2 (17/18)...
2025-11-09 20:39:10,028 - BlankSpaceAnalyzer - INFO - -> Analyzing version 5.0.3 (18/18)...
2025-11-09 20:39:10,067 - BlankSpaceAnalyzer - INFO - Exporting results for 'vfile-location' to CSV...
2025-11-09 20:39:10,083 - BlankSpaceAnalyzer - INFO - Reports saved in: /app/npm_results/vfile-location
2025-11-09 20:39:10,083 - NPM_Analyzer - INFO - Cleaning temporary folder 'temp/vfile-location'...
2025-11-09 20:39:10,086 - NPM_Analyzer - INFO - Cleanup completed.
2025-11-10 06:59:05,124 - NPM_Analyzer - INFO - Fetching metadata for 'vfile-location'...
2025-11-10 06:59:05,266 - NPM_Analyzer - INFO - Found 18 versions. Starting download into 'temp/vfile-location'...
2025-11-10 06:59:09,278 - BlankSpaceAnalyzer - INFO - Analyzing 18 versions for '*.js' in 'vfile-location'.
2025-11-10 06:59:09,278 - BlankSpaceAnalyzer - INFO - -> Analyzing version 2.0.0 (1/18)...
2025-11-10 06:59:09,279 - BlankSpaceAnalyzer - INFO - -> Analyzing version 2.0.1 (2/18)...
2025-11-10 06:59:09,280 - BlankSpaceAnalyzer - INFO - -> Analyzing version 2.0.2 (3/18)...
2025-11-10 06:59:09,281 - BlankSpaceAnalyzer - INFO - -> Analyzing version 2.0.3 (4/18)...
2025-11-10 06:59:09,282 - BlankSpaceAnalyzer - INFO - -> Analyzing version 2.0.4 (5/18)...
2025-11-10 06:59:09,283 - BlankSpaceAnalyzer - INFO - -> Analyzing version 2.0.5 (6/18)...
2025-11-10 06:59:09,283 - BlankSpaceAnalyzer - INFO - -> Analyzing version 2.0.6 (7/18)...
2025-11-10 06:59:09,284 - BlankSpaceAnalyzer - INFO - -> Analyzing version 3.0.0 (8/18)...
2025-11-10 06:59:09,285 - BlankSpaceAnalyzer - INFO - -> Analyzing version 3.0.1 (9/18)...
2025-11-10 06:59:09,286 - BlankSpaceAnalyzer - INFO - -> Analyzing version 3.1.0 (10/18)...
2025-11-10 06:59:09,287 - BlankSpaceAnalyzer - INFO - -> Analyzing version 3.2.0 (11/18)...
2025-11-10 06:59:09,288 - BlankSpaceAnalyzer - INFO - -> Analyzing version 4.0.0 (12/18)...
2025-11-10 06:59:09,289 - BlankSpaceAnalyzer - INFO - -> Analyzing version 4.0.1 (13/18)...
2025-11-10 06:59:09,290 - BlankSpaceAnalyzer - INFO - -> Analyzing version 4.1.0 (14/18)...
2025-11-10 06:59:09,347 - BlankSpaceAnalyzer - INFO - -> Analyzing version 5.0.0 (15/18)...
2025-11-10 06:59:09,387 - BlankSpaceAnalyzer - INFO - -> Analyzing version 5.0.1 (16/18)...
2025-11-10 06:59:09,426 - BlankSpaceAnalyzer - INFO - -> Analyzing version 5.0.2 (17/18)...
2025-11-10 06:59:09,465 - BlankSpaceAnalyzer - INFO - -> Analyzing version 5.0.3 (18/18)...
2025-11-10 06:59:09,503 - BlankSpaceAnalyzer - INFO - Exporting results for 'vfile-location' to CSV...
2025-11-10 06:59:09,520 - BlankSpaceAnalyzer - INFO - Reports saved in: /app/npm_results/vfile-location
2025-11-10 06:59:09,520 - NPM_Analyzer - INFO - Cleaning temporary folder 'temp/vfile-location'...
2025-11-10 06:59:09,522 - NPM_Analyzer - INFO - Cleanup completed.
2025-11-10 17:15:37,174 - NPM_Analyzer - INFO - Fetching metadata for 'vfile-location'...
2025-11-10 17:15:37,333 - NPM_Analyzer - INFO - Found 18 versions. Starting download into 'temp/vfile-location'...
2025-11-10 17:15:42,065 - BlankSpaceAnalyzer - INFO - Analyzing 18 versions for '*.js' in 'vfile-location'.
2025-11-10 17:15:42,065 - BlankSpaceAnalyzer - INFO - -> Analyzing version 2.0.0 (1/18)...
2025-11-10 17:15:42,066 - BlankSpaceAnalyzer - INFO - -> Analyzing version 2.0.1 (2/18)...
2025-11-10 17:15:42,067 - BlankSpaceAnalyzer - INFO - -> Analyzing version 2.0.2 (3/18)...
2025-11-10 17:15:42,068 - BlankSpaceAnalyzer - INFO - -> Analyzing version 2.0.3 (4/18)...
2025-11-10 17:15:42,069 - BlankSpaceAnalyzer - INFO - -> Analyzing version 2.0.4 (5/18)...
2025-11-10 17:15:42,070 - BlankSpaceAnalyzer - INFO - -> Analyzing version 2.0.5 (6/18)...
2025-11-10 17:15:42,071 - BlankSpaceAnalyzer - INFO - -> Analyzing version 2.0.6 (7/18)...
2025-11-10 17:15:42,072 - BlankSpaceAnalyzer - INFO - -> Analyzing version 3.0.0 (8/18)...
2025-11-10 17:15:42,073 - BlankSpaceAnalyzer - INFO - -> Analyzing version 3.0.1 (9/18)...
2025-11-10 17:15:42,074 - BlankSpaceAnalyzer - INFO - -> Analyzing version 3.1.0 (10/18)...
2025-11-10 17:15:42,075 - BlankSpaceAnalyzer - INFO - -> Analyzing version 3.2.0 (11/18)...
2025-11-10 17:15:42,076 - BlankSpaceAnalyzer - INFO - -> Analyzing version 4.0.0 (12/18)...
2025-11-10 17:15:42,077 - BlankSpaceAnalyzer - INFO - -> Analyzing version 4.0.1 (13/18)...
2025-11-10 17:15:42,078 - BlankSpaceAnalyzer - INFO - -> Analyzing version 4.1.0 (14/18)...
2025-11-10 17:15:42,137 - BlankSpaceAnalyzer - INFO - -> Analyzing version 5.0.0 (15/18)...
2025-11-10 17:15:42,176 - BlankSpaceAnalyzer - INFO - -> Analyzing version 5.0.1 (16/18)...
2025-11-10 17:15:42,215 - BlankSpaceAnalyzer - INFO - -> Analyzing version 5.0.2 (17/18)...
2025-11-10 17:15:42,254 - BlankSpaceAnalyzer - INFO - -> Analyzing version 5.0.3 (18/18)...
2025-11-10 17:15:42,293 - BlankSpaceAnalyzer - INFO - Exporting results for 'vfile-location' to CSV...
2025-11-10 17:15:42,310 - BlankSpaceAnalyzer - INFO - Reports saved in: /app/npm_results/vfile-location
2025-11-10 17:15:42,310 - NPM_Analyzer - INFO - Cleaning temporary folder 'temp/vfile-location'...
2025-11-10 17:15:42,313 - NPM_Analyzer - INFO - Cleanup completed.
2025-11-11 03:44:50,682 - NPM_Analyzer - INFO - Fetching metadata for 'vfile-location'...
2025-11-11 03:44:50,832 - NPM_Analyzer - INFO - Found 18 versions. Starting download into 'temp/vfile-location'...
2025-11-11 03:44:54,786 - BlankSpaceAnalyzer - INFO - Analyzing 18 versions for '*.js' in 'vfile-location'.
2025-11-11 03:44:54,786 - BlankSpaceAnalyzer - INFO - -> Analyzing version 2.0.0 (1/18)...
2025-11-11 03:44:54,788 - BlankSpaceAnalyzer - INFO - -> Analyzing version 2.0.1 (2/18)...
2025-11-11 03:44:54,789 - BlankSpaceAnalyzer - INFO - -> Analyzing version 2.0.2 (3/18)...
2025-11-11 03:44:54,789 - BlankSpaceAnalyzer - INFO - -> Analyzing version 2.0.3 (4/18)...
2025-11-11 03:44:54,790 - BlankSpaceAnalyzer - INFO - -> Analyzing version 2.0.4 (5/18)...
2025-11-11 03:44:54,791 - BlankSpaceAnalyzer - INFO - -> Analyzing version 2.0.5 (6/18)...
2025-11-11 03:44:54,792 - BlankSpaceAnalyzer - INFO - -> Analyzing version 2.0.6 (7/18)...
2025-11-11 03:44:54,793 - BlankSpaceAnalyzer - INFO - -> Analyzing version 3.0.0 (8/18)...
2025-11-11 03:44:54,794 - BlankSpaceAnalyzer - INFO - -> Analyzing version 3.0.1 (9/18)...
2025-11-11 03:44:54,795 - BlankSpaceAnalyzer - INFO - -> Analyzing version 3.1.0 (10/18)...
2025-11-11 03:44:54,796 - BlankSpaceAnalyzer - INFO - -> Analyzing version 3.2.0 (11/18)...
2025-11-11 03:44:54,797 - BlankSpaceAnalyzer - INFO - -> Analyzing version 4.0.0 (12/18)...
2025-11-11 03:44:54,798 - BlankSpaceAnalyzer - INFO - -> Analyzing version 4.0.1 (13/18)...
2025-11-11 03:44:54,799 - BlankSpaceAnalyzer - INFO - -> Analyzing version 4.1.0 (14/18)...
2025-11-11 03:44:54,858 - BlankSpaceAnalyzer - INFO - -> Analyzing version 5.0.0 (15/18)...
2025-11-11 03:44:54,897 - BlankSpaceAnalyzer - INFO - -> Analyzing version 5.0.1 (16/18)...
2025-11-11 03:44:54,937 - BlankSpaceAnalyzer - INFO - -> Analyzing version 5.0.2 (17/18)...
2025-11-11 03:44:54,977 - BlankSpaceAnalyzer - INFO - -> Analyzing version 5.0.3 (18/18)...
2025-11-11 03:44:55,017 - BlankSpaceAnalyzer - INFO - Exporting results for 'vfile-location' to CSV...
2025-11-11 03:44:55,034 - BlankSpaceAnalyzer - INFO - Reports saved in: /app/npm_results/vfile-location
2025-11-11 03:44:55,034 - NPM_Analyzer - INFO - Cleaning temporary folder 'temp/vfile-location'...
2025-11-11 03:44:55,037 - NPM_Analyzer - INFO - Cleanup completed.
2025-11-11 14:03:27,605 - NPM_Analyzer - INFO - Fetching metadata for 'vfile-location'...
2025-11-11 14:03:27,766 - NPM_Analyzer - INFO - Found 18 versions. Starting download into 'temp/vfile-location'...
2025-11-11 14:03:31,758 - BlankSpaceAnalyzer - INFO - Analyzing 18 versions for '*.js' in 'vfile-location'.
2025-11-11 14:03:31,758 - BlankSpaceAnalyzer - INFO - -> Analyzing version 2.0.0 (1/18)...
2025-11-11 14:03:31,758 - BlankSpaceAnalyzer - INFO - -> Analyzing version 2.0.1 (2/18)...
2025-11-11 14:03:31,759 - BlankSpaceAnalyzer - INFO - -> Analyzing version 2.0.2 (3/18)...
2025-11-11 14:03:31,759 - BlankSpaceAnalyzer - INFO - -> Analyzing version 2.0.3 (4/18)...
2025-11-11 14:03:31,759 - BlankSpaceAnalyzer - INFO - -> Analyzing version 2.0.4 (5/18)...
2025-11-11 14:03:31,759 - BlankSpaceAnalyzer - INFO - -> Analyzing version 2.0.5 (6/18)...
2025-11-11 14:03:31,760 - BlankSpaceAnalyzer - INFO - -> Analyzing version 2.0.6 (7/18)...
2025-11-11 14:03:31,760 - BlankSpaceAnalyzer - INFO - -> Analyzing version 3.0.0 (8/18)...
2025-11-11 14:03:31,760 - BlankSpaceAnalyzer - INFO - -> Analyzing version 3.0.1 (9/18)...
2025-11-11 14:03:31,761 - BlankSpaceAnalyzer - INFO - -> Analyzing version 3.1.0 (10/18)...
2025-11-11 14:03:31,761 - BlankSpaceAnalyzer - INFO - -> Analyzing version 3.2.0 (11/18)...
2025-11-11 14:03:31,761 - BlankSpaceAnalyzer - INFO - -> Analyzing version 4.0.0 (12/18)...
2025-11-11 14:03:31,762 - BlankSpaceAnalyzer - INFO - -> Analyzing version 4.0.1 (13/18)...
2025-11-11 14:03:31,762 - BlankSpaceAnalyzer - INFO - -> Analyzing version 4.1.0 (14/18)...
2025-11-11 14:03:31,802 - BlankSpaceAnalyzer - INFO - -> Analyzing version 5.0.0 (15/18)...
2025-11-11 14:03:31,837 - BlankSpaceAnalyzer - INFO - -> Analyzing version 5.0.1 (16/18)...
2025-11-11 14:03:31,874 - BlankSpaceAnalyzer - INFO - -> Analyzing version 5.0.2 (17/18)...
2025-11-11 14:03:31,912 - BlankSpaceAnalyzer - INFO - -> Analyzing version 5.0.3 (18/18)...
2025-11-11 14:03:31,950 - BlankSpaceAnalyzer - INFO - Exporting results for 'vfile-location' to CSV...
2025-11-11 14:03:31,967 - BlankSpaceAnalyzer - INFO - Reports saved in: /app/npm_results/vfile-location
2025-11-11 14:03:31,968 - NPM_Analyzer - INFO - Cleaning temporary folder 'temp/vfile-location'...
2025-11-11 14:03:31,970 - NPM_Analyzer - INFO - Cleanup completed.
2025-11-12 00:54:05,902 - NPM_Analyzer - INFO - Fetching metadata for 'vfile-location'...
2025-11-12 00:54:06,052 - NPM_Analyzer - INFO - Found 18 versions. Starting download into 'temp/vfile-location'...
2025-11-12 00:54:10,153 - BlankSpaceAnalyzer - INFO - Analyzing 18 versions for '*.js' in 'vfile-location'.
2025-11-12 00:54:10,153 - BlankSpaceAnalyzer - INFO - -> Analyzing version 2.0.0 (1/18)...
2025-11-12 00:54:10,154 - BlankSpaceAnalyzer - INFO - -> Analyzing version 2.0.1 (2/18)...
2025-11-12 00:54:10,154 - BlankSpaceAnalyzer - INFO - -> Analyzing version 2.0.2 (3/18)...
2025-11-12 00:54:10,155 - BlankSpaceAnalyzer - INFO - -> Analyzing version 2.0.3 (4/18)...
2025-11-12 00:54:10,155 - BlankSpaceAnalyzer - INFO - -> Analyzing version 2.0.4 (5/18)...
2025-11-12 00:54:10,155 - BlankSpaceAnalyzer - INFO - -> Analyzing version 2.0.5 (6/18)...
2025-11-12 00:54:10,156 - BlankSpaceAnalyzer - INFO - -> Analyzing version 2.0.6 (7/18)...
2025-11-12 00:54:10,156 - BlankSpaceAnalyzer - INFO - -> Analyzing version 3.0.0 (8/18)...
2025-11-12 00:54:10,157 - BlankSpaceAnalyzer - INFO - -> Analyzing version 3.0.1 (9/18)...
2025-11-12 00:54:10,157 - BlankSpaceAnalyzer - INFO - -> Analyzing version 3.1.0 (10/18)...
2025-11-12 00:54:10,158 - BlankSpaceAnalyzer - INFO - -> Analyzing version 3.2.0 (11/18)...
2025-11-12 00:54:10,159 - BlankSpaceAnalyzer - INFO - -> Analyzing version 4.0.0 (12/18)...
2025-11-12 00:54:10,159 - BlankSpaceAnalyzer - INFO - -> Analyzing version 4.0.1 (13/18)...
2025-11-12 00:54:10,160 - BlankSpaceAnalyzer - INFO - -> Analyzing version 4.1.0 (14/18)...
2025-11-12 00:54:10,212 - BlankSpaceAnalyzer - INFO - -> Analyzing version 5.0.0 (15/18)...
2025-11-12 00:54:10,248 - BlankSpaceAnalyzer - INFO - -> Analyzing version 5.0.1 (16/18)...
2025-11-12 00:54:10,284 - BlankSpaceAnalyzer - INFO - -> Analyzing version 5.0.2 (17/18)...
2025-11-12 00:54:10,320 - BlankSpaceAnalyzer - INFO - -> Analyzing version 5.0.3 (18/18)...
2025-11-12 00:54:10,355 - BlankSpaceAnalyzer - INFO - Exporting results for 'vfile-location' to CSV...
2025-11-12 00:54:10,372 - BlankSpaceAnalyzer - INFO - Reports saved in: /app/npm_results/vfile-location
2025-11-12 00:54:10,372 - NPM_Analyzer - INFO - Cleaning temporary folder 'temp/vfile-location'...
2025-11-12 00:54:10,374 - NPM_Analyzer - INFO - Cleanup completed.
2025-11-12 11:22:36,734 - NPM_Analyzer - INFO - Fetching metadata for 'vfile-location'...
2025-11-12 11:22:36,849 - NPM_Analyzer - INFO - Found 18 versions. Starting download into 'temp/vfile-location'...
2025-11-12 11:22:40,901 - BlankSpaceAnalyzer - INFO - Analyzing 18 versions for '*.js' in 'vfile-location'.
2025-11-12 11:22:40,901 - BlankSpaceAnalyzer - INFO - -> Analyzing version 2.0.0 (1/18)...
2025-11-12 11:22:40,902 - BlankSpaceAnalyzer - INFO - -> Analyzing version 2.0.1 (2/18)...
2025-11-12 11:22:40,903 - BlankSpaceAnalyzer - INFO - -> Analyzing version 2.0.2 (3/18)...
2025-11-12 11:22:40,904 - BlankSpaceAnalyzer - INFO - -> Analyzing version 2.0.3 (4/18)...
2025-11-12 11:22:40,905 - BlankSpaceAnalyzer - INFO - -> Analyzing version 2.0.4 (5/18)...
2025-11-12 11:22:40,906 - BlankSpaceAnalyzer - INFO - -> Analyzing version 2.0.5 (6/18)...
2025-11-12 11:22:40,907 - BlankSpaceAnalyzer - INFO - -> Analyzing version 2.0.6 (7/18)...
2025-11-12 11:22:40,908 - BlankSpaceAnalyzer - INFO - -> Analyzing version 3.0.0 (8/18)...
2025-11-12 11:22:40,909 - BlankSpaceAnalyzer - INFO - -> Analyzing version 3.0.1 (9/18)...
2025-11-12 11:22:40,910 - BlankSpaceAnalyzer - INFO - -> Analyzing version 3.1.0 (10/18)...
2025-11-12 11:22:40,911 - BlankSpaceAnalyzer - INFO - -> Analyzing version 3.2.0 (11/18)...
2025-11-12 11:22:40,912 - BlankSpaceAnalyzer - INFO - -> Analyzing version 4.0.0 (12/18)...
2025-11-12 11:22:40,913 - BlankSpaceAnalyzer - INFO - -> Analyzing version 4.0.1 (13/18)...
2025-11-12 11:22:40,914 - BlankSpaceAnalyzer - INFO - -> Analyzing version 4.1.0 (14/18)...
2025-11-12 11:22:40,971 - BlankSpaceAnalyzer - INFO - -> Analyzing version 5.0.0 (15/18)...
2025-11-12 11:22:41,005 - BlankSpaceAnalyzer - INFO - -> Analyzing version 5.0.1 (16/18)...
2025-11-12 11:22:41,040 - BlankSpaceAnalyzer - INFO - -> Analyzing version 5.0.2 (17/18)...
2025-11-12 11:22:41,075 - BlankSpaceAnalyzer - INFO - -> Analyzing version 5.0.3 (18/18)...
2025-11-12 11:22:41,110 - BlankSpaceAnalyzer - INFO - Exporting results for 'vfile-location' to CSV...
2025-11-12 11:22:41,127 - BlankSpaceAnalyzer - INFO - Reports saved in: /app/npm_results/vfile-location
2025-11-12 11:22:41,127 - NPM_Analyzer - INFO - Cleaning temporary folder 'temp/vfile-location'...
2025-11-12 11:22:41,130 - NPM_Analyzer - INFO - Cleanup completed.
2025-11-12 22:06:31,916 - NPM_Analyzer - INFO - Fetching metadata for 'vfile-location'...
2025-11-12 22:06:32,072 - NPM_Analyzer - INFO - Found 18 versions. Starting download into 'temp/vfile-location'...
2025-11-12 22:06:36,146 - BlankSpaceAnalyzer - INFO - Analyzing 18 versions for '*.js' in 'vfile-location'.
2025-11-12 22:06:36,146 - BlankSpaceAnalyzer - INFO - -> Analyzing version 2.0.0 (1/18)...
2025-11-12 22:06:36,147 - BlankSpaceAnalyzer - INFO - -> Analyzing version 2.0.1 (2/18)...
2025-11-12 22:06:36,148 - BlankSpaceAnalyzer - INFO - -> Analyzing version 2.0.2 (3/18)...
2025-11-12 22:06:36,149 - BlankSpaceAnalyzer - INFO - -> Analyzing version 2.0.3 (4/18)...
2025-11-12 22:06:36,150 - BlankSpaceAnalyzer - INFO - -> Analyzing version 2.0.4 (5/18)...
2025-11-12 22:06:36,151 - BlankSpaceAnalyzer - INFO - -> Analyzing version 2.0.5 (6/18)...
2025-11-12 22:06:36,152 - BlankSpaceAnalyzer - INFO - -> Analyzing version 2.0.6 (7/18)...
2025-11-12 22:06:36,153 - BlankSpaceAnalyzer - INFO - -> Analyzing version 3.0.0 (8/18)...
2025-11-12 22:06:36,154 - BlankSpaceAnalyzer - INFO - -> Analyzing version 3.0.1 (9/18)...
2025-11-12 22:06:36,156 - BlankSpaceAnalyzer - INFO - -> Analyzing version 3.1.0 (10/18)...
2025-11-12 22:06:36,157 - BlankSpaceAnalyzer - INFO - -> Analyzing version 3.2.0 (11/18)...
2025-11-12 22:06:36,158 - BlankSpaceAnalyzer - INFO - -> Analyzing version 4.0.0 (12/18)...
2025-11-12 22:06:36,159 - BlankSpaceAnalyzer - INFO - -> Analyzing version 4.0.1 (13/18)...
2025-11-12 22:06:36,161 - BlankSpaceAnalyzer - INFO - -> Analyzing version 4.1.0 (14/18)...
2025-11-12 22:06:36,217 - BlankSpaceAnalyzer - INFO - -> Analyzing version 5.0.0 (15/18)...
2025-11-12 22:06:36,255 - BlankSpaceAnalyzer - INFO - -> Analyzing version 5.0.1 (16/18)...
2025-11-12 22:06:36,292 - BlankSpaceAnalyzer - INFO - -> Analyzing version 5.0.2 (17/18)...
2025-11-12 22:06:36,329 - BlankSpaceAnalyzer - INFO - -> Analyzing version 5.0.3 (18/18)...
2025-11-12 22:06:36,366 - BlankSpaceAnalyzer - INFO - Exporting results for 'vfile-location' to CSV...
2025-11-12 22:06:36,383 - BlankSpaceAnalyzer - INFO - Reports saved in: /app/npm_results/vfile-location
2025-11-12 22:06:36,383 - NPM_Analyzer - INFO - Cleaning temporary folder 'temp/vfile-location'...
2025-11-12 22:06:36,385 - NPM_Analyzer - INFO - Cleanup completed.
2025-11-13 08:32:55,766 - NPM_Analyzer - INFO - Fetching metadata for 'vfile-location'...
2025-11-13 08:32:55,920 - NPM_Analyzer - INFO - Found 18 versions. Starting download into 'temp/vfile-location'...
2025-11-13 08:33:00,222 - BlankSpaceAnalyzer - INFO - Analyzing 18 versions for '*.js' in 'vfile-location'.
2025-11-13 08:33:00,222 - BlankSpaceAnalyzer - INFO - -> Analyzing version 2.0.0 (1/18)...
2025-11-13 08:33:00,223 - BlankSpaceAnalyzer - INFO - -> Analyzing version 2.0.1 (2/18)...
2025-11-13 08:33:00,224 - BlankSpaceAnalyzer - INFO - -> Analyzing version 2.0.2 (3/18)...
2025-11-13 08:33:00,225 - BlankSpaceAnalyzer - INFO - -> Analyzing version 2.0.3 (4/18)...
2025-11-13 08:33:00,226 - BlankSpaceAnalyzer - INFO - -> Analyzing version 2.0.4 (5/18)...
2025-11-13 08:33:00,226 - BlankSpaceAnalyzer - INFO - -> Analyzing version 2.0.5 (6/18)...
2025-11-13 08:33:00,227 - BlankSpaceAnalyzer - INFO - -> Analyzing version 2.0.6 (7/18)...
2025-11-13 08:33:00,228 - BlankSpaceAnalyzer - INFO - -> Analyzing version 3.0.0 (8/18)...
2025-11-13 08:33:00,229 - BlankSpaceAnalyzer - INFO - -> Analyzing version 3.0.1 (9/18)...
2025-11-13 08:33:00,230 - BlankSpaceAnalyzer - INFO - -> Analyzing version 3.1.0 (10/18)...
2025-11-13 08:33:00,231 - BlankSpaceAnalyzer - INFO - -> Analyzing version 3.2.0 (11/18)...
2025-11-13 08:33:00,232 - BlankSpaceAnalyzer - INFO - -> Analyzing version 4.0.0 (12/18)...
2025-11-13 08:33:00,233 - BlankSpaceAnalyzer - INFO - -> Analyzing version 4.0.1 (13/18)...
2025-11-13 08:33:00,234 - BlankSpaceAnalyzer - INFO - -> Analyzing version 4.1.0 (14/18)...
2025-11-13 08:33:00,293 - BlankSpaceAnalyzer - INFO - -> Analyzing version 5.0.0 (15/18)...
2025-11-13 08:33:00,331 - BlankSpaceAnalyzer - INFO - -> Analyzing version 5.0.1 (16/18)...
2025-11-13 08:33:00,367 - BlankSpaceAnalyzer - INFO - -> Analyzing version 5.0.2 (17/18)...
2025-11-13 08:33:00,403 - BlankSpaceAnalyzer - INFO - -> Analyzing version 5.0.3 (18/18)...
2025-11-13 08:33:00,440 - BlankSpaceAnalyzer - INFO - Exporting results for 'vfile-location' to CSV...
2025-11-13 08:33:00,457 - BlankSpaceAnalyzer - INFO - Reports saved in: /app/npm_results/vfile-location
2025-11-13 08:33:00,457 - NPM_Analyzer - INFO - Cleaning temporary folder 'temp/vfile-location'...
2025-11-13 08:33:00,459 - NPM_Analyzer - INFO - Cleanup completed.
2025-11-13 19:05:04,469 - NPM_Analyzer - INFO - Fetching metadata for 'vfile-location'...
2025-11-13 19:05:04,660 - NPM_Analyzer - INFO - Found 18 versions. Starting download into 'temp/vfile-location'...
2025-11-13 19:05:09,029 - BlankSpaceAnalyzer - INFO - Analyzing 18 versions for '*.js' in 'vfile-location'.
2025-11-13 19:05:09,029 - BlankSpaceAnalyzer - INFO - -> Analyzing version 2.0.0 (1/18)...
2025-11-13 19:05:09,029 - BlankSpaceAnalyzer - INFO - -> Analyzing version 2.0.1 (2/18)...
2025-11-13 19:05:09,030 - BlankSpaceAnalyzer - INFO - -> Analyzing version 2.0.2 (3/18)...
2025-11-13 19:05:09,030 - BlankSpaceAnalyzer - INFO - -> Analyzing version 2.0.3 (4/18)...
2025-11-13 19:05:09,030 - BlankSpaceAnalyzer - INFO - -> Analyzing version 2.0.4 (5/18)...
2025-11-13 19:05:09,030 - BlankSpaceAnalyzer - INFO - -> Analyzing version 2.0.5 (6/18)...
2025-11-13 19:05:09,031 - BlankSpaceAnalyzer - INFO - -> Analyzing version 2.0.6 (7/18)...
2025-11-13 19:05:09,031 - BlankSpaceAnalyzer - INFO - -> Analyzing version 3.0.0 (8/18)...
2025-11-13 19:05:09,031 - BlankSpaceAnalyzer - INFO - -> Analyzing version 3.0.1 (9/18)...
2025-11-13 19:05:09,031 - BlankSpaceAnalyzer - INFO - -> Analyzing version 3.1.0 (10/18)...
2025-11-13 19:05:09,032 - BlankSpaceAnalyzer - INFO - -> Analyzing version 3.2.0 (11/18)...
2025-11-13 19:05:09,032 - BlankSpaceAnalyzer - INFO - -> Analyzing version 4.0.0 (12/18)...
2025-11-13 19:05:09,032 - BlankSpaceAnalyzer - INFO - -> Analyzing version 4.0.1 (13/18)...
2025-11-13 19:05:09,033 - BlankSpaceAnalyzer - INFO - -> Analyzing version 4.1.0 (14/18)...
2025-11-13 19:05:09,103 - BlankSpaceAnalyzer - INFO - -> Analyzing version 5.0.0 (15/18)...
2025-11-13 19:05:09,165 - BlankSpaceAnalyzer - INFO - -> Analyzing version 5.0.1 (16/18)...
2025-11-13 19:05:09,217 - BlankSpaceAnalyzer - INFO - -> Analyzing version 5.0.2 (17/18)...
2025-11-13 19:05:09,282 - BlankSpaceAnalyzer - INFO - -> Analyzing version 5.0.3 (18/18)...
2025-11-13 19:05:09,336 - BlankSpaceAnalyzer - INFO - Exporting results for 'vfile-location' to CSV...
2025-11-13 19:05:09,353 - BlankSpaceAnalyzer - INFO - Reports saved in: /app/npm_results/vfile-location
2025-11-13 19:05:09,353 - NPM_Analyzer - INFO - Cleaning temporary folder 'temp/vfile-location'...
2025-11-13 19:05:09,355 - NPM_Analyzer - INFO - Cleanup completed.
2025-11-14 05:36:13,379 - NPM_Analyzer - INFO - Fetching metadata for 'vfile-location'...
2025-11-14 05:36:13,677 - NPM_Analyzer - INFO - Found 18 versions. Starting download into 'temp/vfile-location'...
2025-11-14 05:36:17,763 - BlankSpaceAnalyzer - INFO - Analyzing 18 versions for '*.js' in 'vfile-location'.
2025-11-14 05:36:17,764 - BlankSpaceAnalyzer - INFO - -> Analyzing version 2.0.0 (1/18)...
2025-11-14 05:36:17,765 - BlankSpaceAnalyzer - INFO - -> Analyzing version 2.0.1 (2/18)...
2025-11-14 05:36:17,766 - BlankSpaceAnalyzer - INFO - -> Analyzing version 2.0.2 (3/18)...
2025-11-14 05:36:17,766 - BlankSpaceAnalyzer - INFO - -> Analyzing version 2.0.3 (4/18)...
2025-11-14 05:36:17,767 - BlankSpaceAnalyzer - INFO - -> Analyzing version 2.0.4 (5/18)...
2025-11-14 05:36:17,768 - BlankSpaceAnalyzer - INFO - -> Analyzing version 2.0.5 (6/18)...
2025-11-14 05:36:17,769 - BlankSpaceAnalyzer - INFO - -> Analyzing version 2.0.6 (7/18)...
2025-11-14 05:36:17,770 - BlankSpaceAnalyzer - INFO - -> Analyzing version 3.0.0 (8/18)...
2025-11-14 05:36:17,771 - BlankSpaceAnalyzer - INFO - -> Analyzing version 3.0.1 (9/18)...
2025-11-14 05:36:17,772 - BlankSpaceAnalyzer - INFO - -> Analyzing version 3.1.0 (10/18)...
2025-11-14 05:36:17,773 - BlankSpaceAnalyzer - INFO - -> Analyzing version 3.2.0 (11/18)...
2025-11-14 05:36:17,774 - BlankSpaceAnalyzer - INFO - -> Analyzing version 4.0.0 (12/18)...
2025-11-14 05:36:17,775 - BlankSpaceAnalyzer - INFO - -> Analyzing version 4.0.1 (13/18)...
2025-11-14 05:36:17,776 - BlankSpaceAnalyzer - INFO - -> Analyzing version 4.1.0 (14/18)...
2025-11-14 05:36:17,832 - BlankSpaceAnalyzer - INFO - -> Analyzing version 5.0.0 (15/18)...
2025-11-14 05:36:17,868 - BlankSpaceAnalyzer - INFO - -> Analyzing version 5.0.1 (16/18)...
2025-11-14 05:36:17,904 - BlankSpaceAnalyzer - INFO - -> Analyzing version 5.0.2 (17/18)...
2025-11-14 05:36:17,941 - BlankSpaceAnalyzer - INFO - -> Analyzing version 5.0.3 (18/18)...
2025-11-14 05:36:17,977 - BlankSpaceAnalyzer - INFO - Exporting results for 'vfile-location' to CSV...
2025-11-14 05:36:17,994 - BlankSpaceAnalyzer - INFO - Reports saved in: /app/npm_results/vfile-location
2025-11-14 05:36:17,994 - NPM_Analyzer - INFO - Cleaning temporary folder 'temp/vfile-location'...
2025-11-14 05:36:17,996 - NPM_Analyzer - INFO - Cleanup completed.
2025-11-14 16:01:29,909 - NPM_Analyzer - INFO - Fetching metadata for 'vfile-location'...
2025-11-14 16:01:30,031 - NPM_Analyzer - INFO - Found 18 versions. Starting download into 'temp/vfile-location'...
2025-11-14 16:01:34,102 - BlankSpaceAnalyzer - INFO - Analyzing 18 versions for '*.js' in 'vfile-location'.
2025-11-14 16:01:34,102 - BlankSpaceAnalyzer - INFO - -> Analyzing version 2.0.0 (1/18)...
2025-11-14 16:01:34,104 - BlankSpaceAnalyzer - INFO - -> Analyzing version 2.0.1 (2/18)...
2025-11-14 16:01:34,105 - BlankSpaceAnalyzer - INFO - -> Analyzing version 2.0.2 (3/18)...
2025-11-14 16:01:34,106 - BlankSpaceAnalyzer - INFO - -> Analyzing version 2.0.3 (4/18)...
2025-11-14 16:01:34,107 - BlankSpaceAnalyzer - INFO - -> Analyzing version 2.0.4 (5/18)...
2025-11-14 16:01:34,108 - BlankSpaceAnalyzer - INFO - -> Analyzing version 2.0.5 (6/18)...
2025-11-14 16:01:34,109 - BlankSpaceAnalyzer - INFO - -> Analyzing version 2.0.6 (7/18)...
2025-11-14 16:01:34,110 - BlankSpaceAnalyzer - INFO - -> Analyzing version 3.0.0 (8/18)...
2025-11-14 16:01:34,111 - BlankSpaceAnalyzer - INFO - -> Analyzing version 3.0.1 (9/18)...
2025-11-14 16:01:34,112 - BlankSpaceAnalyzer - INFO - -> Analyzing version 3.1.0 (10/18)...
2025-11-14 16:01:34,113 - BlankSpaceAnalyzer - INFO - -> Analyzing version 3.2.0 (11/18)...
2025-11-14 16:01:34,114 - BlankSpaceAnalyzer - INFO - -> Analyzing version 4.0.0 (12/18)...
2025-11-14 16:01:34,115 - BlankSpaceAnalyzer - INFO - -> Analyzing version 4.0.1 (13/18)...
2025-11-14 16:01:34,116 - BlankSpaceAnalyzer - INFO - -> Analyzing version 4.1.0 (14/18)...
2025-11-14 16:01:34,174 - BlankSpaceAnalyzer - INFO - -> Analyzing version 5.0.0 (15/18)...
2025-11-14 16:01:34,213 - BlankSpaceAnalyzer - INFO - -> Analyzing version 5.0.1 (16/18)...
2025-11-14 16:01:34,251 - BlankSpaceAnalyzer - INFO - -> Analyzing version 5.0.2 (17/18)...
2025-11-14 16:01:34,290 - BlankSpaceAnalyzer - INFO - -> Analyzing version 5.0.3 (18/18)...
2025-11-14 16:01:34,328 - BlankSpaceAnalyzer - INFO - Exporting results for 'vfile-location' to CSV...
2025-11-14 16:01:34,345 - BlankSpaceAnalyzer - INFO - Reports saved in: /app/npm_results/vfile-location
2025-11-14 16:01:34,345 - NPM_Analyzer - INFO - Cleaning temporary folder 'temp/vfile-location'...
2025-11-14 16:01:34,348 - NPM_Analyzer - INFO - Cleanup completed.
2025-11-15 02:43:40,473 - NPM_Analyzer - INFO - Fetching metadata for 'vfile-location'...
2025-11-15 02:43:40,593 - NPM_Analyzer - INFO - Found 18 versions. Starting download into 'temp/vfile-location'...
2025-11-15 02:43:44,700 - BlankSpaceAnalyzer - INFO - Analyzing 18 versions for '*.js' in 'vfile-location'.
2025-11-15 02:43:44,700 - BlankSpaceAnalyzer - INFO - -> Analyzing version 2.0.0 (1/18)...
2025-11-15 02:43:44,701 - BlankSpaceAnalyzer - INFO - -> Analyzing version 2.0.1 (2/18)...
2025-11-15 02:43:44,702 - BlankSpaceAnalyzer - INFO - -> Analyzing version 2.0.2 (3/18)...
2025-11-15 02:43:44,703 - BlankSpaceAnalyzer - INFO - -> Analyzing version 2.0.3 (4/18)...
2025-11-15 02:43:44,704 - BlankSpaceAnalyzer - INFO - -> Analyzing version 2.0.4 (5/18)...
2025-11-15 02:43:44,705 - BlankSpaceAnalyzer - INFO - -> Analyzing version 2.0.5 (6/18)...
2025-11-15 02:43:44,706 - BlankSpaceAnalyzer - INFO - -> Analyzing version 2.0.6 (7/18)...
2025-11-15 02:43:44,707 - BlankSpaceAnalyzer - INFO - -> Analyzing version 3.0.0 (8/18)...
2025-11-15 02:43:44,709 - BlankSpaceAnalyzer - INFO - -> Analyzing version 3.0.1 (9/18)...
2025-11-15 02:43:44,710 - BlankSpaceAnalyzer - INFO - -> Analyzing version 3.1.0 (10/18)...
2025-11-15 02:43:44,711 - BlankSpaceAnalyzer - INFO - -> Analyzing version 3.2.0 (11/18)...
2025-11-15 02:43:44,712 - BlankSpaceAnalyzer - INFO - -> Analyzing version 4.0.0 (12/18)...
2025-11-15 02:43:44,713 - BlankSpaceAnalyzer - INFO - -> Analyzing version 4.0.1 (13/18)...
2025-11-15 02:43:44,714 - BlankSpaceAnalyzer - INFO - -> Analyzing version 4.1.0 (14/18)...
2025-11-15 02:43:44,774 - BlankSpaceAnalyzer - INFO - -> Analyzing version 5.0.0 (15/18)...
2025-11-15 02:43:44,809 - BlankSpaceAnalyzer - INFO - -> Analyzing version 5.0.1 (16/18)...
2025-11-15 02:43:44,848 - BlankSpaceAnalyzer - INFO - -> Analyzing version 5.0.2 (17/18)...
2025-11-15 02:43:44,887 - BlankSpaceAnalyzer - INFO - -> Analyzing version 5.0.3 (18/18)...
2025-11-15 02:43:44,927 - BlankSpaceAnalyzer - INFO - Exporting results for 'vfile-location' to CSV...
2025-11-15 02:43:44,943 - BlankSpaceAnalyzer - INFO - Reports saved in: /app/npm_results/vfile-location
2025-11-15 02:43:44,944 - NPM_Analyzer - INFO - Cleaning temporary folder 'temp/vfile-location'...
2025-11-15 02:43:44,946 - NPM_Analyzer - INFO - Cleanup completed.
2025-11-15 13:16:38,598 - NPM_Analyzer - INFO - Fetching metadata for 'vfile-location'...
2025-11-15 13:16:38,748 - NPM_Analyzer - INFO - Found 18 versions. Starting download into 'temp/vfile-location'...
2025-11-15 13:16:43,023 - BlankSpaceAnalyzer - INFO - Analyzing 18 versions for '*.js' in 'vfile-location'.
2025-11-15 13:16:43,024 - BlankSpaceAnalyzer - INFO - -> Analyzing version 2.0.0 (1/18)...
2025-11-15 13:16:43,025 - BlankSpaceAnalyzer - INFO - -> Analyzing version 2.0.1 (2/18)...
2025-11-15 13:16:43,026 - BlankSpaceAnalyzer - INFO - -> Analyzing version 2.0.2 (3/18)...
2025-11-15 13:16:43,027 - BlankSpaceAnalyzer - INFO - -> Analyzing version 2.0.3 (4/18)...
2025-11-15 13:16:43,028 - BlankSpaceAnalyzer - INFO - -> Analyzing version 2.0.4 (5/18)...
2025-11-15 13:16:43,028 - BlankSpaceAnalyzer - INFO - -> Analyzing version 2.0.5 (6/18)...
2025-11-15 13:16:43,029 - BlankSpaceAnalyzer - INFO - -> Analyzing version 2.0.6 (7/18)...
2025-11-15 13:16:43,030 - BlankSpaceAnalyzer - INFO - -> Analyzing version 3.0.0 (8/18)...
2025-11-15 13:16:43,031 - BlankSpaceAnalyzer - INFO - -> Analyzing version 3.0.1 (9/18)...
2025-11-15 13:16:43,032 - BlankSpaceAnalyzer - INFO - -> Analyzing version 3.1.0 (10/18)...
2025-11-15 13:16:43,033 - BlankSpaceAnalyzer - INFO - -> Analyzing version 3.2.0 (11/18)...
2025-11-15 13:16:43,034 - BlankSpaceAnalyzer - INFO - -> Analyzing version 4.0.0 (12/18)...
2025-11-15 13:16:43,035 - BlankSpaceAnalyzer - INFO - -> Analyzing version 4.0.1 (13/18)...
2025-11-15 13:16:43,036 - BlankSpaceAnalyzer - INFO - -> Analyzing version 4.1.0 (14/18)...
2025-11-15 13:16:43,096 - BlankSpaceAnalyzer - INFO - -> Analyzing version 5.0.0 (15/18)...
2025-11-15 13:16:43,135 - BlankSpaceAnalyzer - INFO - -> Analyzing version 5.0.1 (16/18)...
2025-11-15 13:16:43,173 - BlankSpaceAnalyzer - INFO - -> Analyzing version 5.0.2 (17/18)...
2025-11-15 13:16:43,212 - BlankSpaceAnalyzer - INFO - -> Analyzing version 5.0.3 (18/18)...
2025-11-15 13:16:43,251 - BlankSpaceAnalyzer - INFO - Exporting results for 'vfile-location' to CSV...
2025-11-15 13:16:43,268 - BlankSpaceAnalyzer - INFO - Reports saved in: /app/npm_results/vfile-location
2025-11-15 13:16:43,268 - NPM_Analyzer - INFO - Cleaning temporary folder 'temp/vfile-location'...
2025-11-15 13:16:43,271 - NPM_Analyzer - INFO - Cleanup completed.
2025-11-15 23:50:19,493 - NPM_Analyzer - INFO - Fetching metadata for 'vfile-location'...
2025-11-15 23:50:19,592 - NPM_Analyzer - INFO - Found 18 versions. Starting download into 'temp/vfile-location'...
2025-11-15 23:50:24,210 - BlankSpaceAnalyzer - INFO - Analyzing 18 versions for '*.js' in 'vfile-location'.
2025-11-15 23:50:24,210 - BlankSpaceAnalyzer - INFO - -> Analyzing version 2.0.0 (1/18)...
2025-11-15 23:50:24,212 - BlankSpaceAnalyzer - INFO - -> Analyzing version 2.0.1 (2/18)...
2025-11-15 23:50:24,213 - BlankSpaceAnalyzer - INFO - -> Analyzing version 2.0.2 (3/18)...
2025-11-15 23:50:24,214 - BlankSpaceAnalyzer - INFO - -> Analyzing version 2.0.3 (4/18)...
2025-11-15 23:50:24,215 - BlankSpaceAnalyzer - INFO - -> Analyzing version 2.0.4 (5/18)...
2025-11-15 23:50:24,216 - BlankSpaceAnalyzer - INFO - -> Analyzing version 2.0.5 (6/18)...
2025-11-15 23:50:24,217 - BlankSpaceAnalyzer - INFO - -> Analyzing version 2.0.6 (7/18)...
2025-11-15 23:50:24,218 - BlankSpaceAnalyzer - INFO - -> Analyzing version 3.0.0 (8/18)...
2025-11-15 23:50:24,219 - BlankSpaceAnalyzer - INFO - -> Analyzing version 3.0.1 (9/18)...
2025-11-15 23:50:24,220 - BlankSpaceAnalyzer - INFO - -> Analyzing version 3.1.0 (10/18)...
2025-11-15 23:50:24,221 - BlankSpaceAnalyzer - INFO - -> Analyzing version 3.2.0 (11/18)...
2025-11-15 23:50:24,222 - BlankSpaceAnalyzer - INFO - -> Analyzing version 4.0.0 (12/18)...
2025-11-15 23:50:24,224 - BlankSpaceAnalyzer - INFO - -> Analyzing version 4.0.1 (13/18)...
2025-11-15 23:50:24,225 - BlankSpaceAnalyzer - INFO - -> Analyzing version 4.1.0 (14/18)...
2025-11-15 23:50:24,282 - BlankSpaceAnalyzer - INFO - -> Analyzing version 5.0.0 (15/18)...
2025-11-15 23:50:24,320 - BlankSpaceAnalyzer - INFO - -> Analyzing version 5.0.1 (16/18)...
2025-11-15 23:50:24,357 - BlankSpaceAnalyzer - INFO - -> Analyzing version 5.0.2 (17/18)...
2025-11-15 23:50:24,395 - BlankSpaceAnalyzer - INFO - -> Analyzing version 5.0.3 (18/18)...
2025-11-15 23:50:24,433 - BlankSpaceAnalyzer - INFO - Exporting results for 'vfile-location' to CSV...
2025-11-15 23:50:24,451 - BlankSpaceAnalyzer - INFO - Reports saved in: /app/npm_results/vfile-location
2025-11-15 23:50:24,451 - NPM_Analyzer - INFO - Cleaning temporary folder 'temp/vfile-location'...
2025-11-15 23:50:24,454 - NPM_Analyzer - INFO - Cleanup completed.
2025-11-16 10:12:49,837 - NPM_Analyzer - INFO - Fetching metadata for 'vfile-location'...
2025-11-16 10:12:50,014 - NPM_Analyzer - INFO - Found 18 versions. Starting download into 'temp/vfile-location'...
2025-11-16 10:12:54,292 - BlankSpaceAnalyzer - INFO - Analyzing 18 versions for '*.js' in 'vfile-location'.
2025-11-16 10:12:54,293 - BlankSpaceAnalyzer - INFO - -> Analyzing version 2.0.0 (1/18)...
2025-11-16 10:12:54,294 - BlankSpaceAnalyzer - INFO - -> Analyzing version 2.0.1 (2/18)...
2025-11-16 10:12:54,295 - BlankSpaceAnalyzer - INFO - -> Analyzing version 2.0.2 (3/18)...
2025-11-16 10:12:54,296 - BlankSpaceAnalyzer - INFO - -> Analyzing version 2.0.3 (4/18)...
2025-11-16 10:12:54,297 - BlankSpaceAnalyzer - INFO - -> Analyzing version 2.0.4 (5/18)...
2025-11-16 10:12:54,297 - BlankSpaceAnalyzer - INFO - -> Analyzing version 2.0.5 (6/18)...
2025-11-16 10:12:54,298 - BlankSpaceAnalyzer - INFO - -> Analyzing version 2.0.6 (7/18)...
2025-11-16 10:12:54,299 - BlankSpaceAnalyzer - INFO - -> Analyzing version 3.0.0 (8/18)...
2025-11-16 10:12:54,300 - BlankSpaceAnalyzer - INFO - -> Analyzing version 3.0.1 (9/18)...
2025-11-16 10:12:54,301 - BlankSpaceAnalyzer - INFO - -> Analyzing version 3.1.0 (10/18)...
2025-11-16 10:12:54,302 - BlankSpaceAnalyzer - INFO - -> Analyzing version 3.2.0 (11/18)...
2025-11-16 10:12:54,303 - BlankSpaceAnalyzer - INFO - -> Analyzing version 4.0.0 (12/18)...
2025-11-16 10:12:54,304 - BlankSpaceAnalyzer - INFO - -> Analyzing version 4.0.1 (13/18)...
2025-11-16 10:12:54,305 - BlankSpaceAnalyzer - INFO - -> Analyzing version 4.1.0 (14/18)...
2025-11-16 10:12:54,365 - BlankSpaceAnalyzer - INFO - -> Analyzing version 5.0.0 (15/18)...
2025-11-16 10:12:54,401 - BlankSpaceAnalyzer - INFO - -> Analyzing version 5.0.1 (16/18)...
2025-11-16 10:12:54,439 - BlankSpaceAnalyzer - INFO - -> Analyzing version 5.0.2 (17/18)...
2025-11-16 10:12:54,477 - BlankSpaceAnalyzer - INFO - -> Analyzing version 5.0.3 (18/18)...
2025-11-16 10:12:54,514 - BlankSpaceAnalyzer - INFO - Exporting results for 'vfile-location' to CSV...
2025-11-16 10:12:54,531 - BlankSpaceAnalyzer - INFO - Reports saved in: /app/npm_results/vfile-location
2025-11-16 10:12:54,531 - NPM_Analyzer - INFO - Cleaning temporary folder 'temp/vfile-location'...
2025-11-16 10:12:54,533 - NPM_Analyzer - INFO - Cleanup completed.
2025-11-16 20:43:01,695 - NPM_Analyzer - INFO - Fetching metadata for 'vfile-location'...
2025-11-16 20:43:01,846 - NPM_Analyzer - INFO - Found 18 versions. Starting download into 'temp/vfile-location'...
2025-11-16 20:43:06,179 - BlankSpaceAnalyzer - INFO - Analyzing 18 versions for '*.js' in 'vfile-location'.
2025-11-16 20:43:06,180 - BlankSpaceAnalyzer - INFO - -> Analyzing version 2.0.0 (1/18)...
2025-11-16 20:43:06,181 - BlankSpaceAnalyzer - INFO - -> Analyzing version 2.0.1 (2/18)...
2025-11-16 20:43:06,182 - BlankSpaceAnalyzer - INFO - -> Analyzing version 2.0.2 (3/18)...
2025-11-16 20:43:06,183 - BlankSpaceAnalyzer - INFO - -> Analyzing version 2.0.3 (4/18)...
2025-11-16 20:43:06,184 - BlankSpaceAnalyzer - INFO - -> Analyzing version 2.0.4 (5/18)...
2025-11-16 20:43:06,185 - BlankSpaceAnalyzer - INFO - -> Analyzing version 2.0.5 (6/18)...
2025-11-16 20:43:06,186 - BlankSpaceAnalyzer - INFO - -> Analyzing version 2.0.6 (7/18)...
2025-11-16 20:43:06,187 - BlankSpaceAnalyzer - INFO - -> Analyzing version 3.0.0 (8/18)...
2025-11-16 20:43:06,188 - BlankSpaceAnalyzer - INFO - -> Analyzing version 3.0.1 (9/18)...
2025-11-16 20:43:06,189 - BlankSpaceAnalyzer - INFO - -> Analyzing version 3.1.0 (10/18)...
2025-11-16 20:43:06,190 - BlankSpaceAnalyzer - INFO - -> Analyzing version 3.2.0 (11/18)...
2025-11-16 20:43:06,192 - BlankSpaceAnalyzer - INFO - -> Analyzing version 4.0.0 (12/18)...
2025-11-16 20:43:06,193 - BlankSpaceAnalyzer - INFO - -> Analyzing version 4.0.1 (13/18)...
2025-11-16 20:43:06,193 - BlankSpaceAnalyzer - INFO - -> Analyzing version 4.1.0 (14/18)...
2025-11-16 20:43:06,259 - BlankSpaceAnalyzer - INFO - -> Analyzing version 5.0.0 (15/18)...
2025-11-16 20:43:06,308 - BlankSpaceAnalyzer - INFO - -> Analyzing version 5.0.1 (16/18)...
2025-11-16 20:43:06,356 - BlankSpaceAnalyzer - INFO - -> Analyzing version 5.0.2 (17/18)...
2025-11-16 20:43:06,405 - BlankSpaceAnalyzer - INFO - -> Analyzing version 5.0.3 (18/18)...
2025-11-16 20:43:06,454 - BlankSpaceAnalyzer - INFO - Exporting results for 'vfile-location' to CSV...
2025-11-16 20:43:06,471 - BlankSpaceAnalyzer - INFO - Reports saved in: /app/npm_results/vfile-location
2025-11-16 20:43:06,472 - NPM_Analyzer - INFO - Cleaning temporary folder 'temp/vfile-location'...
2025-11-16 20:43:06,474 - NPM_Analyzer - INFO - Cleanup completed.
