2025-11-11 13:21:22,426 - NPM_HUT_Analyzer - INFO - Recupero metadata per 'mocha'...
2025-11-11 13:21:22,740 - NPM_HUT_Analyzer - INFO - Trovate 220 versioni. Inizio download in 'temp_hut/mocha'...
2025-11-11 13:23:20,259 - UnicodeAnalyzer - INFO - Analizzando 220 versioni per '*.js' in 'mocha'.
2025-11-11 13:23:20,260 - UnicodeAnalyzer - INFO - -> Analizzando versione 0.0.1 (1/220)...
2025-11-11 13:23:20,264 - UnicodeAnalyzer - INFO - Filtrati 21 file (es. in /dist, /test).
2025-11-11 13:23:20,321 - UnicodeAnalyzer - INFO - -> Analizzando versione 0.0.1-alpha1 (2/220)...
2025-11-11 13:23:20,322 - UnicodeAnalyzer - INFO - Filtrati 16 file (es. in /dist, /test).
2025-11-11 13:23:20,370 - UnicodeAnalyzer - INFO - -> Analizzando versione 0.0.1-alpha2 (3/220)...
2025-11-11 13:23:20,372 - UnicodeAnalyzer - INFO - Filtrati 16 file (es. in /dist, /test).
2025-11-11 13:23:20,425 - UnicodeAnalyzer - INFO - -> Analizzando versione 0.0.1-alpha3 (4/220)...
2025-11-11 13:23:20,426 - UnicodeAnalyzer - INFO - Filtrati 17 file (es. in /dist, /test).
2025-11-11 13:23:20,480 - UnicodeAnalyzer - INFO - -> Analizzando versione 0.0.1-alpha4 (5/220)...
2025-11-11 13:23:20,481 - UnicodeAnalyzer - INFO - Filtrati 17 file (es. in /dist, /test).
2025-11-11 13:23:20,535 - UnicodeAnalyzer - INFO - -> Analizzando versione 0.0.1-alpha5 (6/220)...
2025-11-11 13:23:20,537 - UnicodeAnalyzer - INFO - Filtrati 18 file (es. in /dist, /test).
2025-11-11 13:23:20,591 - UnicodeAnalyzer - INFO - -> Analizzando versione 0.0.1-alpha6 (7/220)...
2025-11-11 13:23:20,593 - UnicodeAnalyzer - INFO - Filtrati 21 file (es. in /dist, /test).
2025-11-11 13:23:20,646 - UnicodeAnalyzer - INFO - -> Analizzando versione 0.0.2 (8/220)...
2025-11-11 13:23:20,648 - UnicodeAnalyzer - INFO - Filtrati 21 file (es. in /dist, /test).
2025-11-11 13:23:20,704 - UnicodeAnalyzer - INFO - -> Analizzando versione 0.0.3 (9/220)...
2025-11-11 13:23:20,706 - UnicodeAnalyzer - INFO - Filtrati 21 file (es. in /dist, /test).
2025-11-11 13:23:20,760 - UnicodeAnalyzer - INFO - -> Analizzando versione 0.0.4 (10/220)...
2025-11-11 13:23:20,762 - UnicodeAnalyzer - INFO - Filtrati 21 file (es. in /dist, /test).
2025-11-11 13:23:20,821 - UnicodeAnalyzer - INFO - -> Analizzando versione 0.0.5 (11/220)...
2025-11-11 13:23:20,823 - UnicodeAnalyzer - INFO - Filtrati 21 file (es. in /dist, /test).
2025-11-11 13:23:20,882 - UnicodeAnalyzer - INFO - -> Analizzando versione 0.0.6 (12/220)...
2025-11-11 13:23:20,884 - UnicodeAnalyzer - INFO - Filtrati 21 file (es. in /dist, /test).
2025-11-11 13:23:20,940 - UnicodeAnalyzer - INFO - -> Analizzando versione 0.0.7 (13/220)...
2025-11-11 13:23:20,942 - UnicodeAnalyzer - INFO - Filtrati 22 file (es. in /dist, /test).
2025-11-11 13:23:20,999 - UnicodeAnalyzer - INFO - -> Analizzando versione 0.0.8 (14/220)...
2025-11-11 13:23:21,000 - UnicodeAnalyzer - INFO - Filtrati 22 file (es. in /dist, /test).
2025-11-11 13:23:21,057 - UnicodeAnalyzer - INFO - -> Analizzando versione 0.1.0 (15/220)...
2025-11-11 13:23:21,058 - UnicodeAnalyzer - INFO - Filtrati 23 file (es. in /dist, /test).
2025-11-11 13:23:21,115 - UnicodeAnalyzer - INFO - -> Analizzando versione 0.10.0 (16/220)...
2025-11-11 13:23:21,117 - UnicodeAnalyzer - INFO - Filtrati 28 file (es. in /dist, /test).
2025-11-11 13:23:21,176 - UnicodeAnalyzer - INFO - -> Analizzando versione 0.10.1 (17/220)...
2025-11-11 13:23:21,234 - UnicodeAnalyzer - INFO - -> Analizzando versione 0.10.2 (18/220)...
2025-11-11 13:23:21,236 - UnicodeAnalyzer - INFO - Filtrati 30 file (es. in /dist, /test).
2025-11-11 13:23:21,294 - UnicodeAnalyzer - INFO - -> Analizzando versione 0.11.0 (19/220)...
2025-11-11 13:23:21,296 - UnicodeAnalyzer - INFO - Filtrati 29 file (es. in /dist, /test).
2025-11-11 13:23:21,355 - UnicodeAnalyzer - INFO - -> Analizzando versione 0.12.0 (20/220)...
2025-11-11 13:23:21,358 - UnicodeAnalyzer - INFO - Filtrati 29 file (es. in /dist, /test).
2025-11-11 13:23:21,419 - UnicodeAnalyzer - INFO - -> Analizzando versione 0.12.1 (21/220)...
2025-11-11 13:23:21,422 - UnicodeAnalyzer - INFO - Filtrati 29 file (es. in /dist, /test).
2025-11-11 13:23:21,481 - UnicodeAnalyzer - INFO - -> Analizzando versione 0.13.0 (22/220)...
2025-11-11 13:23:21,485 - UnicodeAnalyzer - INFO - Filtrati 29 file (es. in /dist, /test).
2025-11-11 13:23:21,574 - UnicodeAnalyzer - INFO - -> Analizzando versione 0.14.0 (23/220)...
2025-11-11 13:23:21,577 - UnicodeAnalyzer - INFO - Filtrati 30 file (es. in /dist, /test).
2025-11-11 13:23:21,638 - UnicodeAnalyzer - INFO - -> Analizzando versione 0.14.1 (24/220)...
2025-11-11 13:23:21,641 - UnicodeAnalyzer - INFO - Filtrati 29 file (es. in /dist, /test).
2025-11-11 13:23:21,700 - UnicodeAnalyzer - INFO - -> Analizzando versione 0.2.0 (25/220)...
2025-11-11 13:23:21,702 - UnicodeAnalyzer - INFO - Filtrati 23 file (es. in /dist, /test).
2025-11-11 13:23:21,757 - UnicodeAnalyzer - INFO - -> Analizzando versione 0.3.0 (26/220)...
2025-11-11 13:23:21,760 - UnicodeAnalyzer - INFO - Filtrati 23 file (es. in /dist, /test).
2025-11-11 13:23:21,820 - UnicodeAnalyzer - INFO - -> Analizzando versione 0.3.1 (27/220)...
2025-11-11 13:23:21,823 - UnicodeAnalyzer - INFO - Filtrati 23 file (es. in /dist, /test).
2025-11-11 13:23:21,879 - UnicodeAnalyzer - INFO - -> Analizzando versione 0.3.2 (28/220)...
2025-11-11 13:23:21,881 - UnicodeAnalyzer - INFO - Filtrati 23 file (es. in /dist, /test).
2025-11-11 13:23:21,943 - UnicodeAnalyzer - INFO - -> Analizzando versione 0.3.3 (29/220)...
2025-11-11 13:23:21,945 - UnicodeAnalyzer - INFO - Filtrati 23 file (es. in /dist, /test).
2025-11-11 13:23:22,003 - UnicodeAnalyzer - INFO - -> Analizzando versione 0.3.4 (30/220)...
2025-11-11 13:23:22,005 - UnicodeAnalyzer - INFO - Filtrati 23 file (es. in /dist, /test).
2025-11-11 13:23:22,064 - UnicodeAnalyzer - INFO - -> Analizzando versione 0.3.6 (31/220)...
2025-11-11 13:23:22,066 - UnicodeAnalyzer - INFO - Filtrati 23 file (es. in /dist, /test).
2025-11-11 13:23:22,123 - UnicodeAnalyzer - INFO - -> Analizzando versione 0.4.0 (32/220)...
2025-11-11 13:23:22,125 - UnicodeAnalyzer - INFO - Filtrati 24 file (es. in /dist, /test).
2025-11-11 13:23:22,184 - UnicodeAnalyzer - INFO - -> Analizzando versione 0.5.0 (33/220)...
2025-11-11 13:23:22,186 - UnicodeAnalyzer - INFO - Filtrati 24 file (es. in /dist, /test).
2025-11-11 13:23:22,244 - UnicodeAnalyzer - INFO - -> Analizzando versione 0.6.0 (34/220)...
2025-11-11 13:23:22,246 - UnicodeAnalyzer - INFO - Filtrati 24 file (es. in /dist, /test).
2025-11-11 13:23:22,304 - UnicodeAnalyzer - INFO - -> Analizzando versione 0.7.0 (35/220)...
2025-11-11 13:23:22,306 - UnicodeAnalyzer - INFO - Filtrati 24 file (es. in /dist, /test).
2025-11-11 13:23:22,364 - UnicodeAnalyzer - INFO - -> Analizzando versione 0.7.1 (36/220)...
2025-11-11 13:23:22,367 - UnicodeAnalyzer - INFO - Filtrati 25 file (es. in /dist, /test).
2025-11-11 13:23:22,424 - UnicodeAnalyzer - INFO - -> Analizzando versione 0.8.0 (37/220)...
2025-11-11 13:23:22,427 - UnicodeAnalyzer - INFO - Filtrati 25 file (es. in /dist, /test).
2025-11-11 13:23:22,484 - UnicodeAnalyzer - INFO - -> Analizzando versione 0.8.1 (38/220)...
2025-11-11 13:23:22,487 - UnicodeAnalyzer - INFO - Filtrati 25 file (es. in /dist, /test).
2025-11-11 13:23:22,545 - UnicodeAnalyzer - INFO - -> Analizzando versione 0.9.0 (39/220)...
2025-11-11 13:23:22,547 - UnicodeAnalyzer - INFO - Filtrati 26 file (es. in /dist, /test).
2025-11-11 13:23:22,604 - UnicodeAnalyzer - INFO - -> Analizzando versione 1.0.0 (40/220)...
2025-11-11 13:23:22,664 - UnicodeAnalyzer - INFO - -> Analizzando versione 1.0.1 (41/220)...
2025-11-11 13:23:22,726 - UnicodeAnalyzer - INFO - -> Analizzando versione 1.0.2 (42/220)...
2025-11-11 13:23:22,798 - UnicodeAnalyzer - INFO - -> Analizzando versione 1.0.3 (43/220)...
2025-11-11 13:23:22,858 - UnicodeAnalyzer - INFO - -> Analizzando versione 1.1.0 (44/220)...
2025-11-11 13:23:22,921 - UnicodeAnalyzer - INFO - -> Analizzando versione 1.10.0 (45/220)...
2025-11-11 13:23:22,987 - UnicodeAnalyzer - INFO - -> Analizzando versione 1.11.0 (46/220)...
2025-11-11 13:23:23,049 - UnicodeAnalyzer - INFO - -> Analizzando versione 1.12.0 (47/220)...
2025-11-11 13:23:23,113 - UnicodeAnalyzer - INFO - -> Analizzando versione 1.12.1 (48/220)...
2025-11-11 13:23:23,173 - UnicodeAnalyzer - INFO - -> Analizzando versione 1.13.0 (49/220)...
2025-11-11 13:23:23,232 - UnicodeAnalyzer - INFO - -> Analizzando versione 1.14.0 (50/220)...
2025-11-11 13:23:23,293 - UnicodeAnalyzer - INFO - -> Analizzando versione 1.15.0 (51/220)...
2025-11-11 13:23:23,355 - UnicodeAnalyzer - INFO - -> Analizzando versione 1.15.1 (52/220)...
2025-11-11 13:23:23,414 - UnicodeAnalyzer - INFO - -> Analizzando versione 1.16.0 (53/220)...
2025-11-11 13:23:23,475 - UnicodeAnalyzer - INFO - -> Analizzando versione 1.16.1 (54/220)...
2025-11-11 13:23:23,538 - UnicodeAnalyzer - INFO - -> Analizzando versione 1.16.2 (55/220)...
2025-11-11 13:23:23,598 - UnicodeAnalyzer - INFO - -> Analizzando versione 1.17.0 (56/220)...
2025-11-11 13:23:23,659 - UnicodeAnalyzer - INFO - -> Analizzando versione 1.17.1 (57/220)...
2025-11-11 13:23:23,725 - UnicodeAnalyzer - INFO - -> Analizzando versione 1.18.0 (58/220)...
2025-11-11 13:23:23,789 - UnicodeAnalyzer - INFO - -> Analizzando versione 1.18.1 (59/220)...
2025-11-11 13:23:23,854 - UnicodeAnalyzer - INFO - -> Analizzando versione 1.18.2 (60/220)...
2025-11-11 13:23:23,918 - UnicodeAnalyzer - INFO - -> Analizzando versione 1.19.0 (61/220)...
2025-11-11 13:23:23,978 - UnicodeAnalyzer - INFO - -> Analizzando versione 1.2.0 (62/220)...
2025-11-11 13:23:24,044 - UnicodeAnalyzer - INFO - -> Analizzando versione 1.2.1 (63/220)...
2025-11-11 13:23:24,105 - UnicodeAnalyzer - INFO - -> Analizzando versione 1.2.2 (64/220)...
2025-11-11 13:23:24,165 - UnicodeAnalyzer - INFO - -> Analizzando versione 1.20.0 (65/220)...
2025-11-11 13:23:24,228 - UnicodeAnalyzer - INFO - -> Analizzando versione 1.20.1 (66/220)...
2025-11-11 13:23:24,290 - UnicodeAnalyzer - INFO - -> Analizzando versione 1.21.0 (67/220)...
2025-11-11 13:23:24,351 - UnicodeAnalyzer - INFO - -> Analizzando versione 1.21.1 (68/220)...
2025-11-11 13:23:24,412 - UnicodeAnalyzer - INFO - -> Analizzando versione 1.21.2 (69/220)...
2025-11-11 13:23:24,473 - UnicodeAnalyzer - INFO - -> Analizzando versione 1.21.3 (70/220)...
2025-11-11 13:23:24,533 - UnicodeAnalyzer - INFO - -> Analizzando versione 1.21.4 (71/220)...
2025-11-11 13:23:24,594 - UnicodeAnalyzer - INFO - -> Analizzando versione 1.21.5 (72/220)...
2025-11-11 13:23:24,655 - UnicodeAnalyzer - INFO - -> Analizzando versione 1.3.0 (73/220)...
2025-11-11 13:23:24,733 - UnicodeAnalyzer - INFO - -> Analizzando versione 1.3.1 (74/220)...
2025-11-11 13:23:24,802 - UnicodeAnalyzer - INFO - -> Analizzando versione 1.3.2 (75/220)...
2025-11-11 13:23:24,869 - UnicodeAnalyzer - INFO - -> Analizzando versione 1.4.0 (76/220)...
2025-11-11 13:23:24,930 - UnicodeAnalyzer - INFO - -> Analizzando versione 1.4.1 (77/220)...
2025-11-11 13:23:24,991 - UnicodeAnalyzer - INFO - -> Analizzando versione 1.4.2 (78/220)...
2025-11-11 13:23:25,052 - UnicodeAnalyzer - INFO - -> Analizzando versione 1.4.3 (79/220)...
2025-11-11 13:23:25,115 - UnicodeAnalyzer - INFO - -> Analizzando versione 1.5.0 (80/220)...
2025-11-11 13:23:25,177 - UnicodeAnalyzer - INFO - -> Analizzando versione 1.6.0 (81/220)...
2025-11-11 13:23:25,239 - UnicodeAnalyzer - INFO - -> Analizzando versione 1.7.0 (82/220)...
2025-11-11 13:23:25,301 - UnicodeAnalyzer - INFO - -> Analizzando versione 1.7.1 (83/220)...
2025-11-11 13:23:25,363 - UnicodeAnalyzer - INFO - -> Analizzando versione 1.7.2 (84/220)...
2025-11-11 13:23:25,424 - UnicodeAnalyzer - INFO - -> Analizzando versione 1.7.3 (85/220)...
2025-11-11 13:23:25,484 - UnicodeAnalyzer - INFO - -> Analizzando versione 1.7.4 (86/220)...
2025-11-11 13:23:25,547 - UnicodeAnalyzer - INFO - -> Analizzando versione 1.8.0 (87/220)...
2025-11-11 13:23:25,611 - UnicodeAnalyzer - INFO - -> Analizzando versione 1.8.1 (88/220)...
2025-11-11 13:23:25,678 - UnicodeAnalyzer - INFO - -> Analizzando versione 1.8.2 (89/220)...
2025-11-11 13:23:25,740 - UnicodeAnalyzer - INFO - -> Analizzando versione 1.9.0 (90/220)...
2025-11-11 13:23:25,803 - UnicodeAnalyzer - INFO - -> Analizzando versione 10.0.0 (91/220)...
2025-11-11 13:23:25,900 - UnicodeAnalyzer - INFO - -> Analizzando versione 10.1.0 (92/220)...
2025-11-11 13:23:25,996 - UnicodeAnalyzer - INFO - -> Analizzando versione 10.2.0 (93/220)...
2025-11-11 13:23:26,096 - UnicodeAnalyzer - INFO - -> Analizzando versione 10.3.0 (94/220)...
2025-11-11 13:23:26,200 - UnicodeAnalyzer - INFO - -> Analizzando versione 10.3.0-preminor.0 (95/220)...
2025-11-11 13:23:26,302 - UnicodeAnalyzer - INFO - -> Analizzando versione 10.4.0 (96/220)...
2025-11-11 13:23:26,401 - UnicodeAnalyzer - INFO - -> Analizzando versione 10.5.0 (97/220)...
2025-11-11 13:23:26,500 - UnicodeAnalyzer - INFO - -> Analizzando versione 10.5.1 (98/220)...
2025-11-11 13:23:26,596 - UnicodeAnalyzer - INFO - -> Analizzando versione 10.5.2 (99/220)...
2025-11-11 13:23:26,696 - UnicodeAnalyzer - INFO - -> Analizzando versione 10.6.0 (100/220)...
2025-11-11 13:23:26,798 - UnicodeAnalyzer - INFO - -> Analizzando versione 10.6.1 (101/220)...
2025-11-11 13:23:26,895 - UnicodeAnalyzer - INFO - -> Analizzando versione 10.7.0 (102/220)...
2025-11-11 13:23:26,993 - UnicodeAnalyzer - INFO - -> Analizzando versione 10.7.3 (103/220)...
2025-11-11 13:23:27,093 - UnicodeAnalyzer - INFO - -> Analizzando versione 10.8.0 (104/220)...
2025-11-11 13:23:27,197 - UnicodeAnalyzer - INFO - -> Analizzando versione 10.8.1 (105/220)...
2025-11-11 13:23:27,309 - UnicodeAnalyzer - INFO - -> Analizzando versione 10.8.2 (106/220)...
2025-11-11 13:23:27,411 - UnicodeAnalyzer - INFO - -> Analizzando versione 11.0.0 (107/220)...
2025-11-11 13:23:27,515 - UnicodeAnalyzer - INFO - -> Analizzando versione 11.0.0-beta (108/220)...
2025-11-11 13:23:27,617 - UnicodeAnalyzer - INFO - -> Analizzando versione 11.0.1 (109/220)...
2025-11-11 13:23:27,716 - UnicodeAnalyzer - INFO - -> Analizzando versione 11.0.2 (110/220)...
2025-11-11 13:23:27,820 - UnicodeAnalyzer - INFO - -> Analizzando versione 11.1.0 (111/220)...
2025-11-11 13:23:27,921 - UnicodeAnalyzer - INFO - -> Analizzando versione 11.2.0 (112/220)...
2025-11-11 13:23:28,023 - UnicodeAnalyzer - INFO - -> Analizzando versione 11.2.1 (113/220)...
2025-11-11 13:23:28,125 - UnicodeAnalyzer - INFO - -> Analizzando versione 11.2.2 (114/220)...
2025-11-11 13:23:28,226 - UnicodeAnalyzer - INFO - -> Analizzando versione 11.3.0 (115/220)...
2025-11-11 13:23:28,326 - UnicodeAnalyzer - INFO - -> Analizzando versione 11.4.0 (116/220)...
2025-11-11 13:23:28,431 - UnicodeAnalyzer - INFO - -> Analizzando versione 11.5.0 (117/220)...
2025-11-11 13:23:28,536 - UnicodeAnalyzer - INFO - -> Analizzando versione 11.6.0 (118/220)...
2025-11-11 13:23:28,643 - UnicodeAnalyzer - INFO - -> Analizzando versione 11.7.0 (119/220)...
2025-11-11 13:23:28,749 - UnicodeAnalyzer - INFO - -> Analizzando versione 11.7.1 (120/220)...
2025-11-11 13:23:28,851 - UnicodeAnalyzer - INFO - -> Analizzando versione 11.7.2 (121/220)...
2025-11-11 13:23:28,957 - UnicodeAnalyzer - INFO - -> Analizzando versione 11.7.3 (122/220)...
2025-11-11 13:23:29,063 - UnicodeAnalyzer - INFO - -> Analizzando versione 11.7.4 (123/220)...
2025-11-11 13:23:29,168 - UnicodeAnalyzer - INFO - -> Analizzando versione 11.7.5 (124/220)...
2025-11-11 13:23:29,272 - UnicodeAnalyzer - INFO - -> Analizzando versione 2.0.0 (125/220)...
2025-11-11 13:23:29,334 - UnicodeAnalyzer - INFO - -> Analizzando versione 2.0.1 (126/220)...
2025-11-11 13:23:29,398 - UnicodeAnalyzer - INFO - -> Analizzando versione 2.1.0 (127/220)...
2025-11-11 13:23:29,462 - UnicodeAnalyzer - INFO - -> Analizzando versione 2.2.0 (128/220)...
2025-11-11 13:23:29,525 - UnicodeAnalyzer - INFO - -> Analizzando versione 2.2.1 (129/220)...
2025-11-11 13:23:29,588 - UnicodeAnalyzer - INFO - -> Analizzando versione 2.2.3 (130/220)...
2025-11-11 13:23:29,652 - UnicodeAnalyzer - INFO - -> Analizzando versione 2.2.4 (131/220)...
2025-11-11 13:23:29,715 - UnicodeAnalyzer - INFO - -> Analizzando versione 2.2.5 (132/220)...
2025-11-11 13:23:29,779 - UnicodeAnalyzer - INFO - -> Analizzando versione 2.3.0 (133/220)...
2025-11-11 13:23:29,855 - UnicodeAnalyzer - INFO - -> Analizzando versione 2.3.1 (134/220)...
2025-11-11 13:23:29,935 - UnicodeAnalyzer - INFO - -> Analizzando versione 2.3.2 (135/220)...
2025-11-11 13:23:30,010 - UnicodeAnalyzer - INFO - -> Analizzando versione 2.3.3 (136/220)...
2025-11-11 13:23:30,089 - UnicodeAnalyzer - INFO - -> Analizzando versione 2.3.4 (137/220)...
2025-11-11 13:23:30,162 - UnicodeAnalyzer - INFO - -> Analizzando versione 2.4.1 (138/220)...
2025-11-11 13:23:30,235 - UnicodeAnalyzer - INFO - -> Analizzando versione 2.4.2 (139/220)...
2025-11-11 13:23:30,311 - UnicodeAnalyzer - INFO - -> Analizzando versione 2.4.3 (140/220)...
2025-11-11 13:23:30,385 - UnicodeAnalyzer - INFO - -> Analizzando versione 2.4.4 (141/220)...
2025-11-11 13:23:30,460 - UnicodeAnalyzer - INFO - -> Analizzando versione 2.4.5 (142/220)...
2025-11-11 13:23:30,534 - UnicodeAnalyzer - INFO - -> Analizzando versione 2.5.0 (143/220)...
2025-11-11 13:23:30,610 - UnicodeAnalyzer - INFO - -> Analizzando versione 2.5.1 (144/220)...
2025-11-11 13:23:30,685 - UnicodeAnalyzer - INFO - -> Analizzando versione 2.5.2 (145/220)...
2025-11-11 13:23:30,760 - UnicodeAnalyzer - INFO - -> Analizzando versione 2.5.3 (146/220)...
2025-11-11 13:23:30,837 - UnicodeAnalyzer - INFO - -> Analizzando versione 3.0.0 (147/220)...
2025-11-11 13:23:30,919 - UnicodeAnalyzer - INFO - -> Analizzando versione 3.0.0-0 (148/220)...
2025-11-11 13:23:31,000 - UnicodeAnalyzer - INFO - -> Analizzando versione 3.0.0-1 (149/220)...
2025-11-11 13:23:31,080 - UnicodeAnalyzer - INFO - -> Analizzando versione 3.0.0-2 (150/220)...
2025-11-11 13:23:31,160 - UnicodeAnalyzer - INFO - -> Analizzando versione 3.0.1 (151/220)...
2025-11-11 13:23:31,239 - UnicodeAnalyzer - INFO - -> Analizzando versione 3.0.2 (152/220)...
2025-11-11 13:23:31,318 - UnicodeAnalyzer - INFO - -> Analizzando versione 3.1.0 (153/220)...
2025-11-11 13:23:31,399 - UnicodeAnalyzer - INFO - -> Analizzando versione 3.1.1 (154/220)...
2025-11-11 13:23:31,480 - UnicodeAnalyzer - INFO - -> Analizzando versione 3.1.2 (155/220)...
2025-11-11 13:23:31,559 - UnicodeAnalyzer - INFO - -> Analizzando versione 3.2.0 (156/220)...
2025-11-11 13:23:31,640 - UnicodeAnalyzer - INFO - -> Analizzando versione 3.3.0 (157/220)...
2025-11-11 13:23:31,725 - UnicodeAnalyzer - INFO - -> Analizzando versione 3.4.1 (158/220)...
2025-11-11 13:23:31,809 - UnicodeAnalyzer - INFO - -> Analizzando versione 3.4.2 (159/220)...
2025-11-11 13:23:31,892 - UnicodeAnalyzer - INFO - -> Analizzando versione 3.5.0 (160/220)...
2025-11-11 13:23:31,977 - UnicodeAnalyzer - INFO - -> Analizzando versione 3.5.1 (161/220)...
2025-11-11 13:23:32,065 - UnicodeAnalyzer - INFO - -> Analizzando versione 3.5.2 (162/220)...
2025-11-11 13:23:32,155 - UnicodeAnalyzer - INFO - -> Analizzando versione 3.5.3 (163/220)...
2025-11-11 13:23:32,244 - UnicodeAnalyzer - INFO - -> Analizzando versione 4.0.0 (164/220)...
2025-11-11 13:23:32,331 - UnicodeAnalyzer - INFO - -> Analizzando versione 4.0.1 (165/220)...
2025-11-11 13:23:32,417 - UnicodeAnalyzer - INFO - -> Analizzando versione 4.1.0 (166/220)...
2025-11-11 13:23:32,502 - UnicodeAnalyzer - INFO - -> Analizzando versione 5.0.0 (167/220)...
2025-11-11 13:23:32,591 - UnicodeAnalyzer - INFO - -> Analizzando versione 5.0.1 (168/220)...
2025-11-11 13:23:32,678 - UnicodeAnalyzer - INFO - -> Analizzando versione 5.0.2 (169/220)...
2025-11-11 13:23:32,770 - UnicodeAnalyzer - INFO - -> Analizzando versione 5.0.3 (170/220)...
2025-11-11 13:23:32,857 - UnicodeAnalyzer - INFO - -> Analizzando versione 5.0.4 (171/220)...
2025-11-11 13:23:32,948 - UnicodeAnalyzer - INFO - -> Analizzando versione 5.0.5 (172/220)...
2025-11-11 13:23:33,034 - UnicodeAnalyzer - INFO - -> Analizzando versione 5.1.0 (173/220)...
2025-11-11 13:23:33,120 - UnicodeAnalyzer - INFO - -> Analizzando versione 5.1.1 (174/220)...
2025-11-11 13:23:33,206 - UnicodeAnalyzer - INFO - -> Analizzando versione 5.2.0 (175/220)...
2025-11-11 13:23:33,294 - UnicodeAnalyzer - INFO - -> Analizzando versione 6.0.0 (176/220)...
2025-11-11 13:23:33,388 - UnicodeAnalyzer - INFO - -> Analizzando versione 6.0.0-0 (177/220)...
2025-11-11 13:23:33,479 - UnicodeAnalyzer - INFO - -> Analizzando versione 6.0.0-1 (178/220)...
2025-11-11 13:23:33,569 - UnicodeAnalyzer - INFO - -> Analizzando versione 6.0.1 (179/220)...
2025-11-11 13:23:33,663 - UnicodeAnalyzer - INFO - -> Analizzando versione 6.0.2 (180/220)...
2025-11-11 13:23:33,756 - UnicodeAnalyzer - INFO - -> Analizzando versione 6.1.0 (181/220)...
2025-11-11 13:23:33,852 - UnicodeAnalyzer - INFO - -> Analizzando versione 6.1.1 (182/220)...
2025-11-11 13:23:33,948 - UnicodeAnalyzer - INFO - -> Analizzando versione 6.1.2 (183/220)...
2025-11-11 13:23:34,040 - UnicodeAnalyzer - INFO - -> Analizzando versione 6.1.3 (184/220)...
2025-11-11 13:23:34,139 - UnicodeAnalyzer - INFO - -> Analizzando versione 6.1.4 (185/220)...
2025-11-11 13:23:34,231 - UnicodeAnalyzer - INFO - -> Analizzando versione 6.2.0 (186/220)...
2025-11-11 13:23:34,332 - UnicodeAnalyzer - INFO - -> Analizzando versione 6.2.1 (187/220)...
2025-11-11 13:23:34,422 - UnicodeAnalyzer - INFO - -> Analizzando versione 6.2.2 (188/220)...
2025-11-11 13:23:34,517 - UnicodeAnalyzer - INFO - -> Analizzando versione 6.2.3 (189/220)...
2025-11-11 13:23:34,614 - UnicodeAnalyzer - INFO - -> Analizzando versione 7.0.0 (190/220)...
2025-11-11 13:23:34,711 - UnicodeAnalyzer - INFO - -> Analizzando versione 7.0.0-esm1 (191/220)...
2025-11-11 13:23:34,804 - UnicodeAnalyzer - INFO - -> Analizzando versione 7.0.1 (192/220)...
2025-11-11 13:23:34,899 - UnicodeAnalyzer - INFO - -> Analizzando versione 7.1.0 (193/220)...
2025-11-11 13:23:34,993 - UnicodeAnalyzer - INFO - -> Analizzando versione 7.1.1 (194/220)...
2025-11-11 13:23:35,087 - UnicodeAnalyzer - INFO - -> Analizzando versione 7.1.2 (195/220)...
2025-11-11 13:23:35,179 - UnicodeAnalyzer - INFO - -> Analizzando versione 7.2.0 (196/220)...
2025-11-11 13:23:35,277 - UnicodeAnalyzer - INFO - -> Analizzando versione 8.0.0 (197/220)...
2025-11-11 13:23:35,374 - UnicodeAnalyzer - INFO - -> Analizzando versione 8.0.1 (198/220)...
2025-11-11 13:23:35,472 - UnicodeAnalyzer - INFO - -> Analizzando versione 8.1.0 (199/220)...
2025-11-11 13:23:35,585 - UnicodeAnalyzer - INFO - -> Analizzando versione 8.1.1 (200/220)...
2025-11-11 13:23:35,696 - UnicodeAnalyzer - INFO - -> Analizzando versione 8.1.2 (201/220)...
2025-11-11 13:23:35,804 - UnicodeAnalyzer - INFO - -> Analizzando versione 8.1.3 (202/220)...
2025-11-11 13:23:35,914 - UnicodeAnalyzer - INFO - -> Analizzando versione 8.2.0 (203/220)...
2025-11-11 13:23:36,032 - UnicodeAnalyzer - INFO - -> Analizzando versione 8.2.1 (204/220)...
2025-11-11 13:23:36,150 - UnicodeAnalyzer - INFO - -> Analizzando versione 8.3.0 (205/220)...
2025-11-11 13:23:36,269 - UnicodeAnalyzer - INFO - -> Analizzando versione 8.3.1 (206/220)...
2025-11-11 13:23:36,389 - UnicodeAnalyzer - INFO - -> Analizzando versione 8.3.2 (207/220)...
2025-11-11 13:23:36,507 - UnicodeAnalyzer - INFO - -> Analizzando versione 8.4.0 (208/220)...
2025-11-11 13:23:36,619 - UnicodeAnalyzer - INFO - -> Analizzando versione 9.0.0 (209/220)...
2025-11-11 13:23:36,743 - UnicodeAnalyzer - INFO - -> Analizzando versione 9.0.1 (210/220)...
2025-11-11 13:23:36,857 - UnicodeAnalyzer - INFO - -> Analizzando versione 9.0.2 (211/220)...
2025-11-11 13:23:36,977 - UnicodeAnalyzer - INFO - -> Analizzando versione 9.0.3 (212/220)...
2025-11-11 13:23:37,096 - UnicodeAnalyzer - INFO - -> Analizzando versione 9.1.0 (213/220)...
2025-11-11 13:23:37,221 - UnicodeAnalyzer - INFO - -> Analizzando versione 9.1.1 (214/220)...
2025-11-11 13:23:37,346 - UnicodeAnalyzer - INFO - -> Analizzando versione 9.1.2 (215/220)...
2025-11-11 13:23:37,463 - UnicodeAnalyzer - INFO - -> Analizzando versione 9.1.3 (216/220)...
2025-11-11 13:23:37,585 - UnicodeAnalyzer - INFO - -> Analizzando versione 9.1.4 (217/220)...
2025-11-11 13:23:37,703 - UnicodeAnalyzer - INFO - -> Analizzando versione 9.2.0 (218/220)...
2025-11-11 13:23:37,820 - UnicodeAnalyzer - INFO - -> Analizzando versione 9.2.1 (219/220)...
2025-11-11 13:23:37,940 - UnicodeAnalyzer - INFO - -> Analizzando versione 9.2.2 (220/220)...
2025-11-11 13:23:38,061 - UnicodeAnalyzer - INFO - Esportando i risultati HUT per 'mocha' in CSV...
2025-11-11 13:23:38,490 - UnicodeAnalyzer - INFO - Report salvati in: /app/npm_hut_results/mocha
2025-11-11 13:23:38,491 - NPM_HUT_Analyzer - INFO - Pulizia cartella temporanea 'temp_hut/mocha'...
2025-11-11 13:23:38,764 - NPM_HUT_Analyzer - INFO - Pulizia completata.
