2025-11-17 21:45:22,766 - NPM_HUT_Analyzer - INFO - Recupero metadata per 'html-react-parser'...
2025-11-17 21:45:22,949 - NPM_HUT_Analyzer - INFO - Trovate 156 versioni. Inizio download in 'temp_hut/html-react-parser'...
2025-11-17 21:46:50,619 - UnicodeAnalyzer - INFO - Analizzando 156 versioni per '*.js' in 'html-react-parser'.
2025-11-17 21:46:50,619 - UnicodeAnalyzer - INFO - -> Analizzando versione 0.0.1 (1/156)...
2025-11-17 21:46:50,699 - UnicodeAnalyzer - INFO - -> Analizzando versione 0.0.2 (2/156)...
2025-11-17 21:46:50,753 - UnicodeAnalyzer - INFO - -> Analizzando versione 0.0.3 (3/156)...
2025-11-17 21:46:50,811 - UnicodeAnalyzer - INFO - -> Analizzando versione 0.0.4 (4/156)...
2025-11-17 21:46:50,869 - UnicodeAnalyzer - INFO - -> Analizzando versione 0.0.5 (5/156)...
2025-11-17 21:46:50,927 - UnicodeAnalyzer - INFO - -> Analizzando versione 0.0.6 (6/156)...
2025-11-17 21:46:50,927 - UnicodeAnalyzer - INFO - Filtrati 2 file (es. in /dist, /test).
2025-11-17 21:46:50,985 - UnicodeAnalyzer - INFO - -> Analizzando versione 0.0.7 (7/156)...
2025-11-17 21:46:50,986 - UnicodeAnalyzer - INFO - Filtrati 2 file (es. in /dist, /test).
2025-11-17 21:46:51,044 - UnicodeAnalyzer - INFO - -> Analizzando versione 0.1.0 (8/156)...
2025-11-17 21:46:51,045 - UnicodeAnalyzer - INFO - Filtrati 2 file (es. in /dist, /test).
2025-11-17 21:46:51,102 - UnicodeAnalyzer - INFO - -> Analizzando versione 0.1.1 (9/156)...
2025-11-17 21:46:51,103 - UnicodeAnalyzer - INFO - Filtrati 2 file (es. in /dist, /test).
2025-11-17 21:46:51,160 - UnicodeAnalyzer - INFO - -> Analizzando versione 0.10.0 (10/156)...
2025-11-17 21:46:51,161 - UnicodeAnalyzer - INFO - Filtrati 2 file (es. in /dist, /test).
2025-11-17 21:46:51,218 - UnicodeAnalyzer - INFO - -> Analizzando versione 0.10.1 (11/156)...
2025-11-17 21:46:51,218 - UnicodeAnalyzer - INFO - Filtrati 2 file (es. in /dist, /test).
2025-11-17 21:46:51,275 - UnicodeAnalyzer - INFO - -> Analizzando versione 0.10.2 (12/156)...
2025-11-17 21:46:51,275 - UnicodeAnalyzer - INFO - Filtrati 2 file (es. in /dist, /test).
2025-11-17 21:46:51,332 - UnicodeAnalyzer - INFO - -> Analizzando versione 0.10.3 (13/156)...
2025-11-17 21:46:51,332 - UnicodeAnalyzer - INFO - Filtrati 2 file (es. in /dist, /test).
2025-11-17 21:46:51,390 - UnicodeAnalyzer - INFO - -> Analizzando versione 0.10.4 (14/156)...
2025-11-17 21:46:51,390 - UnicodeAnalyzer - INFO - Filtrati 2 file (es. in /dist, /test).
2025-11-17 21:46:51,447 - UnicodeAnalyzer - INFO - -> Analizzando versione 0.10.5 (15/156)...
2025-11-17 21:46:51,447 - UnicodeAnalyzer - INFO - Filtrati 2 file (es. in /dist, /test).
2025-11-17 21:46:51,505 - UnicodeAnalyzer - INFO - -> Analizzando versione 0.11.0 (16/156)...
2025-11-17 21:46:51,505 - UnicodeAnalyzer - INFO - Filtrati 2 file (es. in /dist, /test).
2025-11-17 21:46:51,563 - UnicodeAnalyzer - INFO - -> Analizzando versione 0.11.1 (17/156)...
2025-11-17 21:46:51,564 - UnicodeAnalyzer - INFO - Filtrati 2 file (es. in /dist, /test).
2025-11-17 21:46:51,621 - UnicodeAnalyzer - INFO - -> Analizzando versione 0.12.0 (18/156)...
2025-11-17 21:46:51,621 - UnicodeAnalyzer - INFO - Filtrati 2 file (es. in /dist, /test).
2025-11-17 21:46:51,679 - UnicodeAnalyzer - INFO - -> Analizzando versione 0.13.0 (19/156)...
2025-11-17 21:46:51,679 - UnicodeAnalyzer - INFO - Filtrati 2 file (es. in /dist, /test).
2025-11-17 21:46:51,736 - UnicodeAnalyzer - INFO - -> Analizzando versione 0.14.0 (20/156)...
2025-11-17 21:46:51,737 - UnicodeAnalyzer - INFO - Filtrati 2 file (es. in /dist, /test).
2025-11-17 21:46:51,794 - UnicodeAnalyzer - INFO - -> Analizzando versione 0.14.1 (21/156)...
2025-11-17 21:46:51,794 - UnicodeAnalyzer - INFO - Filtrati 2 file (es. in /dist, /test).
2025-11-17 21:46:51,851 - UnicodeAnalyzer - INFO - -> Analizzando versione 0.14.2 (22/156)...
2025-11-17 21:46:51,852 - UnicodeAnalyzer - INFO - Filtrati 2 file (es. in /dist, /test).
2025-11-17 21:46:51,909 - UnicodeAnalyzer - INFO - -> Analizzando versione 0.14.3 (23/156)...
2025-11-17 21:46:51,909 - UnicodeAnalyzer - INFO - Filtrati 2 file (es. in /dist, /test).
2025-11-17 21:46:51,966 - UnicodeAnalyzer - INFO - -> Analizzando versione 0.2.0 (24/156)...
2025-11-17 21:46:51,967 - UnicodeAnalyzer - INFO - Filtrati 2 file (es. in /dist, /test).
2025-11-17 21:46:52,024 - UnicodeAnalyzer - INFO - -> Analizzando versione 0.3.0 (25/156)...
2025-11-17 21:46:52,025 - UnicodeAnalyzer - INFO - Filtrati 2 file (es. in /dist, /test).
2025-11-17 21:46:52,082 - UnicodeAnalyzer - INFO - -> Analizzando versione 0.3.1 (26/156)...
2025-11-17 21:46:52,083 - UnicodeAnalyzer - INFO - Filtrati 2 file (es. in /dist, /test).
2025-11-17 21:46:52,141 - UnicodeAnalyzer - INFO - -> Analizzando versione 0.3.2 (27/156)...
2025-11-17 21:46:52,141 - UnicodeAnalyzer - INFO - Filtrati 2 file (es. in /dist, /test).
2025-11-17 21:46:52,199 - UnicodeAnalyzer - INFO - -> Analizzando versione 0.3.3 (28/156)...
2025-11-17 21:46:52,200 - UnicodeAnalyzer - INFO - Filtrati 2 file (es. in /dist, /test).
2025-11-17 21:46:52,257 - UnicodeAnalyzer - INFO - -> Analizzando versione 0.3.4 (29/156)...
2025-11-17 21:46:52,258 - UnicodeAnalyzer - INFO - Filtrati 2 file (es. in /dist, /test).
2025-11-17 21:46:52,314 - UnicodeAnalyzer - INFO - -> Analizzando versione 0.3.5 (30/156)...
2025-11-17 21:46:52,315 - UnicodeAnalyzer - INFO - Filtrati 2 file (es. in /dist, /test).
2025-11-17 21:46:52,372 - UnicodeAnalyzer - INFO - -> Analizzando versione 0.3.6 (31/156)...
2025-11-17 21:46:52,373 - UnicodeAnalyzer - INFO - Filtrati 2 file (es. in /dist, /test).
2025-11-17 21:46:52,431 - UnicodeAnalyzer - INFO - -> Analizzando versione 0.4.0 (32/156)...
2025-11-17 21:46:52,432 - UnicodeAnalyzer - INFO - Filtrati 2 file (es. in /dist, /test).
2025-11-17 21:46:52,488 - UnicodeAnalyzer - INFO - -> Analizzando versione 0.4.1 (33/156)...
2025-11-17 21:46:52,489 - UnicodeAnalyzer - INFO - Filtrati 2 file (es. in /dist, /test).
2025-11-17 21:46:52,546 - UnicodeAnalyzer - INFO - -> Analizzando versione 0.4.2 (34/156)...
2025-11-17 21:46:52,546 - UnicodeAnalyzer - INFO - Filtrati 2 file (es. in /dist, /test).
2025-11-17 21:46:52,603 - UnicodeAnalyzer - INFO - -> Analizzando versione 0.4.3 (35/156)...
2025-11-17 21:46:52,604 - UnicodeAnalyzer - INFO - Filtrati 2 file (es. in /dist, /test).
2025-11-17 21:46:52,661 - UnicodeAnalyzer - INFO - -> Analizzando versione 0.4.4 (36/156)...
2025-11-17 21:46:52,661 - UnicodeAnalyzer - INFO - Filtrati 2 file (es. in /dist, /test).
2025-11-17 21:46:52,718 - UnicodeAnalyzer - INFO - -> Analizzando versione 0.4.5 (37/156)...
2025-11-17 21:46:52,719 - UnicodeAnalyzer - INFO - Filtrati 2 file (es. in /dist, /test).
2025-11-17 21:46:52,776 - UnicodeAnalyzer - INFO - -> Analizzando versione 0.4.6 (38/156)...
2025-11-17 21:46:52,777 - UnicodeAnalyzer - INFO - Filtrati 2 file (es. in /dist, /test).
2025-11-17 21:46:52,834 - UnicodeAnalyzer - INFO - -> Analizzando versione 0.4.7 (39/156)...
2025-11-17 21:46:52,835 - UnicodeAnalyzer - INFO - Filtrati 2 file (es. in /dist, /test).
2025-11-17 21:46:52,892 - UnicodeAnalyzer - INFO - -> Analizzando versione 0.5.0 (40/156)...
2025-11-17 21:46:52,892 - UnicodeAnalyzer - INFO - Filtrati 2 file (es. in /dist, /test).
2025-11-17 21:46:52,951 - UnicodeAnalyzer - INFO - -> Analizzando versione 0.6.0 (41/156)...
2025-11-17 21:46:52,951 - UnicodeAnalyzer - INFO - Filtrati 2 file (es. in /dist, /test).
2025-11-17 21:46:53,008 - UnicodeAnalyzer - INFO - -> Analizzando versione 0.6.1 (42/156)...
2025-11-17 21:46:53,009 - UnicodeAnalyzer - INFO - Filtrati 2 file (es. in /dist, /test).
2025-11-17 21:46:53,067 - UnicodeAnalyzer - INFO - -> Analizzando versione 0.6.2 (43/156)...
2025-11-17 21:46:53,067 - UnicodeAnalyzer - INFO - Filtrati 2 file (es. in /dist, /test).
2025-11-17 21:46:53,125 - UnicodeAnalyzer - INFO - -> Analizzando versione 0.6.3 (44/156)...
2025-11-17 21:46:53,125 - UnicodeAnalyzer - INFO - Filtrati 2 file (es. in /dist, /test).
2025-11-17 21:46:53,183 - UnicodeAnalyzer - INFO - -> Analizzando versione 0.6.4 (45/156)...
2025-11-17 21:46:53,183 - UnicodeAnalyzer - INFO - Filtrati 2 file (es. in /dist, /test).
2025-11-17 21:46:53,241 - UnicodeAnalyzer - INFO - -> Analizzando versione 0.7.0 (46/156)...
2025-11-17 21:46:53,241 - UnicodeAnalyzer - INFO - Filtrati 2 file (es. in /dist, /test).
2025-11-17 21:46:53,298 - UnicodeAnalyzer - INFO - -> Analizzando versione 0.7.1 (47/156)...
2025-11-17 21:46:53,299 - UnicodeAnalyzer - INFO - Filtrati 2 file (es. in /dist, /test).
2025-11-17 21:46:53,355 - UnicodeAnalyzer - INFO - -> Analizzando versione 0.8.0 (48/156)...
2025-11-17 21:46:53,356 - UnicodeAnalyzer - INFO - Filtrati 2 file (es. in /dist, /test).
2025-11-17 21:46:53,413 - UnicodeAnalyzer - INFO - -> Analizzando versione 0.8.1 (49/156)...
2025-11-17 21:46:53,414 - UnicodeAnalyzer - INFO - Filtrati 2 file (es. in /dist, /test).
2025-11-17 21:46:53,472 - UnicodeAnalyzer - INFO - -> Analizzando versione 0.9.0 (50/156)...
2025-11-17 21:46:53,472 - UnicodeAnalyzer - INFO - Filtrati 2 file (es. in /dist, /test).
2025-11-17 21:46:53,529 - UnicodeAnalyzer - INFO - -> Analizzando versione 0.9.1 (51/156)...
2025-11-17 21:46:53,530 - UnicodeAnalyzer - INFO - Filtrati 2 file (es. in /dist, /test).
2025-11-17 21:46:53,588 - UnicodeAnalyzer - INFO - -> Analizzando versione 0.9.2 (52/156)...
2025-11-17 21:46:53,589 - UnicodeAnalyzer - INFO - Filtrati 2 file (es. in /dist, /test).
2025-11-17 21:46:53,645 - UnicodeAnalyzer - INFO - -> Analizzando versione 1.0.0 (53/156)...
2025-11-17 21:46:53,645 - UnicodeAnalyzer - INFO - Filtrati 2 file (es. in /dist, /test).
2025-11-17 21:46:53,703 - UnicodeAnalyzer - INFO - -> Analizzando versione 1.1.0 (54/156)...
2025-11-17 21:46:53,703 - UnicodeAnalyzer - INFO - Filtrati 2 file (es. in /dist, /test).
2025-11-17 21:46:53,760 - UnicodeAnalyzer - INFO - -> Analizzando versione 1.1.1 (55/156)...
2025-11-17 21:46:53,761 - UnicodeAnalyzer - INFO - Filtrati 2 file (es. in /dist, /test).
2025-11-17 21:46:53,818 - UnicodeAnalyzer - INFO - -> Analizzando versione 1.1.2 (56/156)...
2025-11-17 21:46:53,818 - UnicodeAnalyzer - INFO - Filtrati 2 file (es. in /dist, /test).
2025-11-17 21:46:53,876 - UnicodeAnalyzer - INFO - -> Analizzando versione 1.2.0 (57/156)...
2025-11-17 21:46:53,877 - UnicodeAnalyzer - INFO - Filtrati 2 file (es. in /dist, /test).
2025-11-17 21:46:53,933 - UnicodeAnalyzer - INFO - -> Analizzando versione 1.2.1 (58/156)...
2025-11-17 21:46:53,934 - UnicodeAnalyzer - INFO - Filtrati 2 file (es. in /dist, /test).
2025-11-17 21:46:53,990 - UnicodeAnalyzer - INFO - -> Analizzando versione 1.2.2 (59/156)...
2025-11-17 21:46:53,991 - UnicodeAnalyzer - INFO - Filtrati 2 file (es. in /dist, /test).
2025-11-17 21:46:54,048 - UnicodeAnalyzer - INFO - -> Analizzando versione 1.2.3 (60/156)...
2025-11-17 21:46:54,048 - UnicodeAnalyzer - INFO - Filtrati 2 file (es. in /dist, /test).
2025-11-17 21:46:54,105 - UnicodeAnalyzer - INFO - -> Analizzando versione 1.2.4 (61/156)...
2025-11-17 21:46:54,106 - UnicodeAnalyzer - INFO - Filtrati 2 file (es. in /dist, /test).
2025-11-17 21:46:54,162 - UnicodeAnalyzer - INFO - -> Analizzando versione 1.2.5 (62/156)...
2025-11-17 21:46:54,163 - UnicodeAnalyzer - INFO - Filtrati 2 file (es. in /dist, /test).
2025-11-17 21:46:54,221 - UnicodeAnalyzer - INFO - -> Analizzando versione 1.2.6 (63/156)...
2025-11-17 21:46:54,221 - UnicodeAnalyzer - INFO - Filtrati 2 file (es. in /dist, /test).
2025-11-17 21:46:54,278 - UnicodeAnalyzer - INFO - -> Analizzando versione 1.2.7 (64/156)...
2025-11-17 21:46:54,278 - UnicodeAnalyzer - INFO - Filtrati 2 file (es. in /dist, /test).
2025-11-17 21:46:54,336 - UnicodeAnalyzer - INFO - -> Analizzando versione 1.2.8 (65/156)...
2025-11-17 21:46:54,337 - UnicodeAnalyzer - INFO - Filtrati 2 file (es. in /dist, /test).
2025-11-17 21:46:54,394 - UnicodeAnalyzer - INFO - -> Analizzando versione 1.2.9 (66/156)...
2025-11-17 21:46:54,395 - UnicodeAnalyzer - INFO - Filtrati 2 file (es. in /dist, /test).
2025-11-17 21:46:54,451 - UnicodeAnalyzer - INFO - -> Analizzando versione 1.3.0 (67/156)...
2025-11-17 21:46:54,452 - UnicodeAnalyzer - INFO - Filtrati 2 file (es. in /dist, /test).
2025-11-17 21:46:54,509 - UnicodeAnalyzer - INFO - -> Analizzando versione 1.4.0 (68/156)...
2025-11-17 21:46:54,509 - UnicodeAnalyzer - INFO - Filtrati 2 file (es. in /dist, /test).
2025-11-17 21:46:54,568 - UnicodeAnalyzer - INFO - -> Analizzando versione 1.4.1 (69/156)...
2025-11-17 21:46:54,569 - UnicodeAnalyzer - INFO - Filtrati 2 file (es. in /dist, /test).
2025-11-17 21:46:54,624 - UnicodeAnalyzer - INFO - -> Analizzando versione 1.4.10 (70/156)...
2025-11-17 21:46:54,625 - UnicodeAnalyzer - INFO - Filtrati 2 file (es. in /dist, /test).
2025-11-17 21:46:54,682 - UnicodeAnalyzer - INFO - -> Analizzando versione 1.4.11 (71/156)...
2025-11-17 21:46:54,682 - UnicodeAnalyzer - INFO - Filtrati 2 file (es. in /dist, /test).
2025-11-17 21:46:54,739 - UnicodeAnalyzer - INFO - -> Analizzando versione 1.4.12 (72/156)...
2025-11-17 21:46:54,740 - UnicodeAnalyzer - INFO - Filtrati 2 file (es. in /dist, /test).
2025-11-17 21:46:54,797 - UnicodeAnalyzer - INFO - -> Analizzando versione 1.4.13 (73/156)...
2025-11-17 21:46:54,797 - UnicodeAnalyzer - INFO - Filtrati 2 file (es. in /dist, /test).
2025-11-17 21:46:54,854 - UnicodeAnalyzer - INFO - -> Analizzando versione 1.4.14 (74/156)...
2025-11-17 21:46:54,855 - UnicodeAnalyzer - INFO - Filtrati 2 file (es. in /dist, /test).
2025-11-17 21:46:54,912 - UnicodeAnalyzer - INFO - -> Analizzando versione 1.4.2 (75/156)...
2025-11-17 21:46:54,912 - UnicodeAnalyzer - INFO - Filtrati 2 file (es. in /dist, /test).
2025-11-17 21:46:54,969 - UnicodeAnalyzer - INFO - -> Analizzando versione 1.4.3 (76/156)...
2025-11-17 21:46:54,970 - UnicodeAnalyzer - INFO - Filtrati 2 file (es. in /dist, /test).
2025-11-17 21:46:55,031 - UnicodeAnalyzer - INFO - -> Analizzando versione 1.4.4 (77/156)...
2025-11-17 21:46:55,031 - UnicodeAnalyzer - INFO - Filtrati 2 file (es. in /dist, /test).
2025-11-17 21:46:55,088 - UnicodeAnalyzer - INFO - -> Analizzando versione 1.4.5 (78/156)...
2025-11-17 21:46:55,089 - UnicodeAnalyzer - INFO - Filtrati 2 file (es. in /dist, /test).
2025-11-17 21:46:55,146 - UnicodeAnalyzer - INFO - -> Analizzando versione 1.4.6 (79/156)...
2025-11-17 21:46:55,146 - UnicodeAnalyzer - INFO - Filtrati 2 file (es. in /dist, /test).
2025-11-17 21:46:55,205 - UnicodeAnalyzer - INFO - -> Analizzando versione 1.4.7 (80/156)...
2025-11-17 21:46:55,205 - UnicodeAnalyzer - INFO - Filtrati 2 file (es. in /dist, /test).
2025-11-17 21:46:55,263 - UnicodeAnalyzer - INFO - -> Analizzando versione 1.4.8 (81/156)...
2025-11-17 21:46:55,264 - UnicodeAnalyzer - INFO - Filtrati 2 file (es. in /dist, /test).
2025-11-17 21:46:55,321 - UnicodeAnalyzer - INFO - -> Analizzando versione 1.4.9 (82/156)...
2025-11-17 21:46:55,322 - UnicodeAnalyzer - INFO - Filtrati 2 file (es. in /dist, /test).
2025-11-17 21:46:55,380 - UnicodeAnalyzer - INFO - -> Analizzando versione 2.0.0 (83/156)...
2025-11-17 21:46:55,380 - UnicodeAnalyzer - INFO - Filtrati 2 file (es. in /dist, /test).
2025-11-17 21:46:55,438 - UnicodeAnalyzer - INFO - -> Analizzando versione 3.0.0 (84/156)...
2025-11-17 21:46:55,438 - UnicodeAnalyzer - INFO - Filtrati 2 file (es. in /dist, /test).
2025-11-17 21:46:55,495 - UnicodeAnalyzer - INFO - -> Analizzando versione 3.0.1 (85/156)...
2025-11-17 21:46:55,496 - UnicodeAnalyzer - INFO - Filtrati 2 file (es. in /dist, /test).
2025-11-17 21:46:55,553 - UnicodeAnalyzer - INFO - -> Analizzando versione 3.0.10 (86/156)...
2025-11-17 21:46:55,553 - UnicodeAnalyzer - INFO - Filtrati 2 file (es. in /dist, /test).
2025-11-17 21:46:55,611 - UnicodeAnalyzer - INFO - -> Analizzando versione 3.0.11 (87/156)...
2025-11-17 21:46:55,611 - UnicodeAnalyzer - INFO - Filtrati 2 file (es. in /dist, /test).
2025-11-17 21:46:55,669 - UnicodeAnalyzer - INFO - -> Analizzando versione 3.0.12 (88/156)...
2025-11-17 21:46:55,670 - UnicodeAnalyzer - INFO - Filtrati 2 file (es. in /dist, /test).
2025-11-17 21:46:55,727 - UnicodeAnalyzer - INFO - -> Analizzando versione 3.0.13 (89/156)...
2025-11-17 21:46:55,728 - UnicodeAnalyzer - INFO - Filtrati 2 file (es. in /dist, /test).
2025-11-17 21:46:55,786 - UnicodeAnalyzer - INFO - -> Analizzando versione 3.0.14 (90/156)...
2025-11-17 21:46:55,787 - UnicodeAnalyzer - INFO - Filtrati 2 file (es. in /dist, /test).
2025-11-17 21:46:55,844 - UnicodeAnalyzer - INFO - -> Analizzando versione 3.0.15 (91/156)...
2025-11-17 21:46:55,844 - UnicodeAnalyzer - INFO - Filtrati 2 file (es. in /dist, /test).
2025-11-17 21:46:55,901 - UnicodeAnalyzer - INFO - -> Analizzando versione 3.0.16 (92/156)...
2025-11-17 21:46:55,902 - UnicodeAnalyzer - INFO - Filtrati 2 file (es. in /dist, /test).
2025-11-17 21:46:55,961 - UnicodeAnalyzer - INFO - -> Analizzando versione 3.0.2 (93/156)...
2025-11-17 21:46:55,961 - UnicodeAnalyzer - INFO - Filtrati 2 file (es. in /dist, /test).
2025-11-17 21:46:56,018 - UnicodeAnalyzer - INFO - -> Analizzando versione 3.0.3 (94/156)...
2025-11-17 21:46:56,018 - UnicodeAnalyzer - INFO - Filtrati 2 file (es. in /dist, /test).
2025-11-17 21:46:56,076 - UnicodeAnalyzer - INFO - -> Analizzando versione 3.0.4 (95/156)...
2025-11-17 21:46:56,076 - UnicodeAnalyzer - INFO - Filtrati 2 file (es. in /dist, /test).
2025-11-17 21:46:56,134 - UnicodeAnalyzer - INFO - -> Analizzando versione 3.0.5 (96/156)...
2025-11-17 21:46:56,134 - UnicodeAnalyzer - INFO - Filtrati 2 file (es. in /dist, /test).
2025-11-17 21:46:56,192 - UnicodeAnalyzer - INFO - -> Analizzando versione 3.0.6 (97/156)...
2025-11-17 21:46:56,193 - UnicodeAnalyzer - INFO - Filtrati 2 file (es. in /dist, /test).
2025-11-17 21:46:56,251 - UnicodeAnalyzer - INFO - -> Analizzando versione 3.0.7 (98/156)...
2025-11-17 21:46:56,251 - UnicodeAnalyzer - INFO - Filtrati 2 file (es. in /dist, /test).
2025-11-17 21:46:56,309 - UnicodeAnalyzer - INFO - -> Analizzando versione 3.0.8 (99/156)...
2025-11-17 21:46:56,310 - UnicodeAnalyzer - INFO - Filtrati 2 file (es. in /dist, /test).
2025-11-17 21:46:56,366 - UnicodeAnalyzer - INFO - -> Analizzando versione 3.0.9 (100/156)...
2025-11-17 21:46:56,367 - UnicodeAnalyzer - INFO - Filtrati 2 file (es. in /dist, /test).
2025-11-17 21:46:56,424 - UnicodeAnalyzer - INFO - -> Analizzando versione 4.0.0 (101/156)...
2025-11-17 21:46:56,424 - UnicodeAnalyzer - INFO - Filtrati 2 file (es. in /dist, /test).
2025-11-17 21:46:56,481 - UnicodeAnalyzer - INFO - -> Analizzando versione 4.1.0 (102/156)...
2025-11-17 21:46:56,482 - UnicodeAnalyzer - INFO - Filtrati 2 file (es. in /dist, /test).
2025-11-17 21:46:56,542 - UnicodeAnalyzer - INFO - -> Analizzando versione 4.2.0 (103/156)...
2025-11-17 21:46:56,542 - UnicodeAnalyzer - INFO - Filtrati 2 file (es. in /dist, /test).
2025-11-17 21:46:56,598 - UnicodeAnalyzer - INFO - -> Analizzando versione 4.2.1 (104/156)...
2025-11-17 21:46:56,598 - UnicodeAnalyzer - INFO - Filtrati 2 file (es. in /dist, /test).
2025-11-17 21:46:56,655 - UnicodeAnalyzer - INFO - -> Analizzando versione 4.2.10 (105/156)...
2025-11-17 21:46:56,656 - UnicodeAnalyzer - INFO - Filtrati 2 file (es. in /dist, /test).
2025-11-17 21:46:56,714 - UnicodeAnalyzer - INFO - -> Analizzando versione 4.2.2 (106/156)...
2025-11-17 21:46:56,714 - UnicodeAnalyzer - INFO - Filtrati 2 file (es. in /dist, /test).
2025-11-17 21:46:56,772 - UnicodeAnalyzer - INFO - -> Analizzando versione 4.2.3 (107/156)...
2025-11-17 21:46:56,772 - UnicodeAnalyzer - INFO - Filtrati 2 file (es. in /dist, /test).
2025-11-17 21:46:56,829 - UnicodeAnalyzer - INFO - -> Analizzando versione 4.2.4 (108/156)...
2025-11-17 21:46:56,829 - UnicodeAnalyzer - INFO - Filtrati 2 file (es. in /dist, /test).
2025-11-17 21:46:56,887 - UnicodeAnalyzer - INFO - -> Analizzando versione 4.2.5 (109/156)...
2025-11-17 21:46:56,887 - UnicodeAnalyzer - INFO - Filtrati 2 file (es. in /dist, /test).
2025-11-17 21:46:56,944 - UnicodeAnalyzer - INFO - -> Analizzando versione 4.2.6 (110/156)...
2025-11-17 21:46:56,945 - UnicodeAnalyzer - INFO - Filtrati 2 file (es. in /dist, /test).
2025-11-17 21:46:57,002 - UnicodeAnalyzer - INFO - -> Analizzando versione 4.2.7 (111/156)...
2025-11-17 21:46:57,003 - UnicodeAnalyzer - INFO - Filtrati 2 file (es. in /dist, /test).
2025-11-17 21:46:57,061 - UnicodeAnalyzer - INFO - -> Analizzando versione 4.2.8 (112/156)...
2025-11-17 21:46:57,061 - UnicodeAnalyzer - INFO - Filtrati 2 file (es. in /dist, /test).
2025-11-17 21:46:57,119 - UnicodeAnalyzer - INFO - -> Analizzando versione 4.2.9 (113/156)...
2025-11-17 21:46:57,119 - UnicodeAnalyzer - INFO - Filtrati 2 file (es. in /dist, /test).
2025-11-17 21:46:57,177 - UnicodeAnalyzer - INFO - -> Analizzando versione 5.0.0 (114/156)...
2025-11-17 21:46:57,177 - UnicodeAnalyzer - INFO - Filtrati 2 file (es. in /dist, /test).
2025-11-17 21:46:57,235 - UnicodeAnalyzer - INFO - -> Analizzando versione 5.0.1 (115/156)...
2025-11-17 21:46:57,236 - UnicodeAnalyzer - INFO - Filtrati 2 file (es. in /dist, /test).
2025-11-17 21:46:57,293 - UnicodeAnalyzer - INFO - -> Analizzando versione 5.0.10 (116/156)...
2025-11-17 21:46:57,293 - UnicodeAnalyzer - INFO - Filtrati 2 file (es. in /dist, /test).
2025-11-17 21:46:57,351 - UnicodeAnalyzer - INFO - -> Analizzando versione 5.0.11 (117/156)...
2025-11-17 21:46:57,351 - UnicodeAnalyzer - INFO - Filtrati 2 file (es. in /dist, /test).
2025-11-17 21:46:57,408 - UnicodeAnalyzer - INFO - -> Analizzando versione 5.0.2 (118/156)...
2025-11-17 21:46:57,409 - UnicodeAnalyzer - INFO - Filtrati 2 file (es. in /dist, /test).
2025-11-17 21:46:57,467 - UnicodeAnalyzer - INFO - -> Analizzando versione 5.0.3 (119/156)...
2025-11-17 21:46:57,467 - UnicodeAnalyzer - INFO - Filtrati 2 file (es. in /dist, /test).
2025-11-17 21:46:57,526 - UnicodeAnalyzer - INFO - -> Analizzando versione 5.0.4 (120/156)...
2025-11-17 21:46:57,526 - UnicodeAnalyzer - INFO - Filtrati 2 file (es. in /dist, /test).
2025-11-17 21:46:57,584 - UnicodeAnalyzer - INFO - -> Analizzando versione 5.0.5 (121/156)...
2025-11-17 21:46:57,585 - UnicodeAnalyzer - INFO - Filtrati 2 file (es. in /dist, /test).
2025-11-17 21:46:57,642 - UnicodeAnalyzer - INFO - -> Analizzando versione 5.0.6 (122/156)...
2025-11-17 21:46:57,642 - UnicodeAnalyzer - INFO - Filtrati 2 file (es. in /dist, /test).
2025-11-17 21:46:57,699 - UnicodeAnalyzer - INFO - -> Analizzando versione 5.0.7 (123/156)...
2025-11-17 21:46:57,700 - UnicodeAnalyzer - INFO - Filtrati 2 file (es. in /dist, /test).
2025-11-17 21:46:57,757 - UnicodeAnalyzer - INFO - -> Analizzando versione 5.0.8 (124/156)...
2025-11-17 21:46:57,758 - UnicodeAnalyzer - INFO - Filtrati 2 file (es. in /dist, /test).
2025-11-17 21:46:57,814 - UnicodeAnalyzer - INFO - -> Analizzando versione 5.0.9 (125/156)...
2025-11-17 21:46:57,815 - UnicodeAnalyzer - INFO - Filtrati 2 file (es. in /dist, /test).
2025-11-17 21:46:57,873 - UnicodeAnalyzer - INFO - -> Analizzando versione 5.1.0 (126/156)...
2025-11-17 21:46:57,873 - UnicodeAnalyzer - INFO - Filtrati 2 file (es. in /dist, /test).
2025-11-17 21:46:57,930 - UnicodeAnalyzer - INFO - -> Analizzando versione 5.1.1 (127/156)...
2025-11-17 21:46:57,931 - UnicodeAnalyzer - INFO - Filtrati 2 file (es. in /dist, /test).
2025-11-17 21:46:57,989 - UnicodeAnalyzer - INFO - -> Analizzando versione 5.1.10 (128/156)...
2025-11-17 21:46:57,989 - UnicodeAnalyzer - INFO - Filtrati 2 file (es. in /dist, /test).
2025-11-17 21:46:58,048 - UnicodeAnalyzer - INFO - -> Analizzando versione 5.1.11 (129/156)...
2025-11-17 21:46:58,049 - UnicodeAnalyzer - INFO - Filtrati 2 file (es. in /dist, /test).
2025-11-17 21:46:58,106 - UnicodeAnalyzer - INFO - -> Analizzando versione 5.1.12 (130/156)...
2025-11-17 21:46:58,106 - UnicodeAnalyzer - INFO - Filtrati 2 file (es. in /dist, /test).
2025-11-17 21:46:58,164 - UnicodeAnalyzer - INFO - -> Analizzando versione 5.1.13 (131/156)...
2025-11-17 21:46:58,164 - UnicodeAnalyzer - INFO - Filtrati 2 file (es. in /dist, /test).
2025-11-17 21:46:58,221 - UnicodeAnalyzer - INFO - -> Analizzando versione 5.1.14 (132/156)...
2025-11-17 21:46:58,222 - UnicodeAnalyzer - INFO - Filtrati 2 file (es. in /dist, /test).
2025-11-17 21:46:58,279 - UnicodeAnalyzer - INFO - -> Analizzando versione 5.1.15 (133/156)...
2025-11-17 21:46:58,280 - UnicodeAnalyzer - INFO - Filtrati 2 file (es. in /dist, /test).
2025-11-17 21:46:58,337 - UnicodeAnalyzer - INFO - -> Analizzando versione 5.1.16 (134/156)...
2025-11-17 21:46:58,337 - UnicodeAnalyzer - INFO - Filtrati 2 file (es. in /dist, /test).
2025-11-17 21:46:58,394 - UnicodeAnalyzer - INFO - -> Analizzando versione 5.1.17 (135/156)...
2025-11-17 21:46:58,395 - UnicodeAnalyzer - INFO - Filtrati 2 file (es. in /dist, /test).
2025-11-17 21:46:58,452 - UnicodeAnalyzer - INFO - -> Analizzando versione 5.1.18 (136/156)...
2025-11-17 21:46:58,453 - UnicodeAnalyzer - INFO - Filtrati 2 file (es. in /dist, /test).
2025-11-17 21:46:58,510 - UnicodeAnalyzer - INFO - -> Analizzando versione 5.1.19 (137/156)...
2025-11-17 21:46:58,510 - UnicodeAnalyzer - INFO - Filtrati 2 file (es. in /dist, /test).
2025-11-17 21:46:58,568 - UnicodeAnalyzer - INFO - -> Analizzando versione 5.1.2 (138/156)...
2025-11-17 21:46:58,569 - UnicodeAnalyzer - INFO - Filtrati 2 file (es. in /dist, /test).
2025-11-17 21:46:58,626 - UnicodeAnalyzer - INFO - -> Analizzando versione 5.1.3 (139/156)...
2025-11-17 21:46:58,626 - UnicodeAnalyzer - INFO - Filtrati 2 file (es. in /dist, /test).
2025-11-17 21:46:58,683 - UnicodeAnalyzer - INFO - -> Analizzando versione 5.1.4 (140/156)...
2025-11-17 21:46:58,684 - UnicodeAnalyzer - INFO - Filtrati 2 file (es. in /dist, /test).
2025-11-17 21:46:58,741 - UnicodeAnalyzer - INFO - -> Analizzando versione 5.1.5 (141/156)...
2025-11-17 21:46:58,742 - UnicodeAnalyzer - INFO - Filtrati 2 file (es. in /dist, /test).
2025-11-17 21:46:58,799 - UnicodeAnalyzer - INFO - -> Analizzando versione 5.1.6 (142/156)...
2025-11-17 21:46:58,800 - UnicodeAnalyzer - INFO - Filtrati 2 file (es. in /dist, /test).
2025-11-17 21:46:58,857 - UnicodeAnalyzer - INFO - -> Analizzando versione 5.1.7 (143/156)...
2025-11-17 21:46:58,857 - UnicodeAnalyzer - INFO - Filtrati 2 file (es. in /dist, /test).
2025-11-17 21:46:58,915 - UnicodeAnalyzer - INFO - -> Analizzando versione 5.1.8 (144/156)...
2025-11-17 21:46:58,915 - UnicodeAnalyzer - INFO - Filtrati 2 file (es. in /dist, /test).
2025-11-17 21:46:58,974 - UnicodeAnalyzer - INFO - -> Analizzando versione 5.1.9 (145/156)...
2025-11-17 21:46:58,974 - UnicodeAnalyzer - INFO - Filtrati 2 file (es. in /dist, /test).
2025-11-17 21:46:59,032 - UnicodeAnalyzer - INFO - -> Analizzando versione 5.2.0 (146/156)...
2025-11-17 21:46:59,033 - UnicodeAnalyzer - INFO - Filtrati 2 file (es. in /dist, /test).
2025-11-17 21:46:59,091 - UnicodeAnalyzer - INFO - -> Analizzando versione 5.2.1 (147/156)...
2025-11-17 21:46:59,092 - UnicodeAnalyzer - INFO - Filtrati 2 file (es. in /dist, /test).
2025-11-17 21:46:59,150 - UnicodeAnalyzer - INFO - -> Analizzando versione 5.2.10 (148/156)...
2025-11-17 21:46:59,150 - UnicodeAnalyzer - INFO - Filtrati 2 file (es. in /dist, /test).
2025-11-17 21:46:59,207 - UnicodeAnalyzer - INFO - -> Analizzando versione 5.2.2 (149/156)...
2025-11-17 21:46:59,208 - UnicodeAnalyzer - INFO - Filtrati 2 file (es. in /dist, /test).
2025-11-17 21:46:59,265 - UnicodeAnalyzer - INFO - -> Analizzando versione 5.2.3 (150/156)...
2025-11-17 21:46:59,266 - UnicodeAnalyzer - INFO - Filtrati 2 file (es. in /dist, /test).
2025-11-17 21:46:59,323 - UnicodeAnalyzer - INFO - -> Analizzando versione 5.2.4 (151/156)...
2025-11-17 21:46:59,324 - UnicodeAnalyzer - INFO - Filtrati 2 file (es. in /dist, /test).
2025-11-17 21:46:59,381 - UnicodeAnalyzer - INFO - -> Analizzando versione 5.2.5 (152/156)...
2025-11-17 21:46:59,382 - UnicodeAnalyzer - INFO - Filtrati 2 file (es. in /dist, /test).
2025-11-17 21:46:59,442 - UnicodeAnalyzer - INFO - -> Analizzando versione 5.2.6 (153/156)...
2025-11-17 21:46:59,442 - UnicodeAnalyzer - INFO - Filtrati 2 file (es. in /dist, /test).
2025-11-17 21:46:59,502 - UnicodeAnalyzer - INFO - -> Analizzando versione 5.2.7 (154/156)...
2025-11-17 21:46:59,503 - UnicodeAnalyzer - INFO - Filtrati 2 file (es. in /dist, /test).
2025-11-17 21:46:59,560 - UnicodeAnalyzer - INFO - -> Analizzando versione 5.2.8 (155/156)...
2025-11-17 21:46:59,560 - UnicodeAnalyzer - INFO - Filtrati 2 file (es. in /dist, /test).
2025-11-17 21:46:59,618 - UnicodeAnalyzer - INFO - -> Analizzando versione 5.2.9 (156/156)...
2025-11-17 21:46:59,619 - UnicodeAnalyzer - INFO - Filtrati 2 file (es. in /dist, /test).
2025-11-17 21:46:59,678 - UnicodeAnalyzer - INFO - Esportando i risultati HUT per 'html-react-parser' in CSV...
2025-11-17 21:46:59,912 - UnicodeAnalyzer - INFO - Report salvati in: /app/npm_hut_results/html-react-parser
2025-11-17 21:46:59,913 - NPM_HUT_Analyzer - INFO - Pulizia cartella temporanea 'temp_hut/html-react-parser'...
2025-11-17 21:46:59,992 - NPM_HUT_Analyzer - INFO - Pulizia completata.
