2025-10-26 10:14:33,985 - NPM_Analyzer - INFO - Fetching metadata for 'intl-messageformat'...
2025-10-26 10:14:34,088 - NPM_Analyzer - INFO - Found 283 versions. Starting download into 'temp/intl-messageformat'...
2025-10-26 10:18:11,177 - BlankSpaceAnalyzer - INFO - Analyzing 283 versions for '*.js' in 'intl-messageformat'.
2025-10-26 10:18:11,178 - BlankSpaceAnalyzer - INFO - -> Analyzing version 0.0.1 (1/283)...
2025-10-26 10:18:11,179 - BlankSpaceAnalyzer - INFO - -> Analyzing version 0.1.0 (2/283)...
2025-10-26 10:18:11,283 - BlankSpaceAnalyzer - INFO - -> Analyzing version 0.1.0-rc-1 (3/283)...
2025-10-26 10:18:11,367 - BlankSpaceAnalyzer - INFO - -> Analyzing version 0.1.0-rc-2 (4/283)...
2025-10-26 10:18:11,456 - BlankSpaceAnalyzer - INFO - -> Analyzing version 0.1.0-rc-3 (5/283)...
2025-10-26 10:18:11,549 - BlankSpaceAnalyzer - INFO - -> Analyzing version 1.0.0 (6/283)...
2025-10-26 10:18:11,628 - BlankSpaceAnalyzer - INFO - -> Analyzing version 1.0.0-rc-1 (7/283)...
2025-10-26 10:18:11,707 - BlankSpaceAnalyzer - INFO - -> Analyzing version 1.0.0-rc-2 (8/283)...
2025-10-26 10:18:11,784 - BlankSpaceAnalyzer - INFO - -> Analyzing version 1.0.0-rc-3 (9/283)...
2025-10-26 10:18:11,862 - BlankSpaceAnalyzer - INFO - -> Analyzing version 1.0.0-rc-4 (10/283)...
2025-10-26 10:18:11,933 - BlankSpaceAnalyzer - INFO - -> Analyzing version 1.0.0-rc-5 (11/283)...
2025-10-26 10:18:12,013 - BlankSpaceAnalyzer - INFO - -> Analyzing version 1.0.0-rc-6 (12/283)...
2025-10-26 10:18:12,094 - BlankSpaceAnalyzer - INFO - -> Analyzing version 1.0.1 (13/283)...
2025-10-26 10:18:12,174 - BlankSpaceAnalyzer - INFO - -> Analyzing version 1.0.2 (14/283)...
2025-10-26 10:18:12,257 - BlankSpaceAnalyzer - INFO - -> Analyzing version 1.0.3 (15/283)...
2025-10-26 10:18:12,338 - BlankSpaceAnalyzer - INFO - -> Analyzing version 1.0.4 (16/283)...
2025-10-26 10:18:12,419 - BlankSpaceAnalyzer - INFO - -> Analyzing version 1.1.0 (17/283)...
2025-10-26 10:18:12,502 - BlankSpaceAnalyzer - INFO - -> Analyzing version 1.2.0 (18/283)...
2025-10-26 10:18:12,584 - BlankSpaceAnalyzer - INFO - -> Analyzing version 1.3.0 (19/283)...
2025-10-26 10:18:12,664 - BlankSpaceAnalyzer - INFO - -> Analyzing version 10.0.1 (20/283)...
2025-10-26 10:18:12,735 - BlankSpaceAnalyzer - INFO - -> Analyzing version 10.1.0 (21/283)...
2025-10-26 10:18:12,813 - BlankSpaceAnalyzer - INFO - -> Analyzing version 10.1.1 (22/283)...
2025-10-26 10:18:12,890 - BlankSpaceAnalyzer - INFO - -> Analyzing version 10.1.2 (23/283)...
2025-10-26 10:18:12,890 - BlankSpaceAnalyzer - INFO - -> Analyzing version 10.1.3 (24/283)...
2025-10-26 10:18:12,967 - BlankSpaceAnalyzer - INFO - -> Analyzing version 10.1.4 (25/283)...
2025-10-26 10:18:13,045 - BlankSpaceAnalyzer - INFO - -> Analyzing version 10.1.5 (26/283)...
2025-10-26 10:18:13,117 - BlankSpaceAnalyzer - INFO - -> Analyzing version 10.2.0 (27/283)...
2025-10-26 10:18:13,194 - BlankSpaceAnalyzer - INFO - -> Analyzing version 10.2.1 (28/283)...
2025-10-26 10:18:13,271 - BlankSpaceAnalyzer - INFO - -> Analyzing version 10.2.2 (29/283)...
2025-10-26 10:18:13,348 - BlankSpaceAnalyzer - INFO - -> Analyzing version 10.2.4 (30/283)...
2025-10-26 10:18:13,419 - BlankSpaceAnalyzer - INFO - -> Analyzing version 10.2.5 (31/283)...
2025-10-26 10:18:13,498 - BlankSpaceAnalyzer - INFO - -> Analyzing version 10.2.6 (32/283)...
2025-10-26 10:18:13,572 - BlankSpaceAnalyzer - INFO - -> Analyzing version 10.3.0 (33/283)...
2025-10-26 10:18:13,643 - BlankSpaceAnalyzer - INFO - -> Analyzing version 10.3.1 (34/283)...
2025-10-26 10:18:13,716 - BlankSpaceAnalyzer - INFO - -> Analyzing version 10.3.2 (35/283)...
2025-10-26 10:18:13,790 - BlankSpaceAnalyzer - INFO - -> Analyzing version 10.3.3 (36/283)...
2025-10-26 10:18:13,868 - BlankSpaceAnalyzer - INFO - -> Analyzing version 10.3.4 (37/283)...
2025-10-26 10:18:13,937 - BlankSpaceAnalyzer - INFO - -> Analyzing version 10.3.5 (38/283)...
2025-10-26 10:18:14,015 - BlankSpaceAnalyzer - INFO - -> Analyzing version 10.4.0 (39/283)...
2025-10-26 10:18:14,091 - BlankSpaceAnalyzer - INFO - -> Analyzing version 10.5.0 (40/283)...
2025-10-26 10:18:14,166 - BlankSpaceAnalyzer - INFO - -> Analyzing version 10.5.1 (41/283)...
2025-10-26 10:18:14,237 - BlankSpaceAnalyzer - INFO - -> Analyzing version 10.5.10 (42/283)...
2025-10-26 10:18:14,313 - BlankSpaceAnalyzer - INFO - -> Analyzing version 10.5.11 (43/283)...
2025-10-26 10:18:14,391 - BlankSpaceAnalyzer - INFO - -> Analyzing version 10.5.12 (44/283)...
2025-10-26 10:18:14,468 - BlankSpaceAnalyzer - INFO - -> Analyzing version 10.5.13 (45/283)...
2025-10-26 10:18:14,545 - BlankSpaceAnalyzer - INFO - -> Analyzing version 10.5.14 (46/283)...
2025-10-26 10:18:14,623 - BlankSpaceAnalyzer - INFO - -> Analyzing version 10.5.2 (47/283)...
2025-10-26 10:18:14,700 - BlankSpaceAnalyzer - INFO - -> Analyzing version 10.5.3 (48/283)...
2025-10-26 10:18:14,780 - BlankSpaceAnalyzer - INFO - -> Analyzing version 10.5.4 (49/283)...
2025-10-26 10:18:14,855 - BlankSpaceAnalyzer - INFO - -> Analyzing version 10.5.5 (50/283)...
2025-10-26 10:18:14,926 - BlankSpaceAnalyzer - INFO - -> Analyzing version 10.5.6 (51/283)...
2025-10-26 10:18:15,004 - BlankSpaceAnalyzer - INFO - -> Analyzing version 10.5.7 (52/283)...
2025-10-26 10:18:15,082 - BlankSpaceAnalyzer - INFO - -> Analyzing version 10.5.8 (53/283)...
2025-10-26 10:18:15,159 - BlankSpaceAnalyzer - INFO - -> Analyzing version 10.5.9 (54/283)...
2025-10-26 10:18:15,240 - BlankSpaceAnalyzer - INFO - -> Analyzing version 10.6.0 (55/283)...
2025-10-26 10:18:15,316 - BlankSpaceAnalyzer - INFO - -> Analyzing version 10.7.0 (56/283)...
2025-10-26 10:18:15,393 - BlankSpaceAnalyzer - INFO - -> Analyzing version 10.7.1 (57/283)...
2025-10-26 10:18:15,470 - BlankSpaceAnalyzer - INFO - -> Analyzing version 10.7.10 (58/283)...
2025-10-26 10:18:15,547 - BlankSpaceAnalyzer - INFO - -> Analyzing version 10.7.11 (59/283)...
2025-10-26 10:18:15,618 - BlankSpaceAnalyzer - INFO - -> Analyzing version 10.7.12 (60/283)...
2025-10-26 10:18:15,695 - BlankSpaceAnalyzer - INFO - -> Analyzing version 10.7.13 (61/283)...
2025-10-26 10:18:15,775 - BlankSpaceAnalyzer - INFO - -> Analyzing version 10.7.14 (62/283)...
2025-10-26 10:18:15,852 - BlankSpaceAnalyzer - INFO - -> Analyzing version 10.7.15 (63/283)...
2025-10-26 10:18:15,930 - BlankSpaceAnalyzer - INFO - -> Analyzing version 10.7.16 (64/283)...
2025-10-26 10:18:16,009 - BlankSpaceAnalyzer - INFO - -> Analyzing version 10.7.17 (65/283)...
2025-10-26 10:18:16,089 - BlankSpaceAnalyzer - INFO - -> Analyzing version 10.7.18 (66/283)...
2025-10-26 10:18:16,164 - BlankSpaceAnalyzer - INFO - -> Analyzing version 10.7.2 (67/283)...
2025-10-26 10:18:16,242 - BlankSpaceAnalyzer - INFO - -> Analyzing version 10.7.3 (68/283)...
2025-10-26 10:18:16,318 - BlankSpaceAnalyzer - INFO - -> Analyzing version 10.7.4 (69/283)...
2025-10-26 10:18:16,396 - BlankSpaceAnalyzer - INFO - -> Analyzing version 10.7.5 (70/283)...
2025-10-26 10:18:16,469 - BlankSpaceAnalyzer - INFO - -> Analyzing version 10.7.6 (71/283)...
2025-10-26 10:18:16,541 - BlankSpaceAnalyzer - INFO - -> Analyzing version 10.7.7 (72/283)...
2025-10-26 10:18:16,613 - BlankSpaceAnalyzer - INFO - -> Analyzing version 10.7.8 (73/283)...
2025-10-26 10:18:16,690 - BlankSpaceAnalyzer - INFO - -> Analyzing version 10.7.9 (74/283)...
2025-10-26 10:18:16,773 - BlankSpaceAnalyzer - INFO - -> Analyzing version 2.0.0 (75/283)...
2025-10-26 10:18:16,857 - BlankSpaceAnalyzer - INFO - -> Analyzing version 2.1.0 (76/283)...
2025-10-26 10:18:16,938 - BlankSpaceAnalyzer - INFO - -> Analyzing version 2.2.0 (77/283)...
2025-10-26 10:18:17,024 - BlankSpaceAnalyzer - INFO - -> Analyzing version 3.0.0 (78/283)...
2025-10-26 10:18:17,110 - BlankSpaceAnalyzer - INFO - -> Analyzing version 3.1.0 (79/283)...
2025-10-26 10:18:17,186 - BlankSpaceAnalyzer - INFO - -> Analyzing version 3.1.1 (80/283)...
2025-10-26 10:18:17,263 - BlankSpaceAnalyzer - INFO - -> Analyzing version 3.1.2 (81/283)...
2025-10-26 10:18:17,341 - BlankSpaceAnalyzer - INFO - -> Analyzing version 3.1.3 (82/283)...
2025-10-26 10:18:17,411 - BlankSpaceAnalyzer - INFO - -> Analyzing version 3.1.4 (83/283)...
2025-10-26 10:18:17,487 - BlankSpaceAnalyzer - INFO - -> Analyzing version 3.3.0 (84/283)...
2025-10-26 10:18:17,562 - BlankSpaceAnalyzer - INFO - -> Analyzing version 4.0.0 (85/283)...
2025-10-26 10:18:17,634 - BlankSpaceAnalyzer - INFO - -> Analyzing version 4.0.1 (86/283)...
2025-10-26 10:18:17,712 - BlankSpaceAnalyzer - INFO - -> Analyzing version 4.1.0 (87/283)...
2025-10-26 10:18:17,790 - BlankSpaceAnalyzer - INFO - -> Analyzing version 4.1.1 (88/283)...
2025-10-26 10:18:17,865 - BlankSpaceAnalyzer - INFO - -> Analyzing version 4.1.2 (89/283)...
2025-10-26 10:18:17,936 - BlankSpaceAnalyzer - INFO - -> Analyzing version 4.2.1 (90/283)...
2025-10-26 10:18:18,013 - BlankSpaceAnalyzer - INFO - -> Analyzing version 4.3.0 (91/283)...
2025-10-26 10:18:18,092 - BlankSpaceAnalyzer - INFO - -> Analyzing version 4.4.0 (92/283)...
2025-10-26 10:18:18,170 - BlankSpaceAnalyzer - INFO - -> Analyzing version 5.0.0 (93/283)...
2025-10-26 10:18:18,248 - BlankSpaceAnalyzer - INFO - -> Analyzing version 5.0.1 (94/283)...
2025-10-26 10:18:18,319 - BlankSpaceAnalyzer - INFO - -> Analyzing version 5.1.0 (95/283)...
2025-10-26 10:18:18,398 - BlankSpaceAnalyzer - INFO - -> Analyzing version 5.1.2 (96/283)...
2025-10-26 10:18:18,474 - BlankSpaceAnalyzer - INFO - -> Analyzing version 5.2.0 (97/283)...
2025-10-26 10:18:18,551 - BlankSpaceAnalyzer - INFO - -> Analyzing version 5.3.0 (98/283)...
2025-10-26 10:18:18,622 - BlankSpaceAnalyzer - INFO - -> Analyzing version 5.4.0 (99/283)...
2025-10-26 10:18:18,699 - BlankSpaceAnalyzer - INFO - -> Analyzing version 5.4.1 (100/283)...
2025-10-26 10:18:18,777 - BlankSpaceAnalyzer - INFO - -> Analyzing version 5.4.2 (101/283)...
2025-10-26 10:18:18,854 - BlankSpaceAnalyzer - INFO - -> Analyzing version 5.4.3 (102/283)...
2025-10-26 10:18:18,932 - BlankSpaceAnalyzer - INFO - -> Analyzing version 6.0.0 (103/283)...
2025-10-26 10:18:19,010 - BlankSpaceAnalyzer - INFO - -> Analyzing version 6.0.1 (104/283)...
2025-10-26 10:18:19,088 - BlankSpaceAnalyzer - INFO - -> Analyzing version 6.0.2 (105/283)...
2025-10-26 10:18:19,163 - BlankSpaceAnalyzer - INFO - -> Analyzing version 6.0.3 (106/283)...
2025-10-26 10:18:19,235 - BlankSpaceAnalyzer - INFO - -> Analyzing version 6.0.4 (107/283)...
2025-10-26 10:18:19,312 - BlankSpaceAnalyzer - INFO - -> Analyzing version 6.1.0 (108/283)...
2025-10-26 10:18:19,389 - BlankSpaceAnalyzer - INFO - -> Analyzing version 6.1.1 (109/283)...
2025-10-26 10:18:19,464 - BlankSpaceAnalyzer - INFO - -> Analyzing version 6.1.10 (110/283)...
2025-10-26 10:18:19,536 - BlankSpaceAnalyzer - INFO - -> Analyzing version 6.1.11 (111/283)...
2025-10-26 10:18:19,614 - BlankSpaceAnalyzer - INFO - -> Analyzing version 6.1.2 (112/283)...
2025-10-26 10:18:19,686 - BlankSpaceAnalyzer - INFO - -> Analyzing version 6.1.3 (113/283)...
2025-10-26 10:18:19,758 - BlankSpaceAnalyzer - INFO - -> Analyzing version 6.1.4 (114/283)...
2025-10-26 10:18:19,830 - BlankSpaceAnalyzer - INFO - -> Analyzing version 6.1.5 (115/283)...
2025-10-26 10:18:19,908 - BlankSpaceAnalyzer - INFO - -> Analyzing version 6.1.6 (116/283)...
2025-10-26 10:18:19,986 - BlankSpaceAnalyzer - INFO - -> Analyzing version 6.1.7 (117/283)...
2025-10-26 10:18:20,065 - BlankSpaceAnalyzer - INFO - -> Analyzing version 6.1.9 (118/283)...
2025-10-26 10:18:20,143 - BlankSpaceAnalyzer - INFO - -> Analyzing version 7.0.0 (119/283)...
2025-10-26 10:18:20,217 - BlankSpaceAnalyzer - INFO - -> Analyzing version 7.1.0 (120/283)...
2025-10-26 10:18:20,294 - BlankSpaceAnalyzer - INFO - -> Analyzing version 7.1.1 (121/283)...
2025-10-26 10:18:20,372 - BlankSpaceAnalyzer - INFO - -> Analyzing version 7.1.2 (122/283)...
2025-10-26 10:18:20,450 - BlankSpaceAnalyzer - INFO - -> Analyzing version 7.1.3 (123/283)...
2025-10-26 10:18:20,528 - BlankSpaceAnalyzer - INFO - -> Analyzing version 7.1.4 (124/283)...
2025-10-26 10:18:20,607 - BlankSpaceAnalyzer - INFO - -> Analyzing version 7.1.5 (125/283)...
2025-10-26 10:18:20,686 - BlankSpaceAnalyzer - INFO - -> Analyzing version 7.1.6 (126/283)...
2025-10-26 10:18:20,762 - BlankSpaceAnalyzer - INFO - -> Analyzing version 7.2.0 (127/283)...
2025-10-26 10:18:20,835 - BlankSpaceAnalyzer - INFO - -> Analyzing version 7.2.1 (128/283)...
2025-10-26 10:18:20,914 - BlankSpaceAnalyzer - INFO - -> Analyzing version 7.2.2 (129/283)...
2025-10-26 10:18:20,988 - BlankSpaceAnalyzer - INFO - -> Analyzing version 7.2.3 (130/283)...
2025-10-26 10:18:21,059 - BlankSpaceAnalyzer - INFO - -> Analyzing version 7.2.4 (131/283)...
2025-10-26 10:18:21,131 - BlankSpaceAnalyzer - INFO - -> Analyzing version 7.3.0 (132/283)...
2025-10-26 10:18:21,210 - BlankSpaceAnalyzer - INFO - -> Analyzing version 7.3.1 (133/283)...
2025-10-26 10:18:21,289 - BlankSpaceAnalyzer - INFO - -> Analyzing version 7.3.2 (134/283)...
2025-10-26 10:18:21,364 - BlankSpaceAnalyzer - INFO - -> Analyzing version 7.3.3 (135/283)...
2025-10-26 10:18:21,435 - BlankSpaceAnalyzer - INFO - -> Analyzing version 7.5.0 (136/283)...
2025-10-26 10:18:21,513 - BlankSpaceAnalyzer - INFO - -> Analyzing version 7.5.1 (137/283)...
2025-10-26 10:18:21,588 - BlankSpaceAnalyzer - INFO - -> Analyzing version 7.5.2 (138/283)...
2025-10-26 10:18:21,662 - BlankSpaceAnalyzer - INFO - -> Analyzing version 7.5.3 (139/283)...
2025-10-26 10:18:21,739 - BlankSpaceAnalyzer - INFO - -> Analyzing version 7.5.4 (140/283)...
2025-10-26 10:18:21,817 - BlankSpaceAnalyzer - INFO - -> Analyzing version 7.5.4-alpha.6 (141/283)...
2025-10-26 10:18:21,895 - BlankSpaceAnalyzer - INFO - -> Analyzing version 7.5.4-alpha.7 (142/283)...
2025-10-26 10:18:21,970 - BlankSpaceAnalyzer - INFO - -> Analyzing version 7.5.5 (143/283)...
2025-10-26 10:18:22,042 - BlankSpaceAnalyzer - INFO - -> Analyzing version 7.5.6 (144/283)...
2025-10-26 10:18:22,115 - BlankSpaceAnalyzer - INFO - -> Analyzing version 7.6.0 (145/283)...
2025-10-26 10:18:22,192 - BlankSpaceAnalyzer - INFO - -> Analyzing version 7.6.1 (146/283)...
2025-10-26 10:18:22,267 - BlankSpaceAnalyzer - INFO - -> Analyzing version 7.6.2 (147/283)...
2025-10-26 10:18:22,339 - BlankSpaceAnalyzer - INFO - -> Analyzing version 7.7.0 (148/283)...
2025-10-26 10:18:22,418 - BlankSpaceAnalyzer - INFO - -> Analyzing version 7.7.1 (149/283)...
2025-10-26 10:18:22,497 - BlankSpaceAnalyzer - INFO - -> Analyzing version 7.7.2 (150/283)...
2025-10-26 10:18:22,571 - BlankSpaceAnalyzer - INFO - -> Analyzing version 7.7.3 (151/283)...
2025-10-26 10:18:22,643 - BlankSpaceAnalyzer - INFO - -> Analyzing version 7.7.4 (152/283)...
2025-10-26 10:18:22,715 - BlankSpaceAnalyzer - INFO - -> Analyzing version 7.7.5 (153/283)...
2025-10-26 10:18:22,794 - BlankSpaceAnalyzer - INFO - -> Analyzing version 7.8.0 (154/283)...
2025-10-26 10:18:22,873 - BlankSpaceAnalyzer - INFO - -> Analyzing version 7.8.1 (155/283)...
2025-10-26 10:18:22,951 - BlankSpaceAnalyzer - INFO - -> Analyzing version 7.8.2 (156/283)...
2025-10-26 10:18:23,023 - BlankSpaceAnalyzer - INFO - -> Analyzing version 7.8.3 (157/283)...
2025-10-26 10:18:23,101 - BlankSpaceAnalyzer - INFO - -> Analyzing version 7.8.4 (158/283)...
2025-10-26 10:18:23,180 - BlankSpaceAnalyzer - INFO - -> Analyzing version 8.0.0 (159/283)...
2025-10-26 10:18:23,259 - BlankSpaceAnalyzer - INFO - -> Analyzing version 8.1.0 (160/283)...
2025-10-26 10:18:23,338 - BlankSpaceAnalyzer - INFO - -> Analyzing version 8.2.0 (161/283)...
2025-10-26 10:18:23,416 - BlankSpaceAnalyzer - INFO - -> Analyzing version 8.2.1 (162/283)...
2025-10-26 10:18:23,495 - BlankSpaceAnalyzer - INFO - -> Analyzing version 8.2.2 (163/283)...
2025-10-26 10:18:23,571 - BlankSpaceAnalyzer - INFO - -> Analyzing version 8.2.3 (164/283)...
2025-10-26 10:18:23,643 - BlankSpaceAnalyzer - INFO - -> Analyzing version 8.3.1 (165/283)...
2025-10-26 10:18:23,715 - BlankSpaceAnalyzer - INFO - -> Analyzing version 8.3.10 (166/283)...
2025-10-26 10:18:23,793 - BlankSpaceAnalyzer - INFO - -> Analyzing version 8.3.11 (167/283)...
2025-10-26 10:18:23,868 - BlankSpaceAnalyzer - INFO - -> Analyzing version 8.3.12 (168/283)...
2025-10-26 10:18:23,941 - BlankSpaceAnalyzer - INFO - -> Analyzing version 8.3.13 (169/283)...
2025-10-26 10:18:24,013 - BlankSpaceAnalyzer - INFO - -> Analyzing version 8.3.14 (170/283)...
2025-10-26 10:18:24,092 - BlankSpaceAnalyzer - INFO - -> Analyzing version 8.3.15 (171/283)...
2025-10-26 10:18:24,170 - BlankSpaceAnalyzer - INFO - -> Analyzing version 8.3.16 (172/283)...
2025-10-26 10:18:24,252 - BlankSpaceAnalyzer - INFO - -> Analyzing version 8.3.17 (173/283)...
2025-10-26 10:18:24,331 - BlankSpaceAnalyzer - INFO - -> Analyzing version 8.3.18 (174/283)...
2025-10-26 10:18:24,410 - BlankSpaceAnalyzer - INFO - -> Analyzing version 8.3.19 (175/283)...
2025-10-26 10:18:24,488 - BlankSpaceAnalyzer - INFO - -> Analyzing version 8.3.2 (176/283)...
2025-10-26 10:18:24,565 - BlankSpaceAnalyzer - INFO - -> Analyzing version 8.3.20 (177/283)...
2025-10-26 10:18:24,638 - BlankSpaceAnalyzer - INFO - -> Analyzing version 8.3.21 (178/283)...
2025-10-26 10:18:24,717 - BlankSpaceAnalyzer - INFO - -> Analyzing version 8.3.23 (179/283)...
2025-10-26 10:18:24,795 - BlankSpaceAnalyzer - INFO - -> Analyzing version 8.3.24 (180/283)...
2025-10-26 10:18:24,870 - BlankSpaceAnalyzer - INFO - -> Analyzing version 8.3.25 (181/283)...
2025-10-26 10:18:24,870 - BlankSpaceAnalyzer - INFO - -> Analyzing version 8.3.26 (182/283)...
2025-10-26 10:18:24,943 - BlankSpaceAnalyzer - INFO - -> Analyzing version 8.3.4 (183/283)...
2025-10-26 10:18:25,022 - BlankSpaceAnalyzer - INFO - -> Analyzing version 8.3.5 (184/283)...
2025-10-26 10:18:25,101 - BlankSpaceAnalyzer - INFO - -> Analyzing version 8.3.6 (185/283)...
2025-10-26 10:18:25,180 - BlankSpaceAnalyzer - INFO - -> Analyzing version 8.3.7 (186/283)...
2025-10-26 10:18:25,257 - BlankSpaceAnalyzer - INFO - -> Analyzing version 8.3.8 (187/283)...
2025-10-26 10:18:25,330 - BlankSpaceAnalyzer - INFO - -> Analyzing version 8.3.9 (188/283)...
2025-10-26 10:18:25,409 - BlankSpaceAnalyzer - INFO - -> Analyzing version 8.4.0 (189/283)...
2025-10-26 10:18:25,489 - BlankSpaceAnalyzer - INFO - -> Analyzing version 8.4.1 (190/283)...
2025-10-26 10:18:25,565 - BlankSpaceAnalyzer - INFO - -> Analyzing version 9.0.0 (191/283)...
2025-10-26 10:18:25,565 - BlankSpaceAnalyzer - INFO - -> Analyzing version 9.0.1 (192/283)...
2025-10-26 10:18:25,637 - BlankSpaceAnalyzer - INFO - -> Analyzing version 9.0.2 (193/283)...
2025-10-26 10:18:25,715 - BlankSpaceAnalyzer - INFO - -> Analyzing version 9.0.4-alpha.0 (194/283)...
2025-10-26 10:18:25,792 - BlankSpaceAnalyzer - INFO - -> Analyzing version 9.1.0 (195/283)...
2025-10-26 10:18:25,868 - BlankSpaceAnalyzer - INFO - -> Analyzing version 9.1.1 (196/283)...
2025-10-26 10:18:25,944 - BlankSpaceAnalyzer - INFO - -> Analyzing version 9.1.2 (197/283)...
2025-10-26 10:18:26,014 - BlankSpaceAnalyzer - INFO - -> Analyzing version 9.1.3 (198/283)...
2025-10-26 10:18:26,094 - BlankSpaceAnalyzer - INFO - -> Analyzing version 9.1.4 (199/283)...
2025-10-26 10:18:26,171 - BlankSpaceAnalyzer - INFO - -> Analyzing version 9.1.5 (200/283)...
2025-10-26 10:18:26,250 - BlankSpaceAnalyzer - INFO - -> Analyzing version 9.1.6 (201/283)...
2025-10-26 10:18:26,324 - BlankSpaceAnalyzer - INFO - -> Analyzing version 9.1.7 (202/283)...
2025-10-26 10:18:26,403 - BlankSpaceAnalyzer - INFO - -> Analyzing version 9.10.0 (203/283)...
2025-10-26 10:18:26,480 - BlankSpaceAnalyzer - INFO - -> Analyzing version 9.11.0 (204/283)...
2025-10-26 10:18:26,556 - BlankSpaceAnalyzer - INFO - -> Analyzing version 9.11.1 (205/283)...
2025-10-26 10:18:26,627 - BlankSpaceAnalyzer - INFO - -> Analyzing version 9.11.2 (206/283)...
2025-10-26 10:18:26,704 - BlankSpaceAnalyzer - INFO - -> Analyzing version 9.11.3 (207/283)...
2025-10-26 10:18:26,781 - BlankSpaceAnalyzer - INFO - -> Analyzing version 9.11.4 (208/283)...
2025-10-26 10:18:26,857 - BlankSpaceAnalyzer - INFO - -> Analyzing version 9.12.0 (209/283)...
2025-10-26 10:18:26,929 - BlankSpaceAnalyzer - INFO - -> Analyzing version 9.13.0 (210/283)...
2025-10-26 10:18:27,007 - BlankSpaceAnalyzer - INFO - -> Analyzing version 9.2.0 (211/283)...
2025-10-26 10:18:27,088 - BlankSpaceAnalyzer - INFO - -> Analyzing version 9.2.1 (212/283)...
2025-10-26 10:18:27,164 - BlankSpaceAnalyzer - INFO - -> Analyzing version 9.2.2 (213/283)...
2025-10-26 10:18:27,237 - BlankSpaceAnalyzer - INFO - -> Analyzing version 9.2.3 (214/283)...
2025-10-26 10:18:27,317 - BlankSpaceAnalyzer - INFO - -> Analyzing version 9.2.4 (215/283)...
2025-10-26 10:18:27,397 - BlankSpaceAnalyzer - INFO - -> Analyzing version 9.2.5 (216/283)...
2025-10-26 10:18:27,477 - BlankSpaceAnalyzer - INFO - -> Analyzing version 9.3.0 (217/283)...
2025-10-26 10:18:27,556 - BlankSpaceAnalyzer - INFO - -> Analyzing version 9.3.1 (218/283)...
2025-10-26 10:18:27,629 - BlankSpaceAnalyzer - INFO - -> Analyzing version 9.3.10 (219/283)...
2025-10-26 10:18:27,710 - BlankSpaceAnalyzer - INFO - -> Analyzing version 9.3.11 (220/283)...
2025-10-26 10:18:27,791 - BlankSpaceAnalyzer - INFO - -> Analyzing version 9.3.12 (221/283)...
2025-10-26 10:18:27,872 - BlankSpaceAnalyzer - INFO - -> Analyzing version 9.3.13 (222/283)...
2025-10-26 10:18:27,951 - BlankSpaceAnalyzer - INFO - -> Analyzing version 9.3.14 (223/283)...
2025-10-26 10:18:28,024 - BlankSpaceAnalyzer - INFO - -> Analyzing version 9.3.15 (224/283)...
2025-10-26 10:18:28,105 - BlankSpaceAnalyzer - INFO - -> Analyzing version 9.3.16 (225/283)...
2025-10-26 10:18:28,181 - BlankSpaceAnalyzer - INFO - -> Analyzing version 9.3.17 (226/283)...
2025-10-26 10:18:28,255 - BlankSpaceAnalyzer - INFO - -> Analyzing version 9.3.18 (227/283)...
2025-10-26 10:18:28,329 - BlankSpaceAnalyzer - INFO - -> Analyzing version 9.3.19 (228/283)...
2025-10-26 10:18:28,410 - BlankSpaceAnalyzer - INFO - -> Analyzing version 9.3.2 (229/283)...
2025-10-26 10:18:28,489 - BlankSpaceAnalyzer - INFO - -> Analyzing version 9.3.20 (230/283)...
2025-10-26 10:18:28,569 - BlankSpaceAnalyzer - INFO - -> Analyzing version 9.3.3 (231/283)...
2025-10-26 10:18:28,648 - BlankSpaceAnalyzer - INFO - -> Analyzing version 9.3.4 (232/283)...
2025-10-26 10:18:28,721 - BlankSpaceAnalyzer - INFO - -> Analyzing version 9.3.5 (233/283)...
2025-10-26 10:18:28,801 - BlankSpaceAnalyzer - INFO - -> Analyzing version 9.3.6 (234/283)...
2025-10-26 10:18:28,878 - BlankSpaceAnalyzer - INFO - -> Analyzing version 9.3.7 (235/283)...
2025-10-26 10:18:28,952 - BlankSpaceAnalyzer - INFO - -> Analyzing version 9.3.8 (236/283)...
2025-10-26 10:18:29,025 - BlankSpaceAnalyzer - INFO - -> Analyzing version 9.3.9 (237/283)...
2025-10-26 10:18:29,107 - BlankSpaceAnalyzer - INFO - -> Analyzing version 9.4.0 (238/283)...
2025-10-26 10:18:29,187 - BlankSpaceAnalyzer - INFO - -> Analyzing version 9.4.1 (239/283)...
2025-10-26 10:18:29,264 - BlankSpaceAnalyzer - INFO - -> Analyzing version 9.4.2 (240/283)...
2025-10-26 10:18:29,341 - BlankSpaceAnalyzer - INFO - -> Analyzing version 9.4.3 (241/283)...
2025-10-26 10:18:29,420 - BlankSpaceAnalyzer - INFO - -> Analyzing version 9.4.4 (242/283)...
2025-10-26 10:18:29,501 - BlankSpaceAnalyzer - INFO - -> Analyzing version 9.4.5 (243/283)...
2025-10-26 10:18:29,577 - BlankSpaceAnalyzer - INFO - -> Analyzing version 9.4.6 (244/283)...
2025-10-26 10:18:29,653 - BlankSpaceAnalyzer - INFO - -> Analyzing version 9.4.7 (245/283)...
2025-10-26 10:18:29,734 - BlankSpaceAnalyzer - INFO - -> Analyzing version 9.4.8 (246/283)...
2025-10-26 10:18:29,815 - BlankSpaceAnalyzer - INFO - -> Analyzing version 9.4.9 (247/283)...
2025-10-26 10:18:29,897 - BlankSpaceAnalyzer - INFO - -> Analyzing version 9.5.0 (248/283)...
2025-10-26 10:18:29,975 - BlankSpaceAnalyzer - INFO - -> Analyzing version 9.5.1 (249/283)...
2025-10-26 10:18:30,053 - BlankSpaceAnalyzer - INFO - -> Analyzing version 9.5.2 (250/283)...
2025-10-26 10:18:30,125 - BlankSpaceAnalyzer - INFO - -> Analyzing version 9.5.3 (251/283)...
2025-10-26 10:18:30,204 - BlankSpaceAnalyzer - INFO - -> Analyzing version 9.5.4 (252/283)...
2025-10-26 10:18:30,282 - BlankSpaceAnalyzer - INFO - -> Analyzing version 9.6.0 (253/283)...
2025-10-26 10:18:30,357 - BlankSpaceAnalyzer - INFO - -> Analyzing version 9.6.1 (254/283)...
2025-10-26 10:18:30,429 - BlankSpaceAnalyzer - INFO - -> Analyzing version 9.6.10 (255/283)...
2025-10-26 10:18:30,508 - BlankSpaceAnalyzer - INFO - -> Analyzing version 9.6.11 (256/283)...
2025-10-26 10:18:30,585 - BlankSpaceAnalyzer - INFO - -> Analyzing version 9.6.12 (257/283)...
2025-10-26 10:18:30,662 - BlankSpaceAnalyzer - INFO - -> Analyzing version 9.6.13 (258/283)...
2025-10-26 10:18:30,739 - BlankSpaceAnalyzer - INFO - -> Analyzing version 9.6.14 (259/283)...
2025-10-26 10:18:30,816 - BlankSpaceAnalyzer - INFO - -> Analyzing version 9.6.15 (260/283)...
2025-10-26 10:18:30,894 - BlankSpaceAnalyzer - INFO - -> Analyzing version 9.6.16 (261/283)...
2025-10-26 10:18:30,971 - BlankSpaceAnalyzer - INFO - -> Analyzing version 9.6.17 (262/283)...
2025-10-26 10:18:31,051 - BlankSpaceAnalyzer - INFO - -> Analyzing version 9.6.18 (263/283)...
2025-10-26 10:18:31,129 - BlankSpaceAnalyzer - INFO - -> Analyzing version 9.6.2 (264/283)...
2025-10-26 10:18:31,207 - BlankSpaceAnalyzer - INFO - -> Analyzing version 9.6.3 (265/283)...
2025-10-26 10:18:31,284 - BlankSpaceAnalyzer - INFO - -> Analyzing version 9.6.4 (266/283)...
2025-10-26 10:18:31,359 - BlankSpaceAnalyzer - INFO - -> Analyzing version 9.6.5 (267/283)...
2025-10-26 10:18:31,430 - BlankSpaceAnalyzer - INFO - -> Analyzing version 9.6.6 (268/283)...
2025-10-26 10:18:31,507 - BlankSpaceAnalyzer - INFO - -> Analyzing version 9.6.7 (269/283)...
2025-10-26 10:18:31,585 - BlankSpaceAnalyzer - INFO - -> Analyzing version 9.6.8 (270/283)...
2025-10-26 10:18:31,662 - BlankSpaceAnalyzer - INFO - -> Analyzing version 9.6.9 (271/283)...
2025-10-26 10:18:31,740 - BlankSpaceAnalyzer - INFO - -> Analyzing version 9.7.0 (272/283)...
2025-10-26 10:18:31,812 - BlankSpaceAnalyzer - INFO - -> Analyzing version 9.7.1 (273/283)...
2025-10-26 10:18:31,888 - BlankSpaceAnalyzer - INFO - -> Analyzing version 9.8.0 (274/283)...
2025-10-26 10:18:31,963 - BlankSpaceAnalyzer - INFO - -> Analyzing version 9.8.1 (275/283)...
2025-10-26 10:18:32,034 - BlankSpaceAnalyzer - INFO - -> Analyzing version 9.8.2 (276/283)...
2025-10-26 10:18:32,112 - BlankSpaceAnalyzer - INFO - -> Analyzing version 9.9.0 (277/283)...
2025-10-26 10:18:32,190 - BlankSpaceAnalyzer - INFO - -> Analyzing version 9.9.1 (278/283)...
2025-10-26 10:18:32,268 - BlankSpaceAnalyzer - INFO - -> Analyzing version 9.9.2 (279/283)...
2025-10-26 10:18:32,350 - BlankSpaceAnalyzer - INFO - -> Analyzing version 9.9.3 (280/283)...
2025-10-26 10:18:32,427 - BlankSpaceAnalyzer - INFO - -> Analyzing version 9.9.4 (281/283)...
2025-10-26 10:18:32,505 - BlankSpaceAnalyzer - INFO - -> Analyzing version 9.9.5 (282/283)...
2025-10-26 10:18:32,582 - BlankSpaceAnalyzer - INFO - -> Analyzing version 9.9.6 (283/283)...
2025-10-26 10:18:32,659 - BlankSpaceAnalyzer - INFO - Exporting results for 'intl-messageformat' to CSV...
2025-10-26 10:18:33,229 - BlankSpaceAnalyzer - INFO - Reports saved in: /app/npm_results/intl-messageformat
2025-10-26 10:18:33,230 - NPM_Analyzer - INFO - Cleaning temporary folder 'temp/intl-messageformat'...
2025-10-26 10:18:33,455 - NPM_Analyzer - INFO - Cleanup completed.
