2025-11-08 09:40:05,050 - NPM_Analyzer - INFO - Fetching metadata for '@types/big.js'...
2025-11-08 09:40:05,850 - NPM_Analyzer - INFO - Found 34 versions. Starting download into 'temp/@types_big.js'...
2025-11-08 09:40:47,246 - BlankSpaceAnalyzer - INFO - Analyzing 34 versions for '*.js' in '@types_big.js'.
2025-11-08 09:40:47,246 - BlankSpaceAnalyzer - INFO - -> Analyzing version 0.0.15-alpha (1/34)...
2025-11-08 09:40:47,247 - BlankSpaceAnalyzer - INFO - -> Analyzing version 0.0.16-alpha (2/34)...
2025-11-08 09:40:47,248 - BlankSpaceAnalyzer - INFO - -> Analyzing version 0.0.21-alpha (3/34)...
2025-11-08 09:40:47,248 - BlankSpaceAnalyzer - INFO - -> Analyzing version 0.0.22-alpha (4/34)...
2025-11-08 09:40:47,249 - BlankSpaceAnalyzer - INFO - -> Analyzing version 0.0.23-alpha (5/34)...
2025-11-08 09:40:47,250 - BlankSpaceAnalyzer - INFO - -> Analyzing version 0.0.24-alpha (6/34)...
2025-11-08 09:40:47,251 - BlankSpaceAnalyzer - INFO - -> Analyzing version 0.0.25-alpha (7/34)...
2025-11-08 09:40:47,251 - BlankSpaceAnalyzer - INFO - -> Analyzing version 0.0.26-alpha (8/34)...
2025-11-08 09:40:47,252 - BlankSpaceAnalyzer - INFO - -> Analyzing version 0.0.27-alpha (9/34)...
2025-11-08 09:40:47,252 - BlankSpaceAnalyzer - INFO - -> Analyzing version 0.0.28 (10/34)...
2025-11-08 09:40:47,253 - BlankSpaceAnalyzer - INFO - -> Analyzing version 0.0.29 (11/34)...
2025-11-08 09:40:47,254 - BlankSpaceAnalyzer - INFO - -> Analyzing version 0.0.30 (12/34)...
2025-11-08 09:40:47,254 - BlankSpaceAnalyzer - INFO - -> Analyzing version 0.0.31 (13/34)...
2025-11-08 09:40:47,255 - BlankSpaceAnalyzer - INFO - -> Analyzing version 0.0.32 (14/34)...
2025-11-08 09:40:47,255 - BlankSpaceAnalyzer - INFO - -> Analyzing version 3.2.0 (15/34)...
2025-11-08 09:40:47,256 - BlankSpaceAnalyzer - INFO - -> Analyzing version 4.0.0 (16/34)...
2025-11-08 09:40:47,257 - BlankSpaceAnalyzer - INFO - -> Analyzing version 4.0.1 (17/34)...
2025-11-08 09:40:47,257 - BlankSpaceAnalyzer - INFO - -> Analyzing version 4.0.2 (18/34)...
2025-11-08 09:40:47,258 - BlankSpaceAnalyzer - INFO - -> Analyzing version 4.0.3 (19/34)...
2025-11-08 09:40:47,258 - BlankSpaceAnalyzer - INFO - -> Analyzing version 4.0.4 (20/34)...
2025-11-08 09:40:47,259 - BlankSpaceAnalyzer - INFO - -> Analyzing version 4.0.5 (21/34)...
2025-11-08 09:40:47,259 - BlankSpaceAnalyzer - INFO - -> Analyzing version 6.0.0 (22/34)...
2025-11-08 09:40:47,260 - BlankSpaceAnalyzer - INFO - -> Analyzing version 6.0.1 (23/34)...
2025-11-08 09:40:47,261 - BlankSpaceAnalyzer - INFO - -> Analyzing version 6.0.2 (24/34)...
2025-11-08 09:40:47,261 - BlankSpaceAnalyzer - INFO - -> Analyzing version 6.1.0 (25/34)...
2025-11-08 09:40:47,262 - BlankSpaceAnalyzer - INFO - -> Analyzing version 6.1.1 (26/34)...
2025-11-08 09:40:47,262 - BlankSpaceAnalyzer - INFO - -> Analyzing version 6.1.2 (27/34)...
2025-11-08 09:40:47,263 - BlankSpaceAnalyzer - INFO - -> Analyzing version 6.1.3 (28/34)...
2025-11-08 09:40:47,264 - BlankSpaceAnalyzer - INFO - -> Analyzing version 6.1.4 (29/34)...
2025-11-08 09:40:47,264 - BlankSpaceAnalyzer - INFO - -> Analyzing version 6.1.5 (30/34)...
2025-11-08 09:40:47,265 - BlankSpaceAnalyzer - INFO - -> Analyzing version 6.1.6 (31/34)...
2025-11-08 09:40:47,265 - BlankSpaceAnalyzer - INFO - -> Analyzing version 6.2.0 (32/34)...
2025-11-08 09:40:47,266 - BlankSpaceAnalyzer - INFO - -> Analyzing version 6.2.1 (33/34)...
2025-11-08 09:40:47,266 - BlankSpaceAnalyzer - INFO - -> Analyzing version 6.2.2 (34/34)...
2025-11-08 09:40:47,267 - BlankSpaceAnalyzer - INFO - Exporting results for '@types/big.js' to CSV...
2025-11-08 09:40:47,267 - BlankSpaceAnalyzer - WARNING - No files analyzed. CSV files will be empty.
2025-11-08 09:40:47,268 - NPM_Analyzer - INFO - Cleaning temporary folder 'temp/@types_big.js'...
2025-11-08 09:40:47,278 - NPM_Analyzer - INFO - Cleanup completed.
2025-11-08 22:43:47,045 - NPM_Analyzer - INFO - Fetching metadata for '@types/big.js'...
2025-11-08 22:43:47,744 - NPM_Analyzer - INFO - Found 34 versions. Starting download into 'temp/@types_big.js'...
2025-11-08 22:44:15,198 - BlankSpaceAnalyzer - INFO - Analyzing 34 versions for '*.js' in '@types_big.js'.
2025-11-08 22:44:15,199 - BlankSpaceAnalyzer - INFO - -> Analyzing version 0.0.15-alpha (1/34)...
2025-11-08 22:44:15,200 - BlankSpaceAnalyzer - INFO - -> Analyzing version 0.0.16-alpha (2/34)...
2025-11-08 22:44:15,200 - BlankSpaceAnalyzer - INFO - -> Analyzing version 0.0.21-alpha (3/34)...
2025-11-08 22:44:15,201 - BlankSpaceAnalyzer - INFO - -> Analyzing version 0.0.22-alpha (4/34)...
2025-11-08 22:44:15,201 - BlankSpaceAnalyzer - INFO - -> Analyzing version 0.0.23-alpha (5/34)...
2025-11-08 22:44:15,202 - BlankSpaceAnalyzer - INFO - -> Analyzing version 0.0.24-alpha (6/34)...
2025-11-08 22:44:15,203 - BlankSpaceAnalyzer - INFO - -> Analyzing version 0.0.25-alpha (7/34)...
2025-11-08 22:44:15,203 - BlankSpaceAnalyzer - INFO - -> Analyzing version 0.0.26-alpha (8/34)...
2025-11-08 22:44:15,204 - BlankSpaceAnalyzer - INFO - -> Analyzing version 0.0.27-alpha (9/34)...
2025-11-08 22:44:15,205 - BlankSpaceAnalyzer - INFO - -> Analyzing version 0.0.28 (10/34)...
2025-11-08 22:44:15,205 - BlankSpaceAnalyzer - INFO - -> Analyzing version 0.0.29 (11/34)...
2025-11-08 22:44:15,206 - BlankSpaceAnalyzer - INFO - -> Analyzing version 0.0.30 (12/34)...
2025-11-08 22:44:15,206 - BlankSpaceAnalyzer - INFO - -> Analyzing version 0.0.31 (13/34)...
2025-11-08 22:44:15,207 - BlankSpaceAnalyzer - INFO - -> Analyzing version 0.0.32 (14/34)...
2025-11-08 22:44:15,207 - BlankSpaceAnalyzer - INFO - -> Analyzing version 3.2.0 (15/34)...
2025-11-08 22:44:15,208 - BlankSpaceAnalyzer - INFO - -> Analyzing version 4.0.0 (16/34)...
2025-11-08 22:44:15,209 - BlankSpaceAnalyzer - INFO - -> Analyzing version 4.0.1 (17/34)...
2025-11-08 22:44:15,209 - BlankSpaceAnalyzer - INFO - -> Analyzing version 4.0.2 (18/34)...
2025-11-08 22:44:15,210 - BlankSpaceAnalyzer - INFO - -> Analyzing version 4.0.3 (19/34)...
2025-11-08 22:44:15,210 - BlankSpaceAnalyzer - INFO - -> Analyzing version 4.0.4 (20/34)...
2025-11-08 22:44:15,211 - BlankSpaceAnalyzer - INFO - -> Analyzing version 4.0.5 (21/34)...
2025-11-08 22:44:15,212 - BlankSpaceAnalyzer - INFO - -> Analyzing version 6.0.0 (22/34)...
2025-11-08 22:44:15,212 - BlankSpaceAnalyzer - INFO - -> Analyzing version 6.0.1 (23/34)...
2025-11-08 22:44:15,213 - BlankSpaceAnalyzer - INFO - -> Analyzing version 6.0.2 (24/34)...
2025-11-08 22:44:15,213 - BlankSpaceAnalyzer - INFO - -> Analyzing version 6.1.0 (25/34)...
2025-11-08 22:44:15,214 - BlankSpaceAnalyzer - INFO - -> Analyzing version 6.1.1 (26/34)...
2025-11-08 22:44:15,214 - BlankSpaceAnalyzer - INFO - -> Analyzing version 6.1.2 (27/34)...
2025-11-08 22:44:15,215 - BlankSpaceAnalyzer - INFO - -> Analyzing version 6.1.3 (28/34)...
2025-11-08 22:44:15,216 - BlankSpaceAnalyzer - INFO - -> Analyzing version 6.1.4 (29/34)...
2025-11-08 22:44:15,216 - BlankSpaceAnalyzer - INFO - -> Analyzing version 6.1.5 (30/34)...
2025-11-08 22:44:15,217 - BlankSpaceAnalyzer - INFO - -> Analyzing version 6.1.6 (31/34)...
2025-11-08 22:44:15,217 - BlankSpaceAnalyzer - INFO - -> Analyzing version 6.2.0 (32/34)...
2025-11-08 22:44:15,218 - BlankSpaceAnalyzer - INFO - -> Analyzing version 6.2.1 (33/34)...
2025-11-08 22:44:15,218 - BlankSpaceAnalyzer - INFO - -> Analyzing version 6.2.2 (34/34)...
2025-11-08 22:44:15,219 - BlankSpaceAnalyzer - INFO - Exporting results for '@types/big.js' to CSV...
2025-11-08 22:44:15,220 - BlankSpaceAnalyzer - WARNING - No files analyzed. CSV files will be empty.
2025-11-08 22:44:15,220 - NPM_Analyzer - INFO - Cleaning temporary folder 'temp/@types_big.js'...
2025-11-08 22:44:15,232 - NPM_Analyzer - INFO - Cleanup completed.
2025-11-09 09:07:04,469 - NPM_Analyzer - INFO - Fetching metadata for '@types/big.js'...
2025-11-09 09:07:05,177 - NPM_Analyzer - INFO - Found 34 versions. Starting download into 'temp/@types_big.js'...
2025-11-09 09:07:33,903 - BlankSpaceAnalyzer - INFO - Analyzing 34 versions for '*.js' in '@types_big.js'.
2025-11-09 09:07:33,903 - BlankSpaceAnalyzer - INFO - -> Analyzing version 0.0.15-alpha (1/34)...
2025-11-09 09:07:33,903 - BlankSpaceAnalyzer - INFO - -> Analyzing version 0.0.16-alpha (2/34)...
2025-11-09 09:07:33,904 - BlankSpaceAnalyzer - INFO - -> Analyzing version 0.0.21-alpha (3/34)...
2025-11-09 09:07:33,905 - BlankSpaceAnalyzer - INFO - -> Analyzing version 0.0.22-alpha (4/34)...
2025-11-09 09:07:33,905 - BlankSpaceAnalyzer - INFO - -> Analyzing version 0.0.23-alpha (5/34)...
2025-11-09 09:07:33,906 - BlankSpaceAnalyzer - INFO - -> Analyzing version 0.0.24-alpha (6/34)...
2025-11-09 09:07:33,906 - BlankSpaceAnalyzer - INFO - -> Analyzing version 0.0.25-alpha (7/34)...
2025-11-09 09:07:33,907 - BlankSpaceAnalyzer - INFO - -> Analyzing version 0.0.26-alpha (8/34)...
2025-11-09 09:07:33,907 - BlankSpaceAnalyzer - INFO - -> Analyzing version 0.0.27-alpha (9/34)...
2025-11-09 09:07:33,908 - BlankSpaceAnalyzer - INFO - -> Analyzing version 0.0.28 (10/34)...
2025-11-09 09:07:33,908 - BlankSpaceAnalyzer - INFO - -> Analyzing version 0.0.29 (11/34)...
2025-11-09 09:07:33,909 - BlankSpaceAnalyzer - INFO - -> Analyzing version 0.0.30 (12/34)...
2025-11-09 09:07:33,909 - BlankSpaceAnalyzer - INFO - -> Analyzing version 0.0.31 (13/34)...
2025-11-09 09:07:33,910 - BlankSpaceAnalyzer - INFO - -> Analyzing version 0.0.32 (14/34)...
2025-11-09 09:07:33,910 - BlankSpaceAnalyzer - INFO - -> Analyzing version 3.2.0 (15/34)...
2025-11-09 09:07:33,911 - BlankSpaceAnalyzer - INFO - -> Analyzing version 4.0.0 (16/34)...
2025-11-09 09:07:33,911 - BlankSpaceAnalyzer - INFO - -> Analyzing version 4.0.1 (17/34)...
2025-11-09 09:07:33,912 - BlankSpaceAnalyzer - INFO - -> Analyzing version 4.0.2 (18/34)...
2025-11-09 09:07:33,912 - BlankSpaceAnalyzer - INFO - -> Analyzing version 4.0.3 (19/34)...
2025-11-09 09:07:33,913 - BlankSpaceAnalyzer - INFO - -> Analyzing version 4.0.4 (20/34)...
2025-11-09 09:07:33,913 - BlankSpaceAnalyzer - INFO - -> Analyzing version 4.0.5 (21/34)...
2025-11-09 09:07:33,914 - BlankSpaceAnalyzer - INFO - -> Analyzing version 6.0.0 (22/34)...
2025-11-09 09:07:33,914 - BlankSpaceAnalyzer - INFO - -> Analyzing version 6.0.1 (23/34)...
2025-11-09 09:07:33,915 - BlankSpaceAnalyzer - INFO - -> Analyzing version 6.0.2 (24/34)...
2025-11-09 09:07:33,915 - BlankSpaceAnalyzer - INFO - -> Analyzing version 6.1.0 (25/34)...
2025-11-09 09:07:33,916 - BlankSpaceAnalyzer - INFO - -> Analyzing version 6.1.1 (26/34)...
2025-11-09 09:07:33,916 - BlankSpaceAnalyzer - INFO - -> Analyzing version 6.1.2 (27/34)...
2025-11-09 09:07:33,917 - BlankSpaceAnalyzer - INFO - -> Analyzing version 6.1.3 (28/34)...
2025-11-09 09:07:33,917 - BlankSpaceAnalyzer - INFO - -> Analyzing version 6.1.4 (29/34)...
2025-11-09 09:07:33,918 - BlankSpaceAnalyzer - INFO - -> Analyzing version 6.1.5 (30/34)...
2025-11-09 09:07:33,918 - BlankSpaceAnalyzer - INFO - -> Analyzing version 6.1.6 (31/34)...
2025-11-09 09:07:33,919 - BlankSpaceAnalyzer - INFO - -> Analyzing version 6.2.0 (32/34)...
2025-11-09 09:07:33,919 - BlankSpaceAnalyzer - INFO - -> Analyzing version 6.2.1 (33/34)...
2025-11-09 09:07:33,920 - BlankSpaceAnalyzer - INFO - -> Analyzing version 6.2.2 (34/34)...
2025-11-09 09:07:33,920 - BlankSpaceAnalyzer - INFO - Exporting results for '@types/big.js' to CSV...
2025-11-09 09:07:33,920 - BlankSpaceAnalyzer - WARNING - No files analyzed. CSV files will be empty.
2025-11-09 09:07:33,921 - NPM_Analyzer - INFO - Cleaning temporary folder 'temp/@types_big.js'...
2025-11-09 09:07:33,934 - NPM_Analyzer - INFO - Cleanup completed.
2025-11-09 19:37:29,749 - NPM_Analyzer - INFO - Fetching metadata for '@types/big.js'...
2025-11-09 19:37:30,493 - NPM_Analyzer - INFO - Found 34 versions. Starting download into 'temp/@types_big.js'...
2025-11-09 19:37:58,396 - BlankSpaceAnalyzer - INFO - Analyzing 34 versions for '*.js' in '@types_big.js'.
2025-11-09 19:37:58,396 - BlankSpaceAnalyzer - INFO - -> Analyzing version 0.0.15-alpha (1/34)...
2025-11-09 19:37:58,397 - BlankSpaceAnalyzer - INFO - -> Analyzing version 0.0.16-alpha (2/34)...
2025-11-09 19:37:58,398 - BlankSpaceAnalyzer - INFO - -> Analyzing version 0.0.21-alpha (3/34)...
2025-11-09 19:37:58,398 - BlankSpaceAnalyzer - INFO - -> Analyzing version 0.0.22-alpha (4/34)...
2025-11-09 19:37:58,399 - BlankSpaceAnalyzer - INFO - -> Analyzing version 0.0.23-alpha (5/34)...
2025-11-09 19:37:58,399 - BlankSpaceAnalyzer - INFO - -> Analyzing version 0.0.24-alpha (6/34)...
2025-11-09 19:37:58,400 - BlankSpaceAnalyzer - INFO - -> Analyzing version 0.0.25-alpha (7/34)...
2025-11-09 19:37:58,400 - BlankSpaceAnalyzer - INFO - -> Analyzing version 0.0.26-alpha (8/34)...
2025-11-09 19:37:58,401 - BlankSpaceAnalyzer - INFO - -> Analyzing version 0.0.27-alpha (9/34)...
2025-11-09 19:37:58,401 - BlankSpaceAnalyzer - INFO - -> Analyzing version 0.0.28 (10/34)...
2025-11-09 19:37:58,402 - BlankSpaceAnalyzer - INFO - -> Analyzing version 0.0.29 (11/34)...
2025-11-09 19:37:58,402 - BlankSpaceAnalyzer - INFO - -> Analyzing version 0.0.30 (12/34)...
2025-11-09 19:37:58,403 - BlankSpaceAnalyzer - INFO - -> Analyzing version 0.0.31 (13/34)...
2025-11-09 19:37:58,403 - BlankSpaceAnalyzer - INFO - -> Analyzing version 0.0.32 (14/34)...
2025-11-09 19:37:58,404 - BlankSpaceAnalyzer - INFO - -> Analyzing version 3.2.0 (15/34)...
2025-11-09 19:37:58,404 - BlankSpaceAnalyzer - INFO - -> Analyzing version 4.0.0 (16/34)...
2025-11-09 19:37:58,405 - BlankSpaceAnalyzer - INFO - -> Analyzing version 4.0.1 (17/34)...
2025-11-09 19:37:58,405 - BlankSpaceAnalyzer - INFO - -> Analyzing version 4.0.2 (18/34)...
2025-11-09 19:37:58,406 - BlankSpaceAnalyzer - INFO - -> Analyzing version 4.0.3 (19/34)...
2025-11-09 19:37:58,406 - BlankSpaceAnalyzer - INFO - -> Analyzing version 4.0.4 (20/34)...
2025-11-09 19:37:58,407 - BlankSpaceAnalyzer - INFO - -> Analyzing version 4.0.5 (21/34)...
2025-11-09 19:37:58,407 - BlankSpaceAnalyzer - INFO - -> Analyzing version 6.0.0 (22/34)...
2025-11-09 19:37:58,408 - BlankSpaceAnalyzer - INFO - -> Analyzing version 6.0.1 (23/34)...
2025-11-09 19:37:58,408 - BlankSpaceAnalyzer - INFO - -> Analyzing version 6.0.2 (24/34)...
2025-11-09 19:37:58,409 - BlankSpaceAnalyzer - INFO - -> Analyzing version 6.1.0 (25/34)...
2025-11-09 19:37:58,409 - BlankSpaceAnalyzer - INFO - -> Analyzing version 6.1.1 (26/34)...
2025-11-09 19:37:58,410 - BlankSpaceAnalyzer - INFO - -> Analyzing version 6.1.2 (27/34)...
2025-11-09 19:37:58,410 - BlankSpaceAnalyzer - INFO - -> Analyzing version 6.1.3 (28/34)...
2025-11-09 19:37:58,411 - BlankSpaceAnalyzer - INFO - -> Analyzing version 6.1.4 (29/34)...
2025-11-09 19:37:58,411 - BlankSpaceAnalyzer - INFO - -> Analyzing version 6.1.5 (30/34)...
2025-11-09 19:37:58,412 - BlankSpaceAnalyzer - INFO - -> Analyzing version 6.1.6 (31/34)...
2025-11-09 19:37:58,412 - BlankSpaceAnalyzer - INFO - -> Analyzing version 6.2.0 (32/34)...
2025-11-09 19:37:58,413 - BlankSpaceAnalyzer - INFO - -> Analyzing version 6.2.1 (33/34)...
2025-11-09 19:37:58,413 - BlankSpaceAnalyzer - INFO - -> Analyzing version 6.2.2 (34/34)...
2025-11-09 19:37:58,414 - BlankSpaceAnalyzer - INFO - Exporting results for '@types/big.js' to CSV...
2025-11-09 19:37:58,414 - BlankSpaceAnalyzer - WARNING - No files analyzed. CSV files will be empty.
2025-11-09 19:37:58,414 - NPM_Analyzer - INFO - Cleaning temporary folder 'temp/@types_big.js'...
2025-11-09 19:37:58,418 - NPM_Analyzer - INFO - Cleanup completed.
2025-11-10 06:02:43,148 - NPM_Analyzer - INFO - Fetching metadata for '@types/big.js'...
2025-11-10 06:02:43,324 - NPM_Analyzer - INFO - Found 34 versions. Starting download into 'temp/@types_big.js'...
2025-11-10 06:03:09,565 - BlankSpaceAnalyzer - INFO - Analyzing 34 versions for '*.js' in '@types_big.js'.
2025-11-10 06:03:09,565 - BlankSpaceAnalyzer - INFO - -> Analyzing version 0.0.15-alpha (1/34)...
2025-11-10 06:03:09,566 - BlankSpaceAnalyzer - INFO - -> Analyzing version 0.0.16-alpha (2/34)...
2025-11-10 06:03:09,566 - BlankSpaceAnalyzer - INFO - -> Analyzing version 0.0.21-alpha (3/34)...
2025-11-10 06:03:09,567 - BlankSpaceAnalyzer - INFO - -> Analyzing version 0.0.22-alpha (4/34)...
2025-11-10 06:03:09,567 - BlankSpaceAnalyzer - INFO - -> Analyzing version 0.0.23-alpha (5/34)...
2025-11-10 06:03:09,568 - BlankSpaceAnalyzer - INFO - -> Analyzing version 0.0.24-alpha (6/34)...
2025-11-10 06:03:09,568 - BlankSpaceAnalyzer - INFO - -> Analyzing version 0.0.25-alpha (7/34)...
2025-11-10 06:03:09,569 - BlankSpaceAnalyzer - INFO - -> Analyzing version 0.0.26-alpha (8/34)...
2025-11-10 06:03:09,570 - BlankSpaceAnalyzer - INFO - -> Analyzing version 0.0.27-alpha (9/34)...
2025-11-10 06:03:09,570 - BlankSpaceAnalyzer - INFO - -> Analyzing version 0.0.28 (10/34)...
2025-11-10 06:03:09,571 - BlankSpaceAnalyzer - INFO - -> Analyzing version 0.0.29 (11/34)...
2025-11-10 06:03:09,571 - BlankSpaceAnalyzer - INFO - -> Analyzing version 0.0.30 (12/34)...
2025-11-10 06:03:09,572 - BlankSpaceAnalyzer - INFO - -> Analyzing version 0.0.31 (13/34)...
2025-11-10 06:03:09,572 - BlankSpaceAnalyzer - INFO - -> Analyzing version 0.0.32 (14/34)...
2025-11-10 06:03:09,573 - BlankSpaceAnalyzer - INFO - -> Analyzing version 3.2.0 (15/34)...
2025-11-10 06:03:09,573 - BlankSpaceAnalyzer - INFO - -> Analyzing version 4.0.0 (16/34)...
2025-11-10 06:03:09,574 - BlankSpaceAnalyzer - INFO - -> Analyzing version 4.0.1 (17/34)...
2025-11-10 06:03:09,574 - BlankSpaceAnalyzer - INFO - -> Analyzing version 4.0.2 (18/34)...
2025-11-10 06:03:09,575 - BlankSpaceAnalyzer - INFO - -> Analyzing version 4.0.3 (19/34)...
2025-11-10 06:03:09,576 - BlankSpaceAnalyzer - INFO - -> Analyzing version 4.0.4 (20/34)...
2025-11-10 06:03:09,576 - BlankSpaceAnalyzer - INFO - -> Analyzing version 4.0.5 (21/34)...
2025-11-10 06:03:09,577 - BlankSpaceAnalyzer - INFO - -> Analyzing version 6.0.0 (22/34)...
2025-11-10 06:03:09,577 - BlankSpaceAnalyzer - INFO - -> Analyzing version 6.0.1 (23/34)...
2025-11-10 06:03:09,578 - BlankSpaceAnalyzer - INFO - -> Analyzing version 6.0.2 (24/34)...
2025-11-10 06:03:09,578 - BlankSpaceAnalyzer - INFO - -> Analyzing version 6.1.0 (25/34)...
2025-11-10 06:03:09,579 - BlankSpaceAnalyzer - INFO - -> Analyzing version 6.1.1 (26/34)...
2025-11-10 06:03:09,579 - BlankSpaceAnalyzer - INFO - -> Analyzing version 6.1.2 (27/34)...
2025-11-10 06:03:09,580 - BlankSpaceAnalyzer - INFO - -> Analyzing version 6.1.3 (28/34)...
2025-11-10 06:03:09,580 - BlankSpaceAnalyzer - INFO - -> Analyzing version 6.1.4 (29/34)...
2025-11-10 06:03:09,581 - BlankSpaceAnalyzer - INFO - -> Analyzing version 6.1.5 (30/34)...
2025-11-10 06:03:09,581 - BlankSpaceAnalyzer - INFO - -> Analyzing version 6.1.6 (31/34)...
2025-11-10 06:03:09,582 - BlankSpaceAnalyzer - INFO - -> Analyzing version 6.2.0 (32/34)...
2025-11-10 06:03:09,582 - BlankSpaceAnalyzer - INFO - -> Analyzing version 6.2.1 (33/34)...
2025-11-10 06:03:09,583 - BlankSpaceAnalyzer - INFO - -> Analyzing version 6.2.2 (34/34)...
2025-11-10 06:03:09,584 - BlankSpaceAnalyzer - INFO - Exporting results for '@types/big.js' to CSV...
2025-11-10 06:03:09,584 - BlankSpaceAnalyzer - WARNING - No files analyzed. CSV files will be empty.
2025-11-10 06:03:09,584 - NPM_Analyzer - INFO - Cleaning temporary folder 'temp/@types_big.js'...
2025-11-10 06:03:09,595 - NPM_Analyzer - INFO - Cleanup completed.
2025-11-10 16:17:12,559 - NPM_Analyzer - INFO - Fetching metadata for '@types/big.js'...
2025-11-10 16:17:12,757 - NPM_Analyzer - INFO - Found 34 versions. Starting download into 'temp/@types_big.js'...
2025-11-10 16:17:42,044 - BlankSpaceAnalyzer - INFO - Analyzing 34 versions for '*.js' in '@types_big.js'.
2025-11-10 16:17:42,044 - BlankSpaceAnalyzer - INFO - -> Analyzing version 0.0.15-alpha (1/34)...
2025-11-10 16:17:42,045 - BlankSpaceAnalyzer - INFO - -> Analyzing version 0.0.16-alpha (2/34)...
2025-11-10 16:17:42,045 - BlankSpaceAnalyzer - INFO - -> Analyzing version 0.0.21-alpha (3/34)...
2025-11-10 16:17:42,046 - BlankSpaceAnalyzer - INFO - -> Analyzing version 0.0.22-alpha (4/34)...
2025-11-10 16:17:42,046 - BlankSpaceAnalyzer - INFO - -> Analyzing version 0.0.23-alpha (5/34)...
2025-11-10 16:17:42,047 - BlankSpaceAnalyzer - INFO - -> Analyzing version 0.0.24-alpha (6/34)...
2025-11-10 16:17:42,047 - BlankSpaceAnalyzer - INFO - -> Analyzing version 0.0.25-alpha (7/34)...
2025-11-10 16:17:42,048 - BlankSpaceAnalyzer - INFO - -> Analyzing version 0.0.26-alpha (8/34)...
2025-11-10 16:17:42,049 - BlankSpaceAnalyzer - INFO - -> Analyzing version 0.0.27-alpha (9/34)...
2025-11-10 16:17:42,049 - BlankSpaceAnalyzer - INFO - -> Analyzing version 0.0.28 (10/34)...
2025-11-10 16:17:42,050 - BlankSpaceAnalyzer - INFO - -> Analyzing version 0.0.29 (11/34)...
2025-11-10 16:17:42,050 - BlankSpaceAnalyzer - INFO - -> Analyzing version 0.0.30 (12/34)...
2025-11-10 16:17:42,051 - BlankSpaceAnalyzer - INFO - -> Analyzing version 0.0.31 (13/34)...
2025-11-10 16:17:42,051 - BlankSpaceAnalyzer - INFO - -> Analyzing version 0.0.32 (14/34)...
2025-11-10 16:17:42,052 - BlankSpaceAnalyzer - INFO - -> Analyzing version 3.2.0 (15/34)...
2025-11-10 16:17:42,052 - BlankSpaceAnalyzer - INFO - -> Analyzing version 4.0.0 (16/34)...
2025-11-10 16:17:42,053 - BlankSpaceAnalyzer - INFO - -> Analyzing version 4.0.1 (17/34)...
2025-11-10 16:17:42,053 - BlankSpaceAnalyzer - INFO - -> Analyzing version 4.0.2 (18/34)...
2025-11-10 16:17:42,054 - BlankSpaceAnalyzer - INFO - -> Analyzing version 4.0.3 (19/34)...
2025-11-10 16:17:42,054 - BlankSpaceAnalyzer - INFO - -> Analyzing version 4.0.4 (20/34)...
2025-11-10 16:17:42,055 - BlankSpaceAnalyzer - INFO - -> Analyzing version 4.0.5 (21/34)...
2025-11-10 16:17:42,055 - BlankSpaceAnalyzer - INFO - -> Analyzing version 6.0.0 (22/34)...
2025-11-10 16:17:42,056 - BlankSpaceAnalyzer - INFO - -> Analyzing version 6.0.1 (23/34)...
2025-11-10 16:17:42,056 - BlankSpaceAnalyzer - INFO - -> Analyzing version 6.0.2 (24/34)...
2025-11-10 16:17:42,057 - BlankSpaceAnalyzer - INFO - -> Analyzing version 6.1.0 (25/34)...
2025-11-10 16:17:42,057 - BlankSpaceAnalyzer - INFO - -> Analyzing version 6.1.1 (26/34)...
2025-11-10 16:17:42,057 - BlankSpaceAnalyzer - INFO - -> Analyzing version 6.1.2 (27/34)...
2025-11-10 16:17:42,058 - BlankSpaceAnalyzer - INFO - -> Analyzing version 6.1.3 (28/34)...
2025-11-10 16:17:42,058 - BlankSpaceAnalyzer - INFO - -> Analyzing version 6.1.4 (29/34)...
2025-11-10 16:17:42,059 - BlankSpaceAnalyzer - INFO - -> Analyzing version 6.1.5 (30/34)...
2025-11-10 16:17:42,059 - BlankSpaceAnalyzer - INFO - -> Analyzing version 6.1.6 (31/34)...
2025-11-10 16:17:42,060 - BlankSpaceAnalyzer - INFO - -> Analyzing version 6.2.0 (32/34)...
2025-11-10 16:17:42,060 - BlankSpaceAnalyzer - INFO - -> Analyzing version 6.2.1 (33/34)...
2025-11-10 16:17:42,061 - BlankSpaceAnalyzer - INFO - -> Analyzing version 6.2.2 (34/34)...
2025-11-10 16:17:42,062 - BlankSpaceAnalyzer - INFO - Exporting results for '@types/big.js' to CSV...
2025-11-10 16:17:42,062 - BlankSpaceAnalyzer - WARNING - No files analyzed. CSV files will be empty.
2025-11-10 16:17:42,062 - NPM_Analyzer - INFO - Cleaning temporary folder 'temp/@types_big.js'...
2025-11-10 16:17:42,070 - NPM_Analyzer - INFO - Cleanup completed.
2025-11-11 02:46:26,778 - NPM_Analyzer - INFO - Fetching metadata for '@types/big.js'...
2025-11-11 02:46:26,953 - NPM_Analyzer - INFO - Found 34 versions. Starting download into 'temp/@types_big.js'...
2025-11-11 02:46:58,360 - BlankSpaceAnalyzer - INFO - Analyzing 34 versions for '*.js' in '@types_big.js'.
2025-11-11 02:46:58,361 - BlankSpaceAnalyzer - INFO - -> Analyzing version 0.0.15-alpha (1/34)...
2025-11-11 02:46:58,361 - BlankSpaceAnalyzer - INFO - -> Analyzing version 0.0.16-alpha (2/34)...
2025-11-11 02:46:58,362 - BlankSpaceAnalyzer - INFO - -> Analyzing version 0.0.21-alpha (3/34)...
2025-11-11 02:46:58,362 - BlankSpaceAnalyzer - INFO - -> Analyzing version 0.0.22-alpha (4/34)...
2025-11-11 02:46:58,363 - BlankSpaceAnalyzer - INFO - -> Analyzing version 0.0.23-alpha (5/34)...
2025-11-11 02:46:58,363 - BlankSpaceAnalyzer - INFO - -> Analyzing version 0.0.24-alpha (6/34)...
2025-11-11 02:46:58,364 - BlankSpaceAnalyzer - INFO - -> Analyzing version 0.0.25-alpha (7/34)...
2025-11-11 02:46:58,364 - BlankSpaceAnalyzer - INFO - -> Analyzing version 0.0.26-alpha (8/34)...
2025-11-11 02:46:58,365 - BlankSpaceAnalyzer - INFO - -> Analyzing version 0.0.27-alpha (9/34)...
2025-11-11 02:46:58,365 - BlankSpaceAnalyzer - INFO - -> Analyzing version 0.0.28 (10/34)...
2025-11-11 02:46:58,366 - BlankSpaceAnalyzer - INFO - -> Analyzing version 0.0.29 (11/34)...
2025-11-11 02:46:58,366 - BlankSpaceAnalyzer - INFO - -> Analyzing version 0.0.30 (12/34)...
2025-11-11 02:46:58,367 - BlankSpaceAnalyzer - INFO - -> Analyzing version 0.0.31 (13/34)...
2025-11-11 02:46:58,367 - BlankSpaceAnalyzer - INFO - -> Analyzing version 0.0.32 (14/34)...
2025-11-11 02:46:58,368 - BlankSpaceAnalyzer - INFO - -> Analyzing version 3.2.0 (15/34)...
2025-11-11 02:46:58,368 - BlankSpaceAnalyzer - INFO - -> Analyzing version 4.0.0 (16/34)...
2025-11-11 02:46:58,369 - BlankSpaceAnalyzer - INFO - -> Analyzing version 4.0.1 (17/34)...
2025-11-11 02:46:58,369 - BlankSpaceAnalyzer - INFO - -> Analyzing version 4.0.2 (18/34)...
2025-11-11 02:46:58,370 - BlankSpaceAnalyzer - INFO - -> Analyzing version 4.0.3 (19/34)...
2025-11-11 02:46:58,370 - BlankSpaceAnalyzer - INFO - -> Analyzing version 4.0.4 (20/34)...
2025-11-11 02:46:58,371 - BlankSpaceAnalyzer - INFO - -> Analyzing version 4.0.5 (21/34)...
2025-11-11 02:46:58,371 - BlankSpaceAnalyzer - INFO - -> Analyzing version 6.0.0 (22/34)...
2025-11-11 02:46:58,372 - BlankSpaceAnalyzer - INFO - -> Analyzing version 6.0.1 (23/34)...
2025-11-11 02:46:58,372 - BlankSpaceAnalyzer - INFO - -> Analyzing version 6.0.2 (24/34)...
2025-11-11 02:46:58,373 - BlankSpaceAnalyzer - INFO - -> Analyzing version 6.1.0 (25/34)...
2025-11-11 02:46:58,373 - BlankSpaceAnalyzer - INFO - -> Analyzing version 6.1.1 (26/34)...
2025-11-11 02:46:58,374 - BlankSpaceAnalyzer - INFO - -> Analyzing version 6.1.2 (27/34)...
2025-11-11 02:46:58,374 - BlankSpaceAnalyzer - INFO - -> Analyzing version 6.1.3 (28/34)...
2025-11-11 02:46:58,375 - BlankSpaceAnalyzer - INFO - -> Analyzing version 6.1.4 (29/34)...
2025-11-11 02:46:58,375 - BlankSpaceAnalyzer - INFO - -> Analyzing version 6.1.5 (30/34)...
2025-11-11 02:46:58,376 - BlankSpaceAnalyzer - INFO - -> Analyzing version 6.1.6 (31/34)...
2025-11-11 02:46:58,376 - BlankSpaceAnalyzer - INFO - -> Analyzing version 6.2.0 (32/34)...
2025-11-11 02:46:58,377 - BlankSpaceAnalyzer - INFO - -> Analyzing version 6.2.1 (33/34)...
2025-11-11 02:46:58,377 - BlankSpaceAnalyzer - INFO - -> Analyzing version 6.2.2 (34/34)...
2025-11-11 02:46:58,378 - BlankSpaceAnalyzer - INFO - Exporting results for '@types/big.js' to CSV...
2025-11-11 02:46:58,379 - BlankSpaceAnalyzer - WARNING - No files analyzed. CSV files will be empty.
2025-11-11 02:46:58,379 - NPM_Analyzer - INFO - Cleaning temporary folder 'temp/@types_big.js'...
2025-11-11 02:46:58,391 - NPM_Analyzer - INFO - Cleanup completed.
2025-11-11 13:04:40,765 - NPM_Analyzer - INFO - Fetching metadata for '@types/big.js'...
2025-11-11 13:04:40,958 - NPM_Analyzer - INFO - Found 34 versions. Starting download into 'temp/@types_big.js'...
2025-11-11 13:05:08,434 - BlankSpaceAnalyzer - INFO - Analyzing 34 versions for '*.js' in '@types_big.js'.
2025-11-11 13:05:08,434 - BlankSpaceAnalyzer - INFO - -> Analyzing version 0.0.15-alpha (1/34)...
2025-11-11 13:05:08,435 - BlankSpaceAnalyzer - INFO - -> Analyzing version 0.0.16-alpha (2/34)...
2025-11-11 13:05:08,436 - BlankSpaceAnalyzer - INFO - -> Analyzing version 0.0.21-alpha (3/34)...
2025-11-11 13:05:08,436 - BlankSpaceAnalyzer - INFO - -> Analyzing version 0.0.22-alpha (4/34)...
2025-11-11 13:05:08,437 - BlankSpaceAnalyzer - INFO - -> Analyzing version 0.0.23-alpha (5/34)...
2025-11-11 13:05:08,438 - BlankSpaceAnalyzer - INFO - -> Analyzing version 0.0.24-alpha (6/34)...
2025-11-11 13:05:08,438 - BlankSpaceAnalyzer - INFO - -> Analyzing version 0.0.25-alpha (7/34)...
2025-11-11 13:05:08,439 - BlankSpaceAnalyzer - INFO - -> Analyzing version 0.0.26-alpha (8/34)...
2025-11-11 13:05:08,440 - BlankSpaceAnalyzer - INFO - -> Analyzing version 0.0.27-alpha (9/34)...
2025-11-11 13:05:08,440 - BlankSpaceAnalyzer - INFO - -> Analyzing version 0.0.28 (10/34)...
2025-11-11 13:05:08,441 - BlankSpaceAnalyzer - INFO - -> Analyzing version 0.0.29 (11/34)...
2025-11-11 13:05:08,441 - BlankSpaceAnalyzer - INFO - -> Analyzing version 0.0.30 (12/34)...
2025-11-11 13:05:08,442 - BlankSpaceAnalyzer - INFO - -> Analyzing version 0.0.31 (13/34)...
2025-11-11 13:05:08,442 - BlankSpaceAnalyzer - INFO - -> Analyzing version 0.0.32 (14/34)...
2025-11-11 13:05:08,443 - BlankSpaceAnalyzer - INFO - -> Analyzing version 3.2.0 (15/34)...
2025-11-11 13:05:08,444 - BlankSpaceAnalyzer - INFO - -> Analyzing version 4.0.0 (16/34)...
2025-11-11 13:05:08,444 - BlankSpaceAnalyzer - INFO - -> Analyzing version 4.0.1 (17/34)...
2025-11-11 13:05:08,445 - BlankSpaceAnalyzer - INFO - -> Analyzing version 4.0.2 (18/34)...
2025-11-11 13:05:08,446 - BlankSpaceAnalyzer - INFO - -> Analyzing version 4.0.3 (19/34)...
2025-11-11 13:05:08,446 - BlankSpaceAnalyzer - INFO - -> Analyzing version 4.0.4 (20/34)...
2025-11-11 13:05:08,447 - BlankSpaceAnalyzer - INFO - -> Analyzing version 4.0.5 (21/34)...
2025-11-11 13:05:08,447 - BlankSpaceAnalyzer - INFO - -> Analyzing version 6.0.0 (22/34)...
2025-11-11 13:05:08,448 - BlankSpaceAnalyzer - INFO - -> Analyzing version 6.0.1 (23/34)...
2025-11-11 13:05:08,448 - BlankSpaceAnalyzer - INFO - -> Analyzing version 6.0.2 (24/34)...
2025-11-11 13:05:08,449 - BlankSpaceAnalyzer - INFO - -> Analyzing version 6.1.0 (25/34)...
2025-11-11 13:05:08,450 - BlankSpaceAnalyzer - INFO - -> Analyzing version 6.1.1 (26/34)...
2025-11-11 13:05:08,450 - BlankSpaceAnalyzer - INFO - -> Analyzing version 6.1.2 (27/34)...
2025-11-11 13:05:08,451 - BlankSpaceAnalyzer - INFO - -> Analyzing version 6.1.3 (28/34)...
2025-11-11 13:05:08,451 - BlankSpaceAnalyzer - INFO - -> Analyzing version 6.1.4 (29/34)...
2025-11-11 13:05:08,452 - BlankSpaceAnalyzer - INFO - -> Analyzing version 6.1.5 (30/34)...
2025-11-11 13:05:08,452 - BlankSpaceAnalyzer - INFO - -> Analyzing version 6.1.6 (31/34)...
2025-11-11 13:05:08,453 - BlankSpaceAnalyzer - INFO - -> Analyzing version 6.2.0 (32/34)...
2025-11-11 13:05:08,453 - BlankSpaceAnalyzer - INFO - -> Analyzing version 6.2.1 (33/34)...
2025-11-11 13:05:08,454 - BlankSpaceAnalyzer - INFO - -> Analyzing version 6.2.2 (34/34)...
2025-11-11 13:05:08,455 - BlankSpaceAnalyzer - INFO - Exporting results for '@types/big.js' to CSV...
2025-11-11 13:05:08,455 - BlankSpaceAnalyzer - WARNING - No files analyzed. CSV files will be empty.
2025-11-11 13:05:08,456 - NPM_Analyzer - INFO - Cleaning temporary folder 'temp/@types_big.js'...
2025-11-11 13:05:08,466 - NPM_Analyzer - INFO - Cleanup completed.
2025-11-11 23:54:15,542 - NPM_Analyzer - INFO - Fetching metadata for '@types/big.js'...
2025-11-11 23:54:15,727 - NPM_Analyzer - INFO - Found 34 versions. Starting download into 'temp/@types_big.js'...
2025-11-11 23:54:43,637 - BlankSpaceAnalyzer - INFO - Analyzing 34 versions for '*.js' in '@types_big.js'.
2025-11-11 23:54:43,637 - BlankSpaceAnalyzer - INFO - -> Analyzing version 0.0.15-alpha (1/34)...
2025-11-11 23:54:43,638 - BlankSpaceAnalyzer - INFO - -> Analyzing version 0.0.16-alpha (2/34)...
2025-11-11 23:54:43,639 - BlankSpaceAnalyzer - INFO - -> Analyzing version 0.0.21-alpha (3/34)...
2025-11-11 23:54:43,639 - BlankSpaceAnalyzer - INFO - -> Analyzing version 0.0.22-alpha (4/34)...
2025-11-11 23:54:43,640 - BlankSpaceAnalyzer - INFO - -> Analyzing version 0.0.23-alpha (5/34)...
2025-11-11 23:54:43,640 - BlankSpaceAnalyzer - INFO - -> Analyzing version 0.0.24-alpha (6/34)...
2025-11-11 23:54:43,641 - BlankSpaceAnalyzer - INFO - -> Analyzing version 0.0.25-alpha (7/34)...
2025-11-11 23:54:43,641 - BlankSpaceAnalyzer - INFO - -> Analyzing version 0.0.26-alpha (8/34)...
2025-11-11 23:54:43,642 - BlankSpaceAnalyzer - INFO - -> Analyzing version 0.0.27-alpha (9/34)...
2025-11-11 23:54:43,642 - BlankSpaceAnalyzer - INFO - -> Analyzing version 0.0.28 (10/34)...
2025-11-11 23:54:43,643 - BlankSpaceAnalyzer - INFO - -> Analyzing version 0.0.29 (11/34)...
2025-11-11 23:54:43,643 - BlankSpaceAnalyzer - INFO - -> Analyzing version 0.0.30 (12/34)...
2025-11-11 23:54:43,644 - BlankSpaceAnalyzer - INFO - -> Analyzing version 0.0.31 (13/34)...
2025-11-11 23:54:43,644 - BlankSpaceAnalyzer - INFO - -> Analyzing version 0.0.32 (14/34)...
2025-11-11 23:54:43,645 - BlankSpaceAnalyzer - INFO - -> Analyzing version 3.2.0 (15/34)...
2025-11-11 23:54:43,645 - BlankSpaceAnalyzer - INFO - -> Analyzing version 4.0.0 (16/34)...
2025-11-11 23:54:43,646 - BlankSpaceAnalyzer - INFO - -> Analyzing version 4.0.1 (17/34)...
2025-11-11 23:54:43,646 - BlankSpaceAnalyzer - INFO - -> Analyzing version 4.0.2 (18/34)...
2025-11-11 23:54:43,647 - BlankSpaceAnalyzer - INFO - -> Analyzing version 4.0.3 (19/34)...
2025-11-11 23:54:43,647 - BlankSpaceAnalyzer - INFO - -> Analyzing version 4.0.4 (20/34)...
2025-11-11 23:54:43,648 - BlankSpaceAnalyzer - INFO - -> Analyzing version 4.0.5 (21/34)...
2025-11-11 23:54:43,648 - BlankSpaceAnalyzer - INFO - -> Analyzing version 6.0.0 (22/34)...
2025-11-11 23:54:43,649 - BlankSpaceAnalyzer - INFO - -> Analyzing version 6.0.1 (23/34)...
2025-11-11 23:54:43,649 - BlankSpaceAnalyzer - INFO - -> Analyzing version 6.0.2 (24/34)...
2025-11-11 23:54:43,650 - BlankSpaceAnalyzer - INFO - -> Analyzing version 6.1.0 (25/34)...
2025-11-11 23:54:43,650 - BlankSpaceAnalyzer - INFO - -> Analyzing version 6.1.1 (26/34)...
2025-11-11 23:54:43,651 - BlankSpaceAnalyzer - INFO - -> Analyzing version 6.1.2 (27/34)...
2025-11-11 23:54:43,651 - BlankSpaceAnalyzer - INFO - -> Analyzing version 6.1.3 (28/34)...
2025-11-11 23:54:43,652 - BlankSpaceAnalyzer - INFO - -> Analyzing version 6.1.4 (29/34)...
2025-11-11 23:54:43,652 - BlankSpaceAnalyzer - INFO - -> Analyzing version 6.1.5 (30/34)...
2025-11-11 23:54:43,653 - BlankSpaceAnalyzer - INFO - -> Analyzing version 6.1.6 (31/34)...
2025-11-11 23:54:43,653 - BlankSpaceAnalyzer - INFO - -> Analyzing version 6.2.0 (32/34)...
2025-11-11 23:54:43,654 - BlankSpaceAnalyzer - INFO - -> Analyzing version 6.2.1 (33/34)...
2025-11-11 23:54:43,654 - BlankSpaceAnalyzer - INFO - -> Analyzing version 6.2.2 (34/34)...
2025-11-11 23:54:43,655 - BlankSpaceAnalyzer - INFO - Exporting results for '@types/big.js' to CSV...
2025-11-11 23:54:43,655 - BlankSpaceAnalyzer - WARNING - No files analyzed. CSV files will be empty.
2025-11-11 23:54:43,655 - NPM_Analyzer - INFO - Cleaning temporary folder 'temp/@types_big.js'...
2025-11-11 23:54:43,665 - NPM_Analyzer - INFO - Cleanup completed.
2025-11-12 10:23:49,738 - NPM_Analyzer - INFO - Fetching metadata for '@types/big.js'...
2025-11-12 10:23:49,972 - NPM_Analyzer - INFO - Found 34 versions. Starting download into 'temp/@types_big.js'...
2025-11-12 10:24:15,132 - BlankSpaceAnalyzer - INFO - Analyzing 34 versions for '*.js' in '@types_big.js'.
2025-11-12 10:24:15,132 - BlankSpaceAnalyzer - INFO - -> Analyzing version 0.0.15-alpha (1/34)...
2025-11-12 10:24:15,133 - BlankSpaceAnalyzer - INFO - -> Analyzing version 0.0.16-alpha (2/34)...
2025-11-12 10:24:15,133 - BlankSpaceAnalyzer - INFO - -> Analyzing version 0.0.21-alpha (3/34)...
2025-11-12 10:24:15,133 - BlankSpaceAnalyzer - INFO - -> Analyzing version 0.0.22-alpha (4/34)...
2025-11-12 10:24:15,134 - BlankSpaceAnalyzer - INFO - -> Analyzing version 0.0.23-alpha (5/34)...
2025-11-12 10:24:15,134 - BlankSpaceAnalyzer - INFO - -> Analyzing version 0.0.24-alpha (6/34)...
2025-11-12 10:24:15,134 - BlankSpaceAnalyzer - INFO - -> Analyzing version 0.0.25-alpha (7/34)...
2025-11-12 10:24:15,135 - BlankSpaceAnalyzer - INFO - -> Analyzing version 0.0.26-alpha (8/34)...
2025-11-12 10:24:15,135 - BlankSpaceAnalyzer - INFO - -> Analyzing version 0.0.27-alpha (9/34)...
2025-11-12 10:24:15,135 - BlankSpaceAnalyzer - INFO - -> Analyzing version 0.0.28 (10/34)...
2025-11-12 10:24:15,136 - BlankSpaceAnalyzer - INFO - -> Analyzing version 0.0.29 (11/34)...
2025-11-12 10:24:15,136 - BlankSpaceAnalyzer - INFO - -> Analyzing version 0.0.30 (12/34)...
2025-11-12 10:24:15,136 - BlankSpaceAnalyzer - INFO - -> Analyzing version 0.0.31 (13/34)...
2025-11-12 10:24:15,137 - BlankSpaceAnalyzer - INFO - -> Analyzing version 0.0.32 (14/34)...
2025-11-12 10:24:15,137 - BlankSpaceAnalyzer - INFO - -> Analyzing version 3.2.0 (15/34)...
2025-11-12 10:24:15,137 - BlankSpaceAnalyzer - INFO - -> Analyzing version 4.0.0 (16/34)...
2025-11-12 10:24:15,137 - BlankSpaceAnalyzer - INFO - -> Analyzing version 4.0.1 (17/34)...
2025-11-12 10:24:15,138 - BlankSpaceAnalyzer - INFO - -> Analyzing version 4.0.2 (18/34)...
2025-11-12 10:24:15,138 - BlankSpaceAnalyzer - INFO - -> Analyzing version 4.0.3 (19/34)...
2025-11-12 10:24:15,138 - BlankSpaceAnalyzer - INFO - -> Analyzing version 4.0.4 (20/34)...
2025-11-12 10:24:15,139 - BlankSpaceAnalyzer - INFO - -> Analyzing version 4.0.5 (21/34)...
2025-11-12 10:24:15,139 - BlankSpaceAnalyzer - INFO - -> Analyzing version 6.0.0 (22/34)...
2025-11-12 10:24:15,139 - BlankSpaceAnalyzer - INFO - -> Analyzing version 6.0.1 (23/34)...
2025-11-12 10:24:15,140 - BlankSpaceAnalyzer - INFO - -> Analyzing version 6.0.2 (24/34)...
2025-11-12 10:24:15,140 - BlankSpaceAnalyzer - INFO - -> Analyzing version 6.1.0 (25/34)...
2025-11-12 10:24:15,140 - BlankSpaceAnalyzer - INFO - -> Analyzing version 6.1.1 (26/34)...
2025-11-12 10:24:15,140 - BlankSpaceAnalyzer - INFO - -> Analyzing version 6.1.2 (27/34)...
2025-11-12 10:24:15,141 - BlankSpaceAnalyzer - INFO - -> Analyzing version 6.1.3 (28/34)...
2025-11-12 10:24:15,141 - BlankSpaceAnalyzer - INFO - -> Analyzing version 6.1.4 (29/34)...
2025-11-12 10:24:15,141 - BlankSpaceAnalyzer - INFO - -> Analyzing version 6.1.5 (30/34)...
2025-11-12 10:24:15,142 - BlankSpaceAnalyzer - INFO - -> Analyzing version 6.1.6 (31/34)...
2025-11-12 10:24:15,142 - BlankSpaceAnalyzer - INFO - -> Analyzing version 6.2.0 (32/34)...
2025-11-12 10:24:15,142 - BlankSpaceAnalyzer - INFO - -> Analyzing version 6.2.1 (33/34)...
2025-11-12 10:24:15,143 - BlankSpaceAnalyzer - INFO - -> Analyzing version 6.2.2 (34/34)...
2025-11-12 10:24:15,143 - BlankSpaceAnalyzer - INFO - Exporting results for '@types/big.js' to CSV...
2025-11-12 10:24:15,143 - BlankSpaceAnalyzer - WARNING - No files analyzed. CSV files will be empty.
2025-11-12 10:24:15,143 - NPM_Analyzer - INFO - Cleaning temporary folder 'temp/@types_big.js'...
2025-11-12 10:24:15,151 - NPM_Analyzer - INFO - Cleanup completed.
2025-11-12 21:04:34,496 - NPM_Analyzer - INFO - Fetching metadata for '@types/big.js'...
2025-11-12 21:04:35,174 - NPM_Analyzer - INFO - Found 34 versions. Starting download into 'temp/@types_big.js'...
2025-11-12 21:05:02,943 - BlankSpaceAnalyzer - INFO - Analyzing 34 versions for '*.js' in '@types_big.js'.
2025-11-12 21:05:02,943 - BlankSpaceAnalyzer - INFO - -> Analyzing version 0.0.15-alpha (1/34)...
2025-11-12 21:05:02,944 - BlankSpaceAnalyzer - INFO - -> Analyzing version 0.0.16-alpha (2/34)...
2025-11-12 21:05:02,944 - BlankSpaceAnalyzer - INFO - -> Analyzing version 0.0.21-alpha (3/34)...
2025-11-12 21:05:02,945 - BlankSpaceAnalyzer - INFO - -> Analyzing version 0.0.22-alpha (4/34)...
2025-11-12 21:05:02,946 - BlankSpaceAnalyzer - INFO - -> Analyzing version 0.0.23-alpha (5/34)...
2025-11-12 21:05:02,946 - BlankSpaceAnalyzer - INFO - -> Analyzing version 0.0.24-alpha (6/34)...
2025-11-12 21:05:02,947 - BlankSpaceAnalyzer - INFO - -> Analyzing version 0.0.25-alpha (7/34)...
2025-11-12 21:05:02,947 - BlankSpaceAnalyzer - INFO - -> Analyzing version 0.0.26-alpha (8/34)...
2025-11-12 21:05:02,948 - BlankSpaceAnalyzer - INFO - -> Analyzing version 0.0.27-alpha (9/34)...
2025-11-12 21:05:02,949 - BlankSpaceAnalyzer - INFO - -> Analyzing version 0.0.28 (10/34)...
2025-11-12 21:05:02,949 - BlankSpaceAnalyzer - INFO - -> Analyzing version 0.0.29 (11/34)...
2025-11-12 21:05:02,950 - BlankSpaceAnalyzer - INFO - -> Analyzing version 0.0.30 (12/34)...
2025-11-12 21:05:02,951 - BlankSpaceAnalyzer - INFO - -> Analyzing version 0.0.31 (13/34)...
2025-11-12 21:05:02,951 - BlankSpaceAnalyzer - INFO - -> Analyzing version 0.0.32 (14/34)...
2025-11-12 21:05:02,952 - BlankSpaceAnalyzer - INFO - -> Analyzing version 3.2.0 (15/34)...
2025-11-12 21:05:02,952 - BlankSpaceAnalyzer - INFO - -> Analyzing version 4.0.0 (16/34)...
2025-11-12 21:05:02,953 - BlankSpaceAnalyzer - INFO - -> Analyzing version 4.0.1 (17/34)...
2025-11-12 21:05:02,954 - BlankSpaceAnalyzer - INFO - -> Analyzing version 4.0.2 (18/34)...
2025-11-12 21:05:02,954 - BlankSpaceAnalyzer - INFO - -> Analyzing version 4.0.3 (19/34)...
2025-11-12 21:05:02,955 - BlankSpaceAnalyzer - INFO - -> Analyzing version 4.0.4 (20/34)...
2025-11-12 21:05:02,955 - BlankSpaceAnalyzer - INFO - -> Analyzing version 4.0.5 (21/34)...
2025-11-12 21:05:02,956 - BlankSpaceAnalyzer - INFO - -> Analyzing version 6.0.0 (22/34)...
2025-11-12 21:05:02,957 - BlankSpaceAnalyzer - INFO - -> Analyzing version 6.0.1 (23/34)...
2025-11-12 21:05:02,957 - BlankSpaceAnalyzer - INFO - -> Analyzing version 6.0.2 (24/34)...
2025-11-12 21:05:02,958 - BlankSpaceAnalyzer - INFO - -> Analyzing version 6.1.0 (25/34)...
2025-11-12 21:05:02,958 - BlankSpaceAnalyzer - INFO - -> Analyzing version 6.1.1 (26/34)...
2025-11-12 21:05:02,959 - BlankSpaceAnalyzer - INFO - -> Analyzing version 6.1.2 (27/34)...
2025-11-12 21:05:02,960 - BlankSpaceAnalyzer - INFO - -> Analyzing version 6.1.3 (28/34)...
2025-11-12 21:05:02,960 - BlankSpaceAnalyzer - INFO - -> Analyzing version 6.1.4 (29/34)...
2025-11-12 21:05:02,961 - BlankSpaceAnalyzer - INFO - -> Analyzing version 6.1.5 (30/34)...
2025-11-12 21:05:02,961 - BlankSpaceAnalyzer - INFO - -> Analyzing version 6.1.6 (31/34)...
2025-11-12 21:05:02,962 - BlankSpaceAnalyzer - INFO - -> Analyzing version 6.2.0 (32/34)...
2025-11-12 21:05:02,963 - BlankSpaceAnalyzer - INFO - -> Analyzing version 6.2.1 (33/34)...
2025-11-12 21:05:02,963 - BlankSpaceAnalyzer - INFO - -> Analyzing version 6.2.2 (34/34)...
2025-11-12 21:05:02,964 - BlankSpaceAnalyzer - INFO - Exporting results for '@types/big.js' to CSV...
2025-11-12 21:05:02,964 - BlankSpaceAnalyzer - WARNING - No files analyzed. CSV files will be empty.
2025-11-12 21:05:02,965 - NPM_Analyzer - INFO - Cleaning temporary folder 'temp/@types_big.js'...
2025-11-12 21:05:02,976 - NPM_Analyzer - INFO - Cleanup completed.
2025-11-13 07:35:21,818 - NPM_Analyzer - INFO - Fetching metadata for '@types/big.js'...
2025-11-13 07:35:21,930 - NPM_Analyzer - INFO - Found 34 versions. Starting download into 'temp/@types_big.js'...
2025-11-13 07:35:49,043 - BlankSpaceAnalyzer - INFO - Analyzing 34 versions for '*.js' in '@types_big.js'.
2025-11-13 07:35:49,043 - BlankSpaceAnalyzer - INFO - -> Analyzing version 0.0.15-alpha (1/34)...
2025-11-13 07:35:49,044 - BlankSpaceAnalyzer - INFO - -> Analyzing version 0.0.16-alpha (2/34)...
2025-11-13 07:35:49,045 - BlankSpaceAnalyzer - INFO - -> Analyzing version 0.0.21-alpha (3/34)...
2025-11-13 07:35:49,045 - BlankSpaceAnalyzer - INFO - -> Analyzing version 0.0.22-alpha (4/34)...
2025-11-13 07:35:49,046 - BlankSpaceAnalyzer - INFO - -> Analyzing version 0.0.23-alpha (5/34)...
2025-11-13 07:35:49,046 - BlankSpaceAnalyzer - INFO - -> Analyzing version 0.0.24-alpha (6/34)...
2025-11-13 07:35:49,047 - BlankSpaceAnalyzer - INFO - -> Analyzing version 0.0.25-alpha (7/34)...
2025-11-13 07:35:49,047 - BlankSpaceAnalyzer - INFO - -> Analyzing version 0.0.26-alpha (8/34)...
2025-11-13 07:35:49,048 - BlankSpaceAnalyzer - INFO - -> Analyzing version 0.0.27-alpha (9/34)...
2025-11-13 07:35:49,048 - BlankSpaceAnalyzer - INFO - -> Analyzing version 0.0.28 (10/34)...
2025-11-13 07:35:49,049 - BlankSpaceAnalyzer - INFO - -> Analyzing version 0.0.29 (11/34)...
2025-11-13 07:35:49,049 - BlankSpaceAnalyzer - INFO - -> Analyzing version 0.0.30 (12/34)...
2025-11-13 07:35:49,050 - BlankSpaceAnalyzer - INFO - -> Analyzing version 0.0.31 (13/34)...
2025-11-13 07:35:49,050 - BlankSpaceAnalyzer - INFO - -> Analyzing version 0.0.32 (14/34)...
2025-11-13 07:35:49,051 - BlankSpaceAnalyzer - INFO - -> Analyzing version 3.2.0 (15/34)...
2025-11-13 07:35:49,051 - BlankSpaceAnalyzer - INFO - -> Analyzing version 4.0.0 (16/34)...
2025-11-13 07:35:49,052 - BlankSpaceAnalyzer - INFO - -> Analyzing version 4.0.1 (17/34)...
2025-11-13 07:35:49,052 - BlankSpaceAnalyzer - INFO - -> Analyzing version 4.0.2 (18/34)...
2025-11-13 07:35:49,053 - BlankSpaceAnalyzer - INFO - -> Analyzing version 4.0.3 (19/34)...
2025-11-13 07:35:49,053 - BlankSpaceAnalyzer - INFO - -> Analyzing version 4.0.4 (20/34)...
2025-11-13 07:35:49,054 - BlankSpaceAnalyzer - INFO - -> Analyzing version 4.0.5 (21/34)...
2025-11-13 07:35:49,054 - BlankSpaceAnalyzer - INFO - -> Analyzing version 6.0.0 (22/34)...
2025-11-13 07:35:49,055 - BlankSpaceAnalyzer - INFO - -> Analyzing version 6.0.1 (23/34)...
2025-11-13 07:35:49,055 - BlankSpaceAnalyzer - INFO - -> Analyzing version 6.0.2 (24/34)...
2025-11-13 07:35:49,056 - BlankSpaceAnalyzer - INFO - -> Analyzing version 6.1.0 (25/34)...
2025-11-13 07:35:49,056 - BlankSpaceAnalyzer - INFO - -> Analyzing version 6.1.1 (26/34)...
2025-11-13 07:35:49,057 - BlankSpaceAnalyzer - INFO - -> Analyzing version 6.1.2 (27/34)...
2025-11-13 07:35:49,057 - BlankSpaceAnalyzer - INFO - -> Analyzing version 6.1.3 (28/34)...
2025-11-13 07:35:49,058 - BlankSpaceAnalyzer - INFO - -> Analyzing version 6.1.4 (29/34)...
2025-11-13 07:35:49,058 - BlankSpaceAnalyzer - INFO - -> Analyzing version 6.1.5 (30/34)...
2025-11-13 07:35:49,059 - BlankSpaceAnalyzer - INFO - -> Analyzing version 6.1.6 (31/34)...
2025-11-13 07:35:49,060 - BlankSpaceAnalyzer - INFO - -> Analyzing version 6.2.0 (32/34)...
2025-11-13 07:35:49,061 - BlankSpaceAnalyzer - INFO - -> Analyzing version 6.2.1 (33/34)...
2025-11-13 07:35:49,062 - BlankSpaceAnalyzer - INFO - -> Analyzing version 6.2.2 (34/34)...
2025-11-13 07:35:49,063 - BlankSpaceAnalyzer - INFO - Exporting results for '@types/big.js' to CSV...
2025-11-13 07:35:49,063 - BlankSpaceAnalyzer - WARNING - No files analyzed. CSV files will be empty.
2025-11-13 07:35:49,064 - NPM_Analyzer - INFO - Cleaning temporary folder 'temp/@types_big.js'...
2025-11-13 07:35:49,074 - NPM_Analyzer - INFO - Cleanup completed.
2025-11-13 18:06:11,876 - NPM_Analyzer - INFO - Fetching metadata for '@types/big.js'...
2025-11-13 18:06:12,055 - NPM_Analyzer - INFO - Found 34 versions. Starting download into 'temp/@types_big.js'...
2025-11-13 18:06:40,943 - BlankSpaceAnalyzer - INFO - Analyzing 34 versions for '*.js' in '@types_big.js'.
2025-11-13 18:06:40,943 - BlankSpaceAnalyzer - INFO - -> Analyzing version 0.0.15-alpha (1/34)...
2025-11-13 18:06:40,944 - BlankSpaceAnalyzer - INFO - -> Analyzing version 0.0.16-alpha (2/34)...
2025-11-13 18:06:40,944 - BlankSpaceAnalyzer - INFO - -> Analyzing version 0.0.21-alpha (3/34)...
2025-11-13 18:06:40,945 - BlankSpaceAnalyzer - INFO - -> Analyzing version 0.0.22-alpha (4/34)...
2025-11-13 18:06:40,945 - BlankSpaceAnalyzer - INFO - -> Analyzing version 0.0.23-alpha (5/34)...
2025-11-13 18:06:40,946 - BlankSpaceAnalyzer - INFO - -> Analyzing version 0.0.24-alpha (6/34)...
2025-11-13 18:06:40,946 - BlankSpaceAnalyzer - INFO - -> Analyzing version 0.0.25-alpha (7/34)...
2025-11-13 18:06:40,947 - BlankSpaceAnalyzer - INFO - -> Analyzing version 0.0.26-alpha (8/34)...
2025-11-13 18:06:40,947 - BlankSpaceAnalyzer - INFO - -> Analyzing version 0.0.27-alpha (9/34)...
2025-11-13 18:06:40,948 - BlankSpaceAnalyzer - INFO - -> Analyzing version 0.0.28 (10/34)...
2025-11-13 18:06:40,948 - BlankSpaceAnalyzer - INFO - -> Analyzing version 0.0.29 (11/34)...
2025-11-13 18:06:40,949 - BlankSpaceAnalyzer - INFO - -> Analyzing version 0.0.30 (12/34)...
2025-11-13 18:06:40,949 - BlankSpaceAnalyzer - INFO - -> Analyzing version 0.0.31 (13/34)...
2025-11-13 18:06:40,950 - BlankSpaceAnalyzer - INFO - -> Analyzing version 0.0.32 (14/34)...
2025-11-13 18:06:40,950 - BlankSpaceAnalyzer - INFO - -> Analyzing version 3.2.0 (15/34)...
2025-11-13 18:06:40,951 - BlankSpaceAnalyzer - INFO - -> Analyzing version 4.0.0 (16/34)...
2025-11-13 18:06:40,951 - BlankSpaceAnalyzer - INFO - -> Analyzing version 4.0.1 (17/34)...
2025-11-13 18:06:40,952 - BlankSpaceAnalyzer - INFO - -> Analyzing version 4.0.2 (18/34)...
2025-11-13 18:06:40,952 - BlankSpaceAnalyzer - INFO - -> Analyzing version 4.0.3 (19/34)...
2025-11-13 18:06:40,953 - BlankSpaceAnalyzer - INFO - -> Analyzing version 4.0.4 (20/34)...
2025-11-13 18:06:40,953 - BlankSpaceAnalyzer - INFO - -> Analyzing version 4.0.5 (21/34)...
2025-11-13 18:06:40,954 - BlankSpaceAnalyzer - INFO - -> Analyzing version 6.0.0 (22/34)...
2025-11-13 18:06:40,954 - BlankSpaceAnalyzer - INFO - -> Analyzing version 6.0.1 (23/34)...
2025-11-13 18:06:40,955 - BlankSpaceAnalyzer - INFO - -> Analyzing version 6.0.2 (24/34)...
2025-11-13 18:06:40,955 - BlankSpaceAnalyzer - INFO - -> Analyzing version 6.1.0 (25/34)...
2025-11-13 18:06:40,956 - BlankSpaceAnalyzer - INFO - -> Analyzing version 6.1.1 (26/34)...
2025-11-13 18:06:40,956 - BlankSpaceAnalyzer - INFO - -> Analyzing version 6.1.2 (27/34)...
2025-11-13 18:06:40,957 - BlankSpaceAnalyzer - INFO - -> Analyzing version 6.1.3 (28/34)...
2025-11-13 18:06:40,957 - BlankSpaceAnalyzer - INFO - -> Analyzing version 6.1.4 (29/34)...
2025-11-13 18:06:40,958 - BlankSpaceAnalyzer - INFO - -> Analyzing version 6.1.5 (30/34)...
2025-11-13 18:06:40,958 - BlankSpaceAnalyzer - INFO - -> Analyzing version 6.1.6 (31/34)...
2025-11-13 18:06:40,959 - BlankSpaceAnalyzer - INFO - -> Analyzing version 6.2.0 (32/34)...
2025-11-13 18:06:40,959 - BlankSpaceAnalyzer - INFO - -> Analyzing version 6.2.1 (33/34)...
2025-11-13 18:06:40,960 - BlankSpaceAnalyzer - INFO - -> Analyzing version 6.2.2 (34/34)...
2025-11-13 18:06:40,960 - BlankSpaceAnalyzer - INFO - Exporting results for '@types/big.js' to CSV...
2025-11-13 18:06:40,960 - BlankSpaceAnalyzer - WARNING - No files analyzed. CSV files will be empty.
2025-11-13 18:06:40,961 - NPM_Analyzer - INFO - Cleaning temporary folder 'temp/@types_big.js'...
2025-11-13 18:06:40,974 - NPM_Analyzer - INFO - Cleanup completed.
2025-11-14 04:38:33,892 - NPM_Analyzer - INFO - Fetching metadata for '@types/big.js'...
2025-11-14 04:38:34,106 - NPM_Analyzer - INFO - Found 34 versions. Starting download into 'temp/@types_big.js'...
2025-11-14 04:39:00,927 - BlankSpaceAnalyzer - INFO - Analyzing 34 versions for '*.js' in '@types_big.js'.
2025-11-14 04:39:00,927 - BlankSpaceAnalyzer - INFO - -> Analyzing version 0.0.15-alpha (1/34)...
2025-11-14 04:39:00,927 - BlankSpaceAnalyzer - INFO - -> Analyzing version 0.0.16-alpha (2/34)...
2025-11-14 04:39:00,927 - BlankSpaceAnalyzer - INFO - -> Analyzing version 0.0.21-alpha (3/34)...
2025-11-14 04:39:00,928 - BlankSpaceAnalyzer - INFO - -> Analyzing version 0.0.22-alpha (4/34)...
2025-11-14 04:39:00,928 - BlankSpaceAnalyzer - INFO - -> Analyzing version 0.0.23-alpha (5/34)...
2025-11-14 04:39:00,928 - BlankSpaceAnalyzer - INFO - -> Analyzing version 0.0.24-alpha (6/34)...
2025-11-14 04:39:00,928 - BlankSpaceAnalyzer - INFO - -> Analyzing version 0.0.25-alpha (7/34)...
2025-11-14 04:39:00,928 - BlankSpaceAnalyzer - INFO - -> Analyzing version 0.0.26-alpha (8/34)...
2025-11-14 04:39:00,928 - BlankSpaceAnalyzer - INFO - -> Analyzing version 0.0.27-alpha (9/34)...
2025-11-14 04:39:00,928 - BlankSpaceAnalyzer - INFO - -> Analyzing version 0.0.28 (10/34)...
2025-11-14 04:39:00,929 - BlankSpaceAnalyzer - INFO - -> Analyzing version 0.0.29 (11/34)...
2025-11-14 04:39:00,929 - BlankSpaceAnalyzer - INFO - -> Analyzing version 0.0.30 (12/34)...
2025-11-14 04:39:00,929 - BlankSpaceAnalyzer - INFO - -> Analyzing version 0.0.31 (13/34)...
2025-11-14 04:39:00,929 - BlankSpaceAnalyzer - INFO - -> Analyzing version 0.0.32 (14/34)...
2025-11-14 04:39:00,929 - BlankSpaceAnalyzer - INFO - -> Analyzing version 3.2.0 (15/34)...
2025-11-14 04:39:00,929 - BlankSpaceAnalyzer - INFO - -> Analyzing version 4.0.0 (16/34)...
2025-11-14 04:39:00,929 - BlankSpaceAnalyzer - INFO - -> Analyzing version 4.0.1 (17/34)...
2025-11-14 04:39:00,930 - BlankSpaceAnalyzer - INFO - -> Analyzing version 4.0.2 (18/34)...
2025-11-14 04:39:00,930 - BlankSpaceAnalyzer - INFO - -> Analyzing version 4.0.3 (19/34)...
2025-11-14 04:39:00,930 - BlankSpaceAnalyzer - INFO - -> Analyzing version 4.0.4 (20/34)...
2025-11-14 04:39:00,930 - BlankSpaceAnalyzer - INFO - -> Analyzing version 4.0.5 (21/34)...
2025-11-14 04:39:00,930 - BlankSpaceAnalyzer - INFO - -> Analyzing version 6.0.0 (22/34)...
2025-11-14 04:39:00,930 - BlankSpaceAnalyzer - INFO - -> Analyzing version 6.0.1 (23/34)...
2025-11-14 04:39:00,930 - BlankSpaceAnalyzer - INFO - -> Analyzing version 6.0.2 (24/34)...
2025-11-14 04:39:00,930 - BlankSpaceAnalyzer - INFO - -> Analyzing version 6.1.0 (25/34)...
2025-11-14 04:39:00,931 - BlankSpaceAnalyzer - INFO - -> Analyzing version 6.1.1 (26/34)...
2025-11-14 04:39:00,931 - BlankSpaceAnalyzer - INFO - -> Analyzing version 6.1.2 (27/34)...
2025-11-14 04:39:00,931 - BlankSpaceAnalyzer - INFO - -> Analyzing version 6.1.3 (28/34)...
2025-11-14 04:39:00,931 - BlankSpaceAnalyzer - INFO - -> Analyzing version 6.1.4 (29/34)...
2025-11-14 04:39:00,931 - BlankSpaceAnalyzer - INFO - -> Analyzing version 6.1.5 (30/34)...
2025-11-14 04:39:00,931 - BlankSpaceAnalyzer - INFO - -> Analyzing version 6.1.6 (31/34)...
2025-11-14 04:39:00,931 - BlankSpaceAnalyzer - INFO - -> Analyzing version 6.2.0 (32/34)...
2025-11-14 04:39:00,931 - BlankSpaceAnalyzer - INFO - -> Analyzing version 6.2.1 (33/34)...
2025-11-14 04:39:00,932 - BlankSpaceAnalyzer - INFO - -> Analyzing version 6.2.2 (34/34)...
2025-11-14 04:39:00,932 - BlankSpaceAnalyzer - INFO - Exporting results for '@types/big.js' to CSV...
2025-11-14 04:39:00,932 - BlankSpaceAnalyzer - WARNING - No files analyzed. CSV files will be empty.
2025-11-14 04:39:00,932 - NPM_Analyzer - INFO - Cleaning temporary folder 'temp/@types_big.js'...
2025-11-14 04:39:00,935 - NPM_Analyzer - INFO - Cleanup completed.
2025-11-14 15:02:00,986 - NPM_Analyzer - INFO - Fetching metadata for '@types/big.js'...
2025-11-14 15:02:01,162 - NPM_Analyzer - INFO - Found 34 versions. Starting download into 'temp/@types_big.js'...
2025-11-14 15:02:29,463 - BlankSpaceAnalyzer - INFO - Analyzing 34 versions for '*.js' in '@types_big.js'.
2025-11-14 15:02:29,463 - BlankSpaceAnalyzer - INFO - -> Analyzing version 0.0.15-alpha (1/34)...
2025-11-14 15:02:29,464 - BlankSpaceAnalyzer - INFO - -> Analyzing version 0.0.16-alpha (2/34)...
2025-11-14 15:02:29,464 - BlankSpaceAnalyzer - INFO - -> Analyzing version 0.0.21-alpha (3/34)...
2025-11-14 15:02:29,465 - BlankSpaceAnalyzer - INFO - -> Analyzing version 0.0.22-alpha (4/34)...
2025-11-14 15:02:29,465 - BlankSpaceAnalyzer - INFO - -> Analyzing version 0.0.23-alpha (5/34)...
2025-11-14 15:02:29,466 - BlankSpaceAnalyzer - INFO - -> Analyzing version 0.0.24-alpha (6/34)...
2025-11-14 15:02:29,466 - BlankSpaceAnalyzer - INFO - -> Analyzing version 0.0.25-alpha (7/34)...
2025-11-14 15:02:29,467 - BlankSpaceAnalyzer - INFO - -> Analyzing version 0.0.26-alpha (8/34)...
2025-11-14 15:02:29,467 - BlankSpaceAnalyzer - INFO - -> Analyzing version 0.0.27-alpha (9/34)...
2025-11-14 15:02:29,468 - BlankSpaceAnalyzer - INFO - -> Analyzing version 0.0.28 (10/34)...
2025-11-14 15:02:29,468 - BlankSpaceAnalyzer - INFO - -> Analyzing version 0.0.29 (11/34)...
2025-11-14 15:02:29,469 - BlankSpaceAnalyzer - INFO - -> Analyzing version 0.0.30 (12/34)...
2025-11-14 15:02:29,469 - BlankSpaceAnalyzer - INFO - -> Analyzing version 0.0.31 (13/34)...
2025-11-14 15:02:29,470 - BlankSpaceAnalyzer - INFO - -> Analyzing version 0.0.32 (14/34)...
2025-11-14 15:02:29,470 - BlankSpaceAnalyzer - INFO - -> Analyzing version 3.2.0 (15/34)...
2025-11-14 15:02:29,471 - BlankSpaceAnalyzer - INFO - -> Analyzing version 4.0.0 (16/34)...
2025-11-14 15:02:29,471 - BlankSpaceAnalyzer - INFO - -> Analyzing version 4.0.1 (17/34)...
2025-11-14 15:02:29,472 - BlankSpaceAnalyzer - INFO - -> Analyzing version 4.0.2 (18/34)...
2025-11-14 15:02:29,472 - BlankSpaceAnalyzer - INFO - -> Analyzing version 4.0.3 (19/34)...
2025-11-14 15:02:29,473 - BlankSpaceAnalyzer - INFO - -> Analyzing version 4.0.4 (20/34)...
2025-11-14 15:02:29,473 - BlankSpaceAnalyzer - INFO - -> Analyzing version 4.0.5 (21/34)...
2025-11-14 15:02:29,474 - BlankSpaceAnalyzer - INFO - -> Analyzing version 6.0.0 (22/34)...
2025-11-14 15:02:29,474 - BlankSpaceAnalyzer - INFO - -> Analyzing version 6.0.1 (23/34)...
2025-11-14 15:02:29,475 - BlankSpaceAnalyzer - INFO - -> Analyzing version 6.0.2 (24/34)...
2025-11-14 15:02:29,475 - BlankSpaceAnalyzer - INFO - -> Analyzing version 6.1.0 (25/34)...
2025-11-14 15:02:29,476 - BlankSpaceAnalyzer - INFO - -> Analyzing version 6.1.1 (26/34)...
2025-11-14 15:02:29,476 - BlankSpaceAnalyzer - INFO - -> Analyzing version 6.1.2 (27/34)...
2025-11-14 15:02:29,477 - BlankSpaceAnalyzer - INFO - -> Analyzing version 6.1.3 (28/34)...
2025-11-14 15:02:29,477 - BlankSpaceAnalyzer - INFO - -> Analyzing version 6.1.4 (29/34)...
2025-11-14 15:02:29,478 - BlankSpaceAnalyzer - INFO - -> Analyzing version 6.1.5 (30/34)...
2025-11-14 15:02:29,478 - BlankSpaceAnalyzer - INFO - -> Analyzing version 6.1.6 (31/34)...
2025-11-14 15:02:29,478 - BlankSpaceAnalyzer - INFO - -> Analyzing version 6.2.0 (32/34)...
2025-11-14 15:02:29,478 - BlankSpaceAnalyzer - INFO - -> Analyzing version 6.2.1 (33/34)...
2025-11-14 15:02:29,479 - BlankSpaceAnalyzer - INFO - -> Analyzing version 6.2.2 (34/34)...
2025-11-14 15:02:29,479 - BlankSpaceAnalyzer - INFO - Exporting results for '@types/big.js' to CSV...
2025-11-14 15:02:29,479 - BlankSpaceAnalyzer - WARNING - No files analyzed. CSV files will be empty.
2025-11-14 15:02:29,479 - NPM_Analyzer - INFO - Cleaning temporary folder 'temp/@types_big.js'...
2025-11-14 15:02:29,482 - NPM_Analyzer - INFO - Cleanup completed.
2025-11-15 01:43:43,966 - NPM_Analyzer - INFO - Fetching metadata for '@types/big.js'...
2025-11-15 01:43:44,792 - NPM_Analyzer - INFO - Found 34 versions. Starting download into 'temp/@types_big.js'...
2025-11-15 01:44:12,888 - BlankSpaceAnalyzer - INFO - Analyzing 34 versions for '*.js' in '@types_big.js'.
2025-11-15 01:44:12,889 - BlankSpaceAnalyzer - INFO - -> Analyzing version 0.0.15-alpha (1/34)...
2025-11-15 01:44:12,889 - BlankSpaceAnalyzer - INFO - -> Analyzing version 0.0.16-alpha (2/34)...
2025-11-15 01:44:12,890 - BlankSpaceAnalyzer - INFO - -> Analyzing version 0.0.21-alpha (3/34)...
2025-11-15 01:44:12,890 - BlankSpaceAnalyzer - INFO - -> Analyzing version 0.0.22-alpha (4/34)...
2025-11-15 01:44:12,891 - BlankSpaceAnalyzer - INFO - -> Analyzing version 0.0.23-alpha (5/34)...
2025-11-15 01:44:12,891 - BlankSpaceAnalyzer - INFO - -> Analyzing version 0.0.24-alpha (6/34)...
2025-11-15 01:44:12,892 - BlankSpaceAnalyzer - INFO - -> Analyzing version 0.0.25-alpha (7/34)...
2025-11-15 01:44:12,892 - BlankSpaceAnalyzer - INFO - -> Analyzing version 0.0.26-alpha (8/34)...
2025-11-15 01:44:12,893 - BlankSpaceAnalyzer - INFO - -> Analyzing version 0.0.27-alpha (9/34)...
2025-11-15 01:44:12,893 - BlankSpaceAnalyzer - INFO - -> Analyzing version 0.0.28 (10/34)...
2025-11-15 01:44:12,894 - BlankSpaceAnalyzer - INFO - -> Analyzing version 0.0.29 (11/34)...
2025-11-15 01:44:12,894 - BlankSpaceAnalyzer - INFO - -> Analyzing version 0.0.30 (12/34)...
2025-11-15 01:44:12,895 - BlankSpaceAnalyzer - INFO - -> Analyzing version 0.0.31 (13/34)...
2025-11-15 01:44:12,895 - BlankSpaceAnalyzer - INFO - -> Analyzing version 0.0.32 (14/34)...
2025-11-15 01:44:12,896 - BlankSpaceAnalyzer - INFO - -> Analyzing version 3.2.0 (15/34)...
2025-11-15 01:44:12,896 - BlankSpaceAnalyzer - INFO - -> Analyzing version 4.0.0 (16/34)...
2025-11-15 01:44:12,897 - BlankSpaceAnalyzer - INFO - -> Analyzing version 4.0.1 (17/34)...
2025-11-15 01:44:12,897 - BlankSpaceAnalyzer - INFO - -> Analyzing version 4.0.2 (18/34)...
2025-11-15 01:44:12,898 - BlankSpaceAnalyzer - INFO - -> Analyzing version 4.0.3 (19/34)...
2025-11-15 01:44:12,898 - BlankSpaceAnalyzer - INFO - -> Analyzing version 4.0.4 (20/34)...
2025-11-15 01:44:12,899 - BlankSpaceAnalyzer - INFO - -> Analyzing version 4.0.5 (21/34)...
2025-11-15 01:44:12,899 - BlankSpaceAnalyzer - INFO - -> Analyzing version 6.0.0 (22/34)...
2025-11-15 01:44:12,900 - BlankSpaceAnalyzer - INFO - -> Analyzing version 6.0.1 (23/34)...
2025-11-15 01:44:12,900 - BlankSpaceAnalyzer - INFO - -> Analyzing version 6.0.2 (24/34)...
2025-11-15 01:44:12,901 - BlankSpaceAnalyzer - INFO - -> Analyzing version 6.1.0 (25/34)...
2025-11-15 01:44:12,901 - BlankSpaceAnalyzer - INFO - -> Analyzing version 6.1.1 (26/34)...
2025-11-15 01:44:12,902 - BlankSpaceAnalyzer - INFO - -> Analyzing version 6.1.2 (27/34)...
2025-11-15 01:44:12,902 - BlankSpaceAnalyzer - INFO - -> Analyzing version 6.1.3 (28/34)...
2025-11-15 01:44:12,903 - BlankSpaceAnalyzer - INFO - -> Analyzing version 6.1.4 (29/34)...
2025-11-15 01:44:12,903 - BlankSpaceAnalyzer - INFO - -> Analyzing version 6.1.5 (30/34)...
2025-11-15 01:44:12,904 - BlankSpaceAnalyzer - INFO - -> Analyzing version 6.1.6 (31/34)...
2025-11-15 01:44:12,904 - BlankSpaceAnalyzer - INFO - -> Analyzing version 6.2.0 (32/34)...
2025-11-15 01:44:12,905 - BlankSpaceAnalyzer - INFO - -> Analyzing version 6.2.1 (33/34)...
2025-11-15 01:44:12,905 - BlankSpaceAnalyzer - INFO - -> Analyzing version 6.2.2 (34/34)...
2025-11-15 01:44:12,906 - BlankSpaceAnalyzer - INFO - Exporting results for '@types/big.js' to CSV...
2025-11-15 01:44:12,906 - BlankSpaceAnalyzer - WARNING - No files analyzed. CSV files will be empty.
2025-11-15 01:44:12,906 - NPM_Analyzer - INFO - Cleaning temporary folder 'temp/@types_big.js'...
2025-11-15 01:44:12,920 - NPM_Analyzer - INFO - Cleanup completed.
2025-11-15 12:17:32,518 - NPM_Analyzer - INFO - Fetching metadata for '@types/big.js'...
2025-11-15 12:17:32,703 - NPM_Analyzer - INFO - Found 34 versions. Starting download into 'temp/@types_big.js'...
2025-11-15 12:18:02,168 - BlankSpaceAnalyzer - INFO - Analyzing 34 versions for '*.js' in '@types_big.js'.
2025-11-15 12:18:02,168 - BlankSpaceAnalyzer - INFO - -> Analyzing version 0.0.15-alpha (1/34)...
2025-11-15 12:18:02,169 - BlankSpaceAnalyzer - INFO - -> Analyzing version 0.0.16-alpha (2/34)...
2025-11-15 12:18:02,170 - BlankSpaceAnalyzer - INFO - -> Analyzing version 0.0.21-alpha (3/34)...
2025-11-15 12:18:02,170 - BlankSpaceAnalyzer - INFO - -> Analyzing version 0.0.22-alpha (4/34)...
2025-11-15 12:18:02,171 - BlankSpaceAnalyzer - INFO - -> Analyzing version 0.0.23-alpha (5/34)...
2025-11-15 12:18:02,171 - BlankSpaceAnalyzer - INFO - -> Analyzing version 0.0.24-alpha (6/34)...
2025-11-15 12:18:02,172 - BlankSpaceAnalyzer - INFO - -> Analyzing version 0.0.25-alpha (7/34)...
2025-11-15 12:18:02,173 - BlankSpaceAnalyzer - INFO - -> Analyzing version 0.0.26-alpha (8/34)...
2025-11-15 12:18:02,173 - BlankSpaceAnalyzer - INFO - -> Analyzing version 0.0.27-alpha (9/34)...
2025-11-15 12:18:02,174 - BlankSpaceAnalyzer - INFO - -> Analyzing version 0.0.28 (10/34)...
2025-11-15 12:18:02,174 - BlankSpaceAnalyzer - INFO - -> Analyzing version 0.0.29 (11/34)...
2025-11-15 12:18:02,175 - BlankSpaceAnalyzer - INFO - -> Analyzing version 0.0.30 (12/34)...
2025-11-15 12:18:02,175 - BlankSpaceAnalyzer - INFO - -> Analyzing version 0.0.31 (13/34)...
2025-11-15 12:18:02,176 - BlankSpaceAnalyzer - INFO - -> Analyzing version 0.0.32 (14/34)...
2025-11-15 12:18:02,176 - BlankSpaceAnalyzer - INFO - -> Analyzing version 3.2.0 (15/34)...
2025-11-15 12:18:02,177 - BlankSpaceAnalyzer - INFO - -> Analyzing version 4.0.0 (16/34)...
2025-11-15 12:18:02,177 - BlankSpaceAnalyzer - INFO - -> Analyzing version 4.0.1 (17/34)...
2025-11-15 12:18:02,178 - BlankSpaceAnalyzer - INFO - -> Analyzing version 4.0.2 (18/34)...
2025-11-15 12:18:02,179 - BlankSpaceAnalyzer - INFO - -> Analyzing version 4.0.3 (19/34)...
2025-11-15 12:18:02,179 - BlankSpaceAnalyzer - INFO - -> Analyzing version 4.0.4 (20/34)...
2025-11-15 12:18:02,180 - BlankSpaceAnalyzer - INFO - -> Analyzing version 4.0.5 (21/34)...
2025-11-15 12:18:02,180 - BlankSpaceAnalyzer - INFO - -> Analyzing version 6.0.0 (22/34)...
2025-11-15 12:18:02,181 - BlankSpaceAnalyzer - INFO - -> Analyzing version 6.0.1 (23/34)...
2025-11-15 12:18:02,181 - BlankSpaceAnalyzer - INFO - -> Analyzing version 6.0.2 (24/34)...
2025-11-15 12:18:02,182 - BlankSpaceAnalyzer - INFO - -> Analyzing version 6.1.0 (25/34)...
2025-11-15 12:18:02,182 - BlankSpaceAnalyzer - INFO - -> Analyzing version 6.1.1 (26/34)...
2025-11-15 12:18:02,183 - BlankSpaceAnalyzer - INFO - -> Analyzing version 6.1.2 (27/34)...
2025-11-15 12:18:02,183 - BlankSpaceAnalyzer - INFO - -> Analyzing version 6.1.3 (28/34)...
2025-11-15 12:18:02,184 - BlankSpaceAnalyzer - INFO - -> Analyzing version 6.1.4 (29/34)...
2025-11-15 12:18:02,184 - BlankSpaceAnalyzer - INFO - -> Analyzing version 6.1.5 (30/34)...
2025-11-15 12:18:02,185 - BlankSpaceAnalyzer - INFO - -> Analyzing version 6.1.6 (31/34)...
2025-11-15 12:18:02,185 - BlankSpaceAnalyzer - INFO - -> Analyzing version 6.2.0 (32/34)...
2025-11-15 12:18:02,186 - BlankSpaceAnalyzer - INFO - -> Analyzing version 6.2.1 (33/34)...
2025-11-15 12:18:02,187 - BlankSpaceAnalyzer - INFO - -> Analyzing version 6.2.2 (34/34)...
2025-11-15 12:18:02,187 - BlankSpaceAnalyzer - INFO - Exporting results for '@types/big.js' to CSV...
2025-11-15 12:18:02,188 - BlankSpaceAnalyzer - WARNING - No files analyzed. CSV files will be empty.
2025-11-15 12:18:02,188 - NPM_Analyzer - INFO - Cleaning temporary folder 'temp/@types_big.js'...
2025-11-15 12:18:02,199 - NPM_Analyzer - INFO - Cleanup completed.
2025-11-15 22:52:06,922 - NPM_Analyzer - INFO - Fetching metadata for '@types/big.js'...
2025-11-15 22:52:07,736 - NPM_Analyzer - INFO - Found 34 versions. Starting download into 'temp/@types_big.js'...
2025-11-15 22:52:37,062 - BlankSpaceAnalyzer - INFO - Analyzing 34 versions for '*.js' in '@types_big.js'.
2025-11-15 22:52:37,063 - BlankSpaceAnalyzer - INFO - -> Analyzing version 0.0.15-alpha (1/34)...
2025-11-15 22:52:37,063 - BlankSpaceAnalyzer - INFO - -> Analyzing version 0.0.16-alpha (2/34)...
2025-11-15 22:52:37,064 - BlankSpaceAnalyzer - INFO - -> Analyzing version 0.0.21-alpha (3/34)...
2025-11-15 22:52:37,065 - BlankSpaceAnalyzer - INFO - -> Analyzing version 0.0.22-alpha (4/34)...
2025-11-15 22:52:37,065 - BlankSpaceAnalyzer - INFO - -> Analyzing version 0.0.23-alpha (5/34)...
2025-11-15 22:52:37,066 - BlankSpaceAnalyzer - INFO - -> Analyzing version 0.0.24-alpha (6/34)...
2025-11-15 22:52:37,066 - BlankSpaceAnalyzer - INFO - -> Analyzing version 0.0.25-alpha (7/34)...
2025-11-15 22:52:37,067 - BlankSpaceAnalyzer - INFO - -> Analyzing version 0.0.26-alpha (8/34)...
2025-11-15 22:52:37,068 - BlankSpaceAnalyzer - INFO - -> Analyzing version 0.0.27-alpha (9/34)...
2025-11-15 22:52:37,068 - BlankSpaceAnalyzer - INFO - -> Analyzing version 0.0.28 (10/34)...
2025-11-15 22:52:37,069 - BlankSpaceAnalyzer - INFO - -> Analyzing version 0.0.29 (11/34)...
2025-11-15 22:52:37,069 - BlankSpaceAnalyzer - INFO - -> Analyzing version 0.0.30 (12/34)...
2025-11-15 22:52:37,070 - BlankSpaceAnalyzer - INFO - -> Analyzing version 0.0.31 (13/34)...
2025-11-15 22:52:37,070 - BlankSpaceAnalyzer - INFO - -> Analyzing version 0.0.32 (14/34)...
2025-11-15 22:52:37,071 - BlankSpaceAnalyzer - INFO - -> Analyzing version 3.2.0 (15/34)...
2025-11-15 22:52:37,071 - BlankSpaceAnalyzer - INFO - -> Analyzing version 4.0.0 (16/34)...
2025-11-15 22:52:37,072 - BlankSpaceAnalyzer - INFO - -> Analyzing version 4.0.1 (17/34)...
2025-11-15 22:52:37,072 - BlankSpaceAnalyzer - INFO - -> Analyzing version 4.0.2 (18/34)...
2025-11-15 22:52:37,073 - BlankSpaceAnalyzer - INFO - -> Analyzing version 4.0.3 (19/34)...
2025-11-15 22:52:37,074 - BlankSpaceAnalyzer - INFO - -> Analyzing version 4.0.4 (20/34)...
2025-11-15 22:52:37,074 - BlankSpaceAnalyzer - INFO - -> Analyzing version 4.0.5 (21/34)...
2025-11-15 22:52:37,075 - BlankSpaceAnalyzer - INFO - -> Analyzing version 6.0.0 (22/34)...
2025-11-15 22:52:37,075 - BlankSpaceAnalyzer - INFO - -> Analyzing version 6.0.1 (23/34)...
2025-11-15 22:52:37,076 - BlankSpaceAnalyzer - INFO - -> Analyzing version 6.0.2 (24/34)...
2025-11-15 22:52:37,076 - BlankSpaceAnalyzer - INFO - -> Analyzing version 6.1.0 (25/34)...
2025-11-15 22:52:37,077 - BlankSpaceAnalyzer - INFO - -> Analyzing version 6.1.1 (26/34)...
2025-11-15 22:52:37,077 - BlankSpaceAnalyzer - INFO - -> Analyzing version 6.1.2 (27/34)...
2025-11-15 22:52:37,078 - BlankSpaceAnalyzer - INFO - -> Analyzing version 6.1.3 (28/34)...
2025-11-15 22:52:37,078 - BlankSpaceAnalyzer - INFO - -> Analyzing version 6.1.4 (29/34)...
2025-11-15 22:52:37,079 - BlankSpaceAnalyzer - INFO - -> Analyzing version 6.1.5 (30/34)...
2025-11-15 22:52:37,079 - BlankSpaceAnalyzer - INFO - -> Analyzing version 6.1.6 (31/34)...
2025-11-15 22:52:37,080 - BlankSpaceAnalyzer - INFO - -> Analyzing version 6.2.0 (32/34)...
2025-11-15 22:52:37,080 - BlankSpaceAnalyzer - INFO - -> Analyzing version 6.2.1 (33/34)...
2025-11-15 22:52:37,081 - BlankSpaceAnalyzer - INFO - -> Analyzing version 6.2.2 (34/34)...
2025-11-15 22:52:37,082 - BlankSpaceAnalyzer - INFO - Exporting results for '@types/big.js' to CSV...
2025-11-15 22:52:37,082 - BlankSpaceAnalyzer - WARNING - No files analyzed. CSV files will be empty.
2025-11-15 22:52:37,082 - NPM_Analyzer - INFO - Cleaning temporary folder 'temp/@types_big.js'...
2025-11-15 22:52:37,093 - NPM_Analyzer - INFO - Cleanup completed.
2025-11-16 09:15:04,200 - NPM_Analyzer - INFO - Fetching metadata for '@types/big.js'...
2025-11-16 09:15:04,568 - NPM_Analyzer - INFO - Found 34 versions. Starting download into 'temp/@types_big.js'...
2025-11-16 09:15:33,637 - BlankSpaceAnalyzer - INFO - Analyzing 34 versions for '*.js' in '@types_big.js'.
2025-11-16 09:15:33,638 - BlankSpaceAnalyzer - INFO - -> Analyzing version 0.0.15-alpha (1/34)...
2025-11-16 09:15:33,638 - BlankSpaceAnalyzer - INFO - -> Analyzing version 0.0.16-alpha (2/34)...
2025-11-16 09:15:33,639 - BlankSpaceAnalyzer - INFO - -> Analyzing version 0.0.21-alpha (3/34)...
2025-11-16 09:15:33,640 - BlankSpaceAnalyzer - INFO - -> Analyzing version 0.0.22-alpha (4/34)...
2025-11-16 09:15:33,640 - BlankSpaceAnalyzer - INFO - -> Analyzing version 0.0.23-alpha (5/34)...
2025-11-16 09:15:33,641 - BlankSpaceAnalyzer - INFO - -> Analyzing version 0.0.24-alpha (6/34)...
2025-11-16 09:15:33,642 - BlankSpaceAnalyzer - INFO - -> Analyzing version 0.0.25-alpha (7/34)...
2025-11-16 09:15:33,642 - BlankSpaceAnalyzer - INFO - -> Analyzing version 0.0.26-alpha (8/34)...
2025-11-16 09:15:33,643 - BlankSpaceAnalyzer - INFO - -> Analyzing version 0.0.27-alpha (9/34)...
2025-11-16 09:15:33,643 - BlankSpaceAnalyzer - INFO - -> Analyzing version 0.0.28 (10/34)...
2025-11-16 09:15:33,644 - BlankSpaceAnalyzer - INFO - -> Analyzing version 0.0.29 (11/34)...
2025-11-16 09:15:33,644 - BlankSpaceAnalyzer - INFO - -> Analyzing version 0.0.30 (12/34)...
2025-11-16 09:15:33,645 - BlankSpaceAnalyzer - INFO - -> Analyzing version 0.0.31 (13/34)...
2025-11-16 09:15:33,645 - BlankSpaceAnalyzer - INFO - -> Analyzing version 0.0.32 (14/34)...
2025-11-16 09:15:33,646 - BlankSpaceAnalyzer - INFO - -> Analyzing version 3.2.0 (15/34)...
2025-11-16 09:15:33,647 - BlankSpaceAnalyzer - INFO - -> Analyzing version 4.0.0 (16/34)...
2025-11-16 09:15:33,647 - BlankSpaceAnalyzer - INFO - -> Analyzing version 4.0.1 (17/34)...
2025-11-16 09:15:33,648 - BlankSpaceAnalyzer - INFO - -> Analyzing version 4.0.2 (18/34)...
2025-11-16 09:15:33,648 - BlankSpaceAnalyzer - INFO - -> Analyzing version 4.0.3 (19/34)...
2025-11-16 09:15:33,649 - BlankSpaceAnalyzer - INFO - -> Analyzing version 4.0.4 (20/34)...
2025-11-16 09:15:33,649 - BlankSpaceAnalyzer - INFO - -> Analyzing version 4.0.5 (21/34)...
2025-11-16 09:15:33,650 - BlankSpaceAnalyzer - INFO - -> Analyzing version 6.0.0 (22/34)...
2025-11-16 09:15:33,650 - BlankSpaceAnalyzer - INFO - -> Analyzing version 6.0.1 (23/34)...
2025-11-16 09:15:33,651 - BlankSpaceAnalyzer - INFO - -> Analyzing version 6.0.2 (24/34)...
2025-11-16 09:15:33,651 - BlankSpaceAnalyzer - INFO - -> Analyzing version 6.1.0 (25/34)...
2025-11-16 09:15:33,652 - BlankSpaceAnalyzer - INFO - -> Analyzing version 6.1.1 (26/34)...
2025-11-16 09:15:33,653 - BlankSpaceAnalyzer - INFO - -> Analyzing version 6.1.2 (27/34)...
2025-11-16 09:15:33,653 - BlankSpaceAnalyzer - INFO - -> Analyzing version 6.1.3 (28/34)...
2025-11-16 09:15:33,654 - BlankSpaceAnalyzer - INFO - -> Analyzing version 6.1.4 (29/34)...
2025-11-16 09:15:33,654 - BlankSpaceAnalyzer - INFO - -> Analyzing version 6.1.5 (30/34)...
2025-11-16 09:15:33,655 - BlankSpaceAnalyzer - INFO - -> Analyzing version 6.1.6 (31/34)...
2025-11-16 09:15:33,655 - BlankSpaceAnalyzer - INFO - -> Analyzing version 6.2.0 (32/34)...
2025-11-16 09:15:33,656 - BlankSpaceAnalyzer - INFO - -> Analyzing version 6.2.1 (33/34)...
2025-11-16 09:15:33,656 - BlankSpaceAnalyzer - INFO - -> Analyzing version 6.2.2 (34/34)...
2025-11-16 09:15:33,656 - BlankSpaceAnalyzer - INFO - Exporting results for '@types/big.js' to CSV...
2025-11-16 09:15:33,656 - BlankSpaceAnalyzer - WARNING - No files analyzed. CSV files will be empty.
2025-11-16 09:15:33,656 - NPM_Analyzer - INFO - Cleaning temporary folder 'temp/@types_big.js'...
2025-11-16 09:15:33,659 - NPM_Analyzer - INFO - Cleanup completed.
2025-11-16 19:45:05,735 - NPM_Analyzer - INFO - Fetching metadata for '@types/big.js'...
2025-11-16 19:45:05,998 - NPM_Analyzer - INFO - Found 34 versions. Starting download into 'temp/@types_big.js'...
2025-11-16 19:45:33,915 - BlankSpaceAnalyzer - INFO - Analyzing 34 versions for '*.js' in '@types_big.js'.
2025-11-16 19:45:33,916 - BlankSpaceAnalyzer - INFO - -> Analyzing version 0.0.15-alpha (1/34)...
2025-11-16 19:45:33,917 - BlankSpaceAnalyzer - INFO - -> Analyzing version 0.0.16-alpha (2/34)...
2025-11-16 19:45:33,917 - BlankSpaceAnalyzer - INFO - -> Analyzing version 0.0.21-alpha (3/34)...
2025-11-16 19:45:33,918 - BlankSpaceAnalyzer - INFO - -> Analyzing version 0.0.22-alpha (4/34)...
2025-11-16 19:45:33,918 - BlankSpaceAnalyzer - INFO - -> Analyzing version 0.0.23-alpha (5/34)...
2025-11-16 19:45:33,919 - BlankSpaceAnalyzer - INFO - -> Analyzing version 0.0.24-alpha (6/34)...
2025-11-16 19:45:33,920 - BlankSpaceAnalyzer - INFO - -> Analyzing version 0.0.25-alpha (7/34)...
2025-11-16 19:45:33,920 - BlankSpaceAnalyzer - INFO - -> Analyzing version 0.0.26-alpha (8/34)...
2025-11-16 19:45:33,921 - BlankSpaceAnalyzer - INFO - -> Analyzing version 0.0.27-alpha (9/34)...
2025-11-16 19:45:33,921 - BlankSpaceAnalyzer - INFO - -> Analyzing version 0.0.28 (10/34)...
2025-11-16 19:45:33,922 - BlankSpaceAnalyzer - INFO - -> Analyzing version 0.0.29 (11/34)...
2025-11-16 19:45:33,922 - BlankSpaceAnalyzer - INFO - -> Analyzing version 0.0.30 (12/34)...
2025-11-16 19:45:33,923 - BlankSpaceAnalyzer - INFO - -> Analyzing version 0.0.31 (13/34)...
2025-11-16 19:45:33,923 - BlankSpaceAnalyzer - INFO - -> Analyzing version 0.0.32 (14/34)...
2025-11-16 19:45:33,924 - BlankSpaceAnalyzer - INFO - -> Analyzing version 3.2.0 (15/34)...
2025-11-16 19:45:33,925 - BlankSpaceAnalyzer - INFO - -> Analyzing version 4.0.0 (16/34)...
2025-11-16 19:45:33,925 - BlankSpaceAnalyzer - INFO - -> Analyzing version 4.0.1 (17/34)...
2025-11-16 19:45:33,926 - BlankSpaceAnalyzer - INFO - -> Analyzing version 4.0.2 (18/34)...
2025-11-16 19:45:33,926 - BlankSpaceAnalyzer - INFO - -> Analyzing version 4.0.3 (19/34)...
2025-11-16 19:45:33,927 - BlankSpaceAnalyzer - INFO - -> Analyzing version 4.0.4 (20/34)...
2025-11-16 19:45:33,927 - BlankSpaceAnalyzer - INFO - -> Analyzing version 4.0.5 (21/34)...
2025-11-16 19:45:33,928 - BlankSpaceAnalyzer - INFO - -> Analyzing version 6.0.0 (22/34)...
2025-11-16 19:45:33,929 - BlankSpaceAnalyzer - INFO - -> Analyzing version 6.0.1 (23/34)...
2025-11-16 19:45:33,929 - BlankSpaceAnalyzer - INFO - -> Analyzing version 6.0.2 (24/34)...
2025-11-16 19:45:33,930 - BlankSpaceAnalyzer - INFO - -> Analyzing version 6.1.0 (25/34)...
2025-11-16 19:45:33,930 - BlankSpaceAnalyzer - INFO - -> Analyzing version 6.1.1 (26/34)...
2025-11-16 19:45:33,931 - BlankSpaceAnalyzer - INFO - -> Analyzing version 6.1.2 (27/34)...
2025-11-16 19:45:33,931 - BlankSpaceAnalyzer - INFO - -> Analyzing version 6.1.3 (28/34)...
2025-11-16 19:45:33,932 - BlankSpaceAnalyzer - INFO - -> Analyzing version 6.1.4 (29/34)...
2025-11-16 19:45:33,932 - BlankSpaceAnalyzer - INFO - -> Analyzing version 6.1.5 (30/34)...
2025-11-16 19:45:33,933 - BlankSpaceAnalyzer - INFO - -> Analyzing version 6.1.6 (31/34)...
2025-11-16 19:45:33,934 - BlankSpaceAnalyzer - INFO - -> Analyzing version 6.2.0 (32/34)...
2025-11-16 19:45:33,934 - BlankSpaceAnalyzer - INFO - -> Analyzing version 6.2.1 (33/34)...
2025-11-16 19:45:33,935 - BlankSpaceAnalyzer - INFO - -> Analyzing version 6.2.2 (34/34)...
2025-11-16 19:45:33,936 - BlankSpaceAnalyzer - INFO - Exporting results for '@types/big.js' to CSV...
2025-11-16 19:45:33,936 - BlankSpaceAnalyzer - WARNING - No files analyzed. CSV files will be empty.
2025-11-16 19:45:33,936 - NPM_Analyzer - INFO - Cleaning temporary folder 'temp/@types_big.js'...
2025-11-16 19:45:33,940 - NPM_Analyzer - INFO - Cleanup completed.
