2025-10-28 14:39:59,172 - NPM_Analyzer - INFO - Fetching metadata for 'language-subtag-registry'...
2025-10-28 14:39:59,247 - NPM_Analyzer - INFO - Found 25 versions. Starting download into 'temp/language-subtag-registry'...
2025-10-28 14:40:13,766 - BlankSpaceAnalyzer - INFO - Analyzing 25 versions for '*.js' in 'language-subtag-registry'.
2025-10-28 14:40:13,766 - BlankSpaceAnalyzer - INFO - -> Analyzing version 0.1.0 (1/25)...
2025-10-28 14:40:13,768 - BlankSpaceAnalyzer - INFO - -> Analyzing version 0.2.0 (2/25)...
2025-10-28 14:40:13,769 - BlankSpaceAnalyzer - INFO - -> Analyzing version 0.3.0 (3/25)...
2025-10-28 14:40:13,770 - BlankSpaceAnalyzer - INFO - -> Analyzing version 0.3.1 (4/25)...
2025-10-28 14:40:13,771 - BlankSpaceAnalyzer - INFO - -> Analyzing version 0.3.10 (5/25)...
2025-10-28 14:40:13,772 - BlankSpaceAnalyzer - INFO - -> Analyzing version 0.3.11 (6/25)...
2025-10-28 14:40:13,773 - BlankSpaceAnalyzer - INFO - -> Analyzing version 0.3.13 (7/25)...
2025-10-28 14:40:13,774 - BlankSpaceAnalyzer - INFO - -> Analyzing version 0.3.14 (8/25)...
2025-10-28 14:40:13,775 - BlankSpaceAnalyzer - INFO - -> Analyzing version 0.3.15 (9/25)...
2025-10-28 14:40:13,776 - BlankSpaceAnalyzer - INFO - -> Analyzing version 0.3.16 (10/25)...
2025-10-28 14:40:13,777 - BlankSpaceAnalyzer - INFO - -> Analyzing version 0.3.17 (11/25)...
2025-10-28 14:40:13,778 - BlankSpaceAnalyzer - INFO - -> Analyzing version 0.3.18 (12/25)...
2025-10-28 14:40:13,779 - BlankSpaceAnalyzer - INFO - -> Analyzing version 0.3.19 (13/25)...
2025-10-28 14:40:13,780 - BlankSpaceAnalyzer - INFO - -> Analyzing version 0.3.2 (14/25)...
2025-10-28 14:40:13,781 - BlankSpaceAnalyzer - INFO - -> Analyzing version 0.3.20 (15/25)...
2025-10-28 14:40:13,782 - BlankSpaceAnalyzer - INFO - -> Analyzing version 0.3.21 (16/25)...
2025-10-28 14:40:13,783 - BlankSpaceAnalyzer - INFO - -> Analyzing version 0.3.22 (17/25)...
2025-10-28 14:40:13,783 - BlankSpaceAnalyzer - INFO - -> Analyzing version 0.3.23 (18/25)...
2025-10-28 14:40:13,784 - BlankSpaceAnalyzer - INFO - -> Analyzing version 0.3.3 (19/25)...
2025-10-28 14:40:13,785 - BlankSpaceAnalyzer - INFO - -> Analyzing version 0.3.4 (20/25)...
2025-10-28 14:40:13,786 - BlankSpaceAnalyzer - INFO - -> Analyzing version 0.3.5 (21/25)...
2025-10-28 14:40:13,787 - BlankSpaceAnalyzer - INFO - -> Analyzing version 0.3.6 (22/25)...
2025-10-28 14:40:13,788 - BlankSpaceAnalyzer - INFO - -> Analyzing version 0.3.7 (23/25)...
2025-10-28 14:40:13,789 - BlankSpaceAnalyzer - INFO - -> Analyzing version 0.3.8 (24/25)...
2025-10-28 14:40:13,790 - BlankSpaceAnalyzer - INFO - -> Analyzing version 0.3.9 (25/25)...
2025-10-28 14:40:13,791 - BlankSpaceAnalyzer - INFO - Exporting results for 'language-subtag-registry' to CSV...
2025-10-28 14:40:13,791 - BlankSpaceAnalyzer - WARNING - No files analyzed. CSV files will be empty.
2025-10-28 14:40:13,792 - NPM_Analyzer - INFO - Cleaning temporary folder 'temp/language-subtag-registry'...
2025-10-28 14:40:13,817 - NPM_Analyzer - INFO - Cleanup completed.
