2025-11-05 03:40:28,345 - NPM_Analyzer - INFO - Fetching metadata for '@opentelemetry/auto-instrumentations-node'...
2025-11-05 03:40:29,079 - NPM_Analyzer - INFO - Found 92 versions. Starting download into 'temp/@opentelemetry_auto-instrumentations-node'...
2025-11-05 03:41:52,947 - BlankSpaceAnalyzer - INFO - Analyzing 92 versions for '*.js' in '@opentelemetry_auto-instrumentations-node'.
2025-11-05 03:41:52,947 - BlankSpaceAnalyzer - INFO - -> Analyzing version 0.15.0 (1/92)...
2025-11-05 03:41:52,998 - BlankSpaceAnalyzer - INFO - -> Analyzing version 0.16.0 (2/92)...
2025-11-05 03:41:53,041 - BlankSpaceAnalyzer - INFO - -> Analyzing version 0.20.0 (3/92)...
2025-11-05 03:41:53,083 - BlankSpaceAnalyzer - INFO - -> Analyzing version 0.21.0 (4/92)...
2025-11-05 03:41:53,126 - BlankSpaceAnalyzer - INFO - -> Analyzing version 0.22.0 (5/92)...
2025-11-05 03:41:53,174 - BlankSpaceAnalyzer - INFO - -> Analyzing version 0.23.0 (6/92)...
2025-11-05 03:41:53,220 - BlankSpaceAnalyzer - INFO - -> Analyzing version 0.24.0 (7/92)...
2025-11-05 03:41:53,271 - BlankSpaceAnalyzer - INFO - -> Analyzing version 0.25.0 (8/92)...
2025-11-05 03:41:53,317 - BlankSpaceAnalyzer - INFO - -> Analyzing version 0.26.0 (9/92)...
2025-11-05 03:41:53,364 - BlankSpaceAnalyzer - INFO - -> Analyzing version 0.26.1 (10/92)...
2025-11-05 03:41:53,414 - BlankSpaceAnalyzer - INFO - -> Analyzing version 0.26.2 (11/92)...
2025-11-05 03:41:53,460 - BlankSpaceAnalyzer - INFO - -> Analyzing version 0.27.0 (12/92)...
2025-11-05 03:41:53,507 - BlankSpaceAnalyzer - INFO - -> Analyzing version 0.27.1 (13/92)...
2025-11-05 03:41:53,555 - BlankSpaceAnalyzer - INFO - -> Analyzing version 0.27.2 (14/92)...
2025-11-05 03:41:53,602 - BlankSpaceAnalyzer - INFO - -> Analyzing version 0.27.3 (15/92)...
2025-11-05 03:41:53,650 - BlankSpaceAnalyzer - INFO - -> Analyzing version 0.27.4 (16/92)...
2025-11-05 03:41:53,697 - BlankSpaceAnalyzer - INFO - -> Analyzing version 0.28.0 (17/92)...
2025-11-05 03:41:53,743 - BlankSpaceAnalyzer - INFO - -> Analyzing version 0.29.0 (18/92)...
2025-11-05 03:41:53,790 - BlankSpaceAnalyzer - INFO - -> Analyzing version 0.30.0 (19/92)...
2025-11-05 03:41:53,837 - BlankSpaceAnalyzer - INFO - -> Analyzing version 0.31.0 (20/92)...
2025-11-05 03:41:53,885 - BlankSpaceAnalyzer - INFO - -> Analyzing version 0.31.1 (21/92)...
2025-11-05 03:41:53,932 - BlankSpaceAnalyzer - INFO - -> Analyzing version 0.31.2 (22/92)...
2025-11-05 03:41:53,979 - BlankSpaceAnalyzer - INFO - -> Analyzing version 0.32.0 (23/92)...
2025-11-05 03:41:54,027 - BlankSpaceAnalyzer - INFO - -> Analyzing version 0.32.1 (24/92)...
2025-11-05 03:41:54,074 - BlankSpaceAnalyzer - INFO - -> Analyzing version 0.33.1 (25/92)...
2025-11-05 03:41:54,124 - BlankSpaceAnalyzer - INFO - -> Analyzing version 0.34.0 (26/92)...
2025-11-05 03:41:54,170 - BlankSpaceAnalyzer - INFO - -> Analyzing version 0.35.0 (27/92)...
2025-11-05 03:41:54,217 - BlankSpaceAnalyzer - INFO - -> Analyzing version 0.36.0 (28/92)...
2025-11-05 03:41:54,265 - BlankSpaceAnalyzer - INFO - -> Analyzing version 0.36.1 (29/92)...
2025-11-05 03:41:54,311 - BlankSpaceAnalyzer - INFO - -> Analyzing version 0.36.2 (30/92)...
2025-11-05 03:41:54,359 - BlankSpaceAnalyzer - INFO - -> Analyzing version 0.36.3 (31/92)...
2025-11-05 03:41:54,406 - BlankSpaceAnalyzer - INFO - -> Analyzing version 0.36.4 (32/92)...
2025-11-05 03:41:54,454 - BlankSpaceAnalyzer - INFO - -> Analyzing version 0.36.5 (33/92)...
2025-11-05 03:41:54,501 - BlankSpaceAnalyzer - INFO - -> Analyzing version 0.36.6 (34/92)...
2025-11-05 03:41:54,548 - BlankSpaceAnalyzer - INFO - -> Analyzing version 0.37.0 (35/92)...
2025-11-05 03:41:54,595 - BlankSpaceAnalyzer - INFO - -> Analyzing version 0.37.1 (36/92)...
2025-11-05 03:41:54,643 - BlankSpaceAnalyzer - INFO - -> Analyzing version 0.38.0 (37/92)...
2025-11-05 03:41:54,690 - BlankSpaceAnalyzer - INFO - -> Analyzing version 0.39.0 (38/92)...
2025-11-05 03:41:54,738 - BlankSpaceAnalyzer - INFO - -> Analyzing version 0.39.1 (39/92)...
2025-11-05 03:41:54,785 - BlankSpaceAnalyzer - INFO - -> Analyzing version 0.39.2 (40/92)...
2025-11-05 03:41:54,832 - BlankSpaceAnalyzer - INFO - -> Analyzing version 0.39.3 (41/92)...
2025-11-05 03:41:54,881 - BlankSpaceAnalyzer - INFO - -> Analyzing version 0.39.4 (42/92)...
2025-11-05 03:41:54,929 - BlankSpaceAnalyzer - INFO - -> Analyzing version 0.40.0 (43/92)...
2025-11-05 03:41:54,977 - BlankSpaceAnalyzer - INFO - -> Analyzing version 0.40.1 (44/92)...
2025-11-05 03:41:55,024 - BlankSpaceAnalyzer - INFO - -> Analyzing version 0.40.2 (45/92)...
2025-11-05 03:41:55,071 - BlankSpaceAnalyzer - INFO - -> Analyzing version 0.40.3 (46/92)...
2025-11-05 03:41:55,118 - BlankSpaceAnalyzer - INFO - -> Analyzing version 0.41.0 (47/92)...
2025-11-05 03:41:55,166 - BlankSpaceAnalyzer - INFO - -> Analyzing version 0.41.1 (48/92)...
2025-11-05 03:41:55,213 - BlankSpaceAnalyzer - INFO - -> Analyzing version 0.42.0 (49/92)...
2025-11-05 03:41:55,261 - BlankSpaceAnalyzer - INFO - -> Analyzing version 0.43.0 (50/92)...
2025-11-05 03:41:55,308 - BlankSpaceAnalyzer - INFO - -> Analyzing version 0.44.0 (51/92)...
2025-11-05 03:41:55,356 - BlankSpaceAnalyzer - INFO - -> Analyzing version 0.45.0 (52/92)...
2025-11-05 03:41:55,403 - BlankSpaceAnalyzer - INFO - -> Analyzing version 0.46.0 (53/92)...
2025-11-05 03:41:55,450 - BlankSpaceAnalyzer - INFO - -> Analyzing version 0.46.1 (54/92)...
2025-11-05 03:41:55,498 - BlankSpaceAnalyzer - INFO - -> Analyzing version 0.47.0 (55/92)...
2025-11-05 03:41:55,545 - BlankSpaceAnalyzer - INFO - -> Analyzing version 0.47.1 (56/92)...
2025-11-05 03:41:55,593 - BlankSpaceAnalyzer - INFO - -> Analyzing version 0.48.0 (57/92)...
2025-11-05 03:41:55,640 - BlankSpaceAnalyzer - INFO - -> Analyzing version 0.49.0 (58/92)...
2025-11-05 03:41:55,687 - BlankSpaceAnalyzer - INFO - -> Analyzing version 0.49.1 (59/92)...
2025-11-05 03:41:55,734 - BlankSpaceAnalyzer - INFO - -> Analyzing version 0.49.2 (60/92)...
2025-11-05 03:41:55,781 - BlankSpaceAnalyzer - INFO - -> Analyzing version 0.50.0 (61/92)...
2025-11-05 03:41:55,829 - BlankSpaceAnalyzer - INFO - -> Analyzing version 0.50.1 (62/92)...
2025-11-05 03:41:55,876 - BlankSpaceAnalyzer - INFO - -> Analyzing version 0.50.2 (63/92)...
2025-11-05 03:41:55,923 - BlankSpaceAnalyzer - INFO - -> Analyzing version 0.51.0 (64/92)...
2025-11-05 03:41:55,971 - BlankSpaceAnalyzer - INFO - -> Analyzing version 0.52.0 (65/92)...
2025-11-05 03:41:56,019 - BlankSpaceAnalyzer - INFO - -> Analyzing version 0.52.1 (66/92)...
2025-11-05 03:41:56,066 - BlankSpaceAnalyzer - INFO - -> Analyzing version 0.53.0 (67/92)...
2025-11-05 03:41:56,113 - BlankSpaceAnalyzer - INFO - -> Analyzing version 0.54.0 (68/92)...
2025-11-05 03:41:56,160 - BlankSpaceAnalyzer - INFO - -> Analyzing version 0.55.0 (69/92)...
2025-11-05 03:41:56,207 - BlankSpaceAnalyzer - INFO - -> Analyzing version 0.55.1 (70/92)...
2025-11-05 03:41:56,254 - BlankSpaceAnalyzer - INFO - -> Analyzing version 0.55.2 (71/92)...
2025-11-05 03:41:56,301 - BlankSpaceAnalyzer - INFO - -> Analyzing version 0.55.3 (72/92)...
2025-11-05 03:41:56,348 - BlankSpaceAnalyzer - INFO - -> Analyzing version 0.56.0 (73/92)...
2025-11-05 03:41:56,394 - BlankSpaceAnalyzer - INFO - -> Analyzing version 0.56.1 (74/92)...
2025-11-05 03:41:56,441 - BlankSpaceAnalyzer - INFO - -> Analyzing version 0.57.0 (75/92)...
2025-11-05 03:41:56,488 - BlankSpaceAnalyzer - INFO - -> Analyzing version 0.57.1 (76/92)...
2025-11-05 03:41:56,536 - BlankSpaceAnalyzer - INFO - -> Analyzing version 0.58.0 (77/92)...
2025-11-05 03:41:56,583 - BlankSpaceAnalyzer - INFO - -> Analyzing version 0.58.1 (78/92)...
2025-11-05 03:41:56,629 - BlankSpaceAnalyzer - INFO - -> Analyzing version 0.59.0 (79/92)...
2025-11-05 03:41:56,679 - BlankSpaceAnalyzer - INFO - -> Analyzing version 0.60.0 (80/92)...
2025-11-05 03:41:56,727 - BlankSpaceAnalyzer - INFO - -> Analyzing version 0.60.1 (81/92)...
2025-11-05 03:41:56,774 - BlankSpaceAnalyzer - INFO - -> Analyzing version 0.61.0 (82/92)...
2025-11-05 03:41:56,821 - BlankSpaceAnalyzer - INFO - -> Analyzing version 0.62.0 (83/92)...
2025-11-05 03:41:56,868 - BlankSpaceAnalyzer - INFO - -> Analyzing version 0.62.1 (84/92)...
2025-11-05 03:41:56,915 - BlankSpaceAnalyzer - INFO - -> Analyzing version 0.62.2 (85/92)...
2025-11-05 03:41:56,962 - BlankSpaceAnalyzer - INFO - -> Analyzing version 0.63.0 (86/92)...
2025-11-05 03:41:57,010 - BlankSpaceAnalyzer - INFO - -> Analyzing version 0.64.0 (87/92)...
2025-11-05 03:41:57,057 - BlankSpaceAnalyzer - INFO - -> Analyzing version 0.64.1 (88/92)...
2025-11-05 03:41:57,103 - BlankSpaceAnalyzer - INFO - -> Analyzing version 0.64.5 (89/92)...
2025-11-05 03:41:57,150 - BlankSpaceAnalyzer - INFO - -> Analyzing version 0.64.6 (90/92)...
2025-11-05 03:41:57,198 - BlankSpaceAnalyzer - INFO - -> Analyzing version 0.65.0 (91/92)...
2025-11-05 03:41:57,245 - BlankSpaceAnalyzer - INFO - -> Analyzing version 0.66.0 (92/92)...
2025-11-05 03:41:57,294 - BlankSpaceAnalyzer - INFO - Exporting results for '@opentelemetry/auto-instrumentations-node' to CSV...
2025-11-05 03:41:57,377 - BlankSpaceAnalyzer - INFO - Reports saved in: /app/npm_results/@opentelemetry_auto-instrumentations-node
2025-11-05 03:41:57,377 - NPM_Analyzer - INFO - Cleaning temporary folder 'temp/@opentelemetry_auto-instrumentations-node'...
2025-11-05 03:41:57,418 - NPM_Analyzer - INFO - Cleanup completed.
