2025-11-11 20:10:38,843 - NPM_HUT_Analyzer - INFO - Recupero metadata per 'webpack-merge'...
2025-11-11 20:10:38,963 - NPM_HUT_Analyzer - INFO - Trovate 91 versioni. Inizio download in 'temp_hut/webpack-merge'...
2025-11-11 20:11:39,634 - UnicodeAnalyzer - INFO - Analizzando 91 versioni per '*.js' in 'webpack-merge'.
2025-11-11 20:11:39,634 - UnicodeAnalyzer - INFO - -> Analizzando versione 0.1.0 (1/91)...
2025-11-11 20:11:39,685 - UnicodeAnalyzer - INFO - -> Analizzando versione 0.1.1 (2/91)...
2025-11-11 20:11:39,729 - UnicodeAnalyzer - INFO - -> Analizzando versione 0.1.2 (3/91)...
2025-11-11 20:11:39,779 - UnicodeAnalyzer - INFO - -> Analizzando versione 0.1.3 (4/91)...
2025-11-11 20:11:39,829 - UnicodeAnalyzer - INFO - -> Analizzando versione 0.10.0 (5/91)...
2025-11-11 20:11:39,880 - UnicodeAnalyzer - INFO - -> Analizzando versione 0.11.0 (6/91)...
2025-11-11 20:11:39,930 - UnicodeAnalyzer - INFO - -> Analizzando versione 0.12.0 (7/91)...
2025-11-11 20:11:39,981 - UnicodeAnalyzer - INFO - -> Analizzando versione 0.13.0 (8/91)...
2025-11-11 20:11:40,032 - UnicodeAnalyzer - INFO - -> Analizzando versione 0.14.0 (9/91)...
2025-11-11 20:11:40,083 - UnicodeAnalyzer - INFO - -> Analizzando versione 0.14.1 (10/91)...
2025-11-11 20:11:40,134 - UnicodeAnalyzer - INFO - -> Analizzando versione 0.15.0 (11/91)...
2025-11-11 20:11:40,184 - UnicodeAnalyzer - INFO - -> Analizzando versione 0.16.0 (12/91)...
2025-11-11 20:11:40,235 - UnicodeAnalyzer - INFO - -> Analizzando versione 0.17.0 (13/91)...
2025-11-11 20:11:40,236 - UnicodeAnalyzer - INFO - Filtrati 4 file (es. in /dist, /test).
2025-11-11 20:11:40,287 - UnicodeAnalyzer - INFO - -> Analizzando versione 0.18.0 (14/91)...
2025-11-11 20:11:40,288 - UnicodeAnalyzer - INFO - Filtrati 8 file (es. in /dist, /test).
2025-11-11 20:11:40,340 - UnicodeAnalyzer - INFO - -> Analizzando versione 0.19.0 (15/91)...
2025-11-11 20:11:40,341 - UnicodeAnalyzer - INFO - Filtrati 8 file (es. in /dist, /test).
2025-11-11 20:11:40,393 - UnicodeAnalyzer - INFO - -> Analizzando versione 0.2.0 (16/91)...
2025-11-11 20:11:40,443 - UnicodeAnalyzer - INFO - -> Analizzando versione 0.20.0 (17/91)...
2025-11-11 20:11:40,443 - UnicodeAnalyzer - INFO - Filtrati 8 file (es. in /dist, /test).
2025-11-11 20:11:40,495 - UnicodeAnalyzer - INFO - -> Analizzando versione 0.3.0 (18/91)...
2025-11-11 20:11:40,545 - UnicodeAnalyzer - INFO - -> Analizzando versione 0.3.1 (19/91)...
2025-11-11 20:11:40,547 - UnicodeAnalyzer - INFO - Filtrati 16 file (es. in /dist, /test).
2025-11-11 20:11:40,597 - UnicodeAnalyzer - INFO - -> Analizzando versione 0.3.2 (20/91)...
2025-11-11 20:11:40,599 - UnicodeAnalyzer - INFO - Filtrati 16 file (es. in /dist, /test).
2025-11-11 20:11:40,649 - UnicodeAnalyzer - INFO - -> Analizzando versione 0.4.0 (21/91)...
2025-11-11 20:11:40,651 - UnicodeAnalyzer - INFO - Filtrati 16 file (es. in /dist, /test).
2025-11-11 20:11:40,702 - UnicodeAnalyzer - INFO - -> Analizzando versione 0.5.0 (22/91)...
2025-11-11 20:11:40,704 - UnicodeAnalyzer - INFO - Filtrati 16 file (es. in /dist, /test).
2025-11-11 20:11:40,755 - UnicodeAnalyzer - INFO - -> Analizzando versione 0.5.1 (23/91)...
2025-11-11 20:11:40,757 - UnicodeAnalyzer - INFO - Filtrati 16 file (es. in /dist, /test).
2025-11-11 20:11:40,807 - UnicodeAnalyzer - INFO - -> Analizzando versione 0.6.0 (24/91)...
2025-11-11 20:11:40,809 - UnicodeAnalyzer - INFO - Filtrati 16 file (es. in /dist, /test).
2025-11-11 20:11:40,859 - UnicodeAnalyzer - INFO - -> Analizzando versione 0.7.0 (25/91)...
2025-11-11 20:11:40,860 - UnicodeAnalyzer - INFO - Filtrati 16 file (es. in /dist, /test).
2025-11-11 20:11:40,911 - UnicodeAnalyzer - INFO - -> Analizzando versione 0.7.1 (26/91)...
2025-11-11 20:11:40,913 - UnicodeAnalyzer - INFO - Filtrati 16 file (es. in /dist, /test).
2025-11-11 20:11:40,965 - UnicodeAnalyzer - INFO - -> Analizzando versione 0.7.2 (27/91)...
2025-11-11 20:11:41,015 - UnicodeAnalyzer - INFO - -> Analizzando versione 0.7.3 (28/91)...
2025-11-11 20:11:41,066 - UnicodeAnalyzer - INFO - -> Analizzando versione 0.8.0 (29/91)...
2025-11-11 20:11:41,066 - UnicodeAnalyzer - INFO - -> Analizzando versione 0.8.1 (30/91)...
2025-11-11 20:11:41,067 - UnicodeAnalyzer - INFO - -> Analizzando versione 0.8.2 (31/91)...
2025-11-11 20:11:41,067 - UnicodeAnalyzer - INFO - -> Analizzando versione 0.8.3 (32/91)...
2025-11-11 20:11:41,117 - UnicodeAnalyzer - INFO - -> Analizzando versione 0.8.4 (33/91)...
2025-11-11 20:11:41,168 - UnicodeAnalyzer - INFO - -> Analizzando versione 0.9.0 (34/91)...
2025-11-11 20:11:41,219 - UnicodeAnalyzer - INFO - -> Analizzando versione 1.0.0 (35/91)...
2025-11-11 20:11:41,269 - UnicodeAnalyzer - INFO - -> Analizzando versione 1.0.0-beta1 (36/91)...
2025-11-11 20:11:41,320 - UnicodeAnalyzer - INFO - -> Analizzando versione 1.0.1 (37/91)...
2025-11-11 20:11:41,370 - UnicodeAnalyzer - INFO - -> Analizzando versione 1.0.2 (38/91)...
2025-11-11 20:11:41,420 - UnicodeAnalyzer - INFO - -> Analizzando versione 1.1.0 (39/91)...
2025-11-11 20:11:41,472 - UnicodeAnalyzer - INFO - -> Analizzando versione 1.1.1 (40/91)...
2025-11-11 20:11:41,522 - UnicodeAnalyzer - INFO - -> Analizzando versione 1.1.2 (41/91)...
2025-11-11 20:11:41,572 - UnicodeAnalyzer - INFO - -> Analizzando versione 2.0.0 (42/91)...
2025-11-11 20:11:41,622 - UnicodeAnalyzer - INFO - -> Analizzando versione 2.1.0 (43/91)...
2025-11-11 20:11:41,673 - UnicodeAnalyzer - INFO - -> Analizzando versione 2.1.1 (44/91)...
2025-11-11 20:11:41,725 - UnicodeAnalyzer - INFO - -> Analizzando versione 2.2.0 (45/91)...
2025-11-11 20:11:41,775 - UnicodeAnalyzer - INFO - -> Analizzando versione 2.3.0 (46/91)...
2025-11-11 20:11:41,826 - UnicodeAnalyzer - INFO - -> Analizzando versione 2.3.1 (47/91)...
2025-11-11 20:11:41,877 - UnicodeAnalyzer - INFO - -> Analizzando versione 2.4.0 (48/91)...
2025-11-11 20:11:41,929 - UnicodeAnalyzer - INFO - -> Analizzando versione 2.5.0 (49/91)...
2025-11-11 20:11:41,981 - UnicodeAnalyzer - INFO - -> Analizzando versione 2.6.0 (50/91)...
2025-11-11 20:11:42,033 - UnicodeAnalyzer - INFO - -> Analizzando versione 2.6.1 (51/91)...
2025-11-11 20:11:42,085 - UnicodeAnalyzer - INFO - -> Analizzando versione 3.0.0 (52/91)...
2025-11-11 20:11:42,137 - UnicodeAnalyzer - INFO - -> Analizzando versione 4.0.0 (53/91)...
2025-11-11 20:11:42,188 - UnicodeAnalyzer - INFO - -> Analizzando versione 4.1.0 (54/91)...
2025-11-11 20:11:42,242 - UnicodeAnalyzer - INFO - -> Analizzando versione 4.1.1 (55/91)...
2025-11-11 20:11:42,292 - UnicodeAnalyzer - INFO - -> Analizzando versione 4.1.2 (56/91)...
2025-11-11 20:11:42,344 - UnicodeAnalyzer - INFO - -> Analizzando versione 4.1.3 (57/91)...
2025-11-11 20:11:42,395 - UnicodeAnalyzer - INFO - -> Analizzando versione 4.1.4 (58/91)...
2025-11-11 20:11:42,446 - UnicodeAnalyzer - INFO - -> Analizzando versione 4.1.5 (59/91)...
2025-11-11 20:11:42,497 - UnicodeAnalyzer - INFO - -> Analizzando versione 4.2.1 (60/91)...
2025-11-11 20:11:42,549 - UnicodeAnalyzer - INFO - -> Analizzando versione 4.2.2 (61/91)...
2025-11-11 20:11:42,600 - UnicodeAnalyzer - INFO - -> Analizzando versione 5.0.0 (62/91)...
2025-11-11 20:11:42,601 - UnicodeAnalyzer - INFO - Filtrati 4 file (es. in /dist, /test).
2025-11-11 20:11:42,601 - UnicodeAnalyzer - INFO - -> Analizzando versione 5.0.0-beta-1 (63/91)...
2025-11-11 20:11:42,601 - UnicodeAnalyzer - INFO - Filtrati 4 file (es. in /dist, /test).
2025-11-11 20:11:42,601 - UnicodeAnalyzer - INFO - -> Analizzando versione 5.0.3 (64/91)...
2025-11-11 20:11:42,601 - UnicodeAnalyzer - INFO - Filtrati 4 file (es. in /dist, /test).
2025-11-11 20:11:42,601 - UnicodeAnalyzer - INFO - -> Analizzando versione 5.0.4 (65/91)...
2025-11-11 20:11:42,602 - UnicodeAnalyzer - INFO - Filtrati 4 file (es. in /dist, /test).
2025-11-11 20:11:42,602 - UnicodeAnalyzer - INFO - -> Analizzando versione 5.0.5 (66/91)...
2025-11-11 20:11:42,602 - UnicodeAnalyzer - INFO - Filtrati 5 file (es. in /dist, /test).
2025-11-11 20:11:42,602 - UnicodeAnalyzer - INFO - -> Analizzando versione 5.0.6 (67/91)...
2025-11-11 20:11:42,602 - UnicodeAnalyzer - INFO - Filtrati 5 file (es. in /dist, /test).
2025-11-11 20:11:42,602 - UnicodeAnalyzer - INFO - -> Analizzando versione 5.0.7 (68/91)...
2025-11-11 20:11:42,603 - UnicodeAnalyzer - INFO - Filtrati 5 file (es. in /dist, /test).
2025-11-11 20:11:42,603 - UnicodeAnalyzer - INFO - -> Analizzando versione 5.0.8 (69/91)...
2025-11-11 20:11:42,603 - UnicodeAnalyzer - INFO - Filtrati 5 file (es. in /dist, /test).
2025-11-11 20:11:42,603 - UnicodeAnalyzer - INFO - -> Analizzando versione 5.0.9 (70/91)...
2025-11-11 20:11:42,603 - UnicodeAnalyzer - INFO - Filtrati 5 file (es. in /dist, /test).
2025-11-11 20:11:42,603 - UnicodeAnalyzer - INFO - -> Analizzando versione 5.1.0 (71/91)...
2025-11-11 20:11:42,604 - UnicodeAnalyzer - INFO - Filtrati 5 file (es. in /dist, /test).
2025-11-11 20:11:42,604 - UnicodeAnalyzer - INFO - -> Analizzando versione 5.1.1 (72/91)...
2025-11-11 20:11:42,604 - UnicodeAnalyzer - INFO - Filtrati 5 file (es. in /dist, /test).
2025-11-11 20:11:42,604 - UnicodeAnalyzer - INFO - -> Analizzando versione 5.1.2 (73/91)...
2025-11-11 20:11:42,604 - UnicodeAnalyzer - INFO - Filtrati 5 file (es. in /dist, /test).
2025-11-11 20:11:42,604 - UnicodeAnalyzer - INFO - -> Analizzando versione 5.1.3 (74/91)...
2025-11-11 20:11:42,605 - UnicodeAnalyzer - INFO - Filtrati 5 file (es. in /dist, /test).
2025-11-11 20:11:42,605 - UnicodeAnalyzer - INFO - -> Analizzando versione 5.1.4 (75/91)...
2025-11-11 20:11:42,605 - UnicodeAnalyzer - INFO - Filtrati 5 file (es. in /dist, /test).
2025-11-11 20:11:42,605 - UnicodeAnalyzer - INFO - -> Analizzando versione 5.10.0 (76/91)...
2025-11-11 20:11:42,605 - UnicodeAnalyzer - INFO - Filtrati 6 file (es. in /dist, /test).
2025-11-11 20:11:42,605 - UnicodeAnalyzer - INFO - -> Analizzando versione 5.2.0 (77/91)...
2025-11-11 20:11:42,606 - UnicodeAnalyzer - INFO - Filtrati 6 file (es. in /dist, /test).
2025-11-11 20:11:42,606 - UnicodeAnalyzer - INFO - -> Analizzando versione 5.3.0 (78/91)...
2025-11-11 20:11:42,606 - UnicodeAnalyzer - INFO - Filtrati 6 file (es. in /dist, /test).
2025-11-11 20:11:42,606 - UnicodeAnalyzer - INFO - -> Analizzando versione 5.4.0 (79/91)...
2025-11-11 20:11:42,606 - UnicodeAnalyzer - INFO - Filtrati 6 file (es. in /dist, /test).
2025-11-11 20:11:42,607 - UnicodeAnalyzer - INFO - -> Analizzando versione 5.4.1 (80/91)...
2025-11-11 20:11:42,607 - UnicodeAnalyzer - INFO - Filtrati 6 file (es. in /dist, /test).
2025-11-11 20:11:42,607 - UnicodeAnalyzer - INFO - -> Analizzando versione 5.5.0 (81/91)...
2025-11-11 20:11:42,607 - UnicodeAnalyzer - INFO - Filtrati 6 file (es. in /dist, /test).
2025-11-11 20:11:42,607 - UnicodeAnalyzer - INFO - -> Analizzando versione 5.6.0 (82/91)...
2025-11-11 20:11:42,608 - UnicodeAnalyzer - INFO - Filtrati 6 file (es. in /dist, /test).
2025-11-11 20:11:42,608 - UnicodeAnalyzer - INFO - -> Analizzando versione 5.6.1 (83/91)...
2025-11-11 20:11:42,608 - UnicodeAnalyzer - INFO - Filtrati 6 file (es. in /dist, /test).
2025-11-11 20:11:42,608 - UnicodeAnalyzer - INFO - -> Analizzando versione 5.7.0 (84/91)...
2025-11-11 20:11:42,608 - UnicodeAnalyzer - INFO - Filtrati 6 file (es. in /dist, /test).
2025-11-11 20:11:42,608 - UnicodeAnalyzer - INFO - -> Analizzando versione 5.7.1 (85/91)...
2025-11-11 20:11:42,609 - UnicodeAnalyzer - INFO - Filtrati 6 file (es. in /dist, /test).
2025-11-11 20:11:42,609 - UnicodeAnalyzer - INFO - -> Analizzando versione 5.7.2 (86/91)...
2025-11-11 20:11:42,609 - UnicodeAnalyzer - INFO - Filtrati 6 file (es. in /dist, /test).
2025-11-11 20:11:42,609 - UnicodeAnalyzer - INFO - -> Analizzando versione 5.7.3 (87/91)...
2025-11-11 20:11:42,609 - UnicodeAnalyzer - INFO - Filtrati 6 file (es. in /dist, /test).
2025-11-11 20:11:42,609 - UnicodeAnalyzer - INFO - -> Analizzando versione 5.8.0 (88/91)...
2025-11-11 20:11:42,610 - UnicodeAnalyzer - INFO - Filtrati 6 file (es. in /dist, /test).
2025-11-11 20:11:42,610 - UnicodeAnalyzer - INFO - -> Analizzando versione 5.9.0 (89/91)...
2025-11-11 20:11:42,610 - UnicodeAnalyzer - INFO - Filtrati 6 file (es. in /dist, /test).
2025-11-11 20:11:42,610 - UnicodeAnalyzer - INFO - -> Analizzando versione 6.0.0 (90/91)...
2025-11-11 20:11:42,610 - UnicodeAnalyzer - INFO - Filtrati 6 file (es. in /dist, /test).
2025-11-11 20:11:42,610 - UnicodeAnalyzer - INFO - -> Analizzando versione 6.0.1 (91/91)...
2025-11-11 20:11:42,611 - UnicodeAnalyzer - INFO - Filtrati 6 file (es. in /dist, /test).
2025-11-11 20:11:42,611 - UnicodeAnalyzer - INFO - Esportando i risultati HUT per 'webpack-merge' in CSV...
2025-11-11 20:11:42,737 - UnicodeAnalyzer - INFO - Report salvati in: /app/npm_hut_results/webpack-merge
2025-11-11 20:11:42,737 - NPM_HUT_Analyzer - INFO - Pulizia cartella temporanea 'temp_hut/webpack-merge'...
2025-11-11 20:11:42,768 - NPM_HUT_Analyzer - INFO - Pulizia completata.
