2025-10-24 18:51:08,844 - NPM_Analyzer - INFO - Fetching metadata for 'vuex'...
2025-10-24 18:51:08,945 - NPM_Analyzer - INFO - Found 62 versions. Starting download into 'temp/vuex'...
2025-10-24 18:51:44,852 - BlankSpaceAnalyzer - INFO - Analyzing 62 versions for '*.js' in 'vuex'.
2025-10-24 18:51:44,853 - BlankSpaceAnalyzer - INFO - -> Analyzing version 0.1.0 (1/62)...
2025-10-24 18:51:44,946 - BlankSpaceAnalyzer - INFO - -> Analyzing version 0.2.0 (2/62)...
2025-10-24 18:51:45,020 - BlankSpaceAnalyzer - INFO - -> Analyzing version 0.3.0 (3/62)...
2025-10-24 18:51:45,098 - BlankSpaceAnalyzer - INFO - -> Analyzing version 0.4.0 (4/62)...
2025-10-24 18:51:45,178 - BlankSpaceAnalyzer - INFO - -> Analyzing version 0.4.1 (5/62)...
2025-10-24 18:51:45,253 - BlankSpaceAnalyzer - INFO - -> Analyzing version 0.4.2 (6/62)...
2025-10-24 18:51:45,326 - BlankSpaceAnalyzer - INFO - -> Analyzing version 0.5.0 (7/62)...
2025-10-24 18:51:45,404 - BlankSpaceAnalyzer - INFO - -> Analyzing version 0.5.1 (8/62)...
2025-10-24 18:51:45,482 - BlankSpaceAnalyzer - INFO - -> Analyzing version 0.6.1 (9/62)...
2025-10-24 18:51:45,560 - BlankSpaceAnalyzer - INFO - -> Analyzing version 0.6.2 (10/62)...
2025-10-24 18:51:45,637 - BlankSpaceAnalyzer - INFO - -> Analyzing version 0.6.3 (11/62)...
2025-10-24 18:51:45,709 - BlankSpaceAnalyzer - INFO - -> Analyzing version 0.7.0 (12/62)...
2025-10-24 18:51:45,782 - BlankSpaceAnalyzer - INFO - -> Analyzing version 0.7.1 (13/62)...
2025-10-24 18:51:45,858 - BlankSpaceAnalyzer - INFO - -> Analyzing version 0.8.0 (14/62)...
2025-10-24 18:51:45,935 - BlankSpaceAnalyzer - INFO - -> Analyzing version 0.8.1 (15/62)...
2025-10-24 18:51:46,007 - BlankSpaceAnalyzer - INFO - -> Analyzing version 0.8.2 (16/62)...
2025-10-24 18:51:46,085 - BlankSpaceAnalyzer - INFO - -> Analyzing version 1.0.0 (17/62)...
2025-10-24 18:51:46,160 - BlankSpaceAnalyzer - INFO - -> Analyzing version 1.0.0-rc (18/62)...
2025-10-24 18:51:46,233 - BlankSpaceAnalyzer - INFO - -> Analyzing version 1.0.0-rc.2 (19/62)...
2025-10-24 18:51:46,312 - BlankSpaceAnalyzer - INFO - -> Analyzing version 1.0.1 (20/62)...
2025-10-24 18:51:46,390 - BlankSpaceAnalyzer - INFO - -> Analyzing version 2.0.0 (21/62)...
2025-10-24 18:51:46,469 - BlankSpaceAnalyzer - INFO - -> Analyzing version 2.0.0-rc.1 (22/62)...
2025-10-24 18:51:46,547 - BlankSpaceAnalyzer - INFO - -> Analyzing version 2.0.0-rc.3 (23/62)...
2025-10-24 18:51:46,625 - BlankSpaceAnalyzer - INFO - -> Analyzing version 2.0.0-rc.4 (24/62)...
2025-10-24 18:51:46,698 - BlankSpaceAnalyzer - INFO - -> Analyzing version 2.0.0-rc.5 (25/62)...
2025-10-24 18:51:46,775 - BlankSpaceAnalyzer - INFO - -> Analyzing version 2.0.0-rc.6 (26/62)...
2025-10-24 18:51:46,853 - BlankSpaceAnalyzer - INFO - -> Analyzing version 2.1.0 (27/62)...
2025-10-24 18:51:46,931 - BlankSpaceAnalyzer - INFO - -> Analyzing version 2.1.1 (28/62)...
2025-10-24 18:51:47,005 - BlankSpaceAnalyzer - INFO - -> Analyzing version 2.1.2 (29/62)...
2025-10-24 18:51:47,084 - BlankSpaceAnalyzer - INFO - -> Analyzing version 2.1.3 (30/62)...
2025-10-24 18:51:47,163 - BlankSpaceAnalyzer - INFO - -> Analyzing version 2.2.0 (31/62)...
2025-10-24 18:51:47,241 - BlankSpaceAnalyzer - INFO - -> Analyzing version 2.2.1 (32/62)...
2025-10-24 18:51:47,321 - BlankSpaceAnalyzer - INFO - -> Analyzing version 2.3.0 (33/62)...
2025-10-24 18:51:47,400 - BlankSpaceAnalyzer - INFO - -> Analyzing version 2.3.1 (34/62)...
2025-10-24 18:51:47,479 - BlankSpaceAnalyzer - INFO - -> Analyzing version 2.4.0 (35/62)...
2025-10-24 18:51:47,553 - BlankSpaceAnalyzer - INFO - -> Analyzing version 2.4.1 (36/62)...
2025-10-24 18:51:47,625 - BlankSpaceAnalyzer - INFO - -> Analyzing version 2.5.0 (37/62)...
2025-10-24 18:51:47,704 - BlankSpaceAnalyzer - INFO - -> Analyzing version 3.0.0 (38/62)...
2025-10-24 18:51:47,782 - BlankSpaceAnalyzer - INFO - -> Analyzing version 3.0.1 (39/62)...
2025-10-24 18:51:47,861 - BlankSpaceAnalyzer - INFO - -> Analyzing version 3.1.0 (40/62)...
2025-10-24 18:51:47,937 - BlankSpaceAnalyzer - INFO - -> Analyzing version 3.1.1 (41/62)...
2025-10-24 18:51:48,010 - BlankSpaceAnalyzer - INFO - -> Analyzing version 3.1.2 (42/62)...
2025-10-24 18:51:48,088 - BlankSpaceAnalyzer - INFO - -> Analyzing version 3.1.3 (43/62)...
2025-10-24 18:51:48,167 - BlankSpaceAnalyzer - INFO - -> Analyzing version 3.2.0 (44/62)...
2025-10-24 18:51:48,245 - BlankSpaceAnalyzer - INFO - -> Analyzing version 3.3.0 (45/62)...
2025-10-24 18:51:48,323 - BlankSpaceAnalyzer - INFO - -> Analyzing version 3.4.0 (46/62)...
2025-10-24 18:51:48,401 - BlankSpaceAnalyzer - INFO - -> Analyzing version 3.5.0 (47/62)...
2025-10-24 18:51:48,482 - BlankSpaceAnalyzer - INFO - -> Analyzing version 3.5.1 (48/62)...
2025-10-24 18:51:48,565 - BlankSpaceAnalyzer - INFO - -> Analyzing version 3.6.0 (49/62)...
2025-10-24 18:51:48,638 - BlankSpaceAnalyzer - INFO - -> Analyzing version 3.6.1 (50/62)...
2025-10-24 18:51:48,718 - BlankSpaceAnalyzer - INFO - -> Analyzing version 3.6.2 (51/62)...
2025-10-24 18:51:48,797 - BlankSpaceAnalyzer - INFO - -> Analyzing version 4.0.0 (52/62)...
2025-10-24 18:51:48,875 - BlankSpaceAnalyzer - INFO - -> Analyzing version 4.0.0-alpha.1 (53/62)...
2025-10-24 18:51:48,955 - BlankSpaceAnalyzer - INFO - -> Analyzing version 4.0.0-beta.1 (54/62)...
2025-10-24 18:51:49,033 - BlankSpaceAnalyzer - INFO - -> Analyzing version 4.0.0-beta.2 (55/62)...
2025-10-24 18:51:49,106 - BlankSpaceAnalyzer - INFO - -> Analyzing version 4.0.0-beta.3 (56/62)...
2025-10-24 18:51:49,185 - BlankSpaceAnalyzer - INFO - -> Analyzing version 4.0.0-beta.4 (57/62)...
2025-10-24 18:51:49,260 - BlankSpaceAnalyzer - INFO - -> Analyzing version 4.0.0-rc.1 (58/62)...
2025-10-24 18:51:49,333 - BlankSpaceAnalyzer - INFO - -> Analyzing version 4.0.0-rc.2 (59/62)...
2025-10-24 18:51:49,412 - BlankSpaceAnalyzer - INFO - -> Analyzing version 4.0.1 (60/62)...
2025-10-24 18:51:49,492 - BlankSpaceAnalyzer - INFO - -> Analyzing version 4.0.2 (61/62)...
2025-10-24 18:51:49,572 - BlankSpaceAnalyzer - INFO - -> Analyzing version 4.1.0 (62/62)...
2025-10-24 18:51:49,651 - BlankSpaceAnalyzer - INFO - Exporting results for 'vuex' to CSV...
2025-10-24 18:51:49,712 - BlankSpaceAnalyzer - INFO - Reports saved in: /app/npm_results/vuex
2025-10-24 18:51:49,712 - NPM_Analyzer - INFO - Cleaning temporary folder 'temp/vuex'...
2025-10-24 18:51:49,736 - NPM_Analyzer - INFO - Cleanup completed.
