2025-10-28 10:20:07,625 - NPM_Analyzer - INFO - Fetching metadata for 'array-back'...
2025-10-28 10:20:07,743 - NPM_Analyzer - INFO - Found 21 versions. Starting download into 'temp/array-back'...
2025-10-28 10:20:19,425 - BlankSpaceAnalyzer - INFO - Analyzing 21 versions for '*.js' in 'array-back'.
2025-10-28 10:20:19,425 - BlankSpaceAnalyzer - INFO - -> Analyzing version 1.0.0 (1/21)...
2025-10-28 10:20:19,524 - BlankSpaceAnalyzer - INFO - -> Analyzing version 1.0.1 (2/21)...
2025-10-28 10:20:19,590 - BlankSpaceAnalyzer - INFO - -> Analyzing version 1.0.2 (3/21)...
2025-10-28 10:20:19,656 - BlankSpaceAnalyzer - INFO - -> Analyzing version 1.0.3 (4/21)...
2025-10-28 10:20:19,723 - BlankSpaceAnalyzer - INFO - -> Analyzing version 1.0.4 (5/21)...
2025-10-28 10:20:19,790 - BlankSpaceAnalyzer - INFO - -> Analyzing version 2.0.0 (6/21)...
2025-10-28 10:20:19,858 - BlankSpaceAnalyzer - INFO - -> Analyzing version 3.0.0 (7/21)...
2025-10-28 10:20:19,926 - BlankSpaceAnalyzer - INFO - -> Analyzing version 3.0.1 (8/21)...
2025-10-28 10:20:19,926 - BlankSpaceAnalyzer - INFO - -> Analyzing version 3.1.0 (9/21)...
2025-10-28 10:20:19,927 - BlankSpaceAnalyzer - INFO - -> Analyzing version 4.0.0 (10/21)...
2025-10-28 10:20:19,927 - BlankSpaceAnalyzer - INFO - -> Analyzing version 4.0.1 (11/21)...
2025-10-28 10:20:19,927 - BlankSpaceAnalyzer - INFO - -> Analyzing version 4.0.2 (12/21)...
2025-10-28 10:20:19,928 - BlankSpaceAnalyzer - INFO - -> Analyzing version 5.0.0 (13/21)...
2025-10-28 10:20:19,928 - BlankSpaceAnalyzer - INFO - -> Analyzing version 6.0.0 (14/21)...
2025-10-28 10:20:19,928 - BlankSpaceAnalyzer - INFO - -> Analyzing version 6.0.1 (15/21)...
2025-10-28 10:20:19,928 - BlankSpaceAnalyzer - INFO - -> Analyzing version 6.1.0 (16/21)...
2025-10-28 10:20:19,928 - BlankSpaceAnalyzer - INFO - -> Analyzing version 6.1.1 (17/21)...
2025-10-28 10:20:19,929 - BlankSpaceAnalyzer - INFO - -> Analyzing version 6.1.2 (18/21)...
2025-10-28 10:20:19,929 - BlankSpaceAnalyzer - INFO - -> Analyzing version 6.2.0 (19/21)...
2025-10-28 10:20:19,929 - BlankSpaceAnalyzer - INFO - -> Analyzing version 6.2.1 (20/21)...
2025-10-28 10:20:19,929 - BlankSpaceAnalyzer - INFO - -> Analyzing version 6.2.2 (21/21)...
2025-10-28 10:20:19,930 - BlankSpaceAnalyzer - INFO - Exporting results for 'array-back' to CSV...
2025-10-28 10:20:19,947 - BlankSpaceAnalyzer - INFO - Reports saved in: /app/npm_results/array-back
2025-10-28 10:20:19,948 - NPM_Analyzer - INFO - Cleaning temporary folder 'temp/array-back'...
2025-10-28 10:20:19,951 - NPM_Analyzer - INFO - Cleanup completed.
