2025-11-17 21:40:38,019 - NPM_HUT_Analyzer - INFO - Recupero metadata per 'lodash.flatten'...
2025-11-17 21:40:38,142 - NPM_HUT_Analyzer - INFO - Trovate 16 versioni. Inizio download in 'temp_hut/lodash.flatten'...
2025-11-17 21:40:49,594 - UnicodeAnalyzer - INFO - Analizzando 16 versioni per '*.js' in 'lodash.flatten'.
2025-11-17 21:40:49,594 - UnicodeAnalyzer - INFO - -> Analizzando versione 2.0.0 (1/16)...
2025-11-17 21:40:49,596 - UnicodeAnalyzer - INFO - -> Analizzando versione 2.1.0 (2/16)...
2025-11-17 21:40:49,597 - UnicodeAnalyzer - INFO - -> Analizzando versione 2.2.0 (3/16)...
2025-11-17 21:40:49,599 - UnicodeAnalyzer - INFO - -> Analizzando versione 2.2.1 (4/16)...
2025-11-17 21:40:49,601 - UnicodeAnalyzer - INFO - -> Analizzando versione 2.3.0 (5/16)...
2025-11-17 21:40:49,602 - UnicodeAnalyzer - INFO - -> Analizzando versione 2.4.0 (6/16)...
2025-11-17 21:40:49,604 - UnicodeAnalyzer - INFO - -> Analizzando versione 2.4.1 (7/16)...
2025-11-17 21:40:49,606 - UnicodeAnalyzer - INFO - -> Analizzando versione 3.0.0 (8/16)...
2025-11-17 21:40:49,607 - UnicodeAnalyzer - INFO - -> Analizzando versione 3.0.1 (9/16)...
2025-11-17 21:40:49,608 - UnicodeAnalyzer - INFO - -> Analizzando versione 3.0.2 (10/16)...
2025-11-17 21:40:49,609 - UnicodeAnalyzer - INFO - -> Analizzando versione 4.0.0 (11/16)...
2025-11-17 21:40:49,611 - UnicodeAnalyzer - INFO - -> Analizzando versione 4.1.0 (12/16)...
2025-11-17 21:40:49,612 - UnicodeAnalyzer - INFO - -> Analizzando versione 4.1.1 (13/16)...
2025-11-17 21:40:49,613 - UnicodeAnalyzer - INFO - -> Analizzando versione 4.2.0 (14/16)...
2025-11-17 21:40:49,614 - UnicodeAnalyzer - INFO - -> Analizzando versione 4.3.0 (15/16)...
2025-11-17 21:40:49,618 - UnicodeAnalyzer - INFO - -> Analizzando versione 4.4.0 (16/16)...
2025-11-17 21:40:49,621 - UnicodeAnalyzer - INFO - Esportando i risultati HUT per 'lodash.flatten' in CSV...
2025-11-17 21:40:49,651 - UnicodeAnalyzer - INFO - Report salvati in: /app/npm_hut_results/lodash.flatten
2025-11-17 21:40:49,651 - NPM_HUT_Analyzer - INFO - Pulizia cartella temporanea 'temp_hut/lodash.flatten'...
2025-11-17 21:40:49,653 - NPM_HUT_Analyzer - INFO - Pulizia completata.
