2025-11-13 19:58:07,334 - NPM_HUT_Analyzer - INFO - Recupero metadata per 'minipass-fetch'...
2025-11-13 19:58:07,448 - NPM_HUT_Analyzer - INFO - Trovate 31 versioni. Inizio download in 'temp_hut/minipass-fetch'...
2025-11-13 19:58:20,972 - UnicodeAnalyzer - INFO - Analizzando 31 versioni per '*.js' in 'minipass-fetch'.
2025-11-13 19:58:20,972 - UnicodeAnalyzer - INFO - -> Analizzando versione 0.0.1 (1/31)...
2025-11-13 19:58:21,069 - UnicodeAnalyzer - INFO - -> Analizzando versione 1.0.0 (2/31)...
2025-11-13 19:58:21,144 - UnicodeAnalyzer - INFO - -> Analizzando versione 1.0.1 (3/31)...
2025-11-13 19:58:21,221 - UnicodeAnalyzer - INFO - -> Analizzando versione 1.1.0 (4/31)...
2025-11-13 19:58:21,298 - UnicodeAnalyzer - INFO - -> Analizzando versione 1.1.1 (5/31)...
2025-11-13 19:58:21,374 - UnicodeAnalyzer - INFO - -> Analizzando versione 1.1.2 (6/31)...
2025-11-13 19:58:21,451 - UnicodeAnalyzer - INFO - -> Analizzando versione 1.2.0 (7/31)...
2025-11-13 19:58:21,530 - UnicodeAnalyzer - INFO - -> Analizzando versione 1.2.1 (8/31)...
2025-11-13 19:58:21,612 - UnicodeAnalyzer - INFO - -> Analizzando versione 1.3.0 (9/31)...
2025-11-13 19:58:21,690 - UnicodeAnalyzer - INFO - -> Analizzando versione 1.3.1 (10/31)...
2025-11-13 19:58:21,768 - UnicodeAnalyzer - INFO - -> Analizzando versione 1.3.2 (11/31)...
2025-11-13 19:58:21,845 - UnicodeAnalyzer - INFO - -> Analizzando versione 1.3.3 (12/31)...
2025-11-13 19:58:21,921 - UnicodeAnalyzer - INFO - -> Analizzando versione 1.3.4 (13/31)...
2025-11-13 19:58:21,998 - UnicodeAnalyzer - INFO - -> Analizzando versione 1.4.0 (14/31)...
2025-11-13 19:58:22,076 - UnicodeAnalyzer - INFO - -> Analizzando versione 1.4.1 (15/31)...
2025-11-13 19:58:22,153 - UnicodeAnalyzer - INFO - -> Analizzando versione 2.0.0 (16/31)...
2025-11-13 19:58:22,230 - UnicodeAnalyzer - INFO - -> Analizzando versione 2.0.1 (17/31)...
2025-11-13 19:58:22,308 - UnicodeAnalyzer - INFO - -> Analizzando versione 2.0.2 (18/31)...
2025-11-13 19:58:22,386 - UnicodeAnalyzer - INFO - -> Analizzando versione 2.0.3 (19/31)...
2025-11-13 19:58:22,464 - UnicodeAnalyzer - INFO - -> Analizzando versione 2.1.0 (20/31)...
2025-11-13 19:58:22,541 - UnicodeAnalyzer - INFO - -> Analizzando versione 2.1.1 (21/31)...
2025-11-13 19:58:22,621 - UnicodeAnalyzer - INFO - -> Analizzando versione 2.1.2 (22/31)...
2025-11-13 19:58:22,697 - UnicodeAnalyzer - INFO - -> Analizzando versione 3.0.0 (23/31)...
2025-11-13 19:58:22,775 - UnicodeAnalyzer - INFO - -> Analizzando versione 3.0.1 (24/31)...
2025-11-13 19:58:22,851 - UnicodeAnalyzer - INFO - -> Analizzando versione 3.0.2 (25/31)...
2025-11-13 19:58:22,927 - UnicodeAnalyzer - INFO - -> Analizzando versione 3.0.3 (26/31)...
2025-11-13 19:58:23,005 - UnicodeAnalyzer - INFO - -> Analizzando versione 3.0.4 (27/31)...
2025-11-13 19:58:23,083 - UnicodeAnalyzer - INFO - -> Analizzando versione 3.0.5 (28/31)...
2025-11-13 19:58:23,160 - UnicodeAnalyzer - INFO - -> Analizzando versione 4.0.0 (29/31)...
2025-11-13 19:58:23,239 - UnicodeAnalyzer - INFO - -> Analizzando versione 4.0.1 (30/31)...
2025-11-13 19:58:23,316 - UnicodeAnalyzer - INFO - -> Analizzando versione 5.0.0 (31/31)...
2025-11-13 19:58:23,396 - UnicodeAnalyzer - INFO - Esportando i risultati HUT per 'minipass-fetch' in CSV...
2025-11-13 19:58:23,442 - UnicodeAnalyzer - INFO - Report salvati in: /app/npm_hut_results/minipass-fetch
2025-11-13 19:58:23,442 - NPM_HUT_Analyzer - INFO - Pulizia cartella temporanea 'temp_hut/minipass-fetch'...
2025-11-13 19:58:23,449 - NPM_HUT_Analyzer - INFO - Pulizia completata.
