2025-11-17 21:40:51,654 - NPM_HUT_Analyzer - INFO - Recupero metadata per 'help-me'...
2025-11-17 21:40:51,795 - NPM_HUT_Analyzer - INFO - Trovate 13 versioni. Inizio download in 'temp_hut/help-me'...
2025-11-17 21:40:57,791 - UnicodeAnalyzer - INFO - Analizzando 13 versioni per '*.js' in 'help-me'.
2025-11-17 21:40:57,791 - UnicodeAnalyzer - INFO - -> Analizzando versione 0.1.0 (1/13)...
2025-11-17 21:40:57,874 - UnicodeAnalyzer - INFO - -> Analizzando versione 0.2.0 (2/13)...
2025-11-17 21:40:57,925 - UnicodeAnalyzer - INFO - -> Analizzando versione 1.0.0 (3/13)...
2025-11-17 21:40:57,980 - UnicodeAnalyzer - INFO - -> Analizzando versione 1.0.1 (4/13)...
2025-11-17 21:40:58,037 - UnicodeAnalyzer - INFO - -> Analizzando versione 1.1.0 (5/13)...
2025-11-17 21:40:58,094 - UnicodeAnalyzer - INFO - -> Analizzando versione 2.0.0 (6/13)...
2025-11-17 21:40:58,151 - UnicodeAnalyzer - INFO - -> Analizzando versione 2.0.1 (7/13)...
2025-11-17 21:40:58,208 - UnicodeAnalyzer - INFO - -> Analizzando versione 3.0.0 (8/13)...
2025-11-17 21:40:58,265 - UnicodeAnalyzer - INFO - -> Analizzando versione 4.0.0 (9/13)...
2025-11-17 21:40:58,323 - UnicodeAnalyzer - INFO - -> Analizzando versione 4.0.1 (10/13)...
2025-11-17 21:40:58,380 - UnicodeAnalyzer - INFO - -> Analizzando versione 4.1.0 (11/13)...
2025-11-17 21:40:58,437 - UnicodeAnalyzer - INFO - -> Analizzando versione 4.2.0 (12/13)...
2025-11-17 21:40:58,494 - UnicodeAnalyzer - INFO - -> Analizzando versione 5.0.0 (13/13)...
2025-11-17 21:40:58,551 - UnicodeAnalyzer - INFO - Esportando i risultati HUT per 'help-me' in CSV...
2025-11-17 21:40:58,571 - UnicodeAnalyzer - INFO - Report salvati in: /app/npm_hut_results/help-me
2025-11-17 21:40:58,571 - NPM_HUT_Analyzer - INFO - Pulizia cartella temporanea 'temp_hut/help-me'...
2025-11-17 21:40:58,579 - NPM_HUT_Analyzer - INFO - Pulizia completata.
