2025-11-17 00:59:02,479 - NPM_HUT_Analyzer - INFO - Recupero metadata per '@radix-ui/react-toast'...
2025-11-17 00:59:02,719 - NPM_HUT_Analyzer - INFO - Trovate 255 versioni. Inizio download in 'temp_hut/@radix-ui_react-toast'...
2025-11-17 01:06:02,529 - UnicodeAnalyzer - INFO - Analizzando 255 versioni per '*.js' in '@radix-ui_react-toast'.
2025-11-17 01:06:02,530 - UnicodeAnalyzer - INFO - -> Analizzando versione 0.0.0-20250116175529 (1/255)...
2025-11-17 01:06:02,531 - UnicodeAnalyzer - INFO - Filtrati 1 file (es. in /dist, /test).
2025-11-17 01:06:02,531 - UnicodeAnalyzer - INFO - -> Analizzando versione 0.0.0-20250116183145 (2/255)...
2025-11-17 01:06:02,532 - UnicodeAnalyzer - INFO - Filtrati 1 file (es. in /dist, /test).
2025-11-17 01:06:02,533 - UnicodeAnalyzer - INFO - -> Analizzando versione 0.0.0-20250116193558 (3/255)...
2025-11-17 01:06:02,534 - UnicodeAnalyzer - INFO - Filtrati 1 file (es. in /dist, /test).
2025-11-17 01:06:02,534 - UnicodeAnalyzer - INFO - -> Analizzando versione 0.0.0-20250116194335 (4/255)...
2025-11-17 01:06:02,535 - UnicodeAnalyzer - INFO - Filtrati 1 file (es. in /dist, /test).
2025-11-17 01:06:02,535 - UnicodeAnalyzer - INFO - -> Analizzando versione 0.0.1-rc.1 (5/255)...
2025-11-17 01:06:02,536 - UnicodeAnalyzer - INFO - -> Analizzando versione 0.0.1-rc.2 (6/255)...
2025-11-17 01:06:02,537 - UnicodeAnalyzer - INFO - Filtrati 2 file (es. in /dist, /test).
2025-11-17 01:06:02,537 - UnicodeAnalyzer - INFO - -> Analizzando versione 0.0.1-rc.3 (7/255)...
2025-11-17 01:06:02,538 - UnicodeAnalyzer - INFO - Filtrati 2 file (es. in /dist, /test).
2025-11-17 01:06:02,538 - UnicodeAnalyzer - INFO - -> Analizzando versione 0.0.1-rc.4 (8/255)...
2025-11-17 01:06:02,539 - UnicodeAnalyzer - INFO - Filtrati 2 file (es. in /dist, /test).
2025-11-17 01:06:02,539 - UnicodeAnalyzer - INFO - -> Analizzando versione 0.0.1-rc.5 (9/255)...
2025-11-17 01:06:02,540 - UnicodeAnalyzer - INFO - Filtrati 2 file (es. in /dist, /test).
2025-11-17 01:06:02,540 - UnicodeAnalyzer - INFO - -> Analizzando versione 0.0.1-rc.6 (10/255)...
2025-11-17 01:06:02,541 - UnicodeAnalyzer - INFO - Filtrati 2 file (es. in /dist, /test).
2025-11-17 01:06:02,541 - UnicodeAnalyzer - INFO - -> Analizzando versione 0.0.1-rc.7 (11/255)...
2025-11-17 01:06:02,542 - UnicodeAnalyzer - INFO - Filtrati 2 file (es. in /dist, /test).
2025-11-17 01:06:02,542 - UnicodeAnalyzer - INFO - -> Analizzando versione 0.1.0 (12/255)...
2025-11-17 01:06:02,543 - UnicodeAnalyzer - INFO - Filtrati 2 file (es. in /dist, /test).
2025-11-17 01:06:02,543 - UnicodeAnalyzer - INFO - -> Analizzando versione 0.1.1 (13/255)...
2025-11-17 01:06:02,543 - UnicodeAnalyzer - INFO - Filtrati 2 file (es. in /dist, /test).
2025-11-17 01:06:02,543 - UnicodeAnalyzer - INFO - -> Analizzando versione 0.1.1-rc.1 (14/255)...
2025-11-17 01:06:02,544 - UnicodeAnalyzer - INFO - Filtrati 2 file (es. in /dist, /test).
2025-11-17 01:06:02,544 - UnicodeAnalyzer - INFO - -> Analizzando versione 0.1.2-rc.1 (15/255)...
2025-11-17 01:06:02,545 - UnicodeAnalyzer - INFO - Filtrati 2 file (es. in /dist, /test).
2025-11-17 01:06:02,545 - UnicodeAnalyzer - INFO - -> Analizzando versione 0.1.2-rc.10 (16/255)...
2025-11-17 01:06:02,545 - UnicodeAnalyzer - INFO - Filtrati 2 file (es. in /dist, /test).
2025-11-17 01:06:02,545 - UnicodeAnalyzer - INFO - -> Analizzando versione 0.1.2-rc.11 (17/255)...
2025-11-17 01:06:02,546 - UnicodeAnalyzer - INFO - Filtrati 2 file (es. in /dist, /test).
2025-11-17 01:06:02,546 - UnicodeAnalyzer - INFO - -> Analizzando versione 0.1.2-rc.12 (18/255)...
2025-11-17 01:06:02,547 - UnicodeAnalyzer - INFO - Filtrati 2 file (es. in /dist, /test).
2025-11-17 01:06:02,547 - UnicodeAnalyzer - INFO - -> Analizzando versione 0.1.2-rc.13 (19/255)...
2025-11-17 01:06:02,547 - UnicodeAnalyzer - INFO - Filtrati 2 file (es. in /dist, /test).
2025-11-17 01:06:02,547 - UnicodeAnalyzer - INFO - -> Analizzando versione 0.1.2-rc.14 (20/255)...
2025-11-17 01:06:02,548 - UnicodeAnalyzer - INFO - Filtrati 2 file (es. in /dist, /test).
2025-11-17 01:06:02,548 - UnicodeAnalyzer - INFO - -> Analizzando versione 0.1.2-rc.15 (21/255)...
2025-11-17 01:06:02,548 - UnicodeAnalyzer - INFO - Filtrati 2 file (es. in /dist, /test).
2025-11-17 01:06:02,548 - UnicodeAnalyzer - INFO - -> Analizzando versione 0.1.2-rc.16 (22/255)...
2025-11-17 01:06:02,549 - UnicodeAnalyzer - INFO - Filtrati 2 file (es. in /dist, /test).
2025-11-17 01:06:02,549 - UnicodeAnalyzer - INFO - -> Analizzando versione 0.1.2-rc.17 (23/255)...
2025-11-17 01:06:02,549 - UnicodeAnalyzer - INFO - Filtrati 2 file (es. in /dist, /test).
2025-11-17 01:06:02,550 - UnicodeAnalyzer - INFO - -> Analizzando versione 0.1.2-rc.18 (24/255)...
2025-11-17 01:06:02,550 - UnicodeAnalyzer - INFO - Filtrati 2 file (es. in /dist, /test).
2025-11-17 01:06:02,550 - UnicodeAnalyzer - INFO - -> Analizzando versione 0.1.2-rc.19 (25/255)...
2025-11-17 01:06:02,550 - UnicodeAnalyzer - INFO - Filtrati 2 file (es. in /dist, /test).
2025-11-17 01:06:02,551 - UnicodeAnalyzer - INFO - -> Analizzando versione 0.1.2-rc.2 (26/255)...
2025-11-17 01:06:02,551 - UnicodeAnalyzer - INFO - Filtrati 2 file (es. in /dist, /test).
2025-11-17 01:06:02,551 - UnicodeAnalyzer - INFO - -> Analizzando versione 0.1.2-rc.20 (27/255)...
2025-11-17 01:06:02,552 - UnicodeAnalyzer - INFO - Filtrati 2 file (es. in /dist, /test).
2025-11-17 01:06:02,552 - UnicodeAnalyzer - INFO - -> Analizzando versione 0.1.2-rc.21 (28/255)...
2025-11-17 01:06:02,552 - UnicodeAnalyzer - INFO - Filtrati 2 file (es. in /dist, /test).
2025-11-17 01:06:02,552 - UnicodeAnalyzer - INFO - -> Analizzando versione 0.1.2-rc.22 (29/255)...
2025-11-17 01:06:02,553 - UnicodeAnalyzer - INFO - Filtrati 2 file (es. in /dist, /test).
2025-11-17 01:06:02,553 - UnicodeAnalyzer - INFO - -> Analizzando versione 0.1.2-rc.23 (30/255)...
2025-11-17 01:06:02,553 - UnicodeAnalyzer - INFO - Filtrati 2 file (es. in /dist, /test).
2025-11-17 01:06:02,553 - UnicodeAnalyzer - INFO - -> Analizzando versione 0.1.2-rc.24 (31/255)...
2025-11-17 01:06:02,553 - UnicodeAnalyzer - INFO - Filtrati 2 file (es. in /dist, /test).
2025-11-17 01:06:02,554 - UnicodeAnalyzer - INFO - -> Analizzando versione 0.1.2-rc.25 (32/255)...
2025-11-17 01:06:02,554 - UnicodeAnalyzer - INFO - Filtrati 2 file (es. in /dist, /test).
2025-11-17 01:06:02,554 - UnicodeAnalyzer - INFO - -> Analizzando versione 0.1.2-rc.26 (33/255)...
2025-11-17 01:06:02,554 - UnicodeAnalyzer - INFO - Filtrati 2 file (es. in /dist, /test).
2025-11-17 01:06:02,554 - UnicodeAnalyzer - INFO - -> Analizzando versione 0.1.2-rc.27 (34/255)...
2025-11-17 01:06:02,555 - UnicodeAnalyzer - INFO - Filtrati 2 file (es. in /dist, /test).
2025-11-17 01:06:02,555 - UnicodeAnalyzer - INFO - -> Analizzando versione 0.1.2-rc.28 (35/255)...
2025-11-17 01:06:02,555 - UnicodeAnalyzer - INFO - Filtrati 2 file (es. in /dist, /test).
2025-11-17 01:06:02,555 - UnicodeAnalyzer - INFO - -> Analizzando versione 0.1.2-rc.29 (36/255)...
2025-11-17 01:06:02,556 - UnicodeAnalyzer - INFO - Filtrati 2 file (es. in /dist, /test).
2025-11-17 01:06:02,556 - UnicodeAnalyzer - INFO - -> Analizzando versione 0.1.2-rc.3 (37/255)...
2025-11-17 01:06:02,556 - UnicodeAnalyzer - INFO - Filtrati 2 file (es. in /dist, /test).
2025-11-17 01:06:02,556 - UnicodeAnalyzer - INFO - -> Analizzando versione 0.1.2-rc.30 (38/255)...
2025-11-17 01:06:02,557 - UnicodeAnalyzer - INFO - Filtrati 2 file (es. in /dist, /test).
2025-11-17 01:06:02,557 - UnicodeAnalyzer - INFO - -> Analizzando versione 0.1.2-rc.31 (39/255)...
2025-11-17 01:06:02,557 - UnicodeAnalyzer - INFO - Filtrati 2 file (es. in /dist, /test).
2025-11-17 01:06:02,557 - UnicodeAnalyzer - INFO - -> Analizzando versione 0.1.2-rc.32 (40/255)...
2025-11-17 01:06:02,557 - UnicodeAnalyzer - INFO - Filtrati 2 file (es. in /dist, /test).
2025-11-17 01:06:02,558 - UnicodeAnalyzer - INFO - -> Analizzando versione 0.1.2-rc.33 (41/255)...
2025-11-17 01:06:02,558 - UnicodeAnalyzer - INFO - Filtrati 2 file (es. in /dist, /test).
2025-11-17 01:06:02,558 - UnicodeAnalyzer - INFO - -> Analizzando versione 0.1.2-rc.34 (42/255)...
2025-11-17 01:06:02,558 - UnicodeAnalyzer - INFO - Filtrati 2 file (es. in /dist, /test).
2025-11-17 01:06:02,558 - UnicodeAnalyzer - INFO - -> Analizzando versione 0.1.2-rc.35 (43/255)...
2025-11-17 01:06:02,559 - UnicodeAnalyzer - INFO - Filtrati 2 file (es. in /dist, /test).
2025-11-17 01:06:02,559 - UnicodeAnalyzer - INFO - -> Analizzando versione 0.1.2-rc.36 (44/255)...
2025-11-17 01:06:02,559 - UnicodeAnalyzer - INFO - Filtrati 2 file (es. in /dist, /test).
2025-11-17 01:06:02,559 - UnicodeAnalyzer - INFO - -> Analizzando versione 0.1.2-rc.37 (45/255)...
2025-11-17 01:06:02,559 - UnicodeAnalyzer - INFO - Filtrati 2 file (es. in /dist, /test).
2025-11-17 01:06:02,559 - UnicodeAnalyzer - INFO - -> Analizzando versione 0.1.2-rc.38 (46/255)...
2025-11-17 01:06:02,560 - UnicodeAnalyzer - INFO - Filtrati 2 file (es. in /dist, /test).
2025-11-17 01:06:02,560 - UnicodeAnalyzer - INFO - -> Analizzando versione 0.1.2-rc.39 (47/255)...
2025-11-17 01:06:02,560 - UnicodeAnalyzer - INFO - Filtrati 2 file (es. in /dist, /test).
2025-11-17 01:06:02,560 - UnicodeAnalyzer - INFO - -> Analizzando versione 0.1.2-rc.4 (48/255)...
2025-11-17 01:06:02,561 - UnicodeAnalyzer - INFO - Filtrati 2 file (es. in /dist, /test).
2025-11-17 01:06:02,561 - UnicodeAnalyzer - INFO - -> Analizzando versione 0.1.2-rc.40 (49/255)...
2025-11-17 01:06:02,561 - UnicodeAnalyzer - INFO - Filtrati 2 file (es. in /dist, /test).
2025-11-17 01:06:02,561 - UnicodeAnalyzer - INFO - -> Analizzando versione 0.1.2-rc.41 (50/255)...
2025-11-17 01:06:02,561 - UnicodeAnalyzer - INFO - Filtrati 2 file (es. in /dist, /test).
2025-11-17 01:06:02,561 - UnicodeAnalyzer - INFO - -> Analizzando versione 0.1.2-rc.42 (51/255)...
2025-11-17 01:06:02,562 - UnicodeAnalyzer - INFO - Filtrati 2 file (es. in /dist, /test).
2025-11-17 01:06:02,562 - UnicodeAnalyzer - INFO - -> Analizzando versione 0.1.2-rc.43 (52/255)...
2025-11-17 01:06:02,562 - UnicodeAnalyzer - INFO - Filtrati 2 file (es. in /dist, /test).
2025-11-17 01:06:02,562 - UnicodeAnalyzer - INFO - -> Analizzando versione 0.1.2-rc.44 (53/255)...
2025-11-17 01:06:02,562 - UnicodeAnalyzer - INFO - Filtrati 2 file (es. in /dist, /test).
2025-11-17 01:06:02,562 - UnicodeAnalyzer - INFO - -> Analizzando versione 0.1.2-rc.45 (54/255)...
2025-11-17 01:06:02,563 - UnicodeAnalyzer - INFO - Filtrati 2 file (es. in /dist, /test).
2025-11-17 01:06:02,563 - UnicodeAnalyzer - INFO - -> Analizzando versione 0.1.2-rc.46 (55/255)...
2025-11-17 01:06:02,563 - UnicodeAnalyzer - INFO - Filtrati 2 file (es. in /dist, /test).
2025-11-17 01:06:02,563 - UnicodeAnalyzer - INFO - -> Analizzando versione 0.1.2-rc.47 (56/255)...
2025-11-17 01:06:02,563 - UnicodeAnalyzer - INFO - Filtrati 2 file (es. in /dist, /test).
2025-11-17 01:06:02,563 - UnicodeAnalyzer - INFO - -> Analizzando versione 0.1.2-rc.48 (57/255)...
2025-11-17 01:06:02,564 - UnicodeAnalyzer - INFO - Filtrati 2 file (es. in /dist, /test).
2025-11-17 01:06:02,564 - UnicodeAnalyzer - INFO - -> Analizzando versione 0.1.2-rc.49 (58/255)...
2025-11-17 01:06:02,564 - UnicodeAnalyzer - INFO - Filtrati 2 file (es. in /dist, /test).
2025-11-17 01:06:02,564 - UnicodeAnalyzer - INFO - -> Analizzando versione 0.1.2-rc.5 (59/255)...
2025-11-17 01:06:02,564 - UnicodeAnalyzer - INFO - Filtrati 2 file (es. in /dist, /test).
2025-11-17 01:06:02,564 - UnicodeAnalyzer - INFO - -> Analizzando versione 0.1.2-rc.50 (60/255)...
2025-11-17 01:06:02,565 - UnicodeAnalyzer - INFO - Filtrati 2 file (es. in /dist, /test).
2025-11-17 01:06:02,565 - UnicodeAnalyzer - INFO - -> Analizzando versione 0.1.2-rc.51 (61/255)...
2025-11-17 01:06:02,565 - UnicodeAnalyzer - INFO - Filtrati 2 file (es. in /dist, /test).
2025-11-17 01:06:02,565 - UnicodeAnalyzer - INFO - -> Analizzando versione 0.1.2-rc.52 (62/255)...
2025-11-17 01:06:02,565 - UnicodeAnalyzer - INFO - Filtrati 2 file (es. in /dist, /test).
2025-11-17 01:06:02,565 - UnicodeAnalyzer - INFO - -> Analizzando versione 0.1.2-rc.53 (63/255)...
2025-11-17 01:06:02,566 - UnicodeAnalyzer - INFO - Filtrati 2 file (es. in /dist, /test).
2025-11-17 01:06:02,566 - UnicodeAnalyzer - INFO - -> Analizzando versione 0.1.2-rc.54 (64/255)...
2025-11-17 01:06:02,566 - UnicodeAnalyzer - INFO - Filtrati 2 file (es. in /dist, /test).
2025-11-17 01:06:02,566 - UnicodeAnalyzer - INFO - -> Analizzando versione 0.1.2-rc.55 (65/255)...
2025-11-17 01:06:02,566 - UnicodeAnalyzer - INFO - Filtrati 2 file (es. in /dist, /test).
2025-11-17 01:06:02,566 - UnicodeAnalyzer - INFO - -> Analizzando versione 0.1.2-rc.56 (66/255)...
2025-11-17 01:06:02,567 - UnicodeAnalyzer - INFO - Filtrati 2 file (es. in /dist, /test).
2025-11-17 01:06:02,567 - UnicodeAnalyzer - INFO - -> Analizzando versione 0.1.2-rc.57 (67/255)...
2025-11-17 01:06:02,567 - UnicodeAnalyzer - INFO - Filtrati 2 file (es. in /dist, /test).
2025-11-17 01:06:02,567 - UnicodeAnalyzer - INFO - -> Analizzando versione 0.1.2-rc.6 (68/255)...
2025-11-17 01:06:02,567 - UnicodeAnalyzer - INFO - Filtrati 2 file (es. in /dist, /test).
2025-11-17 01:06:02,567 - UnicodeAnalyzer - INFO - -> Analizzando versione 0.1.2-rc.7 (69/255)...
2025-11-17 01:06:02,567 - UnicodeAnalyzer - INFO - Filtrati 2 file (es. in /dist, /test).
2025-11-17 01:06:02,567 - UnicodeAnalyzer - INFO - -> Analizzando versione 0.1.2-rc.8 (70/255)...
2025-11-17 01:06:02,568 - UnicodeAnalyzer - INFO - Filtrati 2 file (es. in /dist, /test).
2025-11-17 01:06:02,568 - UnicodeAnalyzer - INFO - -> Analizzando versione 0.1.2-rc.9 (71/255)...
2025-11-17 01:06:02,568 - UnicodeAnalyzer - INFO - Filtrati 2 file (es. in /dist, /test).
2025-11-17 01:06:02,568 - UnicodeAnalyzer - INFO - -> Analizzando versione 1.0.0 (72/255)...
2025-11-17 01:06:02,568 - UnicodeAnalyzer - INFO - Filtrati 2 file (es. in /dist, /test).
2025-11-17 01:06:02,568 - UnicodeAnalyzer - INFO - -> Analizzando versione 1.0.0-rc.1 (73/255)...
2025-11-17 01:06:02,569 - UnicodeAnalyzer - INFO - Filtrati 2 file (es. in /dist, /test).
2025-11-17 01:06:02,569 - UnicodeAnalyzer - INFO - -> Analizzando versione 1.0.1-rc.1 (74/255)...
2025-11-17 01:06:02,569 - UnicodeAnalyzer - INFO - Filtrati 2 file (es. in /dist, /test).
2025-11-17 01:06:02,569 - UnicodeAnalyzer - INFO - -> Analizzando versione 1.0.1-rc.2 (75/255)...
2025-11-17 01:06:02,569 - UnicodeAnalyzer - INFO - Filtrati 2 file (es. in /dist, /test).
2025-11-17 01:06:02,569 - UnicodeAnalyzer - INFO - -> Analizzando versione 1.0.1-rc.3 (76/255)...
2025-11-17 01:06:02,569 - UnicodeAnalyzer - INFO - Filtrati 2 file (es. in /dist, /test).
2025-11-17 01:06:02,569 - UnicodeAnalyzer - INFO - -> Analizzando versione 1.0.1-rc.4 (77/255)...
2025-11-17 01:06:02,570 - UnicodeAnalyzer - INFO - Filtrati 2 file (es. in /dist, /test).
2025-11-17 01:06:02,570 - UnicodeAnalyzer - INFO - -> Analizzando versione 1.1.0 (78/255)...
2025-11-17 01:06:02,570 - UnicodeAnalyzer - INFO - Filtrati 2 file (es. in /dist, /test).
2025-11-17 01:06:02,570 - UnicodeAnalyzer - INFO - -> Analizzando versione 1.1.0-rc.1 (79/255)...
2025-11-17 01:06:02,570 - UnicodeAnalyzer - INFO - Filtrati 2 file (es. in /dist, /test).
2025-11-17 01:06:02,570 - UnicodeAnalyzer - INFO - -> Analizzando versione 1.1.0-rc.10 (80/255)...
2025-11-17 01:06:02,570 - UnicodeAnalyzer - INFO - Filtrati 2 file (es. in /dist, /test).
2025-11-17 01:06:02,570 - UnicodeAnalyzer - INFO - -> Analizzando versione 1.1.0-rc.11 (81/255)...
2025-11-17 01:06:02,571 - UnicodeAnalyzer - INFO - Filtrati 2 file (es. in /dist, /test).
2025-11-17 01:06:02,571 - UnicodeAnalyzer - INFO - -> Analizzando versione 1.1.0-rc.12 (82/255)...
2025-11-17 01:06:02,571 - UnicodeAnalyzer - INFO - Filtrati 2 file (es. in /dist, /test).
2025-11-17 01:06:02,571 - UnicodeAnalyzer - INFO - -> Analizzando versione 1.1.0-rc.13 (83/255)...
2025-11-17 01:06:02,571 - UnicodeAnalyzer - INFO - Filtrati 2 file (es. in /dist, /test).
2025-11-17 01:06:02,571 - UnicodeAnalyzer - INFO - -> Analizzando versione 1.1.0-rc.14 (84/255)...
2025-11-17 01:06:02,571 - UnicodeAnalyzer - INFO - Filtrati 2 file (es. in /dist, /test).
2025-11-17 01:06:02,572 - UnicodeAnalyzer - INFO - -> Analizzando versione 1.1.0-rc.15 (85/255)...
2025-11-17 01:06:02,572 - UnicodeAnalyzer - INFO - Filtrati 2 file (es. in /dist, /test).
2025-11-17 01:06:02,572 - UnicodeAnalyzer - INFO - -> Analizzando versione 1.1.0-rc.16 (86/255)...
2025-11-17 01:06:02,572 - UnicodeAnalyzer - INFO - Filtrati 2 file (es. in /dist, /test).
2025-11-17 01:06:02,572 - UnicodeAnalyzer - INFO - -> Analizzando versione 1.1.0-rc.17 (87/255)...
2025-11-17 01:06:02,572 - UnicodeAnalyzer - INFO - Filtrati 2 file (es. in /dist, /test).
2025-11-17 01:06:02,572 - UnicodeAnalyzer - INFO - -> Analizzando versione 1.1.0-rc.18 (88/255)...
2025-11-17 01:06:02,573 - UnicodeAnalyzer - INFO - Filtrati 2 file (es. in /dist, /test).
2025-11-17 01:06:02,573 - UnicodeAnalyzer - INFO - -> Analizzando versione 1.1.0-rc.19 (89/255)...
2025-11-17 01:06:02,573 - UnicodeAnalyzer - INFO - Filtrati 2 file (es. in /dist, /test).
2025-11-17 01:06:02,573 - UnicodeAnalyzer - INFO - -> Analizzando versione 1.1.0-rc.2 (90/255)...
2025-11-17 01:06:02,573 - UnicodeAnalyzer - INFO - Filtrati 2 file (es. in /dist, /test).
2025-11-17 01:06:02,573 - UnicodeAnalyzer - INFO - -> Analizzando versione 1.1.0-rc.3 (91/255)...
2025-11-17 01:06:02,573 - UnicodeAnalyzer - INFO - Filtrati 2 file (es. in /dist, /test).
2025-11-17 01:06:02,573 - UnicodeAnalyzer - INFO - -> Analizzando versione 1.1.0-rc.4 (92/255)...
2025-11-17 01:06:02,574 - UnicodeAnalyzer - INFO - Filtrati 2 file (es. in /dist, /test).
2025-11-17 01:06:02,574 - UnicodeAnalyzer - INFO - -> Analizzando versione 1.1.0-rc.5 (93/255)...
2025-11-17 01:06:02,574 - UnicodeAnalyzer - INFO - Filtrati 2 file (es. in /dist, /test).
2025-11-17 01:06:02,574 - UnicodeAnalyzer - INFO - -> Analizzando versione 1.1.0-rc.6 (94/255)...
2025-11-17 01:06:02,574 - UnicodeAnalyzer - INFO - Filtrati 2 file (es. in /dist, /test).
2025-11-17 01:06:02,574 - UnicodeAnalyzer - INFO - -> Analizzando versione 1.1.0-rc.7 (95/255)...
2025-11-17 01:06:02,574 - UnicodeAnalyzer - INFO - Filtrati 2 file (es. in /dist, /test).
2025-11-17 01:06:02,575 - UnicodeAnalyzer - INFO - -> Analizzando versione 1.1.0-rc.8 (96/255)...
2025-11-17 01:06:02,575 - UnicodeAnalyzer - INFO - Filtrati 2 file (es. in /dist, /test).
2025-11-17 01:06:02,575 - UnicodeAnalyzer - INFO - -> Analizzando versione 1.1.0-rc.9 (97/255)...
2025-11-17 01:06:02,575 - UnicodeAnalyzer - INFO - Filtrati 2 file (es. in /dist, /test).
2025-11-17 01:06:02,575 - UnicodeAnalyzer - INFO - -> Analizzando versione 1.1.1 (98/255)...
2025-11-17 01:06:02,575 - UnicodeAnalyzer - INFO - Filtrati 2 file (es. in /dist, /test).
2025-11-17 01:06:02,575 - UnicodeAnalyzer - INFO - -> Analizzando versione 1.1.1-rc.1 (99/255)...
2025-11-17 01:06:02,576 - UnicodeAnalyzer - INFO - Filtrati 2 file (es. in /dist, /test).
2025-11-17 01:06:02,576 - UnicodeAnalyzer - INFO - -> Analizzando versione 1.1.2 (100/255)...
2025-11-17 01:06:02,576 - UnicodeAnalyzer - INFO - Filtrati 2 file (es. in /dist, /test).
2025-11-17 01:06:02,576 - UnicodeAnalyzer - INFO - -> Analizzando versione 1.1.2-rc.1 (101/255)...
2025-11-17 01:06:02,576 - UnicodeAnalyzer - INFO - Filtrati 2 file (es. in /dist, /test).
2025-11-17 01:06:02,576 - UnicodeAnalyzer - INFO - -> Analizzando versione 1.1.3 (102/255)...
2025-11-17 01:06:02,576 - UnicodeAnalyzer - INFO - Filtrati 2 file (es. in /dist, /test).
2025-11-17 01:06:02,576 - UnicodeAnalyzer - INFO - -> Analizzando versione 1.1.3-rc.1 (103/255)...
2025-11-17 01:06:02,577 - UnicodeAnalyzer - INFO - Filtrati 2 file (es. in /dist, /test).
2025-11-17 01:06:02,577 - UnicodeAnalyzer - INFO - -> Analizzando versione 1.1.4 (104/255)...
2025-11-17 01:06:02,577 - UnicodeAnalyzer - INFO - Filtrati 1 file (es. in /dist, /test).
2025-11-17 01:06:02,577 - UnicodeAnalyzer - INFO - -> Analizzando versione 1.1.4-rc.1 (105/255)...
2025-11-17 01:06:02,577 - UnicodeAnalyzer - INFO - Filtrati 2 file (es. in /dist, /test).
2025-11-17 01:06:02,577 - UnicodeAnalyzer - INFO - -> Analizzando versione 1.1.4-rc.10 (106/255)...
2025-11-17 01:06:02,577 - UnicodeAnalyzer - INFO - Filtrati 1 file (es. in /dist, /test).
2025-11-17 01:06:02,577 - UnicodeAnalyzer - INFO - -> Analizzando versione 1.1.4-rc.11 (107/255)...
2025-11-17 01:06:02,578 - UnicodeAnalyzer - INFO - Filtrati 1 file (es. in /dist, /test).
2025-11-17 01:06:02,578 - UnicodeAnalyzer - INFO - -> Analizzando versione 1.1.4-rc.2 (108/255)...
2025-11-17 01:06:02,578 - UnicodeAnalyzer - INFO - Filtrati 2 file (es. in /dist, /test).
2025-11-17 01:06:02,578 - UnicodeAnalyzer - INFO - -> Analizzando versione 1.1.4-rc.3 (109/255)...
2025-11-17 01:06:02,578 - UnicodeAnalyzer - INFO - Filtrati 2 file (es. in /dist, /test).
2025-11-17 01:06:02,578 - UnicodeAnalyzer - INFO - -> Analizzando versione 1.1.4-rc.4 (110/255)...
2025-11-17 01:06:02,578 - UnicodeAnalyzer - INFO - Filtrati 2 file (es. in /dist, /test).
2025-11-17 01:06:02,579 - UnicodeAnalyzer - INFO - -> Analizzando versione 1.1.4-rc.5 (111/255)...
2025-11-17 01:06:02,579 - UnicodeAnalyzer - INFO - Filtrati 2 file (es. in /dist, /test).
2025-11-17 01:06:02,579 - UnicodeAnalyzer - INFO - -> Analizzando versione 1.1.4-rc.6 (112/255)...
2025-11-17 01:06:02,579 - UnicodeAnalyzer - INFO - Filtrati 1 file (es. in /dist, /test).
2025-11-17 01:06:02,579 - UnicodeAnalyzer - INFO - -> Analizzando versione 1.1.4-rc.7 (113/255)...
2025-11-17 01:06:02,579 - UnicodeAnalyzer - INFO - Filtrati 1 file (es. in /dist, /test).
2025-11-17 01:06:02,579 - UnicodeAnalyzer - INFO - -> Analizzando versione 1.1.4-rc.8 (114/255)...
2025-11-17 01:06:02,580 - UnicodeAnalyzer - INFO - Filtrati 1 file (es. in /dist, /test).
2025-11-17 01:06:02,580 - UnicodeAnalyzer - INFO - -> Analizzando versione 1.1.4-rc.9 (115/255)...
2025-11-17 01:06:02,580 - UnicodeAnalyzer - INFO - Filtrati 1 file (es. in /dist, /test).
2025-11-17 01:06:02,580 - UnicodeAnalyzer - INFO - -> Analizzando versione 1.1.5 (116/255)...
2025-11-17 01:06:02,580 - UnicodeAnalyzer - INFO - Filtrati 1 file (es. in /dist, /test).
2025-11-17 01:06:02,580 - UnicodeAnalyzer - INFO - -> Analizzando versione 1.1.5-rc.1 (117/255)...
2025-11-17 01:06:02,580 - UnicodeAnalyzer - INFO - Filtrati 1 file (es. in /dist, /test).
2025-11-17 01:06:02,580 - UnicodeAnalyzer - INFO - -> Analizzando versione 1.1.5-rc.2 (118/255)...
2025-11-17 01:06:02,580 - UnicodeAnalyzer - INFO - Filtrati 1 file (es. in /dist, /test).
2025-11-17 01:06:02,581 - UnicodeAnalyzer - INFO - -> Analizzando versione 1.1.5-rc.3 (119/255)...
2025-11-17 01:06:02,581 - UnicodeAnalyzer - INFO - Filtrati 1 file (es. in /dist, /test).
2025-11-17 01:06:02,581 - UnicodeAnalyzer - INFO - -> Analizzando versione 1.1.5-rc.4 (120/255)...
2025-11-17 01:06:02,581 - UnicodeAnalyzer - INFO - Filtrati 1 file (es. in /dist, /test).
2025-11-17 01:06:02,581 - UnicodeAnalyzer - INFO - -> Analizzando versione 1.1.5-rc.5 (121/255)...
2025-11-17 01:06:02,581 - UnicodeAnalyzer - INFO - Filtrati 1 file (es. in /dist, /test).
2025-11-17 01:06:02,581 - UnicodeAnalyzer - INFO - -> Analizzando versione 1.1.5-rc.6 (122/255)...
2025-11-17 01:06:02,581 - UnicodeAnalyzer - INFO - Filtrati 1 file (es. in /dist, /test).
2025-11-17 01:06:02,582 - UnicodeAnalyzer - INFO - -> Analizzando versione 1.1.5-rc.7 (123/255)...
2025-11-17 01:06:02,582 - UnicodeAnalyzer - INFO - Filtrati 1 file (es. in /dist, /test).
2025-11-17 01:06:02,582 - UnicodeAnalyzer - INFO - -> Analizzando versione 1.1.5-rc.8 (124/255)...
2025-11-17 01:06:02,582 - UnicodeAnalyzer - INFO - Filtrati 1 file (es. in /dist, /test).
2025-11-17 01:06:02,582 - UnicodeAnalyzer - INFO - -> Analizzando versione 1.1.5-rc.9 (125/255)...
2025-11-17 01:06:02,582 - UnicodeAnalyzer - INFO - Filtrati 1 file (es. in /dist, /test).
2025-11-17 01:06:02,582 - UnicodeAnalyzer - INFO - -> Analizzando versione 1.1.6-rc.1 (126/255)...
2025-11-17 01:06:02,582 - UnicodeAnalyzer - INFO - Filtrati 1 file (es. in /dist, /test).
2025-11-17 01:06:02,583 - UnicodeAnalyzer - INFO - -> Analizzando versione 1.1.6-rc.2 (127/255)...
2025-11-17 01:06:02,583 - UnicodeAnalyzer - INFO - Filtrati 1 file (es. in /dist, /test).
2025-11-17 01:06:02,583 - UnicodeAnalyzer - INFO - -> Analizzando versione 1.1.6-rc.3 (128/255)...
2025-11-17 01:06:02,583 - UnicodeAnalyzer - INFO - Filtrati 1 file (es. in /dist, /test).
2025-11-17 01:06:02,583 - UnicodeAnalyzer - INFO - -> Analizzando versione 1.1.6-rc.4 (129/255)...
2025-11-17 01:06:02,583 - UnicodeAnalyzer - INFO - Filtrati 1 file (es. in /dist, /test).
2025-11-17 01:06:02,583 - UnicodeAnalyzer - INFO - -> Analizzando versione 1.1.6-rc.5 (130/255)...
2025-11-17 01:06:02,583 - UnicodeAnalyzer - INFO - Filtrati 1 file (es. in /dist, /test).
2025-11-17 01:06:02,584 - UnicodeAnalyzer - INFO - -> Analizzando versione 1.1.6-rc.6 (131/255)...
2025-11-17 01:06:02,584 - UnicodeAnalyzer - INFO - Filtrati 1 file (es. in /dist, /test).
2025-11-17 01:06:02,584 - UnicodeAnalyzer - INFO - -> Analizzando versione 1.2.0 (132/255)...
2025-11-17 01:06:02,584 - UnicodeAnalyzer - INFO - Filtrati 1 file (es. in /dist, /test).
2025-11-17 01:06:02,584 - UnicodeAnalyzer - INFO - -> Analizzando versione 1.2.0-rc.1 (133/255)...
2025-11-17 01:06:02,584 - UnicodeAnalyzer - INFO - Filtrati 1 file (es. in /dist, /test).
2025-11-17 01:06:02,584 - UnicodeAnalyzer - INFO - -> Analizzando versione 1.2.0-rc.2 (134/255)...
2025-11-17 01:06:02,584 - UnicodeAnalyzer - INFO - Filtrati 1 file (es. in /dist, /test).
2025-11-17 01:06:02,585 - UnicodeAnalyzer - INFO - -> Analizzando versione 1.2.0-rc.3 (135/255)...
2025-11-17 01:06:02,585 - UnicodeAnalyzer - INFO - Filtrati 1 file (es. in /dist, /test).
2025-11-17 01:06:02,585 - UnicodeAnalyzer - INFO - -> Analizzando versione 1.2.0-rc.4 (136/255)...
2025-11-17 01:06:02,585 - UnicodeAnalyzer - INFO - Filtrati 1 file (es. in /dist, /test).
2025-11-17 01:06:02,585 - UnicodeAnalyzer - INFO - -> Analizzando versione 1.2.0-rc.5 (137/255)...
2025-11-17 01:06:02,585 - UnicodeAnalyzer - INFO - Filtrati 1 file (es. in /dist, /test).
2025-11-17 01:06:02,585 - UnicodeAnalyzer - INFO - -> Analizzando versione 1.2.0-rc.6 (138/255)...
2025-11-17 01:06:02,585 - UnicodeAnalyzer - INFO - Filtrati 1 file (es. in /dist, /test).
2025-11-17 01:06:02,585 - UnicodeAnalyzer - INFO - -> Analizzando versione 1.2.0-rc.7 (139/255)...
2025-11-17 01:06:02,586 - UnicodeAnalyzer - INFO - Filtrati 1 file (es. in /dist, /test).
2025-11-17 01:06:02,586 - UnicodeAnalyzer - INFO - -> Analizzando versione 1.2.1 (140/255)...
2025-11-17 01:06:02,586 - UnicodeAnalyzer - INFO - Filtrati 1 file (es. in /dist, /test).
2025-11-17 01:06:02,586 - UnicodeAnalyzer - INFO - -> Analizzando versione 1.2.1-rc.1 (141/255)...
2025-11-17 01:06:02,586 - UnicodeAnalyzer - INFO - Filtrati 1 file (es. in /dist, /test).
2025-11-17 01:06:02,586 - UnicodeAnalyzer - INFO - -> Analizzando versione 1.2.10 (142/255)...
2025-11-17 01:06:02,586 - UnicodeAnalyzer - INFO - Filtrati 1 file (es. in /dist, /test).
2025-11-17 01:06:02,586 - UnicodeAnalyzer - INFO - -> Analizzando versione 1.2.10-rc.1745001912396 (143/255)...
2025-11-17 01:06:02,587 - UnicodeAnalyzer - INFO - Filtrati 1 file (es. in /dist, /test).
2025-11-17 01:06:02,587 - UnicodeAnalyzer - INFO - -> Analizzando versione 1.2.10-rc.1745002236885 (144/255)...
2025-11-17 01:06:02,587 - UnicodeAnalyzer - INFO - Filtrati 1 file (es. in /dist, /test).
2025-11-17 01:06:02,587 - UnicodeAnalyzer - INFO - -> Analizzando versione 1.2.11 (145/255)...
2025-11-17 01:06:02,587 - UnicodeAnalyzer - INFO - Filtrati 1 file (es. in /dist, /test).
2025-11-17 01:06:02,587 - UnicodeAnalyzer - INFO - -> Analizzando versione 1.2.11-rc.1745097595920 (146/255)...
2025-11-17 01:06:02,587 - UnicodeAnalyzer - INFO - Filtrati 1 file (es. in /dist, /test).
2025-11-17 01:06:02,587 - UnicodeAnalyzer - INFO - -> Analizzando versione 1.2.11-rc.1745339201309 (147/255)...
2025-11-17 01:06:02,588 - UnicodeAnalyzer - INFO - Filtrati 1 file (es. in /dist, /test).
2025-11-17 01:06:02,588 - UnicodeAnalyzer - INFO - -> Analizzando versione 1.2.12 (148/255)...
2025-11-17 01:06:02,588 - UnicodeAnalyzer - INFO - Filtrati 1 file (es. in /dist, /test).
2025-11-17 01:06:02,588 - UnicodeAnalyzer - INFO - -> Analizzando versione 1.2.12-rc.1745345395380 (149/255)...
2025-11-17 01:06:02,588 - UnicodeAnalyzer - INFO - Filtrati 1 file (es. in /dist, /test).
2025-11-17 01:06:02,588 - UnicodeAnalyzer - INFO - -> Analizzando versione 1.2.12-rc.1745439717073 (150/255)...
2025-11-17 01:06:02,588 - UnicodeAnalyzer - INFO - Filtrati 1 file (es. in /dist, /test).
2025-11-17 01:06:02,588 - UnicodeAnalyzer - INFO - -> Analizzando versione 1.2.12-rc.1745972185559 (151/255)...
2025-11-17 01:06:02,589 - UnicodeAnalyzer - INFO - Filtrati 1 file (es. in /dist, /test).
2025-11-17 01:06:02,589 - UnicodeAnalyzer - INFO - -> Analizzando versione 1.2.12-rc.1746044551800 (152/255)...
2025-11-17 01:06:02,589 - UnicodeAnalyzer - INFO - Filtrati 1 file (es. in /dist, /test).
2025-11-17 01:06:02,589 - UnicodeAnalyzer - INFO - -> Analizzando versione 1.2.12-rc.1746053194630 (153/255)...
2025-11-17 01:06:02,589 - UnicodeAnalyzer - INFO - Filtrati 1 file (es. in /dist, /test).
2025-11-17 01:06:02,589 - UnicodeAnalyzer - INFO - -> Analizzando versione 1.2.12-rc.1746075822931 (154/255)...
2025-11-17 01:06:02,589 - UnicodeAnalyzer - INFO - Filtrati 1 file (es. in /dist, /test).
2025-11-17 01:06:02,589 - UnicodeAnalyzer - INFO - -> Analizzando versione 1.2.12-rc.1746466567086 (155/255)...
2025-11-17 01:06:02,590 - UnicodeAnalyzer - INFO - Filtrati 1 file (es. in /dist, /test).
2025-11-17 01:06:02,590 - UnicodeAnalyzer - INFO - -> Analizzando versione 1.2.13 (156/255)...
2025-11-17 01:06:02,590 - UnicodeAnalyzer - INFO - Filtrati 1 file (es. in /dist, /test).
2025-11-17 01:06:02,590 - UnicodeAnalyzer - INFO - -> Analizzando versione 1.2.14 (157/255)...
2025-11-17 01:06:02,590 - UnicodeAnalyzer - INFO - Filtrati 1 file (es. in /dist, /test).
2025-11-17 01:06:02,590 - UnicodeAnalyzer - INFO - -> Analizzando versione 1.2.14-rc.1746560904918 (158/255)...
2025-11-17 01:06:02,590 - UnicodeAnalyzer - INFO - Filtrati 1 file (es. in /dist, /test).
2025-11-17 01:06:02,590 - UnicodeAnalyzer - INFO - -> Analizzando versione 1.2.14-rc.1747678980544 (159/255)...
2025-11-17 01:06:02,591 - UnicodeAnalyzer - INFO - Filtrati 1 file (es. in /dist, /test).
2025-11-17 01:06:02,591 - UnicodeAnalyzer - INFO - -> Analizzando versione 1.2.15 (160/255)...
2025-11-17 01:06:02,591 - UnicodeAnalyzer - INFO - Filtrati 1 file (es. in /dist, /test).
2025-11-17 01:06:02,591 - UnicodeAnalyzer - INFO - -> Analizzando versione 1.2.15-rc.1751498891038 (161/255)...
2025-11-17 01:06:02,591 - UnicodeAnalyzer - INFO - Filtrati 1 file (es. in /dist, /test).
2025-11-17 01:06:02,591 - UnicodeAnalyzer - INFO - -> Analizzando versione 1.2.15-rc.1751501220403 (162/255)...
2025-11-17 01:06:02,591 - UnicodeAnalyzer - INFO - Filtrati 1 file (es. in /dist, /test).
2025-11-17 01:06:02,592 - UnicodeAnalyzer - INFO - -> Analizzando versione 1.2.15-rc.1752165236204 (163/255)...
2025-11-17 01:06:02,592 - UnicodeAnalyzer - INFO - Filtrati 1 file (es. in /dist, /test).
2025-11-17 01:06:02,592 - UnicodeAnalyzer - INFO - -> Analizzando versione 1.2.15-rc.1752166197873 (164/255)...
2025-11-17 01:06:02,592 - UnicodeAnalyzer - INFO - Filtrati 1 file (es. in /dist, /test).
2025-11-17 01:06:02,592 - UnicodeAnalyzer - INFO - -> Analizzando versione 1.2.15-rc.1752166434368 (165/255)...
2025-11-17 01:06:02,592 - UnicodeAnalyzer - INFO - Filtrati 1 file (es. in /dist, /test).
2025-11-17 01:06:02,592 - UnicodeAnalyzer - INFO - -> Analizzando versione 1.2.15-rc.1752166910601 (166/255)...
2025-11-17 01:06:02,592 - UnicodeAnalyzer - INFO - Filtrati 1 file (es. in /dist, /test).
2025-11-17 01:06:02,593 - UnicodeAnalyzer - INFO - -> Analizzando versione 1.2.15-rc.1752791004720 (167/255)...
2025-11-17 01:06:02,593 - UnicodeAnalyzer - INFO - Filtrati 1 file (es. in /dist, /test).
2025-11-17 01:06:02,593 - UnicodeAnalyzer - INFO - -> Analizzando versione 1.2.15-rc.1755114563302 (168/255)...
2025-11-17 01:06:02,593 - UnicodeAnalyzer - INFO - Filtrati 1 file (es. in /dist, /test).
2025-11-17 01:06:02,593 - UnicodeAnalyzer - INFO - -> Analizzando versione 1.2.15-rc.1755118410828 (169/255)...
2025-11-17 01:06:02,593 - UnicodeAnalyzer - INFO - Filtrati 1 file (es. in /dist, /test).
2025-11-17 01:06:02,593 - UnicodeAnalyzer - INFO - -> Analizzando versione 1.2.15-rc.1755201399387 (170/255)...
2025-11-17 01:06:02,593 - UnicodeAnalyzer - INFO - Filtrati 1 file (es. in /dist, /test).
2025-11-17 01:06:02,594 - UnicodeAnalyzer - INFO - -> Analizzando versione 1.2.15-rc.1755205432459 (171/255)...
2025-11-17 01:06:02,594 - UnicodeAnalyzer - INFO - Filtrati 1 file (es. in /dist, /test).
2025-11-17 01:06:02,594 - UnicodeAnalyzer - INFO - -> Analizzando versione 1.2.15-rc.1761327012562 (172/255)...
2025-11-17 01:06:02,594 - UnicodeAnalyzer - INFO - Filtrati 1 file (es. in /dist, /test).
2025-11-17 01:06:02,594 - UnicodeAnalyzer - INFO - -> Analizzando versione 1.2.15-rc.1761582029795 (173/255)...
2025-11-17 01:06:02,594 - UnicodeAnalyzer - INFO - Filtrati 1 file (es. in /dist, /test).
2025-11-17 01:06:02,594 - UnicodeAnalyzer - INFO - -> Analizzando versione 1.2.15-rc.1761614469962 (174/255)...
2025-11-17 01:06:02,594 - UnicodeAnalyzer - INFO - Filtrati 1 file (es. in /dist, /test).
2025-11-17 01:06:02,595 - UnicodeAnalyzer - INFO - -> Analizzando versione 1.2.15-rc.1761614930803 (175/255)...
2025-11-17 01:06:02,595 - UnicodeAnalyzer - INFO - Filtrati 1 file (es. in /dist, /test).
2025-11-17 01:06:02,595 - UnicodeAnalyzer - INFO - -> Analizzando versione 1.2.15-rc.1761615925003 (176/255)...
2025-11-17 01:06:02,595 - UnicodeAnalyzer - INFO - Filtrati 1 file (es. in /dist, /test).
2025-11-17 01:06:02,595 - UnicodeAnalyzer - INFO - -> Analizzando versione 1.2.15-rc.1761619701743 (177/255)...
2025-11-17 01:06:02,595 - UnicodeAnalyzer - INFO - Filtrati 1 file (es. in /dist, /test).
2025-11-17 01:06:02,595 - UnicodeAnalyzer - INFO - -> Analizzando versione 1.2.15-rc.1761620575619 (178/255)...
2025-11-17 01:06:02,595 - UnicodeAnalyzer - INFO - Filtrati 1 file (es. in /dist, /test).
2025-11-17 01:06:02,596 - UnicodeAnalyzer - INFO - -> Analizzando versione 1.2.15-rc.1761621280215 (179/255)...
2025-11-17 01:06:02,596 - UnicodeAnalyzer - INFO - Filtrati 1 file (es. in /dist, /test).
2025-11-17 01:06:02,596 - UnicodeAnalyzer - INFO - -> Analizzando versione 1.2.15-rc.1761750045307 (180/255)...
2025-11-17 01:06:02,596 - UnicodeAnalyzer - INFO - Filtrati 1 file (es. in /dist, /test).
2025-11-17 01:06:02,596 - UnicodeAnalyzer - INFO - -> Analizzando versione 1.2.15-rc.1761750294484 (181/255)...
2025-11-17 01:06:02,596 - UnicodeAnalyzer - INFO - Filtrati 1 file (es. in /dist, /test).
2025-11-17 01:06:02,596 - UnicodeAnalyzer - INFO - -> Analizzando versione 1.2.15-rc.1761752560860 (182/255)...
2025-11-17 01:06:02,596 - UnicodeAnalyzer - INFO - Filtrati 1 file (es. in /dist, /test).
2025-11-17 01:06:02,597 - UnicodeAnalyzer - INFO - -> Analizzando versione 1.2.15-rc.1761757765388 (183/255)...
2025-11-17 01:06:02,597 - UnicodeAnalyzer - INFO - Filtrati 1 file (es. in /dist, /test).
2025-11-17 01:06:02,597 - UnicodeAnalyzer - INFO - -> Analizzando versione 1.2.15-rc.1761760880074 (184/255)...
2025-11-17 01:06:02,597 - UnicodeAnalyzer - INFO - Filtrati 1 file (es. in /dist, /test).
2025-11-17 01:06:02,597 - UnicodeAnalyzer - INFO - -> Analizzando versione 1.2.16-rc.1762290574118 (185/255)...
2025-11-17 01:06:02,597 - UnicodeAnalyzer - INFO - Filtrati 1 file (es. in /dist, /test).
2025-11-17 01:06:02,597 - UnicodeAnalyzer - INFO - -> Analizzando versione 1.2.16-rc.1762291353631 (186/255)...
2025-11-17 01:06:02,597 - UnicodeAnalyzer - INFO - Filtrati 1 file (es. in /dist, /test).
2025-11-17 01:06:02,598 - UnicodeAnalyzer - INFO - -> Analizzando versione 1.2.2 (187/255)...
2025-11-17 01:06:02,598 - UnicodeAnalyzer - INFO - Filtrati 1 file (es. in /dist, /test).
2025-11-17 01:06:02,598 - UnicodeAnalyzer - INFO - -> Analizzando versione 1.2.2-rc.1 (188/255)...
2025-11-17 01:06:02,598 - UnicodeAnalyzer - INFO - Filtrati 1 file (es. in /dist, /test).
2025-11-17 01:06:02,598 - UnicodeAnalyzer - INFO - -> Analizzando versione 1.2.2-rc.10 (189/255)...
2025-11-17 01:06:02,598 - UnicodeAnalyzer - INFO - Filtrati 1 file (es. in /dist, /test).
2025-11-17 01:06:02,598 - UnicodeAnalyzer - INFO - -> Analizzando versione 1.2.2-rc.11 (190/255)...
2025-11-17 01:06:02,598 - UnicodeAnalyzer - INFO - Filtrati 1 file (es. in /dist, /test).
2025-11-17 01:06:02,599 - UnicodeAnalyzer - INFO - -> Analizzando versione 1.2.2-rc.12 (191/255)...
2025-11-17 01:06:02,599 - UnicodeAnalyzer - INFO - Filtrati 1 file (es. in /dist, /test).
2025-11-17 01:06:02,599 - UnicodeAnalyzer - INFO - -> Analizzando versione 1.2.2-rc.13 (192/255)...
2025-11-17 01:06:02,599 - UnicodeAnalyzer - INFO - Filtrati 1 file (es. in /dist, /test).
2025-11-17 01:06:02,599 - UnicodeAnalyzer - INFO - -> Analizzando versione 1.2.2-rc.14 (193/255)...
2025-11-17 01:06:02,599 - UnicodeAnalyzer - INFO - Filtrati 1 file (es. in /dist, /test).
2025-11-17 01:06:02,599 - UnicodeAnalyzer - INFO - -> Analizzando versione 1.2.2-rc.2 (194/255)...
2025-11-17 01:06:02,600 - UnicodeAnalyzer - INFO - Filtrati 1 file (es. in /dist, /test).
2025-11-17 01:06:02,600 - UnicodeAnalyzer - INFO - -> Analizzando versione 1.2.2-rc.3 (195/255)...
2025-11-17 01:06:02,600 - UnicodeAnalyzer - INFO - Filtrati 1 file (es. in /dist, /test).
2025-11-17 01:06:02,600 - UnicodeAnalyzer - INFO - -> Analizzando versione 1.2.2-rc.4 (196/255)...
2025-11-17 01:06:02,600 - UnicodeAnalyzer - INFO - Filtrati 1 file (es. in /dist, /test).
2025-11-17 01:06:02,600 - UnicodeAnalyzer - INFO - -> Analizzando versione 1.2.2-rc.5 (197/255)...
2025-11-17 01:06:02,600 - UnicodeAnalyzer - INFO - Filtrati 1 file (es. in /dist, /test).
2025-11-17 01:06:02,600 - UnicodeAnalyzer - INFO - -> Analizzando versione 1.2.2-rc.6 (198/255)...
2025-11-17 01:06:02,601 - UnicodeAnalyzer - INFO - Filtrati 1 file (es. in /dist, /test).
2025-11-17 01:06:02,601 - UnicodeAnalyzer - INFO - -> Analizzando versione 1.2.2-rc.7 (199/255)...
2025-11-17 01:06:02,601 - UnicodeAnalyzer - INFO - Filtrati 1 file (es. in /dist, /test).
2025-11-17 01:06:02,601 - UnicodeAnalyzer - INFO - -> Analizzando versione 1.2.2-rc.8 (200/255)...
2025-11-17 01:06:02,601 - UnicodeAnalyzer - INFO - Filtrati 1 file (es. in /dist, /test).
2025-11-17 01:06:02,601 - UnicodeAnalyzer - INFO - -> Analizzando versione 1.2.2-rc.9 (201/255)...
2025-11-17 01:06:02,601 - UnicodeAnalyzer - INFO - Filtrati 1 file (es. in /dist, /test).
2025-11-17 01:06:02,601 - UnicodeAnalyzer - INFO - -> Analizzando versione 1.2.3 (202/255)...
2025-11-17 01:06:02,601 - UnicodeAnalyzer - INFO - Filtrati 1 file (es. in /dist, /test).
2025-11-17 01:06:02,602 - UnicodeAnalyzer - INFO - -> Analizzando versione 1.2.3-rc.1 (203/255)...
2025-11-17 01:06:02,602 - UnicodeAnalyzer - INFO - Filtrati 1 file (es. in /dist, /test).
2025-11-17 01:06:02,602 - UnicodeAnalyzer - INFO - -> Analizzando versione 1.2.3-rc.2 (204/255)...
2025-11-17 01:06:02,602 - UnicodeAnalyzer - INFO - Filtrati 1 file (es. in /dist, /test).
2025-11-17 01:06:02,602 - UnicodeAnalyzer - INFO - -> Analizzando versione 1.2.3-rc.3 (205/255)...
2025-11-17 01:06:02,602 - UnicodeAnalyzer - INFO - Filtrati 1 file (es. in /dist, /test).
2025-11-17 01:06:02,602 - UnicodeAnalyzer - INFO - -> Analizzando versione 1.2.4 (206/255)...
2025-11-17 01:06:02,602 - UnicodeAnalyzer - INFO - Filtrati 1 file (es. in /dist, /test).
2025-11-17 01:06:02,602 - UnicodeAnalyzer - INFO - -> Analizzando versione 1.2.5 (207/255)...
2025-11-17 01:06:02,603 - UnicodeAnalyzer - INFO - Filtrati 1 file (es. in /dist, /test).
2025-11-17 01:06:02,603 - UnicodeAnalyzer - INFO - -> Analizzando versione 1.2.5-rc.1 (208/255)...
2025-11-17 01:06:02,603 - UnicodeAnalyzer - INFO - Filtrati 1 file (es. in /dist, /test).
2025-11-17 01:06:02,603 - UnicodeAnalyzer - INFO - -> Analizzando versione 1.2.5-rc.2 (209/255)...
2025-11-17 01:06:02,603 - UnicodeAnalyzer - INFO - Filtrati 1 file (es. in /dist, /test).
2025-11-17 01:06:02,603 - UnicodeAnalyzer - INFO - -> Analizzando versione 1.2.5-rc.3 (210/255)...
2025-11-17 01:06:02,603 - UnicodeAnalyzer - INFO - Filtrati 1 file (es. in /dist, /test).
2025-11-17 01:06:02,603 - UnicodeAnalyzer - INFO - -> Analizzando versione 1.2.5-rc.4 (211/255)...
2025-11-17 01:06:02,604 - UnicodeAnalyzer - INFO - Filtrati 1 file (es. in /dist, /test).
2025-11-17 01:06:02,604 - UnicodeAnalyzer - INFO - -> Analizzando versione 1.2.5-rc.5 (212/255)...
2025-11-17 01:06:02,604 - UnicodeAnalyzer - INFO - Filtrati 1 file (es. in /dist, /test).
2025-11-17 01:06:02,604 - UnicodeAnalyzer - INFO - -> Analizzando versione 1.2.5-rc.6 (213/255)...
2025-11-17 01:06:02,604 - UnicodeAnalyzer - INFO - Filtrati 1 file (es. in /dist, /test).
2025-11-17 01:06:02,604 - UnicodeAnalyzer - INFO - -> Analizzando versione 1.2.5-rc.7 (214/255)...
2025-11-17 01:06:02,604 - UnicodeAnalyzer - INFO - Filtrati 1 file (es. in /dist, /test).
2025-11-17 01:06:02,604 - UnicodeAnalyzer - INFO - -> Analizzando versione 1.2.5-rc.8 (215/255)...
2025-11-17 01:06:02,605 - UnicodeAnalyzer - INFO - Filtrati 1 file (es. in /dist, /test).
2025-11-17 01:06:02,605 - UnicodeAnalyzer - INFO - -> Analizzando versione 1.2.5-rc.9 (216/255)...
2025-11-17 01:06:02,605 - UnicodeAnalyzer - INFO - Filtrati 1 file (es. in /dist, /test).
2025-11-17 01:06:02,605 - UnicodeAnalyzer - INFO - -> Analizzando versione 1.2.6 (217/255)...
2025-11-17 01:06:02,605 - UnicodeAnalyzer - INFO - Filtrati 1 file (es. in /dist, /test).
2025-11-17 01:06:02,605 - UnicodeAnalyzer - INFO - -> Analizzando versione 1.2.6-rc.1 (218/255)...
2025-11-17 01:06:02,605 - UnicodeAnalyzer - INFO - Filtrati 1 file (es. in /dist, /test).
2025-11-17 01:06:02,605 - UnicodeAnalyzer - INFO - -> Analizzando versione 1.2.6-rc.2 (219/255)...
2025-11-17 01:06:02,606 - UnicodeAnalyzer - INFO - Filtrati 1 file (es. in /dist, /test).
2025-11-17 01:06:02,606 - UnicodeAnalyzer - INFO - -> Analizzando versione 1.2.6-rc.3 (220/255)...
2025-11-17 01:06:02,606 - UnicodeAnalyzer - INFO - Filtrati 1 file (es. in /dist, /test).
2025-11-17 01:06:02,606 - UnicodeAnalyzer - INFO - -> Analizzando versione 1.2.6-rc.4 (221/255)...
2025-11-17 01:06:02,606 - UnicodeAnalyzer - INFO - Filtrati 1 file (es. in /dist, /test).
2025-11-17 01:06:02,606 - UnicodeAnalyzer - INFO - -> Analizzando versione 1.2.6-rc.5 (222/255)...
2025-11-17 01:06:02,606 - UnicodeAnalyzer - INFO - Filtrati 1 file (es. in /dist, /test).
2025-11-17 01:06:02,606 - UnicodeAnalyzer - INFO - -> Analizzando versione 1.2.7 (223/255)...
2025-11-17 01:06:02,607 - UnicodeAnalyzer - INFO - Filtrati 1 file (es. in /dist, /test).
2025-11-17 01:06:02,607 - UnicodeAnalyzer - INFO - -> Analizzando versione 1.2.7-rc.1 (224/255)...
2025-11-17 01:06:02,607 - UnicodeAnalyzer - INFO - Filtrati 1 file (es. in /dist, /test).
2025-11-17 01:06:02,607 - UnicodeAnalyzer - INFO - -> Analizzando versione 1.2.7-rc.10 (225/255)...
2025-11-17 01:06:02,607 - UnicodeAnalyzer - INFO - Filtrati 1 file (es. in /dist, /test).
2025-11-17 01:06:02,607 - UnicodeAnalyzer - INFO - -> Analizzando versione 1.2.7-rc.2 (226/255)...
2025-11-17 01:06:02,607 - UnicodeAnalyzer - INFO - Filtrati 1 file (es. in /dist, /test).
2025-11-17 01:06:02,607 - UnicodeAnalyzer - INFO - -> Analizzando versione 1.2.7-rc.3 (227/255)...
2025-11-17 01:06:02,608 - UnicodeAnalyzer - INFO - Filtrati 1 file (es. in /dist, /test).
2025-11-17 01:06:02,608 - UnicodeAnalyzer - INFO - -> Analizzando versione 1.2.7-rc.4 (228/255)...
2025-11-17 01:06:02,608 - UnicodeAnalyzer - INFO - Filtrati 1 file (es. in /dist, /test).
2025-11-17 01:06:02,608 - UnicodeAnalyzer - INFO - -> Analizzando versione 1.2.7-rc.5 (229/255)...
2025-11-17 01:06:02,608 - UnicodeAnalyzer - INFO - Filtrati 1 file (es. in /dist, /test).
2025-11-17 01:06:02,608 - UnicodeAnalyzer - INFO - -> Analizzando versione 1.2.7-rc.6 (230/255)...
2025-11-17 01:06:02,608 - UnicodeAnalyzer - INFO - Filtrati 1 file (es. in /dist, /test).
2025-11-17 01:06:02,608 - UnicodeAnalyzer - INFO - -> Analizzando versione 1.2.7-rc.7 (231/255)...
2025-11-17 01:06:02,609 - UnicodeAnalyzer - INFO - Filtrati 1 file (es. in /dist, /test).
2025-11-17 01:06:02,609 - UnicodeAnalyzer - INFO - -> Analizzando versione 1.2.7-rc.8 (232/255)...
2025-11-17 01:06:02,609 - UnicodeAnalyzer - INFO - Filtrati 1 file (es. in /dist, /test).
2025-11-17 01:06:02,609 - UnicodeAnalyzer - INFO - -> Analizzando versione 1.2.7-rc.9 (233/255)...
2025-11-17 01:06:02,609 - UnicodeAnalyzer - INFO - Filtrati 1 file (es. in /dist, /test).
2025-11-17 01:06:02,609 - UnicodeAnalyzer - INFO - -> Analizzando versione 1.2.8 (234/255)...
2025-11-17 01:06:02,609 - UnicodeAnalyzer - INFO - Filtrati 1 file (es. in /dist, /test).
2025-11-17 01:06:02,609 - UnicodeAnalyzer - INFO - -> Analizzando versione 1.2.8-rc.1744259191780 (235/255)...
2025-11-17 01:06:02,610 - UnicodeAnalyzer - INFO - Filtrati 1 file (es. in /dist, /test).
2025-11-17 01:06:02,610 - UnicodeAnalyzer - INFO - -> Analizzando versione 1.2.8-rc.1744259481941 (236/255)...
2025-11-17 01:06:02,610 - UnicodeAnalyzer - INFO - Filtrati 1 file (es. in /dist, /test).
2025-11-17 01:06:02,610 - UnicodeAnalyzer - INFO - -> Analizzando versione 1.2.8-rc.1744311029001 (237/255)...
2025-11-17 01:06:02,610 - UnicodeAnalyzer - INFO - Filtrati 1 file (es. in /dist, /test).
2025-11-17 01:06:02,610 - UnicodeAnalyzer - INFO - -> Analizzando versione 1.2.8-rc.1744416976900 (238/255)...
2025-11-17 01:06:02,610 - UnicodeAnalyzer - INFO - Filtrati 1 file (es. in /dist, /test).
2025-11-17 01:06:02,610 - UnicodeAnalyzer - INFO - -> Analizzando versione 1.2.8-rc.1744502104733 (239/255)...
2025-11-17 01:06:02,611 - UnicodeAnalyzer - INFO - Filtrati 1 file (es. in /dist, /test).
2025-11-17 01:06:02,611 - UnicodeAnalyzer - INFO - -> Analizzando versione 1.2.8-rc.1744518250005 (240/255)...
2025-11-17 01:06:02,611 - UnicodeAnalyzer - INFO - Filtrati 1 file (es. in /dist, /test).
2025-11-17 01:06:02,611 - UnicodeAnalyzer - INFO - -> Analizzando versione 1.2.8-rc.1744519235198 (241/255)...
2025-11-17 01:06:02,611 - UnicodeAnalyzer - INFO - Filtrati 1 file (es. in /dist, /test).
2025-11-17 01:06:02,611 - UnicodeAnalyzer - INFO - -> Analizzando versione 1.2.8-rc.1744574857111 (242/255)...
2025-11-17 01:06:02,611 - UnicodeAnalyzer - INFO - Filtrati 1 file (es. in /dist, /test).
2025-11-17 01:06:02,611 - UnicodeAnalyzer - INFO - -> Analizzando versione 1.2.8-rc.1744660991666 (243/255)...
2025-11-17 01:06:02,612 - UnicodeAnalyzer - INFO - Filtrati 1 file (es. in /dist, /test).
2025-11-17 01:06:02,612 - UnicodeAnalyzer - INFO - -> Analizzando versione 1.2.8-rc.1744661316162 (244/255)...
2025-11-17 01:06:02,612 - UnicodeAnalyzer - INFO - Filtrati 1 file (es. in /dist, /test).
2025-11-17 01:06:02,612 - UnicodeAnalyzer - INFO - -> Analizzando versione 1.2.8-rc.1744830756566 (245/255)...
2025-11-17 01:06:02,612 - UnicodeAnalyzer - INFO - Filtrati 1 file (es. in /dist, /test).
2025-11-17 01:06:02,612 - UnicodeAnalyzer - INFO - -> Analizzando versione 1.2.8-rc.1744831331200 (246/255)...
2025-11-17 01:06:02,612 - UnicodeAnalyzer - INFO - Filtrati 1 file (es. in /dist, /test).
2025-11-17 01:06:02,612 - UnicodeAnalyzer - INFO - -> Analizzando versione 1.2.8-rc.1744836032308 (247/255)...
2025-11-17 01:06:02,613 - UnicodeAnalyzer - INFO - Filtrati 1 file (es. in /dist, /test).
2025-11-17 01:06:02,613 - UnicodeAnalyzer - INFO - -> Analizzando versione 1.2.8-rc.1744897529216 (248/255)...
2025-11-17 01:06:02,613 - UnicodeAnalyzer - INFO - Filtrati 1 file (es. in /dist, /test).
2025-11-17 01:06:02,613 - UnicodeAnalyzer - INFO - -> Analizzando versione 1.2.8-rc.1744898528774 (249/255)...
2025-11-17 01:06:02,613 - UnicodeAnalyzer - INFO - Filtrati 1 file (es. in /dist, /test).
2025-11-17 01:06:02,613 - UnicodeAnalyzer - INFO - -> Analizzando versione 1.2.8-rc.1744905634543 (250/255)...
2025-11-17 01:06:02,613 - UnicodeAnalyzer - INFO - Filtrati 1 file (es. in /dist, /test).
2025-11-17 01:06:02,613 - UnicodeAnalyzer - INFO - -> Analizzando versione 1.2.8-rc.1744910682821 (251/255)...
2025-11-17 01:06:02,614 - UnicodeAnalyzer - INFO - Filtrati 1 file (es. in /dist, /test).
2025-11-17 01:06:02,614 - UnicodeAnalyzer - INFO - -> Analizzando versione 1.2.9 (252/255)...
2025-11-17 01:06:02,614 - UnicodeAnalyzer - INFO - Filtrati 1 file (es. in /dist, /test).
2025-11-17 01:06:02,614 - UnicodeAnalyzer - INFO - -> Analizzando versione 1.2.9-rc.1744998730501 (253/255)...
2025-11-17 01:06:02,614 - UnicodeAnalyzer - INFO - Filtrati 1 file (es. in /dist, /test).
2025-11-17 01:06:02,614 - UnicodeAnalyzer - INFO - -> Analizzando versione 1.2.9-rc.1744998943107 (254/255)...
2025-11-17 01:06:02,614 - UnicodeAnalyzer - INFO - Filtrati 1 file (es. in /dist, /test).
2025-11-17 01:06:02,614 - UnicodeAnalyzer - INFO - -> Analizzando versione 1.2.9-rc.1744999865452 (255/255)...
2025-11-17 01:06:02,615 - UnicodeAnalyzer - INFO - Filtrati 1 file (es. in /dist, /test).
2025-11-17 01:06:02,615 - UnicodeAnalyzer - INFO - Esportando i risultati HUT per '@radix-ui/react-toast' in CSV...
2025-11-17 01:06:02,615 - UnicodeAnalyzer - WARNING - Nessun file analizzato. I file CSV saranno vuoti.
2025-11-17 01:06:02,615 - NPM_HUT_Analyzer - INFO - Pulizia cartella temporanea 'temp_hut/@radix-ui_react-toast'...
2025-11-17 01:06:02,675 - NPM_HUT_Analyzer - INFO - Pulizia completata.
