2025-10-25 11:54:10,003 - NPM_Analyzer - INFO - Fetching metadata for 'jscodeshift'...
2025-10-25 11:54:10,138 - NPM_Analyzer - INFO - Found 71 versions. Starting download into 'temp/jscodeshift'...
2025-10-25 11:54:58,183 - BlankSpaceAnalyzer - INFO - Analyzing 71 versions for '*.js' in 'jscodeshift'.
2025-10-25 11:54:58,183 - BlankSpaceAnalyzer - INFO - -> Analyzing version 0.1.0 (1/71)...
2025-10-25 11:54:58,270 - BlankSpaceAnalyzer - INFO - -> Analyzing version 0.1.1 (2/71)...
2025-10-25 11:54:58,329 - BlankSpaceAnalyzer - INFO - -> Analyzing version 0.1.2 (3/71)...
2025-10-25 11:54:58,393 - BlankSpaceAnalyzer - INFO - -> Analyzing version 0.1.3 (4/71)...
2025-10-25 11:54:58,458 - BlankSpaceAnalyzer - INFO - -> Analyzing version 0.1.4 (5/71)...
2025-10-25 11:54:58,524 - BlankSpaceAnalyzer - INFO - -> Analyzing version 0.1.5 (6/71)...
2025-10-25 11:54:58,589 - BlankSpaceAnalyzer - INFO - -> Analyzing version 0.1.6 (7/71)...
2025-10-25 11:54:58,658 - BlankSpaceAnalyzer - INFO - -> Analyzing version 0.10.0 (8/71)...
2025-10-25 11:54:58,725 - BlankSpaceAnalyzer - INFO - -> Analyzing version 0.11.0 (9/71)...
2025-10-25 11:54:58,798 - BlankSpaceAnalyzer - INFO - -> Analyzing version 0.12.0 (10/71)...
2025-10-25 11:54:58,867 - BlankSpaceAnalyzer - INFO - -> Analyzing version 0.13.0 (11/71)...
2025-10-25 11:54:58,936 - BlankSpaceAnalyzer - INFO - -> Analyzing version 0.13.1 (12/71)...
2025-10-25 11:54:59,003 - BlankSpaceAnalyzer - INFO - -> Analyzing version 0.14.0 (13/71)...
2025-10-25 11:54:59,073 - BlankSpaceAnalyzer - INFO - -> Analyzing version 0.15.0 (14/71)...
2025-10-25 11:54:59,144 - BlankSpaceAnalyzer - INFO - -> Analyzing version 0.15.1 (15/71)...
2025-10-25 11:54:59,213 - BlankSpaceAnalyzer - INFO - -> Analyzing version 0.15.2 (16/71)...
2025-10-25 11:54:59,281 - BlankSpaceAnalyzer - INFO - -> Analyzing version 0.16.0 (17/71)...
2025-10-25 11:54:59,345 - BlankSpaceAnalyzer - INFO - -> Analyzing version 0.16.1 (18/71)...
2025-10-25 11:54:59,414 - BlankSpaceAnalyzer - INFO - -> Analyzing version 0.2.0 (19/71)...
2025-10-25 11:54:59,481 - BlankSpaceAnalyzer - INFO - -> Analyzing version 0.3.0 (20/71)...
2025-10-25 11:54:59,547 - BlankSpaceAnalyzer - INFO - -> Analyzing version 0.3.1 (21/71)...
2025-10-25 11:54:59,612 - BlankSpaceAnalyzer - INFO - -> Analyzing version 0.3.10 (22/71)...
2025-10-25 11:54:59,678 - BlankSpaceAnalyzer - INFO - -> Analyzing version 0.3.11 (23/71)...
2025-10-25 11:54:59,747 - BlankSpaceAnalyzer - INFO - -> Analyzing version 0.3.12 (24/71)...
2025-10-25 11:54:59,816 - BlankSpaceAnalyzer - INFO - -> Analyzing version 0.3.13 (25/71)...
2025-10-25 11:54:59,879 - BlankSpaceAnalyzer - INFO - -> Analyzing version 0.3.14 (26/71)...
2025-10-25 11:54:59,939 - BlankSpaceAnalyzer - INFO - -> Analyzing version 0.3.15 (27/71)...
2025-10-25 11:55:00,004 - BlankSpaceAnalyzer - INFO - -> Analyzing version 0.3.16 (28/71)...
2025-10-25 11:55:00,070 - BlankSpaceAnalyzer - INFO - -> Analyzing version 0.3.17 (29/71)...
2025-10-25 11:55:00,134 - BlankSpaceAnalyzer - INFO - -> Analyzing version 0.3.18 (30/71)...
2025-10-25 11:55:00,197 - BlankSpaceAnalyzer - INFO - -> Analyzing version 0.3.19 (31/71)...
2025-10-25 11:55:00,263 - BlankSpaceAnalyzer - INFO - -> Analyzing version 0.3.2 (32/71)...
2025-10-25 11:55:00,329 - BlankSpaceAnalyzer - INFO - -> Analyzing version 0.3.20 (33/71)...
2025-10-25 11:55:00,395 - BlankSpaceAnalyzer - INFO - -> Analyzing version 0.3.21 (34/71)...
2025-10-25 11:55:00,462 - BlankSpaceAnalyzer - INFO - -> Analyzing version 0.3.22 (35/71)...
2025-10-25 11:55:00,528 - BlankSpaceAnalyzer - INFO - -> Analyzing version 0.3.23 (36/71)...
2025-10-25 11:55:00,594 - BlankSpaceAnalyzer - INFO - -> Analyzing version 0.3.24 (37/71)...
2025-10-25 11:55:00,660 - BlankSpaceAnalyzer - INFO - -> Analyzing version 0.3.25 (38/71)...
2025-10-25 11:55:00,727 - BlankSpaceAnalyzer - INFO - -> Analyzing version 0.3.26 (39/71)...
2025-10-25 11:55:00,794 - BlankSpaceAnalyzer - INFO - -> Analyzing version 0.3.27 (40/71)...
2025-10-25 11:55:00,861 - BlankSpaceAnalyzer - INFO - -> Analyzing version 0.3.28 (41/71)...
2025-10-25 11:55:00,927 - BlankSpaceAnalyzer - INFO - -> Analyzing version 0.3.29 (42/71)...
2025-10-25 11:55:00,994 - BlankSpaceAnalyzer - INFO - -> Analyzing version 0.3.3 (43/71)...
2025-10-25 11:55:01,060 - BlankSpaceAnalyzer - INFO - -> Analyzing version 0.3.30 (44/71)...
2025-10-25 11:55:01,127 - BlankSpaceAnalyzer - INFO - -> Analyzing version 0.3.31 (45/71)...
2025-10-25 11:55:01,194 - BlankSpaceAnalyzer - INFO - -> Analyzing version 0.3.32 (46/71)...
2025-10-25 11:55:01,264 - BlankSpaceAnalyzer - INFO - -> Analyzing version 0.3.4 (47/71)...
2025-10-25 11:55:01,325 - BlankSpaceAnalyzer - INFO - -> Analyzing version 0.3.5 (48/71)...
2025-10-25 11:55:01,392 - BlankSpaceAnalyzer - INFO - -> Analyzing version 0.3.6 (49/71)...
2025-10-25 11:55:01,456 - BlankSpaceAnalyzer - INFO - -> Analyzing version 0.3.7 (50/71)...
2025-10-25 11:55:01,521 - BlankSpaceAnalyzer - INFO - -> Analyzing version 0.3.8 (51/71)...
2025-10-25 11:55:01,586 - BlankSpaceAnalyzer - INFO - -> Analyzing version 0.3.9 (52/71)...
2025-10-25 11:55:01,652 - BlankSpaceAnalyzer - INFO - -> Analyzing version 0.4.0 (53/71)...
2025-10-25 11:55:01,719 - BlankSpaceAnalyzer - INFO - -> Analyzing version 0.4.1 (54/71)...
2025-10-25 11:55:01,787 - BlankSpaceAnalyzer - INFO - -> Analyzing version 0.5.0 (55/71)...
2025-10-25 11:55:01,856 - BlankSpaceAnalyzer - INFO - -> Analyzing version 0.5.1 (56/71)...
2025-10-25 11:55:01,923 - BlankSpaceAnalyzer - INFO - -> Analyzing version 0.6.0 (57/71)...
2025-10-25 11:55:01,991 - BlankSpaceAnalyzer - INFO - -> Analyzing version 0.6.1 (58/71)...
2025-10-25 11:55:02,061 - BlankSpaceAnalyzer - INFO - -> Analyzing version 0.6.2 (59/71)...
2025-10-25 11:55:02,129 - BlankSpaceAnalyzer - INFO - -> Analyzing version 0.6.3 (60/71)...
2025-10-25 11:55:02,198 - BlankSpaceAnalyzer - INFO - -> Analyzing version 0.6.4 (61/71)...
2025-10-25 11:55:02,266 - BlankSpaceAnalyzer - INFO - -> Analyzing version 0.7.0 (62/71)...
2025-10-25 11:55:02,339 - BlankSpaceAnalyzer - INFO - -> Analyzing version 0.7.1 (63/71)...
2025-10-25 11:55:02,408 - BlankSpaceAnalyzer - INFO - -> Analyzing version 0.8.0 (64/71)...
2025-10-25 11:55:02,476 - BlankSpaceAnalyzer - INFO - -> Analyzing version 0.9.0 (65/71)...
2025-10-25 11:55:02,545 - BlankSpaceAnalyzer - INFO - -> Analyzing version 17.0.0 (66/71)...
2025-10-25 11:55:02,616 - BlankSpaceAnalyzer - INFO - -> Analyzing version 17.1.0 (67/71)...
2025-10-25 11:55:02,686 - BlankSpaceAnalyzer - INFO - -> Analyzing version 17.1.1 (68/71)...
2025-10-25 11:55:02,757 - BlankSpaceAnalyzer - INFO - -> Analyzing version 17.1.2 (69/71)...
2025-10-25 11:55:02,828 - BlankSpaceAnalyzer - INFO - -> Analyzing version 17.2.0 (70/71)...
2025-10-25 11:55:02,899 - BlankSpaceAnalyzer - INFO - -> Analyzing version 17.3.0 (71/71)...
2025-10-25 11:55:02,961 - BlankSpaceAnalyzer - INFO - Exporting results for 'jscodeshift' to CSV...
2025-10-25 11:55:03,047 - BlankSpaceAnalyzer - INFO - Reports saved in: /app/npm_results/jscodeshift
2025-10-25 11:55:03,048 - NPM_Analyzer - INFO - Cleaning temporary folder 'temp/jscodeshift'...
2025-10-25 11:55:03,113 - NPM_Analyzer - INFO - Cleanup completed.
