2025-10-31 14:40:17,995 - NPM_Analyzer - INFO - Fetching metadata for 'react-device-detect'...
2025-10-31 14:40:18,075 - NPM_Analyzer - INFO - Found 42 versions. Starting download into 'temp/react-device-detect'...
2025-10-31 14:40:42,060 - BlankSpaceAnalyzer - INFO - Analyzing 42 versions for '*.js' in 'react-device-detect'.
2025-10-31 14:40:42,060 - BlankSpaceAnalyzer - INFO - -> Analyzing version 0.1.0 (1/42)...
2025-10-31 14:40:42,176 - BlankSpaceAnalyzer - INFO - -> Analyzing version 1.0.0 (2/42)...
2025-10-31 14:40:42,263 - BlankSpaceAnalyzer - INFO - -> Analyzing version 1.0.1 (3/42)...
2025-10-31 14:40:42,351 - BlankSpaceAnalyzer - INFO - -> Analyzing version 1.1.2 (4/42)...
2025-10-31 14:40:42,439 - BlankSpaceAnalyzer - INFO - -> Analyzing version 1.10.11 (5/42)...
2025-10-31 14:40:42,526 - BlankSpaceAnalyzer - INFO - -> Analyzing version 1.11.11 (6/42)...
2025-10-31 14:40:42,614 - BlankSpaceAnalyzer - INFO - -> Analyzing version 1.11.12 (7/42)...
2025-10-31 14:40:42,701 - BlankSpaceAnalyzer - INFO - -> Analyzing version 1.11.13 (8/42)...
2025-10-31 14:40:42,788 - BlankSpaceAnalyzer - INFO - -> Analyzing version 1.11.14 (9/42)...
2025-10-31 14:40:42,875 - BlankSpaceAnalyzer - INFO - -> Analyzing version 1.12.0 (10/42)...
2025-10-31 14:40:42,963 - BlankSpaceAnalyzer - INFO - -> Analyzing version 1.12.1 (11/42)...
2025-10-31 14:40:43,053 - BlankSpaceAnalyzer - INFO - -> Analyzing version 1.13.1 (12/42)...
2025-10-31 14:40:43,141 - BlankSpaceAnalyzer - INFO - -> Analyzing version 1.14.0 (13/42)...
2025-10-31 14:40:43,230 - BlankSpaceAnalyzer - INFO - -> Analyzing version 1.15.0 (14/42)...
2025-10-31 14:40:43,320 - BlankSpaceAnalyzer - INFO - -> Analyzing version 1.16.0 (15/42)...
2025-10-31 14:40:43,408 - BlankSpaceAnalyzer - INFO - -> Analyzing version 1.17.0 (16/42)...
2025-10-31 14:40:43,495 - BlankSpaceAnalyzer - INFO - -> Analyzing version 1.3.4 (17/42)...
2025-10-31 14:40:43,583 - BlankSpaceAnalyzer - INFO - -> Analyzing version 1.4.5 (18/42)...
2025-10-31 14:40:43,671 - BlankSpaceAnalyzer - INFO - -> Analyzing version 1.4.6 (19/42)...
2025-10-31 14:40:43,759 - BlankSpaceAnalyzer - INFO - -> Analyzing version 1.4.7 (20/42)...
2025-10-31 14:40:43,847 - BlankSpaceAnalyzer - INFO - -> Analyzing version 1.5.7 (21/42)...
2025-10-31 14:40:43,935 - BlankSpaceAnalyzer - INFO - -> Analyzing version 1.5.8 (22/42)...
2025-10-31 14:40:44,023 - BlankSpaceAnalyzer - INFO - -> Analyzing version 1.5.9 (23/42)...
2025-10-31 14:40:44,113 - BlankSpaceAnalyzer - INFO - -> Analyzing version 1.6.1 (24/42)...
2025-10-31 14:40:44,201 - BlankSpaceAnalyzer - INFO - -> Analyzing version 1.6.2 (25/42)...
2025-10-31 14:40:44,296 - BlankSpaceAnalyzer - INFO - -> Analyzing version 1.6.3 (26/42)...
2025-10-31 14:40:44,385 - BlankSpaceAnalyzer - INFO - -> Analyzing version 1.6.4 (27/42)...
2025-10-31 14:40:44,474 - BlankSpaceAnalyzer - INFO - -> Analyzing version 1.6.5 (28/42)...
2025-10-31 14:40:44,562 - BlankSpaceAnalyzer - INFO - -> Analyzing version 1.7.5 (29/42)...
2025-10-31 14:40:44,651 - BlankSpaceAnalyzer - INFO - -> Analyzing version 1.7.6 (30/42)...
2025-10-31 14:40:44,739 - BlankSpaceAnalyzer - INFO - -> Analyzing version 1.8.6 (31/42)...
2025-10-31 14:40:44,826 - BlankSpaceAnalyzer - INFO - -> Analyzing version 1.9.10 (32/42)...
2025-10-31 14:40:44,915 - BlankSpaceAnalyzer - INFO - -> Analyzing version 1.9.6 (33/42)...
2025-10-31 14:40:45,002 - BlankSpaceAnalyzer - INFO - -> Analyzing version 1.9.7 (34/42)...
2025-10-31 14:40:45,090 - BlankSpaceAnalyzer - INFO - -> Analyzing version 1.9.8 (35/42)...
2025-10-31 14:40:45,178 - BlankSpaceAnalyzer - INFO - -> Analyzing version 1.9.9 (36/42)...
2025-10-31 14:40:45,266 - BlankSpaceAnalyzer - INFO - -> Analyzing version 2.0.0 (37/42)...
2025-10-31 14:40:45,355 - BlankSpaceAnalyzer - INFO - -> Analyzing version 2.0.1 (38/42)...
2025-10-31 14:40:45,443 - BlankSpaceAnalyzer - INFO - -> Analyzing version 2.1.1 (39/42)...
2025-10-31 14:40:45,531 - BlankSpaceAnalyzer - INFO - -> Analyzing version 2.1.2 (40/42)...
2025-10-31 14:40:45,619 - BlankSpaceAnalyzer - INFO - -> Analyzing version 2.2.2 (41/42)...
2025-10-31 14:40:45,708 - BlankSpaceAnalyzer - INFO - -> Analyzing version 2.2.3 (42/42)...
2025-10-31 14:40:45,805 - BlankSpaceAnalyzer - INFO - Exporting results for 'react-device-detect' to CSV...
2025-10-31 14:40:45,837 - BlankSpaceAnalyzer - INFO - Reports saved in: /app/npm_results/react-device-detect
2025-10-31 14:40:45,837 - NPM_Analyzer - INFO - Cleaning temporary folder 'temp/react-device-detect'...
2025-10-31 14:40:45,847 - NPM_Analyzer - INFO - Cleanup completed.
