2025-11-07 08:37:38,603 - NPM_Analyzer - INFO - Fetching metadata for '@inquirer/expand'...
2025-11-07 08:37:38,810 - NPM_Analyzer - INFO - Found 103 versions. Starting download into 'temp/@inquirer_expand'...
2025-11-07 08:39:25,131 - BlankSpaceAnalyzer - INFO - Analyzing 103 versions for '*.js' in '@inquirer_expand'.
2025-11-07 08:39:25,131 - BlankSpaceAnalyzer - INFO - -> Analyzing version 0.0.10-alpha.0 (1/103)...
2025-11-07 08:39:25,198 - BlankSpaceAnalyzer - INFO - -> Analyzing version 0.0.11-alpha.0 (2/103)...
2025-11-07 08:39:25,236 - BlankSpaceAnalyzer - INFO - -> Analyzing version 0.0.12-alpha.0 (3/103)...
2025-11-07 08:39:25,275 - BlankSpaceAnalyzer - INFO - -> Analyzing version 0.0.13-alpha.0 (4/103)...
2025-11-07 08:39:25,317 - BlankSpaceAnalyzer - INFO - -> Analyzing version 0.0.14-alpha.0 (5/103)...
2025-11-07 08:39:25,359 - BlankSpaceAnalyzer - INFO - -> Analyzing version 0.0.15-alpha.0 (6/103)...
2025-11-07 08:39:25,401 - BlankSpaceAnalyzer - INFO - -> Analyzing version 0.0.16-alpha.0 (7/103)...
2025-11-07 08:39:25,443 - BlankSpaceAnalyzer - INFO - -> Analyzing version 0.0.17-alpha.0 (8/103)...
2025-11-07 08:39:25,486 - BlankSpaceAnalyzer - INFO - -> Analyzing version 0.0.18-alpha.0 (9/103)...
2025-11-07 08:39:25,528 - BlankSpaceAnalyzer - INFO - -> Analyzing version 0.0.19-alpha.0 (10/103)...
2025-11-07 08:39:25,570 - BlankSpaceAnalyzer - INFO - -> Analyzing version 0.0.20-alpha.0 (11/103)...
2025-11-07 08:39:25,612 - BlankSpaceAnalyzer - INFO - -> Analyzing version 0.0.21-alpha.0 (12/103)...
2025-11-07 08:39:25,655 - BlankSpaceAnalyzer - INFO - -> Analyzing version 0.0.22-alpha.0 (13/103)...
2025-11-07 08:39:25,655 - BlankSpaceAnalyzer - INFO - -> Analyzing version 0.0.23-alpha.0 (14/103)...
2025-11-07 08:39:25,656 - BlankSpaceAnalyzer - INFO - -> Analyzing version 0.0.24-alpha.0 (15/103)...
2025-11-07 08:39:25,656 - BlankSpaceAnalyzer - INFO - -> Analyzing version 0.0.26-alpha.0 (16/103)...
2025-11-07 08:39:25,656 - BlankSpaceAnalyzer - INFO - -> Analyzing version 0.0.27-alpha.0 (17/103)...
2025-11-07 08:39:25,657 - BlankSpaceAnalyzer - INFO - -> Analyzing version 0.0.28-alpha.0 (18/103)...
2025-11-07 08:39:25,657 - BlankSpaceAnalyzer - INFO - -> Analyzing version 0.0.5-alpha.0 (19/103)...
2025-11-07 08:39:25,699 - BlankSpaceAnalyzer - INFO - -> Analyzing version 0.0.6-alpha.0 (20/103)...
2025-11-07 08:39:25,742 - BlankSpaceAnalyzer - INFO - -> Analyzing version 0.0.7-alpha.0 (21/103)...
2025-11-07 08:39:25,786 - BlankSpaceAnalyzer - INFO - -> Analyzing version 0.0.9-alpha.0 (22/103)...
2025-11-07 08:39:25,829 - BlankSpaceAnalyzer - INFO - -> Analyzing version 0.1.0 (23/103)...
2025-11-07 08:39:25,829 - BlankSpaceAnalyzer - INFO - -> Analyzing version 1.0.0 (24/103)...
2025-11-07 08:39:25,830 - BlankSpaceAnalyzer - INFO - -> Analyzing version 1.0.1 (25/103)...
2025-11-07 08:39:25,830 - BlankSpaceAnalyzer - INFO - -> Analyzing version 1.0.10 (26/103)...
2025-11-07 08:39:25,830 - BlankSpaceAnalyzer - INFO - -> Analyzing version 1.0.11 (27/103)...
2025-11-07 08:39:25,831 - BlankSpaceAnalyzer - INFO - -> Analyzing version 1.0.2 (28/103)...
2025-11-07 08:39:25,831 - BlankSpaceAnalyzer - INFO - -> Analyzing version 1.0.3 (29/103)...
2025-11-07 08:39:25,832 - BlankSpaceAnalyzer - INFO - -> Analyzing version 1.0.4 (30/103)...
2025-11-07 08:39:25,832 - BlankSpaceAnalyzer - INFO - -> Analyzing version 1.0.6 (31/103)...
2025-11-07 08:39:25,833 - BlankSpaceAnalyzer - INFO - -> Analyzing version 1.0.7 (32/103)...
2025-11-07 08:39:25,833 - BlankSpaceAnalyzer - INFO - -> Analyzing version 1.0.8 (33/103)...
2025-11-07 08:39:25,833 - BlankSpaceAnalyzer - INFO - -> Analyzing version 1.0.9 (34/103)...
2025-11-07 08:39:25,834 - BlankSpaceAnalyzer - INFO - -> Analyzing version 1.1.0 (35/103)...
2025-11-07 08:39:25,834 - BlankSpaceAnalyzer - INFO - -> Analyzing version 1.1.1 (36/103)...
2025-11-07 08:39:25,835 - BlankSpaceAnalyzer - INFO - -> Analyzing version 1.1.10 (37/103)...
2025-11-07 08:39:25,835 - BlankSpaceAnalyzer - INFO - -> Analyzing version 1.1.11 (38/103)...
2025-11-07 08:39:25,836 - BlankSpaceAnalyzer - INFO - -> Analyzing version 1.1.12 (39/103)...
2025-11-07 08:39:25,836 - BlankSpaceAnalyzer - INFO - -> Analyzing version 1.1.13 (40/103)...
2025-11-07 08:39:25,836 - BlankSpaceAnalyzer - INFO - -> Analyzing version 1.1.14 (41/103)...
2025-11-07 08:39:25,837 - BlankSpaceAnalyzer - INFO - -> Analyzing version 1.1.15 (42/103)...
2025-11-07 08:39:25,837 - BlankSpaceAnalyzer - INFO - -> Analyzing version 1.1.16 (43/103)...
2025-11-07 08:39:25,837 - BlankSpaceAnalyzer - INFO - -> Analyzing version 1.1.2 (44/103)...
2025-11-07 08:39:25,838 - BlankSpaceAnalyzer - INFO - -> Analyzing version 1.1.3 (45/103)...
2025-11-07 08:39:25,838 - BlankSpaceAnalyzer - INFO - -> Analyzing version 1.1.4 (46/103)...
2025-11-07 08:39:25,839 - BlankSpaceAnalyzer - INFO - -> Analyzing version 1.1.5 (47/103)...
2025-11-07 08:39:25,839 - BlankSpaceAnalyzer - INFO - -> Analyzing version 1.1.6 (48/103)...
2025-11-07 08:39:25,839 - BlankSpaceAnalyzer - INFO - -> Analyzing version 1.1.7 (49/103)...
2025-11-07 08:39:25,840 - BlankSpaceAnalyzer - INFO - -> Analyzing version 1.1.8 (50/103)...
2025-11-07 08:39:25,840 - BlankSpaceAnalyzer - INFO - -> Analyzing version 1.1.9 (51/103)...
2025-11-07 08:39:25,840 - BlankSpaceAnalyzer - INFO - -> Analyzing version 2.0.0 (52/103)...
2025-11-07 08:39:25,841 - BlankSpaceAnalyzer - INFO - -> Analyzing version 2.0.1 (53/103)...
2025-11-07 08:39:25,841 - BlankSpaceAnalyzer - INFO - -> Analyzing version 2.0.2 (54/103)...
2025-11-07 08:39:25,841 - BlankSpaceAnalyzer - INFO - -> Analyzing version 2.1.0 (55/103)...
2025-11-07 08:39:25,842 - BlankSpaceAnalyzer - INFO - -> Analyzing version 2.1.1 (56/103)...
2025-11-07 08:39:25,842 - BlankSpaceAnalyzer - INFO - -> Analyzing version 2.1.10 (57/103)...
2025-11-07 08:39:25,843 - BlankSpaceAnalyzer - INFO - -> Analyzing version 2.1.11 (58/103)...
2025-11-07 08:39:25,843 - BlankSpaceAnalyzer - INFO - -> Analyzing version 2.1.12 (59/103)...
2025-11-07 08:39:25,843 - BlankSpaceAnalyzer - INFO - -> Analyzing version 2.1.13 (60/103)...
2025-11-07 08:39:25,844 - BlankSpaceAnalyzer - INFO - -> Analyzing version 2.1.14 (61/103)...
2025-11-07 08:39:25,844 - BlankSpaceAnalyzer - INFO - -> Analyzing version 2.1.15 (62/103)...
2025-11-07 08:39:25,844 - BlankSpaceAnalyzer - INFO - -> Analyzing version 2.1.16 (63/103)...
2025-11-07 08:39:25,845 - BlankSpaceAnalyzer - INFO - -> Analyzing version 2.1.17 (64/103)...
2025-11-07 08:39:25,845 - BlankSpaceAnalyzer - INFO - -> Analyzing version 2.1.18 (65/103)...
2025-11-07 08:39:25,846 - BlankSpaceAnalyzer - INFO - -> Analyzing version 2.1.19 (66/103)...
2025-11-07 08:39:25,846 - BlankSpaceAnalyzer - INFO - -> Analyzing version 2.1.2 (67/103)...
2025-11-07 08:39:25,846 - BlankSpaceAnalyzer - INFO - -> Analyzing version 2.1.20 (68/103)...
2025-11-07 08:39:25,847 - BlankSpaceAnalyzer - INFO - -> Analyzing version 2.1.21 (69/103)...
2025-11-07 08:39:25,847 - BlankSpaceAnalyzer - INFO - -> Analyzing version 2.1.22 (70/103)...
2025-11-07 08:39:25,848 - BlankSpaceAnalyzer - INFO - -> Analyzing version 2.1.3 (71/103)...
2025-11-07 08:39:25,848 - BlankSpaceAnalyzer - INFO - -> Analyzing version 2.1.4 (72/103)...
2025-11-07 08:39:25,848 - BlankSpaceAnalyzer - INFO - -> Analyzing version 2.1.5 (73/103)...
2025-11-07 08:39:25,849 - BlankSpaceAnalyzer - INFO - -> Analyzing version 2.1.6 (74/103)...
2025-11-07 08:39:25,849 - BlankSpaceAnalyzer - INFO - -> Analyzing version 2.1.7 (75/103)...
2025-11-07 08:39:25,849 - BlankSpaceAnalyzer - INFO - -> Analyzing version 2.1.8 (76/103)...
2025-11-07 08:39:25,850 - BlankSpaceAnalyzer - INFO - -> Analyzing version 2.1.9 (77/103)...
2025-11-07 08:39:25,850 - BlankSpaceAnalyzer - INFO - -> Analyzing version 2.2.0 (78/103)...
2025-11-07 08:39:25,850 - BlankSpaceAnalyzer - INFO - -> Analyzing version 2.3.0 (79/103)...
2025-11-07 08:39:25,851 - BlankSpaceAnalyzer - INFO - -> Analyzing version 3.0.0 (80/103)...
2025-11-07 08:39:25,851 - BlankSpaceAnalyzer - INFO - -> Analyzing version 3.0.1 (81/103)...
2025-11-07 08:39:25,852 - BlankSpaceAnalyzer - INFO - -> Analyzing version 4.0.0 (82/103)...
2025-11-07 08:39:25,895 - BlankSpaceAnalyzer - INFO - -> Analyzing version 4.0.1 (83/103)...
2025-11-07 08:39:25,938 - BlankSpaceAnalyzer - INFO - -> Analyzing version 4.0.10 (84/103)...
2025-11-07 08:39:25,981 - BlankSpaceAnalyzer - INFO - -> Analyzing version 4.0.11 (85/103)...
2025-11-07 08:39:26,023 - BlankSpaceAnalyzer - INFO - -> Analyzing version 4.0.12 (86/103)...
2025-11-07 08:39:26,067 - BlankSpaceAnalyzer - INFO - -> Analyzing version 4.0.13 (87/103)...
2025-11-07 08:39:26,109 - BlankSpaceAnalyzer - INFO - -> Analyzing version 4.0.14 (88/103)...
2025-11-07 08:39:26,152 - BlankSpaceAnalyzer - INFO - -> Analyzing version 4.0.15 (89/103)...
2025-11-07 08:39:26,196 - BlankSpaceAnalyzer - INFO - -> Analyzing version 4.0.16 (90/103)...
2025-11-07 08:39:26,239 - BlankSpaceAnalyzer - INFO - -> Analyzing version 4.0.17 (91/103)...
2025-11-07 08:39:26,281 - BlankSpaceAnalyzer - INFO - -> Analyzing version 4.0.18 (92/103)...
2025-11-07 08:39:26,324 - BlankSpaceAnalyzer - INFO - -> Analyzing version 4.0.19 (93/103)...
2025-11-07 08:39:26,366 - BlankSpaceAnalyzer - INFO - -> Analyzing version 4.0.2 (94/103)...
2025-11-07 08:39:26,409 - BlankSpaceAnalyzer - INFO - -> Analyzing version 4.0.20 (95/103)...
2025-11-07 08:39:26,451 - BlankSpaceAnalyzer - INFO - -> Analyzing version 4.0.21 (96/103)...
2025-11-07 08:39:26,494 - BlankSpaceAnalyzer - INFO - -> Analyzing version 4.0.3 (97/103)...
2025-11-07 08:39:26,537 - BlankSpaceAnalyzer - INFO - -> Analyzing version 4.0.4 (98/103)...
2025-11-07 08:39:26,580 - BlankSpaceAnalyzer - INFO - -> Analyzing version 4.0.5 (99/103)...
2025-11-07 08:39:26,622 - BlankSpaceAnalyzer - INFO - -> Analyzing version 4.0.6 (100/103)...
2025-11-07 08:39:26,664 - BlankSpaceAnalyzer - INFO - -> Analyzing version 4.0.7 (101/103)...
2025-11-07 08:39:26,707 - BlankSpaceAnalyzer - INFO - -> Analyzing version 4.0.8 (102/103)...
2025-11-07 08:39:26,749 - BlankSpaceAnalyzer - INFO - -> Analyzing version 4.0.9 (103/103)...
2025-11-07 08:39:26,804 - BlankSpaceAnalyzer - INFO - Exporting results for '@inquirer/expand' to CSV...
2025-11-07 08:39:26,891 - BlankSpaceAnalyzer - INFO - Reports saved in: /app/npm_results/@inquirer_expand
2025-11-07 08:39:26,891 - NPM_Analyzer - INFO - Cleaning temporary folder 'temp/@inquirer_expand'...
2025-11-07 08:39:26,915 - NPM_Analyzer - INFO - Cleanup completed.
