2025-10-29 11:50:37,484 - NPM_Analyzer - INFO - Fetching metadata for '@smithy/hash-blob-browser'...
2025-10-29 11:50:37,632 - NPM_Analyzer - INFO - Found 56 versions. Starting download into 'temp/@smithy_hash-blob-browser'...
2025-10-29 11:51:16,038 - BlankSpaceAnalyzer - INFO - Analyzing 56 versions for '*.js' in '@smithy_hash-blob-browser'.
2025-10-29 11:51:16,039 - BlankSpaceAnalyzer - INFO - -> Analyzing version 1.0.0 (1/56)...
2025-10-29 11:51:16,123 - BlankSpaceAnalyzer - INFO - -> Analyzing version 1.0.1 (2/56)...
2025-10-29 11:51:16,178 - BlankSpaceAnalyzer - INFO - -> Analyzing version 1.0.2 (3/56)...
2025-10-29 11:51:16,235 - BlankSpaceAnalyzer - INFO - -> Analyzing version 1.0.3 (4/56)...
2025-10-29 11:51:16,297 - BlankSpaceAnalyzer - INFO - -> Analyzing version 1.1.0 (5/56)...
2025-10-29 11:51:16,358 - BlankSpaceAnalyzer - INFO - -> Analyzing version 2.0.0 (6/56)...
2025-10-29 11:51:16,420 - BlankSpaceAnalyzer - INFO - -> Analyzing version 2.0.1 (7/56)...
2025-10-29 11:51:16,481 - BlankSpaceAnalyzer - INFO - -> Analyzing version 2.0.10 (8/56)...
2025-10-29 11:51:16,542 - BlankSpaceAnalyzer - INFO - -> Analyzing version 2.0.11 (9/56)...
2025-10-29 11:51:16,603 - BlankSpaceAnalyzer - INFO - -> Analyzing version 2.0.12 (10/56)...
2025-10-29 11:51:16,664 - BlankSpaceAnalyzer - INFO - -> Analyzing version 2.0.13 (11/56)...
2025-10-29 11:51:16,726 - BlankSpaceAnalyzer - INFO - -> Analyzing version 2.0.14 (12/56)...
2025-10-29 11:51:16,786 - BlankSpaceAnalyzer - INFO - -> Analyzing version 2.0.15 (13/56)...
2025-10-29 11:51:16,845 - BlankSpaceAnalyzer - INFO - -> Analyzing version 2.0.16 (14/56)...
2025-10-29 11:51:16,907 - BlankSpaceAnalyzer - INFO - -> Analyzing version 2.0.17 (15/56)...
2025-10-29 11:51:16,969 - BlankSpaceAnalyzer - INFO - -> Analyzing version 2.0.2 (16/56)...
2025-10-29 11:51:17,029 - BlankSpaceAnalyzer - INFO - -> Analyzing version 2.0.3 (17/56)...
2025-10-29 11:51:17,085 - BlankSpaceAnalyzer - INFO - -> Analyzing version 2.0.4 (18/56)...
2025-10-29 11:51:17,144 - BlankSpaceAnalyzer - INFO - -> Analyzing version 2.0.5 (19/56)...
2025-10-29 11:51:17,204 - BlankSpaceAnalyzer - INFO - -> Analyzing version 2.0.6 (20/56)...
2025-10-29 11:51:17,265 - BlankSpaceAnalyzer - INFO - -> Analyzing version 2.0.7 (21/56)...
2025-10-29 11:51:17,325 - BlankSpaceAnalyzer - INFO - -> Analyzing version 2.0.8 (22/56)...
2025-10-29 11:51:17,381 - BlankSpaceAnalyzer - INFO - -> Analyzing version 2.0.9 (23/56)...
2025-10-29 11:51:17,438 - BlankSpaceAnalyzer - INFO - -> Analyzing version 2.1.0 (24/56)...
2025-10-29 11:51:17,500 - BlankSpaceAnalyzer - INFO - -> Analyzing version 2.1.1 (25/56)...
2025-10-29 11:51:17,560 - BlankSpaceAnalyzer - INFO - -> Analyzing version 2.1.2 (26/56)...
2025-10-29 11:51:17,621 - BlankSpaceAnalyzer - INFO - -> Analyzing version 2.1.3 (27/56)...
2025-10-29 11:51:17,677 - BlankSpaceAnalyzer - INFO - -> Analyzing version 2.1.4 (28/56)...
2025-10-29 11:51:17,734 - BlankSpaceAnalyzer - INFO - -> Analyzing version 2.1.5 (29/56)...
2025-10-29 11:51:17,795 - BlankSpaceAnalyzer - INFO - -> Analyzing version 2.2.0 (30/56)...
2025-10-29 11:51:17,856 - BlankSpaceAnalyzer - INFO - -> Analyzing version 3.0.0 (31/56)...
2025-10-29 11:51:17,917 - BlankSpaceAnalyzer - INFO - -> Analyzing version 3.0.1 (32/56)...
2025-10-29 11:51:17,972 - BlankSpaceAnalyzer - INFO - -> Analyzing version 3.1.0 (33/56)...
2025-10-29 11:51:18,028 - BlankSpaceAnalyzer - INFO - -> Analyzing version 3.1.1 (34/56)...
2025-10-29 11:51:18,084 - BlankSpaceAnalyzer - INFO - -> Analyzing version 3.1.10 (35/56)...
2025-10-29 11:51:18,144 - BlankSpaceAnalyzer - INFO - -> Analyzing version 3.1.2 (36/56)...
2025-10-29 11:51:18,198 - BlankSpaceAnalyzer - INFO - -> Analyzing version 3.1.3 (37/56)...
2025-10-29 11:51:18,259 - BlankSpaceAnalyzer - INFO - -> Analyzing version 3.1.4 (38/56)...
2025-10-29 11:51:18,320 - BlankSpaceAnalyzer - INFO - -> Analyzing version 3.1.5 (39/56)...
2025-10-29 11:51:18,376 - BlankSpaceAnalyzer - INFO - -> Analyzing version 3.1.6 (40/56)...
2025-10-29 11:51:18,434 - BlankSpaceAnalyzer - INFO - -> Analyzing version 3.1.7 (41/56)...
2025-10-29 11:51:18,495 - BlankSpaceAnalyzer - INFO - -> Analyzing version 3.1.8 (42/56)...
2025-10-29 11:51:18,557 - BlankSpaceAnalyzer - INFO - -> Analyzing version 3.1.9 (43/56)...
2025-10-29 11:51:18,619 - BlankSpaceAnalyzer - INFO - -> Analyzing version 4.0.0 (44/56)...
2025-10-29 11:51:18,680 - BlankSpaceAnalyzer - INFO - -> Analyzing version 4.0.1 (45/56)...
2025-10-29 11:51:18,739 - BlankSpaceAnalyzer - INFO - -> Analyzing version 4.0.2 (46/56)...
2025-10-29 11:51:18,794 - BlankSpaceAnalyzer - INFO - -> Analyzing version 4.0.3 (47/56)...
2025-10-29 11:51:18,854 - BlankSpaceAnalyzer - INFO - -> Analyzing version 4.0.4 (48/56)...
2025-10-29 11:51:18,915 - BlankSpaceAnalyzer - INFO - -> Analyzing version 4.0.5 (49/56)...
2025-10-29 11:51:18,977 - BlankSpaceAnalyzer - INFO - -> Analyzing version 4.1.0 (50/56)...
2025-10-29 11:51:19,039 - BlankSpaceAnalyzer - INFO - -> Analyzing version 4.1.1 (51/56)...
2025-10-29 11:51:19,101 - BlankSpaceAnalyzer - INFO - -> Analyzing version 4.2.0 (52/56)...
2025-10-29 11:51:19,163 - BlankSpaceAnalyzer - INFO - -> Analyzing version 4.2.1 (53/56)...
2025-10-29 11:51:19,225 - BlankSpaceAnalyzer - INFO - -> Analyzing version 4.2.2 (54/56)...
2025-10-29 11:51:19,280 - BlankSpaceAnalyzer - INFO - -> Analyzing version 4.2.3 (55/56)...
2025-10-29 11:51:19,336 - BlankSpaceAnalyzer - INFO - -> Analyzing version 4.2.4 (56/56)...
2025-10-29 11:51:19,393 - BlankSpaceAnalyzer - INFO - Exporting results for '@smithy/hash-blob-browser' to CSV...
2025-10-29 11:51:19,440 - BlankSpaceAnalyzer - INFO - Reports saved in: /app/npm_results/@smithy_hash-blob-browser
2025-10-29 11:51:19,441 - NPM_Analyzer - INFO - Cleaning temporary folder 'temp/@smithy_hash-blob-browser'...
2025-10-29 11:51:19,458 - NPM_Analyzer - INFO - Cleanup completed.
