2025-10-23 19:46:31,705 - NPM_Analyzer - INFO - Fetching metadata for 'i18next'...
2025-10-23 19:46:31,904 - NPM_Analyzer - INFO - Found 544 versions. Starting download into 'temp/i18next'...
2025-10-23 19:52:40,176 - BlankSpaceAnalyzer - INFO - Analyzing 544 versions for '*.js' in 'i18next'.
2025-10-23 19:52:40,176 - BlankSpaceAnalyzer - INFO - -> Analyzing version 0.0.1 (1/544)...
2025-10-23 19:52:40,235 - BlankSpaceAnalyzer - INFO - -> Analyzing version 0.5.0 (2/544)...
2025-10-23 19:52:40,285 - BlankSpaceAnalyzer - INFO - -> Analyzing version 0.5.1 (3/544)...
2025-10-23 19:52:40,337 - BlankSpaceAnalyzer - INFO - -> Analyzing version 0.5.2 (4/544)...
2025-10-23 19:52:40,390 - BlankSpaceAnalyzer - INFO - -> Analyzing version 1.10.0 (5/544)...
2025-10-23 19:52:40,446 - BlankSpaceAnalyzer - INFO - -> Analyzing version 1.10.1 (6/544)...
2025-10-23 19:52:40,500 - BlankSpaceAnalyzer - INFO - -> Analyzing version 1.10.2 (7/544)...
2025-10-23 19:52:40,557 - BlankSpaceAnalyzer - INFO - -> Analyzing version 1.10.3 (8/544)...
2025-10-23 19:52:40,612 - BlankSpaceAnalyzer - INFO - -> Analyzing version 1.10.4 (9/544)...
2025-10-23 19:52:40,669 - BlankSpaceAnalyzer - INFO - -> Analyzing version 1.10.5 (10/544)...
2025-10-23 19:52:40,724 - BlankSpaceAnalyzer - INFO - -> Analyzing version 1.10.6 (11/544)...
2025-10-23 19:52:40,779 - BlankSpaceAnalyzer - INFO - -> Analyzing version 1.2.0 (12/544)...
2025-10-23 19:52:40,833 - BlankSpaceAnalyzer - INFO - -> Analyzing version 1.2.1 (13/544)...
2025-10-23 19:52:40,886 - BlankSpaceAnalyzer - INFO - -> Analyzing version 1.2.2 (14/544)...
2025-10-23 19:52:40,939 - BlankSpaceAnalyzer - INFO - -> Analyzing version 1.2.3 (15/544)...
2025-10-23 19:52:40,993 - BlankSpaceAnalyzer - INFO - -> Analyzing version 1.2.4 (16/544)...
2025-10-23 19:52:41,047 - BlankSpaceAnalyzer - INFO - -> Analyzing version 1.2.5 (17/544)...
2025-10-23 19:52:41,101 - BlankSpaceAnalyzer - INFO - -> Analyzing version 1.3.1 (18/544)...
2025-10-23 19:52:41,153 - BlankSpaceAnalyzer - INFO - -> Analyzing version 1.3.2 (19/544)...
2025-10-23 19:52:41,206 - BlankSpaceAnalyzer - INFO - -> Analyzing version 1.3.3 (20/544)...
2025-10-23 19:52:41,261 - BlankSpaceAnalyzer - INFO - -> Analyzing version 1.3.4 (21/544)...
2025-10-23 19:52:41,314 - BlankSpaceAnalyzer - INFO - -> Analyzing version 1.4.0 (22/544)...
2025-10-23 19:52:41,368 - BlankSpaceAnalyzer - INFO - -> Analyzing version 1.4.1 (23/544)...
2025-10-23 19:52:41,424 - BlankSpaceAnalyzer - INFO - -> Analyzing version 1.5.0 (24/544)...
2025-10-23 19:52:41,478 - BlankSpaceAnalyzer - INFO - -> Analyzing version 1.5.10 (25/544)...
2025-10-23 19:52:41,533 - BlankSpaceAnalyzer - INFO - -> Analyzing version 1.5.11 (26/544)...
2025-10-23 19:52:41,588 - BlankSpaceAnalyzer - INFO - -> Analyzing version 1.5.12 (27/544)...
2025-10-23 19:52:41,644 - BlankSpaceAnalyzer - INFO - -> Analyzing version 1.5.13 (28/544)...
2025-10-23 19:52:41,699 - BlankSpaceAnalyzer - INFO - -> Analyzing version 1.5.14 (29/544)...
2025-10-23 19:52:41,754 - BlankSpaceAnalyzer - INFO - -> Analyzing version 1.5.15 (30/544)...
2025-10-23 19:52:41,810 - BlankSpaceAnalyzer - INFO - -> Analyzing version 1.5.16 (31/544)...
2025-10-23 19:52:41,867 - BlankSpaceAnalyzer - INFO - -> Analyzing version 1.5.5 (32/544)...
2025-10-23 19:52:41,921 - BlankSpaceAnalyzer - INFO - -> Analyzing version 1.5.6 (33/544)...
2025-10-23 19:52:41,976 - BlankSpaceAnalyzer - INFO - -> Analyzing version 1.5.7 (34/544)...
2025-10-23 19:52:42,032 - BlankSpaceAnalyzer - INFO - -> Analyzing version 1.5.8 (35/544)...
2025-10-23 19:52:42,087 - BlankSpaceAnalyzer - INFO - -> Analyzing version 1.5.9 (36/544)...
2025-10-23 19:52:42,145 - BlankSpaceAnalyzer - INFO - -> Analyzing version 1.6.0 (37/544)...
2025-10-23 19:52:42,200 - BlankSpaceAnalyzer - INFO - -> Analyzing version 1.6.1 (38/544)...
2025-10-23 19:52:42,256 - BlankSpaceAnalyzer - INFO - -> Analyzing version 1.6.2 (39/544)...
2025-10-23 19:52:42,312 - BlankSpaceAnalyzer - INFO - -> Analyzing version 1.6.3 (40/544)...
2025-10-23 19:52:42,367 - BlankSpaceAnalyzer - INFO - -> Analyzing version 1.6.4 (41/544)...
2025-10-23 19:52:42,423 - BlankSpaceAnalyzer - INFO - -> Analyzing version 1.6.5 (42/544)...
2025-10-23 19:52:42,483 - BlankSpaceAnalyzer - INFO - -> Analyzing version 1.6.6 (43/544)...
2025-10-23 19:52:42,543 - BlankSpaceAnalyzer - INFO - -> Analyzing version 1.6.7 (44/544)...
2025-10-23 19:52:42,602 - BlankSpaceAnalyzer - INFO - -> Analyzing version 1.6.8 (45/544)...
2025-10-23 19:52:42,662 - BlankSpaceAnalyzer - INFO - -> Analyzing version 1.7.0 (46/544)...
2025-10-23 19:52:42,718 - BlankSpaceAnalyzer - INFO - -> Analyzing version 1.7.1 (47/544)...
2025-10-23 19:52:42,774 - BlankSpaceAnalyzer - INFO - -> Analyzing version 1.7.10 (48/544)...
2025-10-23 19:52:42,830 - BlankSpaceAnalyzer - INFO - -> Analyzing version 1.7.3 (49/544)...
2025-10-23 19:52:42,886 - BlankSpaceAnalyzer - INFO - -> Analyzing version 1.7.4 (50/544)...
2025-10-23 19:52:42,942 - BlankSpaceAnalyzer - INFO - -> Analyzing version 1.7.6 (51/544)...
2025-10-23 19:52:42,997 - BlankSpaceAnalyzer - INFO - -> Analyzing version 1.7.8 (52/544)...
2025-10-23 19:52:43,053 - BlankSpaceAnalyzer - INFO - -> Analyzing version 1.7.9 (53/544)...
2025-10-23 19:52:43,108 - BlankSpaceAnalyzer - INFO - -> Analyzing version 1.9.0 (54/544)...
2025-10-23 19:52:43,164 - BlankSpaceAnalyzer - INFO - -> Analyzing version 10.0.0 (55/544)...
2025-10-23 19:52:43,219 - BlankSpaceAnalyzer - INFO - -> Analyzing version 10.0.1 (56/544)...
2025-10-23 19:52:43,274 - BlankSpaceAnalyzer - INFO - -> Analyzing version 10.0.2 (57/544)...
2025-10-23 19:52:43,329 - BlankSpaceAnalyzer - INFO - -> Analyzing version 10.0.3 (58/544)...
2025-10-23 19:52:43,386 - BlankSpaceAnalyzer - INFO - -> Analyzing version 10.0.4 (59/544)...
2025-10-23 19:52:43,441 - BlankSpaceAnalyzer - INFO - -> Analyzing version 10.0.5 (60/544)...
2025-10-23 19:52:43,495 - BlankSpaceAnalyzer - INFO - -> Analyzing version 10.0.6 (61/544)...
2025-10-23 19:52:43,550 - BlankSpaceAnalyzer - INFO - -> Analyzing version 10.0.7 (62/544)...
2025-10-23 19:52:43,606 - BlankSpaceAnalyzer - INFO - -> Analyzing version 10.1.0 (63/544)...
2025-10-23 19:52:43,663 - BlankSpaceAnalyzer - INFO - -> Analyzing version 10.2.0 (64/544)...
2025-10-23 19:52:43,718 - BlankSpaceAnalyzer - INFO - -> Analyzing version 10.2.1 (65/544)...
2025-10-23 19:52:43,773 - BlankSpaceAnalyzer - INFO - -> Analyzing version 10.2.2 (66/544)...
2025-10-23 19:52:43,829 - BlankSpaceAnalyzer - INFO - -> Analyzing version 10.3.0 (67/544)...
2025-10-23 19:52:43,883 - BlankSpaceAnalyzer - INFO - -> Analyzing version 10.4.0 (68/544)...
2025-10-23 19:52:43,941 - BlankSpaceAnalyzer - INFO - -> Analyzing version 10.4.1 (69/544)...
2025-10-23 19:52:43,996 - BlankSpaceAnalyzer - INFO - -> Analyzing version 10.5.0 (70/544)...
2025-10-23 19:52:44,051 - BlankSpaceAnalyzer - INFO - -> Analyzing version 10.5.1 (71/544)...
2025-10-23 19:52:44,107 - BlankSpaceAnalyzer - INFO - -> Analyzing version 10.6.0 (72/544)...
2025-10-23 19:52:44,166 - BlankSpaceAnalyzer - INFO - -> Analyzing version 11.0.0 (73/544)...
2025-10-23 19:52:44,221 - BlankSpaceAnalyzer - INFO - -> Analyzing version 11.1.1 (74/544)...
2025-10-23 19:52:44,277 - BlankSpaceAnalyzer - INFO - -> Analyzing version 11.10.0 (75/544)...
2025-10-23 19:52:44,332 - BlankSpaceAnalyzer - INFO - -> Analyzing version 11.10.1 (76/544)...
2025-10-23 19:52:44,387 - BlankSpaceAnalyzer - INFO - -> Analyzing version 11.10.2 (77/544)...
2025-10-23 19:52:44,442 - BlankSpaceAnalyzer - INFO - -> Analyzing version 11.2.0 (78/544)...
2025-10-23 19:52:44,497 - BlankSpaceAnalyzer - INFO - -> Analyzing version 11.2.1 (79/544)...
2025-10-23 19:52:44,552 - BlankSpaceAnalyzer - INFO - -> Analyzing version 11.2.2 (80/544)...
2025-10-23 19:52:44,608 - BlankSpaceAnalyzer - INFO - -> Analyzing version 11.2.3 (81/544)...
2025-10-23 19:52:44,663 - BlankSpaceAnalyzer - INFO - -> Analyzing version 11.3.0 (82/544)...
2025-10-23 19:52:44,719 - BlankSpaceAnalyzer - INFO - -> Analyzing version 11.3.1 (83/544)...
2025-10-23 19:52:44,774 - BlankSpaceAnalyzer - INFO - -> Analyzing version 11.3.2 (84/544)...
2025-10-23 19:52:44,830 - BlankSpaceAnalyzer - INFO - -> Analyzing version 11.3.3 (85/544)...
2025-10-23 19:52:44,885 - BlankSpaceAnalyzer - INFO - -> Analyzing version 11.3.4 (86/544)...
2025-10-23 19:52:44,941 - BlankSpaceAnalyzer - INFO - -> Analyzing version 11.3.5 (87/544)...
2025-10-23 19:52:44,997 - BlankSpaceAnalyzer - INFO - -> Analyzing version 11.3.6 (88/544)...
2025-10-23 19:52:45,056 - BlankSpaceAnalyzer - INFO - -> Analyzing version 11.4.0 (89/544)...
2025-10-23 19:52:45,110 - BlankSpaceAnalyzer - INFO - -> Analyzing version 11.5.0 (90/544)...
2025-10-23 19:52:45,166 - BlankSpaceAnalyzer - INFO - -> Analyzing version 11.6.0 (91/544)...
2025-10-23 19:52:45,222 - BlankSpaceAnalyzer - INFO - -> Analyzing version 11.7.0 (92/544)...
2025-10-23 19:52:45,278 - BlankSpaceAnalyzer - INFO - -> Analyzing version 11.8.0 (93/544)...
2025-10-23 19:52:45,334 - BlankSpaceAnalyzer - INFO - -> Analyzing version 11.9.0 (94/544)...
2025-10-23 19:52:45,391 - BlankSpaceAnalyzer - INFO - -> Analyzing version 11.9.1 (95/544)...
2025-10-23 19:52:45,447 - BlankSpaceAnalyzer - INFO - -> Analyzing version 12.0.0 (96/544)...
2025-10-23 19:52:45,504 - BlankSpaceAnalyzer - INFO - -> Analyzing version 12.1.0 (97/544)...
2025-10-23 19:52:45,561 - BlankSpaceAnalyzer - INFO - -> Analyzing version 13.0.0 (98/544)...
2025-10-23 19:52:45,616 - BlankSpaceAnalyzer - INFO - -> Analyzing version 13.0.1 (99/544)...
2025-10-23 19:52:45,673 - BlankSpaceAnalyzer - INFO - -> Analyzing version 13.1.0 (100/544)...
2025-10-23 19:52:45,728 - BlankSpaceAnalyzer - INFO - -> Analyzing version 13.1.1 (101/544)...
2025-10-23 19:52:45,783 - BlankSpaceAnalyzer - INFO - -> Analyzing version 13.1.2 (102/544)...
2025-10-23 19:52:45,840 - BlankSpaceAnalyzer - INFO - -> Analyzing version 13.1.3 (103/544)...
2025-10-23 19:52:45,895 - BlankSpaceAnalyzer - INFO - -> Analyzing version 13.1.4 (104/544)...
2025-10-23 19:52:45,950 - BlankSpaceAnalyzer - INFO - -> Analyzing version 13.1.5 (105/544)...
2025-10-23 19:52:46,005 - BlankSpaceAnalyzer - INFO - -> Analyzing version 14.0.0 (106/544)...
2025-10-23 19:52:46,062 - BlankSpaceAnalyzer - INFO - -> Analyzing version 14.0.1 (107/544)...
2025-10-23 19:52:46,117 - BlankSpaceAnalyzer - INFO - -> Analyzing version 14.1.0 (108/544)...
2025-10-23 19:52:46,172 - BlankSpaceAnalyzer - INFO - -> Analyzing version 14.1.1 (109/544)...
2025-10-23 19:52:46,227 - BlankSpaceAnalyzer - INFO - -> Analyzing version 15.0.0 (110/544)...
2025-10-23 19:52:46,282 - BlankSpaceAnalyzer - INFO - -> Analyzing version 15.0.1 (111/544)...
2025-10-23 19:52:46,338 - BlankSpaceAnalyzer - INFO - -> Analyzing version 15.0.10 (112/544)...
2025-10-23 19:52:46,393 - BlankSpaceAnalyzer - INFO - -> Analyzing version 15.0.2 (113/544)...
2025-10-23 19:52:46,448 - BlankSpaceAnalyzer - INFO - -> Analyzing version 15.0.3 (114/544)...
2025-10-23 19:52:46,504 - BlankSpaceAnalyzer - INFO - -> Analyzing version 15.0.4 (115/544)...
2025-10-23 19:52:46,561 - BlankSpaceAnalyzer - INFO - -> Analyzing version 15.0.5 (116/544)...
2025-10-23 19:52:46,616 - BlankSpaceAnalyzer - INFO - -> Analyzing version 15.0.6 (117/544)...
2025-10-23 19:52:46,672 - BlankSpaceAnalyzer - INFO - -> Analyzing version 15.0.7 (118/544)...
2025-10-23 19:52:46,727 - BlankSpaceAnalyzer - INFO - -> Analyzing version 15.0.8 (119/544)...
2025-10-23 19:52:46,783 - BlankSpaceAnalyzer - INFO - -> Analyzing version 15.0.9 (120/544)...
2025-10-23 19:52:46,838 - BlankSpaceAnalyzer - INFO - -> Analyzing version 15.1.0 (121/544)...
2025-10-23 19:52:46,894 - BlankSpaceAnalyzer - INFO - -> Analyzing version 15.1.1 (122/544)...
2025-10-23 19:52:46,949 - BlankSpaceAnalyzer - INFO - -> Analyzing version 15.1.2 (123/544)...
2025-10-23 19:52:47,005 - BlankSpaceAnalyzer - INFO - -> Analyzing version 15.1.3 (124/544)...
2025-10-23 19:52:47,061 - BlankSpaceAnalyzer - INFO - -> Analyzing version 16.0.0 (125/544)...
2025-10-23 19:52:47,115 - BlankSpaceAnalyzer - INFO - -> Analyzing version 17.0.0 (126/544)...
2025-10-23 19:52:47,169 - BlankSpaceAnalyzer - INFO - -> Analyzing version 17.0.1 (127/544)...
2025-10-23 19:52:47,224 - BlankSpaceAnalyzer - INFO - -> Analyzing version 17.0.10 (128/544)...
2025-10-23 19:52:47,277 - BlankSpaceAnalyzer - INFO - -> Analyzing version 17.0.11 (129/544)...
2025-10-23 19:52:47,332 - BlankSpaceAnalyzer - INFO - -> Analyzing version 17.0.12 (130/544)...
2025-10-23 19:52:47,388 - BlankSpaceAnalyzer - INFO - -> Analyzing version 17.0.13 (131/544)...
2025-10-23 19:52:47,442 - BlankSpaceAnalyzer - INFO - -> Analyzing version 17.0.14 (132/544)...
2025-10-23 19:52:47,499 - BlankSpaceAnalyzer - INFO - -> Analyzing version 17.0.15 (133/544)...
2025-10-23 19:52:47,553 - BlankSpaceAnalyzer - INFO - -> Analyzing version 17.0.16 (134/544)...
2025-10-23 19:52:47,608 - BlankSpaceAnalyzer - INFO - -> Analyzing version 17.0.17 (135/544)...
2025-10-23 19:52:47,663 - BlankSpaceAnalyzer - INFO - -> Analyzing version 17.0.18 (136/544)...
2025-10-23 19:52:47,718 - BlankSpaceAnalyzer - INFO - -> Analyzing version 17.0.2 (137/544)...
2025-10-23 19:52:47,772 - BlankSpaceAnalyzer - INFO - -> Analyzing version 17.0.3 (138/544)...
2025-10-23 19:52:47,827 - BlankSpaceAnalyzer - INFO - -> Analyzing version 17.0.4 (139/544)...
2025-10-23 19:52:47,881 - BlankSpaceAnalyzer - INFO - -> Analyzing version 17.0.5 (140/544)...
2025-10-23 19:52:47,935 - BlankSpaceAnalyzer - INFO - -> Analyzing version 17.0.6 (141/544)...
2025-10-23 19:52:47,989 - BlankSpaceAnalyzer - INFO - -> Analyzing version 17.0.7 (142/544)...
2025-10-23 19:52:48,044 - BlankSpaceAnalyzer - INFO - -> Analyzing version 17.0.8 (143/544)...
2025-10-23 19:52:48,097 - BlankSpaceAnalyzer - INFO - -> Analyzing version 17.0.9 (144/544)...
2025-10-23 19:52:48,151 - BlankSpaceAnalyzer - INFO - -> Analyzing version 17.1.0 (145/544)...
2025-10-23 19:52:48,205 - BlankSpaceAnalyzer - INFO - -> Analyzing version 17.2.0 (146/544)...
2025-10-23 19:52:48,262 - BlankSpaceAnalyzer - INFO - -> Analyzing version 17.3.0 (147/544)...
2025-10-23 19:52:48,315 - BlankSpaceAnalyzer - INFO - -> Analyzing version 17.3.1 (148/544)...
2025-10-23 19:52:48,369 - BlankSpaceAnalyzer - INFO - -> Analyzing version 18.0.0 (149/544)...
2025-10-23 19:52:48,423 - BlankSpaceAnalyzer - INFO - -> Analyzing version 18.0.1 (150/544)...
2025-10-23 19:52:48,478 - BlankSpaceAnalyzer - INFO - -> Analyzing version 19.0.0 (151/544)...
2025-10-23 19:52:48,532 - BlankSpaceAnalyzer - INFO - -> Analyzing version 19.0.1 (152/544)...
2025-10-23 19:52:48,586 - BlankSpaceAnalyzer - INFO - -> Analyzing version 19.0.2 (153/544)...
2025-10-23 19:52:48,640 - BlankSpaceAnalyzer - INFO - -> Analyzing version 19.0.3 (154/544)...
2025-10-23 19:52:48,694 - BlankSpaceAnalyzer - INFO - -> Analyzing version 19.1.0 (155/544)...
2025-10-23 19:52:48,748 - BlankSpaceAnalyzer - INFO - -> Analyzing version 19.2.0 (156/544)...
2025-10-23 19:52:48,802 - BlankSpaceAnalyzer - INFO - -> Analyzing version 19.3.0 (157/544)...
2025-10-23 19:52:48,857 - BlankSpaceAnalyzer - INFO - -> Analyzing version 19.3.1 (158/544)...
2025-10-23 19:52:48,913 - BlankSpaceAnalyzer - INFO - -> Analyzing version 19.3.2 (159/544)...
2025-10-23 19:52:48,967 - BlankSpaceAnalyzer - INFO - -> Analyzing version 19.3.3 (160/544)...
2025-10-23 19:52:49,021 - BlankSpaceAnalyzer - INFO - -> Analyzing version 19.3.4 (161/544)...
2025-10-23 19:52:49,076 - BlankSpaceAnalyzer - INFO - -> Analyzing version 19.4.0 (162/544)...
2025-10-23 19:52:49,130 - BlankSpaceAnalyzer - INFO - -> Analyzing version 19.4.1 (163/544)...
2025-10-23 19:52:49,185 - BlankSpaceAnalyzer - INFO - -> Analyzing version 19.4.2 (164/544)...
2025-10-23 19:52:49,239 - BlankSpaceAnalyzer - INFO - -> Analyzing version 19.4.3 (165/544)...
2025-10-23 19:52:49,293 - BlankSpaceAnalyzer - INFO - -> Analyzing version 19.4.4 (166/544)...
2025-10-23 19:52:49,348 - BlankSpaceAnalyzer - INFO - -> Analyzing version 19.4.5 (167/544)...
2025-10-23 19:52:49,402 - BlankSpaceAnalyzer - INFO - -> Analyzing version 19.5.0 (168/544)...
2025-10-23 19:52:49,458 - BlankSpaceAnalyzer - INFO - -> Analyzing version 19.5.1 (169/544)...
2025-10-23 19:52:49,511 - BlankSpaceAnalyzer - INFO - -> Analyzing version 19.5.2 (170/544)...
2025-10-23 19:52:49,565 - BlankSpaceAnalyzer - INFO - -> Analyzing version 19.5.3 (171/544)...
2025-10-23 19:52:49,620 - BlankSpaceAnalyzer - INFO - -> Analyzing version 19.5.4 (172/544)...
2025-10-23 19:52:49,674 - BlankSpaceAnalyzer - INFO - -> Analyzing version 19.5.5 (173/544)...
2025-10-23 19:52:49,727 - BlankSpaceAnalyzer - INFO - -> Analyzing version 19.5.6 (174/544)...
2025-10-23 19:52:49,781 - BlankSpaceAnalyzer - INFO - -> Analyzing version 19.6.0 (175/544)...
2025-10-23 19:52:49,836 - BlankSpaceAnalyzer - INFO - -> Analyzing version 19.6.1 (176/544)...
2025-10-23 19:52:49,890 - BlankSpaceAnalyzer - INFO - -> Analyzing version 19.6.2 (177/544)...
2025-10-23 19:52:49,944 - BlankSpaceAnalyzer - INFO - -> Analyzing version 19.6.3 (178/544)...
2025-10-23 19:52:49,998 - BlankSpaceAnalyzer - INFO - -> Analyzing version 19.7.0 (179/544)...
2025-10-23 19:52:50,053 - BlankSpaceAnalyzer - INFO - -> Analyzing version 19.8.0 (180/544)...
2025-10-23 19:52:50,108 - BlankSpaceAnalyzer - INFO - -> Analyzing version 19.8.1 (181/544)...
2025-10-23 19:52:50,162 - BlankSpaceAnalyzer - INFO - -> Analyzing version 19.8.2 (182/544)...
2025-10-23 19:52:50,216 - BlankSpaceAnalyzer - INFO - -> Analyzing version 19.8.3 (183/544)...
2025-10-23 19:52:50,273 - BlankSpaceAnalyzer - INFO - -> Analyzing version 19.8.4 (184/544)...
2025-10-23 19:52:50,326 - BlankSpaceAnalyzer - INFO - -> Analyzing version 19.8.5 (185/544)...
2025-10-23 19:52:50,380 - BlankSpaceAnalyzer - INFO - -> Analyzing version 19.8.6 (186/544)...
2025-10-23 19:52:50,434 - BlankSpaceAnalyzer - INFO - -> Analyzing version 19.8.7 (187/544)...
2025-10-23 19:52:50,488 - BlankSpaceAnalyzer - INFO - -> Analyzing version 19.8.8 (188/544)...
2025-10-23 19:52:50,542 - BlankSpaceAnalyzer - INFO - -> Analyzing version 19.8.9 (189/544)...
2025-10-23 19:52:50,596 - BlankSpaceAnalyzer - INFO - -> Analyzing version 19.9.0 (190/544)...
2025-10-23 19:52:50,650 - BlankSpaceAnalyzer - INFO - -> Analyzing version 19.9.1 (191/544)...
2025-10-23 19:52:50,705 - BlankSpaceAnalyzer - INFO - -> Analyzing version 19.9.2 (192/544)...
2025-10-23 19:52:50,758 - BlankSpaceAnalyzer - INFO - -> Analyzing version 2.0.0 (193/544)...
2025-10-23 19:52:50,812 - BlankSpaceAnalyzer - INFO - -> Analyzing version 2.0.0-alpha.0 (194/544)...
2025-10-23 19:52:50,865 - BlankSpaceAnalyzer - INFO - -> Analyzing version 2.0.0-alpha.1 (195/544)...
2025-10-23 19:52:50,920 - BlankSpaceAnalyzer - INFO - -> Analyzing version 2.0.0-alpha.11 (196/544)...
2025-10-23 19:52:50,973 - BlankSpaceAnalyzer - INFO - -> Analyzing version 2.0.0-alpha.12 (197/544)...
2025-10-23 19:52:51,031 - BlankSpaceAnalyzer - INFO - -> Analyzing version 2.0.0-alpha.13 (198/544)...
2025-10-23 19:52:51,083 - BlankSpaceAnalyzer - INFO - -> Analyzing version 2.0.0-alpha.14 (199/544)...
2025-10-23 19:52:51,140 - BlankSpaceAnalyzer - INFO - -> Analyzing version 2.0.0-alpha.15 (200/544)...
2025-10-23 19:52:51,193 - BlankSpaceAnalyzer - INFO - -> Analyzing version 2.0.0-alpha.16 (201/544)...
2025-10-23 19:52:51,248 - BlankSpaceAnalyzer - INFO - -> Analyzing version 2.0.0-alpha.17 (202/544)...
2025-10-23 19:52:51,301 - BlankSpaceAnalyzer - INFO - -> Analyzing version 2.0.0-alpha.18 (203/544)...
2025-10-23 19:52:51,355 - BlankSpaceAnalyzer - INFO - -> Analyzing version 2.0.0-alpha.19 (204/544)...
2025-10-23 19:52:51,412 - BlankSpaceAnalyzer - INFO - -> Analyzing version 2.0.0-alpha.22 (205/544)...
2025-10-23 19:52:51,465 - BlankSpaceAnalyzer - INFO - -> Analyzing version 2.0.0-alpha.23 (206/544)...
2025-10-23 19:52:51,521 - BlankSpaceAnalyzer - INFO - -> Analyzing version 2.0.0-alpha.24 (207/544)...
2025-10-23 19:52:51,574 - BlankSpaceAnalyzer - INFO - -> Analyzing version 2.0.0-alpha.25 (208/544)...
2025-10-23 19:52:51,628 - BlankSpaceAnalyzer - INFO - -> Analyzing version 2.0.0-alpha.26 (209/544)...
2025-10-23 19:52:51,682 - BlankSpaceAnalyzer - INFO - -> Analyzing version 2.0.0-alpha.27 (210/544)...
2025-10-23 19:52:51,737 - BlankSpaceAnalyzer - INFO - -> Analyzing version 2.0.0-alpha.28 (211/544)...
2025-10-23 19:52:51,791 - BlankSpaceAnalyzer - INFO - -> Analyzing version 2.0.0-alpha.29 (212/544)...
2025-10-23 19:52:51,845 - BlankSpaceAnalyzer - INFO - -> Analyzing version 2.0.0-alpha.3 (213/544)...
2025-10-23 19:52:51,897 - BlankSpaceAnalyzer - INFO - -> Analyzing version 2.0.0-alpha.4 (214/544)...
2025-10-23 19:52:51,950 - BlankSpaceAnalyzer - INFO - -> Analyzing version 2.0.0-alpha.5 (215/544)...
2025-10-23 19:52:52,004 - BlankSpaceAnalyzer - INFO - -> Analyzing version 2.0.0-alpha.6 (216/544)...
2025-10-23 19:52:52,059 - BlankSpaceAnalyzer - INFO - -> Analyzing version 2.0.0-beta.0 (217/544)...
2025-10-23 19:52:52,114 - BlankSpaceAnalyzer - INFO - -> Analyzing version 2.0.0-beta.1 (218/544)...
2025-10-23 19:52:52,169 - BlankSpaceAnalyzer - INFO - -> Analyzing version 2.0.1 (219/544)...
2025-10-23 19:52:52,226 - BlankSpaceAnalyzer - INFO - -> Analyzing version 2.0.10 (220/544)...
2025-10-23 19:52:52,280 - BlankSpaceAnalyzer - INFO - -> Analyzing version 2.0.11 (221/544)...
2025-10-23 19:52:52,336 - BlankSpaceAnalyzer - INFO - -> Analyzing version 2.0.12 (222/544)...
2025-10-23 19:52:52,390 - BlankSpaceAnalyzer - INFO - -> Analyzing version 2.0.13 (223/544)...
2025-10-23 19:52:52,444 - BlankSpaceAnalyzer - INFO - -> Analyzing version 2.0.14 (224/544)...
2025-10-23 19:52:52,498 - BlankSpaceAnalyzer - INFO - -> Analyzing version 2.0.15 (225/544)...
2025-10-23 19:52:52,553 - BlankSpaceAnalyzer - INFO - -> Analyzing version 2.0.16 (226/544)...
2025-10-23 19:52:52,608 - BlankSpaceAnalyzer - INFO - -> Analyzing version 2.0.17 (227/544)...
2025-10-23 19:52:52,664 - BlankSpaceAnalyzer - INFO - -> Analyzing version 2.0.18 (228/544)...
2025-10-23 19:52:52,718 - BlankSpaceAnalyzer - INFO - -> Analyzing version 2.0.19 (229/544)...
2025-10-23 19:52:52,773 - BlankSpaceAnalyzer - INFO - -> Analyzing version 2.0.20 (230/544)...
2025-10-23 19:52:52,829 - BlankSpaceAnalyzer - INFO - -> Analyzing version 2.0.21 (231/544)...
2025-10-23 19:52:52,885 - BlankSpaceAnalyzer - INFO - -> Analyzing version 2.0.22 (232/544)...
2025-10-23 19:52:52,940 - BlankSpaceAnalyzer - INFO - -> Analyzing version 2.0.23 (233/544)...
2025-10-23 19:52:52,994 - BlankSpaceAnalyzer - INFO - -> Analyzing version 2.0.24 (234/544)...
2025-10-23 19:52:53,051 - BlankSpaceAnalyzer - INFO - -> Analyzing version 2.0.25 (235/544)...
2025-10-23 19:52:53,105 - BlankSpaceAnalyzer - INFO - -> Analyzing version 2.0.26 (236/544)...
2025-10-23 19:52:53,159 - BlankSpaceAnalyzer - INFO - -> Analyzing version 2.0.3 (237/544)...
2025-10-23 19:52:53,212 - BlankSpaceAnalyzer - INFO - -> Analyzing version 2.0.4 (238/544)...
2025-10-23 19:52:53,267 - BlankSpaceAnalyzer - INFO - -> Analyzing version 2.0.5 (239/544)...
2025-10-23 19:52:53,321 - BlankSpaceAnalyzer - INFO - -> Analyzing version 2.0.6 (240/544)...
2025-10-23 19:52:53,376 - BlankSpaceAnalyzer - INFO - -> Analyzing version 2.0.8 (241/544)...
2025-10-23 19:52:53,430 - BlankSpaceAnalyzer - INFO - -> Analyzing version 2.0.9 (242/544)...
2025-10-23 19:52:53,484 - BlankSpaceAnalyzer - INFO - -> Analyzing version 2.1.0 (243/544)...
2025-10-23 19:52:53,538 - BlankSpaceAnalyzer - INFO - -> Analyzing version 2.2.0 (244/544)...
2025-10-23 19:52:53,595 - BlankSpaceAnalyzer - INFO - -> Analyzing version 2.3.0 (245/544)...
2025-10-23 19:52:53,650 - BlankSpaceAnalyzer - INFO - -> Analyzing version 2.3.1 (246/544)...
2025-10-23 19:52:53,707 - BlankSpaceAnalyzer - INFO - -> Analyzing version 2.3.2 (247/544)...
2025-10-23 19:52:53,762 - BlankSpaceAnalyzer - INFO - -> Analyzing version 2.3.3 (248/544)...
2025-10-23 19:52:53,817 - BlankSpaceAnalyzer - INFO - -> Analyzing version 2.3.4 (249/544)...
2025-10-23 19:52:53,873 - BlankSpaceAnalyzer - INFO - -> Analyzing version 2.3.5 (250/544)...
2025-10-23 19:52:53,928 - BlankSpaceAnalyzer - INFO - -> Analyzing version 2.4.0 (251/544)...
2025-10-23 19:52:53,985 - BlankSpaceAnalyzer - INFO - -> Analyzing version 2.4.1 (252/544)...
2025-10-23 19:52:54,041 - BlankSpaceAnalyzer - INFO - -> Analyzing version 2.5.0 (253/544)...
2025-10-23 19:52:54,097 - BlankSpaceAnalyzer - INFO - -> Analyzing version 2.5.1 (254/544)...
2025-10-23 19:52:54,153 - BlankSpaceAnalyzer - INFO - -> Analyzing version 20.0.0 (255/544)...
2025-10-23 19:52:54,206 - BlankSpaceAnalyzer - INFO - -> Analyzing version 20.1.0 (256/544)...
2025-10-23 19:52:54,261 - BlankSpaceAnalyzer - INFO - -> Analyzing version 20.2.0 (257/544)...
2025-10-23 19:52:54,315 - BlankSpaceAnalyzer - INFO - -> Analyzing version 20.2.1 (258/544)...
2025-10-23 19:52:54,370 - BlankSpaceAnalyzer - INFO - -> Analyzing version 20.2.2 (259/544)...
2025-10-23 19:52:54,424 - BlankSpaceAnalyzer - INFO - -> Analyzing version 20.2.3 (260/544)...
2025-10-23 19:52:54,478 - BlankSpaceAnalyzer - INFO - -> Analyzing version 20.2.4 (261/544)...
2025-10-23 19:52:54,532 - BlankSpaceAnalyzer - INFO - -> Analyzing version 20.3.0 (262/544)...
2025-10-23 19:52:54,586 - BlankSpaceAnalyzer - INFO - -> Analyzing version 20.3.1 (263/544)...
2025-10-23 19:52:54,641 - BlankSpaceAnalyzer - INFO - -> Analyzing version 20.3.2 (264/544)...
2025-10-23 19:52:54,694 - BlankSpaceAnalyzer - INFO - -> Analyzing version 20.3.3 (265/544)...
2025-10-23 19:52:54,749 - BlankSpaceAnalyzer - INFO - -> Analyzing version 20.3.4 (266/544)...
2025-10-23 19:52:54,803 - BlankSpaceAnalyzer - INFO - -> Analyzing version 20.3.5 (267/544)...
2025-10-23 19:52:54,858 - BlankSpaceAnalyzer - INFO - -> Analyzing version 20.4.0 (268/544)...
2025-10-23 19:52:54,912 - BlankSpaceAnalyzer - INFO - -> Analyzing version 20.5.0 (269/544)...
2025-10-23 19:52:54,966 - BlankSpaceAnalyzer - INFO - -> Analyzing version 20.6.0 (270/544)...
2025-10-23 19:52:55,023 - BlankSpaceAnalyzer - INFO - -> Analyzing version 20.6.1 (271/544)...
2025-10-23 19:52:55,077 - BlankSpaceAnalyzer - INFO - -> Analyzing version 21.0.0 (272/544)...
2025-10-23 19:52:55,132 - BlankSpaceAnalyzer - INFO - -> Analyzing version 21.0.1 (273/544)...
2025-10-23 19:52:55,186 - BlankSpaceAnalyzer - INFO - -> Analyzing version 21.0.2 (274/544)...
2025-10-23 19:52:55,240 - BlankSpaceAnalyzer - INFO - -> Analyzing version 21.1.0 (275/544)...
2025-10-23 19:52:55,295 - BlankSpaceAnalyzer - INFO - -> Analyzing version 21.1.1 (276/544)...
2025-10-23 19:52:55,349 - BlankSpaceAnalyzer - INFO - -> Analyzing version 21.10.0 (277/544)...
2025-10-23 19:52:55,404 - BlankSpaceAnalyzer - INFO - -> Analyzing version 21.2.0 (278/544)...
2025-10-23 19:52:55,459 - BlankSpaceAnalyzer - INFO - -> Analyzing version 21.2.1 (279/544)...
2025-10-23 19:52:55,512 - BlankSpaceAnalyzer - INFO - -> Analyzing version 21.2.2 (280/544)...
2025-10-23 19:52:55,566 - BlankSpaceAnalyzer - INFO - -> Analyzing version 21.2.3 (281/544)...
2025-10-23 19:52:55,620 - BlankSpaceAnalyzer - INFO - -> Analyzing version 21.2.4 (282/544)...
2025-10-23 19:52:55,674 - BlankSpaceAnalyzer - INFO - -> Analyzing version 21.2.5 (283/544)...
2025-10-23 19:52:55,728 - BlankSpaceAnalyzer - INFO - -> Analyzing version 21.2.6 (284/544)...
2025-10-23 19:52:55,782 - BlankSpaceAnalyzer - INFO - -> Analyzing version 21.3.0 (285/544)...
2025-10-23 19:52:55,837 - BlankSpaceAnalyzer - INFO - -> Analyzing version 21.3.1 (286/544)...
2025-10-23 19:52:55,891 - BlankSpaceAnalyzer - INFO - -> Analyzing version 21.3.2 (287/544)...
2025-10-23 19:52:55,946 - BlankSpaceAnalyzer - INFO - -> Analyzing version 21.3.3 (288/544)...
2025-10-23 19:52:56,001 - BlankSpaceAnalyzer - INFO - -> Analyzing version 21.4.0 (289/544)...
2025-10-23 19:52:56,055 - BlankSpaceAnalyzer - INFO - -> Analyzing version 21.4.1 (290/544)...
2025-10-23 19:52:56,110 - BlankSpaceAnalyzer - INFO - -> Analyzing version 21.4.2 (291/544)...
2025-10-23 19:52:56,165 - BlankSpaceAnalyzer - INFO - -> Analyzing version 21.5.0 (292/544)...
2025-10-23 19:52:56,220 - BlankSpaceAnalyzer - INFO - -> Analyzing version 21.5.1 (293/544)...
2025-10-23 19:52:56,275 - BlankSpaceAnalyzer - INFO - -> Analyzing version 21.5.2 (294/544)...
2025-10-23 19:52:56,329 - BlankSpaceAnalyzer - INFO - -> Analyzing version 21.5.3 (295/544)...
2025-10-23 19:52:56,384 - BlankSpaceAnalyzer - INFO - -> Analyzing version 21.5.4 (296/544)...
2025-10-23 19:52:56,438 - BlankSpaceAnalyzer - INFO - -> Analyzing version 21.5.5 (297/544)...
2025-10-23 19:52:56,492 - BlankSpaceAnalyzer - INFO - -> Analyzing version 21.5.6 (298/544)...
2025-10-23 19:52:56,547 - BlankSpaceAnalyzer - INFO - -> Analyzing version 21.6.0 (299/544)...
2025-10-23 19:52:56,601 - BlankSpaceAnalyzer - INFO - -> Analyzing version 21.6.1 (300/544)...
2025-10-23 19:52:56,656 - BlankSpaceAnalyzer - INFO - -> Analyzing version 21.6.10 (301/544)...
2025-10-23 19:52:56,710 - BlankSpaceAnalyzer - INFO - -> Analyzing version 21.6.11 (302/544)...
2025-10-23 19:52:56,765 - BlankSpaceAnalyzer - INFO - -> Analyzing version 21.6.12 (303/544)...
2025-10-23 19:52:56,819 - BlankSpaceAnalyzer - INFO - -> Analyzing version 21.6.13 (304/544)...
2025-10-23 19:52:56,877 - BlankSpaceAnalyzer - INFO - -> Analyzing version 21.6.14 (305/544)...
2025-10-23 19:52:56,930 - BlankSpaceAnalyzer - INFO - -> Analyzing version 21.6.15 (306/544)...
2025-10-23 19:52:56,985 - BlankSpaceAnalyzer - INFO - -> Analyzing version 21.6.16 (307/544)...
2025-10-23 19:52:57,041 - BlankSpaceAnalyzer - INFO - -> Analyzing version 21.6.2 (308/544)...
2025-10-23 19:52:57,095 - BlankSpaceAnalyzer - INFO - -> Analyzing version 21.6.3 (309/544)...
2025-10-23 19:52:57,145 - BlankSpaceAnalyzer - INFO - -> Analyzing version 21.6.4 (310/544)...
2025-10-23 19:52:57,200 - BlankSpaceAnalyzer - INFO - -> Analyzing version 21.6.5 (311/544)...
2025-10-23 19:52:57,253 - BlankSpaceAnalyzer - INFO - -> Analyzing version 21.6.6 (312/544)...
2025-10-23 19:52:57,307 - BlankSpaceAnalyzer - INFO - -> Analyzing version 21.6.7 (313/544)...
2025-10-23 19:52:57,362 - BlankSpaceAnalyzer - INFO - -> Analyzing version 21.6.8 (314/544)...
2025-10-23 19:52:57,416 - BlankSpaceAnalyzer - INFO - -> Analyzing version 21.6.9 (315/544)...
2025-10-23 19:52:57,471 - BlankSpaceAnalyzer - INFO - -> Analyzing version 21.7.0 (316/544)...
2025-10-23 19:52:57,525 - BlankSpaceAnalyzer - INFO - -> Analyzing version 21.7.1 (317/544)...
2025-10-23 19:52:57,580 - BlankSpaceAnalyzer - INFO - -> Analyzing version 21.8.0 (318/544)...
2025-10-23 19:52:57,635 - BlankSpaceAnalyzer - INFO - -> Analyzing version 21.8.1 (319/544)...
2025-10-23 19:52:57,690 - BlankSpaceAnalyzer - INFO - -> Analyzing version 21.8.10 (320/544)...
2025-10-23 19:52:57,748 - BlankSpaceAnalyzer - INFO - -> Analyzing version 21.8.11 (321/544)...
2025-10-23 19:52:57,801 - BlankSpaceAnalyzer - INFO - -> Analyzing version 21.8.12 (322/544)...
2025-10-23 19:52:57,857 - BlankSpaceAnalyzer - INFO - -> Analyzing version 21.8.13 (323/544)...
2025-10-23 19:52:57,912 - BlankSpaceAnalyzer - INFO - -> Analyzing version 21.8.14 (324/544)...
2025-10-23 19:52:57,966 - BlankSpaceAnalyzer - INFO - -> Analyzing version 21.8.15 (325/544)...
2025-10-23 19:52:58,020 - BlankSpaceAnalyzer - INFO - -> Analyzing version 21.8.16 (326/544)...
2025-10-23 19:52:58,075 - BlankSpaceAnalyzer - INFO - -> Analyzing version 21.8.2 (327/544)...
2025-10-23 19:52:58,130 - BlankSpaceAnalyzer - INFO - -> Analyzing version 21.8.3 (328/544)...
2025-10-23 19:52:58,185 - BlankSpaceAnalyzer - INFO - -> Analyzing version 21.8.4 (329/544)...
2025-10-23 19:52:58,239 - BlankSpaceAnalyzer - INFO - -> Analyzing version 21.8.5 (330/544)...
2025-10-23 19:52:58,293 - BlankSpaceAnalyzer - INFO - -> Analyzing version 21.8.6 (331/544)...
2025-10-23 19:52:58,348 - BlankSpaceAnalyzer - INFO - -> Analyzing version 21.8.7 (332/544)...
2025-10-23 19:52:58,402 - BlankSpaceAnalyzer - INFO - -> Analyzing version 21.8.8 (333/544)...
2025-10-23 19:52:58,456 - BlankSpaceAnalyzer - INFO - -> Analyzing version 21.8.9 (334/544)...
2025-10-23 19:52:58,513 - BlankSpaceAnalyzer - INFO - -> Analyzing version 21.9.0 (335/544)...
2025-10-23 19:52:58,567 - BlankSpaceAnalyzer - INFO - -> Analyzing version 21.9.1 (336/544)...
2025-10-23 19:52:58,622 - BlankSpaceAnalyzer - INFO - -> Analyzing version 21.9.2 (337/544)...
2025-10-23 19:52:58,676 - BlankSpaceAnalyzer - INFO - -> Analyzing version 22.0.0 (338/544)...
2025-10-23 19:52:58,731 - BlankSpaceAnalyzer - INFO - -> Analyzing version 22.0.1 (339/544)...
2025-10-23 19:52:58,786 - BlankSpaceAnalyzer - INFO - -> Analyzing version 22.0.2 (340/544)...
2025-10-23 19:52:58,840 - BlankSpaceAnalyzer - INFO - -> Analyzing version 22.0.3 (341/544)...
2025-10-23 19:52:58,895 - BlankSpaceAnalyzer - INFO - -> Analyzing version 22.0.4 (342/544)...
2025-10-23 19:52:58,949 - BlankSpaceAnalyzer - INFO - -> Analyzing version 22.0.5 (343/544)...
2025-10-23 19:52:59,004 - BlankSpaceAnalyzer - INFO - -> Analyzing version 22.0.6 (344/544)...
2025-10-23 19:52:59,059 - BlankSpaceAnalyzer - INFO - -> Analyzing version 22.0.7 (345/544)...
2025-10-23 19:52:59,113 - BlankSpaceAnalyzer - INFO - -> Analyzing version 22.0.8 (346/544)...
2025-10-23 19:52:59,167 - BlankSpaceAnalyzer - INFO - -> Analyzing version 22.1.0 (347/544)...
2025-10-23 19:52:59,225 - BlankSpaceAnalyzer - INFO - -> Analyzing version 22.1.1 (348/544)...
2025-10-23 19:52:59,279 - BlankSpaceAnalyzer - INFO - -> Analyzing version 22.1.2 (349/544)...
2025-10-23 19:52:59,334 - BlankSpaceAnalyzer - INFO - -> Analyzing version 22.1.3 (350/544)...
2025-10-23 19:52:59,388 - BlankSpaceAnalyzer - INFO - -> Analyzing version 22.1.4 (351/544)...
2025-10-23 19:52:59,442 - BlankSpaceAnalyzer - INFO - -> Analyzing version 22.1.5 (352/544)...
2025-10-23 19:52:59,497 - BlankSpaceAnalyzer - INFO - -> Analyzing version 22.2.0 (353/544)...
2025-10-23 19:52:59,552 - BlankSpaceAnalyzer - INFO - -> Analyzing version 22.3.0 (354/544)...
2025-10-23 19:52:59,607 - BlankSpaceAnalyzer - INFO - -> Analyzing version 22.4.0 (355/544)...
2025-10-23 19:52:59,661 - BlankSpaceAnalyzer - INFO - -> Analyzing version 22.4.1 (356/544)...
2025-10-23 19:52:59,716 - BlankSpaceAnalyzer - INFO - -> Analyzing version 22.4.10 (357/544)...
2025-10-23 19:52:59,771 - BlankSpaceAnalyzer - INFO - -> Analyzing version 22.4.11 (358/544)...
2025-10-23 19:52:59,826 - BlankSpaceAnalyzer - INFO - -> Analyzing version 22.4.12 (359/544)...
2025-10-23 19:52:59,880 - BlankSpaceAnalyzer - INFO - -> Analyzing version 22.4.13 (360/544)...
2025-10-23 19:52:59,934 - BlankSpaceAnalyzer - INFO - -> Analyzing version 22.4.14 (361/544)...
2025-10-23 19:52:59,989 - BlankSpaceAnalyzer - INFO - -> Analyzing version 22.4.15 (362/544)...
2025-10-23 19:53:00,045 - BlankSpaceAnalyzer - INFO - -> Analyzing version 22.4.2 (363/544)...
2025-10-23 19:53:00,100 - BlankSpaceAnalyzer - INFO - -> Analyzing version 22.4.3 (364/544)...
2025-10-23 19:53:00,155 - BlankSpaceAnalyzer - INFO - -> Analyzing version 22.4.4 (365/544)...
2025-10-23 19:53:00,209 - BlankSpaceAnalyzer - INFO - -> Analyzing version 22.4.5 (366/544)...
2025-10-23 19:53:00,264 - BlankSpaceAnalyzer - INFO - -> Analyzing version 22.4.6 (367/544)...
2025-10-23 19:53:00,319 - BlankSpaceAnalyzer - INFO - -> Analyzing version 22.4.7 (368/544)...
2025-10-23 19:53:00,375 - BlankSpaceAnalyzer - INFO - -> Analyzing version 22.4.8 (369/544)...
2025-10-23 19:53:00,429 - BlankSpaceAnalyzer - INFO - -> Analyzing version 22.4.9 (370/544)...
2025-10-23 19:53:00,483 - BlankSpaceAnalyzer - INFO - -> Analyzing version 22.5.0 (371/544)...
2025-10-23 19:53:00,540 - BlankSpaceAnalyzer - INFO - -> Analyzing version 22.5.1 (372/544)...
2025-10-23 19:53:00,597 - BlankSpaceAnalyzer - INFO - -> Analyzing version 23.0.0 (373/544)...
2025-10-23 19:53:00,651 - BlankSpaceAnalyzer - INFO - -> Analyzing version 23.0.1 (374/544)...
2025-10-23 19:53:00,706 - BlankSpaceAnalyzer - INFO - -> Analyzing version 23.0.2 (375/544)...
2025-10-23 19:53:00,760 - BlankSpaceAnalyzer - INFO - -> Analyzing version 23.1.0 (376/544)...
2025-10-23 19:53:00,814 - BlankSpaceAnalyzer - INFO - -> Analyzing version 23.10.0 (377/544)...
2025-10-23 19:53:00,869 - BlankSpaceAnalyzer - INFO - -> Analyzing version 23.10.1 (378/544)...
2025-10-23 19:53:00,924 - BlankSpaceAnalyzer - INFO - -> Analyzing version 23.11.0 (379/544)...
2025-10-23 19:53:00,978 - BlankSpaceAnalyzer - INFO - -> Analyzing version 23.11.1 (380/544)...
2025-10-23 19:53:01,034 - BlankSpaceAnalyzer - INFO - -> Analyzing version 23.11.2 (381/544)...
2025-10-23 19:53:01,089 - BlankSpaceAnalyzer - INFO - -> Analyzing version 23.11.3 (382/544)...
2025-10-23 19:53:01,143 - BlankSpaceAnalyzer - INFO - -> Analyzing version 23.11.4 (383/544)...
2025-10-23 19:53:01,198 - BlankSpaceAnalyzer - INFO - -> Analyzing version 23.11.5 (384/544)...
2025-10-23 19:53:01,254 - BlankSpaceAnalyzer - INFO - -> Analyzing version 23.12.0 (385/544)...
2025-10-23 19:53:01,308 - BlankSpaceAnalyzer - INFO - -> Analyzing version 23.12.1 (386/544)...
2025-10-23 19:53:01,362 - BlankSpaceAnalyzer - INFO - -> Analyzing version 23.12.2 (387/544)...
2025-10-23 19:53:01,417 - BlankSpaceAnalyzer - INFO - -> Analyzing version 23.12.3 (388/544)...
2025-10-23 19:53:01,472 - BlankSpaceAnalyzer - INFO - -> Analyzing version 23.12.4 (389/544)...
2025-10-23 19:53:01,527 - BlankSpaceAnalyzer - INFO - -> Analyzing version 23.12.5 (390/544)...
2025-10-23 19:53:01,584 - BlankSpaceAnalyzer - INFO - -> Analyzing version 23.12.6 (391/544)...
2025-10-23 19:53:01,637 - BlankSpaceAnalyzer - INFO - -> Analyzing version 23.12.7 (392/544)...
2025-10-23 19:53:01,691 - BlankSpaceAnalyzer - INFO - -> Analyzing version 23.13.0 (393/544)...
2025-10-23 19:53:01,745 - BlankSpaceAnalyzer - INFO - -> Analyzing version 23.14.0 (394/544)...
2025-10-23 19:53:01,800 - BlankSpaceAnalyzer - INFO - -> Analyzing version 23.15.0 (395/544)...
2025-10-23 19:53:01,854 - BlankSpaceAnalyzer - INFO - -> Analyzing version 23.15.1 (396/544)...
2025-10-23 19:53:01,909 - BlankSpaceAnalyzer - INFO - -> Analyzing version 23.15.2 (397/544)...
2025-10-23 19:53:01,963 - BlankSpaceAnalyzer - INFO - -> Analyzing version 23.16.0 (398/544)...
2025-10-23 19:53:02,019 - BlankSpaceAnalyzer - INFO - -> Analyzing version 23.16.1 (399/544)...
2025-10-23 19:53:02,073 - BlankSpaceAnalyzer - INFO - -> Analyzing version 23.16.2 (400/544)...
2025-10-23 19:53:02,128 - BlankSpaceAnalyzer - INFO - -> Analyzing version 23.16.3 (401/544)...
2025-10-23 19:53:02,183 - BlankSpaceAnalyzer - INFO - -> Analyzing version 23.16.4 (402/544)...
2025-10-23 19:53:02,239 - BlankSpaceAnalyzer - INFO - -> Analyzing version 23.16.5 (403/544)...
2025-10-23 19:53:02,293 - BlankSpaceAnalyzer - INFO - -> Analyzing version 23.16.6 (404/544)...
2025-10-23 19:53:02,348 - BlankSpaceAnalyzer - INFO - -> Analyzing version 23.16.7 (405/544)...
2025-10-23 19:53:02,403 - BlankSpaceAnalyzer - INFO - -> Analyzing version 23.16.8 (406/544)...
2025-10-23 19:53:02,457 - BlankSpaceAnalyzer - INFO - -> Analyzing version 23.2.0 (407/544)...
2025-10-23 19:53:02,511 - BlankSpaceAnalyzer - INFO - -> Analyzing version 23.2.1 (408/544)...
2025-10-23 19:53:02,567 - BlankSpaceAnalyzer - INFO - -> Analyzing version 23.2.10 (409/544)...
2025-10-23 19:53:02,620 - BlankSpaceAnalyzer - INFO - -> Analyzing version 23.2.11 (410/544)...
2025-10-23 19:53:02,674 - BlankSpaceAnalyzer - INFO - -> Analyzing version 23.2.2 (411/544)...
2025-10-23 19:53:02,728 - BlankSpaceAnalyzer - INFO - -> Analyzing version 23.2.3 (412/544)...
2025-10-23 19:53:02,783 - BlankSpaceAnalyzer - INFO - -> Analyzing version 23.2.5 (413/544)...
2025-10-23 19:53:02,837 - BlankSpaceAnalyzer - INFO - -> Analyzing version 23.2.6 (414/544)...
2025-10-23 19:53:02,892 - BlankSpaceAnalyzer - INFO - -> Analyzing version 23.2.7 (415/544)...
2025-10-23 19:53:02,941 - BlankSpaceAnalyzer - INFO - -> Analyzing version 23.2.8 (416/544)...
2025-10-23 19:53:02,990 - BlankSpaceAnalyzer - INFO - -> Analyzing version 23.2.9 (417/544)...
2025-10-23 19:53:03,045 - BlankSpaceAnalyzer - INFO - -> Analyzing version 23.3.0 (418/544)...
2025-10-23 19:53:03,101 - BlankSpaceAnalyzer - INFO - -> Analyzing version 23.4.0 (419/544)...
2025-10-23 19:53:03,155 - BlankSpaceAnalyzer - INFO - -> Analyzing version 23.4.1 (420/544)...
2025-10-23 19:53:03,209 - BlankSpaceAnalyzer - INFO - -> Analyzing version 23.4.2 (421/544)...
2025-10-23 19:53:03,263 - BlankSpaceAnalyzer - INFO - -> Analyzing version 23.4.3 (422/544)...
2025-10-23 19:53:03,318 - BlankSpaceAnalyzer - INFO - -> Analyzing version 23.4.4 (423/544)...
2025-10-23 19:53:03,373 - BlankSpaceAnalyzer - INFO - -> Analyzing version 23.4.5 (424/544)...
2025-10-23 19:53:03,427 - BlankSpaceAnalyzer - INFO - -> Analyzing version 23.4.6 (425/544)...
2025-10-23 19:53:03,481 - BlankSpaceAnalyzer - INFO - -> Analyzing version 23.4.7 (426/544)...
2025-10-23 19:53:03,536 - BlankSpaceAnalyzer - INFO - -> Analyzing version 23.4.8 (427/544)...
2025-10-23 19:53:03,590 - BlankSpaceAnalyzer - INFO - -> Analyzing version 23.4.9 (428/544)...
2025-10-23 19:53:03,644 - BlankSpaceAnalyzer - INFO - -> Analyzing version 23.5.0 (429/544)...
2025-10-23 19:53:03,698 - BlankSpaceAnalyzer - INFO - -> Analyzing version 23.5.1 (430/544)...
2025-10-23 19:53:03,753 - BlankSpaceAnalyzer - INFO - -> Analyzing version 23.6.0 (431/544)...
2025-10-23 19:53:03,808 - BlankSpaceAnalyzer - INFO - -> Analyzing version 23.7.0 (432/544)...
2025-10-23 19:53:03,862 - BlankSpaceAnalyzer - INFO - -> Analyzing version 23.7.1 (433/544)...
2025-10-23 19:53:03,916 - BlankSpaceAnalyzer - INFO - -> Analyzing version 23.7.10 (434/544)...
2025-10-23 19:53:03,971 - BlankSpaceAnalyzer - INFO - -> Analyzing version 23.7.11 (435/544)...
2025-10-23 19:53:04,026 - BlankSpaceAnalyzer - INFO - -> Analyzing version 23.7.12 (436/544)...
2025-10-23 19:53:04,081 - BlankSpaceAnalyzer - INFO - -> Analyzing version 23.7.13 (437/544)...
2025-10-23 19:53:04,135 - BlankSpaceAnalyzer - INFO - -> Analyzing version 23.7.14 (438/544)...
2025-10-23 19:53:04,189 - BlankSpaceAnalyzer - INFO - -> Analyzing version 23.7.15 (439/544)...
2025-10-23 19:53:04,244 - BlankSpaceAnalyzer - INFO - -> Analyzing version 23.7.16 (440/544)...
2025-10-23 19:53:04,298 - BlankSpaceAnalyzer - INFO - -> Analyzing version 23.7.17 (441/544)...
2025-10-23 19:53:04,353 - BlankSpaceAnalyzer - INFO - -> Analyzing version 23.7.18 (442/544)...
2025-10-23 19:53:04,407 - BlankSpaceAnalyzer - INFO - -> Analyzing version 23.7.19 (443/544)...
2025-10-23 19:53:04,462 - BlankSpaceAnalyzer - INFO - -> Analyzing version 23.7.2 (444/544)...
2025-10-23 19:53:04,516 - BlankSpaceAnalyzer - INFO - -> Analyzing version 23.7.20 (445/544)...
2025-10-23 19:53:04,574 - BlankSpaceAnalyzer - INFO - -> Analyzing version 23.7.3 (446/544)...
2025-10-23 19:53:04,627 - BlankSpaceAnalyzer - INFO - -> Analyzing version 23.7.4 (447/544)...
2025-10-23 19:53:04,682 - BlankSpaceAnalyzer - INFO - -> Analyzing version 23.7.5 (448/544)...
2025-10-23 19:53:04,736 - BlankSpaceAnalyzer - INFO - -> Analyzing version 23.7.6 (449/544)...
2025-10-23 19:53:04,794 - BlankSpaceAnalyzer - INFO - -> Analyzing version 23.7.7 (450/544)...
2025-10-23 19:53:04,847 - BlankSpaceAnalyzer - INFO - -> Analyzing version 23.7.8 (451/544)...
2025-10-23 19:53:04,902 - BlankSpaceAnalyzer - INFO - -> Analyzing version 23.7.9 (452/544)...
2025-10-23 19:53:04,957 - BlankSpaceAnalyzer - INFO - -> Analyzing version 23.8.0 (453/544)...
2025-10-23 19:53:05,011 - BlankSpaceAnalyzer - INFO - -> Analyzing version 23.8.1 (454/544)...
2025-10-23 19:53:05,066 - BlankSpaceAnalyzer - INFO - -> Analyzing version 23.8.2 (455/544)...
2025-10-23 19:53:05,120 - BlankSpaceAnalyzer - INFO - -> Analyzing version 23.8.3 (456/544)...
2025-10-23 19:53:05,174 - BlankSpaceAnalyzer - INFO - -> Analyzing version 23.9.0 (457/544)...
2025-10-23 19:53:05,230 - BlankSpaceAnalyzer - INFO - -> Analyzing version 24.0.0 (458/544)...
2025-10-23 19:53:05,284 - BlankSpaceAnalyzer - INFO - -> Analyzing version 24.0.1 (459/544)...
2025-10-23 19:53:05,339 - BlankSpaceAnalyzer - INFO - -> Analyzing version 24.0.2 (460/544)...
2025-10-23 19:53:05,393 - BlankSpaceAnalyzer - INFO - -> Analyzing version 24.0.3 (461/544)...
2025-10-23 19:53:05,447 - BlankSpaceAnalyzer - INFO - -> Analyzing version 24.0.4 (462/544)...
2025-10-23 19:53:05,502 - BlankSpaceAnalyzer - INFO - -> Analyzing version 24.0.5 (463/544)...
2025-10-23 19:53:05,556 - BlankSpaceAnalyzer - INFO - -> Analyzing version 24.1.0 (464/544)...
2025-10-23 19:53:05,610 - BlankSpaceAnalyzer - INFO - -> Analyzing version 24.1.1 (465/544)...
2025-10-23 19:53:05,669 - BlankSpaceAnalyzer - INFO - -> Analyzing version 24.1.2 (466/544)...
2025-10-23 19:53:05,724 - BlankSpaceAnalyzer - INFO - -> Analyzing version 24.2.0 (467/544)...
2025-10-23 19:53:05,778 - BlankSpaceAnalyzer - INFO - -> Analyzing version 24.2.1 (468/544)...
2025-10-23 19:53:05,832 - BlankSpaceAnalyzer - INFO - -> Analyzing version 24.2.2 (469/544)...
2025-10-23 19:53:05,886 - BlankSpaceAnalyzer - INFO - -> Analyzing version 24.2.3 (470/544)...
2025-10-23 19:53:05,940 - BlankSpaceAnalyzer - INFO - -> Analyzing version 25.0.0 (471/544)...
2025-10-23 19:53:05,995 - BlankSpaceAnalyzer - INFO - -> Analyzing version 25.0.1 (472/544)...
2025-10-23 19:53:06,050 - BlankSpaceAnalyzer - INFO - -> Analyzing version 25.0.2 (473/544)...
2025-10-23 19:53:06,104 - BlankSpaceAnalyzer - INFO - -> Analyzing version 25.1.0 (474/544)...
2025-10-23 19:53:06,161 - BlankSpaceAnalyzer - INFO - -> Analyzing version 25.1.1 (475/544)...
2025-10-23 19:53:06,214 - BlankSpaceAnalyzer - INFO - -> Analyzing version 25.1.2 (476/544)...
2025-10-23 19:53:06,268 - BlankSpaceAnalyzer - INFO - -> Analyzing version 25.1.3 (477/544)...
2025-10-23 19:53:06,324 - BlankSpaceAnalyzer - INFO - -> Analyzing version 25.2.0 (478/544)...
2025-10-23 19:53:06,378 - BlankSpaceAnalyzer - INFO - -> Analyzing version 25.2.1 (479/544)...
2025-10-23 19:53:06,432 - BlankSpaceAnalyzer - INFO - -> Analyzing version 25.3.0 (480/544)...
2025-10-23 19:53:06,486 - BlankSpaceAnalyzer - INFO - -> Analyzing version 25.3.1 (481/544)...
2025-10-23 19:53:06,540 - BlankSpaceAnalyzer - INFO - -> Analyzing version 25.3.2 (482/544)...
2025-10-23 19:53:06,594 - BlankSpaceAnalyzer - INFO - -> Analyzing version 25.3.3 (483/544)...
2025-10-23 19:53:06,649 - BlankSpaceAnalyzer - INFO - -> Analyzing version 25.3.4 (484/544)...
2025-10-23 19:53:06,703 - BlankSpaceAnalyzer - INFO - -> Analyzing version 25.3.5 (485/544)...
2025-10-23 19:53:06,757 - BlankSpaceAnalyzer - INFO - -> Analyzing version 25.3.6 (486/544)...
2025-10-23 19:53:06,812 - BlankSpaceAnalyzer - INFO - -> Analyzing version 25.4.0 (487/544)...
2025-10-23 19:53:06,866 - BlankSpaceAnalyzer - INFO - -> Analyzing version 25.4.1 (488/544)...
2025-10-23 19:53:06,921 - BlankSpaceAnalyzer - INFO - -> Analyzing version 25.4.2 (489/544)...
2025-10-23 19:53:06,978 - BlankSpaceAnalyzer - INFO - -> Analyzing version 25.5.0 (490/544)...
2025-10-23 19:53:07,032 - BlankSpaceAnalyzer - INFO - -> Analyzing version 25.5.1 (491/544)...
2025-10-23 19:53:07,086 - BlankSpaceAnalyzer - INFO - -> Analyzing version 25.5.2 (492/544)...
2025-10-23 19:53:07,140 - BlankSpaceAnalyzer - INFO - -> Analyzing version 25.5.3 (493/544)...
2025-10-23 19:53:07,194 - BlankSpaceAnalyzer - INFO - -> Analyzing version 25.6.0 (494/544)...
2025-10-23 19:53:07,249 - BlankSpaceAnalyzer - INFO - -> Analyzing version 3.0.0 (495/544)...
2025-10-23 19:53:07,305 - BlankSpaceAnalyzer - INFO - -> Analyzing version 3.1.0 (496/544)...
2025-10-23 19:53:07,360 - BlankSpaceAnalyzer - INFO - -> Analyzing version 3.2.0 (497/544)...
2025-10-23 19:53:07,415 - BlankSpaceAnalyzer - INFO - -> Analyzing version 3.3.0 (498/544)...
2025-10-23 19:53:07,471 - BlankSpaceAnalyzer - INFO - -> Analyzing version 3.3.1 (499/544)...
2025-10-23 19:53:07,526 - BlankSpaceAnalyzer - INFO - -> Analyzing version 3.4.0 (500/544)...
2025-10-23 19:53:07,581 - BlankSpaceAnalyzer - INFO - -> Analyzing version 3.4.1 (501/544)...
2025-10-23 19:53:07,637 - BlankSpaceAnalyzer - INFO - -> Analyzing version 3.4.2 (502/544)...
2025-10-23 19:53:07,692 - BlankSpaceAnalyzer - INFO - -> Analyzing version 3.4.3 (503/544)...
2025-10-23 19:53:07,747 - BlankSpaceAnalyzer - INFO - -> Analyzing version 3.4.4 (504/544)...
2025-10-23 19:53:07,802 - BlankSpaceAnalyzer - INFO - -> Analyzing version 3.5.0 (505/544)...
2025-10-23 19:53:07,858 - BlankSpaceAnalyzer - INFO - -> Analyzing version 3.5.1 (506/544)...
2025-10-23 19:53:07,913 - BlankSpaceAnalyzer - INFO - -> Analyzing version 3.5.2 (507/544)...
2025-10-23 19:53:07,968 - BlankSpaceAnalyzer - INFO - -> Analyzing version 4.0.0 (508/544)...
2025-10-23 19:53:08,024 - BlankSpaceAnalyzer - INFO - -> Analyzing version 4.1.0 (509/544)...
2025-10-23 19:53:08,080 - BlankSpaceAnalyzer - INFO - -> Analyzing version 4.1.1 (510/544)...
2025-10-23 19:53:08,137 - BlankSpaceAnalyzer - INFO - -> Analyzing version 4.1.2 (511/544)...
2025-10-23 19:53:08,192 - BlankSpaceAnalyzer - INFO - -> Analyzing version 4.1.3 (512/544)...
2025-10-23 19:53:08,248 - BlankSpaceAnalyzer - INFO - -> Analyzing version 4.1.4 (513/544)...
2025-10-23 19:53:08,303 - BlankSpaceAnalyzer - INFO - -> Analyzing version 4.2.0 (514/544)...
2025-10-23 19:53:08,359 - BlankSpaceAnalyzer - INFO - -> Analyzing version 5.0.0 (515/544)...
2025-10-23 19:53:08,415 - BlankSpaceAnalyzer - INFO - -> Analyzing version 6.0.0 (516/544)...
2025-10-23 19:53:08,471 - BlankSpaceAnalyzer - INFO - -> Analyzing version 6.0.1 (517/544)...
2025-10-23 19:53:08,526 - BlankSpaceAnalyzer - INFO - -> Analyzing version 6.0.2 (518/544)...
2025-10-23 19:53:08,582 - BlankSpaceAnalyzer - INFO - -> Analyzing version 6.0.3 (519/544)...
2025-10-23 19:53:08,639 - BlankSpaceAnalyzer - INFO - -> Analyzing version 6.1.0 (520/544)...
2025-10-23 19:53:08,693 - BlankSpaceAnalyzer - INFO - -> Analyzing version 6.1.1 (521/544)...
2025-10-23 19:53:08,749 - BlankSpaceAnalyzer - INFO - -> Analyzing version 6.1.2 (522/544)...
2025-10-23 19:53:08,804 - BlankSpaceAnalyzer - INFO - -> Analyzing version 7.0.0 (523/544)...
2025-10-23 19:53:08,860 - BlankSpaceAnalyzer - INFO - -> Analyzing version 7.0.1 (524/544)...
2025-10-23 19:53:08,918 - BlankSpaceAnalyzer - INFO - -> Analyzing version 7.1.0 (525/544)...
2025-10-23 19:53:08,973 - BlankSpaceAnalyzer - INFO - -> Analyzing version 7.1.1 (526/544)...
2025-10-23 19:53:09,031 - BlankSpaceAnalyzer - INFO - -> Analyzing version 7.1.2 (527/544)...
2025-10-23 19:53:09,087 - BlankSpaceAnalyzer - INFO - -> Analyzing version 7.1.3 (528/544)...
2025-10-23 19:53:09,146 - BlankSpaceAnalyzer - INFO - -> Analyzing version 7.2.0 (529/544)...
2025-10-23 19:53:09,201 - BlankSpaceAnalyzer - INFO - -> Analyzing version 7.2.1 (530/544)...
2025-10-23 19:53:09,256 - BlankSpaceAnalyzer - INFO - -> Analyzing version 7.2.2 (531/544)...
2025-10-23 19:53:09,312 - BlankSpaceAnalyzer - INFO - -> Analyzing version 7.2.3 (532/544)...
2025-10-23 19:53:09,368 - BlankSpaceAnalyzer - INFO - -> Analyzing version 8.0.0 (533/544)...
2025-10-23 19:53:09,424 - BlankSpaceAnalyzer - INFO - -> Analyzing version 8.1.0 (534/544)...
2025-10-23 19:53:09,480 - BlankSpaceAnalyzer - INFO - -> Analyzing version 8.2.0 (535/544)...
2025-10-23 19:53:09,535 - BlankSpaceAnalyzer - INFO - -> Analyzing version 8.2.1 (536/544)...
2025-10-23 19:53:09,592 - BlankSpaceAnalyzer - INFO - -> Analyzing version 8.3.0 (537/544)...
2025-10-23 19:53:09,648 - BlankSpaceAnalyzer - INFO - -> Analyzing version 8.4.0 (538/544)...
2025-10-23 19:53:09,703 - BlankSpaceAnalyzer - INFO - -> Analyzing version 8.4.1 (539/544)...
2025-10-23 19:53:09,759 - BlankSpaceAnalyzer - INFO - -> Analyzing version 8.4.2 (540/544)...
2025-10-23 19:53:09,816 - BlankSpaceAnalyzer - INFO - -> Analyzing version 8.4.3 (541/544)...
2025-10-23 19:53:09,874 - BlankSpaceAnalyzer - INFO - -> Analyzing version 9.0.0 (542/544)...
2025-10-23 19:53:09,929 - BlankSpaceAnalyzer - INFO - -> Analyzing version 9.0.1 (543/544)...
2025-10-23 19:53:09,985 - BlankSpaceAnalyzer - INFO - -> Analyzing version 9.1.0 (544/544)...
2025-10-23 19:53:10,042 - BlankSpaceAnalyzer - INFO - Exporting results for 'i18next' to CSV...
2025-10-23 19:53:10,812 - BlankSpaceAnalyzer - INFO - Reports saved in: /app/npm_results/i18next
2025-10-23 19:53:10,813 - NPM_Analyzer - INFO - Cleaning temporary folder 'temp/i18next'...
2025-10-23 19:53:11,207 - NPM_Analyzer - INFO - Cleanup completed.
