2025-11-04 20:50:07,799 - NPM_Analyzer - INFO - Fetching metadata for 'css-to-react-native'...
2025-11-04 20:50:07,922 - NPM_Analyzer - INFO - Found 23 versions. Starting download into 'temp/css-to-react-native'...
2025-11-04 20:50:22,583 - BlankSpaceAnalyzer - INFO - Analyzing 23 versions for '*.js' in 'css-to-react-native'.
2025-11-04 20:50:22,583 - BlankSpaceAnalyzer - INFO - -> Analyzing version 1.0.0 (1/23)...
2025-11-04 20:50:22,720 - BlankSpaceAnalyzer - INFO - -> Analyzing version 1.0.1 (2/23)...
2025-11-04 20:50:22,828 - BlankSpaceAnalyzer - INFO - -> Analyzing version 1.0.2 (3/23)...
2025-11-04 20:50:22,937 - BlankSpaceAnalyzer - INFO - -> Analyzing version 1.0.3 (4/23)...
2025-11-04 20:50:23,046 - BlankSpaceAnalyzer - INFO - -> Analyzing version 1.0.4 (5/23)...
2025-11-04 20:50:23,155 - BlankSpaceAnalyzer - INFO - -> Analyzing version 1.0.5 (6/23)...
2025-11-04 20:50:23,264 - BlankSpaceAnalyzer - INFO - -> Analyzing version 1.0.6 (7/23)...
2025-11-04 20:50:23,373 - BlankSpaceAnalyzer - INFO - -> Analyzing version 2.0.0 (8/23)...
2025-11-04 20:50:23,483 - BlankSpaceAnalyzer - INFO - -> Analyzing version 2.0.1 (9/23)...
2025-11-04 20:50:23,594 - BlankSpaceAnalyzer - INFO - -> Analyzing version 2.0.3 (10/23)...
2025-11-04 20:50:23,705 - BlankSpaceAnalyzer - INFO - -> Analyzing version 2.0.4 (11/23)...
2025-11-04 20:50:23,822 - BlankSpaceAnalyzer - INFO - -> Analyzing version 2.1.0 (12/23)...
2025-11-04 20:50:23,936 - BlankSpaceAnalyzer - INFO - -> Analyzing version 2.1.1 (13/23)...
2025-11-04 20:50:24,056 - BlankSpaceAnalyzer - INFO - -> Analyzing version 2.1.2 (14/23)...
2025-11-04 20:50:24,176 - BlankSpaceAnalyzer - INFO - -> Analyzing version 2.2.0 (15/23)...
2025-11-04 20:50:24,288 - BlankSpaceAnalyzer - INFO - -> Analyzing version 2.2.1 (16/23)...
2025-11-04 20:50:24,406 - BlankSpaceAnalyzer - INFO - -> Analyzing version 2.2.2 (17/23)...
2025-11-04 20:50:24,519 - BlankSpaceAnalyzer - INFO - -> Analyzing version 2.3.0 (18/23)...
2025-11-04 20:50:24,634 - BlankSpaceAnalyzer - INFO - -> Analyzing version 2.3.1 (19/23)...
2025-11-04 20:50:24,751 - BlankSpaceAnalyzer - INFO - -> Analyzing version 2.3.2 (20/23)...
2025-11-04 20:50:24,872 - BlankSpaceAnalyzer - INFO - -> Analyzing version 3.0.0 (21/23)...
2025-11-04 20:50:24,983 - BlankSpaceAnalyzer - INFO - -> Analyzing version 3.1.0 (22/23)...
2025-11-04 20:50:25,094 - BlankSpaceAnalyzer - INFO - -> Analyzing version 3.2.0 (23/23)...
2025-11-04 20:50:25,205 - BlankSpaceAnalyzer - INFO - Exporting results for 'css-to-react-native' to CSV...
2025-11-04 20:50:25,232 - BlankSpaceAnalyzer - INFO - Reports saved in: /app/npm_results/css-to-react-native
2025-11-04 20:50:25,232 - NPM_Analyzer - INFO - Cleaning temporary folder 'temp/css-to-react-native'...
2025-11-04 20:50:25,245 - NPM_Analyzer - INFO - Cleanup completed.
