2025-11-12 13:34:50,905 - NPM_HUT_Analyzer - INFO - Recupero metadata per '@jest/globals'...
2025-11-12 13:34:51,060 - NPM_HUT_Analyzer - INFO - Trovate 128 versioni. Inizio download in 'temp_hut/@jest_globals'...
2025-11-12 13:36:50,547 - UnicodeAnalyzer - INFO - Analizzando 128 versioni per '*.js' in '@jest_globals'.
2025-11-12 13:36:50,548 - UnicodeAnalyzer - INFO - -> Analizzando versione 25.5.0 (1/128)...
2025-11-12 13:36:50,549 - UnicodeAnalyzer - INFO - Filtrati 1 file (es. in /dist, /test).
2025-11-12 13:36:50,549 - UnicodeAnalyzer - INFO - -> Analizzando versione 25.5.2 (2/128)...
2025-11-12 13:36:50,551 - UnicodeAnalyzer - INFO - Filtrati 1 file (es. in /dist, /test).
2025-11-12 13:36:50,551 - UnicodeAnalyzer - INFO - -> Analizzando versione 26.0.0 (3/128)...
2025-11-12 13:36:50,552 - UnicodeAnalyzer - INFO - Filtrati 1 file (es. in /dist, /test).
2025-11-12 13:36:50,552 - UnicodeAnalyzer - INFO - -> Analizzando versione 26.0.0-alpha.0 (4/128)...
2025-11-12 13:36:50,553 - UnicodeAnalyzer - INFO - Filtrati 1 file (es. in /dist, /test).
2025-11-12 13:36:50,553 - UnicodeAnalyzer - INFO - -> Analizzando versione 26.0.0-alpha.1 (5/128)...
2025-11-12 13:36:50,554 - UnicodeAnalyzer - INFO - Filtrati 1 file (es. in /dist, /test).
2025-11-12 13:36:50,554 - UnicodeAnalyzer - INFO - -> Analizzando versione 26.0.0-alpha.2 (6/128)...
2025-11-12 13:36:50,555 - UnicodeAnalyzer - INFO - Filtrati 1 file (es. in /dist, /test).
2025-11-12 13:36:50,555 - UnicodeAnalyzer - INFO - -> Analizzando versione 26.0.1 (7/128)...
2025-11-12 13:36:50,556 - UnicodeAnalyzer - INFO - Filtrati 1 file (es. in /dist, /test).
2025-11-12 13:36:50,556 - UnicodeAnalyzer - INFO - -> Analizzando versione 26.0.1-alpha.0 (8/128)...
2025-11-12 13:36:50,557 - UnicodeAnalyzer - INFO - Filtrati 1 file (es. in /dist, /test).
2025-11-12 13:36:50,557 - UnicodeAnalyzer - INFO - -> Analizzando versione 26.1.0 (9/128)...
2025-11-12 13:36:50,558 - UnicodeAnalyzer - INFO - Filtrati 1 file (es. in /dist, /test).
2025-11-12 13:36:50,558 - UnicodeAnalyzer - INFO - -> Analizzando versione 26.2.0 (10/128)...
2025-11-12 13:36:50,559 - UnicodeAnalyzer - INFO - Filtrati 1 file (es. in /dist, /test).
2025-11-12 13:36:50,559 - UnicodeAnalyzer - INFO - -> Analizzando versione 26.3.0 (11/128)...
2025-11-12 13:36:50,560 - UnicodeAnalyzer - INFO - Filtrati 1 file (es. in /dist, /test).
2025-11-12 13:36:50,561 - UnicodeAnalyzer - INFO - -> Analizzando versione 26.4.0 (12/128)...
2025-11-12 13:36:50,561 - UnicodeAnalyzer - INFO - Filtrati 1 file (es. in /dist, /test).
2025-11-12 13:36:50,562 - UnicodeAnalyzer - INFO - -> Analizzando versione 26.4.1 (13/128)...
2025-11-12 13:36:50,562 - UnicodeAnalyzer - INFO - Filtrati 1 file (es. in /dist, /test).
2025-11-12 13:36:50,563 - UnicodeAnalyzer - INFO - -> Analizzando versione 26.4.2 (14/128)...
2025-11-12 13:36:50,563 - UnicodeAnalyzer - INFO - Filtrati 1 file (es. in /dist, /test).
2025-11-12 13:36:50,564 - UnicodeAnalyzer - INFO - -> Analizzando versione 26.5.0 (15/128)...
2025-11-12 13:36:50,564 - UnicodeAnalyzer - INFO - Filtrati 1 file (es. in /dist, /test).
2025-11-12 13:36:50,565 - UnicodeAnalyzer - INFO - -> Analizzando versione 26.5.2 (16/128)...
2025-11-12 13:36:50,565 - UnicodeAnalyzer - INFO - Filtrati 1 file (es. in /dist, /test).
2025-11-12 13:36:50,565 - UnicodeAnalyzer - INFO - -> Analizzando versione 26.5.3 (17/128)...
2025-11-12 13:36:50,566 - UnicodeAnalyzer - INFO - Filtrati 1 file (es. in /dist, /test).
2025-11-12 13:36:50,566 - UnicodeAnalyzer - INFO - -> Analizzando versione 26.6.0 (18/128)...
2025-11-12 13:36:50,567 - UnicodeAnalyzer - INFO - Filtrati 1 file (es. in /dist, /test).
2025-11-12 13:36:50,567 - UnicodeAnalyzer - INFO - -> Analizzando versione 26.6.1 (19/128)...
2025-11-12 13:36:50,568 - UnicodeAnalyzer - INFO - Filtrati 1 file (es. in /dist, /test).
2025-11-12 13:36:50,568 - UnicodeAnalyzer - INFO - -> Analizzando versione 26.6.2 (20/128)...
2025-11-12 13:36:50,568 - UnicodeAnalyzer - INFO - Filtrati 1 file (es. in /dist, /test).
2025-11-12 13:36:50,568 - UnicodeAnalyzer - INFO - -> Analizzando versione 27.0.0 (21/128)...
2025-11-12 13:36:50,569 - UnicodeAnalyzer - INFO - Filtrati 1 file (es. in /dist, /test).
2025-11-12 13:36:50,569 - UnicodeAnalyzer - INFO - -> Analizzando versione 27.0.0-next.0 (22/128)...
2025-11-12 13:36:50,570 - UnicodeAnalyzer - INFO - Filtrati 1 file (es. in /dist, /test).
2025-11-12 13:36:50,570 - UnicodeAnalyzer - INFO - -> Analizzando versione 27.0.0-next.1 (23/128)...
2025-11-12 13:36:50,570 - UnicodeAnalyzer - INFO - Filtrati 1 file (es. in /dist, /test).
2025-11-12 13:36:50,571 - UnicodeAnalyzer - INFO - -> Analizzando versione 27.0.0-next.10 (24/128)...
2025-11-12 13:36:50,571 - UnicodeAnalyzer - INFO - Filtrati 1 file (es. in /dist, /test).
2025-11-12 13:36:50,571 - UnicodeAnalyzer - INFO - -> Analizzando versione 27.0.0-next.11 (25/128)...
2025-11-12 13:36:50,572 - UnicodeAnalyzer - INFO - Filtrati 1 file (es. in /dist, /test).
2025-11-12 13:36:50,572 - UnicodeAnalyzer - INFO - -> Analizzando versione 27.0.0-next.3 (26/128)...
2025-11-12 13:36:50,572 - UnicodeAnalyzer - INFO - Filtrati 1 file (es. in /dist, /test).
2025-11-12 13:36:50,572 - UnicodeAnalyzer - INFO - -> Analizzando versione 27.0.0-next.4 (27/128)...
2025-11-12 13:36:50,573 - UnicodeAnalyzer - INFO - Filtrati 1 file (es. in /dist, /test).
2025-11-12 13:36:50,573 - UnicodeAnalyzer - INFO - -> Analizzando versione 27.0.0-next.5 (28/128)...
2025-11-12 13:36:50,573 - UnicodeAnalyzer - INFO - Filtrati 1 file (es. in /dist, /test).
2025-11-12 13:36:50,573 - UnicodeAnalyzer - INFO - -> Analizzando versione 27.0.0-next.6 (29/128)...
2025-11-12 13:36:50,574 - UnicodeAnalyzer - INFO - Filtrati 1 file (es. in /dist, /test).
2025-11-12 13:36:50,574 - UnicodeAnalyzer - INFO - -> Analizzando versione 27.0.0-next.7 (30/128)...
2025-11-12 13:36:50,574 - UnicodeAnalyzer - INFO - Filtrati 1 file (es. in /dist, /test).
2025-11-12 13:36:50,575 - UnicodeAnalyzer - INFO - -> Analizzando versione 27.0.0-next.8 (31/128)...
2025-11-12 13:36:50,575 - UnicodeAnalyzer - INFO - Filtrati 1 file (es. in /dist, /test).
2025-11-12 13:36:50,575 - UnicodeAnalyzer - INFO - -> Analizzando versione 27.0.0-next.9 (32/128)...
2025-11-12 13:36:50,575 - UnicodeAnalyzer - INFO - Filtrati 1 file (es. in /dist, /test).
2025-11-12 13:36:50,576 - UnicodeAnalyzer - INFO - -> Analizzando versione 27.0.1 (33/128)...
2025-11-12 13:36:50,576 - UnicodeAnalyzer - INFO - Filtrati 1 file (es. in /dist, /test).
2025-11-12 13:36:50,576 - UnicodeAnalyzer - INFO - -> Analizzando versione 27.0.2 (34/128)...
2025-11-12 13:36:50,576 - UnicodeAnalyzer - INFO - Filtrati 1 file (es. in /dist, /test).
2025-11-12 13:36:50,576 - UnicodeAnalyzer - INFO - -> Analizzando versione 27.0.3 (35/128)...
2025-11-12 13:36:50,577 - UnicodeAnalyzer - INFO - Filtrati 1 file (es. in /dist, /test).
2025-11-12 13:36:50,577 - UnicodeAnalyzer - INFO - -> Analizzando versione 27.0.5 (36/128)...
2025-11-12 13:36:50,577 - UnicodeAnalyzer - INFO - Filtrati 1 file (es. in /dist, /test).
2025-11-12 13:36:50,577 - UnicodeAnalyzer - INFO - -> Analizzando versione 27.0.6 (37/128)...
2025-11-12 13:36:50,578 - UnicodeAnalyzer - INFO - Filtrati 1 file (es. in /dist, /test).
2025-11-12 13:36:50,578 - UnicodeAnalyzer - INFO - -> Analizzando versione 27.1.0 (38/128)...
2025-11-12 13:36:50,578 - UnicodeAnalyzer - INFO - Filtrati 1 file (es. in /dist, /test).
2025-11-12 13:36:50,578 - UnicodeAnalyzer - INFO - -> Analizzando versione 27.1.1 (39/128)...
2025-11-12 13:36:50,579 - UnicodeAnalyzer - INFO - Filtrati 1 file (es. in /dist, /test).
2025-11-12 13:36:50,579 - UnicodeAnalyzer - INFO - -> Analizzando versione 27.2.0 (40/128)...
2025-11-12 13:36:50,579 - UnicodeAnalyzer - INFO - Filtrati 1 file (es. in /dist, /test).
2025-11-12 13:36:50,579 - UnicodeAnalyzer - INFO - -> Analizzando versione 27.2.1 (41/128)...
2025-11-12 13:36:50,579 - UnicodeAnalyzer - INFO - Filtrati 1 file (es. in /dist, /test).
2025-11-12 13:36:50,579 - UnicodeAnalyzer - INFO - -> Analizzando versione 27.2.2 (42/128)...
2025-11-12 13:36:50,580 - UnicodeAnalyzer - INFO - Filtrati 1 file (es. in /dist, /test).
2025-11-12 13:36:50,580 - UnicodeAnalyzer - INFO - -> Analizzando versione 27.2.3 (43/128)...
2025-11-12 13:36:50,580 - UnicodeAnalyzer - INFO - Filtrati 1 file (es. in /dist, /test).
2025-11-12 13:36:50,580 - UnicodeAnalyzer - INFO - -> Analizzando versione 27.2.4 (44/128)...
2025-11-12 13:36:50,581 - UnicodeAnalyzer - INFO - Filtrati 1 file (es. in /dist, /test).
2025-11-12 13:36:50,581 - UnicodeAnalyzer - INFO - -> Analizzando versione 27.2.5 (45/128)...
2025-11-12 13:36:50,581 - UnicodeAnalyzer - INFO - Filtrati 1 file (es. in /dist, /test).
2025-11-12 13:36:50,581 - UnicodeAnalyzer - INFO - -> Analizzando versione 27.3.0 (46/128)...
2025-11-12 13:36:50,581 - UnicodeAnalyzer - INFO - Filtrati 1 file (es. in /dist, /test).
2025-11-12 13:36:50,581 - UnicodeAnalyzer - INFO - -> Analizzando versione 27.3.1 (47/128)...
2025-11-12 13:36:50,582 - UnicodeAnalyzer - INFO - Filtrati 1 file (es. in /dist, /test).
2025-11-12 13:36:50,582 - UnicodeAnalyzer - INFO - -> Analizzando versione 27.4.0 (48/128)...
2025-11-12 13:36:50,582 - UnicodeAnalyzer - INFO - Filtrati 1 file (es. in /dist, /test).
2025-11-12 13:36:50,582 - UnicodeAnalyzer - INFO - -> Analizzando versione 27.4.1 (49/128)...
2025-11-12 13:36:50,582 - UnicodeAnalyzer - INFO - Filtrati 1 file (es. in /dist, /test).
2025-11-12 13:36:50,582 - UnicodeAnalyzer - INFO - -> Analizzando versione 27.4.2 (50/128)...
2025-11-12 13:36:50,583 - UnicodeAnalyzer - INFO - Filtrati 1 file (es. in /dist, /test).
2025-11-12 13:36:50,583 - UnicodeAnalyzer - INFO - -> Analizzando versione 27.4.4 (51/128)...
2025-11-12 13:36:50,583 - UnicodeAnalyzer - INFO - Filtrati 1 file (es. in /dist, /test).
2025-11-12 13:36:50,583 - UnicodeAnalyzer - INFO - -> Analizzando versione 27.4.6 (52/128)...
2025-11-12 13:36:50,583 - UnicodeAnalyzer - INFO - Filtrati 1 file (es. in /dist, /test).
2025-11-12 13:36:50,583 - UnicodeAnalyzer - INFO - -> Analizzando versione 27.5.0 (53/128)...
2025-11-12 13:36:50,584 - UnicodeAnalyzer - INFO - Filtrati 1 file (es. in /dist, /test).
2025-11-12 13:36:50,584 - UnicodeAnalyzer - INFO - -> Analizzando versione 27.5.1 (54/128)...
2025-11-12 13:36:50,584 - UnicodeAnalyzer - INFO - Filtrati 1 file (es. in /dist, /test).
2025-11-12 13:36:50,584 - UnicodeAnalyzer - INFO - -> Analizzando versione 28.0.0 (55/128)...
2025-11-12 13:36:50,584 - UnicodeAnalyzer - INFO - Filtrati 1 file (es. in /dist, /test).
2025-11-12 13:36:50,585 - UnicodeAnalyzer - INFO - -> Analizzando versione 28.0.0-alpha.0 (56/128)...
2025-11-12 13:36:50,585 - UnicodeAnalyzer - INFO - Filtrati 1 file (es. in /dist, /test).
2025-11-12 13:36:50,585 - UnicodeAnalyzer - INFO - -> Analizzando versione 28.0.0-alpha.1 (57/128)...
2025-11-12 13:36:50,585 - UnicodeAnalyzer - INFO - Filtrati 1 file (es. in /dist, /test).
2025-11-12 13:36:50,585 - UnicodeAnalyzer - INFO - -> Analizzando versione 28.0.0-alpha.10 (58/128)...
2025-11-12 13:36:50,585 - UnicodeAnalyzer - INFO - Filtrati 1 file (es. in /dist, /test).
2025-11-12 13:36:50,585 - UnicodeAnalyzer - INFO - -> Analizzando versione 28.0.0-alpha.11 (59/128)...
2025-11-12 13:36:50,586 - UnicodeAnalyzer - INFO - Filtrati 1 file (es. in /dist, /test).
2025-11-12 13:36:50,586 - UnicodeAnalyzer - INFO - -> Analizzando versione 28.0.0-alpha.2 (60/128)...
2025-11-12 13:36:50,586 - UnicodeAnalyzer - INFO - Filtrati 1 file (es. in /dist, /test).
2025-11-12 13:36:50,586 - UnicodeAnalyzer - INFO - -> Analizzando versione 28.0.0-alpha.3 (61/128)...
2025-11-12 13:36:50,586 - UnicodeAnalyzer - INFO - Filtrati 1 file (es. in /dist, /test).
2025-11-12 13:36:50,586 - UnicodeAnalyzer - INFO - -> Analizzando versione 28.0.0-alpha.4 (62/128)...
2025-11-12 13:36:50,587 - UnicodeAnalyzer - INFO - Filtrati 1 file (es. in /dist, /test).
2025-11-12 13:36:50,587 - UnicodeAnalyzer - INFO - -> Analizzando versione 28.0.0-alpha.5 (63/128)...
2025-11-12 13:36:50,587 - UnicodeAnalyzer - INFO - Filtrati 1 file (es. in /dist, /test).
2025-11-12 13:36:50,587 - UnicodeAnalyzer - INFO - -> Analizzando versione 28.0.0-alpha.6 (64/128)...
2025-11-12 13:36:50,587 - UnicodeAnalyzer - INFO - Filtrati 1 file (es. in /dist, /test).
2025-11-12 13:36:50,587 - UnicodeAnalyzer - INFO - -> Analizzando versione 28.0.0-alpha.7 (65/128)...
2025-11-12 13:36:50,588 - UnicodeAnalyzer - INFO - Filtrati 1 file (es. in /dist, /test).
2025-11-12 13:36:50,588 - UnicodeAnalyzer - INFO - -> Analizzando versione 28.0.0-alpha.8 (66/128)...
2025-11-12 13:36:50,588 - UnicodeAnalyzer - INFO - Filtrati 1 file (es. in /dist, /test).
2025-11-12 13:36:50,588 - UnicodeAnalyzer - INFO - -> Analizzando versione 28.0.0-alpha.9 (67/128)...
2025-11-12 13:36:50,588 - UnicodeAnalyzer - INFO - Filtrati 1 file (es. in /dist, /test).
2025-11-12 13:36:50,588 - UnicodeAnalyzer - INFO - -> Analizzando versione 28.0.1 (68/128)...
2025-11-12 13:36:50,588 - UnicodeAnalyzer - INFO - Filtrati 1 file (es. in /dist, /test).
2025-11-12 13:36:50,589 - UnicodeAnalyzer - INFO - -> Analizzando versione 28.0.2 (69/128)...
2025-11-12 13:36:50,589 - UnicodeAnalyzer - INFO - Filtrati 1 file (es. in /dist, /test).
2025-11-12 13:36:50,589 - UnicodeAnalyzer - INFO - -> Analizzando versione 28.0.3 (70/128)...
2025-11-12 13:36:50,589 - UnicodeAnalyzer - INFO - Filtrati 1 file (es. in /dist, /test).
2025-11-12 13:36:50,589 - UnicodeAnalyzer - INFO - -> Analizzando versione 28.1.0 (71/128)...
2025-11-12 13:36:50,589 - UnicodeAnalyzer - INFO - Filtrati 1 file (es. in /dist, /test).
2025-11-12 13:36:50,590 - UnicodeAnalyzer - INFO - -> Analizzando versione 28.1.1 (72/128)...
2025-11-12 13:36:50,590 - UnicodeAnalyzer - INFO - Filtrati 1 file (es. in /dist, /test).
2025-11-12 13:36:50,590 - UnicodeAnalyzer - INFO - -> Analizzando versione 28.1.2 (73/128)...
2025-11-12 13:36:50,590 - UnicodeAnalyzer - INFO - Filtrati 1 file (es. in /dist, /test).
2025-11-12 13:36:50,590 - UnicodeAnalyzer - INFO - -> Analizzando versione 28.1.3 (74/128)...
2025-11-12 13:36:50,590 - UnicodeAnalyzer - INFO - Filtrati 1 file (es. in /dist, /test).
2025-11-12 13:36:50,590 - UnicodeAnalyzer - INFO - -> Analizzando versione 29.0.0 (75/128)...
2025-11-12 13:36:50,590 - UnicodeAnalyzer - INFO - Filtrati 1 file (es. in /dist, /test).
2025-11-12 13:36:50,591 - UnicodeAnalyzer - INFO - -> Analizzando versione 29.0.0-alpha.0 (76/128)...
2025-11-12 13:36:50,591 - UnicodeAnalyzer - INFO - Filtrati 1 file (es. in /dist, /test).
2025-11-12 13:36:50,591 - UnicodeAnalyzer - INFO - -> Analizzando versione 29.0.0-alpha.1 (77/128)...
2025-11-12 13:36:50,591 - UnicodeAnalyzer - INFO - Filtrati 1 file (es. in /dist, /test).
2025-11-12 13:36:50,591 - UnicodeAnalyzer - INFO - -> Analizzando versione 29.0.0-alpha.3 (78/128)...
2025-11-12 13:36:50,591 - UnicodeAnalyzer - INFO - Filtrati 1 file (es. in /dist, /test).
2025-11-12 13:36:50,591 - UnicodeAnalyzer - INFO - -> Analizzando versione 29.0.0-alpha.4 (79/128)...
2025-11-12 13:36:50,591 - UnicodeAnalyzer - INFO - Filtrati 1 file (es. in /dist, /test).
2025-11-12 13:36:50,592 - UnicodeAnalyzer - INFO - -> Analizzando versione 29.0.0-alpha.5 (80/128)...
2025-11-12 13:36:50,592 - UnicodeAnalyzer - INFO - Filtrati 1 file (es. in /dist, /test).
2025-11-12 13:36:50,592 - UnicodeAnalyzer - INFO - -> Analizzando versione 29.0.0-alpha.6 (81/128)...
2025-11-12 13:36:50,592 - UnicodeAnalyzer - INFO - Filtrati 1 file (es. in /dist, /test).
2025-11-12 13:36:50,592 - UnicodeAnalyzer - INFO - -> Analizzando versione 29.0.1 (82/128)...
2025-11-12 13:36:50,592 - UnicodeAnalyzer - INFO - Filtrati 1 file (es. in /dist, /test).
2025-11-12 13:36:50,592 - UnicodeAnalyzer - INFO - -> Analizzando versione 29.0.2 (83/128)...
2025-11-12 13:36:50,592 - UnicodeAnalyzer - INFO - Filtrati 1 file (es. in /dist, /test).
2025-11-12 13:36:50,592 - UnicodeAnalyzer - INFO - -> Analizzando versione 29.0.3 (84/128)...
2025-11-12 13:36:50,593 - UnicodeAnalyzer - INFO - Filtrati 1 file (es. in /dist, /test).
2025-11-12 13:36:50,593 - UnicodeAnalyzer - INFO - -> Analizzando versione 29.1.0 (85/128)...
2025-11-12 13:36:50,593 - UnicodeAnalyzer - INFO - Filtrati 1 file (es. in /dist, /test).
2025-11-12 13:36:50,593 - UnicodeAnalyzer - INFO - -> Analizzando versione 29.1.1 (86/128)...
2025-11-12 13:36:50,593 - UnicodeAnalyzer - INFO - Filtrati 1 file (es. in /dist, /test).
2025-11-12 13:36:50,593 - UnicodeAnalyzer - INFO - -> Analizzando versione 29.1.2 (87/128)...
2025-11-12 13:36:50,593 - UnicodeAnalyzer - INFO - Filtrati 1 file (es. in /dist, /test).
2025-11-12 13:36:50,593 - UnicodeAnalyzer - INFO - -> Analizzando versione 29.2.0 (88/128)...
2025-11-12 13:36:50,594 - UnicodeAnalyzer - INFO - Filtrati 1 file (es. in /dist, /test).
2025-11-12 13:36:50,594 - UnicodeAnalyzer - INFO - -> Analizzando versione 29.2.1 (89/128)...
2025-11-12 13:36:50,594 - UnicodeAnalyzer - INFO - Filtrati 1 file (es. in /dist, /test).
2025-11-12 13:36:50,594 - UnicodeAnalyzer - INFO - -> Analizzando versione 29.2.2 (90/128)...
2025-11-12 13:36:50,594 - UnicodeAnalyzer - INFO - Filtrati 1 file (es. in /dist, /test).
2025-11-12 13:36:50,594 - UnicodeAnalyzer - INFO - -> Analizzando versione 29.3.0 (91/128)...
2025-11-12 13:36:50,594 - UnicodeAnalyzer - INFO - Filtrati 1 file (es. in /dist, /test).
2025-11-12 13:36:50,594 - UnicodeAnalyzer - INFO - -> Analizzando versione 29.3.1 (92/128)...
2025-11-12 13:36:50,594 - UnicodeAnalyzer - INFO - Filtrati 1 file (es. in /dist, /test).
2025-11-12 13:36:50,595 - UnicodeAnalyzer - INFO - -> Analizzando versione 29.4.0 (93/128)...
2025-11-12 13:36:50,595 - UnicodeAnalyzer - INFO - Filtrati 1 file (es. in /dist, /test).
2025-11-12 13:36:50,595 - UnicodeAnalyzer - INFO - -> Analizzando versione 29.4.1 (94/128)...
2025-11-12 13:36:50,595 - UnicodeAnalyzer - INFO - Filtrati 1 file (es. in /dist, /test).
2025-11-12 13:36:50,595 - UnicodeAnalyzer - INFO - -> Analizzando versione 29.4.2 (95/128)...
2025-11-12 13:36:50,595 - UnicodeAnalyzer - INFO - Filtrati 1 file (es. in /dist, /test).
2025-11-12 13:36:50,595 - UnicodeAnalyzer - INFO - -> Analizzando versione 29.4.3 (96/128)...
2025-11-12 13:36:50,595 - UnicodeAnalyzer - INFO - Filtrati 1 file (es. in /dist, /test).
2025-11-12 13:36:50,596 - UnicodeAnalyzer - INFO - -> Analizzando versione 29.5.0 (97/128)...
2025-11-12 13:36:50,596 - UnicodeAnalyzer - INFO - Filtrati 1 file (es. in /dist, /test).
2025-11-12 13:36:50,596 - UnicodeAnalyzer - INFO - -> Analizzando versione 29.6.0 (98/128)...
2025-11-12 13:36:50,596 - UnicodeAnalyzer - INFO - Filtrati 1 file (es. in /dist, /test).
2025-11-12 13:36:50,596 - UnicodeAnalyzer - INFO - -> Analizzando versione 29.6.1 (99/128)...
2025-11-12 13:36:50,596 - UnicodeAnalyzer - INFO - Filtrati 1 file (es. in /dist, /test).
2025-11-12 13:36:50,596 - UnicodeAnalyzer - INFO - -> Analizzando versione 29.6.2 (100/128)...
2025-11-12 13:36:50,596 - UnicodeAnalyzer - INFO - Filtrati 1 file (es. in /dist, /test).
2025-11-12 13:36:50,596 - UnicodeAnalyzer - INFO - -> Analizzando versione 29.6.3 (101/128)...
2025-11-12 13:36:50,597 - UnicodeAnalyzer - INFO - Filtrati 1 file (es. in /dist, /test).
2025-11-12 13:36:50,597 - UnicodeAnalyzer - INFO - -> Analizzando versione 29.6.4 (102/128)...
2025-11-12 13:36:50,597 - UnicodeAnalyzer - INFO - Filtrati 1 file (es. in /dist, /test).
2025-11-12 13:36:50,597 - UnicodeAnalyzer - INFO - -> Analizzando versione 29.7.0 (103/128)...
2025-11-12 13:36:50,597 - UnicodeAnalyzer - INFO - Filtrati 1 file (es. in /dist, /test).
2025-11-12 13:36:50,597 - UnicodeAnalyzer - INFO - -> Analizzando versione 30.0.0 (104/128)...
2025-11-12 13:36:50,597 - UnicodeAnalyzer - INFO - Filtrati 1 file (es. in /dist, /test).
2025-11-12 13:36:50,597 - UnicodeAnalyzer - INFO - -> Analizzando versione 30.0.0-alpha.1 (105/128)...
2025-11-12 13:36:50,598 - UnicodeAnalyzer - INFO - Filtrati 1 file (es. in /dist, /test).
2025-11-12 13:36:50,598 - UnicodeAnalyzer - INFO - -> Analizzando versione 30.0.0-alpha.2 (106/128)...
2025-11-12 13:36:50,598 - UnicodeAnalyzer - INFO - Filtrati 1 file (es. in /dist, /test).
2025-11-12 13:36:50,598 - UnicodeAnalyzer - INFO - -> Analizzando versione 30.0.0-alpha.3 (107/128)...
2025-11-12 13:36:50,598 - UnicodeAnalyzer - INFO - Filtrati 1 file (es. in /dist, /test).
2025-11-12 13:36:50,598 - UnicodeAnalyzer - INFO - -> Analizzando versione 30.0.0-alpha.4 (108/128)...
2025-11-12 13:36:50,598 - UnicodeAnalyzer - INFO - Filtrati 1 file (es. in /dist, /test).
2025-11-12 13:36:50,598 - UnicodeAnalyzer - INFO - -> Analizzando versione 30.0.0-alpha.5 (109/128)...
2025-11-12 13:36:50,598 - UnicodeAnalyzer - INFO - Filtrati 1 file (es. in /dist, /test).
2025-11-12 13:36:50,599 - UnicodeAnalyzer - INFO - -> Analizzando versione 30.0.0-alpha.6 (110/128)...
2025-11-12 13:36:50,599 - UnicodeAnalyzer - INFO - Filtrati 1 file (es. in /dist, /test).
2025-11-12 13:36:50,599 - UnicodeAnalyzer - INFO - -> Analizzando versione 30.0.0-alpha.7 (111/128)...
2025-11-12 13:36:50,599 - UnicodeAnalyzer - INFO - Filtrati 1 file (es. in /dist, /test).
2025-11-12 13:36:50,599 - UnicodeAnalyzer - INFO - -> Analizzando versione 30.0.0-beta.2 (112/128)...
2025-11-12 13:36:50,599 - UnicodeAnalyzer - INFO - Filtrati 1 file (es. in /dist, /test).
2025-11-12 13:36:50,599 - UnicodeAnalyzer - INFO - -> Analizzando versione 30.0.0-beta.3 (113/128)...
2025-11-12 13:36:50,599 - UnicodeAnalyzer - INFO - Filtrati 1 file (es. in /dist, /test).
2025-11-12 13:36:50,600 - UnicodeAnalyzer - INFO - -> Analizzando versione 30.0.0-beta.4 (114/128)...
2025-11-12 13:36:50,600 - UnicodeAnalyzer - INFO - Filtrati 1 file (es. in /dist, /test).
2025-11-12 13:36:50,600 - UnicodeAnalyzer - INFO - -> Analizzando versione 30.0.0-beta.5 (115/128)...
2025-11-12 13:36:50,600 - UnicodeAnalyzer - INFO - Filtrati 1 file (es. in /dist, /test).
2025-11-12 13:36:50,600 - UnicodeAnalyzer - INFO - -> Analizzando versione 30.0.0-beta.6 (116/128)...
2025-11-12 13:36:50,600 - UnicodeAnalyzer - INFO - Filtrati 1 file (es. in /dist, /test).
2025-11-12 13:36:50,600 - UnicodeAnalyzer - INFO - -> Analizzando versione 30.0.0-beta.7 (117/128)...
2025-11-12 13:36:50,600 - UnicodeAnalyzer - INFO - Filtrati 1 file (es. in /dist, /test).
2025-11-12 13:36:50,600 - UnicodeAnalyzer - INFO - -> Analizzando versione 30.0.0-beta.8 (118/128)...
2025-11-12 13:36:50,601 - UnicodeAnalyzer - INFO - Filtrati 1 file (es. in /dist, /test).
2025-11-12 13:36:50,601 - UnicodeAnalyzer - INFO - -> Analizzando versione 30.0.0-rc.1 (119/128)...
2025-11-12 13:36:50,601 - UnicodeAnalyzer - INFO - Filtrati 1 file (es. in /dist, /test).
2025-11-12 13:36:50,601 - UnicodeAnalyzer - INFO - -> Analizzando versione 30.0.1 (120/128)...
2025-11-12 13:36:50,601 - UnicodeAnalyzer - INFO - Filtrati 1 file (es. in /dist, /test).
2025-11-12 13:36:50,601 - UnicodeAnalyzer - INFO - -> Analizzando versione 30.0.2 (121/128)...
2025-11-12 13:36:50,601 - UnicodeAnalyzer - INFO - Filtrati 1 file (es. in /dist, /test).
2025-11-12 13:36:50,601 - UnicodeAnalyzer - INFO - -> Analizzando versione 30.0.3 (122/128)...
2025-11-12 13:36:50,602 - UnicodeAnalyzer - INFO - Filtrati 1 file (es. in /dist, /test).
2025-11-12 13:36:50,602 - UnicodeAnalyzer - INFO - -> Analizzando versione 30.0.4 (123/128)...
2025-11-12 13:36:50,602 - UnicodeAnalyzer - INFO - Filtrati 1 file (es. in /dist, /test).
2025-11-12 13:36:50,602 - UnicodeAnalyzer - INFO - -> Analizzando versione 30.0.5 (124/128)...
2025-11-12 13:36:50,602 - UnicodeAnalyzer - INFO - Filtrati 1 file (es. in /dist, /test).
2025-11-12 13:36:50,602 - UnicodeAnalyzer - INFO - -> Analizzando versione 30.1.0 (125/128)...
2025-11-12 13:36:50,602 - UnicodeAnalyzer - INFO - Filtrati 1 file (es. in /dist, /test).
2025-11-12 13:36:50,602 - UnicodeAnalyzer - INFO - -> Analizzando versione 30.1.1 (126/128)...
2025-11-12 13:36:50,603 - UnicodeAnalyzer - INFO - Filtrati 1 file (es. in /dist, /test).
2025-11-12 13:36:50,603 - UnicodeAnalyzer - INFO - -> Analizzando versione 30.1.2 (127/128)...
2025-11-12 13:36:50,603 - UnicodeAnalyzer - INFO - Filtrati 1 file (es. in /dist, /test).
2025-11-12 13:36:50,603 - UnicodeAnalyzer - INFO - -> Analizzando versione 30.2.0 (128/128)...
2025-11-12 13:36:50,603 - UnicodeAnalyzer - INFO - Filtrati 1 file (es. in /dist, /test).
2025-11-12 13:36:50,603 - UnicodeAnalyzer - INFO - Esportando i risultati HUT per '@jest/globals' in CSV...
2025-11-12 13:36:50,603 - UnicodeAnalyzer - WARNING - Nessun file analizzato. I file CSV saranno vuoti.
2025-11-12 13:36:50,603 - NPM_HUT_Analyzer - INFO - Pulizia cartella temporanea 'temp_hut/@jest_globals'...
2025-11-12 13:36:50,622 - NPM_HUT_Analyzer - INFO - Pulizia completata.
