2025-11-14 16:34:38,573 - NPM_HUT_Analyzer - INFO - Recupero metadata per 'css-declaration-sorter'...
2025-11-14 16:34:38,710 - NPM_HUT_Analyzer - INFO - Trovate 46 versioni. Inizio download in 'temp_hut/css-declaration-sorter'...
2025-11-14 16:35:05,117 - UnicodeAnalyzer - INFO - Analizzando 46 versioni per '*.js' in 'css-declaration-sorter'.
2025-11-14 16:35:05,117 - UnicodeAnalyzer - INFO - -> Analizzando versione 1.0.0 (1/46)...
2025-11-14 16:35:05,188 - UnicodeAnalyzer - INFO - -> Analizzando versione 1.1.0 (2/46)...
2025-11-14 16:35:05,230 - UnicodeAnalyzer - INFO - -> Analizzando versione 1.2.0 (3/46)...
2025-11-14 16:35:05,273 - UnicodeAnalyzer - INFO - -> Analizzando versione 1.2.1 (4/46)...
2025-11-14 16:35:05,315 - UnicodeAnalyzer - INFO - -> Analizzando versione 1.3.0 (5/46)...
2025-11-14 16:35:05,358 - UnicodeAnalyzer - INFO - -> Analizzando versione 1.3.1 (6/46)...
2025-11-14 16:35:05,401 - UnicodeAnalyzer - INFO - -> Analizzando versione 1.4.0 (7/46)...
2025-11-14 16:35:05,443 - UnicodeAnalyzer - INFO - -> Analizzando versione 1.5.0 (8/46)...
2025-11-14 16:35:05,486 - UnicodeAnalyzer - INFO - -> Analizzando versione 1.6.0 (9/46)...
2025-11-14 16:35:05,529 - UnicodeAnalyzer - INFO - -> Analizzando versione 1.7.0 (10/46)...
2025-11-14 16:35:05,573 - UnicodeAnalyzer - INFO - -> Analizzando versione 1.7.1 (11/46)...
2025-11-14 16:35:05,615 - UnicodeAnalyzer - INFO - -> Analizzando versione 2.0.0 (12/46)...
2025-11-14 16:35:05,660 - UnicodeAnalyzer - INFO - -> Analizzando versione 2.0.1 (13/46)...
2025-11-14 16:35:05,703 - UnicodeAnalyzer - INFO - -> Analizzando versione 2.1.0 (14/46)...
2025-11-14 16:35:05,750 - UnicodeAnalyzer - INFO - -> Analizzando versione 3.0.0 (15/46)...
2025-11-14 16:35:05,751 - UnicodeAnalyzer - INFO - -> Analizzando versione 3.0.1 (16/46)...
2025-11-14 16:35:05,751 - UnicodeAnalyzer - INFO - -> Analizzando versione 4.0.0 (17/46)...
2025-11-14 16:35:05,752 - UnicodeAnalyzer - INFO - -> Analizzando versione 4.0.1 (18/46)...
2025-11-14 16:35:05,752 - UnicodeAnalyzer - INFO - -> Analizzando versione 5.0.0 (19/46)...
2025-11-14 16:35:05,795 - UnicodeAnalyzer - INFO - -> Analizzando versione 5.1.0 (20/46)...
2025-11-14 16:35:05,837 - UnicodeAnalyzer - INFO - -> Analizzando versione 5.1.1 (21/46)...
2025-11-14 16:35:05,880 - UnicodeAnalyzer - INFO - -> Analizzando versione 5.1.2 (22/46)...
2025-11-14 16:35:05,922 - UnicodeAnalyzer - INFO - -> Analizzando versione 6.0.0 (23/46)...
2025-11-14 16:35:05,964 - UnicodeAnalyzer - INFO - -> Analizzando versione 6.0.1 (24/46)...
2025-11-14 16:35:05,964 - UnicodeAnalyzer - INFO - -> Analizzando versione 6.0.2 (25/46)...
2025-11-14 16:35:05,965 - UnicodeAnalyzer - INFO - -> Analizzando versione 6.0.3 (26/46)...
2025-11-14 16:35:05,965 - UnicodeAnalyzer - INFO - -> Analizzando versione 6.1.0 (27/46)...
2025-11-14 16:35:05,965 - UnicodeAnalyzer - INFO - -> Analizzando versione 6.1.1 (28/46)...
2025-11-14 16:35:05,965 - UnicodeAnalyzer - INFO - -> Analizzando versione 6.1.2 (29/46)...
2025-11-14 16:35:05,966 - UnicodeAnalyzer - INFO - -> Analizzando versione 6.1.3 (30/46)...
2025-11-14 16:35:05,966 - UnicodeAnalyzer - INFO - -> Analizzando versione 6.1.4 (31/46)...
2025-11-14 16:35:05,966 - UnicodeAnalyzer - INFO - -> Analizzando versione 6.2.0 (32/46)...
2025-11-14 16:35:05,966 - UnicodeAnalyzer - INFO - -> Analizzando versione 6.2.1 (33/46)...
2025-11-14 16:35:05,967 - UnicodeAnalyzer - INFO - -> Analizzando versione 6.2.2 (34/46)...
2025-11-14 16:35:05,967 - UnicodeAnalyzer - INFO - -> Analizzando versione 6.3.0 (35/46)...
2025-11-14 16:35:05,967 - UnicodeAnalyzer - INFO - -> Analizzando versione 6.3.1 (36/46)...
2025-11-14 16:35:05,967 - UnicodeAnalyzer - INFO - -> Analizzando versione 6.4.0 (37/46)...
2025-11-14 16:35:05,968 - UnicodeAnalyzer - INFO - -> Analizzando versione 6.4.1 (38/46)...
2025-11-14 16:35:05,968 - UnicodeAnalyzer - INFO - -> Analizzando versione 7.0.0 (39/46)...
2025-11-14 16:35:05,968 - UnicodeAnalyzer - INFO - -> Analizzando versione 7.0.1 (40/46)...
2025-11-14 16:35:05,969 - UnicodeAnalyzer - INFO - -> Analizzando versione 7.0.2 (41/46)...
2025-11-14 16:35:05,969 - UnicodeAnalyzer - INFO - -> Analizzando versione 7.0.3 (42/46)...
2025-11-14 16:35:05,969 - UnicodeAnalyzer - INFO - -> Analizzando versione 7.1.0 (43/46)...
2025-11-14 16:35:05,970 - UnicodeAnalyzer - INFO - -> Analizzando versione 7.1.1 (44/46)...
2025-11-14 16:35:05,970 - UnicodeAnalyzer - INFO - -> Analizzando versione 7.2.0 (45/46)...
2025-11-14 16:35:05,970 - UnicodeAnalyzer - INFO - -> Analizzando versione 7.3.0 (46/46)...
2025-11-14 16:35:05,974 - UnicodeAnalyzer - INFO - Esportando i risultati HUT per 'css-declaration-sorter' in CSV...
2025-11-14 16:35:06,039 - UnicodeAnalyzer - INFO - Report salvati in: /app/npm_hut_results/css-declaration-sorter
2025-11-14 16:35:06,039 - NPM_HUT_Analyzer - INFO - Pulizia cartella temporanea 'temp_hut/css-declaration-sorter'...
2025-11-14 16:35:06,054 - NPM_HUT_Analyzer - INFO - Pulizia completata.
