2025-11-04 13:32:15,095 - NPM_Analyzer - INFO - Fetching metadata for '@tiptap/extension-code'...
2025-11-04 13:32:15,386 - NPM_Analyzer - INFO - Found 283 versions. Starting download into 'temp/@tiptap_extension-code'...
2025-11-04 13:37:40,005 - BlankSpaceAnalyzer - INFO - Analyzing 283 versions for '*.js' in '@tiptap_extension-code'.
2025-11-04 13:37:40,005 - BlankSpaceAnalyzer - INFO - -> Analyzing version 1.0.0-alpha.1 (1/283)...
2025-11-04 13:37:40,110 - BlankSpaceAnalyzer - INFO - -> Analyzing version 1.0.0-alpha.2 (2/283)...
2025-11-04 13:37:40,202 - BlankSpaceAnalyzer - INFO - -> Analyzing version 2.0.0 (3/283)...
2025-11-04 13:37:40,294 - BlankSpaceAnalyzer - INFO - -> Analyzing version 2.0.0-alpha.1 (4/283)...
2025-11-04 13:37:40,386 - BlankSpaceAnalyzer - INFO - -> Analyzing version 2.0.0-alpha.10 (5/283)...
2025-11-04 13:37:40,479 - BlankSpaceAnalyzer - INFO - -> Analyzing version 2.0.0-alpha.11 (6/283)...
2025-11-04 13:37:40,571 - BlankSpaceAnalyzer - INFO - -> Analyzing version 2.0.0-alpha.2 (7/283)...
2025-11-04 13:37:40,663 - BlankSpaceAnalyzer - INFO - -> Analyzing version 2.0.0-alpha.3 (8/283)...
2025-11-04 13:37:40,755 - BlankSpaceAnalyzer - INFO - -> Analyzing version 2.0.0-alpha.4 (9/283)...
2025-11-04 13:37:40,847 - BlankSpaceAnalyzer - INFO - -> Analyzing version 2.0.0-alpha.5 (10/283)...
2025-11-04 13:37:40,938 - BlankSpaceAnalyzer - INFO - -> Analyzing version 2.0.0-alpha.6 (11/283)...
2025-11-04 13:37:41,030 - BlankSpaceAnalyzer - INFO - -> Analyzing version 2.0.0-alpha.7 (12/283)...
2025-11-04 13:37:41,122 - BlankSpaceAnalyzer - INFO - -> Analyzing version 2.0.0-alpha.8 (13/283)...
2025-11-04 13:37:41,215 - BlankSpaceAnalyzer - INFO - -> Analyzing version 2.0.0-alpha.9 (14/283)...
2025-11-04 13:37:41,306 - BlankSpaceAnalyzer - INFO - -> Analyzing version 2.0.0-beta.1 (15/283)...
2025-11-04 13:37:41,399 - BlankSpaceAnalyzer - INFO - -> Analyzing version 2.0.0-beta.10 (16/283)...
2025-11-04 13:37:41,491 - BlankSpaceAnalyzer - INFO - -> Analyzing version 2.0.0-beta.11 (17/283)...
2025-11-04 13:37:41,583 - BlankSpaceAnalyzer - INFO - -> Analyzing version 2.0.0-beta.12 (18/283)...
2025-11-04 13:37:41,675 - BlankSpaceAnalyzer - INFO - -> Analyzing version 2.0.0-beta.13 (19/283)...
2025-11-04 13:37:41,767 - BlankSpaceAnalyzer - INFO - -> Analyzing version 2.0.0-beta.14 (20/283)...
2025-11-04 13:37:41,859 - BlankSpaceAnalyzer - INFO - -> Analyzing version 2.0.0-beta.15 (21/283)...
2025-11-04 13:37:41,951 - BlankSpaceAnalyzer - INFO - -> Analyzing version 2.0.0-beta.16 (22/283)...
2025-11-04 13:37:42,045 - BlankSpaceAnalyzer - INFO - -> Analyzing version 2.0.0-beta.17 (23/283)...
2025-11-04 13:37:42,137 - BlankSpaceAnalyzer - INFO - -> Analyzing version 2.0.0-beta.18 (24/283)...
2025-11-04 13:37:42,230 - BlankSpaceAnalyzer - INFO - -> Analyzing version 2.0.0-beta.19 (25/283)...
2025-11-04 13:37:42,322 - BlankSpaceAnalyzer - INFO - -> Analyzing version 2.0.0-beta.194 (26/283)...
2025-11-04 13:37:42,415 - BlankSpaceAnalyzer - INFO - -> Analyzing version 2.0.0-beta.195 (27/283)...
2025-11-04 13:37:42,518 - BlankSpaceAnalyzer - INFO - -> Analyzing version 2.0.0-beta.196 (28/283)...
2025-11-04 13:37:42,610 - BlankSpaceAnalyzer - INFO - -> Analyzing version 2.0.0-beta.197 (29/283)...
2025-11-04 13:37:42,704 - BlankSpaceAnalyzer - INFO - -> Analyzing version 2.0.0-beta.198 (30/283)...
2025-11-04 13:37:42,796 - BlankSpaceAnalyzer - INFO - -> Analyzing version 2.0.0-beta.199 (31/283)...
2025-11-04 13:37:42,888 - BlankSpaceAnalyzer - INFO - -> Analyzing version 2.0.0-beta.2 (32/283)...
2025-11-04 13:37:42,981 - BlankSpaceAnalyzer - INFO - -> Analyzing version 2.0.0-beta.20 (33/283)...
2025-11-04 13:37:43,074 - BlankSpaceAnalyzer - INFO - -> Analyzing version 2.0.0-beta.200 (34/283)...
2025-11-04 13:37:43,167 - BlankSpaceAnalyzer - INFO - -> Analyzing version 2.0.0-beta.201 (35/283)...
2025-11-04 13:37:43,260 - BlankSpaceAnalyzer - INFO - -> Analyzing version 2.0.0-beta.202 (36/283)...
2025-11-04 13:37:43,355 - BlankSpaceAnalyzer - INFO - -> Analyzing version 2.0.0-beta.203 (37/283)...
2025-11-04 13:37:43,356 - BlankSpaceAnalyzer - INFO - -> Analyzing version 2.0.0-beta.204 (38/283)...
2025-11-04 13:37:43,448 - BlankSpaceAnalyzer - INFO - -> Analyzing version 2.0.0-beta.205 (39/283)...
2025-11-04 13:37:43,543 - BlankSpaceAnalyzer - INFO - -> Analyzing version 2.0.0-beta.206 (40/283)...
2025-11-04 13:37:43,634 - BlankSpaceAnalyzer - INFO - -> Analyzing version 2.0.0-beta.207 (41/283)...
2025-11-04 13:37:43,726 - BlankSpaceAnalyzer - INFO - -> Analyzing version 2.0.0-beta.208 (42/283)...
2025-11-04 13:37:43,817 - BlankSpaceAnalyzer - INFO - -> Analyzing version 2.0.0-beta.209 (43/283)...
2025-11-04 13:37:43,909 - BlankSpaceAnalyzer - INFO - -> Analyzing version 2.0.0-beta.21 (44/283)...
2025-11-04 13:37:44,003 - BlankSpaceAnalyzer - INFO - -> Analyzing version 2.0.0-beta.210 (45/283)...
2025-11-04 13:37:44,003 - BlankSpaceAnalyzer - INFO - -> Analyzing version 2.0.0-beta.211 (46/283)...
2025-11-04 13:37:44,004 - BlankSpaceAnalyzer - INFO - -> Analyzing version 2.0.0-beta.212 (47/283)...
2025-11-04 13:37:44,004 - BlankSpaceAnalyzer - INFO - -> Analyzing version 2.0.0-beta.213 (48/283)...
2025-11-04 13:37:44,004 - BlankSpaceAnalyzer - INFO - -> Analyzing version 2.0.0-beta.214 (49/283)...
2025-11-04 13:37:44,103 - BlankSpaceAnalyzer - INFO - -> Analyzing version 2.0.0-beta.215 (50/283)...
2025-11-04 13:37:44,197 - BlankSpaceAnalyzer - INFO - -> Analyzing version 2.0.0-beta.216 (51/283)...
2025-11-04 13:37:44,289 - BlankSpaceAnalyzer - INFO - -> Analyzing version 2.0.0-beta.217 (52/283)...
2025-11-04 13:37:44,381 - BlankSpaceAnalyzer - INFO - -> Analyzing version 2.0.0-beta.218 (53/283)...
2025-11-04 13:37:44,474 - BlankSpaceAnalyzer - INFO - -> Analyzing version 2.0.0-beta.219 (54/283)...
2025-11-04 13:37:44,567 - BlankSpaceAnalyzer - INFO - -> Analyzing version 2.0.0-beta.22 (55/283)...
2025-11-04 13:37:44,661 - BlankSpaceAnalyzer - INFO - -> Analyzing version 2.0.0-beta.220 (56/283)...
2025-11-04 13:37:44,754 - BlankSpaceAnalyzer - INFO - -> Analyzing version 2.0.0-beta.23 (57/283)...
2025-11-04 13:37:44,848 - BlankSpaceAnalyzer - INFO - -> Analyzing version 2.0.0-beta.24 (58/283)...
2025-11-04 13:37:44,848 - BlankSpaceAnalyzer - INFO - -> Analyzing version 2.0.0-beta.25 (59/283)...
2025-11-04 13:37:44,941 - BlankSpaceAnalyzer - INFO - -> Analyzing version 2.0.0-beta.26 (60/283)...
2025-11-04 13:37:45,035 - BlankSpaceAnalyzer - INFO - -> Analyzing version 2.0.0-beta.28 (61/283)...
2025-11-04 13:37:45,128 - BlankSpaceAnalyzer - INFO - -> Analyzing version 2.0.0-beta.29 (62/283)...
2025-11-04 13:37:45,221 - BlankSpaceAnalyzer - INFO - -> Analyzing version 2.0.0-beta.3 (63/283)...
2025-11-04 13:37:45,314 - BlankSpaceAnalyzer - INFO - -> Analyzing version 2.0.0-beta.4 (64/283)...
2025-11-04 13:37:45,414 - BlankSpaceAnalyzer - INFO - -> Analyzing version 2.0.0-beta.5 (65/283)...
2025-11-04 13:37:45,508 - BlankSpaceAnalyzer - INFO - -> Analyzing version 2.0.0-beta.6 (66/283)...
2025-11-04 13:37:45,603 - BlankSpaceAnalyzer - INFO - -> Analyzing version 2.0.0-beta.7 (67/283)...
2025-11-04 13:37:45,696 - BlankSpaceAnalyzer - INFO - -> Analyzing version 2.0.0-beta.8 (68/283)...
2025-11-04 13:37:45,794 - BlankSpaceAnalyzer - INFO - -> Analyzing version 2.0.0-beta.9 (69/283)...
2025-11-04 13:37:45,890 - BlankSpaceAnalyzer - INFO - -> Analyzing version 2.0.0-rc.1 (70/283)...
2025-11-04 13:37:45,983 - BlankSpaceAnalyzer - INFO - -> Analyzing version 2.0.0-rc.2 (71/283)...
2025-11-04 13:37:46,077 - BlankSpaceAnalyzer - INFO - -> Analyzing version 2.0.0-rc.3 (72/283)...
2025-11-04 13:37:46,169 - BlankSpaceAnalyzer - INFO - -> Analyzing version 2.0.1 (73/283)...
2025-11-04 13:37:46,262 - BlankSpaceAnalyzer - INFO - -> Analyzing version 2.0.2 (74/283)...
2025-11-04 13:37:46,354 - BlankSpaceAnalyzer - INFO - -> Analyzing version 2.0.3 (75/283)...
2025-11-04 13:37:46,447 - BlankSpaceAnalyzer - INFO - -> Analyzing version 2.0.4 (76/283)...
2025-11-04 13:37:46,541 - BlankSpaceAnalyzer - INFO - -> Analyzing version 2.1.0 (77/283)...
2025-11-04 13:37:46,634 - BlankSpaceAnalyzer - INFO - -> Analyzing version 2.1.0-rc.0 (78/283)...
2025-11-04 13:37:46,727 - BlankSpaceAnalyzer - INFO - -> Analyzing version 2.1.0-rc.1 (79/283)...
2025-11-04 13:37:46,819 - BlankSpaceAnalyzer - INFO - -> Analyzing version 2.1.0-rc.10 (80/283)...
2025-11-04 13:37:46,913 - BlankSpaceAnalyzer - INFO - -> Analyzing version 2.1.0-rc.11 (81/283)...
2025-11-04 13:37:47,006 - BlankSpaceAnalyzer - INFO - -> Analyzing version 2.1.0-rc.12 (82/283)...
2025-11-04 13:37:47,101 - BlankSpaceAnalyzer - INFO - -> Analyzing version 2.1.0-rc.13 (83/283)...
2025-11-04 13:37:47,193 - BlankSpaceAnalyzer - INFO - -> Analyzing version 2.1.0-rc.14 (84/283)...
2025-11-04 13:37:47,287 - BlankSpaceAnalyzer - INFO - -> Analyzing version 2.1.0-rc.2 (85/283)...
2025-11-04 13:37:47,381 - BlankSpaceAnalyzer - INFO - -> Analyzing version 2.1.0-rc.3 (86/283)...
2025-11-04 13:37:47,474 - BlankSpaceAnalyzer - INFO - -> Analyzing version 2.1.0-rc.4 (87/283)...
2025-11-04 13:37:47,568 - BlankSpaceAnalyzer - INFO - -> Analyzing version 2.1.0-rc.5 (88/283)...
2025-11-04 13:37:47,662 - BlankSpaceAnalyzer - INFO - -> Analyzing version 2.1.0-rc.8 (89/283)...
2025-11-04 13:37:47,754 - BlankSpaceAnalyzer - INFO - -> Analyzing version 2.1.0-rc.9 (90/283)...
2025-11-04 13:37:47,846 - BlankSpaceAnalyzer - INFO - -> Analyzing version 2.1.1 (91/283)...
2025-11-04 13:37:47,938 - BlankSpaceAnalyzer - INFO - -> Analyzing version 2.1.10 (92/283)...
2025-11-04 13:37:48,032 - BlankSpaceAnalyzer - INFO - -> Analyzing version 2.1.11 (93/283)...
2025-11-04 13:37:48,124 - BlankSpaceAnalyzer - INFO - -> Analyzing version 2.1.12 (94/283)...
2025-11-04 13:37:48,217 - BlankSpaceAnalyzer - INFO - -> Analyzing version 2.1.13 (95/283)...
2025-11-04 13:37:48,310 - BlankSpaceAnalyzer - INFO - -> Analyzing version 2.1.14 (96/283)...
2025-11-04 13:37:48,402 - BlankSpaceAnalyzer - INFO - -> Analyzing version 2.1.15 (97/283)...
2025-11-04 13:37:48,494 - BlankSpaceAnalyzer - INFO - -> Analyzing version 2.1.16 (98/283)...
2025-11-04 13:37:48,586 - BlankSpaceAnalyzer - INFO - -> Analyzing version 2.1.2 (99/283)...
2025-11-04 13:37:48,678 - BlankSpaceAnalyzer - INFO - -> Analyzing version 2.1.3 (100/283)...
2025-11-04 13:37:48,770 - BlankSpaceAnalyzer - INFO - -> Analyzing version 2.1.4 (101/283)...
2025-11-04 13:37:48,862 - BlankSpaceAnalyzer - INFO - -> Analyzing version 2.1.6 (102/283)...
2025-11-04 13:37:48,955 - BlankSpaceAnalyzer - INFO - -> Analyzing version 2.1.7 (103/283)...
2025-11-04 13:37:49,048 - BlankSpaceAnalyzer - INFO - -> Analyzing version 2.1.8 (104/283)...
2025-11-04 13:37:49,141 - BlankSpaceAnalyzer - INFO - -> Analyzing version 2.1.9 (105/283)...
2025-11-04 13:37:49,232 - BlankSpaceAnalyzer - INFO - -> Analyzing version 2.10.0 (106/283)...
2025-11-04 13:37:49,325 - BlankSpaceAnalyzer - INFO - -> Analyzing version 2.10.1 (107/283)...
2025-11-04 13:37:49,418 - BlankSpaceAnalyzer - INFO - -> Analyzing version 2.10.2 (108/283)...
2025-11-04 13:37:49,509 - BlankSpaceAnalyzer - INFO - -> Analyzing version 2.10.3 (109/283)...
2025-11-04 13:37:49,600 - BlankSpaceAnalyzer - INFO - -> Analyzing version 2.10.4 (110/283)...
2025-11-04 13:37:49,692 - BlankSpaceAnalyzer - INFO - -> Analyzing version 2.11.0 (111/283)...
2025-11-04 13:37:49,787 - BlankSpaceAnalyzer - INFO - -> Analyzing version 2.11.1 (112/283)...
2025-11-04 13:37:49,878 - BlankSpaceAnalyzer - INFO - -> Analyzing version 2.11.2 (113/283)...
2025-11-04 13:37:49,969 - BlankSpaceAnalyzer - INFO - -> Analyzing version 2.11.3 (114/283)...
2025-11-04 13:37:50,061 - BlankSpaceAnalyzer - INFO - -> Analyzing version 2.11.4 (115/283)...
2025-11-04 13:37:50,154 - BlankSpaceAnalyzer - INFO - -> Analyzing version 2.11.5 (116/283)...
2025-11-04 13:37:50,246 - BlankSpaceAnalyzer - INFO - -> Analyzing version 2.11.6 (117/283)...
2025-11-04 13:37:50,338 - BlankSpaceAnalyzer - INFO - -> Analyzing version 2.11.7 (118/283)...
2025-11-04 13:37:50,431 - BlankSpaceAnalyzer - INFO - -> Analyzing version 2.11.8 (119/283)...
2025-11-04 13:37:50,523 - BlankSpaceAnalyzer - INFO - -> Analyzing version 2.11.9 (120/283)...
2025-11-04 13:37:50,614 - BlankSpaceAnalyzer - INFO - -> Analyzing version 2.12.0 (121/283)...
2025-11-04 13:37:50,706 - BlankSpaceAnalyzer - INFO - -> Analyzing version 2.13.0 (122/283)...
2025-11-04 13:37:50,798 - BlankSpaceAnalyzer - INFO - -> Analyzing version 2.14.0 (123/283)...
2025-11-04 13:37:50,890 - BlankSpaceAnalyzer - INFO - -> Analyzing version 2.14.1 (124/283)...
2025-11-04 13:37:50,982 - BlankSpaceAnalyzer - INFO - -> Analyzing version 2.2.0 (125/283)...
2025-11-04 13:37:51,074 - BlankSpaceAnalyzer - INFO - -> Analyzing version 2.2.0-rc.3 (126/283)...
2025-11-04 13:37:51,167 - BlankSpaceAnalyzer - INFO - -> Analyzing version 2.2.0-rc.4 (127/283)...
2025-11-04 13:37:51,258 - BlankSpaceAnalyzer - INFO - -> Analyzing version 2.2.0-rc.5 (128/283)...
2025-11-04 13:37:51,350 - BlankSpaceAnalyzer - INFO - -> Analyzing version 2.2.0-rc.6 (129/283)...
2025-11-04 13:37:51,442 - BlankSpaceAnalyzer - INFO - -> Analyzing version 2.2.0-rc.7 (130/283)...
2025-11-04 13:37:51,534 - BlankSpaceAnalyzer - INFO - -> Analyzing version 2.2.0-rc.8 (131/283)...
2025-11-04 13:37:51,626 - BlankSpaceAnalyzer - INFO - -> Analyzing version 2.2.1 (132/283)...
2025-11-04 13:37:51,718 - BlankSpaceAnalyzer - INFO - -> Analyzing version 2.2.2 (133/283)...
2025-11-04 13:37:51,809 - BlankSpaceAnalyzer - INFO - -> Analyzing version 2.2.3 (134/283)...
2025-11-04 13:37:51,901 - BlankSpaceAnalyzer - INFO - -> Analyzing version 2.2.4 (135/283)...
2025-11-04 13:37:51,992 - BlankSpaceAnalyzer - INFO - -> Analyzing version 2.2.5 (136/283)...
2025-11-04 13:37:52,085 - BlankSpaceAnalyzer - INFO - -> Analyzing version 2.2.6 (137/283)...
2025-11-04 13:37:52,177 - BlankSpaceAnalyzer - INFO - -> Analyzing version 2.22.0 (138/283)...
2025-11-04 13:37:52,269 - BlankSpaceAnalyzer - INFO - -> Analyzing version 2.22.1 (139/283)...
2025-11-04 13:37:52,362 - BlankSpaceAnalyzer - INFO - -> Analyzing version 2.22.2 (140/283)...
2025-11-04 13:37:52,453 - BlankSpaceAnalyzer - INFO - -> Analyzing version 2.22.3 (141/283)...
2025-11-04 13:37:52,545 - BlankSpaceAnalyzer - INFO - -> Analyzing version 2.23.0 (142/283)...
2025-11-04 13:37:52,637 - BlankSpaceAnalyzer - INFO - -> Analyzing version 2.23.1 (143/283)...
2025-11-04 13:37:52,731 - BlankSpaceAnalyzer - INFO - -> Analyzing version 2.24.0 (144/283)...
2025-11-04 13:37:52,822 - BlankSpaceAnalyzer - INFO - -> Analyzing version 2.24.1 (145/283)...
2025-11-04 13:37:52,913 - BlankSpaceAnalyzer - INFO - -> Analyzing version 2.24.2 (146/283)...
2025-11-04 13:37:53,005 - BlankSpaceAnalyzer - INFO - -> Analyzing version 2.25.0 (147/283)...
2025-11-04 13:37:53,104 - BlankSpaceAnalyzer - INFO - -> Analyzing version 2.25.1 (148/283)...
2025-11-04 13:37:53,197 - BlankSpaceAnalyzer - INFO - -> Analyzing version 2.26.0 (149/283)...
2025-11-04 13:37:53,290 - BlankSpaceAnalyzer - INFO - -> Analyzing version 2.26.1 (150/283)...
2025-11-04 13:37:53,383 - BlankSpaceAnalyzer - INFO - -> Analyzing version 2.26.2 (151/283)...
2025-11-04 13:37:53,474 - BlankSpaceAnalyzer - INFO - -> Analyzing version 2.26.3 (152/283)...
2025-11-04 13:37:53,567 - BlankSpaceAnalyzer - INFO - -> Analyzing version 2.26.4 (153/283)...
2025-11-04 13:37:53,658 - BlankSpaceAnalyzer - INFO - -> Analyzing version 2.27.0 (154/283)...
2025-11-04 13:37:53,750 - BlankSpaceAnalyzer - INFO - -> Analyzing version 2.27.1 (155/283)...
2025-11-04 13:37:53,841 - BlankSpaceAnalyzer - INFO - -> Analyzing version 2.3.0 (156/283)...
2025-11-04 13:37:53,934 - BlankSpaceAnalyzer - INFO - -> Analyzing version 2.3.1 (157/283)...
2025-11-04 13:37:54,034 - BlankSpaceAnalyzer - INFO - -> Analyzing version 2.3.2 (158/283)...
2025-11-04 13:37:54,126 - BlankSpaceAnalyzer - INFO - -> Analyzing version 2.4.0 (159/283)...
2025-11-04 13:37:54,217 - BlankSpaceAnalyzer - INFO - -> Analyzing version 2.5.0 (160/283)...
2025-11-04 13:37:54,309 - BlankSpaceAnalyzer - INFO - -> Analyzing version 2.5.0-beta.0 (161/283)...
2025-11-04 13:37:54,401 - BlankSpaceAnalyzer - INFO - -> Analyzing version 2.5.0-beta.1 (162/283)...
2025-11-04 13:37:54,493 - BlankSpaceAnalyzer - INFO - -> Analyzing version 2.5.0-beta.2 (163/283)...
2025-11-04 13:37:54,584 - BlankSpaceAnalyzer - INFO - -> Analyzing version 2.5.0-beta.3 (164/283)...
2025-11-04 13:37:54,677 - BlankSpaceAnalyzer - INFO - -> Analyzing version 2.5.0-beta.4 (165/283)...
2025-11-04 13:37:54,769 - BlankSpaceAnalyzer - INFO - -> Analyzing version 2.5.0-beta.5 (166/283)...
2025-11-04 13:37:54,861 - BlankSpaceAnalyzer - INFO - -> Analyzing version 2.5.0-beta.6 (167/283)...
2025-11-04 13:37:54,954 - BlankSpaceAnalyzer - INFO - -> Analyzing version 2.5.0-pre.10 (168/283)...
2025-11-04 13:37:55,046 - BlankSpaceAnalyzer - INFO - -> Analyzing version 2.5.0-pre.11 (169/283)...
2025-11-04 13:37:55,138 - BlankSpaceAnalyzer - INFO - -> Analyzing version 2.5.0-pre.13 (170/283)...
2025-11-04 13:37:55,230 - BlankSpaceAnalyzer - INFO - -> Analyzing version 2.5.0-pre.14 (171/283)...
2025-11-04 13:37:55,322 - BlankSpaceAnalyzer - INFO - -> Analyzing version 2.5.0-pre.15 (172/283)...
2025-11-04 13:37:55,414 - BlankSpaceAnalyzer - INFO - -> Analyzing version 2.5.0-pre.16 (173/283)...
2025-11-04 13:37:55,514 - BlankSpaceAnalyzer - INFO - -> Analyzing version 2.5.0-pre.8 (174/283)...
2025-11-04 13:37:55,607 - BlankSpaceAnalyzer - INFO - -> Analyzing version 2.5.0-pre.9 (175/283)...
2025-11-04 13:37:55,699 - BlankSpaceAnalyzer - INFO - -> Analyzing version 2.5.1 (176/283)...
2025-11-04 13:37:55,790 - BlankSpaceAnalyzer - INFO - -> Analyzing version 2.5.2 (177/283)...
2025-11-04 13:37:55,883 - BlankSpaceAnalyzer - INFO - -> Analyzing version 2.5.3 (178/283)...
2025-11-04 13:37:55,975 - BlankSpaceAnalyzer - INFO - -> Analyzing version 2.5.4 (179/283)...
2025-11-04 13:37:56,068 - BlankSpaceAnalyzer - INFO - -> Analyzing version 2.5.5 (180/283)...
2025-11-04 13:37:56,160 - BlankSpaceAnalyzer - INFO - -> Analyzing version 2.5.6 (181/283)...
2025-11-04 13:37:56,253 - BlankSpaceAnalyzer - INFO - -> Analyzing version 2.5.7 (182/283)...
2025-11-04 13:37:56,346 - BlankSpaceAnalyzer - INFO - -> Analyzing version 2.5.8 (183/283)...
2025-11-04 13:37:56,447 - BlankSpaceAnalyzer - INFO - -> Analyzing version 2.5.9 (184/283)...
2025-11-04 13:37:56,540 - BlankSpaceAnalyzer - INFO - -> Analyzing version 2.6.0 (185/283)...
2025-11-04 13:37:56,634 - BlankSpaceAnalyzer - INFO - -> Analyzing version 2.6.1 (186/283)...
2025-11-04 13:37:56,726 - BlankSpaceAnalyzer - INFO - -> Analyzing version 2.6.2 (187/283)...
2025-11-04 13:37:56,819 - BlankSpaceAnalyzer - INFO - -> Analyzing version 2.6.3 (188/283)...
2025-11-04 13:37:56,910 - BlankSpaceAnalyzer - INFO - -> Analyzing version 2.6.4 (189/283)...
2025-11-04 13:37:57,002 - BlankSpaceAnalyzer - INFO - -> Analyzing version 2.6.5 (190/283)...
2025-11-04 13:37:57,094 - BlankSpaceAnalyzer - INFO - -> Analyzing version 2.6.6 (191/283)...
2025-11-04 13:37:57,185 - BlankSpaceAnalyzer - INFO - -> Analyzing version 2.7.0 (192/283)...
2025-11-04 13:37:57,278 - BlankSpaceAnalyzer - INFO - -> Analyzing version 2.7.0-pre.0 (193/283)...
2025-11-04 13:37:57,369 - BlankSpaceAnalyzer - INFO - -> Analyzing version 2.7.1 (194/283)...
2025-11-04 13:37:57,461 - BlankSpaceAnalyzer - INFO - -> Analyzing version 2.7.2 (195/283)...
2025-11-04 13:37:57,553 - BlankSpaceAnalyzer - INFO - -> Analyzing version 2.7.3 (196/283)...
2025-11-04 13:37:57,645 - BlankSpaceAnalyzer - INFO - -> Analyzing version 2.7.4 (197/283)...
2025-11-04 13:37:57,738 - BlankSpaceAnalyzer - INFO - -> Analyzing version 2.8.0 (198/283)...
2025-11-04 13:37:57,830 - BlankSpaceAnalyzer - INFO - -> Analyzing version 2.9.0 (199/283)...
2025-11-04 13:37:57,921 - BlankSpaceAnalyzer - INFO - -> Analyzing version 2.9.1 (200/283)...
2025-11-04 13:37:58,013 - BlankSpaceAnalyzer - INFO - -> Analyzing version 3.0.0 (201/283)...
2025-11-04 13:37:58,106 - BlankSpaceAnalyzer - INFO - -> Analyzing version 3.0.0-beta.0 (202/283)...
2025-11-04 13:37:58,106 - BlankSpaceAnalyzer - INFO - -> Analyzing version 3.0.0-beta.1 (203/283)...
2025-11-04 13:37:58,106 - BlankSpaceAnalyzer - INFO - -> Analyzing version 3.0.0-beta.10 (204/283)...
2025-11-04 13:37:58,107 - BlankSpaceAnalyzer - INFO - -> Analyzing version 3.0.0-beta.11 (205/283)...
2025-11-04 13:37:58,107 - BlankSpaceAnalyzer - INFO - -> Analyzing version 3.0.0-beta.12 (206/283)...
2025-11-04 13:37:58,107 - BlankSpaceAnalyzer - INFO - -> Analyzing version 3.0.0-beta.13 (207/283)...
2025-11-04 13:37:58,108 - BlankSpaceAnalyzer - INFO - -> Analyzing version 3.0.0-beta.14 (208/283)...
2025-11-04 13:37:58,108 - BlankSpaceAnalyzer - INFO - -> Analyzing version 3.0.0-beta.15 (209/283)...
2025-11-04 13:37:58,109 - BlankSpaceAnalyzer - INFO - -> Analyzing version 3.0.0-beta.16 (210/283)...
2025-11-04 13:37:58,109 - BlankSpaceAnalyzer - INFO - -> Analyzing version 3.0.0-beta.17 (211/283)...
2025-11-04 13:37:58,109 - BlankSpaceAnalyzer - INFO - -> Analyzing version 3.0.0-beta.18 (212/283)...
2025-11-04 13:37:58,110 - BlankSpaceAnalyzer - INFO - -> Analyzing version 3.0.0-beta.19 (213/283)...
2025-11-04 13:37:58,110 - BlankSpaceAnalyzer - INFO - -> Analyzing version 3.0.0-beta.2 (214/283)...
2025-11-04 13:37:58,110 - BlankSpaceAnalyzer - INFO - -> Analyzing version 3.0.0-beta.21 (215/283)...
2025-11-04 13:37:58,111 - BlankSpaceAnalyzer - INFO - -> Analyzing version 3.0.0-beta.22 (216/283)...
2025-11-04 13:37:58,111 - BlankSpaceAnalyzer - INFO - -> Analyzing version 3.0.0-beta.23 (217/283)...
2025-11-04 13:37:58,111 - BlankSpaceAnalyzer - INFO - -> Analyzing version 3.0.0-beta.24 (218/283)...
2025-11-04 13:37:58,112 - BlankSpaceAnalyzer - INFO - -> Analyzing version 3.0.0-beta.25 (219/283)...
2025-11-04 13:37:58,112 - BlankSpaceAnalyzer - INFO - -> Analyzing version 3.0.0-beta.26 (220/283)...
2025-11-04 13:37:58,113 - BlankSpaceAnalyzer - INFO - -> Analyzing version 3.0.0-beta.27 (221/283)...
2025-11-04 13:37:58,113 - BlankSpaceAnalyzer - INFO - -> Analyzing version 3.0.0-beta.28 (222/283)...
2025-11-04 13:37:58,113 - BlankSpaceAnalyzer - INFO - -> Analyzing version 3.0.0-beta.29 (223/283)...
2025-11-04 13:37:58,114 - BlankSpaceAnalyzer - INFO - -> Analyzing version 3.0.0-beta.3 (224/283)...
2025-11-04 13:37:58,114 - BlankSpaceAnalyzer - INFO - -> Analyzing version 3.0.0-beta.30 (225/283)...
2025-11-04 13:37:58,114 - BlankSpaceAnalyzer - INFO - -> Analyzing version 3.0.0-beta.4 (226/283)...
2025-11-04 13:37:58,115 - BlankSpaceAnalyzer - INFO - -> Analyzing version 3.0.0-beta.5 (227/283)...
2025-11-04 13:37:58,115 - BlankSpaceAnalyzer - INFO - -> Analyzing version 3.0.0-beta.6 (228/283)...
2025-11-04 13:37:58,115 - BlankSpaceAnalyzer - INFO - -> Analyzing version 3.0.0-beta.7 (229/283)...
2025-11-04 13:37:58,116 - BlankSpaceAnalyzer - INFO - -> Analyzing version 3.0.0-beta.8 (230/283)...
2025-11-04 13:37:58,116 - BlankSpaceAnalyzer - INFO - -> Analyzing version 3.0.0-beta.9 (231/283)...
2025-11-04 13:37:58,116 - BlankSpaceAnalyzer - INFO - -> Analyzing version 3.0.0-next.0 (232/283)...
2025-11-04 13:37:58,216 - BlankSpaceAnalyzer - INFO - -> Analyzing version 3.0.0-next.1 (233/283)...
2025-11-04 13:37:58,217 - BlankSpaceAnalyzer - INFO - -> Analyzing version 3.0.0-next.2 (234/283)...
2025-11-04 13:37:58,217 - BlankSpaceAnalyzer - INFO - -> Analyzing version 3.0.0-next.3 (235/283)...
2025-11-04 13:37:58,217 - BlankSpaceAnalyzer - INFO - -> Analyzing version 3.0.0-next.4 (236/283)...
2025-11-04 13:37:58,218 - BlankSpaceAnalyzer - INFO - -> Analyzing version 3.0.0-next.5 (237/283)...
2025-11-04 13:37:58,218 - BlankSpaceAnalyzer - INFO - -> Analyzing version 3.0.0-next.6 (238/283)...
2025-11-04 13:37:58,218 - BlankSpaceAnalyzer - INFO - -> Analyzing version 3.0.0-next.7 (239/283)...
2025-11-04 13:37:58,218 - BlankSpaceAnalyzer - INFO - -> Analyzing version 3.0.0-next.8 (240/283)...
2025-11-04 13:37:58,219 - BlankSpaceAnalyzer - INFO - -> Analyzing version 3.0.1 (241/283)...
2025-11-04 13:37:58,219 - BlankSpaceAnalyzer - INFO - -> Analyzing version 3.0.2 (242/283)...
2025-11-04 13:37:58,219 - BlankSpaceAnalyzer - INFO - -> Analyzing version 3.0.2-beta.0 (243/283)...
2025-11-04 13:37:58,219 - BlankSpaceAnalyzer - INFO - -> Analyzing version 3.0.3 (244/283)...
2025-11-04 13:37:58,220 - BlankSpaceAnalyzer - INFO - -> Analyzing version 3.0.4 (245/283)...
2025-11-04 13:37:58,220 - BlankSpaceAnalyzer - INFO - -> Analyzing version 3.0.5 (246/283)...
2025-11-04 13:37:58,220 - BlankSpaceAnalyzer - INFO - -> Analyzing version 3.0.6 (247/283)...
2025-11-04 13:37:58,221 - BlankSpaceAnalyzer - INFO - -> Analyzing version 3.0.7 (248/283)...
2025-11-04 13:37:58,221 - BlankSpaceAnalyzer - INFO - -> Analyzing version 3.0.8 (249/283)...
2025-11-04 13:37:58,221 - BlankSpaceAnalyzer - INFO - -> Analyzing version 3.0.9 (250/283)...
2025-11-04 13:37:58,222 - BlankSpaceAnalyzer - INFO - -> Analyzing version 3.1.0 (251/283)...
2025-11-04 13:37:58,222 - BlankSpaceAnalyzer - INFO - -> Analyzing version 3.10.0 (252/283)...
2025-11-04 13:37:58,222 - BlankSpaceAnalyzer - INFO - -> Analyzing version 3.10.1 (253/283)...
2025-11-04 13:37:58,223 - BlankSpaceAnalyzer - INFO - -> Analyzing version 3.2.0 (254/283)...
2025-11-04 13:37:58,223 - BlankSpaceAnalyzer - INFO - -> Analyzing version 3.2.1 (255/283)...
2025-11-04 13:37:58,223 - BlankSpaceAnalyzer - INFO - -> Analyzing version 3.2.2 (256/283)...
2025-11-04 13:37:58,224 - BlankSpaceAnalyzer - INFO - -> Analyzing version 3.3.0 (257/283)...
2025-11-04 13:37:58,224 - BlankSpaceAnalyzer - INFO - -> Analyzing version 3.3.1 (258/283)...
2025-11-04 13:37:58,224 - BlankSpaceAnalyzer - INFO - -> Analyzing version 3.4.0 (259/283)...
2025-11-04 13:37:58,224 - BlankSpaceAnalyzer - INFO - -> Analyzing version 3.4.1 (260/283)...
2025-11-04 13:37:58,225 - BlankSpaceAnalyzer - INFO - -> Analyzing version 3.4.2 (261/283)...
2025-11-04 13:37:58,225 - BlankSpaceAnalyzer - INFO - -> Analyzing version 3.4.3 (262/283)...
2025-11-04 13:37:58,225 - BlankSpaceAnalyzer - INFO - -> Analyzing version 3.4.4 (263/283)...
2025-11-04 13:37:58,226 - BlankSpaceAnalyzer - INFO - -> Analyzing version 3.4.5 (264/283)...
2025-11-04 13:37:58,226 - BlankSpaceAnalyzer - INFO - -> Analyzing version 3.4.6 (265/283)...
2025-11-04 13:37:58,226 - BlankSpaceAnalyzer - INFO - -> Analyzing version 3.5.0 (266/283)...
2025-11-04 13:37:58,226 - BlankSpaceAnalyzer - INFO - -> Analyzing version 3.5.1 (267/283)...
2025-11-04 13:37:58,227 - BlankSpaceAnalyzer - INFO - -> Analyzing version 3.5.2 (268/283)...
2025-11-04 13:37:58,227 - BlankSpaceAnalyzer - INFO - -> Analyzing version 3.5.3 (269/283)...
2025-11-04 13:37:58,227 - BlankSpaceAnalyzer - INFO - -> Analyzing version 3.6.0 (270/283)...
2025-11-04 13:37:58,228 - BlankSpaceAnalyzer - INFO - -> Analyzing version 3.6.1 (271/283)...
2025-11-04 13:37:58,228 - BlankSpaceAnalyzer - INFO - -> Analyzing version 3.6.2 (272/283)...
2025-11-04 13:37:58,228 - BlankSpaceAnalyzer - INFO - -> Analyzing version 3.6.3 (273/283)...
2025-11-04 13:37:58,229 - BlankSpaceAnalyzer - INFO - -> Analyzing version 3.6.4 (274/283)...
2025-11-04 13:37:58,229 - BlankSpaceAnalyzer - INFO - -> Analyzing version 3.6.5 (275/283)...
2025-11-04 13:37:58,230 - BlankSpaceAnalyzer - INFO - -> Analyzing version 3.6.6 (276/283)...
2025-11-04 13:37:58,230 - BlankSpaceAnalyzer - INFO - -> Analyzing version 3.6.7 (277/283)...
2025-11-04 13:37:58,230 - BlankSpaceAnalyzer - INFO - -> Analyzing version 3.7.0 (278/283)...
2025-11-04 13:37:58,231 - BlankSpaceAnalyzer - INFO - -> Analyzing version 3.7.1 (279/283)...
2025-11-04 13:37:58,231 - BlankSpaceAnalyzer - INFO - -> Analyzing version 3.7.2 (280/283)...
2025-11-04 13:37:58,232 - BlankSpaceAnalyzer - INFO - -> Analyzing version 3.8.0 (281/283)...
2025-11-04 13:37:58,232 - BlankSpaceAnalyzer - INFO - -> Analyzing version 3.9.0 (282/283)...
2025-11-04 13:37:58,232 - BlankSpaceAnalyzer - INFO - -> Analyzing version 3.9.1 (283/283)...
2025-11-04 13:37:58,234 - BlankSpaceAnalyzer - INFO - Exporting results for '@tiptap/extension-code' to CSV...
2025-11-04 13:37:58,509 - BlankSpaceAnalyzer - INFO - Reports saved in: /app/npm_results/@tiptap_extension-code
2025-11-04 13:37:58,509 - NPM_Analyzer - INFO - Cleaning temporary folder 'temp/@tiptap_extension-code'...
2025-11-04 13:37:58,707 - NPM_Analyzer - INFO - Cleanup completed.
