2025-11-16 09:30:53,514 - NPM_HUT_Analyzer - INFO - Recupero metadata per 'msgpackr'...
2025-11-16 09:30:53,844 - NPM_HUT_Analyzer - INFO - Trovate 120 versioni. Inizio download in 'temp_hut/msgpackr'...
2025-11-16 09:32:42,581 - UnicodeAnalyzer - INFO - Analizzando 120 versioni per '*.js' in 'msgpackr'.
2025-11-16 09:32:42,581 - UnicodeAnalyzer - INFO - -> Analizzando versione 0.1.0 (1/120)...
2025-11-16 09:32:42,582 - UnicodeAnalyzer - INFO - Filtrati 1 file (es. in /dist, /test).
2025-11-16 09:32:42,650 - UnicodeAnalyzer - INFO - -> Analizzando versione 0.1.1 (2/120)...
2025-11-16 09:32:42,650 - UnicodeAnalyzer - INFO - Filtrati 2 file (es. in /dist, /test).
2025-11-16 09:32:42,698 - UnicodeAnalyzer - INFO - -> Analizzando versione 0.1.2 (3/120)...
2025-11-16 09:32:42,699 - UnicodeAnalyzer - INFO - Filtrati 3 file (es. in /dist, /test).
2025-11-16 09:32:42,752 - UnicodeAnalyzer - INFO - -> Analizzando versione 0.1.3 (4/120)...
2025-11-16 09:32:42,752 - UnicodeAnalyzer - INFO - Filtrati 3 file (es. in /dist, /test).
2025-11-16 09:32:42,805 - UnicodeAnalyzer - INFO - -> Analizzando versione 0.1.4 (5/120)...
2025-11-16 09:32:42,806 - UnicodeAnalyzer - INFO - Filtrati 3 file (es. in /dist, /test).
2025-11-16 09:32:42,859 - UnicodeAnalyzer - INFO - -> Analizzando versione 0.1.5 (6/120)...
2025-11-16 09:32:42,860 - UnicodeAnalyzer - INFO - Filtrati 3 file (es. in /dist, /test).
2025-11-16 09:32:42,915 - UnicodeAnalyzer - INFO - -> Analizzando versione 0.1.6 (7/120)...
2025-11-16 09:32:42,916 - UnicodeAnalyzer - INFO - Filtrati 3 file (es. in /dist, /test).
2025-11-16 09:32:42,968 - UnicodeAnalyzer - INFO - -> Analizzando versione 0.1.7 (8/120)...
2025-11-16 09:32:42,968 - UnicodeAnalyzer - INFO - Filtrati 3 file (es. in /dist, /test).
2025-11-16 09:32:43,023 - UnicodeAnalyzer - INFO - -> Analizzando versione 0.1.8 (9/120)...
2025-11-16 09:32:43,023 - UnicodeAnalyzer - INFO - Filtrati 3 file (es. in /dist, /test).
2025-11-16 09:32:43,078 - UnicodeAnalyzer - INFO - -> Analizzando versione 0.2.0 (10/120)...
2025-11-16 09:32:43,078 - UnicodeAnalyzer - INFO - Filtrati 4 file (es. in /dist, /test).
2025-11-16 09:32:43,131 - UnicodeAnalyzer - INFO - -> Analizzando versione 0.2.1 (11/120)...
2025-11-16 09:32:43,132 - UnicodeAnalyzer - INFO - Filtrati 4 file (es. in /dist, /test).
2025-11-16 09:32:43,185 - UnicodeAnalyzer - INFO - -> Analizzando versione 0.2.2 (12/120)...
2025-11-16 09:32:43,186 - UnicodeAnalyzer - INFO - Filtrati 4 file (es. in /dist, /test).
2025-11-16 09:32:43,239 - UnicodeAnalyzer - INFO - -> Analizzando versione 0.3.0 (13/120)...
2025-11-16 09:32:43,239 - UnicodeAnalyzer - INFO - Filtrati 4 file (es. in /dist, /test).
2025-11-16 09:32:43,293 - UnicodeAnalyzer - INFO - -> Analizzando versione 0.3.1 (14/120)...
2025-11-16 09:32:43,293 - UnicodeAnalyzer - INFO - Filtrati 4 file (es. in /dist, /test).
2025-11-16 09:32:43,349 - UnicodeAnalyzer - INFO - -> Analizzando versione 0.3.2 (15/120)...
2025-11-16 09:32:43,350 - UnicodeAnalyzer - INFO - Filtrati 4 file (es. in /dist, /test).
2025-11-16 09:32:43,403 - UnicodeAnalyzer - INFO - -> Analizzando versione 0.3.4 (16/120)...
2025-11-16 09:32:43,403 - UnicodeAnalyzer - INFO - Filtrati 4 file (es. in /dist, /test).
2025-11-16 09:32:43,465 - UnicodeAnalyzer - INFO - -> Analizzando versione 0.3.5 (17/120)...
2025-11-16 09:32:43,466 - UnicodeAnalyzer - INFO - Filtrati 4 file (es. in /dist, /test).
2025-11-16 09:32:43,519 - UnicodeAnalyzer - INFO - -> Analizzando versione 0.3.6 (18/120)...
2025-11-16 09:32:43,520 - UnicodeAnalyzer - INFO - Filtrati 4 file (es. in /dist, /test).
2025-11-16 09:32:43,573 - UnicodeAnalyzer - INFO - -> Analizzando versione 0.3.7 (19/120)...
2025-11-16 09:32:43,574 - UnicodeAnalyzer - INFO - Filtrati 4 file (es. in /dist, /test).
2025-11-16 09:32:43,632 - UnicodeAnalyzer - INFO - -> Analizzando versione 0.3.8 (20/120)...
2025-11-16 09:32:43,633 - UnicodeAnalyzer - INFO - Filtrati 4 file (es. in /dist, /test).
2025-11-16 09:32:43,687 - UnicodeAnalyzer - INFO - -> Analizzando versione 0.4.1 (21/120)...
2025-11-16 09:32:43,688 - UnicodeAnalyzer - INFO - Filtrati 4 file (es. in /dist, /test).
2025-11-16 09:32:43,742 - UnicodeAnalyzer - INFO - -> Analizzando versione 0.4.2 (22/120)...
2025-11-16 09:32:43,742 - UnicodeAnalyzer - INFO - Filtrati 4 file (es. in /dist, /test).
2025-11-16 09:32:43,796 - UnicodeAnalyzer - INFO - -> Analizzando versione 0.5.0 (23/120)...
2025-11-16 09:32:43,797 - UnicodeAnalyzer - INFO - Filtrati 4 file (es. in /dist, /test).
2025-11-16 09:32:43,851 - UnicodeAnalyzer - INFO - -> Analizzando versione 0.5.1 (24/120)...
2025-11-16 09:32:43,851 - UnicodeAnalyzer - INFO - Filtrati 4 file (es. in /dist, /test).
2025-11-16 09:32:43,908 - UnicodeAnalyzer - INFO - -> Analizzando versione 0.5.2 (25/120)...
2025-11-16 09:32:43,908 - UnicodeAnalyzer - INFO - Filtrati 5 file (es. in /dist, /test).
2025-11-16 09:32:43,962 - UnicodeAnalyzer - INFO - -> Analizzando versione 0.5.3 (26/120)...
2025-11-16 09:32:43,962 - UnicodeAnalyzer - INFO - Filtrati 4 file (es. in /dist, /test).
2025-11-16 09:32:44,016 - UnicodeAnalyzer - INFO - -> Analizzando versione 0.5.4 (27/120)...
2025-11-16 09:32:44,016 - UnicodeAnalyzer - INFO - Filtrati 5 file (es. in /dist, /test).
2025-11-16 09:32:44,070 - UnicodeAnalyzer - INFO - -> Analizzando versione 0.6.0 (28/120)...
2025-11-16 09:32:44,071 - UnicodeAnalyzer - INFO - Filtrati 5 file (es. in /dist, /test).
2025-11-16 09:32:44,124 - UnicodeAnalyzer - INFO - -> Analizzando versione 1.0.0 (29/120)...
2025-11-16 09:32:44,125 - UnicodeAnalyzer - INFO - Filtrati 5 file (es. in /dist, /test).
2025-11-16 09:32:44,179 - UnicodeAnalyzer - INFO - -> Analizzando versione 1.0.1 (30/120)...
2025-11-16 09:32:44,180 - UnicodeAnalyzer - INFO - Filtrati 5 file (es. in /dist, /test).
2025-11-16 09:32:44,235 - UnicodeAnalyzer - INFO - -> Analizzando versione 1.0.2 (31/120)...
2025-11-16 09:32:44,235 - UnicodeAnalyzer - INFO - Filtrati 5 file (es. in /dist, /test).
2025-11-16 09:32:44,291 - UnicodeAnalyzer - INFO - -> Analizzando versione 1.1.0 (32/120)...
2025-11-16 09:32:44,292 - UnicodeAnalyzer - INFO - Filtrati 5 file (es. in /dist, /test).
2025-11-16 09:32:44,345 - UnicodeAnalyzer - INFO - -> Analizzando versione 1.1.1 (33/120)...
2025-11-16 09:32:44,346 - UnicodeAnalyzer - INFO - Filtrati 5 file (es. in /dist, /test).
2025-11-16 09:32:44,400 - UnicodeAnalyzer - INFO - -> Analizzando versione 1.1.2 (34/120)...
2025-11-16 09:32:44,400 - UnicodeAnalyzer - INFO - Filtrati 5 file (es. in /dist, /test).
2025-11-16 09:32:44,462 - UnicodeAnalyzer - INFO - -> Analizzando versione 1.1.3 (35/120)...
2025-11-16 09:32:44,462 - UnicodeAnalyzer - INFO - Filtrati 5 file (es. in /dist, /test).
2025-11-16 09:32:44,524 - UnicodeAnalyzer - INFO - -> Analizzando versione 1.1.4 (36/120)...
2025-11-16 09:32:44,525 - UnicodeAnalyzer - INFO - Filtrati 5 file (es. in /dist, /test).
2025-11-16 09:32:44,579 - UnicodeAnalyzer - INFO - -> Analizzando versione 1.10.0 (37/120)...
2025-11-16 09:32:44,580 - UnicodeAnalyzer - INFO - Filtrati 4 file (es. in /dist, /test).
2025-11-16 09:32:44,639 - UnicodeAnalyzer - INFO - -> Analizzando versione 1.10.1 (38/120)...
2025-11-16 09:32:44,639 - UnicodeAnalyzer - INFO - Filtrati 4 file (es. in /dist, /test).
2025-11-16 09:32:44,695 - UnicodeAnalyzer - INFO - -> Analizzando versione 1.10.2 (39/120)...
2025-11-16 09:32:44,696 - UnicodeAnalyzer - INFO - Filtrati 4 file (es. in /dist, /test).
2025-11-16 09:32:44,752 - UnicodeAnalyzer - INFO - -> Analizzando versione 1.11.0 (40/120)...
2025-11-16 09:32:44,752 - UnicodeAnalyzer - INFO - Filtrati 4 file (es. in /dist, /test).
2025-11-16 09:32:44,808 - UnicodeAnalyzer - INFO - -> Analizzando versione 1.11.1 (41/120)...
2025-11-16 09:32:44,808 - UnicodeAnalyzer - INFO - Filtrati 4 file (es. in /dist, /test).
2025-11-16 09:32:44,864 - UnicodeAnalyzer - INFO - -> Analizzando versione 1.11.2 (42/120)...
2025-11-16 09:32:44,865 - UnicodeAnalyzer - INFO - Filtrati 4 file (es. in /dist, /test).
2025-11-16 09:32:44,921 - UnicodeAnalyzer - INFO - -> Analizzando versione 1.11.3 (43/120)...
2025-11-16 09:32:44,922 - UnicodeAnalyzer - INFO - Filtrati 4 file (es. in /dist, /test).
2025-11-16 09:32:44,978 - UnicodeAnalyzer - INFO - -> Analizzando versione 1.11.4 (44/120)...
2025-11-16 09:32:44,978 - UnicodeAnalyzer - INFO - Filtrati 4 file (es. in /dist, /test).
2025-11-16 09:32:45,034 - UnicodeAnalyzer - INFO - -> Analizzando versione 1.11.5 (45/120)...
2025-11-16 09:32:45,035 - UnicodeAnalyzer - INFO - Filtrati 4 file (es. in /dist, /test).
2025-11-16 09:32:45,090 - UnicodeAnalyzer - INFO - -> Analizzando versione 1.2.0 (46/120)...
2025-11-16 09:32:45,091 - UnicodeAnalyzer - INFO - Filtrati 5 file (es. in /dist, /test).
2025-11-16 09:32:45,145 - UnicodeAnalyzer - INFO - -> Analizzando versione 1.2.1 (47/120)...
2025-11-16 09:32:45,146 - UnicodeAnalyzer - INFO - Filtrati 5 file (es. in /dist, /test).
2025-11-16 09:32:45,201 - UnicodeAnalyzer - INFO - -> Analizzando versione 1.2.10 (48/120)...
2025-11-16 09:32:45,201 - UnicodeAnalyzer - INFO - Filtrati 5 file (es. in /dist, /test).
2025-11-16 09:32:45,255 - UnicodeAnalyzer - INFO - -> Analizzando versione 1.2.11 (49/120)...
2025-11-16 09:32:45,256 - UnicodeAnalyzer - INFO - Filtrati 5 file (es. in /dist, /test).
2025-11-16 09:32:45,310 - UnicodeAnalyzer - INFO - -> Analizzando versione 1.2.2 (50/120)...
2025-11-16 09:32:45,311 - UnicodeAnalyzer - INFO - Filtrati 5 file (es. in /dist, /test).
2025-11-16 09:32:45,365 - UnicodeAnalyzer - INFO - -> Analizzando versione 1.2.3 (51/120)...
2025-11-16 09:32:45,366 - UnicodeAnalyzer - INFO - Filtrati 5 file (es. in /dist, /test).
2025-11-16 09:32:45,424 - UnicodeAnalyzer - INFO - -> Analizzando versione 1.2.4 (52/120)...
2025-11-16 09:32:45,424 - UnicodeAnalyzer - INFO - Filtrati 5 file (es. in /dist, /test).
2025-11-16 09:32:45,479 - UnicodeAnalyzer - INFO - -> Analizzando versione 1.2.5 (53/120)...
2025-11-16 09:32:45,479 - UnicodeAnalyzer - INFO - Filtrati 5 file (es. in /dist, /test).
2025-11-16 09:32:45,538 - UnicodeAnalyzer - INFO - -> Analizzando versione 1.2.6 (54/120)...
2025-11-16 09:32:45,539 - UnicodeAnalyzer - INFO - Filtrati 5 file (es. in /dist, /test).
2025-11-16 09:32:45,593 - UnicodeAnalyzer - INFO - -> Analizzando versione 1.2.7 (55/120)...
2025-11-16 09:32:45,593 - UnicodeAnalyzer - INFO - Filtrati 5 file (es. in /dist, /test).
2025-11-16 09:32:45,647 - UnicodeAnalyzer - INFO - -> Analizzando versione 1.2.8 (56/120)...
2025-11-16 09:32:45,648 - UnicodeAnalyzer - INFO - Filtrati 5 file (es. in /dist, /test).
2025-11-16 09:32:45,702 - UnicodeAnalyzer - INFO - -> Analizzando versione 1.2.9 (57/120)...
2025-11-16 09:32:45,703 - UnicodeAnalyzer - INFO - Filtrati 5 file (es. in /dist, /test).
2025-11-16 09:32:45,756 - UnicodeAnalyzer - INFO - -> Analizzando versione 1.3.0 (58/120)...
2025-11-16 09:32:45,757 - UnicodeAnalyzer - INFO - Filtrati 9 file (es. in /dist, /test).
2025-11-16 09:32:45,811 - UnicodeAnalyzer - INFO - -> Analizzando versione 1.3.1 (59/120)...
2025-11-16 09:32:45,812 - UnicodeAnalyzer - INFO - Filtrati 5 file (es. in /dist, /test).
2025-11-16 09:32:45,866 - UnicodeAnalyzer - INFO - -> Analizzando versione 1.3.10 (60/120)...
2025-11-16 09:32:45,867 - UnicodeAnalyzer - INFO - Filtrati 6 file (es. in /dist, /test).
2025-11-16 09:32:45,920 - UnicodeAnalyzer - INFO - -> Analizzando versione 1.3.2 (61/120)...
2025-11-16 09:32:45,921 - UnicodeAnalyzer - INFO - Filtrati 5 file (es. in /dist, /test).
2025-11-16 09:32:45,976 - UnicodeAnalyzer - INFO - -> Analizzando versione 1.3.3 (62/120)...
2025-11-16 09:32:45,976 - UnicodeAnalyzer - INFO - Filtrati 5 file (es. in /dist, /test).
2025-11-16 09:32:46,031 - UnicodeAnalyzer - INFO - -> Analizzando versione 1.3.4 (63/120)...
2025-11-16 09:32:46,031 - UnicodeAnalyzer - INFO - Filtrati 6 file (es. in /dist, /test).
2025-11-16 09:32:46,086 - UnicodeAnalyzer - INFO - -> Analizzando versione 1.3.5 (64/120)...
2025-11-16 09:32:46,086 - UnicodeAnalyzer - INFO - Filtrati 6 file (es. in /dist, /test).
2025-11-16 09:32:46,140 - UnicodeAnalyzer - INFO - -> Analizzando versione 1.3.6 (65/120)...
2025-11-16 09:32:46,141 - UnicodeAnalyzer - INFO - Filtrati 6 file (es. in /dist, /test).
2025-11-16 09:32:46,195 - UnicodeAnalyzer - INFO - -> Analizzando versione 1.3.7 (66/120)...
2025-11-16 09:32:46,195 - UnicodeAnalyzer - INFO - Filtrati 6 file (es. in /dist, /test).
2025-11-16 09:32:46,250 - UnicodeAnalyzer - INFO - -> Analizzando versione 1.3.8 (67/120)...
2025-11-16 09:32:46,250 - UnicodeAnalyzer - INFO - Filtrati 6 file (es. in /dist, /test).
2025-11-16 09:32:46,306 - UnicodeAnalyzer - INFO - -> Analizzando versione 1.3.9 (68/120)...
2025-11-16 09:32:46,307 - UnicodeAnalyzer - INFO - Filtrati 6 file (es. in /dist, /test).
2025-11-16 09:32:46,368 - UnicodeAnalyzer - INFO - -> Analizzando versione 1.4.0 (69/120)...
2025-11-16 09:32:46,369 - UnicodeAnalyzer - INFO - Filtrati 7 file (es. in /dist, /test).
2025-11-16 09:32:46,422 - UnicodeAnalyzer - INFO - -> Analizzando versione 1.4.0-beta (70/120)...
2025-11-16 09:32:46,423 - UnicodeAnalyzer - INFO - Filtrati 7 file (es. in /dist, /test).
2025-11-16 09:32:46,477 - UnicodeAnalyzer - INFO - -> Analizzando versione 1.4.0-beta2 (71/120)...
2025-11-16 09:32:46,478 - UnicodeAnalyzer - INFO - Filtrati 7 file (es. in /dist, /test).
2025-11-16 09:32:46,534 - UnicodeAnalyzer - INFO - -> Analizzando versione 1.4.0-beta3 (72/120)...
2025-11-16 09:32:46,535 - UnicodeAnalyzer - INFO - Filtrati 7 file (es. in /dist, /test).
2025-11-16 09:32:46,590 - UnicodeAnalyzer - INFO - -> Analizzando versione 1.4.0-beta4 (73/120)...
2025-11-16 09:32:46,590 - UnicodeAnalyzer - INFO - Filtrati 7 file (es. in /dist, /test).
2025-11-16 09:32:46,645 - UnicodeAnalyzer - INFO - -> Analizzando versione 1.4.1 (74/120)...
2025-11-16 09:32:46,646 - UnicodeAnalyzer - INFO - Filtrati 7 file (es. in /dist, /test).
2025-11-16 09:32:46,701 - UnicodeAnalyzer - INFO - -> Analizzando versione 1.4.2 (75/120)...
2025-11-16 09:32:46,701 - UnicodeAnalyzer - INFO - Filtrati 7 file (es. in /dist, /test).
2025-11-16 09:32:46,759 - UnicodeAnalyzer - INFO - -> Analizzando versione 1.4.3 (76/120)...
2025-11-16 09:32:46,759 - UnicodeAnalyzer - INFO - Filtrati 7 file (es. in /dist, /test).
2025-11-16 09:32:46,813 - UnicodeAnalyzer - INFO - -> Analizzando versione 1.4.4 (77/120)...
2025-11-16 09:32:46,814 - UnicodeAnalyzer - INFO - Filtrati 7 file (es. in /dist, /test).
2025-11-16 09:32:46,868 - UnicodeAnalyzer - INFO - -> Analizzando versione 1.4.5 (78/120)...
2025-11-16 09:32:46,868 - UnicodeAnalyzer - INFO - Filtrati 7 file (es. in /dist, /test).
2025-11-16 09:32:46,923 - UnicodeAnalyzer - INFO - -> Analizzando versione 1.4.6 (79/120)...
2025-11-16 09:32:46,923 - UnicodeAnalyzer - INFO - Filtrati 7 file (es. in /dist, /test).
2025-11-16 09:32:46,978 - UnicodeAnalyzer - INFO - -> Analizzando versione 1.4.7 (80/120)...
2025-11-16 09:32:46,979 - UnicodeAnalyzer - INFO - Filtrati 7 file (es. in /dist, /test).
2025-11-16 09:32:47,034 - UnicodeAnalyzer - INFO - -> Analizzando versione 1.5.0 (81/120)...
2025-11-16 09:32:47,035 - UnicodeAnalyzer - INFO - Filtrati 7 file (es. in /dist, /test).
2025-11-16 09:32:47,090 - UnicodeAnalyzer - INFO - -> Analizzando versione 1.5.1 (82/120)...
2025-11-16 09:32:47,090 - UnicodeAnalyzer - INFO - Filtrati 7 file (es. in /dist, /test).
2025-11-16 09:32:47,145 - UnicodeAnalyzer - INFO - -> Analizzando versione 1.5.2 (83/120)...
2025-11-16 09:32:47,145 - UnicodeAnalyzer - INFO - Filtrati 3 file (es. in /dist, /test).
2025-11-16 09:32:47,208 - UnicodeAnalyzer - INFO - -> Analizzando versione 1.5.3 (84/120)...
2025-11-16 09:32:47,208 - UnicodeAnalyzer - INFO - Filtrati 3 file (es. in /dist, /test).
2025-11-16 09:32:47,262 - UnicodeAnalyzer - INFO - -> Analizzando versione 1.5.4 (85/120)...
2025-11-16 09:32:47,263 - UnicodeAnalyzer - INFO - Filtrati 3 file (es. in /dist, /test).
2025-11-16 09:32:47,319 - UnicodeAnalyzer - INFO - -> Analizzando versione 1.5.5 (86/120)...
2025-11-16 09:32:47,320 - UnicodeAnalyzer - INFO - Filtrati 3 file (es. in /dist, /test).
2025-11-16 09:32:47,376 - UnicodeAnalyzer - INFO - -> Analizzando versione 1.5.6 (87/120)...
2025-11-16 09:32:47,376 - UnicodeAnalyzer - INFO - Filtrati 3 file (es. in /dist, /test).
2025-11-16 09:32:47,433 - UnicodeAnalyzer - INFO - -> Analizzando versione 1.5.7 (88/120)...
2025-11-16 09:32:47,434 - UnicodeAnalyzer - INFO - Filtrati 3 file (es. in /dist, /test).
2025-11-16 09:32:47,488 - UnicodeAnalyzer - INFO - -> Analizzando versione 1.6.0 (89/120)...
2025-11-16 09:32:47,489 - UnicodeAnalyzer - INFO - Filtrati 3 file (es. in /dist, /test).
2025-11-16 09:32:47,545 - UnicodeAnalyzer - INFO - -> Analizzando versione 1.6.1 (90/120)...
2025-11-16 09:32:47,546 - UnicodeAnalyzer - INFO - Filtrati 3 file (es. in /dist, /test).
2025-11-16 09:32:47,601 - UnicodeAnalyzer - INFO - -> Analizzando versione 1.6.2 (91/120)...
2025-11-16 09:32:47,601 - UnicodeAnalyzer - INFO - Filtrati 3 file (es. in /dist, /test).
2025-11-16 09:32:47,657 - UnicodeAnalyzer - INFO - -> Analizzando versione 1.6.3 (92/120)...
2025-11-16 09:32:47,657 - UnicodeAnalyzer - INFO - Filtrati 3 file (es. in /dist, /test).
2025-11-16 09:32:47,712 - UnicodeAnalyzer - INFO - -> Analizzando versione 1.7.0 (93/120)...
2025-11-16 09:32:47,713 - UnicodeAnalyzer - INFO - Filtrati 3 file (es. in /dist, /test).
2025-11-16 09:32:47,768 - UnicodeAnalyzer - INFO - -> Analizzando versione 1.7.0-alpha1 (94/120)...
2025-11-16 09:32:47,768 - UnicodeAnalyzer - INFO - Filtrati 3 file (es. in /dist, /test).
2025-11-16 09:32:47,824 - UnicodeAnalyzer - INFO - -> Analizzando versione 1.7.0-alpha2 (95/120)...
2025-11-16 09:32:47,825 - UnicodeAnalyzer - INFO - Filtrati 3 file (es. in /dist, /test).
2025-11-16 09:32:47,880 - UnicodeAnalyzer - INFO - -> Analizzando versione 1.7.0-alpha3 (96/120)...
2025-11-16 09:32:47,881 - UnicodeAnalyzer - INFO - Filtrati 3 file (es. in /dist, /test).
2025-11-16 09:32:47,936 - UnicodeAnalyzer - INFO - -> Analizzando versione 1.7.0-alpha4 (97/120)...
2025-11-16 09:32:47,937 - UnicodeAnalyzer - INFO - Filtrati 3 file (es. in /dist, /test).
2025-11-16 09:32:47,994 - UnicodeAnalyzer - INFO - -> Analizzando versione 1.7.0-alpha5 (98/120)...
2025-11-16 09:32:47,995 - UnicodeAnalyzer - INFO - Filtrati 3 file (es. in /dist, /test).
2025-11-16 09:32:48,050 - UnicodeAnalyzer - INFO - -> Analizzando versione 1.7.0-alpha6 (99/120)...
2025-11-16 09:32:48,051 - UnicodeAnalyzer - INFO - Filtrati 3 file (es. in /dist, /test).
2025-11-16 09:32:48,107 - UnicodeAnalyzer - INFO - -> Analizzando versione 1.7.0-alpha7 (100/120)...
2025-11-16 09:32:48,107 - UnicodeAnalyzer - INFO - Filtrati 3 file (es. in /dist, /test).
2025-11-16 09:32:48,170 - UnicodeAnalyzer - INFO - -> Analizzando versione 1.7.0-beta1 (101/120)...
2025-11-16 09:32:48,171 - UnicodeAnalyzer - INFO - Filtrati 3 file (es. in /dist, /test).
2025-11-16 09:32:48,226 - UnicodeAnalyzer - INFO - -> Analizzando versione 1.7.1 (102/120)...
2025-11-16 09:32:48,227 - UnicodeAnalyzer - INFO - Filtrati 3 file (es. in /dist, /test).
2025-11-16 09:32:48,282 - UnicodeAnalyzer - INFO - -> Analizzando versione 1.7.2 (103/120)...
2025-11-16 09:32:48,282 - UnicodeAnalyzer - INFO - Filtrati 3 file (es. in /dist, /test).
2025-11-16 09:32:48,340 - UnicodeAnalyzer - INFO - -> Analizzando versione 1.8.0 (104/120)...
2025-11-16 09:32:48,340 - UnicodeAnalyzer - INFO - Filtrati 5 file (es. in /dist, /test).
2025-11-16 09:32:48,396 - UnicodeAnalyzer - INFO - -> Analizzando versione 1.8.1 (105/120)...
2025-11-16 09:32:48,396 - UnicodeAnalyzer - INFO - Filtrati 4 file (es. in /dist, /test).
2025-11-16 09:32:48,451 - UnicodeAnalyzer - INFO - -> Analizzando versione 1.8.2 (106/120)...
2025-11-16 09:32:48,452 - UnicodeAnalyzer - INFO - Filtrati 4 file (es. in /dist, /test).
2025-11-16 09:32:48,508 - UnicodeAnalyzer - INFO - -> Analizzando versione 1.8.3 (107/120)...
2025-11-16 09:32:48,509 - UnicodeAnalyzer - INFO - Filtrati 4 file (es. in /dist, /test).
2025-11-16 09:32:48,563 - UnicodeAnalyzer - INFO - -> Analizzando versione 1.8.4 (108/120)...
2025-11-16 09:32:48,563 - UnicodeAnalyzer - INFO - Filtrati 4 file (es. in /dist, /test).
2025-11-16 09:32:48,619 - UnicodeAnalyzer - INFO - -> Analizzando versione 1.8.5 (109/120)...
2025-11-16 09:32:48,619 - UnicodeAnalyzer - INFO - Filtrati 4 file (es. in /dist, /test).
2025-11-16 09:32:48,675 - UnicodeAnalyzer - INFO - -> Analizzando versione 1.9.0 (110/120)...
2025-11-16 09:32:48,675 - UnicodeAnalyzer - INFO - Filtrati 4 file (es. in /dist, /test).
2025-11-16 09:32:48,730 - UnicodeAnalyzer - INFO - -> Analizzando versione 1.9.1 (111/120)...
2025-11-16 09:32:48,731 - UnicodeAnalyzer - INFO - Filtrati 4 file (es. in /dist, /test).
2025-11-16 09:32:48,788 - UnicodeAnalyzer - INFO - -> Analizzando versione 1.9.2 (112/120)...
2025-11-16 09:32:48,789 - UnicodeAnalyzer - INFO - Filtrati 4 file (es. in /dist, /test).
2025-11-16 09:32:48,843 - UnicodeAnalyzer - INFO - -> Analizzando versione 1.9.3 (113/120)...
2025-11-16 09:32:48,844 - UnicodeAnalyzer - INFO - Filtrati 4 file (es. in /dist, /test).
2025-11-16 09:32:48,898 - UnicodeAnalyzer - INFO - -> Analizzando versione 1.9.4 (114/120)...
2025-11-16 09:32:48,899 - UnicodeAnalyzer - INFO - Filtrati 4 file (es. in /dist, /test).
2025-11-16 09:32:48,962 - UnicodeAnalyzer - INFO - -> Analizzando versione 1.9.5 (115/120)...
2025-11-16 09:32:48,962 - UnicodeAnalyzer - INFO - Filtrati 4 file (es. in /dist, /test).
2025-11-16 09:32:49,025 - UnicodeAnalyzer - INFO - -> Analizzando versione 1.9.5-debug.1 (116/120)...
2025-11-16 09:32:49,026 - UnicodeAnalyzer - INFO - Filtrati 4 file (es. in /dist, /test).
2025-11-16 09:32:49,084 - UnicodeAnalyzer - INFO - -> Analizzando versione 1.9.6 (117/120)...
2025-11-16 09:32:49,085 - UnicodeAnalyzer - INFO - Filtrati 4 file (es. in /dist, /test).
2025-11-16 09:32:49,142 - UnicodeAnalyzer - INFO - -> Analizzando versione 1.9.7 (118/120)...
2025-11-16 09:32:49,142 - UnicodeAnalyzer - INFO - Filtrati 4 file (es. in /dist, /test).
2025-11-16 09:32:49,198 - UnicodeAnalyzer - INFO - -> Analizzando versione 1.9.8 (119/120)...
2025-11-16 09:32:49,199 - UnicodeAnalyzer - INFO - Filtrati 4 file (es. in /dist, /test).
2025-11-16 09:32:49,254 - UnicodeAnalyzer - INFO - -> Analizzando versione 1.9.9 (120/120)...
2025-11-16 09:32:49,254 - UnicodeAnalyzer - INFO - Filtrati 4 file (es. in /dist, /test).
2025-11-16 09:32:49,310 - UnicodeAnalyzer - INFO - Esportando i risultati HUT per 'msgpackr' in CSV...
2025-11-16 09:32:49,477 - UnicodeAnalyzer - INFO - Report salvati in: /app/npm_hut_results/msgpackr
2025-11-16 09:32:49,477 - NPM_HUT_Analyzer - INFO - Pulizia cartella temporanea 'temp_hut/msgpackr'...
2025-11-16 09:32:49,544 - NPM_HUT_Analyzer - INFO - Pulizia completata.
