2025-10-26 07:56:27,081 - NPM_Analyzer - INFO - Fetching metadata for 'findup-sync'...
2025-10-26 07:56:27,183 - NPM_Analyzer - INFO - Found 16 versions. Starting download into 'temp/findup-sync'...
2025-10-26 07:56:33,184 - BlankSpaceAnalyzer - INFO - Analyzing 16 versions for '*.js' in 'findup-sync'.
2025-10-26 07:56:33,185 - BlankSpaceAnalyzer - INFO - -> Analyzing version 0.1.0 (1/16)...
2025-10-26 07:56:33,284 - BlankSpaceAnalyzer - INFO - -> Analyzing version 0.1.1 (2/16)...
2025-10-26 07:56:33,362 - BlankSpaceAnalyzer - INFO - -> Analyzing version 0.1.2 (3/16)...
2025-10-26 07:56:33,442 - BlankSpaceAnalyzer - INFO - -> Analyzing version 0.1.3 (4/16)...
2025-10-26 07:56:33,525 - BlankSpaceAnalyzer - INFO - -> Analyzing version 0.2.0 (5/16)...
2025-10-26 07:56:33,526 - BlankSpaceAnalyzer - INFO - -> Analyzing version 0.2.1 (6/16)...
2025-10-26 07:56:33,526 - BlankSpaceAnalyzer - INFO - -> Analyzing version 0.3.0 (7/16)...
2025-10-26 07:56:33,526 - BlankSpaceAnalyzer - INFO - -> Analyzing version 0.4.0 (8/16)...
2025-10-26 07:56:33,527 - BlankSpaceAnalyzer - INFO - -> Analyzing version 0.4.1 (9/16)...
2025-10-26 07:56:33,527 - BlankSpaceAnalyzer - INFO - -> Analyzing version 0.4.2 (10/16)...
2025-10-26 07:56:33,527 - BlankSpaceAnalyzer - INFO - -> Analyzing version 0.4.3 (11/16)...
2025-10-26 07:56:33,527 - BlankSpaceAnalyzer - INFO - -> Analyzing version 1.0.0 (12/16)...
2025-10-26 07:56:33,528 - BlankSpaceAnalyzer - INFO - -> Analyzing version 2.0.0 (13/16)...
2025-10-26 07:56:33,528 - BlankSpaceAnalyzer - INFO - -> Analyzing version 3.0.0 (14/16)...
2025-10-26 07:56:33,528 - BlankSpaceAnalyzer - INFO - -> Analyzing version 4.0.0 (15/16)...
2025-10-26 07:56:33,528 - BlankSpaceAnalyzer - INFO - -> Analyzing version 5.0.0 (16/16)...
2025-10-26 07:56:33,533 - BlankSpaceAnalyzer - INFO - Exporting results for 'findup-sync' to CSV...
2025-10-26 07:56:33,548 - BlankSpaceAnalyzer - INFO - Reports saved in: /app/npm_results/findup-sync
2025-10-26 07:56:33,548 - NPM_Analyzer - INFO - Cleaning temporary folder 'temp/findup-sync'...
2025-10-26 07:56:33,551 - NPM_Analyzer - INFO - Cleanup completed.
