2025-11-12 01:16:08,848 - NPM_HUT_Analyzer - INFO - Recupero metadata per '@eslint/eslintrc'...
2025-11-12 01:16:08,961 - NPM_HUT_Analyzer - INFO - Trovate 46 versioni. Inizio download in 'temp_hut/@eslint_eslintrc'...
2025-11-12 01:16:42,522 - UnicodeAnalyzer - INFO - Analizzando 46 versioni per '*.js' in '@eslint_eslintrc'.
2025-11-12 01:16:42,523 - UnicodeAnalyzer - INFO - -> Analizzando versione 0.0.1 (1/46)...
2025-11-12 01:16:42,599 - UnicodeAnalyzer - INFO - -> Analizzando versione 0.1.0 (2/46)...
2025-11-12 01:16:42,644 - UnicodeAnalyzer - INFO - -> Analizzando versione 0.1.1 (3/46)...
2025-11-12 01:16:42,692 - UnicodeAnalyzer - INFO - -> Analizzando versione 0.1.2 (4/46)...
2025-11-12 01:16:42,736 - UnicodeAnalyzer - INFO - -> Analizzando versione 0.1.3 (5/46)...
2025-11-12 01:16:42,783 - UnicodeAnalyzer - INFO - -> Analizzando versione 0.2.0 (6/46)...
2025-11-12 01:16:42,829 - UnicodeAnalyzer - INFO - -> Analizzando versione 0.2.1 (7/46)...
2025-11-12 01:16:42,875 - UnicodeAnalyzer - INFO - -> Analizzando versione 0.2.2 (8/46)...
2025-11-12 01:16:42,920 - UnicodeAnalyzer - INFO - -> Analizzando versione 0.3.0 (9/46)...
2025-11-12 01:16:42,967 - UnicodeAnalyzer - INFO - -> Analizzando versione 0.4.0 (10/46)...
2025-11-12 01:16:43,014 - UnicodeAnalyzer - INFO - -> Analizzando versione 0.4.1 (11/46)...
2025-11-12 01:16:43,061 - UnicodeAnalyzer - INFO - -> Analizzando versione 0.4.2 (12/46)...
2025-11-12 01:16:43,106 - UnicodeAnalyzer - INFO - -> Analizzando versione 0.4.3 (13/46)...
2025-11-12 01:16:43,152 - UnicodeAnalyzer - INFO - -> Analizzando versione 1.0.0 (14/46)...
2025-11-12 01:16:43,202 - UnicodeAnalyzer - INFO - -> Analizzando versione 1.0.1 (15/46)...
2025-11-12 01:16:43,248 - UnicodeAnalyzer - INFO - -> Analizzando versione 1.0.2 (16/46)...
2025-11-12 01:16:43,295 - UnicodeAnalyzer - INFO - -> Analizzando versione 1.0.3 (17/46)...
2025-11-12 01:16:43,341 - UnicodeAnalyzer - INFO - -> Analizzando versione 1.0.4 (18/46)...
2025-11-12 01:16:43,391 - UnicodeAnalyzer - INFO - -> Analizzando versione 1.0.5 (19/46)...
2025-11-12 01:16:43,439 - UnicodeAnalyzer - INFO - -> Analizzando versione 1.1.0 (20/46)...
2025-11-12 01:16:43,485 - UnicodeAnalyzer - INFO - -> Analizzando versione 1.2.0 (21/46)...
2025-11-12 01:16:43,532 - UnicodeAnalyzer - INFO - -> Analizzando versione 1.2.1 (22/46)...
2025-11-12 01:16:43,579 - UnicodeAnalyzer - INFO - -> Analizzando versione 1.2.2 (23/46)...
2025-11-12 01:16:43,624 - UnicodeAnalyzer - INFO - -> Analizzando versione 1.2.3 (24/46)...
2025-11-12 01:16:43,671 - UnicodeAnalyzer - INFO - -> Analizzando versione 1.3.0 (25/46)...
2025-11-12 01:16:43,717 - UnicodeAnalyzer - INFO - -> Analizzando versione 1.3.1 (26/46)...
2025-11-12 01:16:43,763 - UnicodeAnalyzer - INFO - -> Analizzando versione 1.3.2 (27/46)...
2025-11-12 01:16:43,809 - UnicodeAnalyzer - INFO - -> Analizzando versione 1.3.3 (28/46)...
2025-11-12 01:16:43,857 - UnicodeAnalyzer - INFO - -> Analizzando versione 1.4.0 (29/46)...
2025-11-12 01:16:43,902 - UnicodeAnalyzer - INFO - -> Analizzando versione 1.4.1 (30/46)...
2025-11-12 01:16:43,949 - UnicodeAnalyzer - INFO - -> Analizzando versione 2.0.0 (31/46)...
2025-11-12 01:16:43,995 - UnicodeAnalyzer - INFO - -> Analizzando versione 2.0.1 (32/46)...
2025-11-12 01:16:44,041 - UnicodeAnalyzer - INFO - -> Analizzando versione 2.0.2 (33/46)...
2025-11-12 01:16:44,089 - UnicodeAnalyzer - INFO - -> Analizzando versione 2.0.3 (34/46)...
2025-11-12 01:16:44,136 - UnicodeAnalyzer - INFO - -> Analizzando versione 2.1.0 (35/46)...
2025-11-12 01:16:44,181 - UnicodeAnalyzer - INFO - -> Analizzando versione 2.1.1 (36/46)...
2025-11-12 01:16:44,234 - UnicodeAnalyzer - INFO - -> Analizzando versione 2.1.2 (37/46)...
2025-11-12 01:16:44,281 - UnicodeAnalyzer - INFO - -> Analizzando versione 2.1.3 (38/46)...
2025-11-12 01:16:44,328 - UnicodeAnalyzer - INFO - -> Analizzando versione 2.1.4 (39/46)...
2025-11-12 01:16:44,373 - UnicodeAnalyzer - INFO - -> Analizzando versione 3.0.0 (40/46)...
2025-11-12 01:16:44,420 - UnicodeAnalyzer - INFO - -> Analizzando versione 3.0.1 (41/46)...
2025-11-12 01:16:44,466 - UnicodeAnalyzer - INFO - -> Analizzando versione 3.0.2 (42/46)...
2025-11-12 01:16:44,512 - UnicodeAnalyzer - INFO - -> Analizzando versione 3.1.0 (43/46)...
2025-11-12 01:16:44,560 - UnicodeAnalyzer - INFO - -> Analizzando versione 3.2.0 (44/46)...
2025-11-12 01:16:44,604 - UnicodeAnalyzer - INFO - -> Analizzando versione 3.3.0 (45/46)...
2025-11-12 01:16:44,650 - UnicodeAnalyzer - INFO - -> Analizzando versione 3.3.1 (46/46)...
2025-11-12 01:16:44,697 - UnicodeAnalyzer - INFO - Esportando i risultati HUT per '@eslint/eslintrc' in CSV...
2025-11-12 01:16:44,771 - UnicodeAnalyzer - INFO - Report salvati in: /app/npm_hut_results/@eslint_eslintrc
2025-11-12 01:16:44,771 - NPM_HUT_Analyzer - INFO - Pulizia cartella temporanea 'temp_hut/@eslint_eslintrc'...
2025-11-12 01:16:44,804 - NPM_HUT_Analyzer - INFO - Pulizia completata.
