2025-10-28 05:13:10,702 - NPM_Analyzer - INFO - Fetching metadata for 'babel-plugin-transform-regenerator'...
2025-10-28 05:13:10,789 - NPM_Analyzer - INFO - Found 53 versions. Starting download into 'temp/babel-plugin-transform-regenerator'...
2025-10-28 05:13:51,699 - BlankSpaceAnalyzer - INFO - Analyzing 53 versions for '*.js' in 'babel-plugin-transform-regenerator'.
2025-10-28 05:13:51,699 - BlankSpaceAnalyzer - INFO - -> Analyzing version 6.0.10 (1/53)...
2025-10-28 05:13:51,801 - BlankSpaceAnalyzer - INFO - -> Analyzing version 6.0.12 (2/53)...
2025-10-28 05:13:51,872 - BlankSpaceAnalyzer - INFO - -> Analyzing version 6.0.14 (3/53)...
2025-10-28 05:13:51,943 - BlankSpaceAnalyzer - INFO - -> Analyzing version 6.0.17 (4/53)...
2025-10-28 05:13:52,022 - BlankSpaceAnalyzer - INFO - -> Analyzing version 6.0.18 (5/53)...
2025-10-28 05:13:52,095 - BlankSpaceAnalyzer - INFO - -> Analyzing version 6.0.2 (6/53)...
2025-10-28 05:13:52,095 - BlankSpaceAnalyzer - INFO - -> Analyzing version 6.0.8 (7/53)...
2025-10-28 05:13:52,167 - BlankSpaceAnalyzer - INFO - -> Analyzing version 6.1.17 (8/53)...
2025-10-28 05:13:52,237 - BlankSpaceAnalyzer - INFO - -> Analyzing version 6.1.18 (9/53)...
2025-10-28 05:13:52,317 - BlankSpaceAnalyzer - INFO - -> Analyzing version 6.1.4 (10/53)...
2025-10-28 05:13:52,394 - BlankSpaceAnalyzer - INFO - -> Analyzing version 6.11.4 (11/53)...
2025-10-28 05:13:52,472 - BlankSpaceAnalyzer - INFO - -> Analyzing version 6.14.0 (12/53)...
2025-10-28 05:13:52,549 - BlankSpaceAnalyzer - INFO - -> Analyzing version 6.16.0 (13/53)...
2025-10-28 05:13:52,627 - BlankSpaceAnalyzer - INFO - -> Analyzing version 6.16.1 (14/53)...
2025-10-28 05:13:52,705 - BlankSpaceAnalyzer - INFO - -> Analyzing version 6.2.0 (15/53)...
2025-10-28 05:13:52,781 - BlankSpaceAnalyzer - INFO - -> Analyzing version 6.2.4 (16/53)...
2025-10-28 05:13:52,853 - BlankSpaceAnalyzer - INFO - -> Analyzing version 6.20.0 (17/53)...
2025-10-28 05:13:52,854 - BlankSpaceAnalyzer - INFO - -> Analyzing version 6.21.0 (18/53)...
2025-10-28 05:13:52,854 - BlankSpaceAnalyzer - INFO - -> Analyzing version 6.22.0 (19/53)...
2025-10-28 05:13:52,854 - BlankSpaceAnalyzer - INFO - -> Analyzing version 6.24.1 (20/53)...
2025-10-28 05:13:52,855 - BlankSpaceAnalyzer - INFO - -> Analyzing version 6.26.0 (21/53)...
2025-10-28 05:13:52,855 - BlankSpaceAnalyzer - INFO - -> Analyzing version 6.3.13 (22/53)...
2025-10-28 05:13:52,932 - BlankSpaceAnalyzer - INFO - -> Analyzing version 6.3.18 (23/53)...
2025-10-28 05:13:53,009 - BlankSpaceAnalyzer - INFO - -> Analyzing version 6.3.2 (24/53)...
2025-10-28 05:13:53,088 - BlankSpaceAnalyzer - INFO - -> Analyzing version 6.3.26 (25/53)...
2025-10-28 05:13:53,165 - BlankSpaceAnalyzer - INFO - -> Analyzing version 6.4.3 (26/53)...
2025-10-28 05:13:53,235 - BlankSpaceAnalyzer - INFO - -> Analyzing version 6.4.4 (27/53)...
2025-10-28 05:13:53,315 - BlankSpaceAnalyzer - INFO - -> Analyzing version 6.5.0 (28/53)...
2025-10-28 05:13:53,391 - BlankSpaceAnalyzer - INFO - -> Analyzing version 6.5.0-1 (29/53)...
2025-10-28 05:13:53,470 - BlankSpaceAnalyzer - INFO - -> Analyzing version 6.5.2 (30/53)...
2025-10-28 05:13:53,551 - BlankSpaceAnalyzer - INFO - -> Analyzing version 6.6.0 (31/53)...
2025-10-28 05:13:53,629 - BlankSpaceAnalyzer - INFO - -> Analyzing version 6.6.5 (32/53)...
2025-10-28 05:13:53,707 - BlankSpaceAnalyzer - INFO - -> Analyzing version 6.8.0 (33/53)...
2025-10-28 05:13:53,789 - BlankSpaceAnalyzer - INFO - -> Analyzing version 6.9.0 (34/53)...
2025-10-28 05:13:53,865 - BlankSpaceAnalyzer - INFO - -> Analyzing version 7.0.0-alpha.1 (35/53)...
2025-10-28 05:13:53,866 - BlankSpaceAnalyzer - INFO - -> Analyzing version 7.0.0-alpha.10 (36/53)...
2025-10-28 05:13:53,866 - BlankSpaceAnalyzer - INFO - -> Analyzing version 7.0.0-alpha.11 (37/53)...
2025-10-28 05:13:53,866 - BlankSpaceAnalyzer - INFO - -> Analyzing version 7.0.0-alpha.12 (38/53)...
2025-10-28 05:13:53,866 - BlankSpaceAnalyzer - INFO - -> Analyzing version 7.0.0-alpha.14 (39/53)...
2025-10-28 05:13:53,867 - BlankSpaceAnalyzer - INFO - -> Analyzing version 7.0.0-alpha.15 (40/53)...
2025-10-28 05:13:53,867 - BlankSpaceAnalyzer - INFO - -> Analyzing version 7.0.0-alpha.16 (41/53)...
2025-10-28 05:13:53,867 - BlankSpaceAnalyzer - INFO - -> Analyzing version 7.0.0-alpha.17 (42/53)...
2025-10-28 05:13:53,867 - BlankSpaceAnalyzer - INFO - -> Analyzing version 7.0.0-alpha.18 (43/53)...
2025-10-28 05:13:53,868 - BlankSpaceAnalyzer - INFO - -> Analyzing version 7.0.0-alpha.19 (44/53)...
2025-10-28 05:13:53,868 - BlankSpaceAnalyzer - INFO - -> Analyzing version 7.0.0-alpha.20 (45/53)...
2025-10-28 05:13:53,868 - BlankSpaceAnalyzer - INFO - -> Analyzing version 7.0.0-alpha.3 (46/53)...
2025-10-28 05:13:53,869 - BlankSpaceAnalyzer - INFO - -> Analyzing version 7.0.0-alpha.7 (47/53)...
2025-10-28 05:13:53,869 - BlankSpaceAnalyzer - INFO - -> Analyzing version 7.0.0-alpha.8 (48/53)...
2025-10-28 05:13:53,869 - BlankSpaceAnalyzer - INFO - -> Analyzing version 7.0.0-alpha.9 (49/53)...
2025-10-28 05:13:53,869 - BlankSpaceAnalyzer - INFO - -> Analyzing version 7.0.0-beta.0 (50/53)...
2025-10-28 05:13:53,870 - BlankSpaceAnalyzer - INFO - -> Analyzing version 7.0.0-beta.1 (51/53)...
2025-10-28 05:13:53,870 - BlankSpaceAnalyzer - INFO - -> Analyzing version 7.0.0-beta.2 (52/53)...
2025-10-28 05:13:53,870 - BlankSpaceAnalyzer - INFO - -> Analyzing version 7.0.0-beta.3 (53/53)...
2025-10-28 05:13:53,870 - BlankSpaceAnalyzer - INFO - Exporting results for 'babel-plugin-transform-regenerator' to CSV...
2025-10-28 05:13:53,923 - BlankSpaceAnalyzer - INFO - Reports saved in: /app/npm_results/babel-plugin-transform-regenerator
2025-10-28 05:13:53,923 - NPM_Analyzer - INFO - Cleaning temporary folder 'temp/babel-plugin-transform-regenerator'...
2025-10-28 05:13:53,942 - NPM_Analyzer - INFO - Cleanup completed.
