2025-10-23 05:20:29,944 - NPM_Analyzer - INFO - Fetching metadata for 'find-cache-dir'...
2025-10-23 05:20:30,010 - NPM_Analyzer - INFO - Found 14 versions. Starting download into 'temp/find-cache-dir'...
2025-10-23 05:20:33,952 - BlankSpaceAnalyzer - INFO - Analyzing 14 versions for '*.js' in 'find-cache-dir'.
2025-10-23 05:20:33,952 - BlankSpaceAnalyzer - INFO - -> Analyzing version 0.1.0 (1/14)...
2025-10-23 05:20:33,953 - BlankSpaceAnalyzer - INFO - -> Analyzing version 0.1.1 (2/14)...
2025-10-23 05:20:33,954 - BlankSpaceAnalyzer - INFO - -> Analyzing version 1.0.0 (3/14)...
2025-10-23 05:20:33,955 - BlankSpaceAnalyzer - INFO - -> Analyzing version 2.0.0 (4/14)...
2025-10-23 05:20:33,956 - BlankSpaceAnalyzer - INFO - -> Analyzing version 2.1.0 (5/14)...
2025-10-23 05:20:33,957 - BlankSpaceAnalyzer - INFO - -> Analyzing version 3.0.0 (6/14)...
2025-10-23 05:20:33,958 - BlankSpaceAnalyzer - INFO - -> Analyzing version 3.1.0 (7/14)...
2025-10-23 05:20:33,959 - BlankSpaceAnalyzer - INFO - -> Analyzing version 3.2.0 (8/14)...
2025-10-23 05:20:33,960 - BlankSpaceAnalyzer - INFO - -> Analyzing version 3.3.0 (9/14)...
2025-10-23 05:20:33,961 - BlankSpaceAnalyzer - INFO - -> Analyzing version 3.3.1 (10/14)...
2025-10-23 05:20:33,962 - BlankSpaceAnalyzer - INFO - -> Analyzing version 3.3.2 (11/14)...
2025-10-23 05:20:33,963 - BlankSpaceAnalyzer - INFO - -> Analyzing version 4.0.0 (12/14)...
2025-10-23 05:20:33,964 - BlankSpaceAnalyzer - INFO - -> Analyzing version 5.0.0 (13/14)...
2025-10-23 05:20:33,965 - BlankSpaceAnalyzer - INFO - -> Analyzing version 6.0.0 (14/14)...
2025-10-23 05:20:33,973 - BlankSpaceAnalyzer - INFO - Exporting results for 'find-cache-dir' to CSV...
2025-10-23 05:20:33,998 - BlankSpaceAnalyzer - INFO - Reports saved in: /app/npm_results/find-cache-dir
2025-10-23 05:20:33,998 - NPM_Analyzer - INFO - Cleaning temporary folder 'temp/find-cache-dir'...
2025-10-23 05:20:34,000 - NPM_Analyzer - INFO - Cleanup completed.
