2025-10-30 16:47:56,492 - NPM_Analyzer - INFO - Fetching metadata for '@types/crypto-js'...
2025-10-30 16:47:56,671 - NPM_Analyzer - INFO - Found 39 versions. Starting download into 'temp/@types_crypto-js'...
2025-10-30 16:48:12,453 - NPM_Analyzer - ERROR -   Error on version 3.1.29: not a gzip file
2025-10-30 16:48:37,313 - BlankSpaceAnalyzer - INFO - Analyzing 38 versions for '*.js' in '@types_crypto-js'.
2025-10-30 16:48:37,313 - BlankSpaceAnalyzer - INFO - -> Analyzing version 3.1.15-alpha (1/38)...
2025-10-30 16:48:37,314 - BlankSpaceAnalyzer - INFO - -> Analyzing version 3.1.16-alpha (2/38)...
2025-10-30 16:48:37,315 - BlankSpaceAnalyzer - INFO - -> Analyzing version 3.1.21-alpha (3/38)...
2025-10-30 16:48:37,315 - BlankSpaceAnalyzer - INFO - -> Analyzing version 3.1.22-alpha (4/38)...
2025-10-30 16:48:37,316 - BlankSpaceAnalyzer - INFO - -> Analyzing version 3.1.23-alpha (5/38)...
2025-10-30 16:48:37,317 - BlankSpaceAnalyzer - INFO - -> Analyzing version 3.1.24-alpha (6/38)...
2025-10-30 16:48:37,317 - BlankSpaceAnalyzer - INFO - -> Analyzing version 3.1.25-alpha (7/38)...
2025-10-30 16:48:37,318 - BlankSpaceAnalyzer - INFO - -> Analyzing version 3.1.26-alpha (8/38)...
2025-10-30 16:48:37,318 - BlankSpaceAnalyzer - INFO - -> Analyzing version 3.1.27-alpha (9/38)...
2025-10-30 16:48:37,319 - BlankSpaceAnalyzer - INFO - -> Analyzing version 3.1.28 (10/38)...
2025-10-30 16:48:37,319 - BlankSpaceAnalyzer - INFO - -> Analyzing version 3.1.30 (11/38)...
2025-10-30 16:48:37,320 - BlankSpaceAnalyzer - INFO - -> Analyzing version 3.1.31 (12/38)...
2025-10-30 16:48:37,320 - BlankSpaceAnalyzer - INFO - -> Analyzing version 3.1.32 (13/38)...
2025-10-30 16:48:37,321 - BlankSpaceAnalyzer - INFO - -> Analyzing version 3.1.33 (14/38)...
2025-10-30 16:48:37,327 - BlankSpaceAnalyzer - INFO - -> Analyzing version 3.1.34 (15/38)...
2025-10-30 16:48:37,335 - BlankSpaceAnalyzer - INFO - -> Analyzing version 3.1.35 (16/38)...
2025-10-30 16:48:37,341 - BlankSpaceAnalyzer - INFO - -> Analyzing version 3.1.36 (17/38)...
2025-10-30 16:48:37,345 - BlankSpaceAnalyzer - INFO - -> Analyzing version 3.1.37 (18/38)...
2025-10-30 16:48:37,348 - BlankSpaceAnalyzer - INFO - -> Analyzing version 3.1.38 (19/38)...
2025-10-30 16:48:37,351 - BlankSpaceAnalyzer - INFO - -> Analyzing version 3.1.39 (20/38)...
2025-10-30 16:48:37,353 - BlankSpaceAnalyzer - INFO - -> Analyzing version 3.1.40 (21/38)...
2025-10-30 16:48:37,355 - BlankSpaceAnalyzer - INFO - -> Analyzing version 3.1.41 (22/38)...
2025-10-30 16:48:37,357 - BlankSpaceAnalyzer - INFO - -> Analyzing version 3.1.42 (23/38)...
2025-10-30 16:48:37,360 - BlankSpaceAnalyzer - INFO - -> Analyzing version 3.1.43 (24/38)...
2025-10-30 16:48:37,362 - BlankSpaceAnalyzer - INFO - -> Analyzing version 3.1.44 (25/38)...
2025-10-30 16:48:37,364 - BlankSpaceAnalyzer - INFO - -> Analyzing version 3.1.45 (26/38)...
2025-10-30 16:48:37,366 - BlankSpaceAnalyzer - INFO - -> Analyzing version 3.1.46 (27/38)...
2025-10-30 16:48:37,368 - BlankSpaceAnalyzer - INFO - -> Analyzing version 3.1.47 (28/38)...
2025-10-30 16:48:37,369 - BlankSpaceAnalyzer - INFO - -> Analyzing version 4.0.0 (29/38)...
2025-10-30 16:48:37,370 - BlankSpaceAnalyzer - INFO - -> Analyzing version 4.0.1 (30/38)...
2025-10-30 16:48:37,370 - BlankSpaceAnalyzer - INFO - -> Analyzing version 4.0.2 (31/38)...
2025-10-30 16:48:37,370 - BlankSpaceAnalyzer - INFO - -> Analyzing version 4.1.0 (32/38)...
2025-10-30 16:48:37,370 - BlankSpaceAnalyzer - INFO - -> Analyzing version 4.1.1 (33/38)...
2025-10-30 16:48:37,370 - BlankSpaceAnalyzer - INFO - -> Analyzing version 4.1.2 (34/38)...
2025-10-30 16:48:37,371 - BlankSpaceAnalyzer - INFO - -> Analyzing version 4.1.3 (35/38)...
2025-10-30 16:48:37,371 - BlankSpaceAnalyzer - INFO - -> Analyzing version 4.2.0 (36/38)...
2025-10-30 16:48:37,371 - BlankSpaceAnalyzer - INFO - -> Analyzing version 4.2.1 (37/38)...
2025-10-30 16:48:37,372 - BlankSpaceAnalyzer - INFO - -> Analyzing version 4.2.2 (38/38)...
2025-10-30 16:48:37,373 - BlankSpaceAnalyzer - INFO - Exporting results for '@types/crypto-js' to CSV...
2025-10-30 16:48:37,373 - BlankSpaceAnalyzer - WARNING - No files analyzed. CSV files will be empty.
2025-10-30 16:48:37,373 - NPM_Analyzer - INFO - Cleaning temporary folder 'temp/@types_crypto-js'...
2025-10-30 16:48:37,417 - NPM_Analyzer - INFO - Cleanup completed.
