2025-11-02 05:10:48,970 - NPM_Analyzer - INFO - Fetching metadata for 'recharts-scale'...
2025-11-02 05:10:49,118 - NPM_Analyzer - INFO - Found 24 versions. Starting download into 'temp/recharts-scale'...
2025-11-02 05:11:08,471 - BlankSpaceAnalyzer - INFO - Analyzing 24 versions for '*.js' in 'recharts-scale'.
2025-11-02 05:11:08,472 - BlankSpaceAnalyzer - INFO - -> Analyzing version 0.1.0-beta (1/24)...
2025-11-02 05:11:08,473 - BlankSpaceAnalyzer - INFO - -> Analyzing version 0.1.1-beta (2/24)...
2025-11-02 05:11:08,597 - BlankSpaceAnalyzer - INFO - -> Analyzing version 0.1.10 (3/24)...
2025-11-02 05:11:08,689 - BlankSpaceAnalyzer - INFO - -> Analyzing version 0.1.11 (4/24)...
2025-11-02 05:11:08,785 - BlankSpaceAnalyzer - INFO - -> Analyzing version 0.1.2-beta (5/24)...
2025-11-02 05:11:08,878 - BlankSpaceAnalyzer - INFO - -> Analyzing version 0.1.3-beta (6/24)...
2025-11-02 05:11:08,968 - BlankSpaceAnalyzer - INFO - -> Analyzing version 0.1.4-beta (7/24)...
2025-11-02 05:11:09,058 - BlankSpaceAnalyzer - INFO - -> Analyzing version 0.1.5-beta (8/24)...
2025-11-02 05:11:09,149 - BlankSpaceAnalyzer - INFO - -> Analyzing version 0.1.6-beta (9/24)...
2025-11-02 05:11:09,239 - BlankSpaceAnalyzer - INFO - -> Analyzing version 0.1.7 (10/24)...
2025-11-02 05:11:09,330 - BlankSpaceAnalyzer - INFO - -> Analyzing version 0.1.8 (11/24)...
2025-11-02 05:11:09,431 - BlankSpaceAnalyzer - INFO - -> Analyzing version 0.1.9 (12/24)...
2025-11-02 05:11:09,531 - BlankSpaceAnalyzer - INFO - -> Analyzing version 0.2.0 (13/24)...
2025-11-02 05:11:09,622 - BlankSpaceAnalyzer - INFO - -> Analyzing version 0.2.1 (14/24)...
2025-11-02 05:11:09,713 - BlankSpaceAnalyzer - INFO - -> Analyzing version 0.2.2 (15/24)...
2025-11-02 05:11:09,812 - BlankSpaceAnalyzer - INFO - -> Analyzing version 0.2.3 (16/24)...
2025-11-02 05:11:09,907 - BlankSpaceAnalyzer - INFO - -> Analyzing version 0.3.0 (17/24)...
2025-11-02 05:11:10,006 - BlankSpaceAnalyzer - INFO - -> Analyzing version 0.3.1 (18/24)...
2025-11-02 05:11:10,106 - BlankSpaceAnalyzer - INFO - -> Analyzing version 0.3.2 (19/24)...
2025-11-02 05:11:10,206 - BlankSpaceAnalyzer - INFO - -> Analyzing version 0.4.0 (20/24)...
2025-11-02 05:11:10,300 - BlankSpaceAnalyzer - INFO - -> Analyzing version 0.4.2 (21/24)...
2025-11-02 05:11:10,392 - BlankSpaceAnalyzer - INFO - -> Analyzing version 0.4.3 (22/24)...
2025-11-02 05:11:10,484 - BlankSpaceAnalyzer - INFO - -> Analyzing version 0.4.4 (23/24)...
2025-11-02 05:11:10,559 - BlankSpaceAnalyzer - ERROR - Error while analyzing file temp/recharts-scale/0.4.4/umd/RechartsScale.min.js: [Errno 21] Is a directory: 'temp/recharts-scale/0.4.4/umd/RechartsScale.min.js'
2025-11-02 05:11:10,559 - BlankSpaceAnalyzer - ERROR - Error while analyzing file temp/recharts-scale/0.4.4/umd/RechartsScale.js: [Errno 21] Is a directory: 'temp/recharts-scale/0.4.4/umd/RechartsScale.js'
2025-11-02 05:11:10,576 - BlankSpaceAnalyzer - INFO - -> Analyzing version 0.4.5 (24/24)...
2025-11-02 05:11:10,669 - BlankSpaceAnalyzer - INFO - Exporting results for 'recharts-scale' to CSV...
2025-11-02 05:11:10,689 - BlankSpaceAnalyzer - INFO - Reports saved in: /app/npm_results/recharts-scale
2025-11-02 05:11:10,690 - NPM_Analyzer - INFO - Cleaning temporary folder 'temp/recharts-scale'...
2025-11-02 05:11:10,700 - NPM_Analyzer - INFO - Cleanup completed.
