2025-10-24 13:25:46,898 - NPM_Analyzer - INFO - Fetching metadata for '@babel/eslint-parser'...
2025-10-24 13:25:46,995 - NPM_Analyzer - INFO - Found 90 versions. Starting download into 'temp/@babel_eslint-parser'...
2025-10-24 13:27:08,506 - BlankSpaceAnalyzer - INFO - Analyzing 90 versions for '*.js' in '@babel_eslint-parser'.
2025-10-24 13:27:08,507 - BlankSpaceAnalyzer - INFO - -> Analyzing version 7.11.0 (1/90)...
2025-10-24 13:27:08,588 - BlankSpaceAnalyzer - INFO - -> Analyzing version 7.11.3 (2/90)...
2025-10-24 13:27:08,641 - BlankSpaceAnalyzer - INFO - -> Analyzing version 7.11.4 (3/90)...
2025-10-24 13:27:08,696 - BlankSpaceAnalyzer - INFO - -> Analyzing version 7.11.5 (4/90)...
2025-10-24 13:27:08,756 - BlankSpaceAnalyzer - INFO - -> Analyzing version 7.12.1 (5/90)...
2025-10-24 13:27:08,814 - BlankSpaceAnalyzer - INFO - -> Analyzing version 7.12.13 (6/90)...
2025-10-24 13:27:08,873 - BlankSpaceAnalyzer - INFO - -> Analyzing version 7.12.16 (7/90)...
2025-10-24 13:27:08,932 - BlankSpaceAnalyzer - INFO - -> Analyzing version 7.12.17 (8/90)...
2025-10-24 13:27:08,990 - BlankSpaceAnalyzer - INFO - -> Analyzing version 7.13.0 (9/90)...
2025-10-24 13:27:09,045 - BlankSpaceAnalyzer - INFO - -> Analyzing version 7.13.10 (10/90)...
2025-10-24 13:27:09,101 - BlankSpaceAnalyzer - INFO - -> Analyzing version 7.13.14 (11/90)...
2025-10-24 13:27:09,160 - BlankSpaceAnalyzer - INFO - -> Analyzing version 7.13.4 (12/90)...
2025-10-24 13:27:09,220 - BlankSpaceAnalyzer - INFO - -> Analyzing version 7.13.8 (13/90)...
2025-10-24 13:27:09,279 - BlankSpaceAnalyzer - INFO - -> Analyzing version 7.14.2 (14/90)...
2025-10-24 13:27:09,339 - BlankSpaceAnalyzer - INFO - -> Analyzing version 7.14.3 (15/90)...
2025-10-24 13:27:09,339 - BlankSpaceAnalyzer - INFO - -> Analyzing version 7.14.4 (16/90)...
2025-10-24 13:27:09,339 - BlankSpaceAnalyzer - INFO - -> Analyzing version 7.14.5 (17/90)...
2025-10-24 13:27:09,339 - BlankSpaceAnalyzer - INFO - -> Analyzing version 7.14.7 (18/90)...
2025-10-24 13:27:09,340 - BlankSpaceAnalyzer - INFO - -> Analyzing version 7.14.9 (19/90)...
2025-10-24 13:27:09,340 - BlankSpaceAnalyzer - INFO - -> Analyzing version 7.15.0 (20/90)...
2025-10-24 13:27:09,340 - BlankSpaceAnalyzer - INFO - -> Analyzing version 7.15.4 (21/90)...
2025-10-24 13:27:09,340 - BlankSpaceAnalyzer - INFO - -> Analyzing version 7.15.7 (22/90)...
2025-10-24 13:27:09,341 - BlankSpaceAnalyzer - INFO - -> Analyzing version 7.15.8 (23/90)...
2025-10-24 13:27:09,341 - BlankSpaceAnalyzer - INFO - -> Analyzing version 7.16.0 (24/90)...
2025-10-24 13:27:09,341 - BlankSpaceAnalyzer - INFO - -> Analyzing version 7.16.3 (25/90)...
2025-10-24 13:27:09,342 - BlankSpaceAnalyzer - INFO - -> Analyzing version 7.16.5 (26/90)...
2025-10-24 13:27:09,342 - BlankSpaceAnalyzer - INFO - -> Analyzing version 7.17.0 (27/90)...
2025-10-24 13:27:09,342 - BlankSpaceAnalyzer - INFO - -> Analyzing version 7.18.2 (28/90)...
2025-10-24 13:27:09,342 - BlankSpaceAnalyzer - INFO - -> Analyzing version 7.18.9 (29/90)...
2025-10-24 13:27:09,343 - BlankSpaceAnalyzer - INFO - -> Analyzing version 7.19.1 (30/90)...
2025-10-24 13:27:09,343 - BlankSpaceAnalyzer - INFO - -> Analyzing version 7.21.3 (31/90)...
2025-10-24 13:27:09,343 - BlankSpaceAnalyzer - INFO - -> Analyzing version 7.21.4-esm (32/90)...
2025-10-24 13:27:09,344 - BlankSpaceAnalyzer - INFO - -> Analyzing version 7.21.4-esm.1 (33/90)...
2025-10-24 13:27:09,344 - BlankSpaceAnalyzer - INFO - -> Analyzing version 7.21.4-esm.2 (34/90)...
2025-10-24 13:27:09,344 - BlankSpaceAnalyzer - INFO - -> Analyzing version 7.21.4-esm.3 (35/90)...
2025-10-24 13:27:09,344 - BlankSpaceAnalyzer - INFO - -> Analyzing version 7.21.4-esm.4 (36/90)...
2025-10-24 13:27:09,345 - BlankSpaceAnalyzer - INFO - -> Analyzing version 7.21.8 (37/90)...
2025-10-24 13:27:09,345 - BlankSpaceAnalyzer - INFO - -> Analyzing version 7.22.10 (38/90)...
2025-10-24 13:27:09,345 - BlankSpaceAnalyzer - INFO - -> Analyzing version 7.22.11 (39/90)...
2025-10-24 13:27:09,346 - BlankSpaceAnalyzer - INFO - -> Analyzing version 7.22.15 (40/90)...
2025-10-24 13:27:09,346 - BlankSpaceAnalyzer - INFO - -> Analyzing version 7.22.5 (41/90)...
2025-10-24 13:27:09,346 - BlankSpaceAnalyzer - INFO - -> Analyzing version 7.22.6 (42/90)...
2025-10-24 13:27:09,347 - BlankSpaceAnalyzer - INFO - -> Analyzing version 7.22.7 (43/90)...
2025-10-24 13:27:09,347 - BlankSpaceAnalyzer - INFO - -> Analyzing version 7.22.9 (44/90)...
2025-10-24 13:27:09,347 - BlankSpaceAnalyzer - INFO - -> Analyzing version 7.23.10 (45/90)...
2025-10-24 13:27:09,348 - BlankSpaceAnalyzer - INFO - -> Analyzing version 7.23.3 (46/90)...
2025-10-24 13:27:09,348 - BlankSpaceAnalyzer - INFO - -> Analyzing version 7.23.9 (47/90)...
2025-10-24 13:27:09,348 - BlankSpaceAnalyzer - INFO - -> Analyzing version 7.24.1 (48/90)...
2025-10-24 13:27:09,348 - BlankSpaceAnalyzer - INFO - -> Analyzing version 7.24.5 (49/90)...
2025-10-24 13:27:09,349 - BlankSpaceAnalyzer - INFO - -> Analyzing version 7.24.5-pre.1 (50/90)...
2025-10-24 13:27:09,349 - BlankSpaceAnalyzer - INFO - -> Analyzing version 7.24.5-pre.2 (51/90)...
2025-10-24 13:27:09,349 - BlankSpaceAnalyzer - INFO - -> Analyzing version 7.24.6 (52/90)...
2025-10-24 13:27:09,350 - BlankSpaceAnalyzer - INFO - -> Analyzing version 7.24.7 (53/90)...
2025-10-24 13:27:09,350 - BlankSpaceAnalyzer - INFO - -> Analyzing version 7.24.8 (54/90)...
2025-10-24 13:27:09,350 - BlankSpaceAnalyzer - INFO - -> Analyzing version 7.25.0 (55/90)...
2025-10-24 13:27:09,351 - BlankSpaceAnalyzer - INFO - -> Analyzing version 7.25.1 (56/90)...
2025-10-24 13:27:09,351 - BlankSpaceAnalyzer - INFO - -> Analyzing version 7.25.7 (57/90)...
2025-10-24 13:27:09,351 - BlankSpaceAnalyzer - INFO - -> Analyzing version 7.25.8 (58/90)...
2025-10-24 13:27:09,351 - BlankSpaceAnalyzer - INFO - -> Analyzing version 7.25.9 (59/90)...
2025-10-24 13:27:09,352 - BlankSpaceAnalyzer - INFO - -> Analyzing version 7.26.10 (60/90)...
2025-10-24 13:27:09,352 - BlankSpaceAnalyzer - INFO - -> Analyzing version 7.26.5 (61/90)...
2025-10-24 13:27:09,352 - BlankSpaceAnalyzer - INFO - -> Analyzing version 7.26.8 (62/90)...
2025-10-24 13:27:09,353 - BlankSpaceAnalyzer - INFO - -> Analyzing version 7.27.0 (63/90)...
2025-10-24 13:27:09,353 - BlankSpaceAnalyzer - INFO - -> Analyzing version 7.27.1 (64/90)...
2025-10-24 13:27:09,353 - BlankSpaceAnalyzer - INFO - -> Analyzing version 7.27.5 (65/90)...
2025-10-24 13:27:09,354 - BlankSpaceAnalyzer - INFO - -> Analyzing version 7.28.0 (66/90)...
2025-10-24 13:27:09,354 - BlankSpaceAnalyzer - INFO - -> Analyzing version 7.28.4 (67/90)...
2025-10-24 13:27:09,354 - BlankSpaceAnalyzer - INFO - -> Analyzing version 7.28.5 (68/90)...
2025-10-24 13:27:09,354 - BlankSpaceAnalyzer - INFO - -> Analyzing version 8.0.0-alpha.0 (69/90)...
2025-10-24 13:27:09,355 - BlankSpaceAnalyzer - INFO - -> Analyzing version 8.0.0-alpha.1 (70/90)...
2025-10-24 13:27:09,355 - BlankSpaceAnalyzer - INFO - -> Analyzing version 8.0.0-alpha.10 (71/90)...
2025-10-24 13:27:09,355 - BlankSpaceAnalyzer - INFO - -> Analyzing version 8.0.0-alpha.11 (72/90)...
2025-10-24 13:27:09,356 - BlankSpaceAnalyzer - INFO - -> Analyzing version 8.0.0-alpha.12 (73/90)...
2025-10-24 13:27:09,356 - BlankSpaceAnalyzer - INFO - -> Analyzing version 8.0.0-alpha.13 (74/90)...
2025-10-24 13:27:09,356 - BlankSpaceAnalyzer - INFO - -> Analyzing version 8.0.0-alpha.14 (75/90)...
2025-10-24 13:27:09,357 - BlankSpaceAnalyzer - INFO - -> Analyzing version 8.0.0-alpha.15 (76/90)...
2025-10-24 13:27:09,357 - BlankSpaceAnalyzer - INFO - -> Analyzing version 8.0.0-alpha.16 (77/90)...
2025-10-24 13:27:09,357 - BlankSpaceAnalyzer - INFO - -> Analyzing version 8.0.0-alpha.17 (78/90)...
2025-10-24 13:27:09,358 - BlankSpaceAnalyzer - INFO - -> Analyzing version 8.0.0-alpha.2 (79/90)...
2025-10-24 13:27:09,358 - BlankSpaceAnalyzer - INFO - -> Analyzing version 8.0.0-alpha.3 (80/90)...
2025-10-24 13:27:09,358 - BlankSpaceAnalyzer - INFO - -> Analyzing version 8.0.0-alpha.4 (81/90)...
2025-10-24 13:27:09,358 - BlankSpaceAnalyzer - INFO - -> Analyzing version 8.0.0-alpha.5 (82/90)...
2025-10-24 13:27:09,359 - BlankSpaceAnalyzer - INFO - -> Analyzing version 8.0.0-alpha.6 (83/90)...
2025-10-24 13:27:09,359 - BlankSpaceAnalyzer - INFO - -> Analyzing version 8.0.0-alpha.7 (84/90)...
2025-10-24 13:27:09,359 - BlankSpaceAnalyzer - INFO - -> Analyzing version 8.0.0-alpha.8 (85/90)...
2025-10-24 13:27:09,360 - BlankSpaceAnalyzer - INFO - -> Analyzing version 8.0.0-alpha.9 (86/90)...
2025-10-24 13:27:09,360 - BlankSpaceAnalyzer - INFO - -> Analyzing version 8.0.0-beta.0 (87/90)...
2025-10-24 13:27:09,360 - BlankSpaceAnalyzer - INFO - -> Analyzing version 8.0.0-beta.1 (88/90)...
2025-10-24 13:27:09,361 - BlankSpaceAnalyzer - INFO - -> Analyzing version 8.0.0-beta.2 (89/90)...
2025-10-24 13:27:09,361 - BlankSpaceAnalyzer - INFO - -> Analyzing version 8.0.0-beta.3 (90/90)...
2025-10-24 13:27:09,363 - BlankSpaceAnalyzer - INFO - Exporting results for '@babel/eslint-parser' to CSV...
2025-10-24 13:27:09,444 - BlankSpaceAnalyzer - INFO - Reports saved in: /app/npm_results/@babel_eslint-parser
2025-10-24 13:27:09,444 - NPM_Analyzer - INFO - Cleaning temporary folder 'temp/@babel_eslint-parser'...
2025-10-24 13:27:09,499 - NPM_Analyzer - INFO - Cleanup completed.
