2025-10-25 10:18:52,119 - NPM_Analyzer - INFO - Fetching metadata for 'eslint-plugin-node'...
2025-10-25 10:18:52,284 - NPM_Analyzer - INFO - Found 60 versions. Starting download into 'temp/eslint-plugin-node'...
2025-10-25 10:19:11,069 - BlankSpaceAnalyzer - INFO - Analyzing 60 versions for '*.js' in 'eslint-plugin-node'.
2025-10-25 10:19:11,070 - BlankSpaceAnalyzer - INFO - -> Analyzing version 0.0.0 (1/60)...
2025-10-25 10:19:11,070 - BlankSpaceAnalyzer - INFO - -> Analyzing version 0.1.0 (2/60)...
2025-10-25 10:19:11,154 - BlankSpaceAnalyzer - INFO - -> Analyzing version 0.2.0 (3/60)...
2025-10-25 10:19:11,209 - BlankSpaceAnalyzer - INFO - -> Analyzing version 0.2.1 (4/60)...
2025-10-25 10:19:11,268 - BlankSpaceAnalyzer - INFO - -> Analyzing version 0.3.0 (5/60)...
2025-10-25 10:19:11,330 - BlankSpaceAnalyzer - INFO - -> Analyzing version 0.4.0 (6/60)...
2025-10-25 10:19:11,392 - BlankSpaceAnalyzer - INFO - -> Analyzing version 0.4.1 (7/60)...
2025-10-25 10:19:11,454 - BlankSpaceAnalyzer - INFO - -> Analyzing version 0.5.0 (8/60)...
2025-10-25 10:19:11,516 - BlankSpaceAnalyzer - INFO - -> Analyzing version 0.5.1 (9/60)...
2025-10-25 10:19:11,578 - BlankSpaceAnalyzer - INFO - -> Analyzing version 0.6.0 (10/60)...
2025-10-25 10:19:11,641 - BlankSpaceAnalyzer - INFO - -> Analyzing version 0.6.1 (11/60)...
2025-10-25 10:19:11,703 - BlankSpaceAnalyzer - INFO - -> Analyzing version 0.6.2 (12/60)...
2025-10-25 10:19:11,765 - BlankSpaceAnalyzer - INFO - -> Analyzing version 1.0.0 (13/60)...
2025-10-25 10:19:11,828 - BlankSpaceAnalyzer - INFO - -> Analyzing version 1.1.0 (14/60)...
2025-10-25 10:19:11,890 - BlankSpaceAnalyzer - INFO - -> Analyzing version 1.2.0 (15/60)...
2025-10-25 10:19:11,953 - BlankSpaceAnalyzer - INFO - -> Analyzing version 1.2.1 (16/60)...
2025-10-25 10:19:12,015 - BlankSpaceAnalyzer - INFO - -> Analyzing version 1.2.2 (17/60)...
2025-10-25 10:19:12,079 - BlankSpaceAnalyzer - INFO - -> Analyzing version 1.3.0 (18/60)...
2025-10-25 10:19:12,141 - BlankSpaceAnalyzer - INFO - -> Analyzing version 1.4.0 (19/60)...
2025-10-25 10:19:12,204 - BlankSpaceAnalyzer - INFO - -> Analyzing version 1.5.0 (20/60)...
2025-10-25 10:19:12,267 - BlankSpaceAnalyzer - INFO - -> Analyzing version 1.5.1 (21/60)...
2025-10-25 10:19:12,329 - BlankSpaceAnalyzer - INFO - -> Analyzing version 1.5.2 (22/60)...
2025-10-25 10:19:12,392 - BlankSpaceAnalyzer - INFO - -> Analyzing version 10.0.0 (23/60)...
2025-10-25 10:19:12,458 - BlankSpaceAnalyzer - INFO - -> Analyzing version 11.0.0 (24/60)...
2025-10-25 10:19:12,521 - BlankSpaceAnalyzer - INFO - -> Analyzing version 11.1.0 (25/60)...
2025-10-25 10:19:12,585 - BlankSpaceAnalyzer - INFO - -> Analyzing version 2.0.0 (26/60)...
2025-10-25 10:19:12,648 - BlankSpaceAnalyzer - INFO - -> Analyzing version 2.1.0 (27/60)...
2025-10-25 10:19:12,713 - BlankSpaceAnalyzer - INFO - -> Analyzing version 2.1.1 (28/60)...
2025-10-25 10:19:12,775 - BlankSpaceAnalyzer - INFO - -> Analyzing version 2.1.2 (29/60)...
2025-10-25 10:19:12,837 - BlankSpaceAnalyzer - INFO - -> Analyzing version 2.1.3 (30/60)...
2025-10-25 10:19:12,899 - BlankSpaceAnalyzer - INFO - -> Analyzing version 2.1.4 (31/60)...
2025-10-25 10:19:12,962 - BlankSpaceAnalyzer - INFO - -> Analyzing version 3.0.0 (32/60)...
2025-10-25 10:19:13,025 - BlankSpaceAnalyzer - INFO - -> Analyzing version 3.0.1 (33/60)...
2025-10-25 10:19:13,088 - BlankSpaceAnalyzer - INFO - -> Analyzing version 3.0.2 (34/60)...
2025-10-25 10:19:13,150 - BlankSpaceAnalyzer - INFO - -> Analyzing version 3.0.3 (35/60)...
2025-10-25 10:19:13,213 - BlankSpaceAnalyzer - INFO - -> Analyzing version 3.0.4 (36/60)...
2025-10-25 10:19:13,276 - BlankSpaceAnalyzer - INFO - -> Analyzing version 3.0.5 (37/60)...
2025-10-25 10:19:13,339 - BlankSpaceAnalyzer - INFO - -> Analyzing version 4.0.0 (38/60)...
2025-10-25 10:19:13,401 - BlankSpaceAnalyzer - INFO - -> Analyzing version 4.0.1 (39/60)...
2025-10-25 10:19:13,464 - BlankSpaceAnalyzer - INFO - -> Analyzing version 4.1.0 (40/60)...
2025-10-25 10:19:13,526 - BlankSpaceAnalyzer - INFO - -> Analyzing version 4.2.0 (41/60)...
2025-10-25 10:19:13,589 - BlankSpaceAnalyzer - INFO - -> Analyzing version 4.2.1 (42/60)...
2025-10-25 10:19:13,652 - BlankSpaceAnalyzer - INFO - -> Analyzing version 4.2.2 (43/60)...
2025-10-25 10:19:13,714 - BlankSpaceAnalyzer - INFO - -> Analyzing version 4.2.3 (44/60)...
2025-10-25 10:19:13,776 - BlankSpaceAnalyzer - INFO - -> Analyzing version 5.0.0 (45/60)...
2025-10-25 10:19:13,839 - BlankSpaceAnalyzer - INFO - -> Analyzing version 5.1.0 (46/60)...
2025-10-25 10:19:13,904 - BlankSpaceAnalyzer - INFO - -> Analyzing version 5.1.1 (47/60)...
2025-10-25 10:19:13,964 - BlankSpaceAnalyzer - INFO - -> Analyzing version 5.2.0 (48/60)...
2025-10-25 10:19:14,024 - BlankSpaceAnalyzer - INFO - -> Analyzing version 5.2.1 (49/60)...
2025-10-25 10:19:14,087 - BlankSpaceAnalyzer - INFO - -> Analyzing version 6.0.0 (50/60)...
2025-10-25 10:19:14,151 - BlankSpaceAnalyzer - INFO - -> Analyzing version 6.0.1 (51/60)...
2025-10-25 10:19:14,214 - BlankSpaceAnalyzer - INFO - -> Analyzing version 7.0.0 (52/60)...
2025-10-25 10:19:14,277 - BlankSpaceAnalyzer - INFO - -> Analyzing version 7.0.0-beta.0 (53/60)...
2025-10-25 10:19:14,342 - BlankSpaceAnalyzer - INFO - -> Analyzing version 7.0.1 (54/60)...
2025-10-25 10:19:14,405 - BlankSpaceAnalyzer - INFO - -> Analyzing version 8.0.0 (55/60)...
2025-10-25 10:19:14,469 - BlankSpaceAnalyzer - INFO - -> Analyzing version 8.0.1 (56/60)...
2025-10-25 10:19:14,537 - BlankSpaceAnalyzer - INFO - -> Analyzing version 9.0.0 (57/60)...
2025-10-25 10:19:14,600 - BlankSpaceAnalyzer - INFO - -> Analyzing version 9.0.1 (58/60)...
2025-10-25 10:19:14,664 - BlankSpaceAnalyzer - INFO - -> Analyzing version 9.1.0 (59/60)...
2025-10-25 10:19:14,728 - BlankSpaceAnalyzer - INFO - -> Analyzing version 9.2.0 (60/60)...
2025-10-25 10:19:14,792 - BlankSpaceAnalyzer - INFO - Exporting results for 'eslint-plugin-node' to CSV...
2025-10-25 10:19:14,863 - BlankSpaceAnalyzer - INFO - Reports saved in: /app/npm_results/eslint-plugin-node
2025-10-25 10:19:14,863 - NPM_Analyzer - INFO - Cleaning temporary folder 'temp/eslint-plugin-node'...
2025-10-25 10:19:14,904 - NPM_Analyzer - INFO - Cleanup completed.
