2025-11-02 03:24:14,813 - NPM_Analyzer - INFO - Fetching metadata for '@jsonjoy.com/json-pack'...
2025-11-02 03:24:15,044 - NPM_Analyzer - INFO - Found 36 versions. Starting download into 'temp/@jsonjoy.com_json-pack'...
2025-11-02 03:24:52,994 - BlankSpaceAnalyzer - INFO - Analyzing 36 versions for '*.js' in '@jsonjoy.com_json-pack'.
2025-11-02 03:24:52,994 - BlankSpaceAnalyzer - INFO - -> Analyzing version 0.0.1 (1/36)...
2025-11-02 03:24:52,995 - BlankSpaceAnalyzer - INFO - -> Analyzing version 1.0.0 (2/36)...
2025-11-02 03:24:53,120 - BlankSpaceAnalyzer - INFO - -> Analyzing version 1.0.1 (3/36)...
2025-11-02 03:24:53,218 - BlankSpaceAnalyzer - INFO - -> Analyzing version 1.0.2 (4/36)...
2025-11-02 03:24:53,322 - BlankSpaceAnalyzer - INFO - -> Analyzing version 1.0.3 (5/36)...
2025-11-02 03:24:53,417 - BlankSpaceAnalyzer - INFO - -> Analyzing version 1.0.4 (6/36)...
2025-11-02 03:24:53,520 - BlankSpaceAnalyzer - INFO - -> Analyzing version 1.1.0 (7/36)...
2025-11-02 03:24:53,614 - BlankSpaceAnalyzer - INFO - -> Analyzing version 1.1.1 (8/36)...
2025-11-02 03:24:53,718 - BlankSpaceAnalyzer - INFO - -> Analyzing version 1.10.0 (9/36)...
2025-11-02 03:24:53,812 - BlankSpaceAnalyzer - INFO - -> Analyzing version 1.10.1 (10/36)...
2025-11-02 03:24:53,915 - BlankSpaceAnalyzer - INFO - -> Analyzing version 1.11.0 (11/36)...
2025-11-02 03:24:54,010 - BlankSpaceAnalyzer - INFO - -> Analyzing version 1.12.0 (12/36)...
2025-11-02 03:24:54,105 - BlankSpaceAnalyzer - INFO - -> Analyzing version 1.13.0 (13/36)...
2025-11-02 03:24:54,201 - BlankSpaceAnalyzer - INFO - -> Analyzing version 1.14.0 (14/36)...
2025-11-02 03:24:54,297 - BlankSpaceAnalyzer - INFO - -> Analyzing version 1.15.0 (15/36)...
2025-11-02 03:24:54,400 - BlankSpaceAnalyzer - INFO - -> Analyzing version 1.16.0 (16/36)...
2025-11-02 03:24:54,504 - BlankSpaceAnalyzer - INFO - -> Analyzing version 1.17.0 (17/36)...
2025-11-02 03:24:54,601 - BlankSpaceAnalyzer - INFO - -> Analyzing version 1.18.0 (18/36)...
2025-11-02 03:24:54,699 - BlankSpaceAnalyzer - INFO - -> Analyzing version 1.19.0 (19/36)...
2025-11-02 03:24:54,803 - BlankSpaceAnalyzer - INFO - -> Analyzing version 1.2.0 (20/36)...
2025-11-02 03:24:54,897 - BlankSpaceAnalyzer - INFO - -> Analyzing version 1.20.0 (21/36)...
2025-11-02 03:24:55,002 - BlankSpaceAnalyzer - INFO - -> Analyzing version 1.21.0 (22/36)...
2025-11-02 03:24:55,102 - BlankSpaceAnalyzer - INFO - -> Analyzing version 1.3.0 (23/36)...
2025-11-02 03:24:55,197 - BlankSpaceAnalyzer - INFO - -> Analyzing version 1.4.0 (24/36)...
2025-11-02 03:24:55,299 - BlankSpaceAnalyzer - INFO - -> Analyzing version 1.5.0 (25/36)...
2025-11-02 03:24:55,399 - BlankSpaceAnalyzer - INFO - -> Analyzing version 1.6.0 (26/36)...
2025-11-02 03:24:55,493 - BlankSpaceAnalyzer - INFO - -> Analyzing version 1.7.0 (27/36)...
2025-11-02 03:24:55,597 - BlankSpaceAnalyzer - INFO - -> Analyzing version 1.8.0 (28/36)...
2025-11-02 03:24:55,694 - BlankSpaceAnalyzer - INFO - -> Analyzing version 1.9.0 (29/36)...
2025-11-02 03:24:55,790 - BlankSpaceAnalyzer - INFO - -> Analyzing version 1.9.1 (30/36)...
2025-11-02 03:24:55,893 - BlankSpaceAnalyzer - INFO - -> Analyzing version 17.59.0 (31/36)...
2025-11-02 03:24:55,991 - BlankSpaceAnalyzer - INFO - -> Analyzing version 17.60.0 (32/36)...
2025-11-02 03:24:56,088 - BlankSpaceAnalyzer - INFO - -> Analyzing version 17.61.0 (33/36)...
2025-11-02 03:24:56,186 - BlankSpaceAnalyzer - INFO - -> Analyzing version 17.61.1 (34/36)...
2025-11-02 03:24:56,290 - BlankSpaceAnalyzer - INFO - -> Analyzing version 17.62.0 (35/36)...
2025-11-02 03:24:56,389 - BlankSpaceAnalyzer - INFO - -> Analyzing version 17.63.0 (36/36)...
2025-11-02 03:24:56,497 - BlankSpaceAnalyzer - INFO - Exporting results for '@jsonjoy.com/json-pack' to CSV...
2025-11-02 03:24:56,558 - BlankSpaceAnalyzer - INFO - Reports saved in: /app/npm_results/@jsonjoy.com_json-pack
2025-11-02 03:24:56,558 - NPM_Analyzer - INFO - Cleaning temporary folder 'temp/@jsonjoy.com_json-pack'...
2025-11-02 03:24:56,721 - NPM_Analyzer - INFO - Cleanup completed.
