2025-11-16 02:18:03,712 - NPM_HUT_Analyzer - INFO - Recupero metadata per 'cypress'...
2025-11-16 02:18:03,867 - NPM_HUT_Analyzer - INFO - Trovate 267 versioni. Inizio download in 'temp_hut/cypress'...
2025-11-16 02:20:52,294 - UnicodeAnalyzer - INFO - Analizzando 267 versioni per '*.js' in 'cypress'.
2025-11-16 02:20:52,294 - UnicodeAnalyzer - INFO - -> Analizzando versione 0.0.1 (1/267)...
2025-11-16 02:20:52,294 - UnicodeAnalyzer - INFO - -> Analizzando versione 0.1.0 (2/267)...
2025-11-16 02:20:52,295 - UnicodeAnalyzer - INFO - -> Analizzando versione 0.10.0 (3/267)...
2025-11-16 02:20:52,295 - UnicodeAnalyzer - INFO - -> Analizzando versione 0.10.1 (4/267)...
2025-11-16 02:20:52,295 - UnicodeAnalyzer - INFO - -> Analizzando versione 0.2.0 (5/267)...
2025-11-16 02:20:52,296 - UnicodeAnalyzer - INFO - -> Analizzando versione 0.20.0 (6/267)...
2025-11-16 02:20:52,348 - UnicodeAnalyzer - INFO - -> Analizzando versione 0.20.0-dev.20170620.121030 (7/267)...
2025-11-16 02:20:52,406 - UnicodeAnalyzer - INFO - -> Analizzando versione 0.20.0-dev.20170630.152549 (8/267)...
2025-11-16 02:20:52,464 - UnicodeAnalyzer - INFO - -> Analizzando versione 0.20.0-dev.20170705.151156 (9/267)...
2025-11-16 02:20:52,521 - UnicodeAnalyzer - INFO - -> Analizzando versione 0.20.0-dev.20170831.154819 (10/267)...
2025-11-16 02:20:52,580 - UnicodeAnalyzer - INFO - -> Analizzando versione 0.20.0-dev.20170901.10522 (11/267)...
2025-11-16 02:20:52,638 - UnicodeAnalyzer - INFO - -> Analizzando versione 0.20.0-dev.20170902.155600 (12/267)...
2025-11-16 02:20:52,696 - UnicodeAnalyzer - INFO - -> Analizzando versione 0.20.0-dev.20170905.13807 (13/267)...
2025-11-16 02:20:52,755 - UnicodeAnalyzer - INFO - -> Analizzando versione 0.20.0-dev.20170910.172358 (14/267)...
2025-11-16 02:20:52,814 - UnicodeAnalyzer - INFO - -> Analizzando versione 0.20.1 (15/267)...
2025-11-16 02:20:52,873 - UnicodeAnalyzer - INFO - -> Analizzando versione 0.20.1-dev.20170914.162644 (16/267)...
2025-11-16 02:20:52,933 - UnicodeAnalyzer - INFO - -> Analizzando versione 0.20.1-dev.20170916.192340 (17/267)...
2025-11-16 02:20:52,991 - UnicodeAnalyzer - INFO - -> Analizzando versione 0.20.2-dev.20170919.120653 (18/267)...
2025-11-16 02:20:53,050 - UnicodeAnalyzer - INFO - -> Analizzando versione 0.20.3 (19/267)...
2025-11-16 02:20:53,110 - UnicodeAnalyzer - INFO - -> Analizzando versione 0.3.0 (20/267)...
2025-11-16 02:20:53,111 - UnicodeAnalyzer - INFO - -> Analizzando versione 0.3.1 (21/267)...
2025-11-16 02:20:53,111 - UnicodeAnalyzer - INFO - -> Analizzando versione 0.4.0 (22/267)...
2025-11-16 02:20:53,112 - UnicodeAnalyzer - INFO - -> Analizzando versione 0.5.0 (23/267)...
2025-11-16 02:20:53,112 - UnicodeAnalyzer - INFO - -> Analizzando versione 0.5.1 (24/267)...
2025-11-16 02:20:53,112 - UnicodeAnalyzer - INFO - -> Analizzando versione 0.5.2 (25/267)...
2025-11-16 02:20:53,112 - UnicodeAnalyzer - INFO - -> Analizzando versione 0.6.0 (26/267)...
2025-11-16 02:20:53,113 - UnicodeAnalyzer - INFO - -> Analizzando versione 0.7.0 (27/267)...
2025-11-16 02:20:53,113 - UnicodeAnalyzer - INFO - -> Analizzando versione 0.7.1 (28/267)...
2025-11-16 02:20:53,113 - UnicodeAnalyzer - INFO - -> Analizzando versione 0.7.2 (29/267)...
2025-11-16 02:20:53,114 - UnicodeAnalyzer - INFO - -> Analizzando versione 0.7.3 (30/267)...
2025-11-16 02:20:53,114 - UnicodeAnalyzer - INFO - -> Analizzando versione 0.7.4 (31/267)...
2025-11-16 02:20:53,114 - UnicodeAnalyzer - INFO - -> Analizzando versione 0.7.5 (32/267)...
2025-11-16 02:20:53,115 - UnicodeAnalyzer - INFO - -> Analizzando versione 0.8.0 (33/267)...
2025-11-16 02:20:53,115 - UnicodeAnalyzer - INFO - -> Analizzando versione 0.8.1 (34/267)...
2025-11-16 02:20:53,115 - UnicodeAnalyzer - INFO - -> Analizzando versione 0.8.2 (35/267)...
2025-11-16 02:20:53,116 - UnicodeAnalyzer - INFO - -> Analizzando versione 0.9.0 (36/267)...
2025-11-16 02:20:53,116 - UnicodeAnalyzer - INFO - -> Analizzando versione 0.9.1 (37/267)...
2025-11-16 02:20:53,116 - UnicodeAnalyzer - INFO - -> Analizzando versione 1.0.0 (38/267)...
2025-11-16 02:20:53,177 - UnicodeAnalyzer - INFO - -> Analizzando versione 1.0.1 (39/267)...
2025-11-16 02:20:53,237 - UnicodeAnalyzer - INFO - -> Analizzando versione 1.0.2 (40/267)...
2025-11-16 02:20:53,295 - UnicodeAnalyzer - INFO - -> Analizzando versione 1.0.3 (41/267)...
2025-11-16 02:20:53,353 - UnicodeAnalyzer - INFO - -> Analizzando versione 1.1.0 (42/267)...
2025-11-16 02:20:53,413 - UnicodeAnalyzer - INFO - -> Analizzando versione 1.1.1 (43/267)...
2025-11-16 02:20:53,471 - UnicodeAnalyzer - INFO - -> Analizzando versione 1.1.2 (44/267)...
2025-11-16 02:20:53,530 - UnicodeAnalyzer - INFO - -> Analizzando versione 1.1.3 (45/267)...
2025-11-16 02:20:53,588 - UnicodeAnalyzer - INFO - -> Analizzando versione 1.1.4 (46/267)...
2025-11-16 02:20:53,647 - UnicodeAnalyzer - INFO - -> Analizzando versione 1.2.0 (47/267)...
2025-11-16 02:20:53,705 - UnicodeAnalyzer - INFO - -> Analizzando versione 1.3.0 (48/267)...
2025-11-16 02:20:53,764 - UnicodeAnalyzer - INFO - -> Analizzando versione 1.4.0 (49/267)...
2025-11-16 02:20:53,822 - UnicodeAnalyzer - INFO - -> Analizzando versione 1.4.1 (50/267)...
2025-11-16 02:20:53,883 - UnicodeAnalyzer - INFO - -> Analizzando versione 1.4.2 (51/267)...
2025-11-16 02:20:53,947 - UnicodeAnalyzer - INFO - -> Analizzando versione 10.0.0 (52/267)...
2025-11-16 02:20:53,950 - UnicodeAnalyzer - INFO - Filtrati 9 file (es. in /dist, /test).
2025-11-16 02:20:54,008 - UnicodeAnalyzer - INFO - -> Analizzando versione 10.0.1 (53/267)...
2025-11-16 02:20:54,011 - UnicodeAnalyzer - INFO - Filtrati 9 file (es. in /dist, /test).
2025-11-16 02:20:54,071 - UnicodeAnalyzer - INFO - -> Analizzando versione 10.0.2 (54/267)...
2025-11-16 02:20:54,074 - UnicodeAnalyzer - INFO - Filtrati 9 file (es. in /dist, /test).
2025-11-16 02:20:54,134 - UnicodeAnalyzer - INFO - -> Analizzando versione 10.0.3 (55/267)...
2025-11-16 02:20:54,137 - UnicodeAnalyzer - INFO - Filtrati 9 file (es. in /dist, /test).
2025-11-16 02:20:54,197 - UnicodeAnalyzer - INFO - -> Analizzando versione 10.1.0 (56/267)...
2025-11-16 02:20:54,200 - UnicodeAnalyzer - INFO - Filtrati 9 file (es. in /dist, /test).
2025-11-16 02:20:54,258 - UnicodeAnalyzer - INFO - -> Analizzando versione 10.10.0 (57/267)...
2025-11-16 02:20:54,262 - UnicodeAnalyzer - INFO - Filtrati 12 file (es. in /dist, /test).
2025-11-16 02:20:54,320 - UnicodeAnalyzer - INFO - -> Analizzando versione 10.11.0 (58/267)...
2025-11-16 02:20:54,324 - UnicodeAnalyzer - INFO - Filtrati 12 file (es. in /dist, /test).
2025-11-16 02:20:54,383 - UnicodeAnalyzer - INFO - -> Analizzando versione 10.2.0 (59/267)...
2025-11-16 02:20:54,386 - UnicodeAnalyzer - INFO - Filtrati 9 file (es. in /dist, /test).
2025-11-16 02:20:54,444 - UnicodeAnalyzer - INFO - -> Analizzando versione 10.3.0 (60/267)...
2025-11-16 02:20:54,448 - UnicodeAnalyzer - INFO - Filtrati 9 file (es. in /dist, /test).
2025-11-16 02:20:54,510 - UnicodeAnalyzer - INFO - -> Analizzando versione 10.3.1 (61/267)...
2025-11-16 02:20:54,514 - UnicodeAnalyzer - INFO - Filtrati 9 file (es. in /dist, /test).
2025-11-16 02:20:54,573 - UnicodeAnalyzer - INFO - -> Analizzando versione 10.4.0 (62/267)...
2025-11-16 02:20:54,576 - UnicodeAnalyzer - INFO - Filtrati 10 file (es. in /dist, /test).
2025-11-16 02:20:54,637 - UnicodeAnalyzer - INFO - -> Analizzando versione 10.5.0 (63/267)...
2025-11-16 02:20:54,640 - UnicodeAnalyzer - INFO - Filtrati 11 file (es. in /dist, /test).
2025-11-16 02:20:54,699 - UnicodeAnalyzer - INFO - -> Analizzando versione 10.6.0 (64/267)...
2025-11-16 02:20:54,702 - UnicodeAnalyzer - INFO - Filtrati 11 file (es. in /dist, /test).
2025-11-16 02:20:54,761 - UnicodeAnalyzer - INFO - -> Analizzando versione 10.7.0 (65/267)...
2025-11-16 02:20:54,764 - UnicodeAnalyzer - INFO - Filtrati 12 file (es. in /dist, /test).
2025-11-16 02:20:54,822 - UnicodeAnalyzer - INFO - -> Analizzando versione 10.8.0 (66/267)...
2025-11-16 02:20:54,826 - UnicodeAnalyzer - INFO - Filtrati 12 file (es. in /dist, /test).
2025-11-16 02:20:54,887 - UnicodeAnalyzer - INFO - -> Analizzando versione 10.9.0 (67/267)...
2025-11-16 02:20:54,890 - UnicodeAnalyzer - INFO - Filtrati 12 file (es. in /dist, /test).
2025-11-16 02:20:54,949 - UnicodeAnalyzer - INFO - -> Analizzando versione 11.0.0 (68/267)...
2025-11-16 02:20:54,952 - UnicodeAnalyzer - INFO - Filtrati 12 file (es. in /dist, /test).
2025-11-16 02:20:55,011 - UnicodeAnalyzer - INFO - -> Analizzando versione 11.0.1 (69/267)...
2025-11-16 02:20:55,014 - UnicodeAnalyzer - INFO - Filtrati 12 file (es. in /dist, /test).
2025-11-16 02:20:55,073 - UnicodeAnalyzer - INFO - -> Analizzando versione 11.1.0 (70/267)...
2025-11-16 02:20:55,076 - UnicodeAnalyzer - INFO - Filtrati 12 file (es. in /dist, /test).
2025-11-16 02:20:55,134 - UnicodeAnalyzer - INFO - -> Analizzando versione 11.2.0 (71/267)...
2025-11-16 02:20:55,137 - UnicodeAnalyzer - INFO - Filtrati 12 file (es. in /dist, /test).
2025-11-16 02:20:55,199 - UnicodeAnalyzer - INFO - -> Analizzando versione 12.0.0 (72/267)...
2025-11-16 02:20:55,202 - UnicodeAnalyzer - INFO - Filtrati 12 file (es. in /dist, /test).
2025-11-16 02:20:55,260 - UnicodeAnalyzer - INFO - -> Analizzando versione 12.0.1 (73/267)...
2025-11-16 02:20:55,264 - UnicodeAnalyzer - INFO - Filtrati 12 file (es. in /dist, /test).
2025-11-16 02:20:55,323 - UnicodeAnalyzer - INFO - -> Analizzando versione 12.0.2 (74/267)...
2025-11-16 02:20:55,326 - UnicodeAnalyzer - INFO - Filtrati 12 file (es. in /dist, /test).
2025-11-16 02:20:55,385 - UnicodeAnalyzer - INFO - -> Analizzando versione 12.1.0 (75/267)...
2025-11-16 02:20:55,388 - UnicodeAnalyzer - INFO - Filtrati 12 file (es. in /dist, /test).
2025-11-16 02:20:55,450 - UnicodeAnalyzer - INFO - -> Analizzando versione 12.10.0 (76/267)...
2025-11-16 02:20:55,453 - UnicodeAnalyzer - INFO - Filtrati 12 file (es. in /dist, /test).
2025-11-16 02:20:55,511 - UnicodeAnalyzer - INFO - -> Analizzando versione 12.11.0 (77/267)...
2025-11-16 02:20:55,515 - UnicodeAnalyzer - INFO - Filtrati 12 file (es. in /dist, /test).
2025-11-16 02:20:55,573 - UnicodeAnalyzer - INFO - -> Analizzando versione 12.12.0 (78/267)...
2025-11-16 02:20:55,576 - UnicodeAnalyzer - INFO - Filtrati 12 file (es. in /dist, /test).
2025-11-16 02:20:55,637 - UnicodeAnalyzer - INFO - -> Analizzando versione 12.13.0 (79/267)...
2025-11-16 02:20:55,640 - UnicodeAnalyzer - INFO - Filtrati 12 file (es. in /dist, /test).
2025-11-16 02:20:55,700 - UnicodeAnalyzer - INFO - -> Analizzando versione 12.14.0 (80/267)...
2025-11-16 02:20:55,703 - UnicodeAnalyzer - INFO - Filtrati 12 file (es. in /dist, /test).
2025-11-16 02:20:55,762 - UnicodeAnalyzer - INFO - -> Analizzando versione 12.15.0 (81/267)...
2025-11-16 02:20:55,765 - UnicodeAnalyzer - INFO - Filtrati 12 file (es. in /dist, /test).
2025-11-16 02:20:55,824 - UnicodeAnalyzer - INFO - -> Analizzando versione 12.16.0 (82/267)...
2025-11-16 02:20:55,827 - UnicodeAnalyzer - INFO - Filtrati 12 file (es. in /dist, /test).
2025-11-16 02:20:55,885 - UnicodeAnalyzer - INFO - -> Analizzando versione 12.17.0 (83/267)...
2025-11-16 02:20:55,888 - UnicodeAnalyzer - INFO - Filtrati 12 file (es. in /dist, /test).
2025-11-16 02:20:55,946 - UnicodeAnalyzer - INFO - -> Analizzando versione 12.17.1 (84/267)...
2025-11-16 02:20:55,950 - UnicodeAnalyzer - INFO - Filtrati 12 file (es. in /dist, /test).
2025-11-16 02:20:56,007 - UnicodeAnalyzer - INFO - -> Analizzando versione 12.17.2 (85/267)...
2025-11-16 02:20:56,010 - UnicodeAnalyzer - INFO - Filtrati 12 file (es. in /dist, /test).
2025-11-16 02:20:56,071 - UnicodeAnalyzer - INFO - -> Analizzando versione 12.17.3 (86/267)...
2025-11-16 02:20:56,074 - UnicodeAnalyzer - INFO - Filtrati 12 file (es. in /dist, /test).
2025-11-16 02:20:56,134 - UnicodeAnalyzer - INFO - -> Analizzando versione 12.17.4 (87/267)...
2025-11-16 02:20:56,138 - UnicodeAnalyzer - INFO - Filtrati 12 file (es. in /dist, /test).
2025-11-16 02:20:56,196 - UnicodeAnalyzer - INFO - -> Analizzando versione 12.2.0 (88/267)...
2025-11-16 02:20:56,199 - UnicodeAnalyzer - INFO - Filtrati 12 file (es. in /dist, /test).
2025-11-16 02:20:56,258 - UnicodeAnalyzer - INFO - -> Analizzando versione 12.3.0 (89/267)...
2025-11-16 02:20:56,261 - UnicodeAnalyzer - INFO - Filtrati 12 file (es. in /dist, /test).
2025-11-16 02:20:56,320 - UnicodeAnalyzer - INFO - -> Analizzando versione 12.4.0 (90/267)...
2025-11-16 02:20:56,323 - UnicodeAnalyzer - INFO - Filtrati 12 file (es. in /dist, /test).
2025-11-16 02:20:56,382 - UnicodeAnalyzer - INFO - -> Analizzando versione 12.4.1 (91/267)...
2025-11-16 02:20:56,385 - UnicodeAnalyzer - INFO - Filtrati 12 file (es. in /dist, /test).
2025-11-16 02:20:56,446 - UnicodeAnalyzer - INFO - -> Analizzando versione 12.5.0 (92/267)...
2025-11-16 02:20:56,449 - UnicodeAnalyzer - INFO - Filtrati 12 file (es. in /dist, /test).
2025-11-16 02:20:56,508 - UnicodeAnalyzer - INFO - -> Analizzando versione 12.5.1 (93/267)...
2025-11-16 02:20:56,511 - UnicodeAnalyzer - INFO - Filtrati 12 file (es. in /dist, /test).
2025-11-16 02:20:56,573 - UnicodeAnalyzer - INFO - -> Analizzando versione 12.6.0 (94/267)...
2025-11-16 02:20:56,576 - UnicodeAnalyzer - INFO - Filtrati 12 file (es. in /dist, /test).
2025-11-16 02:20:56,633 - UnicodeAnalyzer - INFO - -> Analizzando versione 12.7.0 (95/267)...
2025-11-16 02:20:56,636 - UnicodeAnalyzer - INFO - Filtrati 12 file (es. in /dist, /test).
2025-11-16 02:20:56,693 - UnicodeAnalyzer - INFO - -> Analizzando versione 12.8.0 (96/267)...
2025-11-16 02:20:56,697 - UnicodeAnalyzer - INFO - Filtrati 12 file (es. in /dist, /test).
2025-11-16 02:20:56,755 - UnicodeAnalyzer - INFO - -> Analizzando versione 12.8.1 (97/267)...
2025-11-16 02:20:56,758 - UnicodeAnalyzer - INFO - Filtrati 12 file (es. in /dist, /test).
2025-11-16 02:20:56,817 - UnicodeAnalyzer - INFO - -> Analizzando versione 12.9.0 (98/267)...
2025-11-16 02:20:56,820 - UnicodeAnalyzer - INFO - Filtrati 12 file (es. in /dist, /test).
2025-11-16 02:20:56,879 - UnicodeAnalyzer - INFO - -> Analizzando versione 13.0.0 (99/267)...
2025-11-16 02:20:56,882 - UnicodeAnalyzer - INFO - Filtrati 12 file (es. in /dist, /test).
2025-11-16 02:20:56,941 - UnicodeAnalyzer - INFO - -> Analizzando versione 13.1.0 (100/267)...
2025-11-16 02:20:56,944 - UnicodeAnalyzer - INFO - Filtrati 12 file (es. in /dist, /test).
2025-11-16 02:20:57,003 - UnicodeAnalyzer - INFO - -> Analizzando versione 13.10.0 (101/267)...
2025-11-16 02:20:57,007 - UnicodeAnalyzer - INFO - Filtrati 24 file (es. in /dist, /test).
2025-11-16 02:20:57,066 - UnicodeAnalyzer - INFO - -> Analizzando versione 13.11.0 (102/267)...
2025-11-16 02:20:57,070 - UnicodeAnalyzer - INFO - Filtrati 24 file (es. in /dist, /test).
2025-11-16 02:20:57,129 - UnicodeAnalyzer - INFO - -> Analizzando versione 13.12.0 (103/267)...
2025-11-16 02:20:57,133 - UnicodeAnalyzer - INFO - Filtrati 24 file (es. in /dist, /test).
2025-11-16 02:20:57,192 - UnicodeAnalyzer - INFO - -> Analizzando versione 13.13.0 (104/267)...
2025-11-16 02:20:57,196 - UnicodeAnalyzer - INFO - Filtrati 26 file (es. in /dist, /test).
2025-11-16 02:20:57,254 - UnicodeAnalyzer - INFO - -> Analizzando versione 13.13.1 (105/267)...
2025-11-16 02:20:57,258 - UnicodeAnalyzer - INFO - Filtrati 26 file (es. in /dist, /test).
2025-11-16 02:20:57,317 - UnicodeAnalyzer - INFO - -> Analizzando versione 13.13.2 (106/267)...
2025-11-16 02:20:57,321 - UnicodeAnalyzer - INFO - Filtrati 26 file (es. in /dist, /test).
2025-11-16 02:20:57,380 - UnicodeAnalyzer - INFO - -> Analizzando versione 13.13.3 (107/267)...
2025-11-16 02:20:57,385 - UnicodeAnalyzer - INFO - Filtrati 26 file (es. in /dist, /test).
2025-11-16 02:20:57,447 - UnicodeAnalyzer - INFO - -> Analizzando versione 13.14.0 (108/267)...
2025-11-16 02:20:57,451 - UnicodeAnalyzer - INFO - Filtrati 26 file (es. in /dist, /test).
2025-11-16 02:20:57,509 - UnicodeAnalyzer - INFO - -> Analizzando versione 13.14.1 (109/267)...
2025-11-16 02:20:57,513 - UnicodeAnalyzer - INFO - Filtrati 26 file (es. in /dist, /test).
2025-11-16 02:20:57,573 - UnicodeAnalyzer - INFO - -> Analizzando versione 13.14.2 (110/267)...
2025-11-16 02:20:57,577 - UnicodeAnalyzer - INFO - Filtrati 26 file (es. in /dist, /test).
2025-11-16 02:20:57,636 - UnicodeAnalyzer - INFO - -> Analizzando versione 13.15.0 (111/267)...
2025-11-16 02:20:57,640 - UnicodeAnalyzer - INFO - Filtrati 26 file (es. in /dist, /test).
2025-11-16 02:20:57,698 - UnicodeAnalyzer - INFO - -> Analizzando versione 13.15.1 (112/267)...
2025-11-16 02:20:57,702 - UnicodeAnalyzer - INFO - Filtrati 26 file (es. in /dist, /test).
2025-11-16 02:20:57,762 - UnicodeAnalyzer - INFO - -> Analizzando versione 13.15.2 (113/267)...
2025-11-16 02:20:57,766 - UnicodeAnalyzer - INFO - Filtrati 26 file (es. in /dist, /test).
2025-11-16 02:20:57,825 - UnicodeAnalyzer - INFO - -> Analizzando versione 13.16.0 (114/267)...
2025-11-16 02:20:57,829 - UnicodeAnalyzer - INFO - Filtrati 26 file (es. in /dist, /test).
2025-11-16 02:20:57,889 - UnicodeAnalyzer - INFO - -> Analizzando versione 13.16.1 (115/267)...
2025-11-16 02:20:57,893 - UnicodeAnalyzer - INFO - Filtrati 26 file (es. in /dist, /test).
2025-11-16 02:20:57,952 - UnicodeAnalyzer - INFO - -> Analizzando versione 13.17.0 (116/267)...
2025-11-16 02:20:57,956 - UnicodeAnalyzer - INFO - Filtrati 26 file (es. in /dist, /test).
2025-11-16 02:20:58,015 - UnicodeAnalyzer - INFO - -> Analizzando versione 13.2.0 (117/267)...
2025-11-16 02:20:58,018 - UnicodeAnalyzer - INFO - Filtrati 12 file (es. in /dist, /test).
2025-11-16 02:20:58,078 - UnicodeAnalyzer - INFO - -> Analizzando versione 13.3.0 (118/267)...
2025-11-16 02:20:58,081 - UnicodeAnalyzer - INFO - Filtrati 12 file (es. in /dist, /test).
2025-11-16 02:20:58,139 - UnicodeAnalyzer - INFO - -> Analizzando versione 13.3.1 (119/267)...
2025-11-16 02:20:58,143 - UnicodeAnalyzer - INFO - Filtrati 24 file (es. in /dist, /test).
2025-11-16 02:20:58,202 - UnicodeAnalyzer - INFO - -> Analizzando versione 13.3.2 (120/267)...
2025-11-16 02:20:58,205 - UnicodeAnalyzer - INFO - Filtrati 24 file (es. in /dist, /test).
2025-11-16 02:20:58,263 - UnicodeAnalyzer - INFO - -> Analizzando versione 13.3.3 (121/267)...
2025-11-16 02:20:58,267 - UnicodeAnalyzer - INFO - Filtrati 24 file (es. in /dist, /test).
2025-11-16 02:20:58,326 - UnicodeAnalyzer - INFO - -> Analizzando versione 13.4.0 (122/267)...
2025-11-16 02:20:58,330 - UnicodeAnalyzer - INFO - Filtrati 24 file (es. in /dist, /test).
2025-11-16 02:20:58,390 - UnicodeAnalyzer - INFO - -> Analizzando versione 13.5.0 (123/267)...
2025-11-16 02:20:58,394 - UnicodeAnalyzer - INFO - Filtrati 24 file (es. in /dist, /test).
2025-11-16 02:20:58,453 - UnicodeAnalyzer - INFO - -> Analizzando versione 13.5.1 (124/267)...
2025-11-16 02:20:58,457 - UnicodeAnalyzer - INFO - Filtrati 24 file (es. in /dist, /test).
2025-11-16 02:20:58,517 - UnicodeAnalyzer - INFO - -> Analizzando versione 13.6.0 (125/267)...
2025-11-16 02:20:58,521 - UnicodeAnalyzer - INFO - Filtrati 24 file (es. in /dist, /test).
2025-11-16 02:20:58,578 - UnicodeAnalyzer - INFO - -> Analizzando versione 13.6.1 (126/267)...
2025-11-16 02:20:58,582 - UnicodeAnalyzer - INFO - Filtrati 24 file (es. in /dist, /test).
2025-11-16 02:20:58,644 - UnicodeAnalyzer - INFO - -> Analizzando versione 13.6.2 (127/267)...
2025-11-16 02:20:58,648 - UnicodeAnalyzer - INFO - Filtrati 24 file (es. in /dist, /test).
2025-11-16 02:20:58,708 - UnicodeAnalyzer - INFO - -> Analizzando versione 13.6.3 (128/267)...
2025-11-16 02:20:58,712 - UnicodeAnalyzer - INFO - Filtrati 24 file (es. in /dist, /test).
2025-11-16 02:20:58,773 - UnicodeAnalyzer - INFO - -> Analizzando versione 13.6.4 (129/267)...
2025-11-16 02:20:58,777 - UnicodeAnalyzer - INFO - Filtrati 24 file (es. in /dist, /test).
2025-11-16 02:20:58,835 - UnicodeAnalyzer - INFO - -> Analizzando versione 13.6.5 (130/267)...
2025-11-16 02:20:58,839 - UnicodeAnalyzer - INFO - Filtrati 24 file (es. in /dist, /test).
2025-11-16 02:20:58,897 - UnicodeAnalyzer - INFO - -> Analizzando versione 13.6.6 (131/267)...
2025-11-16 02:20:58,901 - UnicodeAnalyzer - INFO - Filtrati 24 file (es. in /dist, /test).
2025-11-16 02:20:58,959 - UnicodeAnalyzer - INFO - -> Analizzando versione 13.7.0 (132/267)...
2025-11-16 02:20:58,963 - UnicodeAnalyzer - INFO - Filtrati 24 file (es. in /dist, /test).
2025-11-16 02:20:59,023 - UnicodeAnalyzer - INFO - -> Analizzando versione 13.7.1 (133/267)...
2025-11-16 02:20:59,027 - UnicodeAnalyzer - INFO - Filtrati 24 file (es. in /dist, /test).
2025-11-16 02:20:59,115 - UnicodeAnalyzer - INFO - -> Analizzando versione 13.7.2 (134/267)...
2025-11-16 02:20:59,119 - UnicodeAnalyzer - INFO - Filtrati 24 file (es. in /dist, /test).
2025-11-16 02:20:59,178 - UnicodeAnalyzer - INFO - -> Analizzando versione 13.7.3 (135/267)...
2025-11-16 02:20:59,182 - UnicodeAnalyzer - INFO - Filtrati 24 file (es. in /dist, /test).
2025-11-16 02:20:59,242 - UnicodeAnalyzer - INFO - -> Analizzando versione 13.8.0 (136/267)...
2025-11-16 02:20:59,246 - UnicodeAnalyzer - INFO - Filtrati 24 file (es. in /dist, /test).
2025-11-16 02:20:59,305 - UnicodeAnalyzer - INFO - -> Analizzando versione 13.8.1 (137/267)...
2025-11-16 02:20:59,309 - UnicodeAnalyzer - INFO - Filtrati 24 file (es. in /dist, /test).
2025-11-16 02:20:59,368 - UnicodeAnalyzer - INFO - -> Analizzando versione 13.9.0 (138/267)...
2025-11-16 02:20:59,372 - UnicodeAnalyzer - INFO - Filtrati 24 file (es. in /dist, /test).
2025-11-16 02:20:59,431 - UnicodeAnalyzer - INFO - -> Analizzando versione 14.0.0 (139/267)...
2025-11-16 02:20:59,435 - UnicodeAnalyzer - INFO - Filtrati 16 file (es. in /dist, /test).
2025-11-16 02:20:59,494 - UnicodeAnalyzer - INFO - -> Analizzando versione 14.0.1 (140/267)...
2025-11-16 02:20:59,497 - UnicodeAnalyzer - INFO - Filtrati 16 file (es. in /dist, /test).
2025-11-16 02:20:59,558 - UnicodeAnalyzer - INFO - -> Analizzando versione 14.0.2 (141/267)...
2025-11-16 02:20:59,562 - UnicodeAnalyzer - INFO - Filtrati 16 file (es. in /dist, /test).
2025-11-16 02:20:59,624 - UnicodeAnalyzer - INFO - -> Analizzando versione 14.0.3 (142/267)...
2025-11-16 02:20:59,627 - UnicodeAnalyzer - INFO - Filtrati 16 file (es. in /dist, /test).
2025-11-16 02:20:59,685 - UnicodeAnalyzer - INFO - -> Analizzando versione 14.1.0 (143/267)...
2025-11-16 02:20:59,688 - UnicodeAnalyzer - INFO - Filtrati 16 file (es. in /dist, /test).
2025-11-16 02:20:59,747 - UnicodeAnalyzer - INFO - -> Analizzando versione 14.2.0 (144/267)...
2025-11-16 02:20:59,751 - UnicodeAnalyzer - INFO - Filtrati 16 file (es. in /dist, /test).
2025-11-16 02:20:59,811 - UnicodeAnalyzer - INFO - -> Analizzando versione 14.2.1 (145/267)...
2025-11-16 02:20:59,814 - UnicodeAnalyzer - INFO - Filtrati 16 file (es. in /dist, /test).
2025-11-16 02:20:59,874 - UnicodeAnalyzer - INFO - -> Analizzando versione 14.3.0 (146/267)...
2025-11-16 02:20:59,877 - UnicodeAnalyzer - INFO - Filtrati 16 file (es. in /dist, /test).
2025-11-16 02:20:59,936 - UnicodeAnalyzer - INFO - -> Analizzando versione 14.3.1 (147/267)...
2025-11-16 02:20:59,940 - UnicodeAnalyzer - INFO - Filtrati 16 file (es. in /dist, /test).
2025-11-16 02:20:59,998 - UnicodeAnalyzer - INFO - -> Analizzando versione 14.3.2 (148/267)...
2025-11-16 02:21:00,002 - UnicodeAnalyzer - INFO - Filtrati 16 file (es. in /dist, /test).
2025-11-16 02:21:00,061 - UnicodeAnalyzer - INFO - -> Analizzando versione 14.3.3 (149/267)...
2025-11-16 02:21:00,065 - UnicodeAnalyzer - INFO - Filtrati 16 file (es. in /dist, /test).
2025-11-16 02:21:00,124 - UnicodeAnalyzer - INFO - -> Analizzando versione 14.4.0 (150/267)...
2025-11-16 02:21:00,128 - UnicodeAnalyzer - INFO - Filtrati 16 file (es. in /dist, /test).
2025-11-16 02:21:00,187 - UnicodeAnalyzer - INFO - -> Analizzando versione 14.4.1 (151/267)...
2025-11-16 02:21:00,190 - UnicodeAnalyzer - INFO - Filtrati 16 file (es. in /dist, /test).
2025-11-16 02:21:00,250 - UnicodeAnalyzer - INFO - -> Analizzando versione 14.5.0 (152/267)...
2025-11-16 02:21:00,253 - UnicodeAnalyzer - INFO - Filtrati 16 file (es. in /dist, /test).
2025-11-16 02:21:00,313 - UnicodeAnalyzer - INFO - -> Analizzando versione 14.5.1 (153/267)...
2025-11-16 02:21:00,317 - UnicodeAnalyzer - INFO - Filtrati 16 file (es. in /dist, /test).
2025-11-16 02:21:00,377 - UnicodeAnalyzer - INFO - -> Analizzando versione 14.5.2 (154/267)...
2025-11-16 02:21:00,381 - UnicodeAnalyzer - INFO - Filtrati 16 file (es. in /dist, /test).
2025-11-16 02:21:00,438 - UnicodeAnalyzer - INFO - -> Analizzando versione 14.5.3 (155/267)...
2025-11-16 02:21:00,442 - UnicodeAnalyzer - INFO - Filtrati 16 file (es. in /dist, /test).
2025-11-16 02:21:00,501 - UnicodeAnalyzer - INFO - -> Analizzando versione 14.5.4 (156/267)...
2025-11-16 02:21:00,504 - UnicodeAnalyzer - INFO - Filtrati 16 file (es. in /dist, /test).
2025-11-16 02:21:00,563 - UnicodeAnalyzer - INFO - -> Analizzando versione 15.0.0 (157/267)...
2025-11-16 02:21:00,567 - UnicodeAnalyzer - INFO - Filtrati 16 file (es. in /dist, /test).
2025-11-16 02:21:00,627 - UnicodeAnalyzer - INFO - -> Analizzando versione 15.1.0 (158/267)...
2025-11-16 02:21:00,630 - UnicodeAnalyzer - INFO - Filtrati 16 file (es. in /dist, /test).
2025-11-16 02:21:00,689 - UnicodeAnalyzer - INFO - -> Analizzando versione 15.2.0 (159/267)...
2025-11-16 02:21:00,693 - UnicodeAnalyzer - INFO - Filtrati 16 file (es. in /dist, /test).
2025-11-16 02:21:00,751 - UnicodeAnalyzer - INFO - -> Analizzando versione 15.3.0 (160/267)...
2025-11-16 02:21:00,754 - UnicodeAnalyzer - INFO - Filtrati 37 file (es. in /dist, /test).
2025-11-16 02:21:00,754 - UnicodeAnalyzer - INFO - -> Analizzando versione 15.4.0 (161/267)...
2025-11-16 02:21:00,758 - UnicodeAnalyzer - INFO - Filtrati 37 file (es. in /dist, /test).
2025-11-16 02:21:00,758 - UnicodeAnalyzer - INFO - -> Analizzando versione 15.5.0 (162/267)...
2025-11-16 02:21:00,761 - UnicodeAnalyzer - INFO - Filtrati 37 file (es. in /dist, /test).
2025-11-16 02:21:00,761 - UnicodeAnalyzer - INFO - -> Analizzando versione 15.6.0 (163/267)...
2025-11-16 02:21:00,764 - UnicodeAnalyzer - INFO - Filtrati 37 file (es. in /dist, /test).
2025-11-16 02:21:00,764 - UnicodeAnalyzer - INFO - -> Analizzando versione 2.0.0 (164/267)...
2025-11-16 02:21:00,823 - UnicodeAnalyzer - INFO - -> Analizzando versione 2.0.1 (165/267)...
2025-11-16 02:21:00,884 - UnicodeAnalyzer - INFO - -> Analizzando versione 2.0.2 (166/267)...
2025-11-16 02:21:00,942 - UnicodeAnalyzer - INFO - -> Analizzando versione 2.0.3 (167/267)...
2025-11-16 02:21:01,001 - UnicodeAnalyzer - INFO - -> Analizzando versione 2.0.4 (168/267)...
2025-11-16 02:21:01,062 - UnicodeAnalyzer - INFO - -> Analizzando versione 2.1.0 (169/267)...
2025-11-16 02:21:01,121 - UnicodeAnalyzer - INFO - -> Analizzando versione 3.0.0 (170/267)...
2025-11-16 02:21:01,185 - UnicodeAnalyzer - INFO - -> Analizzando versione 3.0.1 (171/267)...
2025-11-16 02:21:01,245 - UnicodeAnalyzer - INFO - -> Analizzando versione 3.0.2 (172/267)...
2025-11-16 02:21:01,304 - UnicodeAnalyzer - INFO - -> Analizzando versione 3.0.3 (173/267)...
2025-11-16 02:21:01,364 - UnicodeAnalyzer - INFO - -> Analizzando versione 3.1.0 (174/267)...
2025-11-16 02:21:01,423 - UnicodeAnalyzer - INFO - -> Analizzando versione 3.1.1 (175/267)...
2025-11-16 02:21:01,482 - UnicodeAnalyzer - INFO - -> Analizzando versione 3.1.2 (176/267)...
2025-11-16 02:21:01,541 - UnicodeAnalyzer - INFO - -> Analizzando versione 3.1.3 (177/267)...
2025-11-16 02:21:01,600 - UnicodeAnalyzer - INFO - -> Analizzando versione 3.1.4 (178/267)...
2025-11-16 02:21:01,659 - UnicodeAnalyzer - INFO - -> Analizzando versione 3.1.5 (179/267)...
2025-11-16 02:21:01,717 - UnicodeAnalyzer - INFO - -> Analizzando versione 3.2.0 (180/267)...
2025-11-16 02:21:01,777 - UnicodeAnalyzer - INFO - -> Analizzando versione 3.3.0 (181/267)...
2025-11-16 02:21:01,838 - UnicodeAnalyzer - INFO - -> Analizzando versione 3.3.1 (182/267)...
2025-11-16 02:21:01,898 - UnicodeAnalyzer - INFO - -> Analizzando versione 3.3.2 (183/267)...
2025-11-16 02:21:01,960 - UnicodeAnalyzer - INFO - -> Analizzando versione 3.4.0 (184/267)...
2025-11-16 02:21:02,020 - UnicodeAnalyzer - INFO - -> Analizzando versione 3.4.1 (185/267)...
2025-11-16 02:21:02,081 - UnicodeAnalyzer - INFO - -> Analizzando versione 3.5.0 (186/267)...
2025-11-16 02:21:02,140 - UnicodeAnalyzer - INFO - -> Analizzando versione 3.6.0 (187/267)...
2025-11-16 02:21:02,200 - UnicodeAnalyzer - INFO - -> Analizzando versione 3.6.1 (188/267)...
2025-11-16 02:21:02,260 - UnicodeAnalyzer - INFO - -> Analizzando versione 3.7.0 (189/267)...
2025-11-16 02:21:02,320 - UnicodeAnalyzer - INFO - -> Analizzando versione 3.8.0 (190/267)...
2025-11-16 02:21:02,381 - UnicodeAnalyzer - INFO - -> Analizzando versione 3.8.1 (191/267)...
2025-11-16 02:21:02,441 - UnicodeAnalyzer - INFO - -> Analizzando versione 3.8.2 (192/267)...
2025-11-16 02:21:02,502 - UnicodeAnalyzer - INFO - -> Analizzando versione 3.8.3 (193/267)...
2025-11-16 02:21:02,562 - UnicodeAnalyzer - INFO - -> Analizzando versione 4.0.0 (194/267)...
2025-11-16 02:21:02,624 - UnicodeAnalyzer - INFO - -> Analizzando versione 4.0.1 (195/267)...
2025-11-16 02:21:02,686 - UnicodeAnalyzer - INFO - -> Analizzando versione 4.0.2 (196/267)...
2025-11-16 02:21:02,752 - UnicodeAnalyzer - INFO - -> Analizzando versione 4.1.0 (197/267)...
2025-11-16 02:21:02,815 - UnicodeAnalyzer - INFO - -> Analizzando versione 4.10.0 (198/267)...
2025-11-16 02:21:02,876 - UnicodeAnalyzer - INFO - -> Analizzando versione 4.11.0 (199/267)...
2025-11-16 02:21:02,937 - UnicodeAnalyzer - INFO - -> Analizzando versione 4.12.0 (200/267)...
2025-11-16 02:21:02,998 - UnicodeAnalyzer - INFO - -> Analizzando versione 4.12.1 (201/267)...
2025-11-16 02:21:03,060 - UnicodeAnalyzer - INFO - -> Analizzando versione 4.2.0 (202/267)...
2025-11-16 02:21:03,122 - UnicodeAnalyzer - INFO - -> Analizzando versione 4.3.0 (203/267)...
2025-11-16 02:21:03,180 - UnicodeAnalyzer - INFO - -> Analizzando versione 4.4.0 (204/267)...
2025-11-16 02:21:03,240 - UnicodeAnalyzer - INFO - -> Analizzando versione 4.4.1 (205/267)...
2025-11-16 02:21:03,299 - UnicodeAnalyzer - INFO - -> Analizzando versione 4.5.0 (206/267)...
2025-11-16 02:21:03,358 - UnicodeAnalyzer - INFO - -> Analizzando versione 4.6.0 (207/267)...
2025-11-16 02:21:03,420 - UnicodeAnalyzer - INFO - -> Analizzando versione 4.7.0 (208/267)...
2025-11-16 02:21:03,484 - UnicodeAnalyzer - INFO - -> Analizzando versione 4.8.0 (209/267)...
2025-11-16 02:21:03,548 - UnicodeAnalyzer - INFO - -> Analizzando versione 4.9.0 (210/267)...
2025-11-16 02:21:03,611 - UnicodeAnalyzer - INFO - -> Analizzando versione 5.0.0 (211/267)...
2025-11-16 02:21:03,673 - UnicodeAnalyzer - INFO - -> Analizzando versione 5.1.0 (212/267)...
2025-11-16 02:21:03,734 - UnicodeAnalyzer - INFO - -> Analizzando versione 5.2.0 (213/267)...
2025-11-16 02:21:03,796 - UnicodeAnalyzer - INFO - -> Analizzando versione 5.3.0 (214/267)...
2025-11-16 02:21:03,858 - UnicodeAnalyzer - INFO - -> Analizzando versione 5.4.0 (215/267)...
2025-11-16 02:21:03,919 - UnicodeAnalyzer - INFO - -> Analizzando versione 5.5.0 (216/267)...
2025-11-16 02:21:03,981 - UnicodeAnalyzer - INFO - -> Analizzando versione 5.6.0 (217/267)...
2025-11-16 02:21:04,042 - UnicodeAnalyzer - INFO - -> Analizzando versione 6.0.0 (218/267)...
2025-11-16 02:21:04,104 - UnicodeAnalyzer - INFO - -> Analizzando versione 6.0.1 (219/267)...
2025-11-16 02:21:04,170 - UnicodeAnalyzer - INFO - -> Analizzando versione 6.1.0 (220/267)...
2025-11-16 02:21:04,240 - UnicodeAnalyzer - INFO - -> Analizzando versione 6.2.0 (221/267)...
2025-11-16 02:21:04,302 - UnicodeAnalyzer - INFO - -> Analizzando versione 6.2.1 (222/267)...
2025-11-16 02:21:04,364 - UnicodeAnalyzer - INFO - -> Analizzando versione 6.3.0 (223/267)...
2025-11-16 02:21:04,428 - UnicodeAnalyzer - INFO - -> Analizzando versione 6.4.0 (224/267)...
2025-11-16 02:21:04,489 - UnicodeAnalyzer - INFO - -> Analizzando versione 6.5.0 (225/267)...
2025-11-16 02:21:04,553 - UnicodeAnalyzer - INFO - -> Analizzando versione 6.6.0 (226/267)...
2025-11-16 02:21:04,614 - UnicodeAnalyzer - INFO - -> Analizzando versione 6.7.0 (227/267)...
2025-11-16 02:21:04,679 - UnicodeAnalyzer - INFO - -> Analizzando versione 6.7.1 (228/267)...
2025-11-16 02:21:04,740 - UnicodeAnalyzer - INFO - -> Analizzando versione 6.8.0 (229/267)...
2025-11-16 02:21:04,803 - UnicodeAnalyzer - INFO - -> Analizzando versione 6.9.0 (230/267)...
2025-11-16 02:21:04,864 - UnicodeAnalyzer - INFO - -> Analizzando versione 6.9.1 (231/267)...
2025-11-16 02:21:04,926 - UnicodeAnalyzer - INFO - -> Analizzando versione 7.0.0 (232/267)...
2025-11-16 02:21:04,988 - UnicodeAnalyzer - INFO - -> Analizzando versione 7.0.1 (233/267)...
2025-11-16 02:21:05,053 - UnicodeAnalyzer - INFO - -> Analizzando versione 7.1.0 (234/267)...
2025-11-16 02:21:05,115 - UnicodeAnalyzer - INFO - -> Analizzando versione 7.2.0 (235/267)...
2025-11-16 02:21:05,175 - UnicodeAnalyzer - INFO - -> Analizzando versione 7.3.0 (236/267)...
2025-11-16 02:21:05,238 - UnicodeAnalyzer - INFO - -> Analizzando versione 7.4.0 (237/267)...
2025-11-16 02:21:05,300 - UnicodeAnalyzer - INFO - -> Analizzando versione 7.5.0 (238/267)...
2025-11-16 02:21:05,360 - UnicodeAnalyzer - INFO - -> Analizzando versione 7.6.0 (239/267)...
2025-11-16 02:21:05,422 - UnicodeAnalyzer - INFO - -> Analizzando versione 7.7.0 (240/267)...
2025-11-16 02:21:05,485 - UnicodeAnalyzer - INFO - -> Analizzando versione 8.0.0 (241/267)...
2025-11-16 02:21:05,549 - UnicodeAnalyzer - INFO - -> Analizzando versione 8.1.0 (242/267)...
2025-11-16 02:21:05,611 - UnicodeAnalyzer - INFO - -> Analizzando versione 8.2.0 (243/267)...
2025-11-16 02:21:05,674 - UnicodeAnalyzer - INFO - -> Analizzando versione 8.3.0 (244/267)...
2025-11-16 02:21:05,737 - UnicodeAnalyzer - INFO - -> Analizzando versione 8.3.1 (245/267)...
2025-11-16 02:21:05,798 - UnicodeAnalyzer - INFO - -> Analizzando versione 8.4.0 (246/267)...
2025-11-16 02:21:05,860 - UnicodeAnalyzer - INFO - -> Analizzando versione 8.4.1 (247/267)...
2025-11-16 02:21:05,921 - UnicodeAnalyzer - INFO - -> Analizzando versione 8.5.0 (248/267)...
2025-11-16 02:21:05,982 - UnicodeAnalyzer - INFO - -> Analizzando versione 8.6.0 (249/267)...
2025-11-16 02:21:06,044 - UnicodeAnalyzer - INFO - -> Analizzando versione 8.7.0 (250/267)...
2025-11-16 02:21:06,106 - UnicodeAnalyzer - INFO - -> Analizzando versione 9.0.0 (251/267)...
2025-11-16 02:21:06,166 - UnicodeAnalyzer - INFO - -> Analizzando versione 9.1.0 (252/267)...
2025-11-16 02:21:06,228 - UnicodeAnalyzer - INFO - -> Analizzando versione 9.1.1 (253/267)...
2025-11-16 02:21:06,289 - UnicodeAnalyzer - INFO - -> Analizzando versione 9.2.0 (254/267)...
2025-11-16 02:21:06,351 - UnicodeAnalyzer - INFO - -> Analizzando versione 9.2.1 (255/267)...
2025-11-16 02:21:06,412 - UnicodeAnalyzer - INFO - -> Analizzando versione 9.3.0 (256/267)...
2025-11-16 02:21:06,475 - UnicodeAnalyzer - INFO - -> Analizzando versione 9.3.1 (257/267)...
2025-11-16 02:21:06,536 - UnicodeAnalyzer - INFO - -> Analizzando versione 9.4.0 (258/267)...
2025-11-16 02:21:06,597 - UnicodeAnalyzer - INFO - -> Analizzando versione 9.4.1 (259/267)...
2025-11-16 02:21:06,659 - UnicodeAnalyzer - INFO - -> Analizzando versione 9.5.0 (260/267)...
2025-11-16 02:21:06,721 - UnicodeAnalyzer - INFO - -> Analizzando versione 9.5.1 (261/267)...
2025-11-16 02:21:06,784 - UnicodeAnalyzer - INFO - -> Analizzando versione 9.5.2 (262/267)...
2025-11-16 02:21:06,848 - UnicodeAnalyzer - INFO - -> Analizzando versione 9.5.3 (263/267)...
2025-11-16 02:21:06,909 - UnicodeAnalyzer - INFO - -> Analizzando versione 9.5.4 (264/267)...
2025-11-16 02:21:06,969 - UnicodeAnalyzer - INFO - -> Analizzando versione 9.6.0 (265/267)...
2025-11-16 02:21:07,030 - UnicodeAnalyzer - INFO - -> Analizzando versione 9.6.1 (266/267)...
2025-11-16 02:21:07,092 - UnicodeAnalyzer - INFO - -> Analizzando versione 9.7.0 (267/267)...
2025-11-16 02:21:07,152 - UnicodeAnalyzer - INFO - Esportando i risultati HUT per 'cypress' in CSV...
2025-11-16 02:21:07,598 - UnicodeAnalyzer - INFO - Report salvati in: /app/npm_hut_results/cypress
2025-11-16 02:21:07,599 - NPM_HUT_Analyzer - INFO - Pulizia cartella temporanea 'temp_hut/cypress'...
2025-11-16 02:21:10,163 - NPM_HUT_Analyzer - INFO - Pulizia completata.
