2025-10-27 09:45:55,522 - NPM_Analyzer - INFO - Fetching metadata for 'throat'...
2025-10-27 09:45:55,603 - NPM_Analyzer - INFO - Found 14 versions. Starting download into 'temp/throat'...
2025-10-27 09:46:01,526 - BlankSpaceAnalyzer - INFO - Analyzing 14 versions for '*.js' in 'throat'.
2025-10-27 09:46:01,526 - BlankSpaceAnalyzer - INFO - -> Analyzing version 0.0.0 (1/14)...
2025-10-27 09:46:01,629 - BlankSpaceAnalyzer - INFO - -> Analyzing version 1.0.0 (2/14)...
2025-10-27 09:46:01,699 - BlankSpaceAnalyzer - INFO - -> Analyzing version 2.0.0 (3/14)...
2025-10-27 09:46:01,772 - BlankSpaceAnalyzer - INFO - -> Analyzing version 2.0.1 (4/14)...
2025-10-27 09:46:01,845 - BlankSpaceAnalyzer - INFO - -> Analyzing version 2.0.2 (5/14)...
2025-10-27 09:46:01,917 - BlankSpaceAnalyzer - INFO - -> Analyzing version 3.0.0 (6/14)...
2025-10-27 09:46:01,995 - BlankSpaceAnalyzer - INFO - -> Analyzing version 3.1.0 (7/14)...
2025-10-27 09:46:02,071 - BlankSpaceAnalyzer - INFO - -> Analyzing version 3.2.0 (8/14)...
2025-10-27 09:46:02,071 - BlankSpaceAnalyzer - INFO - -> Analyzing version 4.0.0 (9/14)...
2025-10-27 09:46:02,071 - BlankSpaceAnalyzer - INFO - -> Analyzing version 4.1.0 (10/14)...
2025-10-27 09:46:02,072 - BlankSpaceAnalyzer - INFO - -> Analyzing version 5.0.0 (11/14)...
2025-10-27 09:46:02,072 - BlankSpaceAnalyzer - INFO - -> Analyzing version 6.0.0 (12/14)...
2025-10-27 09:46:02,072 - BlankSpaceAnalyzer - INFO - -> Analyzing version 6.0.1 (13/14)...
2025-10-27 09:46:02,072 - BlankSpaceAnalyzer - INFO - -> Analyzing version 6.0.2 (14/14)...
2025-10-27 09:46:02,073 - BlankSpaceAnalyzer - INFO - Exporting results for 'throat' to CSV...
2025-10-27 09:46:02,085 - BlankSpaceAnalyzer - INFO - Reports saved in: /app/npm_results/throat
2025-10-27 09:46:02,085 - NPM_Analyzer - INFO - Cleaning temporary folder 'temp/throat'...
2025-10-27 09:46:02,087 - NPM_Analyzer - INFO - Cleanup completed.
