2025-10-22 19:26:54,277 - NPM_Analyzer - INFO - Fetching metadata for 'get-stream'...
2025-10-22 19:26:54,412 - NPM_Analyzer - INFO - Found 22 versions. Starting download into 'temp/get-stream'...
2025-10-22 19:27:03,299 - BlankSpaceAnalyzer - INFO - Analyzing 22 versions for '*.js' in 'get-stream'.
2025-10-22 19:27:03,299 - BlankSpaceAnalyzer - INFO - -> Analyzing version 1.0.0 (1/22)...
2025-10-22 19:27:03,300 - BlankSpaceAnalyzer - INFO - -> Analyzing version 1.1.0 (2/22)...
2025-10-22 19:27:03,301 - BlankSpaceAnalyzer - INFO - -> Analyzing version 2.0.0 (3/22)...
2025-10-22 19:27:03,302 - BlankSpaceAnalyzer - INFO - -> Analyzing version 2.1.0 (4/22)...
2025-10-22 19:27:03,303 - BlankSpaceAnalyzer - INFO - -> Analyzing version 2.2.0 (5/22)...
2025-10-22 19:27:03,304 - BlankSpaceAnalyzer - INFO - -> Analyzing version 2.2.1 (6/22)...
2025-10-22 19:27:03,376 - BlankSpaceAnalyzer - INFO - -> Analyzing version 2.3.0 (7/22)...
2025-10-22 19:27:03,419 - BlankSpaceAnalyzer - INFO - -> Analyzing version 2.3.1 (8/22)...
2025-10-22 19:27:03,462 - BlankSpaceAnalyzer - INFO - -> Analyzing version 3.0.0 (9/22)...
2025-10-22 19:27:03,507 - BlankSpaceAnalyzer - INFO - -> Analyzing version 4.0.0 (10/22)...
2025-10-22 19:27:03,558 - BlankSpaceAnalyzer - INFO - -> Analyzing version 4.1.0 (11/22)...
2025-10-22 19:27:03,604 - BlankSpaceAnalyzer - INFO - -> Analyzing version 5.0.0 (12/22)...
2025-10-22 19:27:03,652 - BlankSpaceAnalyzer - INFO - -> Analyzing version 5.1.0 (13/22)...
2025-10-22 19:27:03,700 - BlankSpaceAnalyzer - INFO - -> Analyzing version 5.2.0 (14/22)...
2025-10-22 19:27:03,747 - BlankSpaceAnalyzer - INFO - -> Analyzing version 6.0.0 (15/22)...
2025-10-22 19:27:03,796 - BlankSpaceAnalyzer - INFO - -> Analyzing version 6.0.1 (16/22)...
2025-10-22 19:27:03,845 - BlankSpaceAnalyzer - INFO - -> Analyzing version 7.0.0 (17/22)...
2025-10-22 19:27:03,845 - BlankSpaceAnalyzer - INFO - -> Analyzing version 7.0.1 (18/22)...
2025-10-22 19:27:03,846 - BlankSpaceAnalyzer - INFO - -> Analyzing version 8.0.0 (19/22)...
2025-10-22 19:27:03,894 - BlankSpaceAnalyzer - INFO - -> Analyzing version 8.0.1 (20/22)...
2025-10-22 19:27:03,943 - BlankSpaceAnalyzer - INFO - -> Analyzing version 9.0.0 (21/22)...
2025-10-22 19:27:03,991 - BlankSpaceAnalyzer - INFO - -> Analyzing version 9.0.1 (22/22)...
2025-10-22 19:27:04,042 - BlankSpaceAnalyzer - INFO - Exporting results for 'get-stream' to CSV...
2025-10-22 19:27:04,063 - BlankSpaceAnalyzer - INFO - Reports saved in: /app/npm_results/get-stream
2025-10-22 19:27:04,063 - NPM_Analyzer - INFO - Cleaning temporary folder 'temp/get-stream'...
2025-10-22 19:27:04,067 - NPM_Analyzer - INFO - Cleanup completed.
