2025-10-27 04:50:18,247 - NPM_Analyzer - INFO - Fetching metadata for 'mdast-util-to-hast'...
2025-10-27 04:50:18,404 - NPM_Analyzer - INFO - Found 59 versions. Starting download into 'temp/mdast-util-to-hast'...
2025-10-27 04:50:46,940 - BlankSpaceAnalyzer - INFO - Analyzing 59 versions for '*.js' in 'mdast-util-to-hast'.
2025-10-27 04:50:46,941 - BlankSpaceAnalyzer - INFO - -> Analyzing version 1.0.0 (1/59)...
2025-10-27 04:50:46,943 - BlankSpaceAnalyzer - INFO - -> Analyzing version 10.0.0 (2/59)...
2025-10-27 04:50:47,039 - BlankSpaceAnalyzer - INFO - -> Analyzing version 10.0.1 (3/59)...
2025-10-27 04:50:47,107 - BlankSpaceAnalyzer - INFO - -> Analyzing version 10.1.0 (4/59)...
2025-10-27 04:50:47,177 - BlankSpaceAnalyzer - INFO - -> Analyzing version 10.1.1 (5/59)...
2025-10-27 04:50:47,252 - BlankSpaceAnalyzer - INFO - -> Analyzing version 10.2.0 (6/59)...
2025-10-27 04:50:47,329 - BlankSpaceAnalyzer - INFO - -> Analyzing version 11.0.0 (7/59)...
2025-10-27 04:50:47,404 - BlankSpaceAnalyzer - INFO - -> Analyzing version 11.1.0 (8/59)...
2025-10-27 04:50:47,482 - BlankSpaceAnalyzer - INFO - -> Analyzing version 11.1.1 (9/59)...
2025-10-27 04:50:47,558 - BlankSpaceAnalyzer - INFO - -> Analyzing version 11.2.0 (10/59)...
2025-10-27 04:50:47,639 - BlankSpaceAnalyzer - INFO - -> Analyzing version 11.2.1 (11/59)...
2025-10-27 04:50:47,711 - BlankSpaceAnalyzer - INFO - -> Analyzing version 11.3.0 (12/59)...
2025-10-27 04:50:47,781 - BlankSpaceAnalyzer - INFO - -> Analyzing version 12.0.0 (13/59)...
2025-10-27 04:50:47,858 - BlankSpaceAnalyzer - INFO - -> Analyzing version 12.1.0 (14/59)...
2025-10-27 04:50:47,933 - BlankSpaceAnalyzer - INFO - -> Analyzing version 12.1.1 (15/59)...
2025-10-27 04:50:48,010 - BlankSpaceAnalyzer - INFO - -> Analyzing version 12.1.2 (16/59)...
2025-10-27 04:50:48,086 - BlankSpaceAnalyzer - INFO - -> Analyzing version 12.2.0 (17/59)...
2025-10-27 04:50:48,162 - BlankSpaceAnalyzer - INFO - -> Analyzing version 12.2.1 (18/59)...
2025-10-27 04:50:48,237 - BlankSpaceAnalyzer - INFO - -> Analyzing version 12.2.2 (19/59)...
2025-10-27 04:50:48,313 - BlankSpaceAnalyzer - INFO - -> Analyzing version 12.2.3 (20/59)...
2025-10-27 04:50:48,390 - BlankSpaceAnalyzer - INFO - -> Analyzing version 12.2.4 (21/59)...
2025-10-27 04:50:48,466 - BlankSpaceAnalyzer - INFO - -> Analyzing version 12.2.5 (22/59)...
2025-10-27 04:50:48,542 - BlankSpaceAnalyzer - INFO - -> Analyzing version 12.2.6 (23/59)...
2025-10-27 04:50:48,619 - BlankSpaceAnalyzer - INFO - -> Analyzing version 12.3.0 (24/59)...
2025-10-27 04:50:48,693 - BlankSpaceAnalyzer - INFO - -> Analyzing version 13.0.0 (25/59)...
2025-10-27 04:50:48,771 - BlankSpaceAnalyzer - INFO - -> Analyzing version 13.0.1 (26/59)...
2025-10-27 04:50:48,846 - BlankSpaceAnalyzer - INFO - -> Analyzing version 13.0.2 (27/59)...
2025-10-27 04:50:48,923 - BlankSpaceAnalyzer - INFO - -> Analyzing version 13.1.0 (28/59)...
2025-10-27 04:50:49,000 - BlankSpaceAnalyzer - INFO - -> Analyzing version 13.2.0 (29/59)...
2025-10-27 04:50:49,076 - BlankSpaceAnalyzer - INFO - -> Analyzing version 2.0.0 (30/59)...
2025-10-27 04:50:49,152 - BlankSpaceAnalyzer - INFO - -> Analyzing version 2.1.0 (31/59)...
2025-10-27 04:50:49,228 - BlankSpaceAnalyzer - INFO - -> Analyzing version 2.1.1 (32/59)...
2025-10-27 04:50:49,304 - BlankSpaceAnalyzer - INFO - -> Analyzing version 2.1.2 (33/59)...
2025-10-27 04:50:49,380 - BlankSpaceAnalyzer - INFO - -> Analyzing version 2.2.0 (34/59)...
2025-10-27 04:50:49,458 - BlankSpaceAnalyzer - INFO - -> Analyzing version 2.3.0 (35/59)...
2025-10-27 04:50:49,534 - BlankSpaceAnalyzer - INFO - -> Analyzing version 2.4.0 (36/59)...
2025-10-27 04:50:49,611 - BlankSpaceAnalyzer - INFO - -> Analyzing version 2.4.1 (37/59)...
2025-10-27 04:50:49,686 - BlankSpaceAnalyzer - INFO - -> Analyzing version 2.4.2 (38/59)...
2025-10-27 04:50:49,763 - BlankSpaceAnalyzer - INFO - -> Analyzing version 2.4.3 (39/59)...
2025-10-27 04:50:49,839 - BlankSpaceAnalyzer - INFO - -> Analyzing version 2.5.0 (40/59)...
2025-10-27 04:50:49,916 - BlankSpaceAnalyzer - INFO - -> Analyzing version 3.0.0 (41/59)...
2025-10-27 04:50:49,992 - BlankSpaceAnalyzer - INFO - -> Analyzing version 3.0.1 (42/59)...
2025-10-27 04:50:50,068 - BlankSpaceAnalyzer - INFO - -> Analyzing version 3.0.2 (43/59)...
2025-10-27 04:50:50,144 - BlankSpaceAnalyzer - INFO - -> Analyzing version 3.0.3 (44/59)...
2025-10-27 04:50:50,220 - BlankSpaceAnalyzer - INFO - -> Analyzing version 3.0.4 (45/59)...
2025-10-27 04:50:50,297 - BlankSpaceAnalyzer - INFO - -> Analyzing version 4.0.0 (46/59)...
2025-10-27 04:50:50,372 - BlankSpaceAnalyzer - INFO - -> Analyzing version 5.0.0 (47/59)...
2025-10-27 04:50:50,449 - BlankSpaceAnalyzer - INFO - -> Analyzing version 6.0.0 (48/59)...
2025-10-27 04:50:50,522 - BlankSpaceAnalyzer - INFO - -> Analyzing version 6.0.1 (49/59)...
2025-10-27 04:50:50,592 - BlankSpaceAnalyzer - INFO - -> Analyzing version 6.0.2 (50/59)...
2025-10-27 04:50:50,668 - BlankSpaceAnalyzer - INFO - -> Analyzing version 7.0.0 (51/59)...
2025-10-27 04:50:50,743 - BlankSpaceAnalyzer - INFO - -> Analyzing version 8.0.0 (52/59)...
2025-10-27 04:50:50,819 - BlankSpaceAnalyzer - INFO - -> Analyzing version 8.1.0 (53/59)...
2025-10-27 04:50:50,896 - BlankSpaceAnalyzer - INFO - -> Analyzing version 8.2.0 (54/59)...
2025-10-27 04:50:50,973 - BlankSpaceAnalyzer - INFO - -> Analyzing version 9.0.0 (55/59)...
2025-10-27 04:50:51,049 - BlankSpaceAnalyzer - INFO - -> Analyzing version 9.0.1 (56/59)...
2025-10-27 04:50:51,126 - BlankSpaceAnalyzer - INFO - -> Analyzing version 9.1.0 (57/59)...
2025-10-27 04:50:51,207 - BlankSpaceAnalyzer - INFO - -> Analyzing version 9.1.1 (58/59)...
2025-10-27 04:50:51,283 - BlankSpaceAnalyzer - INFO - -> Analyzing version 9.1.2 (59/59)...
2025-10-27 04:50:51,359 - BlankSpaceAnalyzer - INFO - Exporting results for 'mdast-util-to-hast' to CSV...
2025-10-27 04:50:51,427 - BlankSpaceAnalyzer - INFO - Reports saved in: /app/npm_results/mdast-util-to-hast
2025-10-27 04:50:51,427 - NPM_Analyzer - INFO - Cleaning temporary folder 'temp/mdast-util-to-hast'...
2025-10-27 04:50:51,474 - NPM_Analyzer - INFO - Cleanup completed.
