2025-11-03 02:20:15,224 - NPM_Analyzer - INFO - Fetching metadata for 'postcss-custom-selectors'...
2025-11-03 02:20:15,344 - NPM_Analyzer - INFO - Found 40 versions. Starting download into 'temp/postcss-custom-selectors'...
2025-11-03 02:20:35,137 - BlankSpaceAnalyzer - INFO - Analyzing 40 versions for '*.js' in 'postcss-custom-selectors'.
2025-11-03 02:20:35,138 - BlankSpaceAnalyzer - INFO - -> Analyzing version 1.0.0 (1/40)...
2025-11-03 02:20:35,139 - BlankSpaceAnalyzer - INFO - -> Analyzing version 1.1.0 (2/40)...
2025-11-03 02:20:35,140 - BlankSpaceAnalyzer - INFO - -> Analyzing version 1.1.1 (3/40)...
2025-11-03 02:20:35,141 - BlankSpaceAnalyzer - INFO - -> Analyzing version 2.0.0 (4/40)...
2025-11-03 02:20:35,142 - BlankSpaceAnalyzer - INFO - -> Analyzing version 2.0.1 (5/40)...
2025-11-03 02:20:35,143 - BlankSpaceAnalyzer - INFO - -> Analyzing version 2.1.0 (6/40)...
2025-11-03 02:20:35,144 - BlankSpaceAnalyzer - INFO - -> Analyzing version 2.1.1 (7/40)...
2025-11-03 02:20:35,145 - BlankSpaceAnalyzer - INFO - -> Analyzing version 2.2.0 (8/40)...
2025-11-03 02:20:35,146 - BlankSpaceAnalyzer - INFO - -> Analyzing version 2.3.0 (9/40)...
2025-11-03 02:20:35,147 - BlankSpaceAnalyzer - INFO - -> Analyzing version 3.0.0 (10/40)...
2025-11-03 02:20:35,148 - BlankSpaceAnalyzer - INFO - -> Analyzing version 4.0.0 (11/40)...
2025-11-03 02:20:35,149 - BlankSpaceAnalyzer - INFO - -> Analyzing version 4.0.1 (12/40)...
2025-11-03 02:20:35,151 - BlankSpaceAnalyzer - INFO - -> Analyzing version 5.0.0 (13/40)...
2025-11-03 02:20:35,152 - BlankSpaceAnalyzer - INFO - -> Analyzing version 5.1.0 (14/40)...
2025-11-03 02:20:35,153 - BlankSpaceAnalyzer - INFO - -> Analyzing version 5.1.1 (15/40)...
2025-11-03 02:20:35,155 - BlankSpaceAnalyzer - INFO - -> Analyzing version 5.1.2 (16/40)...
2025-11-03 02:20:35,157 - BlankSpaceAnalyzer - INFO - -> Analyzing version 6.0.0 (17/40)...
2025-11-03 02:20:35,158 - BlankSpaceAnalyzer - INFO - -> Analyzing version 6.0.1 (18/40)...
2025-11-03 02:20:35,159 - BlankSpaceAnalyzer - INFO - -> Analyzing version 6.0.2 (19/40)...
2025-11-03 02:20:35,160 - BlankSpaceAnalyzer - INFO - -> Analyzing version 6.0.3 (20/40)...
2025-11-03 02:20:35,160 - BlankSpaceAnalyzer - INFO - -> Analyzing version 7.0.0 (21/40)...
2025-11-03 02:20:35,161 - BlankSpaceAnalyzer - INFO - -> Analyzing version 7.1.0 (22/40)...
2025-11-03 02:20:35,162 - BlankSpaceAnalyzer - INFO - -> Analyzing version 7.1.1 (23/40)...
2025-11-03 02:20:35,162 - BlankSpaceAnalyzer - INFO - -> Analyzing version 7.1.10 (24/40)...
2025-11-03 02:20:35,163 - BlankSpaceAnalyzer - INFO - -> Analyzing version 7.1.11 (25/40)...
2025-11-03 02:20:35,163 - BlankSpaceAnalyzer - INFO - -> Analyzing version 7.1.12 (26/40)...
2025-11-03 02:20:35,164 - BlankSpaceAnalyzer - INFO - -> Analyzing version 7.1.2 (27/40)...
2025-11-03 02:20:35,164 - BlankSpaceAnalyzer - INFO - -> Analyzing version 7.1.3 (28/40)...
2025-11-03 02:20:35,165 - BlankSpaceAnalyzer - INFO - -> Analyzing version 7.1.4 (29/40)...
2025-11-03 02:20:35,165 - BlankSpaceAnalyzer - INFO - -> Analyzing version 7.1.5 (30/40)...
2025-11-03 02:20:35,166 - BlankSpaceAnalyzer - INFO - -> Analyzing version 7.1.6 (31/40)...
2025-11-03 02:20:35,166 - BlankSpaceAnalyzer - INFO - -> Analyzing version 7.1.7 (32/40)...
2025-11-03 02:20:35,167 - BlankSpaceAnalyzer - INFO - -> Analyzing version 7.1.8 (33/40)...
2025-11-03 02:20:35,167 - BlankSpaceAnalyzer - INFO - -> Analyzing version 7.1.9 (34/40)...
2025-11-03 02:20:35,167 - BlankSpaceAnalyzer - INFO - -> Analyzing version 8.0.0 (35/40)...
2025-11-03 02:20:35,168 - BlankSpaceAnalyzer - INFO - -> Analyzing version 8.0.1 (36/40)...
2025-11-03 02:20:35,168 - BlankSpaceAnalyzer - INFO - -> Analyzing version 8.0.2 (37/40)...
2025-11-03 02:20:35,168 - BlankSpaceAnalyzer - INFO - -> Analyzing version 8.0.3 (38/40)...
2025-11-03 02:20:35,169 - BlankSpaceAnalyzer - INFO - -> Analyzing version 8.0.4 (39/40)...
2025-11-03 02:20:35,169 - BlankSpaceAnalyzer - INFO - -> Analyzing version 8.0.5 (40/40)...
2025-11-03 02:20:35,170 - BlankSpaceAnalyzer - INFO - Exporting results for 'postcss-custom-selectors' to CSV...
2025-11-03 02:20:35,212 - BlankSpaceAnalyzer - INFO - Reports saved in: /app/npm_results/postcss-custom-selectors
2025-11-03 02:20:35,212 - NPM_Analyzer - INFO - Cleaning temporary folder 'temp/postcss-custom-selectors'...
2025-11-03 02:20:35,219 - NPM_Analyzer - INFO - Cleanup completed.
