2025-11-16 01:04:15,193 - NPM_HUT_Analyzer - INFO - Recupero metadata per 'i18next-browser-languagedetector'...
2025-11-16 01:04:15,332 - NPM_HUT_Analyzer - INFO - Trovate 68 versioni. Inizio download in 'temp_hut/i18next-browser-languagedetector'...
2025-11-16 01:04:47,826 - UnicodeAnalyzer - INFO - Analizzando 68 versioni per '*.js' in 'i18next-browser-languagedetector'.
2025-11-16 01:04:47,826 - UnicodeAnalyzer - INFO - -> Analizzando versione 0.0.1 (1/68)...
2025-11-16 01:04:47,829 - UnicodeAnalyzer - INFO - -> Analizzando versione 0.0.10 (2/68)...
2025-11-16 01:04:47,902 - UnicodeAnalyzer - INFO - -> Analizzando versione 0.0.11 (3/68)...
2025-11-16 01:04:47,948 - UnicodeAnalyzer - INFO - -> Analizzando versione 0.0.12 (4/68)...
2025-11-16 01:04:47,997 - UnicodeAnalyzer - INFO - -> Analizzando versione 0.0.13 (5/68)...
2025-11-16 01:04:48,047 - UnicodeAnalyzer - INFO - -> Analizzando versione 0.0.14 (6/68)...
2025-11-16 01:04:48,096 - UnicodeAnalyzer - INFO - -> Analizzando versione 0.0.2 (7/68)...
2025-11-16 01:04:48,145 - UnicodeAnalyzer - INFO - -> Analizzando versione 0.0.3 (8/68)...
2025-11-16 01:04:48,194 - UnicodeAnalyzer - INFO - -> Analizzando versione 0.0.7 (9/68)...
2025-11-16 01:04:48,243 - UnicodeAnalyzer - INFO - -> Analizzando versione 0.0.8 (10/68)...
2025-11-16 01:04:48,294 - UnicodeAnalyzer - INFO - -> Analizzando versione 0.0.9 (11/68)...
2025-11-16 01:04:48,343 - UnicodeAnalyzer - INFO - -> Analizzando versione 0.1.0 (12/68)...
2025-11-16 01:04:48,393 - UnicodeAnalyzer - INFO - -> Analizzando versione 0.2.0 (13/68)...
2025-11-16 01:04:48,394 - UnicodeAnalyzer - INFO - Filtrati 14 file (es. in /dist, /test).
2025-11-16 01:04:48,442 - UnicodeAnalyzer - INFO - -> Analizzando versione 0.2.1 (14/68)...
2025-11-16 01:04:48,443 - UnicodeAnalyzer - INFO - Filtrati 14 file (es. in /dist, /test).
2025-11-16 01:04:48,491 - UnicodeAnalyzer - INFO - -> Analizzando versione 0.2.2 (15/68)...
2025-11-16 01:04:48,492 - UnicodeAnalyzer - INFO - Filtrati 14 file (es. in /dist, /test).
2025-11-16 01:04:48,540 - UnicodeAnalyzer - INFO - -> Analizzando versione 0.3.0 (16/68)...
2025-11-16 01:04:48,541 - UnicodeAnalyzer - INFO - Filtrati 16 file (es. in /dist, /test).
2025-11-16 01:04:48,588 - UnicodeAnalyzer - INFO - -> Analizzando versione 1.0.0 (17/68)...
2025-11-16 01:04:48,589 - UnicodeAnalyzer - INFO - Filtrati 16 file (es. in /dist, /test).
2025-11-16 01:04:48,636 - UnicodeAnalyzer - INFO - -> Analizzando versione 1.0.1 (18/68)...
2025-11-16 01:04:48,637 - UnicodeAnalyzer - INFO - Filtrati 16 file (es. in /dist, /test).
2025-11-16 01:04:48,684 - UnicodeAnalyzer - INFO - -> Analizzando versione 2.0.0 (19/68)...
2025-11-16 01:04:48,685 - UnicodeAnalyzer - INFO - Filtrati 16 file (es. in /dist, /test).
2025-11-16 01:04:48,732 - UnicodeAnalyzer - INFO - -> Analizzando versione 2.1.0 (20/68)...
2025-11-16 01:04:48,733 - UnicodeAnalyzer - INFO - Filtrati 16 file (es. in /dist, /test).
2025-11-16 01:04:48,780 - UnicodeAnalyzer - INFO - -> Analizzando versione 2.1.1 (21/68)...
2025-11-16 01:04:48,781 - UnicodeAnalyzer - INFO - Filtrati 16 file (es. in /dist, /test).
2025-11-16 01:04:48,828 - UnicodeAnalyzer - INFO - -> Analizzando versione 2.2.0 (22/68)...
2025-11-16 01:04:48,829 - UnicodeAnalyzer - INFO - Filtrati 20 file (es. in /dist, /test).
2025-11-16 01:04:48,876 - UnicodeAnalyzer - INFO - -> Analizzando versione 2.2.1 (23/68)...
2025-11-16 01:04:48,877 - UnicodeAnalyzer - INFO - Filtrati 20 file (es. in /dist, /test).
2025-11-16 01:04:48,925 - UnicodeAnalyzer - INFO - -> Analizzando versione 2.2.2 (24/68)...
2025-11-16 01:04:48,926 - UnicodeAnalyzer - INFO - Filtrati 20 file (es. in /dist, /test).
2025-11-16 01:04:48,973 - UnicodeAnalyzer - INFO - -> Analizzando versione 2.2.3 (25/68)...
2025-11-16 01:04:48,974 - UnicodeAnalyzer - INFO - Filtrati 20 file (es. in /dist, /test).
2025-11-16 01:04:49,021 - UnicodeAnalyzer - INFO - -> Analizzando versione 2.2.4 (26/68)...
2025-11-16 01:04:49,023 - UnicodeAnalyzer - INFO - Filtrati 20 file (es. in /dist, /test).
2025-11-16 01:04:49,073 - UnicodeAnalyzer - INFO - -> Analizzando versione 3.0.0 (27/68)...
2025-11-16 01:04:49,074 - UnicodeAnalyzer - INFO - Filtrati 20 file (es. in /dist, /test).
2025-11-16 01:04:49,121 - UnicodeAnalyzer - INFO - -> Analizzando versione 3.0.1 (28/68)...
2025-11-16 01:04:49,122 - UnicodeAnalyzer - INFO - Filtrati 20 file (es. in /dist, /test).
2025-11-16 01:04:49,169 - UnicodeAnalyzer - INFO - -> Analizzando versione 3.0.2 (29/68)...
2025-11-16 01:04:49,170 - UnicodeAnalyzer - INFO - Filtrati 20 file (es. in /dist, /test).
2025-11-16 01:04:49,223 - UnicodeAnalyzer - INFO - -> Analizzando versione 3.0.3 (30/68)...
2025-11-16 01:04:49,224 - UnicodeAnalyzer - INFO - Filtrati 20 file (es. in /dist, /test).
2025-11-16 01:04:49,271 - UnicodeAnalyzer - INFO - -> Analizzando versione 3.1.0 (31/68)...
2025-11-16 01:04:49,273 - UnicodeAnalyzer - INFO - Filtrati 20 file (es. in /dist, /test).
2025-11-16 01:04:49,320 - UnicodeAnalyzer - INFO - -> Analizzando versione 3.1.1 (32/68)...
2025-11-16 01:04:49,321 - UnicodeAnalyzer - INFO - Filtrati 20 file (es. in /dist, /test).
2025-11-16 01:04:49,369 - UnicodeAnalyzer - INFO - -> Analizzando versione 4.0.0 (33/68)...
2025-11-16 01:04:49,370 - UnicodeAnalyzer - INFO - Filtrati 4 file (es. in /dist, /test).
2025-11-16 01:04:49,417 - UnicodeAnalyzer - INFO - -> Analizzando versione 4.0.1 (34/68)...
2025-11-16 01:04:49,418 - UnicodeAnalyzer - INFO - Filtrati 4 file (es. in /dist, /test).
2025-11-16 01:04:49,465 - UnicodeAnalyzer - INFO - -> Analizzando versione 4.0.2 (35/68)...
2025-11-16 01:04:49,466 - UnicodeAnalyzer - INFO - Filtrati 4 file (es. in /dist, /test).
2025-11-16 01:04:49,513 - UnicodeAnalyzer - INFO - -> Analizzando versione 4.1.0 (36/68)...
2025-11-16 01:04:49,514 - UnicodeAnalyzer - INFO - Filtrati 4 file (es. in /dist, /test).
2025-11-16 01:04:49,561 - UnicodeAnalyzer - INFO - -> Analizzando versione 4.1.1 (37/68)...
2025-11-16 01:04:49,562 - UnicodeAnalyzer - INFO - Filtrati 4 file (es. in /dist, /test).
2025-11-16 01:04:49,609 - UnicodeAnalyzer - INFO - -> Analizzando versione 4.2.0 (38/68)...
2025-11-16 01:04:49,610 - UnicodeAnalyzer - INFO - Filtrati 4 file (es. in /dist, /test).
2025-11-16 01:04:49,657 - UnicodeAnalyzer - INFO - -> Analizzando versione 4.3.0 (39/68)...
2025-11-16 01:04:49,658 - UnicodeAnalyzer - INFO - Filtrati 4 file (es. in /dist, /test).
2025-11-16 01:04:49,705 - UnicodeAnalyzer - INFO - -> Analizzando versione 4.3.1 (40/68)...
2025-11-16 01:04:49,706 - UnicodeAnalyzer - INFO - Filtrati 4 file (es. in /dist, /test).
2025-11-16 01:04:49,754 - UnicodeAnalyzer - INFO - -> Analizzando versione 5.0.0 (41/68)...
2025-11-16 01:04:49,754 - UnicodeAnalyzer - INFO - Filtrati 4 file (es. in /dist, /test).
2025-11-16 01:04:49,802 - UnicodeAnalyzer - INFO - -> Analizzando versione 5.0.1 (42/68)...
2025-11-16 01:04:49,803 - UnicodeAnalyzer - INFO - Filtrati 4 file (es. in /dist, /test).
2025-11-16 01:04:49,854 - UnicodeAnalyzer - INFO - -> Analizzando versione 6.0.0 (43/68)...
2025-11-16 01:04:49,855 - UnicodeAnalyzer - INFO - Filtrati 4 file (es. in /dist, /test).
2025-11-16 01:04:49,902 - UnicodeAnalyzer - INFO - -> Analizzando versione 6.0.1 (44/68)...
2025-11-16 01:04:49,902 - UnicodeAnalyzer - INFO - Filtrati 4 file (es. in /dist, /test).
2025-11-16 01:04:49,950 - UnicodeAnalyzer - INFO - -> Analizzando versione 6.1.0 (45/68)...
2025-11-16 01:04:49,950 - UnicodeAnalyzer - INFO - Filtrati 4 file (es. in /dist, /test).
2025-11-16 01:04:50,002 - UnicodeAnalyzer - INFO - -> Analizzando versione 6.1.1 (46/68)...
2025-11-16 01:04:50,003 - UnicodeAnalyzer - INFO - Filtrati 4 file (es. in /dist, /test).
2025-11-16 01:04:50,051 - UnicodeAnalyzer - INFO - -> Analizzando versione 6.1.2 (47/68)...
2025-11-16 01:04:50,051 - UnicodeAnalyzer - INFO - Filtrati 4 file (es. in /dist, /test).
2025-11-16 01:04:50,098 - UnicodeAnalyzer - INFO - -> Analizzando versione 6.1.3 (48/68)...
2025-11-16 01:04:50,099 - UnicodeAnalyzer - INFO - Filtrati 4 file (es. in /dist, /test).
2025-11-16 01:04:50,146 - UnicodeAnalyzer - INFO - -> Analizzando versione 6.1.4 (49/68)...
2025-11-16 01:04:50,147 - UnicodeAnalyzer - INFO - Filtrati 4 file (es. in /dist, /test).
2025-11-16 01:04:50,194 - UnicodeAnalyzer - INFO - -> Analizzando versione 6.1.5 (50/68)...
2025-11-16 01:04:50,194 - UnicodeAnalyzer - INFO - Filtrati 4 file (es. in /dist, /test).
2025-11-16 01:04:50,241 - UnicodeAnalyzer - INFO - -> Analizzando versione 6.1.6 (51/68)...
2025-11-16 01:04:50,242 - UnicodeAnalyzer - INFO - Filtrati 4 file (es. in /dist, /test).
2025-11-16 01:04:50,290 - UnicodeAnalyzer - INFO - -> Analizzando versione 6.1.7 (52/68)...
2025-11-16 01:04:50,291 - UnicodeAnalyzer - INFO - Filtrati 4 file (es. in /dist, /test).
2025-11-16 01:04:50,338 - UnicodeAnalyzer - INFO - -> Analizzando versione 6.1.8 (53/68)...
2025-11-16 01:04:50,339 - UnicodeAnalyzer - INFO - Filtrati 4 file (es. in /dist, /test).
2025-11-16 01:04:50,386 - UnicodeAnalyzer - INFO - -> Analizzando versione 7.0.0 (54/68)...
2025-11-16 01:04:50,387 - UnicodeAnalyzer - INFO - Filtrati 4 file (es. in /dist, /test).
2025-11-16 01:04:50,434 - UnicodeAnalyzer - INFO - -> Analizzando versione 7.0.1 (55/68)...
2025-11-16 01:04:50,435 - UnicodeAnalyzer - INFO - Filtrati 4 file (es. in /dist, /test).
2025-11-16 01:04:50,485 - UnicodeAnalyzer - INFO - -> Analizzando versione 7.0.2 (56/68)...
2025-11-16 01:04:50,485 - UnicodeAnalyzer - INFO - Filtrati 4 file (es. in /dist, /test).
2025-11-16 01:04:50,532 - UnicodeAnalyzer - INFO - -> Analizzando versione 7.1.0 (57/68)...
2025-11-16 01:04:50,533 - UnicodeAnalyzer - INFO - Filtrati 4 file (es. in /dist, /test).
2025-11-16 01:04:50,581 - UnicodeAnalyzer - INFO - -> Analizzando versione 7.2.0 (58/68)...
2025-11-16 01:04:50,582 - UnicodeAnalyzer - INFO - Filtrati 4 file (es. in /dist, /test).
2025-11-16 01:04:50,629 - UnicodeAnalyzer - INFO - -> Analizzando versione 7.2.1 (59/68)...
2025-11-16 01:04:50,630 - UnicodeAnalyzer - INFO - Filtrati 4 file (es. in /dist, /test).
2025-11-16 01:04:50,677 - UnicodeAnalyzer - INFO - -> Analizzando versione 7.2.2 (60/68)...
2025-11-16 01:04:50,677 - UnicodeAnalyzer - INFO - Filtrati 4 file (es. in /dist, /test).
2025-11-16 01:04:50,725 - UnicodeAnalyzer - INFO - -> Analizzando versione 8.0.0 (61/68)...
2025-11-16 01:04:50,725 - UnicodeAnalyzer - INFO - Filtrati 4 file (es. in /dist, /test).
2025-11-16 01:04:50,777 - UnicodeAnalyzer - INFO - -> Analizzando versione 8.0.1 (62/68)...
2025-11-16 01:04:50,778 - UnicodeAnalyzer - INFO - Filtrati 4 file (es. in /dist, /test).
2025-11-16 01:04:50,827 - UnicodeAnalyzer - INFO - -> Analizzando versione 8.0.2 (63/68)...
2025-11-16 01:04:50,828 - UnicodeAnalyzer - INFO - Filtrati 4 file (es. in /dist, /test).
2025-11-16 01:04:50,876 - UnicodeAnalyzer - INFO - -> Analizzando versione 8.0.3 (64/68)...
2025-11-16 01:04:50,877 - UnicodeAnalyzer - INFO - Filtrati 4 file (es. in /dist, /test).
2025-11-16 01:04:50,925 - UnicodeAnalyzer - INFO - -> Analizzando versione 8.0.4 (65/68)...
2025-11-16 01:04:50,926 - UnicodeAnalyzer - INFO - Filtrati 4 file (es. in /dist, /test).
2025-11-16 01:04:50,973 - UnicodeAnalyzer - INFO - -> Analizzando versione 8.0.5 (66/68)...
2025-11-16 01:04:50,973 - UnicodeAnalyzer - INFO - Filtrati 4 file (es. in /dist, /test).
2025-11-16 01:04:51,021 - UnicodeAnalyzer - INFO - -> Analizzando versione 8.1.0 (67/68)...
2025-11-16 01:04:51,022 - UnicodeAnalyzer - INFO - Filtrati 4 file (es. in /dist, /test).
2025-11-16 01:04:51,069 - UnicodeAnalyzer - INFO - -> Analizzando versione 8.2.0 (68/68)...
2025-11-16 01:04:51,070 - UnicodeAnalyzer - INFO - Filtrati 4 file (es. in /dist, /test).
2025-11-16 01:04:51,118 - UnicodeAnalyzer - INFO - Esportando i risultati HUT per 'i18next-browser-languagedetector' in CSV...
2025-11-16 01:04:51,213 - UnicodeAnalyzer - INFO - Report salvati in: /app/npm_hut_results/i18next-browser-languagedetector
2025-11-16 01:04:51,214 - NPM_HUT_Analyzer - INFO - Pulizia cartella temporanea 'temp_hut/i18next-browser-languagedetector'...
2025-11-16 01:04:51,240 - NPM_HUT_Analyzer - INFO - Pulizia completata.
