2025-10-27 11:14:28,885 - NPM_Analyzer - INFO - Fetching metadata for 'yosay'...
2025-10-27 11:14:29,582 - NPM_Analyzer - INFO - Found 18 versions. Starting download into 'temp/yosay'...
2025-10-27 11:14:40,128 - BlankSpaceAnalyzer - INFO - Analyzing 18 versions for '*.js' in 'yosay'.
2025-10-27 11:14:40,128 - BlankSpaceAnalyzer - INFO - -> Analyzing version 0.1.0 (1/18)...
2025-10-27 11:14:40,235 - BlankSpaceAnalyzer - INFO - -> Analyzing version 0.2.0 (2/18)...
2025-10-27 11:14:40,310 - BlankSpaceAnalyzer - INFO - -> Analyzing version 0.2.1 (3/18)...
2025-10-27 11:14:40,387 - BlankSpaceAnalyzer - INFO - -> Analyzing version 0.3.0 (4/18)...
2025-10-27 11:14:40,464 - BlankSpaceAnalyzer - INFO - -> Analyzing version 1.0.0 (5/18)...
2025-10-27 11:14:40,541 - BlankSpaceAnalyzer - INFO - -> Analyzing version 1.0.1 (6/18)...
2025-10-27 11:14:40,618 - BlankSpaceAnalyzer - INFO - -> Analyzing version 1.0.2 (7/18)...
2025-10-27 11:14:40,695 - BlankSpaceAnalyzer - INFO - -> Analyzing version 1.0.3 (8/18)...
2025-10-27 11:14:40,773 - BlankSpaceAnalyzer - INFO - -> Analyzing version 1.0.4 (9/18)...
2025-10-27 11:14:40,849 - BlankSpaceAnalyzer - INFO - -> Analyzing version 1.0.5 (10/18)...
2025-10-27 11:14:40,926 - BlankSpaceAnalyzer - INFO - -> Analyzing version 1.1.0 (11/18)...
2025-10-27 11:14:41,002 - BlankSpaceAnalyzer - INFO - -> Analyzing version 1.1.1 (12/18)...
2025-10-27 11:14:41,080 - BlankSpaceAnalyzer - INFO - -> Analyzing version 1.2.0 (13/18)...
2025-10-27 11:14:41,157 - BlankSpaceAnalyzer - INFO - -> Analyzing version 1.2.1 (14/18)...
2025-10-27 11:14:41,233 - BlankSpaceAnalyzer - INFO - -> Analyzing version 2.0.0 (15/18)...
2025-10-27 11:14:41,309 - BlankSpaceAnalyzer - INFO - -> Analyzing version 2.0.1 (16/18)...
2025-10-27 11:14:41,386 - BlankSpaceAnalyzer - INFO - -> Analyzing version 2.0.2 (17/18)...
2025-10-27 11:14:41,462 - BlankSpaceAnalyzer - INFO - -> Analyzing version 3.0.0 (18/18)...
2025-10-27 11:14:41,539 - BlankSpaceAnalyzer - INFO - Exporting results for 'yosay' to CSV...
2025-10-27 11:14:41,553 - BlankSpaceAnalyzer - INFO - Reports saved in: /app/npm_results/yosay
2025-10-27 11:14:41,554 - NPM_Analyzer - INFO - Cleaning temporary folder 'temp/yosay'...
2025-10-27 11:14:41,556 - NPM_Analyzer - INFO - Cleanup completed.
