2025-10-27 10:52:04,192 - NPM_Analyzer - INFO - Fetching metadata for 'zip-stream'...
2025-10-27 10:52:04,303 - NPM_Analyzer - INFO - Found 53 versions. Starting download into 'temp/zip-stream'...
2025-10-27 10:52:37,418 - BlankSpaceAnalyzer - INFO - Analyzing 53 versions for '*.js' in 'zip-stream'.
2025-10-27 10:52:37,419 - BlankSpaceAnalyzer - INFO - -> Analyzing version 0.1.0 (1/53)...
2025-10-27 10:52:37,526 - BlankSpaceAnalyzer - INFO - -> Analyzing version 0.1.0-alpha (2/53)...
2025-10-27 10:52:37,526 - BlankSpaceAnalyzer - INFO - -> Analyzing version 0.1.1 (3/53)...
2025-10-27 10:52:37,603 - BlankSpaceAnalyzer - INFO - -> Analyzing version 0.1.2 (4/53)...
2025-10-27 10:52:37,681 - BlankSpaceAnalyzer - INFO - -> Analyzing version 0.1.3 (5/53)...
2025-10-27 10:52:37,767 - BlankSpaceAnalyzer - INFO - -> Analyzing version 0.1.4 (6/53)...
2025-10-27 10:52:37,851 - BlankSpaceAnalyzer - INFO - -> Analyzing version 0.2.0 (7/53)...
2025-10-27 10:52:37,931 - BlankSpaceAnalyzer - INFO - -> Analyzing version 0.2.1 (8/53)...
2025-10-27 10:52:38,009 - BlankSpaceAnalyzer - INFO - -> Analyzing version 0.2.2 (9/53)...
2025-10-27 10:52:38,092 - BlankSpaceAnalyzer - INFO - -> Analyzing version 0.2.3 (10/53)...
2025-10-27 10:52:38,172 - BlankSpaceAnalyzer - INFO - -> Analyzing version 0.3.0 (11/53)...
2025-10-27 10:52:38,256 - BlankSpaceAnalyzer - INFO - -> Analyzing version 0.3.1 (12/53)...
2025-10-27 10:52:38,336 - BlankSpaceAnalyzer - INFO - -> Analyzing version 0.3.2 (13/53)...
2025-10-27 10:52:38,413 - BlankSpaceAnalyzer - INFO - -> Analyzing version 0.3.3 (14/53)...
2025-10-27 10:52:38,490 - BlankSpaceAnalyzer - INFO - -> Analyzing version 0.3.4 (15/53)...
2025-10-27 10:52:38,567 - BlankSpaceAnalyzer - INFO - -> Analyzing version 0.3.5 (16/53)...
2025-10-27 10:52:38,651 - BlankSpaceAnalyzer - INFO - -> Analyzing version 0.3.6 (17/53)...
2025-10-27 10:52:38,730 - BlankSpaceAnalyzer - INFO - -> Analyzing version 0.3.7 (18/53)...
2025-10-27 10:52:38,810 - BlankSpaceAnalyzer - INFO - -> Analyzing version 0.4.0 (19/53)...
2025-10-27 10:52:38,893 - BlankSpaceAnalyzer - INFO - -> Analyzing version 0.4.1 (20/53)...
2025-10-27 10:52:38,971 - BlankSpaceAnalyzer - INFO - -> Analyzing version 0.5.0 (21/53)...
2025-10-27 10:52:39,048 - BlankSpaceAnalyzer - INFO - -> Analyzing version 0.5.1 (22/53)...
2025-10-27 10:52:39,125 - BlankSpaceAnalyzer - INFO - -> Analyzing version 0.5.2 (23/53)...
2025-10-27 10:52:39,202 - BlankSpaceAnalyzer - INFO - -> Analyzing version 0.6.0 (24/53)...
2025-10-27 10:52:39,279 - BlankSpaceAnalyzer - INFO - -> Analyzing version 0.7.0 (25/53)...
2025-10-27 10:52:39,363 - BlankSpaceAnalyzer - INFO - -> Analyzing version 0.8.0 (26/53)...
2025-10-27 10:52:39,364 - BlankSpaceAnalyzer - INFO - -> Analyzing version 1.0.0 (27/53)...
2025-10-27 10:52:39,364 - BlankSpaceAnalyzer - INFO - -> Analyzing version 1.1.0 (28/53)...
2025-10-27 10:52:39,364 - BlankSpaceAnalyzer - INFO - -> Analyzing version 1.1.1 (29/53)...
2025-10-27 10:52:39,364 - BlankSpaceAnalyzer - INFO - -> Analyzing version 1.2.0 (30/53)...
2025-10-27 10:52:39,365 - BlankSpaceAnalyzer - INFO - -> Analyzing version 2.0.0 (31/53)...
2025-10-27 10:52:39,365 - BlankSpaceAnalyzer - INFO - -> Analyzing version 2.0.1 (32/53)...
2025-10-27 10:52:39,365 - BlankSpaceAnalyzer - INFO - -> Analyzing version 2.1.0 (33/53)...
2025-10-27 10:52:39,365 - BlankSpaceAnalyzer - INFO - -> Analyzing version 2.1.1 (34/53)...
2025-10-27 10:52:39,366 - BlankSpaceAnalyzer - INFO - -> Analyzing version 2.1.2 (35/53)...
2025-10-27 10:52:39,366 - BlankSpaceAnalyzer - INFO - -> Analyzing version 2.1.3 (36/53)...
2025-10-27 10:52:39,366 - BlankSpaceAnalyzer - INFO - -> Analyzing version 3.0.0 (37/53)...
2025-10-27 10:52:39,366 - BlankSpaceAnalyzer - INFO - -> Analyzing version 3.0.1 (38/53)...
2025-10-27 10:52:39,367 - BlankSpaceAnalyzer - INFO - -> Analyzing version 4.0.0 (39/53)...
2025-10-27 10:52:39,367 - BlankSpaceAnalyzer - INFO - -> Analyzing version 4.0.1 (40/53)...
2025-10-27 10:52:39,367 - BlankSpaceAnalyzer - INFO - -> Analyzing version 4.0.2 (41/53)...
2025-10-27 10:52:39,367 - BlankSpaceAnalyzer - INFO - -> Analyzing version 4.0.3 (42/53)...
2025-10-27 10:52:39,368 - BlankSpaceAnalyzer - INFO - -> Analyzing version 4.0.4 (43/53)...
2025-10-27 10:52:39,368 - BlankSpaceAnalyzer - INFO - -> Analyzing version 4.1.0 (44/53)...
2025-10-27 10:52:39,368 - BlankSpaceAnalyzer - INFO - -> Analyzing version 4.1.1 (45/53)...
2025-10-27 10:52:39,368 - BlankSpaceAnalyzer - INFO - -> Analyzing version 5.0.0 (46/53)...
2025-10-27 10:52:39,369 - BlankSpaceAnalyzer - INFO - -> Analyzing version 5.0.1 (47/53)...
2025-10-27 10:52:39,369 - BlankSpaceAnalyzer - INFO - -> Analyzing version 5.0.2 (48/53)...
2025-10-27 10:52:39,369 - BlankSpaceAnalyzer - INFO - -> Analyzing version 6.0.0 (49/53)...
2025-10-27 10:52:39,369 - BlankSpaceAnalyzer - INFO - -> Analyzing version 6.0.1 (50/53)...
2025-10-27 10:52:39,370 - BlankSpaceAnalyzer - INFO - -> Analyzing version 7.0.0 (51/53)...
2025-10-27 10:52:39,370 - BlankSpaceAnalyzer - INFO - -> Analyzing version 7.0.1 (52/53)...
2025-10-27 10:52:39,454 - BlankSpaceAnalyzer - INFO - -> Analyzing version 7.0.2 (53/53)...
2025-10-27 10:52:39,538 - BlankSpaceAnalyzer - INFO - Exporting results for 'zip-stream' to CSV...
2025-10-27 10:52:39,583 - BlankSpaceAnalyzer - INFO - Reports saved in: /app/npm_results/zip-stream
2025-10-27 10:52:39,583 - NPM_Analyzer - INFO - Cleaning temporary folder 'temp/zip-stream'...
2025-10-27 10:52:39,596 - NPM_Analyzer - INFO - Cleanup completed.
