2025-11-16 06:33:52,230 - NPM_HUT_Analyzer - INFO - Recupero metadata per 'undefsafe'...
2025-11-16 06:33:52,291 - NPM_HUT_Analyzer - INFO - Trovate 13 versioni. Inizio download in 'temp_hut/undefsafe'...
2025-11-16 06:34:00,000 - UnicodeAnalyzer - INFO - Analizzando 13 versioni per '*.js' in 'undefsafe'.
2025-11-16 06:34:00,001 - UnicodeAnalyzer - INFO - -> Analizzando versione 0.0.1 (1/13)...
2025-11-16 06:34:00,002 - UnicodeAnalyzer - INFO - Filtrati 1 file (es. in /dist, /test).
2025-11-16 06:34:00,003 - UnicodeAnalyzer - INFO - -> Analizzando versione 0.0.2 (2/13)...
2025-11-16 06:34:00,004 - UnicodeAnalyzer - INFO - Filtrati 1 file (es. in /dist, /test).
2025-11-16 06:34:00,004 - UnicodeAnalyzer - INFO - -> Analizzando versione 0.0.3 (3/13)...
2025-11-16 06:34:00,006 - UnicodeAnalyzer - INFO - Filtrati 1 file (es. in /dist, /test).
2025-11-16 06:34:00,006 - UnicodeAnalyzer - INFO - -> Analizzando versione 1.0.0 (4/13)...
2025-11-16 06:34:00,008 - UnicodeAnalyzer - INFO - Filtrati 1 file (es. in /dist, /test).
2025-11-16 06:34:00,098 - UnicodeAnalyzer - INFO - -> Analizzando versione 1.1.0 (5/13)...
2025-11-16 06:34:00,098 - UnicodeAnalyzer - INFO - Filtrati 3 file (es. in /dist, /test).
2025-11-16 06:34:00,165 - UnicodeAnalyzer - INFO - -> Analizzando versione 1.2.0 (6/13)...
2025-11-16 06:34:00,166 - UnicodeAnalyzer - INFO - Filtrati 4 file (es. in /dist, /test).
2025-11-16 06:34:00,227 - UnicodeAnalyzer - INFO - -> Analizzando versione 1.3.0 (7/13)...
2025-11-16 06:34:00,228 - UnicodeAnalyzer - INFO - Filtrati 4 file (es. in /dist, /test).
2025-11-16 06:34:00,294 - UnicodeAnalyzer - INFO - -> Analizzando versione 1.3.1 (8/13)...
2025-11-16 06:34:00,294 - UnicodeAnalyzer - INFO - Filtrati 4 file (es. in /dist, /test).
2025-11-16 06:34:00,361 - UnicodeAnalyzer - INFO - -> Analizzando versione 2.0.0 (9/13)...
2025-11-16 06:34:00,362 - UnicodeAnalyzer - INFO - Filtrati 4 file (es. in /dist, /test).
2025-11-16 06:34:00,438 - UnicodeAnalyzer - INFO - -> Analizzando versione 2.0.1 (10/13)...
2025-11-16 06:34:00,438 - UnicodeAnalyzer - INFO - Filtrati 4 file (es. in /dist, /test).
2025-11-16 06:34:00,506 - UnicodeAnalyzer - INFO - -> Analizzando versione 2.0.2 (11/13)...
2025-11-16 06:34:00,574 - UnicodeAnalyzer - INFO - -> Analizzando versione 2.0.3 (12/13)...
2025-11-16 06:34:00,638 - UnicodeAnalyzer - INFO - -> Analizzando versione 2.0.5 (13/13)...
2025-11-16 06:34:00,705 - UnicodeAnalyzer - INFO - Esportando i risultati HUT per 'undefsafe' in CSV...
2025-11-16 06:34:00,723 - UnicodeAnalyzer - INFO - Report salvati in: /app/npm_hut_results/undefsafe
2025-11-16 06:34:00,723 - NPM_HUT_Analyzer - INFO - Pulizia cartella temporanea 'temp_hut/undefsafe'...
2025-11-16 06:34:00,726 - NPM_HUT_Analyzer - INFO - Pulizia completata.
