2025-11-03 09:10:04,432 - NPM_Analyzer - INFO - Fetching metadata for '@tiptap/extension-underline'...
2025-11-03 09:10:04,574 - NPM_Analyzer - INFO - Found 277 versions. Starting download into 'temp/@tiptap_extension-underline'...
2025-11-03 09:15:29,300 - BlankSpaceAnalyzer - INFO - Analyzing 277 versions for '*.js' in '@tiptap_extension-underline'.
2025-11-03 09:15:29,300 - BlankSpaceAnalyzer - INFO - -> Analyzing version 1.0.0-alpha.1 (1/277)...
2025-11-03 09:15:29,411 - BlankSpaceAnalyzer - INFO - -> Analyzing version 1.0.0-alpha.2 (2/277)...
2025-11-03 09:15:29,503 - BlankSpaceAnalyzer - INFO - -> Analyzing version 2.0.0 (3/277)...
2025-11-03 09:15:29,594 - BlankSpaceAnalyzer - INFO - -> Analyzing version 2.0.0-alpha.1 (4/277)...
2025-11-03 09:15:29,686 - BlankSpaceAnalyzer - INFO - -> Analyzing version 2.0.0-alpha.10 (5/277)...
2025-11-03 09:15:29,778 - BlankSpaceAnalyzer - INFO - -> Analyzing version 2.0.0-alpha.11 (6/277)...
2025-11-03 09:15:29,869 - BlankSpaceAnalyzer - INFO - -> Analyzing version 2.0.0-alpha.2 (7/277)...
2025-11-03 09:15:29,960 - BlankSpaceAnalyzer - INFO - -> Analyzing version 2.0.0-alpha.3 (8/277)...
2025-11-03 09:15:30,051 - BlankSpaceAnalyzer - INFO - -> Analyzing version 2.0.0-alpha.4 (9/277)...
2025-11-03 09:15:30,142 - BlankSpaceAnalyzer - INFO - -> Analyzing version 2.0.0-alpha.5 (10/277)...
2025-11-03 09:15:30,241 - BlankSpaceAnalyzer - INFO - -> Analyzing version 2.0.0-alpha.6 (11/277)...
2025-11-03 09:15:30,339 - BlankSpaceAnalyzer - INFO - -> Analyzing version 2.0.0-alpha.7 (12/277)...
2025-11-03 09:15:30,430 - BlankSpaceAnalyzer - INFO - -> Analyzing version 2.0.0-alpha.8 (13/277)...
2025-11-03 09:15:30,529 - BlankSpaceAnalyzer - INFO - -> Analyzing version 2.0.0-alpha.9 (14/277)...
2025-11-03 09:15:30,620 - BlankSpaceAnalyzer - INFO - -> Analyzing version 2.0.0-beta.1 (15/277)...
2025-11-03 09:15:30,712 - BlankSpaceAnalyzer - INFO - -> Analyzing version 2.0.0-beta.10 (16/277)...
2025-11-03 09:15:30,803 - BlankSpaceAnalyzer - INFO - -> Analyzing version 2.0.0-beta.11 (17/277)...
2025-11-03 09:15:30,893 - BlankSpaceAnalyzer - INFO - -> Analyzing version 2.0.0-beta.12 (18/277)...
2025-11-03 09:15:30,985 - BlankSpaceAnalyzer - INFO - -> Analyzing version 2.0.0-beta.13 (19/277)...
2025-11-03 09:15:31,077 - BlankSpaceAnalyzer - INFO - -> Analyzing version 2.0.0-beta.14 (20/277)...
2025-11-03 09:15:31,168 - BlankSpaceAnalyzer - INFO - -> Analyzing version 2.0.0-beta.15 (21/277)...
2025-11-03 09:15:31,261 - BlankSpaceAnalyzer - INFO - -> Analyzing version 2.0.0-beta.16 (22/277)...
2025-11-03 09:15:31,353 - BlankSpaceAnalyzer - INFO - -> Analyzing version 2.0.0-beta.17 (23/277)...
2025-11-03 09:15:31,447 - BlankSpaceAnalyzer - INFO - -> Analyzing version 2.0.0-beta.18 (24/277)...
2025-11-03 09:15:31,538 - BlankSpaceAnalyzer - INFO - -> Analyzing version 2.0.0-beta.19 (25/277)...
2025-11-03 09:15:31,629 - BlankSpaceAnalyzer - INFO - -> Analyzing version 2.0.0-beta.194 (26/277)...
2025-11-03 09:15:31,729 - BlankSpaceAnalyzer - INFO - -> Analyzing version 2.0.0-beta.195 (27/277)...
2025-11-03 09:15:31,820 - BlankSpaceAnalyzer - INFO - -> Analyzing version 2.0.0-beta.196 (28/277)...
2025-11-03 09:15:31,911 - BlankSpaceAnalyzer - INFO - -> Analyzing version 2.0.0-beta.197 (29/277)...
2025-11-03 09:15:32,003 - BlankSpaceAnalyzer - INFO - -> Analyzing version 2.0.0-beta.198 (30/277)...
2025-11-03 09:15:32,095 - BlankSpaceAnalyzer - INFO - -> Analyzing version 2.0.0-beta.199 (31/277)...
2025-11-03 09:15:32,186 - BlankSpaceAnalyzer - INFO - -> Analyzing version 2.0.0-beta.2 (32/277)...
2025-11-03 09:15:32,279 - BlankSpaceAnalyzer - INFO - -> Analyzing version 2.0.0-beta.20 (33/277)...
2025-11-03 09:15:32,279 - BlankSpaceAnalyzer - INFO - -> Analyzing version 2.0.0-beta.200 (34/277)...
2025-11-03 09:15:32,379 - BlankSpaceAnalyzer - INFO - -> Analyzing version 2.0.0-beta.201 (35/277)...
2025-11-03 09:15:32,475 - BlankSpaceAnalyzer - INFO - -> Analyzing version 2.0.0-beta.202 (36/277)...
2025-11-03 09:15:32,567 - BlankSpaceAnalyzer - INFO - -> Analyzing version 2.0.0-beta.203 (37/277)...
2025-11-03 09:15:32,568 - BlankSpaceAnalyzer - INFO - -> Analyzing version 2.0.0-beta.204 (38/277)...
2025-11-03 09:15:32,660 - BlankSpaceAnalyzer - INFO - -> Analyzing version 2.0.0-beta.205 (39/277)...
2025-11-03 09:15:32,754 - BlankSpaceAnalyzer - INFO - -> Analyzing version 2.0.0-beta.206 (40/277)...
2025-11-03 09:15:32,844 - BlankSpaceAnalyzer - INFO - -> Analyzing version 2.0.0-beta.207 (41/277)...
2025-11-03 09:15:32,935 - BlankSpaceAnalyzer - INFO - -> Analyzing version 2.0.0-beta.208 (42/277)...
2025-11-03 09:15:33,026 - BlankSpaceAnalyzer - INFO - -> Analyzing version 2.0.0-beta.209 (43/277)...
2025-11-03 09:15:33,117 - BlankSpaceAnalyzer - INFO - -> Analyzing version 2.0.0-beta.21 (44/277)...
2025-11-03 09:15:33,208 - BlankSpaceAnalyzer - INFO - -> Analyzing version 2.0.0-beta.210 (45/277)...
2025-11-03 09:15:33,209 - BlankSpaceAnalyzer - INFO - -> Analyzing version 2.0.0-beta.211 (46/277)...
2025-11-03 09:15:33,209 - BlankSpaceAnalyzer - INFO - -> Analyzing version 2.0.0-beta.212 (47/277)...
2025-11-03 09:15:33,210 - BlankSpaceAnalyzer - INFO - -> Analyzing version 2.0.0-beta.213 (48/277)...
2025-11-03 09:15:33,210 - BlankSpaceAnalyzer - INFO - -> Analyzing version 2.0.0-beta.214 (49/277)...
2025-11-03 09:15:33,312 - BlankSpaceAnalyzer - INFO - -> Analyzing version 2.0.0-beta.215 (50/277)...
2025-11-03 09:15:33,405 - BlankSpaceAnalyzer - INFO - -> Analyzing version 2.0.0-beta.216 (51/277)...
2025-11-03 09:15:33,496 - BlankSpaceAnalyzer - INFO - -> Analyzing version 2.0.0-beta.217 (52/277)...
2025-11-03 09:15:33,586 - BlankSpaceAnalyzer - INFO - -> Analyzing version 2.0.0-beta.218 (53/277)...
2025-11-03 09:15:33,677 - BlankSpaceAnalyzer - INFO - -> Analyzing version 2.0.0-beta.219 (54/277)...
2025-11-03 09:15:33,768 - BlankSpaceAnalyzer - INFO - -> Analyzing version 2.0.0-beta.22 (55/277)...
2025-11-03 09:15:33,859 - BlankSpaceAnalyzer - INFO - -> Analyzing version 2.0.0-beta.220 (56/277)...
2025-11-03 09:15:33,949 - BlankSpaceAnalyzer - INFO - -> Analyzing version 2.0.0-beta.23 (57/277)...
2025-11-03 09:15:34,041 - BlankSpaceAnalyzer - INFO - -> Analyzing version 2.0.0-beta.25 (58/277)...
2025-11-03 09:15:34,131 - BlankSpaceAnalyzer - INFO - -> Analyzing version 2.0.0-beta.3 (59/277)...
2025-11-03 09:15:34,222 - BlankSpaceAnalyzer - INFO - -> Analyzing version 2.0.0-beta.4 (60/277)...
2025-11-03 09:15:34,313 - BlankSpaceAnalyzer - INFO - -> Analyzing version 2.0.0-beta.5 (61/277)...
2025-11-03 09:15:34,405 - BlankSpaceAnalyzer - INFO - -> Analyzing version 2.0.0-beta.6 (62/277)...
2025-11-03 09:15:34,501 - BlankSpaceAnalyzer - INFO - -> Analyzing version 2.0.0-beta.7 (63/277)...
2025-11-03 09:15:34,596 - BlankSpaceAnalyzer - INFO - -> Analyzing version 2.0.0-beta.8 (64/277)...
2025-11-03 09:15:34,688 - BlankSpaceAnalyzer - INFO - -> Analyzing version 2.0.0-beta.9 (65/277)...
2025-11-03 09:15:34,780 - BlankSpaceAnalyzer - INFO - -> Analyzing version 2.0.0-rc.1 (66/277)...
2025-11-03 09:15:34,872 - BlankSpaceAnalyzer - INFO - -> Analyzing version 2.0.0-rc.2 (67/277)...
2025-11-03 09:15:34,964 - BlankSpaceAnalyzer - INFO - -> Analyzing version 2.0.0-rc.3 (68/277)...
2025-11-03 09:15:35,056 - BlankSpaceAnalyzer - INFO - -> Analyzing version 2.0.1 (69/277)...
2025-11-03 09:15:35,147 - BlankSpaceAnalyzer - INFO - -> Analyzing version 2.0.2 (70/277)...
2025-11-03 09:15:35,246 - BlankSpaceAnalyzer - INFO - -> Analyzing version 2.0.3 (71/277)...
2025-11-03 09:15:35,337 - BlankSpaceAnalyzer - INFO - -> Analyzing version 2.0.4 (72/277)...
2025-11-03 09:15:35,429 - BlankSpaceAnalyzer - INFO - -> Analyzing version 2.1.0 (73/277)...
2025-11-03 09:15:35,519 - BlankSpaceAnalyzer - INFO - -> Analyzing version 2.1.0-rc.0 (74/277)...
2025-11-03 09:15:35,610 - BlankSpaceAnalyzer - INFO - -> Analyzing version 2.1.0-rc.1 (75/277)...
2025-11-03 09:15:35,701 - BlankSpaceAnalyzer - INFO - -> Analyzing version 2.1.0-rc.10 (76/277)...
2025-11-03 09:15:35,793 - BlankSpaceAnalyzer - INFO - -> Analyzing version 2.1.0-rc.11 (77/277)...
2025-11-03 09:15:35,885 - BlankSpaceAnalyzer - INFO - -> Analyzing version 2.1.0-rc.12 (78/277)...
2025-11-03 09:15:35,976 - BlankSpaceAnalyzer - INFO - -> Analyzing version 2.1.0-rc.13 (79/277)...
2025-11-03 09:15:36,068 - BlankSpaceAnalyzer - INFO - -> Analyzing version 2.1.0-rc.14 (80/277)...
2025-11-03 09:15:36,160 - BlankSpaceAnalyzer - INFO - -> Analyzing version 2.1.0-rc.2 (81/277)...
2025-11-03 09:15:36,252 - BlankSpaceAnalyzer - INFO - -> Analyzing version 2.1.0-rc.3 (82/277)...
2025-11-03 09:15:36,344 - BlankSpaceAnalyzer - INFO - -> Analyzing version 2.1.0-rc.4 (83/277)...
2025-11-03 09:15:36,435 - BlankSpaceAnalyzer - INFO - -> Analyzing version 2.1.0-rc.5 (84/277)...
2025-11-03 09:15:36,526 - BlankSpaceAnalyzer - INFO - -> Analyzing version 2.1.0-rc.8 (85/277)...
2025-11-03 09:15:36,618 - BlankSpaceAnalyzer - INFO - -> Analyzing version 2.1.0-rc.9 (86/277)...
2025-11-03 09:15:36,710 - BlankSpaceAnalyzer - INFO - -> Analyzing version 2.1.1 (87/277)...
2025-11-03 09:15:36,801 - BlankSpaceAnalyzer - INFO - -> Analyzing version 2.1.10 (88/277)...
2025-11-03 09:15:36,893 - BlankSpaceAnalyzer - INFO - -> Analyzing version 2.1.11 (89/277)...
2025-11-03 09:15:36,985 - BlankSpaceAnalyzer - INFO - -> Analyzing version 2.1.12 (90/277)...
2025-11-03 09:15:37,077 - BlankSpaceAnalyzer - INFO - -> Analyzing version 2.1.13 (91/277)...
2025-11-03 09:15:37,168 - BlankSpaceAnalyzer - INFO - -> Analyzing version 2.1.14 (92/277)...
2025-11-03 09:15:37,260 - BlankSpaceAnalyzer - INFO - -> Analyzing version 2.1.15 (93/277)...
2025-11-03 09:15:37,350 - BlankSpaceAnalyzer - INFO - -> Analyzing version 2.1.16 (94/277)...
2025-11-03 09:15:37,441 - BlankSpaceAnalyzer - INFO - -> Analyzing version 2.1.2 (95/277)...
2025-11-03 09:15:37,532 - BlankSpaceAnalyzer - INFO - -> Analyzing version 2.1.3 (96/277)...
2025-11-03 09:15:37,623 - BlankSpaceAnalyzer - INFO - -> Analyzing version 2.1.4 (97/277)...
2025-11-03 09:15:37,714 - BlankSpaceAnalyzer - INFO - -> Analyzing version 2.1.6 (98/277)...
2025-11-03 09:15:37,806 - BlankSpaceAnalyzer - INFO - -> Analyzing version 2.1.7 (99/277)...
2025-11-03 09:15:37,897 - BlankSpaceAnalyzer - INFO - -> Analyzing version 2.1.8 (100/277)...
2025-11-03 09:15:37,988 - BlankSpaceAnalyzer - INFO - -> Analyzing version 2.1.9 (101/277)...
2025-11-03 09:15:38,081 - BlankSpaceAnalyzer - INFO - -> Analyzing version 2.10.0 (102/277)...
2025-11-03 09:15:38,173 - BlankSpaceAnalyzer - INFO - -> Analyzing version 2.10.1 (103/277)...
2025-11-03 09:15:38,264 - BlankSpaceAnalyzer - INFO - -> Analyzing version 2.10.2 (104/277)...
2025-11-03 09:15:38,355 - BlankSpaceAnalyzer - INFO - -> Analyzing version 2.10.3 (105/277)...
2025-11-03 09:15:38,446 - BlankSpaceAnalyzer - INFO - -> Analyzing version 2.10.4 (106/277)...
2025-11-03 09:15:38,537 - BlankSpaceAnalyzer - INFO - -> Analyzing version 2.11.0 (107/277)...
2025-11-03 09:15:38,629 - BlankSpaceAnalyzer - INFO - -> Analyzing version 2.11.1 (108/277)...
2025-11-03 09:15:38,721 - BlankSpaceAnalyzer - INFO - -> Analyzing version 2.11.2 (109/277)...
2025-11-03 09:15:38,812 - BlankSpaceAnalyzer - INFO - -> Analyzing version 2.11.3 (110/277)...
2025-11-03 09:15:38,903 - BlankSpaceAnalyzer - INFO - -> Analyzing version 2.11.4 (111/277)...
2025-11-03 09:15:38,995 - BlankSpaceAnalyzer - INFO - -> Analyzing version 2.11.5 (112/277)...
2025-11-03 09:15:39,086 - BlankSpaceAnalyzer - INFO - -> Analyzing version 2.11.6 (113/277)...
2025-11-03 09:15:39,177 - BlankSpaceAnalyzer - INFO - -> Analyzing version 2.11.7 (114/277)...
2025-11-03 09:15:39,269 - BlankSpaceAnalyzer - INFO - -> Analyzing version 2.11.9 (115/277)...
2025-11-03 09:15:39,360 - BlankSpaceAnalyzer - INFO - -> Analyzing version 2.12.0 (116/277)...
2025-11-03 09:15:39,451 - BlankSpaceAnalyzer - INFO - -> Analyzing version 2.13.0 (117/277)...
2025-11-03 09:15:39,542 - BlankSpaceAnalyzer - INFO - -> Analyzing version 2.14.0 (118/277)...
2025-11-03 09:15:39,633 - BlankSpaceAnalyzer - INFO - -> Analyzing version 2.14.1 (119/277)...
2025-11-03 09:15:39,725 - BlankSpaceAnalyzer - INFO - -> Analyzing version 2.2.0 (120/277)...
2025-11-03 09:15:39,816 - BlankSpaceAnalyzer - INFO - -> Analyzing version 2.2.0-rc.3 (121/277)...
2025-11-03 09:15:39,908 - BlankSpaceAnalyzer - INFO - -> Analyzing version 2.2.0-rc.4 (122/277)...
2025-11-03 09:15:39,998 - BlankSpaceAnalyzer - INFO - -> Analyzing version 2.2.0-rc.5 (123/277)...
2025-11-03 09:15:40,091 - BlankSpaceAnalyzer - INFO - -> Analyzing version 2.2.0-rc.6 (124/277)...
2025-11-03 09:15:40,183 - BlankSpaceAnalyzer - INFO - -> Analyzing version 2.2.0-rc.7 (125/277)...
2025-11-03 09:15:40,274 - BlankSpaceAnalyzer - INFO - -> Analyzing version 2.2.0-rc.8 (126/277)...
2025-11-03 09:15:40,365 - BlankSpaceAnalyzer - INFO - -> Analyzing version 2.2.1 (127/277)...
2025-11-03 09:15:40,457 - BlankSpaceAnalyzer - INFO - -> Analyzing version 2.2.2 (128/277)...
2025-11-03 09:15:40,549 - BlankSpaceAnalyzer - INFO - -> Analyzing version 2.2.3 (129/277)...
2025-11-03 09:15:40,640 - BlankSpaceAnalyzer - INFO - -> Analyzing version 2.2.4 (130/277)...
2025-11-03 09:15:40,731 - BlankSpaceAnalyzer - INFO - -> Analyzing version 2.2.5 (131/277)...
2025-11-03 09:15:40,823 - BlankSpaceAnalyzer - INFO - -> Analyzing version 2.2.6 (132/277)...
2025-11-03 09:15:40,915 - BlankSpaceAnalyzer - INFO - -> Analyzing version 2.22.0 (133/277)...
2025-11-03 09:15:41,006 - BlankSpaceAnalyzer - INFO - -> Analyzing version 2.22.1 (134/277)...
2025-11-03 09:15:41,099 - BlankSpaceAnalyzer - INFO - -> Analyzing version 2.22.2 (135/277)...
2025-11-03 09:15:41,190 - BlankSpaceAnalyzer - INFO - -> Analyzing version 2.22.3 (136/277)...
2025-11-03 09:15:41,282 - BlankSpaceAnalyzer - INFO - -> Analyzing version 2.23.0 (137/277)...
2025-11-03 09:15:41,374 - BlankSpaceAnalyzer - INFO - -> Analyzing version 2.23.1 (138/277)...
2025-11-03 09:15:41,467 - BlankSpaceAnalyzer - INFO - -> Analyzing version 2.24.0 (139/277)...
2025-11-03 09:15:41,566 - BlankSpaceAnalyzer - INFO - -> Analyzing version 2.24.1 (140/277)...
2025-11-03 09:15:41,658 - BlankSpaceAnalyzer - INFO - -> Analyzing version 2.24.2 (141/277)...
2025-11-03 09:15:41,750 - BlankSpaceAnalyzer - INFO - -> Analyzing version 2.25.0 (142/277)...
2025-11-03 09:15:41,842 - BlankSpaceAnalyzer - INFO - -> Analyzing version 2.25.1 (143/277)...
2025-11-03 09:15:41,933 - BlankSpaceAnalyzer - INFO - -> Analyzing version 2.26.0 (144/277)...
2025-11-03 09:15:42,024 - BlankSpaceAnalyzer - INFO - -> Analyzing version 2.26.1 (145/277)...
2025-11-03 09:15:42,116 - BlankSpaceAnalyzer - INFO - -> Analyzing version 2.26.2 (146/277)...
2025-11-03 09:15:42,211 - BlankSpaceAnalyzer - INFO - -> Analyzing version 2.26.3 (147/277)...
2025-11-03 09:15:42,301 - BlankSpaceAnalyzer - INFO - -> Analyzing version 2.26.4 (148/277)...
2025-11-03 09:15:42,392 - BlankSpaceAnalyzer - INFO - -> Analyzing version 2.27.0 (149/277)...
2025-11-03 09:15:42,483 - BlankSpaceAnalyzer - INFO - -> Analyzing version 2.27.1 (150/277)...
2025-11-03 09:15:42,575 - BlankSpaceAnalyzer - INFO - -> Analyzing version 2.3.0 (151/277)...
2025-11-03 09:15:42,666 - BlankSpaceAnalyzer - INFO - -> Analyzing version 2.3.1 (152/277)...
2025-11-03 09:15:42,757 - BlankSpaceAnalyzer - INFO - -> Analyzing version 2.3.2 (153/277)...
2025-11-03 09:15:42,849 - BlankSpaceAnalyzer - INFO - -> Analyzing version 2.4.0 (154/277)...
2025-11-03 09:15:42,941 - BlankSpaceAnalyzer - INFO - -> Analyzing version 2.5.0 (155/277)...
2025-11-03 09:15:43,035 - BlankSpaceAnalyzer - INFO - -> Analyzing version 2.5.0-beta.0 (156/277)...
2025-11-03 09:15:43,127 - BlankSpaceAnalyzer - INFO - -> Analyzing version 2.5.0-beta.1 (157/277)...
2025-11-03 09:15:43,220 - BlankSpaceAnalyzer - INFO - -> Analyzing version 2.5.0-beta.2 (158/277)...
2025-11-03 09:15:43,311 - BlankSpaceAnalyzer - INFO - -> Analyzing version 2.5.0-beta.3 (159/277)...
2025-11-03 09:15:43,403 - BlankSpaceAnalyzer - INFO - -> Analyzing version 2.5.0-beta.4 (160/277)...
2025-11-03 09:15:43,494 - BlankSpaceAnalyzer - INFO - -> Analyzing version 2.5.0-beta.5 (161/277)...
2025-11-03 09:15:43,586 - BlankSpaceAnalyzer - INFO - -> Analyzing version 2.5.0-beta.6 (162/277)...
2025-11-03 09:15:43,678 - BlankSpaceAnalyzer - INFO - -> Analyzing version 2.5.0-pre.10 (163/277)...
2025-11-03 09:15:43,770 - BlankSpaceAnalyzer - INFO - -> Analyzing version 2.5.0-pre.11 (164/277)...
2025-11-03 09:15:43,863 - BlankSpaceAnalyzer - INFO - -> Analyzing version 2.5.0-pre.13 (165/277)...
2025-11-03 09:15:43,954 - BlankSpaceAnalyzer - INFO - -> Analyzing version 2.5.0-pre.14 (166/277)...
2025-11-03 09:15:44,047 - BlankSpaceAnalyzer - INFO - -> Analyzing version 2.5.0-pre.15 (167/277)...
2025-11-03 09:15:44,140 - BlankSpaceAnalyzer - INFO - -> Analyzing version 2.5.0-pre.16 (168/277)...
2025-11-03 09:15:44,231 - BlankSpaceAnalyzer - INFO - -> Analyzing version 2.5.0-pre.8 (169/277)...
2025-11-03 09:15:44,330 - BlankSpaceAnalyzer - INFO - -> Analyzing version 2.5.0-pre.9 (170/277)...
2025-11-03 09:15:44,424 - BlankSpaceAnalyzer - INFO - -> Analyzing version 2.5.1 (171/277)...
2025-11-03 09:15:44,516 - BlankSpaceAnalyzer - INFO - -> Analyzing version 2.5.2 (172/277)...
2025-11-03 09:15:44,607 - BlankSpaceAnalyzer - INFO - -> Analyzing version 2.5.3 (173/277)...
2025-11-03 09:15:44,699 - BlankSpaceAnalyzer - INFO - -> Analyzing version 2.5.4 (174/277)...
2025-11-03 09:15:44,791 - BlankSpaceAnalyzer - INFO - -> Analyzing version 2.5.5 (175/277)...
2025-11-03 09:15:44,882 - BlankSpaceAnalyzer - INFO - -> Analyzing version 2.5.6 (176/277)...
2025-11-03 09:15:44,974 - BlankSpaceAnalyzer - INFO - -> Analyzing version 2.5.7 (177/277)...
2025-11-03 09:15:45,066 - BlankSpaceAnalyzer - INFO - -> Analyzing version 2.5.8 (178/277)...
2025-11-03 09:15:45,158 - BlankSpaceAnalyzer - INFO - -> Analyzing version 2.5.9 (179/277)...
2025-11-03 09:15:45,250 - BlankSpaceAnalyzer - INFO - -> Analyzing version 2.6.0 (180/277)...
2025-11-03 09:15:45,342 - BlankSpaceAnalyzer - INFO - -> Analyzing version 2.6.1 (181/277)...
2025-11-03 09:15:45,435 - BlankSpaceAnalyzer - INFO - -> Analyzing version 2.6.2 (182/277)...
2025-11-03 09:15:45,526 - BlankSpaceAnalyzer - INFO - -> Analyzing version 2.6.3 (183/277)...
2025-11-03 09:15:45,618 - BlankSpaceAnalyzer - INFO - -> Analyzing version 2.6.4 (184/277)...
2025-11-03 09:15:45,709 - BlankSpaceAnalyzer - INFO - -> Analyzing version 2.6.5 (185/277)...
2025-11-03 09:15:45,801 - BlankSpaceAnalyzer - INFO - -> Analyzing version 2.6.6 (186/277)...
2025-11-03 09:15:45,893 - BlankSpaceAnalyzer - INFO - -> Analyzing version 2.7.0 (187/277)...
2025-11-03 09:15:45,984 - BlankSpaceAnalyzer - INFO - -> Analyzing version 2.7.0-pre.0 (188/277)...
2025-11-03 09:15:46,076 - BlankSpaceAnalyzer - INFO - -> Analyzing version 2.7.1 (189/277)...
2025-11-03 09:15:46,168 - BlankSpaceAnalyzer - INFO - -> Analyzing version 2.7.2 (190/277)...
2025-11-03 09:15:46,260 - BlankSpaceAnalyzer - INFO - -> Analyzing version 2.7.3 (191/277)...
2025-11-03 09:15:46,352 - BlankSpaceAnalyzer - INFO - -> Analyzing version 2.7.4 (192/277)...
2025-11-03 09:15:46,444 - BlankSpaceAnalyzer - INFO - -> Analyzing version 2.8.0 (193/277)...
2025-11-03 09:15:46,534 - BlankSpaceAnalyzer - INFO - -> Analyzing version 2.9.0 (194/277)...
2025-11-03 09:15:46,625 - BlankSpaceAnalyzer - INFO - -> Analyzing version 2.9.1 (195/277)...
2025-11-03 09:15:46,716 - BlankSpaceAnalyzer - INFO - -> Analyzing version 3.0.0 (196/277)...
2025-11-03 09:15:46,808 - BlankSpaceAnalyzer - INFO - -> Analyzing version 3.0.0-beta.0 (197/277)...
2025-11-03 09:15:46,809 - BlankSpaceAnalyzer - INFO - -> Analyzing version 3.0.0-beta.1 (198/277)...
2025-11-03 09:15:46,809 - BlankSpaceAnalyzer - INFO - -> Analyzing version 3.0.0-beta.10 (199/277)...
2025-11-03 09:15:46,810 - BlankSpaceAnalyzer - INFO - -> Analyzing version 3.0.0-beta.11 (200/277)...
2025-11-03 09:15:46,810 - BlankSpaceAnalyzer - INFO - -> Analyzing version 3.0.0-beta.12 (201/277)...
2025-11-03 09:15:46,810 - BlankSpaceAnalyzer - INFO - -> Analyzing version 3.0.0-beta.14 (202/277)...
2025-11-03 09:15:46,811 - BlankSpaceAnalyzer - INFO - -> Analyzing version 3.0.0-beta.15 (203/277)...
2025-11-03 09:15:46,811 - BlankSpaceAnalyzer - INFO - -> Analyzing version 3.0.0-beta.16 (204/277)...
2025-11-03 09:15:46,811 - BlankSpaceAnalyzer - INFO - -> Analyzing version 3.0.0-beta.17 (205/277)...
2025-11-03 09:15:46,812 - BlankSpaceAnalyzer - INFO - -> Analyzing version 3.0.0-beta.18 (206/277)...
2025-11-03 09:15:46,812 - BlankSpaceAnalyzer - INFO - -> Analyzing version 3.0.0-beta.19 (207/277)...
2025-11-03 09:15:46,813 - BlankSpaceAnalyzer - INFO - -> Analyzing version 3.0.0-beta.2 (208/277)...
2025-11-03 09:15:46,813 - BlankSpaceAnalyzer - INFO - -> Analyzing version 3.0.0-beta.21 (209/277)...
2025-11-03 09:15:46,813 - BlankSpaceAnalyzer - INFO - -> Analyzing version 3.0.0-beta.22 (210/277)...
2025-11-03 09:15:46,813 - BlankSpaceAnalyzer - INFO - -> Analyzing version 3.0.0-beta.23 (211/277)...
2025-11-03 09:15:46,814 - BlankSpaceAnalyzer - INFO - -> Analyzing version 3.0.0-beta.24 (212/277)...
2025-11-03 09:15:46,814 - BlankSpaceAnalyzer - INFO - -> Analyzing version 3.0.0-beta.25 (213/277)...
2025-11-03 09:15:46,814 - BlankSpaceAnalyzer - INFO - -> Analyzing version 3.0.0-beta.26 (214/277)...
2025-11-03 09:15:46,815 - BlankSpaceAnalyzer - INFO - -> Analyzing version 3.0.0-beta.27 (215/277)...
2025-11-03 09:15:46,815 - BlankSpaceAnalyzer - INFO - -> Analyzing version 3.0.0-beta.28 (216/277)...
2025-11-03 09:15:46,815 - BlankSpaceAnalyzer - INFO - -> Analyzing version 3.0.0-beta.29 (217/277)...
2025-11-03 09:15:46,816 - BlankSpaceAnalyzer - INFO - -> Analyzing version 3.0.0-beta.3 (218/277)...
2025-11-03 09:15:46,816 - BlankSpaceAnalyzer - INFO - -> Analyzing version 3.0.0-beta.30 (219/277)...
2025-11-03 09:15:46,816 - BlankSpaceAnalyzer - INFO - -> Analyzing version 3.0.0-beta.4 (220/277)...
2025-11-03 09:15:46,817 - BlankSpaceAnalyzer - INFO - -> Analyzing version 3.0.0-beta.5 (221/277)...
2025-11-03 09:15:46,817 - BlankSpaceAnalyzer - INFO - -> Analyzing version 3.0.0-beta.6 (222/277)...
2025-11-03 09:15:46,817 - BlankSpaceAnalyzer - INFO - -> Analyzing version 3.0.0-beta.7 (223/277)...
2025-11-03 09:15:46,817 - BlankSpaceAnalyzer - INFO - -> Analyzing version 3.0.0-beta.8 (224/277)...
2025-11-03 09:15:46,818 - BlankSpaceAnalyzer - INFO - -> Analyzing version 3.0.0-beta.9 (225/277)...
2025-11-03 09:15:46,818 - BlankSpaceAnalyzer - INFO - -> Analyzing version 3.0.0-next.0 (226/277)...
2025-11-03 09:15:46,916 - BlankSpaceAnalyzer - INFO - -> Analyzing version 3.0.0-next.1 (227/277)...
2025-11-03 09:15:46,916 - BlankSpaceAnalyzer - INFO - -> Analyzing version 3.0.0-next.2 (228/277)...
2025-11-03 09:15:46,917 - BlankSpaceAnalyzer - INFO - -> Analyzing version 3.0.0-next.3 (229/277)...
2025-11-03 09:15:46,917 - BlankSpaceAnalyzer - INFO - -> Analyzing version 3.0.0-next.4 (230/277)...
2025-11-03 09:15:46,917 - BlankSpaceAnalyzer - INFO - -> Analyzing version 3.0.0-next.5 (231/277)...
2025-11-03 09:15:46,918 - BlankSpaceAnalyzer - INFO - -> Analyzing version 3.0.0-next.6 (232/277)...
2025-11-03 09:15:46,918 - BlankSpaceAnalyzer - INFO - -> Analyzing version 3.0.0-next.7 (233/277)...
2025-11-03 09:15:46,918 - BlankSpaceAnalyzer - INFO - -> Analyzing version 3.0.0-next.8 (234/277)...
2025-11-03 09:15:46,918 - BlankSpaceAnalyzer - INFO - -> Analyzing version 3.0.1 (235/277)...
2025-11-03 09:15:46,919 - BlankSpaceAnalyzer - INFO - -> Analyzing version 3.0.2 (236/277)...
2025-11-03 09:15:46,919 - BlankSpaceAnalyzer - INFO - -> Analyzing version 3.0.2-beta.0 (237/277)...
2025-11-03 09:15:46,919 - BlankSpaceAnalyzer - INFO - -> Analyzing version 3.0.3 (238/277)...
2025-11-03 09:15:46,920 - BlankSpaceAnalyzer - INFO - -> Analyzing version 3.0.4 (239/277)...
2025-11-03 09:15:46,920 - BlankSpaceAnalyzer - INFO - -> Analyzing version 3.0.5 (240/277)...
2025-11-03 09:15:46,920 - BlankSpaceAnalyzer - INFO - -> Analyzing version 3.0.6 (241/277)...
2025-11-03 09:15:46,920 - BlankSpaceAnalyzer - INFO - -> Analyzing version 3.0.7 (242/277)...
2025-11-03 09:15:46,921 - BlankSpaceAnalyzer - INFO - -> Analyzing version 3.0.8 (243/277)...
2025-11-03 09:15:46,921 - BlankSpaceAnalyzer - INFO - -> Analyzing version 3.0.9 (244/277)...
2025-11-03 09:15:46,921 - BlankSpaceAnalyzer - INFO - -> Analyzing version 3.1.0 (245/277)...
2025-11-03 09:15:46,921 - BlankSpaceAnalyzer - INFO - -> Analyzing version 3.10.0 (246/277)...
2025-11-03 09:15:46,922 - BlankSpaceAnalyzer - INFO - -> Analyzing version 3.10.1 (247/277)...
2025-11-03 09:15:46,922 - BlankSpaceAnalyzer - INFO - -> Analyzing version 3.2.0 (248/277)...
2025-11-03 09:15:46,922 - BlankSpaceAnalyzer - INFO - -> Analyzing version 3.2.1 (249/277)...
2025-11-03 09:15:46,923 - BlankSpaceAnalyzer - INFO - -> Analyzing version 3.2.2 (250/277)...
2025-11-03 09:15:46,923 - BlankSpaceAnalyzer - INFO - -> Analyzing version 3.3.0 (251/277)...
2025-11-03 09:15:46,923 - BlankSpaceAnalyzer - INFO - -> Analyzing version 3.3.1 (252/277)...
2025-11-03 09:15:46,923 - BlankSpaceAnalyzer - INFO - -> Analyzing version 3.4.0 (253/277)...
2025-11-03 09:15:46,924 - BlankSpaceAnalyzer - INFO - -> Analyzing version 3.4.1 (254/277)...
2025-11-03 09:15:46,924 - BlankSpaceAnalyzer - INFO - -> Analyzing version 3.4.2 (255/277)...
2025-11-03 09:15:46,924 - BlankSpaceAnalyzer - INFO - -> Analyzing version 3.4.3 (256/277)...
2025-11-03 09:15:46,924 - BlankSpaceAnalyzer - INFO - -> Analyzing version 3.4.4 (257/277)...
2025-11-03 09:15:46,925 - BlankSpaceAnalyzer - INFO - -> Analyzing version 3.4.5 (258/277)...
2025-11-03 09:15:46,925 - BlankSpaceAnalyzer - INFO - -> Analyzing version 3.4.6 (259/277)...
2025-11-03 09:15:46,925 - BlankSpaceAnalyzer - INFO - -> Analyzing version 3.5.0 (260/277)...
2025-11-03 09:15:46,925 - BlankSpaceAnalyzer - INFO - -> Analyzing version 3.5.1 (261/277)...
2025-11-03 09:15:46,926 - BlankSpaceAnalyzer - INFO - -> Analyzing version 3.5.2 (262/277)...
2025-11-03 09:15:46,926 - BlankSpaceAnalyzer - INFO - -> Analyzing version 3.5.3 (263/277)...
2025-11-03 09:15:46,926 - BlankSpaceAnalyzer - INFO - -> Analyzing version 3.6.0 (264/277)...
2025-11-03 09:15:46,927 - BlankSpaceAnalyzer - INFO - -> Analyzing version 3.6.1 (265/277)...
2025-11-03 09:15:46,927 - BlankSpaceAnalyzer - INFO - -> Analyzing version 3.6.2 (266/277)...
2025-11-03 09:15:46,927 - BlankSpaceAnalyzer - INFO - -> Analyzing version 3.6.3 (267/277)...
2025-11-03 09:15:46,927 - BlankSpaceAnalyzer - INFO - -> Analyzing version 3.6.4 (268/277)...
2025-11-03 09:15:46,928 - BlankSpaceAnalyzer - INFO - -> Analyzing version 3.6.5 (269/277)...
2025-11-03 09:15:46,928 - BlankSpaceAnalyzer - INFO - -> Analyzing version 3.6.6 (270/277)...
2025-11-03 09:15:46,928 - BlankSpaceAnalyzer - INFO - -> Analyzing version 3.6.7 (271/277)...
2025-11-03 09:15:46,928 - BlankSpaceAnalyzer - INFO - -> Analyzing version 3.7.0 (272/277)...
2025-11-03 09:15:46,929 - BlankSpaceAnalyzer - INFO - -> Analyzing version 3.7.1 (273/277)...
2025-11-03 09:15:46,929 - BlankSpaceAnalyzer - INFO - -> Analyzing version 3.7.2 (274/277)...
2025-11-03 09:15:46,930 - BlankSpaceAnalyzer - INFO - -> Analyzing version 3.8.0 (275/277)...
2025-11-03 09:15:46,930 - BlankSpaceAnalyzer - INFO - -> Analyzing version 3.9.0 (276/277)...
2025-11-03 09:15:46,930 - BlankSpaceAnalyzer - INFO - -> Analyzing version 3.9.1 (277/277)...
2025-11-03 09:15:46,931 - BlankSpaceAnalyzer - INFO - Exporting results for '@tiptap/extension-underline' to CSV...
2025-11-03 09:15:47,209 - BlankSpaceAnalyzer - INFO - Reports saved in: /app/npm_results/@tiptap_extension-underline
2025-11-03 09:15:47,210 - NPM_Analyzer - INFO - Cleaning temporary folder 'temp/@tiptap_extension-underline'...
2025-11-03 09:15:47,407 - NPM_Analyzer - INFO - Cleanup completed.
