2025-11-16 02:13:53,549 - NPM_HUT_Analyzer - INFO - Recupero metadata per 'parse-url'...
2025-11-16 02:13:53,675 - NPM_HUT_Analyzer - INFO - Trovate 47 versioni. Inizio download in 'temp_hut/parse-url'...
2025-11-16 02:14:20,700 - UnicodeAnalyzer - INFO - Analizzando 47 versioni per '*.js' in 'parse-url'.
2025-11-16 02:14:20,701 - UnicodeAnalyzer - INFO - -> Analizzando versione 0.2.0 (1/47)...
2025-11-16 02:14:20,702 - UnicodeAnalyzer - INFO - Filtrati 1 file (es. in /dist, /test).
2025-11-16 02:14:20,703 - UnicodeAnalyzer - INFO - -> Analizzando versione 1.0.0 (2/47)...
2025-11-16 02:14:20,704 - UnicodeAnalyzer - INFO - Filtrati 2 file (es. in /dist, /test).
2025-11-16 02:14:20,705 - UnicodeAnalyzer - INFO - -> Analizzando versione 1.1.0 (3/47)...
2025-11-16 02:14:20,706 - UnicodeAnalyzer - INFO - Filtrati 2 file (es. in /dist, /test).
2025-11-16 02:14:20,708 - UnicodeAnalyzer - INFO - -> Analizzando versione 1.2.0 (4/47)...
2025-11-16 02:14:20,709 - UnicodeAnalyzer - INFO - Filtrati 2 file (es. in /dist, /test).
2025-11-16 02:14:20,710 - UnicodeAnalyzer - INFO - -> Analizzando versione 1.2.1 (5/47)...
2025-11-16 02:14:20,711 - UnicodeAnalyzer - INFO - Filtrati 2 file (es. in /dist, /test).
2025-11-16 02:14:20,712 - UnicodeAnalyzer - INFO - -> Analizzando versione 1.3.0 (6/47)...
2025-11-16 02:14:20,714 - UnicodeAnalyzer - INFO - Filtrati 2 file (es. in /dist, /test).
2025-11-16 02:14:20,715 - UnicodeAnalyzer - INFO - -> Analizzando versione 1.3.1 (7/47)...
2025-11-16 02:14:20,716 - UnicodeAnalyzer - INFO - -> Analizzando versione 1.3.10 (8/47)...
2025-11-16 02:14:20,718 - UnicodeAnalyzer - INFO - -> Analizzando versione 1.3.11 (9/47)...
2025-11-16 02:14:20,720 - UnicodeAnalyzer - INFO - -> Analizzando versione 1.3.2 (10/47)...
2025-11-16 02:14:20,722 - UnicodeAnalyzer - INFO - -> Analizzando versione 1.3.3 (11/47)...
2025-11-16 02:14:20,724 - UnicodeAnalyzer - INFO - -> Analizzando versione 1.3.4 (12/47)...
2025-11-16 02:14:20,725 - UnicodeAnalyzer - INFO - -> Analizzando versione 1.3.5 (13/47)...
2025-11-16 02:14:20,727 - UnicodeAnalyzer - INFO - -> Analizzando versione 1.3.6 (14/47)...
2025-11-16 02:14:20,727 - UnicodeAnalyzer - INFO - -> Analizzando versione 1.3.7 (15/47)...
2025-11-16 02:14:20,728 - UnicodeAnalyzer - INFO - -> Analizzando versione 1.3.8 (16/47)...
2025-11-16 02:14:20,728 - UnicodeAnalyzer - INFO - -> Analizzando versione 1.3.9 (17/47)...
2025-11-16 02:14:20,728 - UnicodeAnalyzer - INFO - -> Analizzando versione 10.0.0 (18/47)...
2025-11-16 02:14:20,729 - UnicodeAnalyzer - INFO - Filtrati 1 file (es. in /dist, /test).
2025-11-16 02:14:20,729 - UnicodeAnalyzer - INFO - -> Analizzando versione 10.0.2 (19/47)...
2025-11-16 02:14:20,729 - UnicodeAnalyzer - INFO - Filtrati 1 file (es. in /dist, /test).
2025-11-16 02:14:20,730 - UnicodeAnalyzer - INFO - -> Analizzando versione 10.0.3 (20/47)...
2025-11-16 02:14:20,730 - UnicodeAnalyzer - INFO - Filtrati 1 file (es. in /dist, /test).
2025-11-16 02:14:20,730 - UnicodeAnalyzer - INFO - -> Analizzando versione 3.0.0 (21/47)...
2025-11-16 02:14:20,731 - UnicodeAnalyzer - INFO - -> Analizzando versione 3.0.1 (22/47)...
2025-11-16 02:14:20,731 - UnicodeAnalyzer - INFO - -> Analizzando versione 3.0.2 (23/47)...
2025-11-16 02:14:20,732 - UnicodeAnalyzer - INFO - -> Analizzando versione 4.0.0 (24/47)...
2025-11-16 02:14:20,732 - UnicodeAnalyzer - INFO - -> Analizzando versione 5.0.0 (25/47)...
2025-11-16 02:14:20,732 - UnicodeAnalyzer - INFO - -> Analizzando versione 5.0.1 (26/47)...
2025-11-16 02:14:20,733 - UnicodeAnalyzer - INFO - -> Analizzando versione 5.0.2 (27/47)...
2025-11-16 02:14:20,733 - UnicodeAnalyzer - INFO - -> Analizzando versione 5.0.3 (28/47)...
2025-11-16 02:14:20,733 - UnicodeAnalyzer - INFO - -> Analizzando versione 5.0.4 (29/47)...
2025-11-16 02:14:20,734 - UnicodeAnalyzer - INFO - -> Analizzando versione 5.0.5 (30/47)...
2025-11-16 02:14:20,734 - UnicodeAnalyzer - INFO - -> Analizzando versione 5.0.6 (31/47)...
2025-11-16 02:14:20,735 - UnicodeAnalyzer - INFO - -> Analizzando versione 5.0.7 (32/47)...
2025-11-16 02:14:20,735 - UnicodeAnalyzer - INFO - -> Analizzando versione 5.0.8 (33/47)...
2025-11-16 02:14:20,735 - UnicodeAnalyzer - INFO - -> Analizzando versione 6.0.0 (34/47)...
2025-11-16 02:14:20,736 - UnicodeAnalyzer - INFO - -> Analizzando versione 6.0.1 (35/47)...
2025-11-16 02:14:20,736 - UnicodeAnalyzer - INFO - -> Analizzando versione 6.0.2 (36/47)...
2025-11-16 02:14:20,737 - UnicodeAnalyzer - INFO - -> Analizzando versione 6.0.3 (37/47)...
2025-11-16 02:14:20,737 - UnicodeAnalyzer - INFO - -> Analizzando versione 6.0.4 (38/47)...
2025-11-16 02:14:20,738 - UnicodeAnalyzer - INFO - -> Analizzando versione 6.0.5 (39/47)...
2025-11-16 02:14:20,738 - UnicodeAnalyzer - INFO - -> Analizzando versione 7.0.0 (40/47)...
2025-11-16 02:14:20,738 - UnicodeAnalyzer - INFO - -> Analizzando versione 7.0.1 (41/47)...
2025-11-16 02:14:20,739 - UnicodeAnalyzer - INFO - -> Analizzando versione 7.0.2 (42/47)...
2025-11-16 02:14:20,739 - UnicodeAnalyzer - INFO - -> Analizzando versione 8.0.0 (43/47)...
2025-11-16 02:14:20,740 - UnicodeAnalyzer - INFO - Filtrati 1 file (es. in /dist, /test).
2025-11-16 02:14:20,740 - UnicodeAnalyzer - INFO - -> Analizzando versione 8.1.0 (44/47)...
2025-11-16 02:14:20,740 - UnicodeAnalyzer - INFO - Filtrati 1 file (es. in /dist, /test).
2025-11-16 02:14:20,741 - UnicodeAnalyzer - INFO - -> Analizzando versione 9.0.0 (45/47)...
2025-11-16 02:14:20,741 - UnicodeAnalyzer - INFO - -> Analizzando versione 9.0.1 (46/47)...
2025-11-16 02:14:20,741 - UnicodeAnalyzer - INFO - Filtrati 1 file (es. in /dist, /test).
2025-11-16 02:14:20,742 - UnicodeAnalyzer - INFO - -> Analizzando versione 9.2.0 (47/47)...
2025-11-16 02:14:20,742 - UnicodeAnalyzer - INFO - Filtrati 1 file (es. in /dist, /test).
2025-11-16 02:14:20,742 - UnicodeAnalyzer - INFO - Esportando i risultati HUT per 'parse-url' in CSV...
2025-11-16 02:14:20,802 - UnicodeAnalyzer - INFO - Report salvati in: /app/npm_hut_results/parse-url
2025-11-16 02:14:20,802 - NPM_HUT_Analyzer - INFO - Pulizia cartella temporanea 'temp_hut/parse-url'...
2025-11-16 02:14:20,810 - NPM_HUT_Analyzer - INFO - Pulizia completata.
