2025-11-13 08:31:04,816 - NPM_HUT_Analyzer - INFO - Recupero metadata per '@pkgjs/parseargs'...
2025-11-13 08:31:04,930 - NPM_HUT_Analyzer - INFO - Trovate 14 versioni. Inizio download in 'temp_hut/@pkgjs_parseargs'...
2025-11-13 08:31:24,403 - UnicodeAnalyzer - INFO - Analizzando 14 versioni per '*.js' in '@pkgjs_parseargs'.
2025-11-13 08:31:24,403 - UnicodeAnalyzer - INFO - -> Analizzando versione 0.1.0 (1/14)...
2025-11-13 08:31:24,535 - UnicodeAnalyzer - INFO - -> Analizzando versione 0.1.1 (2/14)...
2025-11-13 08:31:24,669 - UnicodeAnalyzer - INFO - -> Analizzando versione 0.10.0 (3/14)...
2025-11-13 08:31:24,669 - UnicodeAnalyzer - INFO - Filtrati 2 file (es. in /dist, /test).
2025-11-13 08:31:24,799 - UnicodeAnalyzer - INFO - -> Analizzando versione 0.11.0 (4/14)...
2025-11-13 08:31:24,800 - UnicodeAnalyzer - INFO - Filtrati 5 file (es. in /dist, /test).
2025-11-13 08:31:24,929 - UnicodeAnalyzer - INFO - -> Analizzando versione 0.2.0 (5/14)...
2025-11-13 08:31:25,058 - UnicodeAnalyzer - INFO - -> Analizzando versione 0.3.0 (6/14)...
2025-11-13 08:31:25,188 - UnicodeAnalyzer - INFO - -> Analizzando versione 0.4.0 (7/14)...
2025-11-13 08:31:25,320 - UnicodeAnalyzer - INFO - -> Analizzando versione 0.5.0 (8/14)...
2025-11-13 08:31:25,448 - UnicodeAnalyzer - INFO - -> Analizzando versione 0.6.0 (9/14)...
2025-11-13 08:31:25,577 - UnicodeAnalyzer - INFO - -> Analizzando versione 0.7.0 (10/14)...
2025-11-13 08:31:25,706 - UnicodeAnalyzer - INFO - -> Analizzando versione 0.7.1 (11/14)...
2025-11-13 08:31:25,831 - UnicodeAnalyzer - INFO - -> Analizzando versione 0.8.0 (12/14)...
2025-11-13 08:31:25,959 - UnicodeAnalyzer - INFO - -> Analizzando versione 0.9.0 (13/14)...
2025-11-13 08:31:26,091 - UnicodeAnalyzer - INFO - -> Analizzando versione 0.9.1 (14/14)...
2025-11-13 08:31:26,092 - UnicodeAnalyzer - INFO - Filtrati 1 file (es. in /dist, /test).
2025-11-13 08:31:26,221 - UnicodeAnalyzer - INFO - Esportando i risultati HUT per '@pkgjs/parseargs' in CSV...
2025-11-13 08:31:26,245 - UnicodeAnalyzer - INFO - Report salvati in: /app/npm_hut_results/@pkgjs_parseargs
2025-11-13 08:31:26,245 - NPM_HUT_Analyzer - INFO - Pulizia cartella temporanea 'temp_hut/@pkgjs_parseargs'...
2025-11-13 08:31:26,248 - NPM_HUT_Analyzer - INFO - Pulizia completata.
