2025-11-14 02:48:40,415 - NPM_HUT_Analyzer - INFO - Recupero metadata per '@aws-crypto/supports-web-crypto'...
2025-11-14 02:48:40,671 - NPM_HUT_Analyzer - INFO - Trovate 14 versioni. Inizio download in 'temp_hut/@aws-crypto_supports-web-crypto'...
2025-11-14 02:48:54,697 - UnicodeAnalyzer - INFO - Analizzando 14 versioni per '*.js' in '@aws-crypto_supports-web-crypto'.
2025-11-14 02:48:54,698 - UnicodeAnalyzer - INFO - -> Analizzando versione 0.1.0 (1/14)...
2025-11-14 02:48:54,699 - UnicodeAnalyzer - INFO - Filtrati 2 file (es. in /dist, /test).
2025-11-14 02:48:54,699 - UnicodeAnalyzer - INFO - -> Analizzando versione 0.1.0-preview.1 (2/14)...
2025-11-14 02:48:54,700 - UnicodeAnalyzer - INFO - Filtrati 2 file (es. in /dist, /test).
2025-11-14 02:48:54,700 - UnicodeAnalyzer - INFO - -> Analizzando versione 0.1.0-preview.2 (3/14)...
2025-11-14 02:48:54,702 - UnicodeAnalyzer - INFO - Filtrati 2 file (es. in /dist, /test).
2025-11-14 02:48:54,702 - UnicodeAnalyzer - INFO - -> Analizzando versione 0.1.0-preview.3 (4/14)...
2025-11-14 02:48:54,703 - UnicodeAnalyzer - INFO - Filtrati 2 file (es. in /dist, /test).
2025-11-14 02:48:54,703 - UnicodeAnalyzer - INFO - -> Analizzando versione 0.1.0-preview.4 (5/14)...
2025-11-14 02:48:54,704 - UnicodeAnalyzer - INFO - Filtrati 2 file (es. in /dist, /test).
2025-11-14 02:48:54,705 - UnicodeAnalyzer - INFO - -> Analizzando versione 1.0.0 (6/14)...
2025-11-14 02:48:54,706 - UnicodeAnalyzer - INFO - Filtrati 2 file (es. in /dist, /test).
2025-11-14 02:48:54,706 - UnicodeAnalyzer - INFO - -> Analizzando versione 1.0.0-alpha.0 (7/14)...
2025-11-14 02:48:54,707 - UnicodeAnalyzer - INFO - Filtrati 2 file (es. in /dist, /test).
2025-11-14 02:48:54,708 - UnicodeAnalyzer - INFO - -> Analizzando versione 2.0.0 (8/14)...
2025-11-14 02:48:54,709 - UnicodeAnalyzer - INFO - Filtrati 2 file (es. in /dist, /test).
2025-11-14 02:48:54,709 - UnicodeAnalyzer - INFO - -> Analizzando versione 2.0.2 (9/14)...
2025-11-14 02:48:54,710 - UnicodeAnalyzer - INFO - Filtrati 2 file (es. in /dist, /test).
2025-11-14 02:48:54,710 - UnicodeAnalyzer - INFO - -> Analizzando versione 3.0.0 (10/14)...
2025-11-14 02:48:54,711 - UnicodeAnalyzer - INFO - Filtrati 2 file (es. in /dist, /test).
2025-11-14 02:48:54,712 - UnicodeAnalyzer - INFO - -> Analizzando versione 4.0.0 (11/14)...
2025-11-14 02:48:54,713 - UnicodeAnalyzer - INFO - Filtrati 2 file (es. in /dist, /test).
2025-11-14 02:48:54,713 - UnicodeAnalyzer - INFO - -> Analizzando versione 5.0.0 (12/14)...
2025-11-14 02:48:54,714 - UnicodeAnalyzer - INFO - Filtrati 2 file (es. in /dist, /test).
2025-11-14 02:48:54,715 - UnicodeAnalyzer - INFO - -> Analizzando versione 5.1.0 (13/14)...
2025-11-14 02:48:54,716 - UnicodeAnalyzer - INFO - Filtrati 2 file (es. in /dist, /test).
2025-11-14 02:48:54,716 - UnicodeAnalyzer - INFO - -> Analizzando versione 5.2.0 (14/14)...
2025-11-14 02:48:54,718 - UnicodeAnalyzer - INFO - Filtrati 4 file (es. in /dist, /test).
2025-11-14 02:48:54,719 - UnicodeAnalyzer - INFO - Esportando i risultati HUT per '@aws-crypto/supports-web-crypto' in CSV...
2025-11-14 02:48:54,719 - UnicodeAnalyzer - WARNING - Nessun file analizzato. I file CSV saranno vuoti.
2025-11-14 02:48:54,720 - NPM_HUT_Analyzer - INFO - Pulizia cartella temporanea 'temp_hut/@aws-crypto_supports-web-crypto'...
2025-11-14 02:48:54,732 - NPM_HUT_Analyzer - INFO - Pulizia completata.
