2025-10-29 23:30:48,310 - NPM_Analyzer - INFO - Fetching metadata for 'caniuse-api'...
2025-10-29 23:30:48,403 - NPM_Analyzer - INFO - Found 18 versions. Starting download into 'temp/caniuse-api'...
2025-10-29 23:31:00,688 - BlankSpaceAnalyzer - INFO - Analyzing 18 versions for '*.js' in 'caniuse-api'.
2025-10-29 23:31:00,688 - BlankSpaceAnalyzer - INFO - -> Analyzing version 0.1.0 (1/18)...
2025-10-29 23:31:00,807 - BlankSpaceAnalyzer - INFO - -> Analyzing version 1.0.0 (2/18)...
2025-10-29 23:31:00,892 - BlankSpaceAnalyzer - INFO - -> Analyzing version 1.1.0 (3/18)...
2025-10-29 23:31:00,978 - BlankSpaceAnalyzer - INFO - -> Analyzing version 1.2.0 (4/18)...
2025-10-29 23:31:01,067 - BlankSpaceAnalyzer - INFO - -> Analyzing version 1.2.1 (5/18)...
2025-10-29 23:31:01,155 - BlankSpaceAnalyzer - INFO - -> Analyzing version 1.2.2 (6/18)...
2025-10-29 23:31:01,242 - BlankSpaceAnalyzer - INFO - -> Analyzing version 1.3.0 (7/18)...
2025-10-29 23:31:01,330 - BlankSpaceAnalyzer - INFO - -> Analyzing version 1.3.1 (8/18)...
2025-10-29 23:31:01,418 - BlankSpaceAnalyzer - INFO - -> Analyzing version 1.3.2 (9/18)...
2025-10-29 23:31:01,505 - BlankSpaceAnalyzer - INFO - -> Analyzing version 1.4.0 (10/18)...
2025-10-29 23:31:01,593 - BlankSpaceAnalyzer - INFO - -> Analyzing version 1.4.1 (11/18)...
2025-10-29 23:31:01,680 - BlankSpaceAnalyzer - INFO - -> Analyzing version 1.5.0 (12/18)...
2025-10-29 23:31:01,771 - BlankSpaceAnalyzer - INFO - -> Analyzing version 1.5.1 (13/18)...
2025-10-29 23:31:01,858 - BlankSpaceAnalyzer - INFO - -> Analyzing version 1.5.2 (14/18)...
2025-10-29 23:31:01,953 - BlankSpaceAnalyzer - INFO - -> Analyzing version 1.5.3 (15/18)...
2025-10-29 23:31:02,041 - BlankSpaceAnalyzer - INFO - -> Analyzing version 1.6.1 (16/18)...
2025-10-29 23:31:02,137 - BlankSpaceAnalyzer - INFO - -> Analyzing version 2.0.0 (17/18)...
2025-10-29 23:31:02,226 - BlankSpaceAnalyzer - INFO - -> Analyzing version 3.0.0 (18/18)...
2025-10-29 23:31:02,314 - BlankSpaceAnalyzer - INFO - Exporting results for 'caniuse-api' to CSV...
2025-10-29 23:31:02,329 - BlankSpaceAnalyzer - INFO - Reports saved in: /app/npm_results/caniuse-api
2025-10-29 23:31:02,329 - NPM_Analyzer - INFO - Cleaning temporary folder 'temp/caniuse-api'...
2025-10-29 23:31:02,332 - NPM_Analyzer - INFO - Cleanup completed.
