2025-10-23 13:59:00,103 - NPM_Analyzer - INFO - Fetching metadata for 'svgo'...
2025-10-23 13:59:00,214 - NPM_Analyzer - INFO - Found 109 versions. Starting download into 'temp/svgo'...
2025-10-23 14:00:25,279 - BlankSpaceAnalyzer - INFO - Analyzing 109 versions for '*.js' in 'svgo'.
2025-10-23 14:00:25,279 - BlankSpaceAnalyzer - INFO - -> Analyzing version 0.0.1 (1/109)...
2025-10-23 14:00:25,350 - BlankSpaceAnalyzer - INFO - -> Analyzing version 0.0.1-2 (2/109)...
2025-10-23 14:00:25,393 - BlankSpaceAnalyzer - INFO - -> Analyzing version 0.0.1-3 (3/109)...
2025-10-23 14:00:25,440 - BlankSpaceAnalyzer - INFO - -> Analyzing version 0.0.2 (4/109)...
2025-10-23 14:00:25,487 - BlankSpaceAnalyzer - INFO - -> Analyzing version 0.0.3 (5/109)...
2025-10-23 14:00:25,534 - BlankSpaceAnalyzer - INFO - -> Analyzing version 0.0.4 (6/109)...
2025-10-23 14:00:25,581 - BlankSpaceAnalyzer - INFO - -> Analyzing version 0.0.5 (7/109)...
2025-10-23 14:00:25,628 - BlankSpaceAnalyzer - INFO - -> Analyzing version 0.0.5-1 (8/109)...
2025-10-23 14:00:25,675 - BlankSpaceAnalyzer - INFO - -> Analyzing version 0.0.6 (9/109)...
2025-10-23 14:00:25,723 - BlankSpaceAnalyzer - INFO - -> Analyzing version 0.0.7 (10/109)...
2025-10-23 14:00:25,772 - BlankSpaceAnalyzer - INFO - -> Analyzing version 0.0.7-1 (11/109)...
2025-10-23 14:00:25,819 - BlankSpaceAnalyzer - INFO - -> Analyzing version 0.0.8 (12/109)...
2025-10-23 14:00:25,866 - BlankSpaceAnalyzer - INFO - -> Analyzing version 0.0.9 (13/109)...
2025-10-23 14:00:25,914 - BlankSpaceAnalyzer - INFO - -> Analyzing version 0.0.9-1 (14/109)...
2025-10-23 14:00:25,962 - BlankSpaceAnalyzer - INFO - -> Analyzing version 0.1.0 (15/109)...
2025-10-23 14:00:26,011 - BlankSpaceAnalyzer - INFO - -> Analyzing version 0.1.1 (16/109)...
2025-10-23 14:00:26,059 - BlankSpaceAnalyzer - INFO - -> Analyzing version 0.1.2 (17/109)...
2025-10-23 14:00:26,106 - BlankSpaceAnalyzer - INFO - -> Analyzing version 0.1.3 (18/109)...
2025-10-23 14:00:26,154 - BlankSpaceAnalyzer - INFO - -> Analyzing version 0.1.4 (19/109)...
2025-10-23 14:00:26,202 - BlankSpaceAnalyzer - INFO - -> Analyzing version 0.1.5 (20/109)...
2025-10-23 14:00:26,249 - BlankSpaceAnalyzer - INFO - -> Analyzing version 0.1.6 (21/109)...
2025-10-23 14:00:26,297 - BlankSpaceAnalyzer - INFO - -> Analyzing version 0.1.7 (22/109)...
2025-10-23 14:00:26,345 - BlankSpaceAnalyzer - INFO - -> Analyzing version 0.1.8 (23/109)...
2025-10-23 14:00:26,393 - BlankSpaceAnalyzer - INFO - -> Analyzing version 0.1.9 (24/109)...
2025-10-23 14:00:26,441 - BlankSpaceAnalyzer - INFO - -> Analyzing version 0.1.9-1 (25/109)...
2025-10-23 14:00:26,491 - BlankSpaceAnalyzer - INFO - -> Analyzing version 0.2.0 (26/109)...
2025-10-23 14:00:26,539 - BlankSpaceAnalyzer - INFO - -> Analyzing version 0.2.1 (27/109)...
2025-10-23 14:00:26,589 - BlankSpaceAnalyzer - INFO - -> Analyzing version 0.2.2 (28/109)...
2025-10-23 14:00:26,636 - BlankSpaceAnalyzer - INFO - -> Analyzing version 0.2.3 (29/109)...
2025-10-23 14:00:26,684 - BlankSpaceAnalyzer - INFO - -> Analyzing version 0.2.4 (30/109)...
2025-10-23 14:00:26,733 - BlankSpaceAnalyzer - INFO - -> Analyzing version 0.3.0 (31/109)...
2025-10-23 14:00:26,781 - BlankSpaceAnalyzer - INFO - -> Analyzing version 0.3.1 (32/109)...
2025-10-23 14:00:26,830 - BlankSpaceAnalyzer - INFO - -> Analyzing version 0.3.2 (33/109)...
2025-10-23 14:00:26,877 - BlankSpaceAnalyzer - INFO - -> Analyzing version 0.3.3 (34/109)...
2025-10-23 14:00:26,926 - BlankSpaceAnalyzer - INFO - -> Analyzing version 0.3.4 (35/109)...
2025-10-23 14:00:26,974 - BlankSpaceAnalyzer - INFO - -> Analyzing version 0.3.5 (36/109)...
2025-10-23 14:00:27,025 - BlankSpaceAnalyzer - INFO - -> Analyzing version 0.3.6 (37/109)...
2025-10-23 14:00:27,071 - BlankSpaceAnalyzer - INFO - -> Analyzing version 0.3.7 (38/109)...
2025-10-23 14:00:27,119 - BlankSpaceAnalyzer - INFO - -> Analyzing version 0.4.0 (39/109)...
2025-10-23 14:00:27,168 - BlankSpaceAnalyzer - INFO - -> Analyzing version 0.4.1 (40/109)...
2025-10-23 14:00:27,215 - BlankSpaceAnalyzer - INFO - -> Analyzing version 0.4.2 (41/109)...
2025-10-23 14:00:27,262 - BlankSpaceAnalyzer - INFO - -> Analyzing version 0.4.3 (42/109)...
2025-10-23 14:00:27,313 - BlankSpaceAnalyzer - INFO - -> Analyzing version 0.4.4 (43/109)...
2025-10-23 14:00:27,360 - BlankSpaceAnalyzer - INFO - -> Analyzing version 0.4.5 (44/109)...
2025-10-23 14:00:27,410 - BlankSpaceAnalyzer - INFO - -> Analyzing version 0.5.0 (45/109)...
2025-10-23 14:00:27,458 - BlankSpaceAnalyzer - INFO - -> Analyzing version 0.5.1 (46/109)...
2025-10-23 14:00:27,507 - BlankSpaceAnalyzer - INFO - -> Analyzing version 0.5.2 (47/109)...
2025-10-23 14:00:27,556 - BlankSpaceAnalyzer - INFO - -> Analyzing version 0.5.3 (48/109)...
2025-10-23 14:00:27,604 - BlankSpaceAnalyzer - INFO - -> Analyzing version 0.5.4 (49/109)...
2025-10-23 14:00:27,653 - BlankSpaceAnalyzer - INFO - -> Analyzing version 0.5.5 (50/109)...
2025-10-23 14:00:27,702 - BlankSpaceAnalyzer - INFO - -> Analyzing version 0.5.6 (51/109)...
2025-10-23 14:00:27,751 - BlankSpaceAnalyzer - INFO - -> Analyzing version 0.6.0 (52/109)...
2025-10-23 14:00:27,799 - BlankSpaceAnalyzer - INFO - -> Analyzing version 0.6.1 (53/109)...
2025-10-23 14:00:27,848 - BlankSpaceAnalyzer - INFO - -> Analyzing version 0.6.2 (54/109)...
2025-10-23 14:00:27,896 - BlankSpaceAnalyzer - INFO - -> Analyzing version 0.6.3 (55/109)...
2025-10-23 14:00:27,944 - BlankSpaceAnalyzer - INFO - -> Analyzing version 0.6.4 (56/109)...
2025-10-23 14:00:27,992 - BlankSpaceAnalyzer - INFO - -> Analyzing version 0.6.5 (57/109)...
2025-10-23 14:00:28,041 - BlankSpaceAnalyzer - INFO - -> Analyzing version 0.6.6 (58/109)...
2025-10-23 14:00:28,089 - BlankSpaceAnalyzer - INFO - -> Analyzing version 0.7.0 (59/109)...
2025-10-23 14:00:28,140 - BlankSpaceAnalyzer - INFO - -> Analyzing version 0.7.1 (60/109)...
2025-10-23 14:00:28,188 - BlankSpaceAnalyzer - INFO - -> Analyzing version 0.7.2 (61/109)...
2025-10-23 14:00:28,238 - BlankSpaceAnalyzer - INFO - -> Analyzing version 1.0.0 (62/109)...
2025-10-23 14:00:28,287 - BlankSpaceAnalyzer - INFO - -> Analyzing version 1.0.1 (63/109)...
2025-10-23 14:00:28,337 - BlankSpaceAnalyzer - INFO - -> Analyzing version 1.0.2 (64/109)...
2025-10-23 14:00:28,386 - BlankSpaceAnalyzer - INFO - -> Analyzing version 1.0.3 (65/109)...
2025-10-23 14:00:28,434 - BlankSpaceAnalyzer - INFO - -> Analyzing version 1.0.4 (66/109)...
2025-10-23 14:00:28,485 - BlankSpaceAnalyzer - INFO - -> Analyzing version 1.0.5 (67/109)...
2025-10-23 14:00:28,533 - BlankSpaceAnalyzer - INFO - -> Analyzing version 1.1.0 (68/109)...
2025-10-23 14:00:28,583 - BlankSpaceAnalyzer - INFO - -> Analyzing version 1.1.1 (69/109)...
2025-10-23 14:00:28,632 - BlankSpaceAnalyzer - INFO - -> Analyzing version 1.2.0 (70/109)...
2025-10-23 14:00:28,681 - BlankSpaceAnalyzer - INFO - -> Analyzing version 1.2.1 (71/109)...
2025-10-23 14:00:28,731 - BlankSpaceAnalyzer - INFO - -> Analyzing version 1.2.2 (72/109)...
2025-10-23 14:00:28,780 - BlankSpaceAnalyzer - INFO - -> Analyzing version 1.3.0 (73/109)...
2025-10-23 14:00:28,830 - BlankSpaceAnalyzer - INFO - -> Analyzing version 1.3.1 (74/109)...
2025-10-23 14:00:28,880 - BlankSpaceAnalyzer - INFO - -> Analyzing version 1.3.2 (75/109)...
2025-10-23 14:00:28,932 - BlankSpaceAnalyzer - INFO - -> Analyzing version 2.0.0 (76/109)...
2025-10-23 14:00:29,001 - BlankSpaceAnalyzer - INFO - -> Analyzing version 2.0.1 (77/109)...
2025-10-23 14:00:29,071 - BlankSpaceAnalyzer - INFO - -> Analyzing version 2.0.2 (78/109)...
2025-10-23 14:00:29,140 - BlankSpaceAnalyzer - INFO - -> Analyzing version 2.0.3 (79/109)...
2025-10-23 14:00:29,200 - BlankSpaceAnalyzer - INFO - -> Analyzing version 2.1.0 (80/109)...
2025-10-23 14:00:29,261 - BlankSpaceAnalyzer - INFO - -> Analyzing version 2.2.0 (81/109)...
2025-10-23 14:00:29,323 - BlankSpaceAnalyzer - INFO - -> Analyzing version 2.2.1 (82/109)...
2025-10-23 14:00:29,384 - BlankSpaceAnalyzer - INFO - -> Analyzing version 2.2.2 (83/109)...
2025-10-23 14:00:29,444 - BlankSpaceAnalyzer - INFO - -> Analyzing version 2.3.0 (84/109)...
2025-10-23 14:00:29,496 - BlankSpaceAnalyzer - INFO - -> Analyzing version 2.3.1 (85/109)...
2025-10-23 14:00:29,548 - BlankSpaceAnalyzer - INFO - -> Analyzing version 2.4.0 (86/109)...
2025-10-23 14:00:29,599 - BlankSpaceAnalyzer - INFO - -> Analyzing version 2.5.0 (87/109)...
2025-10-23 14:00:29,654 - BlankSpaceAnalyzer - INFO - -> Analyzing version 2.6.0 (88/109)...
2025-10-23 14:00:29,704 - BlankSpaceAnalyzer - INFO - -> Analyzing version 2.6.1 (89/109)...
2025-10-23 14:00:29,756 - BlankSpaceAnalyzer - INFO - -> Analyzing version 2.7.0 (90/109)...
2025-10-23 14:00:29,809 - BlankSpaceAnalyzer - INFO - -> Analyzing version 2.8.0 (91/109)...
2025-10-23 14:00:29,861 - BlankSpaceAnalyzer - INFO - -> Analyzing version 3.0.0 (92/109)...
2025-10-23 14:00:29,920 - BlankSpaceAnalyzer - INFO - -> Analyzing version 3.0.1 (93/109)...
2025-10-23 14:00:29,973 - BlankSpaceAnalyzer - INFO - -> Analyzing version 3.0.2 (94/109)...
2025-10-23 14:00:30,026 - BlankSpaceAnalyzer - INFO - -> Analyzing version 3.0.3 (95/109)...
2025-10-23 14:00:30,079 - BlankSpaceAnalyzer - INFO - -> Analyzing version 3.0.4 (96/109)...
2025-10-23 14:00:30,131 - BlankSpaceAnalyzer - INFO - -> Analyzing version 3.0.5 (97/109)...
2025-10-23 14:00:30,184 - BlankSpaceAnalyzer - INFO - -> Analyzing version 3.1.0 (98/109)...
2025-10-23 14:00:30,237 - BlankSpaceAnalyzer - INFO - -> Analyzing version 3.2.0 (99/109)...
2025-10-23 14:00:30,292 - BlankSpaceAnalyzer - INFO - -> Analyzing version 3.3.0 (100/109)...
2025-10-23 14:00:30,345 - BlankSpaceAnalyzer - INFO - -> Analyzing version 3.3.1 (101/109)...
2025-10-23 14:00:30,397 - BlankSpaceAnalyzer - INFO - -> Analyzing version 3.3.2 (102/109)...
2025-10-23 14:00:30,455 - BlankSpaceAnalyzer - INFO - -> Analyzing version 4.0.0 (103/109)...
2025-10-23 14:00:30,507 - BlankSpaceAnalyzer - INFO - -> Analyzing version 4.0.0-rc.0 (104/109)...
2025-10-23 14:00:30,559 - BlankSpaceAnalyzer - INFO - -> Analyzing version 4.0.0-rc.1 (105/109)...
2025-10-23 14:00:30,612 - BlankSpaceAnalyzer - INFO - -> Analyzing version 4.0.0-rc.2 (106/109)...
2025-10-23 14:00:30,665 - BlankSpaceAnalyzer - INFO - -> Analyzing version 4.0.0-rc.3 (107/109)...
2025-10-23 14:00:30,718 - BlankSpaceAnalyzer - INFO - -> Analyzing version 4.0.0-rc.4 (108/109)...
2025-10-23 14:00:30,771 - BlankSpaceAnalyzer - INFO - -> Analyzing version 4.0.0-rc.5 (109/109)...
2025-10-23 14:00:30,826 - BlankSpaceAnalyzer - INFO - Exporting results for 'svgo' to CSV...
2025-10-23 14:00:30,980 - BlankSpaceAnalyzer - INFO - Reports saved in: /app/npm_results/svgo
2025-10-23 14:00:30,980 - NPM_Analyzer - INFO - Cleaning temporary folder 'temp/svgo'...
2025-10-23 14:00:31,154 - NPM_Analyzer - INFO - Cleanup completed.
