2025-11-13 05:24:45,168 - NPM_HUT_Analyzer - INFO - Recupero metadata per '@types/jsonwebtoken'...
2025-11-13 05:24:45,368 - NPM_HUT_Analyzer - INFO - Trovate 55 versioni. Inizio download in 'temp_hut/@types_jsonwebtoken'...
2025-11-13 05:25:00,803 - NPM_HUT_Analyzer - ERROR -   Errore sulla versione 7.1.29: not a gzip file
2025-11-13 05:25:36,108 - UnicodeAnalyzer - INFO - Analizzando 54 versioni per '*.js' in '@types_jsonwebtoken'.
2025-11-13 05:25:36,108 - UnicodeAnalyzer - INFO - -> Analizzando versione 5.7.15-alpha (1/54)...
2025-11-13 05:25:36,109 - UnicodeAnalyzer - INFO - -> Analizzando versione 5.7.16-alpha (2/54)...
2025-11-13 05:25:36,109 - UnicodeAnalyzer - INFO - -> Analizzando versione 5.7.21-alpha (3/54)...
2025-11-13 05:25:36,109 - UnicodeAnalyzer - INFO - -> Analizzando versione 5.7.22-alpha (4/54)...
2025-11-13 05:25:36,109 - UnicodeAnalyzer - INFO - -> Analizzando versione 5.7.23-alpha (5/54)...
2025-11-13 05:25:36,109 - UnicodeAnalyzer - INFO - -> Analizzando versione 5.7.24-alpha (6/54)...
2025-11-13 05:25:36,109 - UnicodeAnalyzer - INFO - -> Analizzando versione 5.7.25-alpha (7/54)...
2025-11-13 05:25:36,110 - UnicodeAnalyzer - INFO - -> Analizzando versione 5.7.26-alpha (8/54)...
2025-11-13 05:25:36,110 - UnicodeAnalyzer - INFO - -> Analizzando versione 5.7.27-alpha (9/54)...
2025-11-13 05:25:36,110 - UnicodeAnalyzer - INFO - -> Analizzando versione 5.7.28 (10/54)...
2025-11-13 05:25:36,110 - UnicodeAnalyzer - INFO - -> Analizzando versione 7.1.30 (11/54)...
2025-11-13 05:25:36,110 - UnicodeAnalyzer - INFO - -> Analizzando versione 7.1.31 (12/54)...
2025-11-13 05:25:36,110 - UnicodeAnalyzer - INFO - -> Analizzando versione 7.1.32 (13/54)...
2025-11-13 05:25:36,111 - UnicodeAnalyzer - INFO - -> Analizzando versione 7.1.33 (14/54)...
2025-11-13 05:25:36,111 - UnicodeAnalyzer - INFO - -> Analizzando versione 7.2.0 (15/54)...
2025-11-13 05:25:36,111 - UnicodeAnalyzer - INFO - -> Analizzando versione 7.2.1 (16/54)...
2025-11-13 05:25:36,111 - UnicodeAnalyzer - INFO - -> Analizzando versione 7.2.2 (17/54)...
2025-11-13 05:25:36,111 - UnicodeAnalyzer - INFO - -> Analizzando versione 7.2.3 (18/54)...
2025-11-13 05:25:36,112 - UnicodeAnalyzer - INFO - -> Analizzando versione 7.2.4 (19/54)...
2025-11-13 05:25:36,112 - UnicodeAnalyzer - INFO - -> Analizzando versione 7.2.5 (20/54)...
2025-11-13 05:25:36,112 - UnicodeAnalyzer - INFO - -> Analizzando versione 7.2.6 (21/54)...
2025-11-13 05:25:36,112 - UnicodeAnalyzer - INFO - -> Analizzando versione 7.2.7 (22/54)...
2025-11-13 05:25:36,112 - UnicodeAnalyzer - INFO - -> Analizzando versione 7.2.8 (23/54)...
2025-11-13 05:25:36,112 - UnicodeAnalyzer - INFO - -> Analizzando versione 8.3.0 (24/54)...
2025-11-13 05:25:36,113 - UnicodeAnalyzer - INFO - -> Analizzando versione 8.3.1 (25/54)...
2025-11-13 05:25:36,113 - UnicodeAnalyzer - INFO - -> Analizzando versione 8.3.2 (26/54)...
2025-11-13 05:25:36,113 - UnicodeAnalyzer - INFO - -> Analizzando versione 8.3.3 (27/54)...
2025-11-13 05:25:36,113 - UnicodeAnalyzer - INFO - -> Analizzando versione 8.3.4 (28/54)...
2025-11-13 05:25:36,113 - UnicodeAnalyzer - INFO - -> Analizzando versione 8.3.5 (29/54)...
2025-11-13 05:25:36,113 - UnicodeAnalyzer - INFO - -> Analizzando versione 8.3.6 (30/54)...
2025-11-13 05:25:36,114 - UnicodeAnalyzer - INFO - -> Analizzando versione 8.3.7 (31/54)...
2025-11-13 05:25:36,114 - UnicodeAnalyzer - INFO - -> Analizzando versione 8.3.8 (32/54)...
2025-11-13 05:25:36,114 - UnicodeAnalyzer - INFO - -> Analizzando versione 8.3.9 (33/54)...
2025-11-13 05:25:36,114 - UnicodeAnalyzer - INFO - -> Analizzando versione 8.5.0 (34/54)...
2025-11-13 05:25:36,114 - UnicodeAnalyzer - INFO - -> Analizzando versione 8.5.1 (35/54)...
2025-11-13 05:25:36,114 - UnicodeAnalyzer - INFO - -> Analizzando versione 8.5.2 (36/54)...
2025-11-13 05:25:36,115 - UnicodeAnalyzer - INFO - -> Analizzando versione 8.5.3 (37/54)...
2025-11-13 05:25:36,115 - UnicodeAnalyzer - INFO - -> Analizzando versione 8.5.4 (38/54)...
2025-11-13 05:25:36,115 - UnicodeAnalyzer - INFO - -> Analizzando versione 8.5.5 (39/54)...
2025-11-13 05:25:36,115 - UnicodeAnalyzer - INFO - -> Analizzando versione 8.5.6 (40/54)...
2025-11-13 05:25:36,115 - UnicodeAnalyzer - INFO - -> Analizzando versione 8.5.7 (41/54)...
2025-11-13 05:25:36,116 - UnicodeAnalyzer - INFO - -> Analizzando versione 8.5.8 (42/54)...
2025-11-13 05:25:36,116 - UnicodeAnalyzer - INFO - -> Analizzando versione 8.5.9 (43/54)...
2025-11-13 05:25:36,116 - UnicodeAnalyzer - INFO - -> Analizzando versione 9.0.0 (44/54)...
2025-11-13 05:25:36,116 - UnicodeAnalyzer - INFO - -> Analizzando versione 9.0.1 (45/54)...
2025-11-13 05:25:36,116 - UnicodeAnalyzer - INFO - -> Analizzando versione 9.0.10 (46/54)...
2025-11-13 05:25:36,117 - UnicodeAnalyzer - INFO - -> Analizzando versione 9.0.2 (47/54)...
2025-11-13 05:25:36,117 - UnicodeAnalyzer - INFO - -> Analizzando versione 9.0.3 (48/54)...
2025-11-13 05:25:36,117 - UnicodeAnalyzer - INFO - -> Analizzando versione 9.0.4 (49/54)...
2025-11-13 05:25:36,117 - UnicodeAnalyzer - INFO - -> Analizzando versione 9.0.5 (50/54)...
2025-11-13 05:25:36,117 - UnicodeAnalyzer - INFO - -> Analizzando versione 9.0.6 (51/54)...
2025-11-13 05:25:36,118 - UnicodeAnalyzer - INFO - -> Analizzando versione 9.0.7 (52/54)...
2025-11-13 05:25:36,118 - UnicodeAnalyzer - INFO - -> Analizzando versione 9.0.8 (53/54)...
2025-11-13 05:25:36,118 - UnicodeAnalyzer - INFO - -> Analizzando versione 9.0.9 (54/54)...
2025-11-13 05:25:36,121 - UnicodeAnalyzer - INFO - Esportando i risultati HUT per '@types/jsonwebtoken' in CSV...
2025-11-13 05:25:36,121 - UnicodeAnalyzer - WARNING - Nessun file analizzato. I file CSV saranno vuoti.
2025-11-13 05:25:36,122 - NPM_HUT_Analyzer - INFO - Pulizia cartella temporanea 'temp_hut/@types_jsonwebtoken'...
2025-11-13 05:25:36,130 - NPM_HUT_Analyzer - INFO - Pulizia completata.
