2025-11-13 06:30:38,128 - NPM_HUT_Analyzer - INFO - Recupero metadata per 'yauzl'...
2025-11-13 06:30:38,225 - NPM_HUT_Analyzer - INFO - Trovate 31 versioni. Inizio download in 'temp_hut/yauzl'...
2025-11-13 06:30:57,352 - UnicodeAnalyzer - INFO - Analizzando 31 versioni per '*.js' in 'yauzl'.
2025-11-13 06:30:57,352 - UnicodeAnalyzer - INFO - -> Analizzando versione 0.0.0 (1/31)...
2025-11-13 06:30:57,353 - UnicodeAnalyzer - INFO - Filtrati 1 file (es. in /dist, /test).
2025-11-13 06:30:57,357 - UnicodeAnalyzer - INFO - -> Analizzando versione 1.0.0 (2/31)...
2025-11-13 06:30:57,360 - UnicodeAnalyzer - INFO - -> Analizzando versione 1.1.0 (3/31)...
2025-11-13 06:30:57,365 - UnicodeAnalyzer - INFO - -> Analizzando versione 1.1.1 (4/31)...
2025-11-13 06:30:57,370 - UnicodeAnalyzer - INFO - -> Analizzando versione 2.0.0 (5/31)...
2025-11-13 06:30:57,374 - UnicodeAnalyzer - INFO - -> Analizzando versione 2.0.1 (6/31)...
2025-11-13 06:30:57,377 - UnicodeAnalyzer - INFO - -> Analizzando versione 2.0.2 (7/31)...
2025-11-13 06:30:57,380 - UnicodeAnalyzer - INFO - -> Analizzando versione 2.0.3 (8/31)...
2025-11-13 06:30:57,382 - UnicodeAnalyzer - INFO - -> Analizzando versione 2.1.0 (9/31)...
2025-11-13 06:30:57,385 - UnicodeAnalyzer - INFO - -> Analizzando versione 2.10.0 (10/31)...
2025-11-13 06:30:57,389 - UnicodeAnalyzer - INFO - -> Analizzando versione 2.2.0 (11/31)...
2025-11-13 06:30:57,489 - UnicodeAnalyzer - INFO - -> Analizzando versione 2.2.1 (12/31)...
2025-11-13 06:30:57,586 - UnicodeAnalyzer - INFO - -> Analizzando versione 2.3.0 (13/31)...
2025-11-13 06:30:57,588 - UnicodeAnalyzer - INFO - -> Analizzando versione 2.3.1 (14/31)...
2025-11-13 06:30:57,589 - UnicodeAnalyzer - INFO - -> Analizzando versione 2.4.0 (15/31)...
2025-11-13 06:30:57,590 - UnicodeAnalyzer - INFO - -> Analizzando versione 2.4.1 (16/31)...
2025-11-13 06:30:57,592 - UnicodeAnalyzer - INFO - -> Analizzando versione 2.4.2 (17/31)...
2025-11-13 06:30:57,593 - UnicodeAnalyzer - INFO - -> Analizzando versione 2.4.3 (18/31)...
2025-11-13 06:30:57,595 - UnicodeAnalyzer - INFO - -> Analizzando versione 2.5.0 (19/31)...
2025-11-13 06:30:57,596 - UnicodeAnalyzer - INFO - -> Analizzando versione 2.6.0 (20/31)...
2025-11-13 06:30:57,598 - UnicodeAnalyzer - INFO - -> Analizzando versione 2.7.0 (21/31)...
2025-11-13 06:30:57,600 - UnicodeAnalyzer - INFO - -> Analizzando versione 2.8.0 (22/31)...
2025-11-13 06:30:57,601 - UnicodeAnalyzer - INFO - -> Analizzando versione 2.9.0 (23/31)...
2025-11-13 06:30:57,603 - UnicodeAnalyzer - INFO - -> Analizzando versione 2.9.1 (24/31)...
2025-11-13 06:30:57,605 - UnicodeAnalyzer - INFO - -> Analizzando versione 2.9.2 (25/31)...
2025-11-13 06:30:57,607 - UnicodeAnalyzer - INFO - -> Analizzando versione 3.0.0 (26/31)...
2025-11-13 06:30:57,705 - UnicodeAnalyzer - INFO - -> Analizzando versione 3.1.0 (27/31)...
2025-11-13 06:30:57,802 - UnicodeAnalyzer - INFO - -> Analizzando versione 3.1.1 (28/31)...
2025-11-13 06:30:57,898 - UnicodeAnalyzer - INFO - -> Analizzando versione 3.1.2 (29/31)...
2025-11-13 06:30:57,992 - UnicodeAnalyzer - INFO - -> Analizzando versione 3.1.3 (30/31)...
2025-11-13 06:30:58,086 - UnicodeAnalyzer - INFO - -> Analizzando versione 3.2.0 (31/31)...
2025-11-13 06:30:58,180 - UnicodeAnalyzer - INFO - Esportando i risultati HUT per 'yauzl' in CSV...
2025-11-13 06:30:58,215 - UnicodeAnalyzer - INFO - Report salvati in: /app/npm_hut_results/yauzl
2025-11-13 06:30:58,216 - NPM_HUT_Analyzer - INFO - Pulizia cartella temporanea 'temp_hut/yauzl'...
2025-11-13 06:30:58,219 - NPM_HUT_Analyzer - INFO - Pulizia completata.
