2025-10-26 14:27:29,956 - NPM_Analyzer - INFO - Fetching metadata for 'domain-browser'...
2025-10-26 14:27:30,236 - NPM_Analyzer - INFO - Found 91 versions. Starting download into 'temp/domain-browser'...
2025-10-26 14:28:39,023 - BlankSpaceAnalyzer - INFO - Analyzing 91 versions for '*.js' in 'domain-browser'.
2025-10-26 14:28:39,023 - BlankSpaceAnalyzer - INFO - -> Analyzing version 1.0.0 (1/91)...
2025-10-26 14:28:39,024 - BlankSpaceAnalyzer - INFO - -> Analyzing version 1.0.1 (2/91)...
2025-10-26 14:28:39,025 - BlankSpaceAnalyzer - INFO - -> Analyzing version 1.1.0 (3/91)...
2025-10-26 14:28:39,026 - BlankSpaceAnalyzer - INFO - -> Analyzing version 1.1.1 (4/91)...
2025-10-26 14:28:39,118 - BlankSpaceAnalyzer - INFO - -> Analyzing version 1.1.2 (5/91)...
2025-10-26 14:28:39,185 - BlankSpaceAnalyzer - INFO - -> Analyzing version 1.1.3 (6/91)...
2025-10-26 14:28:39,255 - BlankSpaceAnalyzer - INFO - -> Analyzing version 1.1.4 (7/91)...
2025-10-26 14:28:39,327 - BlankSpaceAnalyzer - INFO - -> Analyzing version 1.1.5 (8/91)...
2025-10-26 14:28:39,395 - BlankSpaceAnalyzer - INFO - -> Analyzing version 1.1.6 (9/91)...
2025-10-26 14:28:39,461 - BlankSpaceAnalyzer - INFO - -> Analyzing version 1.1.7 (10/91)...
2025-10-26 14:28:39,527 - BlankSpaceAnalyzer - INFO - -> Analyzing version 1.2.0 (11/91)...
2025-10-26 14:28:39,528 - BlankSpaceAnalyzer - INFO - -> Analyzing version 2.0.0-next.1574050827.e77f42e5bb08a270b573797c84f18582e4a07ba8 (12/91)...
2025-10-26 14:28:39,528 - BlankSpaceAnalyzer - INFO - -> Analyzing version 2.0.0-next.1574051249.7e249e2d60bff73c856da83c88e69af93e22db11 (13/91)...
2025-10-26 14:28:39,529 - BlankSpaceAnalyzer - INFO - -> Analyzing version 2.0.0-next.1574630902.fc1a8168b8277434656bee6dbf6c762442480e7b (14/91)...
2025-10-26 14:28:39,529 - BlankSpaceAnalyzer - INFO - -> Analyzing version 3.0.0 (15/91)...
2025-10-26 14:28:39,529 - BlankSpaceAnalyzer - INFO - -> Analyzing version 3.0.0-next.1575140754.e110fd711d32b283d002c7046714e39e453b4571 (16/91)...
2025-10-26 14:28:39,530 - BlankSpaceAnalyzer - INFO - -> Analyzing version 3.1.0 (17/91)...
2025-10-26 14:28:39,530 - BlankSpaceAnalyzer - INFO - -> Analyzing version 3.1.0-next.1575142572.b65292dfe20ee7bdf4423c290f3b61b51f035b96 (18/91)...
2025-10-26 14:28:39,531 - BlankSpaceAnalyzer - INFO - -> Analyzing version 3.2.0 (19/91)...
2025-10-26 14:28:39,531 - BlankSpaceAnalyzer - INFO - -> Analyzing version 3.2.0-next.1575142767.845435bb55b6697013e785a4d576315890c42751 (20/91)...
2025-10-26 14:28:39,531 - BlankSpaceAnalyzer - INFO - -> Analyzing version 3.3.0 (21/91)...
2025-10-26 14:28:39,532 - BlankSpaceAnalyzer - INFO - -> Analyzing version 3.3.0-next.1575145716.3c18f188a9cc5457635a5903ba57c738044b09a7 (22/91)...
2025-10-26 14:28:39,532 - BlankSpaceAnalyzer - INFO - -> Analyzing version 3.4.0 (23/91)...
2025-10-26 14:28:39,533 - BlankSpaceAnalyzer - INFO - -> Analyzing version 3.4.0-next.1575169424.91ac1d9c986aaaa103065ab190fb94a7001a0147 (24/91)...
2025-10-26 14:28:39,533 - BlankSpaceAnalyzer - INFO - -> Analyzing version 3.5.0 (25/91)...
2025-10-26 14:28:39,533 - BlankSpaceAnalyzer - INFO - -> Analyzing version 3.5.0-next.1575878889.af878d245489557989a75bbc0e8ed1bc8ae22d6b (26/91)...
2025-10-26 14:28:39,534 - BlankSpaceAnalyzer - INFO - -> Analyzing version 4.0.0 (27/91)...
2025-10-26 14:28:39,534 - BlankSpaceAnalyzer - INFO - -> Analyzing version 4.0.0-next.1585175705.35e285d185e15fda7ec117d33915f63e24706cb1 (28/91)...
2025-10-26 14:28:39,534 - BlankSpaceAnalyzer - INFO - -> Analyzing version 4.1.0 (29/91)...
2025-10-26 14:28:39,535 - BlankSpaceAnalyzer - INFO - -> Analyzing version 4.1.0-next.1588595760.aec2e7cec5e1ae1975aaba687f31d9a7d77cbacd (30/91)...
2025-10-26 14:28:39,535 - BlankSpaceAnalyzer - INFO - -> Analyzing version 4.10.0 (31/91)...
2025-10-26 14:28:39,535 - BlankSpaceAnalyzer - INFO - -> Analyzing version 4.10.0-next.1592738253.a76ebb9016346993ef019d898b32ac2d8c71d0c0 (32/91)...
2025-10-26 14:28:39,536 - BlankSpaceAnalyzer - INFO - -> Analyzing version 4.11.0 (33/91)...
2025-10-26 14:28:39,536 - BlankSpaceAnalyzer - INFO - -> Analyzing version 4.11.0-next.1593051799.70f3ee4b5aa58c75f8f63922dd1d624e7dfff4c6 (34/91)...
2025-10-26 14:28:39,536 - BlankSpaceAnalyzer - INFO - -> Analyzing version 4.11.0-next.1593742408.a6c0b2440f684f8994e7268378c2d2c763a0a95c (35/91)...
2025-10-26 14:28:39,537 - BlankSpaceAnalyzer - INFO - -> Analyzing version 4.12.0 (36/91)...
2025-10-26 14:28:39,537 - BlankSpaceAnalyzer - INFO - -> Analyzing version 4.12.0-next.1593747383.b78cfda33834a5d32e213a0aa920adb2aa2022be (37/91)...
2025-10-26 14:28:39,537 - BlankSpaceAnalyzer - INFO - -> Analyzing version 4.13.0 (38/91)...
2025-10-26 14:28:39,538 - BlankSpaceAnalyzer - INFO - -> Analyzing version 4.13.0-next.1593752586.a847902f29b90e4a13488eb50e83da9cf2d33466 (39/91)...
2025-10-26 14:28:39,538 - BlankSpaceAnalyzer - INFO - -> Analyzing version 4.14.0 (40/91)...
2025-10-26 14:28:39,538 - BlankSpaceAnalyzer - INFO - -> Analyzing version 4.14.0-next.1595343672.4034b5722d7f4e73f4e57b104ca26a13f0634394 (41/91)...
2025-10-26 14:28:39,538 - BlankSpaceAnalyzer - INFO - -> Analyzing version 4.15.0 (42/91)...
2025-10-26 14:28:39,539 - BlankSpaceAnalyzer - INFO - -> Analyzing version 4.16.0 (43/91)...
2025-10-26 14:28:39,539 - BlankSpaceAnalyzer - INFO - -> Analyzing version 4.16.0-next.1596513212.5795a9745381a2d5efb76b7d172ae2418ea873cb (44/91)...
2025-10-26 14:28:39,539 - BlankSpaceAnalyzer - INFO - -> Analyzing version 4.17.0 (45/91)...
2025-10-26 14:28:39,540 - BlankSpaceAnalyzer - INFO - -> Analyzing version 4.17.0-next.1597693394.2525a0f556e0de18027f04d45ceb0a2de2fa29f6 (46/91)...
2025-10-26 14:28:39,540 - BlankSpaceAnalyzer - INFO - -> Analyzing version 4.18.0 (47/91)...
2025-10-26 14:28:39,540 - BlankSpaceAnalyzer - INFO - -> Analyzing version 4.18.0-next.1599210529.065f6b95a8f50e8a384176f775a1853a2cd341cf (48/91)...
2025-10-26 14:28:39,541 - BlankSpaceAnalyzer - INFO - -> Analyzing version 4.18.0-next.1599393027.c802e4848f1c665b073cb67e5efc27d4063dc1f5 (49/91)...
2025-10-26 14:28:39,541 - BlankSpaceAnalyzer - INFO - -> Analyzing version 4.19.0 (50/91)...
2025-10-26 14:28:39,541 - BlankSpaceAnalyzer - INFO - -> Analyzing version 4.19.0-next.1603927694.1ee8a8832eea2ef541bd184b64ed70aa4697874c (51/91)...
2025-10-26 14:28:39,541 - BlankSpaceAnalyzer - INFO - -> Analyzing version 4.19.0-next.1604239876.eeda285a1a0470ee48d60df8d904f8b47b0997de (52/91)...
2025-10-26 14:28:39,542 - BlankSpaceAnalyzer - INFO - -> Analyzing version 4.2.0 (53/91)...
2025-10-26 14:28:39,542 - BlankSpaceAnalyzer - INFO - -> Analyzing version 4.2.0-next.1589250196.999957953d58ee5986062a9adc78dfe9e3f74ab3 (54/91)...
2025-10-26 14:28:39,542 - BlankSpaceAnalyzer - INFO - -> Analyzing version 4.20.0 (55/91)...
2025-10-26 14:28:39,543 - BlankSpaceAnalyzer - INFO - -> Analyzing version 4.20.0-next.1627421258.a51dfed94d91423f58ec9f59e71cf1f71be9d4d8 (56/91)...
2025-10-26 14:28:39,543 - BlankSpaceAnalyzer - INFO - -> Analyzing version 4.21.0 (57/91)...
2025-10-26 14:28:39,543 - BlankSpaceAnalyzer - INFO - -> Analyzing version 4.22.0 (58/91)...
2025-10-26 14:28:39,543 - BlankSpaceAnalyzer - INFO - -> Analyzing version 4.22.0-next.1627591352.4e01e86b5fc27661dd585946578d0625dd4af38d (59/91)...
2025-10-26 14:28:39,544 - BlankSpaceAnalyzer - INFO - -> Analyzing version 4.23.0 (60/91)...
2025-10-26 14:28:39,544 - BlankSpaceAnalyzer - INFO - -> Analyzing version 4.23.0-next.1698771829.e40ec3d274ff42bb1dc7762b0698a1a21a12e17e (61/91)...
2025-10-26 14:28:39,544 - BlankSpaceAnalyzer - INFO - -> Analyzing version 4.3.0 (62/91)...
2025-10-26 14:28:39,545 - BlankSpaceAnalyzer - INFO - -> Analyzing version 4.3.0-next.1590035244.fe571a8b20fc5099496a25a6924ecdb201123d67 (63/91)...
2025-10-26 14:28:39,545 - BlankSpaceAnalyzer - INFO - -> Analyzing version 4.4.0 (64/91)...
2025-10-26 14:28:39,546 - BlankSpaceAnalyzer - INFO - -> Analyzing version 4.4.0-next.1590072000.8a9154e71e23d06a6f9b5a80f5d2ac8618617016 (65/91)...
2025-10-26 14:28:39,546 - BlankSpaceAnalyzer - INFO - -> Analyzing version 4.5.0 (66/91)...
2025-10-26 14:28:39,546 - BlankSpaceAnalyzer - INFO - -> Analyzing version 4.5.0-next.1591776004.d6a2168a5c04655880d9d748d6f6f5c9cc59c3dc (67/91)...
2025-10-26 14:28:39,547 - BlankSpaceAnalyzer - INFO - -> Analyzing version 4.6.0 (68/91)...
2025-10-26 14:28:39,547 - BlankSpaceAnalyzer - INFO - -> Analyzing version 4.6.0-next.1591793210.cbd63bebd15bb6b3710a69ed8b62d16486a32d4a (69/91)...
2025-10-26 14:28:39,547 - BlankSpaceAnalyzer - INFO - -> Analyzing version 4.7.0 (70/91)...
2025-10-26 14:28:39,548 - BlankSpaceAnalyzer - INFO - -> Analyzing version 4.7.0-next.1592601838.44ba6c12bce8c142336a541a237788d3d4453d31 (71/91)...
2025-10-26 14:28:39,548 - BlankSpaceAnalyzer - INFO - -> Analyzing version 4.8.0 (72/91)...
2025-10-26 14:28:39,548 - BlankSpaceAnalyzer - INFO - -> Analyzing version 4.8.0-next.1592606574.c8ac9846ee3b7cf5f1cf6de09e1894a2fd7a361e (73/91)...
2025-10-26 14:28:39,549 - BlankSpaceAnalyzer - INFO - -> Analyzing version 4.9.0 (74/91)...
2025-10-26 14:28:39,549 - BlankSpaceAnalyzer - INFO - -> Analyzing version 4.9.0-next.1592690379.95472db14cd803e028437108de3ff4b1970f1364 (75/91)...
2025-10-26 14:28:39,549 - BlankSpaceAnalyzer - INFO - -> Analyzing version 5.0.0 (76/91)...
2025-10-26 14:28:39,550 - BlankSpaceAnalyzer - INFO - -> Analyzing version 5.0.0-next.1699885938.897e13a73a02a4ffbdbabb8e32bf45b42789359a (77/91)...
2025-10-26 14:28:39,550 - BlankSpaceAnalyzer - INFO - -> Analyzing version 5.1.0 (78/91)...
2025-10-26 14:28:39,550 - BlankSpaceAnalyzer - INFO - -> Analyzing version 5.1.0-next.1699971443.51d78ce75baf6cabf437c54f02d42c583898ffc5 (79/91)...
2025-10-26 14:28:39,551 - BlankSpaceAnalyzer - INFO - -> Analyzing version 5.2.0 (80/91)...
2025-10-26 14:28:39,551 - BlankSpaceAnalyzer - INFO - -> Analyzing version 5.2.0-next.1699988186.7a46b2c5089ca5e46ee3e098238ea44d964301d4 (81/91)...
2025-10-26 14:28:39,552 - BlankSpaceAnalyzer - INFO - -> Analyzing version 5.3.0 (82/91)...
2025-10-26 14:28:39,552 - BlankSpaceAnalyzer - INFO - -> Analyzing version 5.3.0-next.1700553759.5235c59b40811afd76c86dca1dd52f46707f6164 (83/91)...
2025-10-26 14:28:39,553 - BlankSpaceAnalyzer - INFO - -> Analyzing version 5.4.0 (84/91)...
2025-10-26 14:28:39,553 - BlankSpaceAnalyzer - INFO - -> Analyzing version 5.4.0-next.1700836136.bbf96458d4e76cc54557a65333d89abd12f1e9eb (85/91)...
2025-10-26 14:28:39,553 - BlankSpaceAnalyzer - INFO - -> Analyzing version 5.5.0 (86/91)...
2025-10-26 14:28:39,554 - BlankSpaceAnalyzer - INFO - -> Analyzing version 5.5.0-next.1701804711.c0fbc8931f0dca6d65e01ac384c1be2362fcf1a3 (87/91)...
2025-10-26 14:28:39,554 - BlankSpaceAnalyzer - INFO - -> Analyzing version 5.6.0 (88/91)...
2025-10-26 14:28:39,555 - BlankSpaceAnalyzer - INFO - -> Analyzing version 5.6.0-next.1703677503.f52d2b7317912fd463dcdcccdafedec9c5a9cd21 (89/91)...
2025-10-26 14:28:39,555 - BlankSpaceAnalyzer - INFO - -> Analyzing version 5.7.0 (90/91)...
2025-10-26 14:28:39,555 - BlankSpaceAnalyzer - INFO - -> Analyzing version 5.7.0-next.1703844645.bc61548e104afd2d3de10f37566a59cd044b8429 (91/91)...
2025-10-26 14:28:39,559 - BlankSpaceAnalyzer - INFO - Exporting results for 'domain-browser' to CSV...
2025-10-26 14:28:39,624 - BlankSpaceAnalyzer - INFO - Reports saved in: /app/npm_results/domain-browser
2025-10-26 14:28:39,625 - NPM_Analyzer - INFO - Cleaning temporary folder 'temp/domain-browser'...
2025-10-26 14:28:39,642 - NPM_Analyzer - INFO - Cleanup completed.
