2025-10-24 11:21:33,855 - NPM_Analyzer - INFO - Fetching metadata for '@ungap/structured-clone'...
2025-10-24 11:21:34,054 - NPM_Analyzer - INFO - Found 22 versions. Starting download into 'temp/@ungap_structured-clone'...
2025-10-24 11:22:01,014 - BlankSpaceAnalyzer - INFO - Analyzing 22 versions for '*.js' in '@ungap_structured-clone'.
2025-10-24 11:22:01,014 - BlankSpaceAnalyzer - INFO - -> Analyzing version 0.0.0 (1/22)...
2025-10-24 11:22:01,087 - BlankSpaceAnalyzer - INFO - -> Analyzing version 0.0.1 (2/22)...
2025-10-24 11:22:01,130 - BlankSpaceAnalyzer - INFO - -> Analyzing version 0.0.2 (3/22)...
2025-10-24 11:22:01,176 - BlankSpaceAnalyzer - INFO - -> Analyzing version 0.1.0 (4/22)...
2025-10-24 11:22:01,222 - BlankSpaceAnalyzer - INFO - -> Analyzing version 0.2.0 (5/22)...
2025-10-24 11:22:01,269 - BlankSpaceAnalyzer - INFO - -> Analyzing version 0.2.1 (6/22)...
2025-10-24 11:22:01,317 - BlankSpaceAnalyzer - INFO - -> Analyzing version 0.2.2 (7/22)...
2025-10-24 11:22:01,365 - BlankSpaceAnalyzer - INFO - -> Analyzing version 0.2.3 (8/22)...
2025-10-24 11:22:01,413 - BlankSpaceAnalyzer - INFO - -> Analyzing version 0.3.0 (9/22)...
2025-10-24 11:22:01,461 - BlankSpaceAnalyzer - INFO - -> Analyzing version 0.3.1 (10/22)...
2025-10-24 11:22:01,509 - BlankSpaceAnalyzer - INFO - -> Analyzing version 0.3.2 (11/22)...
2025-10-24 11:22:01,557 - BlankSpaceAnalyzer - INFO - -> Analyzing version 0.3.3 (12/22)...
2025-10-24 11:22:01,606 - BlankSpaceAnalyzer - INFO - -> Analyzing version 0.3.4 (13/22)...
2025-10-24 11:22:01,654 - BlankSpaceAnalyzer - INFO - -> Analyzing version 1.0.0 (14/22)...
2025-10-24 11:22:01,704 - BlankSpaceAnalyzer - INFO - -> Analyzing version 1.0.1 (15/22)...
2025-10-24 11:22:01,751 - BlankSpaceAnalyzer - INFO - -> Analyzing version 1.0.2 (16/22)...
2025-10-24 11:22:01,800 - BlankSpaceAnalyzer - INFO - -> Analyzing version 1.1.0 (17/22)...
2025-10-24 11:22:01,848 - BlankSpaceAnalyzer - INFO - -> Analyzing version 1.1.1 (18/22)...
2025-10-24 11:22:01,896 - BlankSpaceAnalyzer - INFO - -> Analyzing version 1.1.2 (19/22)...
2025-10-24 11:22:01,944 - BlankSpaceAnalyzer - INFO - -> Analyzing version 1.2.0 (20/22)...
2025-10-24 11:22:01,992 - BlankSpaceAnalyzer - INFO - -> Analyzing version 1.2.1 (21/22)...
2025-10-24 11:22:02,041 - BlankSpaceAnalyzer - INFO - -> Analyzing version 1.3.0 (22/22)...
2025-10-24 11:22:02,090 - BlankSpaceAnalyzer - INFO - Exporting results for '@ungap/structured-clone' to CSV...
2025-10-24 11:22:02,112 - BlankSpaceAnalyzer - INFO - Reports saved in: /app/npm_results/@ungap_structured-clone
2025-10-24 11:22:02,113 - NPM_Analyzer - INFO - Cleaning temporary folder 'temp/@ungap_structured-clone'...
2025-10-24 11:22:02,122 - NPM_Analyzer - INFO - Cleanup completed.
