2025-11-11 12:29:38,676 - NPM_HUT_Analyzer - INFO - Recupero metadata per 'webidl-conversions'...
2025-11-11 12:29:38,757 - NPM_HUT_Analyzer - INFO - Trovate 17 versioni. Inizio download in 'temp_hut/webidl-conversions'...
2025-11-11 12:29:47,294 - UnicodeAnalyzer - INFO - Analizzando 17 versioni per '*.js' in 'webidl-conversions'.
2025-11-11 12:29:47,294 - UnicodeAnalyzer - INFO - -> Analizzando versione 1.0.0 (1/17)...
2025-11-11 12:29:47,296 - UnicodeAnalyzer - INFO - -> Analizzando versione 1.0.1 (2/17)...
2025-11-11 12:29:47,297 - UnicodeAnalyzer - INFO - -> Analizzando versione 1.1.0 (3/17)...
2025-11-11 12:29:47,298 - UnicodeAnalyzer - INFO - -> Analizzando versione 1.2.0 (4/17)...
2025-11-11 12:29:47,299 - UnicodeAnalyzer - INFO - -> Analizzando versione 1.2.1 (5/17)...
2025-11-11 12:29:47,301 - UnicodeAnalyzer - INFO - -> Analizzando versione 2.0.0 (6/17)...
2025-11-11 12:29:47,303 - UnicodeAnalyzer - INFO - -> Analizzando versione 2.0.1 (7/17)...
2025-11-11 12:29:47,305 - UnicodeAnalyzer - INFO - -> Analizzando versione 3.0.0 (8/17)...
2025-11-11 12:29:47,307 - UnicodeAnalyzer - INFO - -> Analizzando versione 3.0.1 (9/17)...
2025-11-11 12:29:47,310 - UnicodeAnalyzer - INFO - -> Analizzando versione 4.0.0 (10/17)...
2025-11-11 12:29:47,313 - UnicodeAnalyzer - INFO - -> Analizzando versione 4.0.1 (11/17)...
2025-11-11 12:29:47,317 - UnicodeAnalyzer - INFO - -> Analizzando versione 4.0.2 (12/17)...
2025-11-11 12:29:47,319 - UnicodeAnalyzer - INFO - -> Analizzando versione 5.0.0 (13/17)...
2025-11-11 12:29:47,322 - UnicodeAnalyzer - INFO - -> Analizzando versione 6.0.0 (14/17)...
2025-11-11 12:29:47,324 - UnicodeAnalyzer - INFO - -> Analizzando versione 6.1.0 (15/17)...
2025-11-11 12:29:47,326 - UnicodeAnalyzer - INFO - -> Analizzando versione 7.0.0 (16/17)...
2025-11-11 12:29:47,328 - UnicodeAnalyzer - INFO - -> Analizzando versione 8.0.0 (17/17)...
2025-11-11 12:29:47,330 - UnicodeAnalyzer - INFO - Esportando i risultati HUT per 'webidl-conversions' in CSV...
2025-11-11 12:29:47,355 - UnicodeAnalyzer - INFO - Report salvati in: /app/npm_hut_results/webidl-conversions
2025-11-11 12:29:47,355 - NPM_HUT_Analyzer - INFO - Pulizia cartella temporanea 'temp_hut/webidl-conversions'...
2025-11-11 12:29:47,357 - NPM_HUT_Analyzer - INFO - Pulizia completata.
