2025-11-01 04:47:39,073 - NPM_Analyzer - INFO - Fetching metadata for 'jssha'...
2025-11-01 04:47:39,208 - NPM_Analyzer - INFO - Found 22 versions. Starting download into 'temp/jssha'...
2025-11-01 04:47:52,500 - BlankSpaceAnalyzer - INFO - Analyzing 22 versions for '*.js' in 'jssha'.
2025-11-01 04:47:52,500 - BlankSpaceAnalyzer - INFO - -> Analyzing version 1.5.0 (1/22)...
2025-11-01 04:47:52,501 - BlankSpaceAnalyzer - INFO - -> Analyzing version 1.6.0 (2/22)...
2025-11-01 04:47:52,502 - BlankSpaceAnalyzer - INFO - -> Analyzing version 1.6.1 (3/22)...
2025-11-01 04:47:52,504 - BlankSpaceAnalyzer - INFO - -> Analyzing version 1.6.2 (4/22)...
2025-11-01 04:47:52,505 - BlankSpaceAnalyzer - INFO - -> Analyzing version 1.6.3 (5/22)...
2025-11-01 04:47:52,506 - BlankSpaceAnalyzer - INFO - -> Analyzing version 2.0.0 (6/22)...
2025-11-01 04:47:52,507 - BlankSpaceAnalyzer - INFO - -> Analyzing version 2.0.1 (7/22)...
2025-11-01 04:47:52,508 - BlankSpaceAnalyzer - INFO - -> Analyzing version 2.0.2 (8/22)...
2025-11-01 04:47:52,509 - BlankSpaceAnalyzer - INFO - -> Analyzing version 2.1.0 (9/22)...
2025-11-01 04:47:52,631 - BlankSpaceAnalyzer - INFO - -> Analyzing version 2.2.0 (10/22)...
2025-11-01 04:47:52,730 - BlankSpaceAnalyzer - INFO - -> Analyzing version 2.3.0 (11/22)...
2025-11-01 04:47:52,830 - BlankSpaceAnalyzer - INFO - -> Analyzing version 2.3.1 (12/22)...
2025-11-01 04:47:52,938 - BlankSpaceAnalyzer - INFO - -> Analyzing version 2.4.0 (13/22)...
2025-11-01 04:47:53,040 - BlankSpaceAnalyzer - INFO - -> Analyzing version 2.4.1 (14/22)...
2025-11-01 04:47:53,139 - BlankSpaceAnalyzer - INFO - -> Analyzing version 2.4.2 (15/22)...
2025-11-01 04:47:53,239 - BlankSpaceAnalyzer - INFO - -> Analyzing version 3.0.0 (16/22)...
2025-11-01 04:47:53,340 - BlankSpaceAnalyzer - INFO - -> Analyzing version 3.1.0 (17/22)...
2025-11-01 04:47:53,440 - BlankSpaceAnalyzer - INFO - -> Analyzing version 3.1.1 (18/22)...
2025-11-01 04:47:53,541 - BlankSpaceAnalyzer - INFO - -> Analyzing version 3.1.2 (19/22)...
2025-11-01 04:47:53,641 - BlankSpaceAnalyzer - INFO - -> Analyzing version 3.2.0 (20/22)...
2025-11-01 04:47:53,741 - BlankSpaceAnalyzer - INFO - -> Analyzing version 3.3.0 (21/22)...
2025-11-01 04:47:53,845 - BlankSpaceAnalyzer - INFO - -> Analyzing version 3.3.1 (22/22)...
2025-11-01 04:47:53,946 - BlankSpaceAnalyzer - INFO - Exporting results for 'jssha' to CSV...
2025-11-01 04:47:53,967 - BlankSpaceAnalyzer - INFO - Reports saved in: /app/npm_results/jssha
2025-11-01 04:47:53,967 - NPM_Analyzer - INFO - Cleaning temporary folder 'temp/jssha'...
2025-11-01 04:47:53,974 - NPM_Analyzer - INFO - Cleanup completed.
