2025-11-11 20:31:51,644 - NPM_HUT_Analyzer - INFO - Recupero metadata per 'dotenv-expand'...
2025-11-11 20:31:51,728 - NPM_HUT_Analyzer - INFO - Trovate 28 versioni. Inizio download in 'temp_hut/dotenv-expand'...
2025-11-11 20:32:05,623 - UnicodeAnalyzer - INFO - Analizzando 28 versioni per '*.js' in 'dotenv-expand'.
2025-11-11 20:32:05,623 - UnicodeAnalyzer - INFO - -> Analizzando versione 0.1.0 (1/28)...
2025-11-11 20:32:05,624 - UnicodeAnalyzer - INFO - -> Analizzando versione 10.0.0 (2/28)...
2025-11-11 20:32:05,675 - UnicodeAnalyzer - INFO - -> Analizzando versione 11.0.0 (3/28)...
2025-11-11 20:32:05,726 - UnicodeAnalyzer - INFO - -> Analizzando versione 11.0.1 (4/28)...
2025-11-11 20:32:05,783 - UnicodeAnalyzer - INFO - -> Analizzando versione 11.0.2 (5/28)...
2025-11-11 20:32:05,840 - UnicodeAnalyzer - INFO - -> Analizzando versione 11.0.3 (6/28)...
2025-11-11 20:32:05,897 - UnicodeAnalyzer - INFO - -> Analizzando versione 11.0.4 (7/28)...
2025-11-11 20:32:05,955 - UnicodeAnalyzer - INFO - -> Analizzando versione 11.0.5 (8/28)...
2025-11-11 20:32:06,009 - UnicodeAnalyzer - INFO - -> Analizzando versione 11.0.6 (9/28)...
2025-11-11 20:32:06,059 - UnicodeAnalyzer - INFO - -> Analizzando versione 11.0.7 (10/28)...
2025-11-11 20:32:06,112 - UnicodeAnalyzer - INFO - -> Analizzando versione 12.0.0 (11/28)...
2025-11-11 20:32:06,163 - UnicodeAnalyzer - INFO - -> Analizzando versione 12.0.1 (12/28)...
2025-11-11 20:32:06,214 - UnicodeAnalyzer - INFO - -> Analizzando versione 12.0.2 (13/28)...
2025-11-11 20:32:06,268 - UnicodeAnalyzer - INFO - -> Analizzando versione 12.0.3 (14/28)...
2025-11-11 20:32:06,324 - UnicodeAnalyzer - INFO - -> Analizzando versione 4.0.0 (15/28)...
2025-11-11 20:32:06,325 - UnicodeAnalyzer - INFO - -> Analizzando versione 4.0.1 (16/28)...
2025-11-11 20:32:06,325 - UnicodeAnalyzer - INFO - -> Analizzando versione 4.1.0 (17/28)...
2025-11-11 20:32:06,325 - UnicodeAnalyzer - INFO - -> Analizzando versione 4.2.0 (18/28)...
2025-11-11 20:32:06,326 - UnicodeAnalyzer - INFO - -> Analizzando versione 5.0.0 (19/28)...
2025-11-11 20:32:06,326 - UnicodeAnalyzer - INFO - -> Analizzando versione 5.1.0 (20/28)...
2025-11-11 20:32:06,326 - UnicodeAnalyzer - INFO - -> Analizzando versione 6.0.0 (21/28)...
2025-11-11 20:32:06,327 - UnicodeAnalyzer - INFO - -> Analizzando versione 6.0.1 (22/28)...
2025-11-11 20:32:06,327 - UnicodeAnalyzer - INFO - -> Analizzando versione 7.0.0 (23/28)...
2025-11-11 20:32:06,388 - UnicodeAnalyzer - INFO - -> Analizzando versione 8.0.0 (24/28)...
2025-11-11 20:32:06,443 - UnicodeAnalyzer - INFO - -> Analizzando versione 8.0.1 (25/28)...
2025-11-11 20:32:06,496 - UnicodeAnalyzer - INFO - -> Analizzando versione 8.0.2 (26/28)...
2025-11-11 20:32:06,551 - UnicodeAnalyzer - INFO - -> Analizzando versione 8.0.3 (27/28)...
2025-11-11 20:32:06,608 - UnicodeAnalyzer - INFO - -> Analizzando versione 9.0.0 (28/28)...
2025-11-11 20:32:06,665 - UnicodeAnalyzer - INFO - Esportando i risultati HUT per 'dotenv-expand' in CSV...
2025-11-11 20:32:06,700 - UnicodeAnalyzer - INFO - Report salvati in: /app/npm_hut_results/dotenv-expand
2025-11-11 20:32:06,701 - NPM_HUT_Analyzer - INFO - Pulizia cartella temporanea 'temp_hut/dotenv-expand'...
2025-11-11 20:32:06,707 - NPM_HUT_Analyzer - INFO - Pulizia completata.
