2025-11-01 02:08:37,284 - NPM_Analyzer - INFO - Fetching metadata for 'phin'...
2025-11-01 02:08:37,425 - NPM_Analyzer - INFO - Found 63 versions. Starting download into 'temp/phin'...
2025-11-01 02:09:29,549 - BlankSpaceAnalyzer - INFO - Analyzing 63 versions for '*.js' in 'phin'.
2025-11-01 02:09:29,549 - BlankSpaceAnalyzer - INFO - -> Analyzing version 1.0.0 (1/63)...
2025-11-01 02:09:29,682 - BlankSpaceAnalyzer - INFO - -> Analyzing version 1.0.1 (2/63)...
2025-11-01 02:09:29,789 - BlankSpaceAnalyzer - INFO - -> Analyzing version 1.0.2 (3/63)...
2025-11-01 02:09:29,896 - BlankSpaceAnalyzer - INFO - -> Analyzing version 1.0.3 (4/63)...
2025-11-01 02:09:30,003 - BlankSpaceAnalyzer - INFO - -> Analyzing version 1.0.4 (5/63)...
2025-11-01 02:09:30,111 - BlankSpaceAnalyzer - INFO - -> Analyzing version 1.0.5 (6/63)...
2025-11-01 02:09:30,217 - BlankSpaceAnalyzer - INFO - -> Analyzing version 1.0.6 (7/63)...
2025-11-01 02:09:30,328 - BlankSpaceAnalyzer - INFO - -> Analyzing version 1.0.7 (8/63)...
2025-11-01 02:09:30,434 - BlankSpaceAnalyzer - INFO - -> Analyzing version 1.0.8 (9/63)...
2025-11-01 02:09:30,541 - BlankSpaceAnalyzer - INFO - -> Analyzing version 2.0.0 (10/63)...
2025-11-01 02:09:30,648 - BlankSpaceAnalyzer - INFO - -> Analyzing version 2.0.2 (11/63)...
2025-11-01 02:09:30,764 - BlankSpaceAnalyzer - INFO - -> Analyzing version 2.1.0 (12/63)...
2025-11-01 02:09:30,873 - BlankSpaceAnalyzer - INFO - -> Analyzing version 2.2.0 (13/63)...
2025-11-01 02:09:30,982 - BlankSpaceAnalyzer - INFO - -> Analyzing version 2.2.1 (14/63)...
2025-11-01 02:09:31,090 - BlankSpaceAnalyzer - INFO - -> Analyzing version 2.2.2 (15/63)...
2025-11-01 02:09:31,198 - BlankSpaceAnalyzer - INFO - -> Analyzing version 2.2.3 (16/63)...
2025-11-01 02:09:31,306 - BlankSpaceAnalyzer - INFO - -> Analyzing version 2.2.4 (17/63)...
2025-11-01 02:09:31,414 - BlankSpaceAnalyzer - INFO - -> Analyzing version 2.2.5 (18/63)...
2025-11-01 02:09:31,522 - BlankSpaceAnalyzer - INFO - -> Analyzing version 2.2.6 (19/63)...
2025-11-01 02:09:31,629 - BlankSpaceAnalyzer - INFO - -> Analyzing version 2.2.7 (20/63)...
2025-11-01 02:09:31,736 - BlankSpaceAnalyzer - INFO - -> Analyzing version 2.2.8 (21/63)...
2025-11-01 02:09:31,843 - BlankSpaceAnalyzer - INFO - -> Analyzing version 2.2.81 (22/63)...
2025-11-01 02:09:31,950 - BlankSpaceAnalyzer - INFO - -> Analyzing version 2.2.90 (23/63)...
2025-11-01 02:09:32,058 - BlankSpaceAnalyzer - INFO - -> Analyzing version 2.2.91 (24/63)...
2025-11-01 02:09:32,166 - BlankSpaceAnalyzer - INFO - -> Analyzing version 2.2.92 (25/63)...
2025-11-01 02:09:32,277 - BlankSpaceAnalyzer - INFO - -> Analyzing version 2.2.93 (26/63)...
2025-11-01 02:09:32,384 - BlankSpaceAnalyzer - INFO - -> Analyzing version 2.2.94 (27/63)...
2025-11-01 02:09:32,385 - BlankSpaceAnalyzer - INFO - -> Analyzing version 2.2.95 (28/63)...
2025-11-01 02:09:32,385 - BlankSpaceAnalyzer - INFO - -> Analyzing version 2.3.11 (29/63)...
2025-11-01 02:09:32,386 - BlankSpaceAnalyzer - INFO - -> Analyzing version 2.4.18 (30/63)...
2025-11-01 02:09:32,386 - BlankSpaceAnalyzer - INFO - -> Analyzing version 2.5.1 (31/63)...
2025-11-01 02:09:32,497 - BlankSpaceAnalyzer - INFO - -> Analyzing version 2.5.2 (32/63)...
2025-11-01 02:09:32,609 - BlankSpaceAnalyzer - INFO - -> Analyzing version 2.5.3 (33/63)...
2025-11-01 02:09:32,723 - BlankSpaceAnalyzer - INFO - -> Analyzing version 2.5.4 (34/63)...
2025-11-01 02:09:32,832 - BlankSpaceAnalyzer - INFO - -> Analyzing version 2.5.5 (35/63)...
2025-11-01 02:09:32,940 - BlankSpaceAnalyzer - INFO - -> Analyzing version 2.5.6 (36/63)...
2025-11-01 02:09:33,047 - BlankSpaceAnalyzer - INFO - -> Analyzing version 2.6.0 (37/63)...
2025-11-01 02:09:33,155 - BlankSpaceAnalyzer - INFO - -> Analyzing version 2.7.0 (38/63)...
2025-11-01 02:09:33,155 - BlankSpaceAnalyzer - INFO - -> Analyzing version 2.7.1 (39/63)...
2025-11-01 02:09:33,156 - BlankSpaceAnalyzer - INFO - -> Analyzing version 2.8.0 (40/63)...
2025-11-01 02:09:33,156 - BlankSpaceAnalyzer - INFO - -> Analyzing version 2.8.1 (41/63)...
2025-11-01 02:09:33,156 - BlankSpaceAnalyzer - INFO - -> Analyzing version 2.9.0 (42/63)...
2025-11-01 02:09:33,156 - BlankSpaceAnalyzer - INFO - -> Analyzing version 2.9.1 (43/63)...
2025-11-01 02:09:33,157 - BlankSpaceAnalyzer - INFO - -> Analyzing version 2.9.2 (44/63)...
2025-11-01 02:09:33,157 - BlankSpaceAnalyzer - INFO - -> Analyzing version 2.9.3 (45/63)...
2025-11-01 02:09:33,157 - BlankSpaceAnalyzer - INFO - -> Analyzing version 3.0.0 (46/63)...
2025-11-01 02:09:33,157 - BlankSpaceAnalyzer - INFO - -> Analyzing version 3.1.0 (47/63)...
2025-11-01 02:09:33,158 - BlankSpaceAnalyzer - INFO - -> Analyzing version 3.1.1 (48/63)...
2025-11-01 02:09:33,158 - BlankSpaceAnalyzer - INFO - -> Analyzing version 3.2.0 (49/63)...
2025-11-01 02:09:33,158 - BlankSpaceAnalyzer - INFO - -> Analyzing version 3.2.1 (50/63)...
2025-11-01 02:09:33,158 - BlankSpaceAnalyzer - INFO - -> Analyzing version 3.2.2 (51/63)...
2025-11-01 02:09:33,159 - BlankSpaceAnalyzer - INFO - -> Analyzing version 3.2.3 (52/63)...
2025-11-01 02:09:33,159 - BlankSpaceAnalyzer - INFO - -> Analyzing version 3.2.4 (53/63)...
2025-11-01 02:09:33,159 - BlankSpaceAnalyzer - INFO - -> Analyzing version 3.3.0 (54/63)...
2025-11-01 02:09:33,159 - BlankSpaceAnalyzer - INFO - -> Analyzing version 3.4.0 (55/63)...
2025-11-01 02:09:33,160 - BlankSpaceAnalyzer - INFO - -> Analyzing version 3.4.1 (56/63)...
2025-11-01 02:09:33,160 - BlankSpaceAnalyzer - INFO - -> Analyzing version 3.5.0 (57/63)...
2025-11-01 02:09:33,160 - BlankSpaceAnalyzer - INFO - -> Analyzing version 3.5.1 (58/63)...
2025-11-01 02:09:33,160 - BlankSpaceAnalyzer - INFO - -> Analyzing version 3.6.0 (59/63)...
2025-11-01 02:09:33,161 - BlankSpaceAnalyzer - INFO - -> Analyzing version 3.6.1 (60/63)...
2025-11-01 02:09:33,161 - BlankSpaceAnalyzer - INFO - -> Analyzing version 3.7.0 (61/63)...
2025-11-01 02:09:33,161 - BlankSpaceAnalyzer - INFO - -> Analyzing version 3.7.1 (62/63)...
2025-11-01 02:09:33,162 - BlankSpaceAnalyzer - INFO - -> Analyzing version 4.0.0 (63/63)...
2025-11-01 02:09:33,235 - BlankSpaceAnalyzer - INFO - Exporting results for 'phin' to CSV...
2025-11-01 02:09:33,289 - BlankSpaceAnalyzer - INFO - Reports saved in: /app/npm_results/phin
2025-11-01 02:09:33,289 - NPM_Analyzer - INFO - Cleaning temporary folder 'temp/phin'...
2025-11-01 02:09:33,307 - NPM_Analyzer - INFO - Cleanup completed.
