2025-10-31 22:15:01,410 - NPM_Analyzer - INFO - Fetching metadata for 'webpack-subresource-integrity'...
2025-10-31 22:15:02,129 - NPM_Analyzer - INFO - Found 50 versions. Starting download into 'temp/webpack-subresource-integrity'...
2025-10-31 22:15:39,200 - BlankSpaceAnalyzer - INFO - Analyzing 50 versions for '*.js' in 'webpack-subresource-integrity'.
2025-10-31 22:15:39,201 - BlankSpaceAnalyzer - INFO - -> Analyzing version 0.1.0 (1/50)...
2025-10-31 22:15:39,202 - BlankSpaceAnalyzer - INFO - -> Analyzing version 0.2.0 (2/50)...
2025-10-31 22:15:39,203 - BlankSpaceAnalyzer - INFO - -> Analyzing version 0.3.0 (3/50)...
2025-10-31 22:15:39,204 - BlankSpaceAnalyzer - INFO - -> Analyzing version 0.3.1 (4/50)...
2025-10-31 22:15:39,205 - BlankSpaceAnalyzer - INFO - -> Analyzing version 0.3.2 (5/50)...
2025-10-31 22:15:39,206 - BlankSpaceAnalyzer - INFO - -> Analyzing version 0.4.0 (6/50)...
2025-10-31 22:15:39,207 - BlankSpaceAnalyzer - INFO - -> Analyzing version 0.4.1 (7/50)...
2025-10-31 22:15:39,208 - BlankSpaceAnalyzer - INFO - -> Analyzing version 0.4.2 (8/50)...
2025-10-31 22:15:39,210 - BlankSpaceAnalyzer - INFO - -> Analyzing version 0.5.0 (9/50)...
2025-10-31 22:15:39,211 - BlankSpaceAnalyzer - INFO - -> Analyzing version 0.5.1 (10/50)...
2025-10-31 22:15:39,212 - BlankSpaceAnalyzer - INFO - -> Analyzing version 0.6.0 (11/50)...
2025-10-31 22:15:39,213 - BlankSpaceAnalyzer - INFO - -> Analyzing version 0.7.0 (12/50)...
2025-10-31 22:15:39,214 - BlankSpaceAnalyzer - INFO - -> Analyzing version 0.8.0 (13/50)...
2025-10-31 22:15:39,216 - BlankSpaceAnalyzer - INFO - -> Analyzing version 0.8.1 (14/50)...
2025-10-31 22:15:39,217 - BlankSpaceAnalyzer - INFO - -> Analyzing version 0.8.2 (15/50)...
2025-10-31 22:15:39,218 - BlankSpaceAnalyzer - INFO - -> Analyzing version 0.9.0 (16/50)...
2025-10-31 22:15:39,220 - BlankSpaceAnalyzer - INFO - -> Analyzing version 1.0.0 (17/50)...
2025-10-31 22:15:39,221 - BlankSpaceAnalyzer - INFO - -> Analyzing version 1.0.0-rc.1 (18/50)...
2025-10-31 22:15:39,222 - BlankSpaceAnalyzer - INFO - -> Analyzing version 1.0.1 (19/50)...
2025-10-31 22:15:39,224 - BlankSpaceAnalyzer - INFO - -> Analyzing version 1.0.2 (20/50)...
2025-10-31 22:15:39,225 - BlankSpaceAnalyzer - INFO - -> Analyzing version 1.0.3 (21/50)...
2025-10-31 22:15:39,226 - BlankSpaceAnalyzer - INFO - -> Analyzing version 1.0.4 (22/50)...
2025-10-31 22:15:39,227 - BlankSpaceAnalyzer - INFO - -> Analyzing version 1.1.0 (23/50)...
2025-10-31 22:15:39,338 - BlankSpaceAnalyzer - INFO - -> Analyzing version 1.1.0-rc.1 (24/50)...
2025-10-31 22:15:39,433 - BlankSpaceAnalyzer - INFO - -> Analyzing version 1.1.0-rc.2 (25/50)...
2025-10-31 22:15:39,535 - BlankSpaceAnalyzer - INFO - -> Analyzing version 1.1.0-rc.3 (26/50)...
2025-10-31 22:15:39,631 - BlankSpaceAnalyzer - INFO - -> Analyzing version 1.1.0-rc.4 (27/50)...
2025-10-31 22:15:39,741 - BlankSpaceAnalyzer - INFO - -> Analyzing version 1.1.0-rc.5 (28/50)...
2025-10-31 22:15:39,836 - BlankSpaceAnalyzer - INFO - -> Analyzing version 1.1.0-rc.6 (29/50)...
2025-10-31 22:15:39,943 - BlankSpaceAnalyzer - INFO - -> Analyzing version 1.1.0-rc.7 (30/50)...
2025-10-31 22:15:40,047 - BlankSpaceAnalyzer - INFO - -> Analyzing version 1.2.0 (31/50)...
2025-10-31 22:15:40,152 - BlankSpaceAnalyzer - INFO - -> Analyzing version 1.3.0 (32/50)...
2025-10-31 22:15:40,248 - BlankSpaceAnalyzer - INFO - -> Analyzing version 1.3.1 (33/50)...
2025-10-31 22:15:40,351 - BlankSpaceAnalyzer - INFO - -> Analyzing version 1.3.2 (34/50)...
2025-10-31 22:15:40,445 - BlankSpaceAnalyzer - INFO - -> Analyzing version 1.3.3 (35/50)...
2025-10-31 22:15:40,539 - BlankSpaceAnalyzer - INFO - -> Analyzing version 1.3.4 (36/50)...
2025-10-31 22:15:40,633 - BlankSpaceAnalyzer - INFO - -> Analyzing version 1.4.0 (37/50)...
2025-10-31 22:15:40,727 - BlankSpaceAnalyzer - INFO - -> Analyzing version 1.4.1 (38/50)...
2025-10-31 22:15:40,822 - BlankSpaceAnalyzer - INFO - -> Analyzing version 1.5.0 (39/50)...
2025-10-31 22:15:40,915 - BlankSpaceAnalyzer - INFO - -> Analyzing version 1.5.1 (40/50)...
2025-10-31 22:15:41,009 - BlankSpaceAnalyzer - INFO - -> Analyzing version 1.5.2 (41/50)...
2025-10-31 22:15:41,107 - BlankSpaceAnalyzer - INFO - -> Analyzing version 5.0.0 (42/50)...
2025-10-31 22:15:41,203 - BlankSpaceAnalyzer - INFO - -> Analyzing version 5.0.0-alpha.1 (43/50)...
2025-10-31 22:15:41,204 - BlankSpaceAnalyzer - INFO - -> Analyzing version 5.0.0-alpha.2 (44/50)...
2025-10-31 22:15:41,204 - BlankSpaceAnalyzer - INFO - -> Analyzing version 5.0.0-alpha.3 (45/50)...
2025-10-31 22:15:41,205 - BlankSpaceAnalyzer - INFO - -> Analyzing version 5.0.0-alpha.4 (46/50)...
2025-10-31 22:15:41,205 - BlankSpaceAnalyzer - INFO - -> Analyzing version 5.0.0-alpha.5 (47/50)...
2025-10-31 22:15:41,205 - BlankSpaceAnalyzer - INFO - -> Analyzing version 5.0.0-rc.1 (48/50)...
2025-10-31 22:15:41,304 - BlankSpaceAnalyzer - INFO - -> Analyzing version 5.1.0 (49/50)...
2025-10-31 22:15:41,406 - BlankSpaceAnalyzer - INFO - -> Analyzing version 5.2.0-rc.1 (50/50)...
2025-10-31 22:15:41,505 - BlankSpaceAnalyzer - INFO - Exporting results for 'webpack-subresource-integrity' to CSV...
2025-10-31 22:15:41,545 - BlankSpaceAnalyzer - INFO - Reports saved in: /app/npm_results/webpack-subresource-integrity
2025-10-31 22:15:41,546 - NPM_Analyzer - INFO - Cleaning temporary folder 'temp/webpack-subresource-integrity'...
2025-10-31 22:15:41,565 - NPM_Analyzer - INFO - Cleanup completed.
