2025-11-18 01:29:15,994 - NPM_HUT_Analyzer - INFO - Recupero metadata per 'yargs-unparser'...
2025-11-18 01:29:16,121 - NPM_HUT_Analyzer - INFO - Trovate 15 versioni. Inizio download in 'temp_hut/yargs-unparser'...
2025-11-18 01:29:25,488 - UnicodeAnalyzer - INFO - Analizzando 15 versioni per '*.js' in 'yargs-unparser'.
2025-11-18 01:29:25,488 - UnicodeAnalyzer - INFO - -> Analizzando versione 1.0.0 (1/15)...
2025-11-18 01:29:25,490 - UnicodeAnalyzer - INFO - -> Analizzando versione 1.0.1 (2/15)...
2025-11-18 01:29:25,492 - UnicodeAnalyzer - INFO - -> Analizzando versione 1.0.2 (3/15)...
2025-11-18 01:29:25,494 - UnicodeAnalyzer - INFO - -> Analizzando versione 1.0.3 (4/15)...
2025-11-18 01:29:25,495 - UnicodeAnalyzer - INFO - -> Analizzando versione 1.1.0 (5/15)...
2025-11-18 01:29:25,497 - UnicodeAnalyzer - INFO - -> Analizzando versione 1.2.0 (6/15)...
2025-11-18 01:29:25,499 - UnicodeAnalyzer - INFO - -> Analizzando versione 1.3.0 (7/15)...
2025-11-18 01:29:25,501 - UnicodeAnalyzer - INFO - -> Analizzando versione 1.4.0 (8/15)...
2025-11-18 01:29:25,503 - UnicodeAnalyzer - INFO - -> Analizzando versione 1.5.0 (9/15)...
2025-11-18 01:29:25,505 - UnicodeAnalyzer - INFO - -> Analizzando versione 1.5.1 (10/15)...
2025-11-18 01:29:25,508 - UnicodeAnalyzer - INFO - -> Analizzando versione 1.6.0 (11/15)...
2025-11-18 01:29:25,511 - UnicodeAnalyzer - INFO - -> Analizzando versione 1.6.1 (12/15)...
2025-11-18 01:29:25,513 - UnicodeAnalyzer - INFO - -> Analizzando versione 1.6.3 (13/15)...
2025-11-18 01:29:25,514 - UnicodeAnalyzer - INFO - -> Analizzando versione 1.6.4 (14/15)...
2025-11-18 01:29:25,515 - UnicodeAnalyzer - INFO - -> Analizzando versione 2.0.0 (15/15)...
2025-11-18 01:29:25,530 - UnicodeAnalyzer - INFO - Esportando i risultati HUT per 'yargs-unparser' in CSV...
2025-11-18 01:29:25,551 - UnicodeAnalyzer - INFO - Report salvati in: /app/npm_hut_results/yargs-unparser
2025-11-18 01:29:25,551 - NPM_HUT_Analyzer - INFO - Pulizia cartella temporanea 'temp_hut/yargs-unparser'...
2025-11-18 01:29:25,553 - NPM_HUT_Analyzer - INFO - Pulizia completata.
