2025-10-23 05:32:53,997 - NPM_Analyzer - INFO - Fetching metadata for '@sinclair/typebox'...
2025-10-23 05:32:54,210 - NPM_Analyzer - INFO - Found 376 versions. Starting download into 'temp/@sinclair_typebox'...
2025-10-23 05:41:52,340 - BlankSpaceAnalyzer - INFO - Analyzing 376 versions for '*.js' in '@sinclair_typebox'.
2025-10-23 05:41:52,341 - BlankSpaceAnalyzer - INFO - -> Analyzing version 0.10.0 (1/376)...
2025-10-23 05:41:52,342 - BlankSpaceAnalyzer - INFO - -> Analyzing version 0.10.1 (2/376)...
2025-10-23 05:41:52,343 - BlankSpaceAnalyzer - INFO - -> Analyzing version 0.11.0 (3/376)...
2025-10-23 05:41:52,344 - BlankSpaceAnalyzer - INFO - -> Analyzing version 0.12.0 (4/376)...
2025-10-23 05:41:52,345 - BlankSpaceAnalyzer - INFO - -> Analyzing version 0.12.1 (5/376)...
2025-10-23 05:41:52,346 - BlankSpaceAnalyzer - INFO - -> Analyzing version 0.12.2 (6/376)...
2025-10-23 05:41:52,346 - BlankSpaceAnalyzer - INFO - -> Analyzing version 0.12.3 (7/376)...
2025-10-23 05:41:52,347 - BlankSpaceAnalyzer - INFO - -> Analyzing version 0.12.4 (8/376)...
2025-10-23 05:41:52,348 - BlankSpaceAnalyzer - INFO - -> Analyzing version 0.12.5 (9/376)...
2025-10-23 05:41:52,349 - BlankSpaceAnalyzer - INFO - -> Analyzing version 0.12.6 (10/376)...
2025-10-23 05:41:52,349 - BlankSpaceAnalyzer - INFO - -> Analyzing version 0.12.7 (11/376)...
2025-10-23 05:41:52,350 - BlankSpaceAnalyzer - INFO - -> Analyzing version 0.12.8 (12/376)...
2025-10-23 05:41:52,351 - BlankSpaceAnalyzer - INFO - -> Analyzing version 0.12.9 (13/376)...
2025-10-23 05:41:52,351 - BlankSpaceAnalyzer - INFO - -> Analyzing version 0.14.0 (14/376)...
2025-10-23 05:41:52,352 - BlankSpaceAnalyzer - INFO - -> Analyzing version 0.14.1 (15/376)...
2025-10-23 05:41:52,352 - BlankSpaceAnalyzer - INFO - -> Analyzing version 0.15.0 (16/376)...
2025-10-23 05:41:52,353 - BlankSpaceAnalyzer - INFO - -> Analyzing version 0.16.0 (17/376)...
2025-10-23 05:41:52,354 - BlankSpaceAnalyzer - INFO - -> Analyzing version 0.16.1 (18/376)...
2025-10-23 05:41:52,354 - BlankSpaceAnalyzer - INFO - -> Analyzing version 0.16.2 (19/376)...
2025-10-23 05:41:52,355 - BlankSpaceAnalyzer - INFO - -> Analyzing version 0.16.3 (20/376)...
2025-10-23 05:41:52,355 - BlankSpaceAnalyzer - INFO - -> Analyzing version 0.16.4 (21/376)...
2025-10-23 05:41:52,356 - BlankSpaceAnalyzer - INFO - -> Analyzing version 0.16.5 (22/376)...
2025-10-23 05:41:52,356 - BlankSpaceAnalyzer - INFO - -> Analyzing version 0.16.6 (23/376)...
2025-10-23 05:41:52,357 - BlankSpaceAnalyzer - INFO - -> Analyzing version 0.16.7 (24/376)...
2025-10-23 05:41:52,357 - BlankSpaceAnalyzer - INFO - -> Analyzing version 0.17.0 (25/376)...
2025-10-23 05:41:52,358 - BlankSpaceAnalyzer - INFO - -> Analyzing version 0.17.1 (26/376)...
2025-10-23 05:41:52,358 - BlankSpaceAnalyzer - INFO - -> Analyzing version 0.17.2 (27/376)...
2025-10-23 05:41:52,359 - BlankSpaceAnalyzer - INFO - -> Analyzing version 0.17.3 (28/376)...
2025-10-23 05:41:52,359 - BlankSpaceAnalyzer - INFO - -> Analyzing version 0.17.4 (29/376)...
2025-10-23 05:41:52,360 - BlankSpaceAnalyzer - INFO - -> Analyzing version 0.17.5 (30/376)...
2025-10-23 05:41:52,360 - BlankSpaceAnalyzer - INFO - -> Analyzing version 0.17.6 (31/376)...
2025-10-23 05:41:52,360 - BlankSpaceAnalyzer - INFO - -> Analyzing version 0.17.7 (32/376)...
2025-10-23 05:41:52,361 - BlankSpaceAnalyzer - INFO - -> Analyzing version 0.17.8 (33/376)...
2025-10-23 05:41:52,361 - BlankSpaceAnalyzer - INFO - -> Analyzing version 0.18.0 (34/376)...
2025-10-23 05:41:52,362 - BlankSpaceAnalyzer - INFO - -> Analyzing version 0.18.1 (35/376)...
2025-10-23 05:41:52,362 - BlankSpaceAnalyzer - INFO - -> Analyzing version 0.19.0 (36/376)...
2025-10-23 05:41:52,363 - BlankSpaceAnalyzer - INFO - -> Analyzing version 0.19.1 (37/376)...
2025-10-23 05:41:52,363 - BlankSpaceAnalyzer - INFO - -> Analyzing version 0.19.2 (38/376)...
2025-10-23 05:41:52,363 - BlankSpaceAnalyzer - INFO - -> Analyzing version 0.20.0 (39/376)...
2025-10-23 05:41:52,364 - BlankSpaceAnalyzer - INFO - -> Analyzing version 0.20.1 (40/376)...
2025-10-23 05:41:52,364 - BlankSpaceAnalyzer - INFO - -> Analyzing version 0.20.2 (41/376)...
2025-10-23 05:41:52,365 - BlankSpaceAnalyzer - INFO - -> Analyzing version 0.20.3 (42/376)...
2025-10-23 05:41:52,365 - BlankSpaceAnalyzer - INFO - -> Analyzing version 0.20.4 (43/376)...
2025-10-23 05:41:52,365 - BlankSpaceAnalyzer - INFO - -> Analyzing version 0.20.5 (44/376)...
2025-10-23 05:41:52,366 - BlankSpaceAnalyzer - INFO - -> Analyzing version 0.20.6 (45/376)...
2025-10-23 05:41:52,366 - BlankSpaceAnalyzer - INFO - -> Analyzing version 0.21.0 (46/376)...
2025-10-23 05:41:52,366 - BlankSpaceAnalyzer - INFO - -> Analyzing version 0.21.1 (47/376)...
2025-10-23 05:41:52,367 - BlankSpaceAnalyzer - INFO - -> Analyzing version 0.21.2 (48/376)...
2025-10-23 05:41:52,367 - BlankSpaceAnalyzer - INFO - -> Analyzing version 0.22.0 (49/376)...
2025-10-23 05:41:52,368 - BlankSpaceAnalyzer - INFO - -> Analyzing version 0.22.1 (50/376)...
2025-10-23 05:41:52,368 - BlankSpaceAnalyzer - INFO - -> Analyzing version 0.23.0 (51/376)...
2025-10-23 05:41:52,368 - BlankSpaceAnalyzer - INFO - -> Analyzing version 0.23.1 (52/376)...
2025-10-23 05:41:52,369 - BlankSpaceAnalyzer - INFO - -> Analyzing version 0.23.2 (53/376)...
2025-10-23 05:41:52,369 - BlankSpaceAnalyzer - INFO - -> Analyzing version 0.23.3 (54/376)...
2025-10-23 05:41:52,369 - BlankSpaceAnalyzer - INFO - -> Analyzing version 0.23.4 (55/376)...
2025-10-23 05:41:52,370 - BlankSpaceAnalyzer - INFO - -> Analyzing version 0.23.5 (56/376)...
2025-10-23 05:41:52,370 - BlankSpaceAnalyzer - INFO - -> Analyzing version 0.24.0 (57/376)...
2025-10-23 05:41:52,413 - BlankSpaceAnalyzer - INFO - -> Analyzing version 0.24.1 (58/376)...
2025-10-23 05:41:52,454 - BlankSpaceAnalyzer - INFO - -> Analyzing version 0.24.10 (59/376)...
2025-10-23 05:41:52,497 - BlankSpaceAnalyzer - INFO - -> Analyzing version 0.24.11 (60/376)...
2025-10-23 05:41:52,539 - BlankSpaceAnalyzer - INFO - -> Analyzing version 0.24.12 (61/376)...
2025-10-23 05:41:52,585 - BlankSpaceAnalyzer - INFO - -> Analyzing version 0.24.13 (62/376)...
2025-10-23 05:41:52,627 - BlankSpaceAnalyzer - INFO - -> Analyzing version 0.24.14 (63/376)...
2025-10-23 05:41:52,672 - BlankSpaceAnalyzer - INFO - -> Analyzing version 0.24.15 (64/376)...
2025-10-23 05:41:52,714 - BlankSpaceAnalyzer - INFO - -> Analyzing version 0.24.16 (65/376)...
2025-10-23 05:41:52,758 - BlankSpaceAnalyzer - INFO - -> Analyzing version 0.24.17 (66/376)...
2025-10-23 05:41:52,802 - BlankSpaceAnalyzer - INFO - -> Analyzing version 0.24.18 (67/376)...
2025-10-23 05:41:52,846 - BlankSpaceAnalyzer - INFO - -> Analyzing version 0.24.19 (68/376)...
2025-10-23 05:41:52,889 - BlankSpaceAnalyzer - INFO - -> Analyzing version 0.24.2 (69/376)...
2025-10-23 05:41:52,932 - BlankSpaceAnalyzer - INFO - -> Analyzing version 0.24.20 (70/376)...
2025-10-23 05:41:52,976 - BlankSpaceAnalyzer - INFO - -> Analyzing version 0.24.21 (71/376)...
2025-10-23 05:41:53,019 - BlankSpaceAnalyzer - INFO - -> Analyzing version 0.24.22 (72/376)...
2025-10-23 05:41:53,063 - BlankSpaceAnalyzer - INFO - -> Analyzing version 0.24.23 (73/376)...
2025-10-23 05:41:53,106 - BlankSpaceAnalyzer - INFO - -> Analyzing version 0.24.24 (74/376)...
2025-10-23 05:41:53,151 - BlankSpaceAnalyzer - INFO - -> Analyzing version 0.24.25 (75/376)...
2025-10-23 05:41:53,195 - BlankSpaceAnalyzer - INFO - -> Analyzing version 0.24.26 (76/376)...
2025-10-23 05:41:53,239 - BlankSpaceAnalyzer - INFO - -> Analyzing version 0.24.27 (77/376)...
2025-10-23 05:41:53,283 - BlankSpaceAnalyzer - INFO - -> Analyzing version 0.24.28 (78/376)...
2025-10-23 05:41:53,326 - BlankSpaceAnalyzer - INFO - -> Analyzing version 0.24.29 (79/376)...
2025-10-23 05:41:53,371 - BlankSpaceAnalyzer - INFO - -> Analyzing version 0.24.3 (80/376)...
2025-10-23 05:41:53,414 - BlankSpaceAnalyzer - INFO - -> Analyzing version 0.24.30 (81/376)...
2025-10-23 05:41:53,458 - BlankSpaceAnalyzer - INFO - -> Analyzing version 0.24.31 (82/376)...
2025-10-23 05:41:53,503 - BlankSpaceAnalyzer - INFO - -> Analyzing version 0.24.32 (83/376)...
2025-10-23 05:41:53,548 - BlankSpaceAnalyzer - INFO - -> Analyzing version 0.24.33 (84/376)...
2025-10-23 05:41:53,592 - BlankSpaceAnalyzer - INFO - -> Analyzing version 0.24.34 (85/376)...
2025-10-23 05:41:53,636 - BlankSpaceAnalyzer - INFO - -> Analyzing version 0.24.35 (86/376)...
2025-10-23 05:41:53,680 - BlankSpaceAnalyzer - INFO - -> Analyzing version 0.24.36 (87/376)...
2025-10-23 05:41:53,726 - BlankSpaceAnalyzer - INFO - -> Analyzing version 0.24.37 (88/376)...
2025-10-23 05:41:53,770 - BlankSpaceAnalyzer - INFO - -> Analyzing version 0.24.38 (89/376)...
2025-10-23 05:41:53,818 - BlankSpaceAnalyzer - INFO - -> Analyzing version 0.24.39 (90/376)...
2025-10-23 05:41:53,861 - BlankSpaceAnalyzer - INFO - -> Analyzing version 0.24.4 (91/376)...
2025-10-23 05:41:53,906 - BlankSpaceAnalyzer - INFO - -> Analyzing version 0.24.40 (92/376)...
2025-10-23 05:41:53,951 - BlankSpaceAnalyzer - INFO - -> Analyzing version 0.24.41 (93/376)...
2025-10-23 05:41:53,995 - BlankSpaceAnalyzer - INFO - -> Analyzing version 0.24.42 (94/376)...
2025-10-23 05:41:54,040 - BlankSpaceAnalyzer - INFO - -> Analyzing version 0.24.43 (95/376)...
2025-10-23 05:41:54,085 - BlankSpaceAnalyzer - INFO - -> Analyzing version 0.24.44 (96/376)...
2025-10-23 05:41:54,130 - BlankSpaceAnalyzer - INFO - -> Analyzing version 0.24.45 (97/376)...
2025-10-23 05:41:54,174 - BlankSpaceAnalyzer - INFO - -> Analyzing version 0.24.46 (98/376)...
2025-10-23 05:41:54,219 - BlankSpaceAnalyzer - INFO - -> Analyzing version 0.24.47 (99/376)...
2025-10-23 05:41:54,263 - BlankSpaceAnalyzer - INFO - -> Analyzing version 0.24.48 (100/376)...
2025-10-23 05:41:54,308 - BlankSpaceAnalyzer - INFO - -> Analyzing version 0.24.49 (101/376)...
2025-10-23 05:41:54,354 - BlankSpaceAnalyzer - INFO - -> Analyzing version 0.24.5 (102/376)...
2025-10-23 05:41:54,397 - BlankSpaceAnalyzer - INFO - -> Analyzing version 0.24.50 (103/376)...
2025-10-23 05:41:54,441 - BlankSpaceAnalyzer - INFO - -> Analyzing version 0.24.51 (104/376)...
2025-10-23 05:41:54,485 - BlankSpaceAnalyzer - INFO - -> Analyzing version 0.24.6 (105/376)...
2025-10-23 05:41:54,530 - BlankSpaceAnalyzer - INFO - -> Analyzing version 0.24.7 (106/376)...
2025-10-23 05:41:54,575 - BlankSpaceAnalyzer - INFO - -> Analyzing version 0.24.8 (107/376)...
2025-10-23 05:41:54,618 - BlankSpaceAnalyzer - INFO - -> Analyzing version 0.24.9 (108/376)...
2025-10-23 05:41:54,664 - BlankSpaceAnalyzer - INFO - -> Analyzing version 0.25.0 (109/376)...
2025-10-23 05:41:54,710 - BlankSpaceAnalyzer - INFO - -> Analyzing version 0.25.1 (110/376)...
2025-10-23 05:41:54,755 - BlankSpaceAnalyzer - INFO - -> Analyzing version 0.25.10 (111/376)...
2025-10-23 05:41:54,802 - BlankSpaceAnalyzer - INFO - -> Analyzing version 0.25.11 (112/376)...
2025-10-23 05:41:54,846 - BlankSpaceAnalyzer - INFO - -> Analyzing version 0.25.12 (113/376)...
2025-10-23 05:41:54,891 - BlankSpaceAnalyzer - INFO - -> Analyzing version 0.25.13 (114/376)...
2025-10-23 05:41:54,937 - BlankSpaceAnalyzer - INFO - -> Analyzing version 0.25.14 (115/376)...
2025-10-23 05:41:54,980 - BlankSpaceAnalyzer - INFO - -> Analyzing version 0.25.15 (116/376)...
2025-10-23 05:41:55,025 - BlankSpaceAnalyzer - INFO - -> Analyzing version 0.25.16 (117/376)...
2025-10-23 05:41:55,070 - BlankSpaceAnalyzer - INFO - -> Analyzing version 0.25.17 (118/376)...
2025-10-23 05:41:55,115 - BlankSpaceAnalyzer - INFO - -> Analyzing version 0.25.18 (119/376)...
2025-10-23 05:41:55,159 - BlankSpaceAnalyzer - INFO - -> Analyzing version 0.25.19 (120/376)...
2025-10-23 05:41:55,204 - BlankSpaceAnalyzer - INFO - -> Analyzing version 0.25.2 (121/376)...
2025-10-23 05:41:55,249 - BlankSpaceAnalyzer - INFO - -> Analyzing version 0.25.20 (122/376)...
2025-10-23 05:41:55,293 - BlankSpaceAnalyzer - INFO - -> Analyzing version 0.25.21 (123/376)...
2025-10-23 05:41:55,339 - BlankSpaceAnalyzer - INFO - -> Analyzing version 0.25.22 (124/376)...
2025-10-23 05:41:55,384 - BlankSpaceAnalyzer - INFO - -> Analyzing version 0.25.23 (125/376)...
2025-10-23 05:41:55,428 - BlankSpaceAnalyzer - INFO - -> Analyzing version 0.25.24 (126/376)...
2025-10-23 05:41:55,472 - BlankSpaceAnalyzer - INFO - -> Analyzing version 0.25.3 (127/376)...
2025-10-23 05:41:55,517 - BlankSpaceAnalyzer - INFO - -> Analyzing version 0.25.4 (128/376)...
2025-10-23 05:41:55,562 - BlankSpaceAnalyzer - INFO - -> Analyzing version 0.25.5 (129/376)...
2025-10-23 05:41:55,606 - BlankSpaceAnalyzer - INFO - -> Analyzing version 0.25.6 (130/376)...
2025-10-23 05:41:55,651 - BlankSpaceAnalyzer - INFO - -> Analyzing version 0.25.7 (131/376)...
2025-10-23 05:41:55,696 - BlankSpaceAnalyzer - INFO - -> Analyzing version 0.25.8 (132/376)...
2025-10-23 05:41:55,741 - BlankSpaceAnalyzer - INFO - -> Analyzing version 0.25.9 (133/376)...
2025-10-23 05:41:55,785 - BlankSpaceAnalyzer - INFO - -> Analyzing version 0.26.0 (134/376)...
2025-10-23 05:41:55,829 - BlankSpaceAnalyzer - INFO - -> Analyzing version 0.26.0-dev (135/376)...
2025-10-23 05:41:55,873 - BlankSpaceAnalyzer - INFO - -> Analyzing version 0.26.0-dev.1 (136/376)...
2025-10-23 05:41:55,917 - BlankSpaceAnalyzer - INFO - -> Analyzing version 0.26.0-dev.2 (137/376)...
2025-10-23 05:41:55,963 - BlankSpaceAnalyzer - INFO - -> Analyzing version 0.26.0-dev.3 (138/376)...
2025-10-23 05:41:56,007 - BlankSpaceAnalyzer - INFO - -> Analyzing version 0.26.0-dev.4 (139/376)...
2025-10-23 05:41:56,052 - BlankSpaceAnalyzer - INFO - -> Analyzing version 0.26.0-dev.5 (140/376)...
2025-10-23 05:41:56,096 - BlankSpaceAnalyzer - INFO - -> Analyzing version 0.26.1 (141/376)...
2025-10-23 05:41:56,141 - BlankSpaceAnalyzer - INFO - -> Analyzing version 0.26.2 (142/376)...
2025-10-23 05:41:56,185 - BlankSpaceAnalyzer - INFO - -> Analyzing version 0.26.3 (143/376)...
2025-10-23 05:41:56,230 - BlankSpaceAnalyzer - INFO - -> Analyzing version 0.26.4 (144/376)...
2025-10-23 05:41:56,276 - BlankSpaceAnalyzer - INFO - -> Analyzing version 0.26.5 (145/376)...
2025-10-23 05:41:56,321 - BlankSpaceAnalyzer - INFO - -> Analyzing version 0.26.6 (146/376)...
2025-10-23 05:41:56,366 - BlankSpaceAnalyzer - INFO - -> Analyzing version 0.26.7 (147/376)...
2025-10-23 05:41:56,411 - BlankSpaceAnalyzer - INFO - -> Analyzing version 0.26.8 (148/376)...
2025-10-23 05:41:56,456 - BlankSpaceAnalyzer - INFO - -> Analyzing version 0.27.0 (149/376)...
2025-10-23 05:41:56,500 - BlankSpaceAnalyzer - INFO - -> Analyzing version 0.27.1 (150/376)...
2025-10-23 05:41:56,544 - BlankSpaceAnalyzer - INFO - -> Analyzing version 0.27.2 (151/376)...
2025-10-23 05:41:56,588 - BlankSpaceAnalyzer - INFO - -> Analyzing version 0.27.3 (152/376)...
2025-10-23 05:41:56,631 - BlankSpaceAnalyzer - INFO - -> Analyzing version 0.27.4 (153/376)...
2025-10-23 05:41:56,676 - BlankSpaceAnalyzer - INFO - -> Analyzing version 0.27.5 (154/376)...
2025-10-23 05:41:56,720 - BlankSpaceAnalyzer - INFO - -> Analyzing version 0.27.6 (155/376)...
2025-10-23 05:41:56,764 - BlankSpaceAnalyzer - INFO - -> Analyzing version 0.27.7 (156/376)...
2025-10-23 05:41:56,809 - BlankSpaceAnalyzer - INFO - -> Analyzing version 0.27.8 (157/376)...
2025-10-23 05:41:56,853 - BlankSpaceAnalyzer - INFO - -> Analyzing version 0.28.0 (158/376)...
2025-10-23 05:41:56,898 - BlankSpaceAnalyzer - INFO - -> Analyzing version 0.28.1 (159/376)...
2025-10-23 05:41:56,942 - BlankSpaceAnalyzer - INFO - -> Analyzing version 0.28.10 (160/376)...
2025-10-23 05:41:56,986 - BlankSpaceAnalyzer - INFO - -> Analyzing version 0.28.11 (161/376)...
2025-10-23 05:41:57,032 - BlankSpaceAnalyzer - INFO - -> Analyzing version 0.28.12 (162/376)...
2025-10-23 05:41:57,075 - BlankSpaceAnalyzer - INFO - -> Analyzing version 0.28.13 (163/376)...
2025-10-23 05:41:57,120 - BlankSpaceAnalyzer - INFO - -> Analyzing version 0.28.14 (164/376)...
2025-10-23 05:41:57,165 - BlankSpaceAnalyzer - INFO - -> Analyzing version 0.28.15 (165/376)...
2025-10-23 05:41:57,210 - BlankSpaceAnalyzer - INFO - -> Analyzing version 0.28.16 (166/376)...
2025-10-23 05:41:57,256 - BlankSpaceAnalyzer - INFO - -> Analyzing version 0.28.17 (167/376)...
2025-10-23 05:41:57,300 - BlankSpaceAnalyzer - INFO - -> Analyzing version 0.28.18 (168/376)...
2025-10-23 05:41:57,345 - BlankSpaceAnalyzer - INFO - -> Analyzing version 0.28.19 (169/376)...
2025-10-23 05:41:57,389 - BlankSpaceAnalyzer - INFO - -> Analyzing version 0.28.2 (170/376)...
2025-10-23 05:41:57,438 - BlankSpaceAnalyzer - INFO - -> Analyzing version 0.28.20 (171/376)...
2025-10-23 05:41:57,482 - BlankSpaceAnalyzer - INFO - -> Analyzing version 0.28.3 (172/376)...
2025-10-23 05:41:57,527 - BlankSpaceAnalyzer - INFO - -> Analyzing version 0.28.4 (173/376)...
2025-10-23 05:41:57,570 - BlankSpaceAnalyzer - INFO - -> Analyzing version 0.28.5 (174/376)...
2025-10-23 05:41:57,615 - BlankSpaceAnalyzer - INFO - -> Analyzing version 0.28.6 (175/376)...
2025-10-23 05:41:57,660 - BlankSpaceAnalyzer - INFO - -> Analyzing version 0.28.7 (176/376)...
2025-10-23 05:41:57,703 - BlankSpaceAnalyzer - INFO - -> Analyzing version 0.28.8 (177/376)...
2025-10-23 05:41:57,748 - BlankSpaceAnalyzer - INFO - -> Analyzing version 0.28.9 (178/376)...
2025-10-23 05:41:57,792 - BlankSpaceAnalyzer - INFO - -> Analyzing version 0.29.0 (179/376)...
2025-10-23 05:41:57,836 - BlankSpaceAnalyzer - INFO - -> Analyzing version 0.29.1 (180/376)...
2025-10-23 05:41:57,880 - BlankSpaceAnalyzer - INFO - -> Analyzing version 0.29.2 (181/376)...
2025-10-23 05:41:57,925 - BlankSpaceAnalyzer - INFO - -> Analyzing version 0.29.3 (182/376)...
2025-10-23 05:41:57,969 - BlankSpaceAnalyzer - INFO - -> Analyzing version 0.29.4 (183/376)...
2025-10-23 05:41:58,013 - BlankSpaceAnalyzer - INFO - -> Analyzing version 0.29.5 (184/376)...
2025-10-23 05:41:58,059 - BlankSpaceAnalyzer - INFO - -> Analyzing version 0.29.6 (185/376)...
2025-10-23 05:41:58,103 - BlankSpaceAnalyzer - INFO - -> Analyzing version 0.30.0 (186/376)...
2025-10-23 05:41:58,148 - BlankSpaceAnalyzer - INFO - -> Analyzing version 0.30.0-dev-1 (187/376)...
2025-10-23 05:41:58,194 - BlankSpaceAnalyzer - INFO - -> Analyzing version 0.30.0-dev-2 (188/376)...
2025-10-23 05:41:58,239 - BlankSpaceAnalyzer - INFO - -> Analyzing version 0.30.0-dev-3 (189/376)...
2025-10-23 05:41:58,284 - BlankSpaceAnalyzer - INFO - -> Analyzing version 0.30.0-dev-4 (190/376)...
2025-10-23 05:41:58,328 - BlankSpaceAnalyzer - INFO - -> Analyzing version 0.30.0-dev-5 (191/376)...
2025-10-23 05:41:58,373 - BlankSpaceAnalyzer - INFO - -> Analyzing version 0.30.0-dev-6 (192/376)...
2025-10-23 05:41:58,418 - BlankSpaceAnalyzer - INFO - -> Analyzing version 0.30.0-dev-7 (193/376)...
2025-10-23 05:41:58,462 - BlankSpaceAnalyzer - INFO - -> Analyzing version 0.30.1 (194/376)...
2025-10-23 05:41:58,508 - BlankSpaceAnalyzer - INFO - -> Analyzing version 0.30.2 (195/376)...
2025-10-23 05:41:58,552 - BlankSpaceAnalyzer - INFO - -> Analyzing version 0.30.3 (196/376)...
2025-10-23 05:41:58,595 - BlankSpaceAnalyzer - INFO - -> Analyzing version 0.30.4 (197/376)...
2025-10-23 05:41:58,639 - BlankSpaceAnalyzer - INFO - -> Analyzing version 0.31.0 (198/376)...
2025-10-23 05:41:58,684 - BlankSpaceAnalyzer - INFO - -> Analyzing version 0.31.0-dev-1 (199/376)...
2025-10-23 05:41:58,729 - BlankSpaceAnalyzer - INFO - -> Analyzing version 0.31.0-dev-2 (200/376)...
2025-10-23 05:41:58,773 - BlankSpaceAnalyzer - INFO - -> Analyzing version 0.31.1 (201/376)...
2025-10-23 05:41:58,817 - BlankSpaceAnalyzer - INFO - -> Analyzing version 0.31.10 (202/376)...
2025-10-23 05:41:58,863 - BlankSpaceAnalyzer - INFO - -> Analyzing version 0.31.11 (203/376)...
2025-10-23 05:41:58,906 - BlankSpaceAnalyzer - INFO - -> Analyzing version 0.31.12 (204/376)...
2025-10-23 05:41:58,950 - BlankSpaceAnalyzer - INFO - -> Analyzing version 0.31.13 (205/376)...
2025-10-23 05:41:58,995 - BlankSpaceAnalyzer - INFO - -> Analyzing version 0.31.14 (206/376)...
2025-10-23 05:41:59,039 - BlankSpaceAnalyzer - INFO - -> Analyzing version 0.31.15 (207/376)...
2025-10-23 05:41:59,083 - BlankSpaceAnalyzer - INFO - -> Analyzing version 0.31.16 (208/376)...
2025-10-23 05:41:59,128 - BlankSpaceAnalyzer - INFO - -> Analyzing version 0.31.17 (209/376)...
2025-10-23 05:41:59,173 - BlankSpaceAnalyzer - INFO - -> Analyzing version 0.31.18 (210/376)...
2025-10-23 05:41:59,218 - BlankSpaceAnalyzer - INFO - -> Analyzing version 0.31.19 (211/376)...
2025-10-23 05:41:59,264 - BlankSpaceAnalyzer - INFO - -> Analyzing version 0.31.2 (212/376)...
2025-10-23 05:41:59,307 - BlankSpaceAnalyzer - INFO - -> Analyzing version 0.31.20 (213/376)...
2025-10-23 05:41:59,352 - BlankSpaceAnalyzer - INFO - -> Analyzing version 0.31.21 (214/376)...
2025-10-23 05:41:59,396 - BlankSpaceAnalyzer - INFO - -> Analyzing version 0.31.22 (215/376)...
2025-10-23 05:41:59,441 - BlankSpaceAnalyzer - INFO - -> Analyzing version 0.31.23 (216/376)...
2025-10-23 05:41:59,486 - BlankSpaceAnalyzer - INFO - -> Analyzing version 0.31.24 (217/376)...
2025-10-23 05:41:59,531 - BlankSpaceAnalyzer - INFO - -> Analyzing version 0.31.25 (218/376)...
2025-10-23 05:41:59,576 - BlankSpaceAnalyzer - INFO - -> Analyzing version 0.31.26 (219/376)...
2025-10-23 05:41:59,620 - BlankSpaceAnalyzer - INFO - -> Analyzing version 0.31.27 (220/376)...
2025-10-23 05:41:59,664 - BlankSpaceAnalyzer - INFO - -> Analyzing version 0.31.28 (221/376)...
2025-10-23 05:41:59,708 - BlankSpaceAnalyzer - INFO - -> Analyzing version 0.31.3 (222/376)...
2025-10-23 05:41:59,753 - BlankSpaceAnalyzer - INFO - -> Analyzing version 0.31.4 (223/376)...
2025-10-23 05:41:59,797 - BlankSpaceAnalyzer - INFO - -> Analyzing version 0.31.5 (224/376)...
2025-10-23 05:41:59,841 - BlankSpaceAnalyzer - INFO - -> Analyzing version 0.31.6 (225/376)...
2025-10-23 05:41:59,885 - BlankSpaceAnalyzer - INFO - -> Analyzing version 0.31.7 (226/376)...
2025-10-23 05:41:59,929 - BlankSpaceAnalyzer - INFO - -> Analyzing version 0.31.8 (227/376)...
2025-10-23 05:41:59,975 - BlankSpaceAnalyzer - INFO - -> Analyzing version 0.31.9 (228/376)...
2025-10-23 05:42:00,020 - BlankSpaceAnalyzer - INFO - -> Analyzing version 0.32.0 (229/376)...
2025-10-23 05:42:00,075 - BlankSpaceAnalyzer - INFO - -> Analyzing version 0.32.0-dev-1 (230/376)...
2025-10-23 05:42:00,129 - BlankSpaceAnalyzer - INFO - -> Analyzing version 0.32.0-dev-10 (231/376)...
2025-10-23 05:42:00,184 - BlankSpaceAnalyzer - INFO - -> Analyzing version 0.32.0-dev-11 (232/376)...
2025-10-23 05:42:00,240 - BlankSpaceAnalyzer - INFO - -> Analyzing version 0.32.0-dev-12 (233/376)...
2025-10-23 05:42:00,295 - BlankSpaceAnalyzer - INFO - -> Analyzing version 0.32.0-dev-13 (234/376)...
2025-10-23 05:42:00,354 - BlankSpaceAnalyzer - INFO - -> Analyzing version 0.32.0-dev-14 (235/376)...
2025-10-23 05:42:00,409 - BlankSpaceAnalyzer - INFO - -> Analyzing version 0.32.0-dev-15 (236/376)...
2025-10-23 05:42:00,467 - BlankSpaceAnalyzer - INFO - -> Analyzing version 0.32.0-dev-16 (237/376)...
2025-10-23 05:42:00,524 - BlankSpaceAnalyzer - INFO - -> Analyzing version 0.32.0-dev-17 (238/376)...
2025-10-23 05:42:00,580 - BlankSpaceAnalyzer - INFO - -> Analyzing version 0.32.0-dev-18 (239/376)...
2025-10-23 05:42:00,636 - BlankSpaceAnalyzer - INFO - -> Analyzing version 0.32.0-dev-19 (240/376)...
2025-10-23 05:42:00,692 - BlankSpaceAnalyzer - INFO - -> Analyzing version 0.32.0-dev-2 (241/376)...
2025-10-23 05:42:00,747 - BlankSpaceAnalyzer - INFO - -> Analyzing version 0.32.0-dev-20 (242/376)...
2025-10-23 05:42:00,804 - BlankSpaceAnalyzer - INFO - -> Analyzing version 0.32.0-dev-21 (243/376)...
2025-10-23 05:42:00,860 - BlankSpaceAnalyzer - INFO - -> Analyzing version 0.32.0-dev-22 (244/376)...
2025-10-23 05:42:00,920 - BlankSpaceAnalyzer - INFO - -> Analyzing version 0.32.0-dev-23 (245/376)...
2025-10-23 05:42:00,979 - BlankSpaceAnalyzer - INFO - -> Analyzing version 0.32.0-dev-24 (246/376)...
2025-10-23 05:42:01,039 - BlankSpaceAnalyzer - INFO - -> Analyzing version 0.32.0-dev-25 (247/376)...
2025-10-23 05:42:01,095 - BlankSpaceAnalyzer - INFO - -> Analyzing version 0.32.0-dev-26 (248/376)...
2025-10-23 05:42:01,152 - BlankSpaceAnalyzer - INFO - -> Analyzing version 0.32.0-dev-27 (249/376)...
2025-10-23 05:42:01,208 - BlankSpaceAnalyzer - INFO - -> Analyzing version 0.32.0-dev-28 (250/376)...
2025-10-23 05:42:01,264 - BlankSpaceAnalyzer - INFO - -> Analyzing version 0.32.0-dev-3 (251/376)...
2025-10-23 05:42:01,320 - BlankSpaceAnalyzer - INFO - -> Analyzing version 0.32.0-dev-4 (252/376)...
2025-10-23 05:42:01,372 - BlankSpaceAnalyzer - INFO - -> Analyzing version 0.32.0-dev-5 (253/376)...
2025-10-23 05:42:01,430 - BlankSpaceAnalyzer - INFO - -> Analyzing version 0.32.0-dev-6 (254/376)...
2025-10-23 05:42:01,490 - BlankSpaceAnalyzer - INFO - -> Analyzing version 0.32.0-dev-7 (255/376)...
2025-10-23 05:42:01,548 - BlankSpaceAnalyzer - INFO - -> Analyzing version 0.32.0-dev-8 (256/376)...
2025-10-23 05:42:01,604 - BlankSpaceAnalyzer - INFO - -> Analyzing version 0.32.0-dev-9 (257/376)...
2025-10-23 05:42:01,661 - BlankSpaceAnalyzer - INFO - -> Analyzing version 0.32.1 (258/376)...
2025-10-23 05:42:01,717 - BlankSpaceAnalyzer - INFO - -> Analyzing version 0.32.10 (259/376)...
2025-10-23 05:42:01,774 - BlankSpaceAnalyzer - INFO - -> Analyzing version 0.32.11 (260/376)...
2025-10-23 05:42:01,832 - BlankSpaceAnalyzer - INFO - -> Analyzing version 0.32.12 (261/376)...
2025-10-23 05:42:01,886 - BlankSpaceAnalyzer - INFO - -> Analyzing version 0.32.13 (262/376)...
2025-10-23 05:42:01,944 - BlankSpaceAnalyzer - INFO - -> Analyzing version 0.32.14 (263/376)...
2025-10-23 05:42:02,003 - BlankSpaceAnalyzer - INFO - -> Analyzing version 0.32.15 (264/376)...
2025-10-23 05:42:02,064 - BlankSpaceAnalyzer - INFO - -> Analyzing version 0.32.16 (265/376)...
2025-10-23 05:42:02,121 - BlankSpaceAnalyzer - INFO - -> Analyzing version 0.32.17 (266/376)...
2025-10-23 05:42:02,180 - BlankSpaceAnalyzer - INFO - -> Analyzing version 0.32.18 (267/376)...
2025-10-23 05:42:02,236 - BlankSpaceAnalyzer - INFO - -> Analyzing version 0.32.19 (268/376)...
2025-10-23 05:42:02,292 - BlankSpaceAnalyzer - INFO - -> Analyzing version 0.32.2 (269/376)...
2025-10-23 05:42:02,353 - BlankSpaceAnalyzer - INFO - -> Analyzing version 0.32.20 (270/376)...
2025-10-23 05:42:02,409 - BlankSpaceAnalyzer - INFO - -> Analyzing version 0.32.21 (271/376)...
2025-10-23 05:42:02,462 - BlankSpaceAnalyzer - INFO - -> Analyzing version 0.32.22 (272/376)...
2025-10-23 05:42:02,518 - BlankSpaceAnalyzer - INFO - -> Analyzing version 0.32.23 (273/376)...
2025-10-23 05:42:02,578 - BlankSpaceAnalyzer - INFO - -> Analyzing version 0.32.24 (274/376)...
2025-10-23 05:42:02,637 - BlankSpaceAnalyzer - INFO - -> Analyzing version 0.32.25 (275/376)...
2025-10-23 05:42:02,695 - BlankSpaceAnalyzer - INFO - -> Analyzing version 0.32.26 (276/376)...
2025-10-23 05:42:02,754 - BlankSpaceAnalyzer - INFO - -> Analyzing version 0.32.27 (277/376)...
2025-10-23 05:42:02,809 - BlankSpaceAnalyzer - INFO - -> Analyzing version 0.32.28 (278/376)...
2025-10-23 05:42:02,865 - BlankSpaceAnalyzer - INFO - -> Analyzing version 0.32.29 (279/376)...
2025-10-23 05:42:02,921 - BlankSpaceAnalyzer - INFO - -> Analyzing version 0.32.3 (280/376)...
2025-10-23 05:42:02,977 - BlankSpaceAnalyzer - INFO - -> Analyzing version 0.32.30 (281/376)...
2025-10-23 05:42:03,033 - BlankSpaceAnalyzer - INFO - -> Analyzing version 0.32.31 (282/376)...
2025-10-23 05:42:03,089 - BlankSpaceAnalyzer - INFO - -> Analyzing version 0.32.32 (283/376)...
2025-10-23 05:42:03,147 - BlankSpaceAnalyzer - INFO - -> Analyzing version 0.32.33 (284/376)...
2025-10-23 05:42:03,203 - BlankSpaceAnalyzer - INFO - -> Analyzing version 0.32.34 (285/376)...
2025-10-23 05:42:03,263 - BlankSpaceAnalyzer - INFO - -> Analyzing version 0.32.35 (286/376)...
2025-10-23 05:42:03,319 - BlankSpaceAnalyzer - INFO - -> Analyzing version 0.32.4 (287/376)...
2025-10-23 05:42:03,376 - BlankSpaceAnalyzer - INFO - -> Analyzing version 0.32.5 (288/376)...
2025-10-23 05:42:03,433 - BlankSpaceAnalyzer - INFO - -> Analyzing version 0.32.6 (289/376)...
2025-10-23 05:42:03,492 - BlankSpaceAnalyzer - INFO - -> Analyzing version 0.32.7 (290/376)...
2025-10-23 05:42:03,551 - BlankSpaceAnalyzer - INFO - -> Analyzing version 0.32.8 (291/376)...
2025-10-23 05:42:03,611 - BlankSpaceAnalyzer - INFO - -> Analyzing version 0.32.9 (292/376)...
2025-10-23 05:42:03,669 - BlankSpaceAnalyzer - INFO - -> Analyzing version 0.33.0 (293/376)...
2025-10-23 05:42:03,726 - BlankSpaceAnalyzer - INFO - -> Analyzing version 0.33.1 (294/376)...
2025-10-23 05:42:03,784 - BlankSpaceAnalyzer - INFO - -> Analyzing version 0.33.10 (295/376)...
2025-10-23 05:42:03,841 - BlankSpaceAnalyzer - INFO - -> Analyzing version 0.33.11 (296/376)...
2025-10-23 05:42:03,897 - BlankSpaceAnalyzer - INFO - -> Analyzing version 0.33.12 (297/376)...
2025-10-23 05:42:03,954 - BlankSpaceAnalyzer - INFO - -> Analyzing version 0.33.13 (298/376)...
2025-10-23 05:42:04,009 - BlankSpaceAnalyzer - INFO - -> Analyzing version 0.33.14 (299/376)...
2025-10-23 05:42:04,066 - BlankSpaceAnalyzer - INFO - -> Analyzing version 0.33.15 (300/376)...
2025-10-23 05:42:04,124 - BlankSpaceAnalyzer - INFO - -> Analyzing version 0.33.16 (301/376)...
2025-10-23 05:42:04,181 - BlankSpaceAnalyzer - INFO - -> Analyzing version 0.33.17 (302/376)...
2025-10-23 05:42:04,237 - BlankSpaceAnalyzer - INFO - -> Analyzing version 0.33.18 (303/376)...
2025-10-23 05:42:04,294 - BlankSpaceAnalyzer - INFO - -> Analyzing version 0.33.19 (304/376)...
2025-10-23 05:42:04,353 - BlankSpaceAnalyzer - INFO - -> Analyzing version 0.33.2 (305/376)...
2025-10-23 05:42:04,413 - BlankSpaceAnalyzer - INFO - -> Analyzing version 0.33.20 (306/376)...
2025-10-23 05:42:04,471 - BlankSpaceAnalyzer - INFO - -> Analyzing version 0.33.21 (307/376)...
2025-10-23 05:42:04,531 - BlankSpaceAnalyzer - INFO - -> Analyzing version 0.33.22 (308/376)...
2025-10-23 05:42:04,589 - BlankSpaceAnalyzer - INFO - -> Analyzing version 0.33.3 (309/376)...
2025-10-23 05:42:04,647 - BlankSpaceAnalyzer - INFO - -> Analyzing version 0.33.4 (310/376)...
2025-10-23 05:42:04,702 - BlankSpaceAnalyzer - INFO - -> Analyzing version 0.33.5 (311/376)...
2025-10-23 05:42:04,758 - BlankSpaceAnalyzer - INFO - -> Analyzing version 0.33.6 (312/376)...
2025-10-23 05:42:04,814 - BlankSpaceAnalyzer - INFO - -> Analyzing version 0.33.7 (313/376)...
2025-10-23 05:42:04,870 - BlankSpaceAnalyzer - INFO - -> Analyzing version 0.33.8 (314/376)...
2025-10-23 05:42:04,927 - BlankSpaceAnalyzer - INFO - -> Analyzing version 0.33.9 (315/376)...
2025-10-23 05:42:04,984 - BlankSpaceAnalyzer - INFO - -> Analyzing version 0.34.0 (316/376)...
2025-10-23 05:42:05,040 - BlankSpaceAnalyzer - INFO - -> Analyzing version 0.34.1 (317/376)...
2025-10-23 05:42:05,103 - BlankSpaceAnalyzer - INFO - -> Analyzing version 0.34.10 (318/376)...
2025-10-23 05:42:05,159 - BlankSpaceAnalyzer - INFO - -> Analyzing version 0.34.11 (319/376)...
2025-10-23 05:42:05,215 - BlankSpaceAnalyzer - INFO - -> Analyzing version 0.34.12 (320/376)...
2025-10-23 05:42:05,275 - BlankSpaceAnalyzer - INFO - -> Analyzing version 0.34.13 (321/376)...
2025-10-23 05:42:05,332 - BlankSpaceAnalyzer - INFO - -> Analyzing version 0.34.14 (322/376)...
2025-10-23 05:42:05,388 - BlankSpaceAnalyzer - INFO - -> Analyzing version 0.34.15 (323/376)...
2025-10-23 05:42:05,445 - BlankSpaceAnalyzer - INFO - -> Analyzing version 0.34.16 (324/376)...
2025-10-23 05:42:05,503 - BlankSpaceAnalyzer - INFO - -> Analyzing version 0.34.17 (325/376)...
2025-10-23 05:42:05,562 - BlankSpaceAnalyzer - INFO - -> Analyzing version 0.34.18 (326/376)...
2025-10-23 05:42:05,621 - BlankSpaceAnalyzer - INFO - -> Analyzing version 0.34.19 (327/376)...
2025-10-23 05:42:05,678 - BlankSpaceAnalyzer - INFO - -> Analyzing version 0.34.2 (328/376)...
2025-10-23 05:42:05,738 - BlankSpaceAnalyzer - INFO - -> Analyzing version 0.34.20 (329/376)...
2025-10-23 05:42:05,794 - BlankSpaceAnalyzer - INFO - -> Analyzing version 0.34.21 (330/376)...
2025-10-23 05:42:05,852 - BlankSpaceAnalyzer - INFO - -> Analyzing version 0.34.22 (331/376)...
2025-10-23 05:42:05,911 - BlankSpaceAnalyzer - INFO - -> Analyzing version 0.34.23 (332/376)...
2025-10-23 05:42:05,969 - BlankSpaceAnalyzer - INFO - -> Analyzing version 0.34.24 (333/376)...
2025-10-23 05:42:06,032 - BlankSpaceAnalyzer - INFO - -> Analyzing version 0.34.25 (334/376)...
2025-10-23 05:42:06,089 - BlankSpaceAnalyzer - INFO - -> Analyzing version 0.34.26 (335/376)...
2025-10-23 05:42:06,145 - BlankSpaceAnalyzer - INFO - -> Analyzing version 0.34.27 (336/376)...
2025-10-23 05:42:06,206 - BlankSpaceAnalyzer - INFO - -> Analyzing version 0.34.28 (337/376)...
2025-10-23 05:42:06,265 - BlankSpaceAnalyzer - INFO - -> Analyzing version 0.34.29 (338/376)...
2025-10-23 05:42:06,322 - BlankSpaceAnalyzer - INFO - -> Analyzing version 0.34.3 (339/376)...
2025-10-23 05:42:06,379 - BlankSpaceAnalyzer - INFO - -> Analyzing version 0.34.30 (340/376)...
2025-10-23 05:42:06,437 - BlankSpaceAnalyzer - INFO - -> Analyzing version 0.34.31 (341/376)...
2025-10-23 05:42:06,495 - BlankSpaceAnalyzer - INFO - -> Analyzing version 0.34.32 (342/376)...
2025-10-23 05:42:06,551 - BlankSpaceAnalyzer - INFO - -> Analyzing version 0.34.33 (343/376)...
2025-10-23 05:42:06,608 - BlankSpaceAnalyzer - INFO - -> Analyzing version 0.34.34 (344/376)...
2025-10-23 05:42:06,664 - BlankSpaceAnalyzer - INFO - -> Analyzing version 0.34.35 (345/376)...
2025-10-23 05:42:06,721 - BlankSpaceAnalyzer - INFO - -> Analyzing version 0.34.36 (346/376)...
2025-10-23 05:42:06,777 - BlankSpaceAnalyzer - INFO - -> Analyzing version 0.34.37 (347/376)...
2025-10-23 05:42:06,833 - BlankSpaceAnalyzer - INFO - -> Analyzing version 0.34.38 (348/376)...
2025-10-23 05:42:06,890 - BlankSpaceAnalyzer - INFO - -> Analyzing version 0.34.39 (349/376)...
2025-10-23 05:42:06,947 - BlankSpaceAnalyzer - INFO - -> Analyzing version 0.34.4 (350/376)...
2025-10-23 05:42:07,006 - BlankSpaceAnalyzer - INFO - -> Analyzing version 0.34.40 (351/376)...
2025-10-23 05:42:07,063 - BlankSpaceAnalyzer - INFO - -> Analyzing version 0.34.41 (352/376)...
2025-10-23 05:42:07,125 - BlankSpaceAnalyzer - INFO - -> Analyzing version 0.34.5 (353/376)...
2025-10-23 05:42:07,185 - BlankSpaceAnalyzer - INFO - -> Analyzing version 0.34.6 (354/376)...
2025-10-23 05:42:07,245 - BlankSpaceAnalyzer - INFO - -> Analyzing version 0.34.7 (355/376)...
2025-10-23 05:42:07,303 - BlankSpaceAnalyzer - INFO - -> Analyzing version 0.34.8 (356/376)...
2025-10-23 05:42:07,400 - BlankSpaceAnalyzer - INFO - -> Analyzing version 0.34.9 (357/376)...
2025-10-23 05:42:07,458 - BlankSpaceAnalyzer - INFO - -> Analyzing version 0.8.0 (358/376)...
2025-10-23 05:42:07,459 - BlankSpaceAnalyzer - INFO - -> Analyzing version 0.8.1 (359/376)...
2025-10-23 05:42:07,459 - BlankSpaceAnalyzer - INFO - -> Analyzing version 0.9.0 (360/376)...
2025-10-23 05:42:07,459 - BlankSpaceAnalyzer - INFO - -> Analyzing version 0.9.1 (361/376)...
2025-10-23 05:42:07,460 - BlankSpaceAnalyzer - INFO - -> Analyzing version 0.9.10 (362/376)...
2025-10-23 05:42:07,460 - BlankSpaceAnalyzer - INFO - -> Analyzing version 0.9.11 (363/376)...
2025-10-23 05:42:07,460 - BlankSpaceAnalyzer - INFO - -> Analyzing version 0.9.12 (364/376)...
2025-10-23 05:42:07,460 - BlankSpaceAnalyzer - INFO - -> Analyzing version 0.9.13 (365/376)...
2025-10-23 05:42:07,461 - BlankSpaceAnalyzer - INFO - -> Analyzing version 0.9.14 (366/376)...
2025-10-23 05:42:07,461 - BlankSpaceAnalyzer - INFO - -> Analyzing version 0.9.15 (367/376)...
2025-10-23 05:42:07,461 - BlankSpaceAnalyzer - INFO - -> Analyzing version 0.9.16 (368/376)...
2025-10-23 05:42:07,461 - BlankSpaceAnalyzer - INFO - -> Analyzing version 0.9.2 (369/376)...
2025-10-23 05:42:07,461 - BlankSpaceAnalyzer - INFO - -> Analyzing version 0.9.3 (370/376)...
2025-10-23 05:42:07,462 - BlankSpaceAnalyzer - INFO - -> Analyzing version 0.9.4 (371/376)...
2025-10-23 05:42:07,462 - BlankSpaceAnalyzer - INFO - -> Analyzing version 0.9.5 (372/376)...
2025-10-23 05:42:07,462 - BlankSpaceAnalyzer - INFO - -> Analyzing version 0.9.6 (373/376)...
2025-10-23 05:42:07,462 - BlankSpaceAnalyzer - INFO - -> Analyzing version 0.9.7 (374/376)...
2025-10-23 05:42:07,463 - BlankSpaceAnalyzer - INFO - -> Analyzing version 0.9.8 (375/376)...
2025-10-23 05:42:07,463 - BlankSpaceAnalyzer - INFO - -> Analyzing version 0.9.9 (376/376)...
2025-10-23 05:42:07,464 - BlankSpaceAnalyzer - INFO - Exporting results for '@sinclair/typebox' to CSV...
2025-10-23 05:42:08,462 - BlankSpaceAnalyzer - INFO - Reports saved in: /app/npm_results/@sinclair_typebox
2025-10-23 05:42:08,464 - NPM_Analyzer - INFO - Cleaning temporary folder 'temp/@sinclair_typebox'...
2025-10-23 05:42:11,030 - NPM_Analyzer - INFO - Cleanup completed.
