2025-11-11 13:49:56,381 - NPM_HUT_Analyzer - INFO - Recupero metadata per 'run-parallel'...
2025-11-11 13:49:56,485 - NPM_HUT_Analyzer - INFO - Trovate 17 versioni. Inizio download in 'temp_hut/run-parallel'...
2025-11-11 13:50:05,463 - UnicodeAnalyzer - INFO - Analizzando 17 versioni per '*.js' in 'run-parallel'.
2025-11-11 13:50:05,463 - UnicodeAnalyzer - INFO - -> Analizzando versione 0.1.0 (1/17)...
2025-11-11 13:50:05,465 - UnicodeAnalyzer - INFO - Filtrati 3 file (es. in /dist, /test).
2025-11-11 13:50:05,465 - UnicodeAnalyzer - INFO - -> Analizzando versione 0.1.1 (2/17)...
2025-11-11 13:50:05,467 - UnicodeAnalyzer - INFO - Filtrati 3 file (es. in /dist, /test).
2025-11-11 13:50:05,467 - UnicodeAnalyzer - INFO - -> Analizzando versione 0.2.0 (3/17)...
2025-11-11 13:50:05,469 - UnicodeAnalyzer - INFO - Filtrati 4 file (es. in /dist, /test).
2025-11-11 13:50:05,469 - UnicodeAnalyzer - INFO - -> Analizzando versione 0.3.0 (4/17)...
2025-11-11 13:50:05,471 - UnicodeAnalyzer - INFO - Filtrati 5 file (es. in /dist, /test).
2025-11-11 13:50:05,472 - UnicodeAnalyzer - INFO - -> Analizzando versione 1.0.0 (5/17)...
2025-11-11 13:50:05,473 - UnicodeAnalyzer - INFO - Filtrati 5 file (es. in /dist, /test).
2025-11-11 13:50:05,474 - UnicodeAnalyzer - INFO - -> Analizzando versione 1.1.0 (6/17)...
2025-11-11 13:50:05,475 - UnicodeAnalyzer - INFO - Filtrati 5 file (es. in /dist, /test).
2025-11-11 13:50:05,476 - UnicodeAnalyzer - INFO - -> Analizzando versione 1.1.1 (7/17)...
2025-11-11 13:50:05,477 - UnicodeAnalyzer - INFO - Filtrati 5 file (es. in /dist, /test).
2025-11-11 13:50:05,478 - UnicodeAnalyzer - INFO - -> Analizzando versione 1.1.10 (8/17)...
2025-11-11 13:50:05,479 - UnicodeAnalyzer - INFO - -> Analizzando versione 1.1.2 (9/17)...
2025-11-11 13:50:05,481 - UnicodeAnalyzer - INFO - Filtrati 5 file (es. in /dist, /test).
2025-11-11 13:50:05,482 - UnicodeAnalyzer - INFO - -> Analizzando versione 1.1.3 (10/17)...
2025-11-11 13:50:05,483 - UnicodeAnalyzer - INFO - Filtrati 5 file (es. in /dist, /test).
2025-11-11 13:50:05,484 - UnicodeAnalyzer - INFO - -> Analizzando versione 1.1.4 (11/17)...
2025-11-11 13:50:05,485 - UnicodeAnalyzer - INFO - Filtrati 5 file (es. in /dist, /test).
2025-11-11 13:50:05,486 - UnicodeAnalyzer - INFO - -> Analizzando versione 1.1.5 (12/17)...
2025-11-11 13:50:05,488 - UnicodeAnalyzer - INFO - Filtrati 5 file (es. in /dist, /test).
2025-11-11 13:50:05,488 - UnicodeAnalyzer - INFO - -> Analizzando versione 1.1.6 (13/17)...
2025-11-11 13:50:05,490 - UnicodeAnalyzer - INFO - Filtrati 5 file (es. in /dist, /test).
2025-11-11 13:50:05,490 - UnicodeAnalyzer - INFO - -> Analizzando versione 1.1.7 (14/17)...
2025-11-11 13:50:05,492 - UnicodeAnalyzer - INFO - Filtrati 5 file (es. in /dist, /test).
2025-11-11 13:50:05,492 - UnicodeAnalyzer - INFO - -> Analizzando versione 1.1.8 (15/17)...
2025-11-11 13:50:05,493 - UnicodeAnalyzer - INFO - Filtrati 5 file (es. in /dist, /test).
2025-11-11 13:50:05,494 - UnicodeAnalyzer - INFO - -> Analizzando versione 1.1.9 (16/17)...
2025-11-11 13:50:05,495 - UnicodeAnalyzer - INFO - -> Analizzando versione 1.2.0 (17/17)...
2025-11-11 13:50:05,495 - UnicodeAnalyzer - INFO - Esportando i risultati HUT per 'run-parallel' in CSV...
2025-11-11 13:50:05,524 - UnicodeAnalyzer - INFO - Report salvati in: /app/npm_hut_results/run-parallel
2025-11-11 13:50:05,524 - NPM_HUT_Analyzer - INFO - Pulizia cartella temporanea 'temp_hut/run-parallel'...
2025-11-11 13:50:05,528 - NPM_HUT_Analyzer - INFO - Pulizia completata.
