2025-10-29 11:07:18,639 - INFO - Cloning https://github.com/vitejs/vite...
2025-10-29 11:07:29,366 - INFO - Repository 'vite' successfully cloned to 'repos/vite'.
2025-10-29 11:07:30,452 - INFO - Starting analysis of repository vite with extension js.
Manipulated file: /Users/marco/Projects/BST_HUT_analyzer/repos/vite/playground/css/vite.config-lightningcss.js
2025-10-29 11:07:30,743 - INFO - Analyzing 952 tags for extension 'js'.
2025-10-29 11:07:30,743 - INFO - Analyzing tag v1.0.0-rc.5 (1/952).
2025-10-29 11:07:31,602 - INFO - Analyzing tag v1.0.0-rc.6 (2/952).
2025-10-29 11:07:32,333 - INFO - Analyzing tag v1.0.0-rc.7 (3/952).
2025-10-29 11:07:32,940 - INFO - Analyzing tag v1.0.0-rc.8 (4/952).
2025-10-29 11:07:33,689 - INFO - Analyzing tag v1.0.0-rc.9 (5/952).
2025-10-29 11:07:34,492 - INFO - Analyzing tag v1.0.0-rc.10 (6/952).
2025-10-29 11:07:35,178 - INFO - Analyzing tag v1.0.0-rc.11 (7/952).
2025-10-29 11:07:35,754 - INFO - Analyzing tag v1.0.0-rc.13 (8/952).
2025-10-29 11:07:36,335 - INFO - Analyzing tag v2.0.0-alpha.1 (9/952).
2025-10-29 11:07:36,936 - INFO - Analyzing tag v2.0.0-alpha.2 (10/952).
2025-10-29 11:07:37,523 - INFO - Analyzing tag v2.0.0-alpha.3 (11/952).
2025-10-29 11:07:38,224 - INFO - Analyzing tag v2.0.0-alpha.4 (12/952).
2025-10-29 11:07:38,859 - INFO - Analyzing tag v2.0.0-alpha.5 (13/952).
2025-10-29 11:07:39,485 - INFO - Analyzing tag plugin-react-refresh@1.1.0 (14/952).
2025-10-29 11:07:40,142 - INFO - Analyzing tag v2.0.0-beta.1 (15/952).
2025-10-29 11:07:40,857 - INFO - Analyzing tag create-app@1.0.0 (16/952).
2025-10-29 11:07:41,487 - INFO - Analyzing tag create-app@1.0.1 (17/952).
2025-10-29 11:07:42,076 - INFO - Analyzing tag v2.0.0-beta.2 (18/952).
2025-10-29 11:07:42,697 - INFO - Analyzing tag plugin-vue@1.0.3 (19/952).
2025-10-29 11:07:43,303 - INFO - Analyzing tag create-app@1.0.2 (20/952).
2025-10-29 11:07:44,015 - INFO - Analyzing tag create-app@1.0.3 (21/952).
2025-10-29 11:07:44,550 - INFO - Analyzing tag v2.0.0-beta.3 (22/952).
2025-10-29 11:07:45,110 - INFO - Analyzing tag plugin-vue@1.0.4 (23/952).
2025-10-29 11:07:45,729 - INFO - Analyzing tag plugin-vue-jsx@1.0.0 (24/952).
2025-10-29 11:07:46,304 - INFO - Analyzing tag v2.0.0-beta.4 (25/952).
2025-10-29 11:07:46,835 - INFO - Analyzing tag plugin-vue-jsx@1.0.1 (26/952).
2025-10-29 11:07:47,357 - INFO - Analyzing tag create-app@1.0.4 (27/952).
2025-10-29 11:07:47,922 - INFO - Analyzing tag v2.0.0-beta.5 (28/952).
2025-10-29 11:07:48,499 - INFO - Analyzing tag create-app@1.0.5 (29/952).
2025-10-29 11:07:48,979 - INFO - Analyzing tag v2.0.0-beta.6 (30/952).
2025-10-29 11:07:49,467 - INFO - Analyzing tag v2.0.0-beta.7 (31/952).
2025-10-29 11:07:50,008 - INFO - Analyzing tag create-app@1.0.6 (32/952).
2025-10-29 11:07:50,525 - INFO - Analyzing tag v2.0.0-beta.8 (33/952).
2025-10-29 11:07:51,030 - INFO - Analyzing tag v2.0.0-beta.9 (34/952).
2025-10-29 11:07:51,540 - INFO - Analyzing tag v2.0.0-beta.10 (35/952).
2025-10-29 11:07:52,018 - INFO - Analyzing tag plugin-react-refresh@1.1.1 (36/952).
2025-10-29 11:07:52,573 - INFO - Analyzing tag plugin-legacy@1.0.0 (37/952).
2025-10-29 11:07:53,170 - INFO - Analyzing tag v2.0.0-beta.11 (38/952).
2025-10-29 11:07:53,684 - INFO - Analyzing tag v2.0.0-beta.12 (39/952).
2025-10-29 11:07:54,201 - INFO - Analyzing tag plugin-legacy@1.0.1 (40/952).
2025-10-29 11:07:54,733 - INFO - Analyzing tag plugin-legacy@1.1.0 (41/952).
2025-10-29 11:07:55,253 - INFO - Analyzing tag create-app@1.1.0 (42/952).
2025-10-29 11:07:55,709 - INFO - Analyzing tag create-app@1.2.0 (43/952).
2025-10-29 11:07:56,174 - INFO - Analyzing tag v2.0.0-beta.13 (44/952).
2025-10-29 11:07:56,724 - INFO - Analyzing tag v2.0.0-beta.14 (45/952).
2025-10-29 11:07:57,249 - INFO - Analyzing tag v2.0.0-beta.15 (46/952).
2025-10-29 11:07:57,719 - INFO - Analyzing tag plugin-vue@1.0.5 (47/952).
2025-10-29 11:07:58,168 - INFO - Analyzing tag plugin-legacy@1.1.1 (48/952).
2025-10-29 11:07:58,621 - INFO - Analyzing tag v2.0.0-beta.16 (49/952).
2025-10-29 11:07:59,058 - INFO - Analyzing tag v2.0.0-beta.17 (50/952).
2025-10-29 11:07:59,528 - INFO - Analyzing tag v2.0.0-beta.18 (51/952).
2025-10-29 11:07:59,980 - INFO - Analyzing tag v2.0.0-beta.19 (52/952).
2025-10-29 11:08:00,489 - INFO - Analyzing tag v2.0.0-beta.20 (53/952).
2025-10-29 11:08:00,979 - INFO - Analyzing tag v2.0.0-beta.21 (54/952).
2025-10-29 11:08:01,443 - INFO - Analyzing tag v2.0.0-beta.22 (55/952).
2025-10-29 11:08:01,900 - INFO - Analyzing tag plugin-legacy@1.2.0 (56/952).
2025-10-29 11:08:02,365 - INFO - Analyzing tag v2.0.0-beta.23 (57/952).
2025-10-29 11:08:02,826 - INFO - Analyzing tag v2.0.0-beta.24 (58/952).
2025-10-29 11:08:03,270 - INFO - Analyzing tag plugin-vue-jsx@1.0.2 (59/952).
2025-10-29 11:08:03,750 - INFO - Analyzing tag v2.0.0-beta.25 (60/952).
2025-10-29 11:08:04,211 - INFO - Analyzing tag v2.0.0-beta.26 (61/952).
2025-10-29 11:08:04,660 - INFO - Analyzing tag v2.0.0-beta.27 (62/952).
2025-10-29 11:08:05,116 - INFO - Analyzing tag plugin-legacy@1.2.1 (63/952).
2025-10-29 11:08:05,577 - INFO - Analyzing tag v2.0.0-beta.28 (64/952).
2025-10-29 11:08:06,043 - INFO - Analyzing tag v2.0.0-beta.29 (65/952).
2025-10-29 11:08:06,497 - INFO - Analyzing tag v2.0.0-beta.30 (66/952).
2025-10-29 11:08:06,959 - INFO - Analyzing tag plugin-vue@1.0.6 (67/952).
2025-10-29 11:08:07,433 - INFO - Analyzing tag v2.0.0-beta.31 (68/952).
2025-10-29 11:08:07,895 - INFO - Analyzing tag plugin-vue@1.1.0 (69/952).
2025-10-29 11:08:08,378 - INFO - Analyzing tag plugin-react-refresh@1.1.2 (70/952).
2025-10-29 11:08:08,904 - INFO - Analyzing tag v2.0.0-beta.32 (71/952).
2025-10-29 11:08:09,392 - INFO - Analyzing tag v2.0.0-beta.33 (72/952).
2025-10-29 11:08:09,829 - INFO - Analyzing tag v2.0.0-beta.34 (73/952).
2025-10-29 11:08:10,301 - INFO - Analyzing tag v2.0.0-beta.35 (74/952).
2025-10-29 11:08:10,792 - INFO - Analyzing tag v2.0.0-beta.36 (75/952).
2025-10-29 11:08:11,268 - INFO - Analyzing tag v2.0.0-beta.37 (76/952).
2025-10-29 11:08:11,760 - INFO - Analyzing tag v2.0.0-beta.38 (77/952).
2025-10-29 11:08:12,244 - INFO - Analyzing tag v2.0.0-beta.39 (78/952).
2025-10-29 11:08:12,740 - INFO - Analyzing tag v2.0.0-beta.40 (79/952).
2025-10-29 11:08:13,223 - INFO - Analyzing tag v2.0.0-beta.41 (80/952).
2025-10-29 11:08:13,693 - INFO - Analyzing tag v2.0.0-beta.42 (81/952).
2025-10-29 11:08:14,147 - INFO - Analyzing tag v2.0.0-beta.43 (82/952).
2025-10-29 11:08:14,598 - INFO - Analyzing tag v2.0.0-beta.44 (83/952).
2025-10-29 11:08:15,074 - INFO - Analyzing tag plugin-vue@1.1.1 (84/952).
2025-10-29 11:08:15,551 - INFO - Analyzing tag create-app@1.3.0 (85/952).
2025-10-29 11:08:16,016 - INFO - Analyzing tag v2.0.0-beta.45 (86/952).
2025-10-29 11:08:16,498 - INFO - Analyzing tag plugin-vue@1.1.2 (87/952).
2025-10-29 11:08:16,984 - INFO - Analyzing tag create-app@1.4.0 (88/952).
2025-10-29 11:08:17,430 - INFO - Analyzing tag v2.0.0-beta.46 (89/952).
2025-10-29 11:08:17,889 - INFO - Analyzing tag v2.0.0-beta.47 (90/952).
2025-10-29 11:08:18,383 - INFO - Analyzing tag plugin-legacy@1.2.2 (91/952).
2025-10-29 11:08:18,842 - INFO - Analyzing tag v2.0.0-beta.48 (92/952).
2025-10-29 11:08:19,281 - INFO - Analyzing tag create-app@1.5.0 (93/952).
2025-10-29 11:08:19,759 - INFO - Analyzing tag v2.0.0-beta.49 (94/952).
2025-10-29 11:08:20,202 - INFO - Analyzing tag v2.0.0-beta.50 (95/952).
2025-10-29 11:08:20,691 - INFO - Analyzing tag create-app@1.5.1 (96/952).
2025-10-29 11:08:21,172 - INFO - Analyzing tag v2.0.0-beta.51 (97/952).
2025-10-29 11:08:21,662 - INFO - Analyzing tag v2.0.0-beta.52 (98/952).
2025-10-29 11:08:22,121 - INFO - Analyzing tag v2.0.0-beta.53 (99/952).
2025-10-29 11:08:22,583 - INFO - Analyzing tag v2.0.0-beta.54 (100/952).
2025-10-29 11:08:23,044 - INFO - Analyzing tag v2.0.0-beta.55 (101/952).
2025-10-29 11:08:23,510 - INFO - Analyzing tag v2.0.0-beta.56 (102/952).
2025-10-29 11:08:23,962 - INFO - Analyzing tag plugin-react-refresh@1.1.3 (103/952).
2025-10-29 11:08:24,424 - INFO - Analyzing tag v2.0.0-beta.57 (104/952).
2025-10-29 11:08:24,909 - INFO - Analyzing tag plugin-vue@1.1.3 (105/952).
2025-10-29 11:08:25,374 - INFO - Analyzing tag v2.0.0-beta.58 (106/952).
2025-10-29 11:08:25,852 - INFO - Analyzing tag v2.0.0-beta.59 (107/952).
2025-10-29 11:08:26,320 - INFO - Analyzing tag plugin-vue@1.1.4 (108/952).
2025-10-29 11:08:26,784 - INFO - Analyzing tag v2.0.0-beta.60 (109/952).
2025-10-29 11:08:27,266 - INFO - Analyzing tag v2.0.0-beta.61 (110/952).
2025-10-29 11:08:27,723 - INFO - Analyzing tag plugin-legacy@1.2.3 (111/952).
2025-10-29 11:08:28,184 - INFO - Analyzing tag plugin-react-refresh@1.2.0 (112/952).
2025-10-29 11:08:28,638 - INFO - Analyzing tag plugin-react-refresh@1.2.1 (113/952).
2025-10-29 11:08:29,107 - INFO - Analyzing tag plugin-react-refresh@1.2.2 (114/952).
2025-10-29 11:08:29,558 - INFO - Analyzing tag v2.0.0-beta.62 (115/952).
2025-10-29 11:08:30,002 - INFO - Analyzing tag v2.0.0-beta.63 (116/952).
2025-10-29 11:08:30,483 - INFO - Analyzing tag v2.0.0-beta.64 (117/952).
2025-10-29 11:08:31,000 - INFO - Analyzing tag create-app@1.5.2 (118/952).
2025-10-29 11:08:31,475 - INFO - Analyzing tag v2.0.0-beta.65 (119/952).
2025-10-29 11:08:31,947 - INFO - Analyzing tag create-app@1.6.0 (120/952).
2025-10-29 11:08:32,436 - INFO - Analyzing tag plugin-react-refresh@1.3.0 (121/952).
2025-10-29 11:08:32,907 - INFO - Analyzing tag create-app@1.7.0 (122/952).
2025-10-29 11:08:33,446 - INFO - Analyzing tag plugin-vue-jsx@1.0.3 (123/952).
2025-10-29 11:08:33,890 - INFO - Analyzing tag v2.0.0-beta.66 (124/952).
2025-10-29 11:08:34,338 - INFO - Analyzing tag plugin-vue-jsx@1.1.0 (125/952).
2025-10-29 11:08:34,834 - INFO - Analyzing tag v2.0.0-beta.67 (126/952).
2025-10-29 11:08:35,323 - INFO - Analyzing tag plugin-react-refresh@1.3.1 (127/952).
2025-10-29 11:08:35,817 - INFO - Analyzing tag v2.0.0-beta.68 (128/952).
2025-10-29 11:08:36,294 - INFO - Analyzing tag v2.0.0-beta.69 (129/952).
2025-10-29 11:08:36,772 - INFO - Analyzing tag plugin-legacy@1.3.0 (130/952).
2025-10-29 11:08:37,243 - INFO - Analyzing tag create-app@1.7.1 (131/952).
2025-10-29 11:08:37,703 - INFO - Analyzing tag v2.0.0-beta.70 (132/952).
2025-10-29 11:08:38,163 - INFO - Analyzing tag plugin-legacy@1.3.1 (133/952).
2025-10-29 11:08:38,642 - INFO - Analyzing tag create-app@1.8.0 (134/952).
2025-10-29 11:08:39,142 - INFO - Analyzing tag v2.0.0 (135/952).
2025-10-29 11:08:39,614 - INFO - Analyzing tag create-app@2.0.0 (136/952).
2025-10-29 11:08:40,077 - INFO - Analyzing tag v2.0.1 (137/952).
2025-10-29 11:08:40,536 - INFO - Analyzing tag create-app@2.0.1 (138/952).
2025-10-29 11:08:41,016 - INFO - Analyzing tag v2.0.2 (139/952).
2025-10-29 11:08:41,492 - INFO - Analyzing tag plugin-vue-jsx@1.1.1 (140/952).
2025-10-29 11:08:41,982 - INFO - Analyzing tag plugin-vue-jsx@1.1.2 (141/952).
2025-10-29 11:08:42,458 - INFO - Analyzing tag v2.0.3 (142/952).
2025-10-29 11:08:42,927 - INFO - Analyzing tag plugin-vue@1.1.5 (143/952).
2025-10-29 11:08:43,366 - INFO - Analyzing tag v2.0.4 (144/952).
2025-10-29 11:08:43,838 - INFO - Analyzing tag v2.0.5 (145/952).
2025-10-29 11:08:44,310 - INFO - Analyzing tag create-app@2.0.2 (146/952).
2025-10-29 11:08:44,768 - INFO - Analyzing tag v2.1.0 (147/952).
2025-10-29 11:08:45,231 - INFO - Analyzing tag create-app@2.1.0 (148/952).
2025-10-29 11:08:45,738 - INFO - Analyzing tag create-app@2.2.0 (149/952).
2025-10-29 11:08:46,235 - INFO - Analyzing tag v2.1.1 (150/952).
2025-10-29 11:08:46,719 - INFO - Analyzing tag v2.1.2 (151/952).
2025-10-29 11:08:47,187 - INFO - Analyzing tag v2.1.3 (152/952).
2025-10-29 11:08:47,644 - INFO - Analyzing tag create-app@2.2.1 (153/952).
2025-10-29 11:08:48,142 - INFO - Analyzing tag create-app@2.2.2 (154/952).
2025-10-29 11:08:48,614 - INFO - Analyzing tag plugin-vue@1.2.0 (155/952).
2025-10-29 11:08:49,079 - INFO - Analyzing tag plugin-legacy@1.3.2 (156/952).
2025-10-29 11:08:49,553 - INFO - Analyzing tag v2.1.4 (157/952).
2025-10-29 11:08:50,042 - INFO - Analyzing tag plugin-vue@1.2.1 (158/952).
2025-10-29 11:08:50,516 - INFO - Analyzing tag v2.1.5 (159/952).
2025-10-29 11:08:50,968 - INFO - Analyzing tag plugin-react-refresh@1.3.2 (160/952).
2025-10-29 11:08:51,435 - INFO - Analyzing tag plugin-vue-jsx@1.1.3 (161/952).
2025-10-29 11:08:51,898 - INFO - Analyzing tag create-app@2.2.3 (162/952).
2025-10-29 11:08:52,349 - INFO - Analyzing tag create-app@2.2.4 (163/952).
2025-10-29 11:08:52,833 - INFO - Analyzing tag v2.2.0 (164/952).
2025-10-29 11:08:53,358 - INFO - Analyzing tag v2.2.1 (165/952).
2025-10-29 11:08:53,859 - INFO - Analyzing tag v2.2.2 (166/952).
2025-10-29 11:08:54,354 - INFO - Analyzing tag plugin-vue@1.2.2 (167/952).
2025-10-29 11:08:54,839 - INFO - Analyzing tag plugin-react-refresh@1.3.3 (168/952).
2025-10-29 11:08:55,298 - INFO - Analyzing tag v2.2.3 (169/952).
2025-10-29 11:08:55,774 - INFO - Analyzing tag create-app@2.2.5 (170/952).
2025-10-29 11:08:56,244 - INFO - Analyzing tag v2.2.4 (171/952).
2025-10-29 11:08:56,729 - INFO - Analyzing tag plugin-vue-jsx@1.1.4 (172/952).
2025-10-29 11:08:57,229 - INFO - Analyzing tag plugin-legacy@1.3.3 (173/952).
2025-10-29 11:08:57,700 - INFO - Analyzing tag v2.3.0 (174/952).
2025-10-29 11:08:58,191 - INFO - Analyzing tag plugin-legacy@1.3.4 (175/952).
2025-10-29 11:08:58,699 - INFO - Analyzing tag create-app@2.3.0 (176/952).
2025-10-29 11:08:59,202 - INFO - Analyzing tag v2.3.1 (177/952).
2025-10-29 11:08:59,696 - INFO - Analyzing tag v2.3.2 (178/952).
2025-10-29 11:09:00,232 - INFO - Analyzing tag v2.3.3 (179/952).
2025-10-29 11:09:00,736 - INFO - Analyzing tag plugin-legacy@1.4.0 (180/952).
2025-10-29 11:09:01,232 - INFO - Analyzing tag create-app@2.3.1 (181/952).
2025-10-29 11:09:01,697 - INFO - Analyzing tag v2.3.4 (182/952).
2025-10-29 11:09:02,175 - INFO - Analyzing tag create-app@2.3.2 (183/952).
2025-10-29 11:09:02,681 - INFO - Analyzing tag v2.3.5 (184/952).
2025-10-29 11:09:03,169 - INFO - Analyzing tag plugin-vue@1.2.3 (185/952).
2025-10-29 11:09:03,657 - INFO - Analyzing tag create-app@2.4.0 (186/952).
2025-10-29 11:09:04,092 - INFO - Analyzing tag plugin-legacy@1.4.1 (187/952).
2025-10-29 11:09:04,568 - INFO - Analyzing tag plugin-vue-jsx@1.1.5 (188/952).
2025-10-29 11:09:05,021 - INFO - Analyzing tag create-app@2.4.1 (189/952).
2025-10-29 11:09:05,497 - INFO - Analyzing tag v2.3.6 (190/952).
2025-10-29 11:09:05,950 - INFO - Analyzing tag v2.3.7 (191/952).
2025-10-29 11:09:06,423 - INFO - Analyzing tag create-app@2.4.2 (192/952).
2025-10-29 11:09:06,896 - INFO - Analyzing tag create-app@2.4.3 (193/952).
2025-10-29 11:09:07,375 - INFO - Analyzing tag v2.3.8 (194/952).
2025-10-29 11:09:07,867 - INFO - Analyzing tag plugin-legacy@1.4.2 (195/952).
2025-10-29 11:09:08,322 - INFO - Analyzing tag create-app@2.4.4 (196/952).
2025-10-29 11:09:08,798 - INFO - Analyzing tag plugin-legacy@1.4.3 (197/952).
2025-10-29 11:09:09,286 - INFO - Analyzing tag plugin-vue-jsx@1.1.6 (198/952).
2025-10-29 11:09:09,777 - INFO - Analyzing tag plugin-react-refresh@1.3.4 (199/952).
2025-10-29 11:09:10,277 - INFO - Analyzing tag plugin-vue@1.2.4 (200/952).
2025-10-29 11:09:10,741 - INFO - Analyzing tag v2.4.0-beta.0 (201/952).
2025-10-29 11:09:11,236 - INFO - Analyzing tag v2.4.0-beta.1 (202/952).
2025-10-29 11:09:11,728 - INFO - Analyzing tag v2.4.0-beta.2 (203/952).
2025-10-29 11:09:12,199 - INFO - Analyzing tag v2.4.0-beta.3 (204/952).
2025-10-29 11:09:12,685 - INFO - Analyzing tag v2.4.0 (205/952).
2025-10-29 11:09:13,161 - INFO - Analyzing tag plugin-react-refresh@1.3.5 (206/952).
2025-10-29 11:09:13,618 - INFO - Analyzing tag create-app@2.4.5 (207/952).
2025-10-29 11:09:14,106 - INFO - Analyzing tag v2.4.1 (208/952).
2025-10-29 11:09:14,572 - INFO - Analyzing tag create-vite@2.5.0 (209/952).
2025-10-29 11:09:15,138 - INFO - Analyzing tag v2.4.2 (210/952).
2025-10-29 11:09:15,645 - INFO - Analyzing tag plugin-legacy@1.4.4 (211/952).
2025-10-29 11:09:16,185 - INFO - Analyzing tag plugin-vue@1.2.5 (212/952).
2025-10-29 11:09:16,744 - INFO - Analyzing tag create-vite@2.5.1 (213/952).
2025-10-29 11:09:17,320 - INFO - Analyzing tag v2.4.3 (214/952).
2025-10-29 11:09:17,809 - INFO - Analyzing tag create-vite@2.5.2 (215/952).
2025-10-29 11:09:18,284 - INFO - Analyzing tag v2.4.4 (216/952).
2025-10-29 11:09:18,777 - INFO - Analyzing tag plugin-vue@1.3.0 (217/952).
2025-10-29 11:09:19,265 - INFO - Analyzing tag plugin-vue-jsx@1.1.7 (218/952).
2025-10-29 11:09:19,758 - INFO - Analyzing tag plugin-react-refresh@1.3.6 (219/952).
2025-10-29 11:09:20,232 - INFO - Analyzing tag plugin-legacy@1.5.0 (220/952).
2025-10-29 11:09:20,703 - INFO - Analyzing tag create-vite@2.5.3 (221/952).
2025-10-29 11:09:21,146 - INFO - Analyzing tag plugin-legacy@1.5.1 (222/952).
2025-10-29 11:09:21,651 - INFO - Analyzing tag create-vite@2.5.4 (223/952).
2025-10-29 11:09:22,157 - INFO - Analyzing tag v2.5.0-beta.0 (224/952).
2025-10-29 11:09:22,635 - INFO - Analyzing tag v2.5.0-beta.1 (225/952).
2025-10-29 11:09:23,110 - INFO - Analyzing tag plugin-vue@1.4.0 (226/952).
2025-10-29 11:09:23,558 - INFO - Analyzing tag v2.5.0-beta.2 (227/952).
2025-10-29 11:09:24,014 - INFO - Analyzing tag v2.5.0-beta.3 (228/952).
2025-10-29 11:09:24,490 - INFO - Analyzing tag v2.5.0 (229/952).
2025-10-29 11:09:24,946 - INFO - Analyzing tag v2.5.1 (230/952).
2025-10-29 11:09:25,427 - INFO - Analyzing tag plugin-vue@1.5.0 (231/952).
2025-10-29 11:09:25,940 - INFO - Analyzing tag plugin-vue@1.6.0 (232/952).
2025-10-29 11:09:26,425 - INFO - Analyzing tag create-vite@2.6.0 (233/952).
2025-10-29 11:09:26,912 - INFO - Analyzing tag v2.5.2 (234/952).
2025-10-29 11:09:27,399 - INFO - Analyzing tag create-vite@2.6.1 (235/952).
2025-10-29 11:09:27,904 - INFO - Analyzing tag v2.5.3 (236/952).
2025-10-29 11:09:28,367 - INFO - Analyzing tag plugin-legacy@1.5.2 (237/952).
2025-10-29 11:09:28,859 - INFO - Analyzing tag plugin-vue@1.6.1 (238/952).
2025-10-29 11:09:29,340 - INFO - Analyzing tag v2.5.4 (239/952).
2025-10-29 11:09:29,810 - INFO - Analyzing tag plugin-vue-jsx@1.1.8 (240/952).
2025-10-29 11:09:30,291 - INFO - Analyzing tag plugin-legacy@1.5.3 (241/952).
2025-10-29 11:09:30,779 - INFO - Analyzing tag create-vite@2.6.2 (242/952).
2025-10-29 11:09:31,233 - INFO - Analyzing tag v2.5.5 (243/952).
2025-10-29 11:09:31,698 - INFO - Analyzing tag plugin-vue@1.6.2 (244/952).
2025-10-29 11:09:32,195 - INFO - Analyzing tag v2.5.6 (245/952).
2025-10-29 11:09:32,678 - INFO - Analyzing tag v2.5.7 (246/952).
2025-10-29 11:09:33,177 - INFO - Analyzing tag v2.5.8 (247/952).
2025-10-29 11:09:33,734 - INFO - Analyzing tag plugin-vue@1.7.0 (248/952).
2025-10-29 11:09:34,356 - INFO - Analyzing tag plugin-vue@1.7.1 (249/952).
2025-10-29 11:09:34,867 - INFO - Analyzing tag v2.5.9 (250/952).
2025-10-29 11:09:35,437 - INFO - Analyzing tag v2.5.10 (251/952).
2025-10-29 11:09:35,970 - INFO - Analyzing tag plugin-vue@1.8.0 (252/952).
2025-10-29 11:09:36,519 - INFO - Analyzing tag plugin-vue@1.8.1 (253/952).
2025-10-29 11:09:37,006 - INFO - Analyzing tag v2.6.0-beta.0 (254/952).
2025-10-29 11:09:37,523 - INFO - Analyzing tag plugin-react@1.0.0-beta.0 (255/952).
2025-10-29 11:09:38,000 - INFO - Analyzing tag plugin-vue@1.9.0 (256/952).
2025-10-29 11:09:38,482 - INFO - Analyzing tag create-vite@2.6.3 (257/952).
2025-10-29 11:09:38,942 - INFO - Analyzing tag plugin-react@1.0.0 (258/952).
2025-10-29 11:09:39,407 - INFO - Analyzing tag create-vite@2.6.4 (259/952).
2025-10-29 11:09:39,871 - INFO - Analyzing tag plugin-react@1.0.1 (260/952).
2025-10-29 11:09:40,344 - INFO - Analyzing tag v2.6.0-beta.1 (261/952).
2025-10-29 11:09:40,825 - INFO - Analyzing tag v2.6.0-beta.2 (262/952).
2025-10-29 11:09:41,305 - INFO - Analyzing tag plugin-vue@1.9.1 (263/952).
2025-10-29 11:09:41,773 - INFO - Analyzing tag plugin-vue@1.9.2 (264/952).
2025-10-29 11:09:42,269 - INFO - Analyzing tag v2.6.0-beta.3 (265/952).
2025-10-29 11:09:42,797 - INFO - Analyzing tag v2.6.0-beta.4 (266/952).
2025-10-29 11:09:43,317 - INFO - Analyzing tag v2.6.0 (267/952).
2025-10-29 11:09:43,801 - INFO - Analyzing tag plugin-vue-jsx@1.2.0 (268/952).
2025-10-29 11:09:44,241 - INFO - Analyzing tag plugin-legacy@1.6.0 (269/952).
2025-10-29 11:09:44,693 - INFO - Analyzing tag create-vite@2.6.5 (270/952).
2025-10-29 11:09:45,155 - INFO - Analyzing tag v2.6.1 (271/952).
2025-10-29 11:09:45,631 - INFO - Analyzing tag v2.6.2 (272/952).
2025-10-29 11:09:46,099 - INFO - Analyzing tag v2.6.3 (273/952).
2025-10-29 11:09:46,555 - INFO - Analyzing tag plugin-vue@1.9.3 (274/952).
2025-10-29 11:09:47,029 - INFO - Analyzing tag plugin-react@1.0.2 (275/952).
2025-10-29 11:09:47,493 - INFO - Analyzing tag plugin-legacy@1.6.1 (276/952).
2025-10-29 11:09:47,971 - INFO - Analyzing tag v2.6.4 (277/952).
2025-10-29 11:09:48,451 - INFO - Analyzing tag create-vite@2.6.6 (278/952).
2025-10-29 11:09:48,918 - INFO - Analyzing tag v2.6.5 (279/952).
2025-10-29 11:09:49,381 - INFO - Analyzing tag v2.6.6 (280/952).
2025-10-29 11:09:49,834 - INFO - Analyzing tag plugin-legacy@1.6.2 (281/952).
2025-10-29 11:09:50,292 - INFO - Analyzing tag plugin-react@1.0.3 (282/952).
2025-10-29 11:09:50,757 - INFO - Analyzing tag plugin-react@1.0.4 (283/952).
2025-10-29 11:09:51,229 - INFO - Analyzing tag v2.6.7 (284/952).
2025-10-29 11:09:51,713 - INFO - Analyzing tag v2.6.8 (285/952).
2025-10-29 11:09:52,196 - INFO - Analyzing tag plugin-react@1.0.5 (286/952).
2025-10-29 11:09:52,703 - INFO - Analyzing tag v2.6.9 (287/952).
2025-10-29 11:09:53,202 - INFO - Analyzing tag v2.6.10 (288/952).
2025-10-29 11:09:53,676 - INFO - Analyzing tag v2.6.11 (289/952).
2025-10-29 11:09:54,147 - INFO - Analyzing tag plugin-react@1.0.6 (290/952).
2025-10-29 11:09:54,625 - INFO - Analyzing tag v2.6.12 (291/952).
2025-10-29 11:09:55,086 - INFO - Analyzing tag plugin-vue@1.9.4 (292/952).
2025-10-29 11:09:55,553 - INFO - Analyzing tag v2.6.13 (293/952).
2025-10-29 11:09:56,025 - INFO - Analyzing tag plugin-react@1.0.7 (294/952).
2025-10-29 11:09:56,503 - INFO - Analyzing tag v2.7.0-beta.0 (295/952).
2025-10-29 11:09:57,008 - INFO - Analyzing tag plugin-vue@1.10.0-beta.0 (296/952).
2025-10-29 11:09:57,482 - INFO - Analyzing tag plugin-vue-jsx@1.3.0-beta.0 (297/952).
2025-10-29 11:09:57,951 - INFO - Analyzing tag plugin-react@1.1.0-beta.0 (298/952).
2025-10-29 11:09:58,405 - INFO - Analyzing tag v2.7.0-beta.1 (299/952).
2025-10-29 11:09:58,889 - INFO - Analyzing tag v2.7.0-beta.2 (300/952).
2025-10-29 11:09:59,390 - INFO - Analyzing tag v2.7.0-beta.3 (301/952).
2025-10-29 11:09:59,885 - INFO - Analyzing tag v2.6.14 (302/952).
2025-10-29 11:10:00,424 - INFO - Analyzing tag plugin-react@1.0.8 (303/952).
2025-10-29 11:10:00,944 - INFO - Analyzing tag v2.7.0-beta.4 (304/952).
2025-10-29 11:10:01,447 - INFO - Analyzing tag plugin-react@1.0.9 (305/952).
2025-10-29 11:10:01,962 - INFO - Analyzing tag v2.7.0-beta.5 (306/952).
2025-10-29 11:10:02,526 - INFO - Analyzing tag v2.7.0-beta.6 (307/952).
2025-10-29 11:10:03,039 - INFO - Analyzing tag v2.7.0-beta.7 (308/952).
2025-10-29 11:10:03,539 - INFO - Analyzing tag v2.7.0-beta.8 (309/952).
2025-10-29 11:10:04,029 - INFO - Analyzing tag plugin-vue@1.10.0-beta.1 (310/952).
2025-10-29 11:10:04,521 - INFO - Analyzing tag plugin-react@1.1.0-beta.1 (311/952).
2025-10-29 11:10:05,016 - INFO - Analyzing tag plugin-vue@1.10.0 (312/952).
2025-10-29 11:10:05,480 - INFO - Analyzing tag plugin-vue-jsx@1.3.0 (313/952).
2025-10-29 11:10:05,959 - INFO - Analyzing tag plugin-react@1.1.0 (314/952).
2025-10-29 11:10:06,430 - INFO - Analyzing tag plugin-legacy@1.6.3 (315/952).
2025-10-29 11:10:06,911 - INFO - Analyzing tag plugin-vue@1.10.1 (316/952).
2025-10-29 11:10:07,400 - INFO - Analyzing tag v2.7.0-beta.9 (317/952).
2025-10-29 11:10:07,882 - INFO - Analyzing tag v2.7.0-beta.10 (318/952).
2025-10-29 11:10:08,400 - INFO - Analyzing tag v2.7.0-beta.11 (319/952).
2025-10-29 11:10:08,903 - INFO - Analyzing tag v2.7.0 (320/952).
2025-10-29 11:10:09,429 - INFO - Analyzing tag plugin-vue@1.10.2 (321/952).
2025-10-29 11:10:09,929 - INFO - Analyzing tag plugin-vue-jsx@1.3.1 (322/952).
2025-10-29 11:10:10,378 - INFO - Analyzing tag plugin-react@1.1.1 (323/952).
2025-10-29 11:10:10,840 - INFO - Analyzing tag plugin-legacy@1.6.4 (324/952).
2025-10-29 11:10:11,304 - INFO - Analyzing tag create-vite@2.7.0 (325/952).
2025-10-29 11:10:11,772 - INFO - Analyzing tag v2.7.1 (326/952).
2025-10-29 11:10:12,237 - INFO - Analyzing tag plugin-vue@2.0.0 (327/952).
2025-10-29 11:10:12,753 - INFO - Analyzing tag create-vite@2.7.1 (328/952).
2025-10-29 11:10:13,225 - INFO - Analyzing tag plugin-vue-jsx@1.3.2 (329/952).
2025-10-29 11:10:13,682 - INFO - Analyzing tag v2.7.2 (330/952).
2025-10-29 11:10:14,134 - INFO - Analyzing tag plugin-react@1.1.2 (331/952).
2025-10-29 11:10:14,591 - INFO - Analyzing tag create-vite@2.7.2 (332/952).
2025-10-29 11:10:15,058 - INFO - Analyzing tag plugin-react@1.1.3 (333/952).
2025-10-29 11:10:15,510 - INFO - Analyzing tag plugin-vue@2.0.1 (334/952).
2025-10-29 11:10:15,983 - INFO - Analyzing tag v2.7.3 (335/952).
2025-10-29 11:10:16,448 - INFO - Analyzing tag plugin-vue-jsx@1.3.3 (336/952).
2025-10-29 11:10:16,954 - INFO - Analyzing tag v2.7.4 (337/952).
2025-10-29 11:10:17,449 - INFO - Analyzing tag v2.7.5 (338/952).
2025-10-29 11:10:17,929 - INFO - Analyzing tag v2.7.6 (339/952).
2025-10-29 11:10:18,417 - INFO - Analyzing tag v2.7.7 (340/952).
2025-10-29 11:10:18,885 - INFO - Analyzing tag v2.7.8 (341/952).
2025-10-29 11:10:19,362 - INFO - Analyzing tag v2.7.9 (342/952).
2025-10-29 11:10:19,826 - INFO - Analyzing tag v2.7.10 (343/952).
2025-10-29 11:10:20,279 - INFO - Analyzing tag plugin-react@1.1.4 (344/952).
2025-10-29 11:10:20,761 - INFO - Analyzing tag v2.8.0-beta.0 (345/952).
2025-10-29 11:10:21,251 - INFO - Analyzing tag v2.8.0-beta.1 (346/952).
2025-10-29 11:10:21,719 - INFO - Analyzing tag v2.8.0-beta.2 (347/952).
2025-10-29 11:10:22,201 - INFO - Analyzing tag v2.7.11 (348/952).
2025-10-29 11:10:22,700 - INFO - Analyzing tag v2.7.12 (349/952).
2025-10-29 11:10:23,208 - INFO - Analyzing tag v2.8.0-beta.3 (350/952).
2025-10-29 11:10:23,704 - INFO - Analyzing tag v2.7.13 (351/952).
2025-10-29 11:10:24,255 - INFO - Analyzing tag plugin-vue@2.1.0 (352/952).
2025-10-29 11:10:24,768 - INFO - Analyzing tag v2.8.0-beta.4 (353/952).
2025-10-29 11:10:25,263 - INFO - Analyzing tag v2.8.0-beta.5 (354/952).
2025-10-29 11:10:25,741 - INFO - Analyzing tag v2.8.0-beta.6 (355/952).
2025-10-29 11:10:26,219 - INFO - Analyzing tag v2.8.0-beta.7 (356/952).
2025-10-29 11:10:26,703 - INFO - Analyzing tag v2.8.0 (357/952).
2025-10-29 11:10:27,184 - INFO - Analyzing tag plugin-vue@2.2.0 (358/952).
2025-10-29 11:10:27,663 - INFO - Analyzing tag plugin-vue-jsx@1.3.4 (359/952).
2025-10-29 11:10:28,137 - INFO - Analyzing tag plugin-react@1.2.0 (360/952).
2025-10-29 11:10:28,588 - INFO - Analyzing tag plugin-legacy@1.7.0 (361/952).
2025-10-29 11:10:29,043 - INFO - Analyzing tag create-vite@2.8.0 (362/952).
2025-10-29 11:10:29,519 - INFO - Analyzing tag v2.8.1 (363/952).
2025-10-29 11:10:29,990 - INFO - Analyzing tag plugin-legacy@1.7.1 (364/952).
2025-10-29 11:10:30,456 - INFO - Analyzing tag plugin-vue-jsx@1.3.5 (365/952).
2025-10-29 11:10:30,922 - INFO - Analyzing tag plugin-vue-jsx@1.3.6 (366/952).
2025-10-29 11:10:31,390 - INFO - Analyzing tag plugin-vue-jsx@1.3.7 (367/952).
2025-10-29 11:10:31,851 - INFO - Analyzing tag v2.8.2 (368/952).
2025-10-29 11:10:32,312 - INFO - Analyzing tag v2.8.3 (369/952).
2025-10-29 11:10:32,779 - INFO - Analyzing tag v2.8.4 (370/952).
2025-10-29 11:10:33,245 - INFO - Analyzing tag plugin-vue@2.2.1 (371/952).
2025-10-29 11:10:33,720 - INFO - Analyzing tag plugin-vue@2.2.2 (372/952).
2025-10-29 11:10:34,188 - INFO - Analyzing tag v2.8.5 (373/952).
2025-10-29 11:10:34,679 - INFO - Analyzing tag plugin-vue@2.2.3 (374/952).
2025-10-29 11:10:35,170 - INFO - Analyzing tag plugin-vue@2.2.4 (375/952).
2025-10-29 11:10:35,706 - INFO - Analyzing tag plugin-vue-jsx@1.3.8 (376/952).
2025-10-29 11:10:36,148 - INFO - Analyzing tag v2.8.6 (377/952).
2025-10-29 11:10:36,605 - INFO - Analyzing tag v2.9.0-beta.0 (378/952).
2025-10-29 11:10:37,098 - INFO - Analyzing tag v2.9.0-beta.1 (379/952).
2025-10-29 11:10:37,589 - INFO - Analyzing tag v2.9.0-beta.2 (380/952).
2025-10-29 11:10:38,073 - INFO - Analyzing tag v2.9.0-beta.3 (381/952).
2025-10-29 11:10:38,543 - INFO - Analyzing tag v2.9.0-beta.4 (382/952).
2025-10-29 11:10:39,016 - INFO - Analyzing tag v2.9.0-beta.5 (383/952).
2025-10-29 11:10:39,499 - INFO - Analyzing tag v2.9.0-beta.6 (384/952).
2025-10-29 11:10:39,995 - INFO - Analyzing tag plugin-vue@2.3.0-beta.0 (385/952).
2025-10-29 11:10:40,493 - INFO - Analyzing tag v2.9.0-beta.7 (386/952).
2025-10-29 11:10:40,948 - INFO - Analyzing tag v2.9.0-beta.8 (387/952).
2025-10-29 11:10:41,424 - INFO - Analyzing tag v2.9.0-beta.9 (388/952).
2025-10-29 11:10:41,925 - INFO - Analyzing tag v2.9.0-beta.10 (389/952).
2025-10-29 11:10:42,412 - INFO - Analyzing tag v2.9.0-beta.11 (390/952).
2025-10-29 11:10:42,917 - INFO - Analyzing tag v2.9.0 (391/952).
2025-10-29 11:10:43,406 - INFO - Analyzing tag plugin-vue@2.3.0 (392/952).
2025-10-29 11:10:43,902 - INFO - Analyzing tag plugin-vue-jsx@1.3.9 (393/952).
2025-10-29 11:10:44,395 - INFO - Analyzing tag plugin-react@1.3.0 (394/952).
2025-10-29 11:10:44,879 - INFO - Analyzing tag plugin-legacy@1.8.0 (395/952).
2025-10-29 11:10:45,344 - INFO - Analyzing tag create-vite@2.9.0 (396/952).
2025-10-29 11:10:45,823 - INFO - Analyzing tag plugin-vue@2.3.1 (397/952).
2025-10-29 11:10:46,286 - INFO - Analyzing tag v2.9.1 (398/952).
2025-10-29 11:10:46,727 - INFO - Analyzing tag v2.9.2 (399/952).
2025-10-29 11:10:47,217 - INFO - Analyzing tag plugin-vue-jsx@1.3.10 (400/952).
2025-10-29 11:10:47,726 - INFO - Analyzing tag plugin-react@1.3.1 (401/952).
2025-10-29 11:10:48,193 - INFO - Analyzing tag plugin-legacy@1.8.1 (402/952).
2025-10-29 11:10:48,657 - INFO - Analyzing tag create-vite@2.9.1 (403/952).
2025-10-29 11:10:49,110 - INFO - Analyzing tag v2.9.3 (404/952).
2025-10-29 11:10:49,571 - INFO - Analyzing tag v2.9.4 (405/952).
2025-10-29 11:10:50,038 - INFO - Analyzing tag v2.9.5 (406/952).
2025-10-29 11:10:50,528 - INFO - Analyzing tag create-vite@2.9.2 (407/952).
2025-10-29 11:10:50,998 - INFO - Analyzing tag v2.9.6 (408/952).
2025-10-29 11:10:51,512 - INFO - Analyzing tag v2.9.7 (409/952).
2025-10-29 11:10:51,997 - INFO - Analyzing tag plugin-legacy@1.8.2 (410/952).
2025-10-29 11:10:52,496 - INFO - Analyzing tag plugin-react@1.3.2 (411/952).
2025-10-29 11:10:52,979 - INFO - Analyzing tag create-vite@2.9.3 (412/952).
2025-10-29 11:10:53,448 - INFO - Analyzing tag v2.9.8 (413/952).
2025-10-29 11:10:53,935 - INFO - Analyzing tag plugin-vue@2.3.2 (414/952).
2025-10-29 11:10:54,425 - INFO - Analyzing tag v2.9.9 (415/952).
2025-10-29 11:10:54,882 - INFO - Analyzing tag plugin-vue@2.3.3 (416/952).
2025-10-29 11:10:55,354 - INFO - Analyzing tag create-vite@2.9.4 (417/952).
2025-10-29 11:10:55,836 - INFO - Analyzing tag v3.0.0-alpha.0 (418/952).
2025-10-29 11:10:56,502 - INFO - Analyzing tag plugin-legacy@2.0.0-alpha.0 (419/952).
2025-10-29 11:10:57,026 - INFO - Analyzing tag plugin-react@2.0.0-alpha.0 (420/952).
2025-10-29 11:10:57,562 - INFO - Analyzing tag plugin-vue@3.0.0-alpha.0 (421/952).
2025-10-29 11:10:58,102 - INFO - Analyzing tag plugin-vue-jsx@2.0.0-alpha.0 (422/952).
2025-10-29 11:10:58,728 - INFO - Analyzing tag v3.0.0-alpha.1 (423/952).
2025-10-29 11:10:59,351 - INFO - Analyzing tag plugin-vue@3.0.0-alpha.1 (424/952).
2025-10-29 11:10:59,974 - INFO - Analyzing tag plugin-react@2.0.0-alpha.1 (425/952).
2025-10-29 11:11:00,582 - INFO - Analyzing tag plugin-vue-jsx@2.0.0-alpha.1 (426/952).
2025-10-29 11:11:01,254 - INFO - Analyzing tag plugin-legacy@2.0.0-alpha.1 (427/952).
2025-10-29 11:11:01,792 - INFO - Analyzing tag v3.0.0-alpha.2 (428/952).
2025-10-29 11:11:02,415 - INFO - Analyzing tag v3.0.0-alpha.3 (429/952).
2025-10-29 11:11:02,981 - INFO - Analyzing tag v3.0.0-alpha.4 (430/952).
2025-10-29 11:11:03,567 - INFO - Analyzing tag v3.0.0-alpha.5 (431/952).
2025-10-29 11:11:04,136 - INFO - Analyzing tag plugin-react@2.0.0-alpha.2 (432/952).
2025-10-29 11:11:04,711 - INFO - Analyzing tag v3.0.0-alpha.6 (433/952).
2025-10-29 11:11:05,303 - INFO - Analyzing tag v3.0.0-alpha.7 (434/952).
2025-10-29 11:11:05,906 - INFO - Analyzing tag v3.0.0-alpha.8 (435/952).
2025-10-29 11:11:06,527 - INFO - Analyzing tag v3.0.0-alpha.9 (436/952).
2025-10-29 11:11:07,212 - INFO - Analyzing tag v2.9.10 (437/952).
2025-10-29 11:11:08,090 - INFO - Analyzing tag v2.9.11 (438/952).
2025-10-29 11:11:08,836 - INFO - Analyzing tag v3.0.0-alpha.10 (439/952).
2025-10-29 11:11:09,780 - INFO - Analyzing tag v2.9.12 (440/952).
2025-10-29 11:11:10,597 - INFO - Analyzing tag plugin-react@2.0.0-alpha.3 (441/952).
2025-10-29 11:11:11,478 - INFO - Analyzing tag v3.0.0-alpha.11 (442/952).
2025-10-29 11:11:12,263 - INFO - Analyzing tag v3.0.0-alpha.12 (443/952).
2025-10-29 11:11:13,034 - INFO - Analyzing tag v3.0.0-alpha.13 (444/952).
2025-10-29 11:11:13,753 - INFO - Analyzing tag plugin-legacy@2.0.0-alpha.2 (445/952).
2025-10-29 11:11:14,458 - INFO - Analyzing tag plugin-vue@3.0.0-alpha.2 (446/952).
2025-10-29 11:11:15,223 - INFO - Analyzing tag v3.0.0-alpha.14 (447/952).
2025-10-29 11:11:15,896 - INFO - Analyzing tag v3.0.0-beta.0 (448/952).
2025-10-29 11:11:16,581 - INFO - Analyzing tag plugin-vue@3.0.0-beta.0 (449/952).
2025-10-29 11:11:17,253 - INFO - Analyzing tag plugin-vue-jsx@2.0.0-beta.0 (450/952).
2025-10-29 11:11:17,850 - INFO - Analyzing tag plugin-react@2.0.0-beta.0 (451/952).
2025-10-29 11:11:18,508 - INFO - Analyzing tag plugin-legacy@2.0.0-beta.0 (452/952).
2025-10-29 11:11:19,123 - INFO - Analyzing tag v3.0.0-beta.1 (453/952).
2025-10-29 11:11:19,753 - INFO - Analyzing tag v3.0.0-beta.2 (454/952).
2025-10-29 11:11:20,427 - INFO - Analyzing tag v3.0.0-beta.3 (455/952).
2025-10-29 11:11:21,071 - INFO - Analyzing tag v2.9.13 (456/952).
2025-10-29 11:11:21,843 - INFO - Analyzing tag v3.0.0-beta.4 (457/952).
2025-10-29 11:11:22,653 - INFO - Analyzing tag v3.0.0-beta.5 (458/952).
2025-10-29 11:11:23,264 - INFO - Analyzing tag v3.0.0-beta.6 (459/952).
2025-10-29 11:11:23,898 - INFO - Analyzing tag v3.0.0-beta.7 (460/952).
2025-10-29 11:11:24,551 - INFO - Analyzing tag plugin-legacy@2.0.0-beta.1 (461/952).
2025-10-29 11:11:25,167 - INFO - Analyzing tag plugin-react@2.0.0-beta.1 (462/952).
2025-10-29 11:11:25,748 - INFO - Analyzing tag plugin-vue@3.0.0-beta.1 (463/952).
2025-10-29 11:11:26,319 - INFO - Analyzing tag v3.0.0-beta.8 (464/952).
2025-10-29 11:11:26,905 - INFO - Analyzing tag v2.9.14 (465/952).
2025-10-29 11:11:27,709 - INFO - Analyzing tag v3.0.0-beta.9 (466/952).
2025-10-29 11:11:28,502 - INFO - Analyzing tag v3.0.0-beta.10 (467/952).
2025-10-29 11:11:29,171 - INFO - Analyzing tag v3.0.0 (468/952).
2025-10-29 11:11:29,778 - INFO - Analyzing tag plugin-vue@3.0.0 (469/952).
2025-10-29 11:11:30,400 - INFO - Analyzing tag plugin-vue-jsx@2.0.0 (470/952).
2025-10-29 11:11:31,019 - INFO - Analyzing tag plugin-react@2.0.0 (471/952).
2025-10-29 11:11:31,581 - INFO - Analyzing tag plugin-legacy@2.0.0 (472/952).
2025-10-29 11:11:32,169 - INFO - Analyzing tag create-vite@3.0.0 (473/952).
2025-10-29 11:11:32,824 - INFO - Analyzing tag v3.0.1 (474/952).
2025-10-29 11:11:33,402 - INFO - Analyzing tag plugin-vue@3.0.1 (475/952).
2025-10-29 11:11:33,993 - INFO - Analyzing tag v3.0.2 (476/952).
2025-10-29 11:11:34,547 - INFO - Analyzing tag v3.0.3 (477/952).
2025-10-29 11:11:35,138 - INFO - Analyzing tag v3.0.4 (478/952).
2025-10-29 11:11:35,738 - INFO - Analyzing tag v3.0.5 (479/952).
2025-10-29 11:11:36,345 - INFO - Analyzing tag v3.0.6 (480/952).
2025-10-29 11:11:36,956 - INFO - Analyzing tag plugin-vue@3.0.2 (481/952).
2025-10-29 11:11:37,553 - INFO - Analyzing tag plugin-react@2.0.1 (482/952).
2025-10-29 11:11:38,152 - INFO - Analyzing tag plugin-legacy@2.0.1 (483/952).
2025-10-29 11:11:38,743 - INFO - Analyzing tag create-vite@3.0.1 (484/952).
2025-10-29 11:11:39,320 - INFO - Analyzing tag v2.9.15 (485/952).
2025-10-29 11:11:40,141 - INFO - Analyzing tag plugin-vue@2.3.4 (486/952).
2025-10-29 11:11:40,806 - INFO - Analyzing tag create-vite@2.9.5 (487/952).
2025-10-29 11:11:41,385 - INFO - Analyzing tag v3.0.7 (488/952).
2025-10-29 11:11:42,248 - INFO - Analyzing tag plugin-vue@3.0.3 (489/952).
2025-10-29 11:11:42,937 - INFO - Analyzing tag create-vite@3.0.2 (490/952).
2025-10-29 11:11:43,515 - INFO - Analyzing tag v3.0.8 (491/952).
2025-10-29 11:11:44,145 - INFO - Analyzing tag v3.0.9 (492/952).
2025-10-29 11:11:44,810 - INFO - Analyzing tag v3.1.0-beta.0 (493/952).
2025-10-29 11:11:45,469 - INFO - Analyzing tag v3.1.0-beta.1 (494/952).
2025-10-29 11:11:46,068 - INFO - Analyzing tag plugin-react@2.1.0-beta.0 (495/952).
2025-10-29 11:11:46,685 - INFO - Analyzing tag plugin-vue@3.1.0-beta.0 (496/952).
2025-10-29 11:11:47,286 - INFO - Analyzing tag plugin-legacy@2.1.0-beta.0 (497/952).
2025-10-29 11:11:47,872 - INFO - Analyzing tag plugin-vue-jsx@2.0.1 (498/952).
2025-10-29 11:11:48,455 - INFO - Analyzing tag v3.1.0-beta.2 (499/952).
2025-10-29 11:11:49,051 - INFO - Analyzing tag v3.1.0 (500/952).
2025-10-29 11:11:49,655 - INFO - Analyzing tag plugin-vue@3.1.0 (501/952).
2025-10-29 11:11:50,243 - INFO - Analyzing tag plugin-react@2.1.0 (502/952).
2025-10-29 11:11:50,850 - INFO - Analyzing tag plugin-legacy@2.1.0 (503/952).
2025-10-29 11:11:51,444 - INFO - Analyzing tag create-vite@3.1.0 (504/952).
2025-10-29 11:11:52,032 - INFO - Analyzing tag v3.1.1 (505/952).
2025-10-29 11:11:52,632 - INFO - Analyzing tag v3.1.2 (506/952).
2025-10-29 11:11:53,219 - INFO - Analyzing tag plugin-legacy@2.2.0 (507/952).
2025-10-29 11:11:53,843 - INFO - Analyzing tag v3.1.3 (508/952).
2025-10-29 11:11:54,440 - INFO - Analyzing tag v3.1.4 (509/952).
2025-10-29 11:11:55,022 - INFO - Analyzing tag plugin-vue@3.1.1 (510/952).
2025-10-29 11:11:55,531 - INFO - Analyzing tag plugin-vue@3.1.2 (511/952).
2025-10-29 11:11:56,080 - INFO - Analyzing tag v3.2.0-beta.0 (512/952).
2025-10-29 11:11:56,653 - INFO - Analyzing tag plugin-vue@3.2.0-beta.0 (513/952).
2025-10-29 11:11:57,211 - INFO - Analyzing tag plugin-vue-jsx@2.1.0-beta.0 (514/952).
2025-10-29 11:11:57,804 - INFO - Analyzing tag plugin-react@2.2.0-beta.0 (515/952).
2025-10-29 11:11:58,306 - INFO - Analyzing tag plugin-legacy@2.3.0-beta.0 (516/952).
2025-10-29 11:11:58,838 - INFO - Analyzing tag v3.1.5 (517/952).
2025-10-29 11:11:59,532 - INFO - Analyzing tag v3.1.6 (518/952).
2025-10-29 11:12:00,149 - INFO - Analyzing tag v3.1.7 (519/952).
2025-10-29 11:12:00,698 - INFO - Analyzing tag v3.2.0-beta.1 (520/952).
2025-10-29 11:12:01,305 - INFO - Analyzing tag v3.1.8 (521/952).
2025-10-29 11:12:01,946 - INFO - Analyzing tag v3.2.0-beta.2 (522/952).
2025-10-29 11:12:02,549 - INFO - Analyzing tag v3.2.0-beta.3 (523/952).
2025-10-29 11:12:03,130 - INFO - Analyzing tag v3.2.0-beta.4 (524/952).
2025-10-29 11:12:03,768 - INFO - Analyzing tag v3.2.0 (525/952).
2025-10-29 11:12:04,437 - INFO - Analyzing tag plugin-vue@3.2.0 (526/952).
2025-10-29 11:12:05,060 - INFO - Analyzing tag plugin-vue-jsx@2.1.0 (527/952).
2025-10-29 11:12:05,662 - INFO - Analyzing tag plugin-react@2.2.0 (528/952).
2025-10-29 11:12:06,212 - INFO - Analyzing tag plugin-legacy@2.3.0 (529/952).
2025-10-29 11:12:06,772 - INFO - Analyzing tag create-vite@3.2.0 (530/952).
2025-10-29 11:12:07,352 - INFO - Analyzing tag v3.2.1 (531/952).
2025-10-29 11:12:07,900 - INFO - Analyzing tag v3.2.2 (532/952).
2025-10-29 11:12:08,503 - INFO - Analyzing tag v3.2.3 (533/952).
2025-10-29 11:12:09,062 - INFO - Analyzing tag plugin-vue-jsx@2.1.1 (534/952).
2025-10-29 11:12:09,652 - INFO - Analyzing tag plugin-legacy@2.3.1 (535/952).
2025-10-29 11:12:10,226 - INFO - Analyzing tag create-vite@3.2.1 (536/952).
2025-10-29 11:12:10,806 - INFO - Analyzing tag v4.0.0-alpha.0 (537/952).
2025-10-29 11:12:11,368 - INFO - Analyzing tag plugin-react@3.0.0-alpha.0 (538/952).
2025-10-29 11:12:11,946 - INFO - Analyzing tag v4.0.0-alpha.1 (539/952).
2025-10-29 11:12:12,496 - INFO - Analyzing tag v4.0.0-alpha.2 (540/952).
2025-10-29 11:12:13,023 - INFO - Analyzing tag v3.2.4 (541/952).
2025-10-29 11:12:13,548 - INFO - Analyzing tag v4.0.0-alpha.3 (542/952).
2025-10-29 11:12:14,094 - INFO - Analyzing tag plugin-react@3.0.0-alpha.1 (543/952).
2025-10-29 11:12:14,608 - INFO - Analyzing tag plugin-vue@4.0.0-alpha.0 (544/952).
2025-10-29 11:12:15,097 - INFO - Analyzing tag v4.0.0-alpha.4 (545/952).
2025-10-29 11:12:15,594 - INFO - Analyzing tag v4.0.0-alpha.5 (546/952).
2025-10-29 11:12:16,064 - INFO - Analyzing tag plugin-vue@4.0.0-alpha.1 (547/952).
2025-10-29 11:12:16,562 - INFO - Analyzing tag v4.0.0-alpha.6 (548/952).
2025-10-29 11:12:17,090 - INFO - Analyzing tag plugin-vue@4.0.0-alpha.2 (549/952).
2025-10-29 11:12:17,601 - INFO - Analyzing tag plugin-vue-jsx@3.0.0-alpha.0 (550/952).
2025-10-29 11:12:18,090 - INFO - Analyzing tag plugin-react@3.0.0-alpha.2 (551/952).
2025-10-29 11:12:18,582 - INFO - Analyzing tag plugin-legacy@3.0.0-alpha.0 (552/952).
2025-10-29 11:12:19,065 - INFO - Analyzing tag v3.2.5 (553/952).
2025-10-29 11:12:19,616 - INFO - Analyzing tag v4.0.0-beta.0 (554/952).
2025-10-29 11:12:20,201 - INFO - Analyzing tag v4.0.0-beta.1 (555/952).
2025-10-29 11:12:20,797 - INFO - Analyzing tag v4.0.0-beta.2 (556/952).
2025-10-29 11:12:21,316 - INFO - Analyzing tag v4.0.0-beta.3 (557/952).
2025-10-29 11:12:21,857 - INFO - Analyzing tag v4.0.0-beta.4 (558/952).
2025-10-29 11:12:22,388 - INFO - Analyzing tag create-vite@4.0.0-beta.0 (559/952).
2025-10-29 11:12:22,903 - INFO - Analyzing tag v4.0.0-beta.5 (560/952).
2025-10-29 11:12:23,444 - INFO - Analyzing tag v4.0.0-beta.6 (561/952).
2025-10-29 11:12:23,983 - INFO - Analyzing tag v4.0.0-beta.7 (562/952).
2025-10-29 11:12:24,515 - INFO - Analyzing tag v4.0.0 (563/952).
2025-10-29 11:12:25,032 - INFO - Analyzing tag plugin-legacy@3.0.0 (564/952).
2025-10-29 11:12:25,572 - INFO - Analyzing tag plugin-legacy@3.0.1 (565/952).
2025-10-29 11:12:26,102 - INFO - Analyzing tag create-vite@4.0.0 (566/952).
2025-10-29 11:12:26,650 - INFO - Analyzing tag v4.0.1 (567/952).
2025-10-29 11:12:27,252 - INFO - Analyzing tag v4.0.2 (568/952).
2025-10-29 11:12:27,902 - INFO - Analyzing tag v4.0.3 (569/952).
2025-10-29 11:12:28,498 - INFO - Analyzing tag v4.0.4 (570/952).
2025-10-29 11:12:29,072 - INFO - Analyzing tag v4.1.0-beta.0 (571/952).
2025-10-29 11:12:29,649 - INFO - Analyzing tag v4.1.0-beta.1 (572/952).
2025-10-29 11:12:30,222 - INFO - Analyzing tag plugin-legacy@3.0.2 (573/952).
2025-10-29 11:12:30,735 - INFO - Analyzing tag create-vite@4.1.0-beta.0 (574/952).
2025-10-29 11:12:31,223 - INFO - Analyzing tag v4.1.0-beta.2 (575/952).
2025-10-29 11:12:31,734 - INFO - Analyzing tag v4.1.0 (576/952).
2025-10-29 11:12:32,230 - INFO - Analyzing tag plugin-legacy@4.0.0 (577/952).
2025-10-29 11:12:32,735 - INFO - Analyzing tag create-vite@4.1.0 (578/952).
2025-10-29 11:12:33,217 - INFO - Analyzing tag plugin-legacy@4.0.1 (579/952).
2025-10-29 11:12:33,757 - INFO - Analyzing tag v4.1.1 (580/952).
2025-10-29 11:12:34,230 - INFO - Analyzing tag v4.1.2 (581/952).
2025-10-29 11:12:34,723 - INFO - Analyzing tag v4.1.3 (582/952).
2025-10-29 11:12:35,236 - INFO - Analyzing tag v4.1.4 (583/952).
2025-10-29 11:12:35,741 - INFO - Analyzing tag v4.2.0-beta.0 (584/952).
2025-10-29 11:12:36,261 - INFO - Analyzing tag v4.2.0-beta.1 (585/952).
2025-10-29 11:12:36,783 - INFO - Analyzing tag create-vite@4.2.0-beta.0 (586/952).
2025-10-29 11:12:37,276 - INFO - Analyzing tag create-vite@4.2.0-beta.1 (587/952).
2025-10-29 11:12:37,787 - INFO - Analyzing tag v4.2.0-beta.2 (588/952).
2025-10-29 11:12:38,282 - INFO - Analyzing tag v4.2.0 (589/952).
2025-10-29 11:12:38,784 - INFO - Analyzing tag plugin-legacy@4.0.2 (590/952).
2025-10-29 11:12:39,272 - INFO - Analyzing tag create-vite@4.2.0 (591/952).
2025-10-29 11:12:39,780 - INFO - Analyzing tag v4.2.1 (592/952).
2025-10-29 11:12:40,275 - INFO - Analyzing tag v4.3.0-beta.0 (593/952).
2025-10-29 11:12:40,782 - INFO - Analyzing tag v4.3.0-beta.1 (594/952).
2025-10-29 11:12:41,285 - INFO - Analyzing tag v4.3.0-beta.2 (595/952).
2025-10-29 11:12:41,799 - INFO - Analyzing tag create-vite@4.3.0-beta.0 (596/952).
2025-10-29 11:12:42,305 - INFO - Analyzing tag v4.3.0-beta.3 (597/952).
2025-10-29 11:12:42,812 - INFO - Analyzing tag v4.3.0-beta.4 (598/952).
2025-10-29 11:12:43,306 - INFO - Analyzing tag v4.3.0-beta.5 (599/952).
2025-10-29 11:12:43,799 - INFO - Analyzing tag v4.3.0-beta.6 (600/952).
2025-10-29 11:12:44,289 - INFO - Analyzing tag v4.3.0-beta.7 (601/952).
2025-10-29 11:12:44,779 - INFO - Analyzing tag v4.2.2 (602/952).
2025-10-29 11:12:45,373 - INFO - Analyzing tag v3.2.6 (603/952).
2025-10-29 11:12:46,104 - INFO - Analyzing tag v4.3.0-beta.8 (604/952).
2025-10-29 11:12:46,791 - INFO - Analyzing tag v4.3.0 (605/952).
2025-10-29 11:12:47,531 - INFO - Analyzing tag create-vite@4.3.0 (606/952).
2025-10-29 11:12:48,225 - INFO - Analyzing tag v4.3.1 (607/952).
2025-10-29 11:12:48,802 - INFO - Analyzing tag v4.3.2 (608/952).
2025-10-29 11:12:49,374 - INFO - Analyzing tag plugin-legacy@4.0.3 (609/952).
2025-10-29 11:12:49,919 - INFO - Analyzing tag create-vite@4.3.1 (610/952).
2025-10-29 11:12:50,496 - INFO - Analyzing tag v4.3.3 (611/952).
2025-10-29 11:12:51,070 - INFO - Analyzing tag v4.3.4 (612/952).
2025-10-29 11:12:51,616 - INFO - Analyzing tag v4.3.5 (613/952).
2025-10-29 11:12:52,136 - INFO - Analyzing tag v4.3.6 (614/952).
2025-10-29 11:12:52,692 - INFO - Analyzing tag v4.3.7 (615/952).
2025-10-29 11:12:53,226 - INFO - Analyzing tag v4.3.8 (616/952).
2025-10-29 11:12:53,808 - INFO - Analyzing tag plugin-legacy@4.0.4 (617/952).
2025-10-29 11:12:54,368 - INFO - Analyzing tag v4.3.9 (618/952).
2025-10-29 11:12:54,955 - INFO - Analyzing tag v4.2.3 (619/952).
2025-10-29 11:12:55,714 - INFO - Analyzing tag v4.1.5 (620/952).
2025-10-29 11:12:56,469 - INFO - Analyzing tag v4.0.5 (621/952).
2025-10-29 11:12:57,116 - INFO - Analyzing tag v2.9.16 (622/952).
2025-10-29 11:12:57,983 - INFO - Analyzing tag v3.2.7 (623/952).
2025-10-29 11:12:58,916 - INFO - Analyzing tag create-vite@4.3.2 (624/952).
2025-10-29 11:12:59,814 - INFO - Analyzing tag v4.4.0-beta.0 (625/952).
2025-10-29 11:13:00,615 - INFO - Analyzing tag v4.4.0-beta.1 (626/952).
2025-10-29 11:13:01,369 - INFO - Analyzing tag plugin-legacy@4.0.5 (627/952).
2025-10-29 11:13:01,993 - INFO - Analyzing tag v4.4.0-beta.2 (628/952).
2025-10-29 11:13:02,677 - INFO - Analyzing tag v4.4.0-beta.3 (629/952).
2025-10-29 11:13:03,292 - INFO - Analyzing tag v4.4.0-beta.4 (630/952).
2025-10-29 11:13:03,876 - INFO - Analyzing tag v4.4.0 (631/952).
2025-10-29 11:13:04,456 - INFO - Analyzing tag plugin-legacy@4.1.0 (632/952).
2025-10-29 11:13:05,017 - INFO - Analyzing tag create-vite@4.4.0 (633/952).
2025-10-29 11:13:05,610 - INFO - Analyzing tag v4.4.1 (634/952).
2025-10-29 11:13:06,196 - INFO - Analyzing tag v4.4.2 (635/952).
2025-10-29 11:13:06,768 - INFO - Analyzing tag v4.4.3 (636/952).
2025-10-29 11:13:07,378 - INFO - Analyzing tag v4.4.4 (637/952).
2025-10-29 11:13:07,950 - INFO - Analyzing tag v4.4.5 (638/952).
2025-10-29 11:13:08,533 - INFO - Analyzing tag plugin-legacy@4.1.1 (639/952).
2025-10-29 11:13:09,099 - INFO - Analyzing tag create-vite@4.4.1 (640/952).
2025-10-29 11:13:09,644 - INFO - Analyzing tag v4.4.6 (641/952).
2025-10-29 11:13:10,232 - INFO - Analyzing tag v4.4.7 (642/952).
2025-10-29 11:13:10,772 - INFO - Analyzing tag v4.4.8 (643/952).
2025-10-29 11:13:11,348 - INFO - Analyzing tag v4.4.9 (644/952).
2025-10-29 11:13:11,907 - INFO - Analyzing tag v5.0.0-beta.0 (645/952).
2025-10-29 11:13:12,516 - INFO - Analyzing tag v5.0.0-beta.1 (646/952).
2025-10-29 11:13:13,093 - INFO - Analyzing tag v5.0.0-beta.2 (647/952).
2025-10-29 11:13:13,633 - INFO - Analyzing tag plugin-legacy@5.0.0-beta.0 (648/952).
2025-10-29 11:13:14,171 - INFO - Analyzing tag v5.0.0-beta.3 (649/952).
2025-10-29 11:13:14,754 - INFO - Analyzing tag plugin-legacy@5.0.0-beta.1 (650/952).
2025-10-29 11:13:15,303 - INFO - Analyzing tag v5.0.0-beta.4 (651/952).
2025-10-29 11:13:15,851 - INFO - Analyzing tag v4.4.10 (652/952).
2025-10-29 11:13:16,462 - INFO - Analyzing tag create-vite@5.0.0-beta.0 (653/952).
2025-10-29 11:13:17,276 - INFO - Analyzing tag v4.4.11 (654/952).
2025-10-29 11:13:18,046 - INFO - Analyzing tag v5.0.0-beta.5 (655/952).
2025-10-29 11:13:18,745 - INFO - Analyzing tag plugin-legacy@5.0.0-beta.2 (656/952).
2025-10-29 11:13:19,359 - INFO - Analyzing tag v5.0.0-beta.6 (657/952).
2025-10-29 11:13:19,934 - INFO - Analyzing tag v5.0.0-beta.7 (658/952).
2025-10-29 11:13:20,484 - INFO - Analyzing tag v5.0.0-beta.8 (659/952).
2025-10-29 11:13:21,026 - INFO - Analyzing tag v5.0.0-beta.9 (660/952).
2025-10-29 11:13:21,538 - INFO - Analyzing tag v5.0.0-beta.10 (661/952).
2025-10-29 11:13:22,048 - INFO - Analyzing tag v4.5.0 (662/952).
2025-10-29 11:13:22,654 - INFO - Analyzing tag v5.0.0-beta.11 (663/952).
2025-10-29 11:13:23,270 - INFO - Analyzing tag create-vite@5.0.0-beta.1 (664/952).
2025-10-29 11:13:23,857 - INFO - Analyzing tag v5.0.0-beta.12 (665/952).
2025-10-29 11:13:24,391 - INFO - Analyzing tag v5.0.0-beta.13 (666/952).
2025-10-29 11:13:24,944 - INFO - Analyzing tag v5.0.0-beta.14 (667/952).
2025-10-29 11:13:25,509 - INFO - Analyzing tag v5.0.0-beta.15 (668/952).
2025-10-29 11:13:26,080 - INFO - Analyzing tag v5.0.0-beta.16 (669/952).
2025-10-29 11:13:26,631 - INFO - Analyzing tag v5.0.0-beta.17 (670/952).
2025-10-29 11:13:27,181 - INFO - Analyzing tag v5.0.0-beta.18 (671/952).
2025-10-29 11:13:27,765 - INFO - Analyzing tag v5.0.0-beta.19 (672/952).
2025-10-29 11:13:28,298 - INFO - Analyzing tag plugin-legacy@5.0.0-beta.3 (673/952).
2025-10-29 11:13:28,844 - INFO - Analyzing tag v5.0.0-beta.20 (674/952).
2025-10-29 11:13:29,371 - INFO - Analyzing tag v5.0.0 (675/952).
2025-10-29 11:13:29,907 - INFO - Analyzing tag plugin-legacy@5.0.0 (676/952).
2025-10-29 11:13:30,431 - INFO - Analyzing tag create-vite@5.0.0 (677/952).
2025-10-29 11:13:30,964 - INFO - Analyzing tag v5.0.1 (678/952).
2025-10-29 11:13:31,550 - INFO - Analyzing tag plugin-legacy@5.1.0 (679/952).
2025-10-29 11:13:32,079 - INFO - Analyzing tag v5.0.2 (680/952).
2025-10-29 11:13:32,616 - INFO - Analyzing tag plugin-legacy@5.2.0 (681/952).
2025-10-29 11:13:33,132 - INFO - Analyzing tag v5.0.3 (682/952).
2025-10-29 11:13:33,633 - INFO - Analyzing tag v5.0.4 (683/952).
2025-10-29 11:13:34,213 - INFO - Analyzing tag v5.0.5 (684/952).
2025-10-29 11:13:34,739 - INFO - Analyzing tag v4.5.1 (685/952).
2025-10-29 11:13:35,316 - INFO - Analyzing tag v4.4.12 (686/952).
2025-10-29 11:13:35,907 - INFO - Analyzing tag v5.0.6 (687/952).
2025-10-29 11:13:36,518 - INFO - Analyzing tag v5.0.7 (688/952).
2025-10-29 11:13:37,094 - INFO - Analyzing tag v5.0.8 (689/952).
2025-10-29 11:13:37,609 - INFO - Analyzing tag create-vite@5.1.0 (690/952).
2025-10-29 11:13:38,175 - INFO - Analyzing tag v5.0.9 (691/952).
2025-10-29 11:13:38,709 - INFO - Analyzing tag v5.0.10 (692/952).
2025-10-29 11:13:39,263 - INFO - Analyzing tag v5.0.11 (693/952).
2025-10-29 11:13:39,792 - INFO - Analyzing tag v5.1.0-beta.0 (694/952).
2025-10-29 11:13:40,366 - INFO - Analyzing tag v5.1.0-beta.1 (695/952).
2025-10-29 11:13:40,928 - INFO - Analyzing tag v5.0.12 (696/952).
2025-10-29 11:13:41,520 - INFO - Analyzing tag v4.5.2 (697/952).
2025-10-29 11:13:42,214 - INFO - Analyzing tag v3.2.8 (698/952).
2025-10-29 11:13:43,069 - INFO - Analyzing tag v2.9.17 (699/952).
2025-10-29 11:13:43,956 - INFO - Analyzing tag v5.1.0-beta.2 (700/952).
2025-10-29 11:13:44,949 - INFO - Analyzing tag v5.1.0-beta.3 (701/952).
2025-10-29 11:13:45,785 - INFO - Analyzing tag plugin-legacy@5.3.0 (702/952).
2025-10-29 11:13:46,332 - INFO - Analyzing tag v5.1.0-beta.4 (703/952).
2025-10-29 11:13:46,911 - INFO - Analyzing tag v5.1.0-beta.5 (704/952).
2025-10-29 11:13:47,520 - INFO - Analyzing tag v5.1.0-beta.6 (705/952).
2025-10-29 11:13:48,122 - INFO - Analyzing tag v5.1.0-beta.7 (706/952).
2025-10-29 11:13:48,731 - INFO - Analyzing tag v5.1.0 (707/952).
2025-10-29 11:13:49,328 - INFO - Analyzing tag create-vite@5.2.0 (708/952).
2025-10-29 11:13:49,910 - INFO - Analyzing tag v5.1.1 (709/952).
2025-10-29 11:13:50,457 - INFO - Analyzing tag v5.1.2 (710/952).
2025-10-29 11:13:51,029 - INFO - Analyzing tag v5.1.3 (711/952).
2025-10-29 11:13:51,584 - INFO - Analyzing tag v5.1.4 (712/952).
2025-10-29 11:13:52,176 - INFO - Analyzing tag plugin-legacy@5.3.1 (713/952).
2025-10-29 11:13:52,849 - INFO - Analyzing tag create-vite@5.2.1 (714/952).
2025-10-29 11:13:53,350 - INFO - Analyzing tag v5.1.5 (715/952).
2025-10-29 11:13:53,938 - INFO - Analyzing tag plugin-legacy@5.3.2 (716/952).
2025-10-29 11:13:54,491 - INFO - Analyzing tag v5.1.6 (717/952).
2025-10-29 11:13:55,005 - INFO - Analyzing tag create-vite@5.2.2 (718/952).
2025-10-29 11:13:55,562 - INFO - Analyzing tag v5.2.0-beta.0 (719/952).
2025-10-29 11:13:56,200 - INFO - Analyzing tag v5.2.0-beta.1 (720/952).
2025-10-29 11:13:56,768 - INFO - Analyzing tag v5.2.0 (721/952).
2025-10-29 11:13:57,354 - INFO - Analyzing tag create-vite@5.2.3 (722/952).
2025-10-29 11:13:57,916 - INFO - Analyzing tag v5.2.1 (723/952).
2025-10-29 11:13:58,441 - INFO - Analyzing tag v5.2.2 (724/952).
2025-10-29 11:13:59,009 - INFO - Analyzing tag v5.2.3 (725/952).
2025-10-29 11:13:59,558 - INFO - Analyzing tag v5.2.4 (726/952).
2025-10-29 11:14:00,109 - INFO - Analyzing tag v5.2.5 (727/952).
2025-10-29 11:14:00,709 - INFO - Analyzing tag v5.2.6 (728/952).
2025-10-29 11:14:01,286 - INFO - Analyzing tag v5.1.7 (729/952).
2025-10-29 11:14:01,953 - INFO - Analyzing tag v5.0.13 (730/952).
2025-10-29 11:14:02,666 - INFO - Analyzing tag v4.5.3 (731/952).
2025-10-29 11:14:03,274 - INFO - Analyzing tag v3.2.9 (732/952).
2025-10-29 11:14:04,005 - INFO - Analyzing tag v3.2.10 (733/952).
2025-10-29 11:14:04,696 - INFO - Analyzing tag v2.9.18 (734/952).
2025-10-29 11:14:05,398 - INFO - Analyzing tag v5.2.7 (735/952).
2025-10-29 11:14:06,347 - INFO - Analyzing tag v5.2.8 (736/952).
2025-10-29 11:14:07,236 - INFO - Analyzing tag v6.0.0-alpha.0 (737/952).
2025-10-29 11:14:07,904 - INFO - Analyzing tag v6.0.0-alpha.1 (738/952).
2025-10-29 11:14:08,540 - INFO - Analyzing tag v6.0.0-alpha.2 (739/952).
2025-10-29 11:14:09,158 - INFO - Analyzing tag v5.2.9 (740/952).
2025-10-29 11:14:09,898 - INFO - Analyzing tag v6.0.0-alpha.3 (741/952).
2025-10-29 11:14:10,573 - INFO - Analyzing tag v5.2.10 (742/952).
2025-10-29 11:14:11,368 - INFO - Analyzing tag v6.0.0-alpha.4 (743/952).
2025-10-29 11:14:12,018 - INFO - Analyzing tag v6.0.0-alpha.5 (744/952).
2025-10-29 11:14:12,736 - INFO - Analyzing tag v6.0.0-alpha.6 (745/952).
2025-10-29 11:14:13,287 - INFO - Analyzing tag v6.0.0-alpha.7 (746/952).
2025-10-29 11:14:13,859 - INFO - Analyzing tag v6.0.0-alpha.8 (747/952).
2025-10-29 11:14:14,469 - INFO - Analyzing tag v6.0.0-alpha.9 (748/952).
2025-10-29 11:14:15,038 - INFO - Analyzing tag v6.0.0-alpha.10 (749/952).
2025-10-29 11:14:15,612 - INFO - Analyzing tag v5.2.11 (750/952).
2025-10-29 11:14:16,276 - INFO - Analyzing tag v6.0.0-alpha.11 (751/952).
2025-10-29 11:14:16,897 - INFO - Analyzing tag plugin-legacy@5.4.0 (752/952).
2025-10-29 11:14:17,620 - INFO - Analyzing tag v6.0.0-alpha.12 (753/952).
2025-10-29 11:14:18,249 - INFO - Analyzing tag v6.0.0-alpha.13 (754/952).
2025-10-29 11:14:18,850 - INFO - Analyzing tag v6.0.0-alpha.14 (755/952).
2025-10-29 11:14:19,490 - INFO - Analyzing tag v6.0.0-alpha.15 (756/952).
2025-10-29 11:14:20,067 - INFO - Analyzing tag v6.0.0-alpha.16 (757/952).
2025-10-29 11:14:20,638 - INFO - Analyzing tag v6.0.0-alpha.17 (758/952).
2025-10-29 11:14:21,212 - INFO - Analyzing tag v5.2.12 (759/952).
2025-10-29 11:14:21,833 - INFO - Analyzing tag plugin-legacy@5.4.1 (760/952).
2025-10-29 11:14:22,442 - INFO - Analyzing tag v5.3.0-beta.0 (761/952).
2025-10-29 11:14:22,998 - INFO - Analyzing tag v6.0.0-alpha.18 (762/952).
2025-10-29 11:14:23,585 - INFO - Analyzing tag v5.2.13 (763/952).
2025-10-29 11:14:24,263 - INFO - Analyzing tag v5.3.0-beta.1 (764/952).
2025-10-29 11:14:24,889 - INFO - Analyzing tag v5.3.0-beta.2 (765/952).
2025-10-29 11:14:25,431 - INFO - Analyzing tag v5.3.0 (766/952).
2025-10-29 11:14:26,033 - INFO - Analyzing tag v5.3.1 (767/952).
2025-10-29 11:14:26,588 - INFO - Analyzing tag create-vite@5.3.0 (768/952).
2025-10-29 11:14:27,165 - INFO - Analyzing tag v5.3.2 (769/952).
2025-10-29 11:14:27,747 - INFO - Analyzing tag v5.3.3 (770/952).
2025-10-29 11:14:28,307 - INFO - Analyzing tag v5.3.4 (771/952).
2025-10-29 11:14:28,827 - INFO - Analyzing tag create-vite@5.4.0 (772/952).
2025-10-29 11:14:29,351 - INFO - Analyzing tag v5.3.5 (773/952).
2025-10-29 11:14:29,876 - INFO - Analyzing tag v6.0.0-alpha.19 (774/952).
2025-10-29 11:14:30,449 - INFO - Analyzing tag v5.4.0-beta.0 (775/952).
2025-10-29 11:14:31,033 - INFO - Analyzing tag v5.4.0-beta.1 (776/952).
2025-10-29 11:14:31,617 - INFO - Analyzing tag v5.4.0 (777/952).
2025-10-29 11:14:32,182 - INFO - Analyzing tag create-vite@5.5.0 (778/952).
2025-10-29 11:14:32,691 - INFO - Analyzing tag create-vite@5.5.1 (779/952).
2025-10-29 11:14:33,196 - INFO - Analyzing tag v5.4.1 (780/952).
2025-10-29 11:14:33,703 - INFO - Analyzing tag create-vite@5.5.2 (781/952).
2025-10-29 11:14:34,203 - INFO - Analyzing tag plugin-legacy@5.4.2 (782/952).
2025-10-29 11:14:34,707 - INFO - Analyzing tag v5.4.2 (783/952).
2025-10-29 11:14:35,204 - INFO - Analyzing tag v6.0.0-alpha.20 (784/952).
2025-10-29 11:14:35,775 - INFO - Analyzing tag v6.0.0-alpha.21 (785/952).
2025-10-29 11:14:36,307 - INFO - Analyzing tag v6.0.0-alpha.22 (786/952).
2025-10-29 11:14:36,833 - INFO - Analyzing tag v6.0.0-alpha.23 (787/952).
2025-10-29 11:14:37,303 - INFO - Analyzing tag v5.4.3 (788/952).
2025-10-29 11:14:37,916 - INFO - Analyzing tag v6.0.0-alpha.24 (789/952).
2025-10-29 11:14:38,497 - INFO - Analyzing tag v5.4.4 (790/952).
2025-10-29 11:14:39,085 - INFO - Analyzing tag v6.0.0-beta.0 (791/952).
2025-10-29 11:14:39,675 - INFO - Analyzing tag v5.4.5 (792/952).
2025-10-29 11:14:40,321 - INFO - Analyzing tag v6.0.0-beta.1 (793/952).
2025-10-29 11:14:40,930 - INFO - Analyzing tag v4.5.4 (794/952).
2025-10-29 11:14:41,661 - INFO - Analyzing tag v4.5.5 (795/952).
2025-10-29 11:14:42,295 - INFO - Analyzing tag v5.4.6 (796/952).
2025-10-29 11:14:43,034 - INFO - Analyzing tag v5.3.6 (797/952).
2025-10-29 11:14:43,767 - INFO - Analyzing tag v5.2.14 (798/952).
2025-10-29 11:14:44,420 - INFO - Analyzing tag v3.2.11 (799/952).
2025-10-29 11:14:45,197 - INFO - Analyzing tag v5.1.8 (800/952).
2025-10-29 11:14:45,957 - INFO - Analyzing tag v5.4.7 (801/952).
2025-10-29 11:14:46,693 - INFO - Analyzing tag v5.4.8 (802/952).
2025-10-29 11:14:47,308 - INFO - Analyzing tag v6.0.0-beta.2 (803/952).
2025-10-29 11:14:47,960 - INFO - Analyzing tag create-vite@5.5.3 (804/952).
2025-10-29 11:14:48,596 - INFO - Analyzing tag v5.4.9 (805/952).
2025-10-29 11:14:49,281 - INFO - Analyzing tag v6.0.0-beta.3 (806/952).
2025-10-29 11:14:49,922 - INFO - Analyzing tag v5.4.10 (807/952).
2025-10-29 11:14:50,562 - INFO - Analyzing tag create-vite@5.5.4 (808/952).
2025-10-29 11:14:51,211 - INFO - Analyzing tag v6.0.0-beta.4 (809/952).
2025-10-29 11:14:51,811 - INFO - Analyzing tag v6.0.0-beta.5 (810/952).
2025-10-29 11:14:52,419 - INFO - Analyzing tag plugin-legacy@5.4.3 (811/952).
2025-10-29 11:14:53,021 - INFO - Analyzing tag v6.0.0-beta.6 (812/952).
2025-10-29 11:14:53,619 - INFO - Analyzing tag create-vite@5.5.5 (813/952).
2025-10-29 11:14:54,218 - INFO - Analyzing tag v6.0.0-beta.7 (814/952).
2025-10-29 11:14:54,821 - INFO - Analyzing tag v6.0.0-beta.8 (815/952).
2025-10-29 11:14:55,400 - INFO - Analyzing tag v6.0.0-beta.9 (816/952).
2025-10-29 11:14:55,995 - INFO - Analyzing tag v5.4.11 (817/952).
2025-10-29 11:14:56,688 - INFO - Analyzing tag v6.0.0-beta.10 (818/952).
2025-10-29 11:14:57,374 - INFO - Analyzing tag v6.0.0 (819/952).
2025-10-29 11:14:58,026 - INFO - Analyzing tag plugin-legacy@6.0.0 (820/952).
2025-10-29 11:14:58,617 - INFO - Analyzing tag create-vite@6.0.0 (821/952).
2025-10-29 11:14:59,179 - INFO - Analyzing tag v6.0.1 (822/952).
2025-10-29 11:14:59,754 - INFO - Analyzing tag create-vite@6.0.1 (823/952).
2025-10-29 11:15:00,366 - INFO - Analyzing tag v6.0.2 (824/952).
2025-10-29 11:15:00,946 - INFO - Analyzing tag v6.0.3 (825/952).
2025-10-29 11:15:01,660 - INFO - Analyzing tag create-vite@6.1.0 (826/952).
2025-10-29 11:15:02,259 - INFO - Analyzing tag v6.0.4 (827/952).
2025-10-29 11:15:02,794 - INFO - Analyzing tag v6.0.5 (828/952).
2025-10-29 11:15:03,410 - INFO - Analyzing tag create-vite@6.1.1 (829/952).
2025-10-29 11:15:04,001 - INFO - Analyzing tag v6.0.6 (830/952).
2025-10-29 11:15:04,571 - INFO - Analyzing tag v6.0.7 (831/952).
2025-10-29 11:15:05,164 - INFO - Analyzing tag v6.0.8 (832/952).
2025-10-29 11:15:05,752 - INFO - Analyzing tag v6.0.9 (833/952).
2025-10-29 11:15:06,346 - INFO - Analyzing tag v5.4.12 (834/952).
2025-10-29 11:15:07,102 - INFO - Analyzing tag v4.5.6 (835/952).
2025-10-29 11:15:07,892 - INFO - Analyzing tag v4.5.7 (836/952).
2025-10-29 11:15:08,593 - INFO - Analyzing tag v6.0.10 (837/952).
2025-10-29 11:15:09,415 - INFO - Analyzing tag v5.4.13 (838/952).
2025-10-29 11:15:10,218 - INFO - Analyzing tag v4.5.8 (839/952).
2025-10-29 11:15:11,081 - INFO - Analyzing tag v6.0.11 (840/952).
2025-10-29 11:15:12,013 - INFO - Analyzing tag v5.4.14 (841/952).
2025-10-29 11:15:12,736 - INFO - Analyzing tag v4.5.9 (842/952).
2025-10-29 11:15:13,486 - INFO - Analyzing tag v6.1.0-beta.0 (843/952).
2025-10-29 11:15:14,243 - INFO - Analyzing tag v6.1.0-beta.1 (844/952).
2025-10-29 11:15:14,952 - INFO - Analyzing tag v6.1.0-beta.2 (845/952).
2025-10-29 11:15:15,555 - INFO - Analyzing tag v6.1.0 (846/952).
2025-10-29 11:15:16,191 - INFO - Analyzing tag plugin-legacy@6.0.1 (847/952).
2025-10-29 11:15:16,762 - INFO - Analyzing tag create-vite@6.2.0 (848/952).
2025-10-29 11:15:17,385 - INFO - Analyzing tag v6.1.1 (849/952).
2025-10-29 11:15:17,997 - INFO - Analyzing tag v6.2.0-beta.0 (850/952).
2025-10-29 11:15:18,667 - INFO - Analyzing tag v6.2.0-beta.1 (851/952).
2025-10-29 11:15:19,271 - INFO - Analyzing tag v6.2.0 (852/952).
2025-10-29 11:15:19,843 - INFO - Analyzing tag create-vite@6.2.1 (853/952).
2025-10-29 11:15:20,438 - INFO - Analyzing tag plugin-legacy@6.0.2 (854/952).
2025-10-29 11:15:21,028 - INFO - Analyzing tag create-vite@6.3.0 (855/952).
2025-10-29 11:15:21,599 - INFO - Analyzing tag create-vite@6.3.1 (856/952).
2025-10-29 11:15:22,188 - INFO - Analyzing tag v6.2.1 (857/952).
2025-10-29 11:15:22,795 - INFO - Analyzing tag v6.2.2 (858/952).
2025-10-29 11:15:23,378 - INFO - Analyzing tag v6.2.3 (859/952).
2025-10-29 11:15:23,964 - INFO - Analyzing tag v6.1.2 (860/952).
2025-10-29 11:15:24,610 - INFO - Analyzing tag v6.0.12 (861/952).
2025-10-29 11:15:25,253 - INFO - Analyzing tag v5.4.15 (862/952).
2025-10-29 11:15:25,911 - INFO - Analyzing tag v4.5.10 (863/952).
2025-10-29 11:15:26,652 - INFO - Analyzing tag v6.3.0-beta.0 (864/952).
2025-10-29 11:15:27,418 - INFO - Analyzing tag v6.2.4 (865/952).
2025-10-29 11:15:28,188 - INFO - Analyzing tag v6.1.3 (866/952).
2025-10-29 11:15:28,844 - INFO - Analyzing tag v6.0.13 (867/952).
2025-10-29 11:15:29,445 - INFO - Analyzing tag v5.4.16 (868/952).
2025-10-29 11:15:30,086 - INFO - Analyzing tag v4.5.11 (869/952).
2025-10-29 11:15:30,836 - INFO - Analyzing tag v6.3.0-beta.1 (870/952).
2025-10-29 11:15:31,623 - INFO - Analyzing tag v6.2.5 (871/952).
2025-10-29 11:15:32,255 - INFO - Analyzing tag v6.1.4 (872/952).
2025-10-29 11:15:32,873 - INFO - Analyzing tag v6.0.14 (873/952).
2025-10-29 11:15:33,487 - INFO - Analyzing tag v5.4.17 (874/952).
2025-10-29 11:15:34,149 - INFO - Analyzing tag v4.5.12 (875/952).
2025-10-29 11:15:34,899 - INFO - Analyzing tag v6.2.6 (876/952).
2025-10-29 11:15:35,692 - INFO - Analyzing tag v6.1.5 (877/952).
2025-10-29 11:15:36,386 - INFO - Analyzing tag v6.0.15 (878/952).
2025-10-29 11:15:37,054 - INFO - Analyzing tag v5.4.18 (879/952).
2025-10-29 11:15:37,726 - INFO - Analyzing tag v4.5.13 (880/952).
2025-10-29 11:15:38,473 - INFO - Analyzing tag v6.3.0-beta.2 (881/952).
2025-10-29 11:15:39,287 - INFO - Analyzing tag v6.3.0 (882/952).
2025-10-29 11:15:39,986 - INFO - Analyzing tag plugin-legacy@6.1.0 (883/952).
2025-10-29 11:15:40,589 - INFO - Analyzing tag create-vite@6.4.0 (884/952).
2025-10-29 11:15:41,173 - INFO - Analyzing tag v6.3.1 (885/952).
2025-10-29 11:15:41,764 - INFO - Analyzing tag create-vite@6.4.1 (886/952).
2025-10-29 11:15:42,383 - INFO - Analyzing tag v6.3.2 (887/952).
2025-10-29 11:15:42,981 - INFO - Analyzing tag v6.3.3 (888/952).
2025-10-29 11:15:43,648 - INFO - Analyzing tag plugin-legacy@6.1.1 (889/952).
2025-10-29 11:15:44,263 - INFO - Analyzing tag v6.3.4 (890/952).
2025-10-29 11:15:44,885 - INFO - Analyzing tag v6.2.7 (891/952).
2025-10-29 11:15:45,574 - INFO - Analyzing tag v6.1.6 (892/952).
2025-10-29 11:15:46,273 - INFO - Analyzing tag v5.4.19 (893/952).
2025-10-29 11:15:46,964 - INFO - Analyzing tag v4.5.14 (894/952).
2025-10-29 11:15:47,730 - INFO - Analyzing tag v6.3.5 (895/952).
2025-10-29 11:15:48,608 - INFO - Analyzing tag create-vite@6.5.0 (896/952).
2025-10-29 11:15:49,377 - INFO - Analyzing tag v7.0.0-beta.0 (897/952).
2025-10-29 11:15:50,059 - INFO - Analyzing tag plugin-legacy@7.0.0-beta.0 (898/952).
2025-10-29 11:15:50,712 - INFO - Analyzing tag v7.0.0-beta.1 (899/952).
2025-10-29 11:15:51,376 - INFO - Analyzing tag v7.0.0-beta.2 (900/952).
2025-10-29 11:15:52,027 - INFO - Analyzing tag plugin-legacy@7.0.0-beta.1 (901/952).
2025-10-29 11:15:52,642 - INFO - Analyzing tag v7.0.0 (902/952).
2025-10-29 11:15:53,279 - INFO - Analyzing tag plugin-legacy@7.0.0 (903/952).
2025-10-29 11:15:53,912 - INFO - Analyzing tag create-vite@7.0.0 (904/952).
2025-10-29 11:15:54,496 - INFO - Analyzing tag v7.0.1 (905/952).
2025-10-29 11:15:55,102 - INFO - Analyzing tag v7.0.2 (906/952).
2025-10-29 11:15:55,708 - INFO - Analyzing tag v7.0.3 (907/952).
2025-10-29 11:15:56,322 - INFO - Analyzing tag create-vite@7.0.1 (908/952).
2025-10-29 11:15:56,929 - INFO - Analyzing tag v7.0.4 (909/952).
2025-10-29 11:15:57,527 - INFO - Analyzing tag create-vite@7.0.2 (910/952).
2025-10-29 11:15:58,123 - INFO - Analyzing tag create-vite@7.0.3 (911/952).
2025-10-29 11:15:58,751 - INFO - Analyzing tag v7.0.5 (912/952).
2025-10-29 11:15:59,380 - INFO - Analyzing tag plugin-legacy@7.0.1 (913/952).
2025-10-29 11:15:59,960 - INFO - Analyzing tag plugin-legacy@7.1.0 (914/952).
2025-10-29 11:16:00,569 - INFO - Analyzing tag v7.0.6 (915/952).
2025-10-29 11:16:01,180 - INFO - Analyzing tag v7.1.0-beta.0 (916/952).
2025-10-29 11:16:01,799 - INFO - Analyzing tag v7.1.0-beta.1 (917/952).
2025-10-29 11:16:02,432 - INFO - Analyzing tag v7.1.0 (918/952).
2025-10-29 11:16:03,062 - INFO - Analyzing tag plugin-legacy@7.2.0 (919/952).
2025-10-29 11:16:03,653 - INFO - Analyzing tag create-vite@7.1.0 (920/952).
2025-10-29 11:16:04,348 - INFO - Analyzing tag plugin-legacy@7.2.1 (921/952).
2025-10-29 11:16:04,936 - INFO - Analyzing tag v7.1.1 (922/952).
2025-10-29 11:16:05,523 - INFO - Analyzing tag v7.1.2 (923/952).
2025-10-29 11:16:06,165 - INFO - Analyzing tag create-vite@7.1.1 (924/952).
2025-10-29 11:16:06,845 - INFO - Analyzing tag v7.1.3 (925/952).
2025-10-29 11:16:07,462 - INFO - Analyzing tag v7.1.4 (926/952).
2025-10-29 11:16:08,080 - INFO - Analyzing tag v7.1.5 (927/952).
2025-10-29 11:16:08,683 - INFO - Analyzing tag v7.0.7 (928/952).
2025-10-29 11:16:09,379 - INFO - Analyzing tag v6.3.6 (929/952).
2025-10-29 11:16:10,131 - INFO - Analyzing tag v5.4.20 (930/952).
2025-10-29 11:16:10,846 - INFO - Analyzing tag v7.1.6 (931/952).
2025-10-29 11:16:11,611 - INFO - Analyzing tag create-vite@7.1.2 (932/952).
2025-10-29 11:16:12,208 - INFO - Analyzing tag v7.1.7 (933/952).
2025-10-29 11:16:12,814 - INFO - Analyzing tag create-vite@7.1.3 (934/952).
2025-10-29 11:16:13,408 - INFO - Analyzing tag create-vite@8.0.0-beta.0 (935/952).
2025-10-29 11:16:14,023 - INFO - Analyzing tag create-vite@8.0.0 (936/952).
2025-10-29 11:16:14,647 - INFO - Analyzing tag create-vite@8.0.1 (937/952).
2025-10-29 11:16:15,272 - INFO - Analyzing tag create-vite@8.0.2 (938/952).
2025-10-29 11:16:15,905 - INFO - Analyzing tag v7.1.8 (939/952).
2025-10-29 11:16:16,523 - INFO - Analyzing tag v7.1.9 (940/952).
2025-10-29 11:16:17,141 - INFO - Analyzing tag v7.1.10 (941/952).
2025-10-29 11:16:17,751 - INFO - Analyzing tag v6.3.7 (942/952).
2025-10-29 11:16:18,504 - INFO - Analyzing tag v6.4.0 (943/952).
2025-10-29 11:16:19,243 - INFO - Analyzing tag v7.1.11 (944/952).
2025-10-29 11:16:19,960 - INFO - Analyzing tag v7.0.8 (945/952).
2025-10-29 11:16:20,717 - INFO - Analyzing tag v6.4.1 (946/952).
2025-10-29 11:16:21,510 - INFO - Analyzing tag v5.4.21 (947/952).
2025-10-29 11:16:22,339 - INFO - Analyzing tag v7.1.12 (948/952).
2025-10-29 11:16:23,107 - INFO - Analyzing tag v7.2.0-beta.0 (949/952).
2025-10-29 11:16:23,867 - INFO - Analyzing tag v7.2.0-beta.1 (950/952).
2025-10-29 11:16:24,481 - INFO - Analyzing tag PRE-TEST (951/952).
2025-10-29 11:16:25,103 - INFO - Analyzing tag TEST (952/952).
2025-10-29 11:16:25,730 - INFO - Exporting BlankSpaceAnalyzer results to CSV...
2025-10-29 11:16:30,156 - INFO - Blank Space Ratio report saved to: analytics/vite/manipulated_blank_space/blank_space_ratio.csv
2025-10-29 11:16:30,156 - INFO - Max Line Length report saved to: analytics/vite/manipulated_blank_space/blank_space_max_line_length.csv
2025-10-29 11:16:30,162 - INFO - Results saved in: analytics/vite/manipulated_blank_space
