2025-11-13 05:45:30,794 - NPM_HUT_Analyzer - INFO - Recupero metadata per 'make-fetch-happen'...
2025-11-13 05:45:30,872 - NPM_HUT_Analyzer - INFO - Trovate 112 versioni. Inizio download in 'temp_hut/make-fetch-happen'...
2025-11-13 05:46:40,857 - UnicodeAnalyzer - INFO - Analizzando 112 versioni per '*.js' in 'make-fetch-happen'.
2025-11-13 05:46:40,857 - UnicodeAnalyzer - INFO - -> Analizzando versione 0.0.0 (1/112)...
2025-11-13 05:46:40,858 - UnicodeAnalyzer - INFO - -> Analizzando versione 1.0.0 (2/112)...
2025-11-13 05:46:40,992 - UnicodeAnalyzer - INFO - -> Analizzando versione 1.0.1 (3/112)...
2025-11-13 05:46:41,101 - UnicodeAnalyzer - INFO - -> Analizzando versione 1.1.0 (4/112)...
2025-11-13 05:46:41,211 - UnicodeAnalyzer - INFO - -> Analizzando versione 1.2.0 (5/112)...
2025-11-13 05:46:41,321 - UnicodeAnalyzer - INFO - -> Analizzando versione 1.2.1 (6/112)...
2025-11-13 05:46:41,432 - UnicodeAnalyzer - INFO - -> Analizzando versione 1.3.0 (7/112)...
2025-11-13 05:46:41,545 - UnicodeAnalyzer - INFO - -> Analizzando versione 1.3.1 (8/112)...
2025-11-13 05:46:41,655 - UnicodeAnalyzer - INFO - -> Analizzando versione 1.4.0 (9/112)...
2025-11-13 05:46:41,764 - UnicodeAnalyzer - INFO - -> Analizzando versione 1.5.0 (10/112)...
2025-11-13 05:46:41,873 - UnicodeAnalyzer - INFO - -> Analizzando versione 1.5.1 (11/112)...
2025-11-13 05:46:41,981 - UnicodeAnalyzer - INFO - -> Analizzando versione 1.6.0 (12/112)...
2025-11-13 05:46:42,090 - UnicodeAnalyzer - INFO - -> Analizzando versione 1.7.0 (13/112)...
2025-11-13 05:46:42,200 - UnicodeAnalyzer - INFO - -> Analizzando versione 10.0.0 (14/112)...
2025-11-13 05:46:42,313 - UnicodeAnalyzer - INFO - -> Analizzando versione 10.0.1 (15/112)...
2025-11-13 05:46:42,436 - UnicodeAnalyzer - INFO - -> Analizzando versione 10.0.2 (16/112)...
2025-11-13 05:46:42,562 - UnicodeAnalyzer - INFO - -> Analizzando versione 10.0.3 (17/112)...
2025-11-13 05:46:42,684 - UnicodeAnalyzer - INFO - -> Analizzando versione 10.0.4 (18/112)...
2025-11-13 05:46:42,807 - UnicodeAnalyzer - INFO - -> Analizzando versione 10.0.5 (19/112)...
2025-11-13 05:46:42,924 - UnicodeAnalyzer - INFO - -> Analizzando versione 10.0.6 (20/112)...
2025-11-13 05:46:43,048 - UnicodeAnalyzer - INFO - -> Analizzando versione 10.1.0 (21/112)...
2025-11-13 05:46:43,171 - UnicodeAnalyzer - INFO - -> Analizzando versione 10.1.1 (22/112)...
2025-11-13 05:46:43,294 - UnicodeAnalyzer - INFO - -> Analizzando versione 10.1.2 (23/112)...
2025-11-13 05:46:43,417 - UnicodeAnalyzer - INFO - -> Analizzando versione 10.1.3 (24/112)...
2025-11-13 05:46:43,535 - UnicodeAnalyzer - INFO - -> Analizzando versione 10.1.4 (25/112)...
2025-11-13 05:46:43,662 - UnicodeAnalyzer - INFO - -> Analizzando versione 10.1.5 (26/112)...
2025-11-13 05:46:43,785 - UnicodeAnalyzer - INFO - -> Analizzando versione 10.1.6 (27/112)...
2025-11-13 05:46:43,909 - UnicodeAnalyzer - INFO - -> Analizzando versione 10.1.7 (28/112)...
2025-11-13 05:46:44,026 - UnicodeAnalyzer - INFO - -> Analizzando versione 10.1.8 (29/112)...
2025-11-13 05:46:44,150 - UnicodeAnalyzer - INFO - -> Analizzando versione 10.2.0 (30/112)...
2025-11-13 05:46:44,291 - UnicodeAnalyzer - INFO - -> Analizzando versione 10.2.1 (31/112)...
2025-11-13 05:46:44,414 - UnicodeAnalyzer - INFO - -> Analizzando versione 11.0.0 (32/112)...
2025-11-13 05:46:44,530 - UnicodeAnalyzer - INFO - -> Analizzando versione 11.0.1 (33/112)...
2025-11-13 05:46:44,652 - UnicodeAnalyzer - INFO - -> Analizzando versione 11.0.2 (34/112)...
2025-11-13 05:46:44,776 - UnicodeAnalyzer - INFO - -> Analizzando versione 11.0.3 (35/112)...
2025-11-13 05:46:44,900 - UnicodeAnalyzer - INFO - -> Analizzando versione 11.1.0 (36/112)...
2025-11-13 05:46:45,022 - UnicodeAnalyzer - INFO - -> Analizzando versione 11.1.1 (37/112)...
2025-11-13 05:46:45,141 - UnicodeAnalyzer - INFO - -> Analizzando versione 12.0.0 (38/112)...
2025-11-13 05:46:45,263 - UnicodeAnalyzer - INFO - -> Analizzando versione 13.0.0 (39/112)...
2025-11-13 05:46:45,387 - UnicodeAnalyzer - INFO - -> Analizzando versione 13.0.1 (40/112)...
2025-11-13 05:46:45,510 - UnicodeAnalyzer - INFO - -> Analizzando versione 14.0.0 (41/112)...
2025-11-13 05:46:45,629 - UnicodeAnalyzer - INFO - -> Analizzando versione 14.0.1 (42/112)...
2025-11-13 05:46:45,756 - UnicodeAnalyzer - INFO - -> Analizzando versione 14.0.2 (43/112)...
2025-11-13 05:46:45,876 - UnicodeAnalyzer - INFO - -> Analizzando versione 14.0.3 (44/112)...
2025-11-13 05:46:46,005 - UnicodeAnalyzer - INFO - -> Analizzando versione 15.0.0 (45/112)...
2025-11-13 05:46:46,124 - UnicodeAnalyzer - INFO - -> Analizzando versione 15.0.1 (46/112)...
2025-11-13 05:46:46,252 - UnicodeAnalyzer - INFO - -> Analizzando versione 15.0.2 (47/112)...
2025-11-13 05:46:46,380 - UnicodeAnalyzer - INFO - -> Analizzando versione 2.0.0 (48/112)...
2025-11-13 05:46:46,509 - UnicodeAnalyzer - INFO - -> Analizzando versione 2.0.1 (49/112)...
2025-11-13 05:46:46,617 - UnicodeAnalyzer - INFO - -> Analizzando versione 2.0.2 (50/112)...
2025-11-13 05:46:46,618 - UnicodeAnalyzer - INFO - Filtrati 18 file (es. in /dist, /test).
2025-11-13 05:46:46,730 - UnicodeAnalyzer - INFO - -> Analizzando versione 2.0.3 (51/112)...
2025-11-13 05:46:46,731 - UnicodeAnalyzer - INFO - Filtrati 18 file (es. in /dist, /test).
2025-11-13 05:46:46,846 - UnicodeAnalyzer - INFO - -> Analizzando versione 2.0.4 (52/112)...
2025-11-13 05:46:46,847 - UnicodeAnalyzer - INFO - Filtrati 18 file (es. in /dist, /test).
2025-11-13 05:46:46,960 - UnicodeAnalyzer - INFO - -> Analizzando versione 2.1.0 (53/112)...
2025-11-13 05:46:46,961 - UnicodeAnalyzer - INFO - Filtrati 18 file (es. in /dist, /test).
2025-11-13 05:46:47,071 - UnicodeAnalyzer - INFO - -> Analizzando versione 2.2.0 (54/112)...
2025-11-13 05:46:47,072 - UnicodeAnalyzer - INFO - Filtrati 18 file (es. in /dist, /test).
2025-11-13 05:46:47,182 - UnicodeAnalyzer - INFO - -> Analizzando versione 2.2.1 (55/112)...
2025-11-13 05:46:47,183 - UnicodeAnalyzer - INFO - Filtrati 18 file (es. in /dist, /test).
2025-11-13 05:46:47,295 - UnicodeAnalyzer - INFO - -> Analizzando versione 2.2.2 (56/112)...
2025-11-13 05:46:47,297 - UnicodeAnalyzer - INFO - Filtrati 18 file (es. in /dist, /test).
2025-11-13 05:46:47,415 - UnicodeAnalyzer - INFO - -> Analizzando versione 2.2.3 (57/112)...
2025-11-13 05:46:47,458 - UnicodeAnalyzer - INFO - Filtrati 1600 file (es. in /dist, /test).
2025-11-13 05:46:47,571 - UnicodeAnalyzer - INFO - -> Analizzando versione 2.2.4 (58/112)...
2025-11-13 05:46:47,614 - UnicodeAnalyzer - INFO - Filtrati 1600 file (es. in /dist, /test).
2025-11-13 05:46:47,724 - UnicodeAnalyzer - INFO - -> Analizzando versione 2.2.5 (59/112)...
2025-11-13 05:46:47,768 - UnicodeAnalyzer - INFO - Filtrati 1600 file (es. in /dist, /test).
2025-11-13 05:46:47,882 - UnicodeAnalyzer - INFO - -> Analizzando versione 2.2.6 (60/112)...
2025-11-13 05:46:47,993 - UnicodeAnalyzer - INFO - -> Analizzando versione 2.3.0 (61/112)...
2025-11-13 05:46:48,119 - UnicodeAnalyzer - INFO - -> Analizzando versione 2.4.0 (62/112)...
2025-11-13 05:46:48,239 - UnicodeAnalyzer - INFO - -> Analizzando versione 2.4.1 (63/112)...
2025-11-13 05:46:48,358 - UnicodeAnalyzer - INFO - -> Analizzando versione 2.4.10 (64/112)...
2025-11-13 05:46:48,477 - UnicodeAnalyzer - INFO - -> Analizzando versione 2.4.11 (65/112)...
2025-11-13 05:46:48,600 - UnicodeAnalyzer - INFO - -> Analizzando versione 2.4.12 (66/112)...
2025-11-13 05:46:48,711 - UnicodeAnalyzer - INFO - -> Analizzando versione 2.4.13 (67/112)...
2025-11-13 05:46:48,826 - UnicodeAnalyzer - INFO - -> Analizzando versione 2.4.2 (68/112)...
2025-11-13 05:46:48,943 - UnicodeAnalyzer - INFO - -> Analizzando versione 2.4.3 (69/112)...
2025-11-13 05:46:49,056 - UnicodeAnalyzer - INFO - -> Analizzando versione 2.4.4 (70/112)...
2025-11-13 05:46:49,175 - UnicodeAnalyzer - INFO - -> Analizzando versione 2.4.5 (71/112)...
2025-11-13 05:46:49,297 - UnicodeAnalyzer - INFO - -> Analizzando versione 2.4.6 (72/112)...
2025-11-13 05:46:49,415 - UnicodeAnalyzer - INFO - -> Analizzando versione 2.4.7 (73/112)...
2025-11-13 05:46:49,529 - UnicodeAnalyzer - INFO - -> Analizzando versione 2.4.8 (74/112)...
2025-11-13 05:46:49,649 - UnicodeAnalyzer - INFO - -> Analizzando versione 2.4.9 (75/112)...
2025-11-13 05:46:49,764 - UnicodeAnalyzer - INFO - -> Analizzando versione 2.5.0 (76/112)...
2025-11-13 05:46:49,875 - UnicodeAnalyzer - INFO - -> Analizzando versione 2.6.0 (77/112)...
2025-11-13 05:46:49,987 - UnicodeAnalyzer - INFO - -> Analizzando versione 3.0.0 (78/112)...
2025-11-13 05:46:50,099 - UnicodeAnalyzer - INFO - -> Analizzando versione 4.0.0 (79/112)...
2025-11-13 05:46:50,211 - UnicodeAnalyzer - INFO - -> Analizzando versione 4.0.1 (80/112)...
2025-11-13 05:46:50,323 - UnicodeAnalyzer - INFO - -> Analizzando versione 4.0.2 (81/112)...
2025-11-13 05:46:50,440 - UnicodeAnalyzer - INFO - -> Analizzando versione 5.0.0 (82/112)...
2025-11-13 05:46:50,563 - UnicodeAnalyzer - INFO - -> Analizzando versione 5.0.1 (83/112)...
2025-11-13 05:46:50,677 - UnicodeAnalyzer - INFO - -> Analizzando versione 5.0.2 (84/112)...
2025-11-13 05:46:50,800 - UnicodeAnalyzer - INFO - -> Analizzando versione 6.0.0 (85/112)...
2025-11-13 05:46:50,911 - UnicodeAnalyzer - INFO - -> Analizzando versione 6.0.1 (86/112)...
2025-11-13 05:46:51,024 - UnicodeAnalyzer - INFO - -> Analizzando versione 6.1.0 (87/112)...
2025-11-13 05:46:51,145 - UnicodeAnalyzer - INFO - -> Analizzando versione 7.0.0 (88/112)...
2025-11-13 05:46:51,277 - UnicodeAnalyzer - INFO - -> Analizzando versione 7.1.0 (89/112)...
2025-11-13 05:46:51,423 - UnicodeAnalyzer - INFO - -> Analizzando versione 7.1.1 (90/112)...
2025-11-13 05:46:51,542 - UnicodeAnalyzer - INFO - -> Analizzando versione 8.0.0 (91/112)...
2025-11-13 05:46:51,672 - UnicodeAnalyzer - INFO - -> Analizzando versione 8.0.1 (92/112)...
2025-11-13 05:46:51,794 - UnicodeAnalyzer - INFO - -> Analizzando versione 8.0.10 (93/112)...
2025-11-13 05:46:51,906 - UnicodeAnalyzer - INFO - -> Analizzando versione 8.0.11 (94/112)...
2025-11-13 05:46:52,023 - UnicodeAnalyzer - INFO - -> Analizzando versione 8.0.12 (95/112)...
2025-11-13 05:46:52,145 - UnicodeAnalyzer - INFO - -> Analizzando versione 8.0.13 (96/112)...
2025-11-13 05:46:52,269 - UnicodeAnalyzer - INFO - -> Analizzando versione 8.0.14 (97/112)...
2025-11-13 05:46:52,396 - UnicodeAnalyzer - INFO - -> Analizzando versione 8.0.2 (98/112)...
2025-11-13 05:46:52,534 - UnicodeAnalyzer - INFO - -> Analizzando versione 8.0.3 (99/112)...
2025-11-13 05:46:52,652 - UnicodeAnalyzer - INFO - -> Analizzando versione 8.0.4 (100/112)...
2025-11-13 05:46:52,791 - UnicodeAnalyzer - INFO - -> Analizzando versione 8.0.5 (101/112)...
2025-11-13 05:46:52,919 - UnicodeAnalyzer - INFO - -> Analizzando versione 8.0.6 (102/112)...
2025-11-13 05:46:53,048 - UnicodeAnalyzer - INFO - -> Analizzando versione 8.0.7 (103/112)...
2025-11-13 05:46:53,172 - UnicodeAnalyzer - INFO - -> Analizzando versione 8.0.8 (104/112)...
2025-11-13 05:46:53,293 - UnicodeAnalyzer - INFO - -> Analizzando versione 8.0.9 (105/112)...
2025-11-13 05:46:53,415 - UnicodeAnalyzer - INFO - -> Analizzando versione 9.0.0 (106/112)...
2025-11-13 05:46:53,534 - UnicodeAnalyzer - INFO - -> Analizzando versione 9.0.1 (107/112)...
2025-11-13 05:46:53,658 - UnicodeAnalyzer - INFO - -> Analizzando versione 9.0.2 (108/112)...
2025-11-13 05:46:53,780 - UnicodeAnalyzer - INFO - -> Analizzando versione 9.0.3 (109/112)...
2025-11-13 05:46:53,907 - UnicodeAnalyzer - INFO - -> Analizzando versione 9.0.4 (110/112)...
2025-11-13 05:46:54,021 - UnicodeAnalyzer - INFO - -> Analizzando versione 9.0.5 (111/112)...
2025-11-13 05:46:54,150 - UnicodeAnalyzer - INFO - -> Analizzando versione 9.1.0 (112/112)...
2025-11-13 05:46:54,287 - UnicodeAnalyzer - INFO - Esportando i risultati HUT per 'make-fetch-happen' in CSV...
2025-11-13 05:46:54,457 - UnicodeAnalyzer - INFO - Report salvati in: /app/npm_hut_results/make-fetch-happen
2025-11-13 05:46:54,458 - NPM_HUT_Analyzer - INFO - Pulizia cartella temporanea 'temp_hut/make-fetch-happen'...
2025-11-13 05:46:54,574 - NPM_HUT_Analyzer - INFO - Pulizia completata.
