2025-11-11 05:19:02,923 - NPM_HUT_Analyzer - INFO - Recupero metadata per 'yargs-parser'...
2025-11-11 05:19:03,032 - NPM_HUT_Analyzer - INFO - Trovate 84 versioni. Inizio download in 'temp_hut/yargs-parser'...
2025-11-11 05:19:41,274 - UnicodeAnalyzer - INFO - Analizzando 84 versioni per '*.js' in 'yargs-parser'.
2025-11-11 05:19:41,274 - UnicodeAnalyzer - INFO - -> Analizzando versione 1.0.0 (1/84)...
2025-11-11 05:19:41,277 - UnicodeAnalyzer - INFO - Filtrati 3 file (es. in /dist, /test).
2025-11-11 05:19:41,350 - UnicodeAnalyzer - INFO - -> Analizzando versione 1.1.0 (2/84)...
2025-11-11 05:19:41,351 - UnicodeAnalyzer - INFO - Filtrati 3 file (es. in /dist, /test).
2025-11-11 05:19:41,396 - UnicodeAnalyzer - INFO - -> Analizzando versione 1.1.1-alpha (3/84)...
2025-11-11 05:19:41,397 - UnicodeAnalyzer - INFO - Filtrati 3 file (es. in /dist, /test).
2025-11-11 05:19:41,444 - UnicodeAnalyzer - INFO - -> Analizzando versione 1.1.1-alpha2 (4/84)...
2025-11-11 05:19:41,445 - UnicodeAnalyzer - INFO - Filtrati 3 file (es. in /dist, /test).
2025-11-11 05:19:41,493 - UnicodeAnalyzer - INFO - -> Analizzando versione 1.1.1-alpha3 (5/84)...
2025-11-11 05:19:41,494 - UnicodeAnalyzer - INFO - Filtrati 3 file (es. in /dist, /test).
2025-11-11 05:19:41,542 - UnicodeAnalyzer - INFO - -> Analizzando versione 10.0.0 (6/84)...
2025-11-11 05:19:41,591 - UnicodeAnalyzer - INFO - -> Analizzando versione 10.1.0 (7/84)...
2025-11-11 05:19:41,640 - UnicodeAnalyzer - INFO - -> Analizzando versione 11.0.0 (8/84)...
2025-11-11 05:19:41,690 - UnicodeAnalyzer - INFO - -> Analizzando versione 11.1.0 (9/84)...
2025-11-11 05:19:41,738 - UnicodeAnalyzer - INFO - -> Analizzando versione 11.1.1 (10/84)...
2025-11-11 05:19:41,788 - UnicodeAnalyzer - INFO - -> Analizzando versione 12.0.0 (11/84)...
2025-11-11 05:19:41,836 - UnicodeAnalyzer - INFO - -> Analizzando versione 13.0.0 (12/84)...
2025-11-11 05:19:41,885 - UnicodeAnalyzer - INFO - -> Analizzando versione 13.0.0-candidate.0 (13/84)...
2025-11-11 05:19:41,934 - UnicodeAnalyzer - INFO - -> Analizzando versione 13.1.0 (14/84)...
2025-11-11 05:19:41,982 - UnicodeAnalyzer - INFO - -> Analizzando versione 13.1.1 (15/84)...
2025-11-11 05:19:42,032 - UnicodeAnalyzer - INFO - -> Analizzando versione 13.1.2 (16/84)...
2025-11-11 05:19:42,081 - UnicodeAnalyzer - INFO - -> Analizzando versione 14.0.0 (17/84)...
2025-11-11 05:19:42,132 - UnicodeAnalyzer - INFO - -> Analizzando versione 15.0.0 (18/84)...
2025-11-11 05:19:42,182 - UnicodeAnalyzer - INFO - -> Analizzando versione 15.0.1 (19/84)...
2025-11-11 05:19:42,231 - UnicodeAnalyzer - INFO - -> Analizzando versione 15.0.2 (20/84)...
2025-11-11 05:19:42,280 - UnicodeAnalyzer - INFO - -> Analizzando versione 15.0.3 (21/84)...
2025-11-11 05:19:42,329 - UnicodeAnalyzer - INFO - -> Analizzando versione 16.0.0 (22/84)...
2025-11-11 05:19:42,378 - UnicodeAnalyzer - INFO - -> Analizzando versione 16.1.0 (23/84)...
2025-11-11 05:19:42,427 - UnicodeAnalyzer - INFO - -> Analizzando versione 17.0.0 (24/84)...
2025-11-11 05:19:42,477 - UnicodeAnalyzer - INFO - -> Analizzando versione 17.0.1 (25/84)...
2025-11-11 05:19:42,526 - UnicodeAnalyzer - INFO - -> Analizzando versione 17.1.0 (26/84)...
2025-11-11 05:19:42,575 - UnicodeAnalyzer - INFO - -> Analizzando versione 18.0.0 (27/84)...
2025-11-11 05:19:42,624 - UnicodeAnalyzer - INFO - -> Analizzando versione 18.1.0 (28/84)...
2025-11-11 05:19:42,674 - UnicodeAnalyzer - INFO - -> Analizzando versione 18.1.1 (29/84)...
2025-11-11 05:19:42,725 - UnicodeAnalyzer - INFO - -> Analizzando versione 18.1.1-beta.0 (30/84)...
2025-11-11 05:19:42,773 - UnicodeAnalyzer - INFO - -> Analizzando versione 18.1.2 (31/84)...
2025-11-11 05:19:42,826 - UnicodeAnalyzer - INFO - -> Analizzando versione 18.1.3 (32/84)...
2025-11-11 05:19:42,875 - UnicodeAnalyzer - INFO - -> Analizzando versione 19.0.0 (33/84)...
2025-11-11 05:19:42,875 - UnicodeAnalyzer - INFO - Filtrati 6 file (es. in /dist, /test).
2025-11-11 05:19:42,876 - UnicodeAnalyzer - INFO - -> Analizzando versione 19.0.0-beta.0 (34/84)...
2025-11-11 05:19:42,876 - UnicodeAnalyzer - INFO - Filtrati 4 file (es. in /dist, /test).
2025-11-11 05:19:42,876 - UnicodeAnalyzer - INFO - -> Analizzando versione 19.0.0-beta.1 (35/84)...
2025-11-11 05:19:42,876 - UnicodeAnalyzer - INFO - Filtrati 4 file (es. in /dist, /test).
2025-11-11 05:19:42,877 - UnicodeAnalyzer - INFO - -> Analizzando versione 19.0.0-beta.2 (36/84)...
2025-11-11 05:19:42,877 - UnicodeAnalyzer - INFO - Filtrati 6 file (es. in /dist, /test).
2025-11-11 05:19:42,877 - UnicodeAnalyzer - INFO - -> Analizzando versione 19.0.0-beta.3 (37/84)...
2025-11-11 05:19:42,878 - UnicodeAnalyzer - INFO - Filtrati 6 file (es. in /dist, /test).
2025-11-11 05:19:42,878 - UnicodeAnalyzer - INFO - -> Analizzando versione 19.0.1 (38/84)...
2025-11-11 05:19:42,878 - UnicodeAnalyzer - INFO - Filtrati 6 file (es. in /dist, /test).
2025-11-11 05:19:42,879 - UnicodeAnalyzer - INFO - -> Analizzando versione 19.0.4 (39/84)...
2025-11-11 05:19:42,879 - UnicodeAnalyzer - INFO - Filtrati 6 file (es. in /dist, /test).
2025-11-11 05:19:42,879 - UnicodeAnalyzer - INFO - -> Analizzando versione 2.0.0 (40/84)...
2025-11-11 05:19:42,880 - UnicodeAnalyzer - INFO - Filtrati 3 file (es. in /dist, /test).
2025-11-11 05:19:42,929 - UnicodeAnalyzer - INFO - -> Analizzando versione 2.1.0 (41/84)...
2025-11-11 05:19:42,929 - UnicodeAnalyzer - INFO - Filtrati 3 file (es. in /dist, /test).
2025-11-11 05:19:42,979 - UnicodeAnalyzer - INFO - -> Analizzando versione 2.1.1 (42/84)...
2025-11-11 05:19:42,980 - UnicodeAnalyzer - INFO - Filtrati 3 file (es. in /dist, /test).
2025-11-11 05:19:43,028 - UnicodeAnalyzer - INFO - -> Analizzando versione 2.1.2 (43/84)...
2025-11-11 05:19:43,029 - UnicodeAnalyzer - INFO - Filtrati 3 file (es. in /dist, /test).
2025-11-11 05:19:43,078 - UnicodeAnalyzer - INFO - -> Analizzando versione 2.2.0 (44/84)...
2025-11-11 05:19:43,078 - UnicodeAnalyzer - INFO - Filtrati 3 file (es. in /dist, /test).
2025-11-11 05:19:43,127 - UnicodeAnalyzer - INFO - -> Analizzando versione 2.4.0 (45/84)...
2025-11-11 05:19:43,176 - UnicodeAnalyzer - INFO - -> Analizzando versione 2.4.0-next (46/84)...
2025-11-11 05:19:43,224 - UnicodeAnalyzer - INFO - -> Analizzando versione 2.4.1 (47/84)...
2025-11-11 05:19:43,272 - UnicodeAnalyzer - INFO - -> Analizzando versione 20.0.0 (48/84)...
2025-11-11 05:19:43,273 - UnicodeAnalyzer - INFO - Filtrati 6 file (es. in /dist, /test).
2025-11-11 05:19:43,273 - UnicodeAnalyzer - INFO - -> Analizzando versione 20.1.0 (49/84)...
2025-11-11 05:19:43,274 - UnicodeAnalyzer - INFO - Filtrati 6 file (es. in /dist, /test).
2025-11-11 05:19:43,274 - UnicodeAnalyzer - INFO - -> Analizzando versione 20.2.0 (50/84)...
2025-11-11 05:19:43,274 - UnicodeAnalyzer - INFO - Filtrati 6 file (es. in /dist, /test).
2025-11-11 05:19:43,275 - UnicodeAnalyzer - INFO - -> Analizzando versione 20.2.1 (51/84)...
2025-11-11 05:19:43,275 - UnicodeAnalyzer - INFO - Filtrati 6 file (es. in /dist, /test).
2025-11-11 05:19:43,275 - UnicodeAnalyzer - INFO - -> Analizzando versione 20.2.2 (52/84)...
2025-11-11 05:19:43,275 - UnicodeAnalyzer - INFO - Filtrati 6 file (es. in /dist, /test).
2025-11-11 05:19:43,276 - UnicodeAnalyzer - INFO - -> Analizzando versione 20.2.3 (53/84)...
2025-11-11 05:19:43,276 - UnicodeAnalyzer - INFO - Filtrati 6 file (es. in /dist, /test).
2025-11-11 05:19:43,276 - UnicodeAnalyzer - INFO - -> Analizzando versione 20.2.4 (54/84)...
2025-11-11 05:19:43,277 - UnicodeAnalyzer - INFO - Filtrati 5 file (es. in /dist, /test).
2025-11-11 05:19:43,277 - UnicodeAnalyzer - INFO - -> Analizzando versione 20.2.5 (55/84)...
2025-11-11 05:19:43,277 - UnicodeAnalyzer - INFO - Filtrati 5 file (es. in /dist, /test).
2025-11-11 05:19:43,277 - UnicodeAnalyzer - INFO - -> Analizzando versione 20.2.6 (56/84)...
2025-11-11 05:19:43,278 - UnicodeAnalyzer - INFO - Filtrati 5 file (es. in /dist, /test).
2025-11-11 05:19:43,278 - UnicodeAnalyzer - INFO - -> Analizzando versione 20.2.7 (57/84)...
2025-11-11 05:19:43,278 - UnicodeAnalyzer - INFO - Filtrati 5 file (es. in /dist, /test).
2025-11-11 05:19:43,278 - UnicodeAnalyzer - INFO - -> Analizzando versione 20.2.9 (58/84)...
2025-11-11 05:19:43,279 - UnicodeAnalyzer - INFO - Filtrati 5 file (es. in /dist, /test).
2025-11-11 05:19:43,279 - UnicodeAnalyzer - INFO - -> Analizzando versione 21.0.0 (59/84)...
2025-11-11 05:19:43,279 - UnicodeAnalyzer - INFO - Filtrati 5 file (es. in /dist, /test).
2025-11-11 05:19:43,279 - UnicodeAnalyzer - INFO - -> Analizzando versione 21.0.1 (60/84)...
2025-11-11 05:19:43,280 - UnicodeAnalyzer - INFO - Filtrati 5 file (es. in /dist, /test).
2025-11-11 05:19:43,280 - UnicodeAnalyzer - INFO - -> Analizzando versione 21.1.0 (61/84)...
2025-11-11 05:19:43,280 - UnicodeAnalyzer - INFO - Filtrati 5 file (es. in /dist, /test).
2025-11-11 05:19:43,280 - UnicodeAnalyzer - INFO - -> Analizzando versione 21.1.1 (62/84)...
2025-11-11 05:19:43,281 - UnicodeAnalyzer - INFO - Filtrati 5 file (es. in /dist, /test).
2025-11-11 05:19:43,281 - UnicodeAnalyzer - INFO - -> Analizzando versione 22.0.0 (63/84)...
2025-11-11 05:19:43,281 - UnicodeAnalyzer - INFO - Filtrati 5 file (es. in /dist, /test).
2025-11-11 05:19:43,281 - UnicodeAnalyzer - INFO - -> Analizzando versione 3.1.0 (64/84)...
2025-11-11 05:19:43,330 - UnicodeAnalyzer - INFO - -> Analizzando versione 3.2.0 (65/84)...
2025-11-11 05:19:43,378 - UnicodeAnalyzer - INFO - -> Analizzando versione 4.0.0 (66/84)...
2025-11-11 05:19:43,427 - UnicodeAnalyzer - INFO - -> Analizzando versione 4.0.1 (67/84)...
2025-11-11 05:19:43,475 - UnicodeAnalyzer - INFO - -> Analizzando versione 4.0.2 (68/84)...
2025-11-11 05:19:43,523 - UnicodeAnalyzer - INFO - -> Analizzando versione 4.1.0 (69/84)...
2025-11-11 05:19:43,571 - UnicodeAnalyzer - INFO - -> Analizzando versione 4.2.0 (70/84)...
2025-11-11 05:19:43,619 - UnicodeAnalyzer - INFO - -> Analizzando versione 4.2.1 (71/84)...
2025-11-11 05:19:43,667 - UnicodeAnalyzer - INFO - -> Analizzando versione 4.2.1-candidate.0 (72/84)...
2025-11-11 05:19:43,719 - UnicodeAnalyzer - INFO - -> Analizzando versione 4.2.1-candidate.1 (73/84)...
2025-11-11 05:19:43,767 - UnicodeAnalyzer - INFO - -> Analizzando versione 5.0.0 (74/84)...
2025-11-11 05:19:43,816 - UnicodeAnalyzer - INFO - -> Analizzando versione 5.0.0-security.0 (75/84)...
2025-11-11 05:19:43,868 - UnicodeAnalyzer - INFO - -> Analizzando versione 5.0.1 (76/84)...
2025-11-11 05:19:43,917 - UnicodeAnalyzer - INFO - -> Analizzando versione 6.0.0 (77/84)...
2025-11-11 05:19:43,965 - UnicodeAnalyzer - INFO - -> Analizzando versione 6.0.1 (78/84)...
2025-11-11 05:19:44,014 - UnicodeAnalyzer - INFO - -> Analizzando versione 7.0.0 (79/84)...
2025-11-11 05:19:44,063 - UnicodeAnalyzer - INFO - -> Analizzando versione 8.0.0 (80/84)...
2025-11-11 05:19:44,112 - UnicodeAnalyzer - INFO - -> Analizzando versione 8.1.0 (81/84)...
2025-11-11 05:19:44,160 - UnicodeAnalyzer - INFO - -> Analizzando versione 9.0.0 (82/84)...
2025-11-11 05:19:44,208 - UnicodeAnalyzer - INFO - -> Analizzando versione 9.0.1 (83/84)...
2025-11-11 05:19:44,261 - UnicodeAnalyzer - INFO - -> Analizzando versione 9.0.2 (84/84)...
2025-11-11 05:19:44,309 - UnicodeAnalyzer - INFO - Esportando i risultati HUT per 'yargs-parser' in CSV...
2025-11-11 05:19:44,415 - UnicodeAnalyzer - INFO - Report salvati in: /app/npm_hut_results/yargs-parser
2025-11-11 05:19:44,415 - NPM_HUT_Analyzer - INFO - Pulizia cartella temporanea 'temp_hut/yargs-parser'...
2025-11-11 05:19:44,432 - NPM_HUT_Analyzer - INFO - Pulizia completata.
