2025-11-11 22:26:37,189 - NPM_HUT_Analyzer - INFO - Recupero metadata per 'url'...
2025-11-11 22:26:37,305 - NPM_HUT_Analyzer - INFO - Trovate 11 versioni. Inizio download in 'temp_hut/url'...
2025-11-11 22:26:40,797 - UnicodeAnalyzer - INFO - Analizzando 11 versioni per '*.js' in 'url'.
2025-11-11 22:26:40,798 - UnicodeAnalyzer - INFO - -> Analizzando versione 0.10.0 (1/11)...
2025-11-11 22:26:40,879 - UnicodeAnalyzer - INFO - -> Analizzando versione 0.10.1 (2/11)...
2025-11-11 22:26:40,925 - UnicodeAnalyzer - INFO - -> Analizzando versione 0.10.2 (3/11)...
2025-11-11 22:26:40,976 - UnicodeAnalyzer - INFO - -> Analizzando versione 0.10.3 (4/11)...
2025-11-11 22:26:41,028 - UnicodeAnalyzer - INFO - -> Analizzando versione 0.11.0 (5/11)...
2025-11-11 22:26:41,080 - UnicodeAnalyzer - INFO - -> Analizzando versione 0.11.1 (6/11)...
2025-11-11 22:26:41,080 - UnicodeAnalyzer - INFO - Filtrati 1 file (es. in /dist, /test).
2025-11-11 22:26:41,082 - UnicodeAnalyzer - INFO - -> Analizzando versione 0.11.2 (7/11)...
2025-11-11 22:26:41,082 - UnicodeAnalyzer - INFO - Filtrati 1 file (es. in /dist, /test).
2025-11-11 22:26:41,083 - UnicodeAnalyzer - INFO - -> Analizzando versione 0.11.3 (8/11)...
2025-11-11 22:26:41,084 - UnicodeAnalyzer - INFO - Filtrati 1 file (es. in /dist, /test).
2025-11-11 22:26:41,085 - UnicodeAnalyzer - INFO - -> Analizzando versione 0.11.4 (9/11)...
2025-11-11 22:26:41,085 - UnicodeAnalyzer - INFO - Filtrati 1 file (es. in /dist, /test).
2025-11-11 22:26:41,087 - UnicodeAnalyzer - INFO - -> Analizzando versione 0.4.9 (10/11)...
2025-11-11 22:26:41,088 - UnicodeAnalyzer - INFO - -> Analizzando versione 0.7.9 (11/11)...
2025-11-11 22:26:41,089 - UnicodeAnalyzer - INFO - Esportando i risultati HUT per 'url' in CSV...
2025-11-11 22:26:41,107 - UnicodeAnalyzer - INFO - Report salvati in: /app/npm_hut_results/url
2025-11-11 22:26:41,107 - NPM_HUT_Analyzer - INFO - Pulizia cartella temporanea 'temp_hut/url'...
2025-11-11 22:26:41,109 - NPM_HUT_Analyzer - INFO - Pulizia completata.
