2025-10-25 12:32:45,985 - NPM_Analyzer - INFO - Fetching metadata for '@babel/plugin-transform-dynamic-import'...
2025-10-25 12:32:46,063 - NPM_Analyzer - INFO - Found 35 versions. Starting download into 'temp/@babel_plugin-transform-dynamic-import'...
2025-10-25 12:33:23,004 - BlankSpaceAnalyzer - INFO - Analyzing 35 versions for '*.js' in '@babel_plugin-transform-dynamic-import'.
2025-10-25 12:33:23,004 - BlankSpaceAnalyzer - INFO - -> Analyzing version 7.22.0 (1/35)...
2025-10-25 12:33:23,005 - BlankSpaceAnalyzer - INFO - -> Analyzing version 7.22.1 (2/35)...
2025-10-25 12:33:23,006 - BlankSpaceAnalyzer - INFO - -> Analyzing version 7.22.11 (3/35)...
2025-10-25 12:33:23,008 - BlankSpaceAnalyzer - INFO - -> Analyzing version 7.22.5 (4/35)...
2025-10-25 12:33:23,009 - BlankSpaceAnalyzer - INFO - -> Analyzing version 7.23.3 (5/35)...
2025-10-25 12:33:23,010 - BlankSpaceAnalyzer - INFO - -> Analyzing version 7.23.4 (6/35)...
2025-10-25 12:33:23,011 - BlankSpaceAnalyzer - INFO - -> Analyzing version 7.24.1 (7/35)...
2025-10-25 12:33:23,012 - BlankSpaceAnalyzer - INFO - -> Analyzing version 7.24.6 (8/35)...
2025-10-25 12:33:23,013 - BlankSpaceAnalyzer - INFO - -> Analyzing version 7.24.7 (9/35)...
2025-10-25 12:33:23,014 - BlankSpaceAnalyzer - INFO - -> Analyzing version 7.25.7 (10/35)...
2025-10-25 12:33:23,015 - BlankSpaceAnalyzer - INFO - -> Analyzing version 7.25.8 (11/35)...
2025-10-25 12:33:23,017 - BlankSpaceAnalyzer - INFO - -> Analyzing version 7.25.9 (12/35)...
2025-10-25 12:33:23,018 - BlankSpaceAnalyzer - INFO - -> Analyzing version 7.27.1 (13/35)...
2025-10-25 12:33:23,019 - BlankSpaceAnalyzer - INFO - -> Analyzing version 8.0.0-alpha.0 (14/35)...
2025-10-25 12:33:23,020 - BlankSpaceAnalyzer - INFO - -> Analyzing version 8.0.0-alpha.1 (15/35)...
2025-10-25 12:33:23,021 - BlankSpaceAnalyzer - INFO - -> Analyzing version 8.0.0-alpha.10 (16/35)...
2025-10-25 12:33:23,022 - BlankSpaceAnalyzer - INFO - -> Analyzing version 8.0.0-alpha.11 (17/35)...
2025-10-25 12:33:23,023 - BlankSpaceAnalyzer - INFO - -> Analyzing version 8.0.0-alpha.12 (18/35)...
2025-10-25 12:33:23,024 - BlankSpaceAnalyzer - INFO - -> Analyzing version 8.0.0-alpha.13 (19/35)...
2025-10-25 12:33:23,026 - BlankSpaceAnalyzer - INFO - -> Analyzing version 8.0.0-alpha.14 (20/35)...
2025-10-25 12:33:23,027 - BlankSpaceAnalyzer - INFO - -> Analyzing version 8.0.0-alpha.15 (21/35)...
2025-10-25 12:33:23,028 - BlankSpaceAnalyzer - INFO - -> Analyzing version 8.0.0-alpha.16 (22/35)...
2025-10-25 12:33:23,029 - BlankSpaceAnalyzer - INFO - -> Analyzing version 8.0.0-alpha.17 (23/35)...
2025-10-25 12:33:23,029 - BlankSpaceAnalyzer - INFO - -> Analyzing version 8.0.0-alpha.2 (24/35)...
2025-10-25 12:33:23,030 - BlankSpaceAnalyzer - INFO - -> Analyzing version 8.0.0-alpha.3 (25/35)...
2025-10-25 12:33:23,031 - BlankSpaceAnalyzer - INFO - -> Analyzing version 8.0.0-alpha.4 (26/35)...
2025-10-25 12:33:23,032 - BlankSpaceAnalyzer - INFO - -> Analyzing version 8.0.0-alpha.5 (27/35)...
2025-10-25 12:33:23,033 - BlankSpaceAnalyzer - INFO - -> Analyzing version 8.0.0-alpha.6 (28/35)...
2025-10-25 12:33:23,033 - BlankSpaceAnalyzer - INFO - -> Analyzing version 8.0.0-alpha.7 (29/35)...
2025-10-25 12:33:23,034 - BlankSpaceAnalyzer - INFO - -> Analyzing version 8.0.0-alpha.8 (30/35)...
2025-10-25 12:33:23,034 - BlankSpaceAnalyzer - INFO - -> Analyzing version 8.0.0-alpha.9 (31/35)...
2025-10-25 12:33:23,035 - BlankSpaceAnalyzer - INFO - -> Analyzing version 8.0.0-beta.0 (32/35)...
2025-10-25 12:33:23,036 - BlankSpaceAnalyzer - INFO - -> Analyzing version 8.0.0-beta.1 (33/35)...
2025-10-25 12:33:23,036 - BlankSpaceAnalyzer - INFO - -> Analyzing version 8.0.0-beta.2 (34/35)...
2025-10-25 12:33:23,037 - BlankSpaceAnalyzer - INFO - -> Analyzing version 8.0.0-beta.3 (35/35)...
2025-10-25 12:33:23,038 - BlankSpaceAnalyzer - INFO - Exporting results for '@babel/plugin-transform-dynamic-import' to CSV...
2025-10-25 12:33:23,069 - BlankSpaceAnalyzer - INFO - Reports saved in: /app/npm_results/@babel_plugin-transform-dynamic-import
2025-10-25 12:33:23,070 - NPM_Analyzer - INFO - Cleaning temporary folder 'temp/@babel_plugin-transform-dynamic-import'...
2025-10-25 12:33:23,076 - NPM_Analyzer - INFO - Cleanup completed.
