2025-11-12 19:16:01,789 - NPM_HUT_Analyzer - INFO - Recupero metadata per 'fill-range'...
2025-11-12 19:16:01,979 - NPM_HUT_Analyzer - INFO - Trovate 33 versioni. Inizio download in 'temp_hut/fill-range'...
2025-11-12 19:16:23,006 - UnicodeAnalyzer - INFO - Analizzando 33 versioni per '*.js' in 'fill-range'.
2025-11-12 19:16:23,006 - UnicodeAnalyzer - INFO - -> Analizzando versione 0.1.0 (1/33)...
2025-11-12 19:16:23,065 - UnicodeAnalyzer - INFO - -> Analizzando versione 0.1.1 (2/33)...
2025-11-12 19:16:23,111 - UnicodeAnalyzer - INFO - -> Analizzando versione 0.2.0 (3/33)...
2025-11-12 19:16:23,159 - UnicodeAnalyzer - INFO - -> Analizzando versione 1.0.0 (4/33)...
2025-11-12 19:16:23,160 - UnicodeAnalyzer - INFO - Filtrati 8 file (es. in /dist, /test).
2025-11-12 19:16:23,160 - UnicodeAnalyzer - INFO - -> Analizzando versione 1.1.0 (5/33)...
2025-11-12 19:16:23,161 - UnicodeAnalyzer - INFO - Filtrati 8 file (es. in /dist, /test).
2025-11-12 19:16:23,161 - UnicodeAnalyzer - INFO - -> Analizzando versione 1.2.0 (6/33)...
2025-11-12 19:16:23,161 - UnicodeAnalyzer - INFO - Filtrati 8 file (es. in /dist, /test).
2025-11-12 19:16:23,162 - UnicodeAnalyzer - INFO - -> Analizzando versione 1.3.0 (7/33)...
2025-11-12 19:16:23,162 - UnicodeAnalyzer - INFO - Filtrati 8 file (es. in /dist, /test).
2025-11-12 19:16:23,162 - UnicodeAnalyzer - INFO - -> Analizzando versione 1.4.0 (8/33)...
2025-11-12 19:16:23,163 - UnicodeAnalyzer - INFO - Filtrati 8 file (es. in /dist, /test).
2025-11-12 19:16:23,163 - UnicodeAnalyzer - INFO - -> Analizzando versione 1.5.0 (9/33)...
2025-11-12 19:16:23,164 - UnicodeAnalyzer - INFO - -> Analizzando versione 1.6.0 (10/33)...
2025-11-12 19:16:23,164 - UnicodeAnalyzer - INFO - -> Analizzando versione 1.7.0 (11/33)...
2025-11-12 19:16:23,165 - UnicodeAnalyzer - INFO - -> Analizzando versione 1.7.1 (12/33)...
2025-11-12 19:16:23,165 - UnicodeAnalyzer - INFO - -> Analizzando versione 1.8.0 (13/33)...
2025-11-12 19:16:23,166 - UnicodeAnalyzer - INFO - -> Analizzando versione 1.9.0 (14/33)...
2025-11-12 19:16:23,166 - UnicodeAnalyzer - INFO - -> Analizzando versione 2.0.0 (15/33)...
2025-11-12 19:16:23,167 - UnicodeAnalyzer - INFO - -> Analizzando versione 2.1.0 (16/33)...
2025-11-12 19:16:23,168 - UnicodeAnalyzer - INFO - -> Analizzando versione 2.2.0 (17/33)...
2025-11-12 19:16:23,168 - UnicodeAnalyzer - INFO - -> Analizzando versione 2.2.1 (18/33)...
2025-11-12 19:16:23,169 - UnicodeAnalyzer - INFO - -> Analizzando versione 2.2.2 (19/33)...
2025-11-12 19:16:23,169 - UnicodeAnalyzer - INFO - -> Analizzando versione 2.2.3 (20/33)...
2025-11-12 19:16:23,170 - UnicodeAnalyzer - INFO - -> Analizzando versione 2.2.4 (21/33)...
2025-11-12 19:16:23,171 - UnicodeAnalyzer - INFO - -> Analizzando versione 3.0.0 (22/33)...
2025-11-12 19:16:23,171 - UnicodeAnalyzer - INFO - -> Analizzando versione 3.0.1 (23/33)...
2025-11-12 19:16:23,172 - UnicodeAnalyzer - INFO - -> Analizzando versione 3.0.2 (24/33)...
2025-11-12 19:16:23,172 - UnicodeAnalyzer - INFO - -> Analizzando versione 3.0.3 (25/33)...
2025-11-12 19:16:23,173 - UnicodeAnalyzer - INFO - -> Analizzando versione 3.1.0 (26/33)...
2025-11-12 19:16:23,173 - UnicodeAnalyzer - INFO - -> Analizzando versione 3.1.1 (27/33)...
2025-11-12 19:16:23,173 - UnicodeAnalyzer - INFO - -> Analizzando versione 4.0.0 (28/33)...
2025-11-12 19:16:23,174 - UnicodeAnalyzer - INFO - -> Analizzando versione 5.0.0 (29/33)...
2025-11-12 19:16:23,174 - UnicodeAnalyzer - INFO - -> Analizzando versione 6.0.0 (30/33)...
2025-11-12 19:16:23,175 - UnicodeAnalyzer - INFO - -> Analizzando versione 7.0.0 (31/33)...
2025-11-12 19:16:23,175 - UnicodeAnalyzer - INFO - -> Analizzando versione 7.0.1 (32/33)...
2025-11-12 19:16:23,176 - UnicodeAnalyzer - INFO - -> Analizzando versione 7.1.1 (33/33)...
2025-11-12 19:16:23,177 - UnicodeAnalyzer - INFO - Esportando i risultati HUT per 'fill-range' in CSV...
2025-11-12 19:16:23,223 - UnicodeAnalyzer - INFO - Report salvati in: /app/npm_hut_results/fill-range
2025-11-12 19:16:23,223 - NPM_HUT_Analyzer - INFO - Pulizia cartella temporanea 'temp_hut/fill-range'...
2025-11-12 19:16:23,228 - NPM_HUT_Analyzer - INFO - Pulizia completata.
