2025-11-03 05:31:23,364 - NPM_Analyzer - INFO - Fetching metadata for 'babel-plugin-import'...
2025-11-03 05:31:23,469 - NPM_Analyzer - INFO - Found 40 versions. Starting download into 'temp/babel-plugin-import'...
2025-11-03 05:31:44,564 - BlankSpaceAnalyzer - INFO - Analyzing 40 versions for '*.js' in 'babel-plugin-import'.
2025-11-03 05:31:44,564 - BlankSpaceAnalyzer - INFO - -> Analyzing version 0.0.0 (1/40)...
2025-11-03 05:31:44,565 - BlankSpaceAnalyzer - INFO - -> Analyzing version 1.0.0 (2/40)...
2025-11-03 05:31:44,682 - BlankSpaceAnalyzer - INFO - -> Analyzing version 1.0.1 (3/40)...
2025-11-03 05:31:44,771 - BlankSpaceAnalyzer - INFO - -> Analyzing version 1.1.0 (4/40)...
2025-11-03 05:31:44,860 - BlankSpaceAnalyzer - INFO - -> Analyzing version 1.1.1 (5/40)...
2025-11-03 05:31:44,950 - BlankSpaceAnalyzer - INFO - -> Analyzing version 1.10.0 (6/40)...
2025-11-03 05:31:45,040 - BlankSpaceAnalyzer - INFO - -> Analyzing version 1.11.0 (7/40)...
2025-11-03 05:31:45,130 - BlankSpaceAnalyzer - INFO - -> Analyzing version 1.11.2 (8/40)...
2025-11-03 05:31:45,221 - BlankSpaceAnalyzer - INFO - -> Analyzing version 1.12.0 (9/40)...
2025-11-03 05:31:45,310 - BlankSpaceAnalyzer - INFO - -> Analyzing version 1.12.1 (10/40)...
2025-11-03 05:31:45,400 - BlankSpaceAnalyzer - INFO - -> Analyzing version 1.12.2 (11/40)...
2025-11-03 05:31:45,489 - BlankSpaceAnalyzer - INFO - -> Analyzing version 1.13.0 (12/40)...
2025-11-03 05:31:45,578 - BlankSpaceAnalyzer - INFO - -> Analyzing version 1.13.1 (13/40)...
2025-11-03 05:31:45,668 - BlankSpaceAnalyzer - INFO - -> Analyzing version 1.13.2 (14/40)...
2025-11-03 05:31:45,758 - BlankSpaceAnalyzer - INFO - -> Analyzing version 1.13.3 (15/40)...
2025-11-03 05:31:45,848 - BlankSpaceAnalyzer - INFO - -> Analyzing version 1.13.3-beta.1 (16/40)...
2025-11-03 05:31:45,939 - BlankSpaceAnalyzer - INFO - -> Analyzing version 1.13.4 (17/40)...
2025-11-03 05:31:46,029 - BlankSpaceAnalyzer - INFO - -> Analyzing version 1.13.5 (18/40)...
2025-11-03 05:31:46,127 - BlankSpaceAnalyzer - INFO - -> Analyzing version 1.13.6 (19/40)...
2025-11-03 05:31:46,216 - BlankSpaceAnalyzer - INFO - -> Analyzing version 1.13.7 (20/40)...
2025-11-03 05:31:46,313 - BlankSpaceAnalyzer - INFO - -> Analyzing version 1.13.8 (21/40)...
2025-11-03 05:31:46,403 - BlankSpaceAnalyzer - INFO - -> Analyzing version 1.2.0 (22/40)...
2025-11-03 05:31:46,492 - BlankSpaceAnalyzer - INFO - -> Analyzing version 1.2.1 (23/40)...
2025-11-03 05:31:46,582 - BlankSpaceAnalyzer - INFO - -> Analyzing version 1.3.0 (24/40)...
2025-11-03 05:31:46,670 - BlankSpaceAnalyzer - INFO - -> Analyzing version 1.3.1 (25/40)...
2025-11-03 05:31:46,759 - BlankSpaceAnalyzer - INFO - -> Analyzing version 1.4.0 (26/40)...
2025-11-03 05:31:46,848 - BlankSpaceAnalyzer - INFO - -> Analyzing version 1.5.0 (27/40)...
2025-11-03 05:31:46,937 - BlankSpaceAnalyzer - INFO - -> Analyzing version 1.6.0 (28/40)...
2025-11-03 05:31:47,026 - BlankSpaceAnalyzer - INFO - -> Analyzing version 1.6.1 (29/40)...
2025-11-03 05:31:47,115 - BlankSpaceAnalyzer - INFO - -> Analyzing version 1.6.2 (30/40)...
2025-11-03 05:31:47,204 - BlankSpaceAnalyzer - INFO - -> Analyzing version 1.6.3 (31/40)...
2025-11-03 05:31:47,293 - BlankSpaceAnalyzer - INFO - -> Analyzing version 1.6.3-beta.1 (32/40)...
2025-11-03 05:31:47,383 - BlankSpaceAnalyzer - INFO - -> Analyzing version 1.6.4 (33/40)...
2025-11-03 05:31:47,471 - BlankSpaceAnalyzer - INFO - -> Analyzing version 1.6.5 (34/40)...
2025-11-03 05:31:47,561 - BlankSpaceAnalyzer - INFO - -> Analyzing version 1.6.6 (35/40)...
2025-11-03 05:31:47,650 - BlankSpaceAnalyzer - INFO - -> Analyzing version 1.6.7 (36/40)...
2025-11-03 05:31:47,739 - BlankSpaceAnalyzer - INFO - -> Analyzing version 1.7.0 (37/40)...
2025-11-03 05:31:47,827 - BlankSpaceAnalyzer - INFO - -> Analyzing version 1.8.0 (38/40)...
2025-11-03 05:31:47,917 - BlankSpaceAnalyzer - INFO - -> Analyzing version 1.9.0 (39/40)...
2025-11-03 05:31:48,006 - BlankSpaceAnalyzer - INFO - -> Analyzing version 1.9.1 (40/40)...
2025-11-03 05:31:48,097 - BlankSpaceAnalyzer - INFO - Exporting results for 'babel-plugin-import' to CSV...
2025-11-03 05:31:48,126 - BlankSpaceAnalyzer - INFO - Reports saved in: /app/npm_results/babel-plugin-import
2025-11-03 05:31:48,127 - NPM_Analyzer - INFO - Cleaning temporary folder 'temp/babel-plugin-import'...
2025-11-03 05:31:48,132 - NPM_Analyzer - INFO - Cleanup completed.
