2025-11-12 12:43:49,925 - NPM_HUT_Analyzer - INFO - Recupero metadata per 'stream-browserify'...
2025-11-12 12:43:50,073 - NPM_HUT_Analyzer - INFO - Trovate 14 versioni. Inizio download in 'temp_hut/stream-browserify'...
2025-11-12 12:43:56,335 - UnicodeAnalyzer - INFO - Analizzando 14 versioni per '*.js' in 'stream-browserify'.
2025-11-12 12:43:56,336 - UnicodeAnalyzer - INFO - -> Analizzando versione 0.0.0 (1/14)...
2025-11-12 12:43:56,338 - UnicodeAnalyzer - INFO - -> Analizzando versione 0.0.1 (2/14)...
2025-11-12 12:43:56,415 - UnicodeAnalyzer - INFO - -> Analizzando versione 0.0.2 (3/14)...
2025-11-12 12:43:56,462 - UnicodeAnalyzer - INFO - -> Analizzando versione 0.0.3 (4/14)...
2025-11-12 12:43:56,513 - UnicodeAnalyzer - INFO - -> Analizzando versione 0.0.4 (5/14)...
2025-11-12 12:43:56,560 - UnicodeAnalyzer - INFO - -> Analizzando versione 0.1.0 (6/14)...
2025-11-12 12:43:56,561 - UnicodeAnalyzer - INFO - Filtrati 1 file (es. in /dist, /test).
2025-11-12 12:43:56,607 - UnicodeAnalyzer - INFO - -> Analizzando versione 0.1.1 (7/14)...
2025-11-12 12:43:56,607 - UnicodeAnalyzer - INFO - Filtrati 1 file (es. in /dist, /test).
2025-11-12 12:43:56,653 - UnicodeAnalyzer - INFO - -> Analizzando versione 0.1.2 (8/14)...
2025-11-12 12:43:56,654 - UnicodeAnalyzer - INFO - Filtrati 1 file (es. in /dist, /test).
2025-11-12 12:43:56,701 - UnicodeAnalyzer - INFO - -> Analizzando versione 0.1.3 (9/14)...
2025-11-12 12:43:56,701 - UnicodeAnalyzer - INFO - Filtrati 1 file (es. in /dist, /test).
2025-11-12 12:43:56,748 - UnicodeAnalyzer - INFO - -> Analizzando versione 1.0.0 (10/14)...
2025-11-12 12:43:56,748 - UnicodeAnalyzer - INFO - Filtrati 1 file (es. in /dist, /test).
2025-11-12 12:43:56,749 - UnicodeAnalyzer - INFO - -> Analizzando versione 2.0.0 (11/14)...
2025-11-12 12:43:56,749 - UnicodeAnalyzer - INFO - Filtrati 1 file (es. in /dist, /test).
2025-11-12 12:43:56,749 - UnicodeAnalyzer - INFO - -> Analizzando versione 2.0.1 (12/14)...
2025-11-12 12:43:56,749 - UnicodeAnalyzer - INFO - Filtrati 1 file (es. in /dist, /test).
2025-11-12 12:43:56,750 - UnicodeAnalyzer - INFO - -> Analizzando versione 2.0.2 (13/14)...
2025-11-12 12:43:56,750 - UnicodeAnalyzer - INFO - Filtrati 1 file (es. in /dist, /test).
2025-11-12 12:43:56,750 - UnicodeAnalyzer - INFO - -> Analizzando versione 3.0.0 (14/14)...
2025-11-12 12:43:56,751 - UnicodeAnalyzer - INFO - Filtrati 4 file (es. in /dist, /test).
2025-11-12 12:43:56,751 - UnicodeAnalyzer - INFO - Esportando i risultati HUT per 'stream-browserify' in CSV...
2025-11-12 12:43:56,773 - UnicodeAnalyzer - INFO - Report salvati in: /app/npm_hut_results/stream-browserify
2025-11-12 12:43:56,773 - NPM_HUT_Analyzer - INFO - Pulizia cartella temporanea 'temp_hut/stream-browserify'...
2025-11-12 12:43:56,776 - NPM_HUT_Analyzer - INFO - Pulizia completata.
