2025-11-01 01:21:03,973 - NPM_Analyzer - INFO - Fetching metadata for '@opentelemetry/instrumentation-mysql2'...
2025-11-01 01:21:04,074 - NPM_Analyzer - INFO - Found 52 versions. Starting download into 'temp/@opentelemetry_instrumentation-mysql2'...
2025-11-01 01:21:48,428 - BlankSpaceAnalyzer - INFO - Analyzing 52 versions for '*.js' in '@opentelemetry_instrumentation-mysql2'.
2025-11-01 01:21:48,428 - BlankSpaceAnalyzer - INFO - -> Analyzing version 0.21.0 (1/52)...
2025-11-01 01:21:48,546 - BlankSpaceAnalyzer - INFO - -> Analyzing version 0.22.0 (2/52)...
2025-11-01 01:21:48,636 - BlankSpaceAnalyzer - INFO - -> Analyzing version 0.23.0 (3/52)...
2025-11-01 01:21:48,726 - BlankSpaceAnalyzer - INFO - -> Analyzing version 0.24.0 (4/52)...
2025-11-01 01:21:48,816 - BlankSpaceAnalyzer - INFO - -> Analyzing version 0.25.0 (5/52)...
2025-11-01 01:21:48,905 - BlankSpaceAnalyzer - INFO - -> Analyzing version 0.26.0 (6/52)...
2025-11-01 01:21:48,994 - BlankSpaceAnalyzer - INFO - -> Analyzing version 0.27.0 (7/52)...
2025-11-01 01:21:49,094 - BlankSpaceAnalyzer - INFO - -> Analyzing version 0.28.0 (8/52)...
2025-11-01 01:21:49,183 - BlankSpaceAnalyzer - INFO - -> Analyzing version 0.29.0 (9/52)...
2025-11-01 01:21:49,275 - BlankSpaceAnalyzer - INFO - -> Analyzing version 0.30.0 (10/52)...
2025-11-01 01:21:49,364 - BlankSpaceAnalyzer - INFO - -> Analyzing version 0.31.0 (11/52)...
2025-11-01 01:21:49,454 - BlankSpaceAnalyzer - INFO - -> Analyzing version 0.31.1 (12/52)...
2025-11-01 01:21:49,544 - BlankSpaceAnalyzer - INFO - -> Analyzing version 0.32.0 (13/52)...
2025-11-01 01:21:49,633 - BlankSpaceAnalyzer - INFO - -> Analyzing version 0.32.1 (14/52)...
2025-11-01 01:21:49,723 - BlankSpaceAnalyzer - INFO - -> Analyzing version 0.33.0 (15/52)...
2025-11-01 01:21:49,813 - BlankSpaceAnalyzer - INFO - -> Analyzing version 0.33.1 (16/52)...
2025-11-01 01:21:49,903 - BlankSpaceAnalyzer - INFO - -> Analyzing version 0.33.2 (17/52)...
2025-11-01 01:21:49,992 - BlankSpaceAnalyzer - INFO - -> Analyzing version 0.33.3 (18/52)...
2025-11-01 01:21:50,090 - BlankSpaceAnalyzer - INFO - -> Analyzing version 0.33.4 (19/52)...
2025-11-01 01:21:50,180 - BlankSpaceAnalyzer - INFO - -> Analyzing version 0.34.0 (20/52)...
2025-11-01 01:21:50,270 - BlankSpaceAnalyzer - INFO - -> Analyzing version 0.34.1 (21/52)...
2025-11-01 01:21:50,367 - BlankSpaceAnalyzer - INFO - -> Analyzing version 0.34.2 (22/52)...
2025-11-01 01:21:50,458 - BlankSpaceAnalyzer - INFO - -> Analyzing version 0.34.3 (23/52)...
2025-11-01 01:21:50,548 - BlankSpaceAnalyzer - INFO - -> Analyzing version 0.34.4 (24/52)...
2025-11-01 01:21:50,637 - BlankSpaceAnalyzer - INFO - -> Analyzing version 0.34.5 (25/52)...
2025-11-01 01:21:50,730 - BlankSpaceAnalyzer - INFO - -> Analyzing version 0.35.0 (26/52)...
2025-11-01 01:21:50,825 - BlankSpaceAnalyzer - INFO - -> Analyzing version 0.36.0 (27/52)...
2025-11-01 01:21:50,915 - BlankSpaceAnalyzer - INFO - -> Analyzing version 0.37.0 (28/52)...
2025-11-01 01:21:51,005 - BlankSpaceAnalyzer - INFO - -> Analyzing version 0.38.0 (29/52)...
2025-11-01 01:21:51,096 - BlankSpaceAnalyzer - INFO - -> Analyzing version 0.38.1 (30/52)...
2025-11-01 01:21:51,187 - BlankSpaceAnalyzer - INFO - -> Analyzing version 0.39.0 (31/52)...
2025-11-01 01:21:51,285 - BlankSpaceAnalyzer - INFO - -> Analyzing version 0.40.0 (32/52)...
2025-11-01 01:21:51,374 - BlankSpaceAnalyzer - INFO - -> Analyzing version 0.41.0 (33/52)...
2025-11-01 01:21:51,471 - BlankSpaceAnalyzer - INFO - -> Analyzing version 0.42.0 (34/52)...
2025-11-01 01:21:51,561 - BlankSpaceAnalyzer - INFO - -> Analyzing version 0.42.1 (35/52)...
2025-11-01 01:21:51,650 - BlankSpaceAnalyzer - INFO - -> Analyzing version 0.43.0 (36/52)...
2025-11-01 01:21:51,740 - BlankSpaceAnalyzer - INFO - -> Analyzing version 0.44.0 (37/52)...
2025-11-01 01:21:51,830 - BlankSpaceAnalyzer - INFO - -> Analyzing version 0.45.0 (38/52)...
2025-11-01 01:21:51,920 - BlankSpaceAnalyzer - INFO - -> Analyzing version 0.45.1 (39/52)...
2025-11-01 01:21:52,010 - BlankSpaceAnalyzer - INFO - -> Analyzing version 0.45.2 (40/52)...
2025-11-01 01:21:52,100 - BlankSpaceAnalyzer - INFO - -> Analyzing version 0.46.0 (41/52)...
2025-11-01 01:21:52,189 - BlankSpaceAnalyzer - INFO - -> Analyzing version 0.47.0 (42/52)...
2025-11-01 01:21:52,286 - BlankSpaceAnalyzer - INFO - -> Analyzing version 0.48.0 (43/52)...
2025-11-01 01:21:52,375 - BlankSpaceAnalyzer - INFO - -> Analyzing version 0.48.1 (44/52)...
2025-11-01 01:21:52,473 - BlankSpaceAnalyzer - INFO - -> Analyzing version 0.49.0 (45/52)...
2025-11-01 01:21:52,563 - BlankSpaceAnalyzer - INFO - -> Analyzing version 0.50.0 (46/52)...
2025-11-01 01:21:52,653 - BlankSpaceAnalyzer - INFO - -> Analyzing version 0.51.0 (47/52)...
2025-11-01 01:21:52,743 - BlankSpaceAnalyzer - INFO - -> Analyzing version 0.52.0 (48/52)...
2025-11-01 01:21:52,832 - BlankSpaceAnalyzer - INFO - -> Analyzing version 0.52.2 (49/52)...
2025-11-01 01:21:52,923 - BlankSpaceAnalyzer - INFO - -> Analyzing version 0.52.3 (50/52)...
2025-11-01 01:21:53,013 - BlankSpaceAnalyzer - INFO - -> Analyzing version 0.53.0 (51/52)...
2025-11-01 01:21:53,104 - BlankSpaceAnalyzer - INFO - -> Analyzing version 0.54.0 (52/52)...
2025-11-01 01:21:53,194 - BlankSpaceAnalyzer - INFO - Exporting results for '@opentelemetry/instrumentation-mysql2' to CSV...
2025-11-01 01:21:53,242 - BlankSpaceAnalyzer - INFO - Reports saved in: /app/npm_results/@opentelemetry_instrumentation-mysql2
2025-11-01 01:21:53,242 - NPM_Analyzer - INFO - Cleaning temporary folder 'temp/@opentelemetry_instrumentation-mysql2'...
2025-11-01 01:21:53,262 - NPM_Analyzer - INFO - Cleanup completed.
