2025-10-25 12:10:29,060 - NPM_Analyzer - INFO - Fetching metadata for '@angular/cdk'...
2025-10-25 12:10:29,363 - NPM_Analyzer - INFO - Found 620 versions. Starting download into 'temp/@angular_cdk'...
2025-10-25 12:30:48,039 - BlankSpaceAnalyzer - INFO - Analyzing 620 versions for '*.js' in '@angular_cdk'.
2025-10-25 12:30:48,040 - BlankSpaceAnalyzer - INFO - -> Analyzing version 10.0.0 (1/620)...
2025-10-25 12:30:48,119 - BlankSpaceAnalyzer - INFO - -> Analyzing version 10.0.0-next.0 (2/620)...
2025-10-25 12:30:48,194 - BlankSpaceAnalyzer - INFO - -> Analyzing version 10.0.0-next.1 (3/620)...
2025-10-25 12:30:48,267 - BlankSpaceAnalyzer - INFO - -> Analyzing version 10.0.0-next.2 (4/620)...
2025-10-25 12:30:48,341 - BlankSpaceAnalyzer - INFO - -> Analyzing version 10.0.0-rc.0 (5/620)...
2025-10-25 12:30:48,415 - BlankSpaceAnalyzer - INFO - -> Analyzing version 10.0.0-rc.1 (6/620)...
2025-10-25 12:30:48,493 - BlankSpaceAnalyzer - INFO - -> Analyzing version 10.0.0-rc.2 (7/620)...
2025-10-25 12:30:48,571 - BlankSpaceAnalyzer - INFO - -> Analyzing version 10.0.0-rc.3 (8/620)...
2025-10-25 12:30:48,650 - BlankSpaceAnalyzer - INFO - -> Analyzing version 10.0.1 (9/620)...
2025-10-25 12:30:48,730 - BlankSpaceAnalyzer - INFO - -> Analyzing version 10.0.2 (10/620)...
2025-10-25 12:30:48,810 - BlankSpaceAnalyzer - INFO - -> Analyzing version 10.1.0 (11/620)...
2025-10-25 12:30:48,892 - BlankSpaceAnalyzer - INFO - -> Analyzing version 10.1.1 (12/620)...
2025-10-25 12:30:48,971 - BlankSpaceAnalyzer - INFO - -> Analyzing version 10.1.2 (13/620)...
2025-10-25 12:30:49,051 - BlankSpaceAnalyzer - INFO - -> Analyzing version 10.1.3 (14/620)...
2025-10-25 12:30:49,125 - BlankSpaceAnalyzer - INFO - -> Analyzing version 10.2.0 (15/620)...
2025-10-25 12:30:49,201 - BlankSpaceAnalyzer - INFO - -> Analyzing version 10.2.0-rc.0 (16/620)...
2025-10-25 12:30:49,277 - BlankSpaceAnalyzer - INFO - -> Analyzing version 10.2.1 (17/620)...
2025-10-25 12:30:49,359 - BlankSpaceAnalyzer - INFO - -> Analyzing version 10.2.2 (18/620)...
2025-10-25 12:30:49,447 - BlankSpaceAnalyzer - INFO - -> Analyzing version 10.2.3 (19/620)...
2025-10-25 12:30:49,529 - BlankSpaceAnalyzer - INFO - -> Analyzing version 10.2.4 (20/620)...
2025-10-25 12:30:49,610 - BlankSpaceAnalyzer - INFO - -> Analyzing version 10.2.5 (21/620)...
2025-10-25 12:30:49,695 - BlankSpaceAnalyzer - INFO - -> Analyzing version 10.2.6 (22/620)...
2025-10-25 12:30:49,772 - BlankSpaceAnalyzer - INFO - -> Analyzing version 10.2.7 (23/620)...
2025-10-25 12:30:49,855 - BlankSpaceAnalyzer - INFO - -> Analyzing version 11.0.0 (24/620)...
2025-10-25 12:30:49,934 - BlankSpaceAnalyzer - INFO - -> Analyzing version 11.0.0-next.1 (25/620)...
2025-10-25 12:30:50,015 - BlankSpaceAnalyzer - INFO - -> Analyzing version 11.0.0-next.2 (26/620)...
2025-10-25 12:30:50,093 - BlankSpaceAnalyzer - INFO - -> Analyzing version 11.0.0-rc.0 (27/620)...
2025-10-25 12:30:50,170 - BlankSpaceAnalyzer - INFO - -> Analyzing version 11.0.0-rc.1 (28/620)...
2025-10-25 12:30:50,243 - BlankSpaceAnalyzer - INFO - -> Analyzing version 11.0.0-rc.2 (29/620)...
2025-10-25 12:30:50,323 - BlankSpaceAnalyzer - INFO - -> Analyzing version 11.0.0-rc.3 (30/620)...
2025-10-25 12:30:50,404 - BlankSpaceAnalyzer - INFO - -> Analyzing version 11.0.0-rc.4 (31/620)...
2025-10-25 12:30:50,484 - BlankSpaceAnalyzer - INFO - -> Analyzing version 11.0.1 (32/620)...
2025-10-25 12:30:50,563 - BlankSpaceAnalyzer - INFO - -> Analyzing version 11.0.2 (33/620)...
2025-10-25 12:30:50,642 - BlankSpaceAnalyzer - INFO - -> Analyzing version 11.0.3 (34/620)...
2025-10-25 12:30:50,722 - BlankSpaceAnalyzer - INFO - -> Analyzing version 11.0.4 (35/620)...
2025-10-25 12:30:50,803 - BlankSpaceAnalyzer - INFO - -> Analyzing version 11.1.0 (36/620)...
2025-10-25 12:30:50,883 - BlankSpaceAnalyzer - INFO - -> Analyzing version 11.1.0-rc.0 (37/620)...
2025-10-25 12:30:50,959 - BlankSpaceAnalyzer - INFO - -> Analyzing version 11.1.1 (38/620)...
2025-10-25 12:30:51,035 - BlankSpaceAnalyzer - INFO - -> Analyzing version 11.1.2 (39/620)...
2025-10-25 12:30:51,113 - BlankSpaceAnalyzer - INFO - -> Analyzing version 11.2.0 (40/620)...
2025-10-25 12:30:51,192 - BlankSpaceAnalyzer - INFO - -> Analyzing version 11.2.0-rc.0 (41/620)...
2025-10-25 12:30:51,274 - BlankSpaceAnalyzer - INFO - -> Analyzing version 11.2.1 (42/620)...
2025-10-25 12:30:51,346 - BlankSpaceAnalyzer - INFO - -> Analyzing version 11.2.10 (43/620)...
2025-10-25 12:30:51,424 - BlankSpaceAnalyzer - INFO - -> Analyzing version 11.2.11 (44/620)...
2025-10-25 12:30:51,504 - BlankSpaceAnalyzer - INFO - -> Analyzing version 11.2.12 (45/620)...
2025-10-25 12:30:51,587 - BlankSpaceAnalyzer - INFO - -> Analyzing version 11.2.13 (46/620)...
2025-10-25 12:30:51,666 - BlankSpaceAnalyzer - INFO - -> Analyzing version 11.2.2 (47/620)...
2025-10-25 12:30:51,751 - BlankSpaceAnalyzer - INFO - -> Analyzing version 11.2.3 (48/620)...
2025-10-25 12:30:51,830 - BlankSpaceAnalyzer - INFO - -> Analyzing version 11.2.4 (49/620)...
2025-10-25 12:30:51,908 - BlankSpaceAnalyzer - INFO - -> Analyzing version 11.2.5 (50/620)...
2025-10-25 12:30:51,988 - BlankSpaceAnalyzer - INFO - -> Analyzing version 11.2.6 (51/620)...
2025-10-25 12:30:52,070 - BlankSpaceAnalyzer - INFO - -> Analyzing version 11.2.7 (52/620)...
2025-10-25 12:30:52,148 - BlankSpaceAnalyzer - INFO - -> Analyzing version 11.2.8 (53/620)...
2025-10-25 12:30:52,222 - BlankSpaceAnalyzer - INFO - -> Analyzing version 11.2.9 (54/620)...
2025-10-25 12:30:52,300 - BlankSpaceAnalyzer - INFO - -> Analyzing version 12.0.0 (55/620)...
2025-10-25 12:30:52,379 - BlankSpaceAnalyzer - INFO - -> Analyzing version 12.0.0-next.1 (56/620)...
2025-10-25 12:30:52,458 - BlankSpaceAnalyzer - INFO - -> Analyzing version 12.0.0-next.2 (57/620)...
2025-10-25 12:30:52,538 - BlankSpaceAnalyzer - INFO - -> Analyzing version 12.0.0-next.3 (58/620)...
2025-10-25 12:30:52,621 - BlankSpaceAnalyzer - INFO - -> Analyzing version 12.0.0-next.4 (59/620)...
2025-10-25 12:30:52,699 - BlankSpaceAnalyzer - INFO - -> Analyzing version 12.0.0-next.5 (60/620)...
2025-10-25 12:30:52,778 - BlankSpaceAnalyzer - INFO - -> Analyzing version 12.0.0-next.6 (61/620)...
2025-10-25 12:30:52,850 - BlankSpaceAnalyzer - INFO - -> Analyzing version 12.0.0-next.7 (62/620)...
2025-10-25 12:30:52,924 - BlankSpaceAnalyzer - INFO - -> Analyzing version 12.0.0-rc.0 (63/620)...
2025-10-25 12:30:53,006 - BlankSpaceAnalyzer - INFO - -> Analyzing version 12.0.0-rc.1 (64/620)...
2025-10-25 12:30:53,084 - BlankSpaceAnalyzer - INFO - -> Analyzing version 12.0.0-rc.2 (65/620)...
2025-10-25 12:30:53,162 - BlankSpaceAnalyzer - INFO - -> Analyzing version 12.0.0-rc.3 (66/620)...
2025-10-25 12:30:53,236 - BlankSpaceAnalyzer - INFO - -> Analyzing version 12.0.1 (67/620)...
2025-10-25 12:30:53,318 - BlankSpaceAnalyzer - INFO - -> Analyzing version 12.0.2 (68/620)...
2025-10-25 12:30:53,397 - BlankSpaceAnalyzer - INFO - -> Analyzing version 12.0.3 (69/620)...
2025-10-25 12:30:53,473 - BlankSpaceAnalyzer - INFO - -> Analyzing version 12.0.4 (70/620)...
2025-10-25 12:30:53,549 - BlankSpaceAnalyzer - INFO - -> Analyzing version 12.0.5 (71/620)...
2025-10-25 12:30:53,624 - BlankSpaceAnalyzer - INFO - -> Analyzing version 12.0.6 (72/620)...
2025-10-25 12:30:53,703 - BlankSpaceAnalyzer - INFO - -> Analyzing version 12.1.0 (73/620)...
2025-10-25 12:30:53,779 - BlankSpaceAnalyzer - INFO - -> Analyzing version 12.1.0-next.0 (74/620)...
2025-10-25 12:30:53,852 - BlankSpaceAnalyzer - INFO - -> Analyzing version 12.1.0-next.1 (75/620)...
2025-10-25 12:30:53,928 - BlankSpaceAnalyzer - INFO - -> Analyzing version 12.1.0-rc.0 (76/620)...
2025-10-25 12:30:54,010 - BlankSpaceAnalyzer - INFO - -> Analyzing version 12.1.1 (77/620)...
2025-10-25 12:30:54,092 - BlankSpaceAnalyzer - INFO - -> Analyzing version 12.1.2 (78/620)...
2025-10-25 12:30:54,173 - BlankSpaceAnalyzer - INFO - -> Analyzing version 12.1.3 (79/620)...
2025-10-25 12:30:54,252 - BlankSpaceAnalyzer - INFO - -> Analyzing version 12.1.4 (80/620)...
2025-10-25 12:30:54,328 - BlankSpaceAnalyzer - INFO - -> Analyzing version 12.2.0 (81/620)...
2025-10-25 12:30:54,407 - BlankSpaceAnalyzer - INFO - -> Analyzing version 12.2.0-rc.0 (82/620)...
2025-10-25 12:30:54,489 - BlankSpaceAnalyzer - INFO - -> Analyzing version 12.2.1 (83/620)...
2025-10-25 12:30:54,572 - BlankSpaceAnalyzer - INFO - -> Analyzing version 12.2.10 (84/620)...
2025-10-25 12:30:54,653 - BlankSpaceAnalyzer - INFO - -> Analyzing version 12.2.11 (85/620)...
2025-10-25 12:30:54,730 - BlankSpaceAnalyzer - INFO - -> Analyzing version 12.2.12 (86/620)...
2025-10-25 12:30:54,811 - BlankSpaceAnalyzer - INFO - -> Analyzing version 12.2.13 (87/620)...
2025-10-25 12:30:54,892 - BlankSpaceAnalyzer - INFO - -> Analyzing version 12.2.2 (88/620)...
2025-10-25 12:30:54,977 - BlankSpaceAnalyzer - INFO - -> Analyzing version 12.2.3 (89/620)...
2025-10-25 12:30:55,056 - BlankSpaceAnalyzer - INFO - -> Analyzing version 12.2.4 (90/620)...
2025-10-25 12:30:55,135 - BlankSpaceAnalyzer - INFO - -> Analyzing version 12.2.5 (91/620)...
2025-10-25 12:30:55,215 - BlankSpaceAnalyzer - INFO - -> Analyzing version 12.2.6 (92/620)...
2025-10-25 12:30:55,294 - BlankSpaceAnalyzer - INFO - -> Analyzing version 12.2.7 (93/620)...
2025-10-25 12:30:55,374 - BlankSpaceAnalyzer - INFO - -> Analyzing version 12.2.8 (94/620)...
2025-10-25 12:30:55,451 - BlankSpaceAnalyzer - INFO - -> Analyzing version 12.2.9 (95/620)...
2025-10-25 12:30:55,526 - BlankSpaceAnalyzer - INFO - -> Analyzing version 13.0.0 (96/620)...
2025-10-25 12:30:55,598 - BlankSpaceAnalyzer - INFO - -> Analyzing version 13.0.0-next.0 (97/620)...
2025-10-25 12:30:55,677 - BlankSpaceAnalyzer - INFO - -> Analyzing version 13.0.0-next.1 (98/620)...
2025-10-25 12:30:55,761 - BlankSpaceAnalyzer - INFO - -> Analyzing version 13.0.0-next.2 (99/620)...
2025-10-25 12:30:55,837 - BlankSpaceAnalyzer - INFO - -> Analyzing version 13.0.0-next.3 (100/620)...
2025-10-25 12:30:55,921 - BlankSpaceAnalyzer - INFO - -> Analyzing version 13.0.0-next.4 (101/620)...
2025-10-25 12:30:55,997 - BlankSpaceAnalyzer - INFO - -> Analyzing version 13.0.0-next.5 (102/620)...
2025-10-25 12:30:56,076 - BlankSpaceAnalyzer - INFO - -> Analyzing version 13.0.0-next.6 (103/620)...
2025-10-25 12:30:56,150 - BlankSpaceAnalyzer - INFO - -> Analyzing version 13.0.0-next.7 (104/620)...
2025-10-25 12:30:56,221 - BlankSpaceAnalyzer - INFO - -> Analyzing version 13.0.0-next.8 (105/620)...
2025-10-25 12:30:56,292 - BlankSpaceAnalyzer - INFO - -> Analyzing version 13.0.0-rc.0 (106/620)...
2025-10-25 12:30:56,364 - BlankSpaceAnalyzer - INFO - -> Analyzing version 13.0.0-rc.1 (107/620)...
2025-10-25 12:30:56,440 - BlankSpaceAnalyzer - INFO - -> Analyzing version 13.0.0-rc.2 (108/620)...
2025-10-25 12:30:56,511 - BlankSpaceAnalyzer - INFO - -> Analyzing version 13.0.0-rc.3 (109/620)...
2025-10-25 12:30:56,582 - BlankSpaceAnalyzer - INFO - -> Analyzing version 13.0.1 (110/620)...
2025-10-25 12:30:56,653 - BlankSpaceAnalyzer - INFO - -> Analyzing version 13.0.2 (111/620)...
2025-10-25 12:30:56,726 - BlankSpaceAnalyzer - INFO - -> Analyzing version 13.0.3 (112/620)...
2025-10-25 12:30:56,796 - BlankSpaceAnalyzer - INFO - -> Analyzing version 13.0.4 (113/620)...
2025-10-25 12:30:56,868 - BlankSpaceAnalyzer - INFO - -> Analyzing version 13.1.0 (114/620)...
2025-10-25 12:30:56,939 - BlankSpaceAnalyzer - INFO - -> Analyzing version 13.1.0-next.0 (115/620)...
2025-10-25 12:30:57,010 - BlankSpaceAnalyzer - INFO - -> Analyzing version 13.1.0-next.1 (116/620)...
2025-10-25 12:30:57,082 - BlankSpaceAnalyzer - INFO - -> Analyzing version 13.1.0-next.2 (117/620)...
2025-10-25 12:30:57,156 - BlankSpaceAnalyzer - INFO - -> Analyzing version 13.1.0-next.3 (118/620)...
2025-10-25 12:30:57,227 - BlankSpaceAnalyzer - INFO - -> Analyzing version 13.1.0-rc.0 (119/620)...
2025-10-25 12:30:57,299 - BlankSpaceAnalyzer - INFO - -> Analyzing version 13.1.1 (120/620)...
2025-10-25 12:30:57,372 - BlankSpaceAnalyzer - INFO - -> Analyzing version 13.1.2 (121/620)...
2025-10-25 12:30:57,443 - BlankSpaceAnalyzer - INFO - -> Analyzing version 13.1.3 (122/620)...
2025-10-25 12:30:57,514 - BlankSpaceAnalyzer - INFO - -> Analyzing version 13.2.0 (123/620)...
2025-10-25 12:30:57,587 - BlankSpaceAnalyzer - INFO - -> Analyzing version 13.2.0-next.0 (124/620)...
2025-10-25 12:30:57,659 - BlankSpaceAnalyzer - INFO - -> Analyzing version 13.2.0-next.1 (125/620)...
2025-10-25 12:30:57,730 - BlankSpaceAnalyzer - INFO - -> Analyzing version 13.2.0-rc.0 (126/620)...
2025-10-25 12:30:57,800 - BlankSpaceAnalyzer - INFO - -> Analyzing version 13.2.1 (127/620)...
2025-10-25 12:30:57,871 - BlankSpaceAnalyzer - INFO - -> Analyzing version 13.2.2 (128/620)...
2025-10-25 12:30:57,945 - BlankSpaceAnalyzer - INFO - -> Analyzing version 13.2.3 (129/620)...
2025-10-25 12:30:58,016 - BlankSpaceAnalyzer - INFO - -> Analyzing version 13.2.4 (130/620)...
2025-10-25 12:30:58,086 - BlankSpaceAnalyzer - INFO - -> Analyzing version 13.2.5 (131/620)...
2025-10-25 12:30:58,159 - BlankSpaceAnalyzer - INFO - -> Analyzing version 13.2.6 (132/620)...
2025-10-25 12:30:58,236 - BlankSpaceAnalyzer - INFO - -> Analyzing version 13.3.0 (133/620)...
2025-10-25 12:30:58,306 - BlankSpaceAnalyzer - INFO - -> Analyzing version 13.3.1 (134/620)...
2025-10-25 12:30:58,377 - BlankSpaceAnalyzer - INFO - -> Analyzing version 13.3.2 (135/620)...
2025-10-25 12:30:58,448 - BlankSpaceAnalyzer - INFO - -> Analyzing version 13.3.3 (136/620)...
2025-10-25 12:30:58,523 - BlankSpaceAnalyzer - INFO - -> Analyzing version 13.3.4 (137/620)...
2025-10-25 12:30:58,593 - BlankSpaceAnalyzer - INFO - -> Analyzing version 13.3.5 (138/620)...
2025-10-25 12:30:58,665 - BlankSpaceAnalyzer - INFO - -> Analyzing version 13.3.6 (139/620)...
2025-10-25 12:30:58,736 - BlankSpaceAnalyzer - INFO - -> Analyzing version 13.3.7 (140/620)...
2025-10-25 12:30:58,806 - BlankSpaceAnalyzer - INFO - -> Analyzing version 13.3.8 (141/620)...
2025-10-25 12:30:58,876 - BlankSpaceAnalyzer - INFO - -> Analyzing version 13.3.9 (142/620)...
2025-10-25 12:30:58,948 - BlankSpaceAnalyzer - INFO - -> Analyzing version 14.0.0 (143/620)...
2025-10-25 12:30:59,019 - BlankSpaceAnalyzer - INFO - -> Analyzing version 14.0.0-next.0 (144/620)...
2025-10-25 12:30:59,093 - BlankSpaceAnalyzer - INFO - -> Analyzing version 14.0.0-next.1 (145/620)...
2025-10-25 12:30:59,162 - BlankSpaceAnalyzer - INFO - -> Analyzing version 14.0.0-next.10 (146/620)...
2025-10-25 12:30:59,233 - BlankSpaceAnalyzer - INFO - -> Analyzing version 14.0.0-next.11 (147/620)...
2025-10-25 12:30:59,309 - BlankSpaceAnalyzer - INFO - -> Analyzing version 14.0.0-next.12 (148/620)...
2025-10-25 12:30:59,380 - BlankSpaceAnalyzer - INFO - -> Analyzing version 14.0.0-next.13 (149/620)...
2025-10-25 12:30:59,453 - BlankSpaceAnalyzer - INFO - -> Analyzing version 14.0.0-next.2 (150/620)...
2025-10-25 12:30:59,525 - BlankSpaceAnalyzer - INFO - -> Analyzing version 14.0.0-next.3 (151/620)...
2025-10-25 12:30:59,596 - BlankSpaceAnalyzer - INFO - -> Analyzing version 14.0.0-next.4 (152/620)...
2025-10-25 12:30:59,670 - BlankSpaceAnalyzer - INFO - -> Analyzing version 14.0.0-next.5 (153/620)...
2025-10-25 12:30:59,741 - BlankSpaceAnalyzer - INFO - -> Analyzing version 14.0.0-next.6 (154/620)...
2025-10-25 12:30:59,807 - BlankSpaceAnalyzer - INFO - -> Analyzing version 14.0.0-next.7 (155/620)...
2025-10-25 12:30:59,877 - BlankSpaceAnalyzer - INFO - -> Analyzing version 14.0.0-next.8 (156/620)...
2025-10-25 12:30:59,947 - BlankSpaceAnalyzer - INFO - -> Analyzing version 14.0.0-next.9 (157/620)...
2025-10-25 12:31:00,018 - BlankSpaceAnalyzer - INFO - -> Analyzing version 14.0.0-rc.0 (158/620)...
2025-10-25 12:31:00,092 - BlankSpaceAnalyzer - INFO - -> Analyzing version 14.0.0-rc.1 (159/620)...
2025-10-25 12:31:00,162 - BlankSpaceAnalyzer - INFO - -> Analyzing version 14.0.0-rc.2 (160/620)...
2025-10-25 12:31:00,234 - BlankSpaceAnalyzer - INFO - -> Analyzing version 14.0.1 (161/620)...
2025-10-25 12:31:00,305 - BlankSpaceAnalyzer - INFO - -> Analyzing version 14.0.2 (162/620)...
2025-10-25 12:31:00,377 - BlankSpaceAnalyzer - INFO - -> Analyzing version 14.0.3 (163/620)...
2025-10-25 12:31:00,450 - BlankSpaceAnalyzer - INFO - -> Analyzing version 14.0.4 (164/620)...
2025-10-25 12:31:00,526 - BlankSpaceAnalyzer - INFO - -> Analyzing version 14.0.5 (165/620)...
2025-10-25 12:31:00,596 - BlankSpaceAnalyzer - INFO - -> Analyzing version 14.0.6 (166/620)...
2025-10-25 12:31:00,666 - BlankSpaceAnalyzer - INFO - -> Analyzing version 14.1.0 (167/620)...
2025-10-25 12:31:00,736 - BlankSpaceAnalyzer - INFO - -> Analyzing version 14.1.0-next.0 (168/620)...
2025-10-25 12:31:00,807 - BlankSpaceAnalyzer - INFO - -> Analyzing version 14.1.0-next.1 (169/620)...
2025-10-25 12:31:00,877 - BlankSpaceAnalyzer - INFO - -> Analyzing version 14.1.0-next.2 (170/620)...
2025-10-25 12:31:00,946 - BlankSpaceAnalyzer - INFO - -> Analyzing version 14.1.0-next.3 (171/620)...
2025-10-25 12:31:01,011 - BlankSpaceAnalyzer - INFO - -> Analyzing version 14.1.0-rc.0 (172/620)...
2025-10-25 12:31:01,080 - BlankSpaceAnalyzer - INFO - -> Analyzing version 14.1.1 (173/620)...
2025-10-25 12:31:01,150 - BlankSpaceAnalyzer - INFO - -> Analyzing version 14.1.2 (174/620)...
2025-10-25 12:31:01,214 - BlankSpaceAnalyzer - INFO - -> Analyzing version 14.1.3 (175/620)...
2025-10-25 12:31:01,285 - BlankSpaceAnalyzer - INFO - -> Analyzing version 14.2.0 (176/620)...
2025-10-25 12:31:01,356 - BlankSpaceAnalyzer - INFO - -> Analyzing version 14.2.0-next.1 (177/620)...
2025-10-25 12:31:01,427 - BlankSpaceAnalyzer - INFO - -> Analyzing version 14.2.0-next.2 (178/620)...
2025-10-25 12:31:01,497 - BlankSpaceAnalyzer - INFO - -> Analyzing version 14.2.0-rc.0 (179/620)...
2025-10-25 12:31:01,568 - BlankSpaceAnalyzer - INFO - -> Analyzing version 14.2.1 (180/620)...
2025-10-25 12:31:01,638 - BlankSpaceAnalyzer - INFO - -> Analyzing version 14.2.2 (181/620)...
2025-10-25 12:31:01,708 - BlankSpaceAnalyzer - INFO - -> Analyzing version 14.2.3 (182/620)...
2025-10-25 12:31:01,778 - BlankSpaceAnalyzer - INFO - -> Analyzing version 14.2.4 (183/620)...
2025-10-25 12:31:01,848 - BlankSpaceAnalyzer - INFO - -> Analyzing version 14.2.5 (184/620)...
2025-10-25 12:31:01,919 - BlankSpaceAnalyzer - INFO - -> Analyzing version 14.2.6 (185/620)...
2025-10-25 12:31:01,989 - BlankSpaceAnalyzer - INFO - -> Analyzing version 14.2.7 (186/620)...
2025-10-25 12:31:02,061 - BlankSpaceAnalyzer - INFO - -> Analyzing version 15.0.0 (187/620)...
2025-10-25 12:31:02,131 - BlankSpaceAnalyzer - INFO - -> Analyzing version 15.0.0-next.0 (188/620)...
2025-10-25 12:31:02,202 - BlankSpaceAnalyzer - INFO - -> Analyzing version 15.0.0-next.1 (189/620)...
2025-10-25 12:31:02,275 - BlankSpaceAnalyzer - INFO - -> Analyzing version 15.0.0-next.2 (190/620)...
2025-10-25 12:31:02,345 - BlankSpaceAnalyzer - INFO - -> Analyzing version 15.0.0-next.3 (191/620)...
2025-10-25 12:31:02,416 - BlankSpaceAnalyzer - INFO - -> Analyzing version 15.0.0-next.4 (192/620)...
2025-10-25 12:31:02,488 - BlankSpaceAnalyzer - INFO - -> Analyzing version 15.0.0-next.5 (193/620)...
2025-10-25 12:31:02,559 - BlankSpaceAnalyzer - INFO - -> Analyzing version 15.0.0-rc.0 (194/620)...
2025-10-25 12:31:02,629 - BlankSpaceAnalyzer - INFO - -> Analyzing version 15.0.0-rc.1 (195/620)...
2025-10-25 12:31:02,700 - BlankSpaceAnalyzer - INFO - -> Analyzing version 15.0.0-rc.2 (196/620)...
2025-10-25 12:31:02,771 - BlankSpaceAnalyzer - INFO - -> Analyzing version 15.0.0-rc.3 (197/620)...
2025-10-25 12:31:02,843 - BlankSpaceAnalyzer - INFO - -> Analyzing version 15.0.1 (198/620)...
2025-10-25 12:31:02,908 - BlankSpaceAnalyzer - INFO - -> Analyzing version 15.0.2 (199/620)...
2025-10-25 12:31:02,982 - BlankSpaceAnalyzer - INFO - -> Analyzing version 15.0.3 (200/620)...
2025-10-25 12:31:03,054 - BlankSpaceAnalyzer - INFO - -> Analyzing version 15.0.4 (201/620)...
2025-10-25 12:31:03,129 - BlankSpaceAnalyzer - INFO - -> Analyzing version 15.1.0 (202/620)...
2025-10-25 12:31:03,199 - BlankSpaceAnalyzer - INFO - -> Analyzing version 15.1.0-next.0 (203/620)...
2025-10-25 12:31:03,271 - BlankSpaceAnalyzer - INFO - -> Analyzing version 15.1.0-next.1 (204/620)...
2025-10-25 12:31:03,342 - BlankSpaceAnalyzer - INFO - -> Analyzing version 15.1.0-next.2 (205/620)...
2025-10-25 12:31:03,412 - BlankSpaceAnalyzer - INFO - -> Analyzing version 15.1.0-rc.0 (206/620)...
2025-10-25 12:31:03,483 - BlankSpaceAnalyzer - INFO - -> Analyzing version 15.1.1 (207/620)...
2025-10-25 12:31:03,553 - BlankSpaceAnalyzer - INFO - -> Analyzing version 15.1.2 (208/620)...
2025-10-25 12:31:03,623 - BlankSpaceAnalyzer - INFO - -> Analyzing version 15.1.3 (209/620)...
2025-10-25 12:31:03,693 - BlankSpaceAnalyzer - INFO - -> Analyzing version 15.1.4 (210/620)...
2025-10-25 12:31:03,767 - BlankSpaceAnalyzer - INFO - -> Analyzing version 15.1.5 (211/620)...
2025-10-25 12:31:03,836 - BlankSpaceAnalyzer - INFO - -> Analyzing version 15.1.6 (212/620)...
2025-10-25 12:31:03,907 - BlankSpaceAnalyzer - INFO - -> Analyzing version 15.2.0 (213/620)...
2025-10-25 12:31:03,981 - BlankSpaceAnalyzer - INFO - -> Analyzing version 15.2.0-next.0 (214/620)...
2025-10-25 12:31:04,051 - BlankSpaceAnalyzer - INFO - -> Analyzing version 15.2.0-next.1 (215/620)...
2025-10-25 12:31:04,125 - BlankSpaceAnalyzer - INFO - -> Analyzing version 15.2.0-next.2 (216/620)...
2025-10-25 12:31:04,195 - BlankSpaceAnalyzer - INFO - -> Analyzing version 15.2.0-next.3 (217/620)...
2025-10-25 12:31:04,266 - BlankSpaceAnalyzer - INFO - -> Analyzing version 15.2.0-next.4 (218/620)...
2025-10-25 12:31:04,338 - BlankSpaceAnalyzer - INFO - -> Analyzing version 15.2.0-rc.0 (219/620)...
2025-10-25 12:31:04,409 - BlankSpaceAnalyzer - INFO - -> Analyzing version 15.2.1 (220/620)...
2025-10-25 12:31:04,479 - BlankSpaceAnalyzer - INFO - -> Analyzing version 15.2.2 (221/620)...
2025-10-25 12:31:04,551 - BlankSpaceAnalyzer - INFO - -> Analyzing version 15.2.3 (222/620)...
2025-10-25 12:31:04,623 - BlankSpaceAnalyzer - INFO - -> Analyzing version 15.2.4 (223/620)...
2025-10-25 12:31:04,696 - BlankSpaceAnalyzer - INFO - -> Analyzing version 15.2.5 (224/620)...
2025-10-25 12:31:04,769 - BlankSpaceAnalyzer - INFO - -> Analyzing version 15.2.6 (225/620)...
2025-10-25 12:31:04,840 - BlankSpaceAnalyzer - INFO - -> Analyzing version 15.2.7 (226/620)...
2025-10-25 12:31:04,914 - BlankSpaceAnalyzer - INFO - -> Analyzing version 15.2.8 (227/620)...
2025-10-25 12:31:04,984 - BlankSpaceAnalyzer - INFO - -> Analyzing version 15.2.9 (228/620)...
2025-10-25 12:31:05,054 - BlankSpaceAnalyzer - INFO - -> Analyzing version 16.0.0 (229/620)...
2025-10-25 12:31:05,117 - BlankSpaceAnalyzer - INFO - -> Analyzing version 16.0.0-next.0 (230/620)...
2025-10-25 12:31:05,188 - BlankSpaceAnalyzer - INFO - -> Analyzing version 16.0.0-next.1 (231/620)...
2025-10-25 12:31:05,261 - BlankSpaceAnalyzer - INFO - -> Analyzing version 16.0.0-next.2 (232/620)...
2025-10-25 12:31:05,331 - BlankSpaceAnalyzer - INFO - -> Analyzing version 16.0.0-next.3 (233/620)...
2025-10-25 12:31:05,401 - BlankSpaceAnalyzer - INFO - -> Analyzing version 16.0.0-next.4 (234/620)...
2025-10-25 12:31:05,473 - BlankSpaceAnalyzer - INFO - -> Analyzing version 16.0.0-next.5 (235/620)...
2025-10-25 12:31:05,547 - BlankSpaceAnalyzer - INFO - -> Analyzing version 16.0.0-rc.0 (236/620)...
2025-10-25 12:31:05,617 - BlankSpaceAnalyzer - INFO - -> Analyzing version 16.0.0-rc.1 (237/620)...
2025-10-25 12:31:05,688 - BlankSpaceAnalyzer - INFO - -> Analyzing version 16.0.0-rc.2 (238/620)...
2025-10-25 12:31:05,757 - BlankSpaceAnalyzer - INFO - -> Analyzing version 16.0.1 (239/620)...
2025-10-25 12:31:05,822 - BlankSpaceAnalyzer - INFO - -> Analyzing version 16.0.2 (240/620)...
2025-10-25 12:31:05,894 - BlankSpaceAnalyzer - INFO - -> Analyzing version 16.0.3 (241/620)...
2025-10-25 12:31:05,966 - BlankSpaceAnalyzer - INFO - -> Analyzing version 16.0.4 (242/620)...
2025-10-25 12:31:06,035 - BlankSpaceAnalyzer - INFO - -> Analyzing version 16.1.0 (243/620)...
2025-10-25 12:31:06,106 - BlankSpaceAnalyzer - INFO - -> Analyzing version 16.1.0-next.0 (244/620)...
2025-10-25 12:31:06,176 - BlankSpaceAnalyzer - INFO - -> Analyzing version 16.1.0-next.1 (245/620)...
2025-10-25 12:31:06,245 - BlankSpaceAnalyzer - INFO - -> Analyzing version 16.1.0-next.2 (246/620)...
2025-10-25 12:31:06,310 - BlankSpaceAnalyzer - INFO - -> Analyzing version 16.1.0-rc.0 (247/620)...
2025-10-25 12:31:06,380 - BlankSpaceAnalyzer - INFO - -> Analyzing version 16.1.1 (248/620)...
2025-10-25 12:31:06,450 - BlankSpaceAnalyzer - INFO - -> Analyzing version 16.1.2 (249/620)...
2025-10-25 12:31:06,523 - BlankSpaceAnalyzer - INFO - -> Analyzing version 16.1.3 (250/620)...
2025-10-25 12:31:06,595 - BlankSpaceAnalyzer - INFO - -> Analyzing version 16.1.4 (251/620)...
2025-10-25 12:31:06,665 - BlankSpaceAnalyzer - INFO - -> Analyzing version 16.1.5 (252/620)...
2025-10-25 12:31:06,735 - BlankSpaceAnalyzer - INFO - -> Analyzing version 16.1.6 (253/620)...
2025-10-25 12:31:06,805 - BlankSpaceAnalyzer - INFO - -> Analyzing version 16.1.7 (254/620)...
2025-10-25 12:31:06,876 - BlankSpaceAnalyzer - INFO - -> Analyzing version 16.1.8 (255/620)...
2025-10-25 12:31:06,946 - BlankSpaceAnalyzer - INFO - -> Analyzing version 16.2.0 (256/620)...
2025-10-25 12:31:07,010 - BlankSpaceAnalyzer - INFO - -> Analyzing version 16.2.0-next.0 (257/620)...
2025-10-25 12:31:07,082 - BlankSpaceAnalyzer - INFO - -> Analyzing version 16.2.0-next.1 (258/620)...
2025-10-25 12:31:07,151 - BlankSpaceAnalyzer - INFO - -> Analyzing version 16.2.0-next.2 (259/620)...
2025-10-25 12:31:07,215 - BlankSpaceAnalyzer - INFO - -> Analyzing version 16.2.0-next.3 (260/620)...
2025-10-25 12:31:07,286 - BlankSpaceAnalyzer - INFO - -> Analyzing version 16.2.0-next.4 (261/620)...
2025-10-25 12:31:07,356 - BlankSpaceAnalyzer - INFO - -> Analyzing version 16.2.0-next.5 (262/620)...
2025-10-25 12:31:07,427 - BlankSpaceAnalyzer - INFO - -> Analyzing version 16.2.0-rc.0 (263/620)...
2025-10-25 12:31:07,497 - BlankSpaceAnalyzer - INFO - -> Analyzing version 16.2.1 (264/620)...
2025-10-25 12:31:07,568 - BlankSpaceAnalyzer - INFO - -> Analyzing version 16.2.10 (265/620)...
2025-10-25 12:31:07,638 - BlankSpaceAnalyzer - INFO - -> Analyzing version 16.2.11 (266/620)...
2025-10-25 12:31:07,709 - BlankSpaceAnalyzer - INFO - -> Analyzing version 16.2.12 (267/620)...
2025-10-25 12:31:07,781 - BlankSpaceAnalyzer - INFO - -> Analyzing version 16.2.13 (268/620)...
2025-10-25 12:31:07,851 - BlankSpaceAnalyzer - INFO - -> Analyzing version 16.2.14 (269/620)...
2025-10-25 12:31:07,922 - BlankSpaceAnalyzer - INFO - -> Analyzing version 16.2.2 (270/620)...
2025-10-25 12:31:07,993 - BlankSpaceAnalyzer - INFO - -> Analyzing version 16.2.3 (271/620)...
2025-10-25 12:31:08,062 - BlankSpaceAnalyzer - INFO - -> Analyzing version 16.2.4 (272/620)...
2025-10-25 12:31:08,129 - BlankSpaceAnalyzer - INFO - -> Analyzing version 16.2.5 (273/620)...
2025-10-25 12:31:08,200 - BlankSpaceAnalyzer - INFO - -> Analyzing version 16.2.6 (274/620)...
2025-10-25 12:31:08,270 - BlankSpaceAnalyzer - INFO - -> Analyzing version 16.2.7 (275/620)...
2025-10-25 12:31:08,341 - BlankSpaceAnalyzer - INFO - -> Analyzing version 16.2.8 (276/620)...
2025-10-25 12:31:08,411 - BlankSpaceAnalyzer - INFO - -> Analyzing version 16.2.9 (277/620)...
2025-10-25 12:31:08,482 - BlankSpaceAnalyzer - INFO - -> Analyzing version 17.0.0 (278/620)...
2025-10-25 12:31:08,553 - BlankSpaceAnalyzer - INFO - -> Analyzing version 17.0.0-next.0 (279/620)...
2025-10-25 12:31:08,623 - BlankSpaceAnalyzer - INFO - -> Analyzing version 17.0.0-next.1 (280/620)...
2025-10-25 12:31:08,694 - BlankSpaceAnalyzer - INFO - -> Analyzing version 17.0.0-next.2 (281/620)...
2025-10-25 12:31:08,765 - BlankSpaceAnalyzer - INFO - -> Analyzing version 17.0.0-next.3 (282/620)...
2025-10-25 12:31:08,837 - BlankSpaceAnalyzer - INFO - -> Analyzing version 17.0.0-next.4 (283/620)...
2025-10-25 12:31:08,907 - BlankSpaceAnalyzer - INFO - -> Analyzing version 17.0.0-next.5 (284/620)...
2025-10-25 12:31:08,978 - BlankSpaceAnalyzer - INFO - -> Analyzing version 17.0.0-next.6 (285/620)...
2025-10-25 12:31:09,049 - BlankSpaceAnalyzer - INFO - -> Analyzing version 17.0.0-next.7 (286/620)...
2025-10-25 12:31:09,119 - BlankSpaceAnalyzer - INFO - -> Analyzing version 17.0.0-rc.0 (287/620)...
2025-10-25 12:31:09,188 - BlankSpaceAnalyzer - INFO - -> Analyzing version 17.0.0-rc.1 (288/620)...
2025-10-25 12:31:09,258 - BlankSpaceAnalyzer - INFO - -> Analyzing version 17.0.0-rc.2 (289/620)...
2025-10-25 12:31:09,328 - BlankSpaceAnalyzer - INFO - -> Analyzing version 17.0.0-rc.3 (290/620)...
2025-10-25 12:31:09,399 - BlankSpaceAnalyzer - INFO - -> Analyzing version 17.0.1 (291/620)...
2025-10-25 12:31:09,470 - BlankSpaceAnalyzer - INFO - -> Analyzing version 17.0.2 (292/620)...
2025-10-25 12:31:09,541 - BlankSpaceAnalyzer - INFO - -> Analyzing version 17.0.3 (293/620)...
2025-10-25 12:31:09,611 - BlankSpaceAnalyzer - INFO - -> Analyzing version 17.0.4 (294/620)...
2025-10-25 12:31:09,682 - BlankSpaceAnalyzer - INFO - -> Analyzing version 17.0.5 (295/620)...
2025-10-25 12:31:09,752 - BlankSpaceAnalyzer - INFO - -> Analyzing version 17.0.6 (296/620)...
2025-10-25 12:31:09,821 - BlankSpaceAnalyzer - INFO - -> Analyzing version 17.1.0 (297/620)...
2025-10-25 12:31:09,901 - BlankSpaceAnalyzer - INFO - -> Analyzing version 17.1.0-next.0 (298/620)...
2025-10-25 12:31:09,971 - BlankSpaceAnalyzer - INFO - -> Analyzing version 17.1.0-next.1 (299/620)...
2025-10-25 12:31:10,041 - BlankSpaceAnalyzer - INFO - -> Analyzing version 17.1.0-next.2 (300/620)...
2025-10-25 12:31:10,106 - BlankSpaceAnalyzer - INFO - -> Analyzing version 17.1.0-next.3 (301/620)...
2025-10-25 12:31:10,175 - BlankSpaceAnalyzer - INFO - -> Analyzing version 17.1.0-rc.0 (302/620)...
2025-10-25 12:31:10,246 - BlankSpaceAnalyzer - INFO - -> Analyzing version 17.1.1 (303/620)...
2025-10-25 12:31:10,316 - BlankSpaceAnalyzer - INFO - -> Analyzing version 17.1.2 (304/620)...
2025-10-25 12:31:10,386 - BlankSpaceAnalyzer - INFO - -> Analyzing version 17.2.0 (305/620)...
2025-10-25 12:31:10,457 - BlankSpaceAnalyzer - INFO - -> Analyzing version 17.2.0-next.0 (306/620)...
2025-10-25 12:31:10,527 - BlankSpaceAnalyzer - INFO - -> Analyzing version 17.2.0-next.1 (307/620)...
2025-10-25 12:31:10,599 - BlankSpaceAnalyzer - INFO - -> Analyzing version 17.2.0-rc.0 (308/620)...
2025-10-25 12:31:10,668 - BlankSpaceAnalyzer - INFO - -> Analyzing version 17.2.1 (309/620)...
2025-10-25 12:31:10,738 - BlankSpaceAnalyzer - INFO - -> Analyzing version 17.2.2 (310/620)...
2025-10-25 12:31:10,808 - BlankSpaceAnalyzer - INFO - -> Analyzing version 17.3.0 (311/620)...
2025-10-25 12:31:10,880 - BlankSpaceAnalyzer - INFO - -> Analyzing version 17.3.0-next.0 (312/620)...
2025-10-25 12:31:10,955 - BlankSpaceAnalyzer - INFO - -> Analyzing version 17.3.0-rc.0 (313/620)...
2025-10-25 12:31:11,025 - BlankSpaceAnalyzer - INFO - -> Analyzing version 17.3.1 (314/620)...
2025-10-25 12:31:11,096 - BlankSpaceAnalyzer - INFO - -> Analyzing version 17.3.10 (315/620)...
2025-10-25 12:31:11,166 - BlankSpaceAnalyzer - INFO - -> Analyzing version 17.3.2 (316/620)...
2025-10-25 12:31:11,236 - BlankSpaceAnalyzer - INFO - -> Analyzing version 17.3.3 (317/620)...
2025-10-25 12:31:11,307 - BlankSpaceAnalyzer - INFO - -> Analyzing version 17.3.4 (318/620)...
2025-10-25 12:31:11,377 - BlankSpaceAnalyzer - INFO - -> Analyzing version 17.3.5 (319/620)...
2025-10-25 12:31:11,447 - BlankSpaceAnalyzer - INFO - -> Analyzing version 17.3.6 (320/620)...
2025-10-25 12:31:11,518 - BlankSpaceAnalyzer - INFO - -> Analyzing version 17.3.7 (321/620)...
2025-10-25 12:31:11,589 - BlankSpaceAnalyzer - INFO - -> Analyzing version 17.3.8 (322/620)...
2025-10-25 12:31:11,660 - BlankSpaceAnalyzer - INFO - -> Analyzing version 17.3.9 (323/620)...
2025-10-25 12:31:11,729 - BlankSpaceAnalyzer - INFO - -> Analyzing version 18.0.0 (324/620)...
2025-10-25 12:31:11,800 - BlankSpaceAnalyzer - INFO - -> Analyzing version 18.0.0-next.0 (325/620)...
2025-10-25 12:31:11,871 - BlankSpaceAnalyzer - INFO - -> Analyzing version 18.0.0-next.1 (326/620)...
2025-10-25 12:31:11,943 - BlankSpaceAnalyzer - INFO - -> Analyzing version 18.0.0-next.2 (327/620)...
2025-10-25 12:31:12,013 - BlankSpaceAnalyzer - INFO - -> Analyzing version 18.0.0-next.3 (328/620)...
2025-10-25 12:31:12,084 - BlankSpaceAnalyzer - INFO - -> Analyzing version 18.0.0-next.4 (329/620)...
2025-10-25 12:31:12,155 - BlankSpaceAnalyzer - INFO - -> Analyzing version 18.0.0-next.5 (330/620)...
2025-10-25 12:31:12,225 - BlankSpaceAnalyzer - INFO - -> Analyzing version 18.0.0-next.6 (331/620)...
2025-10-25 12:31:12,296 - BlankSpaceAnalyzer - INFO - -> Analyzing version 18.0.0-rc.0 (332/620)...
2025-10-25 12:31:12,367 - BlankSpaceAnalyzer - INFO - -> Analyzing version 18.0.0-rc.1 (333/620)...
2025-10-25 12:31:12,438 - BlankSpaceAnalyzer - INFO - -> Analyzing version 18.0.0-rc.2 (334/620)...
2025-10-25 12:31:12,510 - BlankSpaceAnalyzer - INFO - -> Analyzing version 18.0.0-rc.3 (335/620)...
2025-10-25 12:31:12,582 - BlankSpaceAnalyzer - INFO - -> Analyzing version 18.0.1 (336/620)...
2025-10-25 12:31:12,652 - BlankSpaceAnalyzer - INFO - -> Analyzing version 18.0.2 (337/620)...
2025-10-25 12:31:12,722 - BlankSpaceAnalyzer - INFO - -> Analyzing version 18.0.3 (338/620)...
2025-10-25 12:31:12,793 - BlankSpaceAnalyzer - INFO - -> Analyzing version 18.0.4 (339/620)...
2025-10-25 12:31:12,863 - BlankSpaceAnalyzer - INFO - -> Analyzing version 18.0.5 (340/620)...
2025-10-25 12:31:12,932 - BlankSpaceAnalyzer - INFO - -> Analyzing version 18.0.6 (341/620)...
2025-10-25 12:31:13,003 - BlankSpaceAnalyzer - INFO - -> Analyzing version 18.1.0 (342/620)...
2025-10-25 12:31:13,073 - BlankSpaceAnalyzer - INFO - -> Analyzing version 18.1.0-next.0 (343/620)...
2025-10-25 12:31:13,143 - BlankSpaceAnalyzer - INFO - -> Analyzing version 18.1.0-next.1 (344/620)...
2025-10-25 12:31:13,210 - BlankSpaceAnalyzer - INFO - -> Analyzing version 18.1.0-next.2 (345/620)...
2025-10-25 12:31:13,279 - BlankSpaceAnalyzer - INFO - -> Analyzing version 18.1.0-next.3 (346/620)...
2025-10-25 12:31:13,349 - BlankSpaceAnalyzer - INFO - -> Analyzing version 18.1.0-next.4 (347/620)...
2025-10-25 12:31:13,420 - BlankSpaceAnalyzer - INFO - -> Analyzing version 18.1.0-rc.0 (348/620)...
2025-10-25 12:31:13,494 - BlankSpaceAnalyzer - INFO - -> Analyzing version 18.1.1 (349/620)...
2025-10-25 12:31:13,564 - BlankSpaceAnalyzer - INFO - -> Analyzing version 18.1.2 (350/620)...
2025-10-25 12:31:13,636 - BlankSpaceAnalyzer - INFO - -> Analyzing version 18.1.3 (351/620)...
2025-10-25 12:31:13,706 - BlankSpaceAnalyzer - INFO - -> Analyzing version 18.1.4 (352/620)...
2025-10-25 12:31:13,778 - BlankSpaceAnalyzer - INFO - -> Analyzing version 18.1.5 (353/620)...
2025-10-25 12:31:13,849 - BlankSpaceAnalyzer - INFO - -> Analyzing version 18.2.0 (354/620)...
2025-10-25 12:31:13,921 - BlankSpaceAnalyzer - INFO - -> Analyzing version 18.2.0-next.0 (355/620)...
2025-10-25 12:31:13,993 - BlankSpaceAnalyzer - INFO - -> Analyzing version 18.2.0-next.1 (356/620)...
2025-10-25 12:31:14,069 - BlankSpaceAnalyzer - INFO - -> Analyzing version 18.2.0-next.2 (357/620)...
2025-10-25 12:31:14,138 - BlankSpaceAnalyzer - INFO - -> Analyzing version 18.2.0-next.3 (358/620)...
2025-10-25 12:31:14,209 - BlankSpaceAnalyzer - INFO - -> Analyzing version 18.2.0-rc.0 (359/620)...
2025-10-25 12:31:14,279 - BlankSpaceAnalyzer - INFO - -> Analyzing version 18.2.1 (360/620)...
2025-10-25 12:31:14,349 - BlankSpaceAnalyzer - INFO - -> Analyzing version 18.2.10 (361/620)...
2025-10-25 12:31:14,417 - BlankSpaceAnalyzer - INFO - -> Analyzing version 18.2.11 (362/620)...
2025-10-25 12:31:14,488 - BlankSpaceAnalyzer - INFO - -> Analyzing version 18.2.12 (363/620)...
2025-10-25 12:31:14,559 - BlankSpaceAnalyzer - INFO - -> Analyzing version 18.2.13 (364/620)...
2025-10-25 12:31:14,631 - BlankSpaceAnalyzer - INFO - -> Analyzing version 18.2.14 (365/620)...
2025-10-25 12:31:14,705 - BlankSpaceAnalyzer - INFO - -> Analyzing version 18.2.2 (366/620)...
2025-10-25 12:31:14,778 - BlankSpaceAnalyzer - INFO - -> Analyzing version 18.2.3 (367/620)...
2025-10-25 12:31:14,848 - BlankSpaceAnalyzer - INFO - -> Analyzing version 18.2.4 (368/620)...
2025-10-25 12:31:14,912 - BlankSpaceAnalyzer - INFO - -> Analyzing version 18.2.5 (369/620)...
2025-10-25 12:31:14,989 - BlankSpaceAnalyzer - INFO - -> Analyzing version 18.2.6 (370/620)...
2025-10-25 12:31:15,062 - BlankSpaceAnalyzer - INFO - -> Analyzing version 18.2.7 (371/620)...
2025-10-25 12:31:15,132 - BlankSpaceAnalyzer - INFO - -> Analyzing version 18.2.8 (372/620)...
2025-10-25 12:31:15,202 - BlankSpaceAnalyzer - INFO - -> Analyzing version 18.2.9 (373/620)...
2025-10-25 12:31:15,272 - BlankSpaceAnalyzer - INFO - -> Analyzing version 19.0.0 (374/620)...
2025-10-25 12:31:15,340 - BlankSpaceAnalyzer - INFO - -> Analyzing version 19.0.0-next.0 (375/620)...
2025-10-25 12:31:15,406 - BlankSpaceAnalyzer - INFO - -> Analyzing version 19.0.0-next.1 (376/620)...
2025-10-25 12:31:15,478 - BlankSpaceAnalyzer - INFO - -> Analyzing version 19.0.0-next.10 (377/620)...
2025-10-25 12:31:15,547 - BlankSpaceAnalyzer - INFO - -> Analyzing version 19.0.0-next.2 (378/620)...
2025-10-25 12:31:15,610 - BlankSpaceAnalyzer - INFO - -> Analyzing version 19.0.0-next.3 (379/620)...
2025-10-25 12:31:15,682 - BlankSpaceAnalyzer - INFO - -> Analyzing version 19.0.0-next.4 (380/620)...
2025-10-25 12:31:15,750 - BlankSpaceAnalyzer - INFO - -> Analyzing version 19.0.0-next.5 (381/620)...
2025-10-25 12:31:15,820 - BlankSpaceAnalyzer - INFO - -> Analyzing version 19.0.0-next.6 (382/620)...
2025-10-25 12:31:15,889 - BlankSpaceAnalyzer - INFO - -> Analyzing version 19.0.0-next.7 (383/620)...
2025-10-25 12:31:15,957 - BlankSpaceAnalyzer - INFO - -> Analyzing version 19.0.0-next.8 (384/620)...
2025-10-25 12:31:16,027 - BlankSpaceAnalyzer - INFO - -> Analyzing version 19.0.0-next.9 (385/620)...
2025-10-25 12:31:16,095 - BlankSpaceAnalyzer - INFO - -> Analyzing version 19.0.0-rc.0 (386/620)...
2025-10-25 12:31:16,165 - BlankSpaceAnalyzer - INFO - -> Analyzing version 19.0.0-rc.1 (387/620)...
2025-10-25 12:31:16,235 - BlankSpaceAnalyzer - INFO - -> Analyzing version 19.0.0-rc.2 (388/620)...
2025-10-25 12:31:16,303 - BlankSpaceAnalyzer - INFO - -> Analyzing version 19.0.0-rc.3 (389/620)...
2025-10-25 12:31:16,372 - BlankSpaceAnalyzer - INFO - -> Analyzing version 19.0.1 (390/620)...
2025-10-25 12:31:16,442 - BlankSpaceAnalyzer - INFO - -> Analyzing version 19.0.2 (391/620)...
2025-10-25 12:31:16,512 - BlankSpaceAnalyzer - INFO - -> Analyzing version 19.0.3 (392/620)...
2025-10-25 12:31:16,581 - BlankSpaceAnalyzer - INFO - -> Analyzing version 19.0.4 (393/620)...
2025-10-25 12:31:16,651 - BlankSpaceAnalyzer - INFO - -> Analyzing version 19.0.5 (394/620)...
2025-10-25 12:31:16,717 - BlankSpaceAnalyzer - INFO - -> Analyzing version 19.1.0 (395/620)...
2025-10-25 12:31:16,787 - BlankSpaceAnalyzer - INFO - -> Analyzing version 19.1.0-next.0 (396/620)...
2025-10-25 12:31:16,855 - BlankSpaceAnalyzer - INFO - -> Analyzing version 19.1.0-next.1 (397/620)...
2025-10-25 12:31:16,923 - BlankSpaceAnalyzer - INFO - -> Analyzing version 19.1.0-next.2 (398/620)...
2025-10-25 12:31:16,996 - BlankSpaceAnalyzer - INFO - -> Analyzing version 19.1.0-next.3 (399/620)...
2025-10-25 12:31:17,067 - BlankSpaceAnalyzer - INFO - -> Analyzing version 19.1.0-rc.0 (400/620)...
2025-10-25 12:31:17,135 - BlankSpaceAnalyzer - INFO - -> Analyzing version 19.1.1 (401/620)...
2025-10-25 12:31:17,207 - BlankSpaceAnalyzer - INFO - -> Analyzing version 19.1.2 (402/620)...
2025-10-25 12:31:17,275 - BlankSpaceAnalyzer - INFO - -> Analyzing version 19.1.3 (403/620)...
2025-10-25 12:31:17,343 - BlankSpaceAnalyzer - INFO - -> Analyzing version 19.1.4 (404/620)...
2025-10-25 12:31:17,412 - BlankSpaceAnalyzer - INFO - -> Analyzing version 19.1.5 (405/620)...
2025-10-25 12:31:17,480 - BlankSpaceAnalyzer - INFO - -> Analyzing version 19.2.0 (406/620)...
2025-10-25 12:31:17,549 - BlankSpaceAnalyzer - INFO - -> Analyzing version 19.2.0-next.0 (407/620)...
2025-10-25 12:31:17,619 - BlankSpaceAnalyzer - INFO - -> Analyzing version 19.2.0-next.1 (408/620)...
2025-10-25 12:31:17,687 - BlankSpaceAnalyzer - INFO - -> Analyzing version 19.2.0-next.2 (409/620)...
2025-10-25 12:31:17,755 - BlankSpaceAnalyzer - INFO - -> Analyzing version 19.2.0-next.3 (410/620)...
2025-10-25 12:31:17,824 - BlankSpaceAnalyzer - INFO - -> Analyzing version 19.2.0-next.4 (411/620)...
2025-10-25 12:31:17,894 - BlankSpaceAnalyzer - INFO - -> Analyzing version 19.2.0-rc.0 (412/620)...
2025-10-25 12:31:17,964 - BlankSpaceAnalyzer - INFO - -> Analyzing version 19.2.1 (413/620)...
2025-10-25 12:31:18,032 - BlankSpaceAnalyzer - INFO - -> Analyzing version 19.2.10 (414/620)...
2025-10-25 12:31:18,101 - BlankSpaceAnalyzer - INFO - -> Analyzing version 19.2.11 (415/620)...
2025-10-25 12:31:18,168 - BlankSpaceAnalyzer - INFO - -> Analyzing version 19.2.12 (416/620)...
2025-10-25 12:31:18,244 - BlankSpaceAnalyzer - INFO - -> Analyzing version 19.2.13 (417/620)...
2025-10-25 12:31:18,317 - BlankSpaceAnalyzer - INFO - -> Analyzing version 19.2.14 (418/620)...
2025-10-25 12:31:18,384 - BlankSpaceAnalyzer - INFO - -> Analyzing version 19.2.15 (419/620)...
2025-10-25 12:31:18,453 - BlankSpaceAnalyzer - INFO - -> Analyzing version 19.2.16 (420/620)...
2025-10-25 12:31:18,581 - BlankSpaceAnalyzer - INFO - -> Analyzing version 19.2.17 (421/620)...
2025-10-25 12:31:18,648 - BlankSpaceAnalyzer - INFO - -> Analyzing version 19.2.18 (422/620)...
2025-10-25 12:31:18,711 - BlankSpaceAnalyzer - INFO - -> Analyzing version 19.2.19 (423/620)...
2025-10-25 12:31:18,779 - BlankSpaceAnalyzer - INFO - -> Analyzing version 19.2.2 (424/620)...
2025-10-25 12:31:18,849 - BlankSpaceAnalyzer - INFO - -> Analyzing version 19.2.3 (425/620)...
2025-10-25 12:31:18,916 - BlankSpaceAnalyzer - INFO - -> Analyzing version 19.2.4 (426/620)...
2025-10-25 12:31:18,984 - BlankSpaceAnalyzer - INFO - -> Analyzing version 19.2.5 (427/620)...
2025-10-25 12:31:19,052 - BlankSpaceAnalyzer - INFO - -> Analyzing version 19.2.6 (428/620)...
2025-10-25 12:31:19,121 - BlankSpaceAnalyzer - INFO - -> Analyzing version 19.2.7 (429/620)...
2025-10-25 12:31:19,188 - BlankSpaceAnalyzer - INFO - -> Analyzing version 19.2.8 (430/620)...
2025-10-25 12:31:19,255 - BlankSpaceAnalyzer - INFO - -> Analyzing version 19.2.9 (431/620)...
2025-10-25 12:31:19,321 - BlankSpaceAnalyzer - INFO - -> Analyzing version 2.0.0-beta.10 (432/620)...
2025-10-25 12:31:19,389 - BlankSpaceAnalyzer - INFO - -> Analyzing version 2.0.0-beta.11 (433/620)...
2025-10-25 12:31:19,458 - BlankSpaceAnalyzer - INFO - -> Analyzing version 2.0.0-beta.12 (434/620)...
2025-10-25 12:31:19,526 - BlankSpaceAnalyzer - INFO - -> Analyzing version 2.0.0-beta.8 (435/620)...
2025-10-25 12:31:19,587 - BlankSpaceAnalyzer - INFO - -> Analyzing version 2.0.0-beta.9 (436/620)...
2025-10-25 12:31:19,650 - BlankSpaceAnalyzer - INFO - -> Analyzing version 20.0.0 (437/620)...
2025-10-25 12:31:19,717 - BlankSpaceAnalyzer - INFO - -> Analyzing version 20.0.0-next.0 (438/620)...
2025-10-25 12:31:19,785 - BlankSpaceAnalyzer - INFO - -> Analyzing version 20.0.0-next.1 (439/620)...
2025-10-25 12:31:19,853 - BlankSpaceAnalyzer - INFO - -> Analyzing version 20.0.0-next.10 (440/620)...
2025-10-25 12:31:19,922 - BlankSpaceAnalyzer - INFO - -> Analyzing version 20.0.0-next.2 (441/620)...
2025-10-25 12:31:19,989 - BlankSpaceAnalyzer - INFO - -> Analyzing version 20.0.0-next.3 (442/620)...
2025-10-25 12:31:20,060 - BlankSpaceAnalyzer - INFO - -> Analyzing version 20.0.0-next.4 (443/620)...
2025-10-25 12:31:20,133 - BlankSpaceAnalyzer - INFO - -> Analyzing version 20.0.0-next.5 (444/620)...
2025-10-25 12:31:20,207 - BlankSpaceAnalyzer - INFO - -> Analyzing version 20.0.0-next.6 (445/620)...
2025-10-25 12:31:20,274 - BlankSpaceAnalyzer - INFO - -> Analyzing version 20.0.0-next.7 (446/620)...
2025-10-25 12:31:20,342 - BlankSpaceAnalyzer - INFO - -> Analyzing version 20.0.0-next.8 (447/620)...
2025-10-25 12:31:20,410 - BlankSpaceAnalyzer - INFO - -> Analyzing version 20.0.0-next.9 (448/620)...
2025-10-25 12:31:20,478 - BlankSpaceAnalyzer - INFO - -> Analyzing version 20.0.0-rc.0 (449/620)...
2025-10-25 12:31:20,545 - BlankSpaceAnalyzer - INFO - -> Analyzing version 20.0.0-rc.1 (450/620)...
2025-10-25 12:31:20,608 - BlankSpaceAnalyzer - INFO - -> Analyzing version 20.0.0-rc.2 (451/620)...
2025-10-25 12:31:20,678 - BlankSpaceAnalyzer - INFO - -> Analyzing version 20.0.1 (452/620)...
2025-10-25 12:31:20,744 - BlankSpaceAnalyzer - INFO - -> Analyzing version 20.0.2 (453/620)...
2025-10-25 12:31:20,805 - BlankSpaceAnalyzer - INFO - -> Analyzing version 20.0.3 (454/620)...
2025-10-25 12:31:20,871 - BlankSpaceAnalyzer - INFO - -> Analyzing version 20.0.4 (455/620)...
2025-10-25 12:31:20,939 - BlankSpaceAnalyzer - INFO - -> Analyzing version 20.0.5 (456/620)...
2025-10-25 12:31:21,006 - BlankSpaceAnalyzer - INFO - -> Analyzing version 20.0.6 (457/620)...
2025-10-25 12:31:21,075 - BlankSpaceAnalyzer - INFO - -> Analyzing version 20.1.0 (458/620)...
2025-10-25 12:31:21,142 - BlankSpaceAnalyzer - INFO - -> Analyzing version 20.1.0-next.0 (459/620)...
2025-10-25 12:31:21,210 - BlankSpaceAnalyzer - INFO - -> Analyzing version 20.1.0-next.1 (460/620)...
2025-10-25 12:31:21,277 - BlankSpaceAnalyzer - INFO - -> Analyzing version 20.1.0-next.2 (461/620)...
2025-10-25 12:31:21,345 - BlankSpaceAnalyzer - INFO - -> Analyzing version 20.1.0-rc.0 (462/620)...
2025-10-25 12:31:21,415 - BlankSpaceAnalyzer - INFO - -> Analyzing version 20.1.1 (463/620)...
2025-10-25 12:31:21,485 - BlankSpaceAnalyzer - INFO - -> Analyzing version 20.1.2 (464/620)...
2025-10-25 12:31:21,554 - BlankSpaceAnalyzer - INFO - -> Analyzing version 20.1.3 (465/620)...
2025-10-25 12:31:21,620 - BlankSpaceAnalyzer - INFO - -> Analyzing version 20.1.4 (466/620)...
2025-10-25 12:31:21,688 - BlankSpaceAnalyzer - INFO - -> Analyzing version 20.1.5 (467/620)...
2025-10-25 12:31:21,754 - BlankSpaceAnalyzer - INFO - -> Analyzing version 20.1.6 (468/620)...
2025-10-25 12:31:21,814 - BlankSpaceAnalyzer - INFO - -> Analyzing version 20.1.7 (469/620)...
2025-10-25 12:31:21,882 - BlankSpaceAnalyzer - INFO - -> Analyzing version 20.2.0 (470/620)...
2025-10-25 12:31:21,954 - BlankSpaceAnalyzer - INFO - -> Analyzing version 20.2.0-next.0 (471/620)...
2025-10-25 12:31:22,021 - BlankSpaceAnalyzer - INFO - -> Analyzing version 20.2.0-next.1 (472/620)...
2025-10-25 12:31:22,088 - BlankSpaceAnalyzer - INFO - -> Analyzing version 20.2.0-next.2 (473/620)...
2025-10-25 12:31:22,154 - BlankSpaceAnalyzer - INFO - -> Analyzing version 20.2.0-next.3 (474/620)...
2025-10-25 12:31:22,216 - BlankSpaceAnalyzer - INFO - -> Analyzing version 20.2.0-rc.0 (475/620)...
2025-10-25 12:31:22,284 - BlankSpaceAnalyzer - INFO - -> Analyzing version 20.2.1 (476/620)...
2025-10-25 12:31:22,352 - BlankSpaceAnalyzer - INFO - -> Analyzing version 20.2.10 (477/620)...
2025-10-25 12:31:22,420 - BlankSpaceAnalyzer - INFO - -> Analyzing version 20.2.2 (478/620)...
2025-10-25 12:31:22,488 - BlankSpaceAnalyzer - INFO - -> Analyzing version 20.2.3 (479/620)...
2025-10-25 12:31:22,557 - BlankSpaceAnalyzer - INFO - -> Analyzing version 20.2.4 (480/620)...
2025-10-25 12:31:22,624 - BlankSpaceAnalyzer - INFO - -> Analyzing version 20.2.5 (481/620)...
2025-10-25 12:31:22,692 - BlankSpaceAnalyzer - INFO - -> Analyzing version 20.2.6 (482/620)...
2025-10-25 12:31:22,760 - BlankSpaceAnalyzer - INFO - -> Analyzing version 20.2.7 (483/620)...
2025-10-25 12:31:22,828 - BlankSpaceAnalyzer - INFO - -> Analyzing version 20.2.8 (484/620)...
2025-10-25 12:31:22,896 - BlankSpaceAnalyzer - INFO - -> Analyzing version 20.2.9 (485/620)...
2025-10-25 12:31:22,963 - BlankSpaceAnalyzer - INFO - -> Analyzing version 21.0.0-next.0 (486/620)...
2025-10-25 12:31:23,033 - BlankSpaceAnalyzer - INFO - -> Analyzing version 21.0.0-next.1 (487/620)...
2025-10-25 12:31:23,107 - BlankSpaceAnalyzer - INFO - -> Analyzing version 21.0.0-next.10 (488/620)...
2025-10-25 12:31:23,175 - BlankSpaceAnalyzer - INFO - -> Analyzing version 21.0.0-next.2 (489/620)...
2025-10-25 12:31:23,243 - BlankSpaceAnalyzer - INFO - -> Analyzing version 21.0.0-next.3 (490/620)...
2025-10-25 12:31:23,312 - BlankSpaceAnalyzer - INFO - -> Analyzing version 21.0.0-next.4 (491/620)...
2025-10-25 12:31:23,379 - BlankSpaceAnalyzer - INFO - -> Analyzing version 21.0.0-next.5 (492/620)...
2025-10-25 12:31:23,448 - BlankSpaceAnalyzer - INFO - -> Analyzing version 21.0.0-next.6 (493/620)...
2025-10-25 12:31:23,518 - BlankSpaceAnalyzer - INFO - -> Analyzing version 21.0.0-next.8 (494/620)...
2025-10-25 12:31:23,584 - BlankSpaceAnalyzer - INFO - -> Analyzing version 21.0.0-next.9 (495/620)...
2025-10-25 12:31:23,657 - BlankSpaceAnalyzer - INFO - -> Analyzing version 5.0.0 (496/620)...
2025-10-25 12:31:23,725 - BlankSpaceAnalyzer - INFO - -> Analyzing version 5.0.0-rc.0 (497/620)...
2025-10-25 12:31:23,795 - BlankSpaceAnalyzer - INFO - -> Analyzing version 5.0.0-rc.1 (498/620)...
2025-10-25 12:31:23,866 - BlankSpaceAnalyzer - INFO - -> Analyzing version 5.0.0-rc.2 (499/620)...
2025-10-25 12:31:23,937 - BlankSpaceAnalyzer - INFO - -> Analyzing version 5.0.0-rc.3 (500/620)...
2025-10-25 12:31:24,005 - BlankSpaceAnalyzer - INFO - -> Analyzing version 5.0.0-rc0 (501/620)...
2025-10-25 12:31:24,075 - BlankSpaceAnalyzer - INFO - -> Analyzing version 5.0.1 (502/620)...
2025-10-25 12:31:24,146 - BlankSpaceAnalyzer - INFO - -> Analyzing version 5.0.2 (503/620)...
2025-10-25 12:31:24,211 - BlankSpaceAnalyzer - INFO - -> Analyzing version 5.0.3 (504/620)...
2025-10-25 12:31:24,282 - BlankSpaceAnalyzer - INFO - -> Analyzing version 5.0.4 (505/620)...
2025-10-25 12:31:24,351 - BlankSpaceAnalyzer - INFO - -> Analyzing version 5.1.0 (506/620)...
2025-10-25 12:31:24,421 - BlankSpaceAnalyzer - INFO - -> Analyzing version 5.1.1 (507/620)...
2025-10-25 12:31:24,492 - BlankSpaceAnalyzer - INFO - -> Analyzing version 5.2.0 (508/620)...
2025-10-25 12:31:24,565 - BlankSpaceAnalyzer - INFO - -> Analyzing version 5.2.0-beta.0 (509/620)...
2025-10-25 12:31:24,636 - BlankSpaceAnalyzer - INFO - -> Analyzing version 5.2.1 (510/620)...
2025-10-25 12:31:24,707 - BlankSpaceAnalyzer - INFO - -> Analyzing version 5.2.2 (511/620)...
2025-10-25 12:31:24,777 - BlankSpaceAnalyzer - INFO - -> Analyzing version 5.2.3 (512/620)...
2025-10-25 12:31:24,847 - BlankSpaceAnalyzer - INFO - -> Analyzing version 5.2.4 (513/620)...
2025-10-25 12:31:24,911 - BlankSpaceAnalyzer - INFO - -> Analyzing version 5.2.5 (514/620)...
2025-10-25 12:31:24,985 - BlankSpaceAnalyzer - INFO - -> Analyzing version 6.0.0 (515/620)...
2025-10-25 12:31:25,058 - BlankSpaceAnalyzer - INFO - -> Analyzing version 6.0.0-beta-0 (516/620)...
2025-10-25 12:31:25,129 - BlankSpaceAnalyzer - INFO - -> Analyzing version 6.0.0-beta.1 (517/620)...
2025-10-25 12:31:25,199 - BlankSpaceAnalyzer - INFO - -> Analyzing version 6.0.0-beta.2 (518/620)...
2025-10-25 12:31:25,273 - BlankSpaceAnalyzer - INFO - -> Analyzing version 6.0.0-beta.3 (519/620)...
2025-10-25 12:31:25,347 - BlankSpaceAnalyzer - INFO - -> Analyzing version 6.0.0-beta.4 (520/620)...
2025-10-25 12:31:25,419 - BlankSpaceAnalyzer - INFO - -> Analyzing version 6.0.0-beta.5 (521/620)...
2025-10-25 12:31:25,491 - BlankSpaceAnalyzer - INFO - -> Analyzing version 6.0.0-rc.0 (522/620)...
2025-10-25 12:31:25,562 - BlankSpaceAnalyzer - INFO - -> Analyzing version 6.0.0-rc.1 (523/620)...
2025-10-25 12:31:25,635 - BlankSpaceAnalyzer - INFO - -> Analyzing version 6.0.0-rc.10 (524/620)...
2025-10-25 12:31:25,706 - BlankSpaceAnalyzer - INFO - -> Analyzing version 6.0.0-rc.11 (525/620)...
2025-10-25 12:31:25,779 - BlankSpaceAnalyzer - INFO - -> Analyzing version 6.0.0-rc.12 (526/620)...
2025-10-25 12:31:25,850 - BlankSpaceAnalyzer - INFO - -> Analyzing version 6.0.0-rc.13 (527/620)...
2025-10-25 12:31:25,917 - BlankSpaceAnalyzer - INFO - -> Analyzing version 6.0.0-rc.14 (528/620)...
2025-10-25 12:31:25,989 - BlankSpaceAnalyzer - INFO - -> Analyzing version 6.0.0-rc.2 (529/620)...
2025-10-25 12:31:26,062 - BlankSpaceAnalyzer - INFO - -> Analyzing version 6.0.0-rc.3 (530/620)...
2025-10-25 12:31:26,134 - BlankSpaceAnalyzer - INFO - -> Analyzing version 6.0.0-rc.4 (531/620)...
2025-10-25 12:31:26,206 - BlankSpaceAnalyzer - INFO - -> Analyzing version 6.0.0-rc.5 (532/620)...
2025-10-25 12:31:26,278 - BlankSpaceAnalyzer - INFO - -> Analyzing version 6.0.0-rc.6 (533/620)...
2025-10-25 12:31:26,349 - BlankSpaceAnalyzer - INFO - -> Analyzing version 6.0.0-rc.7 (534/620)...
2025-10-25 12:31:26,416 - BlankSpaceAnalyzer - INFO - -> Analyzing version 6.0.0-rc.8 (535/620)...
2025-10-25 12:31:26,488 - BlankSpaceAnalyzer - INFO - -> Analyzing version 6.0.0-rc.9 (536/620)...
2025-10-25 12:31:26,560 - BlankSpaceAnalyzer - INFO - -> Analyzing version 6.0.1 (537/620)...
2025-10-25 12:31:26,631 - BlankSpaceAnalyzer - INFO - -> Analyzing version 6.0.2 (538/620)...
2025-10-25 12:31:26,704 - BlankSpaceAnalyzer - INFO - -> Analyzing version 6.1.0 (539/620)...
2025-10-25 12:31:26,775 - BlankSpaceAnalyzer - INFO - -> Analyzing version 6.2.0 (540/620)...
2025-10-25 12:31:26,846 - BlankSpaceAnalyzer - INFO - -> Analyzing version 6.2.1 (541/620)...
2025-10-25 12:31:26,912 - BlankSpaceAnalyzer - INFO - -> Analyzing version 6.3.0 (542/620)...
2025-10-25 12:31:26,983 - BlankSpaceAnalyzer - INFO - -> Analyzing version 6.3.1 (543/620)...
2025-10-25 12:31:27,057 - BlankSpaceAnalyzer - INFO - -> Analyzing version 6.3.2 (544/620)...
2025-10-25 12:31:27,128 - BlankSpaceAnalyzer - INFO - -> Analyzing version 6.3.3 (545/620)...
2025-10-25 12:31:27,201 - BlankSpaceAnalyzer - INFO - -> Analyzing version 6.4.0 (546/620)...
2025-10-25 12:31:27,273 - BlankSpaceAnalyzer - INFO - -> Analyzing version 6.4.1 (547/620)...
2025-10-25 12:31:27,345 - BlankSpaceAnalyzer - INFO - -> Analyzing version 6.4.2 (548/620)...
2025-10-25 12:31:27,416 - BlankSpaceAnalyzer - INFO - -> Analyzing version 6.4.3 (549/620)...
2025-10-25 12:31:27,490 - BlankSpaceAnalyzer - INFO - -> Analyzing version 6.4.5 (550/620)...
2025-10-25 12:31:27,563 - BlankSpaceAnalyzer - INFO - -> Analyzing version 6.4.6 (551/620)...
2025-10-25 12:31:27,635 - BlankSpaceAnalyzer - INFO - -> Analyzing version 6.4.7 (552/620)...
2025-10-25 12:31:27,708 - BlankSpaceAnalyzer - INFO - -> Analyzing version 7.0.0 (553/620)...
2025-10-25 12:31:27,786 - BlankSpaceAnalyzer - INFO - -> Analyzing version 7.0.0-beta.0 (554/620)...
2025-10-25 12:31:27,859 - BlankSpaceAnalyzer - INFO - -> Analyzing version 7.0.0-beta.1 (555/620)...
2025-10-25 12:31:27,935 - BlankSpaceAnalyzer - INFO - -> Analyzing version 7.0.0-beta.2 (556/620)...
2025-10-25 12:31:28,008 - BlankSpaceAnalyzer - INFO - -> Analyzing version 7.0.0-rc.0 (557/620)...
2025-10-25 12:31:28,083 - BlankSpaceAnalyzer - INFO - -> Analyzing version 7.0.0-rc.1 (558/620)...
2025-10-25 12:31:28,159 - BlankSpaceAnalyzer - INFO - -> Analyzing version 7.0.0-rc.2 (559/620)...
2025-10-25 12:31:28,235 - BlankSpaceAnalyzer - INFO - -> Analyzing version 7.0.1 (560/620)...
2025-10-25 12:31:28,312 - BlankSpaceAnalyzer - INFO - -> Analyzing version 7.0.2 (561/620)...
2025-10-25 12:31:28,388 - BlankSpaceAnalyzer - INFO - -> Analyzing version 7.0.3 (562/620)...
2025-10-25 12:31:28,461 - BlankSpaceAnalyzer - INFO - -> Analyzing version 7.0.4 (563/620)...
2025-10-25 12:31:28,531 - BlankSpaceAnalyzer - INFO - -> Analyzing version 7.1.0 (564/620)...
2025-10-25 12:31:28,609 - BlankSpaceAnalyzer - INFO - -> Analyzing version 7.1.1 (565/620)...
2025-10-25 12:31:28,684 - BlankSpaceAnalyzer - INFO - -> Analyzing version 7.2.0 (566/620)...
2025-10-25 12:31:28,760 - BlankSpaceAnalyzer - INFO - -> Analyzing version 7.2.1 (567/620)...
2025-10-25 12:31:28,838 - BlankSpaceAnalyzer - INFO - -> Analyzing version 7.2.2 (568/620)...
2025-10-25 12:31:28,914 - BlankSpaceAnalyzer - INFO - -> Analyzing version 7.3.0 (569/620)...
2025-10-25 12:31:28,990 - BlankSpaceAnalyzer - INFO - -> Analyzing version 7.3.1 (570/620)...
2025-10-25 12:31:29,066 - BlankSpaceAnalyzer - INFO - -> Analyzing version 7.3.2 (571/620)...
2025-10-25 12:31:29,143 - BlankSpaceAnalyzer - INFO - -> Analyzing version 7.3.3 (572/620)...
2025-10-25 12:31:29,214 - BlankSpaceAnalyzer - INFO - -> Analyzing version 7.3.4 (573/620)...
2025-10-25 12:31:29,289 - BlankSpaceAnalyzer - INFO - -> Analyzing version 7.3.5 (574/620)...
2025-10-25 12:31:29,363 - BlankSpaceAnalyzer - INFO - -> Analyzing version 7.3.6 (575/620)...
2025-10-25 12:31:29,437 - BlankSpaceAnalyzer - INFO - -> Analyzing version 7.3.7 (576/620)...
2025-10-25 12:31:29,514 - BlankSpaceAnalyzer - INFO - -> Analyzing version 8.0.0 (577/620)...
2025-10-25 12:31:29,591 - BlankSpaceAnalyzer - INFO - -> Analyzing version 8.0.0-beta.0 (578/620)...
2025-10-25 12:31:29,666 - BlankSpaceAnalyzer - INFO - -> Analyzing version 8.0.0-beta.1 (579/620)...
2025-10-25 12:31:29,737 - BlankSpaceAnalyzer - INFO - -> Analyzing version 8.0.0-beta.2 (580/620)...
2025-10-25 12:31:29,813 - BlankSpaceAnalyzer - INFO - -> Analyzing version 8.0.0-rc.0 (581/620)...
2025-10-25 12:31:29,890 - BlankSpaceAnalyzer - INFO - -> Analyzing version 8.0.0-rc.1 (582/620)...
2025-10-25 12:31:29,963 - BlankSpaceAnalyzer - INFO - -> Analyzing version 8.0.0-rc.2 (583/620)...
2025-10-25 12:31:30,036 - BlankSpaceAnalyzer - INFO - -> Analyzing version 8.0.1 (584/620)...
2025-10-25 12:31:30,113 - BlankSpaceAnalyzer - INFO - -> Analyzing version 8.0.2 (585/620)...
2025-10-25 12:31:30,189 - BlankSpaceAnalyzer - INFO - -> Analyzing version 8.1.0 (586/620)...
2025-10-25 12:31:30,267 - BlankSpaceAnalyzer - INFO - -> Analyzing version 8.1.1 (587/620)...
2025-10-25 12:31:30,344 - BlankSpaceAnalyzer - INFO - -> Analyzing version 8.1.2 (588/620)...
2025-10-25 12:31:30,421 - BlankSpaceAnalyzer - INFO - -> Analyzing version 8.1.3 (589/620)...
2025-10-25 12:31:30,496 - BlankSpaceAnalyzer - INFO - -> Analyzing version 8.1.4 (590/620)...
2025-10-25 12:31:30,568 - BlankSpaceAnalyzer - INFO - -> Analyzing version 8.2.0 (591/620)...
2025-10-25 12:31:30,644 - BlankSpaceAnalyzer - INFO - -> Analyzing version 8.2.1 (592/620)...
2025-10-25 12:31:30,721 - BlankSpaceAnalyzer - INFO - -> Analyzing version 8.2.2 (593/620)...
2025-10-25 12:31:30,798 - BlankSpaceAnalyzer - INFO - -> Analyzing version 8.2.3 (594/620)...
2025-10-25 12:31:30,877 - BlankSpaceAnalyzer - INFO - -> Analyzing version 9.0.0 (595/620)...
2025-10-25 12:31:30,962 - BlankSpaceAnalyzer - INFO - -> Analyzing version 9.0.0-next.0 (596/620)...
2025-10-25 12:31:31,047 - BlankSpaceAnalyzer - INFO - -> Analyzing version 9.0.0-next.1 (597/620)...
2025-10-25 12:31:31,121 - BlankSpaceAnalyzer - INFO - -> Analyzing version 9.0.0-next.2 (598/620)...
2025-10-25 12:31:31,206 - BlankSpaceAnalyzer - INFO - -> Analyzing version 9.0.0-rc.0 (599/620)...
2025-10-25 12:31:31,283 - BlankSpaceAnalyzer - INFO - -> Analyzing version 9.0.0-rc.1 (600/620)...
2025-10-25 12:31:31,361 - BlankSpaceAnalyzer - INFO - -> Analyzing version 9.0.0-rc.10 (601/620)...
2025-10-25 12:31:31,448 - BlankSpaceAnalyzer - INFO - -> Analyzing version 9.0.0-rc.2 (602/620)...
2025-10-25 12:31:31,533 - BlankSpaceAnalyzer - INFO - -> Analyzing version 9.0.0-rc.3 (603/620)...
2025-10-25 12:31:31,615 - BlankSpaceAnalyzer - INFO - -> Analyzing version 9.0.0-rc.4 (604/620)...
2025-10-25 12:31:31,700 - BlankSpaceAnalyzer - INFO - -> Analyzing version 9.0.0-rc.5 (605/620)...
2025-10-25 12:31:31,786 - BlankSpaceAnalyzer - INFO - -> Analyzing version 9.0.0-rc.6 (606/620)...
2025-10-25 12:31:31,870 - BlankSpaceAnalyzer - INFO - -> Analyzing version 9.0.0-rc.7 (607/620)...
2025-10-25 12:31:31,955 - BlankSpaceAnalyzer - INFO - -> Analyzing version 9.0.0-rc.8 (608/620)...
2025-10-25 12:31:32,034 - BlankSpaceAnalyzer - INFO - -> Analyzing version 9.0.0-rc.9 (609/620)...
2025-10-25 12:31:32,120 - BlankSpaceAnalyzer - INFO - -> Analyzing version 9.0.1 (610/620)...
2025-10-25 12:31:32,205 - BlankSpaceAnalyzer - INFO - -> Analyzing version 9.1.0 (611/620)...
2025-10-25 12:31:32,291 - BlankSpaceAnalyzer - INFO - -> Analyzing version 9.1.1 (612/620)...
2025-10-25 12:31:32,377 - BlankSpaceAnalyzer - INFO - -> Analyzing version 9.1.2 (613/620)...
2025-10-25 12:31:32,464 - BlankSpaceAnalyzer - INFO - -> Analyzing version 9.1.3 (614/620)...
2025-10-25 12:31:32,549 - BlankSpaceAnalyzer - INFO - -> Analyzing version 9.2.0 (615/620)...
2025-10-25 12:31:32,633 - BlankSpaceAnalyzer - INFO - -> Analyzing version 9.2.0-next.0 (616/620)...
2025-10-25 12:31:32,719 - BlankSpaceAnalyzer - INFO - -> Analyzing version 9.2.1 (617/620)...
2025-10-25 12:31:32,801 - BlankSpaceAnalyzer - INFO - -> Analyzing version 9.2.2 (618/620)...
2025-10-25 12:31:32,886 - BlankSpaceAnalyzer - INFO - -> Analyzing version 9.2.3 (619/620)...
2025-10-25 12:31:32,967 - BlankSpaceAnalyzer - INFO - -> Analyzing version 9.2.4 (620/620)...
2025-10-25 12:31:33,053 - BlankSpaceAnalyzer - INFO - Exporting results for '@angular/cdk' to CSV...
2025-10-25 12:31:34,833 - BlankSpaceAnalyzer - INFO - Reports saved in: /app/npm_results/@angular_cdk
2025-10-25 12:31:34,838 - NPM_Analyzer - INFO - Cleaning temporary folder 'temp/@angular_cdk'...
2025-10-25 12:31:43,096 - NPM_Analyzer - INFO - Cleanup completed.
