2025-11-14 23:16:09,407 - NPM_HUT_Analyzer - INFO - Recupero metadata per 'front-matter'...
2025-11-14 23:16:09,532 - NPM_HUT_Analyzer - INFO - Trovate 37 versioni. Inizio download in 'temp_hut/front-matter'...
2025-11-14 23:16:30,574 - UnicodeAnalyzer - INFO - Analizzando 37 versioni per '*.js' in 'front-matter'.
2025-11-14 23:16:30,574 - UnicodeAnalyzer - INFO - -> Analizzando versione 0.0.1 (1/37)...
2025-11-14 23:16:30,576 - UnicodeAnalyzer - INFO - -> Analizzando versione 0.0.2 (2/37)...
2025-11-14 23:16:30,650 - UnicodeAnalyzer - INFO - -> Analizzando versione 0.0.3 (3/37)...
2025-11-14 23:16:30,651 - UnicodeAnalyzer - INFO - Filtrati 2 file (es. in /dist, /test).
2025-11-14 23:16:30,651 - UnicodeAnalyzer - INFO - -> Analizzando versione 0.1.0 (4/37)...
2025-11-14 23:16:30,651 - UnicodeAnalyzer - INFO - Filtrati 1 file (es. in /dist, /test).
2025-11-14 23:16:30,652 - UnicodeAnalyzer - INFO - -> Analizzando versione 0.1.1 (5/37)...
2025-11-14 23:16:30,652 - UnicodeAnalyzer - INFO - Filtrati 1 file (es. in /dist, /test).
2025-11-14 23:16:30,652 - UnicodeAnalyzer - INFO - -> Analizzando versione 0.1.2 (6/37)...
2025-11-14 23:16:30,653 - UnicodeAnalyzer - INFO - Filtrati 1 file (es. in /dist, /test).
2025-11-14 23:16:30,653 - UnicodeAnalyzer - INFO - -> Analizzando versione 0.1.3 (7/37)...
2025-11-14 23:16:30,653 - UnicodeAnalyzer - INFO - Filtrati 1 file (es. in /dist, /test).
2025-11-14 23:16:30,653 - UnicodeAnalyzer - INFO - -> Analizzando versione 0.1.4 (8/37)...
2025-11-14 23:16:30,654 - UnicodeAnalyzer - INFO - Filtrati 1 file (es. in /dist, /test).
2025-11-14 23:16:30,654 - UnicodeAnalyzer - INFO - -> Analizzando versione 0.1.5 (9/37)...
2025-11-14 23:16:30,654 - UnicodeAnalyzer - INFO - Filtrati 1 file (es. in /dist, /test).
2025-11-14 23:16:30,654 - UnicodeAnalyzer - INFO - -> Analizzando versione 0.2.0 (10/37)...
2025-11-14 23:16:30,655 - UnicodeAnalyzer - INFO - Filtrati 1 file (es. in /dist, /test).
2025-11-14 23:16:30,655 - UnicodeAnalyzer - INFO - -> Analizzando versione 0.2.1 (11/37)...
2025-11-14 23:16:30,655 - UnicodeAnalyzer - INFO - Filtrati 1 file (es. in /dist, /test).
2025-11-14 23:16:30,655 - UnicodeAnalyzer - INFO - -> Analizzando versione 0.2.2 (12/37)...
2025-11-14 23:16:30,656 - UnicodeAnalyzer - INFO - Filtrati 1 file (es. in /dist, /test).
2025-11-14 23:16:30,656 - UnicodeAnalyzer - INFO - -> Analizzando versione 0.2.3 (13/37)...
2025-11-14 23:16:30,656 - UnicodeAnalyzer - INFO - Filtrati 1 file (es. in /dist, /test).
2025-11-14 23:16:30,656 - UnicodeAnalyzer - INFO - -> Analizzando versione 1.0.0 (14/37)...
2025-11-14 23:16:30,657 - UnicodeAnalyzer - INFO - Filtrati 1 file (es. in /dist, /test).
2025-11-14 23:16:30,657 - UnicodeAnalyzer - INFO - -> Analizzando versione 2.0.0 (15/37)...
2025-11-14 23:16:30,657 - UnicodeAnalyzer - INFO - Filtrati 1 file (es. in /dist, /test).
2025-11-14 23:16:30,657 - UnicodeAnalyzer - INFO - -> Analizzando versione 2.0.1 (16/37)...
2025-11-14 23:16:30,658 - UnicodeAnalyzer - INFO - Filtrati 1 file (es. in /dist, /test).
2025-11-14 23:16:30,658 - UnicodeAnalyzer - INFO - -> Analizzando versione 2.0.2 (17/37)...
2025-11-14 23:16:30,658 - UnicodeAnalyzer - INFO - Filtrati 1 file (es. in /dist, /test).
2025-11-14 23:16:30,658 - UnicodeAnalyzer - INFO - -> Analizzando versione 2.0.3 (18/37)...
2025-11-14 23:16:30,659 - UnicodeAnalyzer - INFO - Filtrati 1 file (es. in /dist, /test).
2025-11-14 23:16:30,659 - UnicodeAnalyzer - INFO - -> Analizzando versione 2.0.4 (19/37)...
2025-11-14 23:16:30,659 - UnicodeAnalyzer - INFO - Filtrati 1 file (es. in /dist, /test).
2025-11-14 23:16:30,659 - UnicodeAnalyzer - INFO - -> Analizzando versione 2.0.5 (20/37)...
2025-11-14 23:16:30,660 - UnicodeAnalyzer - INFO - Filtrati 1 file (es. in /dist, /test).
2025-11-14 23:16:30,660 - UnicodeAnalyzer - INFO - -> Analizzando versione 2.0.6 (21/37)...
2025-11-14 23:16:30,660 - UnicodeAnalyzer - INFO - Filtrati 1 file (es. in /dist, /test).
2025-11-14 23:16:30,660 - UnicodeAnalyzer - INFO - -> Analizzando versione 2.0.7 (22/37)...
2025-11-14 23:16:30,661 - UnicodeAnalyzer - INFO - Filtrati 1 file (es. in /dist, /test).
2025-11-14 23:16:30,661 - UnicodeAnalyzer - INFO - -> Analizzando versione 2.0.8 (23/37)...
2025-11-14 23:16:30,661 - UnicodeAnalyzer - INFO - Filtrati 1 file (es. in /dist, /test).
2025-11-14 23:16:30,662 - UnicodeAnalyzer - INFO - -> Analizzando versione 2.1.0 (24/37)...
2025-11-14 23:16:30,662 - UnicodeAnalyzer - INFO - Filtrati 1 file (es. in /dist, /test).
2025-11-14 23:16:30,662 - UnicodeAnalyzer - INFO - -> Analizzando versione 2.1.1 (25/37)...
2025-11-14 23:16:30,663 - UnicodeAnalyzer - INFO - Filtrati 1 file (es. in /dist, /test).
2025-11-14 23:16:30,663 - UnicodeAnalyzer - INFO - -> Analizzando versione 2.1.2 (26/37)...
2025-11-14 23:16:30,664 - UnicodeAnalyzer - INFO - Filtrati 1 file (es. in /dist, /test).
2025-11-14 23:16:30,664 - UnicodeAnalyzer - INFO - -> Analizzando versione 2.2.0 (27/37)...
2025-11-14 23:16:30,664 - UnicodeAnalyzer - INFO - Filtrati 1 file (es. in /dist, /test).
2025-11-14 23:16:30,665 - UnicodeAnalyzer - INFO - -> Analizzando versione 2.3.0 (28/37)...
2025-11-14 23:16:30,665 - UnicodeAnalyzer - INFO - Filtrati 1 file (es. in /dist, /test).
2025-11-14 23:16:30,665 - UnicodeAnalyzer - INFO - -> Analizzando versione 3.0.0 (29/37)...
2025-11-14 23:16:30,666 - UnicodeAnalyzer - INFO - Filtrati 1 file (es. in /dist, /test).
2025-11-14 23:16:30,666 - UnicodeAnalyzer - INFO - -> Analizzando versione 3.0.1 (30/37)...
2025-11-14 23:16:30,666 - UnicodeAnalyzer - INFO - Filtrati 1 file (es. in /dist, /test).
2025-11-14 23:16:30,666 - UnicodeAnalyzer - INFO - -> Analizzando versione 3.0.2 (31/37)...
2025-11-14 23:16:30,667 - UnicodeAnalyzer - INFO - Filtrati 1 file (es. in /dist, /test).
2025-11-14 23:16:30,667 - UnicodeAnalyzer - INFO - -> Analizzando versione 3.1.0 (32/37)...
2025-11-14 23:16:30,667 - UnicodeAnalyzer - INFO - Filtrati 1 file (es. in /dist, /test).
2025-11-14 23:16:30,667 - UnicodeAnalyzer - INFO - -> Analizzando versione 3.2.0 (33/37)...
2025-11-14 23:16:30,668 - UnicodeAnalyzer - INFO - Filtrati 1 file (es. in /dist, /test).
2025-11-14 23:16:30,668 - UnicodeAnalyzer - INFO - -> Analizzando versione 3.2.1 (34/37)...
2025-11-14 23:16:30,668 - UnicodeAnalyzer - INFO - -> Analizzando versione 4.0.0 (35/37)...
2025-11-14 23:16:30,669 - UnicodeAnalyzer - INFO - -> Analizzando versione 4.0.1 (36/37)...
2025-11-14 23:16:30,669 - UnicodeAnalyzer - INFO - -> Analizzando versione 4.0.2 (37/37)...
2025-11-14 23:16:30,670 - UnicodeAnalyzer - INFO - Esportando i risultati HUT per 'front-matter' in CSV...
2025-11-14 23:16:30,721 - UnicodeAnalyzer - INFO - Report salvati in: /app/npm_hut_results/front-matter
2025-11-14 23:16:30,721 - NPM_HUT_Analyzer - INFO - Pulizia cartella temporanea 'temp_hut/front-matter'...
2025-11-14 23:16:30,731 - NPM_HUT_Analyzer - INFO - Pulizia completata.
