2025-10-30 14:47:31,335 - NPM_Analyzer - INFO - Fetching metadata for '@yarnpkg/parsers'...
2025-10-30 14:47:31,449 - NPM_Analyzer - INFO - Found 116 versions. Starting download into 'temp/@yarnpkg_parsers'...
2025-10-30 14:50:03,703 - BlankSpaceAnalyzer - INFO - Analyzing 116 versions for '*.js' in '@yarnpkg_parsers'.
2025-10-30 14:50:03,703 - BlankSpaceAnalyzer - INFO - -> Analyzing version 2.0.0-rc.10 (1/116)...
2025-10-30 14:50:03,831 - BlankSpaceAnalyzer - INFO - -> Analyzing version 2.0.0-rc.11 (2/116)...
2025-10-30 14:50:03,936 - BlankSpaceAnalyzer - INFO - -> Analyzing version 2.0.0-rc.12 (3/116)...
2025-10-30 14:50:04,039 - BlankSpaceAnalyzer - INFO - -> Analyzing version 2.0.0-rc.13 (4/116)...
2025-10-30 14:50:04,148 - BlankSpaceAnalyzer - INFO - -> Analyzing version 2.0.0-rc.3 (5/116)...
2025-10-30 14:50:04,252 - BlankSpaceAnalyzer - INFO - -> Analyzing version 2.0.0-rc.4 (6/116)...
2025-10-30 14:50:04,360 - BlankSpaceAnalyzer - INFO - -> Analyzing version 2.0.0-rc.6 (7/116)...
2025-10-30 14:50:04,468 - BlankSpaceAnalyzer - INFO - -> Analyzing version 2.0.0-rc.7 (8/116)...
2025-10-30 14:50:04,572 - BlankSpaceAnalyzer - INFO - -> Analyzing version 2.0.0-rc.8 (9/116)...
2025-10-30 14:50:04,683 - BlankSpaceAnalyzer - INFO - -> Analyzing version 2.0.0-rc.9 (10/116)...
2025-10-30 14:50:04,796 - BlankSpaceAnalyzer - INFO - -> Analyzing version 2.1.0 (11/116)...
2025-10-30 14:50:04,901 - BlankSpaceAnalyzer - INFO - -> Analyzing version 2.2.0 (12/116)...
2025-10-30 14:50:05,006 - BlankSpaceAnalyzer - INFO - -> Analyzing version 2.2.1 (13/116)...
2025-10-30 14:50:05,112 - BlankSpaceAnalyzer - INFO - -> Analyzing version 2.3.0 (14/116)...
2025-10-30 14:50:05,226 - BlankSpaceAnalyzer - INFO - -> Analyzing version 2.3.1-rc.1 (15/116)...
2025-10-30 14:50:05,333 - BlankSpaceAnalyzer - INFO - -> Analyzing version 2.3.1-rc.2 (16/116)...
2025-10-30 14:50:05,444 - BlankSpaceAnalyzer - INFO - -> Analyzing version 2.4.0 (17/116)...
2025-10-30 14:50:05,548 - BlankSpaceAnalyzer - INFO - -> Analyzing version 2.4.0-rc.1 (18/116)...
2025-10-30 14:50:05,654 - BlankSpaceAnalyzer - INFO - -> Analyzing version 2.4.0-rc.10 (19/116)...
2025-10-30 14:50:05,764 - BlankSpaceAnalyzer - INFO - -> Analyzing version 2.4.0-rc.11 (20/116)...
2025-10-30 14:50:05,879 - BlankSpaceAnalyzer - INFO - -> Analyzing version 2.4.0-rc.2 (21/116)...
2025-10-30 14:50:05,987 - BlankSpaceAnalyzer - INFO - -> Analyzing version 2.4.0-rc.3 (22/116)...
2025-10-30 14:50:06,094 - BlankSpaceAnalyzer - INFO - -> Analyzing version 2.4.0-rc.4 (23/116)...
2025-10-30 14:50:06,200 - BlankSpaceAnalyzer - INFO - -> Analyzing version 2.4.0-rc.5 (24/116)...
2025-10-30 14:50:06,306 - BlankSpaceAnalyzer - INFO - -> Analyzing version 2.4.0-rc.6 (25/116)...
2025-10-30 14:50:06,420 - BlankSpaceAnalyzer - INFO - -> Analyzing version 2.4.0-rc.7 (26/116)...
2025-10-30 14:50:06,526 - BlankSpaceAnalyzer - INFO - -> Analyzing version 2.4.0-rc.8 (27/116)...
2025-10-30 14:50:06,634 - BlankSpaceAnalyzer - INFO - -> Analyzing version 2.4.0-rc.9 (28/116)...
2025-10-30 14:50:06,746 - BlankSpaceAnalyzer - INFO - -> Analyzing version 2.4.1 (29/116)...
2025-10-30 14:50:06,856 - BlankSpaceAnalyzer - INFO - -> Analyzing version 2.4.1-rc.1 (30/116)...
2025-10-30 14:50:06,970 - BlankSpaceAnalyzer - INFO - -> Analyzing version 2.4.1-rc.10 (31/116)...
2025-10-30 14:50:07,086 - BlankSpaceAnalyzer - INFO - -> Analyzing version 2.4.1-rc.11 (32/116)...
2025-10-30 14:50:07,194 - BlankSpaceAnalyzer - INFO - -> Analyzing version 2.4.1-rc.12 (33/116)...
2025-10-30 14:50:07,309 - BlankSpaceAnalyzer - INFO - -> Analyzing version 2.4.1-rc.13 (34/116)...
2025-10-30 14:50:07,416 - BlankSpaceAnalyzer - INFO - -> Analyzing version 2.4.1-rc.2 (35/116)...
2025-10-30 14:50:07,522 - BlankSpaceAnalyzer - INFO - -> Analyzing version 2.4.1-rc.3 (36/116)...
2025-10-30 14:50:07,629 - BlankSpaceAnalyzer - INFO - -> Analyzing version 2.4.1-rc.4 (37/116)...
2025-10-30 14:50:07,737 - BlankSpaceAnalyzer - INFO - -> Analyzing version 2.4.1-rc.5 (38/116)...
2025-10-30 14:50:07,851 - BlankSpaceAnalyzer - INFO - -> Analyzing version 2.4.1-rc.6 (39/116)...
2025-10-30 14:50:07,958 - BlankSpaceAnalyzer - INFO - -> Analyzing version 2.4.1-rc.7 (40/116)...
2025-10-30 14:50:08,067 - BlankSpaceAnalyzer - INFO - -> Analyzing version 2.4.1-rc.8 (41/116)...
2025-10-30 14:50:08,174 - BlankSpaceAnalyzer - INFO - -> Analyzing version 2.4.1-rc.9 (42/116)...
2025-10-30 14:50:08,281 - BlankSpaceAnalyzer - INFO - -> Analyzing version 2.5.0 (43/116)...
2025-10-30 14:50:08,388 - BlankSpaceAnalyzer - INFO - -> Analyzing version 2.5.0-rc.1 (44/116)...
2025-10-30 14:50:08,495 - BlankSpaceAnalyzer - INFO - -> Analyzing version 2.5.0-rc.10 (45/116)...
2025-10-30 14:50:08,611 - BlankSpaceAnalyzer - INFO - -> Analyzing version 2.5.0-rc.11 (46/116)...
2025-10-30 14:50:08,718 - BlankSpaceAnalyzer - INFO - -> Analyzing version 2.5.0-rc.12 (47/116)...
2025-10-30 14:50:08,825 - BlankSpaceAnalyzer - INFO - -> Analyzing version 2.5.0-rc.13 (48/116)...
2025-10-30 14:50:08,932 - BlankSpaceAnalyzer - INFO - -> Analyzing version 2.5.0-rc.14 (49/116)...
2025-10-30 14:50:09,045 - BlankSpaceAnalyzer - INFO - -> Analyzing version 2.5.0-rc.2 (50/116)...
2025-10-30 14:50:09,151 - BlankSpaceAnalyzer - INFO - -> Analyzing version 2.5.0-rc.3 (51/116)...
2025-10-30 14:50:09,257 - BlankSpaceAnalyzer - INFO - -> Analyzing version 2.5.0-rc.4 (52/116)...
2025-10-30 14:50:09,369 - BlankSpaceAnalyzer - INFO - -> Analyzing version 2.5.0-rc.5 (53/116)...
2025-10-30 14:50:09,479 - BlankSpaceAnalyzer - INFO - -> Analyzing version 2.5.0-rc.6 (54/116)...
2025-10-30 14:50:09,584 - BlankSpaceAnalyzer - INFO - -> Analyzing version 2.5.0-rc.7 (55/116)...
2025-10-30 14:50:09,698 - BlankSpaceAnalyzer - INFO - -> Analyzing version 2.5.0-rc.8 (56/116)...
2025-10-30 14:50:09,803 - BlankSpaceAnalyzer - INFO - -> Analyzing version 2.5.0-rc.9 (57/116)...
2025-10-30 14:50:09,920 - BlankSpaceAnalyzer - INFO - -> Analyzing version 2.5.1 (58/116)...
2025-10-30 14:50:10,036 - BlankSpaceAnalyzer - INFO - -> Analyzing version 2.6.0 (59/116)...
2025-10-30 14:50:10,148 - BlankSpaceAnalyzer - INFO - -> Analyzing version 3.0.0 (60/116)...
2025-10-30 14:50:10,254 - BlankSpaceAnalyzer - INFO - -> Analyzing version 3.0.0-rc.1 (61/116)...
2025-10-30 14:50:10,364 - BlankSpaceAnalyzer - INFO - -> Analyzing version 3.0.0-rc.10 (62/116)...
2025-10-30 14:50:10,473 - BlankSpaceAnalyzer - INFO - -> Analyzing version 3.0.0-rc.11 (63/116)...
2025-10-30 14:50:10,578 - BlankSpaceAnalyzer - INFO - -> Analyzing version 3.0.0-rc.12 (64/116)...
2025-10-30 14:50:10,684 - BlankSpaceAnalyzer - INFO - -> Analyzing version 3.0.0-rc.14 (65/116)...
2025-10-30 14:50:10,796 - BlankSpaceAnalyzer - INFO - -> Analyzing version 3.0.0-rc.15 (66/116)...
2025-10-30 14:50:10,911 - BlankSpaceAnalyzer - INFO - -> Analyzing version 3.0.0-rc.16 (67/116)...
2025-10-30 14:50:11,017 - BlankSpaceAnalyzer - INFO - -> Analyzing version 3.0.0-rc.17 (68/116)...
2025-10-30 14:50:11,124 - BlankSpaceAnalyzer - INFO - -> Analyzing version 3.0.0-rc.18 (69/116)...
2025-10-30 14:50:11,229 - BlankSpaceAnalyzer - INFO - -> Analyzing version 3.0.0-rc.2 (70/116)...
2025-10-30 14:50:11,335 - BlankSpaceAnalyzer - INFO - -> Analyzing version 3.0.0-rc.20 (71/116)...
2025-10-30 14:50:11,442 - BlankSpaceAnalyzer - INFO - -> Analyzing version 3.0.0-rc.21 (72/116)...
2025-10-30 14:50:11,547 - BlankSpaceAnalyzer - INFO - -> Analyzing version 3.0.0-rc.22 (73/116)...
2025-10-30 14:50:11,652 - BlankSpaceAnalyzer - INFO - -> Analyzing version 3.0.0-rc.23 (74/116)...
2025-10-30 14:50:11,757 - BlankSpaceAnalyzer - INFO - -> Analyzing version 3.0.0-rc.24 (75/116)...
2025-10-30 14:50:11,864 - BlankSpaceAnalyzer - INFO - -> Analyzing version 3.0.0-rc.25 (76/116)...
2025-10-30 14:50:11,970 - BlankSpaceAnalyzer - INFO - -> Analyzing version 3.0.0-rc.26 (77/116)...
2025-10-30 14:50:12,075 - BlankSpaceAnalyzer - INFO - -> Analyzing version 3.0.0-rc.27 (78/116)...
2025-10-30 14:50:12,181 - BlankSpaceAnalyzer - INFO - -> Analyzing version 3.0.0-rc.28 (79/116)...
2025-10-30 14:50:12,295 - BlankSpaceAnalyzer - INFO - -> Analyzing version 3.0.0-rc.29 (80/116)...
2025-10-30 14:50:12,400 - BlankSpaceAnalyzer - INFO - -> Analyzing version 3.0.0-rc.3 (81/116)...
2025-10-30 14:50:12,506 - BlankSpaceAnalyzer - INFO - -> Analyzing version 3.0.0-rc.30 (82/116)...
2025-10-30 14:50:12,616 - BlankSpaceAnalyzer - INFO - -> Analyzing version 3.0.0-rc.31 (83/116)...
2025-10-30 14:50:12,720 - BlankSpaceAnalyzer - INFO - -> Analyzing version 3.0.0-rc.32 (84/116)...
2025-10-30 14:50:12,826 - BlankSpaceAnalyzer - INFO - -> Analyzing version 3.0.0-rc.33 (85/116)...
2025-10-30 14:50:12,931 - BlankSpaceAnalyzer - INFO - -> Analyzing version 3.0.0-rc.34 (86/116)...
2025-10-30 14:50:13,039 - BlankSpaceAnalyzer - INFO - -> Analyzing version 3.0.0-rc.35 (87/116)...
2025-10-30 14:50:13,150 - BlankSpaceAnalyzer - INFO - -> Analyzing version 3.0.0-rc.36 (88/116)...
2025-10-30 14:50:13,255 - BlankSpaceAnalyzer - INFO - -> Analyzing version 3.0.0-rc.37 (89/116)...
2025-10-30 14:50:13,360 - BlankSpaceAnalyzer - INFO - -> Analyzing version 3.0.0-rc.38 (90/116)...
2025-10-30 14:50:13,466 - BlankSpaceAnalyzer - INFO - -> Analyzing version 3.0.0-rc.39 (91/116)...
2025-10-30 14:50:13,571 - BlankSpaceAnalyzer - INFO - -> Analyzing version 3.0.0-rc.4 (92/116)...
2025-10-30 14:50:13,677 - BlankSpaceAnalyzer - INFO - -> Analyzing version 3.0.0-rc.40 (93/116)...
2025-10-30 14:50:13,790 - BlankSpaceAnalyzer - INFO - -> Analyzing version 3.0.0-rc.41 (94/116)...
2025-10-30 14:50:13,895 - BlankSpaceAnalyzer - INFO - -> Analyzing version 3.0.0-rc.42 (95/116)...
2025-10-30 14:50:14,001 - BlankSpaceAnalyzer - INFO - -> Analyzing version 3.0.0-rc.43 (96/116)...
2025-10-30 14:50:14,106 - BlankSpaceAnalyzer - INFO - -> Analyzing version 3.0.0-rc.44 (97/116)...
2025-10-30 14:50:14,211 - BlankSpaceAnalyzer - INFO - -> Analyzing version 3.0.0-rc.45 (98/116)...
2025-10-30 14:50:14,316 - BlankSpaceAnalyzer - INFO - -> Analyzing version 3.0.0-rc.46 (99/116)...
2025-10-30 14:50:14,421 - BlankSpaceAnalyzer - INFO - -> Analyzing version 3.0.0-rc.47 (100/116)...
2025-10-30 14:50:14,527 - BlankSpaceAnalyzer - INFO - -> Analyzing version 3.0.0-rc.47.1 (101/116)...
2025-10-30 14:50:14,640 - BlankSpaceAnalyzer - INFO - -> Analyzing version 3.0.0-rc.48 (102/116)...
2025-10-30 14:50:14,745 - BlankSpaceAnalyzer - INFO - -> Analyzing version 3.0.0-rc.48.1 (103/116)...
2025-10-30 14:50:14,850 - BlankSpaceAnalyzer - INFO - -> Analyzing version 3.0.0-rc.49 (104/116)...
2025-10-30 14:50:14,959 - BlankSpaceAnalyzer - INFO - -> Analyzing version 3.0.0-rc.5 (105/116)...
2025-10-30 14:50:15,068 - BlankSpaceAnalyzer - INFO - -> Analyzing version 3.0.0-rc.50 (106/116)...
2025-10-30 14:50:15,173 - BlankSpaceAnalyzer - INFO - -> Analyzing version 3.0.0-rc.51 (107/116)...
2025-10-30 14:50:15,279 - BlankSpaceAnalyzer - INFO - -> Analyzing version 3.0.0-rc.52 (108/116)...
2025-10-30 14:50:15,390 - BlankSpaceAnalyzer - INFO - -> Analyzing version 3.0.0-rc.53 (109/116)...
2025-10-30 14:50:15,505 - BlankSpaceAnalyzer - INFO - -> Analyzing version 3.0.0-rc.6 (110/116)...
2025-10-30 14:50:15,610 - BlankSpaceAnalyzer - INFO - -> Analyzing version 3.0.0-rc.7 (111/116)...
2025-10-30 14:50:15,723 - BlankSpaceAnalyzer - INFO - -> Analyzing version 3.0.0-rc.8 (112/116)...
2025-10-30 14:50:15,830 - BlankSpaceAnalyzer - INFO - -> Analyzing version 3.0.0-rc.9 (113/116)...
2025-10-30 14:50:15,941 - BlankSpaceAnalyzer - INFO - -> Analyzing version 3.0.1 (114/116)...
2025-10-30 14:50:16,049 - BlankSpaceAnalyzer - INFO - -> Analyzing version 3.0.2 (115/116)...
2025-10-30 14:50:16,159 - BlankSpaceAnalyzer - INFO - -> Analyzing version 3.0.3 (116/116)...
2025-10-30 14:50:16,327 - BlankSpaceAnalyzer - INFO - Exporting results for '@yarnpkg/parsers' to CSV...
2025-10-30 14:50:16,416 - BlankSpaceAnalyzer - INFO - Reports saved in: /app/npm_results/@yarnpkg_parsers
2025-10-30 14:50:16,416 - NPM_Analyzer - INFO - Cleaning temporary folder 'temp/@yarnpkg_parsers'...
2025-10-30 14:50:16,453 - NPM_Analyzer - INFO - Cleanup completed.
