2025-11-15 20:10:02,359 - NPM_HUT_Analyzer - INFO - Recupero metadata per 'qrcode-terminal'...
2025-11-15 20:10:02,474 - NPM_HUT_Analyzer - INFO - Trovate 18 versioni. Inizio download in 'temp_hut/qrcode-terminal'...
2025-11-15 20:10:14,622 - UnicodeAnalyzer - INFO - Analizzando 18 versioni per '*.js' in 'qrcode-terminal'.
2025-11-15 20:10:14,622 - UnicodeAnalyzer - INFO - -> Analizzando versione 0.1.0 (1/18)...
2025-11-15 20:10:14,683 - UnicodeAnalyzer - INFO - -> Analizzando versione 0.10.0 (2/18)...
2025-11-15 20:10:14,684 - UnicodeAnalyzer - INFO - Filtrati 13 file (es. in /dist, /test).
2025-11-15 20:10:14,727 - UnicodeAnalyzer - INFO - -> Analizzando versione 0.11.0 (3/18)...
2025-11-15 20:10:14,728 - UnicodeAnalyzer - INFO - Filtrati 14 file (es. in /dist, /test).
2025-11-15 20:10:14,770 - UnicodeAnalyzer - INFO - -> Analizzando versione 0.12.0 (4/18)...
2025-11-15 20:10:14,771 - UnicodeAnalyzer - INFO - Filtrati 14 file (es. in /dist, /test).
2025-11-15 20:10:14,817 - UnicodeAnalyzer - INFO - -> Analizzando versione 0.2.0 (5/18)...
2025-11-15 20:10:14,818 - UnicodeAnalyzer - INFO - Filtrati 11 file (es. in /dist, /test).
2025-11-15 20:10:14,818 - UnicodeAnalyzer - INFO - -> Analizzando versione 0.3.0 (6/18)...
2025-11-15 20:10:14,819 - UnicodeAnalyzer - INFO - Filtrati 11 file (es. in /dist, /test).
2025-11-15 20:10:14,819 - UnicodeAnalyzer - INFO - -> Analizzando versione 0.4.0 (7/18)...
2025-11-15 20:10:14,820 - UnicodeAnalyzer - INFO - Filtrati 12 file (es. in /dist, /test).
2025-11-15 20:10:14,820 - UnicodeAnalyzer - INFO - -> Analizzando versione 0.5.0 (8/18)...
2025-11-15 20:10:14,821 - UnicodeAnalyzer - INFO - Filtrati 12 file (es. in /dist, /test).
2025-11-15 20:10:14,821 - UnicodeAnalyzer - INFO - -> Analizzando versione 0.5.1 (9/18)...
2025-11-15 20:10:14,821 - UnicodeAnalyzer - INFO - Filtrati 12 file (es. in /dist, /test).
2025-11-15 20:10:14,821 - UnicodeAnalyzer - INFO - -> Analizzando versione 0.6.0 (10/18)...
2025-11-15 20:10:14,822 - UnicodeAnalyzer - INFO - Filtrati 13 file (es. in /dist, /test).
2025-11-15 20:10:14,822 - UnicodeAnalyzer - INFO - -> Analizzando versione 0.7.0 (11/18)...
2025-11-15 20:10:14,823 - UnicodeAnalyzer - INFO - Filtrati 13 file (es. in /dist, /test).
2025-11-15 20:10:14,823 - UnicodeAnalyzer - INFO - -> Analizzando versione 0.8.0 (12/18)...
2025-11-15 20:10:14,824 - UnicodeAnalyzer - INFO - Filtrati 13 file (es. in /dist, /test).
2025-11-15 20:10:14,824 - UnicodeAnalyzer - INFO - -> Analizzando versione 0.9.0 (13/18)...
2025-11-15 20:10:14,825 - UnicodeAnalyzer - INFO - Filtrati 13 file (es. in /dist, /test).
2025-11-15 20:10:14,825 - UnicodeAnalyzer - INFO - -> Analizzando versione 0.9.1 (14/18)...
2025-11-15 20:10:14,826 - UnicodeAnalyzer - INFO - Filtrati 13 file (es. in /dist, /test).
2025-11-15 20:10:14,826 - UnicodeAnalyzer - INFO - -> Analizzando versione 0.9.2 (15/18)...
2025-11-15 20:10:14,827 - UnicodeAnalyzer - INFO - Filtrati 13 file (es. in /dist, /test).
2025-11-15 20:10:14,873 - UnicodeAnalyzer - INFO - -> Analizzando versione 0.9.3 (16/18)...
2025-11-15 20:10:14,874 - UnicodeAnalyzer - INFO - Filtrati 13 file (es. in /dist, /test).
2025-11-15 20:10:14,921 - UnicodeAnalyzer - INFO - -> Analizzando versione 0.9.4 (17/18)...
2025-11-15 20:10:14,922 - UnicodeAnalyzer - INFO - Filtrati 13 file (es. in /dist, /test).
2025-11-15 20:10:14,970 - UnicodeAnalyzer - INFO - -> Analizzando versione 0.9.5 (18/18)...
2025-11-15 20:10:14,971 - UnicodeAnalyzer - INFO - Filtrati 13 file (es. in /dist, /test).
2025-11-15 20:10:15,017 - UnicodeAnalyzer - INFO - Esportando i risultati HUT per 'qrcode-terminal' in CSV...
2025-11-15 20:10:15,044 - UnicodeAnalyzer - INFO - Report salvati in: /app/npm_hut_results/qrcode-terminal
2025-11-15 20:10:15,044 - NPM_HUT_Analyzer - INFO - Pulizia cartella temporanea 'temp_hut/qrcode-terminal'...
2025-11-15 20:10:15,052 - NPM_HUT_Analyzer - INFO - Pulizia completata.
