2025-10-26 11:07:32,736 - NPM_Analyzer - INFO - Fetching metadata for '@svgr/webpack'...
2025-10-26 11:07:32,986 - NPM_Analyzer - INFO - Found 50 versions. Starting download into 'temp/@svgr_webpack'...
2025-10-26 11:08:25,316 - BlankSpaceAnalyzer - INFO - Analyzing 50 versions for '*.js' in '@svgr_webpack'.
2025-10-26 11:08:25,316 - BlankSpaceAnalyzer - INFO - -> Analyzing version 2.0.0 (1/50)...
2025-10-26 11:08:25,317 - BlankSpaceAnalyzer - INFO - -> Analyzing version 2.0.0-alpha.26fa501a (2/50)...
2025-10-26 11:08:25,318 - BlankSpaceAnalyzer - INFO - -> Analyzing version 2.1.0 (3/50)...
2025-10-26 11:08:25,319 - BlankSpaceAnalyzer - INFO - -> Analyzing version 2.1.1 (4/50)...
2025-10-26 11:08:25,320 - BlankSpaceAnalyzer - INFO - -> Analyzing version 2.2.0 (5/50)...
2025-10-26 11:08:25,321 - BlankSpaceAnalyzer - INFO - -> Analyzing version 2.2.1 (6/50)...
2025-10-26 11:08:25,322 - BlankSpaceAnalyzer - INFO - -> Analyzing version 2.3.0 (7/50)...
2025-10-26 11:08:25,323 - BlankSpaceAnalyzer - INFO - -> Analyzing version 2.4.0 (8/50)...
2025-10-26 11:08:25,324 - BlankSpaceAnalyzer - INFO - -> Analyzing version 2.4.1 (9/50)...
2025-10-26 11:08:25,325 - BlankSpaceAnalyzer - INFO - -> Analyzing version 3.0.0 (10/50)...
2025-10-26 11:08:25,326 - BlankSpaceAnalyzer - INFO - -> Analyzing version 3.1.0 (11/50)...
2025-10-26 11:08:25,328 - BlankSpaceAnalyzer - INFO - -> Analyzing version 4.0.0 (12/50)...
2025-10-26 11:08:25,329 - BlankSpaceAnalyzer - INFO - -> Analyzing version 4.0.1 (13/50)...
2025-10-26 11:08:25,330 - BlankSpaceAnalyzer - INFO - -> Analyzing version 4.0.2 (14/50)...
2025-10-26 11:08:25,331 - BlankSpaceAnalyzer - INFO - -> Analyzing version 4.0.3 (15/50)...
2025-10-26 11:08:25,332 - BlankSpaceAnalyzer - INFO - -> Analyzing version 4.0.4 (16/50)...
2025-10-26 11:08:25,333 - BlankSpaceAnalyzer - INFO - -> Analyzing version 4.1.0 (17/50)...
2025-10-26 11:08:25,334 - BlankSpaceAnalyzer - INFO - -> Analyzing version 4.2.0 (18/50)...
2025-10-26 11:08:25,335 - BlankSpaceAnalyzer - INFO - -> Analyzing version 4.3.0 (19/50)...
2025-10-26 11:08:25,336 - BlankSpaceAnalyzer - INFO - -> Analyzing version 4.3.1 (20/50)...
2025-10-26 11:08:25,337 - BlankSpaceAnalyzer - INFO - -> Analyzing version 4.3.2 (21/50)...
2025-10-26 11:08:25,338 - BlankSpaceAnalyzer - INFO - -> Analyzing version 4.3.3 (22/50)...
2025-10-26 11:08:25,339 - BlankSpaceAnalyzer - INFO - -> Analyzing version 5.0.0 (23/50)...
2025-10-26 11:08:25,340 - BlankSpaceAnalyzer - INFO - -> Analyzing version 5.0.1 (24/50)...
2025-10-26 11:08:25,340 - BlankSpaceAnalyzer - INFO - -> Analyzing version 5.1.0 (25/50)...
2025-10-26 11:08:25,341 - BlankSpaceAnalyzer - INFO - -> Analyzing version 5.2.0 (26/50)...
2025-10-26 11:08:25,342 - BlankSpaceAnalyzer - INFO - -> Analyzing version 5.3.0 (27/50)...
2025-10-26 11:08:25,342 - BlankSpaceAnalyzer - INFO - -> Analyzing version 5.3.1 (28/50)...
2025-10-26 11:08:25,343 - BlankSpaceAnalyzer - INFO - -> Analyzing version 5.4.0 (29/50)...
2025-10-26 11:08:25,344 - BlankSpaceAnalyzer - INFO - -> Analyzing version 5.5.0 (30/50)...
2025-10-26 11:08:25,344 - BlankSpaceAnalyzer - INFO - -> Analyzing version 6.0.0 (31/50)...
2025-10-26 11:08:25,345 - BlankSpaceAnalyzer - INFO - -> Analyzing version 6.0.0-alpha.0 (32/50)...
2025-10-26 11:08:25,346 - BlankSpaceAnalyzer - INFO - -> Analyzing version 6.0.0-alpha.1 (33/50)...
2025-10-26 11:08:25,346 - BlankSpaceAnalyzer - INFO - -> Analyzing version 6.0.0-alpha.2 (34/50)...
2025-10-26 11:08:25,347 - BlankSpaceAnalyzer - INFO - -> Analyzing version 6.0.0-alpha.3 (35/50)...
2025-10-26 11:08:25,347 - BlankSpaceAnalyzer - INFO - -> Analyzing version 6.0.0-alpha.4 (36/50)...
2025-10-26 11:08:25,348 - BlankSpaceAnalyzer - INFO - -> Analyzing version 6.1.0 (37/50)...
2025-10-26 11:08:25,348 - BlankSpaceAnalyzer - INFO - -> Analyzing version 6.1.1 (38/50)...
2025-10-26 11:08:25,349 - BlankSpaceAnalyzer - INFO - -> Analyzing version 6.1.2 (39/50)...
2025-10-26 11:08:25,349 - BlankSpaceAnalyzer - INFO - -> Analyzing version 6.2.0 (40/50)...
2025-10-26 11:08:25,350 - BlankSpaceAnalyzer - INFO - -> Analyzing version 6.2.1 (41/50)...
2025-10-26 11:08:25,350 - BlankSpaceAnalyzer - INFO - -> Analyzing version 6.3.0 (42/50)...
2025-10-26 11:08:25,351 - BlankSpaceAnalyzer - INFO - -> Analyzing version 6.3.1 (43/50)...
2025-10-26 11:08:25,351 - BlankSpaceAnalyzer - INFO - -> Analyzing version 6.4.0 (44/50)...
2025-10-26 11:08:25,352 - BlankSpaceAnalyzer - INFO - -> Analyzing version 6.5.0 (45/50)...
2025-10-26 11:08:25,352 - BlankSpaceAnalyzer - INFO - -> Analyzing version 6.5.1 (46/50)...
2025-10-26 11:08:25,353 - BlankSpaceAnalyzer - INFO - -> Analyzing version 7.0.0 (47/50)...
2025-10-26 11:08:25,353 - BlankSpaceAnalyzer - INFO - -> Analyzing version 8.0.0 (48/50)...
2025-10-26 11:08:25,354 - BlankSpaceAnalyzer - INFO - -> Analyzing version 8.0.1 (49/50)...
2025-10-26 11:08:25,354 - BlankSpaceAnalyzer - INFO - -> Analyzing version 8.1.0 (50/50)...
2025-10-26 11:08:25,354 - BlankSpaceAnalyzer - INFO - Exporting results for '@svgr/webpack' to CSV...
2025-10-26 11:08:25,400 - BlankSpaceAnalyzer - INFO - Reports saved in: /app/npm_results/@svgr_webpack
2025-10-26 11:08:25,400 - NPM_Analyzer - INFO - Cleaning temporary folder 'temp/@svgr_webpack'...
2025-10-26 11:08:25,408 - NPM_Analyzer - INFO - Cleanup completed.
