2025-11-17 03:45:14,414 - NPM_HUT_Analyzer - INFO - Recupero metadata per 'array-back'...
2025-11-17 03:45:14,562 - NPM_HUT_Analyzer - INFO - Trovate 21 versioni. Inizio download in 'temp_hut/array-back'...
2025-11-17 03:45:24,649 - UnicodeAnalyzer - INFO - Analizzando 21 versioni per '*.js' in 'array-back'.
2025-11-17 03:45:24,649 - UnicodeAnalyzer - INFO - -> Analizzando versione 1.0.0 (1/21)...
2025-11-17 03:45:24,650 - UnicodeAnalyzer - INFO - Filtrati 1 file (es. in /dist, /test).
2025-11-17 03:45:24,651 - UnicodeAnalyzer - INFO - -> Analizzando versione 1.0.1 (2/21)...
2025-11-17 03:45:24,652 - UnicodeAnalyzer - INFO - Filtrati 1 file (es. in /dist, /test).
2025-11-17 03:45:24,653 - UnicodeAnalyzer - INFO - -> Analizzando versione 1.0.2 (3/21)...
2025-11-17 03:45:24,654 - UnicodeAnalyzer - INFO - Filtrati 1 file (es. in /dist, /test).
2025-11-17 03:45:24,655 - UnicodeAnalyzer - INFO - -> Analizzando versione 1.0.3 (4/21)...
2025-11-17 03:45:24,657 - UnicodeAnalyzer - INFO - Filtrati 1 file (es. in /dist, /test).
2025-11-17 03:45:24,658 - UnicodeAnalyzer - INFO - -> Analizzando versione 1.0.4 (5/21)...
2025-11-17 03:45:24,659 - UnicodeAnalyzer - INFO - Filtrati 1 file (es. in /dist, /test).
2025-11-17 03:45:24,660 - UnicodeAnalyzer - INFO - -> Analizzando versione 2.0.0 (6/21)...
2025-11-17 03:45:24,739 - UnicodeAnalyzer - INFO - -> Analizzando versione 3.0.0 (7/21)...
2025-11-17 03:45:24,739 - UnicodeAnalyzer - INFO - Filtrati 4 file (es. in /dist, /test).
2025-11-17 03:45:24,739 - UnicodeAnalyzer - INFO - -> Analizzando versione 3.0.1 (8/21)...
2025-11-17 03:45:24,739 - UnicodeAnalyzer - INFO - Filtrati 1 file (es. in /dist, /test).
2025-11-17 03:45:24,740 - UnicodeAnalyzer - INFO - -> Analizzando versione 3.1.0 (9/21)...
2025-11-17 03:45:24,740 - UnicodeAnalyzer - INFO - Filtrati 1 file (es. in /dist, /test).
2025-11-17 03:45:24,740 - UnicodeAnalyzer - INFO - -> Analizzando versione 4.0.0 (10/21)...
2025-11-17 03:45:24,740 - UnicodeAnalyzer - INFO - Filtrati 1 file (es. in /dist, /test).
2025-11-17 03:45:24,740 - UnicodeAnalyzer - INFO - -> Analizzando versione 4.0.1 (11/21)...
2025-11-17 03:45:24,740 - UnicodeAnalyzer - INFO - Filtrati 1 file (es. in /dist, /test).
2025-11-17 03:45:24,740 - UnicodeAnalyzer - INFO - -> Analizzando versione 4.0.2 (12/21)...
2025-11-17 03:45:24,741 - UnicodeAnalyzer - INFO - Filtrati 1 file (es. in /dist, /test).
2025-11-17 03:45:24,741 - UnicodeAnalyzer - INFO - -> Analizzando versione 5.0.0 (13/21)...
2025-11-17 03:45:24,741 - UnicodeAnalyzer - INFO - Filtrati 1 file (es. in /dist, /test).
2025-11-17 03:45:24,741 - UnicodeAnalyzer - INFO - -> Analizzando versione 6.0.0 (14/21)...
2025-11-17 03:45:24,741 - UnicodeAnalyzer - INFO - -> Analizzando versione 6.0.1 (15/21)...
2025-11-17 03:45:24,741 - UnicodeAnalyzer - INFO - -> Analizzando versione 6.1.0 (16/21)...
2025-11-17 03:45:24,741 - UnicodeAnalyzer - INFO - -> Analizzando versione 6.1.1 (17/21)...
2025-11-17 03:45:24,742 - UnicodeAnalyzer - INFO - -> Analizzando versione 6.1.2 (18/21)...
2025-11-17 03:45:24,742 - UnicodeAnalyzer - INFO - -> Analizzando versione 6.2.0 (19/21)...
2025-11-17 03:45:24,742 - UnicodeAnalyzer - INFO - -> Analizzando versione 6.2.1 (20/21)...
2025-11-17 03:45:24,742 - UnicodeAnalyzer - INFO - -> Analizzando versione 6.2.2 (21/21)...
2025-11-17 03:45:24,743 - UnicodeAnalyzer - INFO - Esportando i risultati HUT per 'array-back' in CSV...
2025-11-17 03:45:24,773 - UnicodeAnalyzer - INFO - Report salvati in: /app/npm_hut_results/array-back
2025-11-17 03:45:24,773 - NPM_HUT_Analyzer - INFO - Pulizia cartella temporanea 'temp_hut/array-back'...
2025-11-17 03:45:24,777 - NPM_HUT_Analyzer - INFO - Pulizia completata.
