2025-11-15 16:25:26,621 - NPM_HUT_Analyzer - INFO - Recupero metadata per '@azure/core-tracing'...
2025-11-15 16:25:26,810 - NPM_HUT_Analyzer - INFO - Trovate 465 versioni. Inizio download in 'temp_hut/@azure_core-tracing'...
2025-11-15 16:36:46,133 - UnicodeAnalyzer - INFO - Analizzando 465 versioni per '*.js' in '@azure_core-tracing'.
2025-11-15 16:36:46,133 - UnicodeAnalyzer - INFO - -> Analizzando versione 1.0.0 (1/465)...
2025-11-15 16:36:46,134 - UnicodeAnalyzer - INFO - Filtrati 1 file (es. in /dist, /test).
2025-11-15 16:36:46,192 - UnicodeAnalyzer - INFO - -> Analizzando versione 1.0.0-alpha.20200903.1 (2/465)...
2025-11-15 16:36:46,194 - UnicodeAnalyzer - INFO - Filtrati 3 file (es. in /dist, /test).
2025-11-15 16:36:46,237 - UnicodeAnalyzer - INFO - -> Analizzando versione 1.0.0-alpha.20200929.1 (3/465)...
2025-11-15 16:36:46,238 - UnicodeAnalyzer - INFO - Filtrati 3 file (es. in /dist, /test).
2025-11-15 16:36:46,286 - UnicodeAnalyzer - INFO - -> Analizzando versione 1.0.0-alpha.20201123.1 (4/465)...
2025-11-15 16:36:46,287 - UnicodeAnalyzer - INFO - Filtrati 3 file (es. in /dist, /test).
2025-11-15 16:36:46,336 - UnicodeAnalyzer - INFO - -> Analizzando versione 1.0.0-alpha.20201201.1 (5/465)...
2025-11-15 16:36:46,338 - UnicodeAnalyzer - INFO - Filtrati 3 file (es. in /dist, /test).
2025-11-15 16:36:46,386 - UnicodeAnalyzer - INFO - -> Analizzando versione 1.0.0-alpha.20201215.1 (6/465)...
2025-11-15 16:36:46,388 - UnicodeAnalyzer - INFO - Filtrati 3 file (es. in /dist, /test).
2025-11-15 16:36:46,436 - UnicodeAnalyzer - INFO - -> Analizzando versione 1.0.0-alpha.20201217.1 (7/465)...
2025-11-15 16:36:46,437 - UnicodeAnalyzer - INFO - Filtrati 3 file (es. in /dist, /test).
2025-11-15 16:36:46,486 - UnicodeAnalyzer - INFO - -> Analizzando versione 1.0.0-alpha.20201218.1 (8/465)...
2025-11-15 16:36:46,487 - UnicodeAnalyzer - INFO - Filtrati 3 file (es. in /dist, /test).
2025-11-15 16:36:46,537 - UnicodeAnalyzer - INFO - -> Analizzando versione 1.0.0-alpha.20201224.1 (9/465)...
2025-11-15 16:36:46,538 - UnicodeAnalyzer - INFO - Filtrati 3 file (es. in /dist, /test).
2025-11-15 16:36:46,586 - UnicodeAnalyzer - INFO - -> Analizzando versione 1.0.0-alpha.20210118.1 (10/465)...
2025-11-15 16:36:46,587 - UnicodeAnalyzer - INFO - Filtrati 3 file (es. in /dist, /test).
2025-11-15 16:36:46,637 - UnicodeAnalyzer - INFO - -> Analizzando versione 1.0.0-alpha.20210226.1 (11/465)...
2025-11-15 16:36:46,638 - UnicodeAnalyzer - INFO - Filtrati 3 file (es. in /dist, /test).
2025-11-15 16:36:46,686 - UnicodeAnalyzer - INFO - -> Analizzando versione 1.0.0-alpha.20210301.1 (12/465)...
2025-11-15 16:36:46,687 - UnicodeAnalyzer - INFO - Filtrati 3 file (es. in /dist, /test).
2025-11-15 16:36:46,738 - UnicodeAnalyzer - INFO - -> Analizzando versione 1.0.0-alpha.20210317.1 (13/465)...
2025-11-15 16:36:46,739 - UnicodeAnalyzer - INFO - Filtrati 3 file (es. in /dist, /test).
2025-11-15 16:36:46,787 - UnicodeAnalyzer - INFO - -> Analizzando versione 1.0.0-alpha.20210326.1 (14/465)...
2025-11-15 16:36:46,789 - UnicodeAnalyzer - INFO - Filtrati 3 file (es. in /dist, /test).
2025-11-15 16:36:46,837 - UnicodeAnalyzer - INFO - -> Analizzando versione 1.0.0-alpha.20210518.2 (15/465)...
2025-11-15 16:36:46,838 - UnicodeAnalyzer - INFO - Filtrati 3 file (es. in /dist, /test).
2025-11-15 16:36:46,888 - UnicodeAnalyzer - INFO - -> Analizzando versione 1.0.0-alpha.20210611.2 (16/465)...
2025-11-15 16:36:46,890 - UnicodeAnalyzer - INFO - Filtrati 3 file (es. in /dist, /test).
2025-11-15 16:36:46,938 - UnicodeAnalyzer - INFO - -> Analizzando versione 1.0.0-alpha.20210617.1 (17/465)...
2025-11-15 16:36:46,939 - UnicodeAnalyzer - INFO - Filtrati 3 file (es. in /dist, /test).
2025-11-15 16:36:46,988 - UnicodeAnalyzer - INFO - -> Analizzando versione 1.0.0-alpha.20210623.4 (18/465)...
2025-11-15 16:36:46,989 - UnicodeAnalyzer - INFO - Filtrati 3 file (es. in /dist, /test).
2025-11-15 16:36:47,041 - UnicodeAnalyzer - INFO - -> Analizzando versione 1.0.0-alpha.20210702.4 (19/465)...
2025-11-15 16:36:47,042 - UnicodeAnalyzer - INFO - Filtrati 3 file (es. in /dist, /test).
2025-11-15 16:36:47,088 - UnicodeAnalyzer - INFO - -> Analizzando versione 1.0.0-alpha.20210713.1 (20/465)...
2025-11-15 16:36:47,089 - UnicodeAnalyzer - INFO - Filtrati 1 file (es. in /dist, /test).
2025-11-15 16:36:47,136 - UnicodeAnalyzer - INFO - -> Analizzando versione 1.0.0-alpha.20210716.1 (21/465)...
2025-11-15 16:36:47,137 - UnicodeAnalyzer - INFO - Filtrati 1 file (es. in /dist, /test).
2025-11-15 16:36:47,184 - UnicodeAnalyzer - INFO - -> Analizzando versione 1.0.0-alpha.20210816.6 (22/465)...
2025-11-15 16:36:47,184 - UnicodeAnalyzer - INFO - Filtrati 1 file (es. in /dist, /test).
2025-11-15 16:36:47,230 - UnicodeAnalyzer - INFO - -> Analizzando versione 1.0.0-alpha.20210830.2 (23/465)...
2025-11-15 16:36:47,231 - UnicodeAnalyzer - INFO - Filtrati 1 file (es. in /dist, /test).
2025-11-15 16:36:47,276 - UnicodeAnalyzer - INFO - -> Analizzando versione 1.0.0-alpha.20210903.3 (24/465)...
2025-11-15 16:36:47,277 - UnicodeAnalyzer - INFO - Filtrati 1 file (es. in /dist, /test).
2025-11-15 16:36:47,322 - UnicodeAnalyzer - INFO - -> Analizzando versione 1.0.0-alpha.20210930.2 (25/465)...
2025-11-15 16:36:47,323 - UnicodeAnalyzer - INFO - Filtrati 1 file (es. in /dist, /test).
2025-11-15 16:36:47,368 - UnicodeAnalyzer - INFO - -> Analizzando versione 1.0.0-alpha.20211208.10 (26/465)...
2025-11-15 16:36:47,369 - UnicodeAnalyzer - INFO - Filtrati 1 file (es. in /dist, /test).
2025-11-15 16:36:47,416 - UnicodeAnalyzer - INFO - -> Analizzando versione 1.0.0-alpha.20211214.4 (27/465)...
2025-11-15 16:36:47,416 - UnicodeAnalyzer - INFO - Filtrati 1 file (es. in /dist, /test).
2025-11-15 16:36:47,462 - UnicodeAnalyzer - INFO - -> Analizzando versione 1.0.0-alpha.20220104.5 (28/465)...
2025-11-15 16:36:47,462 - UnicodeAnalyzer - INFO - Filtrati 1 file (es. in /dist, /test).
2025-11-15 16:36:47,510 - UnicodeAnalyzer - INFO - -> Analizzando versione 1.0.0-alpha.20220114.1 (29/465)...
2025-11-15 16:36:47,511 - UnicodeAnalyzer - INFO - Filtrati 1 file (es. in /dist, /test).
2025-11-15 16:36:47,556 - UnicodeAnalyzer - INFO - -> Analizzando versione 1.0.0-alpha.20220120.2 (30/465)...
2025-11-15 16:36:47,557 - UnicodeAnalyzer - INFO - Filtrati 1 file (es. in /dist, /test).
2025-11-15 16:36:47,604 - UnicodeAnalyzer - INFO - -> Analizzando versione 1.0.0-alpha.20220131.3 (31/465)...
2025-11-15 16:36:47,604 - UnicodeAnalyzer - INFO - Filtrati 1 file (es. in /dist, /test).
2025-11-15 16:36:47,650 - UnicodeAnalyzer - INFO - -> Analizzando versione 1.0.0-alpha.20220204.4 (32/465)...
2025-11-15 16:36:47,651 - UnicodeAnalyzer - INFO - Filtrati 1 file (es. in /dist, /test).
2025-11-15 16:36:47,697 - UnicodeAnalyzer - INFO - -> Analizzando versione 1.0.0-alpha.20220307.7 (33/465)...
2025-11-15 16:36:47,697 - UnicodeAnalyzer - INFO - Filtrati 1 file (es. in /dist, /test).
2025-11-15 16:36:47,743 - UnicodeAnalyzer - INFO - -> Analizzando versione 1.0.0-alpha.20220309.5 (34/465)...
2025-11-15 16:36:47,744 - UnicodeAnalyzer - INFO - Filtrati 1 file (es. in /dist, /test).
2025-11-15 16:36:47,792 - UnicodeAnalyzer - INFO - -> Analizzando versione 1.0.0-alpha.20220310.3 (35/465)...
2025-11-15 16:36:47,792 - UnicodeAnalyzer - INFO - Filtrati 1 file (es. in /dist, /test).
2025-11-15 16:36:47,838 - UnicodeAnalyzer - INFO - -> Analizzando versione 1.0.0-alpha.20220315.1 (36/465)...
2025-11-15 16:36:47,839 - UnicodeAnalyzer - INFO - Filtrati 1 file (es. in /dist, /test).
2025-11-15 16:36:47,885 - UnicodeAnalyzer - INFO - -> Analizzando versione 1.0.0-alpha.20220322.1 (37/465)...
2025-11-15 16:36:47,885 - UnicodeAnalyzer - INFO - Filtrati 1 file (es. in /dist, /test).
2025-11-15 16:36:47,933 - UnicodeAnalyzer - INFO - -> Analizzando versione 1.0.0-dev.20191115.1 (38/465)...
2025-11-15 16:36:47,935 - UnicodeAnalyzer - INFO - Filtrati 3 file (es. in /dist, /test).
2025-11-15 16:36:47,988 - UnicodeAnalyzer - INFO - -> Analizzando versione 1.0.0-dev.20191115.2 (39/465)...
2025-11-15 16:36:47,989 - UnicodeAnalyzer - INFO - Filtrati 3 file (es. in /dist, /test).
2025-11-15 16:36:48,042 - UnicodeAnalyzer - INFO - -> Analizzando versione 1.0.0-dev.20191116.1 (40/465)...
2025-11-15 16:36:48,044 - UnicodeAnalyzer - INFO - Filtrati 3 file (es. in /dist, /test).
2025-11-15 16:36:48,097 - UnicodeAnalyzer - INFO - -> Analizzando versione 1.0.0-dev.20191117.1 (41/465)...
2025-11-15 16:36:48,099 - UnicodeAnalyzer - INFO - Filtrati 3 file (es. in /dist, /test).
2025-11-15 16:36:48,152 - UnicodeAnalyzer - INFO - -> Analizzando versione 1.0.0-dev.20191118.1 (42/465)...
2025-11-15 16:36:48,154 - UnicodeAnalyzer - INFO - Filtrati 3 file (es. in /dist, /test).
2025-11-15 16:36:48,206 - UnicodeAnalyzer - INFO - -> Analizzando versione 1.0.0-dev.20191204.1 (43/465)...
2025-11-15 16:36:48,208 - UnicodeAnalyzer - INFO - Filtrati 3 file (es. in /dist, /test).
2025-11-15 16:36:48,256 - UnicodeAnalyzer - INFO - -> Analizzando versione 1.0.0-dev.20191205.1 (44/465)...
2025-11-15 16:36:48,258 - UnicodeAnalyzer - INFO - Filtrati 3 file (es. in /dist, /test).
2025-11-15 16:36:48,307 - UnicodeAnalyzer - INFO - -> Analizzando versione 1.0.0-dev.20191206.1 (45/465)...
2025-11-15 16:36:48,308 - UnicodeAnalyzer - INFO - Filtrati 3 file (es. in /dist, /test).
2025-11-15 16:36:48,359 - UnicodeAnalyzer - INFO - -> Analizzando versione 1.0.0-dev.20191207.1 (46/465)...
2025-11-15 16:36:48,360 - UnicodeAnalyzer - INFO - Filtrati 3 file (es. in /dist, /test).
2025-11-15 16:36:48,409 - UnicodeAnalyzer - INFO - -> Analizzando versione 1.0.0-dev.20191209.1 (47/465)...
2025-11-15 16:36:48,411 - UnicodeAnalyzer - INFO - Filtrati 3 file (es. in /dist, /test).
2025-11-15 16:36:48,460 - UnicodeAnalyzer - INFO - -> Analizzando versione 1.0.0-dev.20191210.1 (48/465)...
2025-11-15 16:36:48,461 - UnicodeAnalyzer - INFO - Filtrati 3 file (es. in /dist, /test).
2025-11-15 16:36:48,509 - UnicodeAnalyzer - INFO - -> Analizzando versione 1.0.0-dev.20191211.1 (49/465)...
2025-11-15 16:36:48,511 - UnicodeAnalyzer - INFO - Filtrati 3 file (es. in /dist, /test).
2025-11-15 16:36:48,560 - UnicodeAnalyzer - INFO - -> Analizzando versione 1.0.0-dev.20191212.1 (50/465)...
2025-11-15 16:36:48,562 - UnicodeAnalyzer - INFO - Filtrati 3 file (es. in /dist, /test).
2025-11-15 16:36:48,611 - UnicodeAnalyzer - INFO - -> Analizzando versione 1.0.0-dev.20191214.1 (51/465)...
2025-11-15 16:36:48,612 - UnicodeAnalyzer - INFO - Filtrati 3 file (es. in /dist, /test).
2025-11-15 16:36:48,662 - UnicodeAnalyzer - INFO - -> Analizzando versione 1.0.0-dev.20191215.1 (52/465)...
2025-11-15 16:36:48,664 - UnicodeAnalyzer - INFO - Filtrati 3 file (es. in /dist, /test).
2025-11-15 16:36:48,712 - UnicodeAnalyzer - INFO - -> Analizzando versione 1.0.0-dev.20191216.1 (53/465)...
2025-11-15 16:36:48,713 - UnicodeAnalyzer - INFO - Filtrati 3 file (es. in /dist, /test).
2025-11-15 16:36:48,766 - UnicodeAnalyzer - INFO - -> Analizzando versione 1.0.0-dev.20191217.1 (54/465)...
2025-11-15 16:36:48,767 - UnicodeAnalyzer - INFO - Filtrati 3 file (es. in /dist, /test).
2025-11-15 16:36:48,815 - UnicodeAnalyzer - INFO - -> Analizzando versione 1.0.0-dev.20191219.1 (55/465)...
2025-11-15 16:36:48,816 - UnicodeAnalyzer - INFO - Filtrati 3 file (es. in /dist, /test).
2025-11-15 16:36:48,865 - UnicodeAnalyzer - INFO - -> Analizzando versione 1.0.0-dev.20191220.1 (56/465)...
2025-11-15 16:36:48,866 - UnicodeAnalyzer - INFO - Filtrati 3 file (es. in /dist, /test).
2025-11-15 16:36:48,915 - UnicodeAnalyzer - INFO - -> Analizzando versione 1.0.0-dev.20191221.1 (57/465)...
2025-11-15 16:36:48,916 - UnicodeAnalyzer - INFO - Filtrati 3 file (es. in /dist, /test).
2025-11-15 16:36:48,966 - UnicodeAnalyzer - INFO - -> Analizzando versione 1.0.0-dev.20191222.1 (58/465)...
2025-11-15 16:36:48,967 - UnicodeAnalyzer - INFO - Filtrati 3 file (es. in /dist, /test).
2025-11-15 16:36:49,017 - UnicodeAnalyzer - INFO - -> Analizzando versione 1.0.0-dev.20191223.1 (59/465)...
2025-11-15 16:36:49,018 - UnicodeAnalyzer - INFO - Filtrati 3 file (es. in /dist, /test).
2025-11-15 16:36:49,066 - UnicodeAnalyzer - INFO - -> Analizzando versione 1.0.0-dev.20191224.1 (60/465)...
2025-11-15 16:36:49,068 - UnicodeAnalyzer - INFO - Filtrati 3 file (es. in /dist, /test).
2025-11-15 16:36:49,116 - UnicodeAnalyzer - INFO - -> Analizzando versione 1.0.0-dev.20191225.1 (61/465)...
2025-11-15 16:36:49,118 - UnicodeAnalyzer - INFO - Filtrati 3 file (es. in /dist, /test).
2025-11-15 16:36:49,167 - UnicodeAnalyzer - INFO - -> Analizzando versione 1.0.0-dev.20191226.1 (62/465)...
2025-11-15 16:36:49,168 - UnicodeAnalyzer - INFO - Filtrati 3 file (es. in /dist, /test).
2025-11-15 16:36:49,217 - UnicodeAnalyzer - INFO - -> Analizzando versione 1.0.0-dev.20191227.1 (63/465)...
2025-11-15 16:36:49,219 - UnicodeAnalyzer - INFO - Filtrati 3 file (es. in /dist, /test).
2025-11-15 16:36:49,269 - UnicodeAnalyzer - INFO - -> Analizzando versione 1.0.0-dev.20191228.1 (64/465)...
2025-11-15 16:36:49,270 - UnicodeAnalyzer - INFO - Filtrati 3 file (es. in /dist, /test).
2025-11-15 16:36:49,318 - UnicodeAnalyzer - INFO - -> Analizzando versione 1.0.0-dev.20191231.1 (65/465)...
2025-11-15 16:36:49,320 - UnicodeAnalyzer - INFO - Filtrati 3 file (es. in /dist, /test).
2025-11-15 16:36:49,368 - UnicodeAnalyzer - INFO - -> Analizzando versione 1.0.0-dev.20200101.1 (66/465)...
2025-11-15 16:36:49,370 - UnicodeAnalyzer - INFO - Filtrati 3 file (es. in /dist, /test).
2025-11-15 16:36:49,418 - UnicodeAnalyzer - INFO - -> Analizzando versione 1.0.0-dev.20200102.1 (67/465)...
2025-11-15 16:36:49,420 - UnicodeAnalyzer - INFO - Filtrati 3 file (es. in /dist, /test).
2025-11-15 16:36:49,468 - UnicodeAnalyzer - INFO - -> Analizzando versione 1.0.0-dev.20200103.1 (68/465)...
2025-11-15 16:36:49,470 - UnicodeAnalyzer - INFO - Filtrati 3 file (es. in /dist, /test).
2025-11-15 16:36:49,518 - UnicodeAnalyzer - INFO - -> Analizzando versione 1.0.0-dev.20200104.1 (69/465)...
2025-11-15 16:36:49,520 - UnicodeAnalyzer - INFO - Filtrati 3 file (es. in /dist, /test).
2025-11-15 16:36:49,567 - UnicodeAnalyzer - INFO - -> Analizzando versione 1.0.0-dev.20200105.1 (70/465)...
2025-11-15 16:36:49,569 - UnicodeAnalyzer - INFO - Filtrati 3 file (es. in /dist, /test).
2025-11-15 16:36:49,618 - UnicodeAnalyzer - INFO - -> Analizzando versione 1.0.0-dev.20200106.1 (71/465)...
2025-11-15 16:36:49,619 - UnicodeAnalyzer - INFO - Filtrati 3 file (es. in /dist, /test).
2025-11-15 16:36:49,668 - UnicodeAnalyzer - INFO - -> Analizzando versione 1.0.0-dev.20200107.1 (72/465)...
2025-11-15 16:36:49,669 - UnicodeAnalyzer - INFO - Filtrati 3 file (es. in /dist, /test).
2025-11-15 16:36:49,719 - UnicodeAnalyzer - INFO - -> Analizzando versione 1.0.0-dev.20200108.1 (73/465)...
2025-11-15 16:36:49,720 - UnicodeAnalyzer - INFO - Filtrati 3 file (es. in /dist, /test).
2025-11-15 16:36:49,769 - UnicodeAnalyzer - INFO - -> Analizzando versione 1.0.0-dev.20200109.1 (74/465)...
2025-11-15 16:36:49,770 - UnicodeAnalyzer - INFO - Filtrati 3 file (es. in /dist, /test).
2025-11-15 16:36:49,819 - UnicodeAnalyzer - INFO - -> Analizzando versione 1.0.0-dev.20200110.1 (75/465)...
2025-11-15 16:36:49,820 - UnicodeAnalyzer - INFO - Filtrati 3 file (es. in /dist, /test).
2025-11-15 16:36:49,868 - UnicodeAnalyzer - INFO - -> Analizzando versione 1.0.0-dev.20200111.1 (76/465)...
2025-11-15 16:36:49,870 - UnicodeAnalyzer - INFO - Filtrati 3 file (es. in /dist, /test).
2025-11-15 16:36:49,919 - UnicodeAnalyzer - INFO - -> Analizzando versione 1.0.0-dev.20200112.1 (77/465)...
2025-11-15 16:36:49,920 - UnicodeAnalyzer - INFO - Filtrati 3 file (es. in /dist, /test).
2025-11-15 16:36:49,968 - UnicodeAnalyzer - INFO - -> Analizzando versione 1.0.0-dev.20200113.1 (78/465)...
2025-11-15 16:36:49,970 - UnicodeAnalyzer - INFO - Filtrati 3 file (es. in /dist, /test).
2025-11-15 16:36:50,018 - UnicodeAnalyzer - INFO - -> Analizzando versione 1.0.0-dev.20200114.1 (79/465)...
2025-11-15 16:36:50,020 - UnicodeAnalyzer - INFO - Filtrati 3 file (es. in /dist, /test).
2025-11-15 16:36:50,069 - UnicodeAnalyzer - INFO - -> Analizzando versione 1.0.0-dev.20200115.1 (80/465)...
2025-11-15 16:36:50,071 - UnicodeAnalyzer - INFO - Filtrati 3 file (es. in /dist, /test).
2025-11-15 16:36:50,119 - UnicodeAnalyzer - INFO - -> Analizzando versione 1.0.0-dev.20200116.1 (81/465)...
2025-11-15 16:36:50,121 - UnicodeAnalyzer - INFO - Filtrati 3 file (es. in /dist, /test).
2025-11-15 16:36:50,171 - UnicodeAnalyzer - INFO - -> Analizzando versione 1.0.0-dev.20200117.1 (82/465)...
2025-11-15 16:36:50,172 - UnicodeAnalyzer - INFO - Filtrati 3 file (es. in /dist, /test).
2025-11-15 16:36:50,220 - UnicodeAnalyzer - INFO - -> Analizzando versione 1.0.0-dev.20200118.1 (83/465)...
2025-11-15 16:36:50,221 - UnicodeAnalyzer - INFO - Filtrati 3 file (es. in /dist, /test).
2025-11-15 16:36:50,269 - UnicodeAnalyzer - INFO - -> Analizzando versione 1.0.0-dev.20200119.1 (84/465)...
2025-11-15 16:36:50,271 - UnicodeAnalyzer - INFO - Filtrati 3 file (es. in /dist, /test).
2025-11-15 16:36:50,319 - UnicodeAnalyzer - INFO - -> Analizzando versione 1.0.0-dev.20200120.1 (85/465)...
2025-11-15 16:36:50,321 - UnicodeAnalyzer - INFO - Filtrati 3 file (es. in /dist, /test).
2025-11-15 16:36:50,369 - UnicodeAnalyzer - INFO - -> Analizzando versione 1.0.0-dev.20200121.1 (86/465)...
2025-11-15 16:36:50,370 - UnicodeAnalyzer - INFO - Filtrati 3 file (es. in /dist, /test).
2025-11-15 16:36:50,419 - UnicodeAnalyzer - INFO - -> Analizzando versione 1.0.0-dev.20200122.1 (87/465)...
2025-11-15 16:36:50,420 - UnicodeAnalyzer - INFO - Filtrati 3 file (es. in /dist, /test).
2025-11-15 16:36:50,469 - UnicodeAnalyzer - INFO - -> Analizzando versione 1.0.0-dev.20200124.1 (88/465)...
2025-11-15 16:36:50,471 - UnicodeAnalyzer - INFO - Filtrati 3 file (es. in /dist, /test).
2025-11-15 16:36:50,519 - UnicodeAnalyzer - INFO - -> Analizzando versione 1.0.0-dev.20200128.1 (89/465)...
2025-11-15 16:36:50,521 - UnicodeAnalyzer - INFO - Filtrati 3 file (es. in /dist, /test).
2025-11-15 16:36:50,571 - UnicodeAnalyzer - INFO - -> Analizzando versione 1.0.0-dev.20200129.1 (90/465)...
2025-11-15 16:36:50,573 - UnicodeAnalyzer - INFO - Filtrati 3 file (es. in /dist, /test).
2025-11-15 16:36:50,623 - UnicodeAnalyzer - INFO - -> Analizzando versione 1.0.0-dev.20200131.1 (91/465)...
2025-11-15 16:36:50,625 - UnicodeAnalyzer - INFO - Filtrati 3 file (es. in /dist, /test).
2025-11-15 16:36:50,673 - UnicodeAnalyzer - INFO - -> Analizzando versione 1.0.0-dev.20200204.1 (92/465)...
2025-11-15 16:36:50,674 - UnicodeAnalyzer - INFO - Filtrati 3 file (es. in /dist, /test).
2025-11-15 16:36:50,722 - UnicodeAnalyzer - INFO - -> Analizzando versione 1.0.0-dev.20200208.1 (93/465)...
2025-11-15 16:36:50,724 - UnicodeAnalyzer - INFO - Filtrati 3 file (es. in /dist, /test).
2025-11-15 16:36:50,772 - UnicodeAnalyzer - INFO - -> Analizzando versione 1.0.0-dev.20200225.1 (94/465)...
2025-11-15 16:36:50,773 - UnicodeAnalyzer - INFO - Filtrati 3 file (es. in /dist, /test).
2025-11-15 16:36:50,823 - UnicodeAnalyzer - INFO - -> Analizzando versione 1.0.0-dev.20200312.1 (95/465)...
2025-11-15 16:36:50,824 - UnicodeAnalyzer - INFO - Filtrati 3 file (es. in /dist, /test).
2025-11-15 16:36:50,872 - UnicodeAnalyzer - INFO - -> Analizzando versione 1.0.0-dev.20200325.1 (96/465)...
2025-11-15 16:36:50,873 - UnicodeAnalyzer - INFO - Filtrati 3 file (es. in /dist, /test).
2025-11-15 16:36:50,922 - UnicodeAnalyzer - INFO - -> Analizzando versione 1.0.0-dev.20200326.1 (97/465)...
2025-11-15 16:36:50,924 - UnicodeAnalyzer - INFO - Filtrati 3 file (es. in /dist, /test).
2025-11-15 16:36:50,973 - UnicodeAnalyzer - INFO - -> Analizzando versione 1.0.0-dev.20200401.1 (98/465)...
2025-11-15 16:36:50,974 - UnicodeAnalyzer - INFO - Filtrati 3 file (es. in /dist, /test).
2025-11-15 16:36:51,025 - UnicodeAnalyzer - INFO - -> Analizzando versione 1.0.0-dev.20200417.1 (99/465)...
2025-11-15 16:36:51,026 - UnicodeAnalyzer - INFO - Filtrati 3 file (es. in /dist, /test).
2025-11-15 16:36:51,074 - UnicodeAnalyzer - INFO - -> Analizzando versione 1.0.0-dev.20200424.1 (100/465)...
2025-11-15 16:36:51,075 - UnicodeAnalyzer - INFO - Filtrati 3 file (es. in /dist, /test).
2025-11-15 16:36:51,123 - UnicodeAnalyzer - INFO - -> Analizzando versione 1.0.0-dev.20200427.1 (101/465)...
2025-11-15 16:36:51,124 - UnicodeAnalyzer - INFO - Filtrati 3 file (es. in /dist, /test).
2025-11-15 16:36:51,172 - UnicodeAnalyzer - INFO - -> Analizzando versione 1.0.0-dev.20200428.2 (102/465)...
2025-11-15 16:36:51,173 - UnicodeAnalyzer - INFO - Filtrati 3 file (es. in /dist, /test).
2025-11-15 16:36:51,222 - UnicodeAnalyzer - INFO - -> Analizzando versione 1.0.0-dev.20200604.1 (103/465)...
2025-11-15 16:36:51,223 - UnicodeAnalyzer - INFO - Filtrati 3 file (es. in /dist, /test).
2025-11-15 16:36:51,270 - UnicodeAnalyzer - INFO - -> Analizzando versione 1.0.0-dev.20200611.1 (104/465)...
2025-11-15 16:36:51,271 - UnicodeAnalyzer - INFO - Filtrati 3 file (es. in /dist, /test).
2025-11-15 16:36:51,319 - UnicodeAnalyzer - INFO - -> Analizzando versione 1.0.0-dev.20200626.1 (105/465)...
2025-11-15 16:36:51,320 - UnicodeAnalyzer - INFO - Filtrati 3 file (es. in /dist, /test).
2025-11-15 16:36:51,369 - UnicodeAnalyzer - INFO - -> Analizzando versione 1.0.0-dev.20200806.1 (106/465)...
2025-11-15 16:36:51,370 - UnicodeAnalyzer - INFO - Filtrati 3 file (es. in /dist, /test).
2025-11-15 16:36:51,418 - UnicodeAnalyzer - INFO - -> Analizzando versione 1.0.0-dev.20200807.1 (107/465)...
2025-11-15 16:36:51,419 - UnicodeAnalyzer - INFO - Filtrati 3 file (es. in /dist, /test).
2025-11-15 16:36:51,468 - UnicodeAnalyzer - INFO - -> Analizzando versione 1.0.0-preview.1 (108/465)...
2025-11-15 16:36:51,469 - UnicodeAnalyzer - INFO - Filtrati 1 file (es. in /dist, /test).
2025-11-15 16:36:51,520 - UnicodeAnalyzer - INFO - -> Analizzando versione 1.0.0-preview.10 (109/465)...
2025-11-15 16:36:51,522 - UnicodeAnalyzer - INFO - Filtrati 3 file (es. in /dist, /test).
2025-11-15 16:36:51,573 - UnicodeAnalyzer - INFO - -> Analizzando versione 1.0.0-preview.11 (110/465)...
2025-11-15 16:36:51,574 - UnicodeAnalyzer - INFO - Filtrati 3 file (es. in /dist, /test).
2025-11-15 16:36:51,622 - UnicodeAnalyzer - INFO - -> Analizzando versione 1.0.0-preview.12 (111/465)...
2025-11-15 16:36:51,623 - UnicodeAnalyzer - INFO - Filtrati 3 file (es. in /dist, /test).
2025-11-15 16:36:51,671 - UnicodeAnalyzer - INFO - -> Analizzando versione 1.0.0-preview.13 (112/465)...
2025-11-15 16:36:51,672 - UnicodeAnalyzer - INFO - Filtrati 1 file (es. in /dist, /test).
2025-11-15 16:36:51,718 - UnicodeAnalyzer - INFO - -> Analizzando versione 1.0.0-preview.14 (113/465)...
2025-11-15 16:36:51,718 - UnicodeAnalyzer - INFO - Filtrati 1 file (es. in /dist, /test).
2025-11-15 16:36:51,764 - UnicodeAnalyzer - INFO - -> Analizzando versione 1.0.0-preview.2 (114/465)...
2025-11-15 16:36:51,766 - UnicodeAnalyzer - INFO - Filtrati 1 file (es. in /dist, /test).
2025-11-15 16:36:51,816 - UnicodeAnalyzer - INFO - -> Analizzando versione 1.0.0-preview.3 (115/465)...
2025-11-15 16:36:51,818 - UnicodeAnalyzer - INFO - Filtrati 3 file (es. in /dist, /test).
2025-11-15 16:36:51,871 - UnicodeAnalyzer - INFO - -> Analizzando versione 1.0.0-preview.4 (116/465)...
2025-11-15 16:36:51,873 - UnicodeAnalyzer - INFO - Filtrati 3 file (es. in /dist, /test).
2025-11-15 16:36:51,925 - UnicodeAnalyzer - INFO - -> Analizzando versione 1.0.0-preview.5 (117/465)...
2025-11-15 16:36:51,926 - UnicodeAnalyzer - INFO - Filtrati 3 file (es. in /dist, /test).
2025-11-15 16:36:51,980 - UnicodeAnalyzer - INFO - -> Analizzando versione 1.0.0-preview.7 (118/465)...
2025-11-15 16:36:51,981 - UnicodeAnalyzer - INFO - Filtrati 3 file (es. in /dist, /test).
2025-11-15 16:36:52,031 - UnicodeAnalyzer - INFO - -> Analizzando versione 1.0.0-preview.8 (119/465)...
2025-11-15 16:36:52,032 - UnicodeAnalyzer - INFO - Filtrati 3 file (es. in /dist, /test).
2025-11-15 16:36:52,080 - UnicodeAnalyzer - INFO - -> Analizzando versione 1.0.0-preview.9 (120/465)...
2025-11-15 16:36:52,081 - UnicodeAnalyzer - INFO - Filtrati 3 file (es. in /dist, /test).
2025-11-15 16:36:52,130 - UnicodeAnalyzer - INFO - -> Analizzando versione 1.0.1 (121/465)...
2025-11-15 16:36:52,131 - UnicodeAnalyzer - INFO - Filtrati 1 file (es. in /dist, /test).
2025-11-15 16:36:52,177 - UnicodeAnalyzer - INFO - -> Analizzando versione 1.0.1-alpha.20220401.10 (122/465)...
2025-11-15 16:36:52,178 - UnicodeAnalyzer - INFO - Filtrati 1 file (es. in /dist, /test).
2025-11-15 16:36:52,224 - UnicodeAnalyzer - INFO - -> Analizzando versione 1.0.1-alpha.20220406.3 (123/465)...
2025-11-15 16:36:52,225 - UnicodeAnalyzer - INFO - Filtrati 1 file (es. in /dist, /test).
2025-11-15 16:36:52,271 - UnicodeAnalyzer - INFO - -> Analizzando versione 1.0.1-alpha.20220415.2 (124/465)...
2025-11-15 16:36:52,271 - UnicodeAnalyzer - INFO - Filtrati 1 file (es. in /dist, /test).
2025-11-15 16:36:52,318 - UnicodeAnalyzer - INFO - -> Analizzando versione 1.0.1-alpha.20220420.2 (125/465)...
2025-11-15 16:36:52,318 - UnicodeAnalyzer - INFO - Filtrati 1 file (es. in /dist, /test).
2025-11-15 16:36:52,365 - UnicodeAnalyzer - INFO - -> Analizzando versione 1.0.1-alpha.20220421.2 (126/465)...
2025-11-15 16:36:52,365 - UnicodeAnalyzer - INFO - Filtrati 1 file (es. in /dist, /test).
2025-11-15 16:36:52,412 - UnicodeAnalyzer - INFO - -> Analizzando versione 1.0.1-alpha.20220505.3 (127/465)...
2025-11-15 16:36:52,412 - UnicodeAnalyzer - INFO - Filtrati 1 file (es. in /dist, /test).
2025-11-15 16:36:52,458 - UnicodeAnalyzer - INFO - -> Analizzando versione 1.0.2-alpha.20220506.2 (128/465)...
2025-11-15 16:36:52,459 - UnicodeAnalyzer - INFO - Filtrati 1 file (es. in /dist, /test).
2025-11-15 16:36:52,507 - UnicodeAnalyzer - INFO - -> Analizzando versione 1.0.2-alpha.20220518.2 (129/465)...
2025-11-15 16:36:52,508 - UnicodeAnalyzer - INFO - Filtrati 1 file (es. in /dist, /test).
2025-11-15 16:36:52,554 - UnicodeAnalyzer - INFO - -> Analizzando versione 1.0.2-alpha.20220523.1 (130/465)...
2025-11-15 16:36:52,555 - UnicodeAnalyzer - INFO - Filtrati 1 file (es. in /dist, /test).
2025-11-15 16:36:52,602 - UnicodeAnalyzer - INFO - -> Analizzando versione 1.0.2-alpha.20220923.1 (131/465)...
2025-11-15 16:36:52,602 - UnicodeAnalyzer - INFO - Filtrati 1 file (es. in /dist, /test).
2025-11-15 16:36:52,652 - UnicodeAnalyzer - INFO - -> Analizzando versione 1.0.2-alpha.20221020.2 (132/465)...
2025-11-15 16:36:52,653 - UnicodeAnalyzer - INFO - Filtrati 1 file (es. in /dist, /test).
2025-11-15 16:36:52,700 - UnicodeAnalyzer - INFO - -> Analizzando versione 1.0.2-alpha.20221107.4 (133/465)...
2025-11-15 16:36:52,701 - UnicodeAnalyzer - INFO - Filtrati 1 file (es. in /dist, /test).
2025-11-15 16:36:52,746 - UnicodeAnalyzer - INFO - -> Analizzando versione 1.0.2-alpha.20230307.4 (134/465)...
2025-11-15 16:36:52,747 - UnicodeAnalyzer - INFO - Filtrati 1 file (es. in /dist, /test).
2025-11-15 16:36:52,793 - UnicodeAnalyzer - INFO - -> Analizzando versione 1.0.2-alpha.20230419.2 (135/465)...
2025-11-15 16:36:52,794 - UnicodeAnalyzer - INFO - Filtrati 1 file (es. in /dist, /test).
2025-11-15 16:36:52,840 - UnicodeAnalyzer - INFO - -> Analizzando versione 1.0.2-alpha.20230613.2 (136/465)...
2025-11-15 16:36:52,841 - UnicodeAnalyzer - INFO - Filtrati 1 file (es. in /dist, /test).
2025-11-15 16:36:52,887 - UnicodeAnalyzer - INFO - -> Analizzando versione 1.0.2-alpha.20230727.2 (137/465)...
2025-11-15 16:36:52,888 - UnicodeAnalyzer - INFO - Filtrati 1 file (es. in /dist, /test).
2025-11-15 16:36:52,934 - UnicodeAnalyzer - INFO - -> Analizzando versione 1.0.2-alpha.20230824.1 (138/465)...
2025-11-15 16:36:52,935 - UnicodeAnalyzer - INFO - Filtrati 1 file (es. in /dist, /test).
2025-11-15 16:36:52,981 - UnicodeAnalyzer - INFO - -> Analizzando versione 1.0.2-alpha.20230904.1 (139/465)...
2025-11-15 16:36:52,982 - UnicodeAnalyzer - INFO - Filtrati 1 file (es. in /dist, /test).
2025-11-15 16:36:53,030 - UnicodeAnalyzer - INFO - -> Analizzando versione 1.0.2-alpha.20230925.3 (140/465)...
2025-11-15 16:36:53,030 - UnicodeAnalyzer - INFO - Filtrati 1 file (es. in /dist, /test).
2025-11-15 16:36:53,077 - UnicodeAnalyzer - INFO - -> Analizzando versione 1.0.2-alpha.20231002.2 (141/465)...
2025-11-15 16:36:53,077 - UnicodeAnalyzer - INFO - Filtrati 1 file (es. in /dist, /test).
2025-11-15 16:36:53,124 - UnicodeAnalyzer - INFO - -> Analizzando versione 1.0.2-alpha.20231010.2 (142/465)...
2025-11-15 16:36:53,124 - UnicodeAnalyzer - INFO - Filtrati 1 file (es. in /dist, /test).
2025-11-15 16:36:53,172 - UnicodeAnalyzer - INFO - -> Analizzando versione 1.0.2-alpha.20231024.1 (143/465)...
2025-11-15 16:36:53,172 - UnicodeAnalyzer - INFO - Filtrati 1 file (es. in /dist, /test).
2025-11-15 16:36:53,218 - UnicodeAnalyzer - INFO - -> Analizzando versione 1.0.2-alpha.20231031.3 (144/465)...
2025-11-15 16:36:53,219 - UnicodeAnalyzer - INFO - Filtrati 1 file (es. in /dist, /test).
2025-11-15 16:36:53,270 - UnicodeAnalyzer - INFO - -> Analizzando versione 1.0.2-alpha.20231102.2 (145/465)...
2025-11-15 16:36:53,271 - UnicodeAnalyzer - INFO - Filtrati 1 file (es. in /dist, /test).
2025-11-15 16:36:53,316 - UnicodeAnalyzer - INFO - -> Analizzando versione 1.0.2-alpha.20231107.1 (146/465)...
2025-11-15 16:36:53,317 - UnicodeAnalyzer - INFO - Filtrati 1 file (es. in /dist, /test).
2025-11-15 16:36:53,364 - UnicodeAnalyzer - INFO - -> Analizzando versione 1.0.2-alpha.20231120.4 (147/465)...
2025-11-15 16:36:53,364 - UnicodeAnalyzer - INFO - Filtrati 1 file (es. in /dist, /test).
2025-11-15 16:36:53,410 - UnicodeAnalyzer - INFO - -> Analizzando versione 1.0.2-alpha.20231206.3 (148/465)...
2025-11-15 16:36:53,411 - UnicodeAnalyzer - INFO - Filtrati 1 file (es. in /dist, /test).
2025-11-15 16:36:53,458 - UnicodeAnalyzer - INFO - -> Analizzando versione 1.0.2-alpha.20231213.2 (149/465)...
2025-11-15 16:36:53,459 - UnicodeAnalyzer - INFO - Filtrati 1 file (es. in /dist, /test).
2025-11-15 16:36:53,506 - UnicodeAnalyzer - INFO - -> Analizzando versione 1.0.2-alpha.20240101.1 (150/465)...
2025-11-15 16:36:53,506 - UnicodeAnalyzer - INFO - Filtrati 1 file (es. in /dist, /test).
2025-11-15 16:36:53,553 - UnicodeAnalyzer - INFO - -> Analizzando versione 1.0.2-alpha.20240202.3 (151/465)...
2025-11-15 16:36:53,553 - UnicodeAnalyzer - INFO - Filtrati 1 file (es. in /dist, /test).
2025-11-15 16:36:53,601 - UnicodeAnalyzer - INFO - -> Analizzando versione 1.0.2-alpha.20240223.2 (152/465)...
2025-11-15 16:36:53,603 - UnicodeAnalyzer - INFO - Filtrati 24 file (es. in /dist, /test).
2025-11-15 16:36:53,603 - UnicodeAnalyzer - INFO - -> Analizzando versione 1.0.2-alpha.20240226.1 (153/465)...
2025-11-15 16:36:53,604 - UnicodeAnalyzer - INFO - Filtrati 24 file (es. in /dist, /test).
2025-11-15 16:36:53,604 - UnicodeAnalyzer - INFO - -> Analizzando versione 1.0.2-alpha.20240226.9 (154/465)...
2025-11-15 16:36:53,605 - UnicodeAnalyzer - INFO - Filtrati 24 file (es. in /dist, /test).
2025-11-15 16:36:53,605 - UnicodeAnalyzer - INFO - -> Analizzando versione 1.0.2-alpha.20240228.1 (155/465)...
2025-11-15 16:36:53,606 - UnicodeAnalyzer - INFO - Filtrati 24 file (es. in /dist, /test).
2025-11-15 16:36:53,606 - UnicodeAnalyzer - INFO - -> Analizzando versione 1.1.0 (156/465)...
2025-11-15 16:36:53,607 - UnicodeAnalyzer - INFO - Filtrati 24 file (es. in /dist, /test).
2025-11-15 16:36:53,607 - UnicodeAnalyzer - INFO - -> Analizzando versione 1.1.0-alpha.20240314.2 (157/465)...
2025-11-15 16:36:53,608 - UnicodeAnalyzer - INFO - Filtrati 24 file (es. in /dist, /test).
2025-11-15 16:36:53,608 - UnicodeAnalyzer - INFO - -> Analizzando versione 1.1.1 (158/465)...
2025-11-15 16:36:53,609 - UnicodeAnalyzer - INFO - Filtrati 24 file (es. in /dist, /test).
2025-11-15 16:36:53,609 - UnicodeAnalyzer - INFO - -> Analizzando versione 1.1.1-alpha.20240320.4 (159/465)...
2025-11-15 16:36:53,610 - UnicodeAnalyzer - INFO - Filtrati 24 file (es. in /dist, /test).
2025-11-15 16:36:53,610 - UnicodeAnalyzer - INFO - -> Analizzando versione 1.1.2 (160/465)...
2025-11-15 16:36:53,611 - UnicodeAnalyzer - INFO - Filtrati 24 file (es. in /dist, /test).
2025-11-15 16:36:53,612 - UnicodeAnalyzer - INFO - -> Analizzando versione 1.1.2-alpha.20240322.2 (161/465)...
2025-11-15 16:36:53,613 - UnicodeAnalyzer - INFO - Filtrati 24 file (es. in /dist, /test).
2025-11-15 16:36:53,613 - UnicodeAnalyzer - INFO - -> Analizzando versione 1.1.2-alpha.20240329.3 (162/465)...
2025-11-15 16:36:53,614 - UnicodeAnalyzer - INFO - Filtrati 24 file (es. in /dist, /test).
2025-11-15 16:36:53,614 - UnicodeAnalyzer - INFO - -> Analizzando versione 1.1.2-alpha.20240410.4 (163/465)...
2025-11-15 16:36:53,615 - UnicodeAnalyzer - INFO - Filtrati 24 file (es. in /dist, /test).
2025-11-15 16:36:53,615 - UnicodeAnalyzer - INFO - -> Analizzando versione 1.1.2-alpha.20240411.3 (164/465)...
2025-11-15 16:36:53,616 - UnicodeAnalyzer - INFO - Filtrati 24 file (es. in /dist, /test).
2025-11-15 16:36:53,616 - UnicodeAnalyzer - INFO - -> Analizzando versione 1.1.3-alpha.20240412.3 (165/465)...
2025-11-15 16:36:53,617 - UnicodeAnalyzer - INFO - Filtrati 24 file (es. in /dist, /test).
2025-11-15 16:36:53,617 - UnicodeAnalyzer - INFO - -> Analizzando versione 1.1.3-alpha.20240415.4 (166/465)...
2025-11-15 16:36:53,618 - UnicodeAnalyzer - INFO - Filtrati 24 file (es. in /dist, /test).
2025-11-15 16:36:53,618 - UnicodeAnalyzer - INFO - -> Analizzando versione 1.1.3-alpha.20240416.4 (167/465)...
2025-11-15 16:36:53,619 - UnicodeAnalyzer - INFO - Filtrati 24 file (es. in /dist, /test).
2025-11-15 16:36:53,619 - UnicodeAnalyzer - INFO - -> Analizzando versione 1.1.3-alpha.20240418.3 (168/465)...
2025-11-15 16:36:53,620 - UnicodeAnalyzer - INFO - Filtrati 24 file (es. in /dist, /test).
2025-11-15 16:36:53,620 - UnicodeAnalyzer - INFO - -> Analizzando versione 1.1.3-alpha.20240419.1 (169/465)...
2025-11-15 16:36:53,621 - UnicodeAnalyzer - INFO - Filtrati 24 file (es. in /dist, /test).
2025-11-15 16:36:53,621 - UnicodeAnalyzer - INFO - -> Analizzando versione 1.1.3-alpha.20240423.2 (170/465)...
2025-11-15 16:36:53,622 - UnicodeAnalyzer - INFO - Filtrati 24 file (es. in /dist, /test).
2025-11-15 16:36:53,622 - UnicodeAnalyzer - INFO - -> Analizzando versione 1.1.3-alpha.20240424.3 (171/465)...
2025-11-15 16:36:53,624 - UnicodeAnalyzer - INFO - Filtrati 24 file (es. in /dist, /test).
2025-11-15 16:36:53,624 - UnicodeAnalyzer - INFO - -> Analizzando versione 1.1.3-alpha.20240425.2 (172/465)...
2025-11-15 16:36:53,625 - UnicodeAnalyzer - INFO - Filtrati 24 file (es. in /dist, /test).
2025-11-15 16:36:53,625 - UnicodeAnalyzer - INFO - -> Analizzando versione 1.1.3-alpha.20240426.4 (173/465)...
2025-11-15 16:36:53,626 - UnicodeAnalyzer - INFO - Filtrati 24 file (es. in /dist, /test).
2025-11-15 16:36:53,626 - UnicodeAnalyzer - INFO - -> Analizzando versione 1.1.3-alpha.20240429.3 (174/465)...
2025-11-15 16:36:53,627 - UnicodeAnalyzer - INFO - Filtrati 24 file (es. in /dist, /test).
2025-11-15 16:36:53,627 - UnicodeAnalyzer - INFO - -> Analizzando versione 1.1.3-alpha.20240501.2 (175/465)...
2025-11-15 16:36:53,628 - UnicodeAnalyzer - INFO - Filtrati 24 file (es. in /dist, /test).
2025-11-15 16:36:53,628 - UnicodeAnalyzer - INFO - -> Analizzando versione 1.1.3-alpha.20240502.4 (176/465)...
2025-11-15 16:36:53,629 - UnicodeAnalyzer - INFO - Filtrati 24 file (es. in /dist, /test).
2025-11-15 16:36:53,629 - UnicodeAnalyzer - INFO - -> Analizzando versione 1.1.3-alpha.20240503.1 (177/465)...
2025-11-15 16:36:53,630 - UnicodeAnalyzer - INFO - Filtrati 24 file (es. in /dist, /test).
2025-11-15 16:36:53,630 - UnicodeAnalyzer - INFO - -> Analizzando versione 1.1.3-alpha.20240506.1 (178/465)...
2025-11-15 16:36:53,631 - UnicodeAnalyzer - INFO - Filtrati 24 file (es. in /dist, /test).
2025-11-15 16:36:53,631 - UnicodeAnalyzer - INFO - -> Analizzando versione 1.1.3-alpha.20240507.2 (179/465)...
2025-11-15 16:36:53,632 - UnicodeAnalyzer - INFO - Filtrati 24 file (es. in /dist, /test).
2025-11-15 16:36:53,632 - UnicodeAnalyzer - INFO - -> Analizzando versione 1.1.3-alpha.20240508.2 (180/465)...
2025-11-15 16:36:53,633 - UnicodeAnalyzer - INFO - Filtrati 24 file (es. in /dist, /test).
2025-11-15 16:36:53,633 - UnicodeAnalyzer - INFO - -> Analizzando versione 1.1.3-alpha.20240509.1 (181/465)...
2025-11-15 16:36:53,634 - UnicodeAnalyzer - INFO - Filtrati 24 file (es. in /dist, /test).
2025-11-15 16:36:53,635 - UnicodeAnalyzer - INFO - -> Analizzando versione 1.1.3-alpha.20240510.3 (182/465)...
2025-11-15 16:36:53,636 - UnicodeAnalyzer - INFO - Filtrati 24 file (es. in /dist, /test).
2025-11-15 16:36:53,636 - UnicodeAnalyzer - INFO - -> Analizzando versione 1.1.3-alpha.20240513.1 (183/465)...
2025-11-15 16:36:53,637 - UnicodeAnalyzer - INFO - Filtrati 24 file (es. in /dist, /test).
2025-11-15 16:36:53,637 - UnicodeAnalyzer - INFO - -> Analizzando versione 1.1.3-alpha.20240514.3 (184/465)...
2025-11-15 16:36:53,638 - UnicodeAnalyzer - INFO - Filtrati 24 file (es. in /dist, /test).
2025-11-15 16:36:53,638 - UnicodeAnalyzer - INFO - -> Analizzando versione 1.1.3-alpha.20240515.1 (185/465)...
2025-11-15 16:36:53,639 - UnicodeAnalyzer - INFO - Filtrati 24 file (es. in /dist, /test).
2025-11-15 16:36:53,639 - UnicodeAnalyzer - INFO - -> Analizzando versione 1.1.3-alpha.20240516.2 (186/465)...
2025-11-15 16:36:53,640 - UnicodeAnalyzer - INFO - Filtrati 24 file (es. in /dist, /test).
2025-11-15 16:36:53,640 - UnicodeAnalyzer - INFO - -> Analizzando versione 1.1.3-alpha.20240517.1 (187/465)...
2025-11-15 16:36:53,641 - UnicodeAnalyzer - INFO - Filtrati 24 file (es. in /dist, /test).
2025-11-15 16:36:53,641 - UnicodeAnalyzer - INFO - -> Analizzando versione 1.1.3-alpha.20240520.1 (188/465)...
2025-11-15 16:36:53,642 - UnicodeAnalyzer - INFO - Filtrati 24 file (es. in /dist, /test).
2025-11-15 16:36:53,642 - UnicodeAnalyzer - INFO - -> Analizzando versione 1.1.3-alpha.20240521.1 (189/465)...
2025-11-15 16:36:53,643 - UnicodeAnalyzer - INFO - Filtrati 24 file (es. in /dist, /test).
2025-11-15 16:36:53,643 - UnicodeAnalyzer - INFO - -> Analizzando versione 1.1.3-alpha.20240522.4 (190/465)...
2025-11-15 16:36:53,644 - UnicodeAnalyzer - INFO - Filtrati 24 file (es. in /dist, /test).
2025-11-15 16:36:53,644 - UnicodeAnalyzer - INFO - -> Analizzando versione 1.1.3-alpha.20240523.4 (191/465)...
2025-11-15 16:36:53,645 - UnicodeAnalyzer - INFO - Filtrati 24 file (es. in /dist, /test).
2025-11-15 16:36:53,645 - UnicodeAnalyzer - INFO - -> Analizzando versione 1.1.3-alpha.20240524.1 (192/465)...
2025-11-15 16:36:53,646 - UnicodeAnalyzer - INFO - Filtrati 24 file (es. in /dist, /test).
2025-11-15 16:36:53,647 - UnicodeAnalyzer - INFO - -> Analizzando versione 1.1.3-alpha.20240527.1 (193/465)...
2025-11-15 16:36:53,648 - UnicodeAnalyzer - INFO - Filtrati 24 file (es. in /dist, /test).
2025-11-15 16:36:53,648 - UnicodeAnalyzer - INFO - -> Analizzando versione 1.1.3-alpha.20240528.2 (194/465)...
2025-11-15 16:36:53,649 - UnicodeAnalyzer - INFO - Filtrati 24 file (es. in /dist, /test).
2025-11-15 16:36:53,649 - UnicodeAnalyzer - INFO - -> Analizzando versione 1.1.3-alpha.20240529.1 (195/465)...
2025-11-15 16:36:53,650 - UnicodeAnalyzer - INFO - Filtrati 24 file (es. in /dist, /test).
2025-11-15 16:36:53,650 - UnicodeAnalyzer - INFO - -> Analizzando versione 1.1.3-alpha.20240530.3 (196/465)...
2025-11-15 16:36:53,651 - UnicodeAnalyzer - INFO - Filtrati 24 file (es. in /dist, /test).
2025-11-15 16:36:53,651 - UnicodeAnalyzer - INFO - -> Analizzando versione 1.1.3-alpha.20240604.1 (197/465)...
2025-11-15 16:36:53,652 - UnicodeAnalyzer - INFO - Filtrati 24 file (es. in /dist, /test).
2025-11-15 16:36:53,652 - UnicodeAnalyzer - INFO - -> Analizzando versione 1.1.3-alpha.20240605.2 (198/465)...
2025-11-15 16:36:53,653 - UnicodeAnalyzer - INFO - Filtrati 24 file (es. in /dist, /test).
2025-11-15 16:36:53,653 - UnicodeAnalyzer - INFO - -> Analizzando versione 1.1.3-alpha.20240606.1 (199/465)...
2025-11-15 16:36:53,654 - UnicodeAnalyzer - INFO - Filtrati 24 file (es. in /dist, /test).
2025-11-15 16:36:53,654 - UnicodeAnalyzer - INFO - -> Analizzando versione 1.1.3-alpha.20240607.1 (200/465)...
2025-11-15 16:36:53,655 - UnicodeAnalyzer - INFO - Filtrati 24 file (es. in /dist, /test).
2025-11-15 16:36:53,655 - UnicodeAnalyzer - INFO - -> Analizzando versione 1.1.3-alpha.20240610.1 (201/465)...
2025-11-15 16:36:53,656 - UnicodeAnalyzer - INFO - Filtrati 24 file (es. in /dist, /test).
2025-11-15 16:36:53,656 - UnicodeAnalyzer - INFO - -> Analizzando versione 1.1.3-alpha.20240611.3 (202/465)...
2025-11-15 16:36:53,657 - UnicodeAnalyzer - INFO - Filtrati 24 file (es. in /dist, /test).
2025-11-15 16:36:53,657 - UnicodeAnalyzer - INFO - -> Analizzando versione 1.1.3-alpha.20240613.1 (203/465)...
2025-11-15 16:36:53,658 - UnicodeAnalyzer - INFO - Filtrati 24 file (es. in /dist, /test).
2025-11-15 16:36:53,658 - UnicodeAnalyzer - INFO - -> Analizzando versione 1.1.3-alpha.20240614.3 (204/465)...
2025-11-15 16:36:53,659 - UnicodeAnalyzer - INFO - Filtrati 24 file (es. in /dist, /test).
2025-11-15 16:36:53,660 - UnicodeAnalyzer - INFO - -> Analizzando versione 1.1.3-alpha.20240618.1 (205/465)...
2025-11-15 16:36:53,661 - UnicodeAnalyzer - INFO - Filtrati 24 file (es. in /dist, /test).
2025-11-15 16:36:53,661 - UnicodeAnalyzer - INFO - -> Analizzando versione 1.1.3-alpha.20240619.3 (206/465)...
2025-11-15 16:36:53,662 - UnicodeAnalyzer - INFO - Filtrati 24 file (es. in /dist, /test).
2025-11-15 16:36:53,662 - UnicodeAnalyzer - INFO - -> Analizzando versione 1.1.3-alpha.20240621.10 (207/465)...
2025-11-15 16:36:53,663 - UnicodeAnalyzer - INFO - Filtrati 24 file (es. in /dist, /test).
2025-11-15 16:36:53,663 - UnicodeAnalyzer - INFO - -> Analizzando versione 1.1.3-alpha.20240625.1 (208/465)...
2025-11-15 16:36:53,664 - UnicodeAnalyzer - INFO - Filtrati 24 file (es. in /dist, /test).
2025-11-15 16:36:53,664 - UnicodeAnalyzer - INFO - -> Analizzando versione 1.1.3-alpha.20240626.1 (209/465)...
2025-11-15 16:36:53,665 - UnicodeAnalyzer - INFO - Filtrati 24 file (es. in /dist, /test).
2025-11-15 16:36:53,665 - UnicodeAnalyzer - INFO - -> Analizzando versione 1.1.3-alpha.20240627.5 (210/465)...
2025-11-15 16:36:53,666 - UnicodeAnalyzer - INFO - Filtrati 24 file (es. in /dist, /test).
2025-11-15 16:36:53,666 - UnicodeAnalyzer - INFO - -> Analizzando versione 1.1.3-alpha.20240628.2 (211/465)...
2025-11-15 16:36:53,667 - UnicodeAnalyzer - INFO - Filtrati 24 file (es. in /dist, /test).
2025-11-15 16:36:53,667 - UnicodeAnalyzer - INFO - -> Analizzando versione 1.1.3-alpha.20240701.3 (212/465)...
2025-11-15 16:36:53,668 - UnicodeAnalyzer - INFO - Filtrati 24 file (es. in /dist, /test).
2025-11-15 16:36:53,668 - UnicodeAnalyzer - INFO - -> Analizzando versione 1.1.3-alpha.20240704.2 (213/465)...
2025-11-15 16:36:53,669 - UnicodeAnalyzer - INFO - Filtrati 24 file (es. in /dist, /test).
2025-11-15 16:36:53,669 - UnicodeAnalyzer - INFO - -> Analizzando versione 1.1.3-alpha.20240705.2 (214/465)...
2025-11-15 16:36:53,670 - UnicodeAnalyzer - INFO - Filtrati 24 file (es. in /dist, /test).
2025-11-15 16:36:53,670 - UnicodeAnalyzer - INFO - -> Analizzando versione 1.1.3-alpha.20240709.3 (215/465)...
2025-11-15 16:36:53,671 - UnicodeAnalyzer - INFO - Filtrati 24 file (es. in /dist, /test).
2025-11-15 16:36:53,671 - UnicodeAnalyzer - INFO - -> Analizzando versione 1.1.3-alpha.20240710.2 (216/465)...
2025-11-15 16:36:53,672 - UnicodeAnalyzer - INFO - Filtrati 24 file (es. in /dist, /test).
2025-11-15 16:36:53,672 - UnicodeAnalyzer - INFO - -> Analizzando versione 1.1.3-alpha.20240711.2 (217/465)...
2025-11-15 16:36:53,673 - UnicodeAnalyzer - INFO - Filtrati 24 file (es. in /dist, /test).
2025-11-15 16:36:53,674 - UnicodeAnalyzer - INFO - -> Analizzando versione 1.1.3-alpha.20240715.2 (218/465)...
2025-11-15 16:36:53,675 - UnicodeAnalyzer - INFO - Filtrati 24 file (es. in /dist, /test).
2025-11-15 16:36:53,675 - UnicodeAnalyzer - INFO - -> Analizzando versione 1.1.3-alpha.20240716.2 (219/465)...
2025-11-15 16:36:53,676 - UnicodeAnalyzer - INFO - Filtrati 24 file (es. in /dist, /test).
2025-11-15 16:36:53,676 - UnicodeAnalyzer - INFO - -> Analizzando versione 1.1.3-alpha.20240718.1 (220/465)...
2025-11-15 16:36:53,677 - UnicodeAnalyzer - INFO - Filtrati 24 file (es. in /dist, /test).
2025-11-15 16:36:53,677 - UnicodeAnalyzer - INFO - -> Analizzando versione 1.1.3-alpha.20240719.1 (221/465)...
2025-11-15 16:36:53,678 - UnicodeAnalyzer - INFO - Filtrati 24 file (es. in /dist, /test).
2025-11-15 16:36:53,678 - UnicodeAnalyzer - INFO - -> Analizzando versione 1.1.3-alpha.20240722.3 (222/465)...
2025-11-15 16:36:53,679 - UnicodeAnalyzer - INFO - Filtrati 24 file (es. in /dist, /test).
2025-11-15 16:36:53,679 - UnicodeAnalyzer - INFO - -> Analizzando versione 1.1.3-alpha.20240723.2 (223/465)...
2025-11-15 16:36:53,680 - UnicodeAnalyzer - INFO - Filtrati 24 file (es. in /dist, /test).
2025-11-15 16:36:53,680 - UnicodeAnalyzer - INFO - -> Analizzando versione 1.1.3-alpha.20240724.2 (224/465)...
2025-11-15 16:36:53,681 - UnicodeAnalyzer - INFO - Filtrati 24 file (es. in /dist, /test).
2025-11-15 16:36:53,681 - UnicodeAnalyzer - INFO - -> Analizzando versione 1.1.3-alpha.20240725.2 (225/465)...
2025-11-15 16:36:53,682 - UnicodeAnalyzer - INFO - Filtrati 24 file (es. in /dist, /test).
2025-11-15 16:36:53,682 - UnicodeAnalyzer - INFO - -> Analizzando versione 1.1.3-alpha.20240729.3 (226/465)...
2025-11-15 16:36:53,683 - UnicodeAnalyzer - INFO - Filtrati 24 file (es. in /dist, /test).
2025-11-15 16:36:53,683 - UnicodeAnalyzer - INFO - -> Analizzando versione 1.1.3-alpha.20240730.3 (227/465)...
2025-11-15 16:36:53,684 - UnicodeAnalyzer - INFO - Filtrati 24 file (es. in /dist, /test).
2025-11-15 16:36:53,684 - UnicodeAnalyzer - INFO - -> Analizzando versione 1.1.3-alpha.20240731.2 (228/465)...
2025-11-15 16:36:53,685 - UnicodeAnalyzer - INFO - Filtrati 24 file (es. in /dist, /test).
2025-11-15 16:36:53,685 - UnicodeAnalyzer - INFO - -> Analizzando versione 1.1.3-alpha.20240801.3 (229/465)...
2025-11-15 16:36:53,687 - UnicodeAnalyzer - INFO - Filtrati 24 file (es. in /dist, /test).
2025-11-15 16:36:53,687 - UnicodeAnalyzer - INFO - -> Analizzando versione 1.1.3-alpha.20240802.1 (230/465)...
2025-11-15 16:36:53,688 - UnicodeAnalyzer - INFO - Filtrati 24 file (es. in /dist, /test).
2025-11-15 16:36:53,688 - UnicodeAnalyzer - INFO - -> Analizzando versione 1.1.3-alpha.20240806.1 (231/465)...
2025-11-15 16:36:53,689 - UnicodeAnalyzer - INFO - Filtrati 24 file (es. in /dist, /test).
2025-11-15 16:36:53,689 - UnicodeAnalyzer - INFO - -> Analizzando versione 1.1.3-alpha.20240807.4 (232/465)...
2025-11-15 16:36:53,690 - UnicodeAnalyzer - INFO - Filtrati 24 file (es. in /dist, /test).
2025-11-15 16:36:53,690 - UnicodeAnalyzer - INFO - -> Analizzando versione 1.1.3-alpha.20240808.1 (233/465)...
2025-11-15 16:36:53,691 - UnicodeAnalyzer - INFO - Filtrati 24 file (es. in /dist, /test).
2025-11-15 16:36:53,691 - UnicodeAnalyzer - INFO - -> Analizzando versione 1.1.3-alpha.20240809.2 (234/465)...
2025-11-15 16:36:53,692 - UnicodeAnalyzer - INFO - Filtrati 24 file (es. in /dist, /test).
2025-11-15 16:36:53,692 - UnicodeAnalyzer - INFO - -> Analizzando versione 1.1.3-alpha.20240813.2 (235/465)...
2025-11-15 16:36:53,693 - UnicodeAnalyzer - INFO - Filtrati 24 file (es. in /dist, /test).
2025-11-15 16:36:53,693 - UnicodeAnalyzer - INFO - -> Analizzando versione 1.1.3-alpha.20240814.1 (236/465)...
2025-11-15 16:36:53,694 - UnicodeAnalyzer - INFO - Filtrati 24 file (es. in /dist, /test).
2025-11-15 16:36:53,694 - UnicodeAnalyzer - INFO - -> Analizzando versione 1.1.3-alpha.20240815.2 (237/465)...
2025-11-15 16:36:53,695 - UnicodeAnalyzer - INFO - Filtrati 24 file (es. in /dist, /test).
2025-11-15 16:36:53,695 - UnicodeAnalyzer - INFO - -> Analizzando versione 1.1.3-alpha.20240816.2 (238/465)...
2025-11-15 16:36:53,696 - UnicodeAnalyzer - INFO - Filtrati 24 file (es. in /dist, /test).
2025-11-15 16:36:53,696 - UnicodeAnalyzer - INFO - -> Analizzando versione 1.1.3-alpha.20240819.2 (239/465)...
2025-11-15 16:36:53,697 - UnicodeAnalyzer - INFO - Filtrati 24 file (es. in /dist, /test).
2025-11-15 16:36:53,697 - UnicodeAnalyzer - INFO - -> Analizzando versione 1.1.3-alpha.20240820.8 (240/465)...
2025-11-15 16:36:53,698 - UnicodeAnalyzer - INFO - Filtrati 24 file (es. in /dist, /test).
2025-11-15 16:36:53,698 - UnicodeAnalyzer - INFO - -> Analizzando versione 1.1.3-alpha.20240821.4 (241/465)...
2025-11-15 16:36:53,699 - UnicodeAnalyzer - INFO - Filtrati 24 file (es. in /dist, /test).
2025-11-15 16:36:53,700 - UnicodeAnalyzer - INFO - -> Analizzando versione 1.1.3-alpha.20240822.3 (242/465)...
2025-11-15 16:36:53,701 - UnicodeAnalyzer - INFO - Filtrati 24 file (es. in /dist, /test).
2025-11-15 16:36:53,701 - UnicodeAnalyzer - INFO - -> Analizzando versione 1.1.3-alpha.20240823.1 (243/465)...
2025-11-15 16:36:53,702 - UnicodeAnalyzer - INFO - Filtrati 24 file (es. in /dist, /test).
2025-11-15 16:36:53,702 - UnicodeAnalyzer - INFO - -> Analizzando versione 1.1.3-alpha.20240826.2 (244/465)...
2025-11-15 16:36:53,703 - UnicodeAnalyzer - INFO - Filtrati 24 file (es. in /dist, /test).
2025-11-15 16:36:53,703 - UnicodeAnalyzer - INFO - -> Analizzando versione 1.1.3-alpha.20240828.1 (245/465)...
2025-11-15 16:36:53,704 - UnicodeAnalyzer - INFO - Filtrati 24 file (es. in /dist, /test).
2025-11-15 16:36:53,704 - UnicodeAnalyzer - INFO - -> Analizzando versione 1.1.3-alpha.20240829.2 (246/465)...
2025-11-15 16:36:53,705 - UnicodeAnalyzer - INFO - Filtrati 24 file (es. in /dist, /test).
2025-11-15 16:36:53,705 - UnicodeAnalyzer - INFO - -> Analizzando versione 1.1.3-alpha.20240830.2 (247/465)...
2025-11-15 16:36:53,706 - UnicodeAnalyzer - INFO - Filtrati 24 file (es. in /dist, /test).
2025-11-15 16:36:53,706 - UnicodeAnalyzer - INFO - -> Analizzando versione 1.1.3-alpha.20240902.1 (248/465)...
2025-11-15 16:36:53,707 - UnicodeAnalyzer - INFO - Filtrati 24 file (es. in /dist, /test).
2025-11-15 16:36:53,707 - UnicodeAnalyzer - INFO - -> Analizzando versione 1.1.3-alpha.20240903.2 (249/465)...
2025-11-15 16:36:53,708 - UnicodeAnalyzer - INFO - Filtrati 24 file (es. in /dist, /test).
2025-11-15 16:36:53,708 - UnicodeAnalyzer - INFO - -> Analizzando versione 1.1.3-alpha.20240905.2 (250/465)...
2025-11-15 16:36:53,709 - UnicodeAnalyzer - INFO - Filtrati 24 file (es. in /dist, /test).
2025-11-15 16:36:53,709 - UnicodeAnalyzer - INFO - -> Analizzando versione 1.1.3-alpha.20240906.2 (251/465)...
2025-11-15 16:36:53,710 - UnicodeAnalyzer - INFO - Filtrati 24 file (es. in /dist, /test).
2025-11-15 16:36:53,710 - UnicodeAnalyzer - INFO - -> Analizzando versione 1.1.3-alpha.20240909.1 (252/465)...
2025-11-15 16:36:53,711 - UnicodeAnalyzer - INFO - Filtrati 24 file (es. in /dist, /test).
2025-11-15 16:36:53,711 - UnicodeAnalyzer - INFO - -> Analizzando versione 1.1.3-alpha.20240912.4 (253/465)...
2025-11-15 16:36:53,712 - UnicodeAnalyzer - INFO - Filtrati 24 file (es. in /dist, /test).
2025-11-15 16:36:53,712 - UnicodeAnalyzer - INFO - -> Analizzando versione 1.1.3-alpha.20240913.2 (254/465)...
2025-11-15 16:36:53,713 - UnicodeAnalyzer - INFO - Filtrati 24 file (es. in /dist, /test).
2025-11-15 16:36:53,714 - UnicodeAnalyzer - INFO - -> Analizzando versione 1.1.3-alpha.20240916.2 (255/465)...
2025-11-15 16:36:53,715 - UnicodeAnalyzer - INFO - Filtrati 24 file (es. in /dist, /test).
2025-11-15 16:36:53,715 - UnicodeAnalyzer - INFO - -> Analizzando versione 1.1.3-alpha.20240918.1 (256/465)...
2025-11-15 16:36:53,716 - UnicodeAnalyzer - INFO - Filtrati 24 file (es. in /dist, /test).
2025-11-15 16:36:53,716 - UnicodeAnalyzer - INFO - -> Analizzando versione 1.1.3-alpha.20240919.1 (257/465)...
2025-11-15 16:36:53,717 - UnicodeAnalyzer - INFO - Filtrati 24 file (es. in /dist, /test).
2025-11-15 16:36:53,717 - UnicodeAnalyzer - INFO - -> Analizzando versione 1.1.3-alpha.20240920.2 (258/465)...
2025-11-15 16:36:53,718 - UnicodeAnalyzer - INFO - Filtrati 24 file (es. in /dist, /test).
2025-11-15 16:36:53,718 - UnicodeAnalyzer - INFO - -> Analizzando versione 1.1.3-alpha.20240924.1 (259/465)...
2025-11-15 16:36:53,719 - UnicodeAnalyzer - INFO - Filtrati 24 file (es. in /dist, /test).
2025-11-15 16:36:53,719 - UnicodeAnalyzer - INFO - -> Analizzando versione 1.1.3-alpha.20240925.5 (260/465)...
2025-11-15 16:36:53,720 - UnicodeAnalyzer - INFO - Filtrati 24 file (es. in /dist, /test).
2025-11-15 16:36:53,720 - UnicodeAnalyzer - INFO - -> Analizzando versione 1.1.3-alpha.20240926.5 (261/465)...
2025-11-15 16:36:53,721 - UnicodeAnalyzer - INFO - Filtrati 24 file (es. in /dist, /test).
2025-11-15 16:36:53,721 - UnicodeAnalyzer - INFO - -> Analizzando versione 1.1.3-alpha.20240927.3 (262/465)...
2025-11-15 16:36:53,722 - UnicodeAnalyzer - INFO - Filtrati 24 file (es. in /dist, /test).
2025-11-15 16:36:53,722 - UnicodeAnalyzer - INFO - -> Analizzando versione 1.1.3-alpha.20240930.1 (263/465)...
2025-11-15 16:36:53,723 - UnicodeAnalyzer - INFO - Filtrati 24 file (es. in /dist, /test).
2025-11-15 16:36:53,723 - UnicodeAnalyzer - INFO - -> Analizzando versione 1.2.0 (264/465)...
2025-11-15 16:36:53,724 - UnicodeAnalyzer - INFO - Filtrati 24 file (es. in /dist, /test).
2025-11-15 16:36:53,724 - UnicodeAnalyzer - INFO - -> Analizzando versione 1.2.0-alpha.20241003.3 (265/465)...
2025-11-15 16:36:53,725 - UnicodeAnalyzer - INFO - Filtrati 24 file (es. in /dist, /test).
2025-11-15 16:36:53,725 - UnicodeAnalyzer - INFO - -> Analizzando versione 1.2.1-alpha.20241007.3 (266/465)...
2025-11-15 16:36:53,726 - UnicodeAnalyzer - INFO - Filtrati 24 file (es. in /dist, /test).
2025-11-15 16:36:53,726 - UnicodeAnalyzer - INFO - -> Analizzando versione 1.2.1-alpha.20241008.3 (267/465)...
2025-11-15 16:36:53,727 - UnicodeAnalyzer - INFO - Filtrati 24 file (es. in /dist, /test).
2025-11-15 16:36:53,728 - UnicodeAnalyzer - INFO - -> Analizzando versione 1.2.1-alpha.20241009.1 (268/465)...
2025-11-15 16:36:53,729 - UnicodeAnalyzer - INFO - Filtrati 24 file (es. in /dist, /test).
2025-11-15 16:36:53,729 - UnicodeAnalyzer - INFO - -> Analizzando versione 1.2.1-alpha.20241010.2 (269/465)...
2025-11-15 16:36:53,730 - UnicodeAnalyzer - INFO - Filtrati 24 file (es. in /dist, /test).
2025-11-15 16:36:53,730 - UnicodeAnalyzer - INFO - -> Analizzando versione 1.2.1-alpha.20241011.2 (270/465)...
2025-11-15 16:36:53,731 - UnicodeAnalyzer - INFO - Filtrati 24 file (es. in /dist, /test).
2025-11-15 16:36:53,731 - UnicodeAnalyzer - INFO - -> Analizzando versione 1.2.1-alpha.20241014.5 (271/465)...
2025-11-15 16:36:53,732 - UnicodeAnalyzer - INFO - Filtrati 24 file (es. in /dist, /test).
2025-11-15 16:36:53,732 - UnicodeAnalyzer - INFO - -> Analizzando versione 1.2.1-alpha.20241015.2 (272/465)...
2025-11-15 16:36:53,733 - UnicodeAnalyzer - INFO - Filtrati 24 file (es. in /dist, /test).
2025-11-15 16:36:53,733 - UnicodeAnalyzer - INFO - -> Analizzando versione 1.2.1-alpha.20241016.3 (273/465)...
2025-11-15 16:36:53,734 - UnicodeAnalyzer - INFO - Filtrati 24 file (es. in /dist, /test).
2025-11-15 16:36:53,734 - UnicodeAnalyzer - INFO - -> Analizzando versione 1.2.1-alpha.20241021.2 (274/465)...
2025-11-15 16:36:53,735 - UnicodeAnalyzer - INFO - Filtrati 24 file (es. in /dist, /test).
2025-11-15 16:36:53,735 - UnicodeAnalyzer - INFO - -> Analizzando versione 1.2.1-alpha.20241022.3 (275/465)...
2025-11-15 16:36:53,736 - UnicodeAnalyzer - INFO - Filtrati 24 file (es. in /dist, /test).
2025-11-15 16:36:53,736 - UnicodeAnalyzer - INFO - -> Analizzando versione 1.2.1-alpha.20241023.2 (276/465)...
2025-11-15 16:36:53,737 - UnicodeAnalyzer - INFO - Filtrati 24 file (es. in /dist, /test).
2025-11-15 16:36:53,737 - UnicodeAnalyzer - INFO - -> Analizzando versione 1.2.1-alpha.20241024.1 (277/465)...
2025-11-15 16:36:53,738 - UnicodeAnalyzer - INFO - Filtrati 24 file (es. in /dist, /test).
2025-11-15 16:36:53,738 - UnicodeAnalyzer - INFO - -> Analizzando versione 1.2.1-alpha.20241025.10 (278/465)...
2025-11-15 16:36:53,740 - UnicodeAnalyzer - INFO - Filtrati 24 file (es. in /dist, /test).
2025-11-15 16:36:53,740 - UnicodeAnalyzer - INFO - -> Analizzando versione 1.2.1-alpha.20241028.1 (279/465)...
2025-11-15 16:36:53,741 - UnicodeAnalyzer - INFO - Filtrati 24 file (es. in /dist, /test).
2025-11-15 16:36:53,741 - UnicodeAnalyzer - INFO - -> Analizzando versione 1.2.1-alpha.20241029.3 (280/465)...
2025-11-15 16:36:53,742 - UnicodeAnalyzer - INFO - Filtrati 24 file (es. in /dist, /test).
2025-11-15 16:36:53,742 - UnicodeAnalyzer - INFO - -> Analizzando versione 1.2.1-alpha.20241030.2 (281/465)...
2025-11-15 16:36:53,743 - UnicodeAnalyzer - INFO - Filtrati 24 file (es. in /dist, /test).
2025-11-15 16:36:53,743 - UnicodeAnalyzer - INFO - -> Analizzando versione 1.2.1-alpha.20241031.2 (282/465)...
2025-11-15 16:36:53,744 - UnicodeAnalyzer - INFO - Filtrati 24 file (es. in /dist, /test).
2025-11-15 16:36:53,744 - UnicodeAnalyzer - INFO - -> Analizzando versione 1.2.1-alpha.20241101.1 (283/465)...
2025-11-15 16:36:53,745 - UnicodeAnalyzer - INFO - Filtrati 24 file (es. in /dist, /test).
2025-11-15 16:36:53,745 - UnicodeAnalyzer - INFO - -> Analizzando versione 1.2.1-alpha.20241111.2 (284/465)...
2025-11-15 16:36:53,746 - UnicodeAnalyzer - INFO - Filtrati 24 file (es. in /dist, /test).
2025-11-15 16:36:53,746 - UnicodeAnalyzer - INFO - -> Analizzando versione 1.2.1-alpha.20241112.2 (285/465)...
2025-11-15 16:36:53,747 - UnicodeAnalyzer - INFO - Filtrati 24 file (es. in /dist, /test).
2025-11-15 16:36:53,747 - UnicodeAnalyzer - INFO - -> Analizzando versione 1.2.1-alpha.20241113.3 (286/465)...
2025-11-15 16:36:53,748 - UnicodeAnalyzer - INFO - Filtrati 24 file (es. in /dist, /test).
2025-11-15 16:36:53,748 - UnicodeAnalyzer - INFO - -> Analizzando versione 1.2.1-alpha.20241114.1 (287/465)...
2025-11-15 16:36:53,749 - UnicodeAnalyzer - INFO - Filtrati 24 file (es. in /dist, /test).
2025-11-15 16:36:53,749 - UnicodeAnalyzer - INFO - -> Analizzando versione 1.2.1-alpha.20241118.2 (288/465)...
2025-11-15 16:36:53,750 - UnicodeAnalyzer - INFO - Filtrati 24 file (es. in /dist, /test).
2025-11-15 16:36:53,750 - UnicodeAnalyzer - INFO - -> Analizzando versione 1.2.1-alpha.20241119.7 (289/465)...
2025-11-15 16:36:53,751 - UnicodeAnalyzer - INFO - Filtrati 24 file (es. in /dist, /test).
2025-11-15 16:36:53,752 - UnicodeAnalyzer - INFO - -> Analizzando versione 1.2.1-alpha.20241120.2 (290/465)...
2025-11-15 16:36:53,753 - UnicodeAnalyzer - INFO - Filtrati 24 file (es. in /dist, /test).
2025-11-15 16:36:53,753 - UnicodeAnalyzer - INFO - -> Analizzando versione 1.2.1-alpha.20241125.6 (291/465)...
2025-11-15 16:36:53,754 - UnicodeAnalyzer - INFO - Filtrati 24 file (es. in /dist, /test).
2025-11-15 16:36:53,754 - UnicodeAnalyzer - INFO - -> Analizzando versione 1.2.1-alpha.20241127.2 (292/465)...
2025-11-15 16:36:53,755 - UnicodeAnalyzer - INFO - Filtrati 24 file (es. in /dist, /test).
2025-11-15 16:36:53,755 - UnicodeAnalyzer - INFO - -> Analizzando versione 1.2.1-alpha.20241128.1 (293/465)...
2025-11-15 16:36:53,756 - UnicodeAnalyzer - INFO - Filtrati 24 file (es. in /dist, /test).
2025-11-15 16:36:53,756 - UnicodeAnalyzer - INFO - -> Analizzando versione 1.2.1-alpha.20241129.3 (294/465)...
2025-11-15 16:36:53,757 - UnicodeAnalyzer - INFO - Filtrati 24 file (es. in /dist, /test).
2025-11-15 16:36:53,757 - UnicodeAnalyzer - INFO - -> Analizzando versione 1.2.1-alpha.20241202.2 (295/465)...
2025-11-15 16:36:53,758 - UnicodeAnalyzer - INFO - Filtrati 24 file (es. in /dist, /test).
2025-11-15 16:36:53,758 - UnicodeAnalyzer - INFO - -> Analizzando versione 1.2.1-alpha.20241203.2 (296/465)...
2025-11-15 16:36:53,759 - UnicodeAnalyzer - INFO - Filtrati 24 file (es. in /dist, /test).
2025-11-15 16:36:53,759 - UnicodeAnalyzer - INFO - -> Analizzando versione 1.2.1-alpha.20241205.7 (297/465)...
2025-11-15 16:36:53,760 - UnicodeAnalyzer - INFO - Filtrati 24 file (es. in /dist, /test).
2025-11-15 16:36:53,760 - UnicodeAnalyzer - INFO - -> Analizzando versione 1.2.1-alpha.20241206.2 (298/465)...
2025-11-15 16:36:53,761 - UnicodeAnalyzer - INFO - Filtrati 24 file (es. in /dist, /test).
2025-11-15 16:36:53,761 - UnicodeAnalyzer - INFO - -> Analizzando versione 1.2.1-alpha.20241209.3 (299/465)...
2025-11-15 16:36:53,762 - UnicodeAnalyzer - INFO - Filtrati 24 file (es. in /dist, /test).
2025-11-15 16:36:53,762 - UnicodeAnalyzer - INFO - -> Analizzando versione 1.2.1-alpha.20241210.1 (300/465)...
2025-11-15 16:36:53,763 - UnicodeAnalyzer - INFO - Filtrati 24 file (es. in /dist, /test).
2025-11-15 16:36:53,763 - UnicodeAnalyzer - INFO - -> Analizzando versione 1.2.1-alpha.20241211.1 (301/465)...
2025-11-15 16:36:53,764 - UnicodeAnalyzer - INFO - Filtrati 24 file (es. in /dist, /test).
2025-11-15 16:36:53,764 - UnicodeAnalyzer - INFO - -> Analizzando versione 1.2.1-alpha.20241212.2 (302/465)...
2025-11-15 16:36:53,765 - UnicodeAnalyzer - INFO - Filtrati 24 file (es. in /dist, /test).
2025-11-15 16:36:53,766 - UnicodeAnalyzer - INFO - -> Analizzando versione 1.2.1-alpha.20241216.1 (303/465)...
2025-11-15 16:36:53,767 - UnicodeAnalyzer - INFO - Filtrati 24 file (es. in /dist, /test).
2025-11-15 16:36:53,767 - UnicodeAnalyzer - INFO - -> Analizzando versione 1.2.1-alpha.20241218.2 (304/465)...
2025-11-15 16:36:53,768 - UnicodeAnalyzer - INFO - Filtrati 24 file (es. in /dist, /test).
2025-11-15 16:36:53,768 - UnicodeAnalyzer - INFO - -> Analizzando versione 1.2.1-alpha.20241219.7 (305/465)...
2025-11-15 16:36:53,769 - UnicodeAnalyzer - INFO - Filtrati 24 file (es. in /dist, /test).
2025-11-15 16:36:53,769 - UnicodeAnalyzer - INFO - -> Analizzando versione 1.2.1-alpha.20241220.2 (306/465)...
2025-11-15 16:36:53,770 - UnicodeAnalyzer - INFO - Filtrati 24 file (es. in /dist, /test).
2025-11-15 16:36:53,770 - UnicodeAnalyzer - INFO - -> Analizzando versione 1.2.1-alpha.20241223.1 (307/465)...
2025-11-15 16:36:53,771 - UnicodeAnalyzer - INFO - Filtrati 24 file (es. in /dist, /test).
2025-11-15 16:36:53,771 - UnicodeAnalyzer - INFO - -> Analizzando versione 1.2.1-alpha.20241224.1 (308/465)...
2025-11-15 16:36:53,772 - UnicodeAnalyzer - INFO - Filtrati 24 file (es. in /dist, /test).
2025-11-15 16:36:53,772 - UnicodeAnalyzer - INFO - -> Analizzando versione 1.2.1-alpha.20241225.1 (309/465)...
2025-11-15 16:36:53,773 - UnicodeAnalyzer - INFO - Filtrati 24 file (es. in /dist, /test).
2025-11-15 16:36:53,773 - UnicodeAnalyzer - INFO - -> Analizzando versione 1.2.1-alpha.20241226.1 (310/465)...
2025-11-15 16:36:53,774 - UnicodeAnalyzer - INFO - Filtrati 24 file (es. in /dist, /test).
2025-11-15 16:36:53,774 - UnicodeAnalyzer - INFO - -> Analizzando versione 1.2.1-alpha.20241227.1 (311/465)...
2025-11-15 16:36:53,775 - UnicodeAnalyzer - INFO - Filtrati 24 file (es. in /dist, /test).
2025-11-15 16:36:53,775 - UnicodeAnalyzer - INFO - -> Analizzando versione 1.2.1-alpha.20241230.2 (312/465)...
2025-11-15 16:36:53,776 - UnicodeAnalyzer - INFO - Filtrati 24 file (es. in /dist, /test).
2025-11-15 16:36:53,776 - UnicodeAnalyzer - INFO - -> Analizzando versione 1.2.1-alpha.20241231.2 (313/465)...
2025-11-15 16:36:53,777 - UnicodeAnalyzer - INFO - Filtrati 24 file (es. in /dist, /test).
2025-11-15 16:36:53,777 - UnicodeAnalyzer - INFO - -> Analizzando versione 1.2.1-alpha.20250101.1 (314/465)...
2025-11-15 16:36:53,778 - UnicodeAnalyzer - INFO - Filtrati 24 file (es. in /dist, /test).
2025-11-15 16:36:53,778 - UnicodeAnalyzer - INFO - -> Analizzando versione 1.2.1-alpha.20250102.1 (315/465)...
2025-11-15 16:36:53,779 - UnicodeAnalyzer - INFO - Filtrati 24 file (es. in /dist, /test).
2025-11-15 16:36:53,779 - UnicodeAnalyzer - INFO - -> Analizzando versione 1.2.1-alpha.20250103.2 (316/465)...
2025-11-15 16:36:53,780 - UnicodeAnalyzer - INFO - Filtrati 24 file (es. in /dist, /test).
2025-11-15 16:36:53,781 - UnicodeAnalyzer - INFO - -> Analizzando versione 1.2.1-alpha.20250106.3 (317/465)...
2025-11-15 16:36:53,782 - UnicodeAnalyzer - INFO - Filtrati 24 file (es. in /dist, /test).
2025-11-15 16:36:53,782 - UnicodeAnalyzer - INFO - -> Analizzando versione 1.2.1-alpha.20250107.2 (318/465)...
2025-11-15 16:36:53,783 - UnicodeAnalyzer - INFO - Filtrati 24 file (es. in /dist, /test).
2025-11-15 16:36:53,783 - UnicodeAnalyzer - INFO - -> Analizzando versione 1.2.1-alpha.20250108.2 (319/465)...
2025-11-15 16:36:53,784 - UnicodeAnalyzer - INFO - Filtrati 24 file (es. in /dist, /test).
2025-11-15 16:36:53,784 - UnicodeAnalyzer - INFO - -> Analizzando versione 1.2.1-alpha.20250110.2 (320/465)...
2025-11-15 16:36:53,785 - UnicodeAnalyzer - INFO - Filtrati 24 file (es. in /dist, /test).
2025-11-15 16:36:53,785 - UnicodeAnalyzer - INFO - -> Analizzando versione 1.2.1-alpha.20250113.1 (321/465)...
2025-11-15 16:36:53,786 - UnicodeAnalyzer - INFO - Filtrati 24 file (es. in /dist, /test).
2025-11-15 16:36:53,786 - UnicodeAnalyzer - INFO - -> Analizzando versione 1.2.1-alpha.20250114.3 (322/465)...
2025-11-15 16:36:53,787 - UnicodeAnalyzer - INFO - Filtrati 24 file (es. in /dist, /test).
2025-11-15 16:36:53,787 - UnicodeAnalyzer - INFO - -> Analizzando versione 1.2.1-alpha.20250115.1 (323/465)...
2025-11-15 16:36:53,788 - UnicodeAnalyzer - INFO - Filtrati 24 file (es. in /dist, /test).
2025-11-15 16:36:53,788 - UnicodeAnalyzer - INFO - -> Analizzando versione 1.2.1-alpha.20250116.4 (324/465)...
2025-11-15 16:36:53,789 - UnicodeAnalyzer - INFO - Filtrati 24 file (es. in /dist, /test).
2025-11-15 16:36:53,789 - UnicodeAnalyzer - INFO - -> Analizzando versione 1.2.1-alpha.20250117.3 (325/465)...
2025-11-15 16:36:53,790 - UnicodeAnalyzer - INFO - Filtrati 24 file (es. in /dist, /test).
2025-11-15 16:36:53,790 - UnicodeAnalyzer - INFO - -> Analizzando versione 1.2.1-alpha.20250120.1 (326/465)...
2025-11-15 16:36:53,791 - UnicodeAnalyzer - INFO - Filtrati 24 file (es. in /dist, /test).
2025-11-15 16:36:53,791 - UnicodeAnalyzer - INFO - -> Analizzando versione 1.2.1-alpha.20250122.5 (327/465)...
2025-11-15 16:36:53,792 - UnicodeAnalyzer - INFO - Filtrati 24 file (es. in /dist, /test).
2025-11-15 16:36:53,792 - UnicodeAnalyzer - INFO - -> Analizzando versione 1.2.1-alpha.20250123.2 (328/465)...
2025-11-15 16:36:53,793 - UnicodeAnalyzer - INFO - Filtrati 24 file (es. in /dist, /test).
2025-11-15 16:36:53,793 - UnicodeAnalyzer - INFO - -> Analizzando versione 1.2.1-alpha.20250124.9 (329/465)...
2025-11-15 16:36:53,794 - UnicodeAnalyzer - INFO - Filtrati 24 file (es. in /dist, /test).
2025-11-15 16:36:53,794 - UnicodeAnalyzer - INFO - -> Analizzando versione 1.2.1-alpha.20250127.3 (330/465)...
2025-11-15 16:36:53,795 - UnicodeAnalyzer - INFO - Filtrati 24 file (es. in /dist, /test).
2025-11-15 16:36:53,795 - UnicodeAnalyzer - INFO - -> Analizzando versione 1.2.1-alpha.20250128.1 (331/465)...
2025-11-15 16:36:53,796 - UnicodeAnalyzer - INFO - Filtrati 24 file (es. in /dist, /test).
2025-11-15 16:36:53,796 - UnicodeAnalyzer - INFO - -> Analizzando versione 1.2.1-alpha.20250129.1 (332/465)...
2025-11-15 16:36:53,797 - UnicodeAnalyzer - INFO - Filtrati 24 file (es. in /dist, /test).
2025-11-15 16:36:53,797 - UnicodeAnalyzer - INFO - -> Analizzando versione 1.2.1-alpha.20250130.1 (333/465)...
2025-11-15 16:36:53,798 - UnicodeAnalyzer - INFO - Filtrati 24 file (es. in /dist, /test).
2025-11-15 16:36:53,798 - UnicodeAnalyzer - INFO - -> Analizzando versione 1.2.1-alpha.20250131.1 (334/465)...
2025-11-15 16:36:53,800 - UnicodeAnalyzer - INFO - Filtrati 24 file (es. in /dist, /test).
2025-11-15 16:36:53,800 - UnicodeAnalyzer - INFO - -> Analizzando versione 1.2.1-alpha.20250204.1 (335/465)...
2025-11-15 16:36:53,801 - UnicodeAnalyzer - INFO - Filtrati 24 file (es. in /dist, /test).
2025-11-15 16:36:53,801 - UnicodeAnalyzer - INFO - -> Analizzando versione 1.2.1-alpha.20250205.1 (336/465)...
2025-11-15 16:36:53,802 - UnicodeAnalyzer - INFO - Filtrati 24 file (es. in /dist, /test).
2025-11-15 16:36:53,802 - UnicodeAnalyzer - INFO - -> Analizzando versione 1.2.1-alpha.20250206.8 (337/465)...
2025-11-15 16:36:53,803 - UnicodeAnalyzer - INFO - Filtrati 24 file (es. in /dist, /test).
2025-11-15 16:36:53,803 - UnicodeAnalyzer - INFO - -> Analizzando versione 1.2.1-alpha.20250207.2 (338/465)...
2025-11-15 16:36:53,804 - UnicodeAnalyzer - INFO - Filtrati 24 file (es. in /dist, /test).
2025-11-15 16:36:53,804 - UnicodeAnalyzer - INFO - -> Analizzando versione 1.2.1-alpha.20250210.2 (339/465)...
2025-11-15 16:36:53,805 - UnicodeAnalyzer - INFO - Filtrati 24 file (es. in /dist, /test).
2025-11-15 16:36:53,805 - UnicodeAnalyzer - INFO - -> Analizzando versione 1.2.1-alpha.20250211.3 (340/465)...
2025-11-15 16:36:53,806 - UnicodeAnalyzer - INFO - Filtrati 24 file (es. in /dist, /test).
2025-11-15 16:36:53,806 - UnicodeAnalyzer - INFO - -> Analizzando versione 1.2.1-alpha.20250212.2 (341/465)...
2025-11-15 16:36:53,807 - UnicodeAnalyzer - INFO - Filtrati 24 file (es. in /dist, /test).
2025-11-15 16:36:53,807 - UnicodeAnalyzer - INFO - -> Analizzando versione 1.2.1-alpha.20250213.6 (342/465)...
2025-11-15 16:36:53,808 - UnicodeAnalyzer - INFO - Filtrati 24 file (es. in /dist, /test).
2025-11-15 16:36:53,808 - UnicodeAnalyzer - INFO - -> Analizzando versione 1.2.1-alpha.20250214.8 (343/465)...
2025-11-15 16:36:53,809 - UnicodeAnalyzer - INFO - Filtrati 24 file (es. in /dist, /test).
2025-11-15 16:36:53,809 - UnicodeAnalyzer - INFO - -> Analizzando versione 1.2.1-alpha.20250217.5 (344/465)...
2025-11-15 16:36:53,811 - UnicodeAnalyzer - INFO - Filtrati 24 file (es. in /dist, /test).
2025-11-15 16:36:53,811 - UnicodeAnalyzer - INFO - -> Analizzando versione 1.2.1-alpha.20250218.3 (345/465)...
2025-11-15 16:36:53,812 - UnicodeAnalyzer - INFO - Filtrati 24 file (es. in /dist, /test).
2025-11-15 16:36:53,812 - UnicodeAnalyzer - INFO - -> Analizzando versione 1.2.1-alpha.20250219.7 (346/465)...
2025-11-15 16:36:53,813 - UnicodeAnalyzer - INFO - Filtrati 24 file (es. in /dist, /test).
2025-11-15 16:36:53,813 - UnicodeAnalyzer - INFO - -> Analizzando versione 1.2.1-alpha.20250220.1 (347/465)...
2025-11-15 16:36:53,814 - UnicodeAnalyzer - INFO - Filtrati 24 file (es. in /dist, /test).
2025-11-15 16:36:53,814 - UnicodeAnalyzer - INFO - -> Analizzando versione 1.2.1-alpha.20250221.1 (348/465)...
2025-11-15 16:36:53,815 - UnicodeAnalyzer - INFO - Filtrati 24 file (es. in /dist, /test).
2025-11-15 16:36:53,815 - UnicodeAnalyzer - INFO - -> Analizzando versione 1.2.1-alpha.20250224.3 (349/465)...
2025-11-15 16:36:53,816 - UnicodeAnalyzer - INFO - Filtrati 24 file (es. in /dist, /test).
2025-11-15 16:36:53,816 - UnicodeAnalyzer - INFO - -> Analizzando versione 1.2.1-alpha.20250225.2 (350/465)...
2025-11-15 16:36:53,817 - UnicodeAnalyzer - INFO - Filtrati 24 file (es. in /dist, /test).
2025-11-15 16:36:53,817 - UnicodeAnalyzer - INFO - -> Analizzando versione 1.2.1-alpha.20250226.3 (351/465)...
2025-11-15 16:36:53,818 - UnicodeAnalyzer - INFO - Filtrati 24 file (es. in /dist, /test).
2025-11-15 16:36:53,818 - UnicodeAnalyzer - INFO - -> Analizzando versione 1.2.1-alpha.20250227.7 (352/465)...
2025-11-15 16:36:53,819 - UnicodeAnalyzer - INFO - Filtrati 24 file (es. in /dist, /test).
2025-11-15 16:36:53,819 - UnicodeAnalyzer - INFO - -> Analizzando versione 1.2.1-alpha.20250228.1 (353/465)...
2025-11-15 16:36:53,820 - UnicodeAnalyzer - INFO - Filtrati 24 file (es. in /dist, /test).
2025-11-15 16:36:53,820 - UnicodeAnalyzer - INFO - -> Analizzando versione 1.2.1-alpha.20250303.3 (354/465)...
2025-11-15 16:36:53,821 - UnicodeAnalyzer - INFO - Filtrati 24 file (es. in /dist, /test).
2025-11-15 16:36:53,821 - UnicodeAnalyzer - INFO - -> Analizzando versione 1.2.1-alpha.20250304.2 (355/465)...
2025-11-15 16:36:53,822 - UnicodeAnalyzer - INFO - Filtrati 24 file (es. in /dist, /test).
2025-11-15 16:36:53,822 - UnicodeAnalyzer - INFO - -> Analizzando versione 1.2.1-alpha.20250306.2 (356/465)...
2025-11-15 16:36:53,823 - UnicodeAnalyzer - INFO - Filtrati 24 file (es. in /dist, /test).
2025-11-15 16:36:53,824 - UnicodeAnalyzer - INFO - -> Analizzando versione 1.2.1-alpha.20250307.2 (357/465)...
2025-11-15 16:36:53,825 - UnicodeAnalyzer - INFO - Filtrati 24 file (es. in /dist, /test).
2025-11-15 16:36:53,825 - UnicodeAnalyzer - INFO - -> Analizzando versione 1.2.1-alpha.20250310.2 (358/465)...
2025-11-15 16:36:53,826 - UnicodeAnalyzer - INFO - Filtrati 24 file (es. in /dist, /test).
2025-11-15 16:36:53,826 - UnicodeAnalyzer - INFO - -> Analizzando versione 1.2.1-alpha.20250311.2 (359/465)...
2025-11-15 16:36:53,827 - UnicodeAnalyzer - INFO - Filtrati 24 file (es. in /dist, /test).
2025-11-15 16:36:53,827 - UnicodeAnalyzer - INFO - -> Analizzando versione 1.2.1-alpha.20250312.3 (360/465)...
2025-11-15 16:36:53,828 - UnicodeAnalyzer - INFO - Filtrati 24 file (es. in /dist, /test).
2025-11-15 16:36:53,828 - UnicodeAnalyzer - INFO - -> Analizzando versione 1.2.1-alpha.20250313.3 (361/465)...
2025-11-15 16:36:53,829 - UnicodeAnalyzer - INFO - Filtrati 24 file (es. in /dist, /test).
2025-11-15 16:36:53,829 - UnicodeAnalyzer - INFO - -> Analizzando versione 1.2.1-alpha.20250317.1 (362/465)...
2025-11-15 16:36:53,830 - UnicodeAnalyzer - INFO - Filtrati 24 file (es. in /dist, /test).
2025-11-15 16:36:53,830 - UnicodeAnalyzer - INFO - -> Analizzando versione 1.2.1-alpha.20250318.3 (363/465)...
2025-11-15 16:36:53,831 - UnicodeAnalyzer - INFO - Filtrati 24 file (es. in /dist, /test).
2025-11-15 16:36:53,831 - UnicodeAnalyzer - INFO - -> Analizzando versione 1.2.1-alpha.20250319.4 (364/465)...
2025-11-15 16:36:53,832 - UnicodeAnalyzer - INFO - Filtrati 24 file (es. in /dist, /test).
2025-11-15 16:36:53,832 - UnicodeAnalyzer - INFO - -> Analizzando versione 1.2.1-alpha.20250320.7 (365/465)...
2025-11-15 16:36:53,833 - UnicodeAnalyzer - INFO - Filtrati 24 file (es. in /dist, /test).
2025-11-15 16:36:53,833 - UnicodeAnalyzer - INFO - -> Analizzando versione 1.2.1-alpha.20250321.2 (366/465)...
2025-11-15 16:36:53,834 - UnicodeAnalyzer - INFO - Filtrati 24 file (es. in /dist, /test).
2025-11-15 16:36:53,834 - UnicodeAnalyzer - INFO - -> Analizzando versione 1.2.1-alpha.20250324.1 (367/465)...
2025-11-15 16:36:53,835 - UnicodeAnalyzer - INFO - Filtrati 24 file (es. in /dist, /test).
2025-11-15 16:36:53,835 - UnicodeAnalyzer - INFO - -> Analizzando versione 1.2.1-alpha.20250325.2 (368/465)...
2025-11-15 16:36:53,836 - UnicodeAnalyzer - INFO - Filtrati 24 file (es. in /dist, /test).
2025-11-15 16:36:53,836 - UnicodeAnalyzer - INFO - -> Analizzando versione 1.2.1-alpha.20250326.3 (369/465)...
2025-11-15 16:36:53,837 - UnicodeAnalyzer - INFO - Filtrati 24 file (es. in /dist, /test).
2025-11-15 16:36:53,837 - UnicodeAnalyzer - INFO - -> Analizzando versione 1.2.1-alpha.20250327.1 (370/465)...
2025-11-15 16:36:53,838 - UnicodeAnalyzer - INFO - Filtrati 24 file (es. in /dist, /test).
2025-11-15 16:36:53,838 - UnicodeAnalyzer - INFO - -> Analizzando versione 1.2.1-alpha.20250331.2 (371/465)...
2025-11-15 16:36:53,839 - UnicodeAnalyzer - INFO - Filtrati 24 file (es. in /dist, /test).
2025-11-15 16:36:53,839 - UnicodeAnalyzer - INFO - -> Analizzando versione 1.2.1-alpha.20250401.1 (372/465)...
2025-11-15 16:36:53,840 - UnicodeAnalyzer - INFO - Filtrati 24 file (es. in /dist, /test).
2025-11-15 16:36:53,840 - UnicodeAnalyzer - INFO - -> Analizzando versione 1.2.1-alpha.20250402.1 (373/465)...
2025-11-15 16:36:53,841 - UnicodeAnalyzer - INFO - Filtrati 24 file (es. in /dist, /test).
2025-11-15 16:36:53,841 - UnicodeAnalyzer - INFO - -> Analizzando versione 1.2.1-alpha.20250403.3 (374/465)...
2025-11-15 16:36:53,842 - UnicodeAnalyzer - INFO - Filtrati 24 file (es. in /dist, /test).
2025-11-15 16:36:53,842 - UnicodeAnalyzer - INFO - -> Analizzando versione 1.2.1-alpha.20250404.1 (375/465)...
2025-11-15 16:36:53,843 - UnicodeAnalyzer - INFO - Filtrati 24 file (es. in /dist, /test).
2025-11-15 16:36:53,843 - UnicodeAnalyzer - INFO - -> Analizzando versione 1.2.1-alpha.20250408.2 (376/465)...
2025-11-15 16:36:53,844 - UnicodeAnalyzer - INFO - Filtrati 24 file (es. in /dist, /test).
2025-11-15 16:36:53,844 - UnicodeAnalyzer - INFO - -> Analizzando versione 1.2.1-alpha.20250417.3 (377/465)...
2025-11-15 16:36:53,845 - UnicodeAnalyzer - INFO - Filtrati 24 file (es. in /dist, /test).
2025-11-15 16:36:53,845 - UnicodeAnalyzer - INFO - -> Analizzando versione 1.2.1-alpha.20250418.1 (378/465)...
2025-11-15 16:36:53,846 - UnicodeAnalyzer - INFO - Filtrati 24 file (es. in /dist, /test).
2025-11-15 16:36:53,847 - UnicodeAnalyzer - INFO - -> Analizzando versione 1.2.1-alpha.20250505.2 (379/465)...
2025-11-15 16:36:53,848 - UnicodeAnalyzer - INFO - Filtrati 24 file (es. in /dist, /test).
2025-11-15 16:36:53,848 - UnicodeAnalyzer - INFO - -> Analizzando versione 1.2.1-alpha.20250506.1 (380/465)...
2025-11-15 16:36:53,849 - UnicodeAnalyzer - INFO - Filtrati 24 file (es. in /dist, /test).
2025-11-15 16:36:53,849 - UnicodeAnalyzer - INFO - -> Analizzando versione 1.2.1-alpha.20250507.1 (381/465)...
2025-11-15 16:36:53,850 - UnicodeAnalyzer - INFO - Filtrati 24 file (es. in /dist, /test).
2025-11-15 16:36:53,850 - UnicodeAnalyzer - INFO - -> Analizzando versione 1.2.1-alpha.20250508.1 (382/465)...
2025-11-15 16:36:53,851 - UnicodeAnalyzer - INFO - Filtrati 24 file (es. in /dist, /test).
2025-11-15 16:36:53,851 - UnicodeAnalyzer - INFO - -> Analizzando versione 1.2.1-alpha.20250509.1 (383/465)...
2025-11-15 16:36:53,852 - UnicodeAnalyzer - INFO - Filtrati 24 file (es. in /dist, /test).
2025-11-15 16:36:53,852 - UnicodeAnalyzer - INFO - -> Analizzando versione 1.2.1-alpha.20250512.3 (384/465)...
2025-11-15 16:36:53,853 - UnicodeAnalyzer - INFO - Filtrati 24 file (es. in /dist, /test).
2025-11-15 16:36:53,853 - UnicodeAnalyzer - INFO - -> Analizzando versione 1.2.1-alpha.20250513.2 (385/465)...
2025-11-15 16:36:53,854 - UnicodeAnalyzer - INFO - Filtrati 24 file (es. in /dist, /test).
2025-11-15 16:36:53,854 - UnicodeAnalyzer - INFO - -> Analizzando versione 1.2.1-alpha.20250514.1 (386/465)...
2025-11-15 16:36:53,855 - UnicodeAnalyzer - INFO - Filtrati 24 file (es. in /dist, /test).
2025-11-15 16:36:53,855 - UnicodeAnalyzer - INFO - -> Analizzando versione 1.2.1-alpha.20250515.2 (387/465)...
2025-11-15 16:36:53,856 - UnicodeAnalyzer - INFO - Filtrati 24 file (es. in /dist, /test).
2025-11-15 16:36:53,856 - UnicodeAnalyzer - INFO - -> Analizzando versione 1.2.1-alpha.20250516.1 (388/465)...
2025-11-15 16:36:53,857 - UnicodeAnalyzer - INFO - Filtrati 24 file (es. in /dist, /test).
2025-11-15 16:36:53,857 - UnicodeAnalyzer - INFO - -> Analizzando versione 1.2.1-alpha.20250519.3 (389/465)...
2025-11-15 16:36:53,858 - UnicodeAnalyzer - INFO - Filtrati 24 file (es. in /dist, /test).
2025-11-15 16:36:53,858 - UnicodeAnalyzer - INFO - -> Analizzando versione 1.2.1-alpha.20250520.1 (390/465)...
2025-11-15 16:36:53,859 - UnicodeAnalyzer - INFO - Filtrati 24 file (es. in /dist, /test).
2025-11-15 16:36:53,859 - UnicodeAnalyzer - INFO - -> Analizzando versione 1.2.1-alpha.20250521.2 (391/465)...
2025-11-15 16:36:53,860 - UnicodeAnalyzer - INFO - Filtrati 24 file (es. in /dist, /test).
2025-11-15 16:36:53,860 - UnicodeAnalyzer - INFO - -> Analizzando versione 1.2.1-alpha.20250522.3 (392/465)...
2025-11-15 16:36:53,861 - UnicodeAnalyzer - INFO - Filtrati 24 file (es. in /dist, /test).
2025-11-15 16:36:53,861 - UnicodeAnalyzer - INFO - -> Analizzando versione 1.2.1-alpha.20250526.1 (393/465)...
2025-11-15 16:36:53,862 - UnicodeAnalyzer - INFO - Filtrati 24 file (es. in /dist, /test).
2025-11-15 16:36:53,862 - UnicodeAnalyzer - INFO - -> Analizzando versione 1.2.1-alpha.20250527.3 (394/465)...
2025-11-15 16:36:53,863 - UnicodeAnalyzer - INFO - Filtrati 24 file (es. in /dist, /test).
2025-11-15 16:36:53,863 - UnicodeAnalyzer - INFO - -> Analizzando versione 1.2.1-alpha.20250528.2 (395/465)...
2025-11-15 16:36:53,864 - UnicodeAnalyzer - INFO - Filtrati 24 file (es. in /dist, /test).
2025-11-15 16:36:53,864 - UnicodeAnalyzer - INFO - -> Analizzando versione 1.2.1-alpha.20250529.3 (396/465)...
2025-11-15 16:36:53,865 - UnicodeAnalyzer - INFO - Filtrati 24 file (es. in /dist, /test).
2025-11-15 16:36:53,865 - UnicodeAnalyzer - INFO - -> Analizzando versione 1.2.1-alpha.20250530.3 (397/465)...
2025-11-15 16:36:53,866 - UnicodeAnalyzer - INFO - Filtrati 24 file (es. in /dist, /test).
2025-11-15 16:36:53,866 - UnicodeAnalyzer - INFO - -> Analizzando versione 1.2.1-alpha.20250603.2 (398/465)...
2025-11-15 16:36:53,867 - UnicodeAnalyzer - INFO - Filtrati 24 file (es. in /dist, /test).
2025-11-15 16:36:53,867 - UnicodeAnalyzer - INFO - -> Analizzando versione 1.2.1-alpha.20250604.1 (399/465)...
2025-11-15 16:36:53,868 - UnicodeAnalyzer - INFO - Filtrati 24 file (es. in /dist, /test).
2025-11-15 16:36:53,868 - UnicodeAnalyzer - INFO - -> Analizzando versione 1.2.1-alpha.20250605.3 (400/465)...
2025-11-15 16:36:53,869 - UnicodeAnalyzer - INFO - Filtrati 24 file (es. in /dist, /test).
2025-11-15 16:36:53,869 - UnicodeAnalyzer - INFO - -> Analizzando versione 1.2.1-alpha.20250606.4 (401/465)...
2025-11-15 16:36:53,870 - UnicodeAnalyzer - INFO - Filtrati 24 file (es. in /dist, /test).
2025-11-15 16:36:53,871 - UnicodeAnalyzer - INFO - -> Analizzando versione 1.2.1-alpha.20250610.2 (402/465)...
2025-11-15 16:36:53,872 - UnicodeAnalyzer - INFO - Filtrati 24 file (es. in /dist, /test).
2025-11-15 16:36:53,872 - UnicodeAnalyzer - INFO - -> Analizzando versione 1.2.1-alpha.20250611.2 (403/465)...
2025-11-15 16:36:53,873 - UnicodeAnalyzer - INFO - Filtrati 24 file (es. in /dist, /test).
2025-11-15 16:36:53,873 - UnicodeAnalyzer - INFO - -> Analizzando versione 1.2.1-alpha.20250613.2 (404/465)...
2025-11-15 16:36:53,874 - UnicodeAnalyzer - INFO - Filtrati 24 file (es. in /dist, /test).
2025-11-15 16:36:53,874 - UnicodeAnalyzer - INFO - -> Analizzando versione 1.2.1-alpha.20250616.1 (405/465)...
2025-11-15 16:36:53,875 - UnicodeAnalyzer - INFO - Filtrati 24 file (es. in /dist, /test).
2025-11-15 16:36:53,875 - UnicodeAnalyzer - INFO - -> Analizzando versione 1.2.1-alpha.20250617.2 (406/465)...
2025-11-15 16:36:53,876 - UnicodeAnalyzer - INFO - Filtrati 24 file (es. in /dist, /test).
2025-11-15 16:36:53,876 - UnicodeAnalyzer - INFO - -> Analizzando versione 1.2.1-alpha.20250620.3 (407/465)...
2025-11-15 16:36:53,877 - UnicodeAnalyzer - INFO - Filtrati 24 file (es. in /dist, /test).
2025-11-15 16:36:53,877 - UnicodeAnalyzer - INFO - -> Analizzando versione 1.3.0 (408/465)...
2025-11-15 16:36:53,878 - UnicodeAnalyzer - INFO - Filtrati 24 file (es. in /dist, /test).
2025-11-15 16:36:53,878 - UnicodeAnalyzer - INFO - -> Analizzando versione 1.3.1 (409/465)...
2025-11-15 16:36:53,879 - UnicodeAnalyzer - INFO - Filtrati 24 file (es. in /dist, /test).
2025-11-15 16:36:53,879 - UnicodeAnalyzer - INFO - -> Analizzando versione 1.3.1-alpha.20250722.2 (410/465)...
2025-11-15 16:36:53,880 - UnicodeAnalyzer - INFO - Filtrati 24 file (es. in /dist, /test).
2025-11-15 16:36:53,880 - UnicodeAnalyzer - INFO - -> Analizzando versione 1.3.1-alpha.20250730.1 (411/465)...
2025-11-15 16:36:53,881 - UnicodeAnalyzer - INFO - Filtrati 24 file (es. in /dist, /test).
2025-11-15 16:36:53,881 - UnicodeAnalyzer - INFO - -> Analizzando versione 1.3.1-alpha.20250804.2 (412/465)...
2025-11-15 16:36:53,882 - UnicodeAnalyzer - INFO - Filtrati 24 file (es. in /dist, /test).
2025-11-15 16:36:53,882 - UnicodeAnalyzer - INFO - -> Analizzando versione 1.3.1-alpha.20250808.1 (413/465)...
2025-11-15 16:36:53,883 - UnicodeAnalyzer - INFO - Filtrati 24 file (es. in /dist, /test).
2025-11-15 16:36:53,883 - UnicodeAnalyzer - INFO - -> Analizzando versione 1.3.1-alpha.20250820.1 (414/465)...
2025-11-15 16:36:53,884 - UnicodeAnalyzer - INFO - Filtrati 24 file (es. in /dist, /test).
2025-11-15 16:36:53,884 - UnicodeAnalyzer - INFO - -> Analizzando versione 1.3.1-alpha.20250822.4 (415/465)...
2025-11-15 16:36:53,885 - UnicodeAnalyzer - INFO - Filtrati 24 file (es. in /dist, /test).
2025-11-15 16:36:53,885 - UnicodeAnalyzer - INFO - -> Analizzando versione 1.3.1-alpha.20250825.2 (416/465)...
2025-11-15 16:36:53,886 - UnicodeAnalyzer - INFO - Filtrati 24 file (es. in /dist, /test).
2025-11-15 16:36:53,886 - UnicodeAnalyzer - INFO - -> Analizzando versione 1.3.1-alpha.20250827.1 (417/465)...
2025-11-15 16:36:53,887 - UnicodeAnalyzer - INFO - Filtrati 24 file (es. in /dist, /test).
2025-11-15 16:36:53,887 - UnicodeAnalyzer - INFO - -> Analizzando versione 1.3.1-alpha.20250828.2 (418/465)...
2025-11-15 16:36:53,888 - UnicodeAnalyzer - INFO - Filtrati 24 file (es. in /dist, /test).
2025-11-15 16:36:53,888 - UnicodeAnalyzer - INFO - -> Analizzando versione 1.3.1-alpha.20250904.2 (419/465)...
2025-11-15 16:36:53,889 - UnicodeAnalyzer - INFO - Filtrati 24 file (es. in /dist, /test).
2025-11-15 16:36:53,889 - UnicodeAnalyzer - INFO - -> Analizzando versione 1.3.1-alpha.20250905.1 (420/465)...
2025-11-15 16:36:53,890 - UnicodeAnalyzer - INFO - Filtrati 24 file (es. in /dist, /test).
2025-11-15 16:36:53,890 - UnicodeAnalyzer - INFO - -> Analizzando versione 1.3.1-alpha.20250908.2 (421/465)...
2025-11-15 16:36:53,891 - UnicodeAnalyzer - INFO - Filtrati 24 file (es. in /dist, /test).
2025-11-15 16:36:53,891 - UnicodeAnalyzer - INFO - -> Analizzando versione 1.3.1-alpha.20250909.1 (422/465)...
2025-11-15 16:36:53,892 - UnicodeAnalyzer - INFO - Filtrati 24 file (es. in /dist, /test).
2025-11-15 16:36:53,892 - UnicodeAnalyzer - INFO - -> Analizzando versione 1.3.1-alpha.20250910.2 (423/465)...
2025-11-15 16:36:53,893 - UnicodeAnalyzer - INFO - Filtrati 24 file (es. in /dist, /test).
2025-11-15 16:36:53,893 - UnicodeAnalyzer - INFO - -> Analizzando versione 1.3.1-alpha.20250912.1 (424/465)...
2025-11-15 16:36:53,894 - UnicodeAnalyzer - INFO - Filtrati 24 file (es. in /dist, /test).
2025-11-15 16:36:53,894 - UnicodeAnalyzer - INFO - -> Analizzando versione 1.3.1-alpha.20250915.3 (425/465)...
2025-11-15 16:36:53,895 - UnicodeAnalyzer - INFO - Filtrati 24 file (es. in /dist, /test).
2025-11-15 16:36:53,896 - UnicodeAnalyzer - INFO - -> Analizzando versione 1.3.1-alpha.20250916.1 (426/465)...
2025-11-15 16:36:53,897 - UnicodeAnalyzer - INFO - Filtrati 24 file (es. in /dist, /test).
2025-11-15 16:36:53,897 - UnicodeAnalyzer - INFO - -> Analizzando versione 1.3.1-alpha.20250917.2 (427/465)...
2025-11-15 16:36:53,898 - UnicodeAnalyzer - INFO - Filtrati 24 file (es. in /dist, /test).
2025-11-15 16:36:53,898 - UnicodeAnalyzer - INFO - -> Analizzando versione 1.3.1-alpha.20250918.1 (428/465)...
2025-11-15 16:36:53,899 - UnicodeAnalyzer - INFO - Filtrati 24 file (es. in /dist, /test).
2025-11-15 16:36:53,899 - UnicodeAnalyzer - INFO - -> Analizzando versione 1.3.1-alpha.20250922.4 (429/465)...
2025-11-15 16:36:53,900 - UnicodeAnalyzer - INFO - Filtrati 24 file (es. in /dist, /test).
2025-11-15 16:36:53,900 - UnicodeAnalyzer - INFO - -> Analizzando versione 1.3.1-alpha.20250923.1 (430/465)...
2025-11-15 16:36:53,901 - UnicodeAnalyzer - INFO - Filtrati 24 file (es. in /dist, /test).
2025-11-15 16:36:53,901 - UnicodeAnalyzer - INFO - -> Analizzando versione 1.3.1-alpha.20250924.3 (431/465)...
2025-11-15 16:36:53,902 - UnicodeAnalyzer - INFO - Filtrati 24 file (es. in /dist, /test).
2025-11-15 16:36:53,902 - UnicodeAnalyzer - INFO - -> Analizzando versione 1.3.1-alpha.20250925.1 (432/465)...
2025-11-15 16:36:53,903 - UnicodeAnalyzer - INFO - Filtrati 24 file (es. in /dist, /test).
2025-11-15 16:36:53,903 - UnicodeAnalyzer - INFO - -> Analizzando versione 1.3.1-alpha.20250926.4 (433/465)...
2025-11-15 16:36:53,904 - UnicodeAnalyzer - INFO - Filtrati 24 file (es. in /dist, /test).
2025-11-15 16:36:53,904 - UnicodeAnalyzer - INFO - -> Analizzando versione 1.3.1-alpha.20250929.2 (434/465)...
2025-11-15 16:36:53,905 - UnicodeAnalyzer - INFO - Filtrati 24 file (es. in /dist, /test).
2025-11-15 16:36:53,905 - UnicodeAnalyzer - INFO - -> Analizzando versione 1.3.1-alpha.20250930.1 (435/465)...
2025-11-15 16:36:53,906 - UnicodeAnalyzer - INFO - Filtrati 24 file (es. in /dist, /test).
2025-11-15 16:36:53,906 - UnicodeAnalyzer - INFO - -> Analizzando versione 1.3.1-alpha.20251001.1 (436/465)...
2025-11-15 16:36:53,907 - UnicodeAnalyzer - INFO - Filtrati 24 file (es. in /dist, /test).
2025-11-15 16:36:53,907 - UnicodeAnalyzer - INFO - -> Analizzando versione 1.3.1-alpha.20251003.1 (437/465)...
2025-11-15 16:36:53,908 - UnicodeAnalyzer - INFO - Filtrati 24 file (es. in /dist, /test).
2025-11-15 16:36:53,908 - UnicodeAnalyzer - INFO - -> Analizzando versione 1.3.1-alpha.20251006.2 (438/465)...
2025-11-15 16:36:53,909 - UnicodeAnalyzer - INFO - Filtrati 24 file (es. in /dist, /test).
2025-11-15 16:36:53,909 - UnicodeAnalyzer - INFO - -> Analizzando versione 1.3.1-alpha.20251007.1 (439/465)...
2025-11-15 16:36:53,910 - UnicodeAnalyzer - INFO - Filtrati 24 file (es. in /dist, /test).
2025-11-15 16:36:53,910 - UnicodeAnalyzer - INFO - -> Analizzando versione 1.3.1-alpha.20251008.1 (440/465)...
2025-11-15 16:36:53,911 - UnicodeAnalyzer - INFO - Filtrati 24 file (es. in /dist, /test).
2025-11-15 16:36:53,911 - UnicodeAnalyzer - INFO - -> Analizzando versione 1.3.1-alpha.20251009.2 (441/465)...
2025-11-15 16:36:53,912 - UnicodeAnalyzer - INFO - Filtrati 24 file (es. in /dist, /test).
2025-11-15 16:36:53,912 - UnicodeAnalyzer - INFO - -> Analizzando versione 1.3.1-alpha.20251010.1 (442/465)...
2025-11-15 16:36:53,913 - UnicodeAnalyzer - INFO - Filtrati 24 file (es. in /dist, /test).
2025-11-15 16:36:53,913 - UnicodeAnalyzer - INFO - -> Analizzando versione 1.3.1-alpha.20251013.3 (443/465)...
2025-11-15 16:36:53,914 - UnicodeAnalyzer - INFO - Filtrati 24 file (es. in /dist, /test).
2025-11-15 16:36:53,914 - UnicodeAnalyzer - INFO - -> Analizzando versione 1.3.1-alpha.20251014.2 (444/465)...
2025-11-15 16:36:53,915 - UnicodeAnalyzer - INFO - Filtrati 24 file (es. in /dist, /test).
2025-11-15 16:36:53,915 - UnicodeAnalyzer - INFO - -> Analizzando versione 1.3.1-alpha.20251015.2 (445/465)...
2025-11-15 16:36:53,916 - UnicodeAnalyzer - INFO - Filtrati 24 file (es. in /dist, /test).
2025-11-15 16:36:53,916 - UnicodeAnalyzer - INFO - -> Analizzando versione 1.3.1-alpha.20251016.3 (446/465)...
2025-11-15 16:36:53,917 - UnicodeAnalyzer - INFO - Filtrati 24 file (es. in /dist, /test).
2025-11-15 16:36:53,917 - UnicodeAnalyzer - INFO - -> Analizzando versione 1.3.1-alpha.20251017.1 (447/465)...
2025-11-15 16:36:53,918 - UnicodeAnalyzer - INFO - Filtrati 24 file (es. in /dist, /test).
2025-11-15 16:36:53,918 - UnicodeAnalyzer - INFO - -> Analizzando versione 1.3.1-alpha.20251020.2 (448/465)...
2025-11-15 16:36:53,919 - UnicodeAnalyzer - INFO - Filtrati 24 file (es. in /dist, /test).
2025-11-15 16:36:53,920 - UnicodeAnalyzer - INFO - -> Analizzando versione 1.3.1-alpha.20251021.1 (449/465)...
2025-11-15 16:36:53,920 - UnicodeAnalyzer - INFO - Filtrati 24 file (es. in /dist, /test).
2025-11-15 16:36:53,921 - UnicodeAnalyzer - INFO - -> Analizzando versione 1.3.1-alpha.20251022.1 (450/465)...
2025-11-15 16:36:53,922 - UnicodeAnalyzer - INFO - Filtrati 24 file (es. in /dist, /test).
2025-11-15 16:36:53,922 - UnicodeAnalyzer - INFO - -> Analizzando versione 1.3.1-alpha.20251024.1 (451/465)...
2025-11-15 16:36:53,923 - UnicodeAnalyzer - INFO - Filtrati 24 file (es. in /dist, /test).
2025-11-15 16:36:53,923 - UnicodeAnalyzer - INFO - -> Analizzando versione 1.3.1-alpha.20251028.2 (452/465)...
2025-11-15 16:36:53,924 - UnicodeAnalyzer - INFO - Filtrati 24 file (es. in /dist, /test).
2025-11-15 16:36:53,924 - UnicodeAnalyzer - INFO - -> Analizzando versione 1.3.1-alpha.20251028.5 (453/465)...
2025-11-15 16:36:53,925 - UnicodeAnalyzer - INFO - Filtrati 24 file (es. in /dist, /test).
2025-11-15 16:36:53,925 - UnicodeAnalyzer - INFO - -> Analizzando versione 1.3.1-alpha.20251028.6 (454/465)...
2025-11-15 16:36:53,926 - UnicodeAnalyzer - INFO - Filtrati 24 file (es. in /dist, /test).
2025-11-15 16:36:53,926 - UnicodeAnalyzer - INFO - -> Analizzando versione 1.3.2-alpha.20251031.2 (455/465)...
2025-11-15 16:36:53,927 - UnicodeAnalyzer - INFO - Filtrati 24 file (es. in /dist, /test).
2025-11-15 16:36:53,927 - UnicodeAnalyzer - INFO - -> Analizzando versione 1.3.2-alpha.20251103.4 (456/465)...
2025-11-15 16:36:53,928 - UnicodeAnalyzer - INFO - Filtrati 24 file (es. in /dist, /test).
2025-11-15 16:36:53,928 - UnicodeAnalyzer - INFO - -> Analizzando versione 1.3.2-alpha.20251104.1 (457/465)...
2025-11-15 16:36:53,929 - UnicodeAnalyzer - INFO - Filtrati 24 file (es. in /dist, /test).
2025-11-15 16:36:53,929 - UnicodeAnalyzer - INFO - -> Analizzando versione 1.3.2-alpha.20251105.1 (458/465)...
2025-11-15 16:36:53,930 - UnicodeAnalyzer - INFO - Filtrati 24 file (es. in /dist, /test).
2025-11-15 16:36:53,930 - UnicodeAnalyzer - INFO - -> Analizzando versione 1.3.2-alpha.20251106.4 (459/465)...
2025-11-15 16:36:53,931 - UnicodeAnalyzer - INFO - Filtrati 24 file (es. in /dist, /test).
2025-11-15 16:36:53,931 - UnicodeAnalyzer - INFO - -> Analizzando versione 1.3.2-alpha.20251107.1 (460/465)...
2025-11-15 16:36:53,932 - UnicodeAnalyzer - INFO - Filtrati 24 file (es. in /dist, /test).
2025-11-15 16:36:53,932 - UnicodeAnalyzer - INFO - -> Analizzando versione 1.3.2-alpha.20251110.1 (461/465)...
2025-11-15 16:36:53,933 - UnicodeAnalyzer - INFO - Filtrati 24 file (es. in /dist, /test).
2025-11-15 16:36:53,933 - UnicodeAnalyzer - INFO - -> Analizzando versione 1.3.2-alpha.20251111.2 (462/465)...
2025-11-15 16:36:53,934 - UnicodeAnalyzer - INFO - Filtrati 24 file (es. in /dist, /test).
2025-11-15 16:36:53,934 - UnicodeAnalyzer - INFO - -> Analizzando versione 1.3.2-alpha.20251112.1 (463/465)...
2025-11-15 16:36:53,935 - UnicodeAnalyzer - INFO - Filtrati 24 file (es. in /dist, /test).
2025-11-15 16:36:53,935 - UnicodeAnalyzer - INFO - -> Analizzando versione 1.3.2-alpha.20251113.1 (464/465)...
2025-11-15 16:36:53,936 - UnicodeAnalyzer - INFO - Filtrati 24 file (es. in /dist, /test).
2025-11-15 16:36:53,936 - UnicodeAnalyzer - INFO - -> Analizzando versione 1.3.2-alpha.20251114.1 (465/465)...
2025-11-15 16:36:53,937 - UnicodeAnalyzer - INFO - Filtrati 24 file (es. in /dist, /test).
2025-11-15 16:36:53,938 - UnicodeAnalyzer - INFO - Esportando i risultati HUT per '@azure/core-tracing' in CSV...
2025-11-15 16:36:54,744 - UnicodeAnalyzer - INFO - Report salvati in: /app/npm_hut_results/@azure_core-tracing
2025-11-15 16:36:54,745 - NPM_HUT_Analyzer - INFO - Pulizia cartella temporanea 'temp_hut/@azure_core-tracing'...
2025-11-15 16:36:55,431 - NPM_HUT_Analyzer - INFO - Pulizia completata.
