2025-10-23 07:02:19,894 - NPM_Analyzer - INFO - Fetching metadata for 'jest-message-util'...
2025-10-23 07:02:20,074 - NPM_Analyzer - INFO - Found 216 versions. Starting download into 'temp/jest-message-util'...
2025-10-23 07:04:10,914 - BlankSpaceAnalyzer - INFO - Analyzing 216 versions for '*.js' in 'jest-message-util'.
2025-10-23 07:04:10,914 - BlankSpaceAnalyzer - INFO - -> Analyzing version 0.0.0 (1/216)...
2025-10-23 07:04:10,915 - BlankSpaceAnalyzer - INFO - -> Analyzing version 18.5.0-alpha.7da3df39 (2/216)...
2025-10-23 07:04:10,977 - BlankSpaceAnalyzer - INFO - -> Analyzing version 19.0.0 (3/216)...
2025-10-23 07:04:11,016 - BlankSpaceAnalyzer - INFO - -> Analyzing version 19.1.0-alpha.eed82034 (4/216)...
2025-10-23 07:04:11,059 - BlankSpaceAnalyzer - INFO - -> Analyzing version 19.2.0-alpha.993e64af (5/216)...
2025-10-23 07:04:11,103 - BlankSpaceAnalyzer - INFO - -> Analyzing version 19.3.0-alpha.85402254 (6/216)...
2025-10-23 07:04:11,147 - BlankSpaceAnalyzer - INFO - -> Analyzing version 20.0.0 (7/216)...
2025-10-23 07:04:11,190 - BlankSpaceAnalyzer - INFO - -> Analyzing version 20.0.1 (8/216)...
2025-10-23 07:04:11,234 - BlankSpaceAnalyzer - INFO - -> Analyzing version 20.0.2 (9/216)...
2025-10-23 07:04:11,277 - BlankSpaceAnalyzer - INFO - -> Analyzing version 20.0.3 (10/216)...
2025-10-23 07:04:11,320 - BlankSpaceAnalyzer - INFO - -> Analyzing version 20.1.0-alpha.1 (11/216)...
2025-10-23 07:04:11,321 - BlankSpaceAnalyzer - INFO - -> Analyzing version 20.1.0-alpha.2 (12/216)...
2025-10-23 07:04:11,321 - BlankSpaceAnalyzer - INFO - -> Analyzing version 20.1.0-alpha.3 (13/216)...
2025-10-23 07:04:11,321 - BlankSpaceAnalyzer - INFO - -> Analyzing version 20.1.0-beta.1 (14/216)...
2025-10-23 07:04:11,322 - BlankSpaceAnalyzer - INFO - -> Analyzing version 20.1.0-chi.1 (15/216)...
2025-10-23 07:04:11,322 - BlankSpaceAnalyzer - INFO - -> Analyzing version 20.1.0-delta.1 (16/216)...
2025-10-23 07:04:11,322 - BlankSpaceAnalyzer - INFO - -> Analyzing version 20.1.0-delta.2 (17/216)...
2025-10-23 07:04:11,323 - BlankSpaceAnalyzer - INFO - -> Analyzing version 20.1.0-delta.3 (18/216)...
2025-10-23 07:04:11,323 - BlankSpaceAnalyzer - INFO - -> Analyzing version 20.1.0-delta.4 (19/216)...
2025-10-23 07:04:11,323 - BlankSpaceAnalyzer - INFO - -> Analyzing version 20.1.0-delta.5 (20/216)...
2025-10-23 07:04:11,324 - BlankSpaceAnalyzer - INFO - -> Analyzing version 20.1.0-echo.1 (21/216)...
2025-10-23 07:04:11,324 - BlankSpaceAnalyzer - INFO - -> Analyzing version 21.0.0 (22/216)...
2025-10-23 07:04:11,324 - BlankSpaceAnalyzer - INFO - -> Analyzing version 21.0.0-alpha.1 (23/216)...
2025-10-23 07:04:11,325 - BlankSpaceAnalyzer - INFO - -> Analyzing version 21.0.0-alpha.2 (24/216)...
2025-10-23 07:04:11,325 - BlankSpaceAnalyzer - INFO - -> Analyzing version 21.0.0-beta.1 (25/216)...
2025-10-23 07:04:11,325 - BlankSpaceAnalyzer - INFO - -> Analyzing version 21.0.2 (26/216)...
2025-10-23 07:04:11,326 - BlankSpaceAnalyzer - INFO - -> Analyzing version 21.1.0 (27/216)...
2025-10-23 07:04:11,326 - BlankSpaceAnalyzer - INFO - -> Analyzing version 21.2.0 (28/216)...
2025-10-23 07:04:11,326 - BlankSpaceAnalyzer - INFO - -> Analyzing version 21.2.1 (29/216)...
2025-10-23 07:04:11,327 - BlankSpaceAnalyzer - INFO - -> Analyzing version 21.3.0-alpha.1e3ee68e (30/216)...
2025-10-23 07:04:11,327 - BlankSpaceAnalyzer - INFO - -> Analyzing version 21.3.0-alpha.eff7a1cf (31/216)...
2025-10-23 07:04:11,327 - BlankSpaceAnalyzer - INFO - -> Analyzing version 21.3.0-beta.10 (32/216)...
2025-10-23 07:04:11,328 - BlankSpaceAnalyzer - INFO - -> Analyzing version 21.3.0-beta.11 (33/216)...
2025-10-23 07:04:11,328 - BlankSpaceAnalyzer - INFO - -> Analyzing version 21.3.0-beta.12 (34/216)...
2025-10-23 07:04:11,328 - BlankSpaceAnalyzer - INFO - -> Analyzing version 21.3.0-beta.13 (35/216)...
2025-10-23 07:04:11,328 - BlankSpaceAnalyzer - INFO - -> Analyzing version 21.3.0-beta.14 (36/216)...
2025-10-23 07:04:11,329 - BlankSpaceAnalyzer - INFO - -> Analyzing version 21.3.0-beta.15 (37/216)...
2025-10-23 07:04:11,329 - BlankSpaceAnalyzer - INFO - -> Analyzing version 21.3.0-beta.3 (38/216)...
2025-10-23 07:04:11,329 - BlankSpaceAnalyzer - INFO - -> Analyzing version 21.3.0-beta.4 (39/216)...
2025-10-23 07:04:11,330 - BlankSpaceAnalyzer - INFO - -> Analyzing version 21.3.0-beta.5 (40/216)...
2025-10-23 07:04:11,330 - BlankSpaceAnalyzer - INFO - -> Analyzing version 21.3.0-beta.6 (41/216)...
2025-10-23 07:04:11,330 - BlankSpaceAnalyzer - INFO - -> Analyzing version 21.3.0-beta.7 (42/216)...
2025-10-23 07:04:11,331 - BlankSpaceAnalyzer - INFO - -> Analyzing version 21.3.0-beta.8 (43/216)...
2025-10-23 07:04:11,331 - BlankSpaceAnalyzer - INFO - -> Analyzing version 21.3.0-beta.9 (44/216)...
2025-10-23 07:04:11,331 - BlankSpaceAnalyzer - INFO - -> Analyzing version 22.0.0 (45/216)...
2025-10-23 07:04:11,331 - BlankSpaceAnalyzer - INFO - -> Analyzing version 22.0.1 (46/216)...
2025-10-23 07:04:11,332 - BlankSpaceAnalyzer - INFO - -> Analyzing version 22.0.2 (47/216)...
2025-10-23 07:04:11,332 - BlankSpaceAnalyzer - INFO - -> Analyzing version 22.0.3 (48/216)...
2025-10-23 07:04:11,332 - BlankSpaceAnalyzer - INFO - -> Analyzing version 22.0.6 (49/216)...
2025-10-23 07:04:11,333 - BlankSpaceAnalyzer - INFO - -> Analyzing version 22.1.0 (50/216)...
2025-10-23 07:04:11,333 - BlankSpaceAnalyzer - INFO - -> Analyzing version 22.2.0 (51/216)...
2025-10-23 07:04:11,333 - BlankSpaceAnalyzer - INFO - -> Analyzing version 22.4.0 (52/216)...
2025-10-23 07:04:11,334 - BlankSpaceAnalyzer - INFO - -> Analyzing version 22.4.3 (53/216)...
2025-10-23 07:04:11,334 - BlankSpaceAnalyzer - INFO - -> Analyzing version 23.0.0 (54/216)...
2025-10-23 07:04:11,334 - BlankSpaceAnalyzer - INFO - -> Analyzing version 23.0.0-alpha.0 (55/216)...
2025-10-23 07:04:11,335 - BlankSpaceAnalyzer - INFO - -> Analyzing version 23.0.0-alpha.1 (56/216)...
2025-10-23 07:04:11,335 - BlankSpaceAnalyzer - INFO - -> Analyzing version 23.0.0-alpha.2 (57/216)...
2025-10-23 07:04:11,335 - BlankSpaceAnalyzer - INFO - -> Analyzing version 23.0.0-alpha.3r (58/216)...
2025-10-23 07:04:11,336 - BlankSpaceAnalyzer - INFO - -> Analyzing version 23.0.0-alpha.4 (59/216)...
2025-10-23 07:04:11,336 - BlankSpaceAnalyzer - INFO - -> Analyzing version 23.0.0-alpha.5 (60/216)...
2025-10-23 07:04:11,336 - BlankSpaceAnalyzer - INFO - -> Analyzing version 23.0.0-alpha.5r (61/216)...
2025-10-23 07:04:11,337 - BlankSpaceAnalyzer - INFO - -> Analyzing version 23.0.0-alpha.6r (62/216)...
2025-10-23 07:04:11,337 - BlankSpaceAnalyzer - INFO - -> Analyzing version 23.0.0-alpha.7 (63/216)...
2025-10-23 07:04:11,337 - BlankSpaceAnalyzer - INFO - -> Analyzing version 23.0.0-beta.0 (64/216)...
2025-10-23 07:04:11,338 - BlankSpaceAnalyzer - INFO - -> Analyzing version 23.0.0-beta.1 (65/216)...
2025-10-23 07:04:11,338 - BlankSpaceAnalyzer - INFO - -> Analyzing version 23.0.0-beta.2 (66/216)...
2025-10-23 07:04:11,338 - BlankSpaceAnalyzer - INFO - -> Analyzing version 23.0.0-beta.3r (67/216)...
2025-10-23 07:04:11,339 - BlankSpaceAnalyzer - INFO - -> Analyzing version 23.0.0-charlie.0 (68/216)...
2025-10-23 07:04:11,339 - BlankSpaceAnalyzer - INFO - -> Analyzing version 23.0.0-charlie.1 (69/216)...
2025-10-23 07:04:11,340 - BlankSpaceAnalyzer - INFO - -> Analyzing version 23.0.0-charlie.2 (70/216)...
2025-10-23 07:04:11,340 - BlankSpaceAnalyzer - INFO - -> Analyzing version 23.0.0-charlie.3 (71/216)...
2025-10-23 07:04:11,340 - BlankSpaceAnalyzer - INFO - -> Analyzing version 23.0.0-charlie.4 (72/216)...
2025-10-23 07:04:11,341 - BlankSpaceAnalyzer - INFO - -> Analyzing version 23.0.2 (73/216)...
2025-10-23 07:04:11,341 - BlankSpaceAnalyzer - INFO - -> Analyzing version 23.1.0 (74/216)...
2025-10-23 07:04:11,341 - BlankSpaceAnalyzer - INFO - -> Analyzing version 23.2.0 (75/216)...
2025-10-23 07:04:11,342 - BlankSpaceAnalyzer - INFO - -> Analyzing version 23.3.0 (76/216)...
2025-10-23 07:04:11,342 - BlankSpaceAnalyzer - INFO - -> Analyzing version 23.4.0 (77/216)...
2025-10-23 07:04:11,343 - BlankSpaceAnalyzer - INFO - -> Analyzing version 24.0.0 (78/216)...
2025-10-23 07:04:11,343 - BlankSpaceAnalyzer - INFO - -> Analyzing version 24.0.0-alpha.0 (79/216)...
2025-10-23 07:04:11,343 - BlankSpaceAnalyzer - INFO - -> Analyzing version 24.0.0-alpha.1 (80/216)...
2025-10-23 07:04:11,344 - BlankSpaceAnalyzer - INFO - -> Analyzing version 24.0.0-alpha.10 (81/216)...
2025-10-23 07:04:11,344 - BlankSpaceAnalyzer - INFO - -> Analyzing version 24.0.0-alpha.11 (82/216)...
2025-10-23 07:04:11,344 - BlankSpaceAnalyzer - INFO - -> Analyzing version 24.0.0-alpha.12 (83/216)...
2025-10-23 07:04:11,345 - BlankSpaceAnalyzer - INFO - -> Analyzing version 24.0.0-alpha.13 (84/216)...
2025-10-23 07:04:11,345 - BlankSpaceAnalyzer - INFO - -> Analyzing version 24.0.0-alpha.15 (85/216)...
2025-10-23 07:04:11,345 - BlankSpaceAnalyzer - INFO - -> Analyzing version 24.0.0-alpha.16 (86/216)...
2025-10-23 07:04:11,346 - BlankSpaceAnalyzer - INFO - -> Analyzing version 24.0.0-alpha.2 (87/216)...
2025-10-23 07:04:11,346 - BlankSpaceAnalyzer - INFO - -> Analyzing version 24.0.0-alpha.4 (88/216)...
2025-10-23 07:04:11,346 - BlankSpaceAnalyzer - INFO - -> Analyzing version 24.0.0-alpha.5 (89/216)...
2025-10-23 07:04:11,347 - BlankSpaceAnalyzer - INFO - -> Analyzing version 24.0.0-alpha.6 (90/216)...
2025-10-23 07:04:11,347 - BlankSpaceAnalyzer - INFO - -> Analyzing version 24.0.0-alpha.7 (91/216)...
2025-10-23 07:04:11,347 - BlankSpaceAnalyzer - INFO - -> Analyzing version 24.0.0-alpha.9 (92/216)...
2025-10-23 07:04:11,347 - BlankSpaceAnalyzer - INFO - -> Analyzing version 24.2.0-alpha.0 (93/216)...
2025-10-23 07:04:11,391 - BlankSpaceAnalyzer - INFO - -> Analyzing version 24.3.0 (94/216)...
2025-10-23 07:04:11,435 - BlankSpaceAnalyzer - INFO - -> Analyzing version 24.5.0 (95/216)...
2025-10-23 07:04:11,478 - BlankSpaceAnalyzer - INFO - -> Analyzing version 24.6.0 (96/216)...
2025-10-23 07:04:11,521 - BlankSpaceAnalyzer - INFO - -> Analyzing version 24.7.0 (97/216)...
2025-10-23 07:04:11,564 - BlankSpaceAnalyzer - INFO - -> Analyzing version 24.7.1 (98/216)...
2025-10-23 07:04:11,608 - BlankSpaceAnalyzer - INFO - -> Analyzing version 24.8.0 (99/216)...
2025-10-23 07:04:11,652 - BlankSpaceAnalyzer - INFO - -> Analyzing version 24.9.0 (100/216)...
2025-10-23 07:04:11,695 - BlankSpaceAnalyzer - INFO - -> Analyzing version 25.0.0 (101/216)...
2025-10-23 07:04:11,739 - BlankSpaceAnalyzer - INFO - -> Analyzing version 25.1.0 (102/216)...
2025-10-23 07:04:11,782 - BlankSpaceAnalyzer - INFO - -> Analyzing version 25.2.0 (103/216)...
2025-10-23 07:04:11,826 - BlankSpaceAnalyzer - INFO - -> Analyzing version 25.2.0-alpha.86 (104/216)...
2025-10-23 07:04:11,869 - BlankSpaceAnalyzer - INFO - -> Analyzing version 25.2.1 (105/216)...
2025-10-23 07:04:11,915 - BlankSpaceAnalyzer - INFO - -> Analyzing version 25.2.1-alpha.1 (106/216)...
2025-10-23 07:04:11,957 - BlankSpaceAnalyzer - INFO - -> Analyzing version 25.2.1-alpha.2 (107/216)...
2025-10-23 07:04:12,003 - BlankSpaceAnalyzer - INFO - -> Analyzing version 25.2.3 (108/216)...
2025-10-23 07:04:12,046 - BlankSpaceAnalyzer - INFO - -> Analyzing version 25.2.4 (109/216)...
2025-10-23 07:04:12,090 - BlankSpaceAnalyzer - INFO - -> Analyzing version 25.2.5 (110/216)...
2025-10-23 07:04:12,133 - BlankSpaceAnalyzer - INFO - -> Analyzing version 25.2.6 (111/216)...
2025-10-23 07:04:12,179 - BlankSpaceAnalyzer - INFO - -> Analyzing version 25.3.0 (112/216)...
2025-10-23 07:04:12,222 - BlankSpaceAnalyzer - INFO - -> Analyzing version 25.4.0 (113/216)...
2025-10-23 07:04:12,266 - BlankSpaceAnalyzer - INFO - -> Analyzing version 25.5.0 (114/216)...
2025-10-23 07:04:12,309 - BlankSpaceAnalyzer - INFO - -> Analyzing version 26.0.0 (115/216)...
2025-10-23 07:04:12,353 - BlankSpaceAnalyzer - INFO - -> Analyzing version 26.0.0-alpha.0 (116/216)...
2025-10-23 07:04:12,397 - BlankSpaceAnalyzer - INFO - -> Analyzing version 26.0.0-alpha.1 (117/216)...
2025-10-23 07:04:12,440 - BlankSpaceAnalyzer - INFO - -> Analyzing version 26.0.0-alpha.2 (118/216)...
2025-10-23 07:04:12,483 - BlankSpaceAnalyzer - INFO - -> Analyzing version 26.0.1 (119/216)...
2025-10-23 07:04:12,526 - BlankSpaceAnalyzer - INFO - -> Analyzing version 26.0.1-alpha.0 (120/216)...
2025-10-23 07:04:12,570 - BlankSpaceAnalyzer - INFO - -> Analyzing version 26.1.0 (121/216)...
2025-10-23 07:04:12,614 - BlankSpaceAnalyzer - INFO - -> Analyzing version 26.2.0 (122/216)...
2025-10-23 07:04:12,658 - BlankSpaceAnalyzer - INFO - -> Analyzing version 26.3.0 (123/216)...
2025-10-23 07:04:12,701 - BlankSpaceAnalyzer - INFO - -> Analyzing version 26.5.0 (124/216)...
2025-10-23 07:04:12,744 - BlankSpaceAnalyzer - INFO - -> Analyzing version 26.5.2 (125/216)...
2025-10-23 07:04:12,788 - BlankSpaceAnalyzer - INFO - -> Analyzing version 26.6.0 (126/216)...
2025-10-23 07:04:12,832 - BlankSpaceAnalyzer - INFO - -> Analyzing version 26.6.1 (127/216)...
2025-10-23 07:04:12,876 - BlankSpaceAnalyzer - INFO - -> Analyzing version 26.6.2 (128/216)...
2025-10-23 07:04:12,921 - BlankSpaceAnalyzer - INFO - -> Analyzing version 27.0.0 (129/216)...
2025-10-23 07:04:12,964 - BlankSpaceAnalyzer - INFO - -> Analyzing version 27.0.0-next.0 (130/216)...
2025-10-23 07:04:13,007 - BlankSpaceAnalyzer - INFO - -> Analyzing version 27.0.0-next.1 (131/216)...
2025-10-23 07:04:13,052 - BlankSpaceAnalyzer - INFO - -> Analyzing version 27.0.0-next.10 (132/216)...
2025-10-23 07:04:13,096 - BlankSpaceAnalyzer - INFO - -> Analyzing version 27.0.0-next.11 (133/216)...
2025-10-23 07:04:13,142 - BlankSpaceAnalyzer - INFO - -> Analyzing version 27.0.0-next.3 (134/216)...
2025-10-23 07:04:13,185 - BlankSpaceAnalyzer - INFO - -> Analyzing version 27.0.0-next.5 (135/216)...
2025-10-23 07:04:13,229 - BlankSpaceAnalyzer - INFO - -> Analyzing version 27.0.0-next.6 (136/216)...
2025-10-23 07:04:13,272 - BlankSpaceAnalyzer - INFO - -> Analyzing version 27.0.0-next.7 (137/216)...
2025-10-23 07:04:13,319 - BlankSpaceAnalyzer - INFO - -> Analyzing version 27.0.0-next.8 (138/216)...
2025-10-23 07:04:13,362 - BlankSpaceAnalyzer - INFO - -> Analyzing version 27.0.0-next.9 (139/216)...
2025-10-23 07:04:13,406 - BlankSpaceAnalyzer - INFO - -> Analyzing version 27.0.1 (140/216)...
2025-10-23 07:04:13,449 - BlankSpaceAnalyzer - INFO - -> Analyzing version 27.0.2 (141/216)...
2025-10-23 07:04:13,493 - BlankSpaceAnalyzer - INFO - -> Analyzing version 27.0.6 (142/216)...
2025-10-23 07:04:13,537 - BlankSpaceAnalyzer - INFO - -> Analyzing version 27.1.0 (143/216)...
2025-10-23 07:04:13,582 - BlankSpaceAnalyzer - INFO - -> Analyzing version 27.1.1 (144/216)...
2025-10-23 07:04:13,625 - BlankSpaceAnalyzer - INFO - -> Analyzing version 27.2.0 (145/216)...
2025-10-23 07:04:13,670 - BlankSpaceAnalyzer - INFO - -> Analyzing version 27.2.2 (146/216)...
2025-10-23 07:04:13,713 - BlankSpaceAnalyzer - INFO - -> Analyzing version 27.2.3 (147/216)...
2025-10-23 07:04:13,757 - BlankSpaceAnalyzer - INFO - -> Analyzing version 27.2.4 (148/216)...
2025-10-23 07:04:13,801 - BlankSpaceAnalyzer - INFO - -> Analyzing version 27.2.5 (149/216)...
2025-10-23 07:04:13,845 - BlankSpaceAnalyzer - INFO - -> Analyzing version 27.3.0 (150/216)...
2025-10-23 07:04:13,888 - BlankSpaceAnalyzer - INFO - -> Analyzing version 27.3.1 (151/216)...
2025-10-23 07:04:13,932 - BlankSpaceAnalyzer - INFO - -> Analyzing version 27.4.0 (152/216)...
2025-10-23 07:04:13,976 - BlankSpaceAnalyzer - INFO - -> Analyzing version 27.4.1 (153/216)...
2025-10-23 07:04:14,019 - BlankSpaceAnalyzer - INFO - -> Analyzing version 27.4.2 (154/216)...
2025-10-23 07:04:14,062 - BlankSpaceAnalyzer - INFO - -> Analyzing version 27.4.6 (155/216)...
2025-10-23 07:04:14,106 - BlankSpaceAnalyzer - INFO - -> Analyzing version 27.5.0 (156/216)...
2025-10-23 07:04:14,149 - BlankSpaceAnalyzer - INFO - -> Analyzing version 27.5.1 (157/216)...
2025-10-23 07:04:14,193 - BlankSpaceAnalyzer - INFO - -> Analyzing version 28.0.0 (158/216)...
2025-10-23 07:04:14,237 - BlankSpaceAnalyzer - INFO - -> Analyzing version 28.0.0-alpha.0 (159/216)...
2025-10-23 07:04:14,280 - BlankSpaceAnalyzer - INFO - -> Analyzing version 28.0.0-alpha.1 (160/216)...
2025-10-23 07:04:14,324 - BlankSpaceAnalyzer - INFO - -> Analyzing version 28.0.0-alpha.2 (161/216)...
2025-10-23 07:04:14,367 - BlankSpaceAnalyzer - INFO - -> Analyzing version 28.0.0-alpha.3 (162/216)...
2025-10-23 07:04:14,411 - BlankSpaceAnalyzer - INFO - -> Analyzing version 28.0.0-alpha.4 (163/216)...
2025-10-23 07:04:14,454 - BlankSpaceAnalyzer - INFO - -> Analyzing version 28.0.0-alpha.5 (164/216)...
2025-10-23 07:04:14,498 - BlankSpaceAnalyzer - INFO - -> Analyzing version 28.0.0-alpha.6 (165/216)...
2025-10-23 07:04:14,542 - BlankSpaceAnalyzer - INFO - -> Analyzing version 28.0.0-alpha.7 (166/216)...
2025-10-23 07:04:14,585 - BlankSpaceAnalyzer - INFO - -> Analyzing version 28.0.0-alpha.8 (167/216)...
2025-10-23 07:04:14,629 - BlankSpaceAnalyzer - INFO - -> Analyzing version 28.0.0-alpha.9 (168/216)...
2025-10-23 07:04:14,672 - BlankSpaceAnalyzer - INFO - -> Analyzing version 28.0.1 (169/216)...
2025-10-23 07:04:14,716 - BlankSpaceAnalyzer - INFO - -> Analyzing version 28.0.2 (170/216)...
2025-10-23 07:04:14,759 - BlankSpaceAnalyzer - INFO - -> Analyzing version 28.1.0 (171/216)...
2025-10-23 07:04:14,802 - BlankSpaceAnalyzer - INFO - -> Analyzing version 28.1.1 (172/216)...
2025-10-23 07:04:14,846 - BlankSpaceAnalyzer - INFO - -> Analyzing version 28.1.3 (173/216)...
2025-10-23 07:04:14,889 - BlankSpaceAnalyzer - INFO - -> Analyzing version 29.0.0 (174/216)...
2025-10-23 07:04:14,933 - BlankSpaceAnalyzer - INFO - -> Analyzing version 29.0.0-alpha.0 (175/216)...
2025-10-23 07:04:14,976 - BlankSpaceAnalyzer - INFO - -> Analyzing version 29.0.0-alpha.1 (176/216)...
2025-10-23 07:04:15,020 - BlankSpaceAnalyzer - INFO - -> Analyzing version 29.0.0-alpha.3 (177/216)...
2025-10-23 07:04:15,063 - BlankSpaceAnalyzer - INFO - -> Analyzing version 29.0.0-alpha.4 (178/216)...
2025-10-23 07:04:15,107 - BlankSpaceAnalyzer - INFO - -> Analyzing version 29.0.0-alpha.6 (179/216)...
2025-10-23 07:04:15,151 - BlankSpaceAnalyzer - INFO - -> Analyzing version 29.0.1 (180/216)...
2025-10-23 07:04:15,197 - BlankSpaceAnalyzer - INFO - -> Analyzing version 29.0.2 (181/216)...
2025-10-23 07:04:15,240 - BlankSpaceAnalyzer - INFO - -> Analyzing version 29.0.3 (182/216)...
2025-10-23 07:04:15,284 - BlankSpaceAnalyzer - INFO - -> Analyzing version 29.1.0 (183/216)...
2025-10-23 07:04:15,327 - BlankSpaceAnalyzer - INFO - -> Analyzing version 29.1.2 (184/216)...
2025-10-23 07:04:15,370 - BlankSpaceAnalyzer - INFO - -> Analyzing version 29.2.0 (185/216)...
2025-10-23 07:04:15,414 - BlankSpaceAnalyzer - INFO - -> Analyzing version 29.2.1 (186/216)...
2025-10-23 07:04:15,458 - BlankSpaceAnalyzer - INFO - -> Analyzing version 29.3.1 (187/216)...
2025-10-23 07:04:15,501 - BlankSpaceAnalyzer - INFO - -> Analyzing version 29.4.0 (188/216)...
2025-10-23 07:04:15,545 - BlankSpaceAnalyzer - INFO - -> Analyzing version 29.4.1 (189/216)...
2025-10-23 07:04:15,588 - BlankSpaceAnalyzer - INFO - -> Analyzing version 29.4.2 (190/216)...
2025-10-23 07:04:15,632 - BlankSpaceAnalyzer - INFO - -> Analyzing version 29.4.3 (191/216)...
2025-10-23 07:04:15,675 - BlankSpaceAnalyzer - INFO - -> Analyzing version 29.5.0 (192/216)...
2025-10-23 07:04:15,719 - BlankSpaceAnalyzer - INFO - -> Analyzing version 29.6.0 (193/216)...
2025-10-23 07:04:15,762 - BlankSpaceAnalyzer - INFO - -> Analyzing version 29.6.1 (194/216)...
2025-10-23 07:04:15,806 - BlankSpaceAnalyzer - INFO - -> Analyzing version 29.6.2 (195/216)...
2025-10-23 07:04:15,850 - BlankSpaceAnalyzer - INFO - -> Analyzing version 29.6.3 (196/216)...
2025-10-23 07:04:15,894 - BlankSpaceAnalyzer - INFO - -> Analyzing version 29.7.0 (197/216)...
2025-10-23 07:04:15,938 - BlankSpaceAnalyzer - INFO - -> Analyzing version 30.0.0 (198/216)...
2025-10-23 07:04:15,938 - BlankSpaceAnalyzer - INFO - -> Analyzing version 30.0.0-alpha.1 (199/216)...
2025-10-23 07:04:15,939 - BlankSpaceAnalyzer - INFO - -> Analyzing version 30.0.0-alpha.2 (200/216)...
2025-10-23 07:04:15,939 - BlankSpaceAnalyzer - INFO - -> Analyzing version 30.0.0-alpha.3 (201/216)...
2025-10-23 07:04:15,940 - BlankSpaceAnalyzer - INFO - -> Analyzing version 30.0.0-alpha.4 (202/216)...
2025-10-23 07:04:15,940 - BlankSpaceAnalyzer - INFO - -> Analyzing version 30.0.0-alpha.5 (203/216)...
2025-10-23 07:04:15,940 - BlankSpaceAnalyzer - INFO - -> Analyzing version 30.0.0-alpha.6 (204/216)...
2025-10-23 07:04:15,941 - BlankSpaceAnalyzer - INFO - -> Analyzing version 30.0.0-alpha.7 (205/216)...
2025-10-23 07:04:15,941 - BlankSpaceAnalyzer - INFO - -> Analyzing version 30.0.0-beta.3 (206/216)...
2025-10-23 07:04:15,941 - BlankSpaceAnalyzer - INFO - -> Analyzing version 30.0.0-beta.4 (207/216)...
2025-10-23 07:04:15,942 - BlankSpaceAnalyzer - INFO - -> Analyzing version 30.0.0-beta.6 (208/216)...
2025-10-23 07:04:15,942 - BlankSpaceAnalyzer - INFO - -> Analyzing version 30.0.0-beta.7 (209/216)...
2025-10-23 07:04:15,942 - BlankSpaceAnalyzer - INFO - -> Analyzing version 30.0.0-beta.8 (210/216)...
2025-10-23 07:04:15,943 - BlankSpaceAnalyzer - INFO - -> Analyzing version 30.0.0-rc.1 (211/216)...
2025-10-23 07:04:15,943 - BlankSpaceAnalyzer - INFO - -> Analyzing version 30.0.1 (212/216)...
2025-10-23 07:04:15,944 - BlankSpaceAnalyzer - INFO - -> Analyzing version 30.0.2 (213/216)...
2025-10-23 07:04:15,944 - BlankSpaceAnalyzer - INFO - -> Analyzing version 30.0.5 (214/216)...
2025-10-23 07:04:15,944 - BlankSpaceAnalyzer - INFO - -> Analyzing version 30.1.0 (215/216)...
2025-10-23 07:04:15,945 - BlankSpaceAnalyzer - INFO - -> Analyzing version 30.2.0 (216/216)...
2025-10-23 07:04:15,946 - BlankSpaceAnalyzer - INFO - Exporting results for 'jest-message-util' to CSV...
2025-10-23 07:04:16,147 - BlankSpaceAnalyzer - INFO - Reports saved in: /app/npm_results/jest-message-util
2025-10-23 07:04:16,147 - NPM_Analyzer - INFO - Cleaning temporary folder 'temp/jest-message-util'...
2025-10-23 07:04:16,183 - NPM_Analyzer - INFO - Cleanup completed.
