2025-10-25 19:29:13,817 - NPM_Analyzer - INFO - Fetching metadata for 'echarts'...
2025-10-25 19:29:13,970 - NPM_Analyzer - INFO - Found 114 versions. Starting download into 'temp/echarts'...
2025-10-25 19:32:36,577 - BlankSpaceAnalyzer - INFO - Analyzing 114 versions for '*.js' in 'echarts'.
2025-10-25 19:32:36,577 - BlankSpaceAnalyzer - INFO - -> Analyzing version 2.2.1-amd-beta1 (1/114)...
2025-10-25 19:32:36,701 - BlankSpaceAnalyzer - INFO - -> Analyzing version 2.2.7-amd-beta1 (2/114)...
2025-10-25 19:32:36,811 - BlankSpaceAnalyzer - INFO - -> Analyzing version 2.2.7-amd-beta2 (3/114)...
2025-10-25 19:32:36,920 - BlankSpaceAnalyzer - INFO - -> Analyzing version 2.2.7-beta7 (4/114)...
2025-10-25 19:32:37,002 - BlankSpaceAnalyzer - INFO - -> Analyzing version 2.2.8 (5/114)...
2025-10-25 19:32:37,088 - BlankSpaceAnalyzer - INFO - -> Analyzing version 3.0.0 (6/114)...
2025-10-25 19:32:37,189 - BlankSpaceAnalyzer - INFO - -> Analyzing version 3.0.0-beta1 (7/114)...
2025-10-25 19:32:37,288 - BlankSpaceAnalyzer - INFO - -> Analyzing version 3.0.0-beta2 (8/114)...
2025-10-25 19:32:37,388 - BlankSpaceAnalyzer - INFO - -> Analyzing version 3.0.0-beta3 (9/114)...
2025-10-25 19:32:37,479 - BlankSpaceAnalyzer - INFO - -> Analyzing version 3.0.0-beta4 (10/114)...
2025-10-25 19:32:37,577 - BlankSpaceAnalyzer - INFO - -> Analyzing version 3.0.1 (11/114)...
2025-10-25 19:32:37,681 - BlankSpaceAnalyzer - INFO - -> Analyzing version 3.0.2-beta1 (12/114)...
2025-10-25 19:32:37,791 - BlankSpaceAnalyzer - INFO - -> Analyzing version 3.0.2-beta2 (13/114)...
2025-10-25 19:32:37,891 - BlankSpaceAnalyzer - INFO - -> Analyzing version 3.0.2-beta3 (14/114)...
2025-10-25 19:32:37,998 - BlankSpaceAnalyzer - INFO - -> Analyzing version 3.1.1 (15/114)...
2025-10-25 19:32:38,116 - BlankSpaceAnalyzer - INFO - -> Analyzing version 3.1.10 (16/114)...
2025-10-25 19:32:38,237 - BlankSpaceAnalyzer - INFO - -> Analyzing version 3.1.2 (17/114)...
2025-10-25 19:32:38,364 - BlankSpaceAnalyzer - INFO - -> Analyzing version 3.1.3 (18/114)...
2025-10-25 19:32:38,496 - BlankSpaceAnalyzer - INFO - -> Analyzing version 3.1.4 (19/114)...
2025-10-25 19:32:38,617 - BlankSpaceAnalyzer - INFO - -> Analyzing version 3.1.5 (20/114)...
2025-10-25 19:32:38,738 - BlankSpaceAnalyzer - INFO - -> Analyzing version 3.1.6 (21/114)...
2025-10-25 19:32:38,869 - BlankSpaceAnalyzer - INFO - -> Analyzing version 3.1.7 (22/114)...
2025-10-25 19:32:39,000 - BlankSpaceAnalyzer - INFO - -> Analyzing version 3.1.8 (23/114)...
2025-10-25 19:32:39,129 - BlankSpaceAnalyzer - INFO - -> Analyzing version 3.1.9 (24/114)...
2025-10-25 19:32:39,270 - BlankSpaceAnalyzer - INFO - -> Analyzing version 3.2.0 (25/114)...
2025-10-25 19:32:39,397 - BlankSpaceAnalyzer - INFO - -> Analyzing version 3.2.1 (26/114)...
2025-10-25 19:32:39,524 - BlankSpaceAnalyzer - INFO - -> Analyzing version 3.2.2 (27/114)...
2025-10-25 19:32:39,651 - BlankSpaceAnalyzer - INFO - -> Analyzing version 3.2.3 (28/114)...
2025-10-25 19:32:39,788 - BlankSpaceAnalyzer - INFO - -> Analyzing version 3.3.0 (29/114)...
2025-10-25 19:32:39,918 - BlankSpaceAnalyzer - INFO - -> Analyzing version 3.3.1 (30/114)...
2025-10-25 19:32:40,050 - BlankSpaceAnalyzer - INFO - -> Analyzing version 3.3.2 (31/114)...
2025-10-25 19:32:40,181 - BlankSpaceAnalyzer - INFO - -> Analyzing version 3.4.0 (32/114)...
2025-10-25 19:32:40,314 - BlankSpaceAnalyzer - INFO - -> Analyzing version 3.5.0 (33/114)...
2025-10-25 19:32:40,450 - BlankSpaceAnalyzer - INFO - -> Analyzing version 3.5.1 (34/114)...
2025-10-25 19:32:40,587 - BlankSpaceAnalyzer - INFO - -> Analyzing version 3.5.2 (35/114)...
2025-10-25 19:32:40,723 - BlankSpaceAnalyzer - INFO - -> Analyzing version 3.5.3 (36/114)...
2025-10-25 19:32:40,861 - BlankSpaceAnalyzer - INFO - -> Analyzing version 3.5.4 (37/114)...
2025-10-25 19:32:41,005 - BlankSpaceAnalyzer - INFO - -> Analyzing version 3.6.0 (38/114)...
2025-10-25 19:32:41,140 - BlankSpaceAnalyzer - INFO - -> Analyzing version 3.6.1 (39/114)...
2025-10-25 19:32:41,277 - BlankSpaceAnalyzer - INFO - -> Analyzing version 3.6.2 (40/114)...
2025-10-25 19:32:41,429 - BlankSpaceAnalyzer - INFO - -> Analyzing version 3.7.0 (41/114)...
2025-10-25 19:32:41,570 - BlankSpaceAnalyzer - INFO - -> Analyzing version 3.7.1 (42/114)...
2025-10-25 19:32:41,719 - BlankSpaceAnalyzer - INFO - -> Analyzing version 3.7.2 (43/114)...
2025-10-25 19:32:41,876 - BlankSpaceAnalyzer - INFO - -> Analyzing version 3.8.0 (44/114)...
2025-10-25 19:32:42,025 - BlankSpaceAnalyzer - INFO - -> Analyzing version 3.8.1 (45/114)...
2025-10-25 19:32:42,166 - BlankSpaceAnalyzer - INFO - -> Analyzing version 3.8.2 (46/114)...
2025-10-25 19:32:42,315 - BlankSpaceAnalyzer - INFO - -> Analyzing version 3.8.3 (47/114)...
2025-10-25 19:32:42,457 - BlankSpaceAnalyzer - INFO - -> Analyzing version 3.8.4 (48/114)...
2025-10-25 19:32:42,615 - BlankSpaceAnalyzer - INFO - -> Analyzing version 3.8.5 (49/114)...
2025-10-25 19:32:42,765 - BlankSpaceAnalyzer - INFO - -> Analyzing version 4.0.0 (50/114)...
2025-10-25 19:32:42,921 - BlankSpaceAnalyzer - INFO - -> Analyzing version 4.0.1 (51/114)...
2025-10-25 19:32:43,067 - BlankSpaceAnalyzer - INFO - -> Analyzing version 4.0.2 (52/114)...
2025-10-25 19:32:43,222 - BlankSpaceAnalyzer - INFO - -> Analyzing version 4.0.3 (53/114)...
2025-10-25 19:32:43,371 - BlankSpaceAnalyzer - INFO - -> Analyzing version 4.0.4 (54/114)...
2025-10-25 19:32:43,537 - BlankSpaceAnalyzer - INFO - -> Analyzing version 4.1.0 (55/114)...
2025-10-25 19:32:43,694 - BlankSpaceAnalyzer - INFO - -> Analyzing version 4.2.0-rc.1 (56/114)...
2025-10-25 19:32:43,850 - BlankSpaceAnalyzer - INFO - -> Analyzing version 4.2.0-rc.2 (57/114)...
2025-10-25 19:32:44,016 - BlankSpaceAnalyzer - INFO - -> Analyzing version 4.2.1 (58/114)...
2025-10-25 19:32:44,172 - BlankSpaceAnalyzer - INFO - -> Analyzing version 4.2.1-rc.1 (59/114)...
2025-10-25 19:32:44,355 - BlankSpaceAnalyzer - INFO - -> Analyzing version 4.2.1-rc.2 (60/114)...
2025-10-25 19:32:44,524 - BlankSpaceAnalyzer - INFO - -> Analyzing version 4.2.1-rc.3 (61/114)...
2025-10-25 19:32:44,681 - BlankSpaceAnalyzer - INFO - -> Analyzing version 4.3.0 (62/114)...
2025-10-25 19:32:44,840 - BlankSpaceAnalyzer - INFO - -> Analyzing version 4.3.0-rc.1 (63/114)...
2025-10-25 19:32:45,002 - BlankSpaceAnalyzer - INFO - -> Analyzing version 4.3.0-rc.2 (64/114)...
2025-10-25 19:32:45,166 - BlankSpaceAnalyzer - INFO - -> Analyzing version 4.4.0 (65/114)...
2025-10-25 19:32:45,351 - BlankSpaceAnalyzer - INFO - -> Analyzing version 4.4.0-rc.1 (66/114)...
2025-10-25 19:32:45,511 - BlankSpaceAnalyzer - INFO - -> Analyzing version 4.5.0 (67/114)...
2025-10-25 19:32:45,669 - BlankSpaceAnalyzer - INFO - -> Analyzing version 4.5.0-rc.1 (68/114)...
2025-10-25 19:32:45,836 - BlankSpaceAnalyzer - INFO - -> Analyzing version 4.5.0-rc.2 (69/114)...
2025-10-25 19:32:45,994 - BlankSpaceAnalyzer - INFO - -> Analyzing version 4.6.0 (70/114)...
2025-10-25 19:32:46,159 - BlankSpaceAnalyzer - INFO - -> Analyzing version 4.7.0 (71/114)...
2025-10-25 19:32:46,368 - BlankSpaceAnalyzer - INFO - -> Analyzing version 4.8.0 (72/114)...
2025-10-25 19:32:46,575 - BlankSpaceAnalyzer - INFO - -> Analyzing version 4.9.0 (73/114)...
2025-10-25 19:32:46,774 - BlankSpaceAnalyzer - INFO - -> Analyzing version 5.0.0 (74/114)...
2025-10-25 19:32:46,937 - BlankSpaceAnalyzer - INFO - -> Analyzing version 5.0.0-alpha.1 (75/114)...
2025-10-25 19:32:47,077 - BlankSpaceAnalyzer - INFO - -> Analyzing version 5.0.0-alpha.2 (76/114)...
2025-10-25 19:32:47,230 - BlankSpaceAnalyzer - INFO - -> Analyzing version 5.0.0-beta.1 (77/114)...
2025-10-25 19:32:47,378 - BlankSpaceAnalyzer - INFO - -> Analyzing version 5.0.0-beta.2 (78/114)...
2025-10-25 19:32:47,508 - BlankSpaceAnalyzer - INFO - -> Analyzing version 5.0.0-rc.1 (79/114)...
2025-10-25 19:32:47,676 - BlankSpaceAnalyzer - INFO - -> Analyzing version 5.0.1 (80/114)...
2025-10-25 19:32:47,839 - BlankSpaceAnalyzer - INFO - -> Analyzing version 5.0.2 (81/114)...
2025-10-25 19:32:48,007 - BlankSpaceAnalyzer - INFO - -> Analyzing version 5.1.0 (82/114)...
2025-10-25 19:32:48,178 - BlankSpaceAnalyzer - INFO - -> Analyzing version 5.1.1 (83/114)...
2025-10-25 19:32:48,352 - BlankSpaceAnalyzer - INFO - -> Analyzing version 5.1.2 (84/114)...
2025-10-25 19:32:48,531 - BlankSpaceAnalyzer - INFO - -> Analyzing version 5.2.0 (85/114)...
2025-10-25 19:32:48,687 - BlankSpaceAnalyzer - INFO - -> Analyzing version 5.2.1 (86/114)...
2025-10-25 19:32:48,847 - BlankSpaceAnalyzer - INFO - -> Analyzing version 5.2.2 (87/114)...
2025-10-25 19:32:49,008 - BlankSpaceAnalyzer - INFO - -> Analyzing version 5.3.0 (88/114)...
2025-10-25 19:32:49,165 - BlankSpaceAnalyzer - INFO - -> Analyzing version 5.3.0-rc.1 (89/114)...
2025-10-25 19:32:49,321 - BlankSpaceAnalyzer - INFO - -> Analyzing version 5.3.1 (90/114)...
2025-10-25 19:32:49,479 - BlankSpaceAnalyzer - INFO - -> Analyzing version 5.3.1-rc.1 (91/114)...
2025-10-25 19:32:49,646 - BlankSpaceAnalyzer - INFO - -> Analyzing version 5.3.2 (92/114)...
2025-10-25 19:32:49,824 - BlankSpaceAnalyzer - INFO - -> Analyzing version 5.3.2-rc.1 (93/114)...
2025-10-25 19:32:49,989 - BlankSpaceAnalyzer - INFO - -> Analyzing version 5.3.3 (94/114)...
2025-10-25 19:32:50,156 - BlankSpaceAnalyzer - INFO - -> Analyzing version 5.3.3-rc.1 (95/114)...
2025-10-25 19:32:50,328 - BlankSpaceAnalyzer - INFO - -> Analyzing version 5.4.0 (96/114)...
2025-10-25 19:32:50,487 - BlankSpaceAnalyzer - INFO - -> Analyzing version 5.4.0-rc.1 (97/114)...
2025-10-25 19:32:50,644 - BlankSpaceAnalyzer - INFO - -> Analyzing version 5.4.1 (98/114)...
2025-10-25 19:32:50,801 - BlankSpaceAnalyzer - INFO - -> Analyzing version 5.4.1-rc.1 (99/114)...
2025-10-25 19:32:50,956 - BlankSpaceAnalyzer - INFO - -> Analyzing version 5.4.2 (100/114)...
2025-10-25 19:32:51,124 - BlankSpaceAnalyzer - INFO - -> Analyzing version 5.4.2-rc.1 (101/114)...
2025-10-25 19:32:51,278 - BlankSpaceAnalyzer - INFO - -> Analyzing version 5.4.3 (102/114)...
2025-10-25 19:32:51,447 - BlankSpaceAnalyzer - INFO - -> Analyzing version 5.4.3-rc.1 (103/114)...
2025-10-25 19:32:51,619 - BlankSpaceAnalyzer - INFO - -> Analyzing version 5.5.0 (104/114)...
2025-10-25 19:32:51,776 - BlankSpaceAnalyzer - INFO - -> Analyzing version 5.5.0-rc.1 (105/114)...
2025-10-25 19:32:51,930 - BlankSpaceAnalyzer - INFO - -> Analyzing version 5.5.0-rc.2 (106/114)...
2025-10-25 19:32:52,089 - BlankSpaceAnalyzer - INFO - -> Analyzing version 5.5.1 (107/114)...
2025-10-25 19:32:52,246 - BlankSpaceAnalyzer - INFO - -> Analyzing version 5.5.1-rc.1 (108/114)...
2025-10-25 19:32:52,400 - BlankSpaceAnalyzer - INFO - -> Analyzing version 5.6.0 (109/114)...
2025-10-25 19:32:52,553 - BlankSpaceAnalyzer - INFO - -> Analyzing version 5.6.0-rc.1 (110/114)...
2025-10-25 19:32:52,709 - BlankSpaceAnalyzer - INFO - -> Analyzing version 6.0.0 (111/114)...
2025-10-25 19:32:52,889 - BlankSpaceAnalyzer - INFO - -> Analyzing version 6.0.0-beta.1 (112/114)...
2025-10-25 19:32:53,068 - BlankSpaceAnalyzer - INFO - -> Analyzing version 6.0.0-rc.1 (113/114)...
2025-10-25 19:32:53,252 - BlankSpaceAnalyzer - INFO - -> Analyzing version 6.0.0-rc.2 (114/114)...
2025-10-25 19:32:53,432 - BlankSpaceAnalyzer - INFO - Exporting results for 'echarts' to CSV...
2025-10-25 19:32:54,221 - BlankSpaceAnalyzer - INFO - Reports saved in: /app/npm_results/echarts
2025-10-25 19:32:54,223 - NPM_Analyzer - INFO - Cleaning temporary folder 'temp/echarts'...
2025-10-25 19:32:56,737 - NPM_Analyzer - INFO - Cleanup completed.
